[2022-09-04T03:51:21.216+0000][107][gc] Using Concurrent Mark Sweep
[2022-09-04T03:51:21.220+0000][107][gc,heap,coops] Heap address: 0x00000000e0000000, size: 512 MB, Compressed Oops mode: 32-bit
[2022-09-04T03:51:21.866+0000][107][safepoint    ] Safepoint "EnableBiasedLocking", Time since last: 436290709 ns, Reaching safepoint: 4771000 ns, At safepoint: 876500 ns, Total: 5647500 ns
[2022-09-04T03:51:21.891+0000][107][gc,heap,exit ] Heap
[2022-09-04T03:51:21.893+0000][107][gc,heap,exit ]  par new generation   total 157248K, used 5591K [0x00000000e0000000, 0x00000000eaaa0000, 0x00000000eaaa0000)
[2022-09-04T03:51:21.895+0000][107][gc,heap,exit ]   eden space 139776K,   4% used [0x00000000e0000000, 0x00000000e0575da0, 0x00000000e8880000)
[2022-09-04T03:51:21.896+0000][107][gc,heap,exit ]   from space 17472K,   0% used [0x00000000e8880000, 0x00000000e8880000, 0x00000000e9990000)
[2022-09-04T03:51:21.897+0000][107][gc,heap,exit ]   to   space 17472K,   0% used [0x00000000e9990000, 0x00000000e9990000, 0x00000000eaaa0000)
[2022-09-04T03:51:21.899+0000][107][gc,heap,exit ]  concurrent mark-sweep generation total 349568K, used 0K [0x00000000eaaa0000, 0x0000000100000000, 0x0000000100000000)
[2022-09-04T03:51:21.901+0000][107][gc,heap,exit ]  Metaspace       used 159K, capacity 4480K, committed 4480K, reserved 1056768K
[2022-09-04T03:51:21.903+0000][107][gc,heap,exit ]   class space    used 7K, capacity 384K, committed 384K, reserved 1048576K
