[2022-09-03T23:55:57.238+0000][107][gc] Using Concurrent Mark Sweep
[2022-09-03T23:55:57.242+0000][107][gc,heap,coops] Heap address: 0x00000000e0000000, size: 512 MB, Compressed Oops mode: 32-bit
[2022-09-03T23:55:57.915+0000][107][safepoint    ] Safepoint "EnableBiasedLocking", Time since last: 458103459 ns, Reaching safepoint: 6347166 ns, At safepoint: 3019084 ns, Total: 9366250 ns
[2022-09-03T23:55:57.940+0000][107][gc,heap,exit ] Heap
[2022-09-03T23:55:57.942+0000][107][gc,heap,exit ]  par new generation   total 157248K, used 5591K [0x00000000e0000000, 0x00000000eaaa0000, 0x00000000eaaa0000)
[2022-09-03T23:55:57.944+0000][107][gc,heap,exit ]   eden space 139776K,   4% used [0x00000000e0000000, 0x00000000e0575da0, 0x00000000e8880000)
[2022-09-03T23:55:57.945+0000][107][gc,heap,exit ]   from space 17472K,   0% used [0x00000000e8880000, 0x00000000e8880000, 0x00000000e9990000)
[2022-09-03T23:55:57.946+0000][107][gc,heap,exit ]   to   space 17472K,   0% used [0x00000000e9990000, 0x00000000e9990000, 0x00000000eaaa0000)
[2022-09-03T23:55:57.948+0000][107][gc,heap,exit ]  concurrent mark-sweep generation total 349568K, used 0K [0x00000000eaaa0000, 0x0000000100000000, 0x0000000100000000)
[2022-09-03T23:55:57.949+0000][107][gc,heap,exit ]  Metaspace       used 159K, capacity 4480K, committed 4480K, reserved 1056768K
[2022-09-03T23:55:57.950+0000][107][gc,heap,exit ]   class space    used 7K, capacity 384K, committed 384K, reserved 1048576K
