[2022-09-04T00:06:57.386+0000][107][gc] Using Concurrent Mark Sweep
[2022-09-04T00:06:57.391+0000][107][gc,heap,coops] Heap address: 0x00000000e0000000, size: 512 MB, Compressed Oops mode: 32-bit
[2022-09-04T00:06:58.050+0000][107][safepoint    ] Safepoint "EnableBiasedLocking", Time since last: 440318083 ns, Reaching safepoint: 8386834 ns, At safepoint: 1135166 ns, Total: 9522000 ns
[2022-09-04T00:06:58.080+0000][107][gc,heap,exit ] Heap
[2022-09-04T00:06:58.082+0000][107][gc,heap,exit ]  par new generation   total 157248K, used 5591K [0x00000000e0000000, 0x00000000eaaa0000, 0x00000000eaaa0000)
[2022-09-04T00:06:58.084+0000][107][gc,heap,exit ]   eden space 139776K,   4% used [0x00000000e0000000, 0x00000000e0575da0, 0x00000000e8880000)
[2022-09-04T00:06:58.086+0000][107][gc,heap,exit ]   from space 17472K,   0% used [0x00000000e8880000, 0x00000000e8880000, 0x00000000e9990000)
[2022-09-04T00:06:58.087+0000][107][gc,heap,exit ]   to   space 17472K,   0% used [0x00000000e9990000, 0x00000000e9990000, 0x00000000eaaa0000)
[2022-09-04T00:06:58.089+0000][107][gc,heap,exit ]  concurrent mark-sweep generation total 349568K, used 0K [0x00000000eaaa0000, 0x0000000100000000, 0x0000000100000000)
[2022-09-04T00:06:58.091+0000][107][gc,heap,exit ]  Metaspace       used 158K, capacity 4480K, committed 4480K, reserved 1056768K
[2022-09-04T00:06:58.092+0000][107][gc,heap,exit ]   class space    used 7K, capacity 384K, committed 384K, reserved 1048576K
