[2022-09-04T00:19:21.493+0000][1][gc] Using Concurrent Mark Sweep
[2022-09-04T00:19:21.498+0000][1][gc,heap,coops] Heap address: 0x00000000e0000000, size: 512 MB, Compressed Oops mode: 32-bit
[2022-09-04T00:19:22.137+0000][1][safepoint    ] Safepoint "EnableBiasedLocking", Time since last: 454750584 ns, Reaching safepoint: 10787041 ns, At safepoint: 1038250 ns, Total: 11825291 ns
[2022-09-04T00:19:22.174+0000][1][safepoint    ] Safepoint "RevokeBias", Time since last: 32179292 ns, Reaching safepoint: 355500 ns, At safepoint: 4422333 ns, Total: 4777833 ns
[2022-09-04T00:19:22.346+0000][1][safepoint    ] Safepoint "Deoptimize", Time since last: 166902625 ns, Reaching safepoint: 2440792 ns, At safepoint: 3022083 ns, Total: 5462875 ns
[2022-09-04T00:19:23.087+0000][1][safepoint    ] Safepoint "RevokeBias", Time since last: 739298334 ns, Reaching safepoint: 973792 ns, At safepoint: 1133916 ns, Total: 2107708 ns
[2022-09-04T00:19:23.098+0000][1][safepoint    ] Safepoint "Deoptimize", Time since last: 10399875 ns, Reaching safepoint: 87875 ns, At safepoint: 162792 ns, Total: 250667 ns
[2022-09-04T00:19:23.119+0000][1][safepoint    ] Safepoint "Deoptimize", Time since last: 20271708 ns, Reaching safepoint: 97292 ns, At safepoint: 130833 ns, Total: 228125 ns
[2022-09-04T00:19:23.322+0000][1][safepoint    ] Safepoint "Deoptimize", Time since last: 203246667 ns, Reaching safepoint: 90042 ns, At safepoint: 200625 ns, Total: 290667 ns
[2022-09-04T00:19:24.326+0000][1][safepoint    ] Safepoint "Cleanup", Time since last: 1001995584 ns, Reaching safepoint: 1256833 ns, At safepoint: 96167 ns, Total: 1353000 ns
[2022-09-04T00:19:25.246+0000][1][safepoint    ] Safepoint "Deoptimize", Time since last: 919084833 ns, Reaching safepoint: 789625 ns, At safepoint: 410959 ns, Total: 1200584 ns
[2022-09-04T00:19:25.563+0000][1][safepoint    ] Safepoint "Deoptimize", Time since last: 316248375 ns, Reaching safepoint: 581500 ns, At safepoint: 419208 ns, Total: 1000708 ns
[2022-09-04T00:19:26.566+0000][1][safepoint    ] Safepoint "Cleanup", Time since last: 1001837292 ns, Reaching safepoint: 799334 ns, At safepoint: 24333 ns, Total: 823667 ns
[2022-09-04T00:19:27.072+0000][1][safepoint    ] Safepoint "Deoptimize", Time since last: 505199500 ns, Reaching safepoint: 460917 ns, At safepoint: 435708 ns, Total: 896625 ns
[2022-09-04T00:19:27.441+0000][1][safepoint    ] Safepoint "Deoptimize", Time since last: 367736042 ns, Reaching safepoint: 554750 ns, At safepoint: 519500 ns, Total: 1074250 ns
[2022-09-04T00:19:28.443+0000][1][safepoint    ] Safepoint "Cleanup", Time since last: 1001435167 ns, Reaching safepoint: 620625 ns, At safepoint: 29417 ns, Total: 650042 ns
[2022-09-04T00:19:29.086+0000][1][safepoint    ] Safepoint "RevokeBias", Time since last: 642073375 ns, Reaching safepoint: 472042 ns, At safepoint: 374792 ns, Total: 846834 ns
[2022-09-04T00:19:29.835+0000][1][safepoint    ] Safepoint "Deoptimize", Time since last: 745530125 ns, Reaching safepoint: 1024583 ns, At safepoint: 2870667 ns, Total: 3895250 ns
[2022-09-04T00:19:30.510+0000][1][safepoint    ] Safepoint "Deoptimize", Time since last: 673217459 ns, Reaching safepoint: 1517583 ns, At safepoint: 598292 ns, Total: 2115875 ns
[2022-09-04T00:19:30.519+0000][1][safepoint    ] Safepoint "Deoptimize", Time since last: 8161875 ns, Reaching safepoint: 75333 ns, At safepoint: 606708 ns, Total: 682041 ns
[2022-09-04T00:19:30.691+0000][1][safepoint    ] Safepoint "Deoptimize", Time since last: 170581750 ns, Reaching safepoint: 411834 ns, At safepoint: 611625 ns, Total: 1023459 ns
[2022-09-04T00:19:30.709+0000][1][safepoint    ] Safepoint "Deoptimize", Time since last: 17072416 ns, Reaching safepoint: 226334 ns, At safepoint: 590916 ns, Total: 817250 ns
[2022-09-04T00:19:30.787+0000][1][safepoint    ] Safepoint "RevokeBias", Time since last: 77056917 ns, Reaching safepoint: 761292 ns, At safepoint: 200833 ns, Total: 962125 ns
[2022-09-04T00:19:30.791+0000][1][safepoint    ] Safepoint "RevokeBias", Time since last: 3623667 ns, Reaching safepoint: 232791 ns, At safepoint: 111000 ns, Total: 343791 ns
[2022-09-04T00:19:30.799+0000][1][safepoint    ] Safepoint "RevokeBias", Time since last: 7891250 ns, Reaching safepoint: 216959 ns, At safepoint: 123125 ns, Total: 340084 ns
[2022-09-04T00:19:30.803+0000][1][safepoint    ] Safepoint "RevokeBias", Time since last: 2584375 ns, Reaching safepoint: 1174875 ns, At safepoint: 168791 ns, Total: 1343666 ns
[2022-09-04T00:19:30.805+0000][1][safepoint    ] Safepoint "RevokeBias", Time since last: 2012000 ns, Reaching safepoint: 273000 ns, At safepoint: 234959 ns, Total: 507959 ns
[2022-09-04T00:19:30.848+0000][1][safepoint    ] Safepoint "Deoptimize", Time since last: 41208333 ns, Reaching safepoint: 731042 ns, At safepoint: 734958 ns, Total: 1466000 ns
[2022-09-04T00:19:30.926+0000][1][safepoint    ] Safepoint "Deoptimize", Time since last: 76302042 ns, Reaching safepoint: 527208 ns, At safepoint: 632583 ns, Total: 1159791 ns
[2022-09-04T00:19:31.928+0000][1][safepoint    ] Safepoint "Cleanup", Time since last: 1001496126 ns, Reaching safepoint: 889292 ns, At safepoint: 16166 ns, Total: 905458 ns
[2022-09-04T00:19:32.716+0000][1][safepoint    ] Safepoint "Deoptimize", Time since last: 787057709 ns, Reaching safepoint: 630375 ns, At safepoint: 713792 ns, Total: 1344167 ns
[2022-09-04T00:19:32.771+0000][1][safepoint    ] Safepoint "Deoptimize", Time since last: 52594541 ns, Reaching safepoint: 234750 ns, At safepoint: 1489834 ns, Total: 1724584 ns
[2022-09-04T00:19:33.801+0000][1][safepoint    ] Safepoint "Cleanup", Time since last: 1002826708 ns, Reaching safepoint: 23274459 ns, At safepoint: 1025875 ns, Total: 24300334 ns
[2022-09-04T00:19:34.833+0000][1][safepoint    ] Safepoint "Cleanup", Time since last: 1031856709 ns, Reaching safepoint: 2765833 ns, At safepoint: 98458 ns, Total: 2864291 ns
[2022-09-04T00:19:34.932+0000][1][safepoint    ] Safepoint "RevokeBias", Time since last: 98171667 ns, Reaching safepoint: 247875 ns, At safepoint: 1492875 ns, Total: 1740750 ns
[2022-09-04T00:19:35.938+0000][1][safepoint    ] Safepoint "Cleanup", Time since last: 1002404542 ns, Reaching safepoint: 3153833 ns, At safepoint: 42667 ns, Total: 3196500 ns
[2022-09-04T00:19:36.302+0000][1][safepoint    ] Safepoint "Deoptimize", Time since last: 361693209 ns, Reaching safepoint: 563208 ns, At safepoint: 1379417 ns, Total: 1942625 ns
[2022-09-04T00:19:36.370+0000][1][safepoint    ] Safepoint "Deoptimize", Time since last: 67347666 ns, Reaching safepoint: 267417 ns, At safepoint: 863417 ns, Total: 1130834 ns
[2022-09-04T00:19:36.375+0000][1][safepoint    ] Safepoint "Deoptimize", Time since last: 4126041 ns, Reaching safepoint: 84709 ns, At safepoint: 768166 ns, Total: 852875 ns
[2022-09-04T00:19:36.472+0000][1][gc,start     ] GC(0) Pause Young (Allocation Failure)
[2022-09-04T00:19:36.482+0000][1][gc,task      ] GC(0) Using 4 workers of 4 for evacuation
[2022-09-04T00:19:36.547+0000][1][gc,age       ] GC(0) Desired survivor size 8945664 bytes, new threshold 1 (max threshold 6)
[2022-09-04T00:19:36.549+0000][1][gc,age       ] GC(0) Age table with threshold 1 (max threshold 6)
[2022-09-04T00:19:36.550+0000][1][gc,age       ] GC(0) - age   1:   10160080 bytes,   10160080 total
[2022-09-04T00:19:36.553+0000][1][gc,heap      ] GC(0) ParNew: 139776K->10033K(157248K)
[2022-09-04T00:19:36.554+0000][1][gc,heap      ] GC(0) CMS: 0K->0K(349568K)
[2022-09-04T00:19:36.555+0000][1][gc,metaspace ] GC(0) Metaspace: 17875K->17875K(1064960K)
[2022-09-04T00:19:36.557+0000][1][gc           ] GC(0) Pause Young (Allocation Failure) 136M->9M(494M) 85.775ms
[2022-09-04T00:19:36.558+0000][1][gc,cpu       ] GC(0) User=0.18s Sys=0.05s Real=0.09s
[2022-09-04T00:19:36.560+0000][1][safepoint    ] Safepoint "GenCollectForAllocation", Time since last: 95505084 ns, Reaching safepoint: 284625 ns, At safepoint: 88663375 ns, Total: 88948000 ns
[2022-09-04T00:19:36.573+0000][1][safepoint    ] Safepoint "BulkRevokeBias", Time since last: 10962583 ns, Reaching safepoint: 834458 ns, At safepoint: 1449917 ns, Total: 2284375 ns
[2022-09-04T00:19:36.577+0000][1][safepoint    ] Safepoint "RevokeBias", Time since last: 2755792 ns, Reaching safepoint: 555625 ns, At safepoint: 410125 ns, Total: 965750 ns
[2022-09-04T00:19:36.580+0000][1][safepoint    ] Safepoint "RevokeBias", Time since last: 3132250 ns, Reaching safepoint: 322958 ns, At safepoint: 316792 ns, Total: 639750 ns
[2022-09-04T00:19:36.585+0000][1][safepoint    ] Safepoint "RevokeBias", Time since last: 3442250 ns, Reaching safepoint: 595375 ns, At safepoint: 289333 ns, Total: 884708 ns
[2022-09-04T00:19:36.588+0000][1][safepoint    ] Safepoint "RevokeBias", Time since last: 2231208 ns, Reaching safepoint: 473459 ns, At safepoint: 303458 ns, Total: 776917 ns
[2022-09-04T00:19:36.590+0000][1][safepoint    ] Safepoint "RevokeBias", Time since last: 1378750 ns, Reaching safepoint: 205542 ns, At safepoint: 295833 ns, Total: 501375 ns
[2022-09-04T00:19:36.592+0000][1][safepoint    ] Safepoint "RevokeBias", Time since last: 2309000 ns, Reaching safepoint: 295167 ns, At safepoint: 247916 ns, Total: 543083 ns
[2022-09-04T00:19:36.594+0000][1][safepoint    ] Safepoint "RevokeBias", Time since last: 1278959 ns, Reaching safepoint: 307291 ns, At safepoint: 250709 ns, Total: 558000 ns
[2022-09-04T00:19:36.597+0000][1][safepoint    ] Safepoint "RevokeBias", Time since last: 2090583 ns, Reaching safepoint: 355208 ns, At safepoint: 244334 ns, Total: 599542 ns
[2022-09-04T00:19:36.600+0000][1][safepoint    ] Safepoint "RevokeBias", Time since last: 2046125 ns, Reaching safepoint: 273875 ns, At safepoint: 206208 ns, Total: 480083 ns
[2022-09-04T00:19:36.602+0000][1][safepoint    ] Safepoint "RevokeBias", Time since last: 1509667 ns, Reaching safepoint: 493291 ns, At safepoint: 246459 ns, Total: 739750 ns
[2022-09-04T00:19:36.604+0000][1][safepoint    ] Safepoint "RevokeBias", Time since last: 1499666 ns, Reaching safepoint: 399750 ns, At safepoint: 354250 ns, Total: 754000 ns
[2022-09-04T00:19:36.607+0000][1][safepoint    ] Safepoint "RevokeBias", Time since last: 2444209 ns, Reaching safepoint: 228583 ns, At safepoint: 235417 ns, Total: 464000 ns
[2022-09-04T00:19:36.609+0000][1][safepoint    ] Safepoint "RevokeBias", Time since last: 1414791 ns, Reaching safepoint: 502417 ns, At safepoint: 284917 ns, Total: 787334 ns
[2022-09-04T00:19:36.612+0000][1][safepoint    ] Safepoint "RevokeBias", Time since last: 2218333 ns, Reaching safepoint: 488542 ns, At safepoint: 249458 ns, Total: 738000 ns
[2022-09-04T00:19:36.615+0000][1][safepoint    ] Safepoint "RevokeBias", Time since last: 2002542 ns, Reaching safepoint: 243000 ns, At safepoint: 309958 ns, Total: 552958 ns
[2022-09-04T00:19:36.619+0000][1][safepoint    ] Safepoint "RevokeBias", Time since last: 3986917 ns, Reaching safepoint: 467708 ns, At safepoint: 345250 ns, Total: 812958 ns
[2022-09-04T00:19:36.621+0000][1][safepoint    ] Safepoint "RevokeBias", Time since last: 1237375 ns, Reaching safepoint: 377042 ns, At safepoint: 325708 ns, Total: 702750 ns
[2022-09-04T00:19:36.624+0000][1][safepoint    ] Safepoint "RevokeBias", Time since last: 2165208 ns, Reaching safepoint: 344667 ns, At safepoint: 287458 ns, Total: 632125 ns
[2022-09-04T00:19:36.626+0000][1][safepoint    ] Safepoint "RevokeBias", Time since last: 1304542 ns, Reaching safepoint: 311792 ns, At safepoint: 352625 ns, Total: 664417 ns
[2022-09-04T00:19:36.629+0000][1][safepoint    ] Safepoint "RevokeBias", Time since last: 1878875 ns, Reaching safepoint: 610125 ns, At safepoint: 320041 ns, Total: 930166 ns
[2022-09-04T00:19:36.631+0000][1][safepoint    ] Safepoint "RevokeBias", Time since last: 1307209 ns, Reaching safepoint: 905833 ns, At safepoint: 341458 ns, Total: 1247291 ns
[2022-09-04T00:19:36.635+0000][1][safepoint    ] Safepoint "RevokeBias", Time since last: 2688167 ns, Reaching safepoint: 444500 ns, At safepoint: 396000 ns, Total: 840500 ns
[2022-09-04T00:19:36.637+0000][1][safepoint    ] Safepoint "RevokeBias", Time since last: 1337750 ns, Reaching safepoint: 329250 ns, At safepoint: 299625 ns, Total: 628875 ns
[2022-09-04T00:19:36.639+0000][1][safepoint    ] Safepoint "RevokeBias", Time since last: 1716708 ns, Reaching safepoint: 235875 ns, At safepoint: 257000 ns, Total: 492875 ns
[2022-09-04T00:19:36.641+0000][1][safepoint    ] Safepoint "RevokeBias", Time since last: 992959 ns, Reaching safepoint: 461625 ns, At safepoint: 282041 ns, Total: 743666 ns
[2022-09-04T00:19:36.644+0000][1][safepoint    ] Safepoint "RevokeBias", Time since last: 2819959 ns, Reaching safepoint: 352958 ns, At safepoint: 341750 ns, Total: 694708 ns
[2022-09-04T00:19:36.646+0000][1][safepoint    ] Safepoint "RevokeBias", Time since last: 1234375 ns, Reaching safepoint: 227583 ns, At safepoint: 241584 ns, Total: 469167 ns
[2022-09-04T00:19:36.649+0000][1][safepoint    ] Safepoint "RevokeBias", Time since last: 2114666 ns, Reaching safepoint: 296792 ns, At safepoint: 227708 ns, Total: 524500 ns
[2022-09-04T00:19:36.650+0000][1][safepoint    ] Safepoint "RevokeBias", Time since last: 1204625 ns, Reaching safepoint: 245417 ns, At safepoint: 254208 ns, Total: 499625 ns
[2022-09-04T00:19:36.653+0000][1][safepoint    ] Safepoint "RevokeBias", Time since last: 1658125 ns, Reaching safepoint: 438417 ns, At safepoint: 223875 ns, Total: 662292 ns
[2022-09-04T00:19:36.654+0000][1][safepoint    ] Safepoint "RevokeBias", Time since last: 952333 ns, Reaching safepoint: 279709 ns, At safepoint: 282583 ns, Total: 562292 ns
[2022-09-04T00:19:36.657+0000][1][safepoint    ] Safepoint "RevokeBias", Time since last: 1982292 ns, Reaching safepoint: 413416 ns, At safepoint: 269500 ns, Total: 682916 ns
[2022-09-04T00:19:36.659+0000][1][safepoint    ] Safepoint "RevokeBias", Time since last: 1260959 ns, Reaching safepoint: 686541 ns, At safepoint: 275292 ns, Total: 961833 ns
[2022-09-04T00:19:36.665+0000][1][safepoint    ] Safepoint "RevokeBias", Time since last: 5068459 ns, Reaching safepoint: 800666 ns, At safepoint: 321250 ns, Total: 1121916 ns
[2022-09-04T00:19:36.668+0000][1][safepoint    ] Safepoint "RevokeBias", Time since last: 1574417 ns, Reaching safepoint: 345792 ns, At safepoint: 271958 ns, Total: 617750 ns
[2022-09-04T00:19:36.670+0000][1][safepoint    ] Safepoint "RevokeBias", Time since last: 1985875 ns, Reaching safepoint: 235958 ns, At safepoint: 265292 ns, Total: 501250 ns
[2022-09-04T00:19:36.672+0000][1][safepoint    ] Safepoint "RevokeBias", Time since last: 1228333 ns, Reaching safepoint: 385959 ns, At safepoint: 281583 ns, Total: 667542 ns
[2022-09-04T00:19:36.675+0000][1][safepoint    ] Safepoint "BulkRevokeBias", Time since last: 1578250 ns, Reaching safepoint: 487125 ns, At safepoint: 579667 ns, Total: 1066792 ns
[2022-09-04T00:19:36.677+0000][1][safepoint    ] Safepoint "BulkRevokeBias", Time since last: 1299041 ns, Reaching safepoint: 410750 ns, At safepoint: 515667 ns, Total: 926417 ns
[2022-09-04T00:19:37.045+0000][1][safepoint    ] Safepoint "RevokeBias", Time since last: 367886750 ns, Reaching safepoint: 704417 ns, At safepoint: 124791 ns, Total: 829208 ns
[2022-09-04T00:19:37.231+0000][1][safepoint    ] Safepoint "Deoptimize", Time since last: 183672375 ns, Reaching safepoint: 359084 ns, At safepoint: 1118875 ns, Total: 1477959 ns
[2022-09-04T00:19:37.273+0000][1][safepoint    ] Safepoint "RevokeBias", Time since last: 41683125 ns, Reaching safepoint: 364125 ns, At safepoint: 61583 ns, Total: 425708 ns
[2022-09-04T00:19:37.289+0000][1][safepoint    ] Safepoint "RevokeBias", Time since last: 15820250 ns, Reaching safepoint: 239208 ns, At safepoint: 54125 ns, Total: 293333 ns
[2022-09-04T00:19:38.292+0000][1][safepoint    ] Safepoint "Cleanup", Time since last: 1001205459 ns, Reaching safepoint: 1693250 ns, At safepoint: 37500 ns, Total: 1730750 ns
[2022-09-04T00:19:38.707+0000][1][gc,start     ] GC(1) Pause Young (Allocation Failure)
[2022-09-04T00:19:38.709+0000][1][gc,task      ] GC(1) Using 4 workers of 4 for evacuation
[2022-09-04T00:19:38.894+0000][1][gc,age       ] GC(1) Desired survivor size 8945664 bytes, new threshold 6 (max threshold 6)
[2022-09-04T00:19:38.900+0000][1][gc,age       ] GC(1) Age table with threshold 6 (max threshold 6)
[2022-09-04T00:19:38.901+0000][1][gc,age       ] GC(1) - age   1:    2674296 bytes,    2674296 total
[2022-09-04T00:19:38.903+0000][1][gc,heap      ] GC(1) ParNew: 149809K->5605K(157248K)
[2022-09-04T00:19:38.905+0000][1][gc,heap      ] GC(1) CMS: 0K->10659K(349568K)
[2022-09-04T00:19:38.906+0000][1][gc,metaspace ] GC(1) Metaspace: 19437K->19437K(1067008K)
[2022-09-04T00:19:38.907+0000][1][gc           ] GC(1) Pause Young (Allocation Failure) 146M->15M(494M) 200.018ms
[2022-09-04T00:19:38.908+0000][1][gc,cpu       ] GC(1) User=0.70s Sys=0.02s Real=0.20s
[2022-09-04T00:19:38.909+0000][1][safepoint    ] Safepoint "GenCollectForAllocation", Time since last: 414360167 ns, Reaching safepoint: 458000 ns, At safepoint: 202484167 ns, Total: 202942167 ns
[2022-09-04T00:19:38.917+0000][1][safepoint    ] Safepoint "RevokeBias", Time since last: 5269958 ns, Reaching safepoint: 2327834 ns, At safepoint: 643666 ns, Total: 2971500 ns
[2022-09-04T00:19:38.920+0000][1][safepoint    ] Safepoint "RevokeBias", Time since last: 1762584 ns, Reaching safepoint: 769958 ns, At safepoint: 158250 ns, Total: 928208 ns
[2022-09-04T00:19:38.925+0000][1][safepoint    ] Safepoint "RevokeBias", Time since last: 3806250 ns, Reaching safepoint: 444542 ns, At safepoint: 259791 ns, Total: 704333 ns
[2022-09-04T00:19:38.927+0000][1][safepoint    ] Safepoint "RevokeBias", Time since last: 1644209 ns, Reaching safepoint: 826083 ns, At safepoint: 161042 ns, Total: 987125 ns
[2022-09-04T00:19:38.932+0000][1][safepoint    ] Safepoint "RevokeBias", Time since last: 3937250 ns, Reaching safepoint: 518583 ns, At safepoint: 168042 ns, Total: 686625 ns
[2022-09-04T00:19:38.934+0000][1][safepoint    ] Safepoint "RevokeBias", Time since last: 1191125 ns, Reaching safepoint: 564625 ns, At safepoint: 160625 ns, Total: 725250 ns
[2022-09-04T00:19:38.938+0000][1][safepoint    ] Safepoint "RevokeBias", Time since last: 3281625 ns, Reaching safepoint: 378916 ns, At safepoint: 237917 ns, Total: 616833 ns
[2022-09-04T00:19:38.940+0000][1][safepoint    ] Safepoint "RevokeBias", Time since last: 1593333 ns, Reaching safepoint: 378667 ns, At safepoint: 170667 ns, Total: 549334 ns
[2022-09-04T00:19:38.942+0000][1][safepoint    ] Safepoint "RevokeBias", Time since last: 2024541 ns, Reaching safepoint: 540125 ns, At safepoint: 173875 ns, Total: 714000 ns
[2022-09-04T00:19:38.945+0000][1][safepoint    ] Safepoint "RevokeBias", Time since last: 1546959 ns, Reaching safepoint: 579083 ns, At safepoint: 134917 ns, Total: 714000 ns
[2022-09-04T00:19:38.950+0000][1][safepoint    ] Safepoint "RevokeBias", Time since last: 4163333 ns, Reaching safepoint: 461042 ns, At safepoint: 291375 ns, Total: 752417 ns
[2022-09-04T00:19:38.952+0000][1][safepoint    ] Safepoint "RevokeBias", Time since last: 1509375 ns, Reaching safepoint: 550083 ns, At safepoint: 141708 ns, Total: 691791 ns
[2022-09-04T00:19:38.954+0000][1][safepoint    ] Safepoint "RevokeBias", Time since last: 1866667 ns, Reaching safepoint: 357667 ns, At safepoint: 145083 ns, Total: 502750 ns
[2022-09-04T00:19:39.051+0000][1][safepoint    ] Safepoint "RevokeBias", Time since last: 95688250 ns, Reaching safepoint: 765375 ns, At safepoint: 686750 ns, Total: 1452125 ns
[2022-09-04T00:19:39.533+0000][1][safepoint    ] Safepoint "RevokeBias", Time since last: 480656292 ns, Reaching safepoint: 865583 ns, At safepoint: 83125 ns, Total: 948708 ns
[2022-09-04T00:19:39.695+0000][1][safepoint    ] Safepoint "RevokeBias", Time since last: 161077917 ns, Reaching safepoint: 1122542 ns, At safepoint: 107666 ns, Total: 1230208 ns
[2022-09-04T00:19:40.497+0000][1][safepoint    ] Safepoint "CollectForMetadataAllocation", Time since last: 800367376 ns, Reaching safepoint: 593000 ns, At safepoint: 634958 ns, Total: 1227958 ns
[2022-09-04T00:19:40.521+0000][1][safepoint    ] Safepoint "Deoptimize", Time since last: 22432708 ns, Reaching safepoint: 544334 ns, At safepoint: 1209083 ns, Total: 1753417 ns
[2022-09-04T00:19:40.796+0000][1][safepoint    ] Safepoint "Deoptimize", Time since last: 273788167 ns, Reaching safepoint: 299458 ns, At safepoint: 1078375 ns, Total: 1377833 ns
[2022-09-04T00:19:40.892+0000][1][gc,start     ] GC(2) Pause Young (Allocation Failure)
[2022-09-04T00:19:40.894+0000][1][gc,task      ] GC(2) Using 4 workers of 4 for evacuation
[2022-09-04T00:19:40.933+0000][1][gc,age       ] GC(2) Desired survivor size 8945664 bytes, new threshold 6 (max threshold 6)
[2022-09-04T00:19:40.934+0000][1][gc,age       ] GC(2) Age table with threshold 6 (max threshold 6)
[2022-09-04T00:19:40.936+0000][1][gc,age       ] GC(2) - age   1:    3855408 bytes,    3855408 total
[2022-09-04T00:19:40.937+0000][1][gc,age       ] GC(2) - age   2:    1515896 bytes,    5371304 total
[2022-09-04T00:19:40.938+0000][1][gc,heap      ] GC(2) ParNew: 145381K->6708K(157248K)
[2022-09-04T00:19:40.939+0000][1][gc,heap      ] GC(2) CMS: 10659K->10659K(349568K)
[2022-09-04T00:19:40.940+0000][1][gc,metaspace ] GC(2) Metaspace: 20512K->20512K(1069056K)
[2022-09-04T00:19:40.941+0000][1][gc           ] GC(2) Pause Young (Allocation Failure) 152M->16M(494M) 48.925ms
[2022-09-04T00:19:40.942+0000][1][gc,cpu       ] GC(2) User=0.16s Sys=0.00s Real=0.05s
[2022-09-04T00:19:40.943+0000][1][safepoint    ] Safepoint "GenCollectForAllocation", Time since last: 95153875 ns, Reaching safepoint: 698125 ns, At safepoint: 51241125 ns, Total: 51939250 ns
[2022-09-04T00:19:40.946+0000][1][safepoint    ] Safepoint "BulkRevokeBias", Time since last: 1538459 ns, Reaching safepoint: 813375 ns, At safepoint: 531833 ns, Total: 1345208 ns
[2022-09-04T00:19:40.949+0000][1][gc,start     ] GC(3) Pause Initial Mark
[2022-09-04T00:19:40.964+0000][1][gc           ] GC(3) Pause Initial Mark 19M->19M(494M) 15.211ms
[2022-09-04T00:19:40.965+0000][1][gc,cpu       ] GC(3) User=0.05s Sys=0.00s Real=0.02s
[2022-09-04T00:19:40.967+0000][1][safepoint    ] Safepoint "RevokeBias", Time since last: 1294833 ns, Reaching safepoint: 756292 ns, At safepoint: 18958125 ns, Total: 19714417 ns
[2022-09-04T00:19:40.970+0000][1][safepoint    ] Safepoint "RevokeBias", Time since last: 1052667 ns, Reaching safepoint: 1471833 ns, At safepoint: 361958 ns, Total: 1833791 ns
[2022-09-04T00:19:40.971+0000][1][gc           ] GC(3) Concurrent Mark
[2022-09-04T00:19:40.976+0000][1][safepoint    ] Safepoint "RevokeBias", Time since last: 4993917 ns, Reaching safepoint: 919958 ns, At safepoint: 140125 ns, Total: 1060083 ns
[2022-09-04T00:19:40.979+0000][1][safepoint    ] Safepoint "RevokeBias", Time since last: 1612834 ns, Reaching safepoint: 626958 ns, At safepoint: 178958 ns, Total: 805916 ns
[2022-09-04T00:19:40.992+0000][1][safepoint    ] Safepoint "RevokeBias", Time since last: 12905292 ns, Reaching safepoint: 393583 ns, At safepoint: 158750 ns, Total: 552333 ns
[2022-09-04T00:19:41.000+0000][1][safepoint    ] Safepoint "RevokeBias", Time since last: 7235584 ns, Reaching safepoint: 515500 ns, At safepoint: 219541 ns, Total: 735041 ns
[2022-09-04T00:19:41.003+0000][1][safepoint    ] Safepoint "RevokeBias", Time since last: 1884792 ns, Reaching safepoint: 418042 ns, At safepoint: 293500 ns, Total: 711542 ns
[2022-09-04T00:19:41.005+0000][1][safepoint    ] Safepoint "RevokeBias", Time since last: 1655375 ns, Reaching safepoint: 725250 ns, At safepoint: 191000 ns, Total: 916250 ns
[2022-09-04T00:19:41.010+0000][1][safepoint    ] Safepoint "RevokeBias", Time since last: 2378208 ns, Reaching safepoint: 2417667 ns, At safepoint: 165666 ns, Total: 2583333 ns
[2022-09-04T00:19:41.012+0000][1][safepoint    ] Safepoint "RevokeBias", Time since last: 1590959 ns, Reaching safepoint: 442666 ns, At safepoint: 161209 ns, Total: 603875 ns
[2022-09-04T00:19:41.020+0000][1][safepoint    ] Safepoint "RevokeBias", Time since last: 6267125 ns, Reaching safepoint: 750583 ns, At safepoint: 415708 ns, Total: 1166291 ns
[2022-09-04T00:19:41.026+0000][1][safepoint    ] Safepoint "RevokeBias", Time since last: 2976709 ns, Reaching safepoint: 2627416 ns, At safepoint: 277834 ns, Total: 2905250 ns
[2022-09-04T00:19:41.032+0000][1][safepoint    ] Safepoint "RevokeBias", Time since last: 4946875 ns, Reaching safepoint: 587208 ns, At safepoint: 365250 ns, Total: 952458 ns
[2022-09-04T00:19:41.034+0000][1][safepoint    ] Safepoint "RevokeBias", Time since last: 1575375 ns, Reaching safepoint: 466083 ns, At safepoint: 435500 ns, Total: 901583 ns
[2022-09-04T00:19:41.041+0000][1][safepoint    ] Safepoint "RevokeBias", Time since last: 5913292 ns, Reaching safepoint: 682292 ns, At safepoint: 175250 ns, Total: 857542 ns
[2022-09-04T00:19:41.048+0000][1][safepoint    ] Safepoint "RevokeBias", Time since last: 4471000 ns, Reaching safepoint: 2842166 ns, At safepoint: 199125 ns, Total: 3041291 ns
[2022-09-04T00:19:41.058+0000][1][safepoint    ] Safepoint "RevokeBias", Time since last: 4295417 ns, Reaching safepoint: 5264500 ns, At safepoint: 140750 ns, Total: 5405250 ns
[2022-09-04T00:19:41.060+0000][1][safepoint    ] Safepoint "RevokeBias", Time since last: 1340042 ns, Reaching safepoint: 388458 ns, At safepoint: 111417 ns, Total: 499875 ns
[2022-09-04T00:19:41.109+0000][1][gc           ] GC(3) Concurrent Mark 138.757ms
[2022-09-04T00:19:41.111+0000][1][gc,cpu       ] GC(3) User=0.39s Sys=0.03s Real=0.14s
[2022-09-04T00:19:41.113+0000][1][gc           ] GC(3) Concurrent Preclean
[2022-09-04T00:19:41.121+0000][1][gc           ] GC(3) Concurrent Preclean 8.696ms
[2022-09-04T00:19:41.124+0000][1][gc,cpu       ] GC(3) User=0.03s Sys=0.00s Real=0.02s
[2022-09-04T00:19:41.150+0000][1][gc           ] GC(3) Concurrent Abortable Preclean
[2022-09-04T00:19:41.810+0000][1][safepoint    ] Safepoint "CollectForMetadataAllocation", Time since last: 748901250 ns, Reaching safepoint: 1119208 ns, At safepoint: 218000 ns, Total: 1337208 ns
[2022-09-04T00:19:42.177+0000][1][gc           ] GC(3) Concurrent Abortable Preclean 1026.866ms
[2022-09-04T00:19:42.179+0000][1][gc,cpu       ] GC(3) User=3.49s Sys=0.04s Real=1.03s
[2022-09-04T00:19:42.181+0000][1][gc,start     ] GC(3) Pause Remark
[2022-09-04T00:19:42.385+0000][1][gc           ] GC(3) Pause Remark 121M->121M(494M) 203.656ms
[2022-09-04T00:19:42.386+0000][1][gc,cpu       ] GC(3) User=0.68s Sys=0.00s Real=0.21s
[2022-09-04T00:19:42.388+0000][1][safepoint    ] Safepoint "CMS_Final_Remark", Time since last: 369907792 ns, Reaching safepoint: 846208 ns, At safepoint: 206825209 ns, Total: 207671417 ns
[2022-09-04T00:19:42.396+0000][1][gc           ] GC(3) Concurrent Sweep
[2022-09-04T00:19:42.427+0000][1][gc           ] GC(3) Concurrent Sweep 30.658ms
[2022-09-04T00:19:42.430+0000][1][gc,cpu       ] GC(3) User=0.10s Sys=0.01s Real=0.03s
[2022-09-04T00:19:42.435+0000][1][gc           ] GC(3) Concurrent Reset
[2022-09-04T00:19:42.440+0000][1][gc           ] GC(3) Concurrent Reset 5.055ms
[2022-09-04T00:19:42.442+0000][1][gc,cpu       ] GC(3) User=0.01s Sys=0.01s Real=0.00s
[2022-09-04T00:19:42.444+0000][1][gc,heap      ] GC(3) Old: 10659K->10652K(349568K)
[2022-09-04T00:19:42.842+0000][1][gc,start     ] GC(4) Pause Young (Allocation Failure)
[2022-09-04T00:19:42.844+0000][1][gc,task      ] GC(4) Using 4 workers of 4 for evacuation
[2022-09-04T00:19:42.867+0000][1][gc,age       ] GC(4) Desired survivor size 8945664 bytes, new threshold 6 (max threshold 6)
[2022-09-04T00:19:42.868+0000][1][gc,age       ] GC(4) Age table with threshold 6 (max threshold 6)
[2022-09-04T00:19:42.870+0000][1][gc,age       ] GC(4) - age   1:    1670560 bytes,    1670560 total
[2022-09-04T00:19:42.870+0000][1][gc,age       ] GC(4) - age   2:    3144792 bytes,    4815352 total
[2022-09-04T00:19:42.871+0000][1][gc,age       ] GC(4) - age   3:    1515816 bytes,    6331168 total
[2022-09-04T00:19:42.873+0000][1][gc,heap      ] GC(4) ParNew: 146484K->7697K(157248K)
[2022-09-04T00:19:42.874+0000][1][gc,heap      ] GC(4) CMS: 10652K->10652K(349568K)
[2022-09-04T00:19:42.875+0000][1][gc,metaspace ] GC(4) Metaspace: 20771K->20771K(1069056K)
[2022-09-04T00:19:42.877+0000][1][gc           ] GC(4) Pause Young (Allocation Failure) 153M->17M(494M) 34.519ms
[2022-09-04T00:19:42.878+0000][1][gc,cpu       ] GC(4) User=0.08s Sys=0.00s Real=0.04s
[2022-09-04T00:19:42.879+0000][1][safepoint    ] Safepoint "GenCollectForAllocation", Time since last: 451507625 ns, Reaching safepoint: 2788208 ns, At safepoint: 36581917 ns, Total: 39370125 ns
[2022-09-04T00:19:42.882+0000][1][safepoint    ] Safepoint "RevokeBias", Time since last: 2701125 ns, Reaching safepoint: 379792 ns, At safepoint: 190333 ns, Total: 570125 ns
[2022-09-04T00:19:42.884+0000][1][safepoint    ] Safepoint "RevokeBias", Time since last: 1711708 ns, Reaching safepoint: 291709 ns, At safepoint: 119416 ns, Total: 411125 ns
[2022-09-04T00:19:42.888+0000][1][safepoint    ] Safepoint "RevokeBias", Time since last: 3105500 ns, Reaching safepoint: 462709 ns, At safepoint: 132791 ns, Total: 595500 ns
[2022-09-04T00:19:42.889+0000][1][safepoint    ] Safepoint "RevokeBias", Time since last: 1153292 ns, Reaching safepoint: 487333 ns, At safepoint: 183584 ns, Total: 670917 ns
[2022-09-04T00:19:42.892+0000][1][safepoint    ] Safepoint "RevokeBias", Time since last: 1921958 ns, Reaching safepoint: 249583 ns, At safepoint: 121667 ns, Total: 371250 ns
[2022-09-04T00:19:42.893+0000][1][safepoint    ] Safepoint "RevokeBias", Time since last: 1106750 ns, Reaching safepoint: 366833 ns, At safepoint: 222375 ns, Total: 589208 ns
[2022-09-04T00:19:42.896+0000][1][safepoint    ] Safepoint "RevokeBias", Time since last: 2501209 ns, Reaching safepoint: 274958 ns, At safepoint: 141083 ns, Total: 416041 ns
[2022-09-04T00:19:42.898+0000][1][safepoint    ] Safepoint "RevokeBias", Time since last: 1277917 ns, Reaching safepoint: 379000 ns, At safepoint: 130750 ns, Total: 509750 ns
[2022-09-04T00:19:43.900+0000][1][safepoint    ] Safepoint "Cleanup", Time since last: 1001344334 ns, Reaching safepoint: 815958 ns, At safepoint: 39459 ns, Total: 855417 ns
[2022-09-04T00:19:44.354+0000][1][gc,start     ] GC(5) Pause Young (Allocation Failure)
[2022-09-04T00:19:44.356+0000][1][gc,task      ] GC(5) Using 4 workers of 4 for evacuation
[2022-09-04T00:19:44.386+0000][1][gc,age       ] GC(5) Desired survivor size 8945664 bytes, new threshold 6 (max threshold 6)
[2022-09-04T00:19:44.388+0000][1][gc,age       ] GC(5) Age table with threshold 6 (max threshold 6)
[2022-09-04T00:19:44.389+0000][1][gc,age       ] GC(5) - age   1:    1028272 bytes,    1028272 total
[2022-09-04T00:19:44.391+0000][1][gc,age       ] GC(5) - age   2:     951656 bytes,    1979928 total
[2022-09-04T00:19:44.392+0000][1][gc,age       ] GC(5) - age   3:    3144712 bytes,    5124640 total
[2022-09-04T00:19:44.393+0000][1][gc,age       ] GC(5) - age   4:    1515816 bytes,    6640456 total
[2022-09-04T00:19:44.394+0000][1][gc,heap      ] GC(5) ParNew: 147473K->10039K(157248K)
[2022-09-04T00:19:44.395+0000][1][gc,heap      ] GC(5) CMS: 10652K->10652K(349568K)
[2022-09-04T00:19:44.397+0000][1][gc,metaspace ] GC(5) Metaspace: 21767K->21767K(1069056K)
[2022-09-04T00:19:44.399+0000][1][gc           ] GC(5) Pause Young (Allocation Failure) 154M->20M(494M) 44.184ms
[2022-09-04T00:19:44.400+0000][1][gc,cpu       ] GC(5) User=0.07s Sys=0.00s Real=0.04s
[2022-09-04T00:19:44.402+0000][1][safepoint    ] Safepoint "GenCollectForAllocation", Time since last: 453448667 ns, Reaching safepoint: 557958 ns, At safepoint: 47321833 ns, Total: 47879791 ns
[2022-09-04T00:19:44.408+0000][1][safepoint    ] Safepoint "RevokeBias", Time since last: 5112917 ns, Reaching safepoint: 1126458 ns, At safepoint: 255500 ns, Total: 1381958 ns
[2022-09-04T00:19:44.411+0000][1][safepoint    ] Safepoint "RevokeBias", Time since last: 1996625 ns, Reaching safepoint: 324375 ns, At safepoint: 284334 ns, Total: 608709 ns
[2022-09-04T00:19:44.413+0000][1][safepoint    ] Safepoint "BulkRevokeBias", Time since last: 1462416 ns, Reaching safepoint: 404917 ns, At safepoint: 423208 ns, Total: 828125 ns
[2022-09-04T00:19:44.415+0000][1][safepoint    ] Safepoint "BulkRevokeBias", Time since last: 1663042 ns, Reaching safepoint: 318917 ns, At safepoint: 438166 ns, Total: 757083 ns
[2022-09-04T00:19:45.440+0000][1][safepoint    ] Safepoint "Cleanup", Time since last: 1002231542 ns, Reaching safepoint: 12154417 ns, At safepoint: 1299708 ns, Total: 13454125 ns
[2022-09-04T00:19:46.112+0000][1][gc,start     ] GC(6) Pause Young (Allocation Failure)
[2022-09-04T00:19:46.117+0000][1][gc,task      ] GC(6) Using 4 workers of 4 for evacuation
[2022-09-04T00:19:46.182+0000][1][gc,age       ] GC(6) Desired survivor size 8945664 bytes, new threshold 6 (max threshold 6)
[2022-09-04T00:19:46.184+0000][1][gc,age       ] GC(6) Age table with threshold 6 (max threshold 6)
[2022-09-04T00:19:46.187+0000][1][gc,age       ] GC(6) - age   1:    1038000 bytes,    1038000 total
[2022-09-04T00:19:46.188+0000][1][gc,age       ] GC(6) - age   2:     916696 bytes,    1954696 total
[2022-09-04T00:19:46.189+0000][1][gc,age       ] GC(6) - age   3:     951368 bytes,    2906064 total
[2022-09-04T00:19:46.190+0000][1][gc,age       ] GC(6) - age   4:    3143584 bytes,    6049648 total
[2022-09-04T00:19:46.191+0000][1][gc,age       ] GC(6) - age   5:    1515504 bytes,    7565152 total
[2022-09-04T00:19:46.194+0000][1][gc,heap      ] GC(6) ParNew: 149815K->11021K(157248K)
[2022-09-04T00:19:46.195+0000][1][gc,heap      ] GC(6) CMS: 10652K->10652K(349568K)
[2022-09-04T00:19:46.196+0000][1][gc,metaspace ] GC(6) Metaspace: 21884K->21884K(1069056K)
[2022-09-04T00:19:46.198+0000][1][gc           ] GC(6) Pause Young (Allocation Failure) 156M->21M(494M) 86.594ms
[2022-09-04T00:19:46.200+0000][1][gc,cpu       ] GC(6) User=0.14s Sys=0.05s Real=0.09s
[2022-09-04T00:19:46.201+0000][1][safepoint    ] Safepoint "GenCollectForAllocation", Time since last: 677469459 ns, Reaching safepoint: 591958 ns, At safepoint: 91752792 ns, Total: 92344750 ns
[2022-09-04T00:19:46.690+0000][1][safepoint    ] Safepoint "RevokeBias", Time since last: 487220542 ns, Reaching safepoint: 568292 ns, At safepoint: 1177541 ns, Total: 1745833 ns
[2022-09-04T00:19:46.694+0000][1][safepoint    ] Safepoint "RevokeBias", Time since last: 2934625 ns, Reaching safepoint: 890542 ns, At safepoint: 89083 ns, Total: 979625 ns
[2022-09-04T00:19:46.696+0000][1][safepoint    ] Safepoint "RevokeBias", Time since last: 1817459 ns, Reaching safepoint: 336125 ns, At safepoint: 60041 ns, Total: 396166 ns
[2022-09-04T00:19:47.429+0000][1][gc,start     ] GC(7) Pause Young (Allocation Failure)
[2022-09-04T00:19:47.431+0000][1][gc,task      ] GC(7) Using 4 workers of 4 for evacuation
[2022-09-04T00:19:47.456+0000][1][gc,age       ] GC(7) Desired survivor size 8945664 bytes, new threshold 6 (max threshold 6)
[2022-09-04T00:19:47.458+0000][1][gc,age       ] GC(7) Age table with threshold 6 (max threshold 6)
[2022-09-04T00:19:47.459+0000][1][gc,age       ] GC(7) - age   1:     866720 bytes,     866720 total
[2022-09-04T00:19:47.460+0000][1][gc,age       ] GC(7) - age   2:     367456 bytes,    1234176 total
[2022-09-04T00:19:47.461+0000][1][gc,age       ] GC(7) - age   3:     916696 bytes,    2150872 total
[2022-09-04T00:19:47.462+0000][1][gc,age       ] GC(7) - age   4:     951088 bytes,    3101960 total
[2022-09-04T00:19:47.463+0000][1][gc,age       ] GC(7) - age   5:    3143584 bytes,    6245544 total
[2022-09-04T00:19:47.464+0000][1][gc,age       ] GC(7) - age   6:    1515480 bytes,    7761024 total
[2022-09-04T00:19:47.465+0000][1][gc,heap      ] GC(7) ParNew: 150797K->10672K(157248K)
[2022-09-04T00:19:47.466+0000][1][gc,heap      ] GC(7) CMS: 10652K->10652K(349568K)
[2022-09-04T00:19:47.467+0000][1][gc,metaspace ] GC(7) Metaspace: 22099K->22099K(1069056K)
[2022-09-04T00:19:47.468+0000][1][gc           ] GC(7) Pause Young (Allocation Failure) 157M->20M(494M) 39.309ms
[2022-09-04T00:19:47.469+0000][1][gc,cpu       ] GC(7) User=0.08s Sys=0.00s Real=0.04s
[2022-09-04T00:19:47.470+0000][1][safepoint    ] Safepoint "GenCollectForAllocation", Time since last: 732094667 ns, Reaching safepoint: 623542 ns, At safepoint: 41479375 ns, Total: 42102917 ns
[2022-09-04T00:19:48.472+0000][1][safepoint    ] Safepoint "Cleanup", Time since last: 1001098917 ns, Reaching safepoint: 943458 ns, At safepoint: 48125 ns, Total: 991583 ns
[2022-09-04T00:19:49.476+0000][1][safepoint    ] Safepoint "Cleanup", Time since last: 1001529834 ns, Reaching safepoint: 2545917 ns, At safepoint: 28458 ns, Total: 2574375 ns
[2022-09-04T00:19:49.547+0000][1][safepoint    ] Safepoint "RevokeBias", Time since last: 70343209 ns, Reaching safepoint: 372000 ns, At safepoint: 77416 ns, Total: 449416 ns
[2022-09-04T00:19:49.550+0000][1][safepoint    ] Safepoint "RevokeBias", Time since last: 2626042 ns, Reaching safepoint: 126292 ns, At safepoint: 61375 ns, Total: 187667 ns
[2022-09-04T00:19:50.093+0000][1][gc,start     ] GC(8) Pause Young (Allocation Failure)
[2022-09-04T00:19:50.094+0000][1][gc,task      ] GC(8) Using 4 workers of 4 for evacuation
[2022-09-04T00:19:50.135+0000][1][gc,age       ] GC(8) Desired survivor size 8945664 bytes, new threshold 6 (max threshold 6)
[2022-09-04T00:19:50.136+0000][1][gc,age       ] GC(8) Age table with threshold 6 (max threshold 6)
[2022-09-04T00:19:50.138+0000][1][gc,age       ] GC(8) - age   1:    1755464 bytes,    1755464 total
[2022-09-04T00:19:50.139+0000][1][gc,age       ] GC(8) - age   2:     429976 bytes,    2185440 total
[2022-09-04T00:19:50.140+0000][1][gc,age       ] GC(8) - age   3:     367168 bytes,    2552608 total
[2022-09-04T00:19:50.141+0000][1][gc,age       ] GC(8) - age   4:     914192 bytes,    3466800 total
[2022-09-04T00:19:50.142+0000][1][gc,age       ] GC(8) - age   5:     950720 bytes,    4417520 total
[2022-09-04T00:19:50.143+0000][1][gc,age       ] GC(8) - age   6:    3136104 bytes,    7553624 total
[2022-09-04T00:19:50.145+0000][1][gc,heap      ] GC(8) ParNew: 150448K->9328K(157248K)
[2022-09-04T00:19:50.146+0000][1][gc,heap      ] GC(8) CMS: 10652K->12150K(349568K)
[2022-09-04T00:19:50.147+0000][1][gc,metaspace ] GC(8) Metaspace: 26537K->26537K(1073152K)
[2022-09-04T00:19:50.149+0000][1][gc           ] GC(8) Pause Young (Allocation Failure) 157M->20M(494M) 55.837ms
[2022-09-04T00:19:50.150+0000][1][gc,cpu       ] GC(8) User=0.13s Sys=0.00s Real=0.06s
[2022-09-04T00:19:50.151+0000][1][safepoint    ] Safepoint "GenCollectForAllocation", Time since last: 541952875 ns, Reaching safepoint: 802958 ns, At safepoint: 58056750 ns, Total: 58859708 ns
[2022-09-04T00:19:50.497+0000][1][safepoint    ] Safepoint "Deoptimize", Time since last: 344066959 ns, Reaching safepoint: 343708 ns, At safepoint: 1689125 ns, Total: 2032833 ns
[2022-09-04T00:19:51.500+0000][1][safepoint    ] Safepoint "Cleanup", Time since last: 1001979750 ns, Reaching safepoint: 926750 ns, At safepoint: 23292 ns, Total: 950042 ns
[2022-09-04T00:19:52.502+0000][1][safepoint    ] Safepoint "Cleanup", Time since last: 1001935375 ns, Reaching safepoint: 798459 ns, At safepoint: 28708 ns, Total: 827167 ns
[2022-09-04T00:19:53.506+0000][1][safepoint    ] Safepoint "Cleanup", Time since last: 1002033334 ns, Reaching safepoint: 1074125 ns, At safepoint: 59333 ns, Total: 1133458 ns
[2022-09-04T00:19:54.508+0000][1][safepoint    ] Safepoint "Cleanup", Time since last: 1001650876 ns, Reaching safepoint: 851208 ns, At safepoint: 22250 ns, Total: 873458 ns
[2022-09-04T00:19:54.915+0000][1][safepoint    ] Safepoint "Deoptimize", Time since last: 405361000 ns, Reaching safepoint: 224834 ns, At safepoint: 1698500 ns, Total: 1923334 ns
[2022-09-04T00:19:56.430+0000][1][safepoint    ] Safepoint "Cleanup", Time since last: 1514052125 ns, Reaching safepoint: 771459 ns, At safepoint: 15541 ns, Total: 787000 ns
[2022-09-04T00:19:57.374+0000][1][safepoint    ] Safepoint "RevokeBias", Time since last: 942443376 ns, Reaching safepoint: 660125 ns, At safepoint: 619416 ns, Total: 1279541 ns
[2022-09-04T00:19:58.125+0000][1][gc,start     ] GC(9) Pause Young (Allocation Failure)
[2022-09-04T00:19:58.126+0000][1][gc,task      ] GC(9) Using 4 workers of 4 for evacuation
[2022-09-04T00:19:58.324+0000][1][gc,age       ] GC(9) Desired survivor size 8945664 bytes, new threshold 1 (max threshold 6)
[2022-09-04T00:19:58.325+0000][1][gc,age       ] GC(9) Age table with threshold 1 (max threshold 6)
[2022-09-04T00:19:58.327+0000][1][gc,age       ] GC(9) - age   1:   13532264 bytes,   13532264 total
[2022-09-04T00:19:58.328+0000][1][gc,age       ] GC(9) - age   2:    1703888 bytes,   15236152 total
[2022-09-04T00:19:58.329+0000][1][gc,age       ] GC(9) - age   3:     427440 bytes,   15663592 total
[2022-09-04T00:19:58.330+0000][1][gc,age       ] GC(9) - age   4:     367168 bytes,   16030760 total
[2022-09-04T00:19:58.332+0000][1][gc,age       ] GC(9) - age   5:     912792 bytes,   16943552 total
[2022-09-04T00:19:58.334+0000][1][gc,age       ] GC(9) - age   6:     947488 bytes,   17891040 total
[2022-09-04T00:19:58.337+0000][1][gc,heap      ] GC(9) ParNew: 149104K->17472K(157248K)
[2022-09-04T00:19:58.338+0000][1][gc,heap      ] GC(9) CMS: 12150K->21969K(349568K)
[2022-09-04T00:19:58.339+0000][1][gc,metaspace ] GC(9) Metaspace: 29126K->29126K(1077248K)
[2022-09-04T00:19:58.341+0000][1][gc           ] GC(9) Pause Young (Allocation Failure) 157M->38M(494M) 216.292ms
[2022-09-04T00:19:58.342+0000][1][gc,cpu       ] GC(9) User=0.73s Sys=0.01s Real=0.21s
[2022-09-04T00:19:58.354+0000][1][safepoint    ] Safepoint "GenCollectForAllocation", Time since last: 749883459 ns, Reaching safepoint: 620083 ns, At safepoint: 229857084 ns, Total: 230477167 ns
[2022-09-04T00:19:59.357+0000][1][safepoint    ] Safepoint "Cleanup", Time since last: 1001996625 ns, Reaching safepoint: 664584 ns, At safepoint: 25083 ns, Total: 689667 ns
[2022-09-04T00:20:00.360+0000][1][safepoint    ] Safepoint "Cleanup", Time since last: 1001654959 ns, Reaching safepoint: 750916 ns, At safepoint: 30084 ns, Total: 781000 ns
[2022-09-04T00:20:00.446+0000][1][safepoint    ] Safepoint "RevokeBias", Time since last: 85228542 ns, Reaching safepoint: 633083 ns, At safepoint: 331875 ns, Total: 964958 ns
[2022-09-04T00:20:01.451+0000][1][safepoint    ] Safepoint "Cleanup", Time since last: 1004452917 ns, Reaching safepoint: 904208 ns, At safepoint: 51917 ns, Total: 956125 ns
[2022-09-04T00:20:02.457+0000][1][safepoint    ] Safepoint "Cleanup", Time since last: 1002782000 ns, Reaching safepoint: 2830084 ns, At safepoint: 35875 ns, Total: 2865959 ns
[2022-09-04T00:20:02.712+0000][1][safepoint    ] Safepoint "CollectForMetadataAllocation", Time since last: 254195792 ns, Reaching safepoint: 429833 ns, At safepoint: 370083 ns, Total: 799916 ns
[2022-09-04T00:20:02.800+0000][1][safepoint    ] Safepoint "CollectForMetadataAllocation", Time since last: 87262459 ns, Reaching safepoint: 373041 ns, At safepoint: 214375 ns, Total: 587416 ns
[2022-09-04T00:20:02.891+0000][1][safepoint    ] Safepoint "CollectForMetadataAllocation", Time since last: 90734209 ns, Reaching safepoint: 346625 ns, At safepoint: 146125 ns, Total: 492750 ns
[2022-09-04T00:20:03.483+0000][1][gc,start     ] GC(10) Pause Young (Allocation Failure)
[2022-09-04T00:20:03.484+0000][1][gc,task      ] GC(10) Using 4 workers of 4 for evacuation
[2022-09-04T00:20:03.659+0000][1][gc,age       ] GC(10) Desired survivor size 8945664 bytes, new threshold 6 (max threshold 6)
[2022-09-04T00:20:03.660+0000][1][gc,age       ] GC(10) Age table with threshold 6 (max threshold 6)
[2022-09-04T00:20:03.662+0000][1][gc,age       ] GC(10) - age   1:    8637040 bytes,    8637040 total
[2022-09-04T00:20:03.663+0000][1][gc,heap      ] GC(10) ParNew: 157248K->17472K(157248K)
[2022-09-04T00:20:03.664+0000][1][gc,heap      ] GC(10) CMS: 21969K->39879K(349568K)
[2022-09-04T00:20:03.666+0000][1][gc,metaspace ] GC(10) Metaspace: 34780K->34780K(1081344K)
[2022-09-04T00:20:03.667+0000][1][gc           ] GC(10) Pause Young (Allocation Failure) 175M->56M(494M) 184.510ms
[2022-09-04T00:20:03.668+0000][1][gc,cpu       ] GC(10) User=0.66s Sys=0.01s Real=0.19s
[2022-09-04T00:20:03.670+0000][1][safepoint    ] Safepoint "GenCollectForAllocation", Time since last: 591270917 ns, Reaching safepoint: 548583 ns, At safepoint: 186932167 ns, Total: 187480750 ns
[2022-09-04T00:20:03.778+0000][1][gc,start     ] GC(11) Pause Initial Mark
[2022-09-04T00:20:03.831+0000][1][gc           ] GC(11) Pause Initial Mark 58M->58M(494M) 53.359ms
[2022-09-04T00:20:03.833+0000][1][gc,cpu       ] GC(11) User=0.14s Sys=0.02s Real=0.05s
[2022-09-04T00:20:03.839+0000][1][safepoint    ] Safepoint "CMS_Initial_Mark", Time since last: 83765583 ns, Reaching safepoint: 19965125 ns, At safepoint: 63221333 ns, Total: 83186458 ns
[2022-09-04T00:20:03.845+0000][1][gc           ] GC(11) Concurrent Mark
[2022-09-04T00:20:04.148+0000][1][gc           ] GC(11) Concurrent Mark 303.438ms
[2022-09-04T00:20:04.150+0000][1][gc,cpu       ] GC(11) User=0.90s Sys=0.13s Real=0.30s
[2022-09-04T00:20:04.152+0000][1][gc           ] GC(11) Concurrent Preclean
[2022-09-04T00:20:04.163+0000][1][gc           ] GC(11) Concurrent Preclean 10.861ms
[2022-09-04T00:20:04.166+0000][1][gc,cpu       ] GC(11) User=0.04s Sys=0.00s Real=0.02s
[2022-09-04T00:20:04.167+0000][1][gc           ] GC(11) Concurrent Abortable Preclean
[2022-09-04T00:20:04.734+0000][1][safepoint    ] Safepoint "CollectForMetadataAllocation", Time since last: 895647626 ns, Reaching safepoint: 949417 ns, At safepoint: 777875 ns, Total: 1727292 ns
[2022-09-04T00:20:05.438+0000][1][safepoint    ] Safepoint "CollectForMetadataAllocation", Time since last: 703436375 ns, Reaching safepoint: 735708 ns, At safepoint: 291334 ns, Total: 1027042 ns
[2022-09-04T00:20:06.262+0000][1][safepoint    ] Safepoint "CollectForMetadataAllocation", Time since last: 822307458 ns, Reaching safepoint: 631959 ns, At safepoint: 248250 ns, Total: 880209 ns
[2022-09-04T00:20:06.603+0000][1][safepoint    ] Safepoint "CollectForMetadataAllocation", Time since last: 340432958 ns, Reaching safepoint: 433500 ns, At safepoint: 114125 ns, Total: 547625 ns
[2022-09-04T00:20:06.748+0000][1][safepoint    ] Safepoint "CollectForMetadataAllocation", Time since last: 144891584 ns, Reaching safepoint: 372833 ns, At safepoint: 124208 ns, Total: 497041 ns
[2022-09-04T00:20:06.929+0000][1][safepoint    ] Safepoint "CollectForMetadataAllocation", Time since last: 180228792 ns, Reaching safepoint: 718625 ns, At safepoint: 167250 ns, Total: 885875 ns
[2022-09-04T00:20:07.007+0000][1][safepoint    ] Safepoint "CollectForMetadataAllocation", Time since last: 77042250 ns, Reaching safepoint: 501958 ns, At safepoint: 210250 ns, Total: 712208 ns
[2022-09-04T00:20:07.103+0000][1][safepoint    ] Safepoint "CollectForMetadataAllocation", Time since last: 95086625 ns, Reaching safepoint: 650417 ns, At safepoint: 167250 ns, Total: 817667 ns
[2022-09-04T00:20:07.194+0000][1][safepoint    ] Safepoint "CollectForMetadataAllocation", Time since last: 90449792 ns, Reaching safepoint: 438541 ns, At safepoint: 169959 ns, Total: 608500 ns
[2022-09-04T00:20:07.307+0000][1][safepoint    ] Safepoint "CollectForMetadataAllocation", Time since last: 112231958 ns, Reaching safepoint: 390417 ns, At safepoint: 167125 ns, Total: 557542 ns
[2022-09-04T00:20:07.445+0000][1][safepoint    ] Safepoint "CollectForMetadataAllocation", Time since last: 137882500 ns, Reaching safepoint: 336375 ns, At safepoint: 204208 ns, Total: 540583 ns
[2022-09-04T00:20:07.512+0000][1][safepoint    ] Safepoint "CollectForMetadataAllocation", Time since last: 66824292 ns, Reaching safepoint: 164208 ns, At safepoint: 154917 ns, Total: 319125 ns
[2022-09-04T00:20:07.674+0000][1][safepoint    ] Safepoint "CollectForMetadataAllocation", Time since last: 159442417 ns, Reaching safepoint: 2232625 ns, At safepoint: 151291 ns, Total: 2383916 ns
[2022-09-04T00:20:07.689+0000][1][safepoint    ] Safepoint "RevokeBias", Time since last: 13455000 ns, Reaching safepoint: 188625 ns, At safepoint: 1472167 ns, Total: 1660792 ns
[2022-09-04T00:20:07.701+0000][1][safepoint    ] Safepoint "Deoptimize", Time since last: 9684625 ns, Reaching safepoint: 138417 ns, At safepoint: 2052125 ns, Total: 2190542 ns
[2022-09-04T00:20:07.819+0000][1][safepoint    ] Safepoint "CollectForMetadataAllocation", Time since last: 117551250 ns, Reaching safepoint: 515250 ns, At safepoint: 174291 ns, Total: 689541 ns
[2022-09-04T00:20:07.948+0000][1][safepoint    ] Safepoint "CollectForMetadataAllocation", Time since last: 127458167 ns, Reaching safepoint: 794917 ns, At safepoint: 169000 ns, Total: 963917 ns
[2022-09-04T00:20:08.076+0000][1][safepoint    ] Safepoint "CollectForMetadataAllocation", Time since last: 127136792 ns, Reaching safepoint: 683541 ns, At safepoint: 138625 ns, Total: 822166 ns
[2022-09-04T00:20:08.179+0000][1][safepoint    ] Safepoint "CollectForMetadataAllocation", Time since last: 102440917 ns, Reaching safepoint: 374583 ns, At safepoint: 183459 ns, Total: 558042 ns
[2022-09-04T00:20:08.281+0000][1][safepoint    ] Safepoint "CollectForMetadataAllocation", Time since last: 102196958 ns, Reaching safepoint: 361417 ns, At safepoint: 146958 ns, Total: 508375 ns
[2022-09-04T00:20:08.387+0000][1][safepoint    ] Safepoint "CollectForMetadataAllocation", Time since last: 105394792 ns, Reaching safepoint: 361583 ns, At safepoint: 257042 ns, Total: 618625 ns
[2022-09-04T00:20:08.492+0000][1][safepoint    ] Safepoint "CollectForMetadataAllocation", Time since last: 104032916 ns, Reaching safepoint: 330584 ns, At safepoint: 200041 ns, Total: 530625 ns
[2022-09-04T00:20:08.684+0000][1][safepoint    ] Safepoint "CollectForMetadataAllocation", Time since last: 191246750 ns, Reaching safepoint: 506709 ns, At safepoint: 186875 ns, Total: 693584 ns
[2022-09-04T00:20:08.822+0000][1][safepoint    ] Safepoint "CollectForMetadataAllocation", Time since last: 137772708 ns, Reaching safepoint: 381417 ns, At safepoint: 163625 ns, Total: 545042 ns
[2022-09-04T00:20:08.957+0000][1][safepoint    ] Safepoint "CollectForMetadataAllocation", Time since last: 133900333 ns, Reaching safepoint: 506125 ns, At safepoint: 181542 ns, Total: 687667 ns
[2022-09-04T00:20:09.063+0000][1][safepoint    ] Safepoint "CollectForMetadataAllocation", Time since last: 106033083 ns, Reaching safepoint: 382959 ns, At safepoint: 207666 ns, Total: 590625 ns
[2022-09-04T00:20:09.238+0000][1][safepoint    ] Safepoint "CollectForMetadataAllocation", Time since last: 174512417 ns, Reaching safepoint: 138208 ns, At safepoint: 216334 ns, Total: 354542 ns
[2022-09-04T00:20:09.275+0000][1][gc           ] GC(11) Concurrent Abortable Preclean 5107.625ms
[2022-09-04T00:20:09.276+0000][1][gc,cpu       ] GC(11) User=15.12s Sys=0.58s Real=5.11s
[2022-09-04T00:20:09.281+0000][1][gc,start     ] GC(11) Pause Remark
[2022-09-04T00:20:09.482+0000][1][gc           ] GC(11) Pause Remark 162M->162M(494M) 201.310ms
[2022-09-04T00:20:09.484+0000][1][gc,cpu       ] GC(11) User=0.51s Sys=0.02s Real=0.21s
[2022-09-04T00:20:09.486+0000][1][safepoint    ] Safepoint "CMS_Final_Remark", Time since last: 39679916 ns, Reaching safepoint: 2557917 ns, At safepoint: 205400292 ns, Total: 207958209 ns
[2022-09-04T00:20:09.488+0000][1][gc           ] GC(11) Concurrent Sweep
[2022-09-04T00:20:09.611+0000][1][gc           ] GC(11) Concurrent Sweep 122.642ms
[2022-09-04T00:20:09.615+0000][1][gc,cpu       ] GC(11) User=0.33s Sys=0.00s Real=0.13s
[2022-09-04T00:20:09.617+0000][1][gc           ] GC(11) Concurrent Reset
[2022-09-04T00:20:09.619+0000][1][gc           ] GC(11) Concurrent Reset 2.397ms
[2022-09-04T00:20:09.621+0000][1][gc,cpu       ] GC(11) User=0.00s Sys=0.00s Real=0.00s
[2022-09-04T00:20:09.624+0000][1][gc,heap      ] GC(11) Old: 39879K->39712K(349568K)
[2022-09-04T00:20:10.492+0000][1][safepoint    ] Safepoint "Cleanup", Time since last: 1001563792 ns, Reaching safepoint: 4121167 ns, At safepoint: 31666 ns, Total: 4152833 ns
[2022-09-04T00:20:10.818+0000][1][safepoint    ] Safepoint "RevokeBias", Time since last: 325404750 ns, Reaching safepoint: 522084 ns, At safepoint: 376291 ns, Total: 898375 ns
[2022-09-04T00:20:10.835+0000][1][safepoint    ] Safepoint "RevokeBias", Time since last: 16217875 ns, Reaching safepoint: 994209 ns, At safepoint: 269625 ns, Total: 1263834 ns
[2022-09-04T00:20:11.838+0000][1][safepoint    ] Safepoint "Cleanup", Time since last: 1001685834 ns, Reaching safepoint: 754375 ns, At safepoint: 30166 ns, Total: 784541 ns
[2022-09-04T00:20:14.842+0000][1][safepoint    ] Safepoint "Cleanup", Time since last: 3003266168 ns, Reaching safepoint: 496584 ns, At safepoint: 27750 ns, Total: 524334 ns
[2022-09-04T00:20:15.544+0000][1][gc,start     ] GC(12) Pause Young (Allocation Failure)
[2022-09-04T00:20:15.548+0000][1][gc,task      ] GC(12) Using 4 workers of 4 for evacuation
[2022-09-04T00:20:15.619+0000][1][gc,age       ] GC(12) Desired survivor size 8945664 bytes, new threshold 2 (max threshold 6)
[2022-09-04T00:20:15.621+0000][1][gc,age       ] GC(12) Age table with threshold 2 (max threshold 6)
[2022-09-04T00:20:15.623+0000][1][gc,age       ] GC(12) - age   1:    4014736 bytes,    4014736 total
[2022-09-04T00:20:15.624+0000][1][gc,age       ] GC(12) - age   2:    8551760 bytes,   12566496 total
[2022-09-04T00:20:15.625+0000][1][gc,heap      ] GC(12) ParNew: 157248K->13802K(157248K)
[2022-09-04T00:20:15.628+0000][1][gc,heap      ] GC(12) CMS: 39712K->39712K(349568K)
[2022-09-04T00:20:15.629+0000][1][gc,metaspace ] GC(12) Metaspace: 44870K->44870K(1091584K)
[2022-09-04T00:20:15.631+0000][1][gc           ] GC(12) Pause Young (Allocation Failure) 192M->52M(494M) 86.724ms
[2022-09-04T00:20:15.632+0000][1][gc,cpu       ] GC(12) User=0.24s Sys=0.01s Real=0.08s
[2022-09-04T00:20:15.633+0000][1][safepoint    ] Safepoint "GenCollectForAllocation", Time since last: 701759542 ns, Reaching safepoint: 558291 ns, At safepoint: 89417209 ns, Total: 89975500 ns
[2022-09-04T00:20:15.660+0000][1][safepoint    ] Safepoint "BulkRevokeBias", Time since last: 25225750 ns, Reaching safepoint: 259416 ns, At safepoint: 907167 ns, Total: 1166583 ns
[2022-09-04T00:20:15.837+0000][1][safepoint    ] Safepoint "RevokeBias", Time since last: 174065375 ns, Reaching safepoint: 2600959 ns, At safepoint: 234041 ns, Total: 2835000 ns
[2022-09-04T00:20:15.849+0000][1][safepoint    ] Safepoint "RevokeBias", Time since last: 12274792 ns, Reaching safepoint: 452500 ns, At safepoint: 159875 ns, Total: 612375 ns
[2022-09-04T00:20:15.852+0000][1][safepoint    ] Safepoint "RevokeBias", Time since last: 2157625 ns, Reaching safepoint: 437708 ns, At safepoint: 245917 ns, Total: 683625 ns
[2022-09-04T00:20:15.856+0000][1][safepoint    ] Safepoint "RevokeBias", Time since last: 3312333 ns, Reaching safepoint: 449667 ns, At safepoint: 268000 ns, Total: 717667 ns
[2022-09-04T00:20:15.859+0000][1][safepoint    ] Safepoint "RevokeBias", Time since last: 2037792 ns, Reaching safepoint: 486500 ns, At safepoint: 231208 ns, Total: 717708 ns
[2022-09-04T00:20:15.863+0000][1][safepoint    ] Safepoint "RevokeBias", Time since last: 2569875 ns, Reaching safepoint: 707583 ns, At safepoint: 278000 ns, Total: 985583 ns
[2022-09-04T00:20:15.866+0000][1][safepoint    ] Safepoint "RevokeBias", Time since last: 2347000 ns, Reaching safepoint: 351625 ns, At safepoint: 278875 ns, Total: 630500 ns
[2022-09-04T00:20:15.869+0000][1][safepoint    ] Safepoint "RevokeBias", Time since last: 2218209 ns, Reaching safepoint: 751458 ns, At safepoint: 290833 ns, Total: 1042291 ns
[2022-09-04T00:20:15.872+0000][1][safepoint    ] Safepoint "RevokeBias", Time since last: 2126125 ns, Reaching safepoint: 1150417 ns, At safepoint: 236542 ns, Total: 1386959 ns
[2022-09-04T00:20:15.876+0000][1][safepoint    ] Safepoint "RevokeBias", Time since last: 1405708 ns, Reaching safepoint: 2289917 ns, At safepoint: 175958 ns, Total: 2465875 ns
[2022-09-04T00:20:15.879+0000][1][safepoint    ] Safepoint "RevokeBias", Time since last: 1817375 ns, Reaching safepoint: 559125 ns, At safepoint: 248958 ns, Total: 808083 ns
[2022-09-04T00:20:15.882+0000][1][safepoint    ] Safepoint "RevokeBias", Time since last: 1911417 ns, Reaching safepoint: 782667 ns, At safepoint: 274500 ns, Total: 1057167 ns
[2022-09-04T00:20:15.885+0000][1][safepoint    ] Safepoint "RevokeBias", Time since last: 2662541 ns, Reaching safepoint: 425084 ns, At safepoint: 301916 ns, Total: 727000 ns
[2022-09-04T00:20:15.889+0000][1][safepoint    ] Safepoint "RevokeBias", Time since last: 2797542 ns, Reaching safepoint: 289792 ns, At safepoint: 246000 ns, Total: 535792 ns
[2022-09-04T00:20:15.893+0000][1][safepoint    ] Safepoint "RevokeBias", Time since last: 3415958 ns, Reaching safepoint: 408375 ns, At safepoint: 263292 ns, Total: 671667 ns
[2022-09-04T00:20:15.895+0000][1][safepoint    ] Safepoint "RevokeBias", Time since last: 1759541 ns, Reaching safepoint: 236250 ns, At safepoint: 170375 ns, Total: 406625 ns
[2022-09-04T00:20:15.900+0000][1][safepoint    ] Safepoint "RevokeBias", Time since last: 4601292 ns, Reaching safepoint: 360417 ns, At safepoint: 251666 ns, Total: 612083 ns
[2022-09-04T00:20:15.903+0000][1][safepoint    ] Safepoint "RevokeBias", Time since last: 2065792 ns, Reaching safepoint: 501125 ns, At safepoint: 250458 ns, Total: 751583 ns
[2022-09-04T00:20:15.906+0000][1][safepoint    ] Safepoint "RevokeBias", Time since last: 2190042 ns, Reaching safepoint: 433000 ns, At safepoint: 240292 ns, Total: 673292 ns
[2022-09-04T00:20:15.909+0000][1][safepoint    ] Safepoint "RevokeBias", Time since last: 2278916 ns, Reaching safepoint: 753042 ns, At safepoint: 235250 ns, Total: 988292 ns
[2022-09-04T00:20:15.911+0000][1][safepoint    ] Safepoint "RevokeBias", Time since last: 1927208 ns, Reaching safepoint: 246875 ns, At safepoint: 181084 ns, Total: 427959 ns
[2022-09-04T00:20:15.915+0000][1][safepoint    ] Safepoint "BulkRevokeBias", Time since last: 2268083 ns, Reaching safepoint: 380833 ns, At safepoint: 513167 ns, Total: 894000 ns
[2022-09-04T00:20:15.917+0000][1][safepoint    ] Safepoint "RevokeBias", Time since last: 2346708 ns, Reaching safepoint: 240084 ns, At safepoint: 238000 ns, Total: 478084 ns
[2022-09-04T00:20:15.921+0000][1][safepoint    ] Safepoint "RevokeBias", Time since last: 2942916 ns, Reaching safepoint: 440459 ns, At safepoint: 154541 ns, Total: 595000 ns
[2022-09-04T00:20:15.922+0000][1][safepoint    ] Safepoint "RevokeBias", Time since last: 883542 ns, Reaching safepoint: 278333 ns, At safepoint: 291167 ns, Total: 569500 ns
[2022-09-04T00:20:15.924+0000][1][safepoint    ] Safepoint "RevokeBias", Time since last: 733042 ns, Reaching safepoint: 431750 ns, At safepoint: 419291 ns, Total: 851041 ns
[2022-09-04T00:20:15.926+0000][1][safepoint    ] Safepoint "RevokeBias", Time since last: 1569000 ns, Reaching safepoint: 236292 ns, At safepoint: 165458 ns, Total: 401750 ns
[2022-09-04T00:20:15.930+0000][1][safepoint    ] Safepoint "RevokeBias", Time since last: 3005875 ns, Reaching safepoint: 564250 ns, At safepoint: 121917 ns, Total: 686167 ns
[2022-09-04T00:20:15.936+0000][1][safepoint    ] Safepoint "RevokeBias", Time since last: 4856542 ns, Reaching safepoint: 957416 ns, At safepoint: 163000 ns, Total: 1120416 ns
[2022-09-04T00:20:15.943+0000][1][safepoint    ] Safepoint "RevokeBias", Time since last: 6485667 ns, Reaching safepoint: 518333 ns, At safepoint: 168125 ns, Total: 686458 ns
[2022-09-04T00:20:15.945+0000][1][safepoint    ] Safepoint "RevokeBias", Time since last: 1719167 ns, Reaching safepoint: 364125 ns, At safepoint: 135750 ns, Total: 499875 ns
[2022-09-04T00:20:15.947+0000][1][safepoint    ] Safepoint "RevokeBias", Time since last: 1398250 ns, Reaching safepoint: 932417 ns, At safepoint: 156625 ns, Total: 1089042 ns
[2022-09-04T00:20:15.950+0000][1][safepoint    ] Safepoint "RevokeBias", Time since last: 1892291 ns, Reaching safepoint: 500375 ns, At safepoint: 150167 ns, Total: 650542 ns
[2022-09-04T00:20:15.955+0000][1][safepoint    ] Safepoint "RevokeBias", Time since last: 3962375 ns, Reaching safepoint: 556958 ns, At safepoint: 170709 ns, Total: 727667 ns
[2022-09-04T00:20:15.961+0000][1][safepoint    ] Safepoint "RevokeBias", Time since last: 5377958 ns, Reaching safepoint: 468708 ns, At safepoint: 149375 ns, Total: 618083 ns
[2022-09-04T00:20:16.003+0000][1][safepoint    ] Safepoint "RevokeBias", Time since last: 41421334 ns, Reaching safepoint: 459208 ns, At safepoint: 208417 ns, Total: 667625 ns
[2022-09-04T00:20:17.132+0000][1][safepoint    ] Safepoint "Cleanup", Time since last: 1128199750 ns, Reaching safepoint: 1113042 ns, At safepoint: 22833 ns, Total: 1135875 ns
[2022-09-04T00:20:17.404+0000][1][safepoint    ] Safepoint "ICBufferFull", Time since last: 270670250 ns, Reaching safepoint: 1191667 ns, At safepoint: 46292 ns, Total: 1237959 ns
[2022-09-04T00:20:18.267+0000][1][safepoint    ] Safepoint "RevokeBias", Time since last: 861664208 ns, Reaching safepoint: 1429375 ns, At safepoint: 300917 ns, Total: 1730292 ns
[2022-09-04T00:20:18.294+0000][1][safepoint    ] Safepoint "RevokeBias", Time since last: 26422958 ns, Reaching safepoint: 254042 ns, At safepoint: 296000 ns, Total: 550042 ns
[2022-09-04T00:20:19.238+0000][1][safepoint    ] Safepoint "RevokeBias", Time since last: 941435792 ns, Reaching safepoint: 2216417 ns, At safepoint: 295541 ns, Total: 2511958 ns
[2022-09-04T00:20:19.243+0000][1][safepoint    ] Safepoint "RevokeBias", Time since last: 3506292 ns, Reaching safepoint: 1106167 ns, At safepoint: 127458 ns, Total: 1233625 ns
[2022-09-04T00:20:19.248+0000][1][safepoint    ] Safepoint "RevokeBias", Time since last: 3744875 ns, Reaching safepoint: 497292 ns, At safepoint: 291125 ns, Total: 788417 ns
[2022-09-04T00:20:19.538+0000][1][safepoint    ] Safepoint "RevokeBias", Time since last: 289200250 ns, Reaching safepoint: 922583 ns, At safepoint: 247292 ns, Total: 1169875 ns
[2022-09-04T00:20:19.544+0000][1][safepoint    ] Safepoint "RevokeBias", Time since last: 5296875 ns, Reaching safepoint: 907250 ns, At safepoint: 301167 ns, Total: 1208417 ns
[2022-09-04T00:20:19.549+0000][1][safepoint    ] Safepoint "RevokeBias", Time since last: 3289666 ns, Reaching safepoint: 703000 ns, At safepoint: 254584 ns, Total: 957584 ns
[2022-09-04T00:20:19.560+0000][1][safepoint    ] Safepoint "RevokeBias", Time since last: 9970375 ns, Reaching safepoint: 607250 ns, At safepoint: 256833 ns, Total: 864083 ns
[2022-09-04T00:20:19.569+0000][1][safepoint    ] Safepoint "RevokeBias", Time since last: 8777875 ns, Reaching safepoint: 572958 ns, At safepoint: 146459 ns, Total: 719417 ns
[2022-09-04T00:20:19.582+0000][1][safepoint    ] Safepoint "RevokeBias", Time since last: 11913250 ns, Reaching safepoint: 547166 ns, At safepoint: 136959 ns, Total: 684125 ns
[2022-09-04T00:20:19.588+0000][1][safepoint    ] Safepoint "RevokeBias", Time since last: 5512041 ns, Reaching safepoint: 465042 ns, At safepoint: 175792 ns, Total: 640834 ns
[2022-09-04T00:20:19.592+0000][1][safepoint    ] Safepoint "RevokeBias", Time since last: 3683500 ns, Reaching safepoint: 287666 ns, At safepoint: 190084 ns, Total: 477750 ns
[2022-09-04T00:20:19.595+0000][1][safepoint    ] Safepoint "RevokeBias", Time since last: 1869666 ns, Reaching safepoint: 503417 ns, At safepoint: 261833 ns, Total: 765250 ns
[2022-09-04T00:20:19.621+0000][1][safepoint    ] Safepoint "RevokeBias", Time since last: 25136500 ns, Reaching safepoint: 754667 ns, At safepoint: 196333 ns, Total: 951000 ns
[2022-09-04T00:20:19.625+0000][1][safepoint    ] Safepoint "RevokeBias", Time since last: 3001750 ns, Reaching safepoint: 632834 ns, At safepoint: 241791 ns, Total: 874625 ns
[2022-09-04T00:20:19.627+0000][1][safepoint    ] Safepoint "RevokeBias", Time since last: 1931459 ns, Reaching safepoint: 782416 ns, At safepoint: 140959 ns, Total: 923375 ns
[2022-09-04T00:20:19.630+0000][1][safepoint    ] Safepoint "RevokeBias", Time since last: 2321166 ns, Reaching safepoint: 242667 ns, At safepoint: 175917 ns, Total: 418584 ns
[2022-09-04T00:20:19.632+0000][1][safepoint    ] Safepoint "RevokeBias", Time since last: 1716833 ns, Reaching safepoint: 206792 ns, At safepoint: 260708 ns, Total: 467500 ns
[2022-09-04T00:20:19.634+0000][1][safepoint    ] Safepoint "RevokeBias", Time since last: 1603583 ns, Reaching safepoint: 159584 ns, At safepoint: 315083 ns, Total: 474667 ns
[2022-09-04T00:20:19.637+0000][1][safepoint    ] Safepoint "RevokeBias", Time since last: 1691833 ns, Reaching safepoint: 249542 ns, At safepoint: 170583 ns, Total: 420125 ns
[2022-09-04T00:20:19.639+0000][1][safepoint    ] Safepoint "RevokeBias", Time since last: 1353584 ns, Reaching safepoint: 446541 ns, At safepoint: 243625 ns, Total: 690166 ns
[2022-09-04T00:20:19.641+0000][1][safepoint    ] Safepoint "BulkRevokeBias", Time since last: 1314375 ns, Reaching safepoint: 279125 ns, At safepoint: 759625 ns, Total: 1038750 ns
[2022-09-04T00:20:19.646+0000][1][safepoint    ] Safepoint "RevokeBias", Time since last: 4668667 ns, Reaching safepoint: 371667 ns, At safepoint: 180541 ns, Total: 552208 ns
[2022-09-04T00:20:19.649+0000][1][safepoint    ] Safepoint "RevokeBias", Time since last: 2473834 ns, Reaching safepoint: 325916 ns, At safepoint: 361834 ns, Total: 687750 ns
[2022-09-04T00:20:19.652+0000][1][safepoint    ] Safepoint "RevokeBias", Time since last: 1828250 ns, Reaching safepoint: 464750 ns, At safepoint: 185541 ns, Total: 650291 ns
[2022-09-04T00:20:19.654+0000][1][safepoint    ] Safepoint "RevokeBias", Time since last: 1178917 ns, Reaching safepoint: 1076500 ns, At safepoint: 125750 ns, Total: 1202250 ns
[2022-09-04T00:20:19.657+0000][1][safepoint    ] Safepoint "RevokeBias", Time since last: 2683083 ns, Reaching safepoint: 282500 ns, At safepoint: 218125 ns, Total: 500625 ns
[2022-09-04T00:20:19.683+0000][1][safepoint    ] Safepoint "RevokeBias", Time since last: 24695875 ns, Reaching safepoint: 552292 ns, At safepoint: 312583 ns, Total: 864875 ns
[2022-09-04T00:20:19.691+0000][1][safepoint    ] Safepoint "RevokeBias", Time since last: 6971334 ns, Reaching safepoint: 494250 ns, At safepoint: 251166 ns, Total: 745416 ns
[2022-09-04T00:20:19.694+0000][1][safepoint    ] Safepoint "RevokeBias", Time since last: 2920042 ns, Reaching safepoint: 392667 ns, At safepoint: 241583 ns, Total: 634250 ns
[2022-09-04T00:20:19.699+0000][1][safepoint    ] Safepoint "RevokeBias", Time since last: 4570375 ns, Reaching safepoint: 412542 ns, At safepoint: 262791 ns, Total: 675333 ns
[2022-09-04T00:20:19.701+0000][1][safepoint    ] Safepoint "RevokeBias", Time since last: 1208667 ns, Reaching safepoint: 420208 ns, At safepoint: 373834 ns, Total: 794042 ns
[2022-09-04T00:20:19.703+0000][1][safepoint    ] Safepoint "RevokeBias", Time since last: 946708 ns, Reaching safepoint: 412917 ns, At safepoint: 210375 ns, Total: 623292 ns
[2022-09-04T00:20:19.709+0000][1][safepoint    ] Safepoint "RevokeBias", Time since last: 5064833 ns, Reaching safepoint: 505583 ns, At safepoint: 257500 ns, Total: 763083 ns
[2022-09-04T00:20:19.714+0000][1][safepoint    ] Safepoint "RevokeBias", Time since last: 3869667 ns, Reaching safepoint: 1005875 ns, At safepoint: 208417 ns, Total: 1214292 ns
[2022-09-04T00:20:19.722+0000][1][safepoint    ] Safepoint "RevokeBias", Time since last: 6887208 ns, Reaching safepoint: 582917 ns, At safepoint: 269000 ns, Total: 851917 ns
[2022-09-04T00:20:19.738+0000][1][safepoint    ] Safepoint "RevokeBias", Time since last: 15503208 ns, Reaching safepoint: 895708 ns, At safepoint: 398584 ns, Total: 1294292 ns
[2022-09-04T00:20:19.770+0000][1][safepoint    ] Safepoint "RevokeBias", Time since last: 30579958 ns, Reaching safepoint: 636875 ns, At safepoint: 250458 ns, Total: 887333 ns
[2022-09-04T00:20:19.779+0000][1][safepoint    ] Safepoint "RevokeBias", Time since last: 5126875 ns, Reaching safepoint: 2530375 ns, At safepoint: 1252459 ns, Total: 3782834 ns
[2022-09-04T00:20:19.788+0000][1][safepoint    ] Safepoint "RevokeBias", Time since last: 5352750 ns, Reaching safepoint: 3678875 ns, At safepoint: 241916 ns, Total: 3920791 ns
[2022-09-04T00:20:19.895+0000][1][safepoint    ] Safepoint "BulkRevokeBias", Time since last: 70368084 ns, Reaching safepoint: 20014958 ns, At safepoint: 13883542 ns, Total: 33898500 ns
[2022-09-04T00:20:20.253+0000][1][safepoint    ] Safepoint "RevokeBias", Time since last: 352729375 ns, Reaching safepoint: 7009333 ns, At safepoint: 1059167 ns, Total: 8068500 ns
[2022-09-04T00:20:20.518+0000][1][safepoint    ] Safepoint "RevokeBias", Time since last: 262786083 ns, Reaching safepoint: 2311167 ns, At safepoint: 175167 ns, Total: 2486334 ns
[2022-09-04T00:20:20.525+0000][1][safepoint    ] Safepoint "RevokeBias", Time since last: 3630458 ns, Reaching safepoint: 2394333 ns, At safepoint: 135917 ns, Total: 2530250 ns
[2022-09-04T00:20:20.543+0000][1][safepoint    ] Safepoint "RevokeBias", Time since last: 12005542 ns, Reaching safepoint: 5710375 ns, At safepoint: 220958 ns, Total: 5931333 ns
[2022-09-04T00:20:20.861+0000][1][safepoint    ] Safepoint "RevokeBias", Time since last: 318115709 ns, Reaching safepoint: 442291 ns, At safepoint: 203792 ns, Total: 646083 ns
[2022-09-04T00:20:21.556+0000][1][safepoint    ] Safepoint "RevokeBias", Time since last: 693288833 ns, Reaching safepoint: 1526042 ns, At safepoint: 173208 ns, Total: 1699250 ns
[2022-09-04T00:20:21.566+0000][1][safepoint    ] Safepoint "RevokeBias", Time since last: 9350125 ns, Reaching safepoint: 363875 ns, At safepoint: 72917 ns, Total: 436792 ns
[2022-09-04T00:20:21.569+0000][1][safepoint    ] Safepoint "RevokeBias", Time since last: 3085708 ns, Reaching safepoint: 219334 ns, At safepoint: 59666 ns, Total: 279000 ns
[2022-09-04T00:20:22.137+0000][1][safepoint    ] Safepoint "RevokeBias", Time since last: 567394459 ns, Reaching safepoint: 430583 ns, At safepoint: 513334 ns, Total: 943917 ns
[2022-09-04T00:20:23.162+0000][1][safepoint    ] Safepoint "Cleanup", Time since last: 1020602458 ns, Reaching safepoint: 3954584 ns, At safepoint: 33583 ns, Total: 3988167 ns
[2022-09-04T00:20:23.574+0000][1][gc,start     ] GC(13) Pause Young (Allocation Failure)
[2022-09-04T00:20:23.578+0000][1][gc,task      ] GC(13) Using 4 workers of 4 for evacuation
[2022-09-04T00:20:23.710+0000][1][gc,age       ] GC(13) Desired survivor size 8945664 bytes, new threshold 6 (max threshold 6)
[2022-09-04T00:20:23.711+0000][1][gc,age       ] GC(13) Age table with threshold 6 (max threshold 6)
[2022-09-04T00:20:23.713+0000][1][gc,age       ] GC(13) - age   1:    4238160 bytes,    4238160 total
[2022-09-04T00:20:23.714+0000][1][gc,age       ] GC(13) - age   2:    3856016 bytes,    8094176 total
[2022-09-04T00:20:23.717+0000][1][gc,heap      ] GC(13) ParNew: 153578K->13661K(157248K)
[2022-09-04T00:20:23.718+0000][1][gc,heap      ] GC(13) CMS: 39712K->48071K(349568K)
[2022-09-04T00:20:23.719+0000][1][gc,metaspace ] GC(13) Metaspace: 54984K->54984K(1099776K)
[2022-09-04T00:20:23.721+0000][1][gc           ] GC(13) Pause Young (Allocation Failure) 188M->60M(494M) 146.627ms
[2022-09-04T00:20:23.722+0000][1][gc,cpu       ] GC(13) User=0.45s Sys=0.03s Real=0.14s
[2022-09-04T00:20:23.725+0000][1][safepoint    ] Safepoint "GenCollectForAllocation", Time since last: 411170917 ns, Reaching safepoint: 433875 ns, At safepoint: 151464417 ns, Total: 151898292 ns
[2022-09-04T00:20:23.743+0000][1][safepoint    ] Safepoint "RevokeBias", Time since last: 17193416 ns, Reaching safepoint: 264542 ns, At safepoint: 84542 ns, Total: 349084 ns
[2022-09-04T00:20:23.744+0000][1][safepoint    ] Safepoint "RevokeBias", Time since last: 1713583 ns, Reaching safepoint: 121542 ns, At safepoint: 61958 ns, Total: 183500 ns
[2022-09-04T00:20:23.746+0000][1][safepoint    ] Safepoint "RevokeBias", Time since last: 1083708 ns, Reaching safepoint: 435375 ns, At safepoint: 55375 ns, Total: 490750 ns
[2022-09-04T00:20:23.748+0000][1][safepoint    ] Safepoint "RevokeBias", Time since last: 1392125 ns, Reaching safepoint: 120417 ns, At safepoint: 59708 ns, Total: 180125 ns
[2022-09-04T00:20:23.749+0000][1][safepoint    ] Safepoint "RevokeBias", Time since last: 1343334 ns, Reaching safepoint: 107875 ns, At safepoint: 55208 ns, Total: 163083 ns
[2022-09-04T00:20:23.751+0000][1][safepoint    ] Safepoint "RevokeBias", Time since last: 1377500 ns, Reaching safepoint: 111917 ns, At safepoint: 56833 ns, Total: 168750 ns
[2022-09-04T00:20:24.754+0000][1][safepoint    ] Safepoint "Cleanup", Time since last: 1000987917 ns, Reaching safepoint: 2415167 ns, At safepoint: 33125 ns, Total: 2448292 ns
[2022-09-04T00:20:25.759+0000][1][safepoint    ] Safepoint "Cleanup", Time since last: 1001437667 ns, Reaching safepoint: 3010833 ns, At safepoint: 30250 ns, Total: 3041083 ns
[2022-09-04T00:20:26.206+0000][1][safepoint    ] Safepoint "RevokeBias", Time since last: 446189001 ns, Reaching safepoint: 820458 ns, At safepoint: 403000 ns, Total: 1223458 ns
[2022-09-04T00:20:26.209+0000][1][safepoint    ] Safepoint "RevokeBias", Time since last: 2681500 ns, Reaching safepoint: 249583 ns, At safepoint: 161584 ns, Total: 411167 ns
[2022-09-04T00:20:26.212+0000][1][safepoint    ] Safepoint "RevokeBias", Time since last: 2437375 ns, Reaching safepoint: 368458 ns, At safepoint: 177875 ns, Total: 546333 ns
[2022-09-04T00:20:26.235+0000][1][safepoint    ] Safepoint "RevokeBias", Time since last: 22663208 ns, Reaching safepoint: 335792 ns, At safepoint: 168292 ns, Total: 504084 ns
[2022-09-04T00:20:27.150+0000][1][safepoint    ] Safepoint "RevokeBias", Time since last: 913360750 ns, Reaching safepoint: 980583 ns, At safepoint: 73417 ns, Total: 1054000 ns
[2022-09-04T00:20:27.448+0000][1][safepoint    ] Safepoint "Deoptimize", Time since last: 295977000 ns, Reaching safepoint: 390083 ns, At safepoint: 1910375 ns, Total: 2300458 ns
[2022-09-04T00:20:28.047+0000][1][safepoint    ] Safepoint "BulkRevokeBias", Time since last: 597508834 ns, Reaching safepoint: 781458 ns, At safepoint: 744209 ns, Total: 1525667 ns
[2022-09-04T00:20:28.641+0000][1][safepoint    ] Safepoint "RevokeBias", Time since last: 593087708 ns, Reaching safepoint: 1031625 ns, At safepoint: 220542 ns, Total: 1252167 ns
[2022-09-04T00:20:28.645+0000][1][safepoint    ] Safepoint "RevokeBias", Time since last: 2699917 ns, Reaching safepoint: 459291 ns, At safepoint: 302750 ns, Total: 762041 ns
[2022-09-04T00:20:28.648+0000][1][safepoint    ] Safepoint "RevokeBias", Time since last: 2861500 ns, Reaching safepoint: 325959 ns, At safepoint: 119541 ns, Total: 445500 ns
[2022-09-04T00:20:29.226+0000][1][safepoint    ] Safepoint "RevokeBias", Time since last: 577376126 ns, Reaching safepoint: 579833 ns, At safepoint: 75542 ns, Total: 655375 ns
[2022-09-04T00:20:30.229+0000][1][safepoint    ] Safepoint "Cleanup", Time since last: 1001958958 ns, Reaching safepoint: 811000 ns, At safepoint: 35917 ns, Total: 846917 ns
[2022-09-04T00:20:30.305+0000][1][safepoint    ] Safepoint "Deoptimize", Time since last: 73775083 ns, Reaching safepoint: 424417 ns, At safepoint: 1520542 ns, Total: 1944959 ns
[2022-09-04T00:20:30.654+0000][1][safepoint    ] Safepoint "RevokeBias", Time since last: 348437417 ns, Reaching safepoint: 690500 ns, At safepoint: 257041 ns, Total: 947541 ns
[2022-09-04T00:20:30.660+0000][1][safepoint    ] Safepoint "RevokeBias", Time since last: 5178042 ns, Reaching safepoint: 204208 ns, At safepoint: 146667 ns, Total: 350875 ns
[2022-09-04T00:20:30.666+0000][1][safepoint    ] Safepoint "RevokeBias", Time since last: 6277208 ns, Reaching safepoint: 130334 ns, At safepoint: 147416 ns, Total: 277750 ns
[2022-09-04T00:20:30.672+0000][1][safepoint    ] Safepoint "RevokeBias", Time since last: 5222667 ns, Reaching safepoint: 287833 ns, At safepoint: 140084 ns, Total: 427917 ns
[2022-09-04T00:20:30.674+0000][1][safepoint    ] Safepoint "RevokeBias", Time since last: 1686041 ns, Reaching safepoint: 209584 ns, At safepoint: 132208 ns, Total: 341792 ns
[2022-09-04T00:20:30.678+0000][1][safepoint    ] Safepoint "RevokeBias", Time since last: 3809417 ns, Reaching safepoint: 142291 ns, At safepoint: 176042 ns, Total: 318333 ns
[2022-09-04T00:20:30.682+0000][1][safepoint    ] Safepoint "RevokeBias", Time since last: 3870875 ns, Reaching safepoint: 296458 ns, At safepoint: 136834 ns, Total: 433292 ns
[2022-09-04T00:20:30.685+0000][1][safepoint    ] Safepoint "RevokeBias", Time since last: 2123583 ns, Reaching safepoint: 185625 ns, At safepoint: 127042 ns, Total: 312667 ns
[2022-09-04T00:20:30.691+0000][1][safepoint    ] Safepoint "RevokeBias", Time since last: 5664458 ns, Reaching safepoint: 127625 ns, At safepoint: 131083 ns, Total: 258708 ns
[2022-09-04T00:20:30.697+0000][1][safepoint    ] Safepoint "RevokeBias", Time since last: 6051375 ns, Reaching safepoint: 345042 ns, At safepoint: 143500 ns, Total: 488542 ns
[2022-09-04T00:20:30.700+0000][1][safepoint    ] Safepoint "RevokeBias", Time since last: 2057458 ns, Reaching safepoint: 198042 ns, At safepoint: 135250 ns, Total: 333292 ns
[2022-09-04T00:20:30.718+0000][1][safepoint    ] Safepoint "Deoptimize", Time since last: 16875792 ns, Reaching safepoint: 327666 ns, At safepoint: 1611417 ns, Total: 1939083 ns
[2022-09-04T00:20:30.812+0000][1][safepoint    ] Safepoint "RevokeBias", Time since last: 92307875 ns, Reaching safepoint: 656125 ns, At safepoint: 222375 ns, Total: 878500 ns
[2022-09-04T00:20:31.029+0000][1][safepoint    ] Safepoint "RevokeBias", Time since last: 215593917 ns, Reaching safepoint: 1567833 ns, At safepoint: 318000 ns, Total: 1885833 ns
[2022-09-04T00:20:31.032+0000][1][safepoint    ] Safepoint "RevokeBias", Time since last: 2192792 ns, Reaching safepoint: 431916 ns, At safepoint: 283042 ns, Total: 714958 ns
[2022-09-04T00:20:31.034+0000][1][safepoint    ] Safepoint "RevokeBias", Time since last: 1088042 ns, Reaching safepoint: 422916 ns, At safepoint: 224959 ns, Total: 647875 ns
[2022-09-04T00:20:31.035+0000][1][safepoint    ] Safepoint "RevokeBias", Time since last: 869666 ns, Reaching safepoint: 746334 ns, At safepoint: 183333 ns, Total: 929667 ns
[2022-09-04T00:20:31.038+0000][1][safepoint    ] Safepoint "RevokeBias", Time since last: 1859667 ns, Reaching safepoint: 690666 ns, At safepoint: 183125 ns, Total: 873791 ns
[2022-09-04T00:20:31.040+0000][1][safepoint    ] Safepoint "RevokeBias", Time since last: 1384000 ns, Reaching safepoint: 508375 ns, At safepoint: 221125 ns, Total: 729500 ns
[2022-09-04T00:20:31.042+0000][1][safepoint    ] Safepoint "RevokeBias", Time since last: 1086709 ns, Reaching safepoint: 323083 ns, At safepoint: 572417 ns, Total: 895500 ns
[2022-09-04T00:20:31.045+0000][1][safepoint    ] Safepoint "RevokeBias", Time since last: 1215375 ns, Reaching safepoint: 683833 ns, At safepoint: 348833 ns, Total: 1032666 ns
[2022-09-04T00:20:31.509+0000][1][gc,start     ] GC(14) Pause Young (Allocation Failure)
[2022-09-04T00:20:31.511+0000][1][gc,task      ] GC(14) Using 4 workers of 4 for evacuation
[2022-09-04T00:20:31.593+0000][1][gc,age       ] GC(14) Desired survivor size 8945664 bytes, new threshold 2 (max threshold 6)
[2022-09-04T00:20:31.595+0000][1][gc,age       ] GC(14) Age table with threshold 2 (max threshold 6)
[2022-09-04T00:20:31.596+0000][1][gc,age       ] GC(14) - age   1:    5633848 bytes,    5633848 total
[2022-09-04T00:20:31.597+0000][1][gc,age       ] GC(14) - age   2:    4076528 bytes,    9710376 total
[2022-09-04T00:20:31.599+0000][1][gc,age       ] GC(14) - age   3:    3808824 bytes,   13519200 total
[2022-09-04T00:20:31.600+0000][1][gc,heap      ] GC(14) ParNew: 153437K->17089K(157248K)
[2022-09-04T00:20:31.600+0000][1][gc,heap      ] GC(14) CMS: 48071K->48071K(349568K)
[2022-09-04T00:20:31.602+0000][1][gc,metaspace ] GC(14) Metaspace: 69276K->69276K(1112064K)
[2022-09-04T00:20:31.603+0000][1][gc           ] GC(14) Pause Young (Allocation Failure) 196M->63M(494M) 93.598ms
[2022-09-04T00:20:31.604+0000][1][gc,cpu       ] GC(14) User=0.25s Sys=0.01s Real=0.10s
[2022-09-04T00:20:31.613+0000][1][safepoint    ] Safepoint "GenCollectForAllocation", Time since last: 464073334 ns, Reaching safepoint: 675292 ns, At safepoint: 103635791 ns, Total: 104311083 ns
[2022-09-04T00:20:31.735+0000][1][safepoint    ] Safepoint "Deoptimize", Time since last: 120381709 ns, Reaching safepoint: 592458 ns, At safepoint: 1583792 ns, Total: 2176250 ns
[2022-09-04T00:20:32.294+0000][1][safepoint    ] Safepoint "RevokeBias", Time since last: 558208917 ns, Reaching safepoint: 618916 ns, At safepoint: 114917 ns, Total: 733833 ns
[2022-09-04T00:20:32.296+0000][1][safepoint    ] Safepoint "RevokeBias", Time since last: 1498667 ns, Reaching safepoint: 166166 ns, At safepoint: 66292 ns, Total: 232458 ns
[2022-09-04T00:20:32.299+0000][1][safepoint    ] Safepoint "RevokeBias", Time since last: 2437792 ns, Reaching safepoint: 345458 ns, At safepoint: 104417 ns, Total: 449875 ns
[2022-09-04T00:20:32.302+0000][1][safepoint    ] Safepoint "RevokeBias", Time since last: 2767708 ns, Reaching safepoint: 469917 ns, At safepoint: 129875 ns, Total: 599792 ns
[2022-09-04T00:20:32.304+0000][1][safepoint    ] Safepoint "RevokeBias", Time since last: 1503083 ns, Reaching safepoint: 385208 ns, At safepoint: 99000 ns, Total: 484208 ns
[2022-09-04T00:20:32.318+0000][1][safepoint    ] Safepoint "RevokeBias", Time since last: 13772084 ns, Reaching safepoint: 203666 ns, At safepoint: 96875 ns, Total: 300541 ns
[2022-09-04T00:20:32.321+0000][1][safepoint    ] Safepoint "RevokeBias", Time since last: 2382667 ns, Reaching safepoint: 265458 ns, At safepoint: 88292 ns, Total: 353750 ns
[2022-09-04T00:20:32.325+0000][1][safepoint    ] Safepoint "RevokeBias", Time since last: 3209500 ns, Reaching safepoint: 213208 ns, At safepoint: 118625 ns, Total: 331833 ns
[2022-09-04T00:20:32.327+0000][1][safepoint    ] Safepoint "RevokeBias", Time since last: 1530625 ns, Reaching safepoint: 216834 ns, At safepoint: 89125 ns, Total: 305959 ns
[2022-09-04T00:20:32.328+0000][1][safepoint    ] Safepoint "RevokeBias", Time since last: 1408083 ns, Reaching safepoint: 211208 ns, At safepoint: 89042 ns, Total: 300250 ns
[2022-09-04T00:20:32.332+0000][1][safepoint    ] Safepoint "RevokeBias", Time since last: 2952292 ns, Reaching safepoint: 230291 ns, At safepoint: 85750 ns, Total: 316041 ns
[2022-09-04T00:20:32.337+0000][1][safepoint    ] Safepoint "RevokeBias", Time since last: 4882917 ns, Reaching safepoint: 296042 ns, At safepoint: 121791 ns, Total: 417833 ns
[2022-09-04T00:20:32.339+0000][1][safepoint    ] Safepoint "RevokeBias", Time since last: 1805084 ns, Reaching safepoint: 270375 ns, At safepoint: 80083 ns, Total: 350458 ns
[2022-09-04T00:20:32.346+0000][1][safepoint    ] Safepoint "RevokeBias", Time since last: 6430500 ns, Reaching safepoint: 200042 ns, At safepoint: 92666 ns, Total: 292708 ns
[2022-09-04T00:20:32.377+0000][1][safepoint    ] Safepoint "RevokeBias", Time since last: 30952959 ns, Reaching safepoint: 331041 ns, At safepoint: 96667 ns, Total: 427708 ns
[2022-09-04T00:20:32.380+0000][1][safepoint    ] Safepoint "RevokeBias", Time since last: 2467583 ns, Reaching safepoint: 194750 ns, At safepoint: 175000 ns, Total: 369750 ns
[2022-09-04T00:20:32.529+0000][1][safepoint    ] Safepoint "RevokeBias", Time since last: 148429042 ns, Reaching safepoint: 584000 ns, At safepoint: 117417 ns, Total: 701417 ns
[2022-09-04T00:20:32.534+0000][1][safepoint    ] Safepoint "RevokeBias", Time since last: 4425375 ns, Reaching safepoint: 344750 ns, At safepoint: 148083 ns, Total: 492833 ns
[2022-09-04T00:20:32.596+0000][1][safepoint    ] Safepoint "RevokeBias", Time since last: 61117459 ns, Reaching safepoint: 367250 ns, At safepoint: 110791 ns, Total: 478041 ns
[2022-09-04T00:20:32.600+0000][1][safepoint    ] Safepoint "RevokeBias", Time since last: 4377084 ns, Reaching safepoint: 284666 ns, At safepoint: 110792 ns, Total: 395458 ns
[2022-09-04T00:20:32.634+0000][1][safepoint    ] Safepoint "RevokeBias", Time since last: 33176083 ns, Reaching safepoint: 449542 ns, At safepoint: 96917 ns, Total: 546459 ns
[2022-09-04T00:20:32.646+0000][1][safepoint    ] Safepoint "RevokeBias", Time since last: 11273666 ns, Reaching safepoint: 356042 ns, At safepoint: 74542 ns, Total: 430584 ns
[2022-09-04T00:20:32.672+0000][1][safepoint    ] Safepoint "RevokeBias", Time since last: 26227500 ns, Reaching safepoint: 236250 ns, At safepoint: 76583 ns, Total: 312833 ns
[2022-09-04T00:20:32.676+0000][1][safepoint    ] Safepoint "RevokeBias", Time since last: 3134750 ns, Reaching safepoint: 126750 ns, At safepoint: 89500 ns, Total: 216250 ns
[2022-09-04T00:20:32.677+0000][1][safepoint    ] Safepoint "RevokeBias", Time since last: 1195083 ns, Reaching safepoint: 114250 ns, At safepoint: 80792 ns, Total: 195042 ns
[2022-09-04T00:20:32.679+0000][1][safepoint    ] Safepoint "RevokeBias", Time since last: 1406375 ns, Reaching safepoint: 171958 ns, At safepoint: 76459 ns, Total: 248417 ns
[2022-09-04T00:20:32.771+0000][1][safepoint    ] Safepoint "RevokeBias", Time since last: 91985625 ns, Reaching safepoint: 500750 ns, At safepoint: 106500 ns, Total: 607250 ns
[2022-09-04T00:20:32.785+0000][1][safepoint    ] Safepoint "RevokeBias", Time since last: 12431958 ns, Reaching safepoint: 608542 ns, At safepoint: 182958 ns, Total: 791500 ns
[2022-09-04T00:20:32.788+0000][1][safepoint    ] Safepoint "RevokeBias", Time since last: 2519458 ns, Reaching safepoint: 421292 ns, At safepoint: 102708 ns, Total: 524000 ns
[2022-09-04T00:20:32.839+0000][1][safepoint    ] Safepoint "RevokeBias", Time since last: 50554417 ns, Reaching safepoint: 420875 ns, At safepoint: 100250 ns, Total: 521125 ns
[2022-09-04T00:20:32.864+0000][1][safepoint    ] Safepoint "RevokeBias", Time since last: 24864792 ns, Reaching safepoint: 560625 ns, At safepoint: 103666 ns, Total: 664291 ns
[2022-09-04T00:20:32.910+0000][1][safepoint    ] Safepoint "CollectForMetadataAllocation", Time since last: 45176000 ns, Reaching safepoint: 561542 ns, At safepoint: 490792 ns, Total: 1052334 ns
[2022-09-04T00:20:32.969+0000][1][safepoint    ] Safepoint "RevokeBias", Time since last: 57993875 ns, Reaching safepoint: 321708 ns, At safepoint: 207458 ns, Total: 529166 ns
[2022-09-04T00:20:32.976+0000][1][safepoint    ] Safepoint "RevokeBias", Time since last: 5782417 ns, Reaching safepoint: 293625 ns, At safepoint: 938458 ns, Total: 1232083 ns
[2022-09-04T00:20:32.984+0000][1][safepoint    ] Safepoint "RevokeBias", Time since last: 8102667 ns, Reaching safepoint: 259042 ns, At safepoint: 99000 ns, Total: 358042 ns
[2022-09-04T00:20:33.023+0000][1][safepoint    ] Safepoint "RevokeBias", Time since last: 37728291 ns, Reaching safepoint: 343417 ns, At safepoint: 109500 ns, Total: 452917 ns
[2022-09-04T00:20:33.026+0000][1][safepoint    ] Safepoint "RevokeBias", Time since last: 2538833 ns, Reaching safepoint: 279209 ns, At safepoint: 89500 ns, Total: 368709 ns
[2022-09-04T00:20:33.053+0000][1][safepoint    ] Safepoint "RevokeBias", Time since last: 27119416 ns, Reaching safepoint: 445792 ns, At safepoint: 99458 ns, Total: 545250 ns
[2022-09-04T00:20:33.059+0000][1][safepoint    ] Safepoint "RevokeBias", Time since last: 5060834 ns, Reaching safepoint: 548000 ns, At safepoint: 193791 ns, Total: 741791 ns
[2022-09-04T00:20:33.097+0000][1][safepoint    ] Safepoint "RevokeBias", Time since last: 37571250 ns, Reaching safepoint: 259709 ns, At safepoint: 130625 ns, Total: 390334 ns
[2022-09-04T00:20:33.121+0000][1][safepoint    ] Safepoint "CollectForMetadataAllocation", Time since last: 24073666 ns, Reaching safepoint: 219875 ns, At safepoint: 172917 ns, Total: 392792 ns
[2022-09-04T00:20:33.149+0000][1][safepoint    ] Safepoint "BulkRevokeBias", Time since last: 26125875 ns, Reaching safepoint: 684542 ns, At safepoint: 781500 ns, Total: 1466042 ns
[2022-09-04T00:20:33.420+0000][1][safepoint    ] Safepoint "RevokeBias", Time since last: 270067375 ns, Reaching safepoint: 887125 ns, At safepoint: 122542 ns, Total: 1009667 ns
[2022-09-04T00:20:33.428+0000][1][safepoint    ] Safepoint "RevokeBias", Time since last: 7130958 ns, Reaching safepoint: 352833 ns, At safepoint: 102792 ns, Total: 455625 ns
[2022-09-04T00:20:33.433+0000][1][safepoint    ] Safepoint "RevokeBias", Time since last: 4916750 ns, Reaching safepoint: 393917 ns, At safepoint: 145250 ns, Total: 539167 ns
[2022-09-04T00:20:33.573+0000][1][safepoint    ] Safepoint "CollectForMetadataAllocation", Time since last: 139674833 ns, Reaching safepoint: 478000 ns, At safepoint: 178542 ns, Total: 656542 ns
[2022-09-04T00:20:33.616+0000][1][gc,start     ] GC(15) Pause Initial Mark
[2022-09-04T00:20:33.730+0000][1][gc           ] GC(15) Pause Initial Mark 87M->87M(494M) 113.417ms
[2022-09-04T00:20:33.731+0000][1][gc,cpu       ] GC(15) User=0.44s Sys=0.00s Real=0.11s
[2022-09-04T00:20:33.733+0000][1][safepoint    ] Safepoint "CMS_Initial_Mark", Time since last: 41756708 ns, Reaching safepoint: 564375 ns, At safepoint: 117192250 ns, Total: 117756625 ns
[2022-09-04T00:20:33.735+0000][1][gc           ] GC(15) Concurrent Mark
[2022-09-04T00:20:33.811+0000][1][safepoint    ] Safepoint "RevokeBias", Time since last: 76234083 ns, Reaching safepoint: 1496959 ns, At safepoint: 121875 ns, Total: 1618834 ns
[2022-09-04T00:20:33.821+0000][1][safepoint    ] Safepoint "RevokeBias", Time since last: 9438875 ns, Reaching safepoint: 385541 ns, At safepoint: 106500 ns, Total: 492041 ns
[2022-09-04T00:20:33.824+0000][1][safepoint    ] Safepoint "RevokeBias", Time since last: 2726292 ns, Reaching safepoint: 269792 ns, At safepoint: 150166 ns, Total: 419958 ns
[2022-09-04T00:20:33.850+0000][1][safepoint    ] Safepoint "RevokeBias", Time since last: 25622500 ns, Reaching safepoint: 589792 ns, At safepoint: 114417 ns, Total: 704209 ns
[2022-09-04T00:20:33.856+0000][1][safepoint    ] Safepoint "RevokeBias", Time since last: 5116166 ns, Reaching safepoint: 302417 ns, At safepoint: 98875 ns, Total: 401292 ns
[2022-09-04T00:20:33.859+0000][1][safepoint    ] Safepoint "RevokeBias", Time since last: 2415875 ns, Reaching safepoint: 464708 ns, At safepoint: 98209 ns, Total: 562917 ns
[2022-09-04T00:20:33.959+0000][1][safepoint    ] Safepoint "RevokeBias", Time since last: 98982625 ns, Reaching safepoint: 998417 ns, At safepoint: 215833 ns, Total: 1214250 ns
[2022-09-04T00:20:33.967+0000][1][safepoint    ] Safepoint "RevokeBias", Time since last: 4287500 ns, Reaching safepoint: 3952917 ns, At safepoint: 181500 ns, Total: 4134417 ns
[2022-09-04T00:20:33.986+0000][1][safepoint    ] Safepoint "RevokeBias", Time since last: 10898916 ns, Reaching safepoint: 7310792 ns, At safepoint: 128667 ns, Total: 7439459 ns
[2022-09-04T00:20:33.992+0000][1][safepoint    ] Safepoint "RevokeBias", Time since last: 3726666 ns, Reaching safepoint: 2638917 ns, At safepoint: 438917 ns, Total: 3077834 ns
[2022-09-04T00:20:34.008+0000][1][safepoint    ] Safepoint "RevokeBias", Time since last: 11498750 ns, Reaching safepoint: 3627625 ns, At safepoint: 177541 ns, Total: 3805166 ns
[2022-09-04T00:20:34.011+0000][1][safepoint    ] Safepoint "RevokeBias", Time since last: 2123584 ns, Reaching safepoint: 719500 ns, At safepoint: 161666 ns, Total: 881166 ns
[2022-09-04T00:20:34.020+0000][1][safepoint    ] Safepoint "RevokeBias", Time since last: 7369417 ns, Reaching safepoint: 1155708 ns, At safepoint: 230792 ns, Total: 1386500 ns
[2022-09-04T00:20:34.023+0000][1][safepoint    ] Safepoint "RevokeBias", Time since last: 1872833 ns, Reaching safepoint: 1513917 ns, At safepoint: 181042 ns, Total: 1694959 ns
[2022-09-04T00:20:34.028+0000][1][safepoint    ] Safepoint "RevokeBias", Time since last: 3204791 ns, Reaching safepoint: 1714334 ns, At safepoint: 234666 ns, Total: 1949000 ns
[2022-09-04T00:20:34.094+0000][1][safepoint    ] Safepoint "RevokeBias", Time since last: 50332667 ns, Reaching safepoint: 15609833 ns, At safepoint: 107750 ns, Total: 15717583 ns
[2022-09-04T00:20:34.256+0000][1][safepoint    ] Safepoint "RevokeBias", Time since last: 149939042 ns, Reaching safepoint: 9808500 ns, At safepoint: 1181292 ns, Total: 10989792 ns
[2022-09-04T00:20:34.311+0000][1][safepoint    ] Safepoint "RevokeBias", Time since last: 55304333 ns, Reaching safepoint: 749000 ns, At safepoint: 156333 ns, Total: 905333 ns
[2022-09-04T00:20:34.336+0000][1][safepoint    ] Safepoint "RevokeBias", Time since last: 23993375 ns, Reaching safepoint: 539042 ns, At safepoint: 98833 ns, Total: 637875 ns
[2022-09-04T00:20:34.344+0000][1][gc           ] GC(15) Concurrent Mark 609.404ms
[2022-09-04T00:20:34.346+0000][1][gc,cpu       ] GC(15) User=1.94s Sys=0.10s Real=0.61s
[2022-09-04T00:20:34.348+0000][1][gc           ] GC(15) Concurrent Preclean
[2022-09-04T00:20:34.382+0000][1][gc           ] GC(15) Concurrent Preclean 34.474ms
[2022-09-04T00:20:34.384+0000][1][gc,cpu       ] GC(15) User=0.11s Sys=0.02s Real=0.04s
[2022-09-04T00:20:34.387+0000][1][gc           ] GC(15) Concurrent Abortable Preclean
[2022-09-04T00:20:34.413+0000][1][safepoint    ] Safepoint "CollectForMetadataAllocation", Time since last: 76670042 ns, Reaching safepoint: 541292 ns, At safepoint: 168250 ns, Total: 709542 ns
[2022-09-04T00:20:34.579+0000][1][safepoint    ] Safepoint "RevokeBias", Time since last: 154595583 ns, Reaching safepoint: 10741375 ns, At safepoint: 118292 ns, Total: 10859667 ns
[2022-09-04T00:20:34.635+0000][1][safepoint    ] Safepoint "CollectForMetadataAllocation", Time since last: 54727958 ns, Reaching safepoint: 724834 ns, At safepoint: 196250 ns, Total: 921084 ns
[2022-09-04T00:20:34.668+0000][1][safepoint    ] Safepoint "RevokeBias", Time since last: 32396166 ns, Reaching safepoint: 596167 ns, At safepoint: 50417 ns, Total: 646584 ns
[2022-09-04T00:20:34.743+0000][1][safepoint    ] Safepoint "RevokeBias", Time since last: 74997541 ns, Reaching safepoint: 611334 ns, At safepoint: 44166 ns, Total: 655500 ns
[2022-09-04T00:20:34.757+0000][1][safepoint    ] Safepoint "RevokeBias", Time since last: 11407042 ns, Reaching safepoint: 2039292 ns, At safepoint: 60083 ns, Total: 2099375 ns
[2022-09-04T00:20:34.767+0000][1][safepoint    ] Safepoint "RevokeBias", Time since last: 9305500 ns, Reaching safepoint: 519167 ns, At safepoint: 55916 ns, Total: 575083 ns
[2022-09-04T00:20:34.797+0000][1][safepoint    ] Safepoint "RevokeBias", Time since last: 29078250 ns, Reaching safepoint: 775584 ns, At safepoint: 94083 ns, Total: 869667 ns
[2022-09-04T00:20:34.808+0000][1][safepoint    ] Safepoint "RevokeBias", Time since last: 10763875 ns, Reaching safepoint: 683292 ns, At safepoint: 42166 ns, Total: 725458 ns
[2022-09-04T00:20:34.814+0000][1][safepoint    ] Safepoint "RevokeBias", Time since last: 5250459 ns, Reaching safepoint: 574750 ns, At safepoint: 32250 ns, Total: 607000 ns
[2022-09-04T00:20:34.818+0000][1][safepoint    ] Safepoint "RevokeBias", Time since last: 2629541 ns, Reaching safepoint: 881667 ns, At safepoint: 46333 ns, Total: 928000 ns
[2022-09-04T00:20:34.868+0000][1][safepoint    ] Safepoint "RevokeBias", Time since last: 47502292 ns, Reaching safepoint: 2796708 ns, At safepoint: 124667 ns, Total: 2921375 ns
[2022-09-04T00:20:34.874+0000][1][safepoint    ] Safepoint "RevokeBias", Time since last: 3189458 ns, Reaching safepoint: 2862750 ns, At safepoint: 40584 ns, Total: 2903334 ns
[2022-09-04T00:20:34.893+0000][1][safepoint    ] Safepoint "RevokeBias", Time since last: 17371916 ns, Reaching safepoint: 1155875 ns, At safepoint: 36250 ns, Total: 1192125 ns
[2022-09-04T00:20:34.896+0000][1][safepoint    ] Safepoint "RevokeBias", Time since last: 2915792 ns, Reaching safepoint: 922500 ns, At safepoint: 43417 ns, Total: 965917 ns
[2022-09-04T00:20:34.918+0000][1][safepoint    ] Safepoint "CollectForMetadataAllocation", Time since last: 20600041 ns, Reaching safepoint: 564792 ns, At safepoint: 302375 ns, Total: 867167 ns
[2022-09-04T00:20:35.808+0000][1][safepoint    ] Safepoint "RevokeBias", Time since last: 870637500 ns, Reaching safepoint: 17152375 ns, At safepoint: 1440667 ns, Total: 18593042 ns
[2022-09-04T00:20:35.839+0000][1][safepoint    ] Safepoint "RevokeBias", Time since last: 29075458 ns, Reaching safepoint: 2686917 ns, At safepoint: 37417 ns, Total: 2724334 ns
[2022-09-04T00:20:35.925+0000][1][safepoint    ] Safepoint "CollectForMetadataAllocation", Time since last: 82406833 ns, Reaching safepoint: 1260250 ns, At safepoint: 2532167 ns, Total: 3792417 ns
[2022-09-04T00:20:36.182+0000][1][safepoint    ] Safepoint "RevokeBias", Time since last: 254844417 ns, Reaching safepoint: 1877375 ns, At safepoint: 47791 ns, Total: 1925166 ns
[2022-09-04T00:20:36.282+0000][1][safepoint    ] Safepoint "CollectForMetadataAllocation", Time since last: 97549750 ns, Reaching safepoint: 1968459 ns, At safepoint: 528916 ns, Total: 2497375 ns
[2022-09-04T00:20:36.329+0000][1][safepoint    ] Safepoint "Deoptimize", Time since last: 39400959 ns, Reaching safepoint: 2815291 ns, At safepoint: 4784917 ns, Total: 7600208 ns
[2022-09-04T00:20:36.350+0000][1][safepoint    ] Safepoint "RevokeBias", Time since last: 20395333 ns, Reaching safepoint: 774167 ns, At safepoint: 100125 ns, Total: 874292 ns
[2022-09-04T00:20:36.480+0000][1][safepoint    ] Safepoint "RevokeBias", Time since last: 125214458 ns, Reaching safepoint: 2845709 ns, At safepoint: 1674000 ns, Total: 4519709 ns
[2022-09-04T00:20:36.592+0000][1][safepoint    ] Safepoint "CollectForMetadataAllocation", Time since last: 109682583 ns, Reaching safepoint: 1504042 ns, At safepoint: 712666 ns, Total: 2216708 ns
[2022-09-04T00:20:36.742+0000][1][safepoint    ] Safepoint "RevokeBias", Time since last: 148647792 ns, Reaching safepoint: 1512209 ns, At safepoint: 65541 ns, Total: 1577750 ns
[2022-09-04T00:20:36.751+0000][1][safepoint    ] Safepoint "RevokeBias", Time since last: 2591375 ns, Reaching safepoint: 6411875 ns, At safepoint: 36375 ns, Total: 6448250 ns
[2022-09-04T00:20:36.770+0000][1][safepoint    ] Safepoint "RevokeBias", Time since last: 16819459 ns, Reaching safepoint: 1926000 ns, At safepoint: 38291 ns, Total: 1964291 ns
[2022-09-04T00:20:36.780+0000][1][safepoint    ] Safepoint "RevokeBias", Time since last: 8598042 ns, Reaching safepoint: 1568042 ns, At safepoint: 94000 ns, Total: 1662042 ns
[2022-09-04T00:20:36.860+0000][1][safepoint    ] Safepoint "RevokeBias", Time since last: 78177916 ns, Reaching safepoint: 1344334 ns, At safepoint: 40083 ns, Total: 1384417 ns
[2022-09-04T00:20:36.874+0000][1][safepoint    ] Safepoint "CollectForMetadataAllocation", Time since last: 13056708 ns, Reaching safepoint: 955292 ns, At safepoint: 267042 ns, Total: 1222334 ns
[2022-09-04T00:20:36.882+0000][1][safepoint    ] Safepoint "CollectForMetadataAllocation", Time since last: 6912166 ns, Reaching safepoint: 579125 ns, At safepoint: 39459 ns, Total: 618584 ns
[2022-09-04T00:20:36.960+0000][1][safepoint    ] Safepoint "CollectForMetadataAllocation", Time since last: 77658250 ns, Reaching safepoint: 831458 ns, At safepoint: 160875 ns, Total: 992333 ns
[2022-09-04T00:20:37.002+0000][1][safepoint    ] Safepoint "RevokeBias", Time since last: 40795917 ns, Reaching safepoint: 1096958 ns, At safepoint: 51500 ns, Total: 1148458 ns
[2022-09-04T00:20:37.181+0000][1][safepoint    ] Safepoint "CollectForMetadataAllocation", Time since last: 177783500 ns, Reaching safepoint: 633833 ns, At safepoint: 169417 ns, Total: 803250 ns
[2022-09-04T00:20:37.282+0000][1][safepoint    ] Safepoint "RevokeBias", Time since last: 100274083 ns, Reaching safepoint: 667334 ns, At safepoint: 85875 ns, Total: 753209 ns
[2022-09-04T00:20:37.288+0000][1][safepoint    ] Safepoint "RevokeBias", Time since last: 4270041 ns, Reaching safepoint: 1695250 ns, At safepoint: 35042 ns, Total: 1730292 ns
[2022-09-04T00:20:37.291+0000][1][safepoint    ] Safepoint "RevokeBias", Time since last: 2851000 ns, Reaching safepoint: 569500 ns, At safepoint: 26667 ns, Total: 596167 ns
[2022-09-04T00:20:37.296+0000][1][safepoint    ] Safepoint "RevokeBias", Time since last: 3999208 ns, Reaching safepoint: 484292 ns, At safepoint: 57041 ns, Total: 541333 ns
[2022-09-04T00:20:37.344+0000][1][safepoint    ] Safepoint "CollectForMetadataAllocation", Time since last: 44000834 ns, Reaching safepoint: 1053875 ns, At safepoint: 3159750 ns, Total: 4213625 ns
[2022-09-04T00:20:37.583+0000][1][safepoint    ] Safepoint "CollectForMetadataAllocation", Time since last: 238368958 ns, Reaching safepoint: 428417 ns, At safepoint: 195958 ns, Total: 624375 ns
[2022-09-04T00:20:37.839+0000][1][safepoint    ] Safepoint "CollectForMetadataAllocation", Time since last: 255287667 ns, Reaching safepoint: 964917 ns, At safepoint: 197250 ns, Total: 1162167 ns
[2022-09-04T00:20:37.880+0000][1][safepoint    ] Safepoint "RevokeBias", Time since last: 37805625 ns, Reaching safepoint: 2996541 ns, At safepoint: 60667 ns, Total: 3057208 ns
[2022-09-04T00:20:37.895+0000][1][safepoint    ] Safepoint "BulkRevokeBias", Time since last: 10106708 ns, Reaching safepoint: 795000 ns, At safepoint: 3515334 ns, Total: 4310334 ns
[2022-09-04T00:20:37.898+0000][1][safepoint    ] Safepoint "RevokeBias", Time since last: 2526875 ns, Reaching safepoint: 1182958 ns, At safepoint: 38667 ns, Total: 1221625 ns
[2022-09-04T00:20:37.906+0000][1][safepoint    ] Safepoint "RevokeBias", Time since last: 4948916 ns, Reaching safepoint: 2597042 ns, At safepoint: 35750 ns, Total: 2632792 ns
[2022-09-04T00:20:37.922+0000][1][safepoint    ] Safepoint "RevokeBias", Time since last: 15547250 ns, Reaching safepoint: 708000 ns, At safepoint: 60042 ns, Total: 768042 ns
[2022-09-04T00:20:37.943+0000][1][safepoint    ] Safepoint "RevokeBias", Time since last: 20340500 ns, Reaching safepoint: 685000 ns, At safepoint: 45958 ns, Total: 730958 ns
[2022-09-04T00:20:37.962+0000][1][safepoint    ] Safepoint "CollectForMetadataAllocation", Time since last: 17141208 ns, Reaching safepoint: 784500 ns, At safepoint: 187459 ns, Total: 971959 ns
[2022-09-04T00:20:37.993+0000][1][safepoint    ] Safepoint "BulkRevokeBias", Time since last: 28714916 ns, Reaching safepoint: 871875 ns, At safepoint: 1561000 ns, Total: 2432875 ns
[2022-09-04T00:20:38.049+0000][1][safepoint    ] Safepoint "CollectForMetadataAllocation", Time since last: 50693709 ns, Reaching safepoint: 5375208 ns, At safepoint: 249083 ns, Total: 5624291 ns
[2022-09-04T00:20:38.061+0000][1][safepoint    ] Safepoint "RevokeBias", Time since last: 11093792 ns, Reaching safepoint: 557167 ns, At safepoint: 94042 ns, Total: 651209 ns
[2022-09-04T00:20:38.065+0000][1][safepoint    ] Safepoint "RevokeBias", Time since last: 2625375 ns, Reaching safepoint: 1018208 ns, At safepoint: 405917 ns, Total: 1424125 ns
[2022-09-04T00:20:38.116+0000][1][safepoint    ] Safepoint "CollectForMetadataAllocation", Time since last: 50552333 ns, Reaching safepoint: 792833 ns, At safepoint: 182417 ns, Total: 975250 ns
[2022-09-04T00:20:38.260+0000][1][safepoint    ] Safepoint "CollectForMetadataAllocation", Time since last: 142443833 ns, Reaching safepoint: 1049584 ns, At safepoint: 329416 ns, Total: 1379000 ns
[2022-09-04T00:20:38.344+0000][1][safepoint    ] Safepoint "CollectForMetadataAllocation", Time since last: 82276334 ns, Reaching safepoint: 942791 ns, At safepoint: 265250 ns, Total: 1208041 ns
[2022-09-04T00:20:38.427+0000][1][safepoint    ] Safepoint "RevokeBias", Time since last: 79679959 ns, Reaching safepoint: 3181166 ns, At safepoint: 468292 ns, Total: 3649458 ns
[2022-09-04T00:20:38.490+0000][1][safepoint    ] Safepoint "RevokeBias", Time since last: 62015125 ns, Reaching safepoint: 1018458 ns, At safepoint: 59209 ns, Total: 1077667 ns
[2022-09-04T00:20:38.565+0000][1][safepoint    ] Safepoint "Deoptimize", Time since last: 71572666 ns, Reaching safepoint: 1366959 ns, At safepoint: 2311291 ns, Total: 3678250 ns
[2022-09-04T00:20:38.645+0000][1][safepoint    ] Safepoint "CollectForMetadataAllocation", Time since last: 77803000 ns, Reaching safepoint: 1877834 ns, At safepoint: 221875 ns, Total: 2099709 ns
[2022-09-04T00:20:39.009+0000][1][safepoint    ] Safepoint "CollectForMetadataAllocation", Time since last: 361871417 ns, Reaching safepoint: 1413625 ns, At safepoint: 184041 ns, Total: 1597666 ns
[2022-09-04T00:20:39.234+0000][1][safepoint    ] Safepoint "RevokeBias", Time since last: 224563750 ns, Reaching safepoint: 1178625 ns, At safepoint: 45375 ns, Total: 1224000 ns
[2022-09-04T00:20:39.277+0000][1][safepoint    ] Safepoint "CollectForMetadataAllocation", Time since last: 40536084 ns, Reaching safepoint: 1491500 ns, At safepoint: 182375 ns, Total: 1673875 ns
[2022-09-04T00:20:39.296+0000][1][safepoint    ] Safepoint "RevokeBias", Time since last: 17930500 ns, Reaching safepoint: 635083 ns, At safepoint: 497458 ns, Total: 1132541 ns
[2022-09-04T00:20:39.310+0000][1][safepoint    ] Safepoint "RevokeBias", Time since last: 13594792 ns, Reaching safepoint: 890333 ns, At safepoint: 54084 ns, Total: 944417 ns
[2022-09-04T00:20:39.417+0000][1][safepoint    ] Safepoint "RevokeBias", Time since last: 105753208 ns, Reaching safepoint: 494958 ns, At safepoint: 43084 ns, Total: 538042 ns
[2022-09-04T00:20:39.420+0000][1][safepoint    ] Safepoint "RevokeBias", Time since last: 3191458 ns, Reaching safepoint: 414208 ns, At safepoint: 28084 ns, Total: 442292 ns
[2022-09-04T00:20:39.463+0000][1][safepoint    ] Safepoint "CollectForMetadataAllocation", Time since last: 41424333 ns, Reaching safepoint: 1002250 ns, At safepoint: 233500 ns, Total: 1235750 ns
[2022-09-04T00:20:39.508+0000][1][safepoint    ] Safepoint "RevokeBias", Time since last: 44266417 ns, Reaching safepoint: 577458 ns, At safepoint: 27667 ns, Total: 605125 ns
[2022-09-04T00:20:39.513+0000][1][safepoint    ] Safepoint "RevokeBias", Time since last: 4251250 ns, Reaching safepoint: 467125 ns, At safepoint: 75583 ns, Total: 542708 ns
[2022-09-04T00:20:39.594+0000][1][safepoint    ] Safepoint "RevokeBias", Time since last: 80742375 ns, Reaching safepoint: 722542 ns, At safepoint: 33917 ns, Total: 756459 ns
[2022-09-04T00:20:39.650+0000][1][safepoint    ] Safepoint "RevokeBias", Time since last: 53748625 ns, Reaching safepoint: 2109083 ns, At safepoint: 48750 ns, Total: 2157833 ns
[2022-09-04T00:20:39.660+0000][1][safepoint    ] Safepoint "RevokeBias", Time since last: 9832583 ns, Reaching safepoint: 320459 ns, At safepoint: 42375 ns, Total: 362834 ns
[2022-09-04T00:20:39.662+0000][1][safepoint    ] Safepoint "RevokeBias", Time since last: 1505416 ns, Reaching safepoint: 448500 ns, At safepoint: 46500 ns, Total: 495000 ns
[2022-09-04T00:20:39.664+0000][1][safepoint    ] Safepoint "RevokeBias", Time since last: 1625959 ns, Reaching safepoint: 362500 ns, At safepoint: 33833 ns, Total: 396333 ns
[2022-09-04T00:20:39.666+0000][1][safepoint    ] Safepoint "RevokeBias", Time since last: 1145417 ns, Reaching safepoint: 413166 ns, At safepoint: 51917 ns, Total: 465083 ns
[2022-09-04T00:20:39.668+0000][1][safepoint    ] Safepoint "RevokeBias", Time since last: 1474292 ns, Reaching safepoint: 250791 ns, At safepoint: 32250 ns, Total: 283041 ns
[2022-09-04T00:20:39.670+0000][1][safepoint    ] Safepoint "RevokeBias", Time since last: 1852375 ns, Reaching safepoint: 384209 ns, At safepoint: 33541 ns, Total: 417750 ns
[2022-09-04T00:20:39.671+0000][1][safepoint    ] Safepoint "RevokeBias", Time since last: 1158792 ns, Reaching safepoint: 309792 ns, At safepoint: 35250 ns, Total: 345042 ns
[2022-09-04T00:20:39.736+0000][1][gc           ] GC(15) Concurrent Abortable Preclean 5348.667ms
[2022-09-04T00:20:39.739+0000][1][gc,cpu       ] GC(15) User=16.38s Sys=1.68s Real=5.35s
[2022-09-04T00:20:39.742+0000][1][gc,start     ] GC(15) Pause Remark
[2022-09-04T00:20:39.992+0000][1][gc           ] GC(15) Pause Remark 150M->150M(494M) 250.697ms
[2022-09-04T00:20:39.994+0000][1][gc,cpu       ] GC(15) User=0.77s Sys=0.03s Real=0.26s
[2022-09-04T00:20:39.997+0000][1][safepoint    ] Safepoint "CMS_Final_Remark", Time since last: 69284000 ns, Reaching safepoint: 591166 ns, At safepoint: 255220125 ns, Total: 255811291 ns
[2022-09-04T00:20:40.000+0000][1][gc           ] GC(15) Concurrent Sweep
[2022-09-04T00:20:40.102+0000][1][safepoint    ] Safepoint "RevokeBias", Time since last: 98607500 ns, Reaching safepoint: 6344709 ns, At safepoint: 274375 ns, Total: 6619084 ns
[2022-09-04T00:20:40.114+0000][1][safepoint    ] Safepoint "RevokeBias", Time since last: 10902458 ns, Reaching safepoint: 1432417 ns, At safepoint: 97125 ns, Total: 1529542 ns
[2022-09-04T00:20:40.134+0000][1][safepoint    ] Safepoint "RevokeBias", Time since last: 18251625 ns, Reaching safepoint: 1872666 ns, At safepoint: 50584 ns, Total: 1923250 ns
[2022-09-04T00:20:40.165+0000][1][safepoint    ] Safepoint "RevokeBias", Time since last: 30247958 ns, Reaching safepoint: 574625 ns, At safepoint: 41500 ns, Total: 616125 ns
[2022-09-04T00:20:40.233+0000][1][gc           ] GC(15) Concurrent Sweep 233.831ms
[2022-09-04T00:20:40.235+0000][1][gc,cpu       ] GC(15) User=0.80s Sys=0.04s Real=0.24s
[2022-09-04T00:20:40.242+0000][1][gc           ] GC(15) Concurrent Reset
[2022-09-04T00:20:40.244+0000][1][gc           ] GC(15) Concurrent Reset 3.288ms
[2022-09-04T00:20:40.246+0000][1][gc,cpu       ] GC(15) User=0.01s Sys=0.00s Real=0.01s
[2022-09-04T00:20:40.250+0000][1][gc,heap      ] GC(15) Old: 48071K->47692K(349568K)
[2022-09-04T00:20:40.470+0000][1][safepoint    ] Safepoint "RevokeBias", Time since last: 304028750 ns, Reaching safepoint: 923709 ns, At safepoint: 48333 ns, Total: 972042 ns
[2022-09-04T00:20:40.480+0000][1][safepoint    ] Safepoint "RevokeBias", Time since last: 9205708 ns, Reaching safepoint: 702334 ns, At safepoint: 46416 ns, Total: 748750 ns
[2022-09-04T00:20:40.823+0000][1][safepoint    ] Safepoint "RevokeBias", Time since last: 342126459 ns, Reaching safepoint: 543041 ns, At safepoint: 200417 ns, Total: 743458 ns
[2022-09-04T00:20:40.830+0000][1][safepoint    ] Safepoint "RevokeBias", Time since last: 6674875 ns, Reaching safepoint: 381958 ns, At safepoint: 38542 ns, Total: 420500 ns
[2022-09-04T00:20:41.008+0000][1][safepoint    ] Safepoint "RevokeBias", Time since last: 177269792 ns, Reaching safepoint: 424000 ns, At safepoint: 120375 ns, Total: 544375 ns
[2022-09-04T00:20:42.012+0000][1][safepoint    ] Safepoint "Cleanup", Time since last: 1003697334 ns, Reaching safepoint: 810000 ns, At safepoint: 150833 ns, Total: 960833 ns
[2022-09-04T00:20:43.017+0000][1][safepoint    ] Safepoint "Cleanup", Time since last: 1003996084 ns, Reaching safepoint: 746292 ns, At safepoint: 38875 ns, Total: 785167 ns
[2022-09-04T00:20:44.021+0000][1][safepoint    ] Safepoint "Cleanup", Time since last: 1002817667 ns, Reaching safepoint: 1164125 ns, At safepoint: 61833 ns, Total: 1225958 ns
[2022-09-04T00:20:45.026+0000][1][safepoint    ] Safepoint "Cleanup", Time since last: 1004470459 ns, Reaching safepoint: 461583 ns, At safepoint: 33417 ns, Total: 495000 ns
[2022-09-04T00:20:46.032+0000][1][safepoint    ] Safepoint "Cleanup", Time since last: 1004288834 ns, Reaching safepoint: 1322458 ns, At safepoint: 77792 ns, Total: 1400250 ns
[2022-09-04T00:20:47.041+0000][1][safepoint    ] Safepoint "Cleanup", Time since last: 1008645083 ns, Reaching safepoint: 791625 ns, At safepoint: 52209 ns, Total: 843834 ns
[2022-09-04T00:20:48.048+0000][1][safepoint    ] Safepoint "Cleanup", Time since last: 1004572667 ns, Reaching safepoint: 1993792 ns, At safepoint: 77958 ns, Total: 2071750 ns
[2022-09-04T00:20:49.055+0000][1][safepoint    ] Safepoint "Cleanup", Time since last: 1005889792 ns, Reaching safepoint: 476625 ns, At safepoint: 35167 ns, Total: 511792 ns
[2022-09-04T00:20:50.059+0000][1][safepoint    ] Safepoint "Cleanup", Time since last: 1003180500 ns, Reaching safepoint: 1092042 ns, At safepoint: 99875 ns, Total: 1191917 ns
[2022-09-04T00:20:51.066+0000][1][safepoint    ] Safepoint "Cleanup", Time since last: 1005338084 ns, Reaching safepoint: 1353125 ns, At safepoint: 50791 ns, Total: 1403916 ns
[2022-09-04T00:20:52.072+0000][1][safepoint    ] Safepoint "Cleanup", Time since last: 1005453751 ns, Reaching safepoint: 1061208 ns, At safepoint: 69500 ns, Total: 1130708 ns
[2022-09-04T00:20:53.077+0000][1][safepoint    ] Safepoint "Cleanup", Time since last: 1003718625 ns, Reaching safepoint: 1299875 ns, At safepoint: 82917 ns, Total: 1382792 ns
[2022-09-04T00:20:54.085+0000][1][safepoint    ] Safepoint "Cleanup", Time since last: 1006094334 ns, Reaching safepoint: 1535208 ns, At safepoint: 83917 ns, Total: 1619125 ns
[2022-09-04T00:20:55.093+0000][1][safepoint    ] Safepoint "Cleanup", Time since last: 1006619167 ns, Reaching safepoint: 1001708 ns, At safepoint: 77584 ns, Total: 1079292 ns
[2022-09-04T00:20:56.097+0000][1][safepoint    ] Safepoint "Cleanup", Time since last: 1003215917 ns, Reaching safepoint: 1364916 ns, At safepoint: 72917 ns, Total: 1437833 ns
[2022-09-04T00:20:57.102+0000][1][safepoint    ] Safepoint "Cleanup", Time since last: 1004171417 ns, Reaching safepoint: 427417 ns, At safepoint: 29458 ns, Total: 456875 ns
[2022-09-04T00:20:58.106+0000][1][safepoint    ] Safepoint "Cleanup", Time since last: 1002656459 ns, Reaching safepoint: 1334250 ns, At safepoint: 88583 ns, Total: 1422833 ns
[2022-09-04T00:20:59.112+0000][1][safepoint    ] Safepoint "Cleanup", Time since last: 1004680793 ns, Reaching safepoint: 1524416 ns, At safepoint: 107959 ns, Total: 1632375 ns
[2022-09-04T00:21:00.118+0000][1][safepoint    ] Safepoint "Cleanup", Time since last: 1004533750 ns, Reaching safepoint: 1019792 ns, At safepoint: 60041 ns, Total: 1079833 ns
[2022-09-04T00:21:01.123+0000][1][safepoint    ] Safepoint "Cleanup", Time since last: 1003668126 ns, Reaching safepoint: 1143958 ns, At safepoint: 134125 ns, Total: 1278083 ns
[2022-09-04T00:21:02.128+0000][1][safepoint    ] Safepoint "Cleanup", Time since last: 1003218751 ns, Reaching safepoint: 1791416 ns, At safepoint: 114667 ns, Total: 1906083 ns
[2022-09-04T00:21:03.134+0000][1][safepoint    ] Safepoint "Cleanup", Time since last: 1006060417 ns, Reaching safepoint: 376417 ns, At safepoint: 23041 ns, Total: 399458 ns
[2022-09-04T00:21:04.025+0000][1][safepoint    ] Safepoint "RevokeBias", Time since last: 890026418 ns, Reaching safepoint: 596541 ns, At safepoint: 144334 ns, Total: 740875 ns
[2022-09-04T00:21:04.037+0000][1][safepoint    ] Safepoint "RevokeBias", Time since last: 11193875 ns, Reaching safepoint: 404791 ns, At safepoint: 109584 ns, Total: 514375 ns
[2022-09-04T00:21:05.040+0000][1][safepoint    ] Safepoint "Cleanup", Time since last: 1002550125 ns, Reaching safepoint: 603292 ns, At safepoint: 27125 ns, Total: 630417 ns
[2022-09-04T00:21:06.043+0000][1][safepoint    ] Safepoint "Cleanup", Time since last: 1001631792 ns, Reaching safepoint: 770500 ns, At safepoint: 32125 ns, Total: 802625 ns
[2022-09-04T00:21:07.047+0000][1][safepoint    ] Safepoint "Cleanup", Time since last: 1002475875 ns, Reaching safepoint: 1386000 ns, At safepoint: 96334 ns, Total: 1482334 ns
[2022-09-04T00:21:07.052+0000][1][safepoint    ] Safepoint "RevokeBias", Time since last: 4080291 ns, Reaching safepoint: 1102250 ns, At safepoint: 467792 ns, Total: 1570042 ns
[2022-09-04T00:21:07.077+0000][1][safepoint    ] Safepoint "RevokeBias", Time since last: 24402125 ns, Reaching safepoint: 617417 ns, At safepoint: 209291 ns, Total: 826708 ns
[2022-09-04T00:21:07.082+0000][1][safepoint    ] Safepoint "RevokeBias", Time since last: 3774417 ns, Reaching safepoint: 312875 ns, At safepoint: 87708 ns, Total: 400583 ns
[2022-09-04T00:21:08.091+0000][1][safepoint    ] Safepoint "Cleanup", Time since last: 1006886459 ns, Reaching safepoint: 1983375 ns, At safepoint: 70625 ns, Total: 2054000 ns
[2022-09-04T00:21:20.104+0000][1][safepoint    ] Safepoint "Cleanup", Time since last: 12013252048 ns, Reaching safepoint: 732500 ns, At safepoint: 32875 ns, Total: 765375 ns
[2022-09-04T00:21:27.115+0000][1][safepoint    ] Safepoint "Cleanup", Time since last: 7009789961 ns, Reaching safepoint: 1278833 ns, At safepoint: 49125 ns, Total: 1327958 ns
[2022-09-04T00:21:34.123+0000][1][safepoint    ] Safepoint "Cleanup", Time since last: 7007478295 ns, Reaching safepoint: 583709 ns, At safepoint: 28291 ns, Total: 612000 ns
[2022-09-04T00:21:37.127+0000][1][safepoint    ] Safepoint "Cleanup", Time since last: 3004081210 ns, Reaching safepoint: 493167 ns, At safepoint: 21583 ns, Total: 514750 ns
[2022-09-04T00:21:38.131+0000][1][safepoint    ] Safepoint "Cleanup", Time since last: 1001875167 ns, Reaching safepoint: 1108334 ns, At safepoint: 94833 ns, Total: 1203167 ns
[2022-09-04T00:21:40.135+0000][1][safepoint    ] Safepoint "Cleanup", Time since last: 2003710417 ns, Reaching safepoint: 788625 ns, At safepoint: 28084 ns, Total: 816709 ns
[2022-09-04T00:21:42.140+0000][1][safepoint    ] Safepoint "Cleanup", Time since last: 2003576292 ns, Reaching safepoint: 1249375 ns, At safepoint: 218584 ns, Total: 1467959 ns
[2022-09-04T00:21:43.144+0000][1][safepoint    ] Safepoint "Cleanup", Time since last: 1003016667 ns, Reaching safepoint: 665500 ns, At safepoint: 19208 ns, Total: 684708 ns
[2022-09-04T00:21:53.149+0000][1][safepoint    ] Safepoint "Cleanup", Time since last: 10004833796 ns, Reaching safepoint: 703292 ns, At safepoint: 25666 ns, Total: 728958 ns
[2022-09-04T00:21:59.153+0000][1][safepoint    ] Safepoint "Cleanup", Time since last: 6002208628 ns, Reaching safepoint: 1720500 ns, At safepoint: 33959 ns, Total: 1754459 ns
[2022-09-04T00:22:02.157+0000][1][safepoint    ] Safepoint "Cleanup", Time since last: 3002785959 ns, Reaching safepoint: 1375834 ns, At safepoint: 53375 ns, Total: 1429209 ns
[2022-09-04T00:22:05.161+0000][1][safepoint    ] Safepoint "Cleanup", Time since last: 3002689293 ns, Reaching safepoint: 728875 ns, At safepoint: 22708 ns, Total: 751583 ns
[2022-09-04T00:22:11.174+0000][1][safepoint    ] Safepoint "Cleanup", Time since last: 6012955045 ns, Reaching safepoint: 763500 ns, At safepoint: 31458 ns, Total: 794958 ns
[2022-09-04T00:22:13.179+0000][1][safepoint    ] Safepoint "Cleanup", Time since last: 2003534334 ns, Reaching safepoint: 772292 ns, At safepoint: 21833 ns, Total: 794125 ns
[2022-09-04T00:22:21.186+0000][1][safepoint    ] Safepoint "Cleanup", Time since last: 8006731921 ns, Reaching safepoint: 762875 ns, At safepoint: 22041 ns, Total: 784916 ns
[2022-09-04T00:22:25.194+0000][1][safepoint    ] Safepoint "Cleanup", Time since last: 4007494168 ns, Reaching safepoint: 738708 ns, At safepoint: 23000 ns, Total: 761708 ns
[2022-09-04T00:22:26.198+0000][1][safepoint    ] Safepoint "Cleanup", Time since last: 1002313501 ns, Reaching safepoint: 1159417 ns, At safepoint: 38291 ns, Total: 1197708 ns
[2022-09-04T00:22:27.202+0000][1][safepoint    ] Safepoint "Cleanup", Time since last: 1002855376 ns, Reaching safepoint: 1400625 ns, At safepoint: 43000 ns, Total: 1443625 ns
[2022-09-04T00:22:28.210+0000][1][safepoint    ] Safepoint "Cleanup", Time since last: 1004832125 ns, Reaching safepoint: 2629125 ns, At safepoint: 77792 ns, Total: 2706917 ns
[2022-09-04T00:22:34.222+0000][1][safepoint    ] Safepoint "Cleanup", Time since last: 6011329919 ns, Reaching safepoint: 999500 ns, At safepoint: 27125 ns, Total: 1026625 ns
[2022-09-04T00:22:41.001+0000][1][gc,start     ] GC(16) Pause Young (Allocation Failure)
[2022-09-04T00:22:41.007+0000][1][gc,task      ] GC(16) Using 4 workers of 4 for evacuation
[2022-09-04T00:22:41.159+0000][1][gc,age       ] GC(16) Desired survivor size 8945664 bytes, new threshold 6 (max threshold 6)
[2022-09-04T00:22:41.160+0000][1][gc,age       ] GC(16) Age table with threshold 6 (max threshold 6)
[2022-09-04T00:22:41.161+0000][1][gc,age       ] GC(16) - age   1:    2647384 bytes,    2647384 total
[2022-09-04T00:22:41.163+0000][1][gc,age       ] GC(16) - age   2:    5364816 bytes,    8012200 total
[2022-09-04T00:22:41.165+0000][1][gc,heap      ] GC(16) ParNew: 156865K->11325K(157248K)
[2022-09-04T00:22:41.166+0000][1][gc,heap      ] GC(16) CMS: 47692K->55545K(349568K)
[2022-09-04T00:22:41.167+0000][1][gc,metaspace ] GC(16) Metaspace: 78559K->78559K(1122304K)
[2022-09-04T00:22:41.169+0000][1][gc           ] GC(16) Pause Young (Allocation Failure) 199M->65M(494M) 167.937ms
[2022-09-04T00:22:41.170+0000][1][gc,cpu       ] GC(16) User=0.45s Sys=0.02s Real=0.17s
[2022-09-04T00:22:41.171+0000][1][safepoint    ] Safepoint "GenCollectForAllocation", Time since last: 6776473129 ns, Reaching safepoint: 1729041 ns, At safepoint: 170953375 ns, Total: 172682416 ns
[2022-09-04T00:22:42.176+0000][1][safepoint    ] Safepoint "Cleanup", Time since last: 1002391542 ns, Reaching safepoint: 2334709 ns, At safepoint: 68541 ns, Total: 2403250 ns
[2022-09-04T00:22:43.761+0000][1][safepoint    ] Safepoint "RevokeBias", Time since last: 1583786876 ns, Reaching safepoint: 985542 ns, At safepoint: 169208 ns, Total: 1154750 ns
[2022-09-04T00:22:43.774+0000][1][safepoint    ] Safepoint "RevokeBias", Time since last: 12986792 ns, Reaching safepoint: 338500 ns, At safepoint: 265917 ns, Total: 604417 ns
[2022-09-04T00:22:43.788+0000][1][safepoint    ] Safepoint "RevokeBias", Time since last: 12473000 ns, Reaching safepoint: 659791 ns, At safepoint: 155500 ns, Total: 815291 ns
[2022-09-04T00:22:44.790+0000][1][safepoint    ] Safepoint "Cleanup", Time since last: 1001687792 ns, Reaching safepoint: 792625 ns, At safepoint: 27167 ns, Total: 819792 ns
[2022-09-04T00:22:47.115+0000][1][safepoint    ] Safepoint "RevokeBias", Time since last: 2324056834 ns, Reaching safepoint: 675042 ns, At safepoint: 144417 ns, Total: 819459 ns
[2022-09-04T00:22:47.121+0000][1][safepoint    ] Safepoint "RevokeBias", Time since last: 5767375 ns, Reaching safepoint: 278333 ns, At safepoint: 110000 ns, Total: 388333 ns
[2022-09-04T00:22:47.128+0000][1][safepoint    ] Safepoint "RevokeBias", Time since last: 5868625 ns, Reaching safepoint: 648292 ns, At safepoint: 160583 ns, Total: 808875 ns
[2022-09-04T00:22:51.132+0000][1][safepoint    ] Safepoint "Cleanup", Time since last: 4002890669 ns, Reaching safepoint: 771625 ns, At safepoint: 22041 ns, Total: 793666 ns
[2022-09-04T00:22:52.139+0000][1][safepoint    ] Safepoint "Cleanup", Time since last: 1004190584 ns, Reaching safepoint: 3034625 ns, At safepoint: 122292 ns, Total: 3156917 ns
[2022-09-04T00:23:02.282+0000][1][safepoint    ] Safepoint "RevokeBias", Time since last: 10141527588 ns, Reaching safepoint: 1172708 ns, At safepoint: 175583 ns, Total: 1348291 ns
[2022-09-04T00:23:02.290+0000][1][safepoint    ] Safepoint "RevokeBias", Time since last: 7327625 ns, Reaching safepoint: 417417 ns, At safepoint: 114375 ns, Total: 531792 ns
[2022-09-04T00:23:02.298+0000][1][safepoint    ] Safepoint "RevokeBias", Time since last: 7329625 ns, Reaching safepoint: 585750 ns, At safepoint: 111875 ns, Total: 697625 ns
[2022-09-04T00:23:02.339+0000][1][safepoint    ] Safepoint "RevokeBias", Time since last: 40207667 ns, Reaching safepoint: 704625 ns, At safepoint: 455875 ns, Total: 1160500 ns
[2022-09-04T00:23:02.542+0000][1][safepoint    ] Safepoint "RevokeBias", Time since last: 202120417 ns, Reaching safepoint: 1003375 ns, At safepoint: 182041 ns, Total: 1185416 ns
[2022-09-04T00:23:02.562+0000][1][safepoint    ] Safepoint "RevokeBias", Time since last: 19055542 ns, Reaching safepoint: 393292 ns, At safepoint: 94000 ns, Total: 487292 ns
[2022-09-04T00:23:02.565+0000][1][safepoint    ] Safepoint "RevokeBias", Time since last: 2577708 ns, Reaching safepoint: 315250 ns, At safepoint: 72083 ns, Total: 387333 ns
[2022-09-04T00:23:02.570+0000][1][safepoint    ] Safepoint "RevokeBias", Time since last: 4902084 ns, Reaching safepoint: 383583 ns, At safepoint: 133750 ns, Total: 517333 ns
[2022-09-04T00:23:02.573+0000][1][safepoint    ] Safepoint "RevokeBias", Time since last: 1937708 ns, Reaching safepoint: 952042 ns, At safepoint: 137792 ns, Total: 1089834 ns
[2022-09-04T00:23:02.576+0000][1][safepoint    ] Safepoint "RevokeBias", Time since last: 2040208 ns, Reaching safepoint: 318583 ns, At safepoint: 80084 ns, Total: 398667 ns
[2022-09-04T00:23:02.578+0000][1][safepoint    ] Safepoint "RevokeBias", Time since last: 1894250 ns, Reaching safepoint: 678583 ns, At safepoint: 84167 ns, Total: 762750 ns
[2022-09-04T00:23:02.580+0000][1][safepoint    ] Safepoint "RevokeBias", Time since last: 1242583 ns, Reaching safepoint: 271958 ns, At safepoint: 70917 ns, Total: 342875 ns
[2022-09-04T00:23:02.581+0000][1][safepoint    ] Safepoint "RevokeBias", Time since last: 1097250 ns, Reaching safepoint: 305875 ns, At safepoint: 72625 ns, Total: 378500 ns
[2022-09-04T00:23:02.585+0000][1][safepoint    ] Safepoint "RevokeBias", Time since last: 3023458 ns, Reaching safepoint: 383959 ns, At safepoint: 78083 ns, Total: 462042 ns
[2022-09-04T00:23:02.587+0000][1][safepoint    ] Safepoint "RevokeBias", Time since last: 1455125 ns, Reaching safepoint: 309417 ns, At safepoint: 69166 ns, Total: 378583 ns
[2022-09-04T00:23:02.589+0000][1][safepoint    ] Safepoint "RevokeBias", Time since last: 1544959 ns, Reaching safepoint: 320708 ns, At safepoint: 156542 ns, Total: 477250 ns
[2022-09-04T00:23:02.592+0000][1][safepoint    ] Safepoint "RevokeBias", Time since last: 2535125 ns, Reaching safepoint: 322625 ns, At safepoint: 87041 ns, Total: 409666 ns
[2022-09-04T00:23:02.595+0000][1][safepoint    ] Safepoint "RevokeBias", Time since last: 2443750 ns, Reaching safepoint: 393875 ns, At safepoint: 109334 ns, Total: 503209 ns
[2022-09-04T00:23:02.600+0000][1][safepoint    ] Safepoint "RevokeBias", Time since last: 4600041 ns, Reaching safepoint: 383500 ns, At safepoint: 100417 ns, Total: 483917 ns
[2022-09-04T00:23:02.794+0000][1][safepoint    ] Safepoint "RevokeBias", Time since last: 192767083 ns, Reaching safepoint: 1082709 ns, At safepoint: 130750 ns, Total: 1213459 ns
[2022-09-04T00:23:02.986+0000][1][safepoint    ] Safepoint "RevokeBias", Time since last: 191162791 ns, Reaching safepoint: 1173042 ns, At safepoint: 50042 ns, Total: 1223084 ns
[2022-09-04T00:23:02.999+0000][1][safepoint    ] Safepoint "RevokeBias", Time since last: 11932416 ns, Reaching safepoint: 594167 ns, At safepoint: 35958 ns, Total: 630125 ns
[2022-09-04T00:23:03.020+0000][1][safepoint    ] Safepoint "Deoptimize", Time since last: 18738792 ns, Reaching safepoint: 506292 ns, At safepoint: 2026916 ns, Total: 2533208 ns
[2022-09-04T00:23:03.077+0000][1][safepoint    ] Safepoint "Deoptimize", Time since last: 53291417 ns, Reaching safepoint: 598167 ns, At safepoint: 2721750 ns, Total: 3319917 ns
[2022-09-04T00:23:03.107+0000][1][safepoint    ] Safepoint "RevokeBias", Time since last: 29787041 ns, Reaching safepoint: 372375 ns, At safepoint: 99334 ns, Total: 471709 ns
[2022-09-04T00:23:03.189+0000][1][safepoint    ] Safepoint "RevokeBias", Time since last: 79943250 ns, Reaching safepoint: 1602208 ns, At safepoint: 492167 ns, Total: 2094375 ns
[2022-09-04T00:23:03.199+0000][1][safepoint    ] Safepoint "RevokeBias", Time since last: 9950875 ns, Reaching safepoint: 433167 ns, At safepoint: 101333 ns, Total: 534500 ns
[2022-09-04T00:23:03.235+0000][1][safepoint    ] Safepoint "RevokeBias", Time since last: 35494500 ns, Reaching safepoint: 574625 ns, At safepoint: 92042 ns, Total: 666667 ns
[2022-09-04T00:23:03.245+0000][1][safepoint    ] Safepoint "RevokeBias", Time since last: 8879333 ns, Reaching safepoint: 422625 ns, At safepoint: 88917 ns, Total: 511542 ns
[2022-09-04T00:23:03.266+0000][1][safepoint    ] Safepoint "RevokeBias", Time since last: 20576291 ns, Reaching safepoint: 469959 ns, At safepoint: 111916 ns, Total: 581875 ns
[2022-09-04T00:23:03.273+0000][1][safepoint    ] Safepoint "RevokeBias", Time since last: 6043834 ns, Reaching safepoint: 1076041 ns, At safepoint: 186709 ns, Total: 1262750 ns
[2022-09-04T00:23:03.279+0000][1][safepoint    ] Safepoint "RevokeBias", Time since last: 4590666 ns, Reaching safepoint: 1468750 ns, At safepoint: 103292 ns, Total: 1572042 ns
[2022-09-04T00:23:03.284+0000][1][safepoint    ] Safepoint "RevokeBias", Time since last: 3166958 ns, Reaching safepoint: 822792 ns, At safepoint: 104500 ns, Total: 927292 ns
[2022-09-04T00:23:03.292+0000][1][safepoint    ] Safepoint "RevokeBias", Time since last: 7377000 ns, Reaching safepoint: 621750 ns, At safepoint: 115125 ns, Total: 736875 ns
[2022-09-04T00:23:03.294+0000][1][safepoint    ] Safepoint "RevokeBias", Time since last: 1502375 ns, Reaching safepoint: 718250 ns, At safepoint: 97792 ns, Total: 816042 ns
[2022-09-04T00:23:03.296+0000][1][safepoint    ] Safepoint "RevokeBias", Time since last: 1687666 ns, Reaching safepoint: 633542 ns, At safepoint: 111417 ns, Total: 744959 ns
[2022-09-04T00:23:03.302+0000][1][safepoint    ] Safepoint "RevokeBias", Time since last: 4990958 ns, Reaching safepoint: 521375 ns, At safepoint: 85333 ns, Total: 606708 ns
[2022-09-04T00:23:03.307+0000][1][safepoint    ] Safepoint "RevokeBias", Time since last: 4179334 ns, Reaching safepoint: 471000 ns, At safepoint: 116958 ns, Total: 587958 ns
[2022-09-04T00:23:03.309+0000][1][safepoint    ] Safepoint "RevokeBias", Time since last: 1199875 ns, Reaching safepoint: 496875 ns, At safepoint: 181750 ns, Total: 678625 ns
[2022-09-04T00:23:03.310+0000][1][safepoint    ] Safepoint "RevokeBias", Time since last: 1166333 ns, Reaching safepoint: 412625 ns, At safepoint: 154167 ns, Total: 566792 ns
[2022-09-04T00:23:03.312+0000][1][safepoint    ] Safepoint "RevokeBias", Time since last: 1135083 ns, Reaching safepoint: 250209 ns, At safepoint: 233708 ns, Total: 483917 ns
[2022-09-04T00:23:03.316+0000][1][safepoint    ] Safepoint "RevokeBias", Time since last: 3225583 ns, Reaching safepoint: 705750 ns, At safepoint: 120959 ns, Total: 826709 ns
[2022-09-04T00:23:03.319+0000][1][safepoint    ] Safepoint "RevokeBias", Time since last: 2865083 ns, Reaching safepoint: 325833 ns, At safepoint: 85875 ns, Total: 411708 ns
[2022-09-04T00:23:03.321+0000][1][safepoint    ] Safepoint "RevokeBias", Time since last: 1380500 ns, Reaching safepoint: 246459 ns, At safepoint: 80208 ns, Total: 326667 ns
[2022-09-04T00:23:03.323+0000][1][safepoint    ] Safepoint "RevokeBias", Time since last: 1314458 ns, Reaching safepoint: 290875 ns, At safepoint: 73084 ns, Total: 363959 ns
[2022-09-04T00:23:03.324+0000][1][safepoint    ] Safepoint "RevokeBias", Time since last: 1189250 ns, Reaching safepoint: 303333 ns, At safepoint: 93500 ns, Total: 396833 ns
[2022-09-04T00:23:03.328+0000][1][safepoint    ] Safepoint "RevokeBias", Time since last: 3248667 ns, Reaching safepoint: 287875 ns, At safepoint: 111208 ns, Total: 399083 ns
[2022-09-04T00:23:03.330+0000][1][safepoint    ] Safepoint "RevokeBias", Time since last: 1650083 ns, Reaching safepoint: 257167 ns, At safepoint: 107750 ns, Total: 364917 ns
[2022-09-04T00:23:03.332+0000][1][safepoint    ] Safepoint "RevokeBias", Time since last: 1014375 ns, Reaching safepoint: 518083 ns, At safepoint: 111959 ns, Total: 630042 ns
[2022-09-04T00:23:03.333+0000][1][safepoint    ] Safepoint "RevokeBias", Time since last: 1270083 ns, Reaching safepoint: 453125 ns, At safepoint: 112042 ns, Total: 565167 ns
[2022-09-04T00:23:03.335+0000][1][safepoint    ] Safepoint "RevokeBias", Time since last: 1319291 ns, Reaching safepoint: 287042 ns, At safepoint: 79917 ns, Total: 366959 ns
[2022-09-04T00:23:03.339+0000][1][safepoint    ] Safepoint "RevokeBias", Time since last: 3768791 ns, Reaching safepoint: 283292 ns, At safepoint: 105417 ns, Total: 388709 ns
[2022-09-04T00:23:03.342+0000][1][safepoint    ] Safepoint "RevokeBias", Time since last: 2299791 ns, Reaching safepoint: 340792 ns, At safepoint: 100708 ns, Total: 441500 ns
[2022-09-04T00:23:03.344+0000][1][safepoint    ] Safepoint "RevokeBias", Time since last: 2030584 ns, Reaching safepoint: 354750 ns, At safepoint: 85125 ns, Total: 439875 ns
[2022-09-04T00:23:03.348+0000][1][safepoint    ] Safepoint "RevokeBias", Time since last: 2573000 ns, Reaching safepoint: 424666 ns, At safepoint: 108375 ns, Total: 533041 ns
[2022-09-04T00:23:03.349+0000][1][safepoint    ] Safepoint "RevokeBias", Time since last: 990959 ns, Reaching safepoint: 248250 ns, At safepoint: 76416 ns, Total: 324666 ns
[2022-09-04T00:23:03.350+0000][1][safepoint    ] Safepoint "RevokeBias", Time since last: 1042417 ns, Reaching safepoint: 343583 ns, At safepoint: 90625 ns, Total: 434208 ns
[2022-09-04T00:23:03.352+0000][1][safepoint    ] Safepoint "RevokeBias", Time since last: 1510875 ns, Reaching safepoint: 380875 ns, At safepoint: 96917 ns, Total: 477792 ns
[2022-09-04T00:23:03.354+0000][1][safepoint    ] Safepoint "RevokeBias", Time since last: 1212583 ns, Reaching safepoint: 242792 ns, At safepoint: 84208 ns, Total: 327000 ns
[2022-09-04T00:23:03.355+0000][1][safepoint    ] Safepoint "RevokeBias", Time since last: 781500 ns, Reaching safepoint: 240417 ns, At safepoint: 162458 ns, Total: 402875 ns
[2022-09-04T00:23:03.357+0000][1][safepoint    ] Safepoint "RevokeBias", Time since last: 1369000 ns, Reaching safepoint: 244417 ns, At safepoint: 82708 ns, Total: 327125 ns
[2022-09-04T00:23:03.358+0000][1][safepoint    ] Safepoint "RevokeBias", Time since last: 1017625 ns, Reaching safepoint: 284209 ns, At safepoint: 100875 ns, Total: 385084 ns
[2022-09-04T00:23:03.361+0000][1][safepoint    ] Safepoint "RevokeBias", Time since last: 1908541 ns, Reaching safepoint: 327959 ns, At safepoint: 88666 ns, Total: 416625 ns
[2022-09-04T00:23:03.362+0000][1][safepoint    ] Safepoint "RevokeBias", Time since last: 1236375 ns, Reaching safepoint: 307042 ns, At safepoint: 134458 ns, Total: 441500 ns
[2022-09-04T00:23:03.364+0000][1][safepoint    ] Safepoint "RevokeBias", Time since last: 1361500 ns, Reaching safepoint: 321584 ns, At safepoint: 80958 ns, Total: 402542 ns
[2022-09-04T00:23:03.367+0000][1][safepoint    ] Safepoint "BulkRevokeBias", Time since last: 863625 ns, Reaching safepoint: 539917 ns, At safepoint: 1205750 ns, Total: 1745667 ns
[2022-09-04T00:23:03.604+0000][1][safepoint    ] Safepoint "RevokeBias", Time since last: 236317833 ns, Reaching safepoint: 611833 ns, At safepoint: 82917 ns, Total: 694750 ns
[2022-09-04T00:23:03.606+0000][1][safepoint    ] Safepoint "RevokeBias", Time since last: 2129208 ns, Reaching safepoint: 250334 ns, At safepoint: 62833 ns, Total: 313167 ns
[2022-09-04T00:23:03.739+0000][1][safepoint    ] Safepoint "RevokeBias", Time since last: 132274292 ns, Reaching safepoint: 569500 ns, At safepoint: 130416 ns, Total: 699916 ns
[2022-09-04T00:23:03.769+0000][1][safepoint    ] Safepoint "RevokeBias", Time since last: 29520292 ns, Reaching safepoint: 518417 ns, At safepoint: 276375 ns, Total: 794792 ns
[2022-09-04T00:23:03.772+0000][1][safepoint    ] Safepoint "RevokeBias", Time since last: 2276625 ns, Reaching safepoint: 524500 ns, At safepoint: 257125 ns, Total: 781625 ns
[2022-09-04T00:23:03.775+0000][1][safepoint    ] Safepoint "RevokeBias", Time since last: 2193958 ns, Reaching safepoint: 455750 ns, At safepoint: 249875 ns, Total: 705625 ns
[2022-09-04T00:23:03.781+0000][1][safepoint    ] Safepoint "RevokeBias", Time since last: 5342833 ns, Reaching safepoint: 498750 ns, At safepoint: 227917 ns, Total: 726667 ns
[2022-09-04T00:23:03.784+0000][1][safepoint    ] Safepoint "RevokeBias", Time since last: 2021583 ns, Reaching safepoint: 458709 ns, At safepoint: 224416 ns, Total: 683125 ns
[2022-09-04T00:23:03.786+0000][1][safepoint    ] Safepoint "RevokeBias", Time since last: 1629209 ns, Reaching safepoint: 308791 ns, At safepoint: 119167 ns, Total: 427958 ns
[2022-09-04T00:23:03.788+0000][1][safepoint    ] Safepoint "RevokeBias", Time since last: 1891833 ns, Reaching safepoint: 352917 ns, At safepoint: 152458 ns, Total: 505375 ns
[2022-09-04T00:23:03.790+0000][1][safepoint    ] Safepoint "RevokeBias", Time since last: 1063875 ns, Reaching safepoint: 237417 ns, At safepoint: 113292 ns, Total: 350709 ns
[2022-09-04T00:23:03.792+0000][1][safepoint    ] Safepoint "RevokeBias", Time since last: 1870708 ns, Reaching safepoint: 245792 ns, At safepoint: 177208 ns, Total: 423000 ns
[2022-09-04T00:23:03.797+0000][1][safepoint    ] Safepoint "RevokeBias", Time since last: 4855958 ns, Reaching safepoint: 296542 ns, At safepoint: 110708 ns, Total: 407250 ns
[2022-09-04T00:23:03.799+0000][1][safepoint    ] Safepoint "RevokeBias", Time since last: 1236917 ns, Reaching safepoint: 248792 ns, At safepoint: 114333 ns, Total: 363125 ns
[2022-09-04T00:23:03.801+0000][1][safepoint    ] Safepoint "RevokeBias", Time since last: 937083 ns, Reaching safepoint: 531334 ns, At safepoint: 100166 ns, Total: 631500 ns
[2022-09-04T00:23:03.802+0000][1][safepoint    ] Safepoint "RevokeBias", Time since last: 1136834 ns, Reaching safepoint: 276208 ns, At safepoint: 166167 ns, Total: 442375 ns
[2022-09-04T00:23:03.805+0000][1][safepoint    ] Safepoint "RevokeBias", Time since last: 2215208 ns, Reaching safepoint: 312875 ns, At safepoint: 103083 ns, Total: 415958 ns
[2022-09-04T00:23:03.806+0000][1][safepoint    ] Safepoint "RevokeBias", Time since last: 995584 ns, Reaching safepoint: 241166 ns, At safepoint: 136834 ns, Total: 378000 ns
[2022-09-04T00:23:03.808+0000][1][safepoint    ] Safepoint "RevokeBias", Time since last: 1541083 ns, Reaching safepoint: 254042 ns, At safepoint: 192166 ns, Total: 446208 ns
[2022-09-04T00:23:03.810+0000][1][safepoint    ] Safepoint "RevokeBias", Time since last: 1179917 ns, Reaching safepoint: 233875 ns, At safepoint: 98042 ns, Total: 331917 ns
[2022-09-04T00:23:03.811+0000][1][safepoint    ] Safepoint "RevokeBias", Time since last: 902291 ns, Reaching safepoint: 240167 ns, At safepoint: 98708 ns, Total: 338875 ns
[2022-09-04T00:23:03.812+0000][1][safepoint    ] Safepoint "RevokeBias", Time since last: 937875 ns, Reaching safepoint: 338167 ns, At safepoint: 172333 ns, Total: 510500 ns
[2022-09-04T00:23:03.816+0000][1][safepoint    ] Safepoint "BulkRevokeBias", Time since last: 1451417 ns, Reaching safepoint: 329958 ns, At safepoint: 1617167 ns, Total: 1947125 ns
[2022-09-04T00:23:04.600+0000][1][safepoint    ] Safepoint "RevokeBias", Time since last: 756073875 ns, Reaching safepoint: 20903167 ns, At safepoint: 5545625 ns, Total: 26448792 ns
[2022-09-04T00:23:04.839+0000][1][safepoint    ] Safepoint "RevokeBias", Time since last: 236411084 ns, Reaching safepoint: 4079583 ns, At safepoint: 406833 ns, Total: 4486416 ns
[2022-09-04T00:23:04.894+0000][1][safepoint    ] Safepoint "RevokeBias", Time since last: 49404375 ns, Reaching safepoint: 5120792 ns, At safepoint: 653625 ns, Total: 5774417 ns
[2022-09-04T00:23:05.874+0000][1][safepoint    ] Safepoint "RevokeBias", Time since last: 973453042 ns, Reaching safepoint: 5047542 ns, At safepoint: 844208 ns, Total: 5891750 ns
[2022-09-04T00:23:06.204+0000][1][safepoint    ] Safepoint "RevokeBias", Time since last: 327942959 ns, Reaching safepoint: 1824000 ns, At safepoint: 94833 ns, Total: 1918833 ns
[2022-09-04T00:23:06.267+0000][1][safepoint    ] Safepoint "RevokeBias", Time since last: 62911375 ns, Reaching safepoint: 733875 ns, At safepoint: 104500 ns, Total: 838375 ns
[2022-09-04T00:23:06.851+0000][1][safepoint    ] Safepoint "RevokeBias", Time since last: 582432834 ns, Reaching safepoint: 752875 ns, At safepoint: 113250 ns, Total: 866125 ns
[2022-09-04T00:23:06.854+0000][1][safepoint    ] Safepoint "RevokeBias", Time since last: 2380916 ns, Reaching safepoint: 417292 ns, At safepoint: 83833 ns, Total: 501125 ns
[2022-09-04T00:23:07.856+0000][1][safepoint    ] Safepoint "Cleanup", Time since last: 1001534709 ns, Reaching safepoint: 877167 ns, At safepoint: 46750 ns, Total: 923917 ns
[2022-09-04T00:23:08.859+0000][1][safepoint    ] Safepoint "Cleanup", Time since last: 1002053834 ns, Reaching safepoint: 1287000 ns, At safepoint: 70125 ns, Total: 1357125 ns
[2022-09-04T00:23:09.862+0000][1][safepoint    ] Safepoint "Cleanup", Time since last: 1002236292 ns, Reaching safepoint: 805666 ns, At safepoint: 24750 ns, Total: 830416 ns
[2022-09-04T00:23:10.868+0000][1][safepoint    ] Safepoint "Cleanup", Time since last: 1003109667 ns, Reaching safepoint: 2314417 ns, At safepoint: 79042 ns, Total: 2393459 ns
[2022-09-04T00:23:11.873+0000][1][safepoint    ] Safepoint "Cleanup", Time since last: 1003876500 ns, Reaching safepoint: 916667 ns, At safepoint: 28333 ns, Total: 945000 ns
[2022-09-04T00:23:12.877+0000][1][safepoint    ] Safepoint "Cleanup", Time since last: 1002877501 ns, Reaching safepoint: 1532833 ns, At safepoint: 50333 ns, Total: 1583166 ns
[2022-09-04T00:23:13.882+0000][1][safepoint    ] Safepoint "Cleanup", Time since last: 1002684543 ns, Reaching safepoint: 1587791 ns, At safepoint: 67792 ns, Total: 1655583 ns
[2022-09-04T00:23:14.885+0000][1][safepoint    ] Safepoint "Cleanup", Time since last: 1002922917 ns, Reaching safepoint: 742250 ns, At safepoint: 25167 ns, Total: 767417 ns
[2022-09-04T00:23:15.889+0000][1][safepoint    ] Safepoint "Cleanup", Time since last: 1002518584 ns, Reaching safepoint: 1082791 ns, At safepoint: 32375 ns, Total: 1115166 ns
[2022-09-04T00:23:16.895+0000][1][safepoint    ] Safepoint "Cleanup", Time since last: 1003413459 ns, Reaching safepoint: 2219042 ns, At safepoint: 101875 ns, Total: 2320917 ns
[2022-09-04T00:23:17.899+0000][1][safepoint    ] Safepoint "Cleanup", Time since last: 1003266417 ns, Reaching safepoint: 1479750 ns, At safepoint: 42875 ns, Total: 1522625 ns
[2022-09-04T00:23:18.905+0000][1][safepoint    ] Safepoint "Cleanup", Time since last: 1003048209 ns, Reaching safepoint: 2082625 ns, At safepoint: 58583 ns, Total: 2141208 ns
[2022-09-04T00:23:19.911+0000][1][safepoint    ] Safepoint "Cleanup", Time since last: 1005097250 ns, Reaching safepoint: 836584 ns, At safepoint: 25500 ns, Total: 862084 ns
[2022-09-04T00:23:20.914+0000][1][safepoint    ] Safepoint "Cleanup", Time since last: 1001906959 ns, Reaching safepoint: 1572666 ns, At safepoint: 180209 ns, Total: 1752875 ns
[2022-09-04T00:23:21.918+0000][1][safepoint    ] Safepoint "Cleanup", Time since last: 1003443208 ns, Reaching safepoint: 1305041 ns, At safepoint: 40875 ns, Total: 1345916 ns
[2022-09-04T00:23:22.923+0000][1][safepoint    ] Safepoint "Cleanup", Time since last: 1002404876 ns, Reaching safepoint: 2155792 ns, At safepoint: 65416 ns, Total: 2221208 ns
[2022-09-04T00:23:23.928+0000][1][safepoint    ] Safepoint "Cleanup", Time since last: 1003731834 ns, Reaching safepoint: 1187375 ns, At safepoint: 34625 ns, Total: 1222000 ns
[2022-09-04T00:23:24.932+0000][1][safepoint    ] Safepoint "Cleanup", Time since last: 1003248001 ns, Reaching safepoint: 714166 ns, At safepoint: 21459 ns, Total: 735625 ns
[2022-09-04T00:23:25.935+0000][1][safepoint    ] Safepoint "Cleanup", Time since last: 1002697583 ns, Reaching safepoint: 712209 ns, At safepoint: 64500 ns, Total: 776709 ns
[2022-09-04T00:23:26.940+0000][1][safepoint    ] Safepoint "Cleanup", Time since last: 1002009459 ns, Reaching safepoint: 2508958 ns, At safepoint: 74917 ns, Total: 2583875 ns
[2022-09-04T00:23:27.948+0000][1][safepoint    ] Safepoint "Cleanup", Time since last: 1005699750 ns, Reaching safepoint: 2021250 ns, At safepoint: 72750 ns, Total: 2094000 ns
[2022-09-04T00:23:28.958+0000][1][safepoint    ] Safepoint "Cleanup", Time since last: 1006985334 ns, Reaching safepoint: 2506250 ns, At safepoint: 84208 ns, Total: 2590458 ns
[2022-09-04T00:23:29.965+0000][1][safepoint    ] Safepoint "Cleanup", Time since last: 1007162126 ns, Reaching safepoint: 778375 ns, At safepoint: 34208 ns, Total: 812583 ns
[2022-09-04T00:23:30.972+0000][1][safepoint    ] Safepoint "Cleanup", Time since last: 1002491792 ns, Reaching safepoint: 4177458 ns, At safepoint: 146375 ns, Total: 4323833 ns
[2022-09-04T00:23:31.980+0000][1][safepoint    ] Safepoint "Cleanup", Time since last: 1006765793 ns, Reaching safepoint: 970458 ns, At safepoint: 34458 ns, Total: 1004916 ns
[2022-09-04T00:23:32.984+0000][1][safepoint    ] Safepoint "Cleanup", Time since last: 1002245542 ns, Reaching safepoint: 1503292 ns, At safepoint: 58000 ns, Total: 1561292 ns
[2022-09-04T00:23:33.833+0000][1][safepoint    ] Safepoint "RevokeBias", Time since last: 847294667 ns, Reaching safepoint: 1682875 ns, At safepoint: 222958 ns, Total: 1905833 ns
[2022-09-04T00:23:33.838+0000][1][safepoint    ] Safepoint "RevokeBias", Time since last: 4289000 ns, Reaching safepoint: 742334 ns, At safepoint: 144375 ns, Total: 886709 ns
[2022-09-04T00:23:33.841+0000][1][safepoint    ] Safepoint "RevokeBias", Time since last: 2055083 ns, Reaching safepoint: 655000 ns, At safepoint: 224500 ns, Total: 879500 ns
[2022-09-04T00:23:34.766+0000][1][safepoint    ] Safepoint "RevokeBias", Time since last: 922997876 ns, Reaching safepoint: 1513416 ns, At safepoint: 156125 ns, Total: 1669541 ns
[2022-09-04T00:23:35.769+0000][1][safepoint    ] Safepoint "Cleanup", Time since last: 1002121917 ns, Reaching safepoint: 836417 ns, At safepoint: 26583 ns, Total: 863000 ns
[2022-09-04T00:23:36.773+0000][1][safepoint    ] Safepoint "Cleanup", Time since last: 1003318293 ns, Reaching safepoint: 719708 ns, At safepoint: 22375 ns, Total: 742083 ns
[2022-09-04T00:23:37.775+0000][1][safepoint    ] Safepoint "Cleanup", Time since last: 1001783750 ns, Reaching safepoint: 837167 ns, At safepoint: 25208 ns, Total: 862375 ns
[2022-09-04T00:23:38.781+0000][1][safepoint    ] Safepoint "Cleanup", Time since last: 1002392793 ns, Reaching safepoint: 3135750 ns, At safepoint: 87541 ns, Total: 3223291 ns
[2022-09-04T00:23:39.787+0000][1][safepoint    ] Safepoint "Cleanup", Time since last: 1004008084 ns, Reaching safepoint: 1589917 ns, At safepoint: 49166 ns, Total: 1639083 ns
[2022-09-04T00:23:40.792+0000][1][safepoint    ] Safepoint "Cleanup", Time since last: 1003674876 ns, Reaching safepoint: 1633000 ns, At safepoint: 41125 ns, Total: 1674125 ns
[2022-09-04T00:23:41.799+0000][1][safepoint    ] Safepoint "Cleanup", Time since last: 1005566792 ns, Reaching safepoint: 924792 ns, At safepoint: 24583 ns, Total: 949375 ns
[2022-09-04T00:23:42.805+0000][1][safepoint    ] Safepoint "Cleanup", Time since last: 1002762792 ns, Reaching safepoint: 3666833 ns, At safepoint: 102959 ns, Total: 3769792 ns
[2022-09-04T00:23:43.814+0000][1][safepoint    ] Safepoint "Cleanup", Time since last: 1007644084 ns, Reaching safepoint: 1206750 ns, At safepoint: 33708 ns, Total: 1240458 ns
[2022-09-04T00:23:44.818+0000][1][safepoint    ] Safepoint "Cleanup", Time since last: 1002813750 ns, Reaching safepoint: 953750 ns, At safepoint: 28792 ns, Total: 982542 ns
[2022-09-04T00:23:45.822+0000][1][safepoint    ] Safepoint "Cleanup", Time since last: 1003195376 ns, Reaching safepoint: 801000 ns, At safepoint: 23041 ns, Total: 824041 ns
[2022-09-04T00:23:46.826+0000][1][safepoint    ] Safepoint "Cleanup", Time since last: 1001871001 ns, Reaching safepoint: 2415625 ns, At safepoint: 69291 ns, Total: 2484916 ns
[2022-09-04T00:23:47.832+0000][1][safepoint    ] Safepoint "Cleanup", Time since last: 1004862001 ns, Reaching safepoint: 795583 ns, At safepoint: 25208 ns, Total: 820791 ns
[2022-09-04T00:23:48.836+0000][1][safepoint    ] Safepoint "Cleanup", Time since last: 1001955876 ns, Reaching safepoint: 1659208 ns, At safepoint: 206084 ns, Total: 1865292 ns
[2022-09-04T00:23:49.840+0000][1][safepoint    ] Safepoint "Cleanup", Time since last: 1003115875 ns, Reaching safepoint: 805917 ns, At safepoint: 22291 ns, Total: 828208 ns
[2022-09-04T00:23:50.843+0000][1][safepoint    ] Safepoint "Cleanup", Time since last: 1002584709 ns, Reaching safepoint: 1011000 ns, At safepoint: 24834 ns, Total: 1035834 ns
[2022-09-04T00:23:51.848+0000][1][safepoint    ] Safepoint "Cleanup", Time since last: 1003168707 ns, Reaching safepoint: 956375 ns, At safepoint: 30500 ns, Total: 986875 ns
[2022-09-04T00:23:52.854+0000][1][safepoint    ] Safepoint "Cleanup", Time since last: 1003844418 ns, Reaching safepoint: 2338291 ns, At safepoint: 66125 ns, Total: 2404416 ns
[2022-09-04T00:23:53.861+0000][1][safepoint    ] Safepoint "Cleanup", Time since last: 1005309417 ns, Reaching safepoint: 1761667 ns, At safepoint: 54750 ns, Total: 1816417 ns
[2022-09-04T00:23:54.866+0000][1][safepoint    ] Safepoint "Cleanup", Time since last: 1002850042 ns, Reaching safepoint: 2378959 ns, At safepoint: 71541 ns, Total: 2450500 ns
[2022-09-04T00:23:55.874+0000][1][safepoint    ] Safepoint "Cleanup", Time since last: 1007150917 ns, Reaching safepoint: 803250 ns, At safepoint: 23917 ns, Total: 827167 ns
[2022-09-04T00:23:56.878+0000][1][safepoint    ] Safepoint "Cleanup", Time since last: 1002216709 ns, Reaching safepoint: 1761958 ns, At safepoint: 46750 ns, Total: 1808708 ns
[2022-09-04T00:23:57.882+0000][1][safepoint    ] Safepoint "Cleanup", Time since last: 1002978376 ns, Reaching safepoint: 1035916 ns, At safepoint: 32834 ns, Total: 1068750 ns
[2022-09-04T00:23:58.891+0000][1][safepoint    ] Safepoint "Cleanup", Time since last: 1004855875 ns, Reaching safepoint: 3462292 ns, At safepoint: 362416 ns, Total: 3824708 ns
[2022-09-04T00:23:59.899+0000][1][safepoint    ] Safepoint "Cleanup", Time since last: 1006171543 ns, Reaching safepoint: 1490875 ns, At safepoint: 220000 ns, Total: 1710875 ns
[2022-09-04T00:24:00.905+0000][1][safepoint    ] Safepoint "Cleanup", Time since last: 1002906500 ns, Reaching safepoint: 3504583 ns, At safepoint: 121625 ns, Total: 3626208 ns
[2022-09-04T00:24:01.914+0000][1][safepoint    ] Safepoint "Cleanup", Time since last: 1007197709 ns, Reaching safepoint: 1062000 ns, At safepoint: 75834 ns, Total: 1137834 ns
[2022-09-04T00:24:02.918+0000][1][safepoint    ] Safepoint "Cleanup", Time since last: 1002853958 ns, Reaching safepoint: 1431167 ns, At safepoint: 45000 ns, Total: 1476167 ns
[2022-09-04T00:24:03.923+0000][1][safepoint    ] Safepoint "Cleanup", Time since last: 1004141126 ns, Reaching safepoint: 844416 ns, At safepoint: 26209 ns, Total: 870625 ns
[2022-09-04T00:24:04.926+0000][1][safepoint    ] Safepoint "Cleanup", Time since last: 1002063583 ns, Reaching safepoint: 900834 ns, At safepoint: 25500 ns, Total: 926334 ns
[2022-09-04T00:24:05.929+0000][1][safepoint    ] Safepoint "Cleanup", Time since last: 1001808458 ns, Reaching safepoint: 756250 ns, At safepoint: 23084 ns, Total: 779334 ns
[2022-09-04T00:24:06.933+0000][1][safepoint    ] Safepoint "Cleanup", Time since last: 1002820542 ns, Reaching safepoint: 1123250 ns, At safepoint: 31375 ns, Total: 1154625 ns
[2022-09-04T00:24:07.936+0000][1][safepoint    ] Safepoint "Cleanup", Time since last: 1002585917 ns, Reaching safepoint: 801250 ns, At safepoint: 27750 ns, Total: 829000 ns
[2022-09-04T00:24:08.939+0000][1][safepoint    ] Safepoint "Cleanup", Time since last: 1001498167 ns, Reaching safepoint: 1021459 ns, At safepoint: 30583 ns, Total: 1052042 ns
[2022-09-04T00:24:09.942+0000][1][safepoint    ] Safepoint "Cleanup", Time since last: 1002431000 ns, Reaching safepoint: 1222334 ns, At safepoint: 156750 ns, Total: 1379084 ns
[2022-09-04T00:24:10.950+0000][1][safepoint    ] Safepoint "Cleanup", Time since last: 1004541834 ns, Reaching safepoint: 3261500 ns, At safepoint: 92333 ns, Total: 3353833 ns
[2022-09-04T00:24:12.432+0000][1][safepoint    ] Safepoint "Cleanup", Time since last: 1480231417 ns, Reaching safepoint: 1182042 ns, At safepoint: 40250 ns, Total: 1222292 ns
[2022-09-04T00:24:13.435+0000][1][safepoint    ] Safepoint "Cleanup", Time since last: 1002583917 ns, Reaching safepoint: 970583 ns, At safepoint: 25792 ns, Total: 996375 ns
[2022-09-04T00:24:14.438+0000][1][safepoint    ] Safepoint "Cleanup", Time since last: 1001928834 ns, Reaching safepoint: 937125 ns, At safepoint: 26500 ns, Total: 963625 ns
[2022-09-04T00:24:15.441+0000][1][safepoint    ] Safepoint "Cleanup", Time since last: 1001664542 ns, Reaching safepoint: 870958 ns, At safepoint: 22959 ns, Total: 893917 ns
[2022-09-04T00:24:16.444+0000][1][safepoint    ] Safepoint "Cleanup", Time since last: 1001764667 ns, Reaching safepoint: 1136750 ns, At safepoint: 32625 ns, Total: 1169375 ns
[2022-09-04T00:24:17.450+0000][1][safepoint    ] Safepoint "Cleanup", Time since last: 1004216834 ns, Reaching safepoint: 2381958 ns, At safepoint: 74083 ns, Total: 2456041 ns
[2022-09-04T00:24:18.459+0000][1][safepoint    ] Safepoint "Cleanup", Time since last: 1005110459 ns, Reaching safepoint: 3038958 ns, At safepoint: 88000 ns, Total: 3126958 ns
[2022-09-04T00:24:19.471+0000][1][safepoint    ] Safepoint "Cleanup", Time since last: 1009747668 ns, Reaching safepoint: 2361250 ns, At safepoint: 70125 ns, Total: 2431375 ns
[2022-09-04T00:24:20.477+0000][1][safepoint    ] Safepoint "Cleanup", Time since last: 1003928000 ns, Reaching safepoint: 2542042 ns, At safepoint: 85000 ns, Total: 2627042 ns
[2022-09-04T00:24:21.488+0000][1][safepoint    ] Safepoint "Cleanup", Time since last: 1007511458 ns, Reaching safepoint: 3327792 ns, At safepoint: 251458 ns, Total: 3579250 ns
[2022-09-04T00:24:22.494+0000][1][safepoint    ] Safepoint "Cleanup", Time since last: 1004619000 ns, Reaching safepoint: 1838709 ns, At safepoint: 72625 ns, Total: 1911334 ns
[2022-09-04T00:24:23.500+0000][1][safepoint    ] Safepoint "Cleanup", Time since last: 1004270959 ns, Reaching safepoint: 1332666 ns, At safepoint: 44792 ns, Total: 1377458 ns
[2022-09-04T00:24:24.505+0000][1][safepoint    ] Safepoint "Cleanup", Time since last: 1003708250 ns, Reaching safepoint: 950459 ns, At safepoint: 27458 ns, Total: 977917 ns
[2022-09-04T00:24:25.510+0000][1][safepoint    ] Safepoint "Cleanup", Time since last: 1004460542 ns, Reaching safepoint: 1254500 ns, At safepoint: 37250 ns, Total: 1291750 ns
[2022-09-04T00:24:26.514+0000][1][safepoint    ] Safepoint "Cleanup", Time since last: 1002848626 ns, Reaching safepoint: 809416 ns, At safepoint: 23792 ns, Total: 833208 ns
[2022-09-04T00:24:27.520+0000][1][safepoint    ] Safepoint "Cleanup", Time since last: 1002034542 ns, Reaching safepoint: 3462333 ns, At safepoint: 113667 ns, Total: 3576000 ns
[2022-09-04T00:24:28.529+0000][1][safepoint    ] Safepoint "Cleanup", Time since last: 1005853709 ns, Reaching safepoint: 3098292 ns, At safepoint: 89625 ns, Total: 3187917 ns
[2022-09-04T00:24:29.537+0000][1][safepoint    ] Safepoint "Cleanup", Time since last: 1004667750 ns, Reaching safepoint: 3123208 ns, At safepoint: 84917 ns, Total: 3208125 ns
[2022-09-04T00:24:30.544+0000][1][safepoint    ] Safepoint "Cleanup", Time since last: 1004550584 ns, Reaching safepoint: 3168792 ns, At safepoint: 89750 ns, Total: 3258542 ns
[2022-09-04T00:24:31.553+0000][1][safepoint    ] Safepoint "Cleanup", Time since last: 1005774958 ns, Reaching safepoint: 3119042 ns, At safepoint: 91167 ns, Total: 3210209 ns
[2022-09-04T00:24:32.563+0000][1][safepoint    ] Safepoint "Cleanup", Time since last: 1007272209 ns, Reaching safepoint: 2665583 ns, At safepoint: 81500 ns, Total: 2747083 ns
[2022-09-04T00:24:33.573+0000][1][safepoint    ] Safepoint "Cleanup", Time since last: 1006500917 ns, Reaching safepoint: 3241000 ns, At safepoint: 92958 ns, Total: 3333958 ns
[2022-09-04T00:24:34.584+0000][1][safepoint    ] Safepoint "Cleanup", Time since last: 1006696167 ns, Reaching safepoint: 3640084 ns, At safepoint: 91583 ns, Total: 3731667 ns
[2022-09-04T00:24:35.595+0000][1][safepoint    ] Safepoint "Cleanup", Time since last: 1007819751 ns, Reaching safepoint: 3246166 ns, At safepoint: 111709 ns, Total: 3357875 ns
[2022-09-04T00:24:36.603+0000][1][safepoint    ] Safepoint "Cleanup", Time since last: 1007156667 ns, Reaching safepoint: 779458 ns, At safepoint: 25542 ns, Total: 805000 ns
[2022-09-04T00:24:37.605+0000][1][safepoint    ] Safepoint "Cleanup", Time since last: 1001676334 ns, Reaching safepoint: 882041 ns, At safepoint: 40500 ns, Total: 922541 ns
[2022-09-04T00:24:38.608+0000][1][safepoint    ] Safepoint "Cleanup", Time since last: 1001852584 ns, Reaching safepoint: 677625 ns, At safepoint: 22167 ns, Total: 699792 ns
[2022-09-04T00:24:40.412+0000][1][safepoint    ] Safepoint "Cleanup", Time since last: 1803151209 ns, Reaching safepoint: 1088125 ns, At safepoint: 27667 ns, Total: 1115792 ns
[2022-09-04T00:24:41.417+0000][1][safepoint    ] Safepoint "Cleanup", Time since last: 1003357750 ns, Reaching safepoint: 1187000 ns, At safepoint: 35250 ns, Total: 1222250 ns
[2022-09-04T00:24:42.424+0000][1][safepoint    ] Safepoint "Cleanup", Time since last: 1003273792 ns, Reaching safepoint: 3562209 ns, At safepoint: 92583 ns, Total: 3654792 ns
[2022-09-04T00:24:43.430+0000][1][safepoint    ] Safepoint "Cleanup", Time since last: 1005446792 ns, Reaching safepoint: 907125 ns, At safepoint: 25417 ns, Total: 932542 ns
[2022-09-04T00:24:44.437+0000][1][safepoint    ] Safepoint "Cleanup", Time since last: 1005326667 ns, Reaching safepoint: 1197667 ns, At safepoint: 39041 ns, Total: 1236708 ns
[2022-09-04T00:24:45.442+0000][1][safepoint    ] Safepoint "Cleanup", Time since last: 1003935626 ns, Reaching safepoint: 842166 ns, At safepoint: 31084 ns, Total: 873250 ns
[2022-09-04T00:24:46.447+0000][1][safepoint    ] Safepoint "Cleanup", Time since last: 1004171000 ns, Reaching safepoint: 1675167 ns, At safepoint: 77458 ns, Total: 1752625 ns
[2022-09-04T00:24:47.454+0000][1][safepoint    ] Safepoint "Cleanup", Time since last: 1004391751 ns, Reaching safepoint: 2397833 ns, At safepoint: 123208 ns, Total: 2521041 ns
[2022-09-04T00:24:48.464+0000][1][safepoint    ] Safepoint "Cleanup", Time since last: 1006634584 ns, Reaching safepoint: 2814958 ns, At safepoint: 136417 ns, Total: 2951375 ns
[2022-09-04T00:24:49.471+0000][1][safepoint    ] Safepoint "Cleanup", Time since last: 1004524792 ns, Reaching safepoint: 1443834 ns, At safepoint: 1089375 ns, Total: 2533209 ns
[2022-09-04T00:24:50.475+0000][1][safepoint    ] Safepoint "Cleanup", Time since last: 1002867250 ns, Reaching safepoint: 1023583 ns, At safepoint: 29584 ns, Total: 1053167 ns
[2022-09-04T00:24:51.479+0000][1][safepoint    ] Safepoint "Cleanup", Time since last: 1002487875 ns, Reaching safepoint: 2240958 ns, At safepoint: 78375 ns, Total: 2319333 ns
[2022-09-04T00:24:52.485+0000][1][safepoint    ] Safepoint "Cleanup", Time since last: 1004136084 ns, Reaching safepoint: 1357625 ns, At safepoint: 37917 ns, Total: 1395542 ns
[2022-09-04T00:24:53.495+0000][1][safepoint    ] Safepoint "Cleanup", Time since last: 1006864709 ns, Reaching safepoint: 3139250 ns, At safepoint: 88541 ns, Total: 3227791 ns
[2022-09-04T00:24:54.506+0000][1][safepoint    ] Safepoint "Cleanup", Time since last: 1007940626 ns, Reaching safepoint: 2809708 ns, At safepoint: 174917 ns, Total: 2984625 ns
[2022-09-04T00:24:55.514+0000][1][safepoint    ] Safepoint "Cleanup", Time since last: 1005418500 ns, Reaching safepoint: 2483375 ns, At safepoint: 113542 ns, Total: 2596917 ns
[2022-09-04T00:24:56.520+0000][1][safepoint    ] Safepoint "Cleanup", Time since last: 1004518875 ns, Reaching safepoint: 1404250 ns, At safepoint: 58042 ns, Total: 1462292 ns
[2022-09-04T00:24:57.527+0000][1][safepoint    ] Safepoint "Cleanup", Time since last: 1004357250 ns, Reaching safepoint: 2569792 ns, At safepoint: 72208 ns, Total: 2642000 ns
[2022-09-04T00:24:58.533+0000][1][safepoint    ] Safepoint "Cleanup", Time since last: 1004204459 ns, Reaching safepoint: 2248667 ns, At safepoint: 69417 ns, Total: 2318084 ns
[2022-09-04T00:24:59.541+0000][1][safepoint    ] Safepoint "Cleanup", Time since last: 1004989083 ns, Reaching safepoint: 2444375 ns, At safepoint: 71417 ns, Total: 2515792 ns
[2022-09-04T00:25:00.549+0000][1][safepoint    ] Safepoint "Cleanup", Time since last: 1005096959 ns, Reaching safepoint: 2898292 ns, At safepoint: 84625 ns, Total: 2982917 ns
[2022-09-04T00:25:01.557+0000][1][safepoint    ] Safepoint "Cleanup", Time since last: 1005262083 ns, Reaching safepoint: 2971459 ns, At safepoint: 91541 ns, Total: 3063000 ns
[2022-09-04T00:25:02.564+0000][1][safepoint    ] Safepoint "Cleanup", Time since last: 1005469459 ns, Reaching safepoint: 1289334 ns, At safepoint: 50541 ns, Total: 1339875 ns
[2022-09-04T00:25:03.570+0000][1][safepoint    ] Safepoint "Cleanup", Time since last: 1004194792 ns, Reaching safepoint: 1474250 ns, At safepoint: 60167 ns, Total: 1534417 ns
[2022-09-04T00:25:04.574+0000][1][safepoint    ] Safepoint "Cleanup", Time since last: 1002922042 ns, Reaching safepoint: 1451625 ns, At safepoint: 39000 ns, Total: 1490625 ns
[2022-09-04T00:25:06.261+0000][1][safepoint    ] Safepoint "Cleanup", Time since last: 1686812459 ns, Reaching safepoint: 650125 ns, At safepoint: 23084 ns, Total: 673209 ns
[2022-09-04T00:25:07.265+0000][1][safepoint    ] Safepoint "Cleanup", Time since last: 1002184250 ns, Reaching safepoint: 1384583 ns, At safepoint: 45084 ns, Total: 1429667 ns
[2022-09-04T00:25:08.272+0000][1][safepoint    ] Safepoint "Cleanup", Time since last: 1005705125 ns, Reaching safepoint: 977375 ns, At safepoint: 34334 ns, Total: 1011709 ns
[2022-09-04T00:25:09.275+0000][1][safepoint    ] Safepoint "Cleanup", Time since last: 1002389750 ns, Reaching safepoint: 1046625 ns, At safepoint: 39958 ns, Total: 1086583 ns
[2022-09-04T00:25:10.280+0000][1][safepoint    ] Safepoint "Cleanup", Time since last: 1003494584 ns, Reaching safepoint: 762709 ns, At safepoint: 23416 ns, Total: 786125 ns
[2022-09-04T00:25:11.283+0000][1][safepoint    ] Safepoint "Cleanup", Time since last: 1002144876 ns, Reaching safepoint: 1267500 ns, At safepoint: 46000 ns, Total: 1313500 ns
[2022-09-04T00:25:12.287+0000][1][safepoint    ] Safepoint "Cleanup", Time since last: 1003271042 ns, Reaching safepoint: 897500 ns, At safepoint: 25625 ns, Total: 923125 ns
[2022-09-04T00:25:13.291+0000][1][safepoint    ] Safepoint "Cleanup", Time since last: 1002883417 ns, Reaching safepoint: 695125 ns, At safepoint: 23333 ns, Total: 718458 ns
[2022-09-04T00:25:14.295+0000][1][safepoint    ] Safepoint "Cleanup", Time since last: 1003409126 ns, Reaching safepoint: 666541 ns, At safepoint: 21250 ns, Total: 687791 ns
[2022-09-04T00:25:15.298+0000][1][safepoint    ] Safepoint "Cleanup", Time since last: 1001924293 ns, Reaching safepoint: 780166 ns, At safepoint: 24167 ns, Total: 804333 ns
[2022-09-04T00:25:16.300+0000][1][safepoint    ] Safepoint "Cleanup", Time since last: 1001668000 ns, Reaching safepoint: 754917 ns, At safepoint: 27375 ns, Total: 782292 ns
[2022-09-04T00:25:17.304+0000][1][safepoint    ] Safepoint "Cleanup", Time since last: 1002232084 ns, Reaching safepoint: 1146417 ns, At safepoint: 33500 ns, Total: 1179917 ns
[2022-09-04T00:25:18.307+0000][1][safepoint    ] Safepoint "Cleanup", Time since last: 1003022042 ns, Reaching safepoint: 918416 ns, At safepoint: 30542 ns, Total: 948958 ns
[2022-09-04T00:25:19.312+0000][1][safepoint    ] Safepoint "Cleanup", Time since last: 1003313667 ns, Reaching safepoint: 1480750 ns, At safepoint: 49167 ns, Total: 1529917 ns
[2022-09-04T00:25:20.318+0000][1][safepoint    ] Safepoint "Cleanup", Time since last: 1004823750 ns, Reaching safepoint: 694000 ns, At safepoint: 22125 ns, Total: 716125 ns
[2022-09-04T00:25:21.322+0000][1][safepoint    ] Safepoint "Cleanup", Time since last: 1002640334 ns, Reaching safepoint: 1496000 ns, At safepoint: 54958 ns, Total: 1550958 ns
[2022-09-04T00:25:22.327+0000][1][safepoint    ] Safepoint "Cleanup", Time since last: 1002756625 ns, Reaching safepoint: 1640667 ns, At safepoint: 51917 ns, Total: 1692584 ns
[2022-09-04T00:25:23.333+0000][1][safepoint    ] Safepoint "Cleanup", Time since last: 1003316542 ns, Reaching safepoint: 2968000 ns, At safepoint: 95500 ns, Total: 3063500 ns
[2022-09-04T00:25:24.340+0000][1][safepoint    ] Safepoint "Cleanup", Time since last: 1005755667 ns, Reaching safepoint: 887875 ns, At safepoint: 27958 ns, Total: 915833 ns
[2022-09-04T00:25:26.311+0000][1][safepoint    ] Safepoint "Cleanup", Time since last: 1970536960 ns, Reaching safepoint: 1074333 ns, At safepoint: 84833 ns, Total: 1159166 ns
[2022-09-04T00:25:27.317+0000][1][safepoint    ] Safepoint "Cleanup", Time since last: 1003252334 ns, Reaching safepoint: 2648250 ns, At safepoint: 78292 ns, Total: 2726542 ns
[2022-09-04T00:25:28.324+0000][1][safepoint    ] Safepoint "Cleanup", Time since last: 1003974750 ns, Reaching safepoint: 2226750 ns, At safepoint: 57667 ns, Total: 2284417 ns
[2022-09-04T00:25:29.332+0000][1][safepoint    ] Safepoint "Cleanup", Time since last: 1004747125 ns, Reaching safepoint: 3512250 ns, At safepoint: 96209 ns, Total: 3608459 ns
[2022-09-04T00:25:30.339+0000][1][safepoint    ] Safepoint "Cleanup", Time since last: 1006095375 ns, Reaching safepoint: 1057125 ns, At safepoint: 26708 ns, Total: 1083833 ns
[2022-09-04T00:25:31.343+0000][1][safepoint    ] Safepoint "Cleanup", Time since last: 1002530209 ns, Reaching safepoint: 946209 ns, At safepoint: 26333 ns, Total: 972542 ns
[2022-09-04T00:25:32.350+0000][1][safepoint    ] Safepoint "Cleanup", Time since last: 1004985084 ns, Reaching safepoint: 2744208 ns, At safepoint: 80667 ns, Total: 2824875 ns
[2022-09-04T00:25:33.359+0000][1][safepoint    ] Safepoint "Cleanup", Time since last: 1005430917 ns, Reaching safepoint: 3008333 ns, At safepoint: 91834 ns, Total: 3100167 ns
[2022-09-04T00:25:42.374+0000][1][safepoint    ] Safepoint "Cleanup", Time since last: 9014107046 ns, Reaching safepoint: 1347125 ns, At safepoint: 104833 ns, Total: 1451958 ns
[2022-09-04T00:26:07.408+0000][1][safepoint    ] Safepoint "Cleanup", Time since last: 25031613178 ns, Reaching safepoint: 2546500 ns, At safepoint: 79500 ns, Total: 2626000 ns
[2022-09-04T00:26:35.443+0000][1][safepoint    ] Safepoint "Cleanup", Time since last: 28033908096 ns, Reaching safepoint: 838750 ns, At safepoint: 22167 ns, Total: 860917 ns
[2022-09-04T00:26:37.451+0000][1][safepoint    ] Safepoint "Cleanup", Time since last: 2006253418 ns, Reaching safepoint: 1505875 ns, At safepoint: 45125 ns, Total: 1551000 ns
[2022-09-04T00:27:01.475+0000][1][safepoint    ] Safepoint "Cleanup", Time since last: 24021147719 ns, Reaching safepoint: 3323958 ns, At safepoint: 156333 ns, Total: 3480291 ns
[2022-09-04T00:27:05.483+0000][1][safepoint    ] Safepoint "Cleanup", Time since last: 4007063461 ns, Reaching safepoint: 910500 ns, At safepoint: 25416 ns, Total: 935916 ns
[2022-09-04T00:27:09.491+0000][1][safepoint    ] Safepoint "Cleanup", Time since last: 4005231585 ns, Reaching safepoint: 3099209 ns, At safepoint: 93916 ns, Total: 3193125 ns
[2022-09-04T00:27:17.512+0000][1][safepoint    ] Safepoint "Cleanup", Time since last: 8019446213 ns, Reaching safepoint: 1142958 ns, At safepoint: 43917 ns, Total: 1186875 ns
[2022-09-04T00:27:28.521+0000][1][safepoint    ] Safepoint "Cleanup", Time since last: 11008522879 ns, Reaching safepoint: 979709 ns, At safepoint: 26500 ns, Total: 1006209 ns
[2022-09-04T00:27:32.526+0000][1][safepoint    ] Safepoint "Cleanup", Time since last: 4004348710 ns, Reaching safepoint: 1008833 ns, At safepoint: 27542 ns, Total: 1036375 ns
[2022-09-04T00:27:34.532+0000][1][safepoint    ] Safepoint "Cleanup", Time since last: 2003932084 ns, Reaching safepoint: 1744500 ns, At safepoint: 58458 ns, Total: 1802958 ns
[2022-09-04T00:27:42.540+0000][1][safepoint    ] Safepoint "Cleanup", Time since last: 8006457213 ns, Reaching safepoint: 1572208 ns, At safepoint: 42750 ns, Total: 1614958 ns
[2022-09-04T00:28:05.569+0000][1][safepoint    ] Safepoint "Cleanup", Time since last: 23028201552 ns, Reaching safepoint: 834709 ns, At safepoint: 25041 ns, Total: 859750 ns
[2022-09-04T00:28:07.629+0000][1][safepoint    ] Safepoint "RevokeBias", Time since last: 2058493960 ns, Reaching safepoint: 940750 ns, At safepoint: 41333 ns, Total: 982083 ns
[2022-09-04T00:28:07.645+0000][1][safepoint    ] Safepoint "BulkRevokeBias", Time since last: 13417750 ns, Reaching safepoint: 687333 ns, At safepoint: 1794375 ns, Total: 2481708 ns
[2022-09-04T00:28:07.791+0000][1][safepoint    ] Safepoint "RevokeBias", Time since last: 145674375 ns, Reaching safepoint: 824125 ns, At safepoint: 114042 ns, Total: 938167 ns
[2022-09-04T00:28:07.810+0000][1][safepoint    ] Safepoint "RevokeBias", Time since last: 18642958 ns, Reaching safepoint: 398125 ns, At safepoint: 100875 ns, Total: 499000 ns
[2022-09-04T00:28:07.814+0000][1][safepoint    ] Safepoint "RevokeBias", Time since last: 2993250 ns, Reaching safepoint: 375500 ns, At safepoint: 106667 ns, Total: 482167 ns
[2022-09-04T00:28:07.816+0000][1][safepoint    ] Safepoint "RevokeBias", Time since last: 1464292 ns, Reaching safepoint: 247666 ns, At safepoint: 75625 ns, Total: 323291 ns
[2022-09-04T00:28:07.817+0000][1][safepoint    ] Safepoint "RevokeBias", Time since last: 1330875 ns, Reaching safepoint: 276209 ns, At safepoint: 64458 ns, Total: 340667 ns
[2022-09-04T00:28:07.819+0000][1][safepoint    ] Safepoint "RevokeBias", Time since last: 1472333 ns, Reaching safepoint: 266459 ns, At safepoint: 69291 ns, Total: 335750 ns
[2022-09-04T00:28:07.825+0000][1][safepoint    ] Safepoint "RevokeBias", Time since last: 5917459 ns, Reaching safepoint: 401416 ns, At safepoint: 87167 ns, Total: 488583 ns
[2022-09-04T00:28:07.865+0000][1][gc,start     ] GC(17) Pause Young (Allocation Failure)
[2022-09-04T00:28:07.869+0000][1][gc,task      ] GC(17) Using 4 workers of 4 for evacuation
[2022-09-04T00:28:07.971+0000][1][gc,age       ] GC(17) Desired survivor size 8945664 bytes, new threshold 6 (max threshold 6)
[2022-09-04T00:28:07.976+0000][1][gc,age       ] GC(17) Age table with threshold 6 (max threshold 6)
[2022-09-04T00:28:07.979+0000][1][gc,age       ] GC(17) - age   1:     511712 bytes,     511712 total
[2022-09-04T00:28:07.981+0000][1][gc,age       ] GC(17) - age   2:    2375336 bytes,    2887048 total
[2022-09-04T00:28:07.983+0000][1][gc,age       ] GC(17) - age   3:    5364016 bytes,    8251064 total
[2022-09-04T00:28:07.987+0000][1][gc,heap      ] GC(17) ParNew: 151101K->10874K(157248K)
[2022-09-04T00:28:07.989+0000][1][gc,heap      ] GC(17) CMS: 55545K->55545K(349568K)
[2022-09-04T00:28:07.992+0000][1][gc,metaspace ] GC(17) Metaspace: 79316K->79316K(1122304K)
[2022-09-04T00:28:07.998+0000][1][gc           ] GC(17) Pause Young (Allocation Failure) 201M->64M(494M) 133.590ms
[2022-09-04T00:28:08.000+0000][1][gc,cpu       ] GC(17) User=0.29s Sys=0.02s Real=0.14s
[2022-09-04T00:28:08.002+0000][1][safepoint    ] Safepoint "GenCollectForAllocation", Time since last: 36856458 ns, Reaching safepoint: 1797917 ns, At safepoint: 137552792 ns, Total: 139350709 ns
[2022-09-04T00:28:08.039+0000][1][safepoint    ] Safepoint "RevokeBias", Time since last: 30957166 ns, Reaching safepoint: 5936792 ns, At safepoint: 170750 ns, Total: 6107542 ns
[2022-09-04T00:28:08.074+0000][1][safepoint    ] Safepoint "RevokeBias", Time since last: 33713625 ns, Reaching safepoint: 1027542 ns, At safepoint: 132750 ns, Total: 1160292 ns
[2022-09-04T00:28:08.117+0000][1][safepoint    ] Safepoint "RevokeBias", Time since last: 41959875 ns, Reaching safepoint: 1146458 ns, At safepoint: 226292 ns, Total: 1372750 ns
[2022-09-04T00:28:08.167+0000][1][safepoint    ] Safepoint "RevokeBias", Time since last: 45695167 ns, Reaching safepoint: 3868916 ns, At safepoint: 901709 ns, Total: 4770625 ns
[2022-09-04T00:28:09.178+0000][1][safepoint    ] Safepoint "Cleanup", Time since last: 1008586875 ns, Reaching safepoint: 2248083 ns, At safepoint: 91792 ns, Total: 2339875 ns
[2022-09-04T00:28:10.186+0000][1][safepoint    ] Safepoint "Cleanup", Time since last: 1006585250 ns, Reaching safepoint: 784542 ns, At safepoint: 31292 ns, Total: 815834 ns
[2022-09-04T00:28:11.189+0000][1][safepoint    ] Safepoint "Cleanup", Time since last: 1002283625 ns, Reaching safepoint: 945042 ns, At safepoint: 42208 ns, Total: 987250 ns
[2022-09-04T00:28:12.193+0000][1][safepoint    ] Safepoint "Cleanup", Time since last: 1003507376 ns, Reaching safepoint: 806833 ns, At safepoint: 28125 ns, Total: 834958 ns
[2022-09-04T00:28:13.197+0000][1][safepoint    ] Safepoint "Cleanup", Time since last: 1002886501 ns, Reaching safepoint: 881958 ns, At safepoint: 26000 ns, Total: 907958 ns
[2022-09-04T00:28:14.200+0000][1][safepoint    ] Safepoint "Cleanup", Time since last: 1001726459 ns, Reaching safepoint: 797000 ns, At safepoint: 39916 ns, Total: 836916 ns
[2022-09-04T00:28:15.204+0000][1][safepoint    ] Safepoint "Cleanup", Time since last: 1003723501 ns, Reaching safepoint: 1034417 ns, At safepoint: 33916 ns, Total: 1068333 ns
[2022-09-04T00:28:16.208+0000][1][safepoint    ] Safepoint "Cleanup", Time since last: 1002747709 ns, Reaching safepoint: 758333 ns, At safepoint: 25834 ns, Total: 784167 ns
[2022-09-04T00:28:17.211+0000][1][safepoint    ] Safepoint "Cleanup", Time since last: 1001763542 ns, Reaching safepoint: 749292 ns, At safepoint: 22708 ns, Total: 772000 ns
[2022-09-04T00:28:18.216+0000][1][safepoint    ] Safepoint "Cleanup", Time since last: 1004749667 ns, Reaching safepoint: 789542 ns, At safepoint: 23000 ns, Total: 812542 ns
[2022-09-04T00:28:19.221+0000][1][safepoint    ] Safepoint "Cleanup", Time since last: 1003477292 ns, Reaching safepoint: 1768416 ns, At safepoint: 53209 ns, Total: 1821625 ns
[2022-09-04T00:28:20.229+0000][1][safepoint    ] Safepoint "Cleanup", Time since last: 1006482750 ns, Reaching safepoint: 902292 ns, At safepoint: 115500 ns, Total: 1017792 ns
[2022-09-04T00:28:21.233+0000][1][safepoint    ] Safepoint "Cleanup", Time since last: 1001857167 ns, Reaching safepoint: 1760083 ns, At safepoint: 59167 ns, Total: 1819250 ns
[2022-09-04T00:28:22.237+0000][1][safepoint    ] Safepoint "Cleanup", Time since last: 1003863250 ns, Reaching safepoint: 727542 ns, At safepoint: 78000 ns, Total: 805542 ns
[2022-09-04T00:28:23.259+0000][1][safepoint    ] Safepoint "Cleanup", Time since last: 1021762042 ns, Reaching safepoint: 868542 ns, At safepoint: 24958 ns, Total: 893500 ns
[2022-09-04T00:28:24.262+0000][1][safepoint    ] Safepoint "Cleanup", Time since last: 1001492709 ns, Reaching safepoint: 717333 ns, At safepoint: 22542 ns, Total: 739875 ns
[2022-09-04T00:28:25.265+0000][1][safepoint    ] Safepoint "Cleanup", Time since last: 1002066292 ns, Reaching safepoint: 932875 ns, At safepoint: 35042 ns, Total: 967917 ns
[2022-09-04T00:28:26.268+0000][1][safepoint    ] Safepoint "Cleanup", Time since last: 1001949834 ns, Reaching safepoint: 1331041 ns, At safepoint: 37209 ns, Total: 1368250 ns
[2022-09-04T00:28:27.274+0000][1][safepoint    ] Safepoint "Cleanup", Time since last: 1003389708 ns, Reaching safepoint: 2695792 ns, At safepoint: 70042 ns, Total: 2765834 ns
[2022-09-04T00:28:28.281+0000][1][safepoint    ] Safepoint "Cleanup", Time since last: 1006265292 ns, Reaching safepoint: 820875 ns, At safepoint: 23541 ns, Total: 844416 ns
[2022-09-04T00:28:29.283+0000][1][safepoint    ] Safepoint "Cleanup", Time since last: 1001511251 ns, Reaching safepoint: 711000 ns, At safepoint: 20208 ns, Total: 731208 ns
[2022-09-04T00:28:30.287+0000][1][safepoint    ] Safepoint "Cleanup", Time since last: 1002358042 ns, Reaching safepoint: 833709 ns, At safepoint: 25125 ns, Total: 858834 ns
[2022-09-04T00:28:31.292+0000][1][safepoint    ] Safepoint "Cleanup", Time since last: 1002085917 ns, Reaching safepoint: 2659417 ns, At safepoint: 80333 ns, Total: 2739750 ns
[2022-09-04T00:28:32.302+0000][1][safepoint    ] Safepoint "Cleanup", Time since last: 1006853125 ns, Reaching safepoint: 3437667 ns, At safepoint: 91750 ns, Total: 3529417 ns
[2022-09-04T00:28:33.310+0000][1][safepoint    ] Safepoint "Cleanup", Time since last: 1005219584 ns, Reaching safepoint: 3009500 ns, At safepoint: 87417 ns, Total: 3096917 ns
[2022-09-04T00:28:34.315+0000][1][safepoint    ] Safepoint "Cleanup", Time since last: 1003854542 ns, Reaching safepoint: 757375 ns, At safepoint: 27958 ns, Total: 785333 ns
[2022-09-04T00:28:35.318+0000][1][safepoint    ] Safepoint "Cleanup", Time since last: 1001883542 ns, Reaching safepoint: 862959 ns, At safepoint: 24875 ns, Total: 887834 ns
[2022-09-04T00:28:36.320+0000][1][safepoint    ] Safepoint "Cleanup", Time since last: 1001774542 ns, Reaching safepoint: 1078125 ns, At safepoint: 27375 ns, Total: 1105500 ns
[2022-09-04T00:28:37.324+0000][1][safepoint    ] Safepoint "Cleanup", Time since last: 1003152750 ns, Reaching safepoint: 667958 ns, At safepoint: 21542 ns, Total: 689500 ns
[2022-09-04T00:28:38.327+0000][1][safepoint    ] Safepoint "Cleanup", Time since last: 1001542959 ns, Reaching safepoint: 763208 ns, At safepoint: 22500 ns, Total: 785708 ns
[2022-09-04T00:28:39.333+0000][1][safepoint    ] Safepoint "Cleanup", Time since last: 1005674417 ns, Reaching safepoint: 1060167 ns, At safepoint: 43583 ns, Total: 1103750 ns
[2022-09-04T00:28:40.336+0000][1][safepoint    ] Safepoint "Cleanup", Time since last: 1002098793 ns, Reaching safepoint: 880833 ns, At safepoint: 22208 ns, Total: 903041 ns
[2022-09-04T00:28:41.340+0000][1][safepoint    ] Safepoint "Cleanup", Time since last: 1002751667 ns, Reaching safepoint: 970792 ns, At safepoint: 29958 ns, Total: 1000750 ns
[2022-09-04T00:28:42.344+0000][1][safepoint    ] Safepoint "Cleanup", Time since last: 1003486834 ns, Reaching safepoint: 811875 ns, At safepoint: 20709 ns, Total: 832584 ns
[2022-09-04T00:28:43.349+0000][1][safepoint    ] Safepoint "Cleanup", Time since last: 1003075375 ns, Reaching safepoint: 1109375 ns, At safepoint: 28667 ns, Total: 1138042 ns
[2022-09-04T00:28:44.357+0000][1][safepoint    ] Safepoint "Cleanup", Time since last: 1007187375 ns, Reaching safepoint: 939083 ns, At safepoint: 29459 ns, Total: 968542 ns
[2022-09-04T00:28:45.361+0000][1][safepoint    ] Safepoint "Cleanup", Time since last: 1003723375 ns, Reaching safepoint: 764167 ns, At safepoint: 23708 ns, Total: 787875 ns
[2022-09-04T00:28:46.364+0000][1][safepoint    ] Safepoint "Cleanup", Time since last: 1001807834 ns, Reaching safepoint: 945500 ns, At safepoint: 32250 ns, Total: 977750 ns
[2022-09-04T00:28:47.368+0000][1][safepoint    ] Safepoint "Cleanup", Time since last: 1002957126 ns, Reaching safepoint: 756875 ns, At safepoint: 24416 ns, Total: 781291 ns
[2022-09-04T00:28:48.370+0000][1][safepoint    ] Safepoint "Cleanup", Time since last: 1001766209 ns, Reaching safepoint: 727417 ns, At safepoint: 21208 ns, Total: 748625 ns
[2022-09-04T00:28:49.373+0000][1][safepoint    ] Safepoint "Cleanup", Time since last: 1001409459 ns, Reaching safepoint: 1157792 ns, At safepoint: 36333 ns, Total: 1194125 ns
[2022-09-04T00:28:50.376+0000][1][safepoint    ] Safepoint "Cleanup", Time since last: 1001944250 ns, Reaching safepoint: 1254625 ns, At safepoint: 86500 ns, Total: 1341125 ns
[2022-09-04T00:28:51.380+0000][1][safepoint    ] Safepoint "Cleanup", Time since last: 1003485209 ns, Reaching safepoint: 773333 ns, At safepoint: 21958 ns, Total: 795291 ns
[2022-09-04T00:28:52.384+0000][1][safepoint    ] Safepoint "Cleanup", Time since last: 1001847626 ns, Reaching safepoint: 1490541 ns, At safepoint: 44917 ns, Total: 1535458 ns
[2022-09-04T00:28:53.390+0000][1][safepoint    ] Safepoint "Cleanup", Time since last: 1004522125 ns, Reaching safepoint: 1365750 ns, At safepoint: 40709 ns, Total: 1406459 ns
[2022-09-04T00:28:54.393+0000][1][safepoint    ] Safepoint "Cleanup", Time since last: 1002406459 ns, Reaching safepoint: 770250 ns, At safepoint: 22750 ns, Total: 793000 ns
[2022-09-04T00:28:55.396+0000][1][safepoint    ] Safepoint "Cleanup", Time since last: 1002092167 ns, Reaching safepoint: 1453791 ns, At safepoint: 37625 ns, Total: 1491416 ns
[2022-09-04T00:28:56.401+0000][1][safepoint    ] Safepoint "Cleanup", Time since last: 1003386793 ns, Reaching safepoint: 1539500 ns, At safepoint: 39625 ns, Total: 1579125 ns
[2022-09-04T00:28:57.409+0000][1][safepoint    ] Safepoint "Cleanup", Time since last: 1004896375 ns, Reaching safepoint: 2689750 ns, At safepoint: 127208 ns, Total: 2816958 ns
[2022-09-04T00:28:58.415+0000][1][safepoint    ] Safepoint "Cleanup", Time since last: 1005314418 ns, Reaching safepoint: 979833 ns, At safepoint: 31458 ns, Total: 1011291 ns
[2022-09-04T00:28:59.422+0000][1][safepoint    ] Safepoint "Cleanup", Time since last: 1003710792 ns, Reaching safepoint: 2708584 ns, At safepoint: 65958 ns, Total: 2774542 ns
[2022-09-04T00:29:00.430+0000][1][safepoint    ] Safepoint "Cleanup", Time since last: 1005356209 ns, Reaching safepoint: 2996500 ns, At safepoint: 129625 ns, Total: 3126125 ns
[2022-09-04T00:29:01.437+0000][1][safepoint    ] Safepoint "Cleanup", Time since last: 1005179459 ns, Reaching safepoint: 1222500 ns, At safepoint: 52875 ns, Total: 1275375 ns
[2022-09-04T00:29:02.444+0000][1][safepoint    ] Safepoint "Cleanup", Time since last: 1003656625 ns, Reaching safepoint: 3310292 ns, At safepoint: 86291 ns, Total: 3396583 ns
[2022-09-04T00:29:03.452+0000][1][safepoint    ] Safepoint "Cleanup", Time since last: 1005710793 ns, Reaching safepoint: 2401833 ns, At safepoint: 76750 ns, Total: 2478583 ns
[2022-09-04T00:29:04.462+0000][1][safepoint    ] Safepoint "Cleanup", Time since last: 1009398375 ns, Reaching safepoint: 809417 ns, At safepoint: 23500 ns, Total: 832917 ns
[2022-09-04T00:29:05.468+0000][1][safepoint    ] Safepoint "Cleanup", Time since last: 1003991126 ns, Reaching safepoint: 1554708 ns, At safepoint: 39208 ns, Total: 1593916 ns
[2022-09-04T00:29:06.474+0000][1][safepoint    ] Safepoint "Cleanup", Time since last: 1005478292 ns, Reaching safepoint: 1060584 ns, At safepoint: 29125 ns, Total: 1089709 ns
[2022-09-04T00:29:07.484+0000][1][safepoint    ] Safepoint "Cleanup", Time since last: 1006051750 ns, Reaching safepoint: 3170334 ns, At safepoint: 82833 ns, Total: 3253167 ns
[2022-09-04T00:29:08.491+0000][1][safepoint    ] Safepoint "Cleanup", Time since last: 1005701167 ns, Reaching safepoint: 1233458 ns, At safepoint: 36875 ns, Total: 1270333 ns
[2022-09-04T00:29:09.497+0000][1][safepoint    ] Safepoint "Cleanup", Time since last: 1004065667 ns, Reaching safepoint: 2464000 ns, At safepoint: 88250 ns, Total: 2552250 ns
[2022-09-04T00:29:10.507+0000][1][safepoint    ] Safepoint "Cleanup", Time since last: 1008204626 ns, Reaching safepoint: 1015208 ns, At safepoint: 27375 ns, Total: 1042583 ns
[2022-09-04T00:29:11.513+0000][1][safepoint    ] Safepoint "Cleanup", Time since last: 1003666501 ns, Reaching safepoint: 3030833 ns, At safepoint: 108042 ns, Total: 3138875 ns
[2022-09-04T00:29:12.520+0000][1][safepoint    ] Safepoint "Cleanup", Time since last: 1005951125 ns, Reaching safepoint: 1105125 ns, At safepoint: 28542 ns, Total: 1133667 ns
[2022-09-04T00:29:13.527+0000][1][safepoint    ] Safepoint "Cleanup", Time since last: 1004198375 ns, Reaching safepoint: 2116542 ns, At safepoint: 98000 ns, Total: 2214542 ns
[2022-09-04T00:29:14.531+0000][1][safepoint    ] Safepoint "Cleanup", Time since last: 1003735584 ns, Reaching safepoint: 795500 ns, At safepoint: 30917 ns, Total: 826417 ns
[2022-09-04T00:29:15.535+0000][1][safepoint    ] Safepoint "Cleanup", Time since last: 1002042583 ns, Reaching safepoint: 1157125 ns, At safepoint: 29334 ns, Total: 1186459 ns
[2022-09-04T00:29:16.538+0000][1][safepoint    ] Safepoint "Cleanup", Time since last: 1002652334 ns, Reaching safepoint: 1107791 ns, At safepoint: 30500 ns, Total: 1138291 ns
[2022-09-04T00:29:17.544+0000][1][safepoint    ] Safepoint "Cleanup", Time since last: 1002249084 ns, Reaching safepoint: 2836500 ns, At safepoint: 158500 ns, Total: 2995000 ns
[2022-09-04T00:29:18.549+0000][1][safepoint    ] Safepoint "Cleanup", Time since last: 1004102459 ns, Reaching safepoint: 1362791 ns, At safepoint: 40667 ns, Total: 1403458 ns
[2022-09-04T00:29:19.554+0000][1][safepoint    ] Safepoint "Cleanup", Time since last: 1003448709 ns, Reaching safepoint: 1094875 ns, At safepoint: 28583 ns, Total: 1123458 ns
[2022-09-04T00:29:20.559+0000][1][safepoint    ] Safepoint "Cleanup", Time since last: 1003658792 ns, Reaching safepoint: 1708750 ns, At safepoint: 68709 ns, Total: 1777459 ns
[2022-09-04T00:29:21.562+0000][1][safepoint    ] Safepoint "Cleanup", Time since last: 1003156375 ns, Reaching safepoint: 2011917 ns, At safepoint: 67875 ns, Total: 2079792 ns
[2022-09-04T00:29:22.570+0000][1][safepoint    ] Safepoint "Cleanup", Time since last: 1005557292 ns, Reaching safepoint: 2448458 ns, At safepoint: 66667 ns, Total: 2515125 ns
[2022-09-04T00:29:23.577+0000][1][safepoint    ] Safepoint "Cleanup", Time since last: 1004584917 ns, Reaching safepoint: 2977667 ns, At safepoint: 95375 ns, Total: 3073042 ns
[2022-09-04T00:29:24.586+0000][1][safepoint    ] Safepoint "Cleanup", Time since last: 1005558292 ns, Reaching safepoint: 3000458 ns, At safepoint: 89458 ns, Total: 3089916 ns
[2022-09-04T00:29:25.594+0000][1][safepoint    ] Safepoint "Cleanup", Time since last: 1005640626 ns, Reaching safepoint: 2546917 ns, At safepoint: 67958 ns, Total: 2614875 ns
[2022-09-04T00:29:26.601+0000][1][safepoint    ] Safepoint "Cleanup", Time since last: 1004458375 ns, Reaching safepoint: 2226125 ns, At safepoint: 71417 ns, Total: 2297542 ns
[2022-09-04T00:29:27.611+0000][1][safepoint    ] Safepoint "Cleanup", Time since last: 1006631959 ns, Reaching safepoint: 3032375 ns, At safepoint: 78083 ns, Total: 3110458 ns
[2022-09-04T00:29:28.618+0000][1][safepoint    ] Safepoint "Cleanup", Time since last: 1005900792 ns, Reaching safepoint: 1109625 ns, At safepoint: 30500 ns, Total: 1140125 ns
[2022-09-04T00:29:29.622+0000][1][safepoint    ] Safepoint "Cleanup", Time since last: 1002608167 ns, Reaching safepoint: 1313917 ns, At safepoint: 43750 ns, Total: 1357667 ns
[2022-09-04T00:29:30.628+0000][1][safepoint    ] Safepoint "Cleanup", Time since last: 1004008667 ns, Reaching safepoint: 2088500 ns, At safepoint: 37209 ns, Total: 2125709 ns
[2022-09-04T00:29:31.634+0000][1][safepoint    ] Safepoint "Cleanup", Time since last: 1003017917 ns, Reaching safepoint: 3387333 ns, At safepoint: 88875 ns, Total: 3476208 ns
[2022-09-04T00:29:32.641+0000][1][safepoint    ] Safepoint "Cleanup", Time since last: 1005098417 ns, Reaching safepoint: 1468375 ns, At safepoint: 51209 ns, Total: 1519584 ns
[2022-09-04T00:29:33.645+0000][1][safepoint    ] Safepoint "Cleanup", Time since last: 1003196125 ns, Reaching safepoint: 1263875 ns, At safepoint: 42625 ns, Total: 1306500 ns
[2022-09-04T00:29:34.652+0000][1][safepoint    ] Safepoint "Cleanup", Time since last: 1005643042 ns, Reaching safepoint: 1212209 ns, At safepoint: 32916 ns, Total: 1245125 ns
[2022-09-04T00:29:35.661+0000][1][safepoint    ] Safepoint "Cleanup", Time since last: 1006070042 ns, Reaching safepoint: 2623042 ns, At safepoint: 183958 ns, Total: 2807000 ns
[2022-09-04T00:29:36.668+0000][1][safepoint    ] Safepoint "Cleanup", Time since last: 1005399292 ns, Reaching safepoint: 1388834 ns, At safepoint: 110958 ns, Total: 1499792 ns
[2022-09-04T00:29:37.673+0000][1][safepoint    ] Safepoint "Cleanup", Time since last: 1003823501 ns, Reaching safepoint: 1077750 ns, At safepoint: 58291 ns, Total: 1136041 ns
[2022-09-04T00:29:38.679+0000][1][safepoint    ] Safepoint "Cleanup", Time since last: 1004348626 ns, Reaching safepoint: 1750000 ns, At safepoint: 53708 ns, Total: 1803708 ns
[2022-09-04T00:29:39.688+0000][1][safepoint    ] Safepoint "Cleanup", Time since last: 1007389001 ns, Reaching safepoint: 1625000 ns, At safepoint: 46416 ns, Total: 1671416 ns
[2022-09-04T00:29:40.705+0000][1][safepoint    ] Safepoint "Cleanup", Time since last: 1015033292 ns, Reaching safepoint: 1437375 ns, At safepoint: 44834 ns, Total: 1482209 ns
[2022-09-04T00:29:41.712+0000][1][safepoint    ] Safepoint "Cleanup", Time since last: 1003339167 ns, Reaching safepoint: 3445625 ns, At safepoint: 93667 ns, Total: 3539292 ns
[2022-09-04T00:29:42.721+0000][1][safepoint    ] Safepoint "Cleanup", Time since last: 1005791958 ns, Reaching safepoint: 2865292 ns, At safepoint: 74917 ns, Total: 2940209 ns
[2022-09-04T00:29:43.725+0000][1][safepoint    ] Safepoint "Cleanup", Time since last: 1003597500 ns, Reaching safepoint: 1130500 ns, At safepoint: 34792 ns, Total: 1165292 ns
[2022-09-04T00:29:44.728+0000][1][safepoint    ] Safepoint "Cleanup", Time since last: 1002198042 ns, Reaching safepoint: 761292 ns, At safepoint: 25875 ns, Total: 787167 ns
[2022-09-04T00:29:45.733+0000][1][safepoint    ] Safepoint "Cleanup", Time since last: 1002697500 ns, Reaching safepoint: 2240500 ns, At safepoint: 56833 ns, Total: 2297333 ns
[2022-09-04T00:29:46.741+0000][1][safepoint    ] Safepoint "Cleanup", Time since last: 1004793876 ns, Reaching safepoint: 2960708 ns, At safepoint: 86500 ns, Total: 3047208 ns
[2022-09-04T00:29:47.747+0000][1][safepoint    ] Safepoint "Cleanup", Time since last: 1004348001 ns, Reaching safepoint: 1693958 ns, At safepoint: 122875 ns, Total: 1816833 ns
[2022-09-04T00:29:48.754+0000][1][safepoint    ] Safepoint "Cleanup", Time since last: 1004677042 ns, Reaching safepoint: 2443709 ns, At safepoint: 73000 ns, Total: 2516709 ns
[2022-09-04T00:29:49.761+0000][1][safepoint    ] Safepoint "Cleanup", Time since last: 1003495708 ns, Reaching safepoint: 2680500 ns, At safepoint: 88834 ns, Total: 2769334 ns
[2022-09-04T00:29:50.766+0000][1][safepoint    ] Safepoint "Cleanup", Time since last: 1004002042 ns, Reaching safepoint: 1579167 ns, At safepoint: 46125 ns, Total: 1625292 ns
[2022-09-04T00:29:51.772+0000][1][safepoint    ] Safepoint "Cleanup", Time since last: 1003501208 ns, Reaching safepoint: 2378375 ns, At safepoint: 172417 ns, Total: 2550792 ns
[2022-09-04T00:29:52.782+0000][1][safepoint    ] Safepoint "Cleanup", Time since last: 1008922375 ns, Reaching safepoint: 1473667 ns, At safepoint: 42917 ns, Total: 1516584 ns
[2022-09-04T00:29:53.787+0000][1][safepoint    ] Safepoint "Cleanup", Time since last: 1003023583 ns, Reaching safepoint: 1614959 ns, At safepoint: 42291 ns, Total: 1657250 ns
[2022-09-04T00:29:54.793+0000][1][safepoint    ] Safepoint "Cleanup", Time since last: 1005118584 ns, Reaching safepoint: 1076917 ns, At safepoint: 34708 ns, Total: 1111625 ns
[2022-09-04T00:29:55.796+0000][1][safepoint    ] Safepoint "Cleanup", Time since last: 1002202167 ns, Reaching safepoint: 851834 ns, At safepoint: 25208 ns, Total: 877042 ns
[2022-09-04T00:29:56.803+0000][1][safepoint    ] Safepoint "Cleanup", Time since last: 1002636834 ns, Reaching safepoint: 3624500 ns, At safepoint: 436125 ns, Total: 4060625 ns
[2022-09-04T00:29:57.813+0000][1][safepoint    ] Safepoint "Cleanup", Time since last: 1009240417 ns, Reaching safepoint: 1112167 ns, At safepoint: 26916 ns, Total: 1139083 ns
[2022-09-04T00:29:58.817+0000][1][safepoint    ] Safepoint "Cleanup", Time since last: 1002352501 ns, Reaching safepoint: 1492166 ns, At safepoint: 38417 ns, Total: 1530583 ns
[2022-09-04T00:29:59.822+0000][1][safepoint    ] Safepoint "Cleanup", Time since last: 1003251084 ns, Reaching safepoint: 1477125 ns, At safepoint: 26125 ns, Total: 1503250 ns
[2022-09-04T00:30:01.525+0000][1][safepoint    ] Safepoint "Cleanup", Time since last: 1702446542 ns, Reaching safepoint: 873084 ns, At safepoint: 25666 ns, Total: 898750 ns
[2022-09-04T00:30:02.529+0000][1][safepoint    ] Safepoint "Cleanup", Time since last: 1002918209 ns, Reaching safepoint: 1307750 ns, At safepoint: 73167 ns, Total: 1380917 ns
[2022-09-04T00:30:03.552+0000][1][safepoint    ] Safepoint "Cleanup", Time since last: 1004686625 ns, Reaching safepoint: 10219584 ns, At safepoint: 237166 ns, Total: 10456750 ns
[2022-09-04T00:30:04.575+0000][1][safepoint    ] Safepoint "Cleanup", Time since last: 1026934292 ns, Reaching safepoint: 2965709 ns, At safepoint: 75625 ns, Total: 3041334 ns
[2022-09-04T00:30:05.579+0000][1][safepoint    ] Safepoint "Cleanup", Time since last: 1003855250 ns, Reaching safepoint: 777292 ns, At safepoint: 22292 ns, Total: 799584 ns
[2022-09-04T00:30:06.582+0000][1][safepoint    ] Safepoint "Cleanup", Time since last: 1001763000 ns, Reaching safepoint: 906583 ns, At safepoint: 24417 ns, Total: 931000 ns
[2022-09-04T00:30:07.587+0000][1][safepoint    ] Safepoint "Cleanup", Time since last: 1002059167 ns, Reaching safepoint: 3204667 ns, At safepoint: 96792 ns, Total: 3301459 ns
[2022-09-04T00:30:08.596+0000][1][safepoint    ] Safepoint "Cleanup", Time since last: 1007440083 ns, Reaching safepoint: 855417 ns, At safepoint: 33792 ns, Total: 889209 ns
[2022-09-04T00:30:09.600+0000][1][safepoint    ] Safepoint "Cleanup", Time since last: 1002064125 ns, Reaching safepoint: 2276375 ns, At safepoint: 54000 ns, Total: 2330375 ns
[2022-09-04T00:30:10.605+0000][1][safepoint    ] Safepoint "Cleanup", Time since last: 1003734917 ns, Reaching safepoint: 1431125 ns, At safepoint: 38459 ns, Total: 1469584 ns
[2022-09-04T00:30:11.613+0000][1][safepoint    ] Safepoint "Cleanup", Time since last: 1004810292 ns, Reaching safepoint: 2477417 ns, At safepoint: 74458 ns, Total: 2551875 ns
[2022-09-04T00:30:12.619+0000][1][safepoint    ] Safepoint "Cleanup", Time since last: 1005206625 ns, Reaching safepoint: 1245125 ns, At safepoint: 20625 ns, Total: 1265750 ns
[2022-09-04T00:30:13.622+0000][1][safepoint    ] Safepoint "Cleanup", Time since last: 1001341542 ns, Reaching safepoint: 1367625 ns, At safepoint: 32459 ns, Total: 1400084 ns
[2022-09-04T00:30:14.627+0000][1][safepoint    ] Safepoint "Cleanup", Time since last: 1002339875 ns, Reaching safepoint: 2569292 ns, At safepoint: 76625 ns, Total: 2645917 ns
[2022-09-04T00:30:15.636+0000][1][safepoint    ] Safepoint "Cleanup", Time since last: 1006319625 ns, Reaching safepoint: 2499959 ns, At safepoint: 52625 ns, Total: 2552584 ns
[2022-09-04T00:30:16.643+0000][1][safepoint    ] Safepoint "Cleanup", Time since last: 1004840084 ns, Reaching safepoint: 2596708 ns, At safepoint: 64375 ns, Total: 2661083 ns
[2022-09-04T00:30:17.649+0000][1][safepoint    ] Safepoint "Cleanup", Time since last: 1004191000 ns, Reaching safepoint: 1191209 ns, At safepoint: 42791 ns, Total: 1234000 ns
[2022-09-04T00:30:18.653+0000][1][safepoint    ] Safepoint "Cleanup", Time since last: 1003270251 ns, Reaching safepoint: 724375 ns, At safepoint: 17875 ns, Total: 742250 ns
[2022-09-04T00:30:19.657+0000][1][safepoint    ] Safepoint "Cleanup", Time since last: 1001628667 ns, Reaching safepoint: 2900500 ns, At safepoint: 97042 ns, Total: 2997542 ns
[2022-09-04T00:30:20.666+0000][1][safepoint    ] Safepoint "Cleanup", Time since last: 1006339417 ns, Reaching safepoint: 2469208 ns, At safepoint: 90000 ns, Total: 2559208 ns
[2022-09-04T00:30:21.675+0000][1][safepoint    ] Safepoint "Cleanup", Time since last: 1007496708 ns, Reaching safepoint: 2247209 ns, At safepoint: 65541 ns, Total: 2312750 ns
[2022-09-04T00:30:22.684+0000][1][safepoint    ] Safepoint "Cleanup", Time since last: 1005397167 ns, Reaching safepoint: 3347167 ns, At safepoint: 112083 ns, Total: 3459250 ns
[2022-09-04T00:30:23.695+0000][1][safepoint    ] Safepoint "Cleanup", Time since last: 1007183418 ns, Reaching safepoint: 3876291 ns, At safepoint: 92125 ns, Total: 3968416 ns
[2022-09-04T00:30:24.704+0000][1][safepoint    ] Safepoint "Cleanup", Time since last: 1006417751 ns, Reaching safepoint: 2435666 ns, At safepoint: 74625 ns, Total: 2510291 ns
[2022-09-04T00:30:25.710+0000][1][safepoint    ] Safepoint "Cleanup", Time since last: 1004334918 ns, Reaching safepoint: 1437375 ns, At safepoint: 38958 ns, Total: 1476333 ns
[2022-09-04T00:30:26.717+0000][1][safepoint    ] Safepoint "Cleanup", Time since last: 1003328125 ns, Reaching safepoint: 3877167 ns, At safepoint: 98917 ns, Total: 3976084 ns
[2022-09-04T00:30:27.725+0000][1][safepoint    ] Safepoint "Cleanup", Time since last: 1007007959 ns, Reaching safepoint: 1232791 ns, At safepoint: 32542 ns, Total: 1265333 ns
[2022-09-04T00:30:28.729+0000][1][safepoint    ] Safepoint "Cleanup", Time since last: 1002472834 ns, Reaching safepoint: 732083 ns, At safepoint: 53917 ns, Total: 786000 ns
[2022-09-04T00:30:29.732+0000][1][safepoint    ] Safepoint "Cleanup", Time since last: 1002074667 ns, Reaching safepoint: 1406167 ns, At safepoint: 93083 ns, Total: 1499250 ns
[2022-09-04T00:30:30.737+0000][1][safepoint    ] Safepoint "Cleanup", Time since last: 1003163542 ns, Reaching safepoint: 1271333 ns, At safepoint: 28792 ns, Total: 1300125 ns
[2022-09-04T00:30:31.741+0000][1][safepoint    ] Safepoint "Cleanup", Time since last: 1002798959 ns, Reaching safepoint: 1105208 ns, At safepoint: 28958 ns, Total: 1134166 ns
[2022-09-04T00:30:32.745+0000][1][safepoint    ] Safepoint "Cleanup", Time since last: 1003039876 ns, Reaching safepoint: 1098875 ns, At safepoint: 44292 ns, Total: 1143167 ns
[2022-09-04T00:30:33.749+0000][1][safepoint    ] Safepoint "Cleanup", Time since last: 1002340417 ns, Reaching safepoint: 1665833 ns, At safepoint: 37292 ns, Total: 1703125 ns
[2022-09-04T00:30:35.033+0000][1][safepoint    ] Safepoint "Cleanup", Time since last: 1282211625 ns, Reaching safepoint: 2289625 ns, At safepoint: 52292 ns, Total: 2341917 ns
[2022-09-04T00:30:36.038+0000][1][safepoint    ] Safepoint "Cleanup", Time since last: 1004261417 ns, Reaching safepoint: 804125 ns, At safepoint: 19917 ns, Total: 824042 ns
[2022-09-04T00:30:37.041+0000][1][safepoint    ] Safepoint "Cleanup", Time since last: 1001643125 ns, Reaching safepoint: 900792 ns, At safepoint: 25000 ns, Total: 925792 ns
[2022-09-04T00:30:38.044+0000][1][safepoint    ] Safepoint "Cleanup", Time since last: 1001874500 ns, Reaching safepoint: 1484542 ns, At safepoint: 47292 ns, Total: 1531834 ns
[2022-09-04T00:30:39.049+0000][1][safepoint    ] Safepoint "Cleanup", Time since last: 1003566625 ns, Reaching safepoint: 1348500 ns, At safepoint: 34834 ns, Total: 1383334 ns
[2022-09-04T00:30:40.057+0000][1][safepoint    ] Safepoint "Cleanup", Time since last: 1005812958 ns, Reaching safepoint: 1445584 ns, At safepoint: 40083 ns, Total: 1485667 ns
[2022-09-04T00:30:41.062+0000][1][safepoint    ] Safepoint "Cleanup", Time since last: 1003782501 ns, Reaching safepoint: 1219083 ns, At safepoint: 27000 ns, Total: 1246083 ns
[2022-09-04T00:30:42.067+0000][1][safepoint    ] Safepoint "Cleanup", Time since last: 1004880125 ns, Reaching safepoint: 724375 ns, At safepoint: 14834 ns, Total: 739209 ns
[2022-09-04T00:30:43.071+0000][1][safepoint    ] Safepoint "Cleanup", Time since last: 1002071334 ns, Reaching safepoint: 1639791 ns, At safepoint: 24917 ns, Total: 1664708 ns
[2022-09-04T00:30:44.075+0000][1][safepoint    ] Safepoint "Cleanup", Time since last: 1002613250 ns, Reaching safepoint: 1483834 ns, At safepoint: 59916 ns, Total: 1543750 ns
[2022-09-04T00:30:45.081+0000][1][safepoint    ] Safepoint "Cleanup", Time since last: 1004334542 ns, Reaching safepoint: 925542 ns, At safepoint: 28542 ns, Total: 954084 ns
[2022-09-04T00:30:46.088+0000][1][safepoint    ] Safepoint "Cleanup", Time since last: 1006792209 ns, Reaching safepoint: 886875 ns, At safepoint: 22541 ns, Total: 909416 ns
[2022-09-04T00:30:47.094+0000][1][safepoint    ] Safepoint "Cleanup", Time since last: 1002117334 ns, Reaching safepoint: 3508042 ns, At safepoint: 92875 ns, Total: 3600917 ns
[2022-09-04T00:30:48.103+0000][1][safepoint    ] Safepoint "Cleanup", Time since last: 1006799292 ns, Reaching safepoint: 2155833 ns, At safepoint: 55459 ns, Total: 2211292 ns
[2022-09-04T00:30:49.109+0000][1][safepoint    ] Safepoint "Cleanup", Time since last: 1004790083 ns, Reaching safepoint: 1315584 ns, At safepoint: 26708 ns, Total: 1342292 ns
[2022-09-04T00:30:50.116+0000][1][safepoint    ] Safepoint "Cleanup", Time since last: 1003422459 ns, Reaching safepoint: 3419000 ns, At safepoint: 75250 ns, Total: 3494250 ns
[2022-09-04T00:30:51.120+0000][1][safepoint    ] Safepoint "Cleanup", Time since last: 1003749084 ns, Reaching safepoint: 737708 ns, At safepoint: 19583 ns, Total: 757291 ns
[2022-09-04T00:30:52.123+0000][1][safepoint    ] Safepoint "Cleanup", Time since last: 1001710459 ns, Reaching safepoint: 1248833 ns, At safepoint: 67042 ns, Total: 1315875 ns
[2022-09-04T00:30:53.130+0000][1][safepoint    ] Safepoint "Cleanup", Time since last: 1003843542 ns, Reaching safepoint: 3101167 ns, At safepoint: 341541 ns, Total: 3442708 ns
[2022-09-04T00:30:54.141+0000][1][safepoint    ] Safepoint "Cleanup", Time since last: 1005574293 ns, Reaching safepoint: 4119166 ns, At safepoint: 788459 ns, Total: 4907625 ns
[2022-09-04T00:30:55.147+0000][1][safepoint    ] Safepoint "Cleanup", Time since last: 1004987750 ns, Reaching safepoint: 882833 ns, At safepoint: 23500 ns, Total: 906333 ns
[2022-09-04T00:30:56.149+0000][1][safepoint    ] Safepoint "Cleanup", Time since last: 1001736584 ns, Reaching safepoint: 748833 ns, At safepoint: 41125 ns, Total: 789958 ns
[2022-09-04T00:30:57.152+0000][1][safepoint    ] Safepoint "Cleanup", Time since last: 1001896793 ns, Reaching safepoint: 1271208 ns, At safepoint: 36083 ns, Total: 1307291 ns
[2022-09-04T00:30:58.158+0000][1][safepoint    ] Safepoint "Cleanup", Time since last: 1003362667 ns, Reaching safepoint: 1831834 ns, At safepoint: 48250 ns, Total: 1880084 ns
[2022-09-04T00:30:59.163+0000][1][safepoint    ] Safepoint "Cleanup", Time since last: 1004342500 ns, Reaching safepoint: 804292 ns, At safepoint: 20625 ns, Total: 824917 ns
[2022-09-04T00:31:00.167+0000][1][safepoint    ] Safepoint "Cleanup", Time since last: 1002476167 ns, Reaching safepoint: 1461000 ns, At safepoint: 39792 ns, Total: 1500792 ns
[2022-09-04T00:31:01.429+0000][1][safepoint    ] Safepoint "Cleanup", Time since last: 1261320792 ns, Reaching safepoint: 1237792 ns, At safepoint: 33625 ns, Total: 1271417 ns
[2022-09-04T00:31:02.434+0000][1][safepoint    ] Safepoint "Cleanup", Time since last: 1002979167 ns, Reaching safepoint: 1634458 ns, At safepoint: 132583 ns, Total: 1767041 ns
[2022-09-04T00:31:03.443+0000][1][safepoint    ] Safepoint "Cleanup", Time since last: 1005509668 ns, Reaching safepoint: 3180666 ns, At safepoint: 84375 ns, Total: 3265041 ns
[2022-09-04T00:31:04.453+0000][1][safepoint    ] Safepoint "Cleanup", Time since last: 1006237834 ns, Reaching safepoint: 3451792 ns, At safepoint: 95291 ns, Total: 3547083 ns
[2022-09-04T00:31:05.462+0000][1][safepoint    ] Safepoint "Cleanup", Time since last: 1009051543 ns, Reaching safepoint: 742833 ns, At safepoint: 20625 ns, Total: 763458 ns
[2022-09-04T00:31:06.466+0000][1][safepoint    ] Safepoint "Cleanup", Time since last: 1003090042 ns, Reaching safepoint: 797458 ns, At safepoint: 20625 ns, Total: 818083 ns
[2022-09-04T00:31:07.469+0000][1][safepoint    ] Safepoint "Cleanup", Time since last: 1001521876 ns, Reaching safepoint: 788000 ns, At safepoint: 21833 ns, Total: 809833 ns
[2022-09-04T00:31:08.474+0000][1][safepoint    ] Safepoint "Cleanup", Time since last: 1003594084 ns, Reaching safepoint: 1344208 ns, At safepoint: 25959 ns, Total: 1370167 ns
[2022-09-04T00:31:09.479+0000][1][safepoint    ] Safepoint "Cleanup", Time since last: 1003924875 ns, Reaching safepoint: 1772292 ns, At safepoint: 39541 ns, Total: 1811833 ns
[2022-09-04T00:31:10.483+0000][1][safepoint    ] Safepoint "Cleanup", Time since last: 1002557251 ns, Reaching safepoint: 1371917 ns, At safepoint: 46125 ns, Total: 1418042 ns
[2022-09-04T00:31:11.495+0000][1][safepoint    ] Safepoint "Cleanup", Time since last: 1008241833 ns, Reaching safepoint: 3186792 ns, At safepoint: 89375 ns, Total: 3276167 ns
[2022-09-04T00:31:12.502+0000][1][safepoint    ] Safepoint "Cleanup", Time since last: 1005890334 ns, Reaching safepoint: 1606000 ns, At safepoint: 40125 ns, Total: 1646125 ns
[2022-09-04T00:31:13.509+0000][1][safepoint    ] Safepoint "Cleanup", Time since last: 1003788875 ns, Reaching safepoint: 2432625 ns, At safepoint: 56917 ns, Total: 2489542 ns
[2022-09-04T00:31:14.517+0000][1][safepoint    ] Safepoint "Cleanup", Time since last: 1005374792 ns, Reaching safepoint: 2999167 ns, At safepoint: 69583 ns, Total: 3068750 ns
[2022-09-04T00:31:15.526+0000][1][safepoint    ] Safepoint "Cleanup", Time since last: 1006217626 ns, Reaching safepoint: 2265416 ns, At safepoint: 83709 ns, Total: 2349125 ns
[2022-09-04T00:31:16.533+0000][1][safepoint    ] Safepoint "Cleanup", Time since last: 1005842459 ns, Reaching safepoint: 1277250 ns, At safepoint: 33166 ns, Total: 1310416 ns
[2022-09-04T00:31:17.537+0000][1][safepoint    ] Safepoint "Cleanup", Time since last: 1002896584 ns, Reaching safepoint: 739125 ns, At safepoint: 20208 ns, Total: 759333 ns
[2022-09-04T00:31:17.676+0000][1][safepoint    ] Safepoint "RevokeBias", Time since last: 138565167 ns, Reaching safepoint: 537917 ns, At safepoint: 532791 ns, Total: 1070708 ns
[2022-09-04T00:31:17.686+0000][1][safepoint    ] Safepoint "RevokeBias", Time since last: 9226459 ns, Reaching safepoint: 474750 ns, At safepoint: 64916 ns, Total: 539666 ns
[2022-09-04T00:31:17.694+0000][1][safepoint    ] Safepoint "RevokeBias", Time since last: 7275834 ns, Reaching safepoint: 1000833 ns, At safepoint: 82750 ns, Total: 1083583 ns
[2022-09-04T00:31:17.708+0000][1][safepoint    ] Safepoint "RevokeBias", Time since last: 11802792 ns, Reaching safepoint: 1557416 ns, At safepoint: 74000 ns, Total: 1631416 ns
[2022-09-04T00:31:17.788+0000][1][safepoint    ] Safepoint "RevokeBias", Time since last: 79533875 ns, Reaching safepoint: 616625 ns, At safepoint: 31042 ns, Total: 647667 ns
[2022-09-04T00:31:17.793+0000][1][safepoint    ] Safepoint "RevokeBias", Time since last: 4857208 ns, Reaching safepoint: 471750 ns, At safepoint: 54209 ns, Total: 525959 ns
[2022-09-04T00:31:17.869+0000][1][safepoint    ] Safepoint "RevokeBias", Time since last: 73304375 ns, Reaching safepoint: 1829666 ns, At safepoint: 96334 ns, Total: 1926000 ns
[2022-09-04T00:31:17.910+0000][1][safepoint    ] Safepoint "RevokeBias", Time since last: 35305250 ns, Reaching safepoint: 3389458 ns, At safepoint: 2637792 ns, Total: 6027250 ns
[2022-09-04T00:31:17.942+0000][1][safepoint    ] Safepoint "RevokeBias", Time since last: 22474250 ns, Reaching safepoint: 5582125 ns, At safepoint: 3476625 ns, Total: 9058750 ns
[2022-09-04T00:31:17.966+0000][1][safepoint    ] Safepoint "RevokeBias", Time since last: 12198792 ns, Reaching safepoint: 10068625 ns, At safepoint: 2519375 ns, Total: 12588000 ns
[2022-09-04T00:31:18.018+0000][1][safepoint    ] Safepoint "RevokeBias", Time since last: 44413375 ns, Reaching safepoint: 7740791 ns, At safepoint: 151000 ns, Total: 7891791 ns
[2022-09-04T00:31:18.028+0000][1][safepoint    ] Safepoint "RevokeBias", Time since last: 3289875 ns, Reaching safepoint: 6200375 ns, At safepoint: 185459 ns, Total: 6385834 ns
[2022-09-04T00:31:18.035+0000][1][safepoint    ] Safepoint "RevokeBias", Time since last: 3746750 ns, Reaching safepoint: 2957416 ns, At safepoint: 331167 ns, Total: 3288583 ns
[2022-09-04T00:31:18.055+0000][1][safepoint    ] Safepoint "RevokeBias", Time since last: 8232958 ns, Reaching safepoint: 11869250 ns, At safepoint: 126875 ns, Total: 11996125 ns
[2022-09-04T00:31:18.059+0000][1][safepoint    ] Safepoint "RevokeBias", Time since last: 2620125 ns, Reaching safepoint: 1146542 ns, At safepoint: 143958 ns, Total: 1290500 ns
[2022-09-04T00:31:18.066+0000][1][safepoint    ] Safepoint "RevokeBias", Time since last: 2281750 ns, Reaching safepoint: 3796792 ns, At safepoint: 148583 ns, Total: 3945375 ns
[2022-09-04T00:31:18.110+0000][1][safepoint    ] Safepoint "RevokeBias", Time since last: 44079959 ns, Reaching safepoint: 610958 ns, At safepoint: 104875 ns, Total: 715833 ns
[2022-09-04T00:31:18.113+0000][1][safepoint    ] Safepoint "RevokeBias", Time since last: 1375167 ns, Reaching safepoint: 832958 ns, At safepoint: 344125 ns, Total: 1177083 ns
[2022-09-04T00:31:18.116+0000][1][safepoint    ] Safepoint "RevokeBias", Time since last: 2044000 ns, Reaching safepoint: 724375 ns, At safepoint: 462083 ns, Total: 1186458 ns
[2022-09-04T00:31:18.118+0000][1][safepoint    ] Safepoint "RevokeBias", Time since last: 1625500 ns, Reaching safepoint: 399750 ns, At safepoint: 64167 ns, Total: 463917 ns
[2022-09-04T00:31:18.122+0000][1][safepoint    ] Safepoint "RevokeBias", Time since last: 3036667 ns, Reaching safepoint: 491875 ns, At safepoint: 47000 ns, Total: 538875 ns
[2022-09-04T00:31:18.123+0000][1][safepoint    ] Safepoint "RevokeBias", Time since last: 1348083 ns, Reaching safepoint: 261042 ns, At safepoint: 56541 ns, Total: 317583 ns
[2022-09-04T00:31:18.126+0000][1][safepoint    ] Safepoint "RevokeBias", Time since last: 2270167 ns, Reaching safepoint: 507083 ns, At safepoint: 34375 ns, Total: 541458 ns
[2022-09-04T00:31:18.182+0000][1][safepoint    ] Safepoint "RevokeBias", Time since last: 54151625 ns, Reaching safepoint: 1119500 ns, At safepoint: 32584 ns, Total: 1152084 ns
[2022-09-04T00:31:18.454+0000][1][safepoint    ] Safepoint "RevokeBias", Time since last: 271632083 ns, Reaching safepoint: 444000 ns, At safepoint: 40458 ns, Total: 484458 ns
[2022-09-04T00:31:18.456+0000][1][safepoint    ] Safepoint "RevokeBias", Time since last: 1866750 ns, Reaching safepoint: 352792 ns, At safepoint: 37625 ns, Total: 390417 ns
[2022-09-04T00:31:18.468+0000][1][safepoint    ] Safepoint "RevokeBias", Time since last: 10950292 ns, Reaching safepoint: 554875 ns, At safepoint: 312875 ns, Total: 867750 ns
[2022-09-04T00:31:18.472+0000][1][safepoint    ] Safepoint "RevokeBias", Time since last: 2997250 ns, Reaching safepoint: 690916 ns, At safepoint: 83000 ns, Total: 773916 ns
[2022-09-04T00:31:18.474+0000][1][safepoint    ] Safepoint "RevokeBias", Time since last: 1556334 ns, Reaching safepoint: 438375 ns, At safepoint: 41416 ns, Total: 479791 ns
[2022-09-04T00:31:18.475+0000][1][safepoint    ] Safepoint "RevokeBias", Time since last: 1213834 ns, Reaching safepoint: 434041 ns, At safepoint: 42875 ns, Total: 476916 ns
[2022-09-04T00:31:18.479+0000][1][safepoint    ] Safepoint "RevokeBias", Time since last: 3178917 ns, Reaching safepoint: 507750 ns, At safepoint: 123375 ns, Total: 631125 ns
[2022-09-04T00:31:18.492+0000][1][safepoint    ] Safepoint "RevokeBias", Time since last: 11201167 ns, Reaching safepoint: 1202583 ns, At safepoint: 60958 ns, Total: 1263541 ns
[2022-09-04T00:31:18.494+0000][1][safepoint    ] Safepoint "RevokeBias", Time since last: 1811209 ns, Reaching safepoint: 303416 ns, At safepoint: 23375 ns, Total: 326791 ns
[2022-09-04T00:31:18.495+0000][1][safepoint    ] Safepoint "RevokeBias", Time since last: 1479000 ns, Reaching safepoint: 197917 ns, At safepoint: 49500 ns, Total: 247417 ns
[2022-09-04T00:31:18.500+0000][1][safepoint    ] Safepoint "RevokeBias", Time since last: 2835750 ns, Reaching safepoint: 1467042 ns, At safepoint: 42000 ns, Total: 1509042 ns
[2022-09-04T00:31:18.504+0000][1][safepoint    ] Safepoint "RevokeBias", Time since last: 2996750 ns, Reaching safepoint: 878708 ns, At safepoint: 41125 ns, Total: 919833 ns
[2022-09-04T00:31:18.535+0000][1][safepoint    ] Safepoint "RevokeBias", Time since last: 30237167 ns, Reaching safepoint: 593875 ns, At safepoint: 43666 ns, Total: 637541 ns
[2022-09-04T00:31:18.537+0000][1][safepoint    ] Safepoint "RevokeBias", Time since last: 1744709 ns, Reaching safepoint: 337750 ns, At safepoint: 28541 ns, Total: 366291 ns
[2022-09-04T00:31:18.539+0000][1][safepoint    ] Safepoint "RevokeBias", Time since last: 1648167 ns, Reaching safepoint: 193583 ns, At safepoint: 25042 ns, Total: 218625 ns
[2022-09-04T00:31:18.540+0000][1][safepoint    ] Safepoint "RevokeBias", Time since last: 1196250 ns, Reaching safepoint: 188417 ns, At safepoint: 24083 ns, Total: 212500 ns
[2022-09-04T00:31:18.542+0000][1][safepoint    ] Safepoint "RevokeBias", Time since last: 1509000 ns, Reaching safepoint: 207042 ns, At safepoint: 26041 ns, Total: 233083 ns
[2022-09-04T00:31:18.545+0000][1][safepoint    ] Safepoint "RevokeBias", Time since last: 2583875 ns, Reaching safepoint: 264292 ns, At safepoint: 44667 ns, Total: 308959 ns
[2022-09-04T00:31:18.556+0000][1][safepoint    ] Safepoint "RevokeBias", Time since last: 10507083 ns, Reaching safepoint: 400375 ns, At safepoint: 76583 ns, Total: 476958 ns
[2022-09-04T00:31:18.561+0000][1][safepoint    ] Safepoint "RevokeBias", Time since last: 4640792 ns, Reaching safepoint: 914167 ns, At safepoint: 37166 ns, Total: 951333 ns
[2022-09-04T00:31:18.580+0000][1][safepoint    ] Safepoint "RevokeBias", Time since last: 18399834 ns, Reaching safepoint: 710000 ns, At safepoint: 87791 ns, Total: 797791 ns
[2022-09-04T00:31:18.593+0000][1][safepoint    ] Safepoint "RevokeBias", Time since last: 8837959 ns, Reaching safepoint: 2457250 ns, At safepoint: 928833 ns, Total: 3386083 ns
[2022-09-04T00:31:18.602+0000][1][safepoint    ] Safepoint "RevokeBias", Time since last: 8799334 ns, Reaching safepoint: 523041 ns, At safepoint: 57584 ns, Total: 580625 ns
[2022-09-04T00:31:18.616+0000][1][safepoint    ] Safepoint "RevokeBias", Time since last: 8792375 ns, Reaching safepoint: 5597791 ns, At safepoint: 129667 ns, Total: 5727458 ns
[2022-09-04T00:31:18.621+0000][1][safepoint    ] Safepoint "RevokeBias", Time since last: 2363333 ns, Reaching safepoint: 1596584 ns, At safepoint: 651500 ns, Total: 2248084 ns
[2022-09-04T00:31:18.631+0000][1][safepoint    ] Safepoint "RevokeBias", Time since last: 1464166 ns, Reaching safepoint: 5948959 ns, At safepoint: 2074833 ns, Total: 8023792 ns
[2022-09-04T00:31:18.640+0000][1][safepoint    ] Safepoint "RevokeBias", Time since last: 1829208 ns, Reaching safepoint: 3015750 ns, At safepoint: 4529750 ns, Total: 7545500 ns
[2022-09-04T00:31:18.646+0000][1][safepoint    ] Safepoint "RevokeBias", Time since last: 5388500 ns, Reaching safepoint: 1089542 ns, At safepoint: 72750 ns, Total: 1162292 ns
[2022-09-04T00:31:18.651+0000][1][safepoint    ] Safepoint "RevokeBias", Time since last: 2485292 ns, Reaching safepoint: 703375 ns, At safepoint: 901083 ns, Total: 1604458 ns
[2022-09-04T00:31:18.653+0000][1][safepoint    ] Safepoint "RevokeBias", Time since last: 1637292 ns, Reaching safepoint: 464875 ns, At safepoint: 126916 ns, Total: 591791 ns
[2022-09-04T00:31:18.655+0000][1][safepoint    ] Safepoint "RevokeBias", Time since last: 1898209 ns, Reaching safepoint: 548250 ns, At safepoint: 109583 ns, Total: 657833 ns
[2022-09-04T00:31:18.667+0000][1][safepoint    ] Safepoint "BulkRevokeBias", Time since last: 9934250 ns, Reaching safepoint: 459958 ns, At safepoint: 1305584 ns, Total: 1765542 ns
[2022-09-04T00:31:18.686+0000][1][safepoint    ] Safepoint "RevokeBias", Time since last: 18962166 ns, Reaching safepoint: 292834 ns, At safepoint: 28833 ns, Total: 321667 ns
[2022-09-04T00:31:18.690+0000][1][safepoint    ] Safepoint "RevokeBias", Time since last: 3163417 ns, Reaching safepoint: 221458 ns, At safepoint: 26000 ns, Total: 247458 ns
[2022-09-04T00:31:18.691+0000][1][safepoint    ] Safepoint "RevokeBias", Time since last: 1451125 ns, Reaching safepoint: 180208 ns, At safepoint: 31459 ns, Total: 211667 ns
[2022-09-04T00:31:18.693+0000][1][safepoint    ] Safepoint "RevokeBias", Time since last: 1752666 ns, Reaching safepoint: 190709 ns, At safepoint: 24916 ns, Total: 215625 ns
[2022-09-04T00:31:18.698+0000][1][safepoint    ] Safepoint "RevokeBias", Time since last: 3665834 ns, Reaching safepoint: 412916 ns, At safepoint: 140667 ns, Total: 553583 ns
[2022-09-04T00:31:18.700+0000][1][safepoint    ] Safepoint "RevokeBias", Time since last: 1711000 ns, Reaching safepoint: 298917 ns, At safepoint: 85083 ns, Total: 384000 ns
[2022-09-04T00:31:18.710+0000][1][safepoint    ] Safepoint "RevokeBias", Time since last: 9648917 ns, Reaching safepoint: 359958 ns, At safepoint: 96125 ns, Total: 456083 ns
[2022-09-04T00:31:18.711+0000][1][safepoint    ] Safepoint "RevokeBias", Time since last: 1369625 ns, Reaching safepoint: 259833 ns, At safepoint: 62459 ns, Total: 322292 ns
[2022-09-04T00:31:18.714+0000][1][safepoint    ] Safepoint "RevokeBias", Time since last: 1757250 ns, Reaching safepoint: 225750 ns, At safepoint: 75541 ns, Total: 301291 ns
[2022-09-04T00:31:18.716+0000][1][safepoint    ] Safepoint "RevokeBias", Time since last: 1723084 ns, Reaching safepoint: 274250 ns, At safepoint: 68750 ns, Total: 343000 ns
[2022-09-04T00:31:18.723+0000][1][safepoint    ] Safepoint "RevokeBias", Time since last: 7207000 ns, Reaching safepoint: 343833 ns, At safepoint: 87708 ns, Total: 431541 ns
[2022-09-04T00:31:18.725+0000][1][safepoint    ] Safepoint "RevokeBias", Time since last: 1475042 ns, Reaching safepoint: 341667 ns, At safepoint: 75041 ns, Total: 416708 ns
[2022-09-04T00:31:18.728+0000][1][safepoint    ] Safepoint "RevokeBias", Time since last: 2692500 ns, Reaching safepoint: 254250 ns, At safepoint: 71750 ns, Total: 326000 ns
[2022-09-04T00:31:18.730+0000][1][safepoint    ] Safepoint "RevokeBias", Time since last: 1607292 ns, Reaching safepoint: 336167 ns, At safepoint: 73083 ns, Total: 409250 ns
[2022-09-04T00:31:18.734+0000][1][safepoint    ] Safepoint "RevokeBias", Time since last: 3783208 ns, Reaching safepoint: 399625 ns, At safepoint: 23209 ns, Total: 422834 ns
[2022-09-04T00:31:18.739+0000][1][safepoint    ] Safepoint "RevokeBias", Time since last: 3894083 ns, Reaching safepoint: 606667 ns, At safepoint: 245541 ns, Total: 852208 ns
[2022-09-04T00:31:18.776+0000][1][safepoint    ] Safepoint "RevokeBias", Time since last: 34223459 ns, Reaching safepoint: 2583833 ns, At safepoint: 144167 ns, Total: 2728000 ns
[2022-09-04T00:31:18.787+0000][1][safepoint    ] Safepoint "RevokeBias", Time since last: 10716625 ns, Reaching safepoint: 436708 ns, At safepoint: 54292 ns, Total: 491000 ns
[2022-09-04T00:31:18.829+0000][1][safepoint    ] Safepoint "RevokeBias", Time since last: 40816000 ns, Reaching safepoint: 694791 ns, At safepoint: 45459 ns, Total: 740250 ns
[2022-09-04T00:31:18.839+0000][1][safepoint    ] Safepoint "RevokeBias", Time since last: 7254916 ns, Reaching safepoint: 2445209 ns, At safepoint: 71958 ns, Total: 2517167 ns
[2022-09-04T00:31:18.841+0000][1][safepoint    ] Safepoint "RevokeBias", Time since last: 2110875 ns, Reaching safepoint: 584042 ns, At safepoint: 39458 ns, Total: 623500 ns
[2022-09-04T00:31:18.860+0000][1][safepoint    ] Safepoint "RevokeBias", Time since last: 17890458 ns, Reaching safepoint: 303709 ns, At safepoint: 87916 ns, Total: 391625 ns
[2022-09-04T00:31:18.954+0000][1][gc,heap,exit ] Heap
[2022-09-04T00:31:18.961+0000][1][gc,heap,exit ]  par new generation   total 157248K, used 92018K [0x00000000e0000000, 0x00000000eaaa0000, 0x00000000eaaa0000)
[2022-09-04T00:31:18.963+0000][1][gc,heap,exit ]   eden space 139776K,  58% used [0x00000000e0000000, 0x00000000e4f3df80, 0x00000000e8880000)
[2022-09-04T00:31:18.964+0000][1][gc,heap,exit ]   from space 17472K,  62% used [0x00000000e9990000, 0x00000000ea42eac0, 0x00000000eaaa0000)
[2022-09-04T00:31:18.968+0000][1][gc,heap,exit ]   to   space 17472K,   0% used [0x00000000e8880000, 0x00000000e8880000, 0x00000000e9990000)
[2022-09-04T00:31:18.970+0000][1][gc,heap,exit ]  concurrent mark-sweep generation total 349568K, used 55545K [0x00000000eaaa0000, 0x0000000100000000, 0x0000000100000000)
[2022-09-04T00:31:18.971+0000][1][gc,heap,exit ]  Metaspace       used 79497K, capacity 85834K, committed 85980K, reserved 1122304K
[2022-09-04T00:31:18.973+0000][1][gc,heap,exit ]   class space    used 10765K, capacity 13387K, committed 13480K, reserved 1048576K
