[2022-09-04T00:58:26.377+0000][1][gc] Using Concurrent Mark Sweep
[2022-09-04T00:58:26.381+0000][1][gc,heap,coops] Heap address: 0x00000000e0000000, size: 512 MB, Compressed Oops mode: 32-bit
[2022-09-04T00:58:27.093+0000][1][safepoint    ] Safepoint "EnableBiasedLocking", Time since last: 541148333 ns, Reaching safepoint: 3964167 ns, At safepoint: 1235792 ns, Total: 5199959 ns
[2022-09-04T00:58:27.191+0000][1][safepoint    ] Safepoint "RevokeBias", Time since last: 96982500 ns, Reaching safepoint: 1045250 ns, At safepoint: 1324792 ns, Total: 2370042 ns
[2022-09-04T00:58:27.450+0000][1][safepoint    ] Safepoint "Deoptimize", Time since last: 252379875 ns, Reaching safepoint: 578625 ns, At safepoint: 5341375 ns, Total: 5920000 ns
[2022-09-04T00:58:28.453+0000][1][safepoint    ] Safepoint "Cleanup", Time since last: 1002164417 ns, Reaching safepoint: 757583 ns, At safepoint: 34458 ns, Total: 792041 ns
[2022-09-04T00:58:29.109+0000][1][safepoint    ] Safepoint "RevokeBias", Time since last: 653674334 ns, Reaching safepoint: 345583 ns, At safepoint: 2045917 ns, Total: 2391500 ns
[2022-09-04T00:58:29.147+0000][1][safepoint    ] Safepoint "Deoptimize", Time since last: 37861542 ns, Reaching safepoint: 263375 ns, At safepoint: 276416 ns, Total: 539791 ns
[2022-09-04T00:58:29.162+0000][1][safepoint    ] Safepoint "Deoptimize", Time since last: 13775459 ns, Reaching safepoint: 84125 ns, At safepoint: 907333 ns, Total: 991458 ns
[2022-09-04T00:58:29.810+0000][1][safepoint    ] Safepoint "Deoptimize", Time since last: 647205709 ns, Reaching safepoint: 238125 ns, At safepoint: 374208 ns, Total: 612333 ns
[2022-09-04T00:58:30.814+0000][1][safepoint    ] Safepoint "Cleanup", Time since last: 1001787667 ns, Reaching safepoint: 2937584 ns, At safepoint: 21875 ns, Total: 2959459 ns
[2022-09-04T00:58:31.818+0000][1][safepoint    ] Safepoint "Cleanup", Time since last: 1001455250 ns, Reaching safepoint: 1673458 ns, At safepoint: 28584 ns, Total: 1702042 ns
[2022-09-04T00:58:32.820+0000][1][safepoint    ] Safepoint "Cleanup", Time since last: 1001474167 ns, Reaching safepoint: 1282042 ns, At safepoint: 16750 ns, Total: 1298792 ns
[2022-09-04T00:58:33.625+0000][1][safepoint    ] Safepoint "Deoptimize", Time since last: 803367083 ns, Reaching safepoint: 790500 ns, At safepoint: 417084 ns, Total: 1207584 ns
[2022-09-04T00:58:34.541+0000][1][safepoint    ] Safepoint "Deoptimize", Time since last: 913867875 ns, Reaching safepoint: 1312167 ns, At safepoint: 1302083 ns, Total: 2614250 ns
[2022-09-04T00:58:35.546+0000][1][safepoint    ] Safepoint "Cleanup", Time since last: 1001694417 ns, Reaching safepoint: 2445875 ns, At safepoint: 24542 ns, Total: 2470417 ns
[2022-09-04T00:58:36.549+0000][1][safepoint    ] Safepoint "Cleanup", Time since last: 1001923417 ns, Reaching safepoint: 1439083 ns, At safepoint: 30125 ns, Total: 1469208 ns
[2022-09-04T00:58:37.553+0000][1][safepoint    ] Safepoint "Cleanup", Time since last: 1003551792 ns, Reaching safepoint: 872834 ns, At safepoint: 16125 ns, Total: 888959 ns
[2022-09-04T00:58:37.579+0000][1][safepoint    ] Safepoint "Deoptimize", Time since last: 24194375 ns, Reaching safepoint: 984666 ns, At safepoint: 715292 ns, Total: 1699958 ns
[2022-09-04T00:58:38.583+0000][1][safepoint    ] Safepoint "Cleanup", Time since last: 1001806959 ns, Reaching safepoint: 1658375 ns, At safepoint: 130500 ns, Total: 1788875 ns
[2022-09-04T00:58:38.632+0000][1][safepoint    ] Safepoint "Deoptimize", Time since last: 48348792 ns, Reaching safepoint: 402708 ns, At safepoint: 706250 ns, Total: 1108958 ns
[2022-09-04T00:58:39.635+0000][1][safepoint    ] Safepoint "Cleanup", Time since last: 1002328000 ns, Reaching safepoint: 688875 ns, At safepoint: 15084 ns, Total: 703959 ns
[2022-09-04T00:58:42.642+0000][1][safepoint    ] Safepoint "Cleanup", Time since last: 3005921251 ns, Reaching safepoint: 400125 ns, At safepoint: 36625 ns, Total: 436750 ns
[2022-09-04T00:58:43.644+0000][1][safepoint    ] Safepoint "Cleanup", Time since last: 1001233834 ns, Reaching safepoint: 1392417 ns, At safepoint: 48791 ns, Total: 1441208 ns
[2022-09-04T00:58:44.652+0000][1][safepoint    ] Safepoint "Cleanup", Time since last: 1006034126 ns, Reaching safepoint: 1498000 ns, At safepoint: 18417 ns, Total: 1516417 ns
[2022-09-04T00:58:45.435+0000][1][safepoint    ] Safepoint "Deoptimize", Time since last: 781100042 ns, Reaching safepoint: 1163333 ns, At safepoint: 730500 ns, Total: 1893833 ns
[2022-09-04T00:58:46.441+0000][1][safepoint    ] Safepoint "Cleanup", Time since last: 1001548209 ns, Reaching safepoint: 4174250 ns, At safepoint: 37375 ns, Total: 4211625 ns
[2022-09-04T00:58:47.242+0000][1][safepoint    ] Safepoint "Deoptimize", Time since last: 799121000 ns, Reaching safepoint: 1150417 ns, At safepoint: 640041 ns, Total: 1790458 ns
[2022-09-04T00:58:47.245+0000][1][safepoint    ] Safepoint "Deoptimize", Time since last: 3011834 ns, Reaching safepoint: 69875 ns, At safepoint: 540125 ns, Total: 610000 ns
[2022-09-04T00:58:47.421+0000][1][safepoint    ] Safepoint "Deoptimize", Time since last: 174481083 ns, Reaching safepoint: 481125 ns, At safepoint: 568250 ns, Total: 1049375 ns
[2022-09-04T00:58:47.438+0000][1][safepoint    ] Safepoint "Deoptimize", Time since last: 16371584 ns, Reaching safepoint: 214125 ns, At safepoint: 488750 ns, Total: 702875 ns
[2022-09-04T00:58:47.517+0000][1][safepoint    ] Safepoint "RevokeBias", Time since last: 78175000 ns, Reaching safepoint: 223541 ns, At safepoint: 200250 ns, Total: 423791 ns
[2022-09-04T00:58:47.519+0000][1][safepoint    ] Safepoint "RevokeBias", Time since last: 2308250 ns, Reaching safepoint: 169417 ns, At safepoint: 123583 ns, Total: 293000 ns
[2022-09-04T00:58:47.524+0000][1][safepoint    ] Safepoint "RevokeBias", Time since last: 3874209 ns, Reaching safepoint: 346916 ns, At safepoint: 175084 ns, Total: 522000 ns
[2022-09-04T00:58:47.525+0000][1][safepoint    ] Safepoint "RevokeBias", Time since last: 1498250 ns, Reaching safepoint: 98583 ns, At safepoint: 151333 ns, Total: 249916 ns
[2022-09-04T00:58:47.527+0000][1][safepoint    ] Safepoint "RevokeBias", Time since last: 1425542 ns, Reaching safepoint: 271792 ns, At safepoint: 135625 ns, Total: 407417 ns
[2022-09-04T00:58:47.576+0000][1][safepoint    ] Safepoint "Deoptimize", Time since last: 47650041 ns, Reaching safepoint: 703000 ns, At safepoint: 669667 ns, Total: 1372667 ns
[2022-09-04T00:58:47.701+0000][1][safepoint    ] Safepoint "Deoptimize", Time since last: 123800875 ns, Reaching safepoint: 464375 ns, At safepoint: 611958 ns, Total: 1076333 ns
[2022-09-04T00:58:48.713+0000][1][safepoint    ] Safepoint "Cleanup", Time since last: 1002259042 ns, Reaching safepoint: 9789334 ns, At safepoint: 38500 ns, Total: 9827834 ns
[2022-09-04T00:58:49.732+0000][1][safepoint    ] Safepoint "Cleanup", Time since last: 1015884500 ns, Reaching safepoint: 2880292 ns, At safepoint: 52917 ns, Total: 2933209 ns
[2022-09-04T00:58:50.740+0000][1][safepoint    ] Safepoint "Cleanup", Time since last: 1004681208 ns, Reaching safepoint: 2843709 ns, At safepoint: 33875 ns, Total: 2877584 ns
[2022-09-04T00:58:51.744+0000][1][safepoint    ] Safepoint "Cleanup", Time since last: 1002587542 ns, Reaching safepoint: 1568333 ns, At safepoint: 23542 ns, Total: 1591875 ns
[2022-09-04T00:58:52.566+0000][1][safepoint    ] Safepoint "Deoptimize", Time since last: 820909625 ns, Reaching safepoint: 558083 ns, At safepoint: 835625 ns, Total: 1393708 ns
[2022-09-04T00:58:52.616+0000][1][safepoint    ] Safepoint "Deoptimize", Time since last: 48447500 ns, Reaching safepoint: 245042 ns, At safepoint: 1252917 ns, Total: 1497959 ns
[2022-09-04T00:58:53.638+0000][1][safepoint    ] Safepoint "Cleanup", Time since last: 1005225083 ns, Reaching safepoint: 12192167 ns, At safepoint: 3531292 ns, Total: 15723459 ns
[2022-09-04T00:58:54.670+0000][1][safepoint    ] Safepoint "Cleanup", Time since last: 1028702042 ns, Reaching safepoint: 3332667 ns, At safepoint: 78458 ns, Total: 3411125 ns
[2022-09-04T00:58:55.442+0000][1][safepoint    ] Safepoint "RevokeBias", Time since last: 769938250 ns, Reaching safepoint: 561292 ns, At safepoint: 1679625 ns, Total: 2240917 ns
[2022-09-04T00:58:56.445+0000][1][safepoint    ] Safepoint "Cleanup", Time since last: 1002369792 ns, Reaching safepoint: 904459 ns, At safepoint: 53333 ns, Total: 957792 ns
[2022-09-04T00:58:56.892+0000][1][gc,start     ] GC(0) Pause Young (Allocation Failure)
[2022-09-04T00:58:56.902+0000][1][gc,task      ] GC(0) Using 4 workers of 4 for evacuation
[2022-09-04T00:58:56.965+0000][1][gc,age       ] GC(0) Desired survivor size 8945664 bytes, new threshold 1 (max threshold 6)
[2022-09-04T00:58:56.967+0000][1][gc,age       ] GC(0) Age table with threshold 1 (max threshold 6)
[2022-09-04T00:58:56.984+0000][1][gc,age       ] GC(0) - age   1:    9785360 bytes,    9785360 total
[2022-09-04T00:58:56.988+0000][1][gc,heap      ] GC(0) ParNew: 139776K->9660K(157248K)
[2022-09-04T00:58:56.989+0000][1][gc,heap      ] GC(0) CMS: 0K->0K(349568K)
[2022-09-04T00:58:56.990+0000][1][gc,metaspace ] GC(0) Metaspace: 16278K->16278K(1064960K)
[2022-09-04T00:58:56.993+0000][1][gc           ] GC(0) Pause Young (Allocation Failure) 136M->9M(494M) 101.549ms
[2022-09-04T00:58:56.995+0000][1][gc,cpu       ] GC(0) User=0.18s Sys=0.03s Real=0.10s
[2022-09-04T00:58:56.996+0000][1][safepoint    ] Safepoint "GenCollectForAllocation", Time since last: 445140417 ns, Reaching safepoint: 838500 ns, At safepoint: 104951041 ns, Total: 105789541 ns
[2022-09-04T00:58:57.018+0000][1][safepoint    ] Safepoint "RevokeBias", Time since last: 20388167 ns, Reaching safepoint: 1265083 ns, At safepoint: 722500 ns, Total: 1987583 ns
[2022-09-04T00:58:57.028+0000][1][safepoint    ] Safepoint "RevokeBias", Time since last: 8279209 ns, Reaching safepoint: 1555541 ns, At safepoint: 294917 ns, Total: 1850458 ns
[2022-09-04T00:58:57.038+0000][1][safepoint    ] Safepoint "BulkRevokeBias", Time since last: 6769417 ns, Reaching safepoint: 1126208 ns, At safepoint: 1655083 ns, Total: 2781291 ns
[2022-09-04T00:58:57.041+0000][1][safepoint    ] Safepoint "RevokeBias", Time since last: 1955542 ns, Reaching safepoint: 664000 ns, At safepoint: 299917 ns, Total: 963917 ns
[2022-09-04T00:58:57.045+0000][1][safepoint    ] Safepoint "RevokeBias", Time since last: 2535583 ns, Reaching safepoint: 920458 ns, At safepoint: 269042 ns, Total: 1189500 ns
[2022-09-04T00:58:57.050+0000][1][safepoint    ] Safepoint "RevokeBias", Time since last: 4396125 ns, Reaching safepoint: 448167 ns, At safepoint: 205083 ns, Total: 653250 ns
[2022-09-04T00:58:57.053+0000][1][safepoint    ] Safepoint "RevokeBias", Time since last: 2521333 ns, Reaching safepoint: 352875 ns, At safepoint: 276875 ns, Total: 629750 ns
[2022-09-04T00:58:57.055+0000][1][safepoint    ] Safepoint "RevokeBias", Time since last: 1855500 ns, Reaching safepoint: 482250 ns, At safepoint: 180500 ns, Total: 662750 ns
[2022-09-04T00:58:57.059+0000][1][safepoint    ] Safepoint "RevokeBias", Time since last: 2870834 ns, Reaching safepoint: 474666 ns, At safepoint: 239334 ns, Total: 714000 ns
[2022-09-04T00:58:57.061+0000][1][safepoint    ] Safepoint "RevokeBias", Time since last: 1220666 ns, Reaching safepoint: 294875 ns, At safepoint: 141125 ns, Total: 436000 ns
[2022-09-04T00:58:57.064+0000][1][safepoint    ] Safepoint "RevokeBias", Time since last: 2700667 ns, Reaching safepoint: 231750 ns, At safepoint: 172042 ns, Total: 403792 ns
[2022-09-04T00:58:57.067+0000][1][safepoint    ] Safepoint "RevokeBias", Time since last: 2444000 ns, Reaching safepoint: 259458 ns, At safepoint: 196417 ns, Total: 455875 ns
[2022-09-04T00:58:57.069+0000][1][safepoint    ] Safepoint "RevokeBias", Time since last: 2351416 ns, Reaching safepoint: 229417 ns, At safepoint: 129875 ns, Total: 359292 ns
[2022-09-04T00:58:57.072+0000][1][safepoint    ] Safepoint "RevokeBias", Time since last: 1723167 ns, Reaching safepoint: 475208 ns, At safepoint: 219625 ns, Total: 694833 ns
[2022-09-04T00:58:57.076+0000][1][safepoint    ] Safepoint "RevokeBias", Time since last: 3536625 ns, Reaching safepoint: 329083 ns, At safepoint: 250334 ns, Total: 579417 ns
[2022-09-04T00:58:57.079+0000][1][safepoint    ] Safepoint "RevokeBias", Time since last: 2320583 ns, Reaching safepoint: 451208 ns, At safepoint: 206417 ns, Total: 657625 ns
[2022-09-04T00:58:57.083+0000][1][safepoint    ] Safepoint "RevokeBias", Time since last: 2608750 ns, Reaching safepoint: 1033292 ns, At safepoint: 191583 ns, Total: 1224875 ns
[2022-09-04T00:58:57.085+0000][1][safepoint    ] Safepoint "RevokeBias", Time since last: 1578292 ns, Reaching safepoint: 617125 ns, At safepoint: 139416 ns, Total: 756541 ns
[2022-09-04T00:58:57.087+0000][1][safepoint    ] Safepoint "RevokeBias", Time since last: 1693375 ns, Reaching safepoint: 337084 ns, At safepoint: 155000 ns, Total: 492084 ns
[2022-09-04T00:58:57.089+0000][1][safepoint    ] Safepoint "RevokeBias", Time since last: 1511833 ns, Reaching safepoint: 463167 ns, At safepoint: 174583 ns, Total: 637750 ns
[2022-09-04T00:58:57.092+0000][1][safepoint    ] Safepoint "RevokeBias", Time since last: 1796750 ns, Reaching safepoint: 281792 ns, At safepoint: 201375 ns, Total: 483167 ns
[2022-09-04T00:58:57.094+0000][1][safepoint    ] Safepoint "RevokeBias", Time since last: 2235125 ns, Reaching safepoint: 378708 ns, At safepoint: 161417 ns, Total: 540125 ns
[2022-09-04T00:58:57.100+0000][1][safepoint    ] Safepoint "RevokeBias", Time since last: 4677125 ns, Reaching safepoint: 409125 ns, At safepoint: 229166 ns, Total: 638291 ns
[2022-09-04T00:58:57.102+0000][1][safepoint    ] Safepoint "RevokeBias", Time since last: 1918625 ns, Reaching safepoint: 706542 ns, At safepoint: 168167 ns, Total: 874709 ns
[2022-09-04T00:58:57.106+0000][1][safepoint    ] Safepoint "RevokeBias", Time since last: 2519125 ns, Reaching safepoint: 269625 ns, At safepoint: 371791 ns, Total: 641416 ns
[2022-09-04T00:58:57.110+0000][1][safepoint    ] Safepoint "RevokeBias", Time since last: 3575709 ns, Reaching safepoint: 238583 ns, At safepoint: 263833 ns, Total: 502416 ns
[2022-09-04T00:58:57.111+0000][1][safepoint    ] Safepoint "RevokeBias", Time since last: 1214500 ns, Reaching safepoint: 148500 ns, At safepoint: 357375 ns, Total: 505875 ns
[2022-09-04T00:58:57.113+0000][1][safepoint    ] Safepoint "RevokeBias", Time since last: 1104459 ns, Reaching safepoint: 153625 ns, At safepoint: 335250 ns, Total: 488875 ns
[2022-09-04T00:58:57.115+0000][1][safepoint    ] Safepoint "RevokeBias", Time since last: 1316958 ns, Reaching safepoint: 491208 ns, At safepoint: 270042 ns, Total: 761250 ns
[2022-09-04T00:58:57.118+0000][1][safepoint    ] Safepoint "RevokeBias", Time since last: 2046250 ns, Reaching safepoint: 418167 ns, At safepoint: 224875 ns, Total: 643042 ns
[2022-09-04T00:58:57.120+0000][1][safepoint    ] Safepoint "RevokeBias", Time since last: 1700416 ns, Reaching safepoint: 255750 ns, At safepoint: 178375 ns, Total: 434125 ns
[2022-09-04T00:58:57.123+0000][1][safepoint    ] Safepoint "RevokeBias", Time since last: 2548792 ns, Reaching safepoint: 429083 ns, At safepoint: 196209 ns, Total: 625292 ns
[2022-09-04T00:58:57.128+0000][1][safepoint    ] Safepoint "RevokeBias", Time since last: 1197625 ns, Reaching safepoint: 3329291 ns, At safepoint: 198917 ns, Total: 3528208 ns
[2022-09-04T00:58:57.134+0000][1][safepoint    ] Safepoint "RevokeBias", Time since last: 5367667 ns, Reaching safepoint: 683750 ns, At safepoint: 193125 ns, Total: 876875 ns
[2022-09-04T00:58:57.137+0000][1][safepoint    ] Safepoint "RevokeBias", Time since last: 1506333 ns, Reaching safepoint: 1073333 ns, At safepoint: 205334 ns, Total: 1278667 ns
[2022-09-04T00:58:57.140+0000][1][safepoint    ] Safepoint "RevokeBias", Time since last: 2806833 ns, Reaching safepoint: 452833 ns, At safepoint: 250042 ns, Total: 702875 ns
[2022-09-04T00:58:57.145+0000][1][safepoint    ] Safepoint "RevokeBias", Time since last: 1718958 ns, Reaching safepoint: 2286167 ns, At safepoint: 221709 ns, Total: 2507876 ns
[2022-09-04T00:58:57.148+0000][1][safepoint    ] Safepoint "RevokeBias", Time since last: 2692208 ns, Reaching safepoint: 671542 ns, At safepoint: 268000 ns, Total: 939542 ns
[2022-09-04T00:58:57.152+0000][1][safepoint    ] Safepoint "RevokeBias", Time since last: 2829833 ns, Reaching safepoint: 481833 ns, At safepoint: 296834 ns, Total: 778667 ns
[2022-09-04T00:58:57.156+0000][1][safepoint    ] Safepoint "BulkRevokeBias", Time since last: 3381208 ns, Reaching safepoint: 285750 ns, At safepoint: 665083 ns, Total: 950833 ns
[2022-09-04T00:58:57.160+0000][1][safepoint    ] Safepoint "BulkRevokeBias", Time since last: 2960334 ns, Reaching safepoint: 690625 ns, At safepoint: 374125 ns, Total: 1064750 ns
[2022-09-04T00:58:57.469+0000][1][safepoint    ] Safepoint "RevokeBias", Time since last: 308022666 ns, Reaching safepoint: 885792 ns, At safepoint: 75667 ns, Total: 961459 ns
[2022-09-04T00:58:57.480+0000][1][safepoint    ] Safepoint "RevokeBias", Time since last: 10853333 ns, Reaching safepoint: 210125 ns, At safepoint: 62333 ns, Total: 272458 ns
[2022-09-04T00:58:57.695+0000][1][safepoint    ] Safepoint "Deoptimize", Time since last: 213226917 ns, Reaching safepoint: 479208 ns, At safepoint: 1199084 ns, Total: 1678292 ns
[2022-09-04T00:58:57.762+0000][1][safepoint    ] Safepoint "Deoptimize", Time since last: 66006291 ns, Reaching safepoint: 268875 ns, At safepoint: 828500 ns, Total: 1097375 ns
[2022-09-04T00:58:57.767+0000][1][safepoint    ] Safepoint "Deoptimize", Time since last: 3965917 ns, Reaching safepoint: 90667 ns, At safepoint: 747041 ns, Total: 837708 ns
[2022-09-04T00:58:58.308+0000][1][safepoint    ] Safepoint "Deoptimize", Time since last: 539454667 ns, Reaching safepoint: 855292 ns, At safepoint: 969125 ns, Total: 1824417 ns
[2022-09-04T00:58:59.311+0000][1][safepoint    ] Safepoint "Cleanup", Time since last: 1001831209 ns, Reaching safepoint: 1144792 ns, At safepoint: 67208 ns, Total: 1212000 ns
[2022-09-04T00:58:59.865+0000][1][gc,start     ] GC(1) Pause Young (Allocation Failure)
[2022-09-04T00:58:59.866+0000][1][gc,task      ] GC(1) Using 4 workers of 4 for evacuation
[2022-09-04T00:59:00.016+0000][1][gc,age       ] GC(1) Desired survivor size 8945664 bytes, new threshold 6 (max threshold 6)
[2022-09-04T00:59:00.017+0000][1][gc,age       ] GC(1) Age table with threshold 6 (max threshold 6)
[2022-09-04T00:59:00.018+0000][1][gc,age       ] GC(1) - age   1:    2407776 bytes,    2407776 total
[2022-09-04T00:59:00.020+0000][1][gc,heap      ] GC(1) ParNew: 149436K->5300K(157248K)
[2022-09-04T00:59:00.021+0000][1][gc,heap      ] GC(1) CMS: 0K->10275K(349568K)
[2022-09-04T00:59:00.023+0000][1][gc,metaspace ] GC(1) Metaspace: 19390K->19390K(1067008K)
[2022-09-04T00:59:00.026+0000][1][gc           ] GC(1) Pause Young (Allocation Failure) 145M->15M(494M) 161.182ms
[2022-09-04T00:59:00.028+0000][1][gc,cpu       ] GC(1) User=0.49s Sys=0.05s Real=0.16s
[2022-09-04T00:59:00.029+0000][1][safepoint    ] Safepoint "GenCollectForAllocation", Time since last: 552464042 ns, Reaching safepoint: 537375 ns, At safepoint: 164493750 ns, Total: 165031125 ns
[2022-09-04T00:59:00.046+0000][1][safepoint    ] Safepoint "RevokeBias", Time since last: 13441083 ns, Reaching safepoint: 1497709 ns, At safepoint: 2388333 ns, Total: 3886042 ns
[2022-09-04T00:59:00.052+0000][1][safepoint    ] Safepoint "RevokeBias", Time since last: 3321792 ns, Reaching safepoint: 2487333 ns, At safepoint: 179583 ns, Total: 2666916 ns
[2022-09-04T00:59:00.061+0000][1][safepoint    ] Safepoint "RevokeBias", Time since last: 3603959 ns, Reaching safepoint: 4513250 ns, At safepoint: 190916 ns, Total: 4704166 ns
[2022-09-04T00:59:00.063+0000][1][safepoint    ] Safepoint "RevokeBias", Time since last: 1650667 ns, Reaching safepoint: 748375 ns, At safepoint: 171542 ns, Total: 919917 ns
[2022-09-04T00:59:00.068+0000][1][safepoint    ] Safepoint "RevokeBias", Time since last: 1563416 ns, Reaching safepoint: 3280584 ns, At safepoint: 173416 ns, Total: 3454000 ns
[2022-09-04T00:59:00.070+0000][1][safepoint    ] Safepoint "RevokeBias", Time since last: 1156042 ns, Reaching safepoint: 261000 ns, At safepoint: 210000 ns, Total: 471000 ns
[2022-09-04T00:59:00.073+0000][1][safepoint    ] Safepoint "RevokeBias", Time since last: 2213542 ns, Reaching safepoint: 703041 ns, At safepoint: 258667 ns, Total: 961708 ns
[2022-09-04T00:59:00.076+0000][1][safepoint    ] Safepoint "RevokeBias", Time since last: 2356208 ns, Reaching safepoint: 587250 ns, At safepoint: 161375 ns, Total: 748625 ns
[2022-09-04T00:59:00.079+0000][1][safepoint    ] Safepoint "RevokeBias", Time since last: 2494500 ns, Reaching safepoint: 585209 ns, At safepoint: 146083 ns, Total: 731292 ns
[2022-09-04T00:59:00.082+0000][1][safepoint    ] Safepoint "RevokeBias", Time since last: 1420833 ns, Reaching safepoint: 670875 ns, At safepoint: 135709 ns, Total: 806584 ns
[2022-09-04T00:59:00.084+0000][1][safepoint    ] Safepoint "RevokeBias", Time since last: 2130750 ns, Reaching safepoint: 555208 ns, At safepoint: 141958 ns, Total: 697166 ns
[2022-09-04T00:59:00.087+0000][1][safepoint    ] Safepoint "RevokeBias", Time since last: 1512125 ns, Reaching safepoint: 809292 ns, At safepoint: 234458 ns, Total: 1043750 ns
[2022-09-04T00:59:00.095+0000][1][safepoint    ] Safepoint "RevokeBias", Time since last: 7354709 ns, Reaching safepoint: 337041 ns, At safepoint: 460292 ns, Total: 797333 ns
[2022-09-04T00:59:00.103+0000][1][safepoint    ] Safepoint "RevokeBias", Time since last: 7071917 ns, Reaching safepoint: 461583 ns, At safepoint: 908500 ns, Total: 1370083 ns
[2022-09-04T00:59:00.106+0000][1][safepoint    ] Safepoint "RevokeBias", Time since last: 2384708 ns, Reaching safepoint: 356584 ns, At safepoint: 215291 ns, Total: 571875 ns
[2022-09-04T00:59:00.109+0000][1][safepoint    ] Safepoint "RevokeBias", Time since last: 1993042 ns, Reaching safepoint: 415167 ns, At safepoint: 214291 ns, Total: 629458 ns
[2022-09-04T00:59:00.112+0000][1][safepoint    ] Safepoint "RevokeBias", Time since last: 2711709 ns, Reaching safepoint: 321166 ns, At safepoint: 246084 ns, Total: 567250 ns
[2022-09-04T00:59:00.816+0000][1][safepoint    ] Safepoint "RevokeBias", Time since last: 702541583 ns, Reaching safepoint: 746334 ns, At safepoint: 79750 ns, Total: 826084 ns
[2022-09-04T00:59:00.998+0000][1][safepoint    ] Safepoint "RevokeBias", Time since last: 181353541 ns, Reaching safepoint: 683584 ns, At safepoint: 78583 ns, Total: 762167 ns
[2022-09-04T00:59:02.072+0000][1][safepoint    ] Safepoint "CollectForMetadataAllocation", Time since last: 1072713126 ns, Reaching safepoint: 758166 ns, At safepoint: 545750 ns, Total: 1303916 ns
[2022-09-04T00:59:02.095+0000][1][safepoint    ] Safepoint "Deoptimize", Time since last: 22252292 ns, Reaching safepoint: 402458 ns, At safepoint: 953834 ns, Total: 1356292 ns
[2022-09-04T00:59:02.365+0000][1][safepoint    ] Safepoint "Deoptimize", Time since last: 268261750 ns, Reaching safepoint: 480375 ns, At safepoint: 1085708 ns, Total: 1566083 ns
[2022-09-04T00:59:02.465+0000][1][gc,start     ] GC(2) Pause Young (Allocation Failure)
[2022-09-04T00:59:02.468+0000][1][gc,task      ] GC(2) Using 4 workers of 4 for evacuation
[2022-09-04T00:59:02.498+0000][1][gc,age       ] GC(2) Desired survivor size 8945664 bytes, new threshold 6 (max threshold 6)
[2022-09-04T00:59:02.500+0000][1][gc,age       ] GC(2) Age table with threshold 6 (max threshold 6)
[2022-09-04T00:59:02.501+0000][1][gc,age       ] GC(2) - age   1:    3682768 bytes,    3682768 total
[2022-09-04T00:59:02.502+0000][1][gc,age       ] GC(2) - age   2:    1835808 bytes,    5518576 total
[2022-09-04T00:59:02.504+0000][1][gc,heap      ] GC(2) ParNew: 145076K->6780K(157248K)
[2022-09-04T00:59:02.505+0000][1][gc,heap      ] GC(2) CMS: 10275K->10275K(349568K)
[2022-09-04T00:59:02.506+0000][1][gc,metaspace ] GC(2) Metaspace: 20456K->20456K(1069056K)
[2022-09-04T00:59:02.508+0000][1][gc           ] GC(2) Pause Young (Allocation Failure) 151M->16M(494M) 42.340ms
[2022-09-04T00:59:02.509+0000][1][gc,cpu       ] GC(2) User=0.11s Sys=0.01s Real=0.05s
[2022-09-04T00:59:02.510+0000][1][safepoint    ] Safepoint "GenCollectForAllocation", Time since last: 99422333 ns, Reaching safepoint: 557917 ns, At safepoint: 44877667 ns, Total: 45435584 ns
[2022-09-04T00:59:02.514+0000][1][gc,start     ] GC(3) Pause Initial Mark
[2022-09-04T00:59:02.530+0000][1][gc           ] GC(3) Pause Initial Mark 19M->19M(494M) 16.398ms
[2022-09-04T00:59:02.532+0000][1][gc,cpu       ] GC(3) User=0.06s Sys=0.00s Real=0.02s
[2022-09-04T00:59:02.533+0000][1][safepoint    ] Safepoint "CMS_Initial_Mark", Time since last: 3023791 ns, Reaching safepoint: 279375 ns, At safepoint: 19941709 ns, Total: 20221084 ns
[2022-09-04T00:59:02.538+0000][1][gc           ] GC(3) Concurrent Mark
[2022-09-04T00:59:02.545+0000][1][safepoint    ] Safepoint "RevokeBias", Time since last: 9889791 ns, Reaching safepoint: 1015875 ns, At safepoint: 888042 ns, Total: 1903917 ns
[2022-09-04T00:59:02.550+0000][1][safepoint    ] Safepoint "RevokeBias", Time since last: 2828708 ns, Reaching safepoint: 1860500 ns, At safepoint: 277167 ns, Total: 2137667 ns
[2022-09-04T00:59:02.558+0000][1][safepoint    ] Safepoint "RevokeBias", Time since last: 3791417 ns, Reaching safepoint: 2740208 ns, At safepoint: 830333 ns, Total: 3570541 ns
[2022-09-04T00:59:02.562+0000][1][safepoint    ] Safepoint "RevokeBias", Time since last: 1873250 ns, Reaching safepoint: 1022125 ns, At safepoint: 1104042 ns, Total: 2126167 ns
[2022-09-04T00:59:02.566+0000][1][safepoint    ] Safepoint "RevokeBias", Time since last: 3572458 ns, Reaching safepoint: 393000 ns, At safepoint: 762959 ns, Total: 1155959 ns
[2022-09-04T00:59:02.570+0000][1][safepoint    ] Safepoint "RevokeBias", Time since last: 1953083 ns, Reaching safepoint: 415583 ns, At safepoint: 934334 ns, Total: 1349917 ns
[2022-09-04T00:59:02.574+0000][1][safepoint    ] Safepoint "RevokeBias", Time since last: 2897750 ns, Reaching safepoint: 704041 ns, At safepoint: 374000 ns, Total: 1078041 ns
[2022-09-04T00:59:02.576+0000][1][safepoint    ] Safepoint "RevokeBias", Time since last: 1626375 ns, Reaching safepoint: 788500 ns, At safepoint: 227000 ns, Total: 1015500 ns
[2022-09-04T00:59:02.579+0000][1][safepoint    ] Safepoint "RevokeBias", Time since last: 2351125 ns, Reaching safepoint: 600125 ns, At safepoint: 194000 ns, Total: 794125 ns
[2022-09-04T00:59:02.582+0000][1][safepoint    ] Safepoint "RevokeBias", Time since last: 2084584 ns, Reaching safepoint: 681583 ns, At safepoint: 230667 ns, Total: 912250 ns
[2022-09-04T00:59:02.587+0000][1][safepoint    ] Safepoint "RevokeBias", Time since last: 3743125 ns, Reaching safepoint: 452208 ns, At safepoint: 418542 ns, Total: 870750 ns
[2022-09-04T00:59:02.589+0000][1][safepoint    ] Safepoint "RevokeBias", Time since last: 1554750 ns, Reaching safepoint: 535625 ns, At safepoint: 213583 ns, Total: 749208 ns
[2022-09-04T00:59:02.592+0000][1][safepoint    ] Safepoint "RevokeBias", Time since last: 2006625 ns, Reaching safepoint: 667000 ns, At safepoint: 168417 ns, Total: 835417 ns
[2022-09-04T00:59:02.594+0000][1][safepoint    ] Safepoint "RevokeBias", Time since last: 1775833 ns, Reaching safepoint: 347167 ns, At safepoint: 159125 ns, Total: 506292 ns
[2022-09-04T00:59:02.597+0000][1][safepoint    ] Safepoint "RevokeBias", Time since last: 1623000 ns, Reaching safepoint: 378958 ns, At safepoint: 173125 ns, Total: 552083 ns
[2022-09-04T00:59:02.605+0000][1][safepoint    ] Safepoint "RevokeBias", Time since last: 8024625 ns, Reaching safepoint: 495250 ns, At safepoint: 331750 ns, Total: 827000 ns
[2022-09-04T00:59:02.608+0000][1][safepoint    ] Safepoint "RevokeBias", Time since last: 1912417 ns, Reaching safepoint: 285041 ns, At safepoint: 120750 ns, Total: 405791 ns
[2022-09-04T00:59:02.611+0000][1][safepoint    ] Safepoint "RevokeBias", Time since last: 2570959 ns, Reaching safepoint: 327125 ns, At safepoint: 131541 ns, Total: 458666 ns
[2022-09-04T00:59:02.613+0000][1][safepoint    ] Safepoint "RevokeBias", Time since last: 1844750 ns, Reaching safepoint: 520292 ns, At safepoint: 137792 ns, Total: 658084 ns
[2022-09-04T00:59:02.667+0000][1][gc           ] GC(3) Concurrent Mark 128.380ms
[2022-09-04T00:59:02.668+0000][1][gc,cpu       ] GC(3) User=0.41s Sys=0.04s Real=0.13s
[2022-09-04T00:59:02.670+0000][1][gc           ] GC(3) Concurrent Preclean
[2022-09-04T00:59:02.688+0000][1][gc           ] GC(3) Concurrent Preclean 17.916ms
[2022-09-04T00:59:02.690+0000][1][gc,cpu       ] GC(3) User=0.06s Sys=0.01s Real=0.02s
[2022-09-04T00:59:02.692+0000][1][gc           ] GC(3) Concurrent Abortable Preclean
[2022-09-04T00:59:03.649+0000][1][safepoint    ] Safepoint "Cleanup", Time since last: 1014384084 ns, Reaching safepoint: 18292458 ns, At safepoint: 2173208 ns, Total: 20465666 ns
[2022-09-04T00:59:03.978+0000][1][safepoint    ] Safepoint "CollectForMetadataAllocation", Time since last: 325960542 ns, Reaching safepoint: 1987000 ns, At safepoint: 2222750 ns, Total: 4209750 ns
[2022-09-04T00:59:04.338+0000][1][gc           ] GC(3) Concurrent Abortable Preclean 1645.064ms
[2022-09-04T00:59:04.342+0000][1][gc,cpu       ] GC(3) User=4.00s Sys=0.62s Real=1.65s
[2022-09-04T00:59:04.345+0000][1][gc,start     ] GC(3) Pause Remark
[2022-09-04T00:59:04.513+0000][1][gc           ] GC(3) Pause Remark 121M->121M(494M) 167.608ms
[2022-09-04T00:59:04.514+0000][1][gc,cpu       ] GC(3) User=0.50s Sys=0.02s Real=0.17s
[2022-09-04T00:59:04.516+0000][1][safepoint    ] Safepoint "CMS_Final_Remark", Time since last: 365377500 ns, Reaching safepoint: 862209 ns, At safepoint: 171667708 ns, Total: 172529917 ns
[2022-09-04T00:59:04.520+0000][1][gc           ] GC(3) Concurrent Sweep
[2022-09-04T00:59:04.557+0000][1][gc           ] GC(3) Concurrent Sweep 37.112ms
[2022-09-04T00:59:04.559+0000][1][gc,cpu       ] GC(3) User=0.11s Sys=0.02s Real=0.04s
[2022-09-04T00:59:04.562+0000][1][gc           ] GC(3) Concurrent Reset
[2022-09-04T00:59:04.566+0000][1][gc           ] GC(3) Concurrent Reset 3.649ms
[2022-09-04T00:59:04.567+0000][1][gc,cpu       ] GC(3) User=0.01s Sys=0.01s Real=0.00s
[2022-09-04T00:59:04.572+0000][1][gc,heap      ] GC(3) Old: 10275K->10269K(349568K)
[2022-09-04T00:59:05.156+0000][1][gc,start     ] GC(4) Pause Young (Allocation Failure)
[2022-09-04T00:59:05.161+0000][1][gc,task      ] GC(4) Using 4 workers of 4 for evacuation
[2022-09-04T00:59:05.199+0000][1][gc,age       ] GC(4) Desired survivor size 8945664 bytes, new threshold 6 (max threshold 6)
[2022-09-04T00:59:05.201+0000][1][gc,age       ] GC(4) Age table with threshold 6 (max threshold 6)
[2022-09-04T00:59:05.203+0000][1][gc,age       ] GC(4) - age   1:    1579640 bytes,    1579640 total
[2022-09-04T00:59:05.204+0000][1][gc,age       ] GC(4) - age   2:    3148120 bytes,    4727760 total
[2022-09-04T00:59:05.206+0000][1][gc,age       ] GC(4) - age   3:    1835472 bytes,    6563232 total
[2022-09-04T00:59:05.208+0000][1][gc,heap      ] GC(4) ParNew: 146556K->7810K(157248K)
[2022-09-04T00:59:05.209+0000][1][gc,heap      ] GC(4) CMS: 10269K->10269K(349568K)
[2022-09-04T00:59:05.210+0000][1][gc,metaspace ] GC(4) Metaspace: 20717K->20717K(1069056K)
[2022-09-04T00:59:05.212+0000][1][gc           ] GC(4) Pause Young (Allocation Failure) 153M->17M(494M) 56.218ms
[2022-09-04T00:59:05.213+0000][1][gc,cpu       ] GC(4) User=0.15s Sys=0.01s Real=0.06s
[2022-09-04T00:59:05.220+0000][1][safepoint    ] Safepoint "GenCollectForAllocation", Time since last: 636718625 ns, Reaching safepoint: 2824417 ns, At safepoint: 64154000 ns, Total: 66978417 ns
[2022-09-04T00:59:05.230+0000][1][safepoint    ] Safepoint "RevokeBias", Time since last: 7329958 ns, Reaching safepoint: 2432042 ns, At safepoint: 589042 ns, Total: 3021084 ns
[2022-09-04T00:59:05.233+0000][1][safepoint    ] Safepoint "RevokeBias", Time since last: 2053541 ns, Reaching safepoint: 609500 ns, At safepoint: 267000 ns, Total: 876500 ns
[2022-09-04T00:59:05.238+0000][1][safepoint    ] Safepoint "RevokeBias", Time since last: 4224167 ns, Reaching safepoint: 497875 ns, At safepoint: 330125 ns, Total: 828000 ns
[2022-09-04T00:59:05.241+0000][1][safepoint    ] Safepoint "RevokeBias", Time since last: 1758417 ns, Reaching safepoint: 747875 ns, At safepoint: 194291 ns, Total: 942166 ns
[2022-09-04T00:59:05.245+0000][1][safepoint    ] Safepoint "RevokeBias", Time since last: 3052334 ns, Reaching safepoint: 465916 ns, At safepoint: 204000 ns, Total: 669916 ns
[2022-09-04T00:59:05.247+0000][1][safepoint    ] Safepoint "RevokeBias", Time since last: 1773042 ns, Reaching safepoint: 601958 ns, At safepoint: 187334 ns, Total: 789292 ns
[2022-09-04T00:59:05.251+0000][1][safepoint    ] Safepoint "RevokeBias", Time since last: 3069875 ns, Reaching safepoint: 426875 ns, At safepoint: 221708 ns, Total: 648583 ns
[2022-09-04T00:59:05.255+0000][1][safepoint    ] Safepoint "RevokeBias", Time since last: 3113000 ns, Reaching safepoint: 611875 ns, At safepoint: 273167 ns, Total: 885042 ns
[2022-09-04T00:59:06.258+0000][1][safepoint    ] Safepoint "Cleanup", Time since last: 1002322125 ns, Reaching safepoint: 723209 ns, At safepoint: 58000 ns, Total: 781209 ns
[2022-09-04T00:59:06.698+0000][1][gc,start     ] GC(5) Pause Young (Allocation Failure)
[2022-09-04T00:59:06.700+0000][1][gc,task      ] GC(5) Using 4 workers of 4 for evacuation
[2022-09-04T00:59:06.735+0000][1][gc,age       ] GC(5) Desired survivor size 8945664 bytes, new threshold 6 (max threshold 6)
[2022-09-04T00:59:06.737+0000][1][gc,age       ] GC(5) Age table with threshold 6 (max threshold 6)
[2022-09-04T00:59:06.738+0000][1][gc,age       ] GC(5) - age   1:     966856 bytes,     966856 total
[2022-09-04T00:59:06.739+0000][1][gc,age       ] GC(5) - age   2:     952720 bytes,    1919576 total
[2022-09-04T00:59:06.740+0000][1][gc,age       ] GC(5) - age   3:    3148016 bytes,    5067592 total
[2022-09-04T00:59:06.742+0000][1][gc,age       ] GC(5) - age   4:    1835472 bytes,    6903064 total
[2022-09-04T00:59:06.744+0000][1][gc,heap      ] GC(5) ParNew: 147586K->8884K(157248K)
[2022-09-04T00:59:06.745+0000][1][gc,heap      ] GC(5) CMS: 10269K->10269K(349568K)
[2022-09-04T00:59:06.746+0000][1][gc,metaspace ] GC(5) Metaspace: 21706K->21706K(1069056K)
[2022-09-04T00:59:06.748+0000][1][gc           ] GC(5) Pause Young (Allocation Failure) 154M->18M(494M) 49.431ms
[2022-09-04T00:59:06.749+0000][1][gc,cpu       ] GC(5) User=0.16s Sys=0.00s Real=0.05s
[2022-09-04T00:59:06.750+0000][1][safepoint    ] Safepoint "GenCollectForAllocation", Time since last: 439448375 ns, Reaching safepoint: 635958 ns, At safepoint: 51653292 ns, Total: 52289250 ns
[2022-09-04T00:59:06.755+0000][1][safepoint    ] Safepoint "RevokeBias", Time since last: 4775833 ns, Reaching safepoint: 467000 ns, At safepoint: 332667 ns, Total: 799667 ns
[2022-09-04T00:59:06.761+0000][1][safepoint    ] Safepoint "RevokeBias", Time since last: 2312625 ns, Reaching safepoint: 632125 ns, At safepoint: 2647083 ns, Total: 3279208 ns
[2022-09-04T00:59:06.770+0000][1][safepoint    ] Safepoint "BulkRevokeBias", Time since last: 4351917 ns, Reaching safepoint: 3680750 ns, At safepoint: 1063875 ns, Total: 4744625 ns
[2022-09-04T00:59:06.772+0000][1][safepoint    ] Safepoint "BulkRevokeBias", Time since last: 1373666 ns, Reaching safepoint: 643125 ns, At safepoint: 384584 ns, Total: 1027709 ns
[2022-09-04T00:59:07.774+0000][1][safepoint    ] Safepoint "Cleanup", Time since last: 1001103584 ns, Reaching safepoint: 602583 ns, At safepoint: 30500 ns, Total: 633083 ns
[2022-09-04T00:59:07.807+0000][1][gc,start     ] GC(6) Pause Young (Allocation Failure)
[2022-09-04T00:59:07.809+0000][1][gc,task      ] GC(6) Using 4 workers of 4 for evacuation
[2022-09-04T00:59:07.848+0000][1][gc,age       ] GC(6) Desired survivor size 8945664 bytes, new threshold 6 (max threshold 6)
[2022-09-04T00:59:07.850+0000][1][gc,age       ] GC(6) Age table with threshold 6 (max threshold 6)
[2022-09-04T00:59:07.851+0000][1][gc,age       ] GC(6) - age   1:    1048616 bytes,    1048616 total
[2022-09-04T00:59:07.852+0000][1][gc,age       ] GC(6) - age   2:     914936 bytes,    1963552 total
[2022-09-04T00:59:07.853+0000][1][gc,age       ] GC(6) - age   3:     952432 bytes,    2915984 total
[2022-09-04T00:59:07.854+0000][1][gc,age       ] GC(6) - age   4:    3146888 bytes,    6062872 total
[2022-09-04T00:59:07.855+0000][1][gc,age       ] GC(6) - age   5:    1835136 bytes,    7898008 total
[2022-09-04T00:59:07.856+0000][1][gc,heap      ] GC(6) ParNew: 148660K->9804K(157248K)
[2022-09-04T00:59:07.857+0000][1][gc,heap      ] GC(6) CMS: 10269K->10269K(349568K)
[2022-09-04T00:59:07.858+0000][1][gc,metaspace ] GC(6) Metaspace: 21837K->21837K(1069056K)
[2022-09-04T00:59:07.859+0000][1][gc           ] GC(6) Pause Young (Allocation Failure) 155M->19M(494M) 52.129ms
[2022-09-04T00:59:07.860+0000][1][gc,cpu       ] GC(6) User=0.09s Sys=0.00s Real=0.06s
[2022-09-04T00:59:07.861+0000][1][safepoint    ] Safepoint "GenCollectForAllocation", Time since last: 31889208 ns, Reaching safepoint: 1159584 ns, At safepoint: 54315791 ns, Total: 55475375 ns
[2022-09-04T00:59:08.167+0000][1][safepoint    ] Safepoint "RevokeBias", Time since last: 305067125 ns, Reaching safepoint: 465167 ns, At safepoint: 113167 ns, Total: 578334 ns
[2022-09-04T00:59:08.170+0000][1][safepoint    ] Safepoint "RevokeBias", Time since last: 2464000 ns, Reaching safepoint: 192500 ns, At safepoint: 62250 ns, Total: 254750 ns
[2022-09-04T00:59:08.172+0000][1][safepoint    ] Safepoint "RevokeBias", Time since last: 1664375 ns, Reaching safepoint: 146791 ns, At safepoint: 90542 ns, Total: 237333 ns
[2022-09-04T00:59:09.093+0000][1][gc,start     ] GC(7) Pause Young (Allocation Failure)
[2022-09-04T00:59:09.095+0000][1][gc,task      ] GC(7) Using 4 workers of 4 for evacuation
[2022-09-04T00:59:09.140+0000][1][gc,age       ] GC(7) Desired survivor size 8945664 bytes, new threshold 6 (max threshold 6)
[2022-09-04T00:59:09.142+0000][1][gc,age       ] GC(7) Age table with threshold 6 (max threshold 6)
[2022-09-04T00:59:09.143+0000][1][gc,age       ] GC(7) - age   1:     871984 bytes,     871984 total
[2022-09-04T00:59:09.145+0000][1][gc,age       ] GC(7) - age   2:     367856 bytes,    1239840 total
[2022-09-04T00:59:09.146+0000][1][gc,age       ] GC(7) - age   3:     914936 bytes,    2154776 total
[2022-09-04T00:59:09.148+0000][1][gc,age       ] GC(7) - age   4:     952152 bytes,    3106928 total
[2022-09-04T00:59:09.149+0000][1][gc,age       ] GC(7) - age   5:    3146888 bytes,    6253816 total
[2022-09-04T00:59:09.150+0000][1][gc,age       ] GC(7) - age   6:    1835184 bytes,    8089000 total
[2022-09-04T00:59:09.151+0000][1][gc,heap      ] GC(7) ParNew: 149580K->11128K(157248K)
[2022-09-04T00:59:09.153+0000][1][gc,heap      ] GC(7) CMS: 10269K->10269K(349568K)
[2022-09-04T00:59:09.154+0000][1][gc,metaspace ] GC(7) Metaspace: 22051K->22051K(1069056K)
[2022-09-04T00:59:09.155+0000][1][gc           ] GC(7) Pause Young (Allocation Failure) 156M->20M(494M) 62.461ms
[2022-09-04T00:59:09.156+0000][1][gc,cpu       ] GC(7) User=0.11s Sys=0.00s Real=0.06s
[2022-09-04T00:59:09.158+0000][1][safepoint    ] Safepoint "GenCollectForAllocation", Time since last: 919797042 ns, Reaching safepoint: 1262542 ns, At safepoint: 64793042 ns, Total: 66055584 ns
[2022-09-04T00:59:10.160+0000][1][safepoint    ] Safepoint "Cleanup", Time since last: 1001420125 ns, Reaching safepoint: 821458 ns, At safepoint: 81334 ns, Total: 902792 ns
[2022-09-04T00:59:11.165+0000][1][safepoint    ] Safepoint "Cleanup", Time since last: 1002061417 ns, Reaching safepoint: 2651708 ns, At safepoint: 68709 ns, Total: 2720417 ns
[2022-09-04T00:59:11.455+0000][1][safepoint    ] Safepoint "RevokeBias", Time since last: 289785125 ns, Reaching safepoint: 626500 ns, At safepoint: 105708 ns, Total: 732208 ns
[2022-09-04T00:59:11.459+0000][1][safepoint    ] Safepoint "BulkRevokeBias", Time since last: 3289375 ns, Reaching safepoint: 157208 ns, At safepoint: 593667 ns, Total: 750875 ns
[2022-09-04T00:59:12.009+0000][1][gc,start     ] GC(8) Pause Young (Allocation Failure)
[2022-09-04T00:59:12.011+0000][1][gc,task      ] GC(8) Using 4 workers of 4 for evacuation
[2022-09-04T00:59:12.052+0000][1][gc,age       ] GC(8) Desired survivor size 8945664 bytes, new threshold 6 (max threshold 6)
[2022-09-04T00:59:12.054+0000][1][gc,age       ] GC(8) Age table with threshold 6 (max threshold 6)
[2022-09-04T00:59:12.056+0000][1][gc,age       ] GC(8) - age   1:    1779360 bytes,    1779360 total
[2022-09-04T00:59:12.056+0000][1][gc,age       ] GC(8) - age   2:     428824 bytes,    2208184 total
[2022-09-04T00:59:12.058+0000][1][gc,age       ] GC(8) - age   3:     366992 bytes,    2575176 total
[2022-09-04T00:59:12.059+0000][1][gc,age       ] GC(8) - age   4:     906384 bytes,    3481560 total
[2022-09-04T00:59:12.060+0000][1][gc,age       ] GC(8) - age   5:     950120 bytes,    4431680 total
[2022-09-04T00:59:12.061+0000][1][gc,age       ] GC(8) - age   6:    3136016 bytes,    7567696 total
[2022-09-04T00:59:12.062+0000][1][gc,heap      ] GC(8) ParNew: 150904K->11668K(157248K)
[2022-09-04T00:59:12.064+0000][1][gc,heap      ] GC(8) CMS: 10269K->12084K(349568K)
[2022-09-04T00:59:12.065+0000][1][gc,metaspace ] GC(8) Metaspace: 26612K->26612K(1075200K)
[2022-09-04T00:59:12.067+0000][1][gc           ] GC(8) Pause Young (Allocation Failure) 157M->23M(494M) 57.268ms
[2022-09-04T00:59:12.067+0000][1][gc,cpu       ] GC(8) User=0.14s Sys=0.00s Real=0.05s
[2022-09-04T00:59:12.069+0000][1][safepoint    ] Safepoint "GenCollectForAllocation", Time since last: 549258959 ns, Reaching safepoint: 846375 ns, At safepoint: 59199500 ns, Total: 60045875 ns
[2022-09-04T00:59:12.318+0000][1][safepoint    ] Safepoint "Deoptimize", Time since last: 247572041 ns, Reaching safepoint: 302042 ns, At safepoint: 1592417 ns, Total: 1894459 ns
[2022-09-04T00:59:12.387+0000][1][safepoint    ] Safepoint "Deoptimize", Time since last: 67802416 ns, Reaching safepoint: 279042 ns, At safepoint: 964000 ns, Total: 1243042 ns
[2022-09-04T00:59:13.389+0000][1][safepoint    ] Safepoint "Cleanup", Time since last: 1001508251 ns, Reaching safepoint: 851583 ns, At safepoint: 15375 ns, Total: 866958 ns
[2022-09-04T00:59:14.392+0000][1][safepoint    ] Safepoint "Cleanup", Time since last: 1001809584 ns, Reaching safepoint: 1007666 ns, At safepoint: 46167 ns, Total: 1053833 ns
[2022-09-04T00:59:15.395+0000][1][safepoint    ] Safepoint "Cleanup", Time since last: 1001995084 ns, Reaching safepoint: 771792 ns, At safepoint: 43208 ns, Total: 815000 ns
[2022-09-04T00:59:16.406+0000][1][safepoint    ] Safepoint "Cleanup", Time since last: 1010728375 ns, Reaching safepoint: 538792 ns, At safepoint: 30167 ns, Total: 568959 ns
[2022-09-04T00:59:17.409+0000][1][safepoint    ] Safepoint "Cleanup", Time since last: 1001933625 ns, Reaching safepoint: 759917 ns, At safepoint: 22833 ns, Total: 782750 ns
[2022-09-04T00:59:19.411+0000][1][safepoint    ] Safepoint "Cleanup", Time since last: 2001540959 ns, Reaching safepoint: 436459 ns, At safepoint: 25291 ns, Total: 461750 ns
[2022-09-04T00:59:20.187+0000][1][gc,start     ] GC(9) Pause Young (Allocation Failure)
[2022-09-04T00:59:20.189+0000][1][gc,task      ] GC(9) Using 4 workers of 4 for evacuation
[2022-09-04T00:59:20.371+0000][1][gc,age       ] GC(9) Desired survivor size 8945664 bytes, new threshold 1 (max threshold 6)
[2022-09-04T00:59:20.373+0000][1][gc,age       ] GC(9) Age table with threshold 1 (max threshold 6)
[2022-09-04T00:59:20.375+0000][1][gc,age       ] GC(9) - age   1:   13528256 bytes,   13528256 total
[2022-09-04T00:59:20.376+0000][1][gc,age       ] GC(9) - age   2:    1726232 bytes,   15254488 total
[2022-09-04T00:59:20.377+0000][1][gc,age       ] GC(9) - age   3:     422288 bytes,   15676776 total
[2022-09-04T00:59:20.378+0000][1][gc,age       ] GC(9) - age   4:     366768 bytes,   16043544 total
[2022-09-04T00:59:20.379+0000][1][gc,age       ] GC(9) - age   5:     902864 bytes,   16946408 total
[2022-09-04T00:59:20.380+0000][1][gc,age       ] GC(9) - age   6:     945288 bytes,   17891696 total
[2022-09-04T00:59:20.382+0000][1][gc,heap      ] GC(9) ParNew: 151444K->17472K(157248K)
[2022-09-04T00:59:20.383+0000][1][gc,heap      ] GC(9) CMS: 12084K->21269K(349568K)
[2022-09-04T00:59:20.384+0000][1][gc,metaspace ] GC(9) Metaspace: 28914K->28914K(1077248K)
[2022-09-04T00:59:20.385+0000][1][gc           ] GC(9) Pause Young (Allocation Failure) 159M->37M(494M) 197.714ms
[2022-09-04T00:59:20.386+0000][1][gc,cpu       ] GC(9) User=0.71s Sys=0.01s Real=0.20s
[2022-09-04T00:59:20.392+0000][1][safepoint    ] Safepoint "GenCollectForAllocation", Time since last: 775790167 ns, Reaching safepoint: 362042 ns, At safepoint: 204863000 ns, Total: 205225042 ns
[2022-09-04T00:59:21.396+0000][1][safepoint    ] Safepoint "Cleanup", Time since last: 1002518917 ns, Reaching safepoint: 888334 ns, At safepoint: 66375 ns, Total: 954709 ns
[2022-09-04T00:59:22.020+0000][1][safepoint    ] Safepoint "RevokeBias", Time since last: 594320832 ns, Reaching safepoint: 434542 ns, At safepoint: 400000 ns, Total: 834542 ns
[2022-09-04T00:59:22.879+0000][1][safepoint    ] Safepoint "RevokeBias", Time since last: 858313250 ns, Reaching safepoint: 535959 ns, At safepoint: 277333 ns, Total: 813292 ns
[2022-09-04T00:59:23.898+0000][1][safepoint    ] Safepoint "Cleanup", Time since last: 1006981209 ns, Reaching safepoint: 8647000 ns, At safepoint: 866708 ns, Total: 9513708 ns
[2022-09-04T00:59:24.923+0000][1][safepoint    ] Safepoint "Cleanup", Time since last: 1027536084 ns, Reaching safepoint: 592167 ns, At safepoint: 37125 ns, Total: 629292 ns
[2022-09-04T00:59:25.897+0000][1][safepoint    ] Safepoint "CollectForMetadataAllocation", Time since last: 971945250 ns, Reaching safepoint: 660125 ns, At safepoint: 749542 ns, Total: 1409667 ns
[2022-09-04T00:59:25.998+0000][1][safepoint    ] Safepoint "CollectForMetadataAllocation", Time since last: 101007208 ns, Reaching safepoint: 315709 ns, At safepoint: 151291 ns, Total: 467000 ns
[2022-09-04T00:59:26.102+0000][1][safepoint    ] Safepoint "CollectForMetadataAllocation", Time since last: 103096417 ns, Reaching safepoint: 94542 ns, At safepoint: 256500 ns, Total: 351042 ns
[2022-09-04T00:59:26.301+0000][1][safepoint    ] Safepoint "CollectForMetadataAllocation", Time since last: 198695708 ns, Reaching safepoint: 373292 ns, At safepoint: 167166 ns, Total: 540458 ns
[2022-09-04T00:59:26.426+0000][1][gc,start     ] GC(10) Pause Initial Mark
[2022-09-04T00:59:26.676+0000][1][gc           ] GC(10) Pause Initial Mark 135M->135M(494M) 250.150ms
[2022-09-04T00:59:26.678+0000][1][gc,cpu       ] GC(10) User=0.97s Sys=0.00s Real=0.26s
[2022-09-04T00:59:26.679+0000][1][safepoint    ] Safepoint "CMS_Initial_Mark", Time since last: 123924875 ns, Reaching safepoint: 463292 ns, At safepoint: 253982209 ns, Total: 254445501 ns
[2022-09-04T00:59:26.683+0000][1][gc           ] GC(10) Concurrent Mark
[2022-09-04T00:59:26.838+0000][1][gc           ] GC(10) Concurrent Mark 154.441ms
[2022-09-04T00:59:26.840+0000][1][gc,cpu       ] GC(10) User=0.59s Sys=0.02s Real=0.16s
[2022-09-04T00:59:26.842+0000][1][gc           ] GC(10) Concurrent Preclean
[2022-09-04T00:59:26.855+0000][1][gc           ] GC(10) Concurrent Preclean 12.667ms
[2022-09-04T00:59:26.857+0000][1][gc,cpu       ] GC(10) User=0.06s Sys=0.00s Real=0.01s
[2022-09-04T00:59:26.858+0000][1][gc           ] GC(10) Concurrent Abortable Preclean
[2022-09-04T00:59:27.181+0000][1][gc,start     ] GC(11) Pause Young (Allocation Failure)
[2022-09-04T00:59:27.185+0000][1][gc,task      ] GC(11) Using 4 workers of 4 for evacuation
[2022-09-04T00:59:27.461+0000][1][gc,age       ] GC(11) Desired survivor size 8945664 bytes, new threshold 1 (max threshold 6)
[2022-09-04T00:59:27.463+0000][1][gc,age       ] GC(11) Age table with threshold 1 (max threshold 6)
[2022-09-04T00:59:27.465+0000][1][gc,age       ] GC(11) - age   1:    9311184 bytes,    9311184 total
[2022-09-04T00:59:27.469+0000][1][gc,heap      ] GC(11) ParNew: 157248K->17472K(157248K)
[2022-09-04T00:59:27.470+0000][1][gc,heap      ] GC(11) CMS: 21269K->39247K(349568K)
[2022-09-04T00:59:27.472+0000][1][gc,metaspace ] GC(11) Metaspace: 34744K->34744K(1081344K)
[2022-09-04T00:59:27.474+0000][1][gc           ] GC(11) Pause Young (Allocation Failure) 174M->55M(494M) 293.558ms
[2022-09-04T00:59:27.475+0000][1][gc,cpu       ] GC(11) User=0.97s Sys=0.04s Real=0.29s
[2022-09-04T00:59:27.480+0000][1][safepoint    ] Safepoint "GenCollectForAllocation", Time since last: 500347583 ns, Reaching safepoint: 592542 ns, At safepoint: 299507167 ns, Total: 300099709 ns
[2022-09-04T00:59:28.005+0000][1][safepoint    ] Safepoint "CollectForMetadataAllocation", Time since last: 524929167 ns, Reaching safepoint: 669625 ns, At safepoint: 185458 ns, Total: 855083 ns
[2022-09-04T00:59:29.008+0000][1][safepoint    ] Safepoint "Cleanup", Time since last: 1001787875 ns, Reaching safepoint: 1035250 ns, At safepoint: 36334 ns, Total: 1071584 ns
[2022-09-04T00:59:29.435+0000][1][safepoint    ] Safepoint "CollectForMetadataAllocation", Time since last: 425375125 ns, Reaching safepoint: 737125 ns, At safepoint: 406417 ns, Total: 1143542 ns
[2022-09-04T00:59:29.613+0000][1][safepoint    ] Safepoint "CollectForMetadataAllocation", Time since last: 177563791 ns, Reaching safepoint: 307667 ns, At safepoint: 344167 ns, Total: 651834 ns
[2022-09-04T00:59:29.897+0000][1][safepoint    ] Safepoint "CollectForMetadataAllocation", Time since last: 282522041 ns, Reaching safepoint: 875834 ns, At safepoint: 269375 ns, Total: 1145209 ns
[2022-09-04T00:59:30.344+0000][1][safepoint    ] Safepoint "CollectForMetadataAllocation", Time since last: 446042458 ns, Reaching safepoint: 987792 ns, At safepoint: 322208 ns, Total: 1310000 ns
[2022-09-04T00:59:30.521+0000][1][safepoint    ] Safepoint "CollectForMetadataAllocation", Time since last: 174340667 ns, Reaching safepoint: 797875 ns, At safepoint: 260208 ns, Total: 1058083 ns
[2022-09-04T00:59:30.527+0000][1][gc           ] GC(10) Concurrent Abortable Preclean 3668.955ms
[2022-09-04T00:59:30.529+0000][1][gc,cpu       ] GC(10) User=12.86s Sys=0.16s Real=3.67s
[2022-09-04T00:59:30.536+0000][1][gc,start     ] GC(10) Pause Remark
[2022-09-04T00:59:30.813+0000][1][gc           ] GC(10) Pause Remark 126M->126M(494M) 276.604ms
[2022-09-04T00:59:30.814+0000][1][gc,cpu       ] GC(10) User=0.69s Sys=0.04s Real=0.28s
[2022-09-04T00:59:30.825+0000][1][safepoint    ] Safepoint "CMS_Final_Remark", Time since last: 15528542 ns, Reaching safepoint: 934250 ns, At safepoint: 288665542 ns, Total: 289599792 ns
[2022-09-04T00:59:30.826+0000][1][gc           ] GC(10) Concurrent Sweep
[2022-09-04T00:59:30.936+0000][1][gc           ] GC(10) Concurrent Sweep 109.313ms
[2022-09-04T00:59:30.937+0000][1][gc,cpu       ] GC(10) User=0.35s Sys=0.01s Real=0.12s
[2022-09-04T00:59:30.939+0000][1][gc           ] GC(10) Concurrent Reset
[2022-09-04T00:59:30.941+0000][1][gc           ] GC(10) Concurrent Reset 2.207ms
[2022-09-04T00:59:30.943+0000][1][gc,cpu       ] GC(10) User=0.01s Sys=0.00s Real=0.00s
[2022-09-04T00:59:30.944+0000][1][gc,heap      ] GC(10) Old: 21269K->39147K(349568K)
[2022-09-04T00:59:31.634+0000][1][safepoint    ] Safepoint "RevokeBias", Time since last: 805792334 ns, Reaching safepoint: 2498916 ns, At safepoint: 1482709 ns, Total: 3981625 ns
[2022-09-04T00:59:31.645+0000][1][safepoint    ] Safepoint "Deoptimize", Time since last: 9238958 ns, Reaching safepoint: 114375 ns, At safepoint: 1722125 ns, Total: 1836500 ns
[2022-09-04T00:59:32.649+0000][1][safepoint    ] Safepoint "Cleanup", Time since last: 1001285167 ns, Reaching safepoint: 1882125 ns, At safepoint: 35875 ns, Total: 1918000 ns
[2022-09-04T00:59:33.651+0000][1][safepoint    ] Safepoint "Cleanup", Time since last: 1001447792 ns, Reaching safepoint: 878625 ns, At safepoint: 27709 ns, Total: 906334 ns
[2022-09-04T00:59:34.653+0000][1][safepoint    ] Safepoint "Cleanup", Time since last: 1001429417 ns, Reaching safepoint: 964958 ns, At safepoint: 46583 ns, Total: 1011541 ns
[2022-09-04T00:59:35.656+0000][1][safepoint    ] Safepoint "Cleanup", Time since last: 1002383501 ns, Reaching safepoint: 327833 ns, At safepoint: 42667 ns, Total: 370500 ns
[2022-09-04T00:59:37.661+0000][1][safepoint    ] Safepoint "Cleanup", Time since last: 2003806334 ns, Reaching safepoint: 1129708 ns, At safepoint: 22542 ns, Total: 1152250 ns
[2022-09-04T00:59:38.631+0000][1][gc,start     ] GC(12) Pause Young (Allocation Failure)
[2022-09-04T00:59:38.633+0000][1][gc,task      ] GC(12) Using 4 workers of 4 for evacuation
[2022-09-04T00:59:38.737+0000][1][gc,age       ] GC(12) Desired survivor size 8945664 bytes, new threshold 6 (max threshold 6)
[2022-09-04T00:59:38.738+0000][1][gc,age       ] GC(12) Age table with threshold 6 (max threshold 6)
[2022-09-04T00:59:38.740+0000][1][gc,age       ] GC(12) - age   1:    4025480 bytes,    4025480 total
[2022-09-04T00:59:38.741+0000][1][gc,heap      ] GC(12) ParNew: 157248K->8942K(157248K)
[2022-09-04T00:59:38.742+0000][1][gc,heap      ] GC(12) CMS: 39147K->48207K(349568K)
[2022-09-04T00:59:38.744+0000][1][gc,metaspace ] GC(12) Metaspace: 45008K->45008K(1091584K)
[2022-09-04T00:59:38.745+0000][1][gc           ] GC(12) Pause Young (Allocation Failure) 191M->55M(494M) 114.240ms
[2022-09-04T00:59:38.746+0000][1][gc,cpu       ] GC(12) User=0.36s Sys=0.00s Real=0.11s
[2022-09-04T00:59:38.748+0000][1][safepoint    ] Safepoint "GenCollectForAllocation", Time since last: 968879167 ns, Reaching safepoint: 629875 ns, At safepoint: 117658292 ns, Total: 118288167 ns
[2022-09-04T00:59:38.773+0000][1][safepoint    ] Safepoint "RevokeBias", Time since last: 23680750 ns, Reaching safepoint: 391792 ns, At safepoint: 411083 ns, Total: 802875 ns
[2022-09-04T00:59:39.124+0000][1][safepoint    ] Safepoint "RevokeBias", Time since last: 348992917 ns, Reaching safepoint: 1809583 ns, At safepoint: 328792 ns, Total: 2138375 ns
[2022-09-04T00:59:39.132+0000][1][safepoint    ] Safepoint "RevokeBias", Time since last: 3899708 ns, Reaching safepoint: 4053792 ns, At safepoint: 322292 ns, Total: 4376084 ns
[2022-09-04T00:59:39.141+0000][1][safepoint    ] Safepoint "RevokeBias", Time since last: 7387458 ns, Reaching safepoint: 632750 ns, At safepoint: 399875 ns, Total: 1032625 ns
[2022-09-04T00:59:39.149+0000][1][safepoint    ] Safepoint "RevokeBias", Time since last: 4000167 ns, Reaching safepoint: 3589333 ns, At safepoint: 407500 ns, Total: 3996833 ns
[2022-09-04T00:59:39.153+0000][1][safepoint    ] Safepoint "RevokeBias", Time since last: 4027667 ns, Reaching safepoint: 477541 ns, At safepoint: 290250 ns, Total: 767791 ns
[2022-09-04T00:59:39.163+0000][1][safepoint    ] Safepoint "RevokeBias", Time since last: 8217459 ns, Reaching safepoint: 574166 ns, At safepoint: 382625 ns, Total: 956791 ns
[2022-09-04T00:59:39.166+0000][1][safepoint    ] Safepoint "RevokeBias", Time since last: 2275667 ns, Reaching safepoint: 523250 ns, At safepoint: 296750 ns, Total: 820000 ns
[2022-09-04T00:59:39.168+0000][1][safepoint    ] Safepoint "RevokeBias", Time since last: 1901583 ns, Reaching safepoint: 540709 ns, At safepoint: 229333 ns, Total: 770042 ns
[2022-09-04T00:59:39.171+0000][1][safepoint    ] Safepoint "RevokeBias", Time since last: 2018958 ns, Reaching safepoint: 331792 ns, At safepoint: 223625 ns, Total: 555417 ns
[2022-09-04T00:59:39.178+0000][1][safepoint    ] Safepoint "RevokeBias", Time since last: 6763625 ns, Reaching safepoint: 268333 ns, At safepoint: 274875 ns, Total: 543208 ns
[2022-09-04T00:59:39.181+0000][1][safepoint    ] Safepoint "RevokeBias", Time since last: 1767792 ns, Reaching safepoint: 308458 ns, At safepoint: 265209 ns, Total: 573667 ns
[2022-09-04T00:59:39.183+0000][1][safepoint    ] Safepoint "RevokeBias", Time since last: 1862916 ns, Reaching safepoint: 264084 ns, At safepoint: 162708 ns, Total: 426792 ns
[2022-09-04T00:59:39.185+0000][1][safepoint    ] Safepoint "RevokeBias", Time since last: 1929417 ns, Reaching safepoint: 326791 ns, At safepoint: 211125 ns, Total: 537916 ns
[2022-09-04T00:59:39.188+0000][1][safepoint    ] Safepoint "RevokeBias", Time since last: 1828709 ns, Reaching safepoint: 388750 ns, At safepoint: 223041 ns, Total: 611791 ns
[2022-09-04T00:59:39.190+0000][1][safepoint    ] Safepoint "RevokeBias", Time since last: 1481084 ns, Reaching safepoint: 343791 ns, At safepoint: 188375 ns, Total: 532166 ns
[2022-09-04T00:59:39.192+0000][1][safepoint    ] Safepoint "RevokeBias", Time since last: 1970417 ns, Reaching safepoint: 244125 ns, At safepoint: 183083 ns, Total: 427208 ns
[2022-09-04T00:59:39.194+0000][1][safepoint    ] Safepoint "RevokeBias", Time since last: 1430292 ns, Reaching safepoint: 316542 ns, At safepoint: 227375 ns, Total: 543917 ns
[2022-09-04T00:59:39.197+0000][1][safepoint    ] Safepoint "RevokeBias", Time since last: 1969208 ns, Reaching safepoint: 322208 ns, At safepoint: 248750 ns, Total: 570958 ns
[2022-09-04T00:59:39.199+0000][1][safepoint    ] Safepoint "RevokeBias", Time since last: 2198209 ns, Reaching safepoint: 280791 ns, At safepoint: 201125 ns, Total: 481916 ns
[2022-09-04T00:59:39.201+0000][1][safepoint    ] Safepoint "RevokeBias", Time since last: 1366334 ns, Reaching safepoint: 234791 ns, At safepoint: 160125 ns, Total: 394916 ns
[2022-09-04T00:59:39.203+0000][1][safepoint    ] Safepoint "RevokeBias", Time since last: 1511292 ns, Reaching safepoint: 147000 ns, At safepoint: 163750 ns, Total: 310750 ns
[2022-09-04T00:59:39.205+0000][1][safepoint    ] Safepoint "RevokeBias", Time since last: 1707125 ns, Reaching safepoint: 199417 ns, At safepoint: 176291 ns, Total: 375708 ns
[2022-09-04T00:59:39.208+0000][1][safepoint    ] Safepoint "RevokeBias", Time since last: 2304459 ns, Reaching safepoint: 260000 ns, At safepoint: 173125 ns, Total: 433125 ns
[2022-09-04T00:59:39.210+0000][1][safepoint    ] Safepoint "RevokeBias", Time since last: 1322791 ns, Reaching safepoint: 232709 ns, At safepoint: 198708 ns, Total: 431417 ns
[2022-09-04T00:59:39.211+0000][1][safepoint    ] Safepoint "RevokeBias", Time since last: 1388667 ns, Reaching safepoint: 211458 ns, At safepoint: 163833 ns, Total: 375291 ns
[2022-09-04T00:59:39.214+0000][1][safepoint    ] Safepoint "BulkRevokeBias", Time since last: 1276417 ns, Reaching safepoint: 273500 ns, At safepoint: 1004667 ns, Total: 1278167 ns
[2022-09-04T00:59:39.217+0000][1][safepoint    ] Safepoint "RevokeBias", Time since last: 2753500 ns, Reaching safepoint: 229875 ns, At safepoint: 189125 ns, Total: 419000 ns
[2022-09-04T00:59:39.219+0000][1][safepoint    ] Safepoint "RevokeBias", Time since last: 1341375 ns, Reaching safepoint: 370208 ns, At safepoint: 197000 ns, Total: 567208 ns
[2022-09-04T00:59:39.226+0000][1][safepoint    ] Safepoint "RevokeBias", Time since last: 6174042 ns, Reaching safepoint: 582416 ns, At safepoint: 278667 ns, Total: 861083 ns
[2022-09-04T00:59:39.248+0000][1][safepoint    ] Safepoint "RevokeBias", Time since last: 21166208 ns, Reaching safepoint: 369667 ns, At safepoint: 200208 ns, Total: 569875 ns
[2022-09-04T00:59:39.254+0000][1][safepoint    ] Safepoint "RevokeBias", Time since last: 5900459 ns, Reaching safepoint: 274958 ns, At safepoint: 253042 ns, Total: 528000 ns
[2022-09-04T00:59:39.269+0000][1][safepoint    ] Safepoint "RevokeBias", Time since last: 13874041 ns, Reaching safepoint: 579042 ns, At safepoint: 214667 ns, Total: 793709 ns
[2022-09-04T00:59:39.272+0000][1][safepoint    ] Safepoint "RevokeBias", Time since last: 2468083 ns, Reaching safepoint: 449208 ns, At safepoint: 265375 ns, Total: 714583 ns
[2022-09-04T00:59:39.274+0000][1][safepoint    ] Safepoint "RevokeBias", Time since last: 826834 ns, Reaching safepoint: 472708 ns, At safepoint: 294708 ns, Total: 767416 ns
[2022-09-04T00:59:39.278+0000][1][safepoint    ] Safepoint "RevokeBias", Time since last: 3386084 ns, Reaching safepoint: 415041 ns, At safepoint: 159792 ns, Total: 574833 ns
[2022-09-04T00:59:39.280+0000][1][safepoint    ] Safepoint "RevokeBias", Time since last: 2079083 ns, Reaching safepoint: 279625 ns, At safepoint: 156500 ns, Total: 436125 ns
[2022-09-04T00:59:39.283+0000][1][safepoint    ] Safepoint "RevokeBias", Time since last: 2191459 ns, Reaching safepoint: 430041 ns, At safepoint: 182584 ns, Total: 612625 ns
[2022-09-04T00:59:39.286+0000][1][safepoint    ] Safepoint "RevokeBias", Time since last: 2260541 ns, Reaching safepoint: 344459 ns, At safepoint: 252833 ns, Total: 597292 ns
[2022-09-04T00:59:39.289+0000][1][safepoint    ] Safepoint "RevokeBias", Time since last: 2671042 ns, Reaching safepoint: 338833 ns, At safepoint: 193917 ns, Total: 532750 ns
[2022-09-04T00:59:39.292+0000][1][safepoint    ] Safepoint "RevokeBias", Time since last: 2874333 ns, Reaching safepoint: 249292 ns, At safepoint: 151375 ns, Total: 400667 ns
[2022-09-04T00:59:39.296+0000][1][safepoint    ] Safepoint "RevokeBias", Time since last: 2878041 ns, Reaching safepoint: 244250 ns, At safepoint: 192125 ns, Total: 436375 ns
[2022-09-04T00:59:39.298+0000][1][safepoint    ] Safepoint "RevokeBias", Time since last: 2092334 ns, Reaching safepoint: 228250 ns, At safepoint: 220708 ns, Total: 448958 ns
[2022-09-04T00:59:39.301+0000][1][safepoint    ] Safepoint "RevokeBias", Time since last: 2114625 ns, Reaching safepoint: 256750 ns, At safepoint: 139792 ns, Total: 396542 ns
[2022-09-04T00:59:39.305+0000][1][safepoint    ] Safepoint "RevokeBias", Time since last: 3543541 ns, Reaching safepoint: 858959 ns, At safepoint: 102541 ns, Total: 961500 ns
[2022-09-04T00:59:39.308+0000][1][safepoint    ] Safepoint "RevokeBias", Time since last: 2350334 ns, Reaching safepoint: 444375 ns, At safepoint: 315333 ns, Total: 759708 ns
[2022-09-04T00:59:40.312+0000][1][safepoint    ] Safepoint "Cleanup", Time since last: 1002179667 ns, Reaching safepoint: 1062083 ns, At safepoint: 38625 ns, Total: 1100708 ns
[2022-09-04T00:59:41.437+0000][1][safepoint    ] Safepoint "RevokeBias", Time since last: 1124146751 ns, Reaching safepoint: 1598042 ns, At safepoint: 213333 ns, Total: 1811375 ns
[2022-09-04T00:59:41.474+0000][1][safepoint    ] Safepoint "RevokeBias", Time since last: 36174000 ns, Reaching safepoint: 207500 ns, At safepoint: 212667 ns, Total: 420167 ns
[2022-09-04T00:59:42.566+0000][1][safepoint    ] Safepoint "Cleanup", Time since last: 1078857750 ns, Reaching safepoint: 10237334 ns, At safepoint: 1784708 ns, Total: 12022042 ns
[2022-09-04T00:59:43.830+0000][1][safepoint    ] Safepoint "RevokeBias", Time since last: 1260669209 ns, Reaching safepoint: 2478833 ns, At safepoint: 1567000 ns, Total: 4045833 ns
[2022-09-04T00:59:43.834+0000][1][safepoint    ] Safepoint "RevokeBias", Time since last: 3832042 ns, Reaching safepoint: 411291 ns, At safepoint: 318125 ns, Total: 729416 ns
[2022-09-04T00:59:43.839+0000][1][safepoint    ] Safepoint "RevokeBias", Time since last: 3820167 ns, Reaching safepoint: 878625 ns, At safepoint: 269792 ns, Total: 1148417 ns
[2022-09-04T00:59:44.118+0000][1][safepoint    ] Safepoint "RevokeBias", Time since last: 277325583 ns, Reaching safepoint: 837209 ns, At safepoint: 271916 ns, Total: 1109125 ns
[2022-09-04T00:59:44.121+0000][1][safepoint    ] Safepoint "RevokeBias", Time since last: 2605584 ns, Reaching safepoint: 217208 ns, At safepoint: 294917 ns, Total: 512125 ns
[2022-09-04T00:59:44.126+0000][1][safepoint    ] Safepoint "RevokeBias", Time since last: 4953583 ns, Reaching safepoint: 495542 ns, At safepoint: 264166 ns, Total: 759708 ns
[2022-09-04T00:59:44.138+0000][1][safepoint    ] Safepoint "RevokeBias", Time since last: 9394292 ns, Reaching safepoint: 1075917 ns, At safepoint: 670166 ns, Total: 1746083 ns
[2022-09-04T00:59:44.143+0000][1][safepoint    ] Safepoint "RevokeBias", Time since last: 4842834 ns, Reaching safepoint: 399000 ns, At safepoint: 223458 ns, Total: 622458 ns
[2022-09-04T00:59:44.152+0000][1][safepoint    ] Safepoint "RevokeBias", Time since last: 8300000 ns, Reaching safepoint: 399542 ns, At safepoint: 194750 ns, Total: 594292 ns
[2022-09-04T00:59:44.161+0000][1][safepoint    ] Safepoint "RevokeBias", Time since last: 8653500 ns, Reaching safepoint: 614250 ns, At safepoint: 206250 ns, Total: 820500 ns
[2022-09-04T00:59:44.166+0000][1][safepoint    ] Safepoint "RevokeBias", Time since last: 3862583 ns, Reaching safepoint: 608958 ns, At safepoint: 232167 ns, Total: 841125 ns
[2022-09-04T00:59:44.172+0000][1][safepoint    ] Safepoint "RevokeBias", Time since last: 4572750 ns, Reaching safepoint: 586625 ns, At safepoint: 309167 ns, Total: 895792 ns
[2022-09-04T00:59:44.176+0000][1][safepoint    ] Safepoint "RevokeBias", Time since last: 3401416 ns, Reaching safepoint: 732667 ns, At safepoint: 302375 ns, Total: 1035042 ns
[2022-09-04T00:59:44.200+0000][1][safepoint    ] Safepoint "RevokeBias", Time since last: 21187917 ns, Reaching safepoint: 2582083 ns, At safepoint: 211958 ns, Total: 2794041 ns
[2022-09-04T00:59:44.203+0000][1][safepoint    ] Safepoint "RevokeBias", Time since last: 1995625 ns, Reaching safepoint: 563959 ns, At safepoint: 204333 ns, Total: 768292 ns
[2022-09-04T00:59:44.205+0000][1][safepoint    ] Safepoint "RevokeBias", Time since last: 2195500 ns, Reaching safepoint: 328583 ns, At safepoint: 171417 ns, Total: 500000 ns
[2022-09-04T00:59:44.208+0000][1][safepoint    ] Safepoint "RevokeBias", Time since last: 1884125 ns, Reaching safepoint: 327917 ns, At safepoint: 169458 ns, Total: 497375 ns
[2022-09-04T00:59:44.210+0000][1][safepoint    ] Safepoint "RevokeBias", Time since last: 1293417 ns, Reaching safepoint: 245208 ns, At safepoint: 188292 ns, Total: 433500 ns
[2022-09-04T00:59:44.211+0000][1][safepoint    ] Safepoint "RevokeBias", Time since last: 1378375 ns, Reaching safepoint: 243333 ns, At safepoint: 164583 ns, Total: 407916 ns
[2022-09-04T00:59:44.214+0000][1][safepoint    ] Safepoint "RevokeBias", Time since last: 2708917 ns, Reaching safepoint: 152417 ns, At safepoint: 160291 ns, Total: 312708 ns
[2022-09-04T00:59:44.216+0000][1][safepoint    ] Safepoint "RevokeBias", Time since last: 1377875 ns, Reaching safepoint: 151459 ns, At safepoint: 161666 ns, Total: 313125 ns
[2022-09-04T00:59:44.219+0000][1][safepoint    ] Safepoint "BulkRevokeBias", Time since last: 1172792 ns, Reaching safepoint: 151042 ns, At safepoint: 1174083 ns, Total: 1325125 ns
[2022-09-04T00:59:44.223+0000][1][safepoint    ] Safepoint "RevokeBias", Time since last: 3638833 ns, Reaching safepoint: 231292 ns, At safepoint: 229708 ns, Total: 461000 ns
[2022-09-04T00:59:44.225+0000][1][safepoint    ] Safepoint "RevokeBias", Time since last: 1935250 ns, Reaching safepoint: 318000 ns, At safepoint: 164250 ns, Total: 482250 ns
[2022-09-04T00:59:44.228+0000][1][safepoint    ] Safepoint "RevokeBias", Time since last: 2245667 ns, Reaching safepoint: 391917 ns, At safepoint: 204958 ns, Total: 596875 ns
[2022-09-04T00:59:44.232+0000][1][safepoint    ] Safepoint "RevokeBias", Time since last: 2787583 ns, Reaching safepoint: 1408459 ns, At safepoint: 247333 ns, Total: 1655792 ns
[2022-09-04T00:59:44.235+0000][1][safepoint    ] Safepoint "RevokeBias", Time since last: 1422833 ns, Reaching safepoint: 485959 ns, At safepoint: 428833 ns, Total: 914792 ns
[2022-09-04T00:59:44.240+0000][1][safepoint    ] Safepoint "RevokeBias", Time since last: 4605833 ns, Reaching safepoint: 454375 ns, At safepoint: 216042 ns, Total: 670417 ns
[2022-09-04T00:59:44.246+0000][1][safepoint    ] Safepoint "RevokeBias", Time since last: 4995167 ns, Reaching safepoint: 686666 ns, At safepoint: 171459 ns, Total: 858125 ns
[2022-09-04T00:59:44.250+0000][1][safepoint    ] Safepoint "RevokeBias", Time since last: 2196416 ns, Reaching safepoint: 2317584 ns, At safepoint: 130666 ns, Total: 2448250 ns
[2022-09-04T00:59:44.253+0000][1][safepoint    ] Safepoint "RevokeBias", Time since last: 2169500 ns, Reaching safepoint: 286042 ns, At safepoint: 139042 ns, Total: 425084 ns
[2022-09-04T00:59:44.256+0000][1][safepoint    ] Safepoint "RevokeBias", Time since last: 2077041 ns, Reaching safepoint: 805459 ns, At safepoint: 204250 ns, Total: 1009709 ns
[2022-09-04T00:59:44.258+0000][1][safepoint    ] Safepoint "RevokeBias", Time since last: 1102750 ns, Reaching safepoint: 696625 ns, At safepoint: 154083 ns, Total: 850708 ns
[2022-09-04T00:59:44.260+0000][1][safepoint    ] Safepoint "RevokeBias", Time since last: 870417 ns, Reaching safepoint: 633750 ns, At safepoint: 213500 ns, Total: 847250 ns
[2022-09-04T00:59:44.264+0000][1][safepoint    ] Safepoint "RevokeBias", Time since last: 3165791 ns, Reaching safepoint: 587209 ns, At safepoint: 216000 ns, Total: 803209 ns
[2022-09-04T00:59:44.269+0000][1][safepoint    ] Safepoint "RevokeBias", Time since last: 2454041 ns, Reaching safepoint: 2429209 ns, At safepoint: 232083 ns, Total: 2661292 ns
[2022-09-04T00:59:44.271+0000][1][safepoint    ] Safepoint "RevokeBias", Time since last: 1905917 ns, Reaching safepoint: 474083 ns, At safepoint: 173917 ns, Total: 648000 ns
[2022-09-04T00:59:44.273+0000][1][safepoint    ] Safepoint "RevokeBias", Time since last: 1215875 ns, Reaching safepoint: 338625 ns, At safepoint: 319041 ns, Total: 657666 ns
[2022-09-04T00:59:44.275+0000][1][safepoint    ] Safepoint "RevokeBias", Time since last: 1353500 ns, Reaching safepoint: 344709 ns, At safepoint: 123583 ns, Total: 468292 ns
[2022-09-04T00:59:44.281+0000][1][safepoint    ] Safepoint "RevokeBias", Time since last: 5634292 ns, Reaching safepoint: 411750 ns, At safepoint: 238250 ns, Total: 650000 ns
[2022-09-04T00:59:44.290+0000][1][safepoint    ] Safepoint "RevokeBias", Time since last: 7938458 ns, Reaching safepoint: 841250 ns, At safepoint: 224625 ns, Total: 1065875 ns
[2022-09-04T00:59:44.294+0000][1][safepoint    ] Safepoint "BulkRevokeBias", Time since last: 2813208 ns, Reaching safepoint: 388084 ns, At safepoint: 681583 ns, Total: 1069667 ns
[2022-09-04T00:59:44.299+0000][1][safepoint    ] Safepoint "BulkRevokeBias", Time since last: 3835958 ns, Reaching safepoint: 599542 ns, At safepoint: 521375 ns, Total: 1120917 ns
[2022-09-04T00:59:44.339+0000][1][safepoint    ] Safepoint "RevokeBias", Time since last: 38752625 ns, Reaching safepoint: 939542 ns, At safepoint: 285916 ns, Total: 1225458 ns
[2022-09-04T00:59:44.349+0000][1][safepoint    ] Safepoint "RevokeBias", Time since last: 8874875 ns, Reaching safepoint: 346917 ns, At safepoint: 241875 ns, Total: 588792 ns
[2022-09-04T00:59:44.357+0000][1][safepoint    ] Safepoint "RevokeBias", Time since last: 7182333 ns, Reaching safepoint: 656834 ns, At safepoint: 138000 ns, Total: 794834 ns
[2022-09-04T00:59:45.332+0000][1][safepoint    ] Safepoint "RevokeBias", Time since last: 974623750 ns, Reaching safepoint: 755958 ns, At safepoint: 79417 ns, Total: 835375 ns
[2022-09-04T00:59:46.336+0000][1][safepoint    ] Safepoint "Cleanup", Time since last: 1002186834 ns, Reaching safepoint: 1296208 ns, At safepoint: 29917 ns, Total: 1326125 ns
[2022-09-04T00:59:46.672+0000][1][safepoint    ] Safepoint "RevokeBias", Time since last: 335571417 ns, Reaching safepoint: 369583 ns, At safepoint: 424708 ns, Total: 794291 ns
[2022-09-04T00:59:47.473+0000][1][gc,start     ] GC(13) Pause Young (Allocation Failure)
[2022-09-04T00:59:47.477+0000][1][gc,task      ] GC(13) Using 4 workers of 4 for evacuation
[2022-09-04T00:59:47.561+0000][1][gc,age       ] GC(13) Desired survivor size 8945664 bytes, new threshold 6 (max threshold 6)
[2022-09-04T00:59:47.563+0000][1][gc,age       ] GC(13) Age table with threshold 6 (max threshold 6)
[2022-09-04T00:59:47.566+0000][1][gc,age       ] GC(13) - age   1:    4233744 bytes,    4233744 total
[2022-09-04T00:59:47.567+0000][1][gc,age       ] GC(13) - age   2:    3892336 bytes,    8126080 total
[2022-09-04T00:59:47.570+0000][1][gc,heap      ] GC(13) ParNew: 148718K->9787K(157248K)
[2022-09-04T00:59:47.571+0000][1][gc,heap      ] GC(13) CMS: 48207K->48207K(349568K)
[2022-09-04T00:59:47.572+0000][1][gc,metaspace ] GC(13) Metaspace: 55194K->55194K(1099776K)
[2022-09-04T00:59:47.574+0000][1][gc           ] GC(13) Pause Young (Allocation Failure) 192M->56M(494M) 101.550ms
[2022-09-04T00:59:47.575+0000][1][gc,cpu       ] GC(13) User=0.31s Sys=0.01s Real=0.10s
[2022-09-04T00:59:47.577+0000][1][safepoint    ] Safepoint "GenCollectForAllocation", Time since last: 799360459 ns, Reaching safepoint: 414875 ns, At safepoint: 104838417 ns, Total: 105253292 ns
[2022-09-04T00:59:47.587+0000][1][safepoint    ] Safepoint "RevokeBias", Time since last: 9298625 ns, Reaching safepoint: 531542 ns, At safepoint: 207625 ns, Total: 739167 ns
[2022-09-04T00:59:47.597+0000][1][safepoint    ] Safepoint "RevokeBias", Time since last: 9481958 ns, Reaching safepoint: 606292 ns, At safepoint: 294375 ns, Total: 900667 ns
[2022-09-04T00:59:47.601+0000][1][safepoint    ] Safepoint "RevokeBias", Time since last: 4018916 ns, Reaching safepoint: 280667 ns, At safepoint: 34000 ns, Total: 314667 ns
[2022-09-04T00:59:47.605+0000][1][safepoint    ] Safepoint "RevokeBias", Time since last: 3235250 ns, Reaching safepoint: 161375 ns, At safepoint: 77417 ns, Total: 238792 ns
[2022-09-04T00:59:48.608+0000][1][safepoint    ] Safepoint "Cleanup", Time since last: 1001340458 ns, Reaching safepoint: 1999042 ns, At safepoint: 32542 ns, Total: 2031584 ns
[2022-09-04T00:59:49.612+0000][1][safepoint    ] Safepoint "Cleanup", Time since last: 1001624834 ns, Reaching safepoint: 1950208 ns, At safepoint: 43750 ns, Total: 1993958 ns
[2022-09-04T00:59:50.156+0000][1][safepoint    ] Safepoint "RevokeBias", Time since last: 540974708 ns, Reaching safepoint: 2639375 ns, At safepoint: 326167 ns, Total: 2965542 ns
[2022-09-04T00:59:50.158+0000][1][safepoint    ] Safepoint "RevokeBias", Time since last: 2216125 ns, Reaching safepoint: 134667 ns, At safepoint: 168125 ns, Total: 302792 ns
[2022-09-04T00:59:50.162+0000][1][safepoint    ] Safepoint "RevokeBias", Time since last: 2975458 ns, Reaching safepoint: 281500 ns, At safepoint: 191417 ns, Total: 472917 ns
[2022-09-04T00:59:50.188+0000][1][safepoint    ] Safepoint "RevokeBias", Time since last: 25675500 ns, Reaching safepoint: 211375 ns, At safepoint: 174250 ns, Total: 385625 ns
[2022-09-04T00:59:50.270+0000][1][safepoint    ] Safepoint "CollectForMetadataAllocation", Time since last: 80911958 ns, Reaching safepoint: 418584 ns, At safepoint: 507333 ns, Total: 925917 ns
[2022-09-04T00:59:50.608+0000][1][safepoint    ] Safepoint "CollectForMetadataAllocation", Time since last: 336895458 ns, Reaching safepoint: 805250 ns, At safepoint: 195459 ns, Total: 1000709 ns
[2022-09-04T00:59:50.885+0000][1][safepoint    ] Safepoint "CollectForMetadataAllocation", Time since last: 276880916 ns, Reaching safepoint: 406792 ns, At safepoint: 198042 ns, Total: 604834 ns
[2022-09-04T00:59:51.229+0000][1][safepoint    ] Safepoint "CollectForMetadataAllocation", Time since last: 343305833 ns, Reaching safepoint: 407750 ns, At safepoint: 161584 ns, Total: 569334 ns
[2022-09-04T00:59:51.382+0000][1][safepoint    ] Safepoint "CollectForMetadataAllocation", Time since last: 152900791 ns, Reaching safepoint: 337459 ns, At safepoint: 188083 ns, Total: 525542 ns
[2022-09-04T00:59:51.499+0000][1][safepoint    ] Safepoint "Deoptimize", Time since last: 114209417 ns, Reaching safepoint: 293958 ns, At safepoint: 1853917 ns, Total: 2147875 ns
[2022-09-04T00:59:51.585+0000][1][gc,start     ] GC(14) Pause Initial Mark
[2022-09-04T00:59:51.704+0000][1][gc           ] GC(14) Pause Initial Mark 129M->129M(494M) 110.748ms
[2022-09-04T00:59:51.707+0000][1][gc,cpu       ] GC(14) User=0.39s Sys=0.01s Real=0.12s
[2022-09-04T00:59:51.709+0000][1][safepoint    ] Safepoint "CMS_Initial_Mark", Time since last: 85378750 ns, Reaching safepoint: 659000 ns, At safepoint: 116144374 ns, Total: 116803374 ns
[2022-09-04T00:59:51.712+0000][1][gc           ] GC(14) Concurrent Mark
[2022-09-04T00:59:51.786+0000][1][safepoint    ] Safepoint "CollectForMetadataAllocation", Time since last: 76081292 ns, Reaching safepoint: 851500 ns, At safepoint: 248125 ns, Total: 1099625 ns
[2022-09-04T00:59:52.172+0000][1][gc           ] GC(14) Concurrent Mark 459.930ms
[2022-09-04T00:59:52.174+0000][1][gc,cpu       ] GC(14) User=1.69s Sys=0.01s Real=0.46s
[2022-09-04T00:59:52.176+0000][1][gc           ] GC(14) Concurrent Preclean
[2022-09-04T00:59:52.200+0000][1][gc           ] GC(14) Concurrent Preclean 23.721ms
[2022-09-04T00:59:52.202+0000][1][gc,cpu       ] GC(14) User=0.09s Sys=0.00s Real=0.02s
[2022-09-04T00:59:52.203+0000][1][gc           ] GC(14) Concurrent Abortable Preclean
[2022-09-04T00:59:52.223+0000][1][safepoint    ] Safepoint "RevokeBias", Time since last: 435873500 ns, Reaching safepoint: 972916 ns, At safepoint: 374500 ns, Total: 1347416 ns
[2022-09-04T00:59:52.229+0000][1][safepoint    ] Safepoint "RevokeBias", Time since last: 4506334 ns, Reaching safepoint: 800250 ns, At safepoint: 339666 ns, Total: 1139916 ns
[2022-09-04T00:59:52.232+0000][1][safepoint    ] Safepoint "RevokeBias", Time since last: 2157000 ns, Reaching safepoint: 797042 ns, At safepoint: 348083 ns, Total: 1145125 ns
[2022-09-04T00:59:52.237+0000][1][safepoint    ] Safepoint "RevokeBias", Time since last: 3547292 ns, Reaching safepoint: 417958 ns, At safepoint: 329125 ns, Total: 747083 ns
[2022-09-04T00:59:52.686+0000][1][safepoint    ] Safepoint "CollectForMetadataAllocation", Time since last: 448729917 ns, Reaching safepoint: 635042 ns, At safepoint: 294667 ns, Total: 929709 ns
[2022-09-04T00:59:53.194+0000][1][safepoint    ] Safepoint "RevokeBias", Time since last: 506982958 ns, Reaching safepoint: 1112167 ns, At safepoint: 82083 ns, Total: 1194250 ns
[2022-09-04T00:59:53.506+0000][1][safepoint    ] Safepoint "CollectForMetadataAllocation", Time since last: 310050167 ns, Reaching safepoint: 935417 ns, At safepoint: 208083 ns, Total: 1143500 ns
[2022-09-04T00:59:53.839+0000][1][safepoint    ] Safepoint "CollectForMetadataAllocation", Time since last: 332504292 ns, Reaching safepoint: 960125 ns, At safepoint: 178458 ns, Total: 1138583 ns
[2022-09-04T00:59:54.534+0000][1][safepoint    ] Safepoint "CollectForMetadataAllocation", Time since last: 693230459 ns, Reaching safepoint: 1491875 ns, At safepoint: 224917 ns, Total: 1716792 ns
[2022-09-04T00:59:54.773+0000][1][safepoint    ] Safepoint "CollectForMetadataAllocation", Time since last: 235548958 ns, Reaching safepoint: 2656583 ns, At safepoint: 269292 ns, Total: 2925875 ns
[2022-09-04T00:59:54.776+0000][1][safepoint    ] Safepoint "CollectForMetadataAllocation", Time since last: 2845250 ns, Reaching safepoint: 651292 ns, At safepoint: 39500 ns, Total: 690792 ns
[2022-09-04T00:59:55.020+0000][1][safepoint    ] Safepoint "CollectForMetadataAllocation", Time since last: 242996291 ns, Reaching safepoint: 542292 ns, At safepoint: 253750 ns, Total: 796042 ns
[2022-09-04T00:59:55.146+0000][1][safepoint    ] Safepoint "CollectForMetadataAllocation", Time since last: 125315167 ns, Reaching safepoint: 287833 ns, At safepoint: 272000 ns, Total: 559833 ns
[2022-09-04T00:59:55.258+0000][1][safepoint    ] Safepoint "RevokeBias", Time since last: 111209625 ns, Reaching safepoint: 371042 ns, At safepoint: 130000 ns, Total: 501042 ns
[2022-09-04T00:59:55.262+0000][1][safepoint    ] Safepoint "RevokeBias", Time since last: 4496542 ns, Reaching safepoint: 239458 ns, At safepoint: 96292 ns, Total: 335750 ns
[2022-09-04T00:59:55.367+0000][1][safepoint    ] Safepoint "CollectForMetadataAllocation", Time since last: 104290125 ns, Reaching safepoint: 524500 ns, At safepoint: 280125 ns, Total: 804625 ns
[2022-09-04T00:59:55.643+0000][1][safepoint    ] Safepoint "CollectForMetadataAllocation", Time since last: 274877000 ns, Reaching safepoint: 561833 ns, At safepoint: 248625 ns, Total: 810458 ns
[2022-09-04T00:59:55.783+0000][1][safepoint    ] Safepoint "CollectForMetadataAllocation", Time since last: 139189917 ns, Reaching safepoint: 520500 ns, At safepoint: 253833 ns, Total: 774333 ns
[2022-09-04T00:59:55.905+0000][1][safepoint    ] Safepoint "CollectForMetadataAllocation", Time since last: 121351250 ns, Reaching safepoint: 462834 ns, At safepoint: 228041 ns, Total: 690875 ns
[2022-09-04T00:59:55.993+0000][1][safepoint    ] Safepoint "CollectForMetadataAllocation", Time since last: 86765834 ns, Reaching safepoint: 382541 ns, At safepoint: 215834 ns, Total: 598375 ns
[2022-09-04T00:59:56.160+0000][1][safepoint    ] Safepoint "CollectForMetadataAllocation", Time since last: 167065541 ns, Reaching safepoint: 602459 ns, At safepoint: 188916 ns, Total: 791375 ns
[2022-09-04T00:59:56.263+0000][1][safepoint    ] Safepoint "CollectForMetadataAllocation", Time since last: 101890334 ns, Reaching safepoint: 280375 ns, At safepoint: 173250 ns, Total: 453625 ns
[2022-09-04T00:59:56.372+0000][1][safepoint    ] Safepoint "RevokeBias", Time since last: 108256458 ns, Reaching safepoint: 475583 ns, At safepoint: 207292 ns, Total: 682875 ns
[2022-09-04T00:59:56.388+0000][1][safepoint    ] Safepoint "CollectForMetadataAllocation", Time since last: 15623667 ns, Reaching safepoint: 424500 ns, At safepoint: 136416 ns, Total: 560916 ns
[2022-09-04T00:59:56.419+0000][1][safepoint    ] Safepoint "CollectForMetadataAllocation", Time since last: 30835625 ns, Reaching safepoint: 356792 ns, At safepoint: 143250 ns, Total: 500042 ns
[2022-09-04T00:59:56.448+0000][1][safepoint    ] Safepoint "Deoptimize", Time since last: 27095083 ns, Reaching safepoint: 379084 ns, At safepoint: 1454000 ns, Total: 1833084 ns
[2022-09-04T00:59:56.504+0000][1][safepoint    ] Safepoint "CollectForMetadataAllocation", Time since last: 55526000 ns, Reaching safepoint: 295292 ns, At safepoint: 157041 ns, Total: 452333 ns
[2022-09-04T00:59:56.643+0000][1][safepoint    ] Safepoint "CollectForMetadataAllocation", Time since last: 138084959 ns, Reaching safepoint: 571166 ns, At safepoint: 231167 ns, Total: 802333 ns
[2022-09-04T00:59:56.742+0000][1][safepoint    ] Safepoint "CollectForMetadataAllocation", Time since last: 98697667 ns, Reaching safepoint: 500583 ns, At safepoint: 222708 ns, Total: 723291 ns
[2022-09-04T00:59:56.838+0000][1][safepoint    ] Safepoint "RevokeBias", Time since last: 94486459 ns, Reaching safepoint: 974250 ns, At safepoint: 220250 ns, Total: 1194500 ns
[2022-09-04T00:59:56.845+0000][1][safepoint    ] Safepoint "RevokeBias", Time since last: 6155375 ns, Reaching safepoint: 149416 ns, At safepoint: 156167 ns, Total: 305583 ns
[2022-09-04T00:59:56.851+0000][1][safepoint    ] Safepoint "RevokeBias", Time since last: 5725500 ns, Reaching safepoint: 316625 ns, At safepoint: 135708 ns, Total: 452333 ns
[2022-09-04T00:59:56.853+0000][1][safepoint    ] Safepoint "RevokeBias", Time since last: 2484292 ns, Reaching safepoint: 154458 ns, At safepoint: 150334 ns, Total: 304792 ns
[2022-09-04T00:59:56.859+0000][1][safepoint    ] Safepoint "RevokeBias", Time since last: 4437250 ns, Reaching safepoint: 438833 ns, At safepoint: 186250 ns, Total: 625083 ns
[2022-09-04T00:59:56.860+0000][1][safepoint    ] Safepoint "RevokeBias", Time since last: 1343000 ns, Reaching safepoint: 332292 ns, At safepoint: 129375 ns, Total: 461667 ns
[2022-09-04T00:59:56.863+0000][1][safepoint    ] Safepoint "RevokeBias", Time since last: 2012583 ns, Reaching safepoint: 297875 ns, At safepoint: 130167 ns, Total: 428042 ns
[2022-09-04T00:59:56.866+0000][1][safepoint    ] Safepoint "RevokeBias", Time since last: 2989000 ns, Reaching safepoint: 271791 ns, At safepoint: 135000 ns, Total: 406791 ns
[2022-09-04T00:59:56.870+0000][1][safepoint    ] Safepoint "RevokeBias", Time since last: 3490875 ns, Reaching safepoint: 315584 ns, At safepoint: 137083 ns, Total: 452667 ns
[2022-09-04T00:59:56.872+0000][1][safepoint    ] Safepoint "RevokeBias", Time since last: 1617917 ns, Reaching safepoint: 191458 ns, At safepoint: 131458 ns, Total: 322916 ns
[2022-09-04T00:59:56.878+0000][1][safepoint    ] Safepoint "RevokeBias", Time since last: 6002375 ns, Reaching safepoint: 118542 ns, At safepoint: 132250 ns, Total: 250792 ns
[2022-09-04T00:59:56.880+0000][1][safepoint    ] Safepoint "RevokeBias", Time since last: 1666833 ns, Reaching safepoint: 278584 ns, At safepoint: 130833 ns, Total: 409417 ns
[2022-09-04T00:59:56.888+0000][1][safepoint    ] Safepoint "RevokeBias", Time since last: 6929417 ns, Reaching safepoint: 307875 ns, At safepoint: 138458 ns, Total: 446333 ns
[2022-09-04T00:59:56.890+0000][1][safepoint    ] Safepoint "RevokeBias", Time since last: 2098083 ns, Reaching safepoint: 253875 ns, At safepoint: 137667 ns, Total: 391542 ns
[2022-09-04T00:59:56.900+0000][1][safepoint    ] Safepoint "RevokeBias", Time since last: 8916875 ns, Reaching safepoint: 479333 ns, At safepoint: 126625 ns, Total: 605958 ns
[2022-09-04T00:59:56.906+0000][1][safepoint    ] Safepoint "RevokeBias", Time since last: 5042000 ns, Reaching safepoint: 834667 ns, At safepoint: 238250 ns, Total: 1072917 ns
[2022-09-04T00:59:56.916+0000][1][safepoint    ] Safepoint "Deoptimize", Time since last: 7854625 ns, Reaching safepoint: 334833 ns, At safepoint: 1598500 ns, Total: 1933333 ns
[2022-09-04T00:59:57.085+0000][1][safepoint    ] Safepoint "CollectForMetadataAllocation", Time since last: 168182042 ns, Reaching safepoint: 437917 ns, At safepoint: 329916 ns, Total: 767833 ns
[2022-09-04T00:59:57.147+0000][1][safepoint    ] Safepoint "RevokeBias", Time since last: 61552209 ns, Reaching safepoint: 482416 ns, At safepoint: 199417 ns, Total: 681833 ns
[2022-09-04T00:59:57.150+0000][1][safepoint    ] Safepoint "RevokeBias", Time since last: 2111750 ns, Reaching safepoint: 420500 ns, At safepoint: 262125 ns, Total: 682625 ns
[2022-09-04T00:59:57.152+0000][1][safepoint    ] Safepoint "RevokeBias", Time since last: 1775083 ns, Reaching safepoint: 409167 ns, At safepoint: 192625 ns, Total: 601792 ns
[2022-09-04T00:59:57.154+0000][1][safepoint    ] Safepoint "RevokeBias", Time since last: 999875 ns, Reaching safepoint: 521292 ns, At safepoint: 221083 ns, Total: 742375 ns
[2022-09-04T00:59:57.158+0000][1][safepoint    ] Safepoint "RevokeBias", Time since last: 1144042 ns, Reaching safepoint: 2849708 ns, At safepoint: 128958 ns, Total: 2978666 ns
[2022-09-04T00:59:57.160+0000][1][safepoint    ] Safepoint "RevokeBias", Time since last: 1701917 ns, Reaching safepoint: 252417 ns, At safepoint: 159041 ns, Total: 411458 ns
[2022-09-04T00:59:57.162+0000][1][safepoint    ] Safepoint "RevokeBias", Time since last: 1201042 ns, Reaching safepoint: 317417 ns, At safepoint: 146250 ns, Total: 463667 ns
[2022-09-04T00:59:57.165+0000][1][safepoint    ] Safepoint "RevokeBias", Time since last: 3119000 ns, Reaching safepoint: 460208 ns, At safepoint: 157500 ns, Total: 617708 ns
[2022-09-04T00:59:57.379+0000][1][gc           ] GC(14) Concurrent Abortable Preclean 5175.894ms
[2022-09-04T00:59:57.381+0000][1][gc,cpu       ] GC(14) User=14.41s Sys=0.28s Real=5.18s
[2022-09-04T00:59:57.383+0000][1][gc,start     ] GC(14) Pause Remark
[2022-09-04T00:59:57.573+0000][1][gc           ] GC(14) Pause Remark 186M->186M(494M) 189.802ms
[2022-09-04T00:59:57.574+0000][1][gc,cpu       ] GC(14) User=0.58s Sys=0.01s Real=0.19s
[2022-09-04T00:59:57.576+0000][1][safepoint    ] Safepoint "CMS_Final_Remark", Time since last: 216673125 ns, Reaching safepoint: 802959 ns, At safepoint: 193005500 ns, Total: 193808459 ns
[2022-09-04T00:59:57.587+0000][1][gc           ] GC(14) Concurrent Sweep
[2022-09-04T00:59:57.731+0000][1][gc           ] GC(14) Concurrent Sweep 144.107ms
[2022-09-04T00:59:57.733+0000][1][gc,cpu       ] GC(14) User=0.39s Sys=0.02s Real=0.14s
[2022-09-04T00:59:57.736+0000][1][gc           ] GC(14) Concurrent Reset
[2022-09-04T00:59:57.739+0000][1][gc           ] GC(14) Concurrent Reset 2.332ms
[2022-09-04T00:59:57.740+0000][1][gc,cpu       ] GC(14) User=0.01s Sys=0.00s Real=0.00s
[2022-09-04T00:59:57.743+0000][1][gc,heap      ] GC(14) Old: 48207K->47940K(349568K)
[2022-09-04T00:59:58.240+0000][1][safepoint    ] Safepoint "Deoptimize", Time since last: 659225583 ns, Reaching safepoint: 3818375 ns, At safepoint: 1489167 ns, Total: 5307542 ns
[2022-09-04T00:59:58.303+0000][1][gc,start     ] GC(15) Pause Young (Allocation Failure)
[2022-09-04T00:59:58.304+0000][1][gc,task      ] GC(15) Using 4 workers of 4 for evacuation
[2022-09-04T00:59:58.387+0000][1][gc,age       ] GC(15) Desired survivor size 8945664 bytes, new threshold 2 (max threshold 6)
[2022-09-04T00:59:58.388+0000][1][gc,age       ] GC(15) Age table with threshold 2 (max threshold 6)
[2022-09-04T00:59:58.390+0000][1][gc,age       ] GC(15) - age   1:    5595616 bytes,    5595616 total
[2022-09-04T00:59:58.392+0000][1][gc,age       ] GC(15) - age   2:    4033488 bytes,    9629104 total
[2022-09-04T00:59:58.393+0000][1][gc,age       ] GC(15) - age   3:    3830912 bytes,   13460016 total
[2022-09-04T00:59:58.394+0000][1][gc,heap      ] GC(15) ParNew: 149563K->16918K(157248K)
[2022-09-04T00:59:58.396+0000][1][gc,heap      ] GC(15) CMS: 47940K->47940K(349568K)
[2022-09-04T00:59:58.397+0000][1][gc,metaspace ] GC(15) Metaspace: 69585K->69585K(1114112K)
[2022-09-04T00:59:58.399+0000][1][gc           ] GC(15) Pause Young (Allocation Failure) 192M->63M(494M) 95.597ms
[2022-09-04T00:59:58.400+0000][1][gc,cpu       ] GC(15) User=0.28s Sys=0.01s Real=0.10s
[2022-09-04T00:59:58.402+0000][1][safepoint    ] Safepoint "GenCollectForAllocation", Time since last: 61917625 ns, Reaching safepoint: 681958 ns, At safepoint: 98801334 ns, Total: 99483292 ns
[2022-09-04T00:59:59.171+0000][1][safepoint    ] Safepoint "RevokeBias", Time since last: 768204208 ns, Reaching safepoint: 870042 ns, At safepoint: 242708 ns, Total: 1112750 ns
[2022-09-04T00:59:59.184+0000][1][safepoint    ] Safepoint "RevokeBias", Time since last: 12651375 ns, Reaching safepoint: 460084 ns, At safepoint: 137291 ns, Total: 597375 ns
[2022-09-04T00:59:59.191+0000][1][safepoint    ] Safepoint "RevokeBias", Time since last: 5973500 ns, Reaching safepoint: 573375 ns, At safepoint: 266625 ns, Total: 840000 ns
[2022-09-04T00:59:59.195+0000][1][safepoint    ] Safepoint "RevokeBias", Time since last: 2892417 ns, Reaching safepoint: 1044792 ns, At safepoint: 96166 ns, Total: 1140958 ns
[2022-09-04T00:59:59.204+0000][1][safepoint    ] Safepoint "RevokeBias", Time since last: 8097209 ns, Reaching safepoint: 528625 ns, At safepoint: 118958 ns, Total: 647583 ns
[2022-09-04T00:59:59.212+0000][1][safepoint    ] Safepoint "RevokeBias", Time since last: 6949542 ns, Reaching safepoint: 479000 ns, At safepoint: 255500 ns, Total: 734500 ns
[2022-09-04T00:59:59.218+0000][1][safepoint    ] Safepoint "RevokeBias", Time since last: 5953125 ns, Reaching safepoint: 385958 ns, At safepoint: 100792 ns, Total: 486750 ns
[2022-09-04T00:59:59.220+0000][1][safepoint    ] Safepoint "RevokeBias", Time since last: 1174041 ns, Reaching safepoint: 597334 ns, At safepoint: 214125 ns, Total: 811459 ns
[2022-09-04T00:59:59.223+0000][1][safepoint    ] Safepoint "RevokeBias", Time since last: 2523500 ns, Reaching safepoint: 484208 ns, At safepoint: 109542 ns, Total: 593750 ns
[2022-09-04T00:59:59.226+0000][1][safepoint    ] Safepoint "RevokeBias", Time since last: 2634791 ns, Reaching safepoint: 252042 ns, At safepoint: 230792 ns, Total: 482834 ns
[2022-09-04T00:59:59.228+0000][1][safepoint    ] Safepoint "RevokeBias", Time since last: 1625083 ns, Reaching safepoint: 273875 ns, At safepoint: 101250 ns, Total: 375125 ns
[2022-09-04T00:59:59.230+0000][1][safepoint    ] Safepoint "RevokeBias", Time since last: 1530167 ns, Reaching safepoint: 275750 ns, At safepoint: 114458 ns, Total: 390208 ns
[2022-09-04T00:59:59.233+0000][1][safepoint    ] Safepoint "RevokeBias", Time since last: 1861542 ns, Reaching safepoint: 380583 ns, At safepoint: 149458 ns, Total: 530041 ns
[2022-09-04T00:59:59.235+0000][1][safepoint    ] Safepoint "RevokeBias", Time since last: 2305875 ns, Reaching safepoint: 246167 ns, At safepoint: 99042 ns, Total: 345209 ns
[2022-09-04T00:59:59.241+0000][1][safepoint    ] Safepoint "RevokeBias", Time since last: 4569708 ns, Reaching safepoint: 1379875 ns, At safepoint: 132083 ns, Total: 1511958 ns
[2022-09-04T00:59:59.247+0000][1][safepoint    ] Safepoint "RevokeBias", Time since last: 4607875 ns, Reaching safepoint: 572584 ns, At safepoint: 110291 ns, Total: 682875 ns
[2022-09-04T00:59:59.250+0000][1][safepoint    ] Safepoint "RevokeBias", Time since last: 3315792 ns, Reaching safepoint: 256542 ns, At safepoint: 86416 ns, Total: 342958 ns
[2022-09-04T00:59:59.252+0000][1][safepoint    ] Safepoint "RevokeBias", Time since last: 1456375 ns, Reaching safepoint: 194917 ns, At safepoint: 81042 ns, Total: 275959 ns
[2022-09-04T00:59:59.259+0000][1][safepoint    ] Safepoint "RevokeBias", Time since last: 6223583 ns, Reaching safepoint: 133667 ns, At safepoint: 130541 ns, Total: 264208 ns
[2022-09-04T00:59:59.283+0000][1][safepoint    ] Safepoint "BulkRevokeBias", Time since last: 23809542 ns, Reaching safepoint: 376292 ns, At safepoint: 511041 ns, Total: 887333 ns
[2022-09-04T00:59:59.292+0000][1][safepoint    ] Safepoint "RevokeBias", Time since last: 8780417 ns, Reaching safepoint: 255834 ns, At safepoint: 137583 ns, Total: 393417 ns
[2022-09-04T00:59:59.296+0000][1][safepoint    ] Safepoint "RevokeBias", Time since last: 3137375 ns, Reaching safepoint: 200000 ns, At safepoint: 114250 ns, Total: 314250 ns
[2022-09-04T00:59:59.419+0000][1][safepoint    ] Safepoint "RevokeBias", Time since last: 122140750 ns, Reaching safepoint: 575625 ns, At safepoint: 111667 ns, Total: 687292 ns
[2022-09-04T00:59:59.423+0000][1][safepoint    ] Safepoint "RevokeBias", Time since last: 4095708 ns, Reaching safepoint: 258708 ns, At safepoint: 123167 ns, Total: 381875 ns
[2022-09-04T00:59:59.443+0000][1][safepoint    ] Safepoint "RevokeBias", Time since last: 19853250 ns, Reaching safepoint: 304917 ns, At safepoint: 139500 ns, Total: 444417 ns
[2022-09-04T00:59:59.447+0000][1][safepoint    ] Safepoint "RevokeBias", Time since last: 3061458 ns, Reaching safepoint: 178208 ns, At safepoint: 97500 ns, Total: 275708 ns
[2022-09-04T00:59:59.610+0000][1][safepoint    ] Safepoint "RevokeBias", Time since last: 143786459 ns, Reaching safepoint: 14003916 ns, At safepoint: 2202709 ns, Total: 16206625 ns
[2022-09-04T00:59:59.882+0000][1][safepoint    ] Safepoint "RevokeBias", Time since last: 225206416 ns, Reaching safepoint: 50046042 ns, At safepoint: 84333 ns, Total: 50130375 ns
[2022-09-04T00:59:59.987+0000][1][safepoint    ] Safepoint "RevokeBias", Time since last: 86161542 ns, Reaching safepoint: 18380709 ns, At safepoint: 118666 ns, Total: 18499375 ns
[2022-09-04T01:00:00.016+0000][1][safepoint    ] Safepoint "RevokeBias", Time since last: 14485334 ns, Reaching safepoint: 1406041 ns, At safepoint: 12664209 ns, Total: 14070250 ns
[2022-09-04T01:00:00.392+0000][1][safepoint    ] Safepoint "RevokeBias", Time since last: 374839583 ns, Reaching safepoint: 1156083 ns, At safepoint: 159334 ns, Total: 1315417 ns
[2022-09-04T01:00:00.394+0000][1][safepoint    ] Safepoint "RevokeBias", Time since last: 1859833 ns, Reaching safepoint: 416625 ns, At safepoint: 92917 ns, Total: 509542 ns
[2022-09-04T01:00:00.397+0000][1][safepoint    ] Safepoint "RevokeBias", Time since last: 2186125 ns, Reaching safepoint: 403916 ns, At safepoint: 75875 ns, Total: 479791 ns
[2022-09-04T01:00:00.527+0000][1][safepoint    ] Safepoint "RevokeBias", Time since last: 129683292 ns, Reaching safepoint: 500167 ns, At safepoint: 93958 ns, Total: 594125 ns
[2022-09-04T01:00:00.539+0000][1][safepoint    ] Safepoint "RevokeBias", Time since last: 11545458 ns, Reaching safepoint: 445125 ns, At safepoint: 281375 ns, Total: 726500 ns
[2022-09-04T01:00:00.542+0000][1][safepoint    ] Safepoint "RevokeBias", Time since last: 1774209 ns, Reaching safepoint: 486500 ns, At safepoint: 227958 ns, Total: 714458 ns
[2022-09-04T01:00:00.604+0000][1][safepoint    ] Safepoint "RevokeBias", Time since last: 61893833 ns, Reaching safepoint: 351792 ns, At safepoint: 93500 ns, Total: 445292 ns
[2022-09-04T01:00:00.635+0000][1][safepoint    ] Safepoint "RevokeBias", Time since last: 30453542 ns, Reaching safepoint: 662708 ns, At safepoint: 105833 ns, Total: 768541 ns
[2022-09-04T01:00:00.711+0000][1][safepoint    ] Safepoint "RevokeBias", Time since last: 75061042 ns, Reaching safepoint: 348542 ns, At safepoint: 94792 ns, Total: 443334 ns
[2022-09-04T01:00:00.716+0000][1][safepoint    ] Safepoint "RevokeBias", Time since last: 4945541 ns, Reaching safepoint: 358084 ns, At safepoint: 157000 ns, Total: 515084 ns
[2022-09-04T01:00:00.721+0000][1][safepoint    ] Safepoint "BulkRevokeBias", Time since last: 3618083 ns, Reaching safepoint: 121708 ns, At safepoint: 1202000 ns, Total: 1323708 ns
[2022-09-04T01:00:00.771+0000][1][safepoint    ] Safepoint "RevokeBias", Time since last: 49676042 ns, Reaching safepoint: 456833 ns, At safepoint: 103292 ns, Total: 560125 ns
[2022-09-04T01:00:00.774+0000][1][safepoint    ] Safepoint "RevokeBias", Time since last: 2576292 ns, Reaching safepoint: 355750 ns, At safepoint: 82833 ns, Total: 438583 ns
[2022-09-04T01:00:00.821+0000][1][safepoint    ] Safepoint "RevokeBias", Time since last: 46120042 ns, Reaching safepoint: 596541 ns, At safepoint: 100875 ns, Total: 697416 ns
[2022-09-04T01:00:00.824+0000][1][safepoint    ] Safepoint "RevokeBias", Time since last: 2107542 ns, Reaching safepoint: 485083 ns, At safepoint: 90125 ns, Total: 575208 ns
[2022-09-04T01:00:01.673+0000][1][safepoint    ] Safepoint "RevokeBias", Time since last: 846538542 ns, Reaching safepoint: 2172667 ns, At safepoint: 135167 ns, Total: 2307834 ns
[2022-09-04T01:00:01.688+0000][1][safepoint    ] Safepoint "RevokeBias", Time since last: 14528583 ns, Reaching safepoint: 494750 ns, At safepoint: 129625 ns, Total: 624375 ns
[2022-09-04T01:00:01.696+0000][1][safepoint    ] Safepoint "RevokeBias", Time since last: 7217167 ns, Reaching safepoint: 319166 ns, At safepoint: 162584 ns, Total: 481750 ns
[2022-09-04T01:00:02.050+0000][1][safepoint    ] Safepoint "RevokeBias", Time since last: 353479250 ns, Reaching safepoint: 879083 ns, At safepoint: 117458 ns, Total: 996541 ns
[2022-09-04T01:00:02.053+0000][1][safepoint    ] Safepoint "RevokeBias", Time since last: 2844417 ns, Reaching safepoint: 275042 ns, At safepoint: 105375 ns, Total: 380417 ns
[2022-09-04T01:00:02.056+0000][1][safepoint    ] Safepoint "RevokeBias", Time since last: 2729250 ns, Reaching safepoint: 261041 ns, At safepoint: 87959 ns, Total: 349000 ns
[2022-09-04T01:00:02.094+0000][1][safepoint    ] Safepoint "RevokeBias", Time since last: 36812792 ns, Reaching safepoint: 337958 ns, At safepoint: 165167 ns, Total: 503125 ns
[2022-09-04T01:00:02.098+0000][1][safepoint    ] Safepoint "RevokeBias", Time since last: 4474500 ns, Reaching safepoint: 240416 ns, At safepoint: 94334 ns, Total: 334750 ns
[2022-09-04T01:00:02.102+0000][1][safepoint    ] Safepoint "RevokeBias", Time since last: 3180333 ns, Reaching safepoint: 197292 ns, At safepoint: 87500 ns, Total: 284792 ns
[2022-09-04T01:00:02.179+0000][1][safepoint    ] Safepoint "RevokeBias", Time since last: 76781916 ns, Reaching safepoint: 501709 ns, At safepoint: 119666 ns, Total: 621375 ns
[2022-09-04T01:00:02.188+0000][1][safepoint    ] Safepoint "RevokeBias", Time since last: 7435875 ns, Reaching safepoint: 1470292 ns, At safepoint: 149750 ns, Total: 1620042 ns
[2022-09-04T01:00:02.202+0000][1][safepoint    ] Safepoint "RevokeBias", Time since last: 12278250 ns, Reaching safepoint: 1577583 ns, At safepoint: 223209 ns, Total: 1800792 ns
[2022-09-04T01:00:02.205+0000][1][safepoint    ] Safepoint "RevokeBias", Time since last: 2267500 ns, Reaching safepoint: 501041 ns, At safepoint: 121542 ns, Total: 622583 ns
[2022-09-04T01:00:02.211+0000][1][safepoint    ] Safepoint "RevokeBias", Time since last: 3483917 ns, Reaching safepoint: 1765375 ns, At safepoint: 118875 ns, Total: 1884250 ns
[2022-09-04T01:00:02.222+0000][1][safepoint    ] Safepoint "RevokeBias", Time since last: 10504708 ns, Reaching safepoint: 679958 ns, At safepoint: 184375 ns, Total: 864333 ns
[2022-09-04T01:00:02.227+0000][1][safepoint    ] Safepoint "RevokeBias", Time since last: 3589542 ns, Reaching safepoint: 922333 ns, At safepoint: 253875 ns, Total: 1176208 ns
[2022-09-04T01:00:02.232+0000][1][safepoint    ] Safepoint "RevokeBias", Time since last: 3909292 ns, Reaching safepoint: 1052208 ns, At safepoint: 132084 ns, Total: 1184292 ns
[2022-09-04T01:00:02.238+0000][1][safepoint    ] Safepoint "RevokeBias", Time since last: 2906791 ns, Reaching safepoint: 3354000 ns, At safepoint: 139292 ns, Total: 3493292 ns
[2022-09-04T01:00:02.250+0000][1][safepoint    ] Safepoint "RevokeBias", Time since last: 8640167 ns, Reaching safepoint: 2904000 ns, At safepoint: 488416 ns, Total: 3392416 ns
[2022-09-04T01:00:02.336+0000][1][safepoint    ] Safepoint "RevokeBias", Time since last: 83474709 ns, Reaching safepoint: 1914166 ns, At safepoint: 152584 ns, Total: 2066750 ns
[2022-09-04T01:00:02.514+0000][1][safepoint    ] Safepoint "RevokeBias", Time since last: 177841416 ns, Reaching safepoint: 523292 ns, At safepoint: 79667 ns, Total: 602959 ns
[2022-09-04T01:00:02.516+0000][1][safepoint    ] Safepoint "RevokeBias", Time since last: 1505458 ns, Reaching safepoint: 287458 ns, At safepoint: 127750 ns, Total: 415208 ns
[2022-09-04T01:00:02.540+0000][1][safepoint    ] Safepoint "RevokeBias", Time since last: 22693500 ns, Reaching safepoint: 451500 ns, At safepoint: 245709 ns, Total: 697209 ns
[2022-09-04T01:00:02.690+0000][1][safepoint    ] Safepoint "RevokeBias", Time since last: 148551458 ns, Reaching safepoint: 945167 ns, At safepoint: 468958 ns, Total: 1414125 ns
[2022-09-04T01:00:02.907+0000][1][safepoint    ] Safepoint "RevokeBias", Time since last: 215680042 ns, Reaching safepoint: 1516833 ns, At safepoint: 84584 ns, Total: 1601417 ns
[2022-09-04T01:00:02.917+0000][1][safepoint    ] Safepoint "RevokeBias", Time since last: 8851250 ns, Reaching safepoint: 1008541 ns, At safepoint: 92042 ns, Total: 1100583 ns
[2022-09-04T01:00:03.067+0000][1][safepoint    ] Safepoint "RevokeBias", Time since last: 149445750 ns, Reaching safepoint: 1009458 ns, At safepoint: 55292 ns, Total: 1064750 ns
[2022-09-04T01:00:03.304+0000][1][safepoint    ] Safepoint "RevokeBias", Time since last: 235417500 ns, Reaching safepoint: 1261042 ns, At safepoint: 287083 ns, Total: 1548125 ns
[2022-09-04T01:00:03.368+0000][1][safepoint    ] Safepoint "RevokeBias", Time since last: 62912542 ns, Reaching safepoint: 661708 ns, At safepoint: 58458 ns, Total: 720166 ns
[2022-09-04T01:00:03.377+0000][1][safepoint    ] Safepoint "RevokeBias", Time since last: 7488375 ns, Reaching safepoint: 953542 ns, At safepoint: 215417 ns, Total: 1168959 ns
[2022-09-04T01:00:03.380+0000][1][safepoint    ] Safepoint "RevokeBias", Time since last: 2419750 ns, Reaching safepoint: 611125 ns, At safepoint: 39583 ns, Total: 650708 ns
[2022-09-04T01:00:03.386+0000][1][safepoint    ] Safepoint "RevokeBias", Time since last: 5377125 ns, Reaching safepoint: 569958 ns, At safepoint: 35334 ns, Total: 605292 ns
[2022-09-04T01:00:03.404+0000][1][safepoint    ] Safepoint "RevokeBias", Time since last: 17375458 ns, Reaching safepoint: 642250 ns, At safepoint: 39292 ns, Total: 681542 ns
[2022-09-04T01:00:03.421+0000][1][safepoint    ] Safepoint "RevokeBias", Time since last: 14375416 ns, Reaching safepoint: 2736834 ns, At safepoint: 69416 ns, Total: 2806250 ns
[2022-09-04T01:00:03.468+0000][1][safepoint    ] Safepoint "RevokeBias", Time since last: 46503292 ns, Reaching safepoint: 857250 ns, At safepoint: 45958 ns, Total: 903208 ns
[2022-09-04T01:00:03.472+0000][1][safepoint    ] Safepoint "RevokeBias", Time since last: 2892875 ns, Reaching safepoint: 601584 ns, At safepoint: 29708 ns, Total: 631292 ns
[2022-09-04T01:00:03.743+0000][1][safepoint    ] Safepoint "Deoptimize", Time since last: 268725042 ns, Reaching safepoint: 592083 ns, At safepoint: 2143084 ns, Total: 2735167 ns
[2022-09-04T01:00:04.076+0000][1][safepoint    ] Safepoint "RevokeBias", Time since last: 330865250 ns, Reaching safepoint: 1380750 ns, At safepoint: 35375 ns, Total: 1416125 ns
[2022-09-04T01:00:04.078+0000][1][safepoint    ] Safepoint "RevokeBias", Time since last: 2469666 ns, Reaching safepoint: 379292 ns, At safepoint: 24333 ns, Total: 403625 ns
[2022-09-04T01:00:04.153+0000][1][safepoint    ] Safepoint "RevokeBias", Time since last: 73958542 ns, Reaching safepoint: 435958 ns, At safepoint: 33584 ns, Total: 469542 ns
[2022-09-04T01:00:04.156+0000][1][safepoint    ] Safepoint "RevokeBias", Time since last: 2642416 ns, Reaching safepoint: 332625 ns, At safepoint: 26375 ns, Total: 359000 ns
[2022-09-04T01:00:04.159+0000][1][safepoint    ] Safepoint "RevokeBias", Time since last: 1926917 ns, Reaching safepoint: 794250 ns, At safepoint: 59583 ns, Total: 853833 ns
[2022-09-04T01:00:04.164+0000][1][safepoint    ] Safepoint "RevokeBias", Time since last: 4568959 ns, Reaching safepoint: 457833 ns, At safepoint: 37458 ns, Total: 495291 ns
[2022-09-04T01:00:04.256+0000][1][safepoint    ] Safepoint "RevokeBias", Time since last: 91630751 ns, Reaching safepoint: 700541 ns, At safepoint: 41875 ns, Total: 742416 ns
[2022-09-04T01:00:04.261+0000][1][safepoint    ] Safepoint "RevokeBias", Time since last: 4300875 ns, Reaching safepoint: 624792 ns, At safepoint: 68292 ns, Total: 693084 ns
[2022-09-04T01:00:04.266+0000][1][safepoint    ] Safepoint "RevokeBias", Time since last: 4123625 ns, Reaching safepoint: 974625 ns, At safepoint: 39375 ns, Total: 1014000 ns
[2022-09-04T01:00:04.271+0000][1][safepoint    ] Safepoint "RevokeBias", Time since last: 3996958 ns, Reaching safepoint: 601917 ns, At safepoint: 60208 ns, Total: 662125 ns
[2022-09-04T01:00:04.341+0000][1][safepoint    ] Safepoint "RevokeBias", Time since last: 69246958 ns, Reaching safepoint: 914125 ns, At safepoint: 44000 ns, Total: 958125 ns
[2022-09-04T01:00:04.415+0000][1][safepoint    ] Safepoint "RevokeBias", Time since last: 73109250 ns, Reaching safepoint: 639917 ns, At safepoint: 69292 ns, Total: 709209 ns
[2022-09-04T01:00:04.424+0000][1][safepoint    ] Safepoint "RevokeBias", Time since last: 7434250 ns, Reaching safepoint: 1031708 ns, At safepoint: 59708 ns, Total: 1091416 ns
[2022-09-04T01:00:04.429+0000][1][safepoint    ] Safepoint "RevokeBias", Time since last: 4574542 ns, Reaching safepoint: 841708 ns, At safepoint: 74167 ns, Total: 915875 ns
[2022-09-04T01:00:04.433+0000][1][safepoint    ] Safepoint "RevokeBias", Time since last: 2859625 ns, Reaching safepoint: 934167 ns, At safepoint: 39041 ns, Total: 973208 ns
[2022-09-04T01:00:04.435+0000][1][safepoint    ] Safepoint "RevokeBias", Time since last: 1654209 ns, Reaching safepoint: 600708 ns, At safepoint: 60792 ns, Total: 661500 ns
[2022-09-04T01:00:04.438+0000][1][safepoint    ] Safepoint "RevokeBias", Time since last: 1980416 ns, Reaching safepoint: 634542 ns, At safepoint: 75500 ns, Total: 710042 ns
[2022-09-04T01:00:04.442+0000][1][safepoint    ] Safepoint "RevokeBias", Time since last: 3808833 ns, Reaching safepoint: 514334 ns, At safepoint: 38791 ns, Total: 553125 ns
[2022-09-04T01:00:04.445+0000][1][safepoint    ] Safepoint "RevokeBias", Time since last: 2038709 ns, Reaching safepoint: 574208 ns, At safepoint: 32750 ns, Total: 606958 ns
[2022-09-04T01:00:04.957+0000][1][safepoint    ] Safepoint "RevokeBias", Time since last: 511963792 ns, Reaching safepoint: 584542 ns, At safepoint: 27416 ns, Total: 611958 ns
[2022-09-04T01:00:04.965+0000][1][safepoint    ] Safepoint "RevokeBias", Time since last: 6951459 ns, Reaching safepoint: 575625 ns, At safepoint: 37958 ns, Total: 613583 ns
[2022-09-04T01:00:05.086+0000][1][safepoint    ] Safepoint "RevokeBias", Time since last: 119460000 ns, Reaching safepoint: 1173667 ns, At safepoint: 38791 ns, Total: 1212458 ns
[2022-09-04T01:00:05.089+0000][1][safepoint    ] Safepoint "RevokeBias", Time since last: 2426875 ns, Reaching safepoint: 483875 ns, At safepoint: 35125 ns, Total: 519000 ns
[2022-09-04T01:00:05.091+0000][1][safepoint    ] Safepoint "RevokeBias", Time since last: 1812375 ns, Reaching safepoint: 543750 ns, At safepoint: 35209 ns, Total: 578959 ns
[2022-09-04T01:00:05.099+0000][1][safepoint    ] Safepoint "RevokeBias", Time since last: 7796083 ns, Reaching safepoint: 496333 ns, At safepoint: 47625 ns, Total: 543958 ns
[2022-09-04T01:00:05.113+0000][1][safepoint    ] Safepoint "RevokeBias", Time since last: 13366709 ns, Reaching safepoint: 595500 ns, At safepoint: 35541 ns, Total: 631041 ns
[2022-09-04T01:00:05.143+0000][1][safepoint    ] Safepoint "RevokeBias", Time since last: 29507042 ns, Reaching safepoint: 392958 ns, At safepoint: 59542 ns, Total: 452500 ns
[2022-09-04T01:00:05.251+0000][1][safepoint    ] Safepoint "RevokeBias", Time since last: 107461542 ns, Reaching safepoint: 539000 ns, At safepoint: 53083 ns, Total: 592083 ns
[2022-09-04T01:00:05.264+0000][1][safepoint    ] Safepoint "RevokeBias", Time since last: 12101875 ns, Reaching safepoint: 444708 ns, At safepoint: 39917 ns, Total: 484625 ns
[2022-09-04T01:00:05.577+0000][1][safepoint    ] Safepoint "RevokeBias", Time since last: 312471459 ns, Reaching safepoint: 703333 ns, At safepoint: 48542 ns, Total: 751875 ns
[2022-09-04T01:00:05.580+0000][1][safepoint    ] Safepoint "RevokeBias", Time since last: 1896500 ns, Reaching safepoint: 810041 ns, At safepoint: 24125 ns, Total: 834166 ns
[2022-09-04T01:00:05.632+0000][1][safepoint    ] Safepoint "RevokeBias", Time since last: 51811917 ns, Reaching safepoint: 446083 ns, At safepoint: 34792 ns, Total: 480875 ns
[2022-09-04T01:00:05.816+0000][1][safepoint    ] Safepoint "RevokeBias", Time since last: 182854125 ns, Reaching safepoint: 519750 ns, At safepoint: 34333 ns, Total: 554083 ns
[2022-09-04T01:00:05.820+0000][1][safepoint    ] Safepoint "BulkRevokeBias", Time since last: 3134667 ns, Reaching safepoint: 273083 ns, At safepoint: 1249709 ns, Total: 1522792 ns
[2022-09-04T01:00:05.823+0000][1][safepoint    ] Safepoint "RevokeBias", Time since last: 1951291 ns, Reaching safepoint: 446750 ns, At safepoint: 30459 ns, Total: 477209 ns
[2022-09-04T01:00:05.826+0000][1][safepoint    ] Safepoint "RevokeBias", Time since last: 2621416 ns, Reaching safepoint: 396084 ns, At safepoint: 28208 ns, Total: 424292 ns
[2022-09-04T01:00:05.899+0000][1][safepoint    ] Safepoint "RevokeBias", Time since last: 73131708 ns, Reaching safepoint: 416792 ns, At safepoint: 105292 ns, Total: 522084 ns
[2022-09-04T01:00:06.157+0000][1][safepoint    ] Safepoint "RevokeBias", Time since last: 256843541 ns, Reaching safepoint: 744084 ns, At safepoint: 173333 ns, Total: 917417 ns
[2022-09-04T01:00:06.591+0000][1][safepoint    ] Safepoint "RevokeBias", Time since last: 433108375 ns, Reaching safepoint: 700167 ns, At safepoint: 39625 ns, Total: 739792 ns
[2022-09-04T01:00:06.706+0000][1][safepoint    ] Safepoint "Deoptimize", Time since last: 112747042 ns, Reaching safepoint: 527041 ns, At safepoint: 1930750 ns, Total: 2457791 ns
[2022-09-04T01:00:06.714+0000][1][safepoint    ] Safepoint "RevokeBias", Time since last: 4814584 ns, Reaching safepoint: 2453208 ns, At safepoint: 134625 ns, Total: 2587833 ns
[2022-09-04T01:00:06.717+0000][1][safepoint    ] Safepoint "RevokeBias", Time since last: 3100042 ns, Reaching safepoint: 639916 ns, At safepoint: 97042 ns, Total: 736958 ns
[2022-09-04T01:00:06.889+0000][1][safepoint    ] Safepoint "RevokeBias", Time since last: 171314917 ns, Reaching safepoint: 595666 ns, At safepoint: 56917 ns, Total: 652583 ns
[2022-09-04T01:00:06.922+0000][1][safepoint    ] Safepoint "RevokeBias", Time since last: 31908000 ns, Reaching safepoint: 349083 ns, At safepoint: 67292 ns, Total: 416375 ns
[2022-09-04T01:00:06.929+0000][1][safepoint    ] Safepoint "RevokeBias", Time since last: 6645167 ns, Reaching safepoint: 409708 ns, At safepoint: 32667 ns, Total: 442375 ns
[2022-09-04T01:00:07.731+0000][1][safepoint    ] Safepoint "RevokeBias", Time since last: 801289042 ns, Reaching safepoint: 1144500 ns, At safepoint: 165500 ns, Total: 1310000 ns
[2022-09-04T01:00:07.735+0000][1][safepoint    ] Safepoint "RevokeBias", Time since last: 3421667 ns, Reaching safepoint: 341083 ns, At safepoint: 106292 ns, Total: 447375 ns
[2022-09-04T01:00:07.738+0000][1][safepoint    ] Safepoint "RevokeBias", Time since last: 2645000 ns, Reaching safepoint: 451708 ns, At safepoint: 93875 ns, Total: 545583 ns
[2022-09-04T01:00:08.741+0000][1][safepoint    ] Safepoint "Cleanup", Time since last: 1001867917 ns, Reaching safepoint: 530083 ns, At safepoint: 40125 ns, Total: 570208 ns
[2022-09-04T01:00:09.320+0000][1][safepoint    ] Safepoint "RevokeBias", Time since last: 578001501 ns, Reaching safepoint: 492333 ns, At safepoint: 205125 ns, Total: 697458 ns
[2022-09-04T01:00:10.323+0000][1][safepoint    ] Safepoint "Cleanup", Time since last: 1002599625 ns, Reaching safepoint: 546209 ns, At safepoint: 34083 ns, Total: 580292 ns
[2022-09-04T01:00:11.326+0000][1][safepoint    ] Safepoint "Cleanup", Time since last: 1003231959 ns, Reaching safepoint: 386792 ns, At safepoint: 24541 ns, Total: 411333 ns
[2022-09-04T01:00:12.339+0000][1][safepoint    ] Safepoint "Cleanup", Time since last: 1012392084 ns, Reaching safepoint: 381542 ns, At safepoint: 20791 ns, Total: 402333 ns
[2022-09-04T01:00:13.344+0000][1][safepoint    ] Safepoint "Cleanup", Time since last: 1004471251 ns, Reaching safepoint: 543000 ns, At safepoint: 32833 ns, Total: 575833 ns
[2022-09-04T01:00:14.350+0000][1][safepoint    ] Safepoint "Cleanup", Time since last: 1005810376 ns, Reaching safepoint: 317958 ns, At safepoint: 21500 ns, Total: 339458 ns
[2022-09-04T01:00:15.353+0000][1][safepoint    ] Safepoint "Cleanup", Time since last: 1001500084 ns, Reaching safepoint: 560208 ns, At safepoint: 196542 ns, Total: 756750 ns
[2022-09-04T01:00:16.357+0000][1][safepoint    ] Safepoint "Cleanup", Time since last: 1003645625 ns, Reaching safepoint: 454084 ns, At safepoint: 23625 ns, Total: 477709 ns
[2022-09-04T01:00:17.359+0000][1][safepoint    ] Safepoint "Cleanup", Time since last: 1001932542 ns, Reaching safepoint: 369041 ns, At safepoint: 22959 ns, Total: 392000 ns
[2022-09-04T01:00:18.364+0000][1][safepoint    ] Safepoint "Cleanup", Time since last: 1003880792 ns, Reaching safepoint: 756833 ns, At safepoint: 34125 ns, Total: 790958 ns
[2022-09-04T01:00:19.368+0000][1][safepoint    ] Safepoint "Cleanup", Time since last: 1003202001 ns, Reaching safepoint: 661333 ns, At safepoint: 38708 ns, Total: 700041 ns
[2022-09-04T01:00:20.372+0000][1][safepoint    ] Safepoint "Cleanup", Time since last: 1002807834 ns, Reaching safepoint: 990834 ns, At safepoint: 118458 ns, Total: 1109292 ns
[2022-09-04T01:00:21.375+0000][1][safepoint    ] Safepoint "Cleanup", Time since last: 1003514334 ns, Reaching safepoint: 350583 ns, At safepoint: 21167 ns, Total: 371750 ns
[2022-09-04T01:00:22.383+0000][1][safepoint    ] Safepoint "Cleanup", Time since last: 1006363583 ns, Reaching safepoint: 473000 ns, At safepoint: 30583 ns, Total: 503583 ns
[2022-09-04T01:00:23.388+0000][1][safepoint    ] Safepoint "Cleanup", Time since last: 1003379584 ns, Reaching safepoint: 1304542 ns, At safepoint: 84625 ns, Total: 1389167 ns
[2022-09-04T01:00:24.395+0000][1][safepoint    ] Safepoint "Cleanup", Time since last: 1007003334 ns, Reaching safepoint: 312000 ns, At safepoint: 23375 ns, Total: 335375 ns
[2022-09-04T01:00:25.397+0000][1][safepoint    ] Safepoint "Cleanup", Time since last: 1001550958 ns, Reaching safepoint: 379917 ns, At safepoint: 38333 ns, Total: 418250 ns
[2022-09-04T01:00:26.401+0000][1][safepoint    ] Safepoint "Cleanup", Time since last: 1003574042 ns, Reaching safepoint: 480625 ns, At safepoint: 21917 ns, Total: 502542 ns
[2022-09-04T01:00:27.404+0000][1][safepoint    ] Safepoint "Cleanup", Time since last: 1001785459 ns, Reaching safepoint: 745542 ns, At safepoint: 34000 ns, Total: 779542 ns
[2022-09-04T01:00:28.422+0000][1][safepoint    ] Safepoint "Cleanup", Time since last: 1017908708 ns, Reaching safepoint: 595792 ns, At safepoint: 30208 ns, Total: 626000 ns
[2022-09-04T01:00:29.426+0000][1][safepoint    ] Safepoint "Cleanup", Time since last: 1003329918 ns, Reaching safepoint: 410250 ns, At safepoint: 26291 ns, Total: 436541 ns
[2022-09-04T01:00:30.429+0000][1][safepoint    ] Safepoint "Cleanup", Time since last: 1002376001 ns, Reaching safepoint: 467250 ns, At safepoint: 28708 ns, Total: 495958 ns
[2022-09-04T01:00:31.431+0000][1][safepoint    ] Safepoint "Cleanup", Time since last: 1001787292 ns, Reaching safepoint: 447917 ns, At safepoint: 24625 ns, Total: 472542 ns
[2022-09-04T01:00:32.238+0000][1][safepoint    ] Safepoint "RevokeBias", Time since last: 806172000 ns, Reaching safepoint: 470792 ns, At safepoint: 142125 ns, Total: 612917 ns
[2022-09-04T01:00:33.243+0000][1][safepoint    ] Safepoint "Cleanup", Time since last: 1001924834 ns, Reaching safepoint: 2791291 ns, At safepoint: 85584 ns, Total: 2876875 ns
[2022-09-04T01:00:35.249+0000][1][safepoint    ] Safepoint "Cleanup", Time since last: 2005923376 ns, Reaching safepoint: 556083 ns, At safepoint: 29042 ns, Total: 585125 ns
[2022-09-04T01:00:35.700+0000][1][safepoint    ] Safepoint "RevokeBias", Time since last: 449991125 ns, Reaching safepoint: 450958 ns, At safepoint: 45375 ns, Total: 496333 ns
[2022-09-04T01:00:35.712+0000][1][safepoint    ] Safepoint "RevokeBias", Time since last: 11037209 ns, Reaching safepoint: 624708 ns, At safepoint: 104833 ns, Total: 729541 ns
[2022-09-04T01:00:35.715+0000][1][safepoint    ] Safepoint "RevokeBias", Time since last: 2069250 ns, Reaching safepoint: 540167 ns, At safepoint: 364667 ns, Total: 904834 ns
[2022-09-04T01:00:35.731+0000][1][safepoint    ] Safepoint "RevokeBias", Time since last: 15055083 ns, Reaching safepoint: 805417 ns, At safepoint: 99208 ns, Total: 904625 ns
[2022-09-04T01:00:35.736+0000][1][safepoint    ] Safepoint "RevokeBias", Time since last: 4390375 ns, Reaching safepoint: 1144333 ns, At safepoint: 110917 ns, Total: 1255250 ns
[2022-09-04T01:00:35.747+0000][1][safepoint    ] Safepoint "BulkRevokeBias", Time since last: 7568208 ns, Reaching safepoint: 1590292 ns, At safepoint: 1351958 ns, Total: 2942250 ns
[2022-09-04T01:00:35.771+0000][1][safepoint    ] Safepoint "RevokeBias", Time since last: 20157167 ns, Reaching safepoint: 3646458 ns, At safepoint: 204959 ns, Total: 3851417 ns
[2022-09-04T01:00:35.779+0000][1][safepoint    ] Safepoint "RevokeBias", Time since last: 7193916 ns, Reaching safepoint: 967667 ns, At safepoint: 93500 ns, Total: 1061167 ns
[2022-09-04T01:00:35.783+0000][1][safepoint    ] Safepoint "RevokeBias", Time since last: 2748000 ns, Reaching safepoint: 1067417 ns, At safepoint: 86041 ns, Total: 1153458 ns
[2022-09-04T01:00:35.817+0000][1][safepoint    ] Safepoint "RevokeBias", Time since last: 31376709 ns, Reaching safepoint: 2821791 ns, At safepoint: 50459 ns, Total: 2872250 ns
[2022-09-04T01:00:36.153+0000][1][safepoint    ] Safepoint "Deoptimize", Time since last: 328748833 ns, Reaching safepoint: 1655417 ns, At safepoint: 5593041 ns, Total: 7248458 ns
[2022-09-04T01:00:36.284+0000][1][safepoint    ] Safepoint "RevokeBias", Time since last: 129075251 ns, Reaching safepoint: 1378291 ns, At safepoint: 181250 ns, Total: 1559541 ns
[2022-09-04T01:00:36.495+0000][1][safepoint    ] Safepoint "RevokeBias", Time since last: 210454417 ns, Reaching safepoint: 894167 ns, At safepoint: 40833 ns, Total: 935000 ns
[2022-09-04T01:00:36.504+0000][1][safepoint    ] Safepoint "RevokeBias", Time since last: 7822167 ns, Reaching safepoint: 784250 ns, At safepoint: 114458 ns, Total: 898708 ns
[2022-09-04T01:00:36.583+0000][1][safepoint    ] Safepoint "RevokeBias", Time since last: 77086125 ns, Reaching safepoint: 1165333 ns, At safepoint: 696584 ns, Total: 1861917 ns
[2022-09-04T01:00:36.954+0000][1][safepoint    ] Safepoint "RevokeBias", Time since last: 369310458 ns, Reaching safepoint: 1352708 ns, At safepoint: 113750 ns, Total: 1466458 ns
[2022-09-04T01:00:36.989+0000][1][safepoint    ] Safepoint "RevokeBias", Time since last: 34585084 ns, Reaching safepoint: 679750 ns, At safepoint: 131833 ns, Total: 811583 ns
[2022-09-04T01:00:36.994+0000][1][safepoint    ] Safepoint "RevokeBias", Time since last: 3792792 ns, Reaching safepoint: 466042 ns, At safepoint: 366458 ns, Total: 832500 ns
[2022-09-04T01:00:36.996+0000][1][safepoint    ] Safepoint "RevokeBias", Time since last: 1165125 ns, Reaching safepoint: 927125 ns, At safepoint: 105375 ns, Total: 1032500 ns
[2022-09-04T01:00:37.001+0000][1][safepoint    ] Safepoint "RevokeBias", Time since last: 4151458 ns, Reaching safepoint: 836792 ns, At safepoint: 108833 ns, Total: 945625 ns
[2022-09-04T01:00:37.005+0000][1][safepoint    ] Safepoint "RevokeBias", Time since last: 2691834 ns, Reaching safepoint: 838250 ns, At safepoint: 199833 ns, Total: 1038083 ns
[2022-09-04T01:00:37.012+0000][1][safepoint    ] Safepoint "RevokeBias", Time since last: 5892667 ns, Reaching safepoint: 705041 ns, At safepoint: 368084 ns, Total: 1073125 ns
[2022-09-04T01:00:37.015+0000][1][safepoint    ] Safepoint "RevokeBias", Time since last: 2549750 ns, Reaching safepoint: 574000 ns, At safepoint: 268458 ns, Total: 842458 ns
[2022-09-04T01:00:37.018+0000][1][safepoint    ] Safepoint "RevokeBias", Time since last: 1839000 ns, Reaching safepoint: 551167 ns, At safepoint: 362083 ns, Total: 913250 ns
[2022-09-04T01:00:37.039+0000][1][safepoint    ] Safepoint "RevokeBias", Time since last: 19717875 ns, Reaching safepoint: 1119167 ns, At safepoint: 140666 ns, Total: 1259833 ns
[2022-09-04T01:00:37.047+0000][1][safepoint    ] Safepoint "RevokeBias", Time since last: 6993209 ns, Reaching safepoint: 373291 ns, At safepoint: 1050917 ns, Total: 1424208 ns
[2022-09-04T01:00:37.056+0000][1][safepoint    ] Safepoint "RevokeBias", Time since last: 8767875 ns, Reaching safepoint: 287750 ns, At safepoint: 157417 ns, Total: 445167 ns
[2022-09-04T01:00:37.062+0000][1][safepoint    ] Safepoint "RevokeBias", Time since last: 4518750 ns, Reaching safepoint: 800791 ns, At safepoint: 132959 ns, Total: 933750 ns
[2022-09-04T01:00:37.067+0000][1][safepoint    ] Safepoint "RevokeBias", Time since last: 3915458 ns, Reaching safepoint: 711708 ns, At safepoint: 204375 ns, Total: 916083 ns
[2022-09-04T01:00:37.072+0000][1][safepoint    ] Safepoint "RevokeBias", Time since last: 4702834 ns, Reaching safepoint: 549625 ns, At safepoint: 292541 ns, Total: 842166 ns
[2022-09-04T01:00:37.078+0000][1][safepoint    ] Safepoint "RevokeBias", Time since last: 3905084 ns, Reaching safepoint: 1399625 ns, At safepoint: 408875 ns, Total: 1808500 ns
[2022-09-04T01:00:37.086+0000][1][safepoint    ] Safepoint "RevokeBias", Time since last: 4996750 ns, Reaching safepoint: 2330041 ns, At safepoint: 339209 ns, Total: 2669250 ns
[2022-09-04T01:00:37.093+0000][1][safepoint    ] Safepoint "RevokeBias", Time since last: 6251041 ns, Reaching safepoint: 705667 ns, At safepoint: 233958 ns, Total: 939625 ns
[2022-09-04T01:00:37.107+0000][1][safepoint    ] Safepoint "RevokeBias", Time since last: 13342000 ns, Reaching safepoint: 509209 ns, At safepoint: 108333 ns, Total: 617542 ns
[2022-09-04T01:00:37.607+0000][1][safepoint    ] Safepoint "RevokeBias", Time since last: 499631458 ns, Reaching safepoint: 647750 ns, At safepoint: 53209 ns, Total: 700959 ns
[2022-09-04T01:00:37.687+0000][1][safepoint    ] Safepoint "Deoptimize", Time since last: 76043292 ns, Reaching safepoint: 703125 ns, At safepoint: 2766125 ns, Total: 3469250 ns
[2022-09-04T01:00:37.819+0000][1][safepoint    ] Safepoint "RevokeBias", Time since last: 132214500 ns, Reaching safepoint: 600583 ns, At safepoint: 104417 ns, Total: 705000 ns
[2022-09-04T01:00:37.948+0000][1][safepoint    ] Safepoint "RevokeBias", Time since last: 127932000 ns, Reaching safepoint: 603541 ns, At safepoint: 432625 ns, Total: 1036166 ns
[2022-09-04T01:00:37.961+0000][1][safepoint    ] Safepoint "RevokeBias", Time since last: 12546750 ns, Reaching safepoint: 355875 ns, At safepoint: 79959 ns, Total: 435834 ns
[2022-09-04T01:00:37.989+0000][1][safepoint    ] Safepoint "RevokeBias", Time since last: 26778541 ns, Reaching safepoint: 466167 ns, At safepoint: 84333 ns, Total: 550500 ns
[2022-09-04T01:00:38.019+0000][1][safepoint    ] Safepoint "RevokeBias", Time since last: 29972834 ns, Reaching safepoint: 394750 ns, At safepoint: 78916 ns, Total: 473666 ns
[2022-09-04T01:00:38.022+0000][1][safepoint    ] Safepoint "RevokeBias", Time since last: 2039500 ns, Reaching safepoint: 432125 ns, At safepoint: 146709 ns, Total: 578834 ns
[2022-09-04T01:00:38.025+0000][1][safepoint    ] Safepoint "RevokeBias", Time since last: 2815083 ns, Reaching safepoint: 422542 ns, At safepoint: 92708 ns, Total: 515250 ns
[2022-09-04T01:00:38.027+0000][1][safepoint    ] Safepoint "RevokeBias", Time since last: 1444083 ns, Reaching safepoint: 331125 ns, At safepoint: 83625 ns, Total: 414750 ns
[2022-09-04T01:00:38.030+0000][1][safepoint    ] Safepoint "RevokeBias", Time since last: 2036584 ns, Reaching safepoint: 439416 ns, At safepoint: 74625 ns, Total: 514041 ns
[2022-09-04T01:00:38.031+0000][1][safepoint    ] Safepoint "RevokeBias", Time since last: 1227125 ns, Reaching safepoint: 356250 ns, At safepoint: 97542 ns, Total: 453792 ns
[2022-09-04T01:00:38.033+0000][1][safepoint    ] Safepoint "RevokeBias", Time since last: 1363750 ns, Reaching safepoint: 235625 ns, At safepoint: 102292 ns, Total: 337917 ns
[2022-09-04T01:00:38.034+0000][1][safepoint    ] Safepoint "RevokeBias", Time since last: 907833 ns, Reaching safepoint: 302250 ns, At safepoint: 57625 ns, Total: 359875 ns
[2022-09-04T01:00:38.037+0000][1][safepoint    ] Safepoint "RevokeBias", Time since last: 2293750 ns, Reaching safepoint: 249375 ns, At safepoint: 70167 ns, Total: 319542 ns
[2022-09-04T01:00:38.039+0000][1][safepoint    ] Safepoint "RevokeBias", Time since last: 1666416 ns, Reaching safepoint: 431459 ns, At safepoint: 70083 ns, Total: 501542 ns
[2022-09-04T01:00:38.041+0000][1][safepoint    ] Safepoint "RevokeBias", Time since last: 932458 ns, Reaching safepoint: 699250 ns, At safepoint: 68417 ns, Total: 767667 ns
[2022-09-04T01:00:38.042+0000][1][safepoint    ] Safepoint "RevokeBias", Time since last: 1145792 ns, Reaching safepoint: 322166 ns, At safepoint: 69584 ns, Total: 391750 ns
[2022-09-04T01:00:38.044+0000][1][safepoint    ] Safepoint "RevokeBias", Time since last: 1010250 ns, Reaching safepoint: 429458 ns, At safepoint: 69667 ns, Total: 499125 ns
[2022-09-04T01:00:38.047+0000][1][safepoint    ] Safepoint "RevokeBias", Time since last: 2939875 ns, Reaching safepoint: 379583 ns, At safepoint: 75333 ns, Total: 454916 ns
[2022-09-04T01:00:38.049+0000][1][safepoint    ] Safepoint "RevokeBias", Time since last: 1581542 ns, Reaching safepoint: 223875 ns, At safepoint: 62458 ns, Total: 286333 ns
[2022-09-04T01:00:38.050+0000][1][safepoint    ] Safepoint "RevokeBias", Time since last: 975667 ns, Reaching safepoint: 250125 ns, At safepoint: 85917 ns, Total: 336042 ns
[2022-09-04T01:00:38.052+0000][1][safepoint    ] Safepoint "RevokeBias", Time since last: 900875 ns, Reaching safepoint: 321666 ns, At safepoint: 63375 ns, Total: 385041 ns
[2022-09-04T01:00:38.056+0000][1][safepoint    ] Safepoint "RevokeBias", Time since last: 3854334 ns, Reaching safepoint: 302833 ns, At safepoint: 75167 ns, Total: 378000 ns
[2022-09-04T01:00:38.058+0000][1][safepoint    ] Safepoint "RevokeBias", Time since last: 1954166 ns, Reaching safepoint: 262125 ns, At safepoint: 71042 ns, Total: 333167 ns
[2022-09-04T01:00:38.060+0000][1][safepoint    ] Safepoint "RevokeBias", Time since last: 1590792 ns, Reaching safepoint: 337416 ns, At safepoint: 74625 ns, Total: 412041 ns
[2022-09-04T01:00:38.061+0000][1][safepoint    ] Safepoint "RevokeBias", Time since last: 820459 ns, Reaching safepoint: 395041 ns, At safepoint: 54917 ns, Total: 449958 ns
[2022-09-04T01:00:38.063+0000][1][safepoint    ] Safepoint "RevokeBias", Time since last: 958583 ns, Reaching safepoint: 362875 ns, At safepoint: 69584 ns, Total: 432459 ns
[2022-09-04T01:00:38.065+0000][1][safepoint    ] Safepoint "RevokeBias", Time since last: 2323833 ns, Reaching safepoint: 286792 ns, At safepoint: 68958 ns, Total: 355750 ns
[2022-09-04T01:00:38.068+0000][1][safepoint    ] Safepoint "RevokeBias", Time since last: 1794083 ns, Reaching safepoint: 301542 ns, At safepoint: 63583 ns, Total: 365125 ns
[2022-09-04T01:00:38.070+0000][1][safepoint    ] Safepoint "RevokeBias", Time since last: 1536042 ns, Reaching safepoint: 335375 ns, At safepoint: 80125 ns, Total: 415500 ns
[2022-09-04T01:00:38.071+0000][1][safepoint    ] Safepoint "RevokeBias", Time since last: 1461750 ns, Reaching safepoint: 347417 ns, At safepoint: 70875 ns, Total: 418292 ns
[2022-09-04T01:00:38.073+0000][1][safepoint    ] Safepoint "RevokeBias", Time since last: 1291916 ns, Reaching safepoint: 254709 ns, At safepoint: 60958 ns, Total: 315667 ns
[2022-09-04T01:00:38.092+0000][1][safepoint    ] Safepoint "RevokeBias", Time since last: 18285333 ns, Reaching safepoint: 385542 ns, At safepoint: 81917 ns, Total: 467459 ns
[2022-09-04T01:00:38.094+0000][1][safepoint    ] Safepoint "RevokeBias", Time since last: 1608416 ns, Reaching safepoint: 406167 ns, At safepoint: 80417 ns, Total: 486584 ns
[2022-09-04T01:00:38.096+0000][1][safepoint    ] Safepoint "RevokeBias", Time since last: 1175541 ns, Reaching safepoint: 556917 ns, At safepoint: 73083 ns, Total: 630000 ns
[2022-09-04T01:00:38.097+0000][1][safepoint    ] Safepoint "RevokeBias", Time since last: 1021167 ns, Reaching safepoint: 417167 ns, At safepoint: 89125 ns, Total: 506292 ns
[2022-09-04T01:00:38.099+0000][1][safepoint    ] Safepoint "RevokeBias", Time since last: 1240083 ns, Reaching safepoint: 231042 ns, At safepoint: 56958 ns, Total: 288000 ns
[2022-09-04T01:00:38.100+0000][1][safepoint    ] Safepoint "RevokeBias", Time since last: 999167 ns, Reaching safepoint: 259041 ns, At safepoint: 59459 ns, Total: 318500 ns
[2022-09-04T01:00:38.102+0000][1][safepoint    ] Safepoint "RevokeBias", Time since last: 1758833 ns, Reaching safepoint: 239750 ns, At safepoint: 69208 ns, Total: 308958 ns
[2022-09-04T01:00:38.104+0000][1][safepoint    ] Safepoint "RevokeBias", Time since last: 1028500 ns, Reaching safepoint: 429792 ns, At safepoint: 73708 ns, Total: 503500 ns
[2022-09-04T01:00:38.105+0000][1][safepoint    ] Safepoint "RevokeBias", Time since last: 1042375 ns, Reaching safepoint: 240209 ns, At safepoint: 60375 ns, Total: 300584 ns
[2022-09-04T01:00:38.107+0000][1][safepoint    ] Safepoint "BulkRevokeBias", Time since last: 820166 ns, Reaching safepoint: 211334 ns, At safepoint: 1075125 ns, Total: 1286459 ns
[2022-09-04T01:00:38.168+0000][1][safepoint    ] Safepoint "RevokeBias", Time since last: 60521125 ns, Reaching safepoint: 510458 ns, At safepoint: 89583 ns, Total: 600041 ns
[2022-09-04T01:00:38.336+0000][1][safepoint    ] Safepoint "RevokeBias", Time since last: 167063292 ns, Reaching safepoint: 434458 ns, At safepoint: 114875 ns, Total: 549333 ns
[2022-09-04T01:00:38.338+0000][1][safepoint    ] Safepoint "RevokeBias", Time since last: 1879584 ns, Reaching safepoint: 377875 ns, At safepoint: 98166 ns, Total: 476041 ns
[2022-09-04T01:00:38.522+0000][1][safepoint    ] Safepoint "RevokeBias", Time since last: 183170459 ns, Reaching safepoint: 695250 ns, At safepoint: 143667 ns, Total: 838917 ns
[2022-09-04T01:00:38.571+0000][1][safepoint    ] Safepoint "RevokeBias", Time since last: 47571708 ns, Reaching safepoint: 712667 ns, At safepoint: 140916 ns, Total: 853583 ns
[2022-09-04T01:00:38.574+0000][1][safepoint    ] Safepoint "RevokeBias", Time since last: 2418292 ns, Reaching safepoint: 507917 ns, At safepoint: 168375 ns, Total: 676292 ns
[2022-09-04T01:00:38.578+0000][1][safepoint    ] Safepoint "RevokeBias", Time since last: 3370541 ns, Reaching safepoint: 678542 ns, At safepoint: 175125 ns, Total: 853667 ns
[2022-09-04T01:00:38.580+0000][1][safepoint    ] Safepoint "RevokeBias", Time since last: 1758083 ns, Reaching safepoint: 429167 ns, At safepoint: 297042 ns, Total: 726209 ns
[2022-09-04T01:00:38.583+0000][1][safepoint    ] Safepoint "RevokeBias", Time since last: 1756375 ns, Reaching safepoint: 575666 ns, At safepoint: 132500 ns, Total: 708166 ns
[2022-09-04T01:00:38.585+0000][1][safepoint    ] Safepoint "RevokeBias", Time since last: 1637084 ns, Reaching safepoint: 533041 ns, At safepoint: 172792 ns, Total: 705833 ns
[2022-09-04T01:00:38.588+0000][1][safepoint    ] Safepoint "RevokeBias", Time since last: 1957583 ns, Reaching safepoint: 433875 ns, At safepoint: 136417 ns, Total: 570292 ns
[2022-09-04T01:00:38.592+0000][1][safepoint    ] Safepoint "RevokeBias", Time since last: 3208417 ns, Reaching safepoint: 513666 ns, At safepoint: 148000 ns, Total: 661666 ns
[2022-09-04T01:00:38.594+0000][1][safepoint    ] Safepoint "RevokeBias", Time since last: 2065000 ns, Reaching safepoint: 283375 ns, At safepoint: 144125 ns, Total: 427500 ns
[2022-09-04T01:00:38.597+0000][1][safepoint    ] Safepoint "RevokeBias", Time since last: 1514417 ns, Reaching safepoint: 834625 ns, At safepoint: 161042 ns, Total: 995667 ns
[2022-09-04T01:00:38.599+0000][1][safepoint    ] Safepoint "RevokeBias", Time since last: 1790083 ns, Reaching safepoint: 296083 ns, At safepoint: 132209 ns, Total: 428292 ns
[2022-09-04T01:00:38.601+0000][1][safepoint    ] Safepoint "RevokeBias", Time since last: 1747208 ns, Reaching safepoint: 291542 ns, At safepoint: 119291 ns, Total: 410833 ns
[2022-09-04T01:00:38.604+0000][1][safepoint    ] Safepoint "RevokeBias", Time since last: 1933584 ns, Reaching safepoint: 577708 ns, At safepoint: 213500 ns, Total: 791208 ns
[2022-09-04T01:00:38.609+0000][1][safepoint    ] Safepoint "RevokeBias", Time since last: 4617417 ns, Reaching safepoint: 339291 ns, At safepoint: 137625 ns, Total: 476916 ns
[2022-09-04T01:00:38.612+0000][1][safepoint    ] Safepoint "RevokeBias", Time since last: 2147375 ns, Reaching safepoint: 504500 ns, At safepoint: 143625 ns, Total: 648125 ns
[2022-09-04T01:00:38.617+0000][1][safepoint    ] Safepoint "RevokeBias", Time since last: 4835917 ns, Reaching safepoint: 645208 ns, At safepoint: 169125 ns, Total: 814333 ns
[2022-09-04T01:00:38.620+0000][1][safepoint    ] Safepoint "RevokeBias", Time since last: 1564959 ns, Reaching safepoint: 759250 ns, At safepoint: 132750 ns, Total: 892000 ns
[2022-09-04T01:00:38.622+0000][1][safepoint    ] Safepoint "RevokeBias", Time since last: 1923375 ns, Reaching safepoint: 367375 ns, At safepoint: 148000 ns, Total: 515375 ns
[2022-09-04T01:00:38.625+0000][1][safepoint    ] Safepoint "RevokeBias", Time since last: 2219333 ns, Reaching safepoint: 302708 ns, At safepoint: 127834 ns, Total: 430542 ns
[2022-09-04T01:00:38.629+0000][1][safepoint    ] Safepoint "BulkRevokeBias", Time since last: 1965791 ns, Reaching safepoint: 393542 ns, At safepoint: 1322958 ns, Total: 1716500 ns
[2022-09-04T01:00:39.698+0000][1][safepoint    ] Safepoint "RevokeBias", Time since last: 1034641876 ns, Reaching safepoint: 28325250 ns, At safepoint: 3378083 ns, Total: 31703333 ns
[2022-09-04T01:00:40.107+0000][1][safepoint    ] Safepoint "RevokeBias", Time since last: 405652834 ns, Reaching safepoint: 3109708 ns, At safepoint: 3472083 ns, Total: 6581791 ns
[2022-09-04T01:00:40.746+0000][1][safepoint    ] Safepoint "RevokeBias", Time since last: 637688042 ns, Reaching safepoint: 898834 ns, At safepoint: 195375 ns, Total: 1094209 ns
[2022-09-04T01:00:41.048+0000][1][safepoint    ] Safepoint "RevokeBias", Time since last: 301182958 ns, Reaching safepoint: 793083 ns, At safepoint: 95959 ns, Total: 889042 ns
[2022-09-04T01:00:41.742+0000][1][safepoint    ] Safepoint "RevokeBias", Time since last: 693964292 ns, Reaching safepoint: 436125 ns, At safepoint: 98458 ns, Total: 534583 ns
[2022-09-04T01:00:41.746+0000][1][safepoint    ] Safepoint "RevokeBias", Time since last: 3071250 ns, Reaching safepoint: 286750 ns, At safepoint: 73542 ns, Total: 360292 ns
[2022-09-04T01:00:42.750+0000][1][safepoint    ] Safepoint "Cleanup", Time since last: 1002794292 ns, Reaching safepoint: 1169667 ns, At safepoint: 72666 ns, Total: 1242333 ns
[2022-09-04T01:00:43.754+0000][1][safepoint    ] Safepoint "Cleanup", Time since last: 1002950709 ns, Reaching safepoint: 1213083 ns, At safepoint: 67167 ns, Total: 1280250 ns
[2022-09-04T01:00:44.504+0000][1][safepoint    ] Safepoint "RevokeBias", Time since last: 749361084 ns, Reaching safepoint: 612083 ns, At safepoint: 190917 ns, Total: 803000 ns
[2022-09-04T01:00:48.511+0000][1][safepoint    ] Safepoint "Cleanup", Time since last: 4004874418 ns, Reaching safepoint: 1498209 ns, At safepoint: 75541 ns, Total: 1573750 ns
[2022-09-04T01:00:51.518+0000][1][safepoint    ] Safepoint "Cleanup", Time since last: 3006293127 ns, Reaching safepoint: 560458 ns, At safepoint: 25292 ns, Total: 585750 ns
[2022-09-04T01:00:55.425+0000][1][safepoint    ] Safepoint "RevokeBias", Time since last: 3906782418 ns, Reaching safepoint: 522166 ns, At safepoint: 100042 ns, Total: 622208 ns
[2022-09-04T01:00:55.441+0000][1][safepoint    ] Safepoint "RevokeBias", Time since last: 15298125 ns, Reaching safepoint: 305667 ns, At safepoint: 86708 ns, Total: 392375 ns
[2022-09-04T01:00:55.453+0000][1][safepoint    ] Safepoint "RevokeBias", Time since last: 11925250 ns, Reaching safepoint: 404167 ns, At safepoint: 85750 ns, Total: 489917 ns
[2022-09-04T01:00:55.461+0000][1][safepoint    ] Safepoint "RevokeBias", Time since last: 6861125 ns, Reaching safepoint: 710708 ns, At safepoint: 422708 ns, Total: 1133416 ns
[2022-09-04T01:00:55.552+0000][1][gc,start     ] GC(16) Pause Young (Allocation Failure)
[2022-09-04T01:00:55.557+0000][1][gc,task      ] GC(16) Using 4 workers of 4 for evacuation
[2022-09-04T01:00:55.708+0000][1][gc,age       ] GC(16) Desired survivor size 8945664 bytes, new threshold 6 (max threshold 6)
[2022-09-04T01:00:55.711+0000][1][gc,age       ] GC(16) Age table with threshold 6 (max threshold 6)
[2022-09-04T01:00:55.712+0000][1][gc,age       ] GC(16) - age   1:    2947608 bytes,    2947608 total
[2022-09-04T01:00:55.713+0000][1][gc,age       ] GC(16) - age   2:    5369616 bytes,    8317224 total
[2022-09-04T01:00:55.717+0000][1][gc,heap      ] GC(16) ParNew: 156694K->14433K(157248K)
[2022-09-04T01:00:55.718+0000][1][gc,heap      ] GC(16) CMS: 47940K->55833K(349568K)
[2022-09-04T01:00:55.719+0000][1][gc,metaspace ] GC(16) Metaspace: 79623K->79623K(1122304K)
[2022-09-04T01:00:55.722+0000][1][gc           ] GC(16) Pause Young (Allocation Failure) 199M->68M(494M) 169.420ms
[2022-09-04T01:00:55.723+0000][1][gc,cpu       ] GC(16) User=0.51s Sys=0.03s Real=0.17s
[2022-09-04T01:00:55.725+0000][1][safepoint    ] Safepoint "GenCollectForAllocation", Time since last: 89304875 ns, Reaching safepoint: 631125 ns, At safepoint: 173641834 ns, Total: 174272959 ns
[2022-09-04T01:00:55.892+0000][1][safepoint    ] Safepoint "RevokeBias", Time since last: 166127375 ns, Reaching safepoint: 679875 ns, At safepoint: 135542 ns, Total: 815417 ns
[2022-09-04T01:00:55.895+0000][1][safepoint    ] Safepoint "RevokeBias", Time since last: 2894166 ns, Reaching safepoint: 318875 ns, At safepoint: 111834 ns, Total: 430709 ns
[2022-09-04T01:00:55.897+0000][1][safepoint    ] Safepoint "RevokeBias", Time since last: 1379458 ns, Reaching safepoint: 258125 ns, At safepoint: 82583 ns, Total: 340708 ns
[2022-09-04T01:00:55.899+0000][1][safepoint    ] Safepoint "RevokeBias", Time since last: 1098584 ns, Reaching safepoint: 362541 ns, At safepoint: 149625 ns, Total: 512166 ns
[2022-09-04T01:00:55.901+0000][1][safepoint    ] Safepoint "RevokeBias", Time since last: 1743792 ns, Reaching safepoint: 494917 ns, At safepoint: 94541 ns, Total: 589458 ns
[2022-09-04T01:00:55.903+0000][1][safepoint    ] Safepoint "RevokeBias", Time since last: 1382250 ns, Reaching safepoint: 383792 ns, At safepoint: 129333 ns, Total: 513125 ns
[2022-09-04T01:00:55.909+0000][1][safepoint    ] Safepoint "RevokeBias", Time since last: 4910000 ns, Reaching safepoint: 1490459 ns, At safepoint: 129083 ns, Total: 1619542 ns
[2022-09-04T01:00:55.911+0000][1][safepoint    ] Safepoint "RevokeBias", Time since last: 1579250 ns, Reaching safepoint: 369958 ns, At safepoint: 123667 ns, Total: 493625 ns
[2022-09-04T01:00:55.913+0000][1][safepoint    ] Safepoint "RevokeBias", Time since last: 1379542 ns, Reaching safepoint: 321625 ns, At safepoint: 135041 ns, Total: 456666 ns
[2022-09-04T01:00:55.917+0000][1][safepoint    ] Safepoint "RevokeBias", Time since last: 3336500 ns, Reaching safepoint: 457875 ns, At safepoint: 115417 ns, Total: 573292 ns
[2022-09-04T01:00:55.919+0000][1][safepoint    ] Safepoint "RevokeBias", Time since last: 1686458 ns, Reaching safepoint: 311084 ns, At safepoint: 140333 ns, Total: 451417 ns
[2022-09-04T01:00:55.921+0000][1][safepoint    ] Safepoint "RevokeBias", Time since last: 1696958 ns, Reaching safepoint: 372167 ns, At safepoint: 93667 ns, Total: 465834 ns
[2022-09-04T01:00:55.924+0000][1][safepoint    ] Safepoint "RevokeBias", Time since last: 1926666 ns, Reaching safepoint: 804084 ns, At safepoint: 119583 ns, Total: 923667 ns
[2022-09-04T01:00:55.930+0000][1][safepoint    ] Safepoint "RevokeBias", Time since last: 5319917 ns, Reaching safepoint: 278541 ns, At safepoint: 117584 ns, Total: 396125 ns
[2022-09-04T01:00:55.932+0000][1][safepoint    ] Safepoint "RevokeBias", Time since last: 1853916 ns, Reaching safepoint: 268375 ns, At safepoint: 125625 ns, Total: 394000 ns
[2022-09-04T01:00:56.023+0000][1][safepoint    ] Safepoint "RevokeBias", Time since last: 89688625 ns, Reaching safepoint: 677709 ns, At safepoint: 137458 ns, Total: 815167 ns
[2022-09-04T01:00:56.097+0000][1][safepoint    ] Safepoint "RevokeBias", Time since last: 73522458 ns, Reaching safepoint: 828209 ns, At safepoint: 101708 ns, Total: 929917 ns
[2022-09-04T01:00:56.112+0000][1][safepoint    ] Safepoint "RevokeBias", Time since last: 13631917 ns, Reaching safepoint: 566875 ns, At safepoint: 303000 ns, Total: 869875 ns
[2022-09-04T01:00:56.114+0000][1][safepoint    ] Safepoint "RevokeBias", Time since last: 1671875 ns, Reaching safepoint: 613583 ns, At safepoint: 398250 ns, Total: 1011833 ns
[2022-09-04T01:00:56.123+0000][1][safepoint    ] Safepoint "RevokeBias", Time since last: 7818125 ns, Reaching safepoint: 834333 ns, At safepoint: 91250 ns, Total: 925583 ns
[2022-09-04T01:00:56.307+0000][1][safepoint    ] Safepoint "RevokeBias", Time since last: 182737167 ns, Reaching safepoint: 988125 ns, At safepoint: 158500 ns, Total: 1146625 ns
[2022-09-04T01:00:56.648+0000][1][safepoint    ] Safepoint "RevokeBias", Time since last: 339162792 ns, Reaching safepoint: 1139083 ns, At safepoint: 307334 ns, Total: 1446417 ns
[2022-09-04T01:00:56.929+0000][1][safepoint    ] Safepoint "RevokeBias", Time since last: 280151958 ns, Reaching safepoint: 1027625 ns, At safepoint: 106792 ns, Total: 1134417 ns
[2022-09-04T01:00:57.078+0000][1][safepoint    ] Safepoint "RevokeBias", Time since last: 147558708 ns, Reaching safepoint: 1203583 ns, At safepoint: 101459 ns, Total: 1305042 ns
[2022-09-04T01:00:57.368+0000][1][safepoint    ] Safepoint "RevokeBias", Time since last: 289547083 ns, Reaching safepoint: 730167 ns, At safepoint: 91042 ns, Total: 821209 ns
[2022-09-04T01:00:57.371+0000][1][safepoint    ] Safepoint "RevokeBias", Time since last: 2068000 ns, Reaching safepoint: 316416 ns, At safepoint: 86000 ns, Total: 402416 ns
[2022-09-04T01:00:57.373+0000][1][safepoint    ] Safepoint "RevokeBias", Time since last: 1598542 ns, Reaching safepoint: 451083 ns, At safepoint: 117500 ns, Total: 568583 ns
[2022-09-04T01:00:59.523+0000][1][safepoint    ] Safepoint "RevokeBias", Time since last: 2148232335 ns, Reaching safepoint: 1653333 ns, At safepoint: 328708 ns, Total: 1982041 ns
[2022-09-04T01:01:02.296+0000][1][safepoint    ] Safepoint "RevokeBias", Time since last: 2772358752 ns, Reaching safepoint: 578708 ns, At safepoint: 101292 ns, Total: 680000 ns
[2022-09-04T01:01:03.300+0000][1][safepoint    ] Safepoint "Cleanup", Time since last: 1003299792 ns, Reaching safepoint: 726166 ns, At safepoint: 26834 ns, Total: 753000 ns
[2022-09-04T01:01:05.307+0000][1][safepoint    ] Safepoint "Cleanup", Time since last: 2004391584 ns, Reaching safepoint: 1904000 ns, At safepoint: 171458 ns, Total: 2075458 ns
[2022-09-04T01:01:07.312+0000][1][safepoint    ] Safepoint "Cleanup", Time since last: 2004646501 ns, Reaching safepoint: 639084 ns, At safepoint: 24791 ns, Total: 663875 ns
[2022-09-04T01:01:08.314+0000][1][safepoint    ] Safepoint "Cleanup", Time since last: 1001455292 ns, Reaching safepoint: 621959 ns, At safepoint: 27750 ns, Total: 649709 ns
[2022-09-04T01:01:13.318+0000][1][safepoint    ] Safepoint "Cleanup", Time since last: 5002111211 ns, Reaching safepoint: 1398833 ns, At safepoint: 88167 ns, Total: 1487000 ns
[2022-09-04T01:01:19.322+0000][1][safepoint    ] Safepoint "Cleanup", Time since last: 6002703961 ns, Reaching safepoint: 1805083 ns, At safepoint: 268250 ns, Total: 2073333 ns
[2022-09-04T01:01:20.329+0000][1][safepoint    ] Safepoint "Cleanup", Time since last: 1005561501 ns, Reaching safepoint: 870666 ns, At safepoint: 29167 ns, Total: 899833 ns
[2022-09-04T01:01:22.332+0000][1][safepoint    ] Safepoint "Cleanup", Time since last: 2002894584 ns, Reaching safepoint: 544458 ns, At safepoint: 26584 ns, Total: 571042 ns
[2022-09-04T01:01:24.336+0000][1][safepoint    ] Safepoint "Cleanup", Time since last: 2003166584 ns, Reaching safepoint: 692291 ns, At safepoint: 25084 ns, Total: 717375 ns
[2022-09-04T01:01:25.341+0000][1][safepoint    ] Safepoint "Cleanup", Time since last: 1003730375 ns, Reaching safepoint: 1729875 ns, At safepoint: 49292 ns, Total: 1779167 ns
[2022-09-04T01:01:26.370+0000][1][safepoint    ] Safepoint "RevokeBias", Time since last: 1027481292 ns, Reaching safepoint: 629500 ns, At safepoint: 100000 ns, Total: 729500 ns
[2022-09-04T01:01:26.372+0000][1][safepoint    ] Safepoint "RevokeBias", Time since last: 1681875 ns, Reaching safepoint: 597375 ns, At safepoint: 93708 ns, Total: 691083 ns
[2022-09-04T01:01:26.374+0000][1][safepoint    ] Safepoint "RevokeBias", Time since last: 1075250 ns, Reaching safepoint: 508584 ns, At safepoint: 253125 ns, Total: 761709 ns
[2022-09-04T01:01:27.380+0000][1][safepoint    ] Safepoint "Cleanup", Time since last: 1004077959 ns, Reaching safepoint: 2322000 ns, At safepoint: 106000 ns, Total: 2428000 ns
[2022-09-04T01:01:32.393+0000][1][safepoint    ] Safepoint "Cleanup", Time since last: 5012146710 ns, Reaching safepoint: 644709 ns, At safepoint: 38083 ns, Total: 682792 ns
[2022-09-04T01:01:45.402+0000][1][safepoint    ] Safepoint "Cleanup", Time since last: 13007520965 ns, Reaching safepoint: 989541 ns, At safepoint: 33209 ns, Total: 1022750 ns
[2022-09-04T01:01:47.406+0000][1][safepoint    ] Safepoint "Cleanup", Time since last: 2002516000 ns, Reaching safepoint: 1603292 ns, At safepoint: 53958 ns, Total: 1657250 ns
[2022-09-04T01:01:51.410+0000][1][safepoint    ] Safepoint "Cleanup", Time since last: 4003703294 ns, Reaching safepoint: 616167 ns, At safepoint: 22750 ns, Total: 638917 ns
[2022-09-04T01:01:54.413+0000][1][safepoint    ] Safepoint "Cleanup", Time since last: 3002531250 ns, Reaching safepoint: 612292 ns, At safepoint: 24292 ns, Total: 636584 ns
[2022-09-04T01:01:55.416+0000][1][safepoint    ] Safepoint "Cleanup", Time since last: 1001768542 ns, Reaching safepoint: 787458 ns, At safepoint: 27917 ns, Total: 815375 ns
[2022-09-04T01:02:03.422+0000][1][safepoint    ] Safepoint "Cleanup", Time since last: 8005110545 ns, Reaching safepoint: 980042 ns, At safepoint: 28708 ns, Total: 1008750 ns
[2022-09-04T01:02:07.428+0000][1][safepoint    ] Safepoint "Cleanup", Time since last: 4004814044 ns, Reaching safepoint: 1221125 ns, At safepoint: 59958 ns, Total: 1281083 ns
[2022-09-04T01:02:13.440+0000][1][safepoint    ] Safepoint "Cleanup", Time since last: 6009494961 ns, Reaching safepoint: 2010959 ns, At safepoint: 84875 ns, Total: 2095834 ns
[2022-09-04T01:02:16.444+0000][1][safepoint    ] Safepoint "Cleanup", Time since last: 3003863251 ns, Reaching safepoint: 923875 ns, At safepoint: 28042 ns, Total: 951917 ns
[2022-09-04T01:02:17.456+0000][1][safepoint    ] Safepoint "Cleanup", Time since last: 1008256250 ns, Reaching safepoint: 3070083 ns, At safepoint: 114375 ns, Total: 3184458 ns
[2022-09-04T01:02:20.469+0000][1][safepoint    ] Safepoint "Cleanup", Time since last: 3009870169 ns, Reaching safepoint: 3042750 ns, At safepoint: 89250 ns, Total: 3132000 ns
[2022-09-04T01:02:26.479+0000][1][safepoint    ] Safepoint "Cleanup", Time since last: 6010095251 ns, Reaching safepoint: 872792 ns, At safepoint: 51625 ns, Total: 924417 ns
[2022-09-04T01:02:27.488+0000][1][safepoint    ] Safepoint "Cleanup", Time since last: 1005574251 ns, Reaching safepoint: 2542791 ns, At safepoint: 231334 ns, Total: 2774125 ns
[2022-09-04T01:02:32.495+0000][1][safepoint    ] Safepoint "Cleanup", Time since last: 5005688044 ns, Reaching safepoint: 1229083 ns, At safepoint: 38458 ns, Total: 1267541 ns
[2022-09-04T01:02:41.506+0000][1][safepoint    ] Safepoint "Cleanup", Time since last: 9010100630 ns, Reaching safepoint: 758791 ns, At safepoint: 82709 ns, Total: 841500 ns
[2022-09-04T01:02:48.515+0000][1][safepoint    ] Safepoint "Cleanup", Time since last: 7006476045 ns, Reaching safepoint: 2883833 ns, At safepoint: 146917 ns, Total: 3030750 ns
[2022-09-04T01:02:50.525+0000][1][safepoint    ] Safepoint "Cleanup", Time since last: 2006687959 ns, Reaching safepoint: 2835208 ns, At safepoint: 85375 ns, Total: 2920583 ns
[2022-09-04T01:02:52.532+0000][1][safepoint    ] Safepoint "Cleanup", Time since last: 2006577959 ns, Reaching safepoint: 1177209 ns, At safepoint: 40166 ns, Total: 1217375 ns
[2022-09-04T01:02:56.537+0000][1][safepoint    ] Safepoint "Cleanup", Time since last: 4003689002 ns, Reaching safepoint: 936667 ns, At safepoint: 29542 ns, Total: 966209 ns
[2022-09-04T01:03:02.542+0000][1][safepoint    ] Safepoint "Cleanup", Time since last: 6003711086 ns, Reaching safepoint: 809541 ns, At safepoint: 28167 ns, Total: 837708 ns
[2022-09-04T01:03:03.548+0000][1][safepoint    ] Safepoint "Cleanup", Time since last: 1003244542 ns, Reaching safepoint: 2699459 ns, At safepoint: 78000 ns, Total: 2777459 ns
[2022-09-04T01:03:06.560+0000][1][safepoint    ] Safepoint "Cleanup", Time since last: 3011371501 ns, Reaching safepoint: 1186625 ns, At safepoint: 36875 ns, Total: 1223500 ns
[2022-09-04T01:03:14.571+0000][1][safepoint    ] Safepoint "Cleanup", Time since last: 8008480212 ns, Reaching safepoint: 2035583 ns, At safepoint: 75959 ns, Total: 2111542 ns
[2022-09-04T01:03:48.643+0000][1][safepoint    ] Safepoint "Cleanup", Time since last: 34070056599 ns, Reaching safepoint: 2345667 ns, At safepoint: 81333 ns, Total: 2427000 ns
[2022-09-04T01:03:49.652+0000][1][safepoint    ] Safepoint "Cleanup", Time since last: 1006669917 ns, Reaching safepoint: 2301834 ns, At safepoint: 66375 ns, Total: 2368209 ns
[2022-09-04T01:03:54.660+0000][1][safepoint    ] Safepoint "Cleanup", Time since last: 5005366752 ns, Reaching safepoint: 2820416 ns, At safepoint: 82084 ns, Total: 2902500 ns
[2022-09-04T01:03:56.669+0000][1][safepoint    ] Safepoint "Cleanup", Time since last: 2006435334 ns, Reaching safepoint: 2751542 ns, At safepoint: 118666 ns, Total: 2870208 ns
[2022-09-04T01:04:05.688+0000][1][safepoint    ] Safepoint "Cleanup", Time since last: 9017426421 ns, Reaching safepoint: 1424584 ns, At safepoint: 47208 ns, Total: 1471792 ns
[2022-09-04T01:04:07.695+0000][1][safepoint    ] Safepoint "Cleanup", Time since last: 2006156334 ns, Reaching safepoint: 883334 ns, At safepoint: 35083 ns, Total: 918417 ns
[2022-09-04T01:04:08.701+0000][1][safepoint    ] Safepoint "Cleanup", Time since last: 1002877209 ns, Reaching safepoint: 2595208 ns, At safepoint: 129000 ns, Total: 2724208 ns
[2022-09-04T01:04:21.719+0000][1][safepoint    ] Safepoint "Cleanup", Time since last: 13015363589 ns, Reaching safepoint: 3154125 ns, At safepoint: 83875 ns, Total: 3238000 ns
[2022-09-04T01:04:23.730+0000][1][safepoint    ] Safepoint "Cleanup", Time since last: 2008024168 ns, Reaching safepoint: 2074125 ns, At safepoint: 74666 ns, Total: 2148791 ns
[2022-09-04T01:04:29.742+0000][1][safepoint    ] Safepoint "Cleanup", Time since last: 6011148670 ns, Reaching safepoint: 1263208 ns, At safepoint: 37958 ns, Total: 1301166 ns
[2022-09-04T01:04:51.762+0000][1][safepoint    ] Safepoint "Cleanup", Time since last: 22018552219 ns, Reaching safepoint: 1768000 ns, At safepoint: 56041 ns, Total: 1824041 ns
[2022-09-04T01:05:35.790+0000][1][safepoint    ] Safepoint "Cleanup", Time since last: 44025877688 ns, Reaching safepoint: 984125 ns, At safepoint: 24250 ns, Total: 1008375 ns
[2022-09-04T01:05:36.794+0000][1][safepoint    ] Safepoint "Cleanup", Time since last: 1003512292 ns, Reaching safepoint: 850958 ns, At safepoint: 26958 ns, Total: 877916 ns
[2022-09-04T01:05:37.797+0000][1][safepoint    ] Safepoint "Cleanup", Time since last: 1001971251 ns, Reaching safepoint: 709167 ns, At safepoint: 24291 ns, Total: 733458 ns
[2022-09-04T01:05:56.812+0000][1][safepoint    ] Safepoint "Cleanup", Time since last: 19015859842 ns, Reaching safepoint: 855917 ns, At safepoint: 23208 ns, Total: 879125 ns
[2022-09-04T01:05:59.751+0000][1][safepoint    ] Safepoint "RevokeBias", Time since last: 2937154043 ns, Reaching safepoint: 914250 ns, At safepoint: 54750 ns, Total: 969000 ns
[2022-09-04T01:05:59.760+0000][1][safepoint    ] Safepoint "RevokeBias", Time since last: 8617375 ns, Reaching safepoint: 990792 ns, At safepoint: 253292 ns, Total: 1244084 ns
[2022-09-04T01:05:59.879+0000][1][safepoint    ] Safepoint "RevokeBias", Time since last: 117518250 ns, Reaching safepoint: 718041 ns, At safepoint: 105917 ns, Total: 823958 ns
[2022-09-04T01:05:59.884+0000][1][safepoint    ] Safepoint "RevokeBias", Time since last: 4974792 ns, Reaching safepoint: 279541 ns, At safepoint: 125334 ns, Total: 404875 ns
[2022-09-04T01:05:59.886+0000][1][safepoint    ] Safepoint "RevokeBias", Time since last: 1709250 ns, Reaching safepoint: 261125 ns, At safepoint: 72708 ns, Total: 333833 ns
[2022-09-04T01:05:59.888+0000][1][safepoint    ] Safepoint "RevokeBias", Time since last: 1253750 ns, Reaching safepoint: 364208 ns, At safepoint: 75000 ns, Total: 439208 ns
[2022-09-04T01:05:59.889+0000][1][safepoint    ] Safepoint "RevokeBias", Time since last: 1194542 ns, Reaching safepoint: 382667 ns, At safepoint: 71791 ns, Total: 454458 ns
[2022-09-04T01:05:59.892+0000][1][safepoint    ] Safepoint "RevokeBias", Time since last: 1938167 ns, Reaching safepoint: 223250 ns, At safepoint: 65958 ns, Total: 289208 ns
[2022-09-04T01:05:59.900+0000][1][safepoint    ] Safepoint "RevokeBias", Time since last: 7618959 ns, Reaching safepoint: 334125 ns, At safepoint: 73750 ns, Total: 407875 ns
[2022-09-04T01:05:59.923+0000][1][safepoint    ] Safepoint "RevokeBias", Time since last: 22482083 ns, Reaching safepoint: 512833 ns, At safepoint: 98125 ns, Total: 610958 ns
[2022-09-04T01:05:59.930+0000][1][safepoint    ] Safepoint "RevokeBias", Time since last: 6409042 ns, Reaching safepoint: 299250 ns, At safepoint: 79250 ns, Total: 378500 ns
[2022-09-04T01:06:00.361+0000][1][safepoint    ] Safepoint "RevokeBias", Time since last: 430785875 ns, Reaching safepoint: 863834 ns, At safepoint: 110125 ns, Total: 973959 ns
[2022-09-04T01:06:00.369+0000][1][safepoint    ] Safepoint "RevokeBias", Time since last: 7442666 ns, Reaching safepoint: 450292 ns, At safepoint: 130167 ns, Total: 580459 ns
[2022-09-04T01:06:03.377+0000][1][safepoint    ] Safepoint "Cleanup", Time since last: 3004803001 ns, Reaching safepoint: 2169625 ns, At safepoint: 72250 ns, Total: 2241875 ns
[2022-09-04T01:06:08.384+0000][1][safepoint    ] Safepoint "Cleanup", Time since last: 5006163211 ns, Reaching safepoint: 1548000 ns, At safepoint: 44583 ns, Total: 1592583 ns
[2022-09-04T01:06:25.751+0000][1][safepoint    ] Safepoint "RevokeBias", Time since last: 17365551799 ns, Reaching safepoint: 867417 ns, At safepoint: 618625 ns, Total: 1486042 ns
[2022-09-04T01:06:25.769+0000][1][safepoint    ] Safepoint "RevokeBias", Time since last: 16807750 ns, Reaching safepoint: 703458 ns, At safepoint: 176542 ns, Total: 880000 ns
[2022-09-04T01:06:25.807+0000][1][safepoint    ] Safepoint "BulkRevokeBias", Time since last: 33742917 ns, Reaching safepoint: 954583 ns, At safepoint: 3800208 ns, Total: 4754791 ns
[2022-09-04T01:06:25.819+0000][1][safepoint    ] Safepoint "RevokeBias", Time since last: 9912875 ns, Reaching safepoint: 1132584 ns, At safepoint: 894458 ns, Total: 2027042 ns
[2022-09-04T01:06:26.321+0000][1][safepoint    ] Safepoint "RevokeBias", Time since last: 493298750 ns, Reaching safepoint: 7778459 ns, At safepoint: 1124875 ns, Total: 8903334 ns
[2022-09-04T01:06:26.329+0000][1][safepoint    ] Safepoint "RevokeBias", Time since last: 5425208 ns, Reaching safepoint: 1847417 ns, At safepoint: 366291 ns, Total: 2213708 ns
[2022-09-04T01:06:26.353+0000][1][safepoint    ] Safepoint "RevokeBias", Time since last: 22559084 ns, Reaching safepoint: 1746708 ns, At safepoint: 285375 ns, Total: 2032083 ns
[2022-09-04T01:06:26.365+0000][1][safepoint    ] Safepoint "RevokeBias", Time since last: 7816667 ns, Reaching safepoint: 2570625 ns, At safepoint: 681833 ns, Total: 3252458 ns
[2022-09-04T01:06:26.378+0000][1][safepoint    ] Safepoint "RevokeBias", Time since last: 9516833 ns, Reaching safepoint: 3565625 ns, At safepoint: 377167 ns, Total: 3942792 ns
[2022-09-04T01:06:26.390+0000][1][safepoint    ] Safepoint "RevokeBias", Time since last: 9570833 ns, Reaching safepoint: 1812459 ns, At safepoint: 337541 ns, Total: 2150000 ns
[2022-09-04T01:06:26.436+0000][1][safepoint    ] Safepoint "RevokeBias", Time since last: 44147167 ns, Reaching safepoint: 2300500 ns, At safepoint: 145167 ns, Total: 2445667 ns
[2022-09-04T01:06:26.444+0000][1][safepoint    ] Safepoint "RevokeBias", Time since last: 6065875 ns, Reaching safepoint: 1042375 ns, At safepoint: 132375 ns, Total: 1174750 ns
[2022-09-04T01:06:26.449+0000][1][safepoint    ] Safepoint "RevokeBias", Time since last: 4870500 ns, Reaching safepoint: 765666 ns, At safepoint: 141667 ns, Total: 907333 ns
[2022-09-04T01:06:26.456+0000][1][safepoint    ] Safepoint "RevokeBias", Time since last: 5294208 ns, Reaching safepoint: 1206750 ns, At safepoint: 131125 ns, Total: 1337875 ns
[2022-09-04T01:06:26.784+0000][1][safepoint    ] Safepoint "RevokeBias", Time since last: 323447501 ns, Reaching safepoint: 3867916 ns, At safepoint: 817917 ns, Total: 4685833 ns
[2022-09-04T01:06:26.810+0000][1][safepoint    ] Safepoint "RevokeBias", Time since last: 23813458 ns, Reaching safepoint: 1937959 ns, At safepoint: 240125 ns, Total: 2178084 ns
[2022-09-04T01:06:26.817+0000][1][safepoint    ] Safepoint "RevokeBias", Time since last: 4449291 ns, Reaching safepoint: 1513084 ns, At safepoint: 379625 ns, Total: 1892709 ns
[2022-09-04T01:06:26.962+0000][1][gc,start     ] GC(17) Pause Young (Allocation Failure)
[2022-09-04T01:06:26.966+0000][1][gc,task      ] GC(17) Using 4 workers of 4 for evacuation
[2022-09-04T01:06:27.101+0000][1][gc,age       ] GC(17) Desired survivor size 8945664 bytes, new threshold 6 (max threshold 6)
[2022-09-04T01:06:27.103+0000][1][gc,age       ] GC(17) Age table with threshold 6 (max threshold 6)
[2022-09-04T01:06:27.104+0000][1][gc,age       ] GC(17) - age   1:     196376 bytes,     196376 total
[2022-09-04T01:06:27.105+0000][1][gc,age       ] GC(17) - age   2:    2607464 bytes,    2803840 total
[2022-09-04T01:06:27.106+0000][1][gc,age       ] GC(17) - age   3:    5368512 bytes,    8172352 total
[2022-09-04T01:06:27.107+0000][1][gc,heap      ] GC(17) ParNew: 154209K->11863K(157248K)
[2022-09-04T01:06:27.108+0000][1][gc,heap      ] GC(17) CMS: 55833K->55833K(349568K)
[2022-09-04T01:06:27.110+0000][1][gc,metaspace ] GC(17) Metaspace: 80110K->80110K(1122304K)
[2022-09-04T01:06:27.111+0000][1][gc           ] GC(17) Pause Young (Allocation Failure) 205M->66M(494M) 148.494ms
[2022-09-04T01:06:27.112+0000][1][gc,cpu       ] GC(17) User=0.28s Sys=0.04s Real=0.15s
[2022-09-04T01:06:27.123+0000][1][safepoint    ] Safepoint "GenCollectForAllocation", Time since last: 143995875 ns, Reaching safepoint: 1928708 ns, At safepoint: 160591167 ns, Total: 162519875 ns
[2022-09-04T01:06:27.278+0000][1][safepoint    ] Safepoint "RevokeBias", Time since last: 153851875 ns, Reaching safepoint: 1054708 ns, At safepoint: 164917 ns, Total: 1219625 ns
[2022-09-04T01:06:27.623+0000][1][safepoint    ] Safepoint "RevokeBias", Time since last: 343819458 ns, Reaching safepoint: 1151959 ns, At safepoint: 109750 ns, Total: 1261709 ns
[2022-09-04T01:06:27.897+0000][1][safepoint    ] Safepoint "RevokeBias", Time since last: 272318333 ns, Reaching safepoint: 1108917 ns, At safepoint: 108333 ns, Total: 1217250 ns
[2022-09-04T01:06:28.056+0000][1][safepoint    ] Safepoint "RevokeBias", Time since last: 158330792 ns, Reaching safepoint: 1225542 ns, At safepoint: 113666 ns, Total: 1339208 ns
[2022-09-04T01:06:28.238+0000][1][safepoint    ] Safepoint "RevokeBias", Time since last: 180209750 ns, Reaching safepoint: 956584 ns, At safepoint: 120125 ns, Total: 1076709 ns
[2022-09-04T01:06:28.310+0000][1][safepoint    ] Safepoint "RevokeBias", Time since last: 71355000 ns, Reaching safepoint: 553958 ns, At safepoint: 97500 ns, Total: 651458 ns
[2022-09-04T01:06:28.321+0000][1][safepoint    ] Safepoint "RevokeBias", Time since last: 11073917 ns, Reaching safepoint: 353125 ns, At safepoint: 34750 ns, Total: 387875 ns
[2022-09-04T01:06:28.331+0000][1][safepoint    ] Safepoint "RevokeBias", Time since last: 8864791 ns, Reaching safepoint: 1016417 ns, At safepoint: 101167 ns, Total: 1117584 ns
[2022-09-04T01:06:28.335+0000][1][safepoint    ] Safepoint "RevokeBias", Time since last: 3134583 ns, Reaching safepoint: 1133667 ns, At safepoint: 135166 ns, Total: 1268833 ns
[2022-09-04T01:06:28.339+0000][1][safepoint    ] Safepoint "RevokeBias", Time since last: 2286167 ns, Reaching safepoint: 1044750 ns, At safepoint: 141292 ns, Total: 1186042 ns
[2022-09-04T01:06:28.379+0000][1][safepoint    ] Safepoint "RevokeBias", Time since last: 39580583 ns, Reaching safepoint: 455833 ns, At safepoint: 89292 ns, Total: 545125 ns
[2022-09-04T01:06:28.388+0000][1][safepoint    ] Safepoint "RevokeBias", Time since last: 8843417 ns, Reaching safepoint: 373791 ns, At safepoint: 90084 ns, Total: 463875 ns
[2022-09-04T01:06:28.432+0000][1][safepoint    ] Safepoint "RevokeBias", Time since last: 43680583 ns, Reaching safepoint: 434583 ns, At safepoint: 33334 ns, Total: 467917 ns
[2022-09-04T01:06:28.540+0000][1][safepoint    ] Safepoint "RevokeBias", Time since last: 106432250 ns, Reaching safepoint: 517666 ns, At safepoint: 100250 ns, Total: 617916 ns
[2022-09-04T01:06:28.543+0000][1][safepoint    ] Safepoint "RevokeBias", Time since last: 3029500 ns, Reaching safepoint: 558250 ns, At safepoint: 106542 ns, Total: 664792 ns
[2022-09-04T01:06:28.552+0000][1][safepoint    ] Safepoint "RevokeBias", Time since last: 8284458 ns, Reaching safepoint: 607084 ns, At safepoint: 126708 ns, Total: 733792 ns
[2022-09-04T01:06:28.559+0000][1][safepoint    ] Safepoint "RevokeBias", Time since last: 5979375 ns, Reaching safepoint: 878750 ns, At safepoint: 308333 ns, Total: 1187083 ns
[2022-09-04T01:06:28.641+0000][1][safepoint    ] Safepoint "RevokeBias", Time since last: 80864167 ns, Reaching safepoint: 991500 ns, At safepoint: 108000 ns, Total: 1099500 ns
[2022-09-04T01:06:28.656+0000][1][safepoint    ] Safepoint "RevokeBias", Time since last: 11411250 ns, Reaching safepoint: 2735167 ns, At safepoint: 114625 ns, Total: 2849792 ns
[2022-09-04T01:06:28.667+0000][1][safepoint    ] Safepoint "RevokeBias", Time since last: 7331125 ns, Reaching safepoint: 3909292 ns, At safepoint: 322000 ns, Total: 4231292 ns
[2022-09-04T01:06:28.670+0000][1][safepoint    ] Safepoint "RevokeBias", Time since last: 1740541 ns, Reaching safepoint: 708459 ns, At safepoint: 536916 ns, Total: 1245375 ns
[2022-09-04T01:06:28.691+0000][1][safepoint    ] Safepoint "RevokeBias", Time since last: 19648459 ns, Reaching safepoint: 1111458 ns, At safepoint: 120500 ns, Total: 1231958 ns
[2022-09-04T01:06:28.708+0000][1][safepoint    ] Safepoint "RevokeBias", Time since last: 16179667 ns, Reaching safepoint: 1025125 ns, At safepoint: 125583 ns, Total: 1150708 ns
[2022-09-04T01:06:28.716+0000][1][safepoint    ] Safepoint "RevokeBias", Time since last: 6803375 ns, Reaching safepoint: 722125 ns, At safepoint: 101333 ns, Total: 823458 ns
[2022-09-04T01:06:28.724+0000][1][safepoint    ] Safepoint "RevokeBias", Time since last: 6203084 ns, Reaching safepoint: 1862208 ns, At safepoint: 186083 ns, Total: 2048291 ns
[2022-09-04T01:06:28.730+0000][1][safepoint    ] Safepoint "RevokeBias", Time since last: 5001917 ns, Reaching safepoint: 996917 ns, At safepoint: 139375 ns, Total: 1136292 ns
[2022-09-04T01:06:28.735+0000][1][safepoint    ] Safepoint "RevokeBias", Time since last: 3704333 ns, Reaching safepoint: 640500 ns, At safepoint: 103417 ns, Total: 743917 ns
[2022-09-04T01:06:28.937+0000][1][safepoint    ] Safepoint "RevokeBias", Time since last: 201445541 ns, Reaching safepoint: 802459 ns, At safepoint: 91500 ns, Total: 893959 ns
[2022-09-04T01:06:28.939+0000][1][safepoint    ] Safepoint "RevokeBias", Time since last: 1750291 ns, Reaching safepoint: 294625 ns, At safepoint: 82209 ns, Total: 376834 ns
[2022-09-04T01:06:28.979+0000][1][safepoint    ] Safepoint "RevokeBias", Time since last: 39498666 ns, Reaching safepoint: 419875 ns, At safepoint: 100000 ns, Total: 519875 ns
[2022-09-04T01:06:29.017+0000][1][safepoint    ] Safepoint "RevokeBias", Time since last: 36852709 ns, Reaching safepoint: 552458 ns, At safepoint: 92500 ns, Total: 644958 ns
[2022-09-04T01:06:29.024+0000][1][safepoint    ] Safepoint "RevokeBias", Time since last: 6450167 ns, Reaching safepoint: 627166 ns, At safepoint: 112334 ns, Total: 739500 ns
[2022-09-04T01:06:29.036+0000][1][safepoint    ] Safepoint "RevokeBias", Time since last: 11346916 ns, Reaching safepoint: 485625 ns, At safepoint: 117334 ns, Total: 602959 ns
[2022-09-04T01:06:29.093+0000][1][safepoint    ] Safepoint "RevokeBias", Time since last: 55224791 ns, Reaching safepoint: 1319792 ns, At safepoint: 118042 ns, Total: 1437834 ns
[2022-09-04T01:06:29.098+0000][1][safepoint    ] Safepoint "RevokeBias", Time since last: 4405875 ns, Reaching safepoint: 369750 ns, At safepoint: 103875 ns, Total: 473625 ns
[2022-09-04T01:06:29.105+0000][1][safepoint    ] Safepoint "RevokeBias", Time since last: 6996625 ns, Reaching safepoint: 673375 ns, At safepoint: 102875 ns, Total: 776250 ns
[2022-09-04T01:06:29.109+0000][1][safepoint    ] Safepoint "RevokeBias", Time since last: 3319208 ns, Reaching safepoint: 466458 ns, At safepoint: 72417 ns, Total: 538875 ns
[2022-09-04T01:06:29.282+0000][1][safepoint    ] Safepoint "RevokeBias", Time since last: 171133708 ns, Reaching safepoint: 1118375 ns, At safepoint: 100584 ns, Total: 1218959 ns
[2022-09-04T01:06:29.284+0000][1][safepoint    ] Safepoint "RevokeBias", Time since last: 1901333 ns, Reaching safepoint: 318833 ns, At safepoint: 78542 ns, Total: 397375 ns
[2022-09-04T01:06:29.336+0000][1][safepoint    ] Safepoint "RevokeBias", Time since last: 51325292 ns, Reaching safepoint: 846208 ns, At safepoint: 114084 ns, Total: 960292 ns
[2022-09-04T01:06:29.360+0000][1][safepoint    ] Safepoint "RevokeBias", Time since last: 22877583 ns, Reaching safepoint: 655875 ns, At safepoint: 176750 ns, Total: 832625 ns
[2022-09-04T01:06:29.375+0000][1][safepoint    ] Safepoint "RevokeBias", Time since last: 14523083 ns, Reaching safepoint: 531959 ns, At safepoint: 106000 ns, Total: 637959 ns
[2022-09-04T01:06:29.378+0000][1][safepoint    ] Safepoint "RevokeBias", Time since last: 2286625 ns, Reaching safepoint: 505708 ns, At safepoint: 91083 ns, Total: 596791 ns
[2022-09-04T01:06:29.401+0000][1][safepoint    ] Safepoint "RevokeBias", Time since last: 22586917 ns, Reaching safepoint: 699958 ns, At safepoint: 107459 ns, Total: 807417 ns
[2022-09-04T01:06:30.036+0000][1][safepoint    ] Safepoint "RevokeBias", Time since last: 632396917 ns, Reaching safepoint: 2464833 ns, At safepoint: 328708 ns, Total: 2793541 ns
[2022-09-04T01:06:41.057+0000][1][safepoint    ] Safepoint "Cleanup", Time since last: 11018960297 ns, Reaching safepoint: 1530750 ns, At safepoint: 39375 ns, Total: 1570125 ns
[2022-09-04T01:06:45.063+0000][1][safepoint    ] Safepoint "Cleanup", Time since last: 4004251002 ns, Reaching safepoint: 1247125 ns, At safepoint: 39042 ns, Total: 1286167 ns
[2022-09-04T01:06:47.068+0000][1][safepoint    ] Safepoint "Cleanup", Time since last: 2004285126 ns, Reaching safepoint: 790375 ns, At safepoint: 26000 ns, Total: 816375 ns
[2022-09-04T01:06:53.076+0000][1][safepoint    ] Safepoint "Cleanup", Time since last: 6007971460 ns, Reaching safepoint: 1154250 ns, At safepoint: 25542 ns, Total: 1179792 ns
[2022-09-04T01:06:57.330+0000][1][safepoint    ] Safepoint "RevokeBias", Time since last: 4252875543 ns, Reaching safepoint: 794542 ns, At safepoint: 130208 ns, Total: 924750 ns
[2022-09-04T01:06:58.333+0000][1][safepoint    ] Safepoint "Cleanup", Time since last: 1001782709 ns, Reaching safepoint: 942250 ns, At safepoint: 24458 ns, Total: 966708 ns
[2022-09-04T01:07:08.339+0000][1][safepoint    ] Safepoint "Cleanup", Time since last: 10003584047 ns, Reaching safepoint: 2462375 ns, At safepoint: 241375 ns, Total: 2703750 ns
[2022-09-04T01:07:13.349+0000][1][safepoint    ] Safepoint "Cleanup", Time since last: 5008155252 ns, Reaching safepoint: 1836542 ns, At safepoint: 52208 ns, Total: 1888750 ns
[2022-09-04T01:07:33.377+0000][1][safepoint    ] Safepoint "Cleanup", Time since last: 20025013092 ns, Reaching safepoint: 2829000 ns, At safepoint: 65833 ns, Total: 2894833 ns
[2022-09-04T01:07:47.190+0000][1][safepoint    ] Safepoint "RevokeBias", Time since last: 13811293799 ns, Reaching safepoint: 1160291 ns, At safepoint: 156417 ns, Total: 1316708 ns
[2022-09-04T01:07:47.208+0000][1][safepoint    ] Safepoint "RevokeBias", Time since last: 17430792 ns, Reaching safepoint: 641250 ns, At safepoint: 119291 ns, Total: 760541 ns
[2022-09-04T01:07:47.222+0000][1][safepoint    ] Safepoint "RevokeBias", Time since last: 12897584 ns, Reaching safepoint: 1502750 ns, At safepoint: 127791 ns, Total: 1630541 ns
[2022-09-04T01:07:47.237+0000][1][safepoint    ] Safepoint "RevokeBias", Time since last: 12456709 ns, Reaching safepoint: 1736333 ns, At safepoint: 419750 ns, Total: 2156083 ns
[2022-09-04T01:07:47.533+0000][1][safepoint    ] Safepoint "RevokeBias", Time since last: 294329125 ns, Reaching safepoint: 1296667 ns, At safepoint: 142625 ns, Total: 1439292 ns
[2022-09-04T01:07:47.539+0000][1][safepoint    ] Safepoint "RevokeBias", Time since last: 6069333 ns, Reaching safepoint: 581584 ns, At safepoint: 115875 ns, Total: 697459 ns
[2022-09-04T01:07:47.547+0000][1][safepoint    ] Safepoint "RevokeBias", Time since last: 6459208 ns, Reaching safepoint: 618625 ns, At safepoint: 163042 ns, Total: 781667 ns
[2022-09-04T01:07:47.551+0000][1][safepoint    ] Safepoint "RevokeBias", Time since last: 2727041 ns, Reaching safepoint: 1229667 ns, At safepoint: 184083 ns, Total: 1413750 ns
[2022-09-04T01:07:47.614+0000][1][safepoint    ] Safepoint "RevokeBias", Time since last: 61803125 ns, Reaching safepoint: 752042 ns, At safepoint: 174667 ns, Total: 926709 ns
[2022-09-04T01:07:47.619+0000][1][safepoint    ] Safepoint "RevokeBias", Time since last: 4443958 ns, Reaching safepoint: 759208 ns, At safepoint: 153625 ns, Total: 912833 ns
[2022-09-04T01:07:47.622+0000][1][safepoint    ] Safepoint "RevokeBias", Time since last: 2641334 ns, Reaching safepoint: 433791 ns, At safepoint: 291500 ns, Total: 725291 ns
[2022-09-04T01:07:47.625+0000][1][safepoint    ] Safepoint "RevokeBias", Time since last: 1719875 ns, Reaching safepoint: 637084 ns, At safepoint: 98625 ns, Total: 735709 ns
[2022-09-04T01:07:47.628+0000][1][safepoint    ] Safepoint "RevokeBias", Time since last: 1667833 ns, Reaching safepoint: 356333 ns, At safepoint: 1264209 ns, Total: 1620542 ns
[2022-09-04T01:07:47.636+0000][1][safepoint    ] Safepoint "RevokeBias", Time since last: 4834041 ns, Reaching safepoint: 2684542 ns, At safepoint: 126500 ns, Total: 2811042 ns
[2022-09-04T01:07:47.641+0000][1][safepoint    ] Safepoint "RevokeBias", Time since last: 3192292 ns, Reaching safepoint: 969041 ns, At safepoint: 1242750 ns, Total: 2211791 ns
[2022-09-04T01:07:47.652+0000][1][safepoint    ] Safepoint "RevokeBias", Time since last: 4608834 ns, Reaching safepoint: 4246458 ns, At safepoint: 1718583 ns, Total: 5965041 ns
[2022-09-04T01:07:47.658+0000][1][safepoint    ] Safepoint "RevokeBias", Time since last: 5201625 ns, Reaching safepoint: 899417 ns, At safepoint: 515333 ns, Total: 1414750 ns
[2022-09-04T01:07:47.664+0000][1][safepoint    ] Safepoint "RevokeBias", Time since last: 3639209 ns, Reaching safepoint: 2347791 ns, At safepoint: 304375 ns, Total: 2652166 ns
[2022-09-04T01:07:47.672+0000][1][safepoint    ] Safepoint "RevokeBias", Time since last: 3462292 ns, Reaching safepoint: 3423833 ns, At safepoint: 402875 ns, Total: 3826708 ns
[2022-09-04T01:07:47.696+0000][1][safepoint    ] Safepoint "RevokeBias", Time since last: 22136375 ns, Reaching safepoint: 1828209 ns, At safepoint: 109750 ns, Total: 1937959 ns
[2022-09-04T01:07:47.701+0000][1][safepoint    ] Safepoint "RevokeBias", Time since last: 4348375 ns, Reaching safepoint: 459750 ns, At safepoint: 134125 ns, Total: 593875 ns
[2022-09-04T01:07:48.294+0000][1][safepoint    ] Safepoint "RevokeBias", Time since last: 590161333 ns, Reaching safepoint: 3200125 ns, At safepoint: 263375 ns, Total: 3463500 ns
[2022-09-04T01:07:48.363+0000][1][safepoint    ] Safepoint "RevokeBias", Time since last: 66510375 ns, Reaching safepoint: 1824875 ns, At safepoint: 129084 ns, Total: 1953959 ns
[2022-09-04T01:07:48.369+0000][1][safepoint    ] Safepoint "RevokeBias", Time since last: 5778666 ns, Reaching safepoint: 632750 ns, At safepoint: 116250 ns, Total: 749000 ns
[2022-09-04T01:07:48.675+0000][1][safepoint    ] Safepoint "RevokeBias", Time since last: 304346084 ns, Reaching safepoint: 1026291 ns, At safepoint: 135292 ns, Total: 1161583 ns
[2022-09-04T01:07:48.979+0000][1][safepoint    ] Safepoint "RevokeBias", Time since last: 301990125 ns, Reaching safepoint: 2455875 ns, At safepoint: 117959 ns, Total: 2573834 ns
[2022-09-04T01:07:49.267+0000][1][safepoint    ] Safepoint "RevokeBias", Time since last: 286729458 ns, Reaching safepoint: 906625 ns, At safepoint: 119083 ns, Total: 1025708 ns
[2022-09-04T01:07:49.426+0000][1][safepoint    ] Safepoint "RevokeBias", Time since last: 157768334 ns, Reaching safepoint: 1101500 ns, At safepoint: 120958 ns, Total: 1222458 ns
[2022-09-04T01:07:49.710+0000][1][safepoint    ] Safepoint "RevokeBias", Time since last: 282843334 ns, Reaching safepoint: 743041 ns, At safepoint: 103000 ns, Total: 846041 ns
[2022-09-04T01:07:49.714+0000][1][safepoint    ] Safepoint "RevokeBias", Time since last: 3254750 ns, Reaching safepoint: 425042 ns, At safepoint: 80083 ns, Total: 505125 ns
[2022-09-04T01:07:49.716+0000][1][safepoint    ] Safepoint "RevokeBias", Time since last: 1656584 ns, Reaching safepoint: 319583 ns, At safepoint: 79500 ns, Total: 399083 ns
[2022-09-04T01:07:49.920+0000][1][safepoint    ] Safepoint "RevokeBias", Time since last: 203136083 ns, Reaching safepoint: 1129792 ns, At safepoint: 151625 ns, Total: 1281417 ns
[2022-09-04T01:08:02.660+0000][1][safepoint    ] Safepoint "RevokeBias", Time since last: 12738405005 ns, Reaching safepoint: 1742167 ns, At safepoint: 195958 ns, Total: 1938125 ns
[2022-09-04T01:08:14.674+0000][1][safepoint    ] Safepoint "Cleanup", Time since last: 12010164547 ns, Reaching safepoint: 3799959 ns, At safepoint: 96500 ns, Total: 3896459 ns
[2022-09-04T01:08:18.713+0000][1][safepoint    ] Safepoint "RevokeBias", Time since last: 4034590460 ns, Reaching safepoint: 3521625 ns, At safepoint: 862875 ns, Total: 4384500 ns
[2022-09-04T01:08:18.722+0000][1][safepoint    ] Safepoint "RevokeBias", Time since last: 6886833 ns, Reaching safepoint: 1264125 ns, At safepoint: 686084 ns, Total: 1950209 ns
[2022-09-04T01:08:19.729+0000][1][safepoint    ] Safepoint "Cleanup", Time since last: 1004282625 ns, Reaching safepoint: 3040542 ns, At safepoint: 68500 ns, Total: 3109042 ns
[2022-09-04T01:08:23.737+0000][1][safepoint    ] Safepoint "Cleanup", Time since last: 4004105126 ns, Reaching safepoint: 3140416 ns, At safepoint: 152167 ns, Total: 3292583 ns
[2022-09-04T01:08:32.744+0000][1][safepoint    ] Safepoint "Cleanup", Time since last: 9006752588 ns, Reaching safepoint: 741458 ns, At safepoint: 26583 ns, Total: 768041 ns
[2022-09-04T01:08:38.750+0000][1][safepoint    ] Safepoint "Cleanup", Time since last: 6004691337 ns, Reaching safepoint: 815875 ns, At safepoint: 25166 ns, Total: 841041 ns
[2022-09-04T01:08:59.769+0000][1][safepoint    ] Safepoint "Cleanup", Time since last: 21010949968 ns, Reaching safepoint: 7363417 ns, At safepoint: 399416 ns, Total: 7762833 ns
[2022-09-04T01:09:02.783+0000][1][safepoint    ] Safepoint "Cleanup", Time since last: 3012509460 ns, Reaching safepoint: 2672083 ns, At safepoint: 37167 ns, Total: 2709250 ns
[2022-09-04T01:09:18.803+0000][1][safepoint    ] Safepoint "Cleanup", Time since last: 16016528549 ns, Reaching safepoint: 3156917 ns, At safepoint: 71500 ns, Total: 3228417 ns
[2022-09-04T01:09:38.813+0000][1][safepoint    ] Safepoint "Cleanup", Time since last: 20009439176 ns, Reaching safepoint: 1238458 ns, At safepoint: 27667 ns, Total: 1266125 ns
[2022-09-04T01:09:43.821+0000][1][safepoint    ] Safepoint "Cleanup", Time since last: 5006567669 ns, Reaching safepoint: 1042750 ns, At safepoint: 23041 ns, Total: 1065791 ns
[2022-09-04T01:09:48.826+0000][1][safepoint    ] Safepoint "Cleanup", Time since last: 5003066419 ns, Reaching safepoint: 1655584 ns, At safepoint: 32500 ns, Total: 1688084 ns
[2022-09-04T01:09:59.834+0000][1][safepoint    ] Safepoint "Cleanup", Time since last: 11006357421 ns, Reaching safepoint: 1447250 ns, At safepoint: 38042 ns, Total: 1485292 ns
[2022-09-04T01:10:02.840+0000][1][safepoint    ] Safepoint "Cleanup", Time since last: 3005339209 ns, Reaching safepoint: 757709 ns, At safepoint: 20708 ns, Total: 778417 ns
[2022-09-04T01:10:18.920+0000][1][gc,start     ] GC(18) Pause Young (Allocation Failure)
[2022-09-04T01:10:18.925+0000][1][gc,task      ] GC(18) Using 4 workers of 4 for evacuation
[2022-09-04T01:10:19.005+0000][1][gc,age       ] GC(18) Desired survivor size 8945664 bytes, new threshold 4 (max threshold 6)
[2022-09-04T01:10:19.007+0000][1][gc,age       ] GC(18) Age table with threshold 4 (max threshold 6)
[2022-09-04T01:10:19.008+0000][1][gc,age       ] GC(18) - age   1:    2828584 bytes,    2828584 total
[2022-09-04T01:10:19.009+0000][1][gc,age       ] GC(18) - age   2:     103680 bytes,    2932264 total
[2022-09-04T01:10:19.010+0000][1][gc,age       ] GC(18) - age   3:    2408120 bytes,    5340384 total
[2022-09-04T01:10:19.012+0000][1][gc,age       ] GC(18) - age   4:    4760560 bytes,   10100944 total
[2022-09-04T01:10:19.015+0000][1][gc,heap      ] GC(18) ParNew: 151639K->11511K(157248K)
[2022-09-04T01:10:19.016+0000][1][gc,heap      ] GC(18) CMS: 55833K->55833K(349568K)
[2022-09-04T01:10:19.016+0000][1][gc,metaspace ] GC(18) Metaspace: 81489K->81489K(1124352K)
[2022-09-04T01:10:19.019+0000][1][gc           ] GC(18) Pause Young (Allocation Failure) 202M->65M(494M) 99.277ms
[2022-09-04T01:10:19.020+0000][1][gc,cpu       ] GC(18) User=0.22s Sys=0.04s Real=0.10s
[2022-09-04T01:10:19.021+0000][1][safepoint    ] Safepoint "GenCollectForAllocation", Time since last: 16077809466 ns, Reaching safepoint: 1154333 ns, At safepoint: 102687209 ns, Total: 103841542 ns
[2022-09-04T01:10:40.041+0000][1][safepoint    ] Safepoint "Cleanup", Time since last: 21017527676 ns, Reaching safepoint: 2374750 ns, At safepoint: 94042 ns, Total: 2468792 ns
[2022-09-04T01:10:41.046+0000][1][safepoint    ] Safepoint "Cleanup", Time since last: 1003207042 ns, Reaching safepoint: 1659041 ns, At safepoint: 45667 ns, Total: 1704708 ns
[2022-09-04T01:10:42.053+0000][1][safepoint    ] Safepoint "Cleanup", Time since last: 1006057959 ns, Reaching safepoint: 1262333 ns, At safepoint: 37542 ns, Total: 1299875 ns
[2022-09-04T01:10:43.057+0000][1][safepoint    ] Safepoint "Cleanup", Time since last: 1002334042 ns, Reaching safepoint: 1258125 ns, At safepoint: 41750 ns, Total: 1299875 ns
[2022-09-04T01:10:44.062+0000][1][safepoint    ] Safepoint "Cleanup", Time since last: 1002366251 ns, Reaching safepoint: 2403833 ns, At safepoint: 103083 ns, Total: 2506916 ns
[2022-09-04T01:10:45.068+0000][1][safepoint    ] Safepoint "Cleanup", Time since last: 1003985001 ns, Reaching safepoint: 1847625 ns, At safepoint: 55833 ns, Total: 1903458 ns
[2022-09-04T01:10:46.073+0000][1][safepoint    ] Safepoint "Cleanup", Time since last: 1004484542 ns, Reaching safepoint: 956250 ns, At safepoint: 21792 ns, Total: 978042 ns
[2022-09-04T01:10:47.077+0000][1][safepoint    ] Safepoint "Cleanup", Time since last: 1001996875 ns, Reaching safepoint: 1540500 ns, At safepoint: 40542 ns, Total: 1581042 ns
[2022-09-04T01:10:48.082+0000][1][safepoint    ] Safepoint "Cleanup", Time since last: 1004105750 ns, Reaching safepoint: 791209 ns, At safepoint: 210791 ns, Total: 1002000 ns
[2022-09-04T01:10:48.241+0000][1][safepoint    ] Safepoint "RevokeBias", Time since last: 155574001 ns, Reaching safepoint: 1005791 ns, At safepoint: 2113084 ns, Total: 3118875 ns
[2022-09-04T01:10:48.256+0000][1][safepoint    ] Safepoint "RevokeBias", Time since last: 14555000 ns, Reaching safepoint: 1094500 ns, At safepoint: 135833 ns, Total: 1230333 ns
[2022-09-04T01:10:48.276+0000][1][safepoint    ] Safepoint "RevokeBias", Time since last: 18693500 ns, Reaching safepoint: 718917 ns, At safepoint: 120583 ns, Total: 839500 ns
[2022-09-04T01:10:48.287+0000][1][safepoint    ] Safepoint "RevokeBias", Time since last: 9963750 ns, Reaching safepoint: 805750 ns, At safepoint: 466583 ns, Total: 1272333 ns
[2022-09-04T01:10:48.788+0000][1][safepoint    ] Safepoint "RevokeBias", Time since last: 498345125 ns, Reaching safepoint: 1908334 ns, At safepoint: 363333 ns, Total: 2271667 ns
[2022-09-04T01:10:48.797+0000][1][safepoint    ] Safepoint "RevokeBias", Time since last: 8558417 ns, Reaching safepoint: 737125 ns, At safepoint: 129500 ns, Total: 866625 ns
[2022-09-04T01:10:48.801+0000][1][safepoint    ] Safepoint "RevokeBias", Time since last: 2450708 ns, Reaching safepoint: 1120250 ns, At safepoint: 141958 ns, Total: 1262208 ns
[2022-09-04T01:10:48.808+0000][1][safepoint    ] Safepoint "BulkRevokeBias", Time since last: 2805417 ns, Reaching safepoint: 619417 ns, At safepoint: 4018833 ns, Total: 4638250 ns
[2022-09-04T01:10:48.820+0000][1][safepoint    ] Safepoint "RevokeBias", Time since last: 6757542 ns, Reaching safepoint: 3776416 ns, At safepoint: 752959 ns, Total: 4529375 ns
[2022-09-04T01:10:48.825+0000][1][safepoint    ] Safepoint "RevokeBias", Time since last: 4391750 ns, Reaching safepoint: 970500 ns, At safepoint: 95500 ns, Total: 1066000 ns
[2022-09-04T01:10:48.828+0000][1][safepoint    ] Safepoint "RevokeBias", Time since last: 2157375 ns, Reaching safepoint: 578041 ns, At safepoint: 205209 ns, Total: 783250 ns
[2022-09-04T01:10:48.832+0000][1][safepoint    ] Safepoint "RevokeBias", Time since last: 2918541 ns, Reaching safepoint: 808667 ns, At safepoint: 131125 ns, Total: 939792 ns
[2022-09-04T01:10:48.838+0000][1][safepoint    ] Safepoint "RevokeBias", Time since last: 5195750 ns, Reaching safepoint: 1232417 ns, At safepoint: 103625 ns, Total: 1336042 ns
[2022-09-04T01:10:48.842+0000][1][safepoint    ] Safepoint "RevokeBias", Time since last: 2805416 ns, Reaching safepoint: 399084 ns, At safepoint: 89583 ns, Total: 488667 ns
[2022-09-04T01:10:48.846+0000][1][safepoint    ] Safepoint "RevokeBias", Time since last: 3907208 ns, Reaching safepoint: 447500 ns, At safepoint: 106792 ns, Total: 554292 ns
[2022-09-04T01:10:48.850+0000][1][safepoint    ] Safepoint "RevokeBias", Time since last: 3470750 ns, Reaching safepoint: 423292 ns, At safepoint: 91666 ns, Total: 514958 ns
[2022-09-04T01:10:48.854+0000][1][safepoint    ] Safepoint "RevokeBias", Time since last: 2944042 ns, Reaching safepoint: 512292 ns, At safepoint: 87875 ns, Total: 600167 ns
[2022-09-04T01:10:49.096+0000][1][safepoint    ] Safepoint "RevokeBias", Time since last: 240716750 ns, Reaching safepoint: 1392667 ns, At safepoint: 431375 ns, Total: 1824042 ns
[2022-09-04T01:10:49.139+0000][1][safepoint    ] Safepoint "RevokeBias", Time since last: 39581541 ns, Reaching safepoint: 2844167 ns, At safepoint: 366667 ns, Total: 3210834 ns
[2022-09-04T01:10:49.145+0000][1][safepoint    ] Safepoint "RevokeBias", Time since last: 4615666 ns, Reaching safepoint: 1045584 ns, At safepoint: 156458 ns, Total: 1202042 ns
[2022-09-04T01:10:49.398+0000][1][safepoint    ] Safepoint "RevokeBias", Time since last: 249365750 ns, Reaching safepoint: 2866583 ns, At safepoint: 360417 ns, Total: 3227000 ns
[2022-09-04T01:10:49.696+0000][1][safepoint    ] Safepoint "RevokeBias", Time since last: 295927417 ns, Reaching safepoint: 2661125 ns, At safepoint: 130250 ns, Total: 2791375 ns
[2022-09-04T01:10:49.949+0000][1][safepoint    ] Safepoint "RevokeBias", Time since last: 252078208 ns, Reaching safepoint: 872334 ns, At safepoint: 112416 ns, Total: 984750 ns
[2022-09-04T01:10:49.996+0000][1][safepoint    ] Safepoint "RevokeBias", Time since last: 45182542 ns, Reaching safepoint: 1684750 ns, At safepoint: 127333 ns, Total: 1812083 ns
[2022-09-04T01:10:50.109+0000][1][safepoint    ] Safepoint "RevokeBias", Time since last: 110610625 ns, Reaching safepoint: 1517125 ns, At safepoint: 273417 ns, Total: 1790542 ns
[2022-09-04T01:10:50.229+0000][1][safepoint    ] Safepoint "RevokeBias", Time since last: 118624333 ns, Reaching safepoint: 1172667 ns, At safepoint: 251250 ns, Total: 1423917 ns
[2022-09-04T01:10:50.245+0000][1][safepoint    ] Safepoint "RevokeBias", Time since last: 14789208 ns, Reaching safepoint: 1215167 ns, At safepoint: 166333 ns, Total: 1381500 ns
[2022-09-04T01:10:50.255+0000][1][safepoint    ] Safepoint "RevokeBias", Time since last: 9157250 ns, Reaching safepoint: 434709 ns, At safepoint: 130750 ns, Total: 565459 ns
[2022-09-04T01:10:50.268+0000][1][safepoint    ] Safepoint "RevokeBias", Time since last: 12733583 ns, Reaching safepoint: 575917 ns, At safepoint: 103541 ns, Total: 679458 ns
[2022-09-04T01:10:50.271+0000][1][safepoint    ] Safepoint "RevokeBias", Time since last: 2661917 ns, Reaching safepoint: 441333 ns, At safepoint: 93917 ns, Total: 535250 ns
[2022-09-04T01:10:50.275+0000][1][safepoint    ] Safepoint "RevokeBias", Time since last: 2779083 ns, Reaching safepoint: 513959 ns, At safepoint: 357750 ns, Total: 871709 ns
[2022-09-04T01:10:50.330+0000][1][safepoint    ] Safepoint "RevokeBias", Time since last: 54585167 ns, Reaching safepoint: 974958 ns, At safepoint: 100250 ns, Total: 1075208 ns
[2022-09-04T01:10:50.346+0000][1][safepoint    ] Safepoint "RevokeBias", Time since last: 13478375 ns, Reaching safepoint: 2365083 ns, At safepoint: 152875 ns, Total: 2517958 ns
[2022-09-04T01:10:50.356+0000][1][safepoint    ] Safepoint "RevokeBias", Time since last: 7642334 ns, Reaching safepoint: 986375 ns, At safepoint: 381750 ns, Total: 1368125 ns
[2022-09-04T01:10:50.359+0000][1][safepoint    ] Safepoint "RevokeBias", Time since last: 2235333 ns, Reaching safepoint: 565583 ns, At safepoint: 462500 ns, Total: 1028083 ns
[2022-09-04T01:10:50.369+0000][1][safepoint    ] Safepoint "BulkRevokeBias", Time since last: 7576292 ns, Reaching safepoint: 720917 ns, At safepoint: 1510625 ns, Total: 2231542 ns
[2022-09-04T01:10:50.382+0000][1][safepoint    ] Safepoint "RevokeBias", Time since last: 12714791 ns, Reaching safepoint: 800792 ns, At safepoint: 107833 ns, Total: 908625 ns
[2022-09-04T01:10:50.384+0000][1][safepoint    ] Safepoint "RevokeBias", Time since last: 1697834 ns, Reaching safepoint: 321125 ns, At safepoint: 77875 ns, Total: 399000 ns
[2022-09-04T01:10:50.387+0000][1][safepoint    ] Safepoint "RevokeBias", Time since last: 1444750 ns, Reaching safepoint: 947541 ns, At safepoint: 107000 ns, Total: 1054541 ns
[2022-09-04T01:10:50.399+0000][1][safepoint    ] Safepoint "RevokeBias", Time since last: 11117542 ns, Reaching safepoint: 781375 ns, At safepoint: 108583 ns, Total: 889958 ns
[2022-09-04T01:10:50.438+0000][1][safepoint    ] Safepoint "RevokeBias", Time since last: 38497334 ns, Reaching safepoint: 1064291 ns, At safepoint: 116750 ns, Total: 1181041 ns
[2022-09-04T01:10:50.443+0000][1][safepoint    ] Safepoint "RevokeBias", Time since last: 3951250 ns, Reaching safepoint: 761959 ns, At safepoint: 140083 ns, Total: 902042 ns
[2022-09-04T01:10:50.456+0000][1][safepoint    ] Safepoint "RevokeBias", Time since last: 12005958 ns, Reaching safepoint: 848584 ns, At safepoint: 115500 ns, Total: 964084 ns
[2022-09-04T01:10:50.460+0000][1][safepoint    ] Safepoint "RevokeBias", Time since last: 3207625 ns, Reaching safepoint: 501000 ns, At safepoint: 123708 ns, Total: 624708 ns
[2022-09-04T01:10:50.469+0000][1][safepoint    ] Safepoint "RevokeBias", Time since last: 8218292 ns, Reaching safepoint: 796875 ns, At safepoint: 100208 ns, Total: 897083 ns
[2022-09-04T01:10:50.474+0000][1][safepoint    ] Safepoint "RevokeBias", Time since last: 4040583 ns, Reaching safepoint: 524834 ns, At safepoint: 97458 ns, Total: 622292 ns
[2022-09-04T01:10:50.660+0000][1][safepoint    ] Safepoint "RevokeBias", Time since last: 184943042 ns, Reaching safepoint: 1028375 ns, At safepoint: 120291 ns, Total: 1148666 ns
[2022-09-04T01:10:50.662+0000][1][safepoint    ] Safepoint "RevokeBias", Time since last: 1394125 ns, Reaching safepoint: 616792 ns, At safepoint: 88458 ns, Total: 705250 ns
[2022-09-04T01:10:50.706+0000][1][safepoint    ] Safepoint "RevokeBias", Time since last: 43286042 ns, Reaching safepoint: 488042 ns, At safepoint: 98000 ns, Total: 586042 ns
[2022-09-04T01:10:50.739+0000][1][safepoint    ] Safepoint "RevokeBias", Time since last: 32398750 ns, Reaching safepoint: 511791 ns, At safepoint: 101959 ns, Total: 613750 ns
[2022-09-04T01:10:50.749+0000][1][safepoint    ] Safepoint "RevokeBias", Time since last: 9438000 ns, Reaching safepoint: 717291 ns, At safepoint: 104084 ns, Total: 821375 ns
[2022-09-04T01:10:51.449+0000][1][safepoint    ] Safepoint "RevokeBias", Time since last: 698897625 ns, Reaching safepoint: 913708 ns, At safepoint: 107542 ns, Total: 1021250 ns
[2022-09-04T01:11:19.439+0000][1][safepoint    ] Safepoint "RevokeBias", Time since last: 27988322138 ns, Reaching safepoint: 951625 ns, At safepoint: 186833 ns, Total: 1138458 ns
[2022-09-04T01:11:46.466+0000][1][safepoint    ] Safepoint "Cleanup", Time since last: 27026591304 ns, Reaching safepoint: 940292 ns, At safepoint: 23083 ns, Total: 963375 ns
[2022-09-04T01:11:49.472+0000][1][safepoint    ] Safepoint "Cleanup", Time since last: 3005132793 ns, Reaching safepoint: 991167 ns, At safepoint: 22917 ns, Total: 1014084 ns
[2022-09-04T01:12:19.511+0000][1][safepoint    ] Safepoint "Cleanup", Time since last: 30038460722 ns, Reaching safepoint: 925166 ns, At safepoint: 24667 ns, Total: 949833 ns
[2022-09-04T01:12:30.531+0000][1][safepoint    ] Safepoint "Cleanup", Time since last: 11018077046 ns, Reaching safepoint: 2659750 ns, At safepoint: 118583 ns, Total: 2778333 ns
[2022-09-04T01:12:34.592+0000][1][safepoint    ] Safepoint "RevokeBias", Time since last: 4055888044 ns, Reaching safepoint: 3619083 ns, At safepoint: 1390209 ns, Total: 5009292 ns
[2022-09-04T01:13:11.624+0000][1][safepoint    ] Safepoint "Cleanup", Time since last: 37027480142 ns, Reaching safepoint: 3670375 ns, At safepoint: 89916 ns, Total: 3760291 ns
[2022-09-04T01:14:02.666+0000][1][safepoint    ] Safepoint "Cleanup", Time since last: 51042913232 ns, Reaching safepoint: 1248875 ns, At safepoint: 31416 ns, Total: 1280291 ns
[2022-09-04T01:15:02.221+0000][1][safepoint    ] Safepoint "RevokeBias", Time since last: 59551874819 ns, Reaching safepoint: 1091500 ns, At safepoint: 67500 ns, Total: 1159000 ns
[2022-09-04T01:15:02.235+0000][1][safepoint    ] Safepoint "RevokeBias", Time since last: 13635459 ns, Reaching safepoint: 438875 ns, At safepoint: 33291 ns, Total: 472166 ns
[2022-09-04T01:15:03.238+0000][1][safepoint    ] Safepoint "Cleanup", Time since last: 1002406834 ns, Reaching safepoint: 876583 ns, At safepoint: 22334 ns, Total: 898917 ns
[2022-09-04T01:15:39.082+0000][1][safepoint    ] Safepoint "RevokeBias", Time since last: 35843011974 ns, Reaching safepoint: 921042 ns, At safepoint: 111958 ns, Total: 1033000 ns
[2022-09-04T01:15:39.094+0000][1][safepoint    ] Safepoint "RevokeBias", Time since last: 10535209 ns, Reaching safepoint: 1354541 ns, At safepoint: 118209 ns, Total: 1472750 ns
[2022-09-04T01:15:39.113+0000][1][safepoint    ] Safepoint "RevokeBias", Time since last: 18477958 ns, Reaching safepoint: 1121042 ns, At safepoint: 124916 ns, Total: 1245958 ns
[2022-09-04T01:15:39.122+0000][1][safepoint    ] Safepoint "RevokeBias", Time since last: 7095000 ns, Reaching safepoint: 1059875 ns, At safepoint: 97375 ns, Total: 1157250 ns
[2022-09-04T01:15:39.153+0000][1][gc,start     ] GC(19) Pause Young (Allocation Failure)
[2022-09-04T01:15:39.154+0000][1][gc,task      ] GC(19) Using 4 workers of 4 for evacuation
[2022-09-04T01:15:39.366+0000][1][gc,age       ] GC(19) Desired survivor size 8945664 bytes, new threshold 6 (max threshold 6)
[2022-09-04T01:15:39.372+0000][1][gc,age       ] GC(19) Age table with threshold 6 (max threshold 6)
[2022-09-04T01:15:39.376+0000][1][gc,age       ] GC(19) - age   1:     375640 bytes,     375640 total
[2022-09-04T01:15:39.379+0000][1][gc,age       ] GC(19) - age   2:    2615128 bytes,    2990768 total
[2022-09-04T01:15:39.381+0000][1][gc,age       ] GC(19) - age   3:     103304 bytes,    3094072 total
[2022-09-04T01:15:39.385+0000][1][gc,age       ] GC(19) - age   4:    2407528 bytes,    5501600 total
[2022-09-04T01:15:39.388+0000][1][gc,heap      ] GC(19) ParNew: 151287K->9809K(157248K)
[2022-09-04T01:15:39.392+0000][1][gc,heap      ] GC(19) CMS: 55833K->60645K(349568K)
[2022-09-04T01:15:39.397+0000][1][gc,metaspace ] GC(19) Metaspace: 81623K->81623K(1124352K)
[2022-09-04T01:15:39.401+0000][1][gc           ] GC(19) Pause Young (Allocation Failure) 202M->68M(494M) 248.045ms
[2022-09-04T01:15:39.405+0000][1][gc,cpu       ] GC(19) User=0.40s Sys=0.04s Real=0.25s
[2022-09-04T01:15:39.413+0000][1][safepoint    ] Safepoint "GenCollectForAllocation", Time since last: 29885542 ns, Reaching safepoint: 1313083 ns, At safepoint: 259757834 ns, Total: 261070917 ns
[2022-09-04T01:15:39.749+0000][1][safepoint    ] Safepoint "RevokeBias", Time since last: 331741625 ns, Reaching safepoint: 3828958 ns, At safepoint: 716209 ns, Total: 4545167 ns
[2022-09-04T01:15:39.754+0000][1][safepoint    ] Safepoint "RevokeBias", Time since last: 4577916 ns, Reaching safepoint: 627875 ns, At safepoint: 87084 ns, Total: 714959 ns
[2022-09-04T01:15:39.782+0000][1][safepoint    ] Safepoint "RevokeBias", Time since last: 27026083 ns, Reaching safepoint: 779833 ns, At safepoint: 112084 ns, Total: 891917 ns
[2022-09-04T01:15:39.787+0000][1][safepoint    ] Safepoint "RevokeBias", Time since last: 2868416 ns, Reaching safepoint: 1779167 ns, At safepoint: 343875 ns, Total: 2123042 ns
[2022-09-04T01:15:39.791+0000][1][safepoint    ] Safepoint "RevokeBias", Time since last: 2757875 ns, Reaching safepoint: 879500 ns, At safepoint: 196333 ns, Total: 1075833 ns
[2022-09-04T01:15:39.794+0000][1][safepoint    ] Safepoint "RevokeBias", Time since last: 2505209 ns, Reaching safepoint: 843458 ns, At safepoint: 89875 ns, Total: 933333 ns
[2022-09-04T01:15:39.828+0000][1][safepoint    ] Safepoint "RevokeBias", Time since last: 32568417 ns, Reaching safepoint: 673250 ns, At safepoint: 101708 ns, Total: 774958 ns
[2022-09-04T01:15:39.831+0000][1][safepoint    ] Safepoint "RevokeBias", Time since last: 2996792 ns, Reaching safepoint: 551333 ns, At safepoint: 85958 ns, Total: 637291 ns
[2022-09-04T01:15:39.834+0000][1][safepoint    ] Safepoint "RevokeBias", Time since last: 2272584 ns, Reaching safepoint: 451375 ns, At safepoint: 79041 ns, Total: 530416 ns
[2022-09-04T01:15:39.838+0000][1][safepoint    ] Safepoint "BulkRevokeBias", Time since last: 1542750 ns, Reaching safepoint: 511792 ns, At safepoint: 1955042 ns, Total: 2466834 ns
[2022-09-04T01:15:39.841+0000][1][safepoint    ] Safepoint "RevokeBias", Time since last: 2180875 ns, Reaching safepoint: 641083 ns, At safepoint: 88250 ns, Total: 729333 ns
[2022-09-04T01:15:39.844+0000][1][safepoint    ] Safepoint "RevokeBias", Time since last: 2610083 ns, Reaching safepoint: 559917 ns, At safepoint: 75375 ns, Total: 635292 ns
[2022-09-04T01:15:39.848+0000][1][safepoint    ] Safepoint "RevokeBias", Time since last: 3299375 ns, Reaching safepoint: 535250 ns, At safepoint: 88708 ns, Total: 623958 ns
[2022-09-04T01:15:40.025+0000][1][safepoint    ] Safepoint "RevokeBias", Time since last: 172037626 ns, Reaching safepoint: 3981416 ns, At safepoint: 228459 ns, Total: 4209875 ns
[2022-09-04T01:15:40.037+0000][1][safepoint    ] Safepoint "RevokeBias", Time since last: 10935500 ns, Reaching safepoint: 1169541 ns, At safepoint: 485375 ns, Total: 1654916 ns
[2022-09-04T01:15:40.041+0000][1][safepoint    ] Safepoint "RevokeBias", Time since last: 3059042 ns, Reaching safepoint: 380792 ns, At safepoint: 138208 ns, Total: 519000 ns
[2022-09-04T01:15:40.328+0000][1][safepoint    ] Safepoint "RevokeBias", Time since last: 284816583 ns, Reaching safepoint: 2439750 ns, At safepoint: 267459 ns, Total: 2707209 ns
[2022-09-04T01:15:40.598+0000][1][safepoint    ] Safepoint "RevokeBias", Time since last: 268506417 ns, Reaching safepoint: 1371791 ns, At safepoint: 88917 ns, Total: 1460708 ns
[2022-09-04T01:15:40.776+0000][1][safepoint    ] Safepoint "RevokeBias", Time since last: 176705833 ns, Reaching safepoint: 796042 ns, At safepoint: 109167 ns, Total: 905209 ns
[2022-09-04T01:15:40.896+0000][1][safepoint    ] Safepoint "RevokeBias", Time since last: 118301541 ns, Reaching safepoint: 1488584 ns, At safepoint: 121750 ns, Total: 1610334 ns
[2022-09-04T01:15:41.389+0000][1][safepoint    ] Safepoint "RevokeBias", Time since last: 492447833 ns, Reaching safepoint: 912084 ns, At safepoint: 106750 ns, Total: 1018834 ns
[2022-09-04T01:15:41.392+0000][1][safepoint    ] Safepoint "RevokeBias", Time since last: 2128791 ns, Reaching safepoint: 554625 ns, At safepoint: 85500 ns, Total: 640125 ns
[2022-09-04T01:15:41.394+0000][1][safepoint    ] Safepoint "RevokeBias", Time since last: 1386125 ns, Reaching safepoint: 405000 ns, At safepoint: 99500 ns, Total: 504500 ns
[2022-09-04T01:15:45.388+0000][1][safepoint    ] Safepoint "RevokeBias", Time since last: 3992260460 ns, Reaching safepoint: 1341875 ns, At safepoint: 136209 ns, Total: 1478084 ns
[2022-09-04T01:16:03.091+0000][1][safepoint    ] Safepoint "RevokeBias", Time since last: 17696759716 ns, Reaching safepoint: 6073375 ns, At safepoint: 681083 ns, Total: 6754458 ns
[2022-09-04T01:16:10.391+0000][1][safepoint    ] Safepoint "RevokeBias", Time since last: 7298051754 ns, Reaching safepoint: 1611125 ns, At safepoint: 259958 ns, Total: 1871083 ns
[2022-09-04T01:16:10.396+0000][1][safepoint    ] Safepoint "RevokeBias", Time since last: 4170792 ns, Reaching safepoint: 794916 ns, At safepoint: 339584 ns, Total: 1134500 ns
[2022-09-04T01:16:11.403+0000][1][safepoint    ] Safepoint "Cleanup", Time since last: 1003811875 ns, Reaching safepoint: 3014334 ns, At safepoint: 40041 ns, Total: 3054375 ns
[2022-09-04T01:16:12.409+0000][1][safepoint    ] Safepoint "Cleanup", Time since last: 1003259417 ns, Reaching safepoint: 2794167 ns, At safepoint: 93958 ns, Total: 2888125 ns
[2022-09-04T01:16:19.425+0000][1][safepoint    ] Safepoint "Cleanup", Time since last: 7013612504 ns, Reaching safepoint: 2551458 ns, At safepoint: 52917 ns, Total: 2604375 ns
[2022-09-04T01:16:20.431+0000][1][safepoint    ] Safepoint "Cleanup", Time since last: 1004338042 ns, Reaching safepoint: 1403750 ns, At safepoint: 46333 ns, Total: 1450083 ns
[2022-09-04T01:16:21.435+0000][1][safepoint    ] Safepoint "Cleanup", Time since last: 1002344459 ns, Reaching safepoint: 1317208 ns, At safepoint: 40917 ns, Total: 1358125 ns
[2022-09-04T01:16:31.455+0000][1][safepoint    ] Safepoint "Cleanup", Time since last: 10017603421 ns, Reaching safepoint: 3027958 ns, At safepoint: 96583 ns, Total: 3124541 ns
[2022-09-04T01:16:32.465+0000][1][safepoint    ] Safepoint "Cleanup", Time since last: 1006194751 ns, Reaching safepoint: 2950125 ns, At safepoint: 72833 ns, Total: 3022958 ns
[2022-09-04T01:16:33.472+0000][1][safepoint    ] Safepoint "Cleanup", Time since last: 1004650084 ns, Reaching safepoint: 2433583 ns, At safepoint: 84084 ns, Total: 2517667 ns
[2022-09-04T01:16:34.478+0000][1][safepoint    ] Safepoint "Cleanup", Time since last: 1004811834 ns, Reaching safepoint: 1419083 ns, At safepoint: 42083 ns, Total: 1461166 ns
[2022-09-04T01:16:35.489+0000][1][safepoint    ] Safepoint "Cleanup", Time since last: 1007448584 ns, Reaching safepoint: 3047958 ns, At safepoint: 90250 ns, Total: 3138208 ns
[2022-09-04T01:16:36.498+0000][1][safepoint    ] Safepoint "Cleanup", Time since last: 1006933251 ns, Reaching safepoint: 2571083 ns, At safepoint: 86542 ns, Total: 2657625 ns
[2022-09-04T01:16:37.509+0000][1][safepoint    ] Safepoint "Cleanup", Time since last: 1009018000 ns, Reaching safepoint: 1553375 ns, At safepoint: 55584 ns, Total: 1608959 ns
[2022-09-04T01:16:38.516+0000][1][safepoint    ] Safepoint "Cleanup", Time since last: 1004760500 ns, Reaching safepoint: 2232834 ns, At safepoint: 67583 ns, Total: 2300417 ns
[2022-09-04T01:16:39.524+0000][1][safepoint    ] Safepoint "Cleanup", Time since last: 1005475125 ns, Reaching safepoint: 2270959 ns, At safepoint: 68416 ns, Total: 2339375 ns
[2022-09-04T01:16:40.532+0000][1][safepoint    ] Safepoint "Cleanup", Time since last: 1006562334 ns, Reaching safepoint: 1280042 ns, At safepoint: 36625 ns, Total: 1316667 ns
[2022-09-04T01:16:41.536+0000][1][safepoint    ] Safepoint "Cleanup", Time since last: 1003953417 ns, Reaching safepoint: 699208 ns, At safepoint: 21375 ns, Total: 720583 ns
[2022-09-04T01:16:42.540+0000][1][safepoint    ] Safepoint "Cleanup", Time since last: 1002461376 ns, Reaching safepoint: 1079125 ns, At safepoint: 36625 ns, Total: 1115750 ns
[2022-09-04T01:16:43.543+0000][1][safepoint    ] Safepoint "Cleanup", Time since last: 1001893334 ns, Reaching safepoint: 1581416 ns, At safepoint: 79209 ns, Total: 1660625 ns
[2022-09-04T01:16:44.552+0000][1][safepoint    ] Safepoint "Cleanup", Time since last: 1005628250 ns, Reaching safepoint: 2315750 ns, At safepoint: 55625 ns, Total: 2371375 ns
[2022-09-04T01:16:45.558+0000][1][safepoint    ] Safepoint "Cleanup", Time since last: 1004301959 ns, Reaching safepoint: 2115708 ns, At safepoint: 54125 ns, Total: 2169833 ns
[2022-09-04T01:16:46.564+0000][1][safepoint    ] Safepoint "Cleanup", Time since last: 1004290001 ns, Reaching safepoint: 1202125 ns, At safepoint: 135708 ns, Total: 1337833 ns
[2022-09-04T01:16:47.570+0000][1][safepoint    ] Safepoint "Cleanup", Time since last: 1004630084 ns, Reaching safepoint: 1700458 ns, At safepoint: 48917 ns, Total: 1749375 ns
[2022-09-04T01:16:48.574+0000][1][safepoint    ] Safepoint "Cleanup", Time since last: 1003597667 ns, Reaching safepoint: 672042 ns, At safepoint: 20958 ns, Total: 693000 ns
[2022-09-04T01:16:49.579+0000][1][safepoint    ] Safepoint "Cleanup", Time since last: 1002721834 ns, Reaching safepoint: 2281500 ns, At safepoint: 76125 ns, Total: 2357625 ns
[2022-09-04T01:16:50.588+0000][1][safepoint    ] Safepoint "Cleanup", Time since last: 1004537917 ns, Reaching safepoint: 4347667 ns, At safepoint: 93833 ns, Total: 4441500 ns
[2022-09-04T01:16:51.610+0000][1][safepoint    ] Safepoint "Cleanup", Time since last: 1018350667 ns, Reaching safepoint: 3467083 ns, At safepoint: 95625 ns, Total: 3562708 ns
[2022-09-04T01:16:52.619+0000][1][safepoint    ] Safepoint "Cleanup", Time since last: 1005463126 ns, Reaching safepoint: 3485083 ns, At safepoint: 77167 ns, Total: 3562250 ns
[2022-09-04T01:16:53.627+0000][1][safepoint    ] Safepoint "Cleanup", Time since last: 1006731708 ns, Reaching safepoint: 2070584 ns, At safepoint: 70125 ns, Total: 2140709 ns
[2022-09-04T01:16:54.635+0000][1][safepoint    ] Safepoint "Cleanup", Time since last: 1004960167 ns, Reaching safepoint: 2220958 ns, At safepoint: 67042 ns, Total: 2288000 ns
[2022-09-04T01:16:55.641+0000][1][safepoint    ] Safepoint "Cleanup", Time since last: 1003218209 ns, Reaching safepoint: 3278666 ns, At safepoint: 88125 ns, Total: 3366791 ns
[2022-09-04T01:16:56.650+0000][1][safepoint    ] Safepoint "Cleanup", Time since last: 1005163376 ns, Reaching safepoint: 3316500 ns, At safepoint: 160500 ns, Total: 3477000 ns
[2022-09-04T01:16:57.660+0000][1][safepoint    ] Safepoint "Cleanup", Time since last: 1008555417 ns, Reaching safepoint: 1766375 ns, At safepoint: 69250 ns, Total: 1835625 ns
[2022-09-04T01:16:58.667+0000][1][safepoint    ] Safepoint "Cleanup", Time since last: 1003334542 ns, Reaching safepoint: 3173000 ns, At safepoint: 157125 ns, Total: 3330125 ns
[2022-09-04T01:16:59.674+0000][1][safepoint    ] Safepoint "Cleanup", Time since last: 1004529542 ns, Reaching safepoint: 2463042 ns, At safepoint: 73167 ns, Total: 2536209 ns
[2022-09-04T01:17:00.684+0000][1][safepoint    ] Safepoint "Cleanup", Time since last: 1006106375 ns, Reaching safepoint: 3306417 ns, At safepoint: 90708 ns, Total: 3397125 ns
[2022-09-04T01:17:01.694+0000][1][safepoint    ] Safepoint "Cleanup", Time since last: 1006870959 ns, Reaching safepoint: 3254000 ns, At safepoint: 89750 ns, Total: 3343750 ns
[2022-09-04T01:17:02.704+0000][1][safepoint    ] Safepoint "Cleanup", Time since last: 1006608542 ns, Reaching safepoint: 3086750 ns, At safepoint: 114083 ns, Total: 3200833 ns
[2022-09-04T01:17:03.713+0000][1][safepoint    ] Safepoint "Cleanup", Time since last: 1008507334 ns, Reaching safepoint: 797584 ns, At safepoint: 25666 ns, Total: 823250 ns
[2022-09-04T01:17:03.837+0000][1][safepoint    ] Safepoint "RevokeBias", Time since last: 122581500 ns, Reaching safepoint: 915417 ns, At safepoint: 275625 ns, Total: 1191042 ns
[2022-09-04T01:17:03.843+0000][1][safepoint    ] Safepoint "RevokeBias", Time since last: 5723458 ns, Reaching safepoint: 389584 ns, At safepoint: 188625 ns, Total: 578209 ns
[2022-09-04T01:17:03.859+0000][1][safepoint    ] Safepoint "RevokeBias", Time since last: 12313208 ns, Reaching safepoint: 787375 ns, At safepoint: 2815625 ns, Total: 3603000 ns
[2022-09-04T01:17:03.869+0000][1][safepoint    ] Safepoint "RevokeBias", Time since last: 8740333 ns, Reaching safepoint: 828625 ns, At safepoint: 112750 ns, Total: 941375 ns
[2022-09-04T01:17:04.066+0000][1][safepoint    ] Safepoint "RevokeBias", Time since last: 194247959 ns, Reaching safepoint: 2664500 ns, At safepoint: 305583 ns, Total: 2970083 ns
[2022-09-04T01:17:04.073+0000][1][safepoint    ] Safepoint "RevokeBias", Time since last: 5916250 ns, Reaching safepoint: 786208 ns, At safepoint: 155709 ns, Total: 941917 ns
[2022-09-04T01:17:04.082+0000][1][safepoint    ] Safepoint "BulkRevokeBias", Time since last: 4798208 ns, Reaching safepoint: 852250 ns, At safepoint: 3714250 ns, Total: 4566500 ns
[2022-09-04T01:17:04.087+0000][1][safepoint    ] Safepoint "RevokeBias", Time since last: 4095792 ns, Reaching safepoint: 1236208 ns, At safepoint: 169000 ns, Total: 1405208 ns
[2022-09-04T01:17:04.098+0000][1][safepoint    ] Safepoint "RevokeBias", Time since last: 9273542 ns, Reaching safepoint: 1439750 ns, At safepoint: 185750 ns, Total: 1625500 ns
[2022-09-04T01:17:04.107+0000][1][safepoint    ] Safepoint "RevokeBias", Time since last: 4317000 ns, Reaching safepoint: 3692916 ns, At safepoint: 200875 ns, Total: 3893791 ns
[2022-09-04T01:17:04.111+0000][1][safepoint    ] Safepoint "RevokeBias", Time since last: 3328875 ns, Reaching safepoint: 697042 ns, At safepoint: 403333 ns, Total: 1100375 ns
[2022-09-04T01:17:04.116+0000][1][safepoint    ] Safepoint "RevokeBias", Time since last: 3331834 ns, Reaching safepoint: 1135958 ns, At safepoint: 473917 ns, Total: 1609875 ns
[2022-09-04T01:17:04.124+0000][1][safepoint    ] Safepoint "RevokeBias", Time since last: 6348791 ns, Reaching safepoint: 1296250 ns, At safepoint: 611042 ns, Total: 1907292 ns
[2022-09-04T01:17:04.132+0000][1][safepoint    ] Safepoint "RevokeBias", Time since last: 5363833 ns, Reaching safepoint: 2104792 ns, At safepoint: 435042 ns, Total: 2539834 ns
[2022-09-04T01:17:04.140+0000][1][safepoint    ] Safepoint "RevokeBias", Time since last: 5582375 ns, Reaching safepoint: 1587583 ns, At safepoint: 344458 ns, Total: 1932041 ns
[2022-09-04T01:17:04.148+0000][1][safepoint    ] Safepoint "RevokeBias", Time since last: 5753917 ns, Reaching safepoint: 1981125 ns, At safepoint: 313250 ns, Total: 2294375 ns
[2022-09-04T01:17:04.156+0000][1][safepoint    ] Safepoint "RevokeBias", Time since last: 6645917 ns, Reaching safepoint: 1159708 ns, At safepoint: 213125 ns, Total: 1372833 ns
[2022-09-04T01:17:04.452+0000][1][safepoint    ] Safepoint "RevokeBias", Time since last: 294925459 ns, Reaching safepoint: 1386916 ns, At safepoint: 218250 ns, Total: 1605166 ns
[2022-09-04T01:17:04.486+0000][1][safepoint    ] Safepoint "RevokeBias", Time since last: 30981459 ns, Reaching safepoint: 2412541 ns, At safepoint: 618709 ns, Total: 3031250 ns
[2022-09-04T01:17:04.493+0000][1][safepoint    ] Safepoint "RevokeBias", Time since last: 5193958 ns, Reaching safepoint: 918000 ns, At safepoint: 162792 ns, Total: 1080792 ns
[2022-09-04T01:17:04.701+0000][1][safepoint    ] Safepoint "RevokeBias", Time since last: 205940750 ns, Reaching safepoint: 2472458 ns, At safepoint: 524583 ns, Total: 2997041 ns
[2022-09-04T01:17:04.841+0000][1][safepoint    ] Safepoint "BulkRevokeBias", Time since last: 135955167 ns, Reaching safepoint: 1602542 ns, At safepoint: 1990791 ns, Total: 3593333 ns
[2022-09-04T01:17:04.866+0000][1][safepoint    ] Safepoint "BulkRevokeBias", Time since last: 22136834 ns, Reaching safepoint: 1069416 ns, At safepoint: 1712834 ns, Total: 2782250 ns
[2022-09-04T01:17:04.973+0000][1][safepoint    ] Safepoint "RevokeBias", Time since last: 106515250 ns, Reaching safepoint: 604791 ns, At safepoint: 87917 ns, Total: 692708 ns
[2022-09-04T01:17:05.256+0000][1][safepoint    ] Safepoint "RevokeBias", Time since last: 281797334 ns, Reaching safepoint: 1224708 ns, At safepoint: 107542 ns, Total: 1332250 ns
[2022-09-04T01:17:05.425+0000][1][safepoint    ] Safepoint "RevokeBias", Time since last: 166944500 ns, Reaching safepoint: 1859500 ns, At safepoint: 196625 ns, Total: 2056125 ns
[2022-09-04T01:17:05.728+0000][1][safepoint    ] Safepoint "RevokeBias", Time since last: 301601417 ns, Reaching safepoint: 659333 ns, At safepoint: 92042 ns, Total: 751375 ns
[2022-09-04T01:17:05.730+0000][1][safepoint    ] Safepoint "RevokeBias", Time since last: 1722958 ns, Reaching safepoint: 513958 ns, At safepoint: 91042 ns, Total: 605000 ns
[2022-09-04T01:17:05.733+0000][1][safepoint    ] Safepoint "RevokeBias", Time since last: 2016333 ns, Reaching safepoint: 1100584 ns, At safepoint: 85416 ns, Total: 1186000 ns
[2022-09-04T01:17:05.766+0000][1][safepoint    ] Safepoint "RevokeBias", Time since last: 31898709 ns, Reaching safepoint: 847791 ns, At safepoint: 123042 ns, Total: 970833 ns
[2022-09-04T01:17:06.769+0000][1][safepoint    ] Safepoint "Cleanup", Time since last: 1002449292 ns, Reaching safepoint: 778500 ns, At safepoint: 28208 ns, Total: 806708 ns
[2022-09-04T01:17:07.776+0000][1][safepoint    ] Safepoint "Cleanup", Time since last: 1003371459 ns, Reaching safepoint: 3132167 ns, At safepoint: 218041 ns, Total: 3350208 ns
[2022-09-04T01:17:08.782+0000][1][safepoint    ] Safepoint "Cleanup", Time since last: 1005372876 ns, Reaching safepoint: 980083 ns, At safepoint: 28792 ns, Total: 1008875 ns
[2022-09-04T01:17:09.786+0000][1][safepoint    ] Safepoint "Cleanup", Time since last: 1002514875 ns, Reaching safepoint: 989792 ns, At safepoint: 26083 ns, Total: 1015875 ns
[2022-09-04T01:17:10.789+0000][1][safepoint    ] Safepoint "Cleanup", Time since last: 1002161209 ns, Reaching safepoint: 975875 ns, At safepoint: 62375 ns, Total: 1038250 ns
[2022-09-04T01:17:11.793+0000][1][safepoint    ] Safepoint "Cleanup", Time since last: 1003023042 ns, Reaching safepoint: 863500 ns, At safepoint: 30625 ns, Total: 894125 ns
[2022-09-04T01:17:12.801+0000][1][safepoint    ] Safepoint "Cleanup", Time since last: 1003612334 ns, Reaching safepoint: 3888292 ns, At safepoint: 126875 ns, Total: 4015167 ns
[2022-09-04T01:17:13.807+0000][1][safepoint    ] Safepoint "Cleanup", Time since last: 1004869209 ns, Reaching safepoint: 1160833 ns, At safepoint: 49917 ns, Total: 1210750 ns
[2022-09-04T01:17:14.320+0000][1][safepoint    ] Safepoint "RevokeBias", Time since last: 512356333 ns, Reaching safepoint: 639209 ns, At safepoint: 295625 ns, Total: 934834 ns
[2022-09-04T01:17:14.469+0000][1][safepoint    ] Safepoint "RevokeBias", Time since last: 148390458 ns, Reaching safepoint: 813333 ns, At safepoint: 148125 ns, Total: 961458 ns
[2022-09-04T01:17:14.473+0000][1][safepoint    ] Safepoint "RevokeBias", Time since last: 2558000 ns, Reaching safepoint: 475834 ns, At safepoint: 110125 ns, Total: 585959 ns
[2022-09-04T01:17:14.475+0000][1][safepoint    ] Safepoint "RevokeBias", Time since last: 1792416 ns, Reaching safepoint: 516709 ns, At safepoint: 88791 ns, Total: 605500 ns
[2022-09-04T01:17:14.478+0000][1][safepoint    ] Safepoint "RevokeBias", Time since last: 2133459 ns, Reaching safepoint: 428041 ns, At safepoint: 76584 ns, Total: 504625 ns
[2022-09-04T01:17:14.480+0000][1][safepoint    ] Safepoint "RevokeBias", Time since last: 1816916 ns, Reaching safepoint: 410084 ns, At safepoint: 199250 ns, Total: 609334 ns
[2022-09-04T01:17:14.482+0000][1][safepoint    ] Safepoint "RevokeBias", Time since last: 1410000 ns, Reaching safepoint: 394750 ns, At safepoint: 114375 ns, Total: 509125 ns
[2022-09-04T01:17:14.484+0000][1][safepoint    ] Safepoint "RevokeBias", Time since last: 1492833 ns, Reaching safepoint: 601292 ns, At safepoint: 175541 ns, Total: 776833 ns
[2022-09-04T01:17:14.486+0000][1][safepoint    ] Safepoint "RevokeBias", Time since last: 1590792 ns, Reaching safepoint: 372917 ns, At safepoint: 92166 ns, Total: 465083 ns
[2022-09-04T01:17:14.488+0000][1][safepoint    ] Safepoint "RevokeBias", Time since last: 1033125 ns, Reaching safepoint: 704875 ns, At safepoint: 92375 ns, Total: 797250 ns
[2022-09-04T01:17:14.492+0000][1][safepoint    ] Safepoint "RevokeBias", Time since last: 3168209 ns, Reaching safepoint: 457375 ns, At safepoint: 83500 ns, Total: 540875 ns
[2022-09-04T01:17:14.494+0000][1][safepoint    ] Safepoint "RevokeBias", Time since last: 1535791 ns, Reaching safepoint: 324667 ns, At safepoint: 79625 ns, Total: 404292 ns
[2022-09-04T01:17:14.496+0000][1][safepoint    ] Safepoint "RevokeBias", Time since last: 2015500 ns, Reaching safepoint: 571083 ns, At safepoint: 84584 ns, Total: 655667 ns
[2022-09-04T01:17:14.499+0000][1][safepoint    ] Safepoint "RevokeBias", Time since last: 1811208 ns, Reaching safepoint: 547458 ns, At safepoint: 337959 ns, Total: 885417 ns
[2022-09-04T01:17:14.501+0000][1][safepoint    ] Safepoint "RevokeBias", Time since last: 1431041 ns, Reaching safepoint: 430000 ns, At safepoint: 78125 ns, Total: 508125 ns
[2022-09-04T01:17:14.503+0000][1][safepoint    ] Safepoint "RevokeBias", Time since last: 1583709 ns, Reaching safepoint: 498875 ns, At safepoint: 86958 ns, Total: 585833 ns
[2022-09-04T01:17:14.835+0000][1][safepoint    ] Safepoint "RevokeBias", Time since last: 331208167 ns, Reaching safepoint: 828167 ns, At safepoint: 91041 ns, Total: 919208 ns
[2022-09-04T01:17:14.858+0000][1][safepoint    ] Safepoint "RevokeBias", Time since last: 21706542 ns, Reaching safepoint: 524750 ns, At safepoint: 96000 ns, Total: 620750 ns
[2022-09-04T01:17:14.862+0000][1][safepoint    ] Safepoint "BulkRevokeBias", Time since last: 2844833 ns, Reaching safepoint: 442167 ns, At safepoint: 1444917 ns, Total: 1887084 ns
[2022-09-04T01:17:15.057+0000][1][safepoint    ] Safepoint "RevokeBias", Time since last: 193545125 ns, Reaching safepoint: 961291 ns, At safepoint: 142042 ns, Total: 1103333 ns
[2022-09-04T01:17:15.274+0000][1][safepoint    ] Safepoint "RevokeBias", Time since last: 214754875 ns, Reaching safepoint: 1631500 ns, At safepoint: 136750 ns, Total: 1768250 ns
[2022-09-04T01:17:15.465+0000][1][safepoint    ] Safepoint "RevokeBias", Time since last: 191045833 ns, Reaching safepoint: 614042 ns, At safepoint: 137583 ns, Total: 751625 ns
[2022-09-04T01:17:15.573+0000][1][safepoint    ] Safepoint "RevokeBias", Time since last: 106697584 ns, Reaching safepoint: 1059083 ns, At safepoint: 120250 ns, Total: 1179333 ns
[2022-09-04T01:17:15.797+0000][1][safepoint    ] Safepoint "RevokeBias", Time since last: 222938750 ns, Reaching safepoint: 777292 ns, At safepoint: 98792 ns, Total: 876084 ns
[2022-09-04T01:17:16.079+0000][1][safepoint    ] Safepoint "RevokeBias", Time since last: 280857250 ns, Reaching safepoint: 715708 ns, At safepoint: 93083 ns, Total: 808791 ns
[2022-09-04T01:17:16.082+0000][1][safepoint    ] Safepoint "RevokeBias", Time since last: 2870584 ns, Reaching safepoint: 437291 ns, At safepoint: 78084 ns, Total: 515375 ns
[2022-09-04T01:17:16.085+0000][1][safepoint    ] Safepoint "RevokeBias", Time since last: 1899541 ns, Reaching safepoint: 422292 ns, At safepoint: 111833 ns, Total: 534125 ns
[2022-09-04T01:17:17.087+0000][1][safepoint    ] Safepoint "Cleanup", Time since last: 1001056251 ns, Reaching safepoint: 954250 ns, At safepoint: 33292 ns, Total: 987542 ns
[2022-09-04T01:17:18.092+0000][1][safepoint    ] Safepoint "Cleanup", Time since last: 1004441042 ns, Reaching safepoint: 1085833 ns, At safepoint: 96875 ns, Total: 1182708 ns
[2022-09-04T01:17:19.096+0000][1][safepoint    ] Safepoint "Cleanup", Time since last: 1002682542 ns, Reaching safepoint: 1058709 ns, At safepoint: 31208 ns, Total: 1089917 ns
[2022-09-04T01:17:20.100+0000][1][safepoint    ] Safepoint "Cleanup", Time since last: 1002151917 ns, Reaching safepoint: 1475333 ns, At safepoint: 41584 ns, Total: 1516917 ns
[2022-09-04T01:17:21.105+0000][1][safepoint    ] Safepoint "Cleanup", Time since last: 1003957625 ns, Reaching safepoint: 1424834 ns, At safepoint: 37583 ns, Total: 1462417 ns
[2022-09-04T01:17:22.109+0000][1][safepoint    ] Safepoint "Cleanup", Time since last: 1003037583 ns, Reaching safepoint: 945916 ns, At safepoint: 23792 ns, Total: 969708 ns
[2022-09-04T01:17:23.113+0000][1][safepoint    ] Safepoint "Cleanup", Time since last: 1002116000 ns, Reaching safepoint: 1960209 ns, At safepoint: 64375 ns, Total: 2024584 ns
[2022-09-04T01:17:23.985+0000][1][safepoint    ] Safepoint "RevokeBias", Time since last: 870842000 ns, Reaching safepoint: 665750 ns, At safepoint: 117834 ns, Total: 783584 ns
[2022-09-04T01:17:23.987+0000][1][safepoint    ] Safepoint "RevokeBias", Time since last: 2189833 ns, Reaching safepoint: 316375 ns, At safepoint: 83625 ns, Total: 400000 ns
[2022-09-04T01:17:23.999+0000][1][safepoint    ] Safepoint "RevokeBias", Time since last: 11468417 ns, Reaching safepoint: 490791 ns, At safepoint: 102792 ns, Total: 593583 ns
[2022-09-04T01:17:24.116+0000][1][safepoint    ] Safepoint "RevokeBias", Time since last: 116297625 ns, Reaching safepoint: 796875 ns, At safepoint: 101208 ns, Total: 898083 ns
[2022-09-04T01:17:24.120+0000][1][safepoint    ] Safepoint "RevokeBias", Time since last: 2786167 ns, Reaching safepoint: 488667 ns, At safepoint: 109500 ns, Total: 598167 ns
[2022-09-04T01:17:24.123+0000][1][safepoint    ] Safepoint "RevokeBias", Time since last: 2425833 ns, Reaching safepoint: 875792 ns, At safepoint: 143375 ns, Total: 1019167 ns
[2022-09-04T01:17:24.129+0000][1][safepoint    ] Safepoint "RevokeBias", Time since last: 4565583 ns, Reaching safepoint: 1128292 ns, At safepoint: 254541 ns, Total: 1382833 ns
[2022-09-04T01:17:24.132+0000][1][safepoint    ] Safepoint "RevokeBias", Time since last: 2644709 ns, Reaching safepoint: 431125 ns, At safepoint: 91416 ns, Total: 522541 ns
[2022-09-04T01:17:24.134+0000][1][safepoint    ] Safepoint "RevokeBias", Time since last: 1470875 ns, Reaching safepoint: 407750 ns, At safepoint: 71875 ns, Total: 479625 ns
[2022-09-04T01:17:24.136+0000][1][safepoint    ] Safepoint "RevokeBias", Time since last: 1640209 ns, Reaching safepoint: 333250 ns, At safepoint: 82625 ns, Total: 415875 ns
[2022-09-04T01:17:24.138+0000][1][safepoint    ] Safepoint "RevokeBias", Time since last: 1358750 ns, Reaching safepoint: 340166 ns, At safepoint: 71584 ns, Total: 411750 ns
[2022-09-04T01:17:24.140+0000][1][safepoint    ] Safepoint "RevokeBias", Time since last: 1551625 ns, Reaching safepoint: 301208 ns, At safepoint: 79792 ns, Total: 381000 ns
[2022-09-04T01:17:24.144+0000][1][safepoint    ] Safepoint "RevokeBias", Time since last: 2901958 ns, Reaching safepoint: 407292 ns, At safepoint: 68375 ns, Total: 475667 ns
[2022-09-04T01:17:24.145+0000][1][safepoint    ] Safepoint "RevokeBias", Time since last: 1549208 ns, Reaching safepoint: 312167 ns, At safepoint: 73625 ns, Total: 385792 ns
[2022-09-04T01:17:24.147+0000][1][safepoint    ] Safepoint "RevokeBias", Time since last: 1491916 ns, Reaching safepoint: 381334 ns, At safepoint: 68708 ns, Total: 450042 ns
[2022-09-04T01:17:24.150+0000][1][safepoint    ] Safepoint "RevokeBias", Time since last: 1743875 ns, Reaching safepoint: 705667 ns, At safepoint: 73583 ns, Total: 779250 ns
[2022-09-04T01:17:24.152+0000][1][safepoint    ] Safepoint "RevokeBias", Time since last: 1602042 ns, Reaching safepoint: 351791 ns, At safepoint: 77084 ns, Total: 428875 ns
[2022-09-04T01:17:24.156+0000][1][safepoint    ] Safepoint "RevokeBias", Time since last: 3080916 ns, Reaching safepoint: 430042 ns, At safepoint: 98958 ns, Total: 529000 ns
[2022-09-04T01:17:24.472+0000][1][safepoint    ] Safepoint "RevokeBias", Time since last: 315370792 ns, Reaching safepoint: 1109625 ns, At safepoint: 114750 ns, Total: 1224375 ns
[2022-09-04T01:17:24.526+0000][1][safepoint    ] Safepoint "RevokeBias", Time since last: 53030125 ns, Reaching safepoint: 751625 ns, At safepoint: 465792 ns, Total: 1217417 ns
[2022-09-04T01:17:24.536+0000][1][safepoint    ] Safepoint "RevokeBias", Time since last: 9379542 ns, Reaching safepoint: 550666 ns, At safepoint: 99834 ns, Total: 650500 ns
[2022-09-04T01:17:24.803+0000][1][safepoint    ] Safepoint "RevokeBias", Time since last: 265722375 ns, Reaching safepoint: 854916 ns, At safepoint: 128542 ns, Total: 983458 ns
[2022-09-04T01:17:25.023+0000][1][safepoint    ] Safepoint "RevokeBias", Time since last: 218867875 ns, Reaching safepoint: 1382083 ns, At safepoint: 92667 ns, Total: 1474750 ns
[2022-09-04T01:17:25.223+0000][1][safepoint    ] Safepoint "RevokeBias", Time since last: 198389250 ns, Reaching safepoint: 1025417 ns, At safepoint: 143792 ns, Total: 1169209 ns
[2022-09-04T01:17:25.331+0000][1][safepoint    ] Safepoint "RevokeBias", Time since last: 106303166 ns, Reaching safepoint: 1168625 ns, At safepoint: 274125 ns, Total: 1442750 ns
[2022-09-04T01:17:25.895+0000][1][safepoint    ] Safepoint "RevokeBias", Time since last: 545578500 ns, Reaching safepoint: 8987292 ns, At safepoint: 7690250 ns, Total: 16677542 ns
[2022-09-04T01:17:25.925+0000][1][safepoint    ] Safepoint "RevokeBias", Time since last: 27185834 ns, Reaching safepoint: 4767791 ns, At safepoint: 116209 ns, Total: 4884000 ns
[2022-09-04T01:17:25.952+0000][1][safepoint    ] Safepoint "RevokeBias", Time since last: 22961708 ns, Reaching safepoint: 3713208 ns, At safepoint: 100084 ns, Total: 3813292 ns
[2022-09-04T01:17:25.961+0000][1][safepoint    ] Safepoint "RevokeBias", Time since last: 8190916 ns, Reaching safepoint: 1141750 ns, At safepoint: 95959 ns, Total: 1237709 ns
[2022-09-04T01:17:26.964+0000][1][safepoint    ] Safepoint "Cleanup", Time since last: 1001388583 ns, Reaching safepoint: 1690625 ns, At safepoint: 76417 ns, Total: 1767042 ns
[2022-09-04T01:17:27.972+0000][1][safepoint    ] Safepoint "Cleanup", Time since last: 1004965959 ns, Reaching safepoint: 2533791 ns, At safepoint: 77084 ns, Total: 2610875 ns
[2022-09-04T01:17:28.980+0000][1][safepoint    ] Safepoint "Cleanup", Time since last: 1007775250 ns, Reaching safepoint: 641417 ns, At safepoint: 23458 ns, Total: 664875 ns
[2022-09-04T01:17:29.983+0000][1][safepoint    ] Safepoint "Cleanup", Time since last: 1001536751 ns, Reaching safepoint: 1133875 ns, At safepoint: 66583 ns, Total: 1200458 ns
[2022-09-04T01:17:30.987+0000][1][safepoint    ] Safepoint "Cleanup", Time since last: 1002109417 ns, Reaching safepoint: 1212375 ns, At safepoint: 103875 ns, Total: 1316250 ns
[2022-09-04T01:17:31.992+0000][1][safepoint    ] Safepoint "Cleanup", Time since last: 1002817292 ns, Reaching safepoint: 2567292 ns, At safepoint: 97875 ns, Total: 2665167 ns
[2022-09-04T01:17:32.998+0000][1][safepoint    ] Safepoint "Cleanup", Time since last: 1004095542 ns, Reaching safepoint: 1706167 ns, At safepoint: 113292 ns, Total: 1819459 ns
[2022-09-04T01:17:33.217+0000][1][safepoint    ] Safepoint "RevokeBias", Time since last: 217865166 ns, Reaching safepoint: 1420167 ns, At safepoint: 142167 ns, Total: 1562334 ns
[2022-09-04T01:17:34.220+0000][1][safepoint    ] Safepoint "Cleanup", Time since last: 1001485375 ns, Reaching safepoint: 788792 ns, At safepoint: 27583 ns, Total: 816375 ns
[2022-09-04T01:17:35.223+0000][1][safepoint    ] Safepoint "Cleanup", Time since last: 1001664417 ns, Reaching safepoint: 1322209 ns, At safepoint: 44125 ns, Total: 1366334 ns
[2022-09-04T01:17:36.227+0000][1][safepoint    ] Safepoint "Cleanup", Time since last: 1002848083 ns, Reaching safepoint: 1029875 ns, At safepoint: 27917 ns, Total: 1057792 ns
[2022-09-04T01:17:37.235+0000][1][safepoint    ] Safepoint "Cleanup", Time since last: 1004420501 ns, Reaching safepoint: 3319416 ns, At safepoint: 96667 ns, Total: 3416083 ns
[2022-09-04T01:17:38.242+0000][1][safepoint    ] Safepoint "Cleanup", Time since last: 1006977959 ns, Reaching safepoint: 718375 ns, At safepoint: 21375 ns, Total: 739750 ns
[2022-09-04T01:17:39.244+0000][1][safepoint    ] Safepoint "Cleanup", Time since last: 1001517667 ns, Reaching safepoint: 667042 ns, At safepoint: 22625 ns, Total: 689667 ns
[2022-09-04T01:17:40.248+0000][1][safepoint    ] Safepoint "Cleanup", Time since last: 1002339792 ns, Reaching safepoint: 1271958 ns, At safepoint: 36958 ns, Total: 1308916 ns
[2022-09-04T01:17:41.251+0000][1][safepoint    ] Safepoint "Cleanup", Time since last: 1002531126 ns, Reaching safepoint: 679750 ns, At safepoint: 22416 ns, Total: 702166 ns
[2022-09-04T01:17:42.254+0000][1][safepoint    ] Safepoint "Cleanup", Time since last: 1001607709 ns, Reaching safepoint: 696125 ns, At safepoint: 23875 ns, Total: 720000 ns
[2022-09-04T01:17:43.257+0000][1][safepoint    ] Safepoint "Cleanup", Time since last: 1002429542 ns, Reaching safepoint: 686000 ns, At safepoint: 24084 ns, Total: 710084 ns
[2022-09-04T01:17:44.259+0000][1][safepoint    ] Safepoint "Cleanup", Time since last: 1001453834 ns, Reaching safepoint: 739541 ns, At safepoint: 27125 ns, Total: 766666 ns
[2022-09-04T01:17:45.262+0000][1][safepoint    ] Safepoint "Cleanup", Time since last: 1002494292 ns, Reaching safepoint: 746584 ns, At safepoint: 29666 ns, Total: 776250 ns
[2022-09-04T01:17:46.266+0000][1][safepoint    ] Safepoint "Cleanup", Time since last: 1002592626 ns, Reaching safepoint: 958125 ns, At safepoint: 31875 ns, Total: 990000 ns
[2022-09-04T01:17:47.275+0000][1][safepoint    ] Safepoint "Cleanup", Time since last: 1007643042 ns, Reaching safepoint: 1697333 ns, At safepoint: 54792 ns, Total: 1752125 ns
[2022-09-04T01:17:48.280+0000][1][safepoint    ] Safepoint "Cleanup", Time since last: 1003958292 ns, Reaching safepoint: 1094542 ns, At safepoint: 38500 ns, Total: 1133042 ns
[2022-09-04T01:17:49.301+0000][1][safepoint    ] Safepoint "Cleanup", Time since last: 1019513875 ns, Reaching safepoint: 910625 ns, At safepoint: 28250 ns, Total: 938875 ns
[2022-09-04T01:17:50.304+0000][1][safepoint    ] Safepoint "Cleanup", Time since last: 1001985751 ns, Reaching safepoint: 727583 ns, At safepoint: 27375 ns, Total: 754958 ns
[2022-09-04T01:17:51.307+0000][1][safepoint    ] Safepoint "Cleanup", Time since last: 1001981584 ns, Reaching safepoint: 1223792 ns, At safepoint: 39750 ns, Total: 1263542 ns
[2022-09-04T01:17:52.310+0000][1][safepoint    ] Safepoint "Cleanup", Time since last: 1003066832 ns, Reaching safepoint: 675709 ns, At safepoint: 16583 ns, Total: 692292 ns
[2022-09-04T01:17:53.313+0000][1][safepoint    ] Safepoint "Cleanup", Time since last: 1001757917 ns, Reaching safepoint: 791334 ns, At safepoint: 19875 ns, Total: 811209 ns
[2022-09-04T01:17:54.316+0000][1][safepoint    ] Safepoint "Cleanup", Time since last: 1001440750 ns, Reaching safepoint: 1183417 ns, At safepoint: 33625 ns, Total: 1217042 ns
[2022-09-04T01:17:54.828+0000][1][safepoint    ] Safepoint "RevokeBias", Time since last: 507761542 ns, Reaching safepoint: 3821083 ns, At safepoint: 513750 ns, Total: 4334833 ns
[2022-09-04T01:17:54.835+0000][1][safepoint    ] Safepoint "RevokeBias", Time since last: 5024167 ns, Reaching safepoint: 1821458 ns, At safepoint: 204667 ns, Total: 2026125 ns
[2022-09-04T01:17:54.840+0000][1][safepoint    ] Safepoint "RevokeBias", Time since last: 2584750 ns, Reaching safepoint: 1151875 ns, At safepoint: 1346333 ns, Total: 2498208 ns
[2022-09-04T01:17:54.844+0000][1][safepoint    ] Safepoint "RevokeBias", Time since last: 2209042 ns, Reaching safepoint: 1346166 ns, At safepoint: 956042 ns, Total: 2302208 ns
[2022-09-04T01:17:55.916+0000][1][safepoint    ] Safepoint "Cleanup", Time since last: 1068388417 ns, Reaching safepoint: 2846833 ns, At safepoint: 81459 ns, Total: 2928292 ns
[2022-09-04T01:17:56.926+0000][1][safepoint    ] Safepoint "Cleanup", Time since last: 1008841459 ns, Reaching safepoint: 1310333 ns, At safepoint: 40417 ns, Total: 1350750 ns
[2022-09-04T01:17:57.931+0000][1][safepoint    ] Safepoint "Cleanup", Time since last: 1004131750 ns, Reaching safepoint: 1263750 ns, At safepoint: 45542 ns, Total: 1309292 ns
[2022-09-04T01:17:58.937+0000][1][safepoint    ] Safepoint "Cleanup", Time since last: 1004352792 ns, Reaching safepoint: 1037375 ns, At safepoint: 31292 ns, Total: 1068667 ns
[2022-09-04T01:17:59.944+0000][1][safepoint    ] Safepoint "Cleanup", Time since last: 1004391417 ns, Reaching safepoint: 2679541 ns, At safepoint: 92584 ns, Total: 2772125 ns
[2022-09-04T01:18:00.951+0000][1][safepoint    ] Safepoint "Cleanup", Time since last: 1003725959 ns, Reaching safepoint: 3201750 ns, At safepoint: 115958 ns, Total: 3317708 ns
[2022-09-04T01:18:01.960+0000][1][safepoint    ] Safepoint "Cleanup", Time since last: 1006434417 ns, Reaching safepoint: 2612333 ns, At safepoint: 114167 ns, Total: 2726500 ns
[2022-09-04T01:18:02.967+0000][1][safepoint    ] Safepoint "Cleanup", Time since last: 1005526459 ns, Reaching safepoint: 1144875 ns, At safepoint: 31833 ns, Total: 1176708 ns
[2022-09-04T01:18:03.970+0000][1][safepoint    ] Safepoint "Cleanup", Time since last: 1002423459 ns, Reaching safepoint: 1006458 ns, At safepoint: 29000 ns, Total: 1035458 ns
[2022-09-04T01:18:04.570+0000][1][safepoint    ] Safepoint "RevokeBias", Time since last: 599024751 ns, Reaching safepoint: 726291 ns, At safepoint: 152292 ns, Total: 878583 ns
[2022-09-04T01:18:04.574+0000][1][safepoint    ] Safepoint "RevokeBias", Time since last: 3707667 ns, Reaching safepoint: 336416 ns, At safepoint: 87917 ns, Total: 424333 ns
[2022-09-04T01:18:04.650+0000][1][safepoint    ] Safepoint "RevokeBias", Time since last: 75455083 ns, Reaching safepoint: 613750 ns, At safepoint: 131042 ns, Total: 744792 ns
[2022-09-04T01:18:04.761+0000][1][safepoint    ] Safepoint "RevokeBias", Time since last: 109087083 ns, Reaching safepoint: 1119542 ns, At safepoint: 93250 ns, Total: 1212792 ns
[2022-09-04T01:18:05.763+0000][1][safepoint    ] Safepoint "Cleanup", Time since last: 1001316042 ns, Reaching safepoint: 841667 ns, At safepoint: 27125 ns, Total: 868792 ns
[2022-09-04T01:18:06.766+0000][1][safepoint    ] Safepoint "Cleanup", Time since last: 1001976834 ns, Reaching safepoint: 888875 ns, At safepoint: 28541 ns, Total: 917416 ns
[2022-09-04T01:18:07.769+0000][1][safepoint    ] Safepoint "Cleanup", Time since last: 1002407626 ns, Reaching safepoint: 690750 ns, At safepoint: 25500 ns, Total: 716250 ns
[2022-09-04T01:18:08.774+0000][1][safepoint    ] Safepoint "Cleanup", Time since last: 1001688542 ns, Reaching safepoint: 3322958 ns, At safepoint: 80334 ns, Total: 3403292 ns
[2022-09-04T01:18:09.051+0000][1][safepoint    ] Safepoint "RevokeBias", Time since last: 276017291 ns, Reaching safepoint: 546084 ns, At safepoint: 100375 ns, Total: 646459 ns
[2022-09-04T01:18:09.054+0000][1][safepoint    ] Safepoint "RevokeBias", Time since last: 2486708 ns, Reaching safepoint: 368083 ns, At safepoint: 125000 ns, Total: 493083 ns
[2022-09-04T01:18:09.065+0000][1][safepoint    ] Safepoint "BulkRevokeBias", Time since last: 7934042 ns, Reaching safepoint: 910375 ns, At safepoint: 2229333 ns, Total: 3139708 ns
[2022-09-04T01:18:09.253+0000][1][safepoint    ] Safepoint "RevokeBias", Time since last: 187165417 ns, Reaching safepoint: 989709 ns, At safepoint: 104958 ns, Total: 1094667 ns
[2022-09-04T01:18:09.262+0000][1][safepoint    ] Safepoint "RevokeBias", Time since last: 8144458 ns, Reaching safepoint: 559375 ns, At safepoint: 79709 ns, Total: 639084 ns
[2022-09-04T01:18:09.264+0000][1][safepoint    ] Safepoint "RevokeBias", Time since last: 1905583 ns, Reaching safepoint: 466083 ns, At safepoint: 68417 ns, Total: 534500 ns
[2022-09-04T01:18:09.266+0000][1][safepoint    ] Safepoint "RevokeBias", Time since last: 1572792 ns, Reaching safepoint: 432541 ns, At safepoint: 78500 ns, Total: 511041 ns
[2022-09-04T01:18:09.271+0000][1][safepoint    ] Safepoint "RevokeBias", Time since last: 4323584 ns, Reaching safepoint: 416208 ns, At safepoint: 77458 ns, Total: 493666 ns
[2022-09-04T01:18:09.274+0000][1][safepoint    ] Safepoint "RevokeBias", Time since last: 2614125 ns, Reaching safepoint: 397584 ns, At safepoint: 67458 ns, Total: 465042 ns
[2022-09-04T01:18:09.278+0000][1][safepoint    ] Safepoint "RevokeBias", Time since last: 3087125 ns, Reaching safepoint: 441917 ns, At safepoint: 82208 ns, Total: 524125 ns
[2022-09-04T01:18:09.280+0000][1][safepoint    ] Safepoint "RevokeBias", Time since last: 1466750 ns, Reaching safepoint: 418667 ns, At safepoint: 74375 ns, Total: 493042 ns
[2022-09-04T01:18:09.281+0000][1][safepoint    ] Safepoint "RevokeBias", Time since last: 1126416 ns, Reaching safepoint: 352084 ns, At safepoint: 68750 ns, Total: 420834 ns
[2022-09-04T01:18:09.285+0000][1][safepoint    ] Safepoint "RevokeBias", Time since last: 2981208 ns, Reaching safepoint: 604083 ns, At safepoint: 75125 ns, Total: 679208 ns
[2022-09-04T01:18:09.287+0000][1][safepoint    ] Safepoint "RevokeBias", Time since last: 1288167 ns, Reaching safepoint: 483958 ns, At safepoint: 73917 ns, Total: 557875 ns
[2022-09-04T01:18:09.289+0000][1][safepoint    ] Safepoint "RevokeBias", Time since last: 2013458 ns, Reaching safepoint: 429292 ns, At safepoint: 183083 ns, Total: 612375 ns
[2022-09-04T01:18:09.293+0000][1][safepoint    ] Safepoint "RevokeBias", Time since last: 2647584 ns, Reaching safepoint: 398333 ns, At safepoint: 74625 ns, Total: 472958 ns
[2022-09-04T01:18:09.294+0000][1][safepoint    ] Safepoint "RevokeBias", Time since last: 1489250 ns, Reaching safepoint: 360500 ns, At safepoint: 75208 ns, Total: 435708 ns
[2022-09-04T01:18:09.297+0000][1][safepoint    ] Safepoint "RevokeBias", Time since last: 1623334 ns, Reaching safepoint: 473375 ns, At safepoint: 70041 ns, Total: 543416 ns
[2022-09-04T01:18:09.710+0000][1][safepoint    ] Safepoint "RevokeBias", Time since last: 412405792 ns, Reaching safepoint: 915458 ns, At safepoint: 96959 ns, Total: 1012417 ns
[2022-09-04T01:18:09.745+0000][1][safepoint    ] Safepoint "RevokeBias", Time since last: 33580875 ns, Reaching safepoint: 1033875 ns, At safepoint: 501583 ns, Total: 1535458 ns
[2022-09-04T01:18:09.757+0000][1][safepoint    ] Safepoint "RevokeBias", Time since last: 10643958 ns, Reaching safepoint: 716625 ns, At safepoint: 98000 ns, Total: 814625 ns
[2022-09-04T01:18:09.957+0000][1][safepoint    ] Safepoint "RevokeBias", Time since last: 199099959 ns, Reaching safepoint: 826792 ns, At safepoint: 129250 ns, Total: 956042 ns
[2022-09-04T01:18:10.180+0000][1][safepoint    ] Safepoint "RevokeBias", Time since last: 222174666 ns, Reaching safepoint: 960459 ns, At safepoint: 89416 ns, Total: 1049875 ns
[2022-09-04T01:18:10.233+0000][1][gc,start     ] GC(20) Pause Young (Allocation Failure)
[2022-09-04T01:18:10.236+0000][1][gc,task      ] GC(20) Using 4 workers of 4 for evacuation
[2022-09-04T01:18:10.296+0000][1][gc,age       ] GC(20) Desired survivor size 8945664 bytes, new threshold 6 (max threshold 6)
[2022-09-04T01:18:10.298+0000][1][gc,age       ] GC(20) Age table with threshold 6 (max threshold 6)
[2022-09-04T01:18:10.299+0000][1][gc,age       ] GC(20) - age   1:     420992 bytes,     420992 total
[2022-09-04T01:18:10.300+0000][1][gc,age       ] GC(20) - age   2:     116512 bytes,     537504 total
[2022-09-04T01:18:10.301+0000][1][gc,age       ] GC(20) - age   3:    2497192 bytes,    3034696 total
[2022-09-04T01:18:10.303+0000][1][gc,age       ] GC(20) - age   4:     102688 bytes,    3137384 total
[2022-09-04T01:18:10.304+0000][1][gc,age       ] GC(20) - age   5:    2398344 bytes,    5535728 total
[2022-09-04T01:18:10.307+0000][1][gc,heap      ] GC(20) ParNew: 149585K->7613K(157248K)
[2022-09-04T01:18:10.308+0000][1][gc,heap      ] GC(20) CMS: 60645K->60645K(349568K)
[2022-09-04T01:18:10.310+0000][1][gc,metaspace ] GC(20) Metaspace: 81925K->81925K(1124352K)
[2022-09-04T01:18:10.312+0000][1][gc           ] GC(20) Pause Young (Allocation Failure) 205M->66M(494M) 79.565ms
[2022-09-04T01:18:10.314+0000][1][gc,cpu       ] GC(20) User=0.15s Sys=0.03s Real=0.08s
[2022-09-04T01:18:10.316+0000][1][safepoint    ] Safepoint "GenCollectForAllocation", Time since last: 51399917 ns, Reaching safepoint: 670708 ns, At safepoint: 84483334 ns, Total: 85154042 ns
[2022-09-04T01:18:10.490+0000][1][safepoint    ] Safepoint "RevokeBias", Time since last: 172936416 ns, Reaching safepoint: 654000 ns, At safepoint: 103542 ns, Total: 757542 ns
[2022-09-04T01:18:10.635+0000][1][safepoint    ] Safepoint "RevokeBias", Time since last: 141902250 ns, Reaching safepoint: 2561459 ns, At safepoint: 101500 ns, Total: 2662959 ns
[2022-09-04T01:18:10.976+0000][1][safepoint    ] Safepoint "RevokeBias", Time since last: 340290750 ns, Reaching safepoint: 708041 ns, At safepoint: 98542 ns, Total: 806583 ns
[2022-09-04T01:18:10.980+0000][1][safepoint    ] Safepoint "RevokeBias", Time since last: 3680708 ns, Reaching safepoint: 414500 ns, At safepoint: 80875 ns, Total: 495375 ns
[2022-09-04T01:18:10.982+0000][1][safepoint    ] Safepoint "RevokeBias", Time since last: 1388500 ns, Reaching safepoint: 374250 ns, At safepoint: 76625 ns, Total: 450875 ns
[2022-09-04T01:18:11.062+0000][1][safepoint    ] Safepoint "RevokeBias", Time since last: 79677209 ns, Reaching safepoint: 637666 ns, At safepoint: 95209 ns, Total: 732875 ns
[2022-09-04T01:18:12.064+0000][1][safepoint    ] Safepoint "Cleanup", Time since last: 1001329334 ns, Reaching safepoint: 676250 ns, At safepoint: 27125 ns, Total: 703375 ns
[2022-09-04T01:18:13.071+0000][1][safepoint    ] Safepoint "Cleanup", Time since last: 1003177792 ns, Reaching safepoint: 2982875 ns, At safepoint: 132666 ns, Total: 3115541 ns
[2022-09-04T01:18:14.079+0000][1][safepoint    ] Safepoint "Cleanup", Time since last: 1007631959 ns, Reaching safepoint: 730750 ns, At safepoint: 30375 ns, Total: 761125 ns
[2022-09-04T01:18:15.086+0000][1][safepoint    ] Safepoint "Cleanup", Time since last: 1003462042 ns, Reaching safepoint: 3233292 ns, At safepoint: 119958 ns, Total: 3353250 ns
[2022-09-04T01:18:16.096+0000][1][safepoint    ] Safepoint "Cleanup", Time since last: 1009114459 ns, Reaching safepoint: 1023083 ns, At safepoint: 43542 ns, Total: 1066625 ns
[2022-09-04T01:18:17.099+0000][1][safepoint    ] Safepoint "Cleanup", Time since last: 1002676459 ns, Reaching safepoint: 649125 ns, At safepoint: 27958 ns, Total: 677083 ns
[2022-09-04T01:18:18.106+0000][1][safepoint    ] Safepoint "Cleanup", Time since last: 1004973751 ns, Reaching safepoint: 1684291 ns, At safepoint: 54000 ns, Total: 1738291 ns
[2022-09-04T01:18:19.110+0000][1][safepoint    ] Safepoint "Cleanup", Time since last: 1003111751 ns, Reaching safepoint: 772708 ns, At safepoint: 23292 ns, Total: 796000 ns
[2022-09-04T01:18:20.113+0000][1][safepoint    ] Safepoint "Cleanup", Time since last: 1001306875 ns, Reaching safepoint: 1504042 ns, At safepoint: 45875 ns, Total: 1549917 ns
[2022-09-04T01:18:21.116+0000][1][safepoint    ] Safepoint "Cleanup", Time since last: 1001810084 ns, Reaching safepoint: 1051833 ns, At safepoint: 44875 ns, Total: 1096708 ns
[2022-09-04T01:18:22.118+0000][1][safepoint    ] Safepoint "Cleanup", Time since last: 1002057791 ns, Reaching safepoint: 932959 ns, At safepoint: 27250 ns, Total: 960209 ns
[2022-09-04T01:18:23.121+0000][1][safepoint    ] Safepoint "Cleanup", Time since last: 1001545458 ns, Reaching safepoint: 967250 ns, At safepoint: 45792 ns, Total: 1013042 ns
[2022-09-04T01:18:24.125+0000][1][safepoint    ] Safepoint "Cleanup", Time since last: 1002645084 ns, Reaching safepoint: 1348875 ns, At safepoint: 47500 ns, Total: 1396375 ns
[2022-09-04T01:18:25.130+0000][1][safepoint    ] Safepoint "Cleanup", Time since last: 1003480709 ns, Reaching safepoint: 1040500 ns, At safepoint: 35458 ns, Total: 1075958 ns
[2022-09-04T01:18:26.132+0000][1][safepoint    ] Safepoint "Cleanup", Time since last: 1001730917 ns, Reaching safepoint: 821667 ns, At safepoint: 21375 ns, Total: 843042 ns
[2022-09-04T01:18:27.135+0000][1][safepoint    ] Safepoint "Cleanup", Time since last: 1001432917 ns, Reaching safepoint: 902875 ns, At safepoint: 27250 ns, Total: 930125 ns
[2022-09-04T01:18:28.138+0000][1][safepoint    ] Safepoint "Cleanup", Time since last: 1002035084 ns, Reaching safepoint: 928208 ns, At safepoint: 26750 ns, Total: 954958 ns
[2022-09-04T01:18:29.141+0000][1][safepoint    ] Safepoint "Cleanup", Time since last: 1002930251 ns, Reaching safepoint: 942208 ns, At safepoint: 29833 ns, Total: 972041 ns
[2022-09-04T01:18:30.145+0000][1][safepoint    ] Safepoint "Cleanup", Time since last: 1001931709 ns, Reaching safepoint: 1540084 ns, At safepoint: 39875 ns, Total: 1579959 ns
[2022-09-04T01:18:31.151+0000][1][safepoint    ] Safepoint "Cleanup", Time since last: 1005194125 ns, Reaching safepoint: 802792 ns, At safepoint: 22375 ns, Total: 825167 ns
[2022-09-04T01:18:32.154+0000][1][safepoint    ] Safepoint "Cleanup", Time since last: 1001674833 ns, Reaching safepoint: 926459 ns, At safepoint: 20833 ns, Total: 947292 ns
[2022-09-04T01:18:33.160+0000][1][safepoint    ] Safepoint "Cleanup", Time since last: 1004230126 ns, Reaching safepoint: 1652708 ns, At safepoint: 42333 ns, Total: 1695041 ns
[2022-09-04T01:18:33.437+0000][1][safepoint    ] Safepoint "RevokeBias", Time since last: 274435375 ns, Reaching safepoint: 2956084 ns, At safepoint: 366750 ns, Total: 3322834 ns
[2022-09-04T01:18:34.444+0000][1][safepoint    ] Safepoint "Cleanup", Time since last: 1005818750 ns, Reaching safepoint: 935250 ns, At safepoint: 23292 ns, Total: 958542 ns
[2022-09-04T01:18:35.450+0000][1][safepoint    ] Safepoint "Cleanup", Time since last: 1002833167 ns, Reaching safepoint: 3397375 ns, At safepoint: 96250 ns, Total: 3493625 ns
[2022-09-04T01:18:36.458+0000][1][safepoint    ] Safepoint "Cleanup", Time since last: 1005831251 ns, Reaching safepoint: 1834250 ns, At safepoint: 115708 ns, Total: 1949958 ns
[2022-09-04T01:18:37.467+0000][1][safepoint    ] Safepoint "Cleanup", Time since last: 1005443584 ns, Reaching safepoint: 3639458 ns, At safepoint: 79583 ns, Total: 3719041 ns
[2022-09-04T01:18:38.478+0000][1][safepoint    ] Safepoint "Cleanup", Time since last: 1006863751 ns, Reaching safepoint: 3511500 ns, At safepoint: 100791 ns, Total: 3612291 ns
[2022-09-04T01:18:39.487+0000][1][safepoint    ] Safepoint "Cleanup", Time since last: 1007871501 ns, Reaching safepoint: 1075750 ns, At safepoint: 28667 ns, Total: 1104417 ns
[2022-09-04T01:18:39.977+0000][1][safepoint    ] Safepoint "RevokeBias", Time since last: 488534583 ns, Reaching safepoint: 1378209 ns, At safepoint: 200000 ns, Total: 1578209 ns
[2022-09-04T01:18:39.981+0000][1][safepoint    ] Safepoint "RevokeBias", Time since last: 2594833 ns, Reaching safepoint: 1112042 ns, At safepoint: 159041 ns, Total: 1271083 ns
[2022-09-04T01:18:39.984+0000][1][safepoint    ] Safepoint "RevokeBias", Time since last: 1767834 ns, Reaching safepoint: 1108125 ns, At safepoint: 310125 ns, Total: 1418250 ns
[2022-09-04T01:18:39.987+0000][1][safepoint    ] Safepoint "RevokeBias", Time since last: 1791541 ns, Reaching safepoint: 1033042 ns, At safepoint: 367042 ns, Total: 1400084 ns
[2022-09-04T01:18:40.994+0000][1][safepoint    ] Safepoint "Cleanup", Time since last: 1004881958 ns, Reaching safepoint: 1604417 ns, At safepoint: 53875 ns, Total: 1658292 ns
[2022-09-04T01:18:41.998+0000][1][safepoint    ] Safepoint "Cleanup", Time since last: 1003446834 ns, Reaching safepoint: 811833 ns, At safepoint: 24125 ns, Total: 835958 ns
[2022-09-04T01:18:43.002+0000][1][safepoint    ] Safepoint "Cleanup", Time since last: 1003454542 ns, Reaching safepoint: 905917 ns, At safepoint: 28792 ns, Total: 934709 ns
[2022-09-04T01:18:44.005+0000][1][safepoint    ] Safepoint "Cleanup", Time since last: 1002077625 ns, Reaching safepoint: 896542 ns, At safepoint: 29541 ns, Total: 926083 ns
[2022-09-04T01:18:45.009+0000][1][safepoint    ] Safepoint "Cleanup", Time since last: 1002272876 ns, Reaching safepoint: 1172667 ns, At safepoint: 32791 ns, Total: 1205458 ns
[2022-09-04T01:18:46.015+0000][1][safepoint    ] Safepoint "Cleanup", Time since last: 1003207959 ns, Reaching safepoint: 2608167 ns, At safepoint: 67833 ns, Total: 2676000 ns
[2022-09-04T01:18:47.023+0000][1][safepoint    ] Safepoint "Cleanup", Time since last: 1005994834 ns, Reaching safepoint: 1781833 ns, At safepoint: 52417 ns, Total: 1834250 ns
[2022-09-04T01:18:48.033+0000][1][safepoint    ] Safepoint "Cleanup", Time since last: 1006390667 ns, Reaching safepoint: 3534917 ns, At safepoint: 92291 ns, Total: 3627208 ns
[2022-09-04T01:18:49.038+0000][1][safepoint    ] Safepoint "Cleanup", Time since last: 1004733793 ns, Reaching safepoint: 752041 ns, At safepoint: 60042 ns, Total: 812083 ns
[2022-09-04T01:18:50.045+0000][1][safepoint    ] Safepoint "Cleanup", Time since last: 1004778209 ns, Reaching safepoint: 1679583 ns, At safepoint: 57542 ns, Total: 1737125 ns
[2022-09-04T01:18:51.049+0000][1][safepoint    ] Safepoint "Cleanup", Time since last: 1002776583 ns, Reaching safepoint: 1372334 ns, At safepoint: 37083 ns, Total: 1409417 ns
[2022-09-04T01:18:52.054+0000][1][safepoint    ] Safepoint "Cleanup", Time since last: 1003564334 ns, Reaching safepoint: 1687291 ns, At safepoint: 92500 ns, Total: 1779791 ns
[2022-09-04T01:18:53.059+0000][1][safepoint    ] Safepoint "Cleanup", Time since last: 1004201792 ns, Reaching safepoint: 875459 ns, At safepoint: 25250 ns, Total: 900709 ns
[2022-09-04T01:18:54.064+0000][1][safepoint    ] Safepoint "Cleanup", Time since last: 1004078709 ns, Reaching safepoint: 1082500 ns, At safepoint: 30291 ns, Total: 1112791 ns
[2022-09-04T01:18:55.069+0000][1][safepoint    ] Safepoint "Cleanup", Time since last: 1003255542 ns, Reaching safepoint: 1583375 ns, At safepoint: 51917 ns, Total: 1635292 ns
[2022-09-04T01:18:56.078+0000][1][safepoint    ] Safepoint "Cleanup", Time since last: 1004566792 ns, Reaching safepoint: 3574834 ns, At safepoint: 99541 ns, Total: 3674375 ns
[2022-09-04T01:18:57.086+0000][1][safepoint    ] Safepoint "Cleanup", Time since last: 1005207501 ns, Reaching safepoint: 2720125 ns, At safepoint: 86125 ns, Total: 2806250 ns
[2022-09-04T01:18:58.095+0000][1][safepoint    ] Safepoint "Cleanup", Time since last: 1005796084 ns, Reaching safepoint: 3236708 ns, At safepoint: 100792 ns, Total: 3337500 ns
[2022-09-04T01:18:59.100+0000][1][safepoint    ] Safepoint "Cleanup", Time since last: 1004881708 ns, Reaching safepoint: 858125 ns, At safepoint: 26750 ns, Total: 884875 ns
[2022-09-04T01:19:00.106+0000][1][safepoint    ] Safepoint "Cleanup", Time since last: 1003501709 ns, Reaching safepoint: 2006750 ns, At safepoint: 103208 ns, Total: 2109958 ns
[2022-09-04T01:19:01.110+0000][1][safepoint    ] Safepoint "Cleanup", Time since last: 1002982209 ns, Reaching safepoint: 881334 ns, At safepoint: 37791 ns, Total: 919125 ns
[2022-09-04T01:19:02.117+0000][1][safepoint    ] Safepoint "Cleanup", Time since last: 1002609251 ns, Reaching safepoint: 3843666 ns, At safepoint: 94000 ns, Total: 3937666 ns
[2022-09-04T01:19:03.126+0000][1][safepoint    ] Safepoint "Cleanup", Time since last: 1007924126 ns, Reaching safepoint: 1231750 ns, At safepoint: 57708 ns, Total: 1289458 ns
[2022-09-04T01:19:04.472+0000][1][safepoint    ] Safepoint "Cleanup", Time since last: 1345570501 ns, Reaching safepoint: 923708 ns, At safepoint: 30334 ns, Total: 954042 ns
[2022-09-04T01:19:05.477+0000][1][safepoint    ] Safepoint "Cleanup", Time since last: 1003210042 ns, Reaching safepoint: 1496458 ns, At safepoint: 54250 ns, Total: 1550708 ns
[2022-09-04T01:19:06.481+0000][1][safepoint    ] Safepoint "Cleanup", Time since last: 1002807209 ns, Reaching safepoint: 727958 ns, At safepoint: 22417 ns, Total: 750375 ns
[2022-09-04T01:19:07.486+0000][1][safepoint    ] Safepoint "Cleanup", Time since last: 1004542792 ns, Reaching safepoint: 694208 ns, At safepoint: 22625 ns, Total: 716833 ns
[2022-09-04T01:19:08.489+0000][1][safepoint    ] Safepoint "Cleanup", Time since last: 1001777917 ns, Reaching safepoint: 1154584 ns, At safepoint: 60291 ns, Total: 1214875 ns
[2022-09-04T01:19:09.492+0000][1][safepoint    ] Safepoint "Cleanup", Time since last: 1002662209 ns, Reaching safepoint: 757625 ns, At safepoint: 22667 ns, Total: 780292 ns
[2022-09-04T01:19:10.495+0000][1][safepoint    ] Safepoint "Cleanup", Time since last: 1001468375 ns, Reaching safepoint: 1355125 ns, At safepoint: 30334 ns, Total: 1385459 ns
[2022-09-04T01:19:11.503+0000][1][safepoint    ] Safepoint "Cleanup", Time since last: 1004884125 ns, Reaching safepoint: 2785334 ns, At safepoint: 77375 ns, Total: 2862709 ns
[2022-09-04T01:19:12.510+0000][1][safepoint    ] Safepoint "Cleanup", Time since last: 1004859458 ns, Reaching safepoint: 2169167 ns, At safepoint: 77083 ns, Total: 2246250 ns
[2022-09-04T01:19:13.516+0000][1][safepoint    ] Safepoint "Cleanup", Time since last: 1003991126 ns, Reaching safepoint: 2241458 ns, At safepoint: 99167 ns, Total: 2340625 ns
[2022-09-04T01:19:14.525+0000][1][safepoint    ] Safepoint "Cleanup", Time since last: 1006344375 ns, Reaching safepoint: 2371292 ns, At safepoint: 139167 ns, Total: 2510459 ns
[2022-09-04T01:19:15.530+0000][1][safepoint    ] Safepoint "Cleanup", Time since last: 1003905667 ns, Reaching safepoint: 1370125 ns, At safepoint: 49500 ns, Total: 1419625 ns
[2022-09-04T01:19:16.538+0000][1][safepoint    ] Safepoint "Cleanup", Time since last: 1006574417 ns, Reaching safepoint: 1007500 ns, At safepoint: 28167 ns, Total: 1035667 ns
[2022-09-04T01:19:17.545+0000][1][safepoint    ] Safepoint "Cleanup", Time since last: 1004298042 ns, Reaching safepoint: 2364583 ns, At safepoint: 66792 ns, Total: 2431375 ns
[2022-09-04T01:19:18.550+0000][1][safepoint    ] Safepoint "Cleanup", Time since last: 1003376667 ns, Reaching safepoint: 1411958 ns, At safepoint: 45792 ns, Total: 1457750 ns
[2022-09-04T01:19:19.555+0000][1][safepoint    ] Safepoint "Cleanup", Time since last: 1002991875 ns, Reaching safepoint: 1988125 ns, At safepoint: 111917 ns, Total: 2100042 ns
[2022-09-04T01:19:20.560+0000][1][safepoint    ] Safepoint "Cleanup", Time since last: 1003396501 ns, Reaching safepoint: 1375333 ns, At safepoint: 47083 ns, Total: 1422416 ns
[2022-09-04T01:19:21.565+0000][1][safepoint    ] Safepoint "Cleanup", Time since last: 1002907126 ns, Reaching safepoint: 2698708 ns, At safepoint: 146208 ns, Total: 2844916 ns
[2022-09-04T01:19:22.574+0000][1][safepoint    ] Safepoint "Cleanup", Time since last: 1006075459 ns, Reaching safepoint: 2860458 ns, At safepoint: 96917 ns, Total: 2957375 ns
[2022-09-04T01:19:23.581+0000][1][safepoint    ] Safepoint "Cleanup", Time since last: 1004594125 ns, Reaching safepoint: 2348625 ns, At safepoint: 80125 ns, Total: 2428750 ns
[2022-09-04T01:19:24.587+0000][1][safepoint    ] Safepoint "Cleanup", Time since last: 1004062084 ns, Reaching safepoint: 1376417 ns, At safepoint: 62792 ns, Total: 1439209 ns
[2022-09-04T01:19:25.591+0000][1][safepoint    ] Safepoint "Cleanup", Time since last: 1002667917 ns, Reaching safepoint: 1308458 ns, At safepoint: 64250 ns, Total: 1372708 ns
[2022-09-04T01:19:26.598+0000][1][safepoint    ] Safepoint "Cleanup", Time since last: 1004488750 ns, Reaching safepoint: 3056500 ns, At safepoint: 92500 ns, Total: 3149000 ns
[2022-09-04T01:19:27.608+0000][1][safepoint    ] Safepoint "Cleanup", Time since last: 1006687709 ns, Reaching safepoint: 3040750 ns, At safepoint: 144417 ns, Total: 3185167 ns
[2022-09-04T01:19:28.615+0000][1][safepoint    ] Safepoint "Cleanup", Time since last: 1004097834 ns, Reaching safepoint: 3031958 ns, At safepoint: 107708 ns, Total: 3139666 ns
[2022-09-04T01:19:29.625+0000][1][safepoint    ] Safepoint "Cleanup", Time since last: 1006963376 ns, Reaching safepoint: 2507083 ns, At safepoint: 71834 ns, Total: 2578917 ns
[2022-09-04T01:19:30.634+0000][1][safepoint    ] Safepoint "Cleanup", Time since last: 1005890542 ns, Reaching safepoint: 3124666 ns, At safepoint: 90459 ns, Total: 3215125 ns
[2022-09-04T01:19:31.644+0000][1][safepoint    ] Safepoint "Cleanup", Time since last: 1006820875 ns, Reaching safepoint: 2659667 ns, At safepoint: 86042 ns, Total: 2745709 ns
[2022-09-04T01:19:32.652+0000][1][safepoint    ] Safepoint "Cleanup", Time since last: 1005601833 ns, Reaching safepoint: 2535667 ns, At safepoint: 114042 ns, Total: 2649709 ns
[2022-09-04T01:19:33.663+0000][1][safepoint    ] Safepoint "Cleanup", Time since last: 1009823459 ns, Reaching safepoint: 1124541 ns, At safepoint: 31334 ns, Total: 1155875 ns
[2022-09-04T01:19:34.670+0000][1][safepoint    ] Safepoint "Cleanup", Time since last: 1002823583 ns, Reaching safepoint: 3787209 ns, At safepoint: 109583 ns, Total: 3896792 ns
[2022-09-04T01:19:35.682+0000][1][safepoint    ] Safepoint "Cleanup", Time since last: 1009438542 ns, Reaching safepoint: 3231125 ns, At safepoint: 90375 ns, Total: 3321500 ns
[2022-09-04T01:19:36.693+0000][1][safepoint    ] Safepoint "Cleanup", Time since last: 1006949834 ns, Reaching safepoint: 3839750 ns, At safepoint: 102875 ns, Total: 3942625 ns
[2022-09-04T01:19:37.701+0000][1][safepoint    ] Safepoint "Cleanup", Time since last: 1005065375 ns, Reaching safepoint: 2565292 ns, At safepoint: 72917 ns, Total: 2638209 ns
[2022-09-04T01:19:39.393+0000][1][safepoint    ] Safepoint "Cleanup", Time since last: 1690682709 ns, Reaching safepoint: 993375 ns, At safepoint: 40458 ns, Total: 1033833 ns
[2022-09-04T01:19:40.397+0000][1][safepoint    ] Safepoint "Cleanup", Time since last: 1002849417 ns, Reaching safepoint: 1421834 ns, At safepoint: 41083 ns, Total: 1462917 ns
[2022-09-04T01:19:41.402+0000][1][safepoint    ] Safepoint "Cleanup", Time since last: 1004560834 ns, Reaching safepoint: 733500 ns, At safepoint: 26125 ns, Total: 759625 ns
[2022-09-04T01:19:42.406+0000][1][safepoint    ] Safepoint "Cleanup", Time since last: 1002167125 ns, Reaching safepoint: 2006209 ns, At safepoint: 101625 ns, Total: 2107834 ns
[2022-09-04T01:19:43.411+0000][1][safepoint    ] Safepoint "Cleanup", Time since last: 1003717417 ns, Reaching safepoint: 831167 ns, At safepoint: 28500 ns, Total: 859667 ns
[2022-09-04T01:19:44.414+0000][1][safepoint    ] Safepoint "Cleanup", Time since last: 1002332958 ns, Reaching safepoint: 766792 ns, At safepoint: 22792 ns, Total: 789584 ns
[2022-09-04T01:19:45.420+0000][1][safepoint    ] Safepoint "Cleanup", Time since last: 1004758708 ns, Reaching safepoint: 696375 ns, At safepoint: 28375 ns, Total: 724750 ns
[2022-09-04T01:19:46.423+0000][1][safepoint    ] Safepoint "Cleanup", Time since last: 1003059418 ns, Reaching safepoint: 672375 ns, At safepoint: 25500 ns, Total: 697875 ns
[2022-09-04T01:19:47.427+0000][1][safepoint    ] Safepoint "Cleanup", Time since last: 1001921083 ns, Reaching safepoint: 1611084 ns, At safepoint: 51500 ns, Total: 1662584 ns
[2022-09-04T01:19:48.432+0000][1][safepoint    ] Safepoint "Cleanup", Time since last: 1003426375 ns, Reaching safepoint: 1390000 ns, At safepoint: 45834 ns, Total: 1435834 ns
[2022-09-04T01:19:49.436+0000][1][safepoint    ] Safepoint "Cleanup", Time since last: 1003498583 ns, Reaching safepoint: 973417 ns, At safepoint: 29583 ns, Total: 1003000 ns
[2022-09-04T01:19:50.442+0000][1][safepoint    ] Safepoint "Cleanup", Time since last: 1003101918 ns, Reaching safepoint: 2096000 ns, At safepoint: 96583 ns, Total: 2192583 ns
[2022-09-04T01:19:51.448+0000][1][safepoint    ] Safepoint "Cleanup", Time since last: 1005282375 ns, Reaching safepoint: 1009209 ns, At safepoint: 36125 ns, Total: 1045334 ns
[2022-09-04T01:19:52.453+0000][1][safepoint    ] Safepoint "Cleanup", Time since last: 1002804875 ns, Reaching safepoint: 2329083 ns, At safepoint: 87167 ns, Total: 2416250 ns
[2022-09-04T01:19:53.458+0000][1][safepoint    ] Safepoint "Cleanup", Time since last: 1003894292 ns, Reaching safepoint: 935625 ns, At safepoint: 26458 ns, Total: 962083 ns
[2022-09-04T01:19:54.463+0000][1][safepoint    ] Safepoint "Cleanup", Time since last: 1002579250 ns, Reaching safepoint: 2230542 ns, At safepoint: 79667 ns, Total: 2310209 ns
[2022-09-04T01:19:55.469+0000][1][safepoint    ] Safepoint "Cleanup", Time since last: 1005036917 ns, Reaching safepoint: 820208 ns, At safepoint: 24334 ns, Total: 844542 ns
[2022-09-04T01:19:56.472+0000][1][safepoint    ] Safepoint "Cleanup", Time since last: 1002553167 ns, Reaching safepoint: 971750 ns, At safepoint: 32250 ns, Total: 1004000 ns
[2022-09-04T01:19:57.476+0000][1][safepoint    ] Safepoint "Cleanup", Time since last: 1003114209 ns, Reaching safepoint: 710916 ns, At safepoint: 23125 ns, Total: 734041 ns
[2022-09-04T01:19:58.481+0000][1][safepoint    ] Safepoint "Cleanup", Time since last: 1002073209 ns, Reaching safepoint: 2036875 ns, At safepoint: 67750 ns, Total: 2104625 ns
[2022-09-04T01:19:59.489+0000][1][safepoint    ] Safepoint "Cleanup", Time since last: 1005682334 ns, Reaching safepoint: 2451792 ns, At safepoint: 76041 ns, Total: 2527833 ns
[2022-09-04T01:20:00.497+0000][1][safepoint    ] Safepoint "Cleanup", Time since last: 1005186084 ns, Reaching safepoint: 3061333 ns, At safepoint: 105417 ns, Total: 3166750 ns
[2022-09-04T01:20:01.504+0000][1][safepoint    ] Safepoint "Cleanup", Time since last: 1006132250 ns, Reaching safepoint: 699542 ns, At safepoint: 22042 ns, Total: 721584 ns
[2022-09-04T01:20:02.508+0000][1][safepoint    ] Safepoint "Cleanup", Time since last: 1002141334 ns, Reaching safepoint: 2259416 ns, At safepoint: 85292 ns, Total: 2344708 ns
[2022-09-04T01:20:03.515+0000][1][safepoint    ] Safepoint "Cleanup", Time since last: 1005278709 ns, Reaching safepoint: 976583 ns, At safepoint: 33292 ns, Total: 1009875 ns
[2022-09-04T01:20:04.519+0000][1][safepoint    ] Safepoint "Cleanup", Time since last: 1002793209 ns, Reaching safepoint: 1685166 ns, At safepoint: 51125 ns, Total: 1736291 ns
[2022-09-04T01:20:05.525+0000][1][safepoint    ] Safepoint "Cleanup", Time since last: 1003384001 ns, Reaching safepoint: 2071333 ns, At safepoint: 60250 ns, Total: 2131583 ns
[2022-09-04T01:20:06.533+0000][1][safepoint    ] Safepoint "Cleanup", Time since last: 1005493501 ns, Reaching safepoint: 2288041 ns, At safepoint: 64542 ns, Total: 2352583 ns
[2022-09-04T01:20:07.541+0000][1][safepoint    ] Safepoint "Cleanup", Time since last: 1007896500 ns, Reaching safepoint: 717792 ns, At safepoint: 23792 ns, Total: 741584 ns
[2022-09-04T01:20:08.544+0000][1][safepoint    ] Safepoint "Cleanup", Time since last: 1002261000 ns, Reaching safepoint: 871959 ns, At safepoint: 25291 ns, Total: 897250 ns
[2022-09-04T01:20:09.547+0000][1][safepoint    ] Safepoint "Cleanup", Time since last: 1001783417 ns, Reaching safepoint: 728917 ns, At safepoint: 45167 ns, Total: 774084 ns
[2022-09-04T01:20:10.554+0000][1][safepoint    ] Safepoint "Cleanup", Time since last: 1003388708 ns, Reaching safepoint: 3230500 ns, At safepoint: 103125 ns, Total: 3333625 ns
[2022-09-04T01:20:11.562+0000][1][safepoint    ] Safepoint "Cleanup", Time since last: 1007147126 ns, Reaching safepoint: 801625 ns, At safepoint: 26667 ns, Total: 828292 ns
[2022-09-04T01:20:12.567+0000][1][safepoint    ] Safepoint "Cleanup", Time since last: 1002770458 ns, Reaching safepoint: 2711334 ns, At safepoint: 77333 ns, Total: 2788667 ns
[2022-09-04T01:20:13.574+0000][1][safepoint    ] Safepoint "Cleanup", Time since last: 1006256459 ns, Reaching safepoint: 859458 ns, At safepoint: 33625 ns, Total: 893083 ns
[2022-09-04T01:20:14.582+0000][1][safepoint    ] Safepoint "Cleanup", Time since last: 1004750376 ns, Reaching safepoint: 2334666 ns, At safepoint: 74625 ns, Total: 2409291 ns
[2022-09-04T01:20:15.587+0000][1][safepoint    ] Safepoint "Cleanup", Time since last: 1004708334 ns, Reaching safepoint: 710459 ns, At safepoint: 24833 ns, Total: 735292 ns
[2022-09-04T01:20:16.590+0000][1][safepoint    ] Safepoint "Cleanup", Time since last: 1002058500 ns, Reaching safepoint: 1075209 ns, At safepoint: 31416 ns, Total: 1106625 ns
[2022-09-04T01:20:17.597+0000][1][safepoint    ] Safepoint "Cleanup", Time since last: 1002923501 ns, Reaching safepoint: 4204958 ns, At safepoint: 101375 ns, Total: 4306333 ns
[2022-09-04T01:20:18.605+0000][1][safepoint    ] Safepoint "Cleanup", Time since last: 1005791376 ns, Reaching safepoint: 1321875 ns, At safepoint: 80500 ns, Total: 1402375 ns
[2022-09-04T01:20:19.608+0000][1][safepoint    ] Safepoint "Cleanup", Time since last: 1002400708 ns, Reaching safepoint: 748042 ns, At safepoint: 48417 ns, Total: 796459 ns
[2022-09-04T01:20:20.617+0000][1][safepoint    ] Safepoint "Cleanup", Time since last: 1006982375 ns, Reaching safepoint: 1812709 ns, At safepoint: 82125 ns, Total: 1894834 ns
[2022-09-04T01:20:21.623+0000][1][safepoint    ] Safepoint "Cleanup", Time since last: 1004630000 ns, Reaching safepoint: 2059000 ns, At safepoint: 67750 ns, Total: 2126750 ns
[2022-09-04T01:20:22.633+0000][1][safepoint    ] Safepoint "Cleanup", Time since last: 1007280875 ns, Reaching safepoint: 3289875 ns, At safepoint: 95541 ns, Total: 3385416 ns
[2022-09-04T01:20:23.641+0000][1][safepoint    ] Safepoint "Cleanup", Time since last: 1006625292 ns, Reaching safepoint: 766125 ns, At safepoint: 25959 ns, Total: 792084 ns
[2022-09-04T01:20:24.648+0000][1][safepoint    ] Safepoint "Cleanup", Time since last: 1004907459 ns, Reaching safepoint: 2606458 ns, At safepoint: 96542 ns, Total: 2703000 ns
[2022-09-04T01:20:25.658+0000][1][safepoint    ] Safepoint "Cleanup", Time since last: 1008901625 ns, Reaching safepoint: 772833 ns, At safepoint: 73667 ns, Total: 846500 ns
[2022-09-04T01:20:26.670+0000][1][safepoint    ] Safepoint "Cleanup", Time since last: 1010944167 ns, Reaching safepoint: 1400042 ns, At safepoint: 74667 ns, Total: 1474709 ns
[2022-09-04T01:20:27.679+0000][1][safepoint    ] Safepoint "Cleanup", Time since last: 1006633458 ns, Reaching safepoint: 2142417 ns, At safepoint: 58750 ns, Total: 2201167 ns
[2022-09-04T01:20:28.689+0000][1][safepoint    ] Safepoint "Cleanup", Time since last: 1007358000 ns, Reaching safepoint: 1811375 ns, At safepoint: 110167 ns, Total: 1921542 ns
[2022-09-04T01:20:29.700+0000][1][safepoint    ] Safepoint "Cleanup", Time since last: 1009127542 ns, Reaching safepoint: 2203417 ns, At safepoint: 65750 ns, Total: 2269167 ns
[2022-09-04T01:20:30.710+0000][1][safepoint    ] Safepoint "Cleanup", Time since last: 1006012959 ns, Reaching safepoint: 3728000 ns, At safepoint: 101375 ns, Total: 3829375 ns
[2022-09-04T01:20:31.720+0000][1][safepoint    ] Safepoint "Cleanup", Time since last: 1006820334 ns, Reaching safepoint: 2980583 ns, At safepoint: 87292 ns, Total: 3067875 ns
[2022-09-04T01:20:32.727+0000][1][safepoint    ] Safepoint "Cleanup", Time since last: 1004904792 ns, Reaching safepoint: 2233291 ns, At safepoint: 70292 ns, Total: 2303583 ns
[2022-09-04T01:20:34.601+0000][1][safepoint    ] Safepoint "Cleanup", Time since last: 1872081168 ns, Reaching safepoint: 1637666 ns, At safepoint: 48750 ns, Total: 1686416 ns
[2022-09-04T01:20:35.607+0000][1][safepoint    ] Safepoint "Cleanup", Time since last: 1003934917 ns, Reaching safepoint: 1998875 ns, At safepoint: 70417 ns, Total: 2069292 ns
[2022-09-04T01:20:36.613+0000][1][safepoint    ] Safepoint "Cleanup", Time since last: 1004249542 ns, Reaching safepoint: 1910042 ns, At safepoint: 54250 ns, Total: 1964292 ns
[2022-09-04T01:20:37.617+0000][1][safepoint    ] Safepoint "Cleanup", Time since last: 1002624625 ns, Reaching safepoint: 1429084 ns, At safepoint: 224250 ns, Total: 1653334 ns
[2022-09-04T01:20:38.622+0000][1][safepoint    ] Safepoint "Cleanup", Time since last: 1003171292 ns, Reaching safepoint: 1356542 ns, At safepoint: 40083 ns, Total: 1396625 ns
[2022-09-04T01:20:39.626+0000][1][safepoint    ] Safepoint "Cleanup", Time since last: 1002737042 ns, Reaching safepoint: 1743792 ns, At safepoint: 68166 ns, Total: 1811958 ns
[2022-09-04T01:20:40.635+0000][1][safepoint    ] Safepoint "Cleanup", Time since last: 1004990043 ns, Reaching safepoint: 3417250 ns, At safepoint: 116625 ns, Total: 3533875 ns
[2022-09-04T01:20:41.648+0000][1][safepoint    ] Safepoint "Cleanup", Time since last: 1008792542 ns, Reaching safepoint: 3826458 ns, At safepoint: 223500 ns, Total: 4049958 ns
[2022-09-04T01:20:42.656+0000][1][safepoint    ] Safepoint "Cleanup", Time since last: 1004052292 ns, Reaching safepoint: 3180417 ns, At safepoint: 1357041 ns, Total: 4537458 ns
[2022-09-04T01:20:43.662+0000][1][safepoint    ] Safepoint "Cleanup", Time since last: 1005165376 ns, Reaching safepoint: 912583 ns, At safepoint: 24917 ns, Total: 937500 ns
[2022-09-04T01:20:44.668+0000][1][safepoint    ] Safepoint "Cleanup", Time since last: 1002322917 ns, Reaching safepoint: 3552458 ns, At safepoint: 145042 ns, Total: 3697500 ns
[2022-09-04T01:20:45.677+0000][1][safepoint    ] Safepoint "Cleanup", Time since last: 1005751667 ns, Reaching safepoint: 2763334 ns, At safepoint: 107208 ns, Total: 2870542 ns
[2022-09-04T01:20:46.687+0000][1][safepoint    ] Safepoint "Cleanup", Time since last: 1006942792 ns, Reaching safepoint: 3421125 ns, At safepoint: 90333 ns, Total: 3511458 ns
[2022-09-04T01:20:47.695+0000][1][safepoint    ] Safepoint "Cleanup", Time since last: 1005213709 ns, Reaching safepoint: 2512125 ns, At safepoint: 86417 ns, Total: 2598542 ns
[2022-09-04T01:20:48.702+0000][1][safepoint    ] Safepoint "Cleanup", Time since last: 1003650084 ns, Reaching safepoint: 2974541 ns, At safepoint: 378250 ns, Total: 3352791 ns
[2022-09-04T01:20:49.717+0000][1][safepoint    ] Safepoint "Cleanup", Time since last: 1006089918 ns, Reaching safepoint: 4399916 ns, At safepoint: 4593375 ns, Total: 8993291 ns
[2022-09-04T01:20:50.725+0000][1][safepoint    ] Safepoint "Cleanup", Time since last: 1005649501 ns, Reaching safepoint: 1511250 ns, At safepoint: 74041 ns, Total: 1585291 ns
[2022-09-04T01:20:51.733+0000][1][safepoint    ] Safepoint "Cleanup", Time since last: 1007750084 ns, Reaching safepoint: 1117292 ns, At safepoint: 37458 ns, Total: 1154750 ns
[2022-09-04T01:20:52.738+0000][1][safepoint    ] Safepoint "Cleanup", Time since last: 1003312000 ns, Reaching safepoint: 1871333 ns, At safepoint: 60375 ns, Total: 1931708 ns
[2022-09-04T01:20:53.743+0000][1][safepoint    ] Safepoint "Cleanup", Time since last: 1003783917 ns, Reaching safepoint: 765459 ns, At safepoint: 26166 ns, Total: 791625 ns
[2022-09-04T01:20:54.747+0000][1][safepoint    ] Safepoint "Cleanup", Time since last: 1002813876 ns, Reaching safepoint: 1216833 ns, At safepoint: 40125 ns, Total: 1256958 ns
[2022-09-04T01:20:55.752+0000][1][safepoint    ] Safepoint "Cleanup", Time since last: 1002913542 ns, Reaching safepoint: 1477959 ns, At safepoint: 56250 ns, Total: 1534209 ns
[2022-09-04T01:20:56.757+0000][1][safepoint    ] Safepoint "Cleanup", Time since last: 1004003750 ns, Reaching safepoint: 1348917 ns, At safepoint: 102125 ns, Total: 1451042 ns
[2022-09-04T01:20:57.761+0000][1][safepoint    ] Safepoint "Cleanup", Time since last: 1002687292 ns, Reaching safepoint: 1001583 ns, At safepoint: 35042 ns, Total: 1036625 ns
[2022-09-04T01:20:58.766+0000][1][safepoint    ] Safepoint "Cleanup", Time since last: 1002826126 ns, Reaching safepoint: 2439291 ns, At safepoint: 81417 ns, Total: 2520708 ns
[2022-09-04T01:20:59.772+0000][1][safepoint    ] Safepoint "Cleanup", Time since last: 1004501209 ns, Reaching safepoint: 1502125 ns, At safepoint: 37250 ns, Total: 1539375 ns
[2022-09-04T01:21:00.779+0000][1][safepoint    ] Safepoint "Cleanup", Time since last: 1003846333 ns, Reaching safepoint: 2913000 ns, At safepoint: 89875 ns, Total: 3002875 ns
[2022-09-04T01:21:01.786+0000][1][safepoint    ] Safepoint "Cleanup", Time since last: 1005658959 ns, Reaching safepoint: 946250 ns, At safepoint: 52292 ns, Total: 998542 ns
[2022-09-04T01:21:02.790+0000][1][safepoint    ] Safepoint "Cleanup", Time since last: 1002579125 ns, Reaching safepoint: 2034167 ns, At safepoint: 76875 ns, Total: 2111042 ns
[2022-09-04T01:21:03.795+0000][1][safepoint    ] Safepoint "Cleanup", Time since last: 1003969042 ns, Reaching safepoint: 1001709 ns, At safepoint: 30083 ns, Total: 1031792 ns
[2022-09-04T01:21:04.799+0000][1][safepoint    ] Safepoint "Cleanup", Time since last: 1001800375 ns, Reaching safepoint: 1719959 ns, At safepoint: 70458 ns, Total: 1790417 ns
[2022-09-04T01:21:05.802+0000][1][safepoint    ] Safepoint "Cleanup", Time since last: 1002454959 ns, Reaching safepoint: 1107958 ns, At safepoint: 39167 ns, Total: 1147125 ns
[2022-09-04T01:21:06.805+0000][1][safepoint    ] Safepoint "Cleanup", Time since last: 1002035542 ns, Reaching safepoint: 850833 ns, At safepoint: 37584 ns, Total: 888417 ns
[2022-09-04T01:21:07.808+0000][1][safepoint    ] Safepoint "Cleanup", Time since last: 1001831292 ns, Reaching safepoint: 957333 ns, At safepoint: 66125 ns, Total: 1023458 ns
[2022-09-04T01:21:08.814+0000][1][safepoint    ] Safepoint "Cleanup", Time since last: 1002959917 ns, Reaching safepoint: 2478000 ns, At safepoint: 396917 ns, Total: 2874917 ns
[2022-09-04T01:21:09.818+0000][1][safepoint    ] Safepoint "Cleanup", Time since last: 1003325750 ns, Reaching safepoint: 1055042 ns, At safepoint: 47667 ns, Total: 1102709 ns
[2022-09-04T01:21:10.823+0000][1][safepoint    ] Safepoint "Cleanup", Time since last: 1003446167 ns, Reaching safepoint: 728625 ns, At safepoint: 47708 ns, Total: 776333 ns
[2022-09-04T01:21:11.825+0000][1][safepoint    ] Safepoint "Cleanup", Time since last: 1001621917 ns, Reaching safepoint: 722334 ns, At safepoint: 25250 ns, Total: 747584 ns
[2022-09-04T01:21:12.829+0000][1][safepoint    ] Safepoint "Cleanup", Time since last: 1003007250 ns, Reaching safepoint: 862709 ns, At safepoint: 29333 ns, Total: 892042 ns
[2022-09-04T01:21:13.833+0000][1][safepoint    ] Safepoint "Cleanup", Time since last: 1002935334 ns, Reaching safepoint: 1006625 ns, At safepoint: 35333 ns, Total: 1041958 ns
[2022-09-04T01:21:14.838+0000][1][safepoint    ] Safepoint "Cleanup", Time since last: 1003802917 ns, Reaching safepoint: 1477334 ns, At safepoint: 48041 ns, Total: 1525375 ns
[2022-09-04T01:21:15.842+0000][1][safepoint    ] Safepoint "Cleanup", Time since last: 1003046084 ns, Reaching safepoint: 880542 ns, At safepoint: 29791 ns, Total: 910333 ns
[2022-09-04T01:21:16.846+0000][1][safepoint    ] Safepoint "Cleanup", Time since last: 1002706626 ns, Reaching safepoint: 1047458 ns, At safepoint: 32667 ns, Total: 1080125 ns
[2022-09-04T01:21:17.850+0000][1][safepoint    ] Safepoint "Cleanup", Time since last: 1003199042 ns, Reaching safepoint: 1082083 ns, At safepoint: 41667 ns, Total: 1123750 ns
[2022-09-04T01:21:18.857+0000][1][safepoint    ] Safepoint "Cleanup", Time since last: 1004445500 ns, Reaching safepoint: 1735709 ns, At safepoint: 55791 ns, Total: 1791500 ns
[2022-09-04T01:21:19.862+0000][1][safepoint    ] Safepoint "Cleanup", Time since last: 1004274209 ns, Reaching safepoint: 1080000 ns, At safepoint: 37167 ns, Total: 1117167 ns
[2022-09-04T01:21:20.865+0000][1][safepoint    ] Safepoint "Cleanup", Time since last: 1002043042 ns, Reaching safepoint: 710375 ns, At safepoint: 25583 ns, Total: 735958 ns
[2022-09-04T01:21:21.867+0000][1][safepoint    ] Safepoint "Cleanup", Time since last: 1001782334 ns, Reaching safepoint: 724792 ns, At safepoint: 25500 ns, Total: 750292 ns
[2022-09-04T01:21:22.870+0000][1][safepoint    ] Safepoint "Cleanup", Time since last: 1001775375 ns, Reaching safepoint: 744708 ns, At safepoint: 19500 ns, Total: 764208 ns
[2022-09-04T01:21:23.873+0000][1][safepoint    ] Safepoint "Cleanup", Time since last: 1001712209 ns, Reaching safepoint: 1125667 ns, At safepoint: 112917 ns, Total: 1238584 ns
[2022-09-04T01:21:24.878+0000][1][safepoint    ] Safepoint "Cleanup", Time since last: 1002547833 ns, Reaching safepoint: 2453500 ns, At safepoint: 80917 ns, Total: 2534417 ns
[2022-09-04T01:21:25.884+0000][1][safepoint    ] Safepoint "Cleanup", Time since last: 1005428709 ns, Reaching safepoint: 837625 ns, At safepoint: 28458 ns, Total: 866083 ns
[2022-09-04T01:21:26.889+0000][1][safepoint    ] Safepoint "Cleanup", Time since last: 1003481334 ns, Reaching safepoint: 1283250 ns, At safepoint: 34667 ns, Total: 1317917 ns
[2022-09-04T01:21:27.894+0000][1][safepoint    ] Safepoint "Cleanup", Time since last: 1004133458 ns, Reaching safepoint: 1169000 ns, At safepoint: 42500 ns, Total: 1211500 ns
[2022-09-04T01:21:28.899+0000][1][safepoint    ] Safepoint "Cleanup", Time since last: 1003360668 ns, Reaching safepoint: 1252583 ns, At safepoint: 41625 ns, Total: 1294208 ns
[2022-09-04T01:21:29.904+0000][1][safepoint    ] Safepoint "Cleanup", Time since last: 1003768875 ns, Reaching safepoint: 1269917 ns, At safepoint: 66250 ns, Total: 1336167 ns
[2022-09-04T01:21:30.912+0000][1][safepoint    ] Safepoint "Cleanup", Time since last: 1004504209 ns, Reaching safepoint: 3058833 ns, At safepoint: 250000 ns, Total: 3308833 ns
[2022-09-04T01:21:31.918+0000][1][safepoint    ] Safepoint "Cleanup", Time since last: 1005480626 ns, Reaching safepoint: 805500 ns, At safepoint: 24291 ns, Total: 829791 ns
[2022-09-04T01:21:32.923+0000][1][safepoint    ] Safepoint "Cleanup", Time since last: 1003750376 ns, Reaching safepoint: 663041 ns, At safepoint: 20959 ns, Total: 684000 ns
[2022-09-04T01:21:33.926+0000][1][safepoint    ] Safepoint "Cleanup", Time since last: 1002756459 ns, Reaching safepoint: 724791 ns, At safepoint: 25459 ns, Total: 750250 ns
[2022-09-04T01:21:34.929+0000][1][safepoint    ] Safepoint "Cleanup", Time since last: 1001854542 ns, Reaching safepoint: 1121125 ns, At safepoint: 28291 ns, Total: 1149416 ns
[2022-09-04T01:21:35.933+0000][1][safepoint    ] Safepoint "Cleanup", Time since last: 1002167084 ns, Reaching safepoint: 1641667 ns, At safepoint: 71917 ns, Total: 1713584 ns
[2022-09-04T01:21:36.941+0000][1][safepoint    ] Safepoint "Cleanup", Time since last: 1006240083 ns, Reaching safepoint: 1389834 ns, At safepoint: 90083 ns, Total: 1479917 ns
[2022-09-04T01:21:37.371+0000][1][safepoint    ] Safepoint "RevokeBias", Time since last: 427746459 ns, Reaching safepoint: 1801291 ns, At safepoint: 314959 ns, Total: 2116250 ns
[2022-09-04T01:21:37.381+0000][1][safepoint    ] Safepoint "RevokeBias", Time since last: 10147916 ns, Reaching safepoint: 609709 ns, At safepoint: 149375 ns, Total: 759084 ns
[2022-09-04T01:21:37.410+0000][1][safepoint    ] Safepoint "RevokeBias", Time since last: 27972041 ns, Reaching safepoint: 851084 ns, At safepoint: 126500 ns, Total: 977584 ns
[2022-09-04T01:21:37.910+0000][1][safepoint    ] Safepoint "RevokeBias", Time since last: 498501125 ns, Reaching safepoint: 1053542 ns, At safepoint: 125625 ns, Total: 1179167 ns
[2022-09-04T01:21:37.924+0000][1][safepoint    ] Safepoint "RevokeBias", Time since last: 13051083 ns, Reaching safepoint: 762292 ns, At safepoint: 135000 ns, Total: 897292 ns
[2022-09-04T01:21:37.927+0000][1][safepoint    ] Safepoint "RevokeBias", Time since last: 2219541 ns, Reaching safepoint: 729125 ns, At safepoint: 98917 ns, Total: 828042 ns
[2022-09-04T01:21:37.930+0000][1][safepoint    ] Safepoint "RevokeBias", Time since last: 2677708 ns, Reaching safepoint: 514584 ns, At safepoint: 105500 ns, Total: 620084 ns
[2022-09-04T01:21:37.935+0000][1][safepoint    ] Safepoint "RevokeBias", Time since last: 3647333 ns, Reaching safepoint: 472458 ns, At safepoint: 89250 ns, Total: 561708 ns
[2022-09-04T01:21:37.937+0000][1][safepoint    ] Safepoint "RevokeBias", Time since last: 2324209 ns, Reaching safepoint: 456458 ns, At safepoint: 93875 ns, Total: 550333 ns
[2022-09-04T01:21:37.941+0000][1][safepoint    ] Safepoint "RevokeBias", Time since last: 2638250 ns, Reaching safepoint: 397667 ns, At safepoint: 88208 ns, Total: 485875 ns
[2022-09-04T01:21:37.946+0000][1][safepoint    ] Safepoint "RevokeBias", Time since last: 2986417 ns, Reaching safepoint: 1876250 ns, At safepoint: 109708 ns, Total: 1985958 ns
[2022-09-04T01:21:37.948+0000][1][safepoint    ] Safepoint "RevokeBias", Time since last: 1924167 ns, Reaching safepoint: 674166 ns, At safepoint: 94750 ns, Total: 768916 ns
[2022-09-04T01:21:37.954+0000][1][safepoint    ] Safepoint "RevokeBias", Time since last: 5249042 ns, Reaching safepoint: 628583 ns, At safepoint: 101417 ns, Total: 730000 ns
[2022-09-04T01:21:37.958+0000][1][safepoint    ] Safepoint "RevokeBias", Time since last: 2863583 ns, Reaching safepoint: 381334 ns, At safepoint: 96083 ns, Total: 477417 ns
[2022-09-04T01:21:37.962+0000][1][safepoint    ] Safepoint "RevokeBias", Time since last: 3591833 ns, Reaching safepoint: 721917 ns, At safepoint: 112792 ns, Total: 834709 ns
[2022-09-04T01:21:37.970+0000][1][safepoint    ] Safepoint "RevokeBias", Time since last: 3618375 ns, Reaching safepoint: 4477875 ns, At safepoint: 119958 ns, Total: 4597833 ns
[2022-09-04T01:21:37.976+0000][1][safepoint    ] Safepoint "RevokeBias", Time since last: 4660917 ns, Reaching safepoint: 567458 ns, At safepoint: 107833 ns, Total: 675291 ns
[2022-09-04T01:21:37.979+0000][1][safepoint    ] Safepoint "RevokeBias", Time since last: 3228542 ns, Reaching safepoint: 632667 ns, At safepoint: 116041 ns, Total: 748708 ns
[2022-09-04T01:21:38.303+0000][1][safepoint    ] Safepoint "RevokeBias", Time since last: 321724250 ns, Reaching safepoint: 2099584 ns, At safepoint: 106416 ns, Total: 2206000 ns
[2022-09-04T01:21:38.361+0000][1][safepoint    ] Safepoint "RevokeBias", Time since last: 56484542 ns, Reaching safepoint: 907042 ns, At safepoint: 119166 ns, Total: 1026208 ns
[2022-09-04T01:21:38.368+0000][1][safepoint    ] Safepoint "RevokeBias", Time since last: 6307500 ns, Reaching safepoint: 549625 ns, At safepoint: 113792 ns, Total: 663417 ns
[2022-09-04T01:21:39.212+0000][1][safepoint    ] Safepoint "RevokeBias", Time since last: 800585625 ns, Reaching safepoint: 31537292 ns, At safepoint: 9368542 ns, Total: 40905834 ns
[2022-09-04T01:21:40.124+0000][1][safepoint    ] Safepoint "RevokeBias", Time since last: 911661959 ns, Reaching safepoint: 2801500 ns, At safepoint: 85625 ns, Total: 2887125 ns
[2022-09-04T01:21:40.401+0000][1][safepoint    ] Safepoint "RevokeBias", Time since last: 275889041 ns, Reaching safepoint: 714250 ns, At safepoint: 127334 ns, Total: 841584 ns
[2022-09-04T01:21:40.527+0000][1][safepoint    ] Safepoint "RevokeBias", Time since last: 122677750 ns, Reaching safepoint: 3735208 ns, At safepoint: 367875 ns, Total: 4103083 ns
[2022-09-04T01:21:40.540+0000][1][safepoint    ] Safepoint "RevokeBias", Time since last: 11245250 ns, Reaching safepoint: 843833 ns, At safepoint: 249584 ns, Total: 1093417 ns
[2022-09-04T01:21:40.543+0000][1][safepoint    ] Safepoint "RevokeBias", Time since last: 2942416 ns, Reaching safepoint: 575750 ns, At safepoint: 102084 ns, Total: 677834 ns
[2022-09-04T01:21:40.616+0000][1][safepoint    ] Safepoint "RevokeBias", Time since last: 71446125 ns, Reaching safepoint: 1183500 ns, At safepoint: 102541 ns, Total: 1286041 ns
[2022-09-04T01:21:41.621+0000][1][safepoint    ] Safepoint "Cleanup", Time since last: 1002219376 ns, Reaching safepoint: 2930167 ns, At safepoint: 133791 ns, Total: 3063958 ns
[2022-09-04T01:21:41.918+0000][1][safepoint    ] Safepoint "RevokeBias", Time since last: 295507250 ns, Reaching safepoint: 586875 ns, At safepoint: 177167 ns, Total: 764042 ns
[2022-09-04T01:21:42.925+0000][1][safepoint    ] Safepoint "Cleanup", Time since last: 1004780834 ns, Reaching safepoint: 2092917 ns, At safepoint: 188708 ns, Total: 2281625 ns
[2022-09-04T01:21:43.930+0000][1][safepoint    ] Safepoint "Cleanup", Time since last: 1004646667 ns, Reaching safepoint: 833375 ns, At safepoint: 32083 ns, Total: 865458 ns
[2022-09-04T01:21:44.937+0000][1][safepoint    ] Safepoint "Cleanup", Time since last: 1004155168 ns, Reaching safepoint: 2798916 ns, At safepoint: 84875 ns, Total: 2883791 ns
[2022-09-04T01:21:45.942+0000][1][safepoint    ] Safepoint "Cleanup", Time since last: 1003778876 ns, Reaching safepoint: 780833 ns, At safepoint: 34375 ns, Total: 815208 ns
[2022-09-04T01:21:46.945+0000][1][safepoint    ] Safepoint "Cleanup", Time since last: 1001707084 ns, Reaching safepoint: 1155000 ns, At safepoint: 35792 ns, Total: 1190792 ns
[2022-09-04T01:21:47.949+0000][1][safepoint    ] Safepoint "Cleanup", Time since last: 1003371125 ns, Reaching safepoint: 904458 ns, At safepoint: 33292 ns, Total: 937750 ns
[2022-09-04T01:21:48.573+0000][1][safepoint    ] Safepoint "RevokeBias", Time since last: 622638459 ns, Reaching safepoint: 1427000 ns, At safepoint: 249708 ns, Total: 1676708 ns
[2022-09-04T01:21:48.581+0000][1][safepoint    ] Safepoint "BulkRevokeBias", Time since last: 4232083 ns, Reaching safepoint: 509125 ns, At safepoint: 3200292 ns, Total: 3709417 ns
[2022-09-04T01:21:48.600+0000][1][safepoint    ] Safepoint "RevokeBias", Time since last: 17622250 ns, Reaching safepoint: 692667 ns, At safepoint: 144416 ns, Total: 837083 ns
[2022-09-04T01:21:48.884+0000][1][safepoint    ] Safepoint "RevokeBias", Time since last: 282308584 ns, Reaching safepoint: 1874166 ns, At safepoint: 131209 ns, Total: 2005375 ns
[2022-09-04T01:21:48.891+0000][1][safepoint    ] Safepoint "RevokeBias", Time since last: 6010958 ns, Reaching safepoint: 684083 ns, At safepoint: 136000 ns, Total: 820083 ns
[2022-09-04T01:21:48.895+0000][1][safepoint    ] Safepoint "RevokeBias", Time since last: 2887542 ns, Reaching safepoint: 837500 ns, At safepoint: 120125 ns, Total: 957625 ns
[2022-09-04T01:21:48.898+0000][1][safepoint    ] Safepoint "RevokeBias", Time since last: 2710042 ns, Reaching safepoint: 780583 ns, At safepoint: 185708 ns, Total: 966291 ns
[2022-09-04T01:21:48.903+0000][1][safepoint    ] Safepoint "RevokeBias", Time since last: 4169584 ns, Reaching safepoint: 518500 ns, At safepoint: 100541 ns, Total: 619041 ns
[2022-09-04T01:21:48.909+0000][1][safepoint    ] Safepoint "BulkRevokeBias", Time since last: 2271792 ns, Reaching safepoint: 575792 ns, At safepoint: 2735708 ns, Total: 3311500 ns
[2022-09-04T01:21:48.912+0000][1][safepoint    ] Safepoint "RevokeBias", Time since last: 2391042 ns, Reaching safepoint: 484125 ns, At safepoint: 198166 ns, Total: 682291 ns
[2022-09-04T01:21:48.914+0000][1][safepoint    ] Safepoint "RevokeBias", Time since last: 1993375 ns, Reaching safepoint: 356875 ns, At safepoint: 100125 ns, Total: 457000 ns
[2022-09-04T01:21:48.919+0000][1][safepoint    ] Safepoint "RevokeBias", Time since last: 3878125 ns, Reaching safepoint: 740834 ns, At safepoint: 281083 ns, Total: 1021917 ns
[2022-09-04T01:21:48.930+0000][1][safepoint    ] Safepoint "RevokeBias", Time since last: 9842208 ns, Reaching safepoint: 723667 ns, At safepoint: 113333 ns, Total: 837000 ns
[2022-09-04T01:21:48.933+0000][1][safepoint    ] Safepoint "RevokeBias", Time since last: 2719000 ns, Reaching safepoint: 371292 ns, At safepoint: 97625 ns, Total: 468917 ns
[2022-09-04T01:21:48.937+0000][1][safepoint    ] Safepoint "RevokeBias", Time since last: 3351042 ns, Reaching safepoint: 523833 ns, At safepoint: 155042 ns, Total: 678875 ns
[2022-09-04T01:21:48.942+0000][1][safepoint    ] Safepoint "RevokeBias", Time since last: 4074125 ns, Reaching safepoint: 683166 ns, At safepoint: 139584 ns, Total: 822750 ns
[2022-09-04T01:21:48.947+0000][1][safepoint    ] Safepoint "RevokeBias", Time since last: 3810166 ns, Reaching safepoint: 596292 ns, At safepoint: 226208 ns, Total: 822500 ns
[2022-09-04T01:21:49.195+0000][1][safepoint    ] Safepoint "RevokeBias", Time since last: 243991917 ns, Reaching safepoint: 4233584 ns, At safepoint: 455916 ns, Total: 4689500 ns
[2022-09-04T01:21:49.232+0000][1][safepoint    ] Safepoint "RevokeBias", Time since last: 29592750 ns, Reaching safepoint: 4493625 ns, At safepoint: 1990125 ns, Total: 6483750 ns
[2022-09-04T01:21:49.246+0000][1][safepoint    ] Safepoint "RevokeBias", Time since last: 8741167 ns, Reaching safepoint: 3265375 ns, At safepoint: 1901083 ns, Total: 5166458 ns
[2022-09-04T01:21:49.507+0000][1][safepoint    ] Safepoint "RevokeBias", Time since last: 259128834 ns, Reaching safepoint: 1615625 ns, At safepoint: 376916 ns, Total: 1992541 ns
[2022-09-04T01:21:49.808+0000][1][safepoint    ] Safepoint "RevokeBias", Time since last: 299131292 ns, Reaching safepoint: 1870750 ns, At safepoint: 165000 ns, Total: 2035750 ns
[2022-09-04T01:21:50.054+0000][1][safepoint    ] Safepoint "RevokeBias", Time since last: 244888625 ns, Reaching safepoint: 1729292 ns, At safepoint: 150708 ns, Total: 1880000 ns
[2022-09-04T01:21:50.217+0000][1][safepoint    ] Safepoint "RevokeBias", Time since last: 158818667 ns, Reaching safepoint: 2691458 ns, At safepoint: 503834 ns, Total: 3195292 ns
[2022-09-04T01:21:50.533+0000][1][safepoint    ] Safepoint "RevokeBias", Time since last: 315441958 ns, Reaching safepoint: 682084 ns, At safepoint: 123500 ns, Total: 805584 ns
[2022-09-04T01:21:50.537+0000][1][safepoint    ] Safepoint "RevokeBias", Time since last: 2133875 ns, Reaching safepoint: 1737375 ns, At safepoint: 690333 ns, Total: 2427708 ns
[2022-09-04T01:21:50.540+0000][1][safepoint    ] Safepoint "RevokeBias", Time since last: 1864792 ns, Reaching safepoint: 431708 ns, At safepoint: 246583 ns, Total: 678291 ns
[2022-09-04T01:21:51.549+0000][1][safepoint    ] Safepoint "Cleanup", Time since last: 1005714709 ns, Reaching safepoint: 3548375 ns, At safepoint: 83458 ns, Total: 3631833 ns
[2022-09-04T01:21:51.969+0000][1][safepoint    ] Safepoint "RevokeBias", Time since last: 417416542 ns, Reaching safepoint: 2409833 ns, At safepoint: 300042 ns, Total: 2709875 ns
[2022-09-04T01:21:52.976+0000][1][safepoint    ] Safepoint "Cleanup", Time since last: 1004827833 ns, Reaching safepoint: 2138834 ns, At safepoint: 150916 ns, Total: 2289750 ns
[2022-09-04T01:21:53.985+0000][1][safepoint    ] Safepoint "Cleanup", Time since last: 1006484626 ns, Reaching safepoint: 2505667 ns, At safepoint: 246250 ns, Total: 2751917 ns
[2022-09-04T01:21:54.991+0000][1][safepoint    ] Safepoint "Cleanup", Time since last: 1005384625 ns, Reaching safepoint: 660083 ns, At safepoint: 25709 ns, Total: 685792 ns
[2022-09-04T01:21:55.996+0000][1][safepoint    ] Safepoint "Cleanup", Time since last: 1001820000 ns, Reaching safepoint: 2318792 ns, At safepoint: 104500 ns, Total: 2423292 ns
[2022-09-04T01:21:57.000+0000][1][safepoint    ] Safepoint "Cleanup", Time since last: 1002906875 ns, Reaching safepoint: 899959 ns, At safepoint: 22666 ns, Total: 922625 ns
[2022-09-04T01:21:58.003+0000][1][safepoint    ] Safepoint "Cleanup", Time since last: 1001928834 ns, Reaching safepoint: 1590417 ns, At safepoint: 44791 ns, Total: 1635208 ns
[2022-09-04T01:21:59.010+0000][1][safepoint    ] Safepoint "Cleanup", Time since last: 1004358876 ns, Reaching safepoint: 2374792 ns, At safepoint: 74375 ns, Total: 2449167 ns
[2022-09-04T01:22:00.019+0000][1][safepoint    ] Safepoint "Cleanup", Time since last: 1006366417 ns, Reaching safepoint: 2918541 ns, At safepoint: 85875 ns, Total: 3004416 ns
[2022-09-04T01:22:01.030+0000][1][safepoint    ] Safepoint "Cleanup", Time since last: 1008853668 ns, Reaching safepoint: 2106958 ns, At safepoint: 61500 ns, Total: 2168458 ns
[2022-09-04T01:22:02.038+0000][1][safepoint    ] Safepoint "Cleanup", Time since last: 1006644125 ns, Reaching safepoint: 1267084 ns, At safepoint: 44833 ns, Total: 1311917 ns
[2022-09-04T01:22:03.048+0000][1][safepoint    ] Safepoint "Cleanup", Time since last: 1006344417 ns, Reaching safepoint: 2841000 ns, At safepoint: 88709 ns, Total: 2929709 ns
[2022-09-04T01:22:03.728+0000][1][safepoint    ] Safepoint "RevokeBias", Time since last: 676991708 ns, Reaching safepoint: 2809209 ns, At safepoint: 446958 ns, Total: 3256167 ns
[2022-09-04T01:22:04.768+0000][1][safepoint    ] Safepoint "Cleanup", Time since last: 1039108584 ns, Reaching safepoint: 1236291 ns, At safepoint: 51417 ns, Total: 1287708 ns
[2022-09-04T01:22:05.774+0000][1][safepoint    ] Safepoint "Cleanup", Time since last: 1003044001 ns, Reaching safepoint: 2511166 ns, At safepoint: 69709 ns, Total: 2580875 ns
[2022-09-04T01:22:06.782+0000][1][safepoint    ] Safepoint "Cleanup", Time since last: 1005919958 ns, Reaching safepoint: 2138292 ns, At safepoint: 61458 ns, Total: 2199750 ns
[2022-09-04T01:22:07.788+0000][1][safepoint    ] Safepoint "Cleanup", Time since last: 1005041334 ns, Reaching safepoint: 989708 ns, At safepoint: 28584 ns, Total: 1018292 ns
[2022-09-04T01:22:08.794+0000][1][safepoint    ] Safepoint "Cleanup", Time since last: 1002986042 ns, Reaching safepoint: 2883375 ns, At safepoint: 92292 ns, Total: 2975667 ns
[2022-09-04T01:22:09.800+0000][1][safepoint    ] Safepoint "Cleanup", Time since last: 1005428292 ns, Reaching safepoint: 671916 ns, At safepoint: 24709 ns, Total: 696625 ns
[2022-09-04T01:22:10.803+0000][1][safepoint    ] Safepoint "Cleanup", Time since last: 1001680417 ns, Reaching safepoint: 1103375 ns, At safepoint: 33917 ns, Total: 1137292 ns
[2022-09-04T01:22:11.807+0000][1][safepoint    ] Safepoint "Cleanup", Time since last: 1003510250 ns, Reaching safepoint: 861458 ns, At safepoint: 27542 ns, Total: 889000 ns
[2022-09-04T01:22:12.812+0000][1][safepoint    ] Safepoint "Cleanup", Time since last: 1002645876 ns, Reaching safepoint: 2252833 ns, At safepoint: 74583 ns, Total: 2327416 ns
[2022-09-04T01:22:13.817+0000][1][safepoint    ] Safepoint "Cleanup", Time since last: 1003470126 ns, Reaching safepoint: 1131500 ns, At safepoint: 37208 ns, Total: 1168708 ns
[2022-09-04T01:22:14.820+0000][1][safepoint    ] Safepoint "Cleanup", Time since last: 1002424417 ns, Reaching safepoint: 936459 ns, At safepoint: 28875 ns, Total: 965334 ns
[2022-09-04T01:22:15.823+0000][1][safepoint    ] Safepoint "Cleanup", Time since last: 1001808292 ns, Reaching safepoint: 1124958 ns, At safepoint: 35167 ns, Total: 1160125 ns
[2022-09-04T01:22:16.831+0000][1][safepoint    ] Safepoint "Cleanup", Time since last: 1006314167 ns, Reaching safepoint: 1023083 ns, At safepoint: 34833 ns, Total: 1057916 ns
[2022-09-04T01:22:17.835+0000][1][safepoint    ] Safepoint "Cleanup", Time since last: 1002947959 ns, Reaching safepoint: 985750 ns, At safepoint: 34417 ns, Total: 1020167 ns
[2022-09-04T01:22:18.840+0000][1][safepoint    ] Safepoint "Cleanup", Time since last: 1002934417 ns, Reaching safepoint: 2013375 ns, At safepoint: 106750 ns, Total: 2120125 ns
[2022-09-04T01:22:19.532+0000][1][safepoint    ] Safepoint "RevokeBias", Time since last: 691651209 ns, Reaching safepoint: 723541 ns, At safepoint: 197625 ns, Total: 921166 ns
[2022-09-04T01:22:19.537+0000][1][safepoint    ] Safepoint "RevokeBias", Time since last: 4595584 ns, Reaching safepoint: 406541 ns, At safepoint: 279792 ns, Total: 686333 ns
[2022-09-04T01:22:19.540+0000][1][safepoint    ] Safepoint "RevokeBias", Time since last: 1788125 ns, Reaching safepoint: 587458 ns, At safepoint: 178917 ns, Total: 766375 ns
[2022-09-04T01:22:20.543+0000][1][safepoint    ] Safepoint "Cleanup", Time since last: 1001048126 ns, Reaching safepoint: 1872958 ns, At safepoint: 53833 ns, Total: 1926791 ns
[2022-09-04T01:22:21.548+0000][1][safepoint    ] Safepoint "Cleanup", Time since last: 1004032209 ns, Reaching safepoint: 983750 ns, At safepoint: 33167 ns, Total: 1016917 ns
[2022-09-04T01:22:22.551+0000][1][safepoint    ] Safepoint "Cleanup", Time since last: 1002693999 ns, Reaching safepoint: 904000 ns, At safepoint: 28542 ns, Total: 932542 ns
[2022-09-04T01:22:23.556+0000][1][safepoint    ] Safepoint "Cleanup", Time since last: 1003156959 ns, Reaching safepoint: 1133875 ns, At safepoint: 37458 ns, Total: 1171333 ns
[2022-09-04T01:22:24.559+0000][1][safepoint    ] Safepoint "Cleanup", Time since last: 1002551042 ns, Reaching safepoint: 709500 ns, At safepoint: 23792 ns, Total: 733292 ns
[2022-09-04T01:22:25.562+0000][1][safepoint    ] Safepoint "Cleanup", Time since last: 1001636167 ns, Reaching safepoint: 1196042 ns, At safepoint: 62958 ns, Total: 1259000 ns
[2022-09-04T01:22:26.567+0000][1][safepoint    ] Safepoint "Cleanup", Time since last: 1002444750 ns, Reaching safepoint: 2630292 ns, At safepoint: 199625 ns, Total: 2829917 ns
[2022-09-04T01:22:27.576+0000][1][safepoint    ] Safepoint "Cleanup", Time since last: 1005927501 ns, Reaching safepoint: 2901375 ns, At safepoint: 134625 ns, Total: 3036000 ns
[2022-09-04T01:22:28.585+0000][1][safepoint    ] Safepoint "Cleanup", Time since last: 1005846792 ns, Reaching safepoint: 2817083 ns, At safepoint: 105833 ns, Total: 2922916 ns
[2022-09-04T01:22:29.591+0000][1][safepoint    ] Safepoint "Cleanup", Time since last: 1004024626 ns, Reaching safepoint: 1607083 ns, At safepoint: 50709 ns, Total: 1657792 ns
[2022-09-04T01:22:30.597+0000][1][safepoint    ] Safepoint "Cleanup", Time since last: 1003581542 ns, Reaching safepoint: 3110250 ns, At safepoint: 87583 ns, Total: 3197833 ns
[2022-09-04T01:22:31.606+0000][1][safepoint    ] Safepoint "Cleanup", Time since last: 1005813251 ns, Reaching safepoint: 2951250 ns, At safepoint: 87291 ns, Total: 3038541 ns
[2022-09-04T01:22:32.617+0000][1][safepoint    ] Safepoint "Cleanup", Time since last: 1007536667 ns, Reaching safepoint: 3587292 ns, At safepoint: 93667 ns, Total: 3680959 ns
[2022-09-04T01:22:33.625+0000][1][safepoint    ] Safepoint "Cleanup", Time since last: 1004740333 ns, Reaching safepoint: 3006334 ns, At safepoint: 66083 ns, Total: 3072417 ns
[2022-09-04T01:22:34.785+0000][1][safepoint    ] Safepoint "Cleanup", Time since last: 1159384042 ns, Reaching safepoint: 688459 ns, At safepoint: 21708 ns, Total: 710167 ns
[2022-09-04T01:22:35.789+0000][1][safepoint    ] Safepoint "Cleanup", Time since last: 1002830917 ns, Reaching safepoint: 656750 ns, At safepoint: 20500 ns, Total: 677250 ns
[2022-09-04T01:22:36.793+0000][1][safepoint    ] Safepoint "Cleanup", Time since last: 1002710209 ns, Reaching safepoint: 1606708 ns, At safepoint: 57875 ns, Total: 1664583 ns
[2022-09-04T01:22:37.801+0000][1][safepoint    ] Safepoint "Cleanup", Time since last: 1007359417 ns, Reaching safepoint: 775584 ns, At safepoint: 23958 ns, Total: 799542 ns
[2022-09-04T01:22:38.807+0000][1][safepoint    ] Safepoint "Cleanup", Time since last: 1004166084 ns, Reaching safepoint: 940458 ns, At safepoint: 28292 ns, Total: 968750 ns
[2022-09-04T01:22:39.810+0000][1][safepoint    ] Safepoint "Cleanup", Time since last: 1002782625 ns, Reaching safepoint: 708334 ns, At safepoint: 62958 ns, Total: 771292 ns
[2022-09-04T01:22:40.813+0000][1][safepoint    ] Safepoint "Cleanup", Time since last: 1001577417 ns, Reaching safepoint: 998834 ns, At safepoint: 30583 ns, Total: 1029417 ns
[2022-09-04T01:22:41.816+0000][1][safepoint    ] Safepoint "Cleanup", Time since last: 1002389792 ns, Reaching safepoint: 1124833 ns, At safepoint: 33709 ns, Total: 1158542 ns
[2022-09-04T01:22:42.820+0000][1][safepoint    ] Safepoint "Cleanup", Time since last: 1002704375 ns, Reaching safepoint: 1170375 ns, At safepoint: 33250 ns, Total: 1203625 ns
[2022-09-04T01:22:43.824+0000][1][safepoint    ] Safepoint "Cleanup", Time since last: 1003089917 ns, Reaching safepoint: 693750 ns, At safepoint: 26042 ns, Total: 719792 ns
[2022-09-04T01:22:44.829+0000][1][safepoint    ] Safepoint "Cleanup", Time since last: 1003991876 ns, Reaching safepoint: 722208 ns, At safepoint: 22292 ns, Total: 744500 ns
[2022-09-04T01:22:45.831+0000][1][safepoint    ] Safepoint "Cleanup", Time since last: 1001543333 ns, Reaching safepoint: 640375 ns, At safepoint: 22209 ns, Total: 662584 ns
[2022-09-04T01:22:46.834+0000][1][safepoint    ] Safepoint "Cleanup", Time since last: 1002550167 ns, Reaching safepoint: 914750 ns, At safepoint: 25833 ns, Total: 940583 ns
[2022-09-04T01:22:47.837+0000][1][safepoint    ] Safepoint "Cleanup", Time since last: 1001911251 ns, Reaching safepoint: 873041 ns, At safepoint: 28959 ns, Total: 902000 ns
[2022-09-04T01:22:48.841+0000][1][safepoint    ] Safepoint "Cleanup", Time since last: 1002380042 ns, Reaching safepoint: 1333041 ns, At safepoint: 40834 ns, Total: 1373875 ns
[2022-09-04T01:22:49.845+0000][1][safepoint    ] Safepoint "Cleanup", Time since last: 1002895250 ns, Reaching safepoint: 718834 ns, At safepoint: 30250 ns, Total: 749084 ns
[2022-09-04T01:22:50.848+0000][1][safepoint    ] Safepoint "Cleanup", Time since last: 1001998750 ns, Reaching safepoint: 1201833 ns, At safepoint: 39584 ns, Total: 1241417 ns
[2022-09-04T01:22:51.854+0000][1][safepoint    ] Safepoint "Cleanup", Time since last: 1004476542 ns, Reaching safepoint: 1359125 ns, At safepoint: 114166 ns, Total: 1473291 ns
[2022-09-04T01:22:52.859+0000][1][safepoint    ] Safepoint "Cleanup", Time since last: 1003748542 ns, Reaching safepoint: 1589292 ns, At safepoint: 42083 ns, Total: 1631375 ns
[2022-09-04T01:22:53.865+0000][1][safepoint    ] Safepoint "Cleanup", Time since last: 1005215168 ns, Reaching safepoint: 1032000 ns, At safepoint: 33375 ns, Total: 1065375 ns
[2022-09-04T01:22:54.870+0000][1][safepoint    ] Safepoint "Cleanup", Time since last: 1004048917 ns, Reaching safepoint: 797000 ns, At safepoint: 24791 ns, Total: 821791 ns
[2022-09-04T01:22:55.874+0000][1][safepoint    ] Safepoint "Cleanup", Time since last: 1001817792 ns, Reaching safepoint: 1432084 ns, At safepoint: 60833 ns, Total: 1492917 ns
[2022-09-04T01:22:56.880+0000][1][safepoint    ] Safepoint "Cleanup", Time since last: 1005329209 ns, Reaching safepoint: 1346500 ns, At safepoint: 40958 ns, Total: 1387458 ns
[2022-09-04T01:22:57.293+0000][1][gc,start     ] GC(21) Pause Young (Allocation Failure)
[2022-09-04T01:22:57.297+0000][1][gc,task      ] GC(21) Using 4 workers of 4 for evacuation
[2022-09-04T01:22:57.347+0000][1][gc,age       ] GC(21) Desired survivor size 8945664 bytes, new threshold 6 (max threshold 6)
[2022-09-04T01:22:57.348+0000][1][gc,age       ] GC(21) Age table with threshold 6 (max threshold 6)
[2022-09-04T01:22:57.349+0000][1][gc,age       ] GC(21) - age   1:     250712 bytes,     250712 total
[2022-09-04T01:22:57.351+0000][1][gc,age       ] GC(21) - age   2:     225248 bytes,     475960 total
[2022-09-04T01:22:57.353+0000][1][gc,age       ] GC(21) - age   3:      91520 bytes,     567480 total
[2022-09-04T01:22:57.354+0000][1][gc,age       ] GC(21) - age   4:    2480552 bytes,    3048032 total
[2022-09-04T01:22:57.355+0000][1][gc,age       ] GC(21) - age   5:     102688 bytes,    3150720 total
[2022-09-04T01:22:57.356+0000][1][gc,age       ] GC(21) - age   6:    2396800 bytes,    5547520 total
[2022-09-04T01:22:57.359+0000][1][gc,heap      ] GC(21) ParNew: 147389K->6648K(157248K)
[2022-09-04T01:22:57.360+0000][1][gc,heap      ] GC(21) CMS: 60645K->60645K(349568K)
[2022-09-04T01:22:57.361+0000][1][gc,metaspace ] GC(21) Metaspace: 82107K->82107K(1124352K)
[2022-09-04T01:22:57.364+0000][1][gc           ] GC(21) Pause Young (Allocation Failure) 203M->65M(494M) 70.946ms
[2022-09-04T01:22:57.365+0000][1][gc,cpu       ] GC(21) User=0.13s Sys=0.02s Real=0.07s
[2022-09-04T01:22:57.367+0000][1][safepoint    ] Safepoint "GenCollectForAllocation", Time since last: 410944500 ns, Reaching safepoint: 986750 ns, At safepoint: 74597876 ns, Total: 75584626 ns
[2022-09-04T01:22:58.372+0000][1][safepoint    ] Safepoint "Cleanup", Time since last: 1002338792 ns, Reaching safepoint: 2533250 ns, At safepoint: 63458 ns, Total: 2596708 ns
[2022-09-04T01:22:59.376+0000][1][safepoint    ] Safepoint "Cleanup", Time since last: 1003189459 ns, Reaching safepoint: 714208 ns, At safepoint: 28292 ns, Total: 742500 ns
[2022-09-04T01:23:00.381+0000][1][safepoint    ] Safepoint "Cleanup", Time since last: 1004025209 ns, Reaching safepoint: 1055125 ns, At safepoint: 31708 ns, Total: 1086833 ns
[2022-09-04T01:23:01.385+0000][1][safepoint    ] Safepoint "Cleanup", Time since last: 1002646792 ns, Reaching safepoint: 1654958 ns, At safepoint: 75542 ns, Total: 1730500 ns
[2022-09-04T01:23:02.394+0000][1][safepoint    ] Safepoint "Cleanup", Time since last: 1004782584 ns, Reaching safepoint: 3728833 ns, At safepoint: 207375 ns, Total: 3936208 ns
[2022-09-04T01:23:03.406+0000][1][safepoint    ] Safepoint "Cleanup", Time since last: 1008685834 ns, Reaching safepoint: 3105167 ns, At safepoint: 92000 ns, Total: 3197167 ns
[2022-09-04T01:23:04.416+0000][1][safepoint    ] Safepoint "Cleanup", Time since last: 1009501750 ns, Reaching safepoint: 1152959 ns, At safepoint: 35625 ns, Total: 1188584 ns
[2022-09-04T01:23:05.422+0000][1][safepoint    ] Safepoint "Cleanup", Time since last: 1002922167 ns, Reaching safepoint: 2736625 ns, At safepoint: 71541 ns, Total: 2808166 ns
[2022-09-04T01:23:06.428+0000][1][safepoint    ] Safepoint "Cleanup", Time since last: 1004857334 ns, Reaching safepoint: 1398125 ns, At safepoint: 50417 ns, Total: 1448542 ns
[2022-09-04T01:23:07.435+0000][1][safepoint    ] Safepoint "Cleanup", Time since last: 1003815292 ns, Reaching safepoint: 2267583 ns, At safepoint: 63750 ns, Total: 2331333 ns
[2022-09-04T01:23:08.441+0000][1][safepoint    ] Safepoint "Cleanup", Time since last: 1003803501 ns, Reaching safepoint: 2710750 ns, At safepoint: 82416 ns, Total: 2793166 ns
[2022-09-04T01:23:09.449+0000][1][safepoint    ] Safepoint "Cleanup", Time since last: 1007417334 ns, Reaching safepoint: 794917 ns, At safepoint: 40417 ns, Total: 835334 ns
[2022-09-04T01:23:10.453+0000][1][safepoint    ] Safepoint "Cleanup", Time since last: 1002148875 ns, Reaching safepoint: 1259750 ns, At safepoint: 117292 ns, Total: 1377042 ns
[2022-09-04T01:23:11.457+0000][1][safepoint    ] Safepoint "Cleanup", Time since last: 1003435334 ns, Reaching safepoint: 950041 ns, At safepoint: 29709 ns, Total: 979750 ns
[2022-09-04T01:23:12.461+0000][1][safepoint    ] Safepoint "Cleanup", Time since last: 1002530208 ns, Reaching safepoint: 808167 ns, At safepoint: 24125 ns, Total: 832292 ns
[2022-09-04T01:23:13.465+0000][1][safepoint    ] Safepoint "Cleanup", Time since last: 1002515792 ns, Reaching safepoint: 2010792 ns, At safepoint: 70000 ns, Total: 2080792 ns
[2022-09-04T01:23:14.471+0000][1][safepoint    ] Safepoint "Cleanup", Time since last: 1003743584 ns, Reaching safepoint: 2006458 ns, At safepoint: 63667 ns, Total: 2070125 ns
[2022-09-04T01:23:15.476+0000][1][safepoint    ] Safepoint "Cleanup", Time since last: 1003688542 ns, Reaching safepoint: 819500 ns, At safepoint: 32291 ns, Total: 851791 ns
[2022-09-04T01:23:16.484+0000][1][safepoint    ] Safepoint "Cleanup", Time since last: 1006134834 ns, Reaching safepoint: 2171417 ns, At safepoint: 140333 ns, Total: 2311750 ns
[2022-09-04T01:23:17.492+0000][1][safepoint    ] Safepoint "Cleanup", Time since last: 1006806459 ns, Reaching safepoint: 763500 ns, At safepoint: 28667 ns, Total: 792167 ns
[2022-09-04T01:23:18.497+0000][1][safepoint    ] Safepoint "Cleanup", Time since last: 1002104000 ns, Reaching safepoint: 3179875 ns, At safepoint: 89542 ns, Total: 3269417 ns
[2022-09-04T01:23:19.503+0000][1][safepoint    ] Safepoint "Cleanup", Time since last: 1005508542 ns, Reaching safepoint: 641875 ns, At safepoint: 24083 ns, Total: 665958 ns
[2022-09-04T01:23:20.508+0000][1][safepoint    ] Safepoint "Cleanup", Time since last: 1002245251 ns, Reaching safepoint: 2596958 ns, At safepoint: 65417 ns, Total: 2662375 ns
[2022-09-04T01:23:21.515+0000][1][safepoint    ] Safepoint "Cleanup", Time since last: 1005116875 ns, Reaching safepoint: 1980375 ns, At safepoint: 58000 ns, Total: 2038375 ns
[2022-09-04T01:23:22.520+0000][1][safepoint    ] Safepoint "Cleanup", Time since last: 1004748500 ns, Reaching safepoint: 585417 ns, At safepoint: 20750 ns, Total: 606167 ns
[2022-09-04T01:23:23.523+0000][1][safepoint    ] Safepoint "Cleanup", Time since last: 1001577083 ns, Reaching safepoint: 823667 ns, At safepoint: 29458 ns, Total: 853125 ns
[2022-09-04T01:23:24.525+0000][1][safepoint    ] Safepoint "Cleanup", Time since last: 1001921167 ns, Reaching safepoint: 642000 ns, At safepoint: 24042 ns, Total: 666042 ns
[2022-09-04T01:23:25.529+0000][1][safepoint    ] Safepoint "Cleanup", Time since last: 1001903334 ns, Reaching safepoint: 2064167 ns, At safepoint: 58333 ns, Total: 2122500 ns
[2022-09-04T01:23:26.539+0000][1][safepoint    ] Safepoint "Cleanup", Time since last: 1006052417 ns, Reaching safepoint: 3716792 ns, At safepoint: 300625 ns, Total: 4017417 ns
[2022-09-04T01:23:27.544+0000][1][safepoint    ] Safepoint "Cleanup", Time since last: 1003861792 ns, Reaching safepoint: 850042 ns, At safepoint: 28791 ns, Total: 878833 ns
[2022-09-04T01:23:28.549+0000][1][safepoint    ] Safepoint "Cleanup", Time since last: 1002922626 ns, Reaching safepoint: 1946583 ns, At safepoint: 63958 ns, Total: 2010541 ns
[2022-09-04T01:23:29.555+0000][1][safepoint    ] Safepoint "Cleanup", Time since last: 1004859459 ns, Reaching safepoint: 1531834 ns, At safepoint: 129500 ns, Total: 1661334 ns
[2022-09-04T01:23:30.562+0000][1][safepoint    ] Safepoint "Cleanup", Time since last: 1004048167 ns, Reaching safepoint: 2163041 ns, At safepoint: 68917 ns, Total: 2231958 ns
[2022-09-04T01:23:31.571+0000][1][safepoint    ] Safepoint "Cleanup", Time since last: 1005506917 ns, Reaching safepoint: 3029459 ns, At safepoint: 168958 ns, Total: 3198417 ns
[2022-09-04T01:23:32.577+0000][1][safepoint    ] Safepoint "Cleanup", Time since last: 1005137000 ns, Reaching safepoint: 1239542 ns, At safepoint: 41042 ns, Total: 1280584 ns
[2022-09-04T01:23:33.585+0000][1][safepoint    ] Safepoint "Cleanup", Time since last: 1004777125 ns, Reaching safepoint: 2927083 ns, At safepoint: 97792 ns, Total: 3024875 ns
[2022-09-04T01:23:34.600+0000][1][safepoint    ] Safepoint "Cleanup", Time since last: 1014798501 ns, Reaching safepoint: 745458 ns, At safepoint: 21917 ns, Total: 767375 ns
[2022-09-04T01:23:35.603+0000][1][safepoint    ] Safepoint "Cleanup", Time since last: 1001655708 ns, Reaching safepoint: 815125 ns, At safepoint: 24834 ns, Total: 839959 ns
[2022-09-04T01:23:36.609+0000][1][safepoint    ] Safepoint "Cleanup", Time since last: 1002990334 ns, Reaching safepoint: 2500333 ns, At safepoint: 435583 ns, Total: 2935916 ns
[2022-09-04T01:23:37.616+0000][1][safepoint    ] Safepoint "Cleanup", Time since last: 1006356042 ns, Reaching safepoint: 731917 ns, At safepoint: 23833 ns, Total: 755750 ns
[2022-09-04T01:23:38.620+0000][1][safepoint    ] Safepoint "Cleanup", Time since last: 1003053543 ns, Reaching safepoint: 1499291 ns, At safepoint: 123459 ns, Total: 1622750 ns
[2022-09-04T01:23:39.627+0000][1][safepoint    ] Safepoint "Cleanup", Time since last: 1005710083 ns, Reaching safepoint: 741209 ns, At safepoint: 28458 ns, Total: 769667 ns
[2022-09-04T01:23:40.633+0000][1][safepoint    ] Safepoint "Cleanup", Time since last: 1004316125 ns, Reaching safepoint: 1353626 ns, At safepoint: 86083 ns, Total: 1439709 ns
[2022-09-04T01:23:41.640+0000][1][safepoint    ] Safepoint "Cleanup", Time since last: 1005978834 ns, Reaching safepoint: 942458 ns, At safepoint: 28833 ns, Total: 971291 ns
[2022-09-04T01:23:42.644+0000][1][safepoint    ] Safepoint "Cleanup", Time since last: 1002576667 ns, Reaching safepoint: 1299459 ns, At safepoint: 40875 ns, Total: 1340334 ns
[2022-09-04T01:23:43.651+0000][1][safepoint    ] Safepoint "Cleanup", Time since last: 1005459625 ns, Reaching safepoint: 1838250 ns, At safepoint: 63875 ns, Total: 1902125 ns
[2022-09-04T01:23:44.655+0000][1][safepoint    ] Safepoint "Cleanup", Time since last: 1002753542 ns, Reaching safepoint: 1213459 ns, At safepoint: 48125 ns, Total: 1261584 ns
[2022-09-04T01:23:45.658+0000][1][safepoint    ] Safepoint "Cleanup", Time since last: 1002258625 ns, Reaching safepoint: 693250 ns, At safepoint: 24250 ns, Total: 717500 ns
[2022-09-04T01:23:46.661+0000][1][safepoint    ] Safepoint "Cleanup", Time since last: 1002084667 ns, Reaching safepoint: 1083417 ns, At safepoint: 51875 ns, Total: 1135292 ns
[2022-09-04T01:23:47.666+0000][1][safepoint    ] Safepoint "Cleanup", Time since last: 1003503251 ns, Reaching safepoint: 1658000 ns, At safepoint: 39125 ns, Total: 1697125 ns
[2022-09-04T01:23:48.674+0000][1][safepoint    ] Safepoint "Cleanup", Time since last: 1005292458 ns, Reaching safepoint: 2437209 ns, At safepoint: 68208 ns, Total: 2505417 ns
[2022-09-04T01:23:49.680+0000][1][safepoint    ] Safepoint "Cleanup", Time since last: 1004767875 ns, Reaching safepoint: 694625 ns, At safepoint: 19625 ns, Total: 714250 ns
[2022-09-04T01:23:50.682+0000][1][safepoint    ] Safepoint "Cleanup", Time since last: 1001491876 ns, Reaching safepoint: 919208 ns, At safepoint: 27959 ns, Total: 947167 ns
[2022-09-04T01:23:51.688+0000][1][safepoint    ] Safepoint "Cleanup", Time since last: 1002936542 ns, Reaching safepoint: 2530208 ns, At safepoint: 68292 ns, Total: 2598500 ns
[2022-09-04T01:23:52.695+0000][1][safepoint    ] Safepoint "Cleanup", Time since last: 1006185042 ns, Reaching safepoint: 1211458 ns, At safepoint: 38167 ns, Total: 1249625 ns
[2022-09-04T01:23:53.699+0000][1][safepoint    ] Safepoint "Cleanup", Time since last: 1002504500 ns, Reaching safepoint: 1467958 ns, At safepoint: 63542 ns, Total: 1531500 ns
[2022-09-04T01:23:54.707+0000][1][safepoint    ] Safepoint "Cleanup", Time since last: 1004040959 ns, Reaching safepoint: 3578500 ns, At safepoint: 66500 ns, Total: 3645000 ns
[2022-09-04T01:23:55.712+0000][1][safepoint    ] Safepoint "Cleanup", Time since last: 1002747500 ns, Reaching safepoint: 2647042 ns, At safepoint: 78083 ns, Total: 2725125 ns
[2022-09-04T01:23:56.720+0000][1][safepoint    ] Safepoint "Cleanup", Time since last: 1004676459 ns, Reaching safepoint: 2969209 ns, At safepoint: 70416 ns, Total: 3039625 ns
[2022-09-04T01:23:57.727+0000][1][safepoint    ] Safepoint "Cleanup", Time since last: 1006115501 ns, Reaching safepoint: 1078666 ns, At safepoint: 34917 ns, Total: 1113583 ns
[2022-09-04T01:23:58.732+0000][1][safepoint    ] Safepoint "Cleanup", Time since last: 1002650042 ns, Reaching safepoint: 2296250 ns, At safepoint: 110125 ns, Total: 2406375 ns
[2022-09-04T01:23:59.739+0000][1][safepoint    ] Safepoint "Cleanup", Time since last: 1005337876 ns, Reaching safepoint: 1252666 ns, At safepoint: 43417 ns, Total: 1296083 ns
[2022-09-04T01:24:00.746+0000][1][safepoint    ] Safepoint "Cleanup", Time since last: 1004272375 ns, Reaching safepoint: 2842917 ns, At safepoint: 106875 ns, Total: 2949792 ns
[2022-09-04T01:24:01.756+0000][1][safepoint    ] Safepoint "Cleanup", Time since last: 1007663751 ns, Reaching safepoint: 2553041 ns, At safepoint: 83917 ns, Total: 2636958 ns
[2022-09-04T01:24:02.763+0000][1][safepoint    ] Safepoint "Cleanup", Time since last: 1005690750 ns, Reaching safepoint: 1146250 ns, At safepoint: 40375 ns, Total: 1186625 ns
[2022-09-04T01:24:03.768+0000][1][safepoint    ] Safepoint "Cleanup", Time since last: 1002459209 ns, Reaching safepoint: 1934250 ns, At safepoint: 73500 ns, Total: 2007750 ns
[2022-09-04T01:24:04.931+0000][1][safepoint    ] Safepoint "Cleanup", Time since last: 1162266626 ns, Reaching safepoint: 693583 ns, At safepoint: 23500 ns, Total: 717083 ns
[2022-09-04T01:24:05.934+0000][1][safepoint    ] Safepoint "Cleanup", Time since last: 1002027417 ns, Reaching safepoint: 1051959 ns, At safepoint: 32500 ns, Total: 1084459 ns
[2022-09-04T01:24:06.940+0000][1][safepoint    ] Safepoint "Cleanup", Time since last: 1004930250 ns, Reaching safepoint: 958958 ns, At safepoint: 28667 ns, Total: 987625 ns
[2022-09-04T01:24:07.945+0000][1][safepoint    ] Safepoint "Cleanup", Time since last: 1004401876 ns, Reaching safepoint: 1400250 ns, At safepoint: 43166 ns, Total: 1443416 ns
[2022-09-04T01:24:08.951+0000][1][safepoint    ] Safepoint "Cleanup", Time since last: 1003895126 ns, Reaching safepoint: 1423791 ns, At safepoint: 34667 ns, Total: 1458458 ns
[2022-09-04T01:24:09.955+0000][1][safepoint    ] Safepoint "Cleanup", Time since last: 1003606542 ns, Reaching safepoint: 728875 ns, At safepoint: 26500 ns, Total: 755375 ns
[2022-09-04T01:24:10.959+0000][1][safepoint    ] Safepoint "Cleanup", Time since last: 1002003792 ns, Reaching safepoint: 1301125 ns, At safepoint: 41417 ns, Total: 1342542 ns
[2022-09-04T01:24:11.963+0000][1][safepoint    ] Safepoint "Cleanup", Time since last: 1003002084 ns, Reaching safepoint: 1312750 ns, At safepoint: 42333 ns, Total: 1355083 ns
[2022-09-04T01:24:12.968+0000][1][safepoint    ] Safepoint "Cleanup", Time since last: 1003982751 ns, Reaching safepoint: 1293625 ns, At safepoint: 47500 ns, Total: 1341125 ns
[2022-09-04T01:24:13.972+0000][1][safepoint    ] Safepoint "Cleanup", Time since last: 1002991417 ns, Reaching safepoint: 1139958 ns, At safepoint: 33292 ns, Total: 1173250 ns
[2022-09-04T01:24:14.978+0000][1][safepoint    ] Safepoint "Cleanup", Time since last: 1005292250 ns, Reaching safepoint: 710542 ns, At safepoint: 22500 ns, Total: 733042 ns
[2022-09-04T01:24:15.985+0000][1][safepoint    ] Safepoint "Cleanup", Time since last: 1005723167 ns, Reaching safepoint: 1006500 ns, At safepoint: 34375 ns, Total: 1040875 ns
[2022-09-04T01:24:16.992+0000][1][safepoint    ] Safepoint "Cleanup", Time since last: 1005163667 ns, Reaching safepoint: 1487042 ns, At safepoint: 55292 ns, Total: 1542334 ns
[2022-09-04T01:24:17.998+0000][1][safepoint    ] Safepoint "Cleanup", Time since last: 1005031208 ns, Reaching safepoint: 740125 ns, At safepoint: 23125 ns, Total: 763250 ns
[2022-09-04T01:24:19.001+0000][1][safepoint    ] Safepoint "Cleanup", Time since last: 1001554292 ns, Reaching safepoint: 1252375 ns, At safepoint: 41209 ns, Total: 1293584 ns
[2022-09-04T01:24:20.623+0000][1][safepoint    ] Safepoint "Cleanup", Time since last: 1618853167 ns, Reaching safepoint: 3345000 ns, At safepoint: 109667 ns, Total: 3454667 ns
[2022-09-04T01:24:21.633+0000][1][safepoint    ] Safepoint "Cleanup", Time since last: 1007287834 ns, Reaching safepoint: 2626375 ns, At safepoint: 83041 ns, Total: 2709416 ns
[2022-09-04T01:24:22.641+0000][1][safepoint    ] Safepoint "Cleanup", Time since last: 1007088292 ns, Reaching safepoint: 1542125 ns, At safepoint: 70333 ns, Total: 1612458 ns
[2022-09-04T01:24:23.646+0000][1][safepoint    ] Safepoint "Cleanup", Time since last: 1003431500 ns, Reaching safepoint: 1013334 ns, At safepoint: 44208 ns, Total: 1057542 ns
[2022-09-04T01:24:24.650+0000][1][safepoint    ] Safepoint "Cleanup", Time since last: 1001905417 ns, Reaching safepoint: 2035250 ns, At safepoint: 64542 ns, Total: 2099792 ns
[2022-09-04T01:24:25.654+0000][1][safepoint    ] Safepoint "Cleanup", Time since last: 1003370500 ns, Reaching safepoint: 1216792 ns, At safepoint: 54292 ns, Total: 1271084 ns
[2022-09-04T01:24:26.661+0000][1][safepoint    ] Safepoint "Cleanup", Time since last: 1003083042 ns, Reaching safepoint: 3107250 ns, At safepoint: 119292 ns, Total: 3226542 ns
[2022-09-04T01:24:27.670+0000][1][safepoint    ] Safepoint "Cleanup", Time since last: 1008466667 ns, Reaching safepoint: 1185833 ns, At safepoint: 38167 ns, Total: 1224000 ns
[2022-09-04T01:24:28.691+0000][1][safepoint    ] Safepoint "Cleanup", Time since last: 1018757875 ns, Reaching safepoint: 1500250 ns, At safepoint: 56875 ns, Total: 1557125 ns
[2022-09-04T01:24:29.696+0000][1][safepoint    ] Safepoint "Cleanup", Time since last: 1002785584 ns, Reaching safepoint: 2417375 ns, At safepoint: 82833 ns, Total: 2500208 ns
[2022-09-04T01:24:30.703+0000][1][safepoint    ] Safepoint "Cleanup", Time since last: 1004143501 ns, Reaching safepoint: 3050541 ns, At safepoint: 96334 ns, Total: 3146875 ns
[2022-09-04T01:24:31.719+0000][1][safepoint    ] Safepoint "Cleanup", Time since last: 1013169625 ns, Reaching safepoint: 2814959 ns, At safepoint: 88416 ns, Total: 2903375 ns
[2022-09-04T01:24:32.725+0000][1][safepoint    ] Safepoint "Cleanup", Time since last: 1004411042 ns, Reaching safepoint: 1397084 ns, At safepoint: 48166 ns, Total: 1445250 ns
[2022-09-04T01:24:33.733+0000][1][safepoint    ] Safepoint "Cleanup", Time since last: 1005337543 ns, Reaching safepoint: 2430250 ns, At safepoint: 106541 ns, Total: 2536791 ns
[2022-09-04T01:24:34.739+0000][1][safepoint    ] Safepoint "Cleanup", Time since last: 1005005167 ns, Reaching safepoint: 1315334 ns, At safepoint: 33541 ns, Total: 1348875 ns
[2022-09-04T01:24:35.743+0000][1][safepoint    ] Safepoint "Cleanup", Time since last: 1003255501 ns, Reaching safepoint: 826417 ns, At safepoint: 25416 ns, Total: 851833 ns
[2022-09-04T01:24:36.747+0000][1][safepoint    ] Safepoint "Cleanup", Time since last: 1002137667 ns, Reaching safepoint: 1394709 ns, At safepoint: 49541 ns, Total: 1444250 ns
[2022-09-04T01:24:37.750+0000][1][safepoint    ] Safepoint "Cleanup", Time since last: 1002411042 ns, Reaching safepoint: 705750 ns, At safepoint: 40000 ns, Total: 745750 ns
[2022-09-04T01:24:38.756+0000][1][safepoint    ] Safepoint "Cleanup", Time since last: 1002991543 ns, Reaching safepoint: 2180458 ns, At safepoint: 111542 ns, Total: 2292000 ns
[2022-09-04T01:24:39.761+0000][1][safepoint    ] Safepoint "Cleanup", Time since last: 1004337667 ns, Reaching safepoint: 925625 ns, At safepoint: 29125 ns, Total: 954750 ns
[2022-09-04T01:24:40.768+0000][1][safepoint    ] Safepoint "Cleanup", Time since last: 1003698917 ns, Reaching safepoint: 2854208 ns, At safepoint: 86000 ns, Total: 2940208 ns
[2022-09-04T01:24:41.776+0000][1][safepoint    ] Safepoint "Cleanup", Time since last: 1007431251 ns, Reaching safepoint: 749291 ns, At safepoint: 25334 ns, Total: 774625 ns
[2022-09-04T01:24:42.781+0000][1][safepoint    ] Safepoint "Cleanup", Time since last: 1002833959 ns, Reaching safepoint: 2414833 ns, At safepoint: 125125 ns, Total: 2539958 ns
[2022-09-04T01:24:43.787+0000][1][safepoint    ] Safepoint "Cleanup", Time since last: 1004798167 ns, Reaching safepoint: 1039750 ns, At safepoint: 35375 ns, Total: 1075125 ns
[2022-09-04T01:24:44.792+0000][1][safepoint    ] Safepoint "Cleanup", Time since last: 1003730250 ns, Reaching safepoint: 1478500 ns, At safepoint: 51334 ns, Total: 1529834 ns
[2022-09-04T01:24:45.797+0000][1][safepoint    ] Safepoint "Cleanup", Time since last: 1003943375 ns, Reaching safepoint: 888709 ns, At safepoint: 28333 ns, Total: 917042 ns
[2022-09-04T01:24:46.800+0000][1][safepoint    ] Safepoint "Cleanup", Time since last: 1001870875 ns, Reaching safepoint: 735834 ns, At safepoint: 24625 ns, Total: 760459 ns
[2022-09-04T01:24:47.803+0000][1][safepoint    ] Safepoint "Cleanup", Time since last: 1002414625 ns, Reaching safepoint: 616375 ns, At safepoint: 24250 ns, Total: 640625 ns
[2022-09-04T01:24:48.806+0000][1][safepoint    ] Safepoint "Cleanup", Time since last: 1001694959 ns, Reaching safepoint: 1112833 ns, At safepoint: 45209 ns, Total: 1158042 ns
[2022-09-04T01:24:50.609+0000][1][safepoint    ] Safepoint "Cleanup", Time since last: 1800283876 ns, Reaching safepoint: 2722416 ns, At safepoint: 71250 ns, Total: 2793666 ns
[2022-09-04T01:24:51.620+0000][1][safepoint    ] Safepoint "Cleanup", Time since last: 1007859417 ns, Reaching safepoint: 3091792 ns, At safepoint: 107000 ns, Total: 3198792 ns
[2022-09-04T01:24:52.629+0000][1][safepoint    ] Safepoint "Cleanup", Time since last: 1006703834 ns, Reaching safepoint: 2912791 ns, At safepoint: 88542 ns, Total: 3001333 ns
[2022-09-04T01:24:53.637+0000][1][safepoint    ] Safepoint "Cleanup", Time since last: 1005118750 ns, Reaching safepoint: 2322959 ns, At safepoint: 105041 ns, Total: 2428000 ns
[2022-09-04T01:24:54.642+0000][1][safepoint    ] Safepoint "Cleanup", Time since last: 1004191043 ns, Reaching safepoint: 867291 ns, At safepoint: 25834 ns, Total: 893125 ns
[2022-09-04T01:24:55.645+0000][1][safepoint    ] Safepoint "Cleanup", Time since last: 1002326250 ns, Reaching safepoint: 981500 ns, At safepoint: 30833 ns, Total: 1012333 ns
[2022-09-04T01:24:56.651+0000][1][safepoint    ] Safepoint "Cleanup", Time since last: 1002948167 ns, Reaching safepoint: 3115334 ns, At safepoint: 90000 ns, Total: 3205334 ns
[2022-09-04T01:24:57.659+0000][1][safepoint    ] Safepoint "Cleanup", Time since last: 1006193917 ns, Reaching safepoint: 1270958 ns, At safepoint: 39125 ns, Total: 1310083 ns
[2022-09-04T01:24:58.666+0000][1][safepoint    ] Safepoint "Cleanup", Time since last: 1003624876 ns, Reaching safepoint: 3037333 ns, At safepoint: 110958 ns, Total: 3148291 ns
[2022-09-04T01:24:59.674+0000][1][safepoint    ] Safepoint "Cleanup", Time since last: 1007085834 ns, Reaching safepoint: 1225584 ns, At safepoint: 36458 ns, Total: 1262042 ns
[2022-09-04T01:25:00.683+0000][1][safepoint    ] Safepoint "Cleanup", Time since last: 1006194959 ns, Reaching safepoint: 3045208 ns, At safepoint: 108875 ns, Total: 3154083 ns
[2022-09-04T01:25:01.693+0000][1][safepoint    ] Safepoint "Cleanup", Time since last: 1008263209 ns, Reaching safepoint: 1705000 ns, At safepoint: 72792 ns, Total: 1777792 ns
[2022-09-04T01:25:02.700+0000][1][safepoint    ] Safepoint "Cleanup", Time since last: 1005402458 ns, Reaching safepoint: 1359000 ns, At safepoint: 45334 ns, Total: 1404334 ns
[2022-09-04T01:25:03.709+0000][1][safepoint    ] Safepoint "Cleanup", Time since last: 1005823875 ns, Reaching safepoint: 3138417 ns, At safepoint: 74833 ns, Total: 3213250 ns
[2022-09-04T01:25:05.047+0000][1][safepoint    ] Safepoint "Cleanup", Time since last: 1337429876 ns, Reaching safepoint: 668417 ns, At safepoint: 20708 ns, Total: 689125 ns
[2022-09-04T01:25:06.050+0000][1][safepoint    ] Safepoint "Cleanup", Time since last: 1001302959 ns, Reaching safepoint: 1271291 ns, At safepoint: 36459 ns, Total: 1307750 ns
[2022-09-04T01:25:07.058+0000][1][safepoint    ] Safepoint "Cleanup", Time since last: 1004473125 ns, Reaching safepoint: 3039333 ns, At safepoint: 89709 ns, Total: 3129042 ns
[2022-09-04T01:25:08.064+0000][1][safepoint    ] Safepoint "Cleanup", Time since last: 1005762917 ns, Reaching safepoint: 850792 ns, At safepoint: 25833 ns, Total: 876625 ns
[2022-09-04T01:25:09.072+0000][1][safepoint    ] Safepoint "Cleanup", Time since last: 1004101792 ns, Reaching safepoint: 3422292 ns, At safepoint: 220333 ns, Total: 3642625 ns
[2022-09-04T01:25:10.079+0000][1][safepoint    ] Safepoint "Cleanup", Time since last: 1006769667 ns, Reaching safepoint: 713167 ns, At safepoint: 21500 ns, Total: 734667 ns
[2022-09-04T01:25:11.085+0000][1][safepoint    ] Safepoint "Cleanup", Time since last: 1001918667 ns, Reaching safepoint: 3261167 ns, At safepoint: 55625 ns, Total: 3316792 ns
[2022-09-04T01:25:12.093+0000][1][safepoint    ] Safepoint "Cleanup", Time since last: 1007622959 ns, Reaching safepoint: 800833 ns, At safepoint: 30708 ns, Total: 831541 ns
[2022-09-04T01:25:13.095+0000][1][safepoint    ] Safepoint "Cleanup", Time since last: 1001564417 ns, Reaching safepoint: 643917 ns, At safepoint: 21125 ns, Total: 665042 ns
[2022-09-04T01:25:14.098+0000][1][safepoint    ] Safepoint "Cleanup", Time since last: 1001510334 ns, Reaching safepoint: 698875 ns, At safepoint: 23166 ns, Total: 722041 ns
[2022-09-04T01:25:15.101+0000][1][safepoint    ] Safepoint "Cleanup", Time since last: 1002522043 ns, Reaching safepoint: 742458 ns, At safepoint: 23917 ns, Total: 766375 ns
[2022-09-04T01:25:16.104+0000][1][safepoint    ] Safepoint "Cleanup", Time since last: 1002233667 ns, Reaching safepoint: 1088291 ns, At safepoint: 32042 ns, Total: 1120333 ns
[2022-09-04T01:25:17.112+0000][1][safepoint    ] Safepoint "Cleanup", Time since last: 1004551292 ns, Reaching safepoint: 2859709 ns, At safepoint: 73000 ns, Total: 2932709 ns
[2022-09-04T01:25:18.118+0000][1][safepoint    ] Safepoint "Cleanup", Time since last: 1005382458 ns, Reaching safepoint: 907250 ns, At safepoint: 23625 ns, Total: 930875 ns
[2022-09-04T01:25:19.123+0000][1][safepoint    ] Safepoint "Cleanup", Time since last: 1002140251 ns, Reaching safepoint: 2878417 ns, At safepoint: 135500 ns, Total: 3013917 ns
[2022-09-04T01:25:20.634+0000][1][safepoint    ] Safepoint "Cleanup", Time since last: 1509063000 ns, Reaching safepoint: 1451125 ns, At safepoint: 45125 ns, Total: 1496250 ns
[2022-09-04T01:25:21.642+0000][1][safepoint    ] Safepoint "Cleanup", Time since last: 1005197459 ns, Reaching safepoint: 3129667 ns, At safepoint: 81125 ns, Total: 3210792 ns
[2022-09-04T01:25:22.652+0000][1][safepoint    ] Safepoint "Cleanup", Time since last: 1006128167 ns, Reaching safepoint: 3334000 ns, At safepoint: 91958 ns, Total: 3425958 ns
[2022-09-04T01:25:23.658+0000][1][safepoint    ] Safepoint "Cleanup", Time since last: 1005432375 ns, Reaching safepoint: 1533084 ns, At safepoint: 49125 ns, Total: 1582209 ns
[2022-09-04T01:25:24.665+0000][1][safepoint    ] Safepoint "Cleanup", Time since last: 1004023417 ns, Reaching safepoint: 2805542 ns, At safepoint: 96916 ns, Total: 2902458 ns
[2022-09-04T01:25:25.675+0000][1][safepoint    ] Safepoint "Cleanup", Time since last: 1008723042 ns, Reaching safepoint: 789917 ns, At safepoint: 27000 ns, Total: 816917 ns
[2022-09-04T01:25:26.680+0000][1][safepoint    ] Safepoint "Cleanup", Time since last: 1002686751 ns, Reaching safepoint: 2364166 ns, At safepoint: 76209 ns, Total: 2440375 ns
[2022-09-04T01:25:27.688+0000][1][safepoint    ] Safepoint "Cleanup", Time since last: 1004988583 ns, Reaching safepoint: 2897000 ns, At safepoint: 75542 ns, Total: 2972542 ns
[2022-09-04T01:25:28.696+0000][1][safepoint    ] Safepoint "Cleanup", Time since last: 1004274375 ns, Reaching safepoint: 3552292 ns, At safepoint: 88083 ns, Total: 3640375 ns
[2022-09-04T01:25:29.703+0000][1][safepoint    ] Safepoint "Cleanup", Time since last: 1004990918 ns, Reaching safepoint: 2344375 ns, At safepoint: 82000 ns, Total: 2426375 ns
[2022-09-04T01:25:30.712+0000][1][safepoint    ] Safepoint "Cleanup", Time since last: 1004172708 ns, Reaching safepoint: 3915542 ns, At safepoint: 290583 ns, Total: 4206125 ns
[2022-09-04T01:25:31.719+0000][1][safepoint    ] Safepoint "Cleanup", Time since last: 1004897126 ns, Reaching safepoint: 2682750 ns, At safepoint: 78875 ns, Total: 2761625 ns
[2022-09-04T01:25:32.727+0000][1][safepoint    ] Safepoint "Cleanup", Time since last: 1004555625 ns, Reaching safepoint: 2733625 ns, At safepoint: 53417 ns, Total: 2787042 ns
[2022-09-04T01:25:33.733+0000][1][safepoint    ] Safepoint "Cleanup", Time since last: 1003975084 ns, Reaching safepoint: 2215167 ns, At safepoint: 65583 ns, Total: 2280750 ns
[2022-09-04T01:25:34.738+0000][1][safepoint    ] Safepoint "Cleanup", Time since last: 1003926917 ns, Reaching safepoint: 1288125 ns, At safepoint: 37792 ns, Total: 1325917 ns
[2022-09-04T01:25:35.742+0000][1][safepoint    ] Safepoint "Cleanup", Time since last: 1003222958 ns, Reaching safepoint: 1028584 ns, At safepoint: 28583 ns, Total: 1057167 ns
[2022-09-04T01:25:36.750+0000][1][safepoint    ] Safepoint "Cleanup", Time since last: 1005959751 ns, Reaching safepoint: 1427041 ns, At safepoint: 40209 ns, Total: 1467250 ns
[2022-09-04T01:25:37.754+0000][1][safepoint    ] Safepoint "Cleanup", Time since last: 1002866125 ns, Reaching safepoint: 818958 ns, At safepoint: 25042 ns, Total: 844000 ns
[2022-09-04T01:25:38.756+0000][1][safepoint    ] Safepoint "Cleanup", Time since last: 1001781167 ns, Reaching safepoint: 900417 ns, At safepoint: 40083 ns, Total: 940500 ns
[2022-09-04T01:25:39.760+0000][1][safepoint    ] Safepoint "Cleanup", Time since last: 1002932834 ns, Reaching safepoint: 855417 ns, At safepoint: 24958 ns, Total: 880375 ns
[2022-09-04T01:25:40.765+0000][1][safepoint    ] Safepoint "Cleanup", Time since last: 1001926292 ns, Reaching safepoint: 2342000 ns, At safepoint: 63542 ns, Total: 2405542 ns
[2022-09-04T01:25:41.770+0000][1][safepoint    ] Safepoint "Cleanup", Time since last: 1003790875 ns, Reaching safepoint: 1611875 ns, At safepoint: 46417 ns, Total: 1658292 ns
[2022-09-04T01:25:42.778+0000][1][safepoint    ] Safepoint "Cleanup", Time since last: 1004854751 ns, Reaching safepoint: 3393000 ns, At safepoint: 89458 ns, Total: 3482458 ns
[2022-09-04T01:25:43.785+0000][1][safepoint    ] Safepoint "Cleanup", Time since last: 1005121875 ns, Reaching safepoint: 1387875 ns, At safepoint: 40167 ns, Total: 1428042 ns
[2022-09-04T01:25:44.789+0000][1][safepoint    ] Safepoint "Cleanup", Time since last: 1003046167 ns, Reaching safepoint: 929000 ns, At safepoint: 22417 ns, Total: 951417 ns
[2022-09-04T01:25:45.792+0000][1][safepoint    ] Safepoint "Cleanup", Time since last: 1002717792 ns, Reaching safepoint: 753667 ns, At safepoint: 23875 ns, Total: 777542 ns
[2022-09-04T01:25:46.796+0000][1][safepoint    ] Safepoint "Cleanup", Time since last: 1002600458 ns, Reaching safepoint: 759292 ns, At safepoint: 23583 ns, Total: 782875 ns
[2022-09-04T01:25:47.799+0000][1][safepoint    ] Safepoint "Cleanup", Time since last: 1002114959 ns, Reaching safepoint: 1064792 ns, At safepoint: 26500 ns, Total: 1091292 ns
[2022-09-04T01:25:48.803+0000][1][safepoint    ] Safepoint "Cleanup", Time since last: 1002668834 ns, Reaching safepoint: 1042791 ns, At safepoint: 26875 ns, Total: 1069666 ns
[2022-09-04T01:25:49.806+0000][1][safepoint    ] Safepoint "Cleanup", Time since last: 1002087876 ns, Reaching safepoint: 925167 ns, At safepoint: 28958 ns, Total: 954125 ns
[2022-09-04T01:25:50.809+0000][1][safepoint    ] Safepoint "Cleanup", Time since last: 1002182584 ns, Reaching safepoint: 826916 ns, At safepoint: 26667 ns, Total: 853583 ns
[2022-09-04T01:25:51.813+0000][1][safepoint    ] Safepoint "Cleanup", Time since last: 1004257542 ns, Reaching safepoint: 1049500 ns, At safepoint: 33583 ns, Total: 1083083 ns
[2022-09-04T01:25:52.819+0000][1][safepoint    ] Safepoint "Cleanup", Time since last: 1002311959 ns, Reaching safepoint: 3575542 ns, At safepoint: 94625 ns, Total: 3670167 ns
[2022-09-04T01:25:53.826+0000][1][safepoint    ] Safepoint "Cleanup", Time since last: 1005236708 ns, Reaching safepoint: 1264417 ns, At safepoint: 40750 ns, Total: 1305167 ns
[2022-09-04T01:25:54.831+0000][1][safepoint    ] Safepoint "Cleanup", Time since last: 1002789542 ns, Reaching safepoint: 2544459 ns, At safepoint: 71666 ns, Total: 2616125 ns
[2022-09-04T01:25:55.835+0000][1][safepoint    ] Safepoint "Cleanup", Time since last: 1003587626 ns, Reaching safepoint: 702583 ns, At safepoint: 23208 ns, Total: 725791 ns
[2022-09-04T01:25:56.841+0000][1][safepoint    ] Safepoint "Cleanup", Time since last: 1001878876 ns, Reaching safepoint: 3116500 ns, At safepoint: 101875 ns, Total: 3218375 ns
[2022-09-04T01:25:57.847+0000][1][safepoint    ] Safepoint "Cleanup", Time since last: 1004850459 ns, Reaching safepoint: 1705458 ns, At safepoint: 51042 ns, Total: 1756500 ns
[2022-09-04T01:25:58.853+0000][1][safepoint    ] Safepoint "Cleanup", Time since last: 1003836084 ns, Reaching safepoint: 2054833 ns, At safepoint: 95917 ns, Total: 2150750 ns
[2022-09-04T01:25:59.858+0000][1][safepoint    ] Safepoint "Cleanup", Time since last: 1004336792 ns, Reaching safepoint: 938375 ns, At safepoint: 27666 ns, Total: 966041 ns
[2022-09-04T01:26:00.862+0000][1][safepoint    ] Safepoint "Cleanup", Time since last: 1002476418 ns, Reaching safepoint: 702083 ns, At safepoint: 84875 ns, Total: 786958 ns
[2022-09-04T01:26:01.865+0000][1][safepoint    ] Safepoint "Cleanup", Time since last: 1002543584 ns, Reaching safepoint: 773000 ns, At safepoint: 26083 ns, Total: 799083 ns
[2022-09-04T01:26:02.868+0000][1][safepoint    ] Safepoint "Cleanup", Time since last: 1002686125 ns, Reaching safepoint: 750709 ns, At safepoint: 28041 ns, Total: 778750 ns
[2022-09-04T01:26:03.872+0000][1][safepoint    ] Safepoint "Cleanup", Time since last: 1002337001 ns, Reaching safepoint: 1140042 ns, At safepoint: 27083 ns, Total: 1167125 ns
[2022-09-04T01:26:04.878+0000][1][safepoint    ] Safepoint "Cleanup", Time since last: 1002804209 ns, Reaching safepoint: 2969333 ns, At safepoint: 71000 ns, Total: 3040333 ns
[2022-09-04T01:26:05.882+0000][1][safepoint    ] Safepoint "Cleanup", Time since last: 1003482209 ns, Reaching safepoint: 864625 ns, At safepoint: 25583 ns, Total: 890208 ns
[2022-09-04T01:26:06.886+0000][1][safepoint    ] Safepoint "Cleanup", Time since last: 1002472459 ns, Reaching safepoint: 1426167 ns, At safepoint: 41500 ns, Total: 1467667 ns
[2022-09-04T01:26:07.893+0000][1][safepoint    ] Safepoint "Cleanup", Time since last: 1004016459 ns, Reaching safepoint: 2401166 ns, At safepoint: 111459 ns, Total: 2512625 ns
[2022-09-04T01:26:08.898+0000][1][safepoint    ] Safepoint "Cleanup", Time since last: 1004129833 ns, Reaching safepoint: 1550459 ns, At safepoint: 74916 ns, Total: 1625375 ns
[2022-09-04T01:26:09.903+0000][1][safepoint    ] Safepoint "Cleanup", Time since last: 1003742876 ns, Reaching safepoint: 948375 ns, At safepoint: 28416 ns, Total: 976791 ns
[2022-09-04T01:26:10.907+0000][1][safepoint    ] Safepoint "Cleanup", Time since last: 1003164793 ns, Reaching safepoint: 1005916 ns, At safepoint: 32125 ns, Total: 1038041 ns
[2022-09-04T01:26:11.915+0000][1][safepoint    ] Safepoint "Cleanup", Time since last: 1004625292 ns, Reaching safepoint: 2855834 ns, At safepoint: 79500 ns, Total: 2935334 ns
[2022-09-04T01:26:12.921+0000][1][safepoint    ] Safepoint "Cleanup", Time since last: 1005436750 ns, Reaching safepoint: 1032500 ns, At safepoint: 30125 ns, Total: 1062625 ns
[2022-09-04T01:26:13.926+0000][1][safepoint    ] Safepoint "Cleanup", Time since last: 1001999376 ns, Reaching safepoint: 2021458 ns, At safepoint: 66333 ns, Total: 2087791 ns
[2022-09-04T01:26:14.931+0000][1][safepoint    ] Safepoint "Cleanup", Time since last: 1003211584 ns, Reaching safepoint: 2554542 ns, At safepoint: 96500 ns, Total: 2651042 ns
[2022-09-04T01:26:15.938+0000][1][safepoint    ] Safepoint "Cleanup", Time since last: 1005609375 ns, Reaching safepoint: 768542 ns, At safepoint: 25208 ns, Total: 793750 ns
[2022-09-04T01:26:16.948+0000][1][safepoint    ] Safepoint "Cleanup", Time since last: 1007222334 ns, Reaching safepoint: 3318584 ns, At safepoint: 101708 ns, Total: 3420292 ns
[2022-09-04T01:26:17.958+0000][1][safepoint    ] Safepoint "Cleanup", Time since last: 1006746709 ns, Reaching safepoint: 2653791 ns, At safepoint: 74625 ns, Total: 2728416 ns
[2022-09-04T01:26:18.964+0000][1][safepoint    ] Safepoint "Cleanup", Time since last: 1004002126 ns, Reaching safepoint: 1532833 ns, At safepoint: 58042 ns, Total: 1590875 ns
[2022-09-04T01:26:19.969+0000][1][safepoint    ] Safepoint "Cleanup", Time since last: 1004356167 ns, Reaching safepoint: 983333 ns, At safepoint: 26667 ns, Total: 1010000 ns
[2022-09-04T01:26:21.379+0000][1][safepoint    ] Safepoint "Cleanup", Time since last: 1408003876 ns, Reaching safepoint: 1901625 ns, At safepoint: 97708 ns, Total: 1999333 ns
[2022-09-04T01:26:22.385+0000][1][safepoint    ] Safepoint "Cleanup", Time since last: 1003232458 ns, Reaching safepoint: 2805000 ns, At safepoint: 66000 ns, Total: 2871000 ns
[2022-09-04T01:26:23.395+0000][1][safepoint    ] Safepoint "Cleanup", Time since last: 1007512417 ns, Reaching safepoint: 2260459 ns, At safepoint: 48791 ns, Total: 2309250 ns
[2022-09-04T01:26:24.401+0000][1][safepoint    ] Safepoint "Cleanup", Time since last: 1002740792 ns, Reaching safepoint: 3358500 ns, At safepoint: 84292 ns, Total: 3442792 ns
[2022-09-04T01:26:25.407+0000][1][safepoint    ] Safepoint "Cleanup", Time since last: 1004932542 ns, Reaching safepoint: 789292 ns, At safepoint: 20000 ns, Total: 809292 ns
[2022-09-04T01:26:26.413+0000][1][safepoint    ] Safepoint "Cleanup", Time since last: 1005576625 ns, Reaching safepoint: 825625 ns, At safepoint: 27042 ns, Total: 852667 ns
[2022-09-04T01:26:27.417+0000][1][safepoint    ] Safepoint "Cleanup", Time since last: 1002084209 ns, Reaching safepoint: 1574292 ns, At safepoint: 46125 ns, Total: 1620417 ns
[2022-09-04T01:26:28.423+0000][1][safepoint    ] Safepoint "Cleanup", Time since last: 1002981667 ns, Reaching safepoint: 3075041 ns, At safepoint: 78375 ns, Total: 3153416 ns
[2022-09-04T01:26:29.429+0000][1][safepoint    ] Safepoint "Cleanup", Time since last: 1003218292 ns, Reaching safepoint: 2279875 ns, At safepoint: 65084 ns, Total: 2344959 ns
[2022-09-04T01:26:30.436+0000][1][safepoint    ] Safepoint "Cleanup", Time since last: 1004625375 ns, Reaching safepoint: 2613375 ns, At safepoint: 70334 ns, Total: 2683709 ns
[2022-09-04T01:26:31.445+0000][1][safepoint    ] Safepoint "Cleanup", Time since last: 1006325333 ns, Reaching safepoint: 2065667 ns, At safepoint: 80083 ns, Total: 2145750 ns
[2022-09-04T01:26:32.463+0000][1][safepoint    ] Safepoint "Cleanup", Time since last: 1016938334 ns, Reaching safepoint: 1606167 ns, At safepoint: 132125 ns, Total: 1738292 ns
[2022-09-04T01:26:33.469+0000][1][safepoint    ] Safepoint "Cleanup", Time since last: 1003357792 ns, Reaching safepoint: 2138917 ns, At safepoint: 59250 ns, Total: 2198167 ns
[2022-09-04T01:26:34.475+0000][1][safepoint    ] Safepoint "Cleanup", Time since last: 1004392709 ns, Reaching safepoint: 1259875 ns, At safepoint: 37416 ns, Total: 1297291 ns
[2022-09-04T01:26:35.497+0000][1][safepoint    ] Safepoint "Cleanup", Time since last: 1019527667 ns, Reaching safepoint: 2281417 ns, At safepoint: 66000 ns, Total: 2347417 ns
[2022-09-04T01:26:36.503+0000][1][safepoint    ] Safepoint "Cleanup", Time since last: 1004394667 ns, Reaching safepoint: 1712292 ns, At safepoint: 47042 ns, Total: 1759334 ns
[2022-09-04T01:26:37.523+0000][1][safepoint    ] Safepoint "Cleanup", Time since last: 1019616042 ns, Reaching safepoint: 672041 ns, At safepoint: 20917 ns, Total: 692958 ns
[2022-09-04T01:26:38.525+0000][1][safepoint    ] Safepoint "Cleanup", Time since last: 1001676250 ns, Reaching safepoint: 758209 ns, At safepoint: 22833 ns, Total: 781042 ns
[2022-09-04T01:26:39.528+0000][1][safepoint    ] Safepoint "Cleanup", Time since last: 1002161917 ns, Reaching safepoint: 812709 ns, At safepoint: 26625 ns, Total: 839334 ns
[2022-09-04T01:26:40.533+0000][1][safepoint    ] Safepoint "Cleanup", Time since last: 1001683875 ns, Reaching safepoint: 3065958 ns, At safepoint: 91375 ns, Total: 3157333 ns
[2022-09-04T01:26:41.542+0000][1][safepoint    ] Safepoint "Cleanup", Time since last: 1006726418 ns, Reaching safepoint: 1607000 ns, At safepoint: 73083 ns, Total: 1680083 ns
[2022-09-04T01:26:42.548+0000][1][safepoint    ] Safepoint "Cleanup", Time since last: 1002948209 ns, Reaching safepoint: 3137750 ns, At safepoint: 90791 ns, Total: 3228541 ns
[2022-09-04T01:26:43.558+0000][1][safepoint    ] Safepoint "Cleanup", Time since last: 1007864834 ns, Reaching safepoint: 1980375 ns, At safepoint: 63959 ns, Total: 2044334 ns
[2022-09-04T01:26:44.565+0000][1][safepoint    ] Safepoint "Cleanup", Time since last: 1004139667 ns, Reaching safepoint: 2822166 ns, At safepoint: 122625 ns, Total: 2944791 ns
[2022-09-04T01:26:45.575+0000][1][safepoint    ] Safepoint "Cleanup", Time since last: 1006779209 ns, Reaching safepoint: 3311417 ns, At safepoint: 273125 ns, Total: 3584542 ns
[2022-09-04T01:26:46.583+0000][1][safepoint    ] Safepoint "Cleanup", Time since last: 1006731625 ns, Reaching safepoint: 1173000 ns, At safepoint: 33917 ns, Total: 1206917 ns
[2022-09-04T01:26:47.592+0000][1][safepoint    ] Safepoint "Cleanup", Time since last: 1004740125 ns, Reaching safepoint: 3650250 ns, At safepoint: 85125 ns, Total: 3735375 ns
[2022-09-04T01:26:48.599+0000][1][safepoint    ] Safepoint "Cleanup", Time since last: 1005957043 ns, Reaching safepoint: 1323500 ns, At safepoint: 58333 ns, Total: 1381833 ns
[2022-09-04T01:26:49.603+0000][1][safepoint    ] Safepoint "Cleanup", Time since last: 1003077459 ns, Reaching safepoint: 699416 ns, At safepoint: 23084 ns, Total: 722500 ns
[2022-09-04T01:26:50.607+0000][1][safepoint    ] Safepoint "Cleanup", Time since last: 1003089792 ns, Reaching safepoint: 1446042 ns, At safepoint: 26541 ns, Total: 1472583 ns
[2022-09-04T01:26:51.613+0000][1][safepoint    ] Safepoint "Cleanup", Time since last: 1003210626 ns, Reaching safepoint: 2396708 ns, At safepoint: 68375 ns, Total: 2465083 ns
[2022-09-04T01:26:52.621+0000][1][safepoint    ] Safepoint "Cleanup", Time since last: 1004676250 ns, Reaching safepoint: 3733416 ns, At safepoint: 201667 ns, Total: 3935083 ns
[2022-09-04T01:26:53.655+0000][1][safepoint    ] Safepoint "Cleanup", Time since last: 1019705000 ns, Reaching safepoint: 8434292 ns, At safepoint: 1164917 ns, Total: 9599209 ns
[2022-09-04T01:26:53.680+0000][1][safepoint    ] Safepoint "RevokeBias", Time since last: 26083041 ns, Reaching safepoint: 1342334 ns, At safepoint: 2238500 ns, Total: 3580834 ns
[2022-09-04T01:26:53.707+0000][1][safepoint    ] Safepoint "RevokeBias", Time since last: 26148000 ns, Reaching safepoint: 665750 ns, At safepoint: 88666 ns, Total: 754416 ns
[2022-09-04T01:26:53.779+0000][1][safepoint    ] Safepoint "RevokeBias", Time since last: 70848625 ns, Reaching safepoint: 1230625 ns, At safepoint: 131084 ns, Total: 1361709 ns
[2022-09-04T01:26:53.800+0000][1][safepoint    ] Safepoint "RevokeBias", Time since last: 19886291 ns, Reaching safepoint: 555667 ns, At safepoint: 84083 ns, Total: 639750 ns
[2022-09-04T01:26:53.807+0000][1][safepoint    ] Safepoint "RevokeBias", Time since last: 6516292 ns, Reaching safepoint: 466750 ns, At safepoint: 79875 ns, Total: 546625 ns
[2022-09-04T01:26:53.812+0000][1][safepoint    ] Safepoint "RevokeBias", Time since last: 5115708 ns, Reaching safepoint: 305250 ns, At safepoint: 64959 ns, Total: 370209 ns
[2022-09-04T01:26:53.817+0000][1][safepoint    ] Safepoint "RevokeBias", Time since last: 3026875 ns, Reaching safepoint: 339958 ns, At safepoint: 1037542 ns, Total: 1377500 ns
[2022-09-04T01:26:53.819+0000][1][safepoint    ] Safepoint "RevokeBias", Time since last: 1494875 ns, Reaching safepoint: 271333 ns, At safepoint: 172667 ns, Total: 444000 ns
[2022-09-04T01:26:53.823+0000][1][safepoint    ] Safepoint "RevokeBias", Time since last: 3758625 ns, Reaching safepoint: 316041 ns, At safepoint: 63084 ns, Total: 379125 ns
[2022-09-04T01:26:53.836+0000][1][safepoint    ] Safepoint "RevokeBias", Time since last: 12718500 ns, Reaching safepoint: 769333 ns, At safepoint: 69000 ns, Total: 838333 ns
[2022-09-04T01:26:53.958+0000][1][safepoint    ] Safepoint "RevokeBias", Time since last: 120927000 ns, Reaching safepoint: 866250 ns, At safepoint: 108042 ns, Total: 974292 ns
[2022-09-04T01:26:53.979+0000][1][safepoint    ] Safepoint "RevokeBias", Time since last: 20048583 ns, Reaching safepoint: 676084 ns, At safepoint: 92916 ns, Total: 769000 ns
[2022-09-04T01:26:54.647+0000][1][safepoint    ] Safepoint "RevokeBias", Time since last: 667048709 ns, Reaching safepoint: 753417 ns, At safepoint: 83708 ns, Total: 837125 ns
[2022-09-04T01:26:54.667+0000][1][safepoint    ] Safepoint "RevokeBias", Time since last: 18539375 ns, Reaching safepoint: 1028125 ns, At safepoint: 185458 ns, Total: 1213583 ns
[2022-09-04T01:26:55.671+0000][1][safepoint    ] Safepoint "Cleanup", Time since last: 1002160042 ns, Reaching safepoint: 2222167 ns, At safepoint: 102917 ns, Total: 2325084 ns
[2022-09-04T01:26:56.677+0000][1][safepoint    ] Safepoint "Cleanup", Time since last: 1004798250 ns, Reaching safepoint: 729500 ns, At safepoint: 21542 ns, Total: 751042 ns
[2022-09-04T01:26:57.682+0000][1][safepoint    ] Safepoint "Cleanup", Time since last: 1002431834 ns, Reaching safepoint: 2630500 ns, At safepoint: 71500 ns, Total: 2702000 ns
[2022-09-04T01:26:58.688+0000][1][safepoint    ] Safepoint "Cleanup", Time since last: 1004595458 ns, Reaching safepoint: 1228625 ns, At safepoint: 27750 ns, Total: 1256375 ns
[2022-09-04T01:26:59.693+0000][1][safepoint    ] Safepoint "Cleanup", Time since last: 1001689626 ns, Reaching safepoint: 3086542 ns, At safepoint: 163500 ns, Total: 3250042 ns
[2022-09-04T01:27:00.703+0000][1][safepoint    ] Safepoint "Cleanup", Time since last: 1007609542 ns, Reaching safepoint: 2099083 ns, At safepoint: 59792 ns, Total: 2158875 ns
[2022-09-04T01:27:01.708+0000][1][safepoint    ] Safepoint "Cleanup", Time since last: 1004344042 ns, Reaching safepoint: 1492583 ns, At safepoint: 36625 ns, Total: 1529208 ns
[2022-09-04T01:27:02.715+0000][1][safepoint    ] Safepoint "Cleanup", Time since last: 1002897417 ns, Reaching safepoint: 3566250 ns, At safepoint: 83042 ns, Total: 3649292 ns
[2022-09-04T01:27:03.720+0000][1][safepoint    ] Safepoint "Cleanup", Time since last: 1004207501 ns, Reaching safepoint: 954416 ns, At safepoint: 31584 ns, Total: 986000 ns
[2022-09-04T01:27:04.725+0000][1][safepoint    ] Safepoint "Cleanup", Time since last: 1002195542 ns, Reaching safepoint: 2729041 ns, At safepoint: 72125 ns, Total: 2801166 ns
[2022-09-04T01:27:05.731+0000][1][safepoint    ] Safepoint "Cleanup", Time since last: 1004361042 ns, Reaching safepoint: 1845250 ns, At safepoint: 56459 ns, Total: 1901709 ns
[2022-09-04T01:27:06.738+0000][1][safepoint    ] Safepoint "Cleanup", Time since last: 1004735834 ns, Reaching safepoint: 1923208 ns, At safepoint: 62333 ns, Total: 1985541 ns
[2022-09-04T01:27:07.745+0000][1][safepoint    ] Safepoint "Cleanup", Time since last: 1004716584 ns, Reaching safepoint: 2362583 ns, At safepoint: 59709 ns, Total: 2422292 ns
[2022-09-04T01:27:08.752+0000][1][safepoint    ] Safepoint "Cleanup", Time since last: 1005209542 ns, Reaching safepoint: 1323458 ns, At safepoint: 39084 ns, Total: 1362542 ns
[2022-09-04T01:27:09.770+0000][1][safepoint    ] Safepoint "Cleanup", Time since last: 1016637083 ns, Reaching safepoint: 1315667 ns, At safepoint: 32875 ns, Total: 1348542 ns
[2022-09-04T01:27:10.774+0000][1][safepoint    ] Safepoint "Cleanup", Time since last: 1002086751 ns, Reaching safepoint: 1522750 ns, At safepoint: 70833 ns, Total: 1593583 ns
[2022-09-04T01:27:11.778+0000][1][safepoint    ] Safepoint "Cleanup", Time since last: 1002992500 ns, Reaching safepoint: 988250 ns, At safepoint: 29084 ns, Total: 1017334 ns
[2022-09-04T01:27:12.782+0000][1][safepoint    ] Safepoint "Cleanup", Time since last: 1002359459 ns, Reaching safepoint: 1751833 ns, At safepoint: 96667 ns, Total: 1848500 ns
[2022-09-04T01:27:13.787+0000][1][safepoint    ] Safepoint "Cleanup", Time since last: 1004446792 ns, Reaching safepoint: 861250 ns, At safepoint: 21666 ns, Total: 882916 ns
[2022-09-04T01:27:14.792+0000][1][safepoint    ] Safepoint "Cleanup", Time since last: 1002404917 ns, Reaching safepoint: 2365750 ns, At safepoint: 74834 ns, Total: 2440584 ns
[2022-09-04T01:27:15.796+0000][1][safepoint    ] Safepoint "Cleanup", Time since last: 1003434292 ns, Reaching safepoint: 979208 ns, At safepoint: 30709 ns, Total: 1009917 ns
[2022-09-04T01:27:16.801+0000][1][safepoint    ] Safepoint "Cleanup", Time since last: 1002367583 ns, Reaching safepoint: 2249417 ns, At safepoint: 62833 ns, Total: 2312250 ns
[2022-09-04T01:27:17.807+0000][1][safepoint    ] Safepoint "Cleanup", Time since last: 1003998459 ns, Reaching safepoint: 1386750 ns, At safepoint: 43959 ns, Total: 1430709 ns
[2022-09-04T01:27:18.810+0000][1][safepoint    ] Safepoint "Cleanup", Time since last: 1002339917 ns, Reaching safepoint: 888541 ns, At safepoint: 23875 ns, Total: 912416 ns
[2022-09-04T01:27:20.793+0000][1][safepoint    ] Safepoint "Cleanup", Time since last: 1982419376 ns, Reaching safepoint: 1272584 ns, At safepoint: 36125 ns, Total: 1308709 ns
[2022-09-04T01:27:21.796+0000][1][safepoint    ] Safepoint "Cleanup", Time since last: 1002281750 ns, Reaching safepoint: 835917 ns, At safepoint: 24083 ns, Total: 860000 ns
[2022-09-04T01:27:22.800+0000][1][safepoint    ] Safepoint "Cleanup", Time since last: 1002619625 ns, Reaching safepoint: 911417 ns, At safepoint: 26833 ns, Total: 938250 ns
[2022-09-04T01:27:23.802+0000][1][safepoint    ] Safepoint "Cleanup", Time since last: 1001561709 ns, Reaching safepoint: 657458 ns, At safepoint: 20417 ns, Total: 677875 ns
[2022-09-04T01:27:24.808+0000][1][safepoint    ] Safepoint "Cleanup", Time since last: 1003097167 ns, Reaching safepoint: 2298667 ns, At safepoint: 77625 ns, Total: 2376292 ns
[2022-09-04T01:27:25.813+0000][1][safepoint    ] Safepoint "Cleanup", Time since last: 1004185125 ns, Reaching safepoint: 756959 ns, At safepoint: 26083 ns, Total: 783042 ns
[2022-09-04T01:27:26.815+0000][1][safepoint    ] Safepoint "Cleanup", Time since last: 1001834209 ns, Reaching safepoint: 744333 ns, At safepoint: 20334 ns, Total: 764667 ns
[2022-09-04T01:27:27.818+0000][1][safepoint    ] Safepoint "Cleanup", Time since last: 1002075208 ns, Reaching safepoint: 1035875 ns, At safepoint: 33542 ns, Total: 1069417 ns
[2022-09-04T01:27:28.822+0000][1][safepoint    ] Safepoint "Cleanup", Time since last: 1002815251 ns, Reaching safepoint: 674708 ns, At safepoint: 23500 ns, Total: 698208 ns
[2022-09-04T01:27:29.824+0000][1][safepoint    ] Safepoint "Cleanup", Time since last: 1001685459 ns, Reaching safepoint: 722375 ns, At safepoint: 24083 ns, Total: 746458 ns
[2022-09-04T01:27:30.829+0000][1][safepoint    ] Safepoint "Cleanup", Time since last: 1002468625 ns, Reaching safepoint: 2170167 ns, At safepoint: 75542 ns, Total: 2245709 ns
[2022-09-04T01:27:31.837+0000][1][safepoint    ] Safepoint "Cleanup", Time since last: 1007227334 ns, Reaching safepoint: 1148833 ns, At safepoint: 35625 ns, Total: 1184458 ns
[2022-09-04T01:27:32.843+0000][1][safepoint    ] Safepoint "Cleanup", Time since last: 1002786042 ns, Reaching safepoint: 2147125 ns, At safepoint: 86250 ns, Total: 2233375 ns
[2022-09-04T01:27:33.847+0000][1][safepoint    ] Safepoint "Cleanup", Time since last: 1003787501 ns, Reaching safepoint: 780291 ns, At safepoint: 23125 ns, Total: 803416 ns
[2022-09-04T01:27:35.380+0000][1][safepoint    ] Safepoint "Cleanup", Time since last: 1531918918 ns, Reaching safepoint: 977375 ns, At safepoint: 30458 ns, Total: 1007833 ns
[2022-09-04T01:27:36.383+0000][1][safepoint    ] Safepoint "Cleanup", Time since last: 1002052209 ns, Reaching safepoint: 1408375 ns, At safepoint: 85833 ns, Total: 1494208 ns
[2022-09-04T01:27:37.391+0000][1][safepoint    ] Safepoint "Cleanup", Time since last: 1004186292 ns, Reaching safepoint: 3090250 ns, At safepoint: 109417 ns, Total: 3199667 ns
[2022-09-04T01:27:38.397+0000][1][safepoint    ] Safepoint "Cleanup", Time since last: 1005006084 ns, Reaching safepoint: 763666 ns, At safepoint: 21959 ns, Total: 785625 ns
[2022-09-04T01:27:39.399+0000][1][safepoint    ] Safepoint "Cleanup", Time since last: 1001486917 ns, Reaching safepoint: 718542 ns, At safepoint: 21166 ns, Total: 739708 ns
[2022-09-04T01:27:40.401+0000][1][safepoint    ] Safepoint "Cleanup", Time since last: 1001717209 ns, Reaching safepoint: 699083 ns, At safepoint: 23542 ns, Total: 722625 ns
[2022-09-04T01:27:41.407+0000][1][safepoint    ] Safepoint "Cleanup", Time since last: 1003026542 ns, Reaching safepoint: 2198042 ns, At safepoint: 69042 ns, Total: 2267084 ns
[2022-09-04T01:27:42.417+0000][1][safepoint    ] Safepoint "Cleanup", Time since last: 1006278083 ns, Reaching safepoint: 3492584 ns, At safepoint: 159833 ns, Total: 3652417 ns
[2022-09-04T01:27:43.426+0000][1][safepoint    ] Safepoint "Cleanup", Time since last: 1005596500 ns, Reaching safepoint: 3498500 ns, At safepoint: 97667 ns, Total: 3596167 ns
[2022-09-04T01:27:44.435+0000][1][safepoint    ] Safepoint "Cleanup", Time since last: 1005610376 ns, Reaching safepoint: 3399291 ns, At safepoint: 87000 ns, Total: 3486291 ns
[2022-09-04T01:27:45.441+0000][1][safepoint    ] Safepoint "Cleanup", Time since last: 1005838167 ns, Reaching safepoint: 721750 ns, At safepoint: 96750 ns, Total: 818500 ns
[2022-09-04T01:27:46.457+0000][1][safepoint    ] Safepoint "Cleanup", Time since last: 1013739001 ns, Reaching safepoint: 1600292 ns, At safepoint: 76541 ns, Total: 1676833 ns
[2022-09-04T01:27:47.463+0000][1][safepoint    ] Safepoint "Cleanup", Time since last: 1003709792 ns, Reaching safepoint: 2390209 ns, At safepoint: 83875 ns, Total: 2474084 ns
[2022-09-04T01:27:48.472+0000][1][safepoint    ] Safepoint "Cleanup", Time since last: 1005302000 ns, Reaching safepoint: 3416959 ns, At safepoint: 99958 ns, Total: 3516917 ns
[2022-09-04T01:27:49.485+0000][1][safepoint    ] Safepoint "Cleanup", Time since last: 1010594959 ns, Reaching safepoint: 2811708 ns, At safepoint: 90750 ns, Total: 2902458 ns
[2022-09-04T01:27:50.491+0000][1][safepoint    ] Safepoint "Cleanup", Time since last: 1004941292 ns, Reaching safepoint: 879625 ns, At safepoint: 20625 ns, Total: 900250 ns
[2022-09-04T01:27:51.497+0000][1][safepoint    ] Safepoint "Cleanup", Time since last: 1003539292 ns, Reaching safepoint: 1909125 ns, At safepoint: 53000 ns, Total: 1962125 ns
[2022-09-04T01:27:52.507+0000][1][safepoint    ] Safepoint "Cleanup", Time since last: 1007663167 ns, Reaching safepoint: 3154625 ns, At safepoint: 94083 ns, Total: 3248708 ns
[2022-09-04T01:27:53.518+0000][1][safepoint    ] Safepoint "Cleanup", Time since last: 1006323626 ns, Reaching safepoint: 3637125 ns, At safepoint: 89041 ns, Total: 3726166 ns
[2022-09-04T01:27:54.527+0000][1][safepoint    ] Safepoint "Cleanup", Time since last: 1006638417 ns, Reaching safepoint: 2338750 ns, At safepoint: 92292 ns, Total: 2431042 ns
[2022-09-04T01:27:55.532+0000][1][safepoint    ] Safepoint "Cleanup", Time since last: 1004469542 ns, Reaching safepoint: 1427292 ns, At safepoint: 39958 ns, Total: 1467250 ns
[2022-09-04T01:27:56.538+0000][1][safepoint    ] Safepoint "Cleanup", Time since last: 1002478542 ns, Reaching safepoint: 3361209 ns, At safepoint: 102666 ns, Total: 3463875 ns
[2022-09-04T01:27:57.548+0000][1][safepoint    ] Safepoint "Cleanup", Time since last: 1007316959 ns, Reaching safepoint: 2480167 ns, At safepoint: 77833 ns, Total: 2558000 ns
[2022-09-04T01:27:58.556+0000][1][safepoint    ] Safepoint "Cleanup", Time since last: 1003740084 ns, Reaching safepoint: 3418708 ns, At safepoint: 99292 ns, Total: 3518000 ns
[2022-09-04T01:27:59.565+0000][1][safepoint    ] Safepoint "Cleanup", Time since last: 1006825084 ns, Reaching safepoint: 2688083 ns, At safepoint: 207625 ns, Total: 2895708 ns
[2022-09-04T01:28:00.579+0000][1][safepoint    ] Safepoint "Cleanup", Time since last: 1012414292 ns, Reaching safepoint: 839875 ns, At safepoint: 33792 ns, Total: 873667 ns
[2022-09-04T01:28:01.597+0000][1][safepoint    ] Safepoint "Cleanup", Time since last: 1016882334 ns, Reaching safepoint: 1266125 ns, At safepoint: 41792 ns, Total: 1307917 ns
[2022-09-04T01:28:02.604+0000][1][safepoint    ] Safepoint "Cleanup", Time since last: 1003315083 ns, Reaching safepoint: 3996792 ns, At safepoint: 312917 ns, Total: 4309709 ns
[2022-09-04T01:28:03.611+0000][1][safepoint    ] Safepoint "Cleanup", Time since last: 1004878833 ns, Reaching safepoint: 1577042 ns, At safepoint: 72708 ns, Total: 1649750 ns
[2022-09-04T01:28:05.523+0000][1][safepoint    ] Safepoint "Cleanup", Time since last: 1911527085 ns, Reaching safepoint: 691875 ns, At safepoint: 21541 ns, Total: 713416 ns
[2022-09-04T01:28:06.528+0000][1][safepoint    ] Safepoint "Cleanup", Time since last: 1001868668 ns, Reaching safepoint: 2641666 ns, At safepoint: 122917 ns, Total: 2764583 ns
[2022-09-04T01:28:07.536+0000][1][safepoint    ] Safepoint "Cleanup", Time since last: 1004674917 ns, Reaching safepoint: 3046792 ns, At safepoint: 98875 ns, Total: 3145667 ns
[2022-09-04T01:28:08.542+0000][1][safepoint    ] Safepoint "Cleanup", Time since last: 1004386708 ns, Reaching safepoint: 2096917 ns, At safepoint: 78000 ns, Total: 2174917 ns
[2022-09-04T01:28:09.549+0000][1][safepoint    ] Safepoint "Cleanup", Time since last: 1003165251 ns, Reaching safepoint: 3224958 ns, At safepoint: 90458 ns, Total: 3315416 ns
[2022-09-04T01:28:10.558+0000][1][safepoint    ] Safepoint "Cleanup", Time since last: 1007706792 ns, Reaching safepoint: 1932292 ns, At safepoint: 129500 ns, Total: 2061792 ns
[2022-09-04T01:28:11.565+0000][1][safepoint    ] Safepoint "Cleanup", Time since last: 1004531459 ns, Reaching safepoint: 2371333 ns, At safepoint: 78917 ns, Total: 2450250 ns
[2022-09-04T01:28:12.575+0000][1][safepoint    ] Safepoint "Cleanup", Time since last: 1008032125 ns, Reaching safepoint: 1870667 ns, At safepoint: 78708 ns, Total: 1949375 ns
[2022-09-04T01:28:13.588+0000][1][safepoint    ] Safepoint "Cleanup", Time since last: 1008400793 ns, Reaching safepoint: 2498958 ns, At safepoint: 1724750 ns, Total: 4223708 ns
[2022-09-04T01:28:14.594+0000][1][safepoint    ] Safepoint "Cleanup", Time since last: 1003311417 ns, Reaching safepoint: 2305125 ns, At safepoint: 85208 ns, Total: 2390333 ns
[2022-09-04T01:28:15.601+0000][1][safepoint    ] Safepoint "Cleanup", Time since last: 1006205043 ns, Reaching safepoint: 1218541 ns, At safepoint: 36209 ns, Total: 1254750 ns
[2022-09-04T01:28:16.606+0000][1][safepoint    ] Safepoint "Cleanup", Time since last: 1003320750 ns, Reaching safepoint: 1671000 ns, At safepoint: 126542 ns, Total: 1797542 ns
[2022-09-04T01:28:17.612+0000][1][safepoint    ] Safepoint "Cleanup", Time since last: 1003852625 ns, Reaching safepoint: 1338625 ns, At safepoint: 35792 ns, Total: 1374417 ns
[2022-09-04T01:28:18.618+0000][1][safepoint    ] Safepoint "Cleanup", Time since last: 1002624542 ns, Reaching safepoint: 3495042 ns, At safepoint: 98458 ns, Total: 3593500 ns
[2022-09-04T01:28:19.628+0000][1][safepoint    ] Safepoint "Cleanup", Time since last: 1007084917 ns, Reaching safepoint: 3510125 ns, At safepoint: 97417 ns, Total: 3607542 ns
[2022-09-04T01:28:20.639+0000][1][safepoint    ] Safepoint "Cleanup", Time since last: 1007129125 ns, Reaching safepoint: 2796709 ns, At safepoint: 290208 ns, Total: 3086917 ns
[2022-09-04T01:28:21.644+0000][1][safepoint    ] Safepoint "Cleanup", Time since last: 1003307084 ns, Reaching safepoint: 1884375 ns, At safepoint: 70916 ns, Total: 1955291 ns
[2022-09-04T01:28:22.653+0000][1][safepoint    ] Safepoint "Cleanup", Time since last: 1005829751 ns, Reaching safepoint: 3360708 ns, At safepoint: 155333 ns, Total: 3516041 ns
[2022-09-04T01:28:23.661+0000][1][safepoint    ] Safepoint "Cleanup", Time since last: 1005056417 ns, Reaching safepoint: 2787042 ns, At safepoint: 199833 ns, Total: 2986875 ns
[2022-09-04T01:28:24.671+0000][1][safepoint    ] Safepoint "Cleanup", Time since last: 1006174501 ns, Reaching safepoint: 3420083 ns, At safepoint: 117584 ns, Total: 3537667 ns
[2022-09-04T01:28:25.679+0000][1][safepoint    ] Safepoint "Cleanup", Time since last: 1006930917 ns, Reaching safepoint: 951208 ns, At safepoint: 28583 ns, Total: 979791 ns
[2022-09-04T01:28:26.684+0000][1][safepoint    ] Safepoint "Cleanup", Time since last: 1002031251 ns, Reaching safepoint: 3441125 ns, At safepoint: 98500 ns, Total: 3539625 ns
[2022-09-04T01:28:27.693+0000][1][safepoint    ] Safepoint "Cleanup", Time since last: 1006548375 ns, Reaching safepoint: 2284709 ns, At safepoint: 111291 ns, Total: 2396000 ns
[2022-09-04T01:28:28.701+0000][1][safepoint    ] Safepoint "Cleanup", Time since last: 1003911292 ns, Reaching safepoint: 3510375 ns, At safepoint: 99000 ns, Total: 3609375 ns
[2022-09-04T01:28:29.710+0000][1][safepoint    ] Safepoint "Cleanup", Time since last: 1008510626 ns, Reaching safepoint: 1154958 ns, At safepoint: 32625 ns, Total: 1187583 ns
[2022-09-04T01:28:30.716+0000][1][safepoint    ] Safepoint "Cleanup", Time since last: 1002793542 ns, Reaching safepoint: 2848750 ns, At safepoint: 78167 ns, Total: 2926917 ns
[2022-09-04T01:28:31.723+0000][1][safepoint    ] Safepoint "Cleanup", Time since last: 1004641126 ns, Reaching safepoint: 2236958 ns, At safepoint: 66625 ns, Total: 2303583 ns
[2022-09-04T01:28:32.730+0000][1][safepoint    ] Safepoint "Cleanup", Time since last: 1004409042 ns, Reaching safepoint: 2425208 ns, At safepoint: 129792 ns, Total: 2555000 ns
[2022-09-04T01:28:33.735+0000][1][safepoint    ] Safepoint "Cleanup", Time since last: 1003769876 ns, Reaching safepoint: 1638375 ns, At safepoint: 43916 ns, Total: 1682291 ns
[2022-09-04T01:28:34.740+0000][1][safepoint    ] Safepoint "Cleanup", Time since last: 1002944042 ns, Reaching safepoint: 1316917 ns, At safepoint: 34333 ns, Total: 1351250 ns
[2022-09-04T01:28:35.745+0000][1][safepoint    ] Safepoint "Cleanup", Time since last: 1003825167 ns, Reaching safepoint: 1071709 ns, At safepoint: 19791 ns, Total: 1091500 ns
[2022-09-04T01:28:36.752+0000][1][safepoint    ] Safepoint "Cleanup", Time since last: 1003879001 ns, Reaching safepoint: 3513125 ns, At safepoint: 128500 ns, Total: 3641625 ns
[2022-09-04T01:28:37.759+0000][1][safepoint    ] Safepoint "Cleanup", Time since last: 1006257917 ns, Reaching safepoint: 759750 ns, At safepoint: 23833 ns, Total: 783583 ns
[2022-09-04T01:28:38.764+0000][1][safepoint    ] Safepoint "Cleanup", Time since last: 1001868501 ns, Reaching safepoint: 2335292 ns, At safepoint: 65791 ns, Total: 2401083 ns
[2022-09-04T01:28:39.770+0000][1][safepoint    ] Safepoint "Cleanup", Time since last: 1005403292 ns, Reaching safepoint: 1456209 ns, At safepoint: 44291 ns, Total: 1500500 ns
[2022-09-04T01:28:40.775+0000][1][safepoint    ] Safepoint "Cleanup", Time since last: 1002590418 ns, Reaching safepoint: 2079375 ns, At safepoint: 76625 ns, Total: 2156000 ns
[2022-09-04T01:28:41.782+0000][1][safepoint    ] Safepoint "Cleanup", Time since last: 1005361792 ns, Reaching safepoint: 1259041 ns, At safepoint: 41667 ns, Total: 1300708 ns
[2022-09-04T01:28:42.787+0000][1][safepoint    ] Safepoint "Cleanup", Time since last: 1002565584 ns, Reaching safepoint: 2487333 ns, At safepoint: 97500 ns, Total: 2584833 ns
[2022-09-04T01:28:43.793+0000][1][safepoint    ] Safepoint "Cleanup", Time since last: 1005470459 ns, Reaching safepoint: 810375 ns, At safepoint: 34167 ns, Total: 844542 ns
[2022-09-04T01:28:44.797+0000][1][safepoint    ] Safepoint "Cleanup", Time since last: 1002103625 ns, Reaching safepoint: 1385917 ns, At safepoint: 57125 ns, Total: 1443042 ns
[2022-09-04T01:28:45.800+0000][1][safepoint    ] Safepoint "Cleanup", Time since last: 1002780250 ns, Reaching safepoint: 735375 ns, At safepoint: 22667 ns, Total: 758042 ns
[2022-09-04T01:28:46.804+0000][1][safepoint    ] Safepoint "Cleanup", Time since last: 1001965209 ns, Reaching safepoint: 1553875 ns, At safepoint: 182208 ns, Total: 1736083 ns
[2022-09-04T01:28:47.808+0000][1][safepoint    ] Safepoint "Cleanup", Time since last: 1003458292 ns, Reaching safepoint: 849000 ns, At safepoint: 25500 ns, Total: 874500 ns
[2022-09-04T01:28:49.169+0000][1][safepoint    ] Safepoint "Cleanup", Time since last: 1359252168 ns, Reaching safepoint: 1245250 ns, At safepoint: 103083 ns, Total: 1348333 ns
[2022-09-04T01:28:50.174+0000][1][safepoint    ] Safepoint "Cleanup", Time since last: 1003846584 ns, Reaching safepoint: 836500 ns, At safepoint: 47500 ns, Total: 884000 ns
[2022-09-04T01:28:51.178+0000][1][safepoint    ] Safepoint "Cleanup", Time since last: 1002285084 ns, Reaching safepoint: 1494625 ns, At safepoint: 45958 ns, Total: 1540583 ns
[2022-09-04T01:28:52.182+0000][1][safepoint    ] Safepoint "Cleanup", Time since last: 1003459583 ns, Reaching safepoint: 1664416 ns, At safepoint: 58250 ns, Total: 1722666 ns
[2022-09-04T01:28:53.190+0000][1][safepoint    ] Safepoint "Cleanup", Time since last: 1003795043 ns, Reaching safepoint: 3847416 ns, At safepoint: 100459 ns, Total: 3947875 ns
[2022-09-04T01:28:54.196+0000][1][safepoint    ] Safepoint "Cleanup", Time since last: 1004622625 ns, Reaching safepoint: 1078708 ns, At safepoint: 51750 ns, Total: 1130458 ns
[2022-09-04T01:28:55.199+0000][1][safepoint    ] Safepoint "Cleanup", Time since last: 1002556417 ns, Reaching safepoint: 896125 ns, At safepoint: 49500 ns, Total: 945625 ns
[2022-09-04T01:28:56.202+0000][1][safepoint    ] Safepoint "Cleanup", Time since last: 1001721668 ns, Reaching safepoint: 1192208 ns, At safepoint: 46167 ns, Total: 1238375 ns
[2022-09-04T01:28:57.206+0000][1][safepoint    ] Safepoint "Cleanup", Time since last: 1002329792 ns, Reaching safepoint: 801416 ns, At safepoint: 33875 ns, Total: 835291 ns
[2022-09-04T01:28:58.212+0000][1][safepoint    ] Safepoint "Cleanup", Time since last: 1002627834 ns, Reaching safepoint: 3730500 ns, At safepoint: 97375 ns, Total: 3827875 ns
[2022-09-04T01:28:59.217+0000][1][safepoint    ] Safepoint "Cleanup", Time since last: 1004250917 ns, Reaching safepoint: 851500 ns, At safepoint: 29167 ns, Total: 880667 ns
[2022-09-04T01:29:00.223+0000][1][safepoint    ] Safepoint "Cleanup", Time since last: 1003741001 ns, Reaching safepoint: 2313125 ns, At safepoint: 71041 ns, Total: 2384166 ns
[2022-09-04T01:29:01.230+0000][1][safepoint    ] Safepoint "Cleanup", Time since last: 1003193751 ns, Reaching safepoint: 3280500 ns, At safepoint: 102000 ns, Total: 3382500 ns
[2022-09-04T01:29:02.240+0000][1][safepoint    ] Safepoint "Cleanup", Time since last: 1005198250 ns, Reaching safepoint: 4638292 ns, At safepoint: 96083 ns, Total: 4734375 ns
[2022-09-04T01:29:03.248+0000][1][safepoint    ] Safepoint "Cleanup", Time since last: 1004617501 ns, Reaching safepoint: 3052291 ns, At safepoint: 84334 ns, Total: 3136625 ns
[2022-09-04T01:29:04.254+0000][1][safepoint    ] Safepoint "Cleanup", Time since last: 1005147875 ns, Reaching safepoint: 1023083 ns, At safepoint: 29834 ns, Total: 1052917 ns
[2022-09-04T01:29:05.257+0000][1][safepoint    ] Safepoint "Cleanup", Time since last: 1001987417 ns, Reaching safepoint: 1640208 ns, At safepoint: 62917 ns, Total: 1703125 ns
[2022-09-04T01:29:06.264+0000][1][safepoint    ] Safepoint "Cleanup", Time since last: 1002917209 ns, Reaching safepoint: 3172583 ns, At safepoint: 252042 ns, Total: 3424625 ns
[2022-09-04T01:29:07.270+0000][1][safepoint    ] Safepoint "Cleanup", Time since last: 1004907334 ns, Reaching safepoint: 896375 ns, At safepoint: 27333 ns, Total: 923708 ns
[2022-09-04T01:29:08.275+0000][1][safepoint    ] Safepoint "Cleanup", Time since last: 1003421250 ns, Reaching safepoint: 2306375 ns, At safepoint: 82875 ns, Total: 2389250 ns
[2022-09-04T01:29:09.281+0000][1][safepoint    ] Safepoint "Cleanup", Time since last: 1004890876 ns, Reaching safepoint: 1101917 ns, At safepoint: 36833 ns, Total: 1138750 ns
[2022-09-04T01:29:10.287+0000][1][safepoint    ] Safepoint "Cleanup", Time since last: 1003883625 ns, Reaching safepoint: 1547209 ns, At safepoint: 87750 ns, Total: 1634959 ns
[2022-09-04T01:29:11.292+0000][1][safepoint    ] Safepoint "Cleanup", Time since last: 1003181833 ns, Reaching safepoint: 1968500 ns, At safepoint: 105000 ns, Total: 2073500 ns
[2022-09-04T01:29:12.308+0000][1][safepoint    ] Safepoint "Cleanup", Time since last: 1010804168 ns, Reaching safepoint: 4382125 ns, At safepoint: 104000 ns, Total: 4486125 ns
[2022-09-04T01:29:13.315+0000][1][safepoint    ] Safepoint "Cleanup", Time since last: 1003947792 ns, Reaching safepoint: 2971166 ns, At safepoint: 82084 ns, Total: 3053250 ns
[2022-09-04T01:29:14.323+0000][1][safepoint    ] Safepoint "Cleanup", Time since last: 1007205792 ns, Reaching safepoint: 848667 ns, At safepoint: 22750 ns, Total: 871417 ns
[2022-09-04T01:29:15.327+0000][1][safepoint    ] Safepoint "Cleanup", Time since last: 1003779083 ns, Reaching safepoint: 1005375 ns, At safepoint: 37834 ns, Total: 1043209 ns
[2022-09-04T01:29:16.333+0000][1][safepoint    ] Safepoint "Cleanup", Time since last: 1003964125 ns, Reaching safepoint: 1293084 ns, At safepoint: 36291 ns, Total: 1329375 ns
[2022-09-04T01:29:17.337+0000][1][safepoint    ] Safepoint "Cleanup", Time since last: 1003435667 ns, Reaching safepoint: 928500 ns, At safepoint: 36959 ns, Total: 965459 ns
[2022-09-04T01:29:18.342+0000][1][safepoint    ] Safepoint "Cleanup", Time since last: 1002685750 ns, Reaching safepoint: 2388750 ns, At safepoint: 163750 ns, Total: 2552500 ns
[2022-09-04T01:29:19.349+0000][1][safepoint    ] Safepoint "Cleanup", Time since last: 1005331584 ns, Reaching safepoint: 1011292 ns, At safepoint: 35375 ns, Total: 1046667 ns
[2022-09-04T01:29:20.352+0000][1][safepoint    ] Safepoint "Cleanup", Time since last: 1002533958 ns, Reaching safepoint: 836375 ns, At safepoint: 24334 ns, Total: 860709 ns
[2022-09-04T01:29:21.356+0000][1][safepoint    ] Safepoint "Cleanup", Time since last: 1002317209 ns, Reaching safepoint: 1678875 ns, At safepoint: 51041 ns, Total: 1729916 ns
[2022-09-04T01:29:22.363+0000][1][safepoint    ] Safepoint "Cleanup", Time since last: 1004564291 ns, Reaching safepoint: 2184584 ns, At safepoint: 95833 ns, Total: 2280417 ns
[2022-09-04T01:29:23.371+0000][1][safepoint    ] Safepoint "Cleanup", Time since last: 1004824334 ns, Reaching safepoint: 3103208 ns, At safepoint: 93084 ns, Total: 3196292 ns
[2022-09-04T01:29:24.380+0000][1][safepoint    ] Safepoint "Cleanup", Time since last: 1007533417 ns, Reaching safepoint: 1655500 ns, At safepoint: 47166 ns, Total: 1702666 ns
[2022-09-04T01:29:25.385+0000][1][safepoint    ] Safepoint "Cleanup", Time since last: 1003398043 ns, Reaching safepoint: 1109333 ns, At safepoint: 28542 ns, Total: 1137875 ns
[2022-09-04T01:29:26.393+0000][1][safepoint    ] Safepoint "Cleanup", Time since last: 1006767333 ns, Reaching safepoint: 1422167 ns, At safepoint: 44417 ns, Total: 1466584 ns
[2022-09-04T01:29:27.400+0000][1][safepoint    ] Safepoint "Cleanup", Time since last: 1003521542 ns, Reaching safepoint: 3716667 ns, At safepoint: 219875 ns, Total: 3936542 ns
[2022-09-04T01:29:28.410+0000][1][safepoint    ] Safepoint "Cleanup", Time since last: 1007024833 ns, Reaching safepoint: 2477667 ns, At safepoint: 97792 ns, Total: 2575459 ns
[2022-09-04T01:29:29.414+0000][1][safepoint    ] Safepoint "Cleanup", Time since last: 1003591042 ns, Reaching safepoint: 772083 ns, At safepoint: 25167 ns, Total: 797250 ns
[2022-09-04T01:29:30.420+0000][1][safepoint    ] Safepoint "Cleanup", Time since last: 1003185125 ns, Reaching safepoint: 2410750 ns, At safepoint: 65125 ns, Total: 2475875 ns
[2022-09-04T01:29:31.430+0000][1][safepoint    ] Safepoint "Cleanup", Time since last: 1007187251 ns, Reaching safepoint: 2460791 ns, At safepoint: 92042 ns, Total: 2552833 ns
[2022-09-04T01:29:32.442+0000][1][safepoint    ] Safepoint "Cleanup", Time since last: 1008711459 ns, Reaching safepoint: 2838458 ns, At safepoint: 99875 ns, Total: 2938333 ns
[2022-09-04T01:29:33.451+0000][1][safepoint    ] Safepoint "Cleanup", Time since last: 1006288876 ns, Reaching safepoint: 3515208 ns, At safepoint: 81917 ns, Total: 3597125 ns
[2022-09-04T01:29:34.458+0000][1][safepoint    ] Safepoint "Cleanup", Time since last: 1005734667 ns, Reaching safepoint: 1027792 ns, At safepoint: 32250 ns, Total: 1060042 ns
[2022-09-04T01:29:35.464+0000][1][safepoint    ] Safepoint "Cleanup", Time since last: 1002175042 ns, Reaching safepoint: 3102375 ns, At safepoint: 92750 ns, Total: 3195125 ns
[2022-09-04T01:29:36.471+0000][1][safepoint    ] Safepoint "Cleanup", Time since last: 1004443792 ns, Reaching safepoint: 2630250 ns, At safepoint: 96417 ns, Total: 2726667 ns
[2022-09-04T01:29:37.484+0000][1][safepoint    ] Safepoint "Cleanup", Time since last: 1009786792 ns, Reaching safepoint: 3313000 ns, At safepoint: 88875 ns, Total: 3401875 ns
[2022-09-04T01:29:38.491+0000][1][safepoint    ] Safepoint "Cleanup", Time since last: 1004961250 ns, Reaching safepoint: 1896750 ns, At safepoint: 50125 ns, Total: 1946875 ns
[2022-09-04T01:29:39.350+0000][1][gc,start     ] GC(22) Pause Young (Allocation Failure)
[2022-09-04T01:29:39.356+0000][1][gc,task      ] GC(22) Using 4 workers of 4 for evacuation
[2022-09-04T01:29:39.424+0000][1][gc,age       ] GC(22) Desired survivor size 8945664 bytes, new threshold 6 (max threshold 6)
[2022-09-04T01:29:39.425+0000][1][gc,age       ] GC(22) Age table with threshold 6 (max threshold 6)
[2022-09-04T01:29:39.427+0000][1][gc,age       ] GC(22) - age   1:      23208 bytes,      23208 total
[2022-09-04T01:29:39.428+0000][1][gc,age       ] GC(22) - age   2:     239960 bytes,     263168 total
[2022-09-04T01:29:39.429+0000][1][gc,age       ] GC(22) - age   3:     102128 bytes,     365296 total
[2022-09-04T01:29:39.430+0000][1][gc,age       ] GC(22) - age   4:      83120 bytes,     448416 total
[2022-09-04T01:29:39.431+0000][1][gc,age       ] GC(22) - age   5:    2480480 bytes,    2928896 total
[2022-09-04T01:29:39.432+0000][1][gc,age       ] GC(22) - age   6:      78040 bytes,    3006936 total
[2022-09-04T01:29:39.435+0000][1][gc,heap      ] GC(22) ParNew: 146424K->5103K(157248K)
[2022-09-04T01:29:39.436+0000][1][gc,heap      ] GC(22) CMS: 60645K->63029K(349568K)
[2022-09-04T01:29:39.437+0000][1][gc,metaspace ] GC(22) Metaspace: 82139K->82139K(1124352K)
[2022-09-04T01:29:39.440+0000][1][gc           ] GC(22) Pause Young (Allocation Failure) 202M->66M(494M) 89.609ms
[2022-09-04T01:29:39.442+0000][1][gc,cpu       ] GC(22) User=0.17s Sys=0.04s Real=0.10s
[2022-09-04T01:29:39.443+0000][1][safepoint    ] Safepoint "GenCollectForAllocation", Time since last: 856603042 ns, Reaching safepoint: 1591959 ns, At safepoint: 94150625 ns, Total: 95742584 ns
[2022-09-04T01:29:40.449+0000][1][safepoint    ] Safepoint "Cleanup", Time since last: 1002805042 ns, Reaching safepoint: 2601750 ns, At safepoint: 146958 ns, Total: 2748708 ns
[2022-09-04T01:29:41.455+0000][1][safepoint    ] Safepoint "Cleanup", Time since last: 1005236542 ns, Reaching safepoint: 1068167 ns, At safepoint: 44250 ns, Total: 1112417 ns
[2022-09-04T01:29:42.461+0000][1][safepoint    ] Safepoint "Cleanup", Time since last: 1003460584 ns, Reaching safepoint: 2333250 ns, At safepoint: 93666 ns, Total: 2426916 ns
[2022-09-04T01:29:43.470+0000][1][safepoint    ] Safepoint "Cleanup", Time since last: 1007188251 ns, Reaching safepoint: 2001667 ns, At safepoint: 161291 ns, Total: 2162958 ns
[2022-09-04T01:29:44.477+0000][1][safepoint    ] Safepoint "Cleanup", Time since last: 1004977042 ns, Reaching safepoint: 1292209 ns, At safepoint: 145041 ns, Total: 1437250 ns
[2022-09-04T01:29:45.481+0000][1][safepoint    ] Safepoint "Cleanup", Time since last: 1002388459 ns, Reaching safepoint: 1388417 ns, At safepoint: 134333 ns, Total: 1522750 ns
[2022-09-04T01:29:46.486+0000][1][safepoint    ] Safepoint "Cleanup", Time since last: 1002518209 ns, Reaching safepoint: 3064667 ns, At safepoint: 109833 ns, Total: 3174500 ns
[2022-09-04T01:29:47.494+0000][1][safepoint    ] Safepoint "Cleanup", Time since last: 1004914167 ns, Reaching safepoint: 2491750 ns, At safepoint: 92917 ns, Total: 2584667 ns
[2022-09-04T01:29:48.502+0000][1][safepoint    ] Safepoint "Cleanup", Time since last: 1005013042 ns, Reaching safepoint: 2647583 ns, At safepoint: 95834 ns, Total: 2743417 ns
[2022-09-04T01:29:49.510+0000][1][safepoint    ] Safepoint "Cleanup", Time since last: 1006426000 ns, Reaching safepoint: 1522250 ns, At safepoint: 46042 ns, Total: 1568292 ns
[2022-09-04T01:29:50.514+0000][1][safepoint    ] Safepoint "Cleanup", Time since last: 1003130709 ns, Reaching safepoint: 1306041 ns, At safepoint: 50959 ns, Total: 1357000 ns
[2022-09-04T01:29:51.526+0000][1][safepoint    ] Safepoint "Cleanup", Time since last: 1010155083 ns, Reaching safepoint: 1521625 ns, At safepoint: 56334 ns, Total: 1577959 ns
[2022-09-04T01:29:52.533+0000][1][safepoint    ] Safepoint "Cleanup", Time since last: 1006950208 ns, Reaching safepoint: 1113166 ns, At safepoint: 37750 ns, Total: 1150916 ns
[2022-09-04T01:29:53.538+0000][1][safepoint    ] Safepoint "Cleanup", Time since last: 1002761959 ns, Reaching safepoint: 1835125 ns, At safepoint: 171667 ns, Total: 2006792 ns
[2022-09-04T01:29:54.544+0000][1][safepoint    ] Safepoint "Cleanup", Time since last: 1005021917 ns, Reaching safepoint: 791500 ns, At safepoint: 44375 ns, Total: 835875 ns
[2022-09-04T01:29:55.548+0000][1][safepoint    ] Safepoint "Cleanup", Time since last: 1001753209 ns, Reaching safepoint: 2424333 ns, At safepoint: 86583 ns, Total: 2510916 ns
[2022-09-04T01:29:56.553+0000][1][safepoint    ] Safepoint "Cleanup", Time since last: 1004552876 ns, Reaching safepoint: 708375 ns, At safepoint: 31291 ns, Total: 739666 ns
[2022-09-04T01:29:57.558+0000][1][safepoint    ] Safepoint "Cleanup", Time since last: 1001852668 ns, Reaching safepoint: 2440541 ns, At safepoint: 114209 ns, Total: 2554750 ns
[2022-09-04T01:29:58.565+0000][1][safepoint    ] Safepoint "Cleanup", Time since last: 1004043250 ns, Reaching safepoint: 3705125 ns, At safepoint: 87375 ns, Total: 3792500 ns
[2022-09-04T01:29:59.572+0000][1][safepoint    ] Safepoint "Cleanup", Time since last: 1005297626 ns, Reaching safepoint: 1050416 ns, At safepoint: 32625 ns, Total: 1083041 ns
[2022-09-04T01:30:00.576+0000][1][safepoint    ] Safepoint "Cleanup", Time since last: 1002235251 ns, Reaching safepoint: 2107333 ns, At safepoint: 73500 ns, Total: 2180833 ns
[2022-09-04T01:30:01.585+0000][1][safepoint    ] Safepoint "Cleanup", Time since last: 1005555584 ns, Reaching safepoint: 3014958 ns, At safepoint: 109292 ns, Total: 3124250 ns
[2022-09-04T01:30:02.597+0000][1][safepoint    ] Safepoint "Cleanup", Time since last: 1009683542 ns, Reaching safepoint: 2056208 ns, At safepoint: 90750 ns, Total: 2146958 ns
[2022-09-04T01:30:03.605+0000][1][safepoint    ] Safepoint "Cleanup", Time since last: 1005706584 ns, Reaching safepoint: 2716667 ns, At safepoint: 132416 ns, Total: 2849083 ns
[2022-09-04T01:30:04.610+0000][1][safepoint    ] Safepoint "Cleanup", Time since last: 1003961209 ns, Reaching safepoint: 785625 ns, At safepoint: 25125 ns, Total: 810750 ns
[2022-09-04T01:30:05.612+0000][1][safepoint    ] Safepoint "Cleanup", Time since last: 1001493709 ns, Reaching safepoint: 905208 ns, At safepoint: 26625 ns, Total: 931833 ns
[2022-09-04T01:30:06.616+0000][1][safepoint    ] Safepoint "Cleanup", Time since last: 1003143959 ns, Reaching safepoint: 720167 ns, At safepoint: 23333 ns, Total: 743500 ns
[2022-09-04T01:30:07.620+0000][1][safepoint    ] Safepoint "Cleanup", Time since last: 1002549709 ns, Reaching safepoint: 1089083 ns, At safepoint: 32834 ns, Total: 1121917 ns
[2022-09-04T01:30:08.624+0000][1][safepoint    ] Safepoint "Cleanup", Time since last: 1002369417 ns, Reaching safepoint: 1447750 ns, At safepoint: 62250 ns, Total: 1510000 ns
[2022-09-04T01:30:09.628+0000][1][safepoint    ] Safepoint "Cleanup", Time since last: 1002801042 ns, Reaching safepoint: 1317375 ns, At safepoint: 44583 ns, Total: 1361958 ns
[2022-09-04T01:30:10.634+0000][1][safepoint    ] Safepoint "Cleanup", Time since last: 1003005709 ns, Reaching safepoint: 3099417 ns, At safepoint: 113875 ns, Total: 3213292 ns
[2022-09-04T01:30:11.643+0000][1][safepoint    ] Safepoint "Cleanup", Time since last: 1005501292 ns, Reaching safepoint: 3331417 ns, At safepoint: 96833 ns, Total: 3428250 ns
[2022-09-04T01:30:12.652+0000][1][safepoint    ] Safepoint "Cleanup", Time since last: 1005568000 ns, Reaching safepoint: 2936459 ns, At safepoint: 62500 ns, Total: 2998959 ns
[2022-09-04T01:30:13.659+0000][1][safepoint    ] Safepoint "Cleanup", Time since last: 1004379000 ns, Reaching safepoint: 3076917 ns, At safepoint: 91000 ns, Total: 3167917 ns
[2022-09-04T01:30:14.667+0000][1][safepoint    ] Safepoint "Cleanup", Time since last: 1006249959 ns, Reaching safepoint: 1427750 ns, At safepoint: 44166 ns, Total: 1471916 ns
[2022-09-04T01:30:15.672+0000][1][safepoint    ] Safepoint "Cleanup", Time since last: 1003135459 ns, Reaching safepoint: 2063750 ns, At safepoint: 74667 ns, Total: 2138417 ns
[2022-09-04T01:30:16.678+0000][1][safepoint    ] Safepoint "Cleanup", Time since last: 1004814417 ns, Reaching safepoint: 808792 ns, At safepoint: 26250 ns, Total: 835042 ns
[2022-09-04T01:30:17.684+0000][1][safepoint    ] Safepoint "Cleanup", Time since last: 1002374000 ns, Reaching safepoint: 3145209 ns, At safepoint: 93833 ns, Total: 3239042 ns
[2022-09-04T01:30:18.691+0000][1][safepoint    ] Safepoint "Cleanup", Time since last: 1004018042 ns, Reaching safepoint: 3167083 ns, At safepoint: 183542 ns, Total: 3350625 ns
[2022-09-04T01:30:19.697+0000][1][safepoint    ] Safepoint "Cleanup", Time since last: 1004427292 ns, Reaching safepoint: 1672667 ns, At safepoint: 48083 ns, Total: 1720750 ns
[2022-09-04T01:30:20.703+0000][1][safepoint    ] Safepoint "Cleanup", Time since last: 1003896959 ns, Reaching safepoint: 1577625 ns, At safepoint: 45375 ns, Total: 1623000 ns
[2022-09-04T01:30:21.707+0000][1][safepoint    ] Safepoint "Cleanup", Time since last: 1002717125 ns, Reaching safepoint: 1899500 ns, At safepoint: 53250 ns, Total: 1952750 ns
[2022-09-04T01:30:22.742+0000][1][safepoint    ] Safepoint "Cleanup", Time since last: 1003977958 ns, Reaching safepoint: 3153334 ns, At safepoint: 79833 ns, Total: 3233167 ns
[2022-09-04T01:30:23.749+0000][1][safepoint    ] Safepoint "Cleanup", Time since last: 1004221084 ns, Reaching safepoint: 2259666 ns, At safepoint: 85834 ns, Total: 2345500 ns
[2022-09-04T01:30:24.754+0000][1][safepoint    ] Safepoint "Cleanup", Time since last: 1003694292 ns, Reaching safepoint: 958958 ns, At safepoint: 22459 ns, Total: 981417 ns
[2022-09-04T01:30:25.760+0000][1][safepoint    ] Safepoint "Cleanup", Time since last: 1004303542 ns, Reaching safepoint: 2087041 ns, At safepoint: 65709 ns, Total: 2152750 ns
[2022-09-04T01:30:26.770+0000][1][safepoint    ] Safepoint "Cleanup", Time since last: 1007233584 ns, Reaching safepoint: 2459333 ns, At safepoint: 68417 ns, Total: 2527750 ns
[2022-09-04T01:30:27.777+0000][1][safepoint    ] Safepoint "Cleanup", Time since last: 1004131875 ns, Reaching safepoint: 2721083 ns, At safepoint: 78542 ns, Total: 2799625 ns
[2022-09-04T01:30:28.785+0000][1][safepoint    ] Safepoint "Cleanup", Time since last: 1005552084 ns, Reaching safepoint: 2351500 ns, At safepoint: 68583 ns, Total: 2420083 ns
[2022-09-04T01:30:29.789+0000][1][safepoint    ] Safepoint "Cleanup", Time since last: 1003595209 ns, Reaching safepoint: 1117542 ns, At safepoint: 23250 ns, Total: 1140792 ns
[2022-09-04T01:30:30.795+0000][1][safepoint    ] Safepoint "Cleanup", Time since last: 1003261417 ns, Reaching safepoint: 2232458 ns, At safepoint: 68875 ns, Total: 2301333 ns
[2022-09-04T01:30:31.800+0000][1][safepoint    ] Safepoint "Cleanup", Time since last: 1004328917 ns, Reaching safepoint: 771250 ns, At safepoint: 25625 ns, Total: 796875 ns
[2022-09-04T01:30:32.805+0000][1][safepoint    ] Safepoint "Cleanup", Time since last: 1002861709 ns, Reaching safepoint: 2201083 ns, At safepoint: 66792 ns, Total: 2267875 ns
[2022-09-04T01:30:33.811+0000][1][safepoint    ] Safepoint "Cleanup", Time since last: 1004963042 ns, Reaching safepoint: 852209 ns, At safepoint: 35791 ns, Total: 888000 ns
[2022-09-04T01:30:35.785+0000][1][safepoint    ] Safepoint "Cleanup", Time since last: 1972778209 ns, Reaching safepoint: 1359084 ns, At safepoint: 40041 ns, Total: 1399125 ns
[2022-09-04T01:30:36.790+0000][1][safepoint    ] Safepoint "Cleanup", Time since last: 1002744793 ns, Reaching safepoint: 2238000 ns, At safepoint: 48875 ns, Total: 2286875 ns
[2022-09-04T01:30:37.795+0000][1][safepoint    ] Safepoint "Cleanup", Time since last: 1003641958 ns, Reaching safepoint: 1299334 ns, At safepoint: 45625 ns, Total: 1344959 ns
[2022-09-04T01:30:38.801+0000][1][safepoint    ] Safepoint "Cleanup", Time since last: 1003928417 ns, Reaching safepoint: 1859375 ns, At safepoint: 54792 ns, Total: 1914167 ns
[2022-09-04T01:30:39.806+0000][1][safepoint    ] Safepoint "Cleanup", Time since last: 1004038833 ns, Reaching safepoint: 792875 ns, At safepoint: 32500 ns, Total: 825375 ns
[2022-09-04T01:30:40.814+0000][1][safepoint    ] Safepoint "Cleanup", Time since last: 1003712209 ns, Reaching safepoint: 3643709 ns, At safepoint: 82375 ns, Total: 3726084 ns
[2022-09-04T01:30:41.821+0000][1][safepoint    ] Safepoint "Cleanup", Time since last: 1006569875 ns, Reaching safepoint: 884917 ns, At safepoint: 44916 ns, Total: 929833 ns
[2022-09-04T01:30:42.827+0000][1][safepoint    ] Safepoint "Cleanup", Time since last: 1002462043 ns, Reaching safepoint: 3250125 ns, At safepoint: 113708 ns, Total: 3363833 ns
[2022-09-04T01:30:43.833+0000][1][safepoint    ] Safepoint "Cleanup", Time since last: 1004176542 ns, Reaching safepoint: 1496750 ns, At safepoint: 113458 ns, Total: 1610208 ns
[2022-09-04T01:30:44.838+0000][1][safepoint    ] Safepoint "Cleanup", Time since last: 1004163626 ns, Reaching safepoint: 1021375 ns, At safepoint: 29625 ns, Total: 1051000 ns
[2022-09-04T01:30:45.842+0000][1][safepoint    ] Safepoint "Cleanup", Time since last: 1002072750 ns, Reaching safepoint: 1599209 ns, At safepoint: 116250 ns, Total: 1715459 ns
[2022-09-04T01:30:46.846+0000][1][safepoint    ] Safepoint "Cleanup", Time since last: 1003081500 ns, Reaching safepoint: 1049708 ns, At safepoint: 58042 ns, Total: 1107750 ns
[2022-09-04T01:30:47.851+0000][1][safepoint    ] Safepoint "Cleanup", Time since last: 1004157126 ns, Reaching safepoint: 1244916 ns, At safepoint: 43750 ns, Total: 1288666 ns
[2022-09-04T01:30:48.857+0000][1][safepoint    ] Safepoint "Cleanup", Time since last: 1004368959 ns, Reaching safepoint: 1490792 ns, At safepoint: 55833 ns, Total: 1546625 ns
[2022-09-04T01:30:49.863+0000][1][safepoint    ] Safepoint "Cleanup", Time since last: 1005152417 ns, Reaching safepoint: 924209 ns, At safepoint: 32916 ns, Total: 957125 ns
[2022-09-04T01:30:50.907+0000][1][safepoint    ] Safepoint "Cleanup", Time since last: 1042673917 ns, Reaching safepoint: 937834 ns, At safepoint: 20500 ns, Total: 958334 ns
[2022-09-04T01:30:51.918+0000][1][safepoint    ] Safepoint "Cleanup", Time since last: 1002372875 ns, Reaching safepoint: 763916 ns, At safepoint: 23334 ns, Total: 787250 ns
[2022-09-04T01:30:52.922+0000][1][safepoint    ] Safepoint "Cleanup", Time since last: 1002076833 ns, Reaching safepoint: 1984667 ns, At safepoint: 52958 ns, Total: 2037625 ns
[2022-09-04T01:30:53.925+0000][1][safepoint    ] Safepoint "Cleanup", Time since last: 1002759292 ns, Reaching safepoint: 885167 ns, At safepoint: 29667 ns, Total: 914834 ns
[2022-09-04T01:30:54.929+0000][1][safepoint    ] Safepoint "Cleanup", Time since last: 1002894834 ns, Reaching safepoint: 940750 ns, At safepoint: 30333 ns, Total: 971083 ns
[2022-09-04T01:30:55.939+0000][1][safepoint    ] Safepoint "Cleanup", Time since last: 1008705625 ns, Reaching safepoint: 755584 ns, At safepoint: 26916 ns, Total: 782500 ns
[2022-09-04T01:30:56.944+0000][1][safepoint    ] Safepoint "Cleanup", Time since last: 1003023709 ns, Reaching safepoint: 2414542 ns, At safepoint: 95750 ns, Total: 2510292 ns
[2022-09-04T01:30:57.953+0000][1][safepoint    ] Safepoint "Cleanup", Time since last: 1006188500 ns, Reaching safepoint: 1900334 ns, At safepoint: 58125 ns, Total: 1958459 ns
[2022-09-04T01:30:58.959+0000][1][safepoint    ] Safepoint "Cleanup", Time since last: 1004089084 ns, Reaching safepoint: 1825208 ns, At safepoint: 104958 ns, Total: 1930166 ns
[2022-09-04T01:30:59.963+0000][1][safepoint    ] Safepoint "Cleanup", Time since last: 1003397709 ns, Reaching safepoint: 1128833 ns, At safepoint: 56500 ns, Total: 1185333 ns
[2022-09-04T01:31:00.967+0000][1][safepoint    ] Safepoint "Cleanup", Time since last: 1002115418 ns, Reaching safepoint: 1648583 ns, At safepoint: 46125 ns, Total: 1694708 ns
[2022-09-04T01:31:01.976+0000][1][safepoint    ] Safepoint "Cleanup", Time since last: 1006980584 ns, Reaching safepoint: 1594250 ns, At safepoint: 52833 ns, Total: 1647083 ns
[2022-09-04T01:31:02.983+0000][1][safepoint    ] Safepoint "Cleanup", Time since last: 1004019709 ns, Reaching safepoint: 2944666 ns, At safepoint: 87125 ns, Total: 3031791 ns
[2022-09-04T01:31:03.988+0000][1][safepoint    ] Safepoint "Cleanup", Time since last: 1004321293 ns, Reaching safepoint: 1425000 ns, At safepoint: 43500 ns, Total: 1468500 ns
[2022-09-04T01:31:04.992+0000][1][safepoint    ] Safepoint "Cleanup", Time since last: 1003095375 ns, Reaching safepoint: 778792 ns, At safepoint: 23708 ns, Total: 802500 ns
[2022-09-04T01:31:05.994+0000][1][safepoint    ] Safepoint "Cleanup", Time since last: 1001393876 ns, Reaching safepoint: 730666 ns, At safepoint: 21584 ns, Total: 752250 ns
[2022-09-04T01:31:06.997+0000][1][safepoint    ] Safepoint "Cleanup", Time since last: 1001408000 ns, Reaching safepoint: 1098542 ns, At safepoint: 39666 ns, Total: 1138208 ns
[2022-09-04T01:31:08.002+0000][1][safepoint    ] Safepoint "Cleanup", Time since last: 1003454959 ns, Reaching safepoint: 1881500 ns, At safepoint: 56042 ns, Total: 1937542 ns
[2022-09-04T01:31:09.012+0000][1][safepoint    ] Safepoint "Cleanup", Time since last: 1006676625 ns, Reaching safepoint: 2739084 ns, At safepoint: 87250 ns, Total: 2826334 ns
[2022-09-04T01:31:10.021+0000][1][safepoint    ] Safepoint "Cleanup", Time since last: 1008122834 ns, Reaching safepoint: 875083 ns, At safepoint: 25750 ns, Total: 900833 ns
[2022-09-04T01:31:11.025+0000][1][safepoint    ] Safepoint "Cleanup", Time since last: 1002177292 ns, Reaching safepoint: 1471292 ns, At safepoint: 35375 ns, Total: 1506667 ns
[2022-09-04T01:31:12.030+0000][1][safepoint    ] Safepoint "Cleanup", Time since last: 1003662750 ns, Reaching safepoint: 1369167 ns, At safepoint: 41958 ns, Total: 1411125 ns
[2022-09-04T01:31:13.034+0000][1][safepoint    ] Safepoint "Cleanup", Time since last: 1002711501 ns, Reaching safepoint: 1444250 ns, At safepoint: 51208 ns, Total: 1495458 ns
[2022-09-04T01:31:14.041+0000][1][safepoint    ] Safepoint "Cleanup", Time since last: 1004266417 ns, Reaching safepoint: 2974167 ns, At safepoint: 187750 ns, Total: 3161917 ns
[2022-09-04T01:31:15.048+0000][1][safepoint    ] Safepoint "Cleanup", Time since last: 1005953084 ns, Reaching safepoint: 1075791 ns, At safepoint: 28459 ns, Total: 1104250 ns
[2022-09-04T01:31:16.053+0000][1][safepoint    ] Safepoint "Cleanup", Time since last: 1003972708 ns, Reaching safepoint: 888125 ns, At safepoint: 22542 ns, Total: 910667 ns
[2022-09-04T01:31:17.058+0000][1][safepoint    ] Safepoint "Cleanup", Time since last: 1002243501 ns, Reaching safepoint: 2410416 ns, At safepoint: 79834 ns, Total: 2490250 ns
[2022-09-04T01:31:18.065+0000][1][safepoint    ] Safepoint "Cleanup", Time since last: 1006235250 ns, Reaching safepoint: 954542 ns, At safepoint: 51000 ns, Total: 1005542 ns
[2022-09-04T01:31:19.070+0000][1][safepoint    ] Safepoint "Cleanup", Time since last: 1002933458 ns, Reaching safepoint: 1370834 ns, At safepoint: 41375 ns, Total: 1412209 ns
[2022-09-04T01:31:20.076+0000][1][safepoint    ] Safepoint "Cleanup", Time since last: 1005500000 ns, Reaching safepoint: 835709 ns, At safepoint: 23083 ns, Total: 858792 ns
[2022-09-04T01:31:21.080+0000][1][safepoint    ] Safepoint "Cleanup", Time since last: 1002988334 ns, Reaching safepoint: 719458 ns, At safepoint: 22292 ns, Total: 741750 ns
[2022-09-04T01:31:22.085+0000][1][safepoint    ] Safepoint "Cleanup", Time since last: 1001646375 ns, Reaching safepoint: 2327291 ns, At safepoint: 83167 ns, Total: 2410458 ns
[2022-09-04T01:31:23.092+0000][1][safepoint    ] Safepoint "Cleanup", Time since last: 1003808584 ns, Reaching safepoint: 3610250 ns, At safepoint: 209125 ns, Total: 3819375 ns
[2022-09-04T01:31:24.100+0000][1][safepoint    ] Safepoint "Cleanup", Time since last: 1005679959 ns, Reaching safepoint: 1557791 ns, At safepoint: 88209 ns, Total: 1646000 ns
[2022-09-04T01:31:25.105+0000][1][safepoint    ] Safepoint "Cleanup", Time since last: 1004848167 ns, Reaching safepoint: 928458 ns, At safepoint: 25500 ns, Total: 953958 ns
[2022-09-04T01:31:26.113+0000][1][safepoint    ] Safepoint "Cleanup", Time since last: 1006306876 ns, Reaching safepoint: 950375 ns, At safepoint: 30000 ns, Total: 980375 ns
[2022-09-04T01:31:27.116+0000][1][safepoint    ] Safepoint "Cleanup", Time since last: 1002283458 ns, Reaching safepoint: 1294709 ns, At safepoint: 38833 ns, Total: 1333542 ns
[2022-09-04T01:31:28.125+0000][1][safepoint    ] Safepoint "Cleanup", Time since last: 1005021000 ns, Reaching safepoint: 3294917 ns, At safepoint: 99917 ns, Total: 3394834 ns
[2022-09-04T01:31:29.134+0000][1][safepoint    ] Safepoint "Cleanup", Time since last: 1006055542 ns, Reaching safepoint: 3241375 ns, At safepoint: 93417 ns, Total: 3334792 ns
[2022-09-04T01:31:30.141+0000][1][safepoint    ] Safepoint "Cleanup", Time since last: 1005624167 ns, Reaching safepoint: 840208 ns, At safepoint: 25958 ns, Total: 866166 ns
[2022-09-04T01:31:31.144+0000][1][safepoint    ] Safepoint "Cleanup", Time since last: 1002637334 ns, Reaching safepoint: 1065375 ns, At safepoint: 32792 ns, Total: 1098167 ns
[2022-09-04T01:31:32.147+0000][1][safepoint    ] Safepoint "Cleanup", Time since last: 1001697667 ns, Reaching safepoint: 867333 ns, At safepoint: 25084 ns, Total: 892417 ns
[2022-09-04T01:31:33.152+0000][1][safepoint    ] Safepoint "Cleanup", Time since last: 1001818917 ns, Reaching safepoint: 2965708 ns, At safepoint: 78750 ns, Total: 3044458 ns
[2022-09-04T01:31:34.160+0000][1][safepoint    ] Safepoint "Cleanup", Time since last: 1004786876 ns, Reaching safepoint: 3673000 ns, At safepoint: 93416 ns, Total: 3766416 ns
[2022-09-04T01:31:35.165+0000][1][safepoint    ] Safepoint "Cleanup", Time since last: 1004100293 ns, Reaching safepoint: 919750 ns, At safepoint: 37500 ns, Total: 957250 ns
[2022-09-04T01:31:36.168+0000][1][safepoint    ] Safepoint "Cleanup", Time since last: 1002377958 ns, Reaching safepoint: 747209 ns, At safepoint: 22750 ns, Total: 769959 ns
[2022-09-04T01:31:37.172+0000][1][safepoint    ] Safepoint "Cleanup", Time since last: 1002851542 ns, Reaching safepoint: 699166 ns, At safepoint: 54875 ns, Total: 754041 ns
[2022-09-04T01:31:38.176+0000][1][safepoint    ] Safepoint "Cleanup", Time since last: 1002562251 ns, Reaching safepoint: 1752417 ns, At safepoint: 64416 ns, Total: 1816833 ns
[2022-09-04T01:31:39.183+0000][1][safepoint    ] Safepoint "Cleanup", Time since last: 1004755834 ns, Reaching safepoint: 1367208 ns, At safepoint: 30709 ns, Total: 1397917 ns
[2022-09-04T01:31:41.008+0000][1][safepoint    ] Safepoint "Cleanup", Time since last: 1821126876 ns, Reaching safepoint: 3802916 ns, At safepoint: 48584 ns, Total: 3851500 ns
[2022-09-04T01:31:42.012+0000][1][safepoint    ] Safepoint "Cleanup", Time since last: 1002654667 ns, Reaching safepoint: 1227916 ns, At safepoint: 43625 ns, Total: 1271541 ns
[2022-09-04T01:31:43.017+0000][1][safepoint    ] Safepoint "Cleanup", Time since last: 1004169918 ns, Reaching safepoint: 1205750 ns, At safepoint: 35333 ns, Total: 1241083 ns
[2022-09-04T01:31:44.023+0000][1][safepoint    ] Safepoint "Cleanup", Time since last: 1003195959 ns, Reaching safepoint: 2631625 ns, At safepoint: 73083 ns, Total: 2704708 ns
[2022-09-04T01:31:45.029+0000][1][safepoint    ] Safepoint "Cleanup", Time since last: 1004924917 ns, Reaching safepoint: 1002667 ns, At safepoint: 33375 ns, Total: 1036042 ns
[2022-09-04T01:31:46.032+0000][1][safepoint    ] Safepoint "Cleanup", Time since last: 1002128750 ns, Reaching safepoint: 743792 ns, At safepoint: 24417 ns, Total: 768209 ns
[2022-09-04T01:31:47.037+0000][1][safepoint    ] Safepoint "Cleanup", Time since last: 1001863250 ns, Reaching safepoint: 3046792 ns, At safepoint: 98458 ns, Total: 3145250 ns
[2022-09-04T01:31:48.046+0000][1][safepoint    ] Safepoint "Cleanup", Time since last: 1006786042 ns, Reaching safepoint: 2761000 ns, At safepoint: 70625 ns, Total: 2831625 ns
[2022-09-04T01:31:49.053+0000][1][safepoint    ] Safepoint "Cleanup", Time since last: 1004455876 ns, Reaching safepoint: 1720916 ns, At safepoint: 64834 ns, Total: 1785750 ns
[2022-09-04T01:31:49.568+0000][1][safepoint    ] Safepoint "RevokeBias", Time since last: 513367792 ns, Reaching safepoint: 1517750 ns, At safepoint: 340291 ns, Total: 1858041 ns
[2022-09-04T01:31:49.579+0000][1][safepoint    ] Safepoint "RevokeBias", Time since last: 8898084 ns, Reaching safepoint: 1552541 ns, At safepoint: 319750 ns, Total: 1872291 ns
[2022-09-04T01:31:49.584+0000][1][safepoint    ] Safepoint "RevokeBias", Time since last: 4227792 ns, Reaching safepoint: 1248667 ns, At safepoint: 376125 ns, Total: 1624792 ns
[2022-09-04T01:31:49.591+0000][1][safepoint    ] Safepoint "RevokeBias", Time since last: 5490708 ns, Reaching safepoint: 768417 ns, At safepoint: 161375 ns, Total: 929792 ns
[2022-09-04T01:31:49.596+0000][1][safepoint    ] Safepoint "RevokeBias", Time since last: 4637916 ns, Reaching safepoint: 781500 ns, At safepoint: 153667 ns, Total: 935167 ns
[2022-09-04T01:31:50.602+0000][1][safepoint    ] Safepoint "Cleanup", Time since last: 1004175417 ns, Reaching safepoint: 1435000 ns, At safepoint: 120334 ns, Total: 1555334 ns
[2022-09-04T01:31:51.611+0000][1][safepoint    ] Safepoint "Cleanup", Time since last: 1007095333 ns, Reaching safepoint: 1516667 ns, At safepoint: 44875 ns, Total: 1561542 ns
[2022-09-04T01:31:52.626+0000][1][safepoint    ] Safepoint "Cleanup", Time since last: 1011567583 ns, Reaching safepoint: 3304750 ns, At safepoint: 97417 ns, Total: 3402167 ns
[2022-09-04T01:31:53.635+0000][1][safepoint    ] Safepoint "Cleanup", Time since last: 1005186375 ns, Reaching safepoint: 3446875 ns, At safepoint: 100625 ns, Total: 3547500 ns
[2022-09-04T01:31:54.642+0000][1][safepoint    ] Safepoint "Cleanup", Time since last: 1004669667 ns, Reaching safepoint: 3095250 ns, At safepoint: 93709 ns, Total: 3188959 ns
[2022-09-04T01:31:55.651+0000][1][safepoint    ] Safepoint "Cleanup", Time since last: 1005444792 ns, Reaching safepoint: 3339333 ns, At safepoint: 102333 ns, Total: 3441666 ns
[2022-09-04T01:31:56.667+0000][1][safepoint    ] Safepoint "Cleanup", Time since last: 1012007584 ns, Reaching safepoint: 3309208 ns, At safepoint: 105334 ns, Total: 3414542 ns
[2022-09-04T01:31:57.676+0000][1][safepoint    ] Safepoint "Cleanup", Time since last: 1007424042 ns, Reaching safepoint: 1933708 ns, At safepoint: 148584 ns, Total: 2082292 ns
[2022-09-04T01:31:58.681+0000][1][safepoint    ] Safepoint "Cleanup", Time since last: 1004448417 ns, Reaching safepoint: 696500 ns, At safepoint: 25125 ns, Total: 721625 ns
[2022-09-04T01:31:59.685+0000][1][safepoint    ] Safepoint "Cleanup", Time since last: 1002636500 ns, Reaching safepoint: 1399500 ns, At safepoint: 46792 ns, Total: 1446292 ns
[2022-09-04T01:32:00.693+0000][1][safepoint    ] Safepoint "Cleanup", Time since last: 1005339500 ns, Reaching safepoint: 2387084 ns, At safepoint: 68166 ns, Total: 2455250 ns
[2022-09-04T01:32:01.337+0000][1][safepoint    ] Safepoint "RevokeBias", Time since last: 641132167 ns, Reaching safepoint: 1097750 ns, At safepoint: 1119792 ns, Total: 2217542 ns
[2022-09-04T01:32:01.348+0000][1][safepoint    ] Safepoint "RevokeBias", Time since last: 9353083 ns, Reaching safepoint: 1402167 ns, At safepoint: 140250 ns, Total: 1542417 ns
[2022-09-04T01:32:01.426+0000][1][safepoint    ] Safepoint "RevokeBias", Time since last: 77097417 ns, Reaching safepoint: 1190708 ns, At safepoint: 523542 ns, Total: 1714250 ns
[2022-09-04T01:32:02.093+0000][1][safepoint    ] Safepoint "RevokeBias", Time since last: 664646125 ns, Reaching safepoint: 1645625 ns, At safepoint: 253250 ns, Total: 1898875 ns
[2022-09-04T01:32:02.096+0000][1][safepoint    ] Safepoint "RevokeBias", Time since last: 2640333 ns, Reaching safepoint: 460167 ns, At safepoint: 83583 ns, Total: 543750 ns
[2022-09-04T01:32:02.104+0000][1][safepoint    ] Safepoint "RevokeBias", Time since last: 6020250 ns, Reaching safepoint: 1930209 ns, At safepoint: 364083 ns, Total: 2294292 ns
[2022-09-04T01:32:02.121+0000][1][safepoint    ] Safepoint "RevokeBias", Time since last: 15024250 ns, Reaching safepoint: 1305333 ns, At safepoint: 156167 ns, Total: 1461500 ns
[2022-09-04T01:32:02.125+0000][1][safepoint    ] Safepoint "RevokeBias", Time since last: 3831708 ns, Reaching safepoint: 790500 ns, At safepoint: 92834 ns, Total: 883334 ns
[2022-09-04T01:32:02.133+0000][1][safepoint    ] Safepoint "RevokeBias", Time since last: 6660416 ns, Reaching safepoint: 707667 ns, At safepoint: 97708 ns, Total: 805375 ns
[2022-09-04T01:32:02.138+0000][1][safepoint    ] Safepoint "RevokeBias", Time since last: 4247375 ns, Reaching safepoint: 759834 ns, At safepoint: 236166 ns, Total: 996000 ns
[2022-09-04T01:32:02.365+0000][1][safepoint    ] Safepoint "RevokeBias", Time since last: 223681626 ns, Reaching safepoint: 2600875 ns, At safepoint: 421583 ns, Total: 3022458 ns
[2022-09-04T01:32:02.408+0000][1][safepoint    ] Safepoint "RevokeBias", Time since last: 40774458 ns, Reaching safepoint: 987709 ns, At safepoint: 917875 ns, Total: 1905584 ns
[2022-09-04T01:32:03.427+0000][1][safepoint    ] Safepoint "Cleanup", Time since last: 1003489833 ns, Reaching safepoint: 11646042 ns, At safepoint: 749917 ns, Total: 12395959 ns
[2022-09-04T01:32:04.282+0000][1][safepoint    ] Safepoint "RevokeBias", Time since last: 854874292 ns, Reaching safepoint: 1344125 ns, At safepoint: 2410750 ns, Total: 3754875 ns
[2022-09-04T01:32:04.582+0000][1][safepoint    ] Safepoint "RevokeBias", Time since last: 299244708 ns, Reaching safepoint: 877875 ns, At safepoint: 89875 ns, Total: 967750 ns
[2022-09-04T01:32:04.759+0000][1][safepoint    ] Safepoint "RevokeBias", Time since last: 175834750 ns, Reaching safepoint: 488000 ns, At safepoint: 89459 ns, Total: 577459 ns
[2022-09-04T01:32:04.890+0000][1][safepoint    ] Safepoint "RevokeBias", Time since last: 129825416 ns, Reaching safepoint: 1063542 ns, At safepoint: 93375 ns, Total: 1156917 ns
[2022-09-04T01:32:04.910+0000][1][safepoint    ] Safepoint "RevokeBias", Time since last: 18209750 ns, Reaching safepoint: 1368333 ns, At safepoint: 226709 ns, Total: 1595042 ns
[2022-09-04T01:32:04.998+0000][1][safepoint    ] Safepoint "RevokeBias", Time since last: 87473000 ns, Reaching safepoint: 696083 ns, At safepoint: 536000 ns, Total: 1232083 ns
[2022-09-04T01:32:05.007+0000][1][safepoint    ] Safepoint "RevokeBias", Time since last: 7888750 ns, Reaching safepoint: 431833 ns, At safepoint: 75417 ns, Total: 507250 ns
[2022-09-04T01:32:05.010+0000][1][safepoint    ] Safepoint "RevokeBias", Time since last: 3137000 ns, Reaching safepoint: 460792 ns, At safepoint: 75833 ns, Total: 536625 ns
[2022-09-04T01:32:05.028+0000][1][safepoint    ] Safepoint "RevokeBias", Time since last: 17261375 ns, Reaching safepoint: 505125 ns, At safepoint: 98833 ns, Total: 603958 ns
[2022-09-04T01:32:05.031+0000][1][safepoint    ] Safepoint "RevokeBias", Time since last: 2311584 ns, Reaching safepoint: 357583 ns, At safepoint: 67292 ns, Total: 424875 ns
[2022-09-04T01:32:05.033+0000][1][safepoint    ] Safepoint "RevokeBias", Time since last: 1401583 ns, Reaching safepoint: 483125 ns, At safepoint: 79583 ns, Total: 562708 ns
[2022-09-04T01:32:05.072+0000][1][safepoint    ] Safepoint "RevokeBias", Time since last: 37598750 ns, Reaching safepoint: 1669875 ns, At safepoint: 96959 ns, Total: 1766834 ns
[2022-09-04T01:32:05.081+0000][1][safepoint    ] Safepoint "RevokeBias", Time since last: 8400333 ns, Reaching safepoint: 749708 ns, At safepoint: 103500 ns, Total: 853208 ns
[2022-09-04T01:32:05.090+0000][1][safepoint    ] Safepoint "RevokeBias", Time since last: 7150917 ns, Reaching safepoint: 784833 ns, At safepoint: 464542 ns, Total: 1249375 ns
[2022-09-04T01:32:05.093+0000][1][safepoint    ] Safepoint "RevokeBias", Time since last: 2427500 ns, Reaching safepoint: 528542 ns, At safepoint: 413375 ns, Total: 941917 ns
[2022-09-04T01:32:05.105+0000][1][safepoint    ] Safepoint "RevokeBias", Time since last: 10055833 ns, Reaching safepoint: 1470625 ns, At safepoint: 142500 ns, Total: 1613125 ns
[2022-09-04T01:32:05.126+0000][1][safepoint    ] Safepoint "RevokeBias", Time since last: 18185625 ns, Reaching safepoint: 3034584 ns, At safepoint: 98458 ns, Total: 3133042 ns
[2022-09-04T01:32:05.129+0000][1][safepoint    ] Safepoint "RevokeBias", Time since last: 1867250 ns, Reaching safepoint: 791208 ns, At safepoint: 90500 ns, Total: 881708 ns
[2022-09-04T01:32:05.131+0000][1][safepoint    ] Safepoint "RevokeBias", Time since last: 1654542 ns, Reaching safepoint: 539708 ns, At safepoint: 118375 ns, Total: 658083 ns
[2022-09-04T01:32:05.153+0000][1][safepoint    ] Safepoint "RevokeBias", Time since last: 20540250 ns, Reaching safepoint: 642000 ns, At safepoint: 96000 ns, Total: 738000 ns
[2022-09-04T01:32:05.206+0000][1][safepoint    ] Safepoint "RevokeBias", Time since last: 52412167 ns, Reaching safepoint: 887833 ns, At safepoint: 106625 ns, Total: 994458 ns
[2022-09-04T01:32:05.221+0000][1][safepoint    ] Safepoint "RevokeBias", Time since last: 14831834 ns, Reaching safepoint: 604666 ns, At safepoint: 102334 ns, Total: 707000 ns
[2022-09-04T01:32:05.232+0000][1][safepoint    ] Safepoint "RevokeBias", Time since last: 9662583 ns, Reaching safepoint: 647792 ns, At safepoint: 98083 ns, Total: 745875 ns
[2022-09-04T01:32:05.237+0000][1][safepoint    ] Safepoint "RevokeBias", Time since last: 4201750 ns, Reaching safepoint: 496625 ns, At safepoint: 82542 ns, Total: 579167 ns
[2022-09-04T01:32:05.336+0000][1][safepoint    ] Safepoint "RevokeBias", Time since last: 97820458 ns, Reaching safepoint: 1257250 ns, At safepoint: 101250 ns, Total: 1358500 ns
[2022-09-04T01:32:05.348+0000][1][safepoint    ] Safepoint "RevokeBias", Time since last: 9471667 ns, Reaching safepoint: 2270125 ns, At safepoint: 98416 ns, Total: 2368541 ns
[2022-09-04T01:32:05.434+0000][1][safepoint    ] Safepoint "RevokeBias", Time since last: 85920792 ns, Reaching safepoint: 713042 ns, At safepoint: 94500 ns, Total: 807542 ns
[2022-09-04T01:32:05.437+0000][1][safepoint    ] Safepoint "RevokeBias", Time since last: 2529375 ns, Reaching safepoint: 321875 ns, At safepoint: 70458 ns, Total: 392333 ns
[2022-09-04T01:32:05.480+0000][1][safepoint    ] Safepoint "RevokeBias", Time since last: 42293833 ns, Reaching safepoint: 577000 ns, At safepoint: 98875 ns, Total: 675875 ns
[2022-09-04T01:32:05.515+0000][1][safepoint    ] Safepoint "RevokeBias", Time since last: 33564750 ns, Reaching safepoint: 555792 ns, At safepoint: 149000 ns, Total: 704792 ns
[2022-09-04T01:32:05.526+0000][1][safepoint    ] Safepoint "RevokeBias", Time since last: 10634458 ns, Reaching safepoint: 1024834 ns, At safepoint: 90083 ns, Total: 1114917 ns
[2022-09-04T01:32:06.354+0000][1][safepoint    ] Safepoint "RevokeBias", Time since last: 826417917 ns, Reaching safepoint: 1184417 ns, At safepoint: 162291 ns, Total: 1346708 ns
[2022-09-04T01:32:07.358+0000][1][safepoint    ] Safepoint "Cleanup", Time since last: 1002635793 ns, Reaching safepoint: 860375 ns, At safepoint: 32375 ns, Total: 892750 ns
[2022-09-04T01:32:08.364+0000][1][safepoint    ] Safepoint "Cleanup", Time since last: 1004429375 ns, Reaching safepoint: 1590917 ns, At safepoint: 104750 ns, Total: 1695667 ns
[2022-09-04T01:32:09.372+0000][1][safepoint    ] Safepoint "Cleanup", Time since last: 1006859709 ns, Reaching safepoint: 1605916 ns, At safepoint: 45000 ns, Total: 1650916 ns
[2022-09-04T01:32:10.376+0000][1][safepoint    ] Safepoint "Cleanup", Time since last: 1002483417 ns, Reaching safepoint: 767459 ns, At safepoint: 23958 ns, Total: 791417 ns
[2022-09-04T01:32:11.379+0000][1][safepoint    ] Safepoint "Cleanup", Time since last: 1002743209 ns, Reaching safepoint: 929416 ns, At safepoint: 43792 ns, Total: 973208 ns
[2022-09-04T01:32:12.383+0000][1][safepoint    ] Safepoint "Cleanup", Time since last: 1001736709 ns, Reaching safepoint: 1964667 ns, At safepoint: 163750 ns, Total: 2128417 ns
[2022-09-04T01:32:13.391+0000][1][safepoint    ] Safepoint "Cleanup", Time since last: 1005120333 ns, Reaching safepoint: 2938125 ns, At safepoint: 66042 ns, Total: 3004167 ns
[2022-09-04T01:32:14.399+0000][1][safepoint    ] Safepoint "Cleanup", Time since last: 1004556251 ns, Reaching safepoint: 2934458 ns, At safepoint: 66792 ns, Total: 3001250 ns
[2022-09-04T01:32:15.403+0000][1][safepoint    ] Safepoint "Cleanup", Time since last: 1003741875 ns, Reaching safepoint: 761958 ns, At safepoint: 23250 ns, Total: 785208 ns
[2022-09-04T01:32:16.407+0000][1][safepoint    ] Safepoint "Cleanup", Time since last: 1002070543 ns, Reaching safepoint: 1670916 ns, At safepoint: 49792 ns, Total: 1720708 ns
[2022-09-04T01:32:17.413+0000][1][safepoint    ] Safepoint "Cleanup", Time since last: 1004939542 ns, Reaching safepoint: 1112917 ns, At safepoint: 32625 ns, Total: 1145542 ns
[2022-09-04T01:32:18.421+0000][1][safepoint    ] Safepoint "Cleanup", Time since last: 1004294292 ns, Reaching safepoint: 3348167 ns, At safepoint: 81916 ns, Total: 3430083 ns
[2022-09-04T01:32:19.430+0000][1][safepoint    ] Safepoint "Cleanup", Time since last: 1007525459 ns, Reaching safepoint: 1505417 ns, At safepoint: 101375 ns, Total: 1606792 ns
[2022-09-04T01:32:20.435+0000][1][safepoint    ] Safepoint "Cleanup", Time since last: 1003669625 ns, Reaching safepoint: 761583 ns, At safepoint: 21334 ns, Total: 782917 ns
[2022-09-04T01:32:21.439+0000][1][safepoint    ] Safepoint "Cleanup", Time since last: 1003270500 ns, Reaching safepoint: 1141917 ns, At safepoint: 43208 ns, Total: 1185125 ns
[2022-09-04T01:32:22.448+0000][1][safepoint    ] Safepoint "Cleanup", Time since last: 1005009917 ns, Reaching safepoint: 3465958 ns, At safepoint: 95125 ns, Total: 3561083 ns
[2022-09-04T01:32:23.456+0000][1][safepoint    ] Safepoint "Cleanup", Time since last: 1005706917 ns, Reaching safepoint: 2732417 ns, At safepoint: 174125 ns, Total: 2906542 ns
[2022-09-04T01:32:24.466+0000][1][safepoint    ] Safepoint "Cleanup", Time since last: 1006442042 ns, Reaching safepoint: 2788542 ns, At safepoint: 71166 ns, Total: 2859708 ns
[2022-09-04T01:32:25.470+0000][1][safepoint    ] Safepoint "Cleanup", Time since last: 1003534709 ns, Reaching safepoint: 849292 ns, At safepoint: 30292 ns, Total: 879584 ns
[2022-09-04T01:32:26.478+0000][1][safepoint    ] Safepoint "Cleanup", Time since last: 1004703458 ns, Reaching safepoint: 3547084 ns, At safepoint: 94833 ns, Total: 3641917 ns
[2022-09-04T01:32:27.493+0000][1][safepoint    ] Safepoint "Cleanup", Time since last: 1010981417 ns, Reaching safepoint: 3603125 ns, At safepoint: 96042 ns, Total: 3699167 ns
[2022-09-04T01:32:28.505+0000][1][safepoint    ] Safepoint "Cleanup", Time since last: 1008490500 ns, Reaching safepoint: 3459500 ns, At safepoint: 84125 ns, Total: 3543625 ns
[2022-09-04T01:32:29.511+0000][1][safepoint    ] Safepoint "Cleanup", Time since last: 1004809959 ns, Reaching safepoint: 1038000 ns, At safepoint: 29792 ns, Total: 1067792 ns
[2022-09-04T01:32:30.516+0000][1][safepoint    ] Safepoint "Cleanup", Time since last: 1003250667 ns, Reaching safepoint: 1803083 ns, At safepoint: 49500 ns, Total: 1852583 ns
[2022-09-04T01:32:31.524+0000][1][safepoint    ] Safepoint "Cleanup", Time since last: 1006213251 ns, Reaching safepoint: 1209083 ns, At safepoint: 32958 ns, Total: 1242041 ns
[2022-09-04T01:32:32.532+0000][1][safepoint    ] Safepoint "Cleanup", Time since last: 1005076001 ns, Reaching safepoint: 2931083 ns, At safepoint: 73084 ns, Total: 3004167 ns
[2022-09-04T01:32:33.538+0000][1][safepoint    ] Safepoint "Cleanup", Time since last: 1005828417 ns, Reaching safepoint: 966208 ns, At safepoint: 30667 ns, Total: 996875 ns
[2022-09-04T01:32:34.337+0000][1][safepoint    ] Safepoint "RevokeBias", Time since last: 795529417 ns, Reaching safepoint: 2503375 ns, At safepoint: 612291 ns, Total: 3115666 ns
[2022-09-04T01:32:35.978+0000][1][safepoint    ] Safepoint "Cleanup", Time since last: 1635746626 ns, Reaching safepoint: 4660959 ns, At safepoint: 185250 ns, Total: 4846209 ns
[2022-09-04T01:32:36.989+0000][1][safepoint    ] Safepoint "Cleanup", Time since last: 1007889917 ns, Reaching safepoint: 2936916 ns, At safepoint: 86584 ns, Total: 3023500 ns
[2022-09-04T01:32:37.996+0000][1][safepoint    ] Safepoint "Cleanup", Time since last: 1005566959 ns, Reaching safepoint: 1658625 ns, At safepoint: 54958 ns, Total: 1713583 ns
[2022-09-04T01:32:39.000+0000][1][safepoint    ] Safepoint "Cleanup", Time since last: 1003013125 ns, Reaching safepoint: 902709 ns, At safepoint: 24416 ns, Total: 927125 ns
[2022-09-04T01:32:40.006+0000][1][safepoint    ] Safepoint "Cleanup", Time since last: 1005451709 ns, Reaching safepoint: 792625 ns, At safepoint: 25417 ns, Total: 818042 ns
[2022-09-04T01:32:41.012+0000][1][safepoint    ] Safepoint "Cleanup", Time since last: 1002325167 ns, Reaching safepoint: 3075875 ns, At safepoint: 90458 ns, Total: 3166333 ns
[2022-09-04T01:32:42.021+0000][1][safepoint    ] Safepoint "Cleanup", Time since last: 1005662626 ns, Reaching safepoint: 3464791 ns, At safepoint: 98084 ns, Total: 3562875 ns
[2022-09-04T01:32:43.028+0000][1][safepoint    ] Safepoint "Cleanup", Time since last: 1005589750 ns, Reaching safepoint: 1225750 ns, At safepoint: 35250 ns, Total: 1261000 ns
[2022-09-04T01:32:44.035+0000][1][safepoint    ] Safepoint "Cleanup", Time since last: 1003691751 ns, Reaching safepoint: 3535458 ns, At safepoint: 101167 ns, Total: 3636625 ns
[2022-09-04T01:32:45.044+0000][1][safepoint    ] Safepoint "Cleanup", Time since last: 1006890667 ns, Reaching safepoint: 1635917 ns, At safepoint: 52250 ns, Total: 1688167 ns
[2022-09-04T01:32:46.049+0000][1][safepoint    ] Safepoint "Cleanup", Time since last: 1003402583 ns, Reaching safepoint: 2285459 ns, At safepoint: 44708 ns, Total: 2330167 ns
[2022-09-04T01:32:47.056+0000][1][safepoint    ] Safepoint "Cleanup", Time since last: 1003266126 ns, Reaching safepoint: 3595500 ns, At safepoint: 157208 ns, Total: 3752708 ns
[2022-09-04T01:32:48.066+0000][1][safepoint    ] Safepoint "Cleanup", Time since last: 1005594709 ns, Reaching safepoint: 3692250 ns, At safepoint: 97250 ns, Total: 3789500 ns
[2022-09-04T01:32:49.076+0000][1][safepoint    ] Safepoint "Cleanup", Time since last: 1009076458 ns, Reaching safepoint: 951709 ns, At safepoint: 28291 ns, Total: 980000 ns
[2022-09-04T01:32:50.084+0000][1][safepoint    ] Safepoint "Cleanup", Time since last: 1005710209 ns, Reaching safepoint: 2486375 ns, At safepoint: 74042 ns, Total: 2560417 ns
[2022-09-04T01:32:51.092+0000][1][safepoint    ] Safepoint "Cleanup", Time since last: 1006201292 ns, Reaching safepoint: 1583750 ns, At safepoint: 45667 ns, Total: 1629417 ns
[2022-09-04T01:32:52.103+0000][1][safepoint    ] Safepoint "Cleanup", Time since last: 1007700041 ns, Reaching safepoint: 3515334 ns, At safepoint: 300916 ns, Total: 3816250 ns
[2022-09-04T01:32:53.115+0000][1][safepoint    ] Safepoint "Cleanup", Time since last: 1007293626 ns, Reaching safepoint: 3886125 ns, At safepoint: 96166 ns, Total: 3982291 ns
[2022-09-04T01:32:54.127+0000][1][safepoint    ] Safepoint "Cleanup", Time since last: 1006815334 ns, Reaching safepoint: 5248542 ns, At safepoint: 123500 ns, Total: 5372042 ns
[2022-09-04T01:32:55.133+0000][1][safepoint    ] Safepoint "Cleanup", Time since last: 1003916125 ns, Reaching safepoint: 2523875 ns, At safepoint: 69209 ns, Total: 2593084 ns
[2022-09-04T01:32:56.140+0000][1][safepoint    ] Safepoint "Cleanup", Time since last: 1003980209 ns, Reaching safepoint: 2728500 ns, At safepoint: 89750 ns, Total: 2818250 ns
[2022-09-04T01:32:57.150+0000][1][safepoint    ] Safepoint "Cleanup", Time since last: 1005536083 ns, Reaching safepoint: 4559042 ns, At safepoint: 115375 ns, Total: 4674417 ns
[2022-09-04T01:32:58.161+0000][1][safepoint    ] Safepoint "Cleanup", Time since last: 1005339251 ns, Reaching safepoint: 4454000 ns, At safepoint: 388791 ns, Total: 4842791 ns
[2022-09-04T01:32:59.166+0000][1][safepoint    ] Safepoint "Cleanup", Time since last: 1004366209 ns, Reaching safepoint: 928500 ns, At safepoint: 25458 ns, Total: 953958 ns
[2022-09-04T01:33:00.171+0000][1][safepoint    ] Safepoint "Cleanup", Time since last: 1001707917 ns, Reaching safepoint: 2819625 ns, At safepoint: 72459 ns, Total: 2892084 ns
[2022-09-04T01:33:01.179+0000][1][safepoint    ] Safepoint "Cleanup", Time since last: 1005856667 ns, Reaching safepoint: 1797417 ns, At safepoint: 427875 ns, Total: 2225292 ns
[2022-09-04T01:33:02.187+0000][1][safepoint    ] Safepoint "Cleanup", Time since last: 1005844792 ns, Reaching safepoint: 2024666 ns, At safepoint: 71167 ns, Total: 2095833 ns
[2022-09-04T01:33:03.196+0000][1][safepoint    ] Safepoint "Cleanup", Time since last: 1007397376 ns, Reaching safepoint: 1877500 ns, At safepoint: 59458 ns, Total: 1936958 ns
[2022-09-04T01:33:04.203+0000][1][safepoint    ] Safepoint "Cleanup", Time since last: 1005406667 ns, Reaching safepoint: 1290917 ns, At safepoint: 43875 ns, Total: 1334792 ns
[2022-09-04T01:33:05.207+0000][1][safepoint    ] Safepoint "Cleanup", Time since last: 1003183542 ns, Reaching safepoint: 1009958 ns, At safepoint: 22917 ns, Total: 1032875 ns
[2022-09-04T01:33:06.344+0000][1][safepoint    ] Safepoint "Cleanup", Time since last: 1136198042 ns, Reaching safepoint: 894208 ns, At safepoint: 38125 ns, Total: 932333 ns
[2022-09-04T01:33:07.348+0000][1][safepoint    ] Safepoint "Cleanup", Time since last: 1002006834 ns, Reaching safepoint: 1552000 ns, At safepoint: 45584 ns, Total: 1597584 ns
[2022-09-04T01:33:08.354+0000][1][safepoint    ] Safepoint "Cleanup", Time since last: 1003274625 ns, Reaching safepoint: 3114125 ns, At safepoint: 78792 ns, Total: 3192917 ns
[2022-09-04T01:33:09.359+0000][1][safepoint    ] Safepoint "Cleanup", Time since last: 1004489250 ns, Reaching safepoint: 828042 ns, At safepoint: 23417 ns, Total: 851459 ns
[2022-09-04T01:33:10.363+0000][1][safepoint    ] Safepoint "Cleanup", Time since last: 1001554000 ns, Reaching safepoint: 2068125 ns, At safepoint: 64458 ns, Total: 2132583 ns
[2022-09-04T01:33:11.367+0000][1][safepoint    ] Safepoint "Cleanup", Time since last: 1002688042 ns, Reaching safepoint: 1233584 ns, At safepoint: 28125 ns, Total: 1261709 ns
[2022-09-04T01:33:12.375+0000][1][safepoint    ] Safepoint "Cleanup", Time since last: 1003416542 ns, Reaching safepoint: 3736667 ns, At safepoint: 409666 ns, Total: 4146333 ns
[2022-09-04T01:33:13.385+0000][1][safepoint    ] Safepoint "Cleanup", Time since last: 1006414626 ns, Reaching safepoint: 3909875 ns, At safepoint: 102083 ns, Total: 4011958 ns
[2022-09-04T01:33:14.396+0000][1][safepoint    ] Safepoint "Cleanup", Time since last: 1005124001 ns, Reaching safepoint: 5676875 ns, At safepoint: 87166 ns, Total: 5764041 ns
[2022-09-04T01:33:15.403+0000][1][safepoint    ] Safepoint "Cleanup", Time since last: 1006223542 ns, Reaching safepoint: 808792 ns, At safepoint: 21417 ns, Total: 830209 ns
[2022-09-04T01:33:16.407+0000][1][safepoint    ] Safepoint "Cleanup", Time since last: 1002589500 ns, Reaching safepoint: 1260334 ns, At safepoint: 35916 ns, Total: 1296250 ns
[2022-09-04T01:33:17.415+0000][1][safepoint    ] Safepoint "Cleanup", Time since last: 1005388001 ns, Reaching safepoint: 2679583 ns, At safepoint: 82208 ns, Total: 2761791 ns
[2022-09-04T01:33:18.425+0000][1][safepoint    ] Safepoint "Cleanup", Time since last: 1007550376 ns, Reaching safepoint: 2612667 ns, At safepoint: 157416 ns, Total: 2770083 ns
[2022-09-04T01:33:19.432+0000][1][safepoint    ] Safepoint "Cleanup", Time since last: 1005678459 ns, Reaching safepoint: 969333 ns, At safepoint: 26750 ns, Total: 996083 ns
[2022-09-04T01:33:20.436+0000][1][safepoint    ] Safepoint "Cleanup", Time since last: 1001924292 ns, Reaching safepoint: 2499667 ns, At safepoint: 96708 ns, Total: 2596375 ns
[2022-09-04T01:33:21.443+0000][1][safepoint    ] Safepoint "Cleanup", Time since last: 1005400876 ns, Reaching safepoint: 1371208 ns, At safepoint: 53167 ns, Total: 1424375 ns
[2022-09-04T01:33:22.449+0000][1][safepoint    ] Safepoint "Cleanup", Time since last: 1002879666 ns, Reaching safepoint: 3180292 ns, At safepoint: 88667 ns, Total: 3268959 ns
[2022-09-04T01:33:23.456+0000][1][safepoint    ] Safepoint "Cleanup", Time since last: 1003599959 ns, Reaching safepoint: 3400833 ns, At safepoint: 110833 ns, Total: 3511666 ns
[2022-09-04T01:33:24.466+0000][1][safepoint    ] Safepoint "Cleanup", Time since last: 1006873126 ns, Reaching safepoint: 3269625 ns, At safepoint: 95666 ns, Total: 3365291 ns
[2022-09-04T01:33:25.473+0000][1][safepoint    ] Safepoint "Cleanup", Time since last: 1005466751 ns, Reaching safepoint: 1242167 ns, At safepoint: 35833 ns, Total: 1278000 ns
[2022-09-04T01:33:26.477+0000][1][safepoint    ] Safepoint "Cleanup", Time since last: 1002302042 ns, Reaching safepoint: 1450542 ns, At safepoint: 40666 ns, Total: 1491208 ns
[2022-09-04T01:33:27.779+0000][1][safepoint    ] Safepoint "Cleanup", Time since last: 1300908668 ns, Reaching safepoint: 1054875 ns, At safepoint: 35416 ns, Total: 1090291 ns
[2022-09-04T01:33:28.784+0000][1][safepoint    ] Safepoint "Cleanup", Time since last: 1002283626 ns, Reaching safepoint: 2433666 ns, At safepoint: 68375 ns, Total: 2502041 ns
[2022-09-04T01:33:29.788+0000][1][safepoint    ] Safepoint "Cleanup", Time since last: 1003185168 ns, Reaching safepoint: 1399708 ns, At safepoint: 46583 ns, Total: 1446291 ns
[2022-09-04T01:33:30.795+0000][1][safepoint    ] Safepoint "Cleanup", Time since last: 1004942709 ns, Reaching safepoint: 1572167 ns, At safepoint: 46750 ns, Total: 1618917 ns
[2022-09-04T01:33:31.810+0000][1][safepoint    ] Safepoint "Cleanup", Time since last: 1013091042 ns, Reaching safepoint: 1474375 ns, At safepoint: 424250 ns, Total: 1898625 ns
[2022-09-04T01:33:32.815+0000][1][safepoint    ] Safepoint "Cleanup", Time since last: 1002973792 ns, Reaching safepoint: 2442375 ns, At safepoint: 96417 ns, Total: 2538792 ns
[2022-09-04T01:33:33.820+0000][1][safepoint    ] Safepoint "Cleanup", Time since last: 1003582459 ns, Reaching safepoint: 1299208 ns, At safepoint: 49417 ns, Total: 1348625 ns
[2022-09-04T01:33:34.826+0000][1][safepoint    ] Safepoint "Cleanup", Time since last: 1003119542 ns, Reaching safepoint: 2598625 ns, At safepoint: 75083 ns, Total: 2673708 ns
[2022-09-04T01:33:35.831+0000][1][safepoint    ] Safepoint "Cleanup", Time since last: 1004011167 ns, Reaching safepoint: 1154417 ns, At safepoint: 30458 ns, Total: 1184875 ns
[2022-09-04T01:33:36.835+0000][1][safepoint    ] Safepoint "Cleanup", Time since last: 1002000251 ns, Reaching safepoint: 1375375 ns, At safepoint: 40833 ns, Total: 1416208 ns
[2022-09-04T01:33:37.839+0000][1][safepoint    ] Safepoint "Cleanup", Time since last: 1003867417 ns, Reaching safepoint: 827833 ns, At safepoint: 24375 ns, Total: 852208 ns
[2022-09-04T01:33:38.846+0000][1][safepoint    ] Safepoint "Cleanup", Time since last: 1003289209 ns, Reaching safepoint: 3327584 ns, At safepoint: 75041 ns, Total: 3402625 ns
[2022-09-04T01:33:39.851+0000][1][safepoint    ] Safepoint "Cleanup", Time since last: 1003973834 ns, Reaching safepoint: 1307875 ns, At safepoint: 32375 ns, Total: 1340250 ns
[2022-09-04T01:33:40.855+0000][1][safepoint    ] Safepoint "Cleanup", Time since last: 1002094417 ns, Reaching safepoint: 1717834 ns, At safepoint: 59208 ns, Total: 1777042 ns
[2022-09-04T01:33:41.862+0000][1][safepoint    ] Safepoint "Cleanup", Time since last: 1005019000 ns, Reaching safepoint: 1227250 ns, At safepoint: 82417 ns, Total: 1309667 ns
[2022-09-04T01:33:42.866+0000][1][safepoint    ] Safepoint "Cleanup", Time since last: 1002999167 ns, Reaching safepoint: 1639084 ns, At safepoint: 74750 ns, Total: 1713834 ns
[2022-09-04T01:33:43.872+0000][1][safepoint    ] Safepoint "Cleanup", Time since last: 1004461292 ns, Reaching safepoint: 1505166 ns, At safepoint: 42667 ns, Total: 1547833 ns
[2022-09-04T01:33:44.878+0000][1][safepoint    ] Safepoint "Cleanup", Time since last: 1002807875 ns, Reaching safepoint: 3131875 ns, At safepoint: 94000 ns, Total: 3225875 ns
[2022-09-04T01:33:45.884+0000][1][safepoint    ] Safepoint "Cleanup", Time since last: 1005038501 ns, Reaching safepoint: 918125 ns, At safepoint: 25000 ns, Total: 943125 ns
[2022-09-04T01:33:46.889+0000][1][safepoint    ] Safepoint "Cleanup", Time since last: 1003021292 ns, Reaching safepoint: 1937208 ns, At safepoint: 56209 ns, Total: 1993417 ns
[2022-09-04T01:33:47.895+0000][1][safepoint    ] Safepoint "Cleanup", Time since last: 1004411667 ns, Reaching safepoint: 1253208 ns, At safepoint: 33375 ns, Total: 1286583 ns
[2022-09-04T01:33:48.902+0000][1][safepoint    ] Safepoint "Cleanup", Time since last: 1003852709 ns, Reaching safepoint: 2482958 ns, At safepoint: 62667 ns, Total: 2545625 ns
[2022-09-04T01:33:49.907+0000][1][safepoint    ] Safepoint "Cleanup", Time since last: 1005077334 ns, Reaching safepoint: 827375 ns, At safepoint: 24208 ns, Total: 851583 ns
[2022-09-04T01:33:50.912+0000][1][safepoint    ] Safepoint "Cleanup", Time since last: 1003635959 ns, Reaching safepoint: 832958 ns, At safepoint: 20875 ns, Total: 853833 ns
[2022-09-04T01:33:51.778+0000][1][safepoint    ] Safepoint "RevokeBias", Time since last: 864761292 ns, Reaching safepoint: 830084 ns, At safepoint: 187875 ns, Total: 1017959 ns
[2022-09-04T01:33:51.792+0000][1][safepoint    ] Safepoint "RevokeBias", Time since last: 8673208 ns, Reaching safepoint: 759458 ns, At safepoint: 4806792 ns, Total: 5566250 ns
[2022-09-04T01:33:51.885+0000][1][safepoint    ] Safepoint "RevokeBias", Time since last: 91665458 ns, Reaching safepoint: 1342500 ns, At safepoint: 194875 ns, Total: 1537375 ns
[2022-09-04T01:33:52.402+0000][1][safepoint    ] Safepoint "RevokeBias", Time since last: 514996875 ns, Reaching safepoint: 1549667 ns, At safepoint: 327416 ns, Total: 1877083 ns
[2022-09-04T01:33:52.407+0000][1][safepoint    ] Safepoint "RevokeBias", Time since last: 4239500 ns, Reaching safepoint: 524542 ns, At safepoint: 303042 ns, Total: 827584 ns
[2022-09-04T01:33:52.425+0000][1][safepoint    ] Safepoint "RevokeBias", Time since last: 17278708 ns, Reaching safepoint: 656542 ns, At safepoint: 120041 ns, Total: 776583 ns
[2022-09-04T01:33:52.430+0000][1][safepoint    ] Safepoint "RevokeBias", Time since last: 4270792 ns, Reaching safepoint: 811458 ns, At safepoint: 212042 ns, Total: 1023500 ns
[2022-09-04T01:33:52.434+0000][1][safepoint    ] Safepoint "RevokeBias", Time since last: 2606125 ns, Reaching safepoint: 606833 ns, At safepoint: 124417 ns, Total: 731250 ns
[2022-09-04T01:33:52.439+0000][1][safepoint    ] Safepoint "RevokeBias", Time since last: 3247208 ns, Reaching safepoint: 2182875 ns, At safepoint: 130584 ns, Total: 2313459 ns
[2022-09-04T01:33:52.462+0000][1][safepoint    ] Safepoint "RevokeBias", Time since last: 22017000 ns, Reaching safepoint: 986375 ns, At safepoint: 237875 ns, Total: 1224250 ns
[2022-09-04T01:33:52.469+0000][1][safepoint    ] Safepoint "RevokeBias", Time since last: 5602375 ns, Reaching safepoint: 572291 ns, At safepoint: 298542 ns, Total: 870833 ns
[2022-09-04T01:33:52.471+0000][1][safepoint    ] Safepoint "RevokeBias", Time since last: 1708958 ns, Reaching safepoint: 630500 ns, At safepoint: 115834 ns, Total: 746334 ns
[2022-09-04T01:33:52.477+0000][1][safepoint    ] Safepoint "RevokeBias", Time since last: 4761500 ns, Reaching safepoint: 760333 ns, At safepoint: 119500 ns, Total: 879833 ns
[2022-09-04T01:33:52.481+0000][1][safepoint    ] Safepoint "RevokeBias", Time since last: 2915458 ns, Reaching safepoint: 592459 ns, At safepoint: 350041 ns, Total: 942500 ns
[2022-09-04T01:33:52.485+0000][1][safepoint    ] Safepoint "RevokeBias", Time since last: 3089417 ns, Reaching safepoint: 899083 ns, At safepoint: 301667 ns, Total: 1200750 ns
[2022-09-04T01:33:52.493+0000][1][safepoint    ] Safepoint "RevokeBias", Time since last: 4767958 ns, Reaching safepoint: 2292542 ns, At safepoint: 734125 ns, Total: 3026667 ns
[2022-09-04T01:33:52.711+0000][1][safepoint    ] Safepoint "RevokeBias", Time since last: 217229250 ns, Reaching safepoint: 1046000 ns, At safepoint: 155792 ns, Total: 1201792 ns
[2022-09-04T01:33:52.753+0000][1][safepoint    ] Safepoint "RevokeBias", Time since last: 40486542 ns, Reaching safepoint: 769541 ns, At safepoint: 156209 ns, Total: 925750 ns
[2022-09-04T01:33:52.758+0000][1][safepoint    ] Safepoint "RevokeBias", Time since last: 4636791 ns, Reaching safepoint: 594625 ns, At safepoint: 170084 ns, Total: 764709 ns
[2022-09-04T01:33:52.956+0000][1][safepoint    ] Safepoint "RevokeBias", Time since last: 194767041 ns, Reaching safepoint: 2316125 ns, At safepoint: 219209 ns, Total: 2535334 ns
[2022-09-04T01:33:53.199+0000][1][safepoint    ] Safepoint "RevokeBias", Time since last: 240968833 ns, Reaching safepoint: 2817125 ns, At safepoint: 151750 ns, Total: 2968875 ns
[2022-09-04T01:33:53.441+0000][1][safepoint    ] Safepoint "RevokeBias", Time since last: 239749542 ns, Reaching safepoint: 1778125 ns, At safepoint: 93292 ns, Total: 1871417 ns
[2022-09-04T01:33:53.973+0000][1][safepoint    ] Safepoint "RevokeBias", Time since last: 530884375 ns, Reaching safepoint: 1024667 ns, At safepoint: 97291 ns, Total: 1121958 ns
[2022-09-04T01:33:53.977+0000][1][safepoint    ] Safepoint "RevokeBias", Time since last: 2831375 ns, Reaching safepoint: 555167 ns, At safepoint: 91583 ns, Total: 646750 ns
[2022-09-04T01:33:53.979+0000][1][safepoint    ] Safepoint "RevokeBias", Time since last: 1835084 ns, Reaching safepoint: 545750 ns, At safepoint: 90125 ns, Total: 635875 ns
[2022-09-04T01:33:54.984+0000][1][safepoint    ] Safepoint "Cleanup", Time since last: 1001401208 ns, Reaching safepoint: 3101042 ns, At safepoint: 93333 ns, Total: 3194375 ns
[2022-09-04T01:33:55.618+0000][1][safepoint    ] Safepoint "RevokeBias", Time since last: 632706251 ns, Reaching safepoint: 1130250 ns, At safepoint: 120416 ns, Total: 1250666 ns
[2022-09-04T01:33:56.622+0000][1][safepoint    ] Safepoint "Cleanup", Time since last: 1002933334 ns, Reaching safepoint: 981625 ns, At safepoint: 31750 ns, Total: 1013375 ns
[2022-09-04T01:33:57.629+0000][1][safepoint    ] Safepoint "Cleanup", Time since last: 1002985584 ns, Reaching safepoint: 3932042 ns, At safepoint: 261250 ns, Total: 4193292 ns
[2022-09-04T01:33:58.635+0000][1][safepoint    ] Safepoint "Cleanup", Time since last: 1003441458 ns, Reaching safepoint: 2323000 ns, At safepoint: 66209 ns, Total: 2389209 ns
[2022-09-04T01:33:59.640+0000][1][safepoint    ] Safepoint "Cleanup", Time since last: 1004003167 ns, Reaching safepoint: 1038083 ns, At safepoint: 24250 ns, Total: 1062333 ns
[2022-09-04T01:34:00.645+0000][1][safepoint    ] Safepoint "Cleanup", Time since last: 1001766959 ns, Reaching safepoint: 3244667 ns, At safepoint: 245708 ns, Total: 3490375 ns
[2022-09-04T01:34:01.653+0000][1][safepoint    ] Safepoint "Cleanup", Time since last: 1003942167 ns, Reaching safepoint: 4043084 ns, At safepoint: 207208 ns, Total: 4250292 ns
[2022-09-04T01:34:02.668+0000][1][safepoint    ] Safepoint "Cleanup", Time since last: 1010203000 ns, Reaching safepoint: 4058709 ns, At safepoint: 111583 ns, Total: 4170292 ns
[2022-09-04T01:34:03.676+0000][1][safepoint    ] Safepoint "Cleanup", Time since last: 1004810500 ns, Reaching safepoint: 3957750 ns, At safepoint: 105875 ns, Total: 4063625 ns
[2022-09-04T01:34:04.686+0000][1][safepoint    ] Safepoint "Cleanup", Time since last: 1005317043 ns, Reaching safepoint: 3823791 ns, At safepoint: 93250 ns, Total: 3917041 ns
[2022-09-04T01:34:05.141+0000][1][safepoint    ] Safepoint "RevokeBias", Time since last: 452721751 ns, Reaching safepoint: 2322833 ns, At safepoint: 293208 ns, Total: 2616041 ns
[2022-09-04T01:34:06.145+0000][1][safepoint    ] Safepoint "Cleanup", Time since last: 1002395667 ns, Reaching safepoint: 1693709 ns, At safepoint: 35291 ns, Total: 1729000 ns
[2022-09-04T01:34:07.151+0000][1][safepoint    ] Safepoint "Cleanup", Time since last: 1002643542 ns, Reaching safepoint: 2870250 ns, At safepoint: 86292 ns, Total: 2956542 ns
[2022-09-04T01:34:08.157+0000][1][safepoint    ] Safepoint "Cleanup", Time since last: 1004031292 ns, Reaching safepoint: 2424834 ns, At safepoint: 72583 ns, Total: 2497417 ns
[2022-09-04T01:34:09.161+0000][1][safepoint    ] Safepoint "Cleanup", Time since last: 1002696750 ns, Reaching safepoint: 1065959 ns, At safepoint: 29958 ns, Total: 1095917 ns
[2022-09-04T01:34:10.164+0000][1][safepoint    ] Safepoint "Cleanup", Time since last: 1001838876 ns, Reaching safepoint: 876875 ns, At safepoint: 26125 ns, Total: 903000 ns
[2022-09-04T01:34:11.168+0000][1][safepoint    ] Safepoint "Cleanup", Time since last: 1001868750 ns, Reaching safepoint: 2287125 ns, At safepoint: 49667 ns, Total: 2336792 ns
[2022-09-04T01:34:12.173+0000][1][safepoint    ] Safepoint "Cleanup", Time since last: 1003289125 ns, Reaching safepoint: 1430375 ns, At safepoint: 34417 ns, Total: 1464792 ns
[2022-09-04T01:34:13.177+0000][1][safepoint    ] Safepoint "Cleanup", Time since last: 1002514417 ns, Reaching safepoint: 2169125 ns, At safepoint: 44292 ns, Total: 2213417 ns
[2022-09-04T01:34:14.182+0000][1][safepoint    ] Safepoint "Cleanup", Time since last: 1002654292 ns, Reaching safepoint: 1595333 ns, At safepoint: 34542 ns, Total: 1629875 ns
[2022-09-04T01:34:15.188+0000][1][safepoint    ] Safepoint "Cleanup", Time since last: 1004628042 ns, Reaching safepoint: 1323250 ns, At safepoint: 34208 ns, Total: 1357458 ns
[2022-09-04T01:34:15.732+0000][1][gc,start     ] GC(23) Pause Young (Allocation Failure)
[2022-09-04T01:34:15.740+0000][1][gc,task      ] GC(23) Using 4 workers of 4 for evacuation
[2022-09-04T01:34:15.805+0000][1][gc,age       ] GC(23) Desired survivor size 8945664 bytes, new threshold 6 (max threshold 6)
[2022-09-04T01:34:15.807+0000][1][gc,age       ] GC(23) Age table with threshold 6 (max threshold 6)
[2022-09-04T01:34:15.808+0000][1][gc,age       ] GC(23) - age   1:     440360 bytes,     440360 total
[2022-09-04T01:34:15.810+0000][1][gc,age       ] GC(23) - age   2:       9896 bytes,     450256 total
[2022-09-04T01:34:15.811+0000][1][gc,age       ] GC(23) - age   3:      16288 bytes,     466544 total
[2022-09-04T01:34:15.812+0000][1][gc,age       ] GC(23) - age   4:      52080 bytes,     518624 total
[2022-09-04T01:34:15.813+0000][1][gc,age       ] GC(23) - age   5:      57920 bytes,     576544 total
[2022-09-04T01:34:15.814+0000][1][gc,age       ] GC(23) - age   6:    2480320 bytes,    3056864 total
[2022-09-04T01:34:15.817+0000][1][gc,heap      ] GC(23) ParNew: 144879K->3559K(157248K)
[2022-09-04T01:34:15.818+0000][1][gc,heap      ] GC(23) CMS: 63029K->63100K(349568K)
[2022-09-04T01:34:15.819+0000][1][gc,metaspace ] GC(23) Metaspace: 82316K->82316K(1124352K)
[2022-09-04T01:34:15.821+0000][1][gc           ] GC(23) Pause Young (Allocation Failure) 203M->65M(494M) 89.617ms
[2022-09-04T01:34:15.822+0000][1][gc,cpu       ] GC(23) User=0.12s Sys=0.05s Real=0.09s
[2022-09-04T01:34:15.824+0000][1][safepoint    ] Safepoint "GenCollectForAllocation", Time since last: 539150042 ns, Reaching safepoint: 3204917 ns, At safepoint: 93664167 ns, Total: 96869084 ns
[2022-09-04T01:34:16.828+0000][1][safepoint    ] Safepoint "Cleanup", Time since last: 1002354333 ns, Reaching safepoint: 2039125 ns, At safepoint: 97875 ns, Total: 2137000 ns
[2022-09-04T01:34:17.832+0000][1][safepoint    ] Safepoint "Cleanup", Time since last: 1002488251 ns, Reaching safepoint: 1503167 ns, At safepoint: 201333 ns, Total: 1704500 ns
[2022-09-04T01:34:18.840+0000][1][safepoint    ] Safepoint "Cleanup", Time since last: 1002964917 ns, Reaching safepoint: 4184958 ns, At safepoint: 167084 ns, Total: 4352042 ns
[2022-09-04T01:34:19.848+0000][1][safepoint    ] Safepoint "Cleanup", Time since last: 1007089125 ns, Reaching safepoint: 896167 ns, At safepoint: 23833 ns, Total: 920000 ns
[2022-09-04T01:34:21.253+0000][1][safepoint    ] Safepoint "Cleanup", Time since last: 1404392876 ns, Reaching safepoint: 1171042 ns, At safepoint: 25583 ns, Total: 1196625 ns
[2022-09-04T01:34:22.257+0000][1][safepoint    ] Safepoint "Cleanup", Time since last: 1002259792 ns, Reaching safepoint: 1319625 ns, At safepoint: 37375 ns, Total: 1357000 ns
[2022-09-04T01:34:22.976+0000][1][safepoint    ] Safepoint "RevokeBias", Time since last: 717723083 ns, Reaching safepoint: 1503875 ns, At safepoint: 141250 ns, Total: 1645125 ns
[2022-09-04T01:34:22.983+0000][1][safepoint    ] Safepoint "RevokeBias", Time since last: 5918875 ns, Reaching safepoint: 659584 ns, At safepoint: 93708 ns, Total: 753292 ns
[2022-09-04T01:34:22.985+0000][1][safepoint    ] Safepoint "RevokeBias", Time since last: 1723458 ns, Reaching safepoint: 403000 ns, At safepoint: 68125 ns, Total: 471125 ns
[2022-09-04T01:34:23.092+0000][1][safepoint    ] Safepoint "RevokeBias", Time since last: 105634084 ns, Reaching safepoint: 1149250 ns, At safepoint: 159375 ns, Total: 1308625 ns
[2022-09-04T01:34:24.095+0000][1][safepoint    ] Safepoint "Cleanup", Time since last: 1001357375 ns, Reaching safepoint: 1201167 ns, At safepoint: 28125 ns, Total: 1229292 ns
[2022-09-04T01:34:25.100+0000][1][safepoint    ] Safepoint "Cleanup", Time since last: 1003610709 ns, Reaching safepoint: 1747875 ns, At safepoint: 45291 ns, Total: 1793166 ns
[2022-09-04T01:34:26.107+0000][1][safepoint    ] Safepoint "Cleanup", Time since last: 1003024751 ns, Reaching safepoint: 3519500 ns, At safepoint: 99750 ns, Total: 3619250 ns
[2022-09-04T01:34:27.120+0000][1][safepoint    ] Safepoint "Cleanup", Time since last: 1009303959 ns, Reaching safepoint: 3381333 ns, At safepoint: 91875 ns, Total: 3473208 ns
[2022-09-04T01:34:28.127+0000][1][safepoint    ] Safepoint "Cleanup", Time since last: 1003670959 ns, Reaching safepoint: 3699458 ns, At safepoint: 317083 ns, Total: 4016541 ns
[2022-09-04T01:34:29.137+0000][1][safepoint    ] Safepoint "Cleanup", Time since last: 1005713918 ns, Reaching safepoint: 3918541 ns, At safepoint: 120375 ns, Total: 4038916 ns
[2022-09-04T01:34:30.149+0000][1][safepoint    ] Safepoint "Cleanup", Time since last: 1006776917 ns, Reaching safepoint: 4628167 ns, At safepoint: 164375 ns, Total: 4792542 ns
[2022-09-04T01:34:31.159+0000][1][safepoint    ] Safepoint "Cleanup", Time since last: 1005666792 ns, Reaching safepoint: 5025834 ns, At safepoint: 160916 ns, Total: 5186750 ns
[2022-09-04T01:34:32.167+0000][1][safepoint    ] Safepoint "Cleanup", Time since last: 1004892001 ns, Reaching safepoint: 2795875 ns, At safepoint: 118583 ns, Total: 2914458 ns
[2022-09-04T01:34:33.174+0000][1][safepoint    ] Safepoint "Cleanup", Time since last: 1005802126 ns, Reaching safepoint: 1131208 ns, At safepoint: 27875 ns, Total: 1159083 ns
[2022-09-04T01:34:34.177+0000][1][safepoint    ] Safepoint "Cleanup", Time since last: 1001868542 ns, Reaching safepoint: 886375 ns, At safepoint: 22333 ns, Total: 908708 ns
[2022-09-04T01:34:35.179+0000][1][safepoint    ] Safepoint "Cleanup", Time since last: 1001592251 ns, Reaching safepoint: 913208 ns, At safepoint: 25334 ns, Total: 938542 ns
[2022-09-04T01:34:36.183+0000][1][safepoint    ] Safepoint "Cleanup", Time since last: 1002043000 ns, Reaching safepoint: 1394750 ns, At safepoint: 29625 ns, Total: 1424375 ns
[2022-09-04T01:34:37.188+0000][1][safepoint    ] Safepoint "Cleanup", Time since last: 1003885750 ns, Reaching safepoint: 1586459 ns, At safepoint: 39708 ns, Total: 1626167 ns
[2022-09-04T01:34:38.194+0000][1][safepoint    ] Safepoint "Cleanup", Time since last: 1003568667 ns, Reaching safepoint: 1599792 ns, At safepoint: 43000 ns, Total: 1642792 ns
[2022-09-04T01:34:39.200+0000][1][safepoint    ] Safepoint "Cleanup", Time since last: 1004142667 ns, Reaching safepoint: 1878625 ns, At safepoint: 50583 ns, Total: 1929208 ns
[2022-09-04T01:34:40.204+0000][1][safepoint    ] Safepoint "Cleanup", Time since last: 1003307459 ns, Reaching safepoint: 1339834 ns, At safepoint: 34041 ns, Total: 1373875 ns
[2022-09-04T01:34:41.209+0000][1][safepoint    ] Safepoint "Cleanup", Time since last: 1003415459 ns, Reaching safepoint: 1415208 ns, At safepoint: 32959 ns, Total: 1448167 ns
[2022-09-04T01:34:42.216+0000][1][safepoint    ] Safepoint "Cleanup", Time since last: 1003298375 ns, Reaching safepoint: 3343667 ns, At safepoint: 76667 ns, Total: 3420334 ns
[2022-09-04T01:34:43.225+0000][1][safepoint    ] Safepoint "Cleanup", Time since last: 1005728333 ns, Reaching safepoint: 3348084 ns, At safepoint: 72875 ns, Total: 3420959 ns
[2022-09-04T01:34:44.234+0000][1][safepoint    ] Safepoint "Cleanup", Time since last: 1006995709 ns, Reaching safepoint: 1478458 ns, At safepoint: 39083 ns, Total: 1517541 ns
[2022-09-04T01:34:45.239+0000][1][safepoint    ] Safepoint "Cleanup", Time since last: 1004070876 ns, Reaching safepoint: 914083 ns, At safepoint: 22708 ns, Total: 936791 ns
[2022-09-04T01:34:46.246+0000][1][safepoint    ] Safepoint "Cleanup", Time since last: 1005602584 ns, Reaching safepoint: 1431125 ns, At safepoint: 33833 ns, Total: 1464958 ns
[2022-09-04T01:34:47.249+0000][1][safepoint    ] Safepoint "Cleanup", Time since last: 1002427501 ns, Reaching safepoint: 908708 ns, At safepoint: 23709 ns, Total: 932417 ns
[2022-09-04T01:34:48.252+0000][1][safepoint    ] Safepoint "Cleanup", Time since last: 1001650250 ns, Reaching safepoint: 1675875 ns, At safepoint: 46042 ns, Total: 1721917 ns
[2022-09-04T01:34:49.261+0000][1][safepoint    ] Safepoint "Cleanup", Time since last: 1006828000 ns, Reaching safepoint: 1534709 ns, At safepoint: 40875 ns, Total: 1575584 ns
[2022-09-04T01:34:50.265+0000][1][safepoint    ] Safepoint "Cleanup", Time since last: 1002877750 ns, Reaching safepoint: 897667 ns, At safepoint: 31583 ns, Total: 929250 ns
[2022-09-04T01:34:51.270+0000][1][safepoint    ] Safepoint "Cleanup", Time since last: 1003878167 ns, Reaching safepoint: 1137000 ns, At safepoint: 30209 ns, Total: 1167209 ns
[2022-09-04T01:34:52.274+0000][1][safepoint    ] Safepoint "Cleanup", Time since last: 1001919208 ns, Reaching safepoint: 2177500 ns, At safepoint: 53541 ns, Total: 2231041 ns
[2022-09-04T01:34:53.280+0000][1][safepoint    ] Safepoint "Cleanup", Time since last: 1003325959 ns, Reaching safepoint: 2684959 ns, At safepoint: 76291 ns, Total: 2761250 ns
[2022-09-04T01:34:54.285+0000][1][safepoint    ] Safepoint "Cleanup", Time since last: 1003770792 ns, Reaching safepoint: 1375709 ns, At safepoint: 34791 ns, Total: 1410500 ns
[2022-09-04T01:34:55.289+0000][1][safepoint    ] Safepoint "Cleanup", Time since last: 1002371376 ns, Reaching safepoint: 1366416 ns, At safepoint: 31459 ns, Total: 1397875 ns
[2022-09-04T01:34:56.296+0000][1][safepoint    ] Safepoint "Cleanup", Time since last: 1005280334 ns, Reaching safepoint: 1869166 ns, At safepoint: 55750 ns, Total: 1924916 ns
[2022-09-04T01:34:57.300+0000][1][safepoint    ] Safepoint "Cleanup", Time since last: 1003171292 ns, Reaching safepoint: 921417 ns, At safepoint: 30917 ns, Total: 952334 ns
[2022-09-04T01:34:58.308+0000][1][safepoint    ] Safepoint "Cleanup", Time since last: 1005869334 ns, Reaching safepoint: 1730833 ns, At safepoint: 43292 ns, Total: 1774125 ns
[2022-09-04T01:34:59.312+0000][1][safepoint    ] Safepoint "Cleanup", Time since last: 1002230667 ns, Reaching safepoint: 1756541 ns, At safepoint: 43750 ns, Total: 1800291 ns
[2022-09-04T01:35:00.317+0000][1][safepoint    ] Safepoint "Cleanup", Time since last: 1003779751 ns, Reaching safepoint: 1235750 ns, At safepoint: 30000 ns, Total: 1265750 ns
[2022-09-04T01:35:01.324+0000][1][safepoint    ] Safepoint "Cleanup", Time since last: 1005335000 ns, Reaching safepoint: 2264125 ns, At safepoint: 51292 ns, Total: 2315417 ns
[2022-09-04T01:35:02.333+0000][1][safepoint    ] Safepoint "Cleanup", Time since last: 1004241542 ns, Reaching safepoint: 4004625 ns, At safepoint: 97667 ns, Total: 4102292 ns
[2022-09-04T01:35:03.340+0000][1][safepoint    ] Safepoint "Cleanup", Time since last: 1004907542 ns, Reaching safepoint: 2713458 ns, At safepoint: 86459 ns, Total: 2799917 ns
[2022-09-04T01:35:04.348+0000][1][safepoint    ] Safepoint "Cleanup", Time since last: 1004064958 ns, Reaching safepoint: 2974167 ns, At safepoint: 228125 ns, Total: 3202292 ns
[2022-09-04T01:35:06.215+0000][1][safepoint    ] Safepoint "Cleanup", Time since last: 1866650668 ns, Reaching safepoint: 995875 ns, At safepoint: 23541 ns, Total: 1019416 ns
[2022-09-04T01:35:07.219+0000][1][safepoint    ] Safepoint "Cleanup", Time since last: 1001846542 ns, Reaching safepoint: 2094250 ns, At safepoint: 59625 ns, Total: 2153875 ns
[2022-09-04T01:35:08.224+0000][1][safepoint    ] Safepoint "Cleanup", Time since last: 1003380418 ns, Reaching safepoint: 1536125 ns, At safepoint: 40541 ns, Total: 1576666 ns
[2022-09-04T01:35:09.231+0000][1][safepoint    ] Safepoint "Cleanup", Time since last: 1002737751 ns, Reaching safepoint: 3374833 ns, At safepoint: 74000 ns, Total: 3448833 ns
[2022-09-04T01:35:10.237+0000][1][safepoint    ] Safepoint "Cleanup", Time since last: 1005901001 ns, Reaching safepoint: 952375 ns, At safepoint: 27708 ns, Total: 980083 ns
[2022-09-04T01:35:11.245+0000][1][safepoint    ] Safepoint "Cleanup", Time since last: 1004902250 ns, Reaching safepoint: 2484667 ns, At safepoint: 53792 ns, Total: 2538459 ns
[2022-09-04T01:35:12.254+0000][1][safepoint    ] Safepoint "Cleanup", Time since last: 1005840042 ns, Reaching safepoint: 3260792 ns, At safepoint: 81083 ns, Total: 3341875 ns
[2022-09-04T01:35:13.264+0000][1][safepoint    ] Safepoint "Cleanup", Time since last: 1005078375 ns, Reaching safepoint: 4311459 ns, At safepoint: 98291 ns, Total: 4409750 ns
[2022-09-04T01:35:14.270+0000][1][safepoint    ] Safepoint "Cleanup", Time since last: 1004899876 ns, Reaching safepoint: 1355708 ns, At safepoint: 34834 ns, Total: 1390542 ns
[2022-09-04T01:35:15.273+0000][1][safepoint    ] Safepoint "Cleanup", Time since last: 1002116792 ns, Reaching safepoint: 1178583 ns, At safepoint: 26208 ns, Total: 1204791 ns
[2022-09-04T01:35:16.277+0000][1][safepoint    ] Safepoint "Cleanup", Time since last: 1002229542 ns, Reaching safepoint: 1350000 ns, At safepoint: 29167 ns, Total: 1379167 ns
[2022-09-04T01:35:17.281+0000][1][safepoint    ] Safepoint "Cleanup", Time since last: 1002243542 ns, Reaching safepoint: 1911334 ns, At safepoint: 112125 ns, Total: 2023459 ns
[2022-09-04T01:35:18.288+0000][1][safepoint    ] Safepoint "Cleanup", Time since last: 1004019625 ns, Reaching safepoint: 3330250 ns, At safepoint: 91542 ns, Total: 3421792 ns
[2022-09-04T01:35:19.294+0000][1][safepoint    ] Safepoint "Cleanup", Time since last: 1004224375 ns, Reaching safepoint: 1430584 ns, At safepoint: 35875 ns, Total: 1466459 ns
[2022-09-04T01:35:20.299+0000][1][safepoint    ] Safepoint "Cleanup", Time since last: 1003207917 ns, Reaching safepoint: 1285375 ns, At safepoint: 31833 ns, Total: 1317208 ns
[2022-09-04T01:35:21.302+0000][1][safepoint    ] Safepoint "Cleanup", Time since last: 1001925084 ns, Reaching safepoint: 1020625 ns, At safepoint: 23250 ns, Total: 1043875 ns
[2022-09-04T01:35:22.306+0000][1][safepoint    ] Safepoint "Cleanup", Time since last: 1002730125 ns, Reaching safepoint: 1311000 ns, At safepoint: 38375 ns, Total: 1349375 ns
[2022-09-04T01:35:23.500+0000][1][safepoint    ] Safepoint "RevokeBias", Time since last: 1187435459 ns, Reaching safepoint: 3932083 ns, At safepoint: 2137084 ns, Total: 6069167 ns
[2022-09-04T01:35:24.519+0000][1][safepoint    ] Safepoint "Cleanup", Time since last: 1017922542 ns, Reaching safepoint: 2192500 ns, At safepoint: 73791 ns, Total: 2266291 ns
[2022-09-04T01:35:25.527+0000][1][safepoint    ] Safepoint "Cleanup", Time since last: 1006543751 ns, Reaching safepoint: 1332417 ns, At safepoint: 49875 ns, Total: 1382292 ns
[2022-09-04T01:35:26.531+0000][1][safepoint    ] Safepoint "Cleanup", Time since last: 1002494083 ns, Reaching safepoint: 985542 ns, At safepoint: 31417 ns, Total: 1016959 ns
[2022-09-04T01:35:27.537+0000][1][safepoint    ] Safepoint "Cleanup", Time since last: 1002446709 ns, Reaching safepoint: 3781125 ns, At safepoint: 102250 ns, Total: 3883375 ns
[2022-09-04T01:35:28.546+0000][1][safepoint    ] Safepoint "Cleanup", Time since last: 1004955875 ns, Reaching safepoint: 3746667 ns, At safepoint: 85708 ns, Total: 3832375 ns
[2022-09-04T01:35:29.556+0000][1][safepoint    ] Safepoint "Cleanup", Time since last: 1006010292 ns, Reaching safepoint: 3941917 ns, At safepoint: 93792 ns, Total: 4035709 ns
[2022-09-04T01:35:30.564+0000][1][safepoint    ] Safepoint "Cleanup", Time since last: 1005643417 ns, Reaching safepoint: 2629125 ns, At safepoint: 73083 ns, Total: 2702208 ns
[2022-09-04T01:35:31.572+0000][1][safepoint    ] Safepoint "Cleanup", Time since last: 1007280959 ns, Reaching safepoint: 973916 ns, At safepoint: 21375 ns, Total: 995291 ns
[2022-09-04T01:35:32.577+0000][1][safepoint    ] Safepoint "Cleanup", Time since last: 1003315043 ns, Reaching safepoint: 1380833 ns, At safepoint: 45125 ns, Total: 1425958 ns
[2022-09-04T01:35:33.588+0000][1][safepoint    ] Safepoint "Cleanup", Time since last: 1003524917 ns, Reaching safepoint: 7250250 ns, At safepoint: 106000 ns, Total: 7356250 ns
[2022-09-04T01:35:34.597+0000][1][safepoint    ] Safepoint "Cleanup", Time since last: 1004995167 ns, Reaching safepoint: 3459459 ns, At safepoint: 89875 ns, Total: 3549334 ns
[2022-09-04T01:35:35.287+0000][1][safepoint    ] Safepoint "RevokeBias", Time since last: 689724500 ns, Reaching safepoint: 849458 ns, At safepoint: 113709 ns, Total: 963167 ns
[2022-09-04T01:35:36.290+0000][1][safepoint    ] Safepoint "Cleanup", Time since last: 1001629375 ns, Reaching safepoint: 1153083 ns, At safepoint: 27292 ns, Total: 1180375 ns
[2022-09-04T01:35:37.296+0000][1][safepoint    ] Safepoint "Cleanup", Time since last: 1003659792 ns, Reaching safepoint: 1824792 ns, At safepoint: 46125 ns, Total: 1870917 ns
[2022-09-04T01:35:38.303+0000][1][safepoint    ] Safepoint "Cleanup", Time since last: 1003532250 ns, Reaching safepoint: 3393625 ns, At safepoint: 89750 ns, Total: 3483375 ns
[2022-09-04T01:35:39.311+0000][1][safepoint    ] Safepoint "Cleanup", Time since last: 1006891126 ns, Reaching safepoint: 988583 ns, At safepoint: 25083 ns, Total: 1013666 ns
[2022-09-04T01:35:40.314+0000][1][safepoint    ] Safepoint "Cleanup", Time since last: 1002009751 ns, Reaching safepoint: 1627708 ns, At safepoint: 31167 ns, Total: 1658875 ns
[2022-09-04T01:35:41.320+0000][1][safepoint    ] Safepoint "Cleanup", Time since last: 1004357584 ns, Reaching safepoint: 1048833 ns, At safepoint: 26375 ns, Total: 1075208 ns
[2022-09-04T01:35:42.326+0000][1][safepoint    ] Safepoint "Cleanup", Time since last: 1003438667 ns, Reaching safepoint: 2737250 ns, At safepoint: 267917 ns, Total: 3005167 ns
[2022-09-04T01:35:43.334+0000][1][safepoint    ] Safepoint "Cleanup", Time since last: 1006137625 ns, Reaching safepoint: 1705875 ns, At safepoint: 51167 ns, Total: 1757042 ns
[2022-09-04T01:35:44.339+0000][1][safepoint    ] Safepoint "Cleanup", Time since last: 1002727542 ns, Reaching safepoint: 2352084 ns, At safepoint: 64791 ns, Total: 2416875 ns
[2022-09-04T01:35:45.343+0000][1][safepoint    ] Safepoint "Cleanup", Time since last: 1003263251 ns, Reaching safepoint: 1051083 ns, At safepoint: 24208 ns, Total: 1075291 ns
[2022-09-04T01:35:46.348+0000][1][safepoint    ] Safepoint "Cleanup", Time since last: 1002579793 ns, Reaching safepoint: 1628583 ns, At safepoint: 73042 ns, Total: 1701625 ns
[2022-09-04T01:35:47.357+0000][1][safepoint    ] Safepoint "Cleanup", Time since last: 1007517875 ns, Reaching safepoint: 1365083 ns, At safepoint: 35459 ns, Total: 1400542 ns
[2022-09-04T01:35:48.363+0000][1][safepoint    ] Safepoint "Cleanup", Time since last: 1005287625 ns, Reaching safepoint: 1296333 ns, At safepoint: 39417 ns, Total: 1335750 ns
[2022-09-04T01:35:49.371+0000][1][safepoint    ] Safepoint "Cleanup", Time since last: 1004680376 ns, Reaching safepoint: 3099416 ns, At safepoint: 76750 ns, Total: 3176166 ns
[2022-09-04T01:35:50.377+0000][1][safepoint    ] Safepoint "Cleanup", Time since last: 1004874542 ns, Reaching safepoint: 1098375 ns, At safepoint: 28459 ns, Total: 1126834 ns
[2022-09-04T01:35:51.381+0000][1][safepoint    ] Safepoint "Cleanup", Time since last: 1002480750 ns, Reaching safepoint: 994625 ns, At safepoint: 22084 ns, Total: 1016709 ns
[2022-09-04T01:35:52.387+0000][1][safepoint    ] Safepoint "Cleanup", Time since last: 1002781250 ns, Reaching safepoint: 2857916 ns, At safepoint: 178459 ns, Total: 3036375 ns
[2022-09-04T01:35:53.396+0000][1][safepoint    ] Safepoint "Cleanup", Time since last: 1003967542 ns, Reaching safepoint: 5374958 ns, At safepoint: 115292 ns, Total: 5490250 ns
[2022-09-04T01:35:54.409+0000][1][safepoint    ] Safepoint "Cleanup", Time since last: 1009496500 ns, Reaching safepoint: 3631917 ns, At safepoint: 96708 ns, Total: 3728625 ns
[2022-09-04T01:35:55.420+0000][1][safepoint    ] Safepoint "Cleanup", Time since last: 1006948418 ns, Reaching safepoint: 3801000 ns, At safepoint: 96708 ns, Total: 3897708 ns
[2022-09-04T01:35:57.242+0000][1][safepoint    ] Safepoint "Cleanup", Time since last: 1819008751 ns, Reaching safepoint: 2621875 ns, At safepoint: 65250 ns, Total: 2687125 ns
[2022-09-04T01:35:58.247+0000][1][safepoint    ] Safepoint "Cleanup", Time since last: 1004423709 ns, Reaching safepoint: 817625 ns, At safepoint: 24541 ns, Total: 842166 ns
[2022-09-04T01:35:59.251+0000][1][safepoint    ] Safepoint "Cleanup", Time since last: 1002749209 ns, Reaching safepoint: 835875 ns, At safepoint: 22333 ns, Total: 858208 ns
[2022-09-04T01:36:00.256+0000][1][safepoint    ] Safepoint "Cleanup", Time since last: 1001636959 ns, Reaching safepoint: 3795959 ns, At safepoint: 72208 ns, Total: 3868167 ns
[2022-09-04T01:36:01.263+0000][1][safepoint    ] Safepoint "Cleanup", Time since last: 1003971084 ns, Reaching safepoint: 2808750 ns, At safepoint: 66625 ns, Total: 2875375 ns
[2022-09-04T01:36:02.271+0000][1][safepoint    ] Safepoint "Cleanup", Time since last: 1004647542 ns, Reaching safepoint: 3543791 ns, At safepoint: 79209 ns, Total: 3623000 ns
[2022-09-04T01:36:03.280+0000][1][safepoint    ] Safepoint "Cleanup", Time since last: 1007408834 ns, Reaching safepoint: 1386625 ns, At safepoint: 39791 ns, Total: 1426416 ns
[2022-09-04T01:36:04.285+0000][1][safepoint    ] Safepoint "Cleanup", Time since last: 1002801417 ns, Reaching safepoint: 2501417 ns, At safepoint: 97208 ns, Total: 2598625 ns
[2022-09-04T01:36:05.291+0000][1][safepoint    ] Safepoint "Cleanup", Time since last: 1003843584 ns, Reaching safepoint: 1208250 ns, At safepoint: 27500 ns, Total: 1235750 ns
[2022-09-04T01:36:06.296+0000][1][safepoint    ] Safepoint "Cleanup", Time since last: 1002691751 ns, Reaching safepoint: 2324125 ns, At safepoint: 80791 ns, Total: 2404916 ns
[2022-09-04T01:36:07.301+0000][1][safepoint    ] Safepoint "Cleanup", Time since last: 1003447334 ns, Reaching safepoint: 1411334 ns, At safepoint: 31166 ns, Total: 1442500 ns
[2022-09-04T01:36:08.305+0000][1][safepoint    ] Safepoint "Cleanup", Time since last: 1002200626 ns, Reaching safepoint: 2240875 ns, At safepoint: 75208 ns, Total: 2316083 ns
[2022-09-04T01:36:09.310+0000][1][safepoint    ] Safepoint "Cleanup", Time since last: 1003880167 ns, Reaching safepoint: 1261167 ns, At safepoint: 29791 ns, Total: 1290958 ns
[2022-09-04T01:36:10.314+0000][1][safepoint    ] Safepoint "Cleanup", Time since last: 1002082209 ns, Reaching safepoint: 1595709 ns, At safepoint: 45791 ns, Total: 1641500 ns
[2022-09-04T01:36:11.320+0000][1][safepoint    ] Safepoint "Cleanup", Time since last: 1002825292 ns, Reaching safepoint: 2672834 ns, At safepoint: 80666 ns, Total: 2753500 ns
[2022-09-04T01:36:12.327+0000][1][safepoint    ] Safepoint "Cleanup", Time since last: 1004321709 ns, Reaching safepoint: 3420667 ns, At safepoint: 88292 ns, Total: 3508959 ns
[2022-09-04T01:36:13.336+0000][1][safepoint    ] Safepoint "Cleanup", Time since last: 1006323333 ns, Reaching safepoint: 2599959 ns, At safepoint: 70375 ns, Total: 2670334 ns
[2022-09-04T01:36:14.343+0000][1][safepoint    ] Safepoint "Cleanup", Time since last: 1004009875 ns, Reaching safepoint: 2688500 ns, At safepoint: 72500 ns, Total: 2761000 ns
[2022-09-04T01:36:15.347+0000][1][safepoint    ] Safepoint "Cleanup", Time since last: 1003144417 ns, Reaching safepoint: 953459 ns, At safepoint: 37083 ns, Total: 990542 ns
[2022-09-04T01:36:16.351+0000][1][safepoint    ] Safepoint "Cleanup", Time since last: 1002133792 ns, Reaching safepoint: 1486209 ns, At safepoint: 32833 ns, Total: 1519042 ns
[2022-09-04T01:36:17.356+0000][1][safepoint    ] Safepoint "Cleanup", Time since last: 1003225875 ns, Reaching safepoint: 1549000 ns, At safepoint: 35375 ns, Total: 1584375 ns
[2022-09-04T01:36:18.362+0000][1][safepoint    ] Safepoint "Cleanup", Time since last: 1002756834 ns, Reaching safepoint: 3542042 ns, At safepoint: 96041 ns, Total: 3638083 ns
[2022-09-04T01:36:19.368+0000][1][safepoint    ] Safepoint "Cleanup", Time since last: 1005207709 ns, Reaching safepoint: 980792 ns, At safepoint: 22583 ns, Total: 1003375 ns
[2022-09-04T01:36:20.375+0000][1][safepoint    ] Safepoint "Cleanup", Time since last: 1002860251 ns, Reaching safepoint: 3303875 ns, At safepoint: 83291 ns, Total: 3387166 ns
[2022-09-04T01:36:21.383+0000][1][safepoint    ] Safepoint "Cleanup", Time since last: 1005603543 ns, Reaching safepoint: 2838541 ns, At safepoint: 52417 ns, Total: 2890958 ns
[2022-09-04T01:36:22.391+0000][1][safepoint    ] Safepoint "Cleanup", Time since last: 1004792541 ns, Reaching safepoint: 3618417 ns, At safepoint: 149500 ns, Total: 3767917 ns
[2022-09-04T01:36:23.400+0000][1][safepoint    ] Safepoint "Cleanup", Time since last: 1005136917 ns, Reaching safepoint: 3014000 ns, At safepoint: 83792 ns, Total: 3097792 ns
[2022-09-04T01:36:24.405+0000][1][safepoint    ] Safepoint "Cleanup", Time since last: 1003904417 ns, Reaching safepoint: 1732416 ns, At safepoint: 56792 ns, Total: 1789208 ns
[2022-09-04T01:36:25.411+0000][1][safepoint    ] Safepoint "Cleanup", Time since last: 1002758584 ns, Reaching safepoint: 2818000 ns, At safepoint: 72458 ns, Total: 2890458 ns
[2022-09-04T01:36:26.416+0000][1][safepoint    ] Safepoint "Cleanup", Time since last: 1003690501 ns, Reaching safepoint: 1244291 ns, At safepoint: 50625 ns, Total: 1294916 ns
[2022-09-04T01:36:27.423+0000][1][safepoint    ] Safepoint "Cleanup", Time since last: 1002562876 ns, Reaching safepoint: 4196833 ns, At safepoint: 200292 ns, Total: 4397125 ns
[2022-09-04T01:36:28.433+0000][1][safepoint    ] Safepoint "Cleanup", Time since last: 1005593125 ns, Reaching safepoint: 4040417 ns, At safepoint: 104000 ns, Total: 4144417 ns
[2022-09-04T01:36:29.440+0000][1][safepoint    ] Safepoint "Cleanup", Time since last: 1005307250 ns, Reaching safepoint: 2327000 ns, At safepoint: 75209 ns, Total: 2402209 ns
[2022-09-04T01:36:30.446+0000][1][safepoint    ] Safepoint "Cleanup", Time since last: 1003302250 ns, Reaching safepoint: 2446000 ns, At safepoint: 100625 ns, Total: 2546625 ns
[2022-09-04T01:36:31.452+0000][1][safepoint    ] Safepoint "Cleanup", Time since last: 1004352709 ns, Reaching safepoint: 980500 ns, At safepoint: 35208 ns, Total: 1015708 ns
[2022-09-04T01:36:32.459+0000][1][safepoint    ] Safepoint "Cleanup", Time since last: 1002907793 ns, Reaching safepoint: 3964041 ns, At safepoint: 119125 ns, Total: 4083166 ns
[2022-09-04T01:36:33.466+0000][1][safepoint    ] Safepoint "Cleanup", Time since last: 1004917084 ns, Reaching safepoint: 2237875 ns, At safepoint: 70708 ns, Total: 2308583 ns
[2022-09-04T01:36:34.474+0000][1][safepoint    ] Safepoint "Cleanup", Time since last: 1004956293 ns, Reaching safepoint: 2625458 ns, At safepoint: 65625 ns, Total: 2691083 ns
[2022-09-04T01:36:35.479+0000][1][safepoint    ] Safepoint "Cleanup", Time since last: 1004544292 ns, Reaching safepoint: 1062042 ns, At safepoint: 40833 ns, Total: 1102875 ns
[2022-09-04T01:36:36.484+0000][1][safepoint    ] Safepoint "Cleanup", Time since last: 1004050250 ns, Reaching safepoint: 936000 ns, At safepoint: 22542 ns, Total: 958542 ns
[2022-09-04T01:36:37.487+0000][1][safepoint    ] Safepoint "Cleanup", Time since last: 1001869292 ns, Reaching safepoint: 1354625 ns, At safepoint: 35500 ns, Total: 1390125 ns
[2022-09-04T01:36:38.508+0000][1][safepoint    ] Safepoint "Cleanup", Time since last: 1017925667 ns, Reaching safepoint: 2796667 ns, At safepoint: 153625 ns, Total: 2950292 ns
[2022-09-04T01:36:39.517+0000][1][safepoint    ] Safepoint "Cleanup", Time since last: 1006058042 ns, Reaching safepoint: 3019625 ns, At safepoint: 68292 ns, Total: 3087917 ns
[2022-09-04T01:36:40.530+0000][1][safepoint    ] Safepoint "Cleanup", Time since last: 1008004000 ns, Reaching safepoint: 4009459 ns, At safepoint: 121625 ns, Total: 4131084 ns
[2022-09-04T01:36:41.537+0000][1][safepoint    ] Safepoint "Cleanup", Time since last: 1006280959 ns, Reaching safepoint: 902791 ns, At safepoint: 21042 ns, Total: 923833 ns
[2022-09-04T01:36:42.542+0000][1][safepoint    ] Safepoint "Cleanup", Time since last: 1001417125 ns, Reaching safepoint: 3942292 ns, At safepoint: 140875 ns, Total: 4083167 ns
[2022-09-04T01:36:43.554+0000][1][safepoint    ] Safepoint "Cleanup", Time since last: 1008174834 ns, Reaching safepoint: 3721000 ns, At safepoint: 155250 ns, Total: 3876250 ns
[2022-09-04T01:36:44.563+0000][1][safepoint    ] Safepoint "Cleanup", Time since last: 1005153667 ns, Reaching safepoint: 3380292 ns, At safepoint: 101250 ns, Total: 3481542 ns
[2022-09-04T01:36:45.568+0000][1][safepoint    ] Safepoint "Cleanup", Time since last: 1003758500 ns, Reaching safepoint: 1527458 ns, At safepoint: 40959 ns, Total: 1568417 ns
[2022-09-04T01:36:46.573+0000][1][safepoint    ] Safepoint "Cleanup", Time since last: 1003421334 ns, Reaching safepoint: 982333 ns, At safepoint: 23958 ns, Total: 1006291 ns
[2022-09-04T01:36:47.577+0000][1][safepoint    ] Safepoint "Cleanup", Time since last: 1003232834 ns, Reaching safepoint: 1160042 ns, At safepoint: 31083 ns, Total: 1191125 ns
[2022-09-04T01:36:48.584+0000][1][safepoint    ] Safepoint "Cleanup", Time since last: 1003921459 ns, Reaching safepoint: 2409583 ns, At safepoint: 64292 ns, Total: 2473875 ns
[2022-09-04T01:36:49.589+0000][1][safepoint    ] Safepoint "Cleanup", Time since last: 1004715834 ns, Reaching safepoint: 1067291 ns, At safepoint: 35084 ns, Total: 1102375 ns
[2022-09-04T01:36:50.596+0000][1][safepoint    ] Safepoint "Cleanup", Time since last: 1002486084 ns, Reaching safepoint: 3573333 ns, At safepoint: 108125 ns, Total: 3681458 ns
[2022-09-04T01:36:51.609+0000][1][safepoint    ] Safepoint "Cleanup", Time since last: 1012491584 ns, Reaching safepoint: 1351916 ns, At safepoint: 30167 ns, Total: 1382083 ns
[2022-09-04T01:36:52.616+0000][1][safepoint    ] Safepoint "Cleanup", Time since last: 1002441792 ns, Reaching safepoint: 4048000 ns, At safepoint: 83958 ns, Total: 4131958 ns
[2022-09-04T01:36:53.626+0000][1][safepoint    ] Safepoint "Cleanup", Time since last: 1006534334 ns, Reaching safepoint: 3802333 ns, At safepoint: 79417 ns, Total: 3881750 ns
[2022-09-04T01:36:54.635+0000][1][safepoint    ] Safepoint "Cleanup", Time since last: 1005472542 ns, Reaching safepoint: 3434208 ns, At safepoint: 99709 ns, Total: 3533917 ns
[2022-09-04T01:36:55.644+0000][1][safepoint    ] Safepoint "Cleanup", Time since last: 1006502250 ns, Reaching safepoint: 1724875 ns, At safepoint: 41750 ns, Total: 1766625 ns
[2022-09-04T01:36:56.650+0000][1][safepoint    ] Safepoint "Cleanup", Time since last: 1004688792 ns, Reaching safepoint: 2165709 ns, At safepoint: 61375 ns, Total: 2227084 ns
[2022-09-04T01:36:57.656+0000][1][safepoint    ] Safepoint "Cleanup", Time since last: 1004341875 ns, Reaching safepoint: 1425167 ns, At safepoint: 36042 ns, Total: 1461209 ns
[2022-09-04T01:36:58.664+0000][1][safepoint    ] Safepoint "Cleanup", Time since last: 1003928208 ns, Reaching safepoint: 3334375 ns, At safepoint: 217417 ns, Total: 3551792 ns
[2022-09-04T01:36:59.676+0000][1][safepoint    ] Safepoint "Cleanup", Time since last: 1008835459 ns, Reaching safepoint: 2897583 ns, At safepoint: 91292 ns, Total: 2988875 ns
[2022-09-04T01:37:00.684+0000][1][safepoint    ] Safepoint "Cleanup", Time since last: 1004928667 ns, Reaching safepoint: 3828500 ns, At safepoint: 84167 ns, Total: 3912667 ns
[2022-09-04T01:37:01.691+0000][1][safepoint    ] Safepoint "Cleanup", Time since last: 1005446875 ns, Reaching safepoint: 1571709 ns, At safepoint: 37208 ns, Total: 1608917 ns
[2022-09-04T01:37:02.698+0000][1][safepoint    ] Safepoint "Cleanup", Time since last: 1003259792 ns, Reaching safepoint: 3365500 ns, At safepoint: 159375 ns, Total: 3524875 ns
[2022-09-04T01:37:03.707+0000][1][safepoint    ] Safepoint "Cleanup", Time since last: 1004971042 ns, Reaching safepoint: 3589708 ns, At safepoint: 82292 ns, Total: 3672000 ns
[2022-09-04T01:37:04.714+0000][1][safepoint    ] Safepoint "Cleanup", Time since last: 1004786709 ns, Reaching safepoint: 2361833 ns, At safepoint: 140250 ns, Total: 2502083 ns
[2022-09-04T01:37:05.068+0000][1][safepoint    ] Safepoint "RevokeBias", Time since last: 352718084 ns, Reaching safepoint: 963625 ns, At safepoint: 63791 ns, Total: 1027416 ns
[2022-09-04T01:37:05.071+0000][1][safepoint    ] Safepoint "RevokeBias", Time since last: 2306834 ns, Reaching safepoint: 582875 ns, At safepoint: 32375 ns, Total: 615250 ns
[2022-09-04T01:37:05.121+0000][1][safepoint    ] Safepoint "RevokeBias", Time since last: 48810500 ns, Reaching safepoint: 862458 ns, At safepoint: 244625 ns, Total: 1107083 ns
[2022-09-04T01:37:05.142+0000][1][safepoint    ] Safepoint "Deoptimize", Time since last: 18056667 ns, Reaching safepoint: 688833 ns, At safepoint: 3006500 ns, Total: 3695333 ns
[2022-09-04T01:37:05.274+0000][1][safepoint    ] Safepoint "RevokeBias", Time since last: 130415000 ns, Reaching safepoint: 1152084 ns, At safepoint: 372208 ns, Total: 1524292 ns
[2022-09-04T01:37:05.291+0000][1][safepoint    ] Safepoint "RevokeBias", Time since last: 15969750 ns, Reaching safepoint: 880417 ns, At safepoint: 47333 ns, Total: 927750 ns
[2022-09-04T01:37:05.307+0000][1][safepoint    ] Safepoint "RevokeBias", Time since last: 14698375 ns, Reaching safepoint: 721167 ns, At safepoint: 544125 ns, Total: 1265292 ns
[2022-09-04T01:37:05.343+0000][1][safepoint    ] Safepoint "RevokeBias", Time since last: 33652541 ns, Reaching safepoint: 1593042 ns, At safepoint: 109167 ns, Total: 1702209 ns
[2022-09-04T01:37:05.395+0000][1][safepoint    ] Safepoint "RevokeBias", Time since last: 50041125 ns, Reaching safepoint: 1775791 ns, At safepoint: 124042 ns, Total: 1899833 ns
[2022-09-04T01:37:06.398+0000][1][safepoint    ] Safepoint "Cleanup", Time since last: 1002021542 ns, Reaching safepoint: 1061333 ns, At safepoint: 24209 ns, Total: 1085542 ns
[2022-09-04T01:37:07.404+0000][1][safepoint    ] Safepoint "Cleanup", Time since last: 1001984959 ns, Reaching safepoint: 4191541 ns, At safepoint: 97625 ns, Total: 4289166 ns
[2022-09-04T01:37:08.412+0000][1][safepoint    ] Safepoint "Cleanup", Time since last: 1004065792 ns, Reaching safepoint: 3711459 ns, At safepoint: 146458 ns, Total: 3857917 ns
[2022-09-04T01:37:09.421+0000][1][safepoint    ] Safepoint "Cleanup", Time since last: 1005446584 ns, Reaching safepoint: 3448625 ns, At safepoint: 75750 ns, Total: 3524375 ns
[2022-09-04T01:37:10.429+0000][1][safepoint    ] Safepoint "Cleanup", Time since last: 1004138500 ns, Reaching safepoint: 3258334 ns, At safepoint: 260708 ns, Total: 3519042 ns
[2022-09-04T01:37:11.435+0000][1][safepoint    ] Safepoint "Cleanup", Time since last: 1005534167 ns, Reaching safepoint: 974250 ns, At safepoint: 25042 ns, Total: 999292 ns
[2022-09-04T01:37:12.438+0000][1][safepoint    ] Safepoint "Cleanup", Time since last: 1001622000 ns, Reaching safepoint: 1069959 ns, At safepoint: 24583 ns, Total: 1094542 ns
[2022-09-04T01:37:13.443+0000][1][safepoint    ] Safepoint "Cleanup", Time since last: 1001979000 ns, Reaching safepoint: 3284459 ns, At safepoint: 252875 ns, Total: 3537334 ns
[2022-09-04T01:37:14.457+0000][1][safepoint    ] Safepoint "Cleanup", Time since last: 1009700209 ns, Reaching safepoint: 3415333 ns, At safepoint: 80500 ns, Total: 3495833 ns
[2022-09-04T01:37:15.465+0000][1][safepoint    ] Safepoint "Cleanup", Time since last: 1007143125 ns, Reaching safepoint: 1787792 ns, At safepoint: 45750 ns, Total: 1833542 ns
[2022-09-04T01:37:16.473+0000][1][safepoint    ] Safepoint "Cleanup", Time since last: 1006778084 ns, Reaching safepoint: 957708 ns, At safepoint: 23459 ns, Total: 981167 ns
[2022-09-04T01:37:17.477+0000][1][safepoint    ] Safepoint "Cleanup", Time since last: 1002843750 ns, Reaching safepoint: 1190250 ns, At safepoint: 26417 ns, Total: 1216667 ns
[2022-09-04T01:37:18.485+0000][1][safepoint    ] Safepoint "Cleanup", Time since last: 1004306042 ns, Reaching safepoint: 3713917 ns, At safepoint: 91000 ns, Total: 3804917 ns
[2022-09-04T01:37:19.495+0000][1][safepoint    ] Safepoint "Cleanup", Time since last: 1005812917 ns, Reaching safepoint: 3175000 ns, At safepoint: 103666 ns, Total: 3278666 ns
[2022-09-04T01:37:19.840+0000][1][safepoint    ] Safepoint "RevokeBias", Time since last: 343981542 ns, Reaching safepoint: 1221417 ns, At safepoint: 173542 ns, Total: 1394959 ns
[2022-09-04T01:37:19.849+0000][1][safepoint    ] Safepoint "RevokeBias", Time since last: 7802500 ns, Reaching safepoint: 864583 ns, At safepoint: 147083 ns, Total: 1011666 ns
[2022-09-04T01:37:20.852+0000][1][safepoint    ] Safepoint "Cleanup", Time since last: 1002022001 ns, Reaching safepoint: 1652833 ns, At safepoint: 36167 ns, Total: 1689000 ns
[2022-09-04T01:37:21.856+0000][1][safepoint    ] Safepoint "Cleanup", Time since last: 1002600083 ns, Reaching safepoint: 1384084 ns, At safepoint: 40083 ns, Total: 1424167 ns
[2022-09-04T01:37:22.864+0000][1][safepoint    ] Safepoint "Cleanup", Time since last: 1004187333 ns, Reaching safepoint: 3581042 ns, At safepoint: 87208 ns, Total: 3668250 ns
[2022-09-04T01:37:23.871+0000][1][safepoint    ] Safepoint "Cleanup", Time since last: 1005312417 ns, Reaching safepoint: 934000 ns, At safepoint: 23333 ns, Total: 957333 ns
[2022-09-04T01:37:24.873+0000][1][safepoint    ] Safepoint "Cleanup", Time since last: 1001858793 ns, Reaching safepoint: 815916 ns, At safepoint: 20375 ns, Total: 836291 ns
[2022-09-04T01:37:25.876+0000][1][safepoint    ] Safepoint "Cleanup", Time since last: 1002195334 ns, Reaching safepoint: 912750 ns, At safepoint: 21042 ns, Total: 933792 ns
[2022-09-04T01:37:26.879+0000][1][safepoint    ] Safepoint "Cleanup", Time since last: 1001583250 ns, Reaching safepoint: 1001375 ns, At safepoint: 26959 ns, Total: 1028334 ns
[2022-09-04T01:37:27.885+0000][1][safepoint    ] Safepoint "Cleanup", Time since last: 1004641958 ns, Reaching safepoint: 882000 ns, At safepoint: 20917 ns, Total: 902917 ns
[2022-09-04T01:37:28.889+0000][1][safepoint    ] Safepoint "Cleanup", Time since last: 1002271376 ns, Reaching safepoint: 1816250 ns, At safepoint: 82458 ns, Total: 1898708 ns
[2022-09-04T01:37:29.896+0000][1][safepoint    ] Safepoint "Cleanup", Time since last: 1005960542 ns, Reaching safepoint: 1068375 ns, At safepoint: 26958 ns, Total: 1095333 ns
[2022-09-04T01:37:30.903+0000][1][safepoint    ] Safepoint "Cleanup", Time since last: 1005433251 ns, Reaching safepoint: 1879666 ns, At safepoint: 86417 ns, Total: 1966083 ns
[2022-09-04T01:37:31.910+0000][1][safepoint    ] Safepoint "Cleanup", Time since last: 1005748501 ns, Reaching safepoint: 991666 ns, At safepoint: 27167 ns, Total: 1018833 ns
[2022-09-04T01:37:32.915+0000][1][safepoint    ] Safepoint "Cleanup", Time since last: 1001853209 ns, Reaching safepoint: 3353958 ns, At safepoint: 85917 ns, Total: 3439875 ns
[2022-09-04T01:37:33.921+0000][1][safepoint    ] Safepoint "Cleanup", Time since last: 1004574000 ns, Reaching safepoint: 1456334 ns, At safepoint: 38958 ns, Total: 1495292 ns
[2022-09-04T01:37:34.939+0000][1][safepoint    ] Safepoint "Cleanup", Time since last: 1016178500 ns, Reaching safepoint: 1049209 ns, At safepoint: 32000 ns, Total: 1081209 ns
[2022-09-04T01:37:35.941+0000][1][safepoint    ] Safepoint "Cleanup", Time since last: 1001775250 ns, Reaching safepoint: 1006167 ns, At safepoint: 22625 ns, Total: 1028792 ns
[2022-09-04T01:37:36.946+0000][1][safepoint    ] Safepoint "Cleanup", Time since last: 1003369834 ns, Reaching safepoint: 953250 ns, At safepoint: 21125 ns, Total: 974375 ns
[2022-09-04T01:37:37.949+0000][1][safepoint    ] Safepoint "Cleanup", Time since last: 1002470042 ns, Reaching safepoint: 846958 ns, At safepoint: 21709 ns, Total: 868667 ns
[2022-09-04T01:37:38.952+0000][1][safepoint    ] Safepoint "Cleanup", Time since last: 1001934292 ns, Reaching safepoint: 1236791 ns, At safepoint: 27417 ns, Total: 1264208 ns
[2022-09-04T01:37:39.956+0000][1][safepoint    ] Safepoint "Cleanup", Time since last: 1002746417 ns, Reaching safepoint: 1136708 ns, At safepoint: 27667 ns, Total: 1164375 ns
[2022-09-04T01:37:40.960+0000][1][safepoint    ] Safepoint "Cleanup", Time since last: 1002224792 ns, Reaching safepoint: 1984542 ns, At safepoint: 39542 ns, Total: 2024084 ns
[2022-09-04T01:37:41.967+0000][1][safepoint    ] Safepoint "Cleanup", Time since last: 1005158417 ns, Reaching safepoint: 1015375 ns, At safepoint: 23250 ns, Total: 1038625 ns
[2022-09-04T01:37:42.970+0000][1][safepoint    ] Safepoint "Cleanup", Time since last: 1001592834 ns, Reaching safepoint: 1640541 ns, At safepoint: 36709 ns, Total: 1677250 ns
[2022-09-04T01:37:43.976+0000][1][safepoint    ] Safepoint "Cleanup", Time since last: 1004656292 ns, Reaching safepoint: 1309416 ns, At safepoint: 42917 ns, Total: 1352333 ns
[2022-09-04T01:37:44.983+0000][1][safepoint    ] Safepoint "Cleanup", Time since last: 1002842334 ns, Reaching safepoint: 4261333 ns, At safepoint: 105500 ns, Total: 4366833 ns
[2022-09-04T01:37:45.988+0000][1][safepoint    ] Safepoint "Cleanup", Time since last: 1004076292 ns, Reaching safepoint: 894959 ns, At safepoint: 25041 ns, Total: 920000 ns
[2022-09-04T01:37:47.025+0000][1][safepoint    ] Safepoint "Cleanup", Time since last: 1035705501 ns, Reaching safepoint: 1490541 ns, At safepoint: 29459 ns, Total: 1520000 ns
[2022-09-04T01:37:48.029+0000][1][safepoint    ] Safepoint "Cleanup", Time since last: 1003044709 ns, Reaching safepoint: 942916 ns, At safepoint: 33834 ns, Total: 976750 ns
[2022-09-04T01:37:49.032+0000][1][safepoint    ] Safepoint "Cleanup", Time since last: 1001558333 ns, Reaching safepoint: 1096042 ns, At safepoint: 19917 ns, Total: 1115959 ns
[2022-09-04T01:37:49.952+0000][1][safepoint    ] Safepoint "RevokeBias", Time since last: 919377917 ns, Reaching safepoint: 885250 ns, At safepoint: 172042 ns, Total: 1057292 ns
[2022-09-04T01:37:49.955+0000][1][safepoint    ] Safepoint "RevokeBias", Time since last: 2494458 ns, Reaching safepoint: 488375 ns, At safepoint: 56250 ns, Total: 544625 ns
[2022-09-04T01:37:50.074+0000][1][safepoint    ] Safepoint "RevokeBias", Time since last: 117218875 ns, Reaching safepoint: 956708 ns, At safepoint: 120209 ns, Total: 1076917 ns
[2022-09-04T01:37:51.077+0000][1][safepoint    ] Safepoint "Cleanup", Time since last: 1001552750 ns, Reaching safepoint: 1580458 ns, At safepoint: 39042 ns, Total: 1619500 ns
[2022-09-04T01:37:52.081+0000][1][safepoint    ] Safepoint "Cleanup", Time since last: 1003366625 ns, Reaching safepoint: 1012625 ns, At safepoint: 21792 ns, Total: 1034417 ns
[2022-09-04T01:37:53.086+0000][1][safepoint    ] Safepoint "Cleanup", Time since last: 1002450667 ns, Reaching safepoint: 2237375 ns, At safepoint: 135750 ns, Total: 2373125 ns
[2022-09-04T01:37:54.094+0000][1][safepoint    ] Safepoint "Cleanup", Time since last: 1006692042 ns, Reaching safepoint: 1613833 ns, At safepoint: 39375 ns, Total: 1653208 ns
[2022-09-04T01:37:55.101+0000][1][safepoint    ] Safepoint "Cleanup", Time since last: 1005328834 ns, Reaching safepoint: 1729667 ns, At safepoint: 39833 ns, Total: 1769500 ns
[2022-09-04T01:37:56.106+0000][1][safepoint    ] Safepoint "Cleanup", Time since last: 1003767792 ns, Reaching safepoint: 1033292 ns, At safepoint: 26000 ns, Total: 1059292 ns
[2022-09-04T01:37:57.112+0000][1][safepoint    ] Safepoint "Cleanup", Time since last: 1004215542 ns, Reaching safepoint: 1707375 ns, At safepoint: 38750 ns, Total: 1746125 ns
[2022-09-04T01:37:58.121+0000][1][safepoint    ] Safepoint "Cleanup", Time since last: 1005986542 ns, Reaching safepoint: 2732542 ns, At safepoint: 67916 ns, Total: 2800458 ns
[2022-09-04T01:37:59.141+0000][1][safepoint    ] Safepoint "Cleanup", Time since last: 1016314001 ns, Reaching safepoint: 3109625 ns, At safepoint: 78750 ns, Total: 3188375 ns
[2022-09-04T01:38:00.146+0000][1][safepoint    ] Safepoint "Cleanup", Time since last: 1004225500 ns, Reaching safepoint: 963334 ns, At safepoint: 29166 ns, Total: 992500 ns
[2022-09-04T01:38:01.150+0000][1][safepoint    ] Safepoint "Cleanup", Time since last: 1002362668 ns, Reaching safepoint: 1466875 ns, At safepoint: 38875 ns, Total: 1505750 ns
[2022-09-04T01:38:02.154+0000][1][safepoint    ] Safepoint "Cleanup", Time since last: 1002777375 ns, Reaching safepoint: 1155083 ns, At safepoint: 30042 ns, Total: 1185125 ns
[2022-09-04T01:38:03.157+0000][1][safepoint    ] Safepoint "Cleanup", Time since last: 1002051334 ns, Reaching safepoint: 1673875 ns, At safepoint: 42875 ns, Total: 1716750 ns
[2022-09-04T01:38:04.162+0000][1][safepoint    ] Safepoint "Cleanup", Time since last: 1003327334 ns, Reaching safepoint: 1740625 ns, At safepoint: 41250 ns, Total: 1781875 ns
[2022-09-04T01:38:05.166+0000][1][safepoint    ] Safepoint "Cleanup", Time since last: 1002709000 ns, Reaching safepoint: 1001542 ns, At safepoint: 26542 ns, Total: 1028084 ns
[2022-09-04T01:38:06.169+0000][1][safepoint    ] Safepoint "Cleanup", Time since last: 1001643792 ns, Reaching safepoint: 1061916 ns, At safepoint: 24625 ns, Total: 1086541 ns
[2022-09-04T01:38:06.819+0000][1][safepoint    ] Safepoint "RevokeBias", Time since last: 647859292 ns, Reaching safepoint: 1887667 ns, At safepoint: 195083 ns, Total: 2082750 ns
[2022-09-04T01:38:07.827+0000][1][safepoint    ] Safepoint "Cleanup", Time since last: 1007302959 ns, Reaching safepoint: 1187250 ns, At safepoint: 28458 ns, Total: 1215708 ns
[2022-09-04T01:38:08.832+0000][1][safepoint    ] Safepoint "Cleanup", Time since last: 1001942043 ns, Reaching safepoint: 2580958 ns, At safepoint: 95333 ns, Total: 2676291 ns
[2022-09-04T01:38:09.838+0000][1][safepoint    ] Safepoint "Cleanup", Time since last: 1003996376 ns, Reaching safepoint: 1501916 ns, At safepoint: 36459 ns, Total: 1538375 ns
[2022-09-04T01:38:10.842+0000][1][safepoint    ] Safepoint "Cleanup", Time since last: 1002894042 ns, Reaching safepoint: 1488333 ns, At safepoint: 73042 ns, Total: 1561375 ns
[2022-09-04T01:38:11.846+0000][1][safepoint    ] Safepoint "Cleanup", Time since last: 1003015542 ns, Reaching safepoint: 979292 ns, At safepoint: 21291 ns, Total: 1000583 ns
[2022-09-04T01:38:13.710+0000][1][safepoint    ] Safepoint "Cleanup", Time since last: 1859528751 ns, Reaching safepoint: 3885792 ns, At safepoint: 105083 ns, Total: 3990875 ns
[2022-09-04T01:38:14.719+0000][1][safepoint    ] Safepoint "Cleanup", Time since last: 1005190584 ns, Reaching safepoint: 3873833 ns, At safepoint: 92209 ns, Total: 3966042 ns
[2022-09-04T01:38:15.727+0000][1][safepoint    ] Safepoint "Cleanup", Time since last: 1005733209 ns, Reaching safepoint: 2578416 ns, At safepoint: 74875 ns, Total: 2653291 ns
[2022-09-04T01:38:16.736+0000][1][safepoint    ] Safepoint "Cleanup", Time since last: 1004688501 ns, Reaching safepoint: 4053166 ns, At safepoint: 113375 ns, Total: 4166541 ns
[2022-09-04T01:38:17.748+0000][1][safepoint    ] Safepoint "Cleanup", Time since last: 1010394584 ns, Reaching safepoint: 1907250 ns, At safepoint: 46084 ns, Total: 1953334 ns
[2022-09-04T01:38:18.755+0000][1][safepoint    ] Safepoint "Cleanup", Time since last: 1003845417 ns, Reaching safepoint: 2682416 ns, At safepoint: 80584 ns, Total: 2763000 ns
[2022-09-04T01:38:19.762+0000][1][safepoint    ] Safepoint "Cleanup", Time since last: 1004353042 ns, Reaching safepoint: 2373541 ns, At safepoint: 97500 ns, Total: 2471041 ns
[2022-09-04T01:38:20.282+0000][1][safepoint    ] Safepoint "RevokeBias", Time since last: 518873917 ns, Reaching safepoint: 1086667 ns, At safepoint: 90333 ns, Total: 1177000 ns
[2022-09-04T01:38:21.288+0000][1][safepoint    ] Safepoint "Cleanup", Time since last: 1002773959 ns, Reaching safepoint: 3038084 ns, At safepoint: 111666 ns, Total: 3149750 ns
[2022-09-04T01:38:22.294+0000][1][safepoint    ] Safepoint "Cleanup", Time since last: 1005079667 ns, Reaching safepoint: 1314833 ns, At safepoint: 30667 ns, Total: 1345500 ns
[2022-09-04T01:38:23.299+0000][1][safepoint    ] Safepoint "Cleanup", Time since last: 1003134167 ns, Reaching safepoint: 1981542 ns, At safepoint: 49750 ns, Total: 2031292 ns
[2022-09-04T01:38:24.306+0000][1][safepoint    ] Safepoint "Cleanup", Time since last: 1005356000 ns, Reaching safepoint: 960792 ns, At safepoint: 32041 ns, Total: 992833 ns
[2022-09-04T01:38:25.309+0000][1][safepoint    ] Safepoint "Cleanup", Time since last: 1001600042 ns, Reaching safepoint: 1666500 ns, At safepoint: 267250 ns, Total: 1933750 ns
[2022-09-04T01:38:26.315+0000][1][safepoint    ] Safepoint "Cleanup", Time since last: 1004141251 ns, Reaching safepoint: 1468000 ns, At safepoint: 36583 ns, Total: 1504583 ns
[2022-09-04T01:38:27.320+0000][1][safepoint    ] Safepoint "Cleanup", Time since last: 1002629959 ns, Reaching safepoint: 2320667 ns, At safepoint: 42666 ns, Total: 2363333 ns
[2022-09-04T01:38:28.324+0000][1][safepoint    ] Safepoint "Cleanup", Time since last: 1003512709 ns, Reaching safepoint: 834709 ns, At safepoint: 22958 ns, Total: 857667 ns
[2022-09-04T01:38:29.329+0000][1][safepoint    ] Safepoint "Cleanup", Time since last: 1003276375 ns, Reaching safepoint: 2026834 ns, At safepoint: 49625 ns, Total: 2076459 ns
[2022-09-04T01:38:30.336+0000][1][safepoint    ] Safepoint "Cleanup", Time since last: 1005129542 ns, Reaching safepoint: 1702167 ns, At safepoint: 42166 ns, Total: 1744333 ns
[2022-09-04T01:38:31.341+0000][1][safepoint    ] Safepoint "Cleanup", Time since last: 1003767376 ns, Reaching safepoint: 1297666 ns, At safepoint: 35709 ns, Total: 1333375 ns
[2022-09-04T01:38:32.347+0000][1][safepoint    ] Safepoint "Cleanup", Time since last: 1003153208 ns, Reaching safepoint: 1927542 ns, At safepoint: 46250 ns, Total: 1973792 ns
[2022-09-04T01:38:33.353+0000][1][safepoint    ] Safepoint "Cleanup", Time since last: 1003046334 ns, Reaching safepoint: 3045750 ns, At safepoint: 81625 ns, Total: 3127375 ns
[2022-09-04T01:38:34.358+0000][1][safepoint    ] Safepoint "Cleanup", Time since last: 1003867125 ns, Reaching safepoint: 1564000 ns, At safepoint: 33167 ns, Total: 1597167 ns
[2022-09-04T01:38:35.365+0000][1][safepoint    ] Safepoint "Cleanup", Time since last: 1005538876 ns, Reaching safepoint: 1633791 ns, At safepoint: 37917 ns, Total: 1671708 ns
[2022-09-04T01:38:36.370+0000][1][safepoint    ] Safepoint "Cleanup", Time since last: 1003775792 ns, Reaching safepoint: 1064375 ns, At safepoint: 35167 ns, Total: 1099542 ns
[2022-09-04T01:38:37.376+0000][1][safepoint    ] Safepoint "Cleanup", Time since last: 1004000917 ns, Reaching safepoint: 1264708 ns, At safepoint: 25917 ns, Total: 1290625 ns
[2022-09-04T01:38:38.380+0000][1][safepoint    ] Safepoint "Cleanup", Time since last: 1002550459 ns, Reaching safepoint: 1445083 ns, At safepoint: 38625 ns, Total: 1483708 ns
[2022-09-04T01:38:39.383+0000][1][safepoint    ] Safepoint "Cleanup", Time since last: 1002789376 ns, Reaching safepoint: 1014708 ns, At safepoint: 22750 ns, Total: 1037458 ns
[2022-09-04T01:38:40.388+0000][1][safepoint    ] Safepoint "Cleanup", Time since last: 1002737792 ns, Reaching safepoint: 1352500 ns, At safepoint: 32542 ns, Total: 1385042 ns
[2022-09-04T01:38:41.394+0000][1][safepoint    ] Safepoint "Cleanup", Time since last: 1005155500 ns, Reaching safepoint: 904542 ns, At safepoint: 23208 ns, Total: 927750 ns
[2022-09-04T01:38:41.700+0000][1][safepoint    ] Safepoint "RevokeBias", Time since last: 305849042 ns, Reaching safepoint: 640292 ns, At safepoint: 97625 ns, Total: 737917 ns
[2022-09-04T01:38:41.704+0000][1][safepoint    ] Safepoint "RevokeBias", Time since last: 3427125 ns, Reaching safepoint: 597125 ns, At safepoint: 129583 ns, Total: 726708 ns
[2022-09-04T01:38:42.715+0000][1][safepoint    ] Safepoint "Cleanup", Time since last: 1008142167 ns, Reaching safepoint: 2730208 ns, At safepoint: 60375 ns, Total: 2790583 ns
[2022-09-04T01:38:43.724+0000][1][safepoint    ] Safepoint "Cleanup", Time since last: 1004389043 ns, Reaching safepoint: 3706000 ns, At safepoint: 95375 ns, Total: 3801375 ns
[2022-09-04T01:38:44.732+0000][1][safepoint    ] Safepoint "Cleanup", Time since last: 1006543875 ns, Reaching safepoint: 1650167 ns, At safepoint: 46125 ns, Total: 1696292 ns
[2022-09-04T01:38:45.738+0000][1][safepoint    ] Safepoint "Cleanup", Time since last: 1003799542 ns, Reaching safepoint: 1982583 ns, At safepoint: 56875 ns, Total: 2039458 ns
[2022-09-04T01:38:46.744+0000][1][safepoint    ] Safepoint "Cleanup", Time since last: 1003730834 ns, Reaching safepoint: 2997792 ns, At safepoint: 90375 ns, Total: 3088167 ns
[2022-09-04T01:38:47.750+0000][1][safepoint    ] Safepoint "Cleanup", Time since last: 1004291792 ns, Reaching safepoint: 1334750 ns, At safepoint: 44542 ns, Total: 1379292 ns
[2022-09-04T01:38:48.753+0000][1][safepoint    ] Safepoint "Cleanup", Time since last: 1001893250 ns, Reaching safepoint: 1387458 ns, At safepoint: 33542 ns, Total: 1421000 ns
[2022-09-04T01:38:49.758+0000][1][safepoint    ] Safepoint "Cleanup", Time since last: 1002729459 ns, Reaching safepoint: 1688958 ns, At safepoint: 45208 ns, Total: 1734166 ns
[2022-09-04T01:38:50.762+0000][1][safepoint    ] Safepoint "Cleanup", Time since last: 1002848543 ns, Reaching safepoint: 1610875 ns, At safepoint: 42791 ns, Total: 1653666 ns
[2022-09-04T01:38:51.766+0000][1][safepoint    ] Safepoint "Cleanup", Time since last: 1003163334 ns, Reaching safepoint: 910917 ns, At safepoint: 24541 ns, Total: 935458 ns
[2022-09-04T01:38:52.771+0000][1][safepoint    ] Safepoint "Cleanup", Time since last: 1002258251 ns, Reaching safepoint: 2435416 ns, At safepoint: 55750 ns, Total: 2491166 ns
[2022-09-04T01:38:53.779+0000][1][safepoint    ] Safepoint "Cleanup", Time since last: 1004580167 ns, Reaching safepoint: 2978250 ns, At safepoint: 59042 ns, Total: 3037292 ns
[2022-09-04T01:38:54.784+0000][1][safepoint    ] Safepoint "Cleanup", Time since last: 1004124251 ns, Reaching safepoint: 1555958 ns, At safepoint: 37917 ns, Total: 1593875 ns
[2022-09-04T01:38:55.788+0000][1][safepoint    ] Safepoint "Cleanup", Time since last: 1002177542 ns, Reaching safepoint: 1740666 ns, At safepoint: 41209 ns, Total: 1781875 ns
[2022-09-04T01:38:56.793+0000][1][safepoint    ] Safepoint "Cleanup", Time since last: 1004001750 ns, Reaching safepoint: 913000 ns, At safepoint: 20167 ns, Total: 933167 ns
[2022-09-04T01:38:57.797+0000][1][safepoint    ] Safepoint "Cleanup", Time since last: 1001798250 ns, Reaching safepoint: 1677917 ns, At safepoint: 32250 ns, Total: 1710167 ns
[2022-09-04T01:38:58.802+0000][1][safepoint    ] Safepoint "Cleanup", Time since last: 1003248292 ns, Reaching safepoint: 1665125 ns, At safepoint: 83250 ns, Total: 1748375 ns
[2022-09-04T01:38:59.806+0000][1][safepoint    ] Safepoint "Cleanup", Time since last: 1002582376 ns, Reaching safepoint: 1771166 ns, At safepoint: 77625 ns, Total: 1848791 ns
[2022-09-04T01:39:00.812+0000][1][safepoint    ] Safepoint "Cleanup", Time since last: 1003583584 ns, Reaching safepoint: 2168333 ns, At safepoint: 63250 ns, Total: 2231583 ns
[2022-09-04T01:39:01.820+0000][1][safepoint    ] Safepoint "Cleanup", Time since last: 1006859168 ns, Reaching safepoint: 903833 ns, At safepoint: 24250 ns, Total: 928083 ns
[2022-09-04T01:39:03.101+0000][1][safepoint    ] Safepoint "Cleanup", Time since last: 1279347584 ns, Reaching safepoint: 2108667 ns, At safepoint: 59625 ns, Total: 2168292 ns
[2022-09-04T01:39:04.123+0000][1][safepoint    ] Safepoint "Cleanup", Time since last: 1017512458 ns, Reaching safepoint: 3999084 ns, At safepoint: 89333 ns, Total: 4088417 ns
[2022-09-04T01:39:05.129+0000][1][safepoint    ] Safepoint "Cleanup", Time since last: 1004379584 ns, Reaching safepoint: 1291875 ns, At safepoint: 32833 ns, Total: 1324708 ns
[2022-09-04T01:39:06.133+0000][1][safepoint    ] Safepoint "Cleanup", Time since last: 1002917959 ns, Reaching safepoint: 1843917 ns, At safepoint: 53916 ns, Total: 1897833 ns
[2022-09-04T01:39:07.138+0000][1][safepoint    ] Safepoint "Cleanup", Time since last: 1003961417 ns, Reaching safepoint: 928042 ns, At safepoint: 22125 ns, Total: 950167 ns
[2022-09-04T01:39:08.144+0000][1][safepoint    ] Safepoint "Cleanup", Time since last: 1002184209 ns, Reaching safepoint: 3422083 ns, At safepoint: 87500 ns, Total: 3509583 ns
[2022-09-04T01:39:09.151+0000][1][safepoint    ] Safepoint "Cleanup", Time since last: 1003589709 ns, Reaching safepoint: 3413667 ns, At safepoint: 92500 ns, Total: 3506167 ns
[2022-09-04T01:39:10.159+0000][1][safepoint    ] Safepoint "Cleanup", Time since last: 1004684917 ns, Reaching safepoint: 3268750 ns, At safepoint: 75167 ns, Total: 3343917 ns
[2022-09-04T01:39:11.164+0000][1][safepoint    ] Safepoint "Cleanup", Time since last: 1004220292 ns, Reaching safepoint: 866250 ns, At safepoint: 25166 ns, Total: 891416 ns
[2022-09-04T01:39:11.833+0000][1][safepoint    ] Safepoint "RevokeBias", Time since last: 667683501 ns, Reaching safepoint: 1032291 ns, At safepoint: 92500 ns, Total: 1124791 ns
[2022-09-04T01:39:12.839+0000][1][safepoint    ] Safepoint "Cleanup", Time since last: 1002239042 ns, Reaching safepoint: 3943375 ns, At safepoint: 68750 ns, Total: 4012125 ns
[2022-09-04T01:39:13.846+0000][1][safepoint    ] Safepoint "Cleanup", Time since last: 1005052418 ns, Reaching safepoint: 1307083 ns, At safepoint: 62167 ns, Total: 1369250 ns
[2022-09-04T01:39:14.850+0000][1][safepoint    ] Safepoint "Cleanup", Time since last: 1002416542 ns, Reaching safepoint: 2168166 ns, At safepoint: 48459 ns, Total: 2216625 ns
[2022-09-04T01:39:15.858+0000][1][safepoint    ] Safepoint "Cleanup", Time since last: 1004501959 ns, Reaching safepoint: 2834000 ns, At safepoint: 67208 ns, Total: 2901208 ns
[2022-09-04T01:39:16.866+0000][1][safepoint    ] Safepoint "Cleanup", Time since last: 1006944125 ns, Reaching safepoint: 1244500 ns, At safepoint: 43917 ns, Total: 1288417 ns
[2022-09-04T01:39:17.872+0000][1][safepoint    ] Safepoint "Cleanup", Time since last: 1004245876 ns, Reaching safepoint: 1632791 ns, At safepoint: 49375 ns, Total: 1682166 ns
[2022-09-04T01:39:18.877+0000][1][safepoint    ] Safepoint "Cleanup", Time since last: 1002561709 ns, Reaching safepoint: 2879125 ns, At safepoint: 105583 ns, Total: 2984708 ns
[2022-09-04T01:39:19.882+0000][1][safepoint    ] Safepoint "Cleanup", Time since last: 1003129709 ns, Reaching safepoint: 1158209 ns, At safepoint: 25458 ns, Total: 1183667 ns
[2022-09-04T01:39:20.885+0000][1][safepoint    ] Safepoint "Cleanup", Time since last: 1001781542 ns, Reaching safepoint: 1658708 ns, At safepoint: 42250 ns, Total: 1700958 ns
[2022-09-04T01:39:21.889+0000][1][safepoint    ] Safepoint "Cleanup", Time since last: 1003313750 ns, Reaching safepoint: 1009667 ns, At safepoint: 24750 ns, Total: 1034417 ns
[2022-09-04T01:39:22.895+0000][1][safepoint    ] Safepoint "Cleanup", Time since last: 1001997542 ns, Reaching safepoint: 3336917 ns, At safepoint: 71833 ns, Total: 3408750 ns
[2022-09-04T01:39:23.902+0000][1][safepoint    ] Safepoint "Cleanup", Time since last: 1005630167 ns, Reaching safepoint: 1665208 ns, At safepoint: 41292 ns, Total: 1706500 ns
[2022-09-04T01:39:24.908+0000][1][safepoint    ] Safepoint "Cleanup", Time since last: 1003860292 ns, Reaching safepoint: 1983625 ns, At safepoint: 49334 ns, Total: 2032959 ns
[2022-09-04T01:39:25.915+0000][1][safepoint    ] Safepoint "Cleanup", Time since last: 1005008208 ns, Reaching safepoint: 1912792 ns, At safepoint: 51000 ns, Total: 1963792 ns
[2022-09-04T01:39:26.920+0000][1][safepoint    ] Safepoint "Cleanup", Time since last: 1003365459 ns, Reaching safepoint: 1062958 ns, At safepoint: 50250 ns, Total: 1113208 ns
[2022-09-04T01:39:27.924+0000][1][safepoint    ] Safepoint "Cleanup", Time since last: 1002027084 ns, Reaching safepoint: 1893333 ns, At safepoint: 43125 ns, Total: 1936458 ns
[2022-09-04T01:39:28.928+0000][1][safepoint    ] Safepoint "Cleanup", Time since last: 1002836793 ns, Reaching safepoint: 1701208 ns, At safepoint: 37083 ns, Total: 1738291 ns
[2022-09-04T01:39:29.934+0000][1][safepoint    ] Safepoint "Cleanup", Time since last: 1004397251 ns, Reaching safepoint: 1564916 ns, At safepoint: 37334 ns, Total: 1602250 ns
[2022-09-04T01:39:30.939+0000][1][safepoint    ] Safepoint "Cleanup", Time since last: 1003183458 ns, Reaching safepoint: 1445834 ns, At safepoint: 37000 ns, Total: 1482834 ns
[2022-09-04T01:39:31.942+0000][1][safepoint    ] Safepoint "Cleanup", Time since last: 1002435959 ns, Reaching safepoint: 1066750 ns, At safepoint: 25125 ns, Total: 1091875 ns
[2022-09-04T01:39:32.947+0000][1][safepoint    ] Safepoint "Cleanup", Time since last: 1003308583 ns, Reaching safepoint: 1063459 ns, At safepoint: 23875 ns, Total: 1087334 ns
[2022-09-04T01:39:33.952+0000][1][safepoint    ] Safepoint "Cleanup", Time since last: 1002295750 ns, Reaching safepoint: 2716917 ns, At safepoint: 77458 ns, Total: 2794375 ns
[2022-09-04T01:39:34.957+0000][1][safepoint    ] Safepoint "Cleanup", Time since last: 1003451792 ns, Reaching safepoint: 1839167 ns, At safepoint: 47750 ns, Total: 1886917 ns
[2022-09-04T01:39:36.633+0000][1][safepoint    ] Safepoint "Cleanup", Time since last: 1673658793 ns, Reaching safepoint: 1989208 ns, At safepoint: 53292 ns, Total: 2042500 ns
[2022-09-04T01:39:37.637+0000][1][safepoint    ] Safepoint "Cleanup", Time since last: 1003420250 ns, Reaching safepoint: 964375 ns, At safepoint: 23167 ns, Total: 987542 ns
[2022-09-04T01:39:38.640+0000][1][safepoint    ] Safepoint "Cleanup", Time since last: 1001667458 ns, Reaching safepoint: 996875 ns, At safepoint: 62750 ns, Total: 1059625 ns
[2022-09-04T01:39:39.648+0000][1][safepoint    ] Safepoint "Cleanup", Time since last: 1002669459 ns, Reaching safepoint: 4839500 ns, At safepoint: 343375 ns, Total: 5182875 ns
[2022-09-04T01:39:40.657+0000][1][safepoint    ] Safepoint "Cleanup", Time since last: 1005870459 ns, Reaching safepoint: 3330708 ns, At safepoint: 111042 ns, Total: 3441750 ns
[2022-09-04T01:39:41.666+0000][1][safepoint    ] Safepoint "Cleanup", Time since last: 1005460126 ns, Reaching safepoint: 3109833 ns, At safepoint: 77583 ns, Total: 3187416 ns
[2022-09-04T01:39:41.945+0000][1][safepoint    ] Safepoint "RevokeBias", Time since last: 277878625 ns, Reaching safepoint: 1011167 ns, At safepoint: 92750 ns, Total: 1103917 ns
[2022-09-04T01:39:42.949+0000][1][safepoint    ] Safepoint "Cleanup", Time since last: 1001329209 ns, Reaching safepoint: 2883125 ns, At safepoint: 75500 ns, Total: 2958625 ns
[2022-09-04T01:39:43.956+0000][1][safepoint    ] Safepoint "Cleanup", Time since last: 1004482125 ns, Reaching safepoint: 2761667 ns, At safepoint: 89542 ns, Total: 2851209 ns
[2022-09-04T01:39:44.966+0000][1][safepoint    ] Safepoint "Cleanup", Time since last: 1005689167 ns, Reaching safepoint: 3936750 ns, At safepoint: 96000 ns, Total: 4032750 ns
[2022-09-04T01:39:45.975+0000][1][safepoint    ] Safepoint "Cleanup", Time since last: 1006369459 ns, Reaching safepoint: 2799416 ns, At safepoint: 97625 ns, Total: 2897041 ns
[2022-09-04T01:39:46.985+0000][1][safepoint    ] Safepoint "Cleanup", Time since last: 1005089376 ns, Reaching safepoint: 4245791 ns, At safepoint: 65000 ns, Total: 4310791 ns
[2022-09-04T01:39:47.369+0000][1][safepoint    ] Safepoint "RevokeBias", Time since last: 382698251 ns, Reaching safepoint: 1191583 ns, At safepoint: 140667 ns, Total: 1332250 ns
[2022-09-04T01:39:47.375+0000][1][safepoint    ] Safepoint "RevokeBias", Time since last: 5343375 ns, Reaching safepoint: 584458 ns, At safepoint: 107583 ns, Total: 692041 ns
[2022-09-04T01:39:48.378+0000][1][safepoint    ] Safepoint "Cleanup", Time since last: 1001396626 ns, Reaching safepoint: 1917666 ns, At safepoint: 46375 ns, Total: 1964041 ns
[2022-09-04T01:39:49.383+0000][1][safepoint    ] Safepoint "Cleanup", Time since last: 1002420209 ns, Reaching safepoint: 2518334 ns, At safepoint: 66583 ns, Total: 2584917 ns
[2022-09-04T01:39:50.393+0000][1][safepoint    ] Safepoint "Cleanup", Time since last: 1006769459 ns, Reaching safepoint: 2800208 ns, At safepoint: 60333 ns, Total: 2860541 ns
[2022-09-04T01:39:51.401+0000][1][safepoint    ] Safepoint "Cleanup", Time since last: 1007056209 ns, Reaching safepoint: 849209 ns, At safepoint: 25625 ns, Total: 874834 ns
[2022-09-04T01:39:52.403+0000][1][safepoint    ] Safepoint "Cleanup", Time since last: 1001537041 ns, Reaching safepoint: 1221458 ns, At safepoint: 44375 ns, Total: 1265833 ns
[2022-09-04T01:39:53.408+0000][1][safepoint    ] Safepoint "Cleanup", Time since last: 1003354542 ns, Reaching safepoint: 1675625 ns, At safepoint: 39584 ns, Total: 1715209 ns
[2022-09-04T01:39:54.414+0000][1][safepoint    ] Safepoint "Cleanup", Time since last: 1003860750 ns, Reaching safepoint: 1528125 ns, At safepoint: 39625 ns, Total: 1567750 ns
[2022-09-04T01:39:55.421+0000][1][safepoint    ] Safepoint "Cleanup", Time since last: 1004358417 ns, Reaching safepoint: 2460042 ns, At safepoint: 68750 ns, Total: 2528792 ns
[2022-09-04T01:39:56.426+0000][1][safepoint    ] Safepoint "Cleanup", Time since last: 1004328625 ns, Reaching safepoint: 937084 ns, At safepoint: 20708 ns, Total: 957792 ns
[2022-09-04T01:39:57.429+0000][1][safepoint    ] Safepoint "Cleanup", Time since last: 1001710584 ns, Reaching safepoint: 1059583 ns, At safepoint: 24125 ns, Total: 1083708 ns
[2022-09-04T01:39:58.432+0000][1][safepoint    ] Safepoint "Cleanup", Time since last: 1002082584 ns, Reaching safepoint: 951583 ns, At safepoint: 24625 ns, Total: 976208 ns
[2022-09-04T01:39:59.300+0000][1][safepoint    ] Safepoint "RevokeBias", Time since last: 866837376 ns, Reaching safepoint: 860000 ns, At safepoint: 94875 ns, Total: 954875 ns
[2022-09-04T01:39:59.306+0000][1][safepoint    ] Safepoint "RevokeBias", Time since last: 5496541 ns, Reaching safepoint: 454667 ns, At safepoint: 37083 ns, Total: 491750 ns
[2022-09-04T01:39:59.313+0000][1][safepoint    ] Safepoint "RevokeBias", Time since last: 4547792 ns, Reaching safepoint: 2281083 ns, At safepoint: 71250 ns, Total: 2352333 ns
[2022-09-04T01:39:59.324+0000][1][safepoint    ] Safepoint "RevokeBias", Time since last: 10909625 ns, Reaching safepoint: 729542 ns, At safepoint: 45500 ns, Total: 775042 ns
[2022-09-04T01:39:59.330+0000][1][safepoint    ] Safepoint "RevokeBias", Time since last: 4269750 ns, Reaching safepoint: 980458 ns, At safepoint: 69334 ns, Total: 1049792 ns
[2022-09-04T01:39:59.334+0000][1][safepoint    ] Safepoint "RevokeBias", Time since last: 3240208 ns, Reaching safepoint: 675875 ns, At safepoint: 50875 ns, Total: 726750 ns
[2022-09-04T01:39:59.336+0000][1][safepoint    ] Safepoint "RevokeBias", Time since last: 1911750 ns, Reaching safepoint: 548625 ns, At safepoint: 37458 ns, Total: 586083 ns
[2022-09-04T01:39:59.383+0000][1][safepoint    ] Safepoint "RevokeBias", Time since last: 45803334 ns, Reaching safepoint: 759958 ns, At safepoint: 50417 ns, Total: 810375 ns
[2022-09-04T01:39:59.405+0000][1][safepoint    ] Safepoint "RevokeBias", Time since last: 20843541 ns, Reaching safepoint: 1189334 ns, At safepoint: 589791 ns, Total: 1779125 ns
[2022-09-04T01:39:59.429+0000][1][safepoint    ] Safepoint "RevokeBias", Time since last: 22006875 ns, Reaching safepoint: 1107584 ns, At safepoint: 146791 ns, Total: 1254375 ns
[2022-09-04T01:39:59.495+0000][1][safepoint    ] Safepoint "RevokeBias", Time since last: 65489500 ns, Reaching safepoint: 657917 ns, At safepoint: 52625 ns, Total: 710542 ns
[2022-09-04T01:39:59.497+0000][1][safepoint    ] Safepoint "RevokeBias", Time since last: 1345750 ns, Reaching safepoint: 574583 ns, At safepoint: 77542 ns, Total: 652125 ns
[2022-09-04T01:39:59.498+0000][1][safepoint    ] Safepoint "RevokeBias", Time since last: 1084167 ns, Reaching safepoint: 326750 ns, At safepoint: 135583 ns, Total: 462333 ns
[2022-09-04T01:39:59.500+0000][1][safepoint    ] Safepoint "RevokeBias", Time since last: 985458 ns, Reaching safepoint: 546334 ns, At safepoint: 40000 ns, Total: 586334 ns
[2022-09-04T01:39:59.503+0000][1][safepoint    ] Safepoint "RevokeBias", Time since last: 3087666 ns, Reaching safepoint: 494042 ns, At safepoint: 55250 ns, Total: 549292 ns
[2022-09-04T01:39:59.505+0000][1][safepoint    ] Safepoint "RevokeBias", Time since last: 1250042 ns, Reaching safepoint: 400750 ns, At safepoint: 50958 ns, Total: 451708 ns
[2022-09-04T01:39:59.511+0000][1][safepoint    ] Safepoint "RevokeBias", Time since last: 4969417 ns, Reaching safepoint: 357791 ns, At safepoint: 31334 ns, Total: 389125 ns
[2022-09-04T01:39:59.556+0000][1][safepoint    ] Safepoint "RevokeBias", Time since last: 44843875 ns, Reaching safepoint: 603500 ns, At safepoint: 30833 ns, Total: 634333 ns
[2022-09-04T01:40:00.067+0000][1][safepoint    ] Safepoint "RevokeBias", Time since last: 509822750 ns, Reaching safepoint: 1231375 ns, At safepoint: 66167 ns, Total: 1297542 ns
[2022-09-04T01:40:00.081+0000][1][safepoint    ] Safepoint "RevokeBias", Time since last: 12560250 ns, Reaching safepoint: 753375 ns, At safepoint: 144750 ns, Total: 898125 ns
[2022-09-04T01:40:00.096+0000][1][safepoint    ] Safepoint "RevokeBias", Time since last: 13672125 ns, Reaching safepoint: 1444000 ns, At safepoint: 158375 ns, Total: 1602375 ns
[2022-09-04T01:40:00.099+0000][1][safepoint    ] Safepoint "RevokeBias", Time since last: 2109917 ns, Reaching safepoint: 1041875 ns, At safepoint: 47875 ns, Total: 1089750 ns
[2022-09-04T01:40:00.102+0000][1][safepoint    ] Safepoint "RevokeBias", Time since last: 1714833 ns, Reaching safepoint: 963375 ns, At safepoint: 60500 ns, Total: 1023875 ns
[2022-09-04T01:40:01.104+0000][1][safepoint    ] Safepoint "Cleanup", Time since last: 1001060834 ns, Reaching safepoint: 972375 ns, At safepoint: 22708 ns, Total: 995083 ns
