[2022-09-03T23:46:37.431+0000][1][gc] Using Concurrent Mark Sweep
[2022-09-03T23:46:37.434+0000][1][gc,heap,coops] Heap address: 0x00000000e0000000, size: 512 MB, Compressed Oops mode: 32-bit
[2022-09-03T23:46:38.078+0000][1][safepoint    ] Safepoint "EnableBiasedLocking", Time since last: 465586542 ns, Reaching safepoint: 2424583 ns, At safepoint: 1288667 ns, Total: 3713250 ns
[2022-09-03T23:46:38.110+0000][1][safepoint    ] Safepoint "RevokeBias", Time since last: 29446208 ns, Reaching safepoint: 474667 ns, At safepoint: 1628750 ns, Total: 2103417 ns
[2022-09-03T23:46:38.277+0000][1][safepoint    ] Safepoint "Deoptimize", Time since last: 163897000 ns, Reaching safepoint: 1761541 ns, At safepoint: 1875334 ns, Total: 3636875 ns
[2022-09-03T23:46:39.046+0000][1][safepoint    ] Safepoint "Deoptimize", Time since last: 768036250 ns, Reaching safepoint: 794958 ns, At safepoint: 173875 ns, Total: 968833 ns
[2022-09-03T23:46:39.056+0000][1][safepoint    ] Safepoint "Deoptimize", Time since last: 9278792 ns, Reaching safepoint: 67833 ns, At safepoint: 283292 ns, Total: 351125 ns
[2022-09-03T23:46:39.270+0000][1][safepoint    ] Safepoint "Deoptimize", Time since last: 213507375 ns, Reaching safepoint: 206167 ns, At safepoint: 177833 ns, Total: 384000 ns
[2022-09-03T23:46:40.288+0000][1][safepoint    ] Safepoint "Cleanup", Time since last: 1004827667 ns, Reaching safepoint: 13539792 ns, At safepoint: 50417 ns, Total: 13590209 ns
[2022-09-03T23:46:41.302+0000][1][safepoint    ] Safepoint "Cleanup", Time since last: 1010334208 ns, Reaching safepoint: 3299250 ns, At safepoint: 21042 ns, Total: 3320292 ns
[2022-09-03T23:46:41.321+0000][1][safepoint    ] Safepoint "Deoptimize", Time since last: 19090333 ns, Reaching safepoint: 69125 ns, At safepoint: 303792 ns, Total: 372917 ns
[2022-09-03T23:46:41.683+0000][1][safepoint    ] Safepoint "Deoptimize", Time since last: 360930709 ns, Reaching safepoint: 530166 ns, At safepoint: 412334 ns, Total: 942500 ns
[2022-09-03T23:46:42.686+0000][1][safepoint    ] Safepoint "Cleanup", Time since last: 1001864167 ns, Reaching safepoint: 711208 ns, At safepoint: 24042 ns, Total: 735250 ns
[2022-09-03T23:46:43.169+0000][1][safepoint    ] Safepoint "Deoptimize", Time since last: 482735792 ns, Reaching safepoint: 395958 ns, At safepoint: 469458 ns, Total: 865416 ns
[2022-09-03T23:46:43.571+0000][1][safepoint    ] Safepoint "Deoptimize", Time since last: 400109542 ns, Reaching safepoint: 774125 ns, At safepoint: 468834 ns, Total: 1242959 ns
[2022-09-03T23:46:44.573+0000][1][safepoint    ] Safepoint "Cleanup", Time since last: 1001630833 ns, Reaching safepoint: 698584 ns, At safepoint: 42666 ns, Total: 741250 ns
[2022-09-03T23:46:45.397+0000][1][safepoint    ] Safepoint "RevokeBias", Time since last: 823151917 ns, Reaching safepoint: 520209 ns, At safepoint: 648250 ns, Total: 1168459 ns
[2022-09-03T23:46:46.133+0000][1][safepoint    ] Safepoint "Deoptimize", Time since last: 734156333 ns, Reaching safepoint: 886625 ns, At safepoint: 665209 ns, Total: 1551834 ns
[2022-09-03T23:46:46.863+0000][1][safepoint    ] Safepoint "Deoptimize", Time since last: 728281042 ns, Reaching safepoint: 1180041 ns, At safepoint: 632250 ns, Total: 1812291 ns
[2022-09-03T23:46:46.867+0000][1][safepoint    ] Safepoint "Deoptimize", Time since last: 3505959 ns, Reaching safepoint: 202750 ns, At safepoint: 606291 ns, Total: 809041 ns
[2022-09-03T23:46:47.033+0000][1][safepoint    ] Safepoint "Deoptimize", Time since last: 165008875 ns, Reaching safepoint: 454542 ns, At safepoint: 582292 ns, Total: 1036834 ns
[2022-09-03T23:46:47.052+0000][1][safepoint    ] Safepoint "Deoptimize", Time since last: 17888667 ns, Reaching safepoint: 270666 ns, At safepoint: 667584 ns, Total: 938250 ns
[2022-09-03T23:46:47.136+0000][1][safepoint    ] Safepoint "RevokeBias", Time since last: 83229250 ns, Reaching safepoint: 767458 ns, At safepoint: 157167 ns, Total: 924625 ns
[2022-09-03T23:46:47.141+0000][1][safepoint    ] Safepoint "RevokeBias", Time since last: 3951291 ns, Reaching safepoint: 418167 ns, At safepoint: 153875 ns, Total: 572042 ns
[2022-09-03T23:46:47.146+0000][1][safepoint    ] Safepoint "RevokeBias", Time since last: 3766750 ns, Reaching safepoint: 709708 ns, At safepoint: 189209 ns, Total: 898917 ns
[2022-09-03T23:46:47.151+0000][1][safepoint    ] Safepoint "RevokeBias", Time since last: 4729583 ns, Reaching safepoint: 459042 ns, At safepoint: 144791 ns, Total: 603833 ns
[2022-09-03T23:46:47.153+0000][1][safepoint    ] Safepoint "RevokeBias", Time since last: 1178417 ns, Reaching safepoint: 368875 ns, At safepoint: 349875 ns, Total: 718750 ns
[2022-09-03T23:46:47.205+0000][1][safepoint    ] Safepoint "Deoptimize", Time since last: 50598083 ns, Reaching safepoint: 694959 ns, At safepoint: 709625 ns, Total: 1404584 ns
[2022-09-03T23:46:47.293+0000][1][safepoint    ] Safepoint "Deoptimize", Time since last: 87207000 ns, Reaching safepoint: 451833 ns, At safepoint: 812125 ns, Total: 1263958 ns
[2022-09-03T23:46:48.297+0000][1][safepoint    ] Safepoint "Cleanup", Time since last: 1002077209 ns, Reaching safepoint: 1426166 ns, At safepoint: 14917 ns, Total: 1441083 ns
[2022-09-03T23:46:49.300+0000][1][safepoint    ] Safepoint "Cleanup", Time since last: 1001644334 ns, Reaching safepoint: 1072458 ns, At safepoint: 24167 ns, Total: 1096625 ns
[2022-09-03T23:46:49.405+0000][1][safepoint    ] Safepoint "Deoptimize", Time since last: 104255958 ns, Reaching safepoint: 346125 ns, At safepoint: 751042 ns, Total: 1097167 ns
[2022-09-03T23:46:49.454+0000][1][safepoint    ] Safepoint "Deoptimize", Time since last: 47534708 ns, Reaching safepoint: 279500 ns, At safepoint: 1431334 ns, Total: 1710834 ns
[2022-09-03T23:46:50.480+0000][1][safepoint    ] Safepoint "Cleanup", Time since last: 1001789500 ns, Reaching safepoint: 19454083 ns, At safepoint: 2521125 ns, Total: 21975208 ns
[2022-09-03T23:46:51.506+0000][1][safepoint    ] Safepoint "Cleanup", Time since last: 1027375667 ns, Reaching safepoint: 714583 ns, At safepoint: 26667 ns, Total: 741250 ns
[2022-09-03T23:46:51.710+0000][1][safepoint    ] Safepoint "RevokeBias", Time since last: 202787125 ns, Reaching safepoint: 275416 ns, At safepoint: 1348834 ns, Total: 1624250 ns
[2022-09-03T23:46:52.714+0000][1][safepoint    ] Safepoint "Cleanup", Time since last: 1002420625 ns, Reaching safepoint: 1068834 ns, At safepoint: 38333 ns, Total: 1107167 ns
[2022-09-03T23:46:53.037+0000][1][gc,start     ] GC(0) Pause Young (Allocation Failure)
[2022-09-03T23:46:53.047+0000][1][gc,task      ] GC(0) Using 4 workers of 4 for evacuation
[2022-09-03T23:46:53.111+0000][1][gc,age       ] GC(0) Desired survivor size 8945664 bytes, new threshold 1 (max threshold 6)
[2022-09-03T23:46:53.113+0000][1][gc,age       ] GC(0) Age table with threshold 1 (max threshold 6)
[2022-09-03T23:46:53.115+0000][1][gc,age       ] GC(0) - age   1:   10019256 bytes,   10019256 total
[2022-09-03T23:46:53.118+0000][1][gc,heap      ] GC(0) ParNew: 139776K->9894K(157248K)
[2022-09-03T23:46:53.120+0000][1][gc,heap      ] GC(0) CMS: 0K->0K(349568K)
[2022-09-03T23:46:53.121+0000][1][gc,metaspace ] GC(0) Metaspace: 17120K->17120K(1064960K)
[2022-09-03T23:46:53.124+0000][1][gc           ] GC(0) Pause Young (Allocation Failure) 136M->9M(494M) 87.083ms
[2022-09-03T23:46:53.126+0000][1][gc,cpu       ] GC(0) User=0.18s Sys=0.04s Real=0.09s
[2022-09-03T23:46:53.127+0000][1][safepoint    ] Safepoint "GenCollectForAllocation", Time since last: 321619625 ns, Reaching safepoint: 750333 ns, At safepoint: 90787042 ns, Total: 91537375 ns
[2022-09-03T23:46:53.143+0000][1][safepoint    ] Safepoint "BulkRevokeBias", Time since last: 14163917 ns, Reaching safepoint: 969583 ns, At safepoint: 1440417 ns, Total: 2410000 ns
[2022-09-03T23:46:53.148+0000][1][safepoint    ] Safepoint "RevokeBias", Time since last: 4312291 ns, Reaching safepoint: 438792 ns, At safepoint: 334125 ns, Total: 772917 ns
[2022-09-03T23:46:53.152+0000][1][safepoint    ] Safepoint "RevokeBias", Time since last: 2567792 ns, Reaching safepoint: 385083 ns, At safepoint: 343917 ns, Total: 729000 ns
[2022-09-03T23:46:53.156+0000][1][safepoint    ] Safepoint "RevokeBias", Time since last: 2536000 ns, Reaching safepoint: 1255125 ns, At safepoint: 356041 ns, Total: 1611166 ns
[2022-09-03T23:46:53.161+0000][1][safepoint    ] Safepoint "RevokeBias", Time since last: 3936542 ns, Reaching safepoint: 337042 ns, At safepoint: 447666 ns, Total: 784708 ns
[2022-09-03T23:46:53.163+0000][1][safepoint    ] Safepoint "RevokeBias", Time since last: 1360667 ns, Reaching safepoint: 951250 ns, At safepoint: 249750 ns, Total: 1201000 ns
[2022-09-03T23:46:53.166+0000][1][safepoint    ] Safepoint "RevokeBias", Time since last: 2275542 ns, Reaching safepoint: 393125 ns, At safepoint: 253208 ns, Total: 646333 ns
[2022-09-03T23:46:53.168+0000][1][safepoint    ] Safepoint "RevokeBias", Time since last: 1311500 ns, Reaching safepoint: 334542 ns, At safepoint: 250875 ns, Total: 585417 ns
[2022-09-03T23:46:53.170+0000][1][safepoint    ] Safepoint "RevokeBias", Time since last: 1572000 ns, Reaching safepoint: 240500 ns, At safepoint: 243500 ns, Total: 484000 ns
[2022-09-03T23:46:53.172+0000][1][safepoint    ] Safepoint "RevokeBias", Time since last: 1672958 ns, Reaching safepoint: 464667 ns, At safepoint: 266041 ns, Total: 730708 ns
[2022-09-03T23:46:53.175+0000][1][safepoint    ] Safepoint "RevokeBias", Time since last: 1445792 ns, Reaching safepoint: 1101417 ns, At safepoint: 366750 ns, Total: 1468167 ns
[2022-09-03T23:46:53.177+0000][1][safepoint    ] Safepoint "RevokeBias", Time since last: 1429291 ns, Reaching safepoint: 220167 ns, At safepoint: 171292 ns, Total: 391459 ns
[2022-09-03T23:46:53.180+0000][1][safepoint    ] Safepoint "RevokeBias", Time since last: 1770000 ns, Reaching safepoint: 662791 ns, At safepoint: 180500 ns, Total: 843291 ns
[2022-09-03T23:46:53.182+0000][1][safepoint    ] Safepoint "RevokeBias", Time since last: 1621959 ns, Reaching safepoint: 573416 ns, At safepoint: 212125 ns, Total: 785541 ns
[2022-09-03T23:46:53.185+0000][1][safepoint    ] Safepoint "RevokeBias", Time since last: 1794917 ns, Reaching safepoint: 435167 ns, At safepoint: 194000 ns, Total: 629167 ns
[2022-09-03T23:46:53.187+0000][1][safepoint    ] Safepoint "RevokeBias", Time since last: 2117416 ns, Reaching safepoint: 344500 ns, At safepoint: 264375 ns, Total: 608875 ns
[2022-09-03T23:46:53.192+0000][1][safepoint    ] Safepoint "RevokeBias", Time since last: 4286834 ns, Reaching safepoint: 248375 ns, At safepoint: 187791 ns, Total: 436166 ns
[2022-09-03T23:46:53.194+0000][1][safepoint    ] Safepoint "RevokeBias", Time since last: 1536917 ns, Reaching safepoint: 330750 ns, At safepoint: 211917 ns, Total: 542667 ns
[2022-09-03T23:46:53.196+0000][1][safepoint    ] Safepoint "RevokeBias", Time since last: 1606083 ns, Reaching safepoint: 203000 ns, At safepoint: 187500 ns, Total: 390500 ns
[2022-09-03T23:46:53.198+0000][1][safepoint    ] Safepoint "RevokeBias", Time since last: 1702667 ns, Reaching safepoint: 258625 ns, At safepoint: 220416 ns, Total: 479041 ns
[2022-09-03T23:46:53.201+0000][1][safepoint    ] Safepoint "RevokeBias", Time since last: 1759542 ns, Reaching safepoint: 295542 ns, At safepoint: 286375 ns, Total: 581917 ns
[2022-09-03T23:46:53.203+0000][1][safepoint    ] Safepoint "RevokeBias", Time since last: 1195833 ns, Reaching safepoint: 368458 ns, At safepoint: 251375 ns, Total: 619833 ns
[2022-09-03T23:46:53.205+0000][1][safepoint    ] Safepoint "RevokeBias", Time since last: 1836709 ns, Reaching safepoint: 276250 ns, At safepoint: 186250 ns, Total: 462500 ns
[2022-09-03T23:46:53.207+0000][1][safepoint    ] Safepoint "RevokeBias", Time since last: 1445458 ns, Reaching safepoint: 224167 ns, At safepoint: 188958 ns, Total: 413125 ns
[2022-09-03T23:46:53.209+0000][1][safepoint    ] Safepoint "RevokeBias", Time since last: 1523292 ns, Reaching safepoint: 238291 ns, At safepoint: 222084 ns, Total: 460375 ns
[2022-09-03T23:46:53.211+0000][1][safepoint    ] Safepoint "RevokeBias", Time since last: 1452625 ns, Reaching safepoint: 497083 ns, At safepoint: 202833 ns, Total: 699916 ns
[2022-09-03T23:46:53.214+0000][1][safepoint    ] Safepoint "RevokeBias", Time since last: 2375250 ns, Reaching safepoint: 542667 ns, At safepoint: 266625 ns, Total: 809292 ns
[2022-09-03T23:46:53.216+0000][1][safepoint    ] Safepoint "RevokeBias", Time since last: 1255958 ns, Reaching safepoint: 307250 ns, At safepoint: 338125 ns, Total: 645375 ns
[2022-09-03T23:46:53.218+0000][1][safepoint    ] Safepoint "RevokeBias", Time since last: 1636209 ns, Reaching safepoint: 107458 ns, At safepoint: 94625 ns, Total: 202083 ns
[2022-09-03T23:46:53.219+0000][1][safepoint    ] Safepoint "RevokeBias", Time since last: 1200875 ns, Reaching safepoint: 345208 ns, At safepoint: 135167 ns, Total: 480375 ns
[2022-09-03T23:46:53.221+0000][1][safepoint    ] Safepoint "RevokeBias", Time since last: 1237625 ns, Reaching safepoint: 278500 ns, At safepoint: 179208 ns, Total: 457708 ns
[2022-09-03T23:46:53.223+0000][1][safepoint    ] Safepoint "RevokeBias", Time since last: 752084 ns, Reaching safepoint: 419166 ns, At safepoint: 231292 ns, Total: 650458 ns
[2022-09-03T23:46:53.225+0000][1][safepoint    ] Safepoint "RevokeBias", Time since last: 1973042 ns, Reaching safepoint: 409666 ns, At safepoint: 183625 ns, Total: 593291 ns
[2022-09-03T23:46:53.227+0000][1][safepoint    ] Safepoint "RevokeBias", Time since last: 1120417 ns, Reaching safepoint: 367125 ns, At safepoint: 207667 ns, Total: 574792 ns
[2022-09-03T23:46:53.232+0000][1][safepoint    ] Safepoint "RevokeBias", Time since last: 3765916 ns, Reaching safepoint: 734209 ns, At safepoint: 256291 ns, Total: 990500 ns
[2022-09-03T23:46:53.234+0000][1][safepoint    ] Safepoint "RevokeBias", Time since last: 1553792 ns, Reaching safepoint: 379708 ns, At safepoint: 219500 ns, Total: 599208 ns
[2022-09-03T23:46:53.236+0000][1][safepoint    ] Safepoint "RevokeBias", Time since last: 1154584 ns, Reaching safepoint: 607791 ns, At safepoint: 240709 ns, Total: 848500 ns
[2022-09-03T23:46:53.237+0000][1][safepoint    ] Safepoint "RevokeBias", Time since last: 1044291 ns, Reaching safepoint: 289459 ns, At safepoint: 219041 ns, Total: 508500 ns
[2022-09-03T23:46:53.240+0000][1][safepoint    ] Safepoint "RevokeBias", Time since last: 1967042 ns, Reaching safepoint: 859958 ns, At safepoint: 234209 ns, Total: 1094167 ns
[2022-09-03T23:46:53.243+0000][1][safepoint    ] Safepoint "RevokeBias", Time since last: 1638833 ns, Reaching safepoint: 307917 ns, At safepoint: 251750 ns, Total: 559667 ns
[2022-09-03T23:46:53.245+0000][1][safepoint    ] Safepoint "BulkRevokeBias", Time since last: 1422000 ns, Reaching safepoint: 199666 ns, At safepoint: 476334 ns, Total: 676000 ns
[2022-09-03T23:46:53.246+0000][1][safepoint    ] Safepoint "BulkRevokeBias", Time since last: 1173916 ns, Reaching safepoint: 260167 ns, At safepoint: 374417 ns, Total: 634584 ns
[2022-09-03T23:46:53.278+0000][1][safepoint    ] Safepoint "RevokeBias", Time since last: 31067625 ns, Reaching safepoint: 352375 ns, At safepoint: 65792 ns, Total: 418167 ns
[2022-09-03T23:46:53.288+0000][1][safepoint    ] Safepoint "RevokeBias", Time since last: 10120041 ns, Reaching safepoint: 234000 ns, At safepoint: 54959 ns, Total: 288959 ns
[2022-09-03T23:46:53.323+0000][1][safepoint    ] Safepoint "Deoptimize", Time since last: 32949041 ns, Reaching safepoint: 285917 ns, At safepoint: 1351750 ns, Total: 1637667 ns
[2022-09-03T23:46:53.393+0000][1][safepoint    ] Safepoint "Deoptimize", Time since last: 68991583 ns, Reaching safepoint: 268667 ns, At safepoint: 879625 ns, Total: 1148292 ns
[2022-09-03T23:46:53.398+0000][1][safepoint    ] Safepoint "Deoptimize", Time since last: 4356167 ns, Reaching safepoint: 105875 ns, At safepoint: 899708 ns, Total: 1005583 ns
[2022-09-03T23:46:54.028+0000][1][safepoint    ] Safepoint "Deoptimize", Time since last: 627531625 ns, Reaching safepoint: 1074417 ns, At safepoint: 1405417 ns, Total: 2479834 ns
[2022-09-03T23:46:55.032+0000][1][safepoint    ] Safepoint "Cleanup", Time since last: 1002265500 ns, Reaching safepoint: 929375 ns, At safepoint: 58958 ns, Total: 988333 ns
[2022-09-03T23:46:55.393+0000][1][gc,start     ] GC(1) Pause Young (Allocation Failure)
[2022-09-03T23:46:55.395+0000][1][gc,task      ] GC(1) Using 4 workers of 4 for evacuation
[2022-09-03T23:46:55.542+0000][1][gc,age       ] GC(1) Desired survivor size 8945664 bytes, new threshold 6 (max threshold 6)
[2022-09-03T23:46:55.545+0000][1][gc,age       ] GC(1) Age table with threshold 6 (max threshold 6)
[2022-09-03T23:46:55.546+0000][1][gc,age       ] GC(1) - age   1:    2553016 bytes,    2553016 total
[2022-09-03T23:46:55.547+0000][1][gc,heap      ] GC(1) ParNew: 149670K->5501K(157248K)
[2022-09-03T23:46:55.548+0000][1][gc,heap      ] GC(1) CMS: 0K->10535K(349568K)
[2022-09-03T23:46:55.549+0000][1][gc,metaspace ] GC(1) Metaspace: 19430K->19430K(1067008K)
[2022-09-03T23:46:55.551+0000][1][gc           ] GC(1) Pause Young (Allocation Failure) 146M->15M(494M) 157.407ms
[2022-09-03T23:46:55.552+0000][1][gc,cpu       ] GC(1) User=0.49s Sys=0.04s Real=0.16s
[2022-09-03T23:46:55.553+0000][1][safepoint    ] Safepoint "GenCollectForAllocation", Time since last: 361005626 ns, Reaching safepoint: 420291 ns, At safepoint: 159703500 ns, Total: 160123791 ns
[2022-09-03T23:46:55.559+0000][1][safepoint    ] Safepoint "RevokeBias", Time since last: 4653125 ns, Reaching safepoint: 791250 ns, At safepoint: 254209 ns, Total: 1045459 ns
[2022-09-03T23:46:55.563+0000][1][safepoint    ] Safepoint "RevokeBias", Time since last: 2004916 ns, Reaching safepoint: 2287375 ns, At safepoint: 204209 ns, Total: 2491584 ns
[2022-09-03T23:46:55.569+0000][1][safepoint    ] Safepoint "RevokeBias", Time since last: 5036375 ns, Reaching safepoint: 334083 ns, At safepoint: 132000 ns, Total: 466083 ns
[2022-09-03T23:46:55.570+0000][1][safepoint    ] Safepoint "RevokeBias", Time since last: 1370625 ns, Reaching safepoint: 495500 ns, At safepoint: 113958 ns, Total: 609458 ns
[2022-09-03T23:46:55.575+0000][1][safepoint    ] Safepoint "RevokeBias", Time since last: 3525375 ns, Reaching safepoint: 557084 ns, At safepoint: 181208 ns, Total: 738292 ns
[2022-09-03T23:46:55.578+0000][1][safepoint    ] Safepoint "RevokeBias", Time since last: 2373208 ns, Reaching safepoint: 676750 ns, At safepoint: 131625 ns, Total: 808375 ns
[2022-09-03T23:46:55.581+0000][1][safepoint    ] Safepoint "RevokeBias", Time since last: 2235084 ns, Reaching safepoint: 322166 ns, At safepoint: 162000 ns, Total: 484166 ns
[2022-09-03T23:46:55.583+0000][1][safepoint    ] Safepoint "RevokeBias", Time since last: 1535459 ns, Reaching safepoint: 429583 ns, At safepoint: 135708 ns, Total: 565291 ns
[2022-09-03T23:46:55.586+0000][1][safepoint    ] Safepoint "RevokeBias", Time since last: 3015209 ns, Reaching safepoint: 215291 ns, At safepoint: 136042 ns, Total: 351333 ns
[2022-09-03T23:46:55.589+0000][1][safepoint    ] Safepoint "RevokeBias", Time since last: 1905000 ns, Reaching safepoint: 300833 ns, At safepoint: 201917 ns, Total: 502750 ns
[2022-09-03T23:46:55.591+0000][1][safepoint    ] Safepoint "RevokeBias", Time since last: 2162625 ns, Reaching safepoint: 267875 ns, At safepoint: 231917 ns, Total: 499792 ns
[2022-09-03T23:46:55.594+0000][1][safepoint    ] Safepoint "RevokeBias", Time since last: 1842625 ns, Reaching safepoint: 476166 ns, At safepoint: 188500 ns, Total: 664666 ns
[2022-09-03T23:46:55.598+0000][1][safepoint    ] Safepoint "RevokeBias", Time since last: 3501709 ns, Reaching safepoint: 338583 ns, At safepoint: 159458 ns, Total: 498041 ns
[2022-09-03T23:46:55.601+0000][1][safepoint    ] Safepoint "RevokeBias", Time since last: 2531500 ns, Reaching safepoint: 328042 ns, At safepoint: 130667 ns, Total: 458709 ns
[2022-09-03T23:46:55.603+0000][1][safepoint    ] Safepoint "RevokeBias", Time since last: 2313958 ns, Reaching safepoint: 234417 ns, At safepoint: 178583 ns, Total: 413000 ns
[2022-09-03T23:46:55.607+0000][1][safepoint    ] Safepoint "RevokeBias", Time since last: 2780500 ns, Reaching safepoint: 724458 ns, At safepoint: 157750 ns, Total: 882208 ns
[2022-09-03T23:46:56.253+0000][1][safepoint    ] Safepoint "RevokeBias", Time since last: 644611084 ns, Reaching safepoint: 1089708 ns, At safepoint: 72542 ns, Total: 1162250 ns
[2022-09-03T23:46:56.444+0000][1][safepoint    ] Safepoint "RevokeBias", Time since last: 190550208 ns, Reaching safepoint: 726667 ns, At safepoint: 91708 ns, Total: 818375 ns
[2022-09-03T23:46:57.244+0000][1][safepoint    ] Safepoint "CollectForMetadataAllocation", Time since last: 798090417 ns, Reaching safepoint: 802875 ns, At safepoint: 535000 ns, Total: 1337875 ns
[2022-09-03T23:46:57.269+0000][1][safepoint    ] Safepoint "Deoptimize", Time since last: 23761000 ns, Reaching safepoint: 488125 ns, At safepoint: 1078500 ns, Total: 1566625 ns
[2022-09-03T23:46:57.556+0000][1][gc,start     ] GC(2) Pause Initial Mark
[2022-09-03T23:46:57.741+0000][1][gc           ] GC(2) Pause Initial Mark 143M->143M(494M) 184.288ms
[2022-09-03T23:46:57.743+0000][1][gc,cpu       ] GC(2) User=0.67s Sys=0.00s Real=0.18s
[2022-09-03T23:46:57.744+0000][1][safepoint    ] Safepoint "CMS_Initial_Mark", Time since last: 286265792 ns, Reaching safepoint: 676792 ns, At safepoint: 188348667 ns, Total: 189025459 ns
[2022-09-03T23:46:57.748+0000][1][gc           ] GC(2) Concurrent Mark
[2022-09-03T23:46:57.819+0000][1][gc           ] GC(2) Concurrent Mark 70.969ms
[2022-09-03T23:46:57.821+0000][1][gc,cpu       ] GC(2) User=0.27s Sys=0.00s Real=0.07s
[2022-09-03T23:46:57.823+0000][1][gc           ] GC(2) Concurrent Preclean
[2022-09-03T23:46:57.833+0000][1][gc           ] GC(2) Concurrent Preclean 9.899ms
[2022-09-03T23:46:57.834+0000][1][gc,cpu       ] GC(2) User=0.04s Sys=0.01s Real=0.02s
[2022-09-03T23:46:57.835+0000][1][gc           ] GC(2) Concurrent Abortable Preclean
[2022-09-03T23:46:57.884+0000][1][safepoint    ] Safepoint "Deoptimize", Time since last: 137992791 ns, Reaching safepoint: 374375 ns, At safepoint: 958625 ns, Total: 1333000 ns
[2022-09-03T23:46:58.051+0000][1][gc,start     ] GC(3) Pause Young (Allocation Failure)
[2022-09-03T23:46:58.052+0000][1][gc,task      ] GC(3) Using 4 workers of 4 for evacuation
[2022-09-03T23:46:58.074+0000][1][gc,age       ] GC(3) Desired survivor size 8945664 bytes, new threshold 6 (max threshold 6)
[2022-09-03T23:46:58.076+0000][1][gc,age       ] GC(3) Age table with threshold 6 (max threshold 6)
[2022-09-03T23:46:58.077+0000][1][gc,age       ] GC(3) - age   1:    3907448 bytes,    3907448 total
[2022-09-03T23:46:58.078+0000][1][gc,age       ] GC(3) - age   2:    1606520 bytes,    5513968 total
[2022-09-03T23:46:58.079+0000][1][gc,heap      ] GC(3) ParNew: 145277K->6514K(157248K)
[2022-09-03T23:46:58.081+0000][1][gc,heap      ] GC(3) CMS: 10535K->10535K(349568K)
[2022-09-03T23:46:58.082+0000][1][gc,metaspace ] GC(3) Metaspace: 20496K->20496K(1069056K)
[2022-09-03T23:46:58.084+0000][1][gc           ] GC(3) Pause Young (Allocation Failure) 152M->16M(494M) 33.250ms
[2022-09-03T23:46:58.085+0000][1][gc,cpu       ] GC(3) User=0.07s Sys=0.00s Real=0.04s
[2022-09-03T23:46:58.087+0000][1][safepoint    ] Safepoint "GenCollectForAllocation", Time since last: 166540959 ns, Reaching safepoint: 471166 ns, At safepoint: 36006167 ns, Total: 36477333 ns
[2022-09-03T23:46:58.096+0000][1][safepoint    ] Safepoint "RevokeBias", Time since last: 5693792 ns, Reaching safepoint: 2814583 ns, At safepoint: 567125 ns, Total: 3381708 ns
[2022-09-03T23:46:58.098+0000][1][safepoint    ] Safepoint "RevokeBias", Time since last: 2073458 ns, Reaching safepoint: 476250 ns, At safepoint: 208542 ns, Total: 684792 ns
[2022-09-03T23:46:58.101+0000][1][safepoint    ] Safepoint "RevokeBias", Time since last: 1556375 ns, Reaching safepoint: 420250 ns, At safepoint: 160500 ns, Total: 580750 ns
[2022-09-03T23:46:58.102+0000][1][safepoint    ] Safepoint "RevokeBias", Time since last: 1160625 ns, Reaching safepoint: 448417 ns, At safepoint: 249375 ns, Total: 697792 ns
[2022-09-03T23:46:58.104+0000][1][safepoint    ] Safepoint "RevokeBias", Time since last: 1266708 ns, Reaching safepoint: 331000 ns, At safepoint: 196875 ns, Total: 527875 ns
[2022-09-03T23:46:58.106+0000][1][safepoint    ] Safepoint "RevokeBias", Time since last: 1214750 ns, Reaching safepoint: 657708 ns, At safepoint: 179792 ns, Total: 837500 ns
[2022-09-03T23:46:58.108+0000][1][safepoint    ] Safepoint "RevokeBias", Time since last: 1674667 ns, Reaching safepoint: 245916 ns, At safepoint: 214834 ns, Total: 460750 ns
[2022-09-03T23:46:58.110+0000][1][safepoint    ] Safepoint "RevokeBias", Time since last: 1026125 ns, Reaching safepoint: 449666 ns, At safepoint: 157750 ns, Total: 607416 ns
[2022-09-03T23:46:58.113+0000][1][safepoint    ] Safepoint "RevokeBias", Time since last: 1880250 ns, Reaching safepoint: 456334 ns, At safepoint: 162000 ns, Total: 618334 ns
[2022-09-03T23:46:58.114+0000][1][safepoint    ] Safepoint "RevokeBias", Time since last: 1103375 ns, Reaching safepoint: 386708 ns, At safepoint: 151292 ns, Total: 538000 ns
[2022-09-03T23:46:58.117+0000][1][safepoint    ] Safepoint "RevokeBias", Time since last: 2372250 ns, Reaching safepoint: 401666 ns, At safepoint: 132584 ns, Total: 534250 ns
[2022-09-03T23:46:58.120+0000][1][safepoint    ] Safepoint "RevokeBias", Time since last: 1950000 ns, Reaching safepoint: 383041 ns, At safepoint: 154042 ns, Total: 537083 ns
[2022-09-03T23:46:58.122+0000][1][safepoint    ] Safepoint "RevokeBias", Time since last: 1607250 ns, Reaching safepoint: 382833 ns, At safepoint: 181709 ns, Total: 564542 ns
[2022-09-03T23:46:58.126+0000][1][safepoint    ] Safepoint "RevokeBias", Time since last: 1443958 ns, Reaching safepoint: 2617208 ns, At safepoint: 127500 ns, Total: 2744708 ns
[2022-09-03T23:46:58.129+0000][1][safepoint    ] Safepoint "RevokeBias", Time since last: 1953500 ns, Reaching safepoint: 282042 ns, At safepoint: 1020708 ns, Total: 1302750 ns
[2022-09-03T23:46:58.132+0000][1][safepoint    ] Safepoint "RevokeBias", Time since last: 2012709 ns, Reaching safepoint: 448291 ns, At safepoint: 142625 ns, Total: 590916 ns
[2022-09-03T23:46:58.141+0000][1][safepoint    ] Safepoint "RevokeBias", Time since last: 8875000 ns, Reaching safepoint: 334709 ns, At safepoint: 155833 ns, Total: 490542 ns
[2022-09-03T23:46:58.150+0000][1][safepoint    ] Safepoint "RevokeBias", Time since last: 7959292 ns, Reaching safepoint: 376833 ns, At safepoint: 149208 ns, Total: 526041 ns
[2022-09-03T23:46:58.152+0000][1][safepoint    ] Safepoint "RevokeBias", Time since last: 1568000 ns, Reaching safepoint: 410375 ns, At safepoint: 121584 ns, Total: 531959 ns
[2022-09-03T23:46:58.585+0000][1][safepoint    ] Safepoint "CollectForMetadataAllocation", Time since last: 432398583 ns, Reaching safepoint: 743625 ns, At safepoint: 174625 ns, Total: 918250 ns
[2022-09-03T23:46:58.817+0000][1][gc           ] GC(2) Concurrent Abortable Preclean 981.316ms
[2022-09-03T23:46:58.818+0000][1][gc,cpu       ] GC(2) User=3.10s Sys=0.06s Real=0.98s
[2022-09-03T23:46:58.821+0000][1][gc,start     ] GC(2) Pause Remark
[2022-09-03T23:46:59.067+0000][1][gc           ] GC(2) Pause Remark 113M->113M(494M) 245.953ms
[2022-09-03T23:46:59.068+0000][1][gc,cpu       ] GC(2) User=0.75s Sys=0.00s Real=0.25s
[2022-09-03T23:46:59.074+0000][1][safepoint    ] Safepoint "CMS_Final_Remark", Time since last: 235068542 ns, Reaching safepoint: 481292 ns, At safepoint: 253838167 ns, Total: 254319459 ns
[2022-09-03T23:46:59.077+0000][1][gc           ] GC(2) Concurrent Sweep
[2022-09-03T23:46:59.114+0000][1][gc           ] GC(2) Concurrent Sweep 37.100ms
[2022-09-03T23:46:59.117+0000][1][gc,cpu       ] GC(2) User=0.14s Sys=0.02s Real=0.04s
[2022-09-03T23:46:59.123+0000][1][gc           ] GC(2) Concurrent Reset
[2022-09-03T23:46:59.128+0000][1][gc           ] GC(2) Concurrent Reset 5.139ms
[2022-09-03T23:46:59.131+0000][1][gc,cpu       ] GC(2) User=0.02s Sys=0.01s Real=0.01s
[2022-09-03T23:46:59.134+0000][1][gc,heap      ] GC(2) Old: 10535K->10529K(349568K)
[2022-09-03T23:47:00.099+0000][1][safepoint    ] Safepoint "Cleanup", Time since last: 1004065958 ns, Reaching safepoint: 18404959 ns, At safepoint: 560291 ns, Total: 18965250 ns
[2022-09-03T23:47:00.657+0000][1][gc,start     ] GC(4) Pause Young (Allocation Failure)
[2022-09-03T23:47:00.669+0000][1][gc,task      ] GC(4) Using 4 workers of 4 for evacuation
[2022-09-03T23:47:00.766+0000][1][gc,age       ] GC(4) Desired survivor size 8945664 bytes, new threshold 6 (max threshold 6)
[2022-09-03T23:47:00.767+0000][1][gc,age       ] GC(4) Age table with threshold 6 (max threshold 6)
[2022-09-03T23:47:00.769+0000][1][gc,age       ] GC(4) - age   1:    1315488 bytes,    1315488 total
[2022-09-03T23:47:00.771+0000][1][gc,age       ] GC(4) - age   2:    3145312 bytes,    4460800 total
[2022-09-03T23:47:00.772+0000][1][gc,age       ] GC(4) - age   3:    1606280 bytes,    6067080 total
[2022-09-03T23:47:00.776+0000][1][gc,heap      ] GC(4) ParNew: 146290K->8971K(157248K)
[2022-09-03T23:47:00.777+0000][1][gc,heap      ] GC(4) CMS: 10529K->10529K(349568K)
[2022-09-03T23:47:00.778+0000][1][gc,metaspace ] GC(4) Metaspace: 20743K->20743K(1069056K)
[2022-09-03T23:47:00.782+0000][1][gc           ] GC(4) Pause Young (Allocation Failure) 153M->19M(494M) 124.959ms
[2022-09-03T23:47:00.783+0000][1][gc,cpu       ] GC(4) User=0.16s Sys=0.02s Real=0.12s
[2022-09-03T23:47:00.785+0000][1][safepoint    ] Safepoint "GenCollectForAllocation", Time since last: 557962667 ns, Reaching safepoint: 350375 ns, At safepoint: 129438000 ns, Total: 129788375 ns
[2022-09-03T23:47:00.813+0000][1][safepoint    ] Safepoint "RevokeBias", Time since last: 14305542 ns, Reaching safepoint: 3067500 ns, At safepoint: 10850958 ns, Total: 13918458 ns
[2022-09-03T23:47:00.820+0000][1][safepoint    ] Safepoint "RevokeBias", Time since last: 4720000 ns, Reaching safepoint: 682500 ns, At safepoint: 1020209 ns, Total: 1702709 ns
[2022-09-03T23:47:00.827+0000][1][safepoint    ] Safepoint "RevokeBias", Time since last: 6069541 ns, Reaching safepoint: 586417 ns, At safepoint: 392042 ns, Total: 978459 ns
[2022-09-03T23:47:00.830+0000][1][safepoint    ] Safepoint "RevokeBias", Time since last: 1863291 ns, Reaching safepoint: 1120542 ns, At safepoint: 530542 ns, Total: 1651084 ns
[2022-09-03T23:47:00.840+0000][1][safepoint    ] Safepoint "RevokeBias", Time since last: 4444875 ns, Reaching safepoint: 1303250 ns, At safepoint: 3317958 ns, Total: 4621208 ns
[2022-09-03T23:47:00.843+0000][1][safepoint    ] Safepoint "RevokeBias", Time since last: 2009708 ns, Reaching safepoint: 1472875 ns, At safepoint: 226167 ns, Total: 1699042 ns
[2022-09-03T23:47:00.848+0000][1][safepoint    ] Safepoint "RevokeBias", Time since last: 4397667 ns, Reaching safepoint: 302375 ns, At safepoint: 171208 ns, Total: 473583 ns
[2022-09-03T23:47:00.851+0000][1][safepoint    ] Safepoint "RevokeBias", Time since last: 1937542 ns, Reaching safepoint: 579875 ns, At safepoint: 355375 ns, Total: 935250 ns
[2022-09-03T23:47:01.854+0000][1][safepoint    ] Safepoint "Cleanup", Time since last: 1001473167 ns, Reaching safepoint: 1222125 ns, At safepoint: 71792 ns, Total: 1293917 ns
[2022-09-03T23:47:02.868+0000][1][safepoint    ] Safepoint "Cleanup", Time since last: 1001623542 ns, Reaching safepoint: 12848333 ns, At safepoint: 38208 ns, Total: 12886541 ns
[2022-09-03T23:47:03.249+0000][1][gc,start     ] GC(5) Pause Young (Allocation Failure)
[2022-09-03T23:47:03.250+0000][1][gc,task      ] GC(5) Using 4 workers of 4 for evacuation
[2022-09-03T23:47:03.275+0000][1][gc,age       ] GC(5) Desired survivor size 8945664 bytes, new threshold 6 (max threshold 6)
[2022-09-03T23:47:03.277+0000][1][gc,age       ] GC(5) Age table with threshold 6 (max threshold 6)
[2022-09-03T23:47:03.278+0000][1][gc,age       ] GC(5) - age   1:    1010800 bytes,    1010800 total
[2022-09-03T23:47:03.279+0000][1][gc,age       ] GC(5) - age   2:     952168 bytes,    1962968 total
[2022-09-03T23:47:03.279+0000][1][gc,age       ] GC(5) - age   3:    3144128 bytes,    5107096 total
[2022-09-03T23:47:03.280+0000][1][gc,age       ] GC(5) - age   4:    1606280 bytes,    6713376 total
[2022-09-03T23:47:03.282+0000][1][gc,heap      ] GC(5) ParNew: 148747K->8347K(157248K)
[2022-09-03T23:47:03.283+0000][1][gc,heap      ] GC(5) CMS: 10529K->10529K(349568K)
[2022-09-03T23:47:03.284+0000][1][gc,metaspace ] GC(5) Metaspace: 21837K->21837K(1069056K)
[2022-09-03T23:47:03.285+0000][1][gc           ] GC(5) Pause Young (Allocation Failure) 155M->18M(494M) 36.663ms
[2022-09-03T23:47:03.287+0000][1][gc,cpu       ] GC(5) User=0.08s Sys=0.00s Real=0.04s
[2022-09-03T23:47:03.288+0000][1][safepoint    ] Safepoint "GenCollectForAllocation", Time since last: 379656376 ns, Reaching safepoint: 659041 ns, At safepoint: 39038750 ns, Total: 39697791 ns
[2022-09-03T23:47:03.295+0000][1][safepoint    ] Safepoint "RevokeBias", Time since last: 5390792 ns, Reaching safepoint: 1193333 ns, At safepoint: 490500 ns, Total: 1683833 ns
[2022-09-03T23:47:03.299+0000][1][safepoint    ] Safepoint "RevokeBias", Time since last: 1221792 ns, Reaching safepoint: 2290500 ns, At safepoint: 315625 ns, Total: 2606125 ns
[2022-09-03T23:47:03.304+0000][1][safepoint    ] Safepoint "BulkRevokeBias", Time since last: 2904833 ns, Reaching safepoint: 416292 ns, At safepoint: 1706958 ns, Total: 2123250 ns
[2022-09-03T23:47:03.305+0000][1][safepoint    ] Safepoint "BulkRevokeBias", Time since last: 992000 ns, Reaching safepoint: 425250 ns, At safepoint: 509042 ns, Total: 934292 ns
[2022-09-03T23:47:04.260+0000][1][gc,start     ] GC(6) Pause Young (Allocation Failure)
[2022-09-03T23:47:04.262+0000][1][gc,task      ] GC(6) Using 4 workers of 4 for evacuation
[2022-09-03T23:47:04.291+0000][1][gc,age       ] GC(6) Desired survivor size 8945664 bytes, new threshold 6 (max threshold 6)
[2022-09-03T23:47:04.293+0000][1][gc,age       ] GC(6) Age table with threshold 6 (max threshold 6)
[2022-09-03T23:47:04.294+0000][1][gc,age       ] GC(6) - age   1:    1192192 bytes,    1192192 total
[2022-09-03T23:47:04.295+0000][1][gc,age       ] GC(6) - age   2:     984480 bytes,    2176672 total
[2022-09-03T23:47:04.296+0000][1][gc,age       ] GC(6) - age   3:     951880 bytes,    3128552 total
[2022-09-03T23:47:04.297+0000][1][gc,age       ] GC(6) - age   4:    3144128 bytes,    6272680 total
[2022-09-03T23:47:04.298+0000][1][gc,age       ] GC(6) - age   5:    1605968 bytes,    7878648 total
[2022-09-03T23:47:04.299+0000][1][gc,heap      ] GC(6) ParNew: 148123K->9462K(157248K)
[2022-09-03T23:47:04.300+0000][1][gc,heap      ] GC(6) CMS: 10529K->10529K(349568K)
[2022-09-03T23:47:04.301+0000][1][gc,metaspace ] GC(6) Metaspace: 21875K->21875K(1069056K)
[2022-09-03T23:47:04.303+0000][1][gc           ] GC(6) Pause Young (Allocation Failure) 154M->19M(494M) 42.708ms
[2022-09-03T23:47:04.303+0000][1][gc,cpu       ] GC(6) User=0.13s Sys=0.01s Real=0.04s
[2022-09-03T23:47:04.305+0000][1][safepoint    ] Safepoint "GenCollectForAllocation", Time since last: 953618209 ns, Reaching safepoint: 658833 ns, At safepoint: 44771958 ns, Total: 45430791 ns
[2022-09-03T23:47:04.624+0000][1][safepoint    ] Safepoint "RevokeBias", Time since last: 318448917 ns, Reaching safepoint: 509125 ns, At safepoint: 80334 ns, Total: 589459 ns
[2022-09-03T23:47:04.627+0000][1][safepoint    ] Safepoint "RevokeBias", Time since last: 2837958 ns, Reaching safepoint: 435167 ns, At safepoint: 84166 ns, Total: 519333 ns
[2022-09-03T23:47:04.629+0000][1][safepoint    ] Safepoint "RevokeBias", Time since last: 2031000 ns, Reaching safepoint: 172625 ns, At safepoint: 56084 ns, Total: 228709 ns
[2022-09-03T23:47:05.390+0000][1][gc,start     ] GC(7) Pause Young (Allocation Failure)
[2022-09-03T23:47:05.392+0000][1][gc,task      ] GC(7) Using 4 workers of 4 for evacuation
[2022-09-03T23:47:05.424+0000][1][gc,age       ] GC(7) Desired survivor size 8945664 bytes, new threshold 6 (max threshold 6)
[2022-09-03T23:47:05.426+0000][1][gc,age       ] GC(7) Age table with threshold 6 (max threshold 6)
[2022-09-03T23:47:05.427+0000][1][gc,age       ] GC(7) - age   1:     982328 bytes,     982328 total
[2022-09-03T23:47:05.428+0000][1][gc,age       ] GC(7) - age   2:     298624 bytes,    1280952 total
[2022-09-03T23:47:05.429+0000][1][gc,age       ] GC(7) - age   3:     984480 bytes,    2265432 total
[2022-09-03T23:47:05.430+0000][1][gc,age       ] GC(7) - age   4:     951600 bytes,    3217032 total
[2022-09-03T23:47:05.431+0000][1][gc,age       ] GC(7) - age   5:    3144104 bytes,    6361136 total
[2022-09-03T23:47:05.432+0000][1][gc,age       ] GC(7) - age   6:    1605984 bytes,    7967120 total
[2022-09-03T23:47:05.434+0000][1][gc,heap      ] GC(7) ParNew: 149238K->11021K(157248K)
[2022-09-03T23:47:05.435+0000][1][gc,heap      ] GC(7) CMS: 10529K->10529K(349568K)
[2022-09-03T23:47:05.436+0000][1][gc,metaspace ] GC(7) Metaspace: 22088K->22088K(1069056K)
[2022-09-03T23:47:05.438+0000][1][gc           ] GC(7) Pause Young (Allocation Failure) 156M->21M(494M) 47.904ms
[2022-09-03T23:47:05.440+0000][1][gc,cpu       ] GC(7) User=0.10s Sys=0.00s Real=0.05s
[2022-09-03T23:47:05.441+0000][1][safepoint    ] Safepoint "GenCollectForAllocation", Time since last: 760080583 ns, Reaching safepoint: 570667 ns, At safepoint: 51172667 ns, Total: 51743334 ns
[2022-09-03T23:47:06.443+0000][1][safepoint    ] Safepoint "Cleanup", Time since last: 1001180375 ns, Reaching safepoint: 1047125 ns, At safepoint: 25125 ns, Total: 1072250 ns
[2022-09-03T23:47:07.453+0000][1][safepoint    ] Safepoint "Cleanup", Time since last: 1008309376 ns, Reaching safepoint: 1875083 ns, At safepoint: 56333 ns, Total: 1931416 ns
[2022-09-03T23:47:07.660+0000][1][safepoint    ] Safepoint "RevokeBias", Time since last: 206314750 ns, Reaching safepoint: 444792 ns, At safepoint: 64417 ns, Total: 509209 ns
[2022-09-03T23:47:07.663+0000][1][safepoint    ] Safepoint "BulkRevokeBias", Time since last: 2088041 ns, Reaching safepoint: 178500 ns, At safepoint: 525167 ns, Total: 703667 ns
[2022-09-03T23:47:08.259+0000][1][gc,start     ] GC(8) Pause Young (Allocation Failure)
[2022-09-03T23:47:08.261+0000][1][gc,task      ] GC(8) Using 4 workers of 4 for evacuation
[2022-09-03T23:47:08.302+0000][1][gc,age       ] GC(8) Desired survivor size 8945664 bytes, new threshold 6 (max threshold 6)
[2022-09-03T23:47:08.303+0000][1][gc,age       ] GC(8) Age table with threshold 6 (max threshold 6)
[2022-09-03T23:47:08.304+0000][1][gc,age       ] GC(8) - age   1:    1818968 bytes,    1818968 total
[2022-09-03T23:47:08.305+0000][1][gc,age       ] GC(8) - age   2:     428632 bytes,    2247600 total
[2022-09-03T23:47:08.306+0000][1][gc,age       ] GC(8) - age   3:     297824 bytes,    2545424 total
[2022-09-03T23:47:08.307+0000][1][gc,age       ] GC(8) - age   4:     975736 bytes,    3521160 total
[2022-09-03T23:47:08.308+0000][1][gc,age       ] GC(8) - age   5:     949536 bytes,    4470696 total
[2022-09-03T23:47:08.309+0000][1][gc,age       ] GC(8) - age   6:    3133184 bytes,    7603880 total
[2022-09-03T23:47:08.310+0000][1][gc,heap      ] GC(8) ParNew: 150797K->11508K(157248K)
[2022-09-03T23:47:08.311+0000][1][gc,heap      ] GC(8) CMS: 10529K->12116K(349568K)
[2022-09-03T23:47:08.312+0000][1][gc,metaspace ] GC(8) Metaspace: 26797K->26797K(1075200K)
[2022-09-03T23:47:08.313+0000][1][gc           ] GC(8) Pause Young (Allocation Failure) 157M->23M(494M) 53.746ms
[2022-09-03T23:47:08.314+0000][1][gc,cpu       ] GC(8) User=0.13s Sys=0.01s Real=0.06s
[2022-09-03T23:47:08.315+0000][1][safepoint    ] Safepoint "GenCollectForAllocation", Time since last: 595137750 ns, Reaching safepoint: 842459 ns, At safepoint: 55996291 ns, Total: 56838750 ns
[2022-09-03T23:47:08.511+0000][1][safepoint    ] Safepoint "Deoptimize", Time since last: 193876584 ns, Reaching safepoint: 238916 ns, At safepoint: 1559292 ns, Total: 1798208 ns
[2022-09-03T23:47:08.575+0000][1][safepoint    ] Safepoint "Deoptimize", Time since last: 63491708 ns, Reaching safepoint: 210542 ns, At safepoint: 978625 ns, Total: 1189167 ns
[2022-09-03T23:47:09.578+0000][1][safepoint    ] Safepoint "Cleanup", Time since last: 1001539792 ns, Reaching safepoint: 900084 ns, At safepoint: 20333 ns, Total: 920417 ns
[2022-09-03T23:47:10.581+0000][1][safepoint    ] Safepoint "Cleanup", Time since last: 1001679750 ns, Reaching safepoint: 990084 ns, At safepoint: 27041 ns, Total: 1017125 ns
[2022-09-03T23:47:11.583+0000][1][safepoint    ] Safepoint "Cleanup", Time since last: 1001692293 ns, Reaching safepoint: 627208 ns, At safepoint: 12875 ns, Total: 640083 ns
[2022-09-03T23:47:12.585+0000][1][safepoint    ] Safepoint "Cleanup", Time since last: 1001711625 ns, Reaching safepoint: 629084 ns, At safepoint: 33833 ns, Total: 662917 ns
[2022-09-03T23:47:13.589+0000][1][safepoint    ] Safepoint "Cleanup", Time since last: 1002858959 ns, Reaching safepoint: 662208 ns, At safepoint: 27084 ns, Total: 689292 ns
[2022-09-03T23:47:14.591+0000][1][safepoint    ] Safepoint "Cleanup", Time since last: 1001811458 ns, Reaching safepoint: 411042 ns, At safepoint: 23750 ns, Total: 434792 ns
[2022-09-03T23:47:15.595+0000][1][safepoint    ] Safepoint "Cleanup", Time since last: 1002973125 ns, Reaching safepoint: 733209 ns, At safepoint: 43375 ns, Total: 776584 ns
[2022-09-03T23:47:16.597+0000][1][safepoint    ] Safepoint "Cleanup", Time since last: 1001957209 ns, Reaching safepoint: 428541 ns, At safepoint: 38875 ns, Total: 467416 ns
[2022-09-03T23:47:16.676+0000][1][gc,start     ] GC(9) Pause Young (Allocation Failure)
[2022-09-03T23:47:16.678+0000][1][gc,task      ] GC(9) Using 4 workers of 4 for evacuation
[2022-09-03T23:47:16.889+0000][1][gc,age       ] GC(9) Desired survivor size 8945664 bytes, new threshold 1 (max threshold 6)
[2022-09-03T23:47:16.891+0000][1][gc,age       ] GC(9) Age table with threshold 1 (max threshold 6)
[2022-09-03T23:47:16.892+0000][1][gc,age       ] GC(9) - age   1:   13488680 bytes,   13488680 total
[2022-09-03T23:47:16.893+0000][1][gc,age       ] GC(9) - age   2:    1765456 bytes,   15254136 total
[2022-09-03T23:47:16.895+0000][1][gc,age       ] GC(9) - age   3:     422096 bytes,   15676232 total
[2022-09-03T23:47:16.896+0000][1][gc,age       ] GC(9) - age   4:     297760 bytes,   15973992 total
[2022-09-03T23:47:16.898+0000][1][gc,age       ] GC(9) - age   5:     972184 bytes,   16946176 total
[2022-09-03T23:47:16.899+0000][1][gc,age       ] GC(9) - age   6:     944736 bytes,   17890912 total
[2022-09-03T23:47:16.901+0000][1][gc,heap      ] GC(9) ParNew: 151284K->17472K(157248K)
[2022-09-03T23:47:16.902+0000][1][gc,heap      ] GC(9) CMS: 12116K->22235K(349568K)
[2022-09-03T23:47:16.903+0000][1][gc,metaspace ] GC(9) Metaspace: 28943K->28943K(1077248K)
[2022-09-03T23:47:16.904+0000][1][gc           ] GC(9) Pause Young (Allocation Failure) 159M->38M(494M) 228.297ms
[2022-09-03T23:47:16.905+0000][1][gc,cpu       ] GC(9) User=0.82s Sys=0.01s Real=0.23s
[2022-09-03T23:47:16.906+0000][1][safepoint    ] Safepoint "GenCollectForAllocation", Time since last: 78137334 ns, Reaching safepoint: 284208 ns, At safepoint: 230494333 ns, Total: 230778541 ns
[2022-09-03T23:47:17.831+0000][1][safepoint    ] Safepoint "Deoptimize", Time since last: 922644001 ns, Reaching safepoint: 327083 ns, At safepoint: 1457792 ns, Total: 1784875 ns
[2022-09-03T23:47:18.203+0000][1][safepoint    ] Safepoint "RevokeBias", Time since last: 371710208 ns, Reaching safepoint: 590209 ns, At safepoint: 409333 ns, Total: 999542 ns
[2022-09-03T23:47:19.112+0000][1][safepoint    ] Safepoint "RevokeBias", Time since last: 907549917 ns, Reaching safepoint: 766458 ns, At safepoint: 219084 ns, Total: 985542 ns
[2022-09-03T23:47:20.120+0000][1][safepoint    ] Safepoint "Cleanup", Time since last: 1001978792 ns, Reaching safepoint: 4667583 ns, At safepoint: 609667 ns, Total: 5277250 ns
[2022-09-03T23:47:21.127+0000][1][safepoint    ] Safepoint "Cleanup", Time since last: 1006952250 ns, Reaching safepoint: 1332834 ns, At safepoint: 34958 ns, Total: 1367792 ns
[2022-09-03T23:47:21.651+0000][1][safepoint    ] Safepoint "CollectForMetadataAllocation", Time since last: 522581249 ns, Reaching safepoint: 752209 ns, At safepoint: 697625 ns, Total: 1449834 ns
[2022-09-03T23:47:21.743+0000][1][safepoint    ] Safepoint "CollectForMetadataAllocation", Time since last: 91201458 ns, Reaching safepoint: 312833 ns, At safepoint: 154042 ns, Total: 466875 ns
[2022-09-03T23:47:21.833+0000][1][safepoint    ] Safepoint "CollectForMetadataAllocation", Time since last: 89501333 ns, Reaching safepoint: 335542 ns, At safepoint: 155292 ns, Total: 490834 ns
[2022-09-03T23:47:22.025+0000][1][safepoint    ] Safepoint "CollectForMetadataAllocation", Time since last: 191715500 ns, Reaching safepoint: 308667 ns, At safepoint: 148833 ns, Total: 457500 ns
[2022-09-03T23:47:22.480+0000][1][gc,start     ] GC(10) Pause Young (Allocation Failure)
[2022-09-03T23:47:22.484+0000][1][gc,task      ] GC(10) Using 4 workers of 4 for evacuation
[2022-09-03T23:47:22.696+0000][1][gc,age       ] GC(10) Desired survivor size 8945664 bytes, new threshold 6 (max threshold 6)
[2022-09-03T23:47:22.697+0000][1][gc,age       ] GC(10) Age table with threshold 6 (max threshold 6)
[2022-09-03T23:47:22.701+0000][1][gc,age       ] GC(10) - age   1:    8556832 bytes,    8556832 total
[2022-09-03T23:47:22.703+0000][1][gc,heap      ] GC(10) ParNew: 157248K->14974K(157248K)
[2022-09-03T23:47:22.705+0000][1][gc,heap      ] GC(10) CMS: 22235K->39962K(349568K)
[2022-09-03T23:47:22.706+0000][1][gc,metaspace ] GC(10) Metaspace: 34772K->34772K(1081344K)
[2022-09-03T23:47:22.708+0000][1][gc           ] GC(10) Pause Young (Allocation Failure) 175M->53M(494M) 228.272ms
[2022-09-03T23:47:22.709+0000][1][gc,cpu       ] GC(10) User=0.72s Sys=0.03s Real=0.23s
[2022-09-03T23:47:22.714+0000][1][safepoint    ] Safepoint "GenCollectForAllocation", Time since last: 453287542 ns, Reaching safepoint: 531875 ns, At safepoint: 231630583 ns, Total: 232162458 ns
[2022-09-03T23:47:22.721+0000][1][gc,start     ] GC(11) Pause Initial Mark
[2022-09-03T23:47:22.761+0000][1][gc           ] GC(11) Pause Initial Mark 56M->56M(494M) 39.863ms
[2022-09-03T23:47:22.763+0000][1][gc,cpu       ] GC(11) User=0.09s Sys=0.00s Real=0.04s
[2022-09-03T23:47:22.764+0000][1][safepoint    ] Safepoint "CMS_Initial_Mark", Time since last: 9857792 ns, Reaching safepoint: 494083 ns, At safepoint: 43154042 ns, Total: 43648125 ns
[2022-09-03T23:47:22.767+0000][1][gc           ] GC(11) Concurrent Mark
[2022-09-03T23:47:23.057+0000][1][gc           ] GC(11) Concurrent Mark 290.059ms
[2022-09-03T23:47:23.058+0000][1][gc,cpu       ] GC(11) User=0.99s Sys=0.01s Real=0.29s
[2022-09-03T23:47:23.060+0000][1][gc           ] GC(11) Concurrent Preclean
[2022-09-03T23:47:23.068+0000][1][gc           ] GC(11) Concurrent Preclean 8.859ms
[2022-09-03T23:47:23.070+0000][1][gc,cpu       ] GC(11) User=0.03s Sys=0.00s Real=0.01s
[2022-09-03T23:47:23.071+0000][1][gc           ] GC(11) Concurrent Abortable Preclean
[2022-09-03T23:47:23.127+0000][1][safepoint    ] Safepoint "CollectForMetadataAllocation", Time since last: 362694250 ns, Reaching safepoint: 576792 ns, At safepoint: 180250 ns, Total: 757042 ns
[2022-09-03T23:47:24.130+0000][1][safepoint    ] Safepoint "Cleanup", Time since last: 1001331667 ns, Reaching safepoint: 980625 ns, At safepoint: 39375 ns, Total: 1020000 ns
[2022-09-03T23:47:24.203+0000][1][safepoint    ] Safepoint "CollectForMetadataAllocation", Time since last: 72969458 ns, Reaching safepoint: 409000 ns, At safepoint: 145500 ns, Total: 554500 ns
[2022-09-03T23:47:24.429+0000][1][safepoint    ] Safepoint "CollectForMetadataAllocation", Time since last: 225374834 ns, Reaching safepoint: 364291 ns, At safepoint: 358750 ns, Total: 723041 ns
[2022-09-03T23:47:24.704+0000][1][safepoint    ] Safepoint "CollectForMetadataAllocation", Time since last: 274154126 ns, Reaching safepoint: 474666 ns, At safepoint: 305334 ns, Total: 780000 ns
[2022-09-03T23:47:25.017+0000][1][safepoint    ] Safepoint "CollectForMetadataAllocation", Time since last: 311882125 ns, Reaching safepoint: 499375 ns, At safepoint: 184041 ns, Total: 683416 ns
[2022-09-03T23:47:25.120+0000][1][safepoint    ] Safepoint "CollectForMetadataAllocation", Time since last: 102248375 ns, Reaching safepoint: 669459 ns, At safepoint: 180708 ns, Total: 850167 ns
[2022-09-03T23:47:25.257+0000][1][safepoint    ] Safepoint "CollectForMetadataAllocation", Time since last: 135856917 ns, Reaching safepoint: 700750 ns, At safepoint: 216250 ns, Total: 917000 ns
[2022-09-03T23:47:25.400+0000][1][safepoint    ] Safepoint "CollectForMetadataAllocation", Time since last: 142829458 ns, Reaching safepoint: 333667 ns, At safepoint: 517250 ns, Total: 850917 ns
[2022-09-03T23:47:25.564+0000][1][safepoint    ] Safepoint "RevokeBias", Time since last: 151548167 ns, Reaching safepoint: 8610291 ns, At safepoint: 3728167 ns, Total: 12338458 ns
[2022-09-03T23:47:25.599+0000][1][safepoint    ] Safepoint "RevokeBias", Time since last: 26284792 ns, Reaching safepoint: 8361625 ns, At safepoint: 457333 ns, Total: 8818958 ns
[2022-09-03T23:47:25.608+0000][1][safepoint    ] Safepoint "RevokeBias", Time since last: 5394333 ns, Reaching safepoint: 2618334 ns, At safepoint: 231666 ns, Total: 2850000 ns
[2022-09-03T23:47:25.644+0000][1][safepoint    ] Safepoint "RevokeBias", Time since last: 30125334 ns, Reaching safepoint: 6039750 ns, At safepoint: 554500 ns, Total: 6594250 ns
[2022-09-03T23:47:25.658+0000][1][safepoint    ] Safepoint "RevokeBias", Time since last: 7624625 ns, Reaching safepoint: 5193416 ns, At safepoint: 279250 ns, Total: 5472666 ns
[2022-09-03T23:47:25.684+0000][1][safepoint    ] Safepoint "RevokeBias", Time since last: 12367084 ns, Reaching safepoint: 13747833 ns, At safepoint: 560458 ns, Total: 14308291 ns
[2022-09-03T23:47:25.691+0000][1][safepoint    ] Safepoint "RevokeBias", Time since last: 3182625 ns, Reaching safepoint: 3827417 ns, At safepoint: 245917 ns, Total: 4073334 ns
[2022-09-03T23:47:25.714+0000][1][safepoint    ] Safepoint "RevokeBias", Time since last: 16417833 ns, Reaching safepoint: 5191208 ns, At safepoint: 821459 ns, Total: 6012667 ns
[2022-09-03T23:47:25.723+0000][1][safepoint    ] Safepoint "RevokeBias", Time since last: 5748125 ns, Reaching safepoint: 3230916 ns, At safepoint: 471250 ns, Total: 3702166 ns
[2022-09-03T23:47:25.815+0000][1][safepoint    ] Safepoint "RevokeBias", Time since last: 86992042 ns, Reaching safepoint: 2596458 ns, At safepoint: 1028709 ns, Total: 3625167 ns
[2022-09-03T23:47:25.844+0000][1][safepoint    ] Safepoint "RevokeBias", Time since last: 27788708 ns, Reaching safepoint: 1293500 ns, At safepoint: 509083 ns, Total: 1802583 ns
[2022-09-03T23:47:25.866+0000][1][safepoint    ] Safepoint "RevokeBias", Time since last: 20022459 ns, Reaching safepoint: 1294083 ns, At safepoint: 741292 ns, Total: 2035375 ns
[2022-09-03T23:47:25.899+0000][1][safepoint    ] Safepoint "RevokeBias", Time since last: 29413125 ns, Reaching safepoint: 2626416 ns, At safepoint: 865042 ns, Total: 3491458 ns
[2022-09-03T23:47:25.926+0000][1][safepoint    ] Safepoint "RevokeBias", Time since last: 23043333 ns, Reaching safepoint: 4174667 ns, At safepoint: 315833 ns, Total: 4490500 ns
[2022-09-03T23:47:25.943+0000][1][safepoint    ] Safepoint "RevokeBias", Time since last: 11937542 ns, Reaching safepoint: 3540417 ns, At safepoint: 1028541 ns, Total: 4568958 ns
[2022-09-03T23:47:25.947+0000][1][safepoint    ] Safepoint "RevokeBias", Time since last: 2934417 ns, Reaching safepoint: 1403583 ns, At safepoint: 166792 ns, Total: 1570375 ns
[2022-09-03T23:47:25.977+0000][1][safepoint    ] Safepoint "RevokeBias", Time since last: 13773292 ns, Reaching safepoint: 12225166 ns, At safepoint: 3804750 ns, Total: 16029916 ns
[2022-09-03T23:47:25.991+0000][1][safepoint    ] Safepoint "RevokeBias", Time since last: 10781625 ns, Reaching safepoint: 2577792 ns, At safepoint: 682208 ns, Total: 3260000 ns
[2022-09-03T23:47:26.000+0000][1][safepoint    ] Safepoint "CollectForMetadataAllocation", Time since last: 7757042 ns, Reaching safepoint: 376417 ns, At safepoint: 310166 ns, Total: 686583 ns
[2022-09-03T23:47:26.008+0000][1][safepoint    ] Safepoint "RevokeBias", Time since last: 4429209 ns, Reaching safepoint: 3884625 ns, At safepoint: 251666 ns, Total: 4136291 ns
[2022-09-03T23:47:26.036+0000][1][safepoint    ] Safepoint "RevokeBias", Time since last: 27082875 ns, Reaching safepoint: 996167 ns, At safepoint: 328583 ns, Total: 1324750 ns
[2022-09-03T23:47:26.215+0000][1][safepoint    ] Safepoint "RevokeBias", Time since last: 176252334 ns, Reaching safepoint: 1850917 ns, At safepoint: 258000 ns, Total: 2108917 ns
[2022-09-03T23:47:26.584+0000][1][gc           ] GC(11) Concurrent Abortable Preclean 3513.666ms
[2022-09-03T23:47:26.586+0000][1][gc,cpu       ] GC(11) User=9.75s Sys=0.38s Real=3.52s
[2022-09-03T23:47:26.595+0000][1][gc,start     ] GC(11) Pause Remark
[2022-09-03T23:47:26.930+0000][1][gc           ] GC(11) Pause Remark 139M->139M(494M) 334.694ms
[2022-09-03T23:47:26.933+0000][1][gc,cpu       ] GC(11) User=0.60s Sys=0.04s Real=0.33s
[2022-09-03T23:47:26.955+0000][1][safepoint    ] Safepoint "CMS_Final_Remark", Time since last: 372687875 ns, Reaching safepoint: 7162166 ns, At safepoint: 344140126 ns, Total: 351302292 ns
[2022-09-03T23:47:26.958+0000][1][gc           ] GC(11) Concurrent Sweep
[2022-09-03T23:47:27.021+0000][1][safepoint    ] Safepoint "CollectForMetadataAllocation", Time since last: 79029875 ns, Reaching safepoint: 2891916 ns, At safepoint: 55375 ns, Total: 2947291 ns
[2022-09-03T23:47:27.023+0000][1][safepoint    ] Safepoint "CollectForMetadataAllocation", Time since last: 2354292 ns, Reaching safepoint: 227500 ns, At safepoint: 199750 ns, Total: 427250 ns
[2022-09-03T23:47:27.110+0000][1][gc           ] GC(11) Concurrent Sweep 151.964ms
[2022-09-03T23:47:27.112+0000][1][gc,cpu       ] GC(11) User=0.29s Sys=0.01s Real=0.15s
[2022-09-03T23:47:27.114+0000][1][gc           ] GC(11) Concurrent Reset
[2022-09-03T23:47:27.116+0000][1][gc           ] GC(11) Concurrent Reset 2.541ms
[2022-09-03T23:47:27.117+0000][1][gc,cpu       ] GC(11) User=0.00s Sys=0.00s Real=0.00s
[2022-09-03T23:47:27.119+0000][1][gc,heap      ] GC(11) Old: 39962K->39798K(349568K)
[2022-09-03T23:47:27.121+0000][1][gc,heap,exit ] Heap
[2022-09-03T23:47:27.122+0000][1][gc,heap,exit ]  par new generation   total 157248K, used 102865K [0x00000000e0000000, 0x00000000eaaa0000, 0x00000000eaaa0000)
[2022-09-03T23:47:27.123+0000][1][gc,heap,exit ]   eden space 139776K,  62% used [0x00000000e0000000, 0x00000000e55d4978, 0x00000000e8880000)
[2022-09-03T23:47:27.125+0000][1][gc,heap,exit ]   from space 17472K,  85% used [0x00000000e8880000, 0x00000000e971fac0, 0x00000000e9990000)
[2022-09-03T23:47:27.126+0000][1][gc,heap,exit ]   to   space 17472K,   0% used [0x00000000e9990000, 0x00000000e9990000, 0x00000000eaaa0000)
[2022-09-03T23:47:27.127+0000][1][gc,heap,exit ]  concurrent mark-sweep generation total 349568K, used 39798K [0x00000000eaaa0000, 0x0000000100000000, 0x0000000100000000)
[2022-09-03T23:47:27.128+0000][1][gc,heap,exit ]  Metaspace       used 37623K, capacity 40501K, committed 40792K, reserved 1083392K
[2022-09-03T23:47:27.129+0000][1][gc,heap,exit ]   class space    used 4912K, capacity 5954K, committed 6028K, reserved 1048576K
