[2022-09-04T14:41:21.431+0000][1][gc] Using Concurrent Mark Sweep
[2022-09-04T14:41:21.435+0000][1][gc,heap,coops] Heap address: 0x00000000e0000000, size: 512 MB, Compressed Oops mode: 32-bit
[2022-09-04T14:41:22.040+0000][1][safepoint    ] Safepoint "EnableBiasedLocking", Time since last: 430670917 ns, Reaching safepoint: 8763291 ns, At safepoint: 1620250 ns, Total: 10383541 ns
[2022-09-04T14:41:22.080+0000][1][safepoint    ] Safepoint "RevokeBias", Time since last: 35316042 ns, Reaching safepoint: 636250 ns, At safepoint: 4333125 ns, Total: 4969375 ns
[2022-09-04T14:41:22.249+0000][1][safepoint    ] Safepoint "Deoptimize", Time since last: 161807000 ns, Reaching safepoint: 1246542 ns, At safepoint: 6317166 ns, Total: 7563708 ns
[2022-09-04T14:41:23.015+0000][1][safepoint    ] Safepoint "RevokeBias", Time since last: 763136792 ns, Reaching safepoint: 1265834 ns, At safepoint: 1241416 ns, Total: 2507250 ns
[2022-09-04T14:41:23.030+0000][1][safepoint    ] Safepoint "Deoptimize", Time since last: 15018375 ns, Reaching safepoint: 97792 ns, At safepoint: 160375 ns, Total: 258167 ns
[2022-09-04T14:41:23.041+0000][1][safepoint    ] Safepoint "Deoptimize", Time since last: 10032000 ns, Reaching safepoint: 173333 ns, At safepoint: 196792 ns, Total: 370125 ns
[2022-09-04T14:41:23.237+0000][1][safepoint    ] Safepoint "Deoptimize", Time since last: 196230625 ns, Reaching safepoint: 136125 ns, At safepoint: 197792 ns, Total: 333917 ns
[2022-09-04T14:41:24.241+0000][1][safepoint    ] Safepoint "Cleanup", Time since last: 1001842167 ns, Reaching safepoint: 1951083 ns, At safepoint: 265042 ns, Total: 2216125 ns
[2022-09-04T14:41:25.246+0000][1][safepoint    ] Safepoint "Cleanup", Time since last: 1002337834 ns, Reaching safepoint: 2045500 ns, At safepoint: 379500 ns, Total: 2425000 ns
[2022-09-04T14:41:25.707+0000][1][safepoint    ] Safepoint "Deoptimize", Time since last: 459532125 ns, Reaching safepoint: 742875 ns, At safepoint: 470917 ns, Total: 1213792 ns
[2022-09-04T14:41:26.451+0000][1][safepoint    ] Safepoint "Deoptimize", Time since last: 742275000 ns, Reaching safepoint: 1012750 ns, At safepoint: 562458 ns, Total: 1575208 ns
[2022-09-04T14:41:27.453+0000][1][safepoint    ] Safepoint "Cleanup", Time since last: 1001288626 ns, Reaching safepoint: 539666 ns, At safepoint: 18625 ns, Total: 558291 ns
[2022-09-04T14:41:28.458+0000][1][safepoint    ] Safepoint "Cleanup", Time since last: 1001771793 ns, Reaching safepoint: 3912208 ns, At safepoint: 131917 ns, Total: 4044125 ns
[2022-09-04T14:41:29.462+0000][1][safepoint    ] Safepoint "Cleanup", Time since last: 1001675792 ns, Reaching safepoint: 1761708 ns, At safepoint: 25833 ns, Total: 1787541 ns
[2022-09-04T14:41:29.801+0000][1][safepoint    ] Safepoint "Deoptimize", Time since last: 338891792 ns, Reaching safepoint: 152250 ns, At safepoint: 456584 ns, Total: 608834 ns
[2022-09-04T14:41:30.804+0000][1][safepoint    ] Safepoint "Cleanup", Time since last: 1001658166 ns, Reaching safepoint: 1320708 ns, At safepoint: 26709 ns, Total: 1347417 ns
[2022-09-04T14:41:30.920+0000][1][safepoint    ] Safepoint "Deoptimize", Time since last: 113707333 ns, Reaching safepoint: 492958 ns, At safepoint: 1741084 ns, Total: 2234042 ns
[2022-09-04T14:41:31.922+0000][1][safepoint    ] Safepoint "Cleanup", Time since last: 1001379459 ns, Reaching safepoint: 682750 ns, At safepoint: 27875 ns, Total: 710625 ns
[2022-09-04T14:41:32.926+0000][1][safepoint    ] Safepoint "Cleanup", Time since last: 1004301208 ns, Reaching safepoint: 340000 ns, At safepoint: 31375 ns, Total: 371375 ns
[2022-09-04T14:41:33.929+0000][1][safepoint    ] Safepoint "Cleanup", Time since last: 1001680959 ns, Reaching safepoint: 1135292 ns, At safepoint: 14875 ns, Total: 1150167 ns
[2022-09-04T14:41:33.933+0000][1][safepoint    ] Safepoint "Deoptimize", Time since last: 2674625 ns, Reaching safepoint: 197083 ns, At safepoint: 504834 ns, Total: 701917 ns
[2022-09-04T14:41:34.598+0000][1][safepoint    ] Safepoint "Deoptimize", Time since last: 663881000 ns, Reaching safepoint: 1175625 ns, At safepoint: 644417 ns, Total: 1820042 ns
[2022-09-04T14:41:34.601+0000][1][safepoint    ] Safepoint "Deoptimize", Time since last: 2254125 ns, Reaching safepoint: 63250 ns, At safepoint: 585375 ns, Total: 648625 ns
[2022-09-04T14:41:34.762+0000][1][safepoint    ] Safepoint "Deoptimize", Time since last: 159839083 ns, Reaching safepoint: 369500 ns, At safepoint: 647833 ns, Total: 1017333 ns
[2022-09-04T14:41:34.781+0000][1][safepoint    ] Safepoint "Deoptimize", Time since last: 17558459 ns, Reaching safepoint: 280375 ns, At safepoint: 683083 ns, Total: 963458 ns
[2022-09-04T14:41:34.858+0000][1][safepoint    ] Safepoint "RevokeBias", Time since last: 77437917 ns, Reaching safepoint: 213208 ns, At safepoint: 156000 ns, Total: 369208 ns
[2022-09-04T14:41:34.861+0000][1][safepoint    ] Safepoint "RevokeBias", Time since last: 1767333 ns, Reaching safepoint: 414917 ns, At safepoint: 118708 ns, Total: 533625 ns
[2022-09-04T14:41:34.863+0000][1][safepoint    ] Safepoint "RevokeBias", Time since last: 2310542 ns, Reaching safepoint: 210583 ns, At safepoint: 111542 ns, Total: 322125 ns
[2022-09-04T14:41:34.865+0000][1][safepoint    ] Safepoint "RevokeBias", Time since last: 1468792 ns, Reaching safepoint: 376625 ns, At safepoint: 145125 ns, Total: 521750 ns
[2022-09-04T14:41:34.870+0000][1][safepoint    ] Safepoint "RevokeBias", Time since last: 4168875 ns, Reaching safepoint: 562416 ns, At safepoint: 128875 ns, Total: 691291 ns
[2022-09-04T14:41:34.914+0000][1][safepoint    ] Safepoint "Deoptimize", Time since last: 42381042 ns, Reaching safepoint: 463208 ns, At safepoint: 579000 ns, Total: 1042208 ns
[2022-09-04T14:41:34.992+0000][1][safepoint    ] Safepoint "Deoptimize", Time since last: 77224000 ns, Reaching safepoint: 460625 ns, At safepoint: 639959 ns, Total: 1100584 ns
[2022-09-04T14:41:35.995+0000][1][safepoint    ] Safepoint "Cleanup", Time since last: 1001506125 ns, Reaching safepoint: 1331792 ns, At safepoint: 37125 ns, Total: 1368917 ns
[2022-09-04T14:41:36.794+0000][1][safepoint    ] Safepoint "Deoptimize", Time since last: 797633167 ns, Reaching safepoint: 562292 ns, At safepoint: 713708 ns, Total: 1276000 ns
[2022-09-04T14:41:36.848+0000][1][safepoint    ] Safepoint "Deoptimize", Time since last: 52822250 ns, Reaching safepoint: 214167 ns, At safepoint: 1313916 ns, Total: 1528083 ns
[2022-09-04T14:41:37.865+0000][1][safepoint    ] Safepoint "Cleanup", Time since last: 1003375459 ns, Reaching safepoint: 8316000 ns, At safepoint: 1668500 ns, Total: 9984500 ns
[2022-09-04T14:41:38.886+0000][1][safepoint    ] Safepoint "Cleanup", Time since last: 1021575584 ns, Reaching safepoint: 3086667 ns, At safepoint: 33000 ns, Total: 3119667 ns
[2022-09-04T14:41:39.193+0000][1][safepoint    ] Safepoint "RevokeBias", Time since last: 304316416 ns, Reaching safepoint: 221667 ns, At safepoint: 2037333 ns, Total: 2259000 ns
[2022-09-04T14:41:40.196+0000][1][safepoint    ] Safepoint "Cleanup", Time since last: 1001911709 ns, Reaching safepoint: 1195209 ns, At safepoint: 63500 ns, Total: 1258709 ns
[2022-09-04T14:41:40.669+0000][1][safepoint    ] Safepoint "Deoptimize", Time since last: 471056541 ns, Reaching safepoint: 639584 ns, At safepoint: 1479458 ns, Total: 2119042 ns
[2022-09-04T14:41:40.675+0000][1][gc,start     ] GC(0) Pause Young (Allocation Failure)
[2022-09-04T14:41:40.688+0000][1][gc,task      ] GC(0) Using 4 workers of 4 for evacuation
[2022-09-04T14:41:40.753+0000][1][gc,age       ] GC(0) Desired survivor size 8945664 bytes, new threshold 1 (max threshold 6)
[2022-09-04T14:41:40.754+0000][1][gc,age       ] GC(0) Age table with threshold 1 (max threshold 6)
[2022-09-04T14:41:40.755+0000][1][gc,age       ] GC(0) - age   1:   10049040 bytes,   10049040 total
[2022-09-04T14:41:40.758+0000][1][gc,heap      ] GC(0) ParNew: 139776K->9918K(157248K)
[2022-09-04T14:41:40.759+0000][1][gc,heap      ] GC(0) CMS: 0K->0K(349568K)
[2022-09-04T14:41:40.761+0000][1][gc,metaspace ] GC(0) Metaspace: 17159K->17159K(1064960K)
[2022-09-04T14:41:40.763+0000][1][gc           ] GC(0) Pause Young (Allocation Failure) 136M->9M(494M) 88.659ms
[2022-09-04T14:41:40.764+0000][1][gc,cpu       ] GC(0) User=0.19s Sys=0.03s Real=0.09s
[2022-09-04T14:41:40.768+0000][1][safepoint    ] Safepoint "GenCollectForAllocation", Time since last: 4619125 ns, Reaching safepoint: 173375 ns, At safepoint: 93678958 ns, Total: 93852333 ns
[2022-09-04T14:41:40.783+0000][1][safepoint    ] Safepoint "RevokeBias", Time since last: 14151959 ns, Reaching safepoint: 1159458 ns, At safepoint: 560875 ns, Total: 1720333 ns
[2022-09-04T14:41:40.787+0000][1][safepoint    ] Safepoint "RevokeBias", Time since last: 2990542 ns, Reaching safepoint: 480250 ns, At safepoint: 309541 ns, Total: 789791 ns
[2022-09-04T14:41:40.795+0000][1][safepoint    ] Safepoint "RevokeBias", Time since last: 6498417 ns, Reaching safepoint: 533334 ns, At safepoint: 364333 ns, Total: 897667 ns
[2022-09-04T14:41:40.798+0000][1][safepoint    ] Safepoint "RevokeBias", Time since last: 2303125 ns, Reaching safepoint: 593833 ns, At safepoint: 243500 ns, Total: 837333 ns
[2022-09-04T14:41:40.803+0000][1][safepoint    ] Safepoint "RevokeBias", Time since last: 3670125 ns, Reaching safepoint: 489375 ns, At safepoint: 1308042 ns, Total: 1797417 ns
[2022-09-04T14:41:40.807+0000][1][safepoint    ] Safepoint "RevokeBias", Time since last: 2547292 ns, Reaching safepoint: 858833 ns, At safepoint: 362042 ns, Total: 1220875 ns
[2022-09-04T14:41:40.810+0000][1][safepoint    ] Safepoint "RevokeBias", Time since last: 2607708 ns, Reaching safepoint: 587958 ns, At safepoint: 274792 ns, Total: 862750 ns
[2022-09-04T14:41:40.816+0000][1][safepoint    ] Safepoint "RevokeBias", Time since last: 5249500 ns, Reaching safepoint: 269542 ns, At safepoint: 317416 ns, Total: 586958 ns
[2022-09-04T14:41:40.819+0000][1][safepoint    ] Safepoint "RevokeBias", Time since last: 1745167 ns, Reaching safepoint: 354917 ns, At safepoint: 252166 ns, Total: 607083 ns
[2022-09-04T14:41:40.822+0000][1][safepoint    ] Safepoint "RevokeBias", Time since last: 2792417 ns, Reaching safepoint: 248542 ns, At safepoint: 282125 ns, Total: 530667 ns
[2022-09-04T14:41:40.825+0000][1][safepoint    ] Safepoint "RevokeBias", Time since last: 2168791 ns, Reaching safepoint: 251584 ns, At safepoint: 236875 ns, Total: 488459 ns
[2022-09-04T14:41:40.827+0000][1][safepoint    ] Safepoint "RevokeBias", Time since last: 1917291 ns, Reaching safepoint: 293750 ns, At safepoint: 237875 ns, Total: 531625 ns
[2022-09-04T14:41:40.829+0000][1][safepoint    ] Safepoint "RevokeBias", Time since last: 1429250 ns, Reaching safepoint: 372750 ns, At safepoint: 255500 ns, Total: 628250 ns
[2022-09-04T14:41:40.831+0000][1][safepoint    ] Safepoint "RevokeBias", Time since last: 1278000 ns, Reaching safepoint: 315250 ns, At safepoint: 166834 ns, Total: 482084 ns
[2022-09-04T14:41:40.834+0000][1][safepoint    ] Safepoint "RevokeBias", Time since last: 1885875 ns, Reaching safepoint: 490458 ns, At safepoint: 275750 ns, Total: 766208 ns
[2022-09-04T14:41:40.840+0000][1][safepoint    ] Safepoint "RevokeBias", Time since last: 5560208 ns, Reaching safepoint: 744667 ns, At safepoint: 325583 ns, Total: 1070250 ns
[2022-09-04T14:41:40.843+0000][1][safepoint    ] Safepoint "RevokeBias", Time since last: 2193042 ns, Reaching safepoint: 358458 ns, At safepoint: 249292 ns, Total: 607750 ns
[2022-09-04T14:41:40.849+0000][1][safepoint    ] Safepoint "RevokeBias", Time since last: 5246333 ns, Reaching safepoint: 422542 ns, At safepoint: 562042 ns, Total: 984584 ns
[2022-09-04T14:41:40.852+0000][1][safepoint    ] Safepoint "RevokeBias", Time since last: 2001750 ns, Reaching safepoint: 491375 ns, At safepoint: 260208 ns, Total: 751583 ns
[2022-09-04T14:41:40.855+0000][1][safepoint    ] Safepoint "RevokeBias", Time since last: 1958125 ns, Reaching safepoint: 316417 ns, At safepoint: 268583 ns, Total: 585000 ns
[2022-09-04T14:41:40.857+0000][1][safepoint    ] Safepoint "RevokeBias", Time since last: 1480417 ns, Reaching safepoint: 990708 ns, At safepoint: 313083 ns, Total: 1303791 ns
[2022-09-04T14:41:40.862+0000][1][safepoint    ] Safepoint "RevokeBias", Time since last: 4254000 ns, Reaching safepoint: 373875 ns, At safepoint: 451334 ns, Total: 825209 ns
[2022-09-04T14:41:40.865+0000][1][safepoint    ] Safepoint "RevokeBias", Time since last: 1978625 ns, Reaching safepoint: 407958 ns, At safepoint: 330500 ns, Total: 738458 ns
[2022-09-04T14:41:40.869+0000][1][safepoint    ] Safepoint "RevokeBias", Time since last: 3053000 ns, Reaching safepoint: 339542 ns, At safepoint: 197500 ns, Total: 537042 ns
[2022-09-04T14:41:40.871+0000][1][safepoint    ] Safepoint "RevokeBias", Time since last: 1436416 ns, Reaching safepoint: 245209 ns, At safepoint: 227458 ns, Total: 472667 ns
[2022-09-04T14:41:40.873+0000][1][safepoint    ] Safepoint "RevokeBias", Time since last: 1654083 ns, Reaching safepoint: 275917 ns, At safepoint: 190042 ns, Total: 465959 ns
[2022-09-04T14:41:40.874+0000][1][safepoint    ] Safepoint "RevokeBias", Time since last: 908541 ns, Reaching safepoint: 364292 ns, At safepoint: 178125 ns, Total: 542417 ns
[2022-09-04T14:41:40.876+0000][1][safepoint    ] Safepoint "RevokeBias", Time since last: 838542 ns, Reaching safepoint: 352291 ns, At safepoint: 246125 ns, Total: 598416 ns
[2022-09-04T14:41:40.880+0000][1][safepoint    ] Safepoint "RevokeBias", Time since last: 860834 ns, Reaching safepoint: 654208 ns, At safepoint: 3149750 ns, Total: 3803958 ns
[2022-09-04T14:41:40.882+0000][1][safepoint    ] Safepoint "RevokeBias", Time since last: 1115542 ns, Reaching safepoint: 418250 ns, At safepoint: 373791 ns, Total: 792041 ns
[2022-09-04T14:41:40.884+0000][1][safepoint    ] Safepoint "RevokeBias", Time since last: 1429750 ns, Reaching safepoint: 222167 ns, At safepoint: 261250 ns, Total: 483417 ns
[2022-09-04T14:41:40.886+0000][1][safepoint    ] Safepoint "RevokeBias", Time since last: 1200708 ns, Reaching safepoint: 584542 ns, At safepoint: 246417 ns, Total: 830959 ns
[2022-09-04T14:41:40.889+0000][1][safepoint    ] Safepoint "RevokeBias", Time since last: 2069583 ns, Reaching safepoint: 325125 ns, At safepoint: 205042 ns, Total: 530167 ns
[2022-09-04T14:41:40.890+0000][1][safepoint    ] Safepoint "RevokeBias", Time since last: 822916 ns, Reaching safepoint: 462542 ns, At safepoint: 260667 ns, Total: 723209 ns
[2022-09-04T14:41:40.895+0000][1][safepoint    ] Safepoint "RevokeBias", Time since last: 3967375 ns, Reaching safepoint: 237791 ns, At safepoint: 241459 ns, Total: 479250 ns
[2022-09-04T14:41:40.897+0000][1][safepoint    ] Safepoint "RevokeBias", Time since last: 1614583 ns, Reaching safepoint: 407958 ns, At safepoint: 222459 ns, Total: 630417 ns
[2022-09-04T14:41:40.900+0000][1][safepoint    ] Safepoint "RevokeBias", Time since last: 2254750 ns, Reaching safepoint: 262333 ns, At safepoint: 205042 ns, Total: 467375 ns
[2022-09-04T14:41:40.902+0000][1][safepoint    ] Safepoint "RevokeBias", Time since last: 1559500 ns, Reaching safepoint: 354416 ns, At safepoint: 211417 ns, Total: 565833 ns
[2022-09-04T14:41:40.904+0000][1][safepoint    ] Safepoint "BulkRevokeBias", Time since last: 1901125 ns, Reaching safepoint: 207792 ns, At safepoint: 461833 ns, Total: 669625 ns
[2022-09-04T14:41:40.906+0000][1][safepoint    ] Safepoint "BulkRevokeBias", Time since last: 934625 ns, Reaching safepoint: 388125 ns, At safepoint: 386917 ns, Total: 775042 ns
[2022-09-04T14:41:40.922+0000][1][safepoint    ] Safepoint "RevokeBias", Time since last: 15723166 ns, Reaching safepoint: 403959 ns, At safepoint: 95125 ns, Total: 499084 ns
[2022-09-04T14:41:40.980+0000][1][safepoint    ] Safepoint "Deoptimize", Time since last: 56919500 ns, Reaching safepoint: 294666 ns, At safepoint: 887209 ns, Total: 1181875 ns
[2022-09-04T14:41:40.985+0000][1][safepoint    ] Safepoint "Deoptimize", Time since last: 4082791 ns, Reaching safepoint: 95000 ns, At safepoint: 798750 ns, Total: 893750 ns
[2022-09-04T14:41:41.607+0000][1][safepoint    ] Safepoint "Deoptimize", Time since last: 619065792 ns, Reaching safepoint: 982625 ns, At safepoint: 1118750 ns, Total: 2101375 ns
[2022-09-04T14:41:41.652+0000][1][safepoint    ] Safepoint "RevokeBias", Time since last: 44425250 ns, Reaching safepoint: 407875 ns, At safepoint: 115625 ns, Total: 523500 ns
[2022-09-04T14:41:42.654+0000][1][safepoint    ] Safepoint "Cleanup", Time since last: 1001437751 ns, Reaching safepoint: 966833 ns, At safepoint: 23792 ns, Total: 990625 ns
[2022-09-04T14:41:43.147+0000][1][gc,start     ] GC(1) Pause Young (Allocation Failure)
[2022-09-04T14:41:43.150+0000][1][gc,task      ] GC(1) Using 4 workers of 4 for evacuation
[2022-09-04T14:41:43.336+0000][1][gc,age       ] GC(1) Desired survivor size 8945664 bytes, new threshold 6 (max threshold 6)
[2022-09-04T14:41:43.338+0000][1][gc,age       ] GC(1) Age table with threshold 6 (max threshold 6)
[2022-09-04T14:41:43.339+0000][1][gc,age       ] GC(1) - age   1:    2597048 bytes,    2597048 total
[2022-09-04T14:41:43.341+0000][1][gc,heap      ] GC(1) ParNew: 149694K->5547K(157248K)
[2022-09-04T14:41:43.341+0000][1][gc,heap      ] GC(1) CMS: 0K->10564K(349568K)
[2022-09-04T14:41:43.342+0000][1][gc,metaspace ] GC(1) Metaspace: 19370K->19370K(1067008K)
[2022-09-04T14:41:43.344+0000][1][gc           ] GC(1) Pause Young (Allocation Failure) 146M->15M(494M) 196.497ms
[2022-09-04T14:41:43.344+0000][1][gc,cpu       ] GC(1) User=0.68s Sys=0.03s Real=0.20s
[2022-09-04T14:41:43.345+0000][1][safepoint    ] Safepoint "GenCollectForAllocation", Time since last: 492436125 ns, Reaching safepoint: 586875 ns, At safepoint: 198241875 ns, Total: 198828750 ns
[2022-09-04T14:41:43.359+0000][1][safepoint    ] Safepoint "RevokeBias", Time since last: 10907583 ns, Reaching safepoint: 2344917 ns, At safepoint: 208583 ns, Total: 2553500 ns
[2022-09-04T14:41:43.364+0000][1][safepoint    ] Safepoint "RevokeBias", Time since last: 3286042 ns, Reaching safepoint: 1263458 ns, At safepoint: 309084 ns, Total: 1572542 ns
[2022-09-04T14:41:43.369+0000][1][safepoint    ] Safepoint "RevokeBias", Time since last: 4245833 ns, Reaching safepoint: 766542 ns, At safepoint: 263125 ns, Total: 1029667 ns
[2022-09-04T14:41:43.372+0000][1][safepoint    ] Safepoint "RevokeBias", Time since last: 1641708 ns, Reaching safepoint: 895042 ns, At safepoint: 389041 ns, Total: 1284083 ns
[2022-09-04T14:41:43.376+0000][1][safepoint    ] Safepoint "RevokeBias", Time since last: 2826000 ns, Reaching safepoint: 1082209 ns, At safepoint: 827958 ns, Total: 1910167 ns
[2022-09-04T14:41:43.379+0000][1][safepoint    ] Safepoint "RevokeBias", Time since last: 1722625 ns, Reaching safepoint: 540667 ns, At safepoint: 422708 ns, Total: 963375 ns
[2022-09-04T14:41:43.384+0000][1][safepoint    ] Safepoint "RevokeBias", Time since last: 3171708 ns, Reaching safepoint: 956792 ns, At safepoint: 310333 ns, Total: 1267125 ns
[2022-09-04T14:41:43.386+0000][1][safepoint    ] Safepoint "RevokeBias", Time since last: 1291375 ns, Reaching safepoint: 472459 ns, At safepoint: 257458 ns, Total: 729917 ns
[2022-09-04T14:41:43.389+0000][1][safepoint    ] Safepoint "RevokeBias", Time since last: 2663708 ns, Reaching safepoint: 431417 ns, At safepoint: 207167 ns, Total: 638584 ns
[2022-09-04T14:41:43.392+0000][1][safepoint    ] Safepoint "RevokeBias", Time since last: 2092708 ns, Reaching safepoint: 518083 ns, At safepoint: 196125 ns, Total: 714208 ns
[2022-09-04T14:41:43.395+0000][1][safepoint    ] Safepoint "RevokeBias", Time since last: 2642042 ns, Reaching safepoint: 494833 ns, At safepoint: 280500 ns, Total: 775333 ns
[2022-09-04T14:41:43.398+0000][1][safepoint    ] Safepoint "RevokeBias", Time since last: 2004250 ns, Reaching safepoint: 250875 ns, At safepoint: 131834 ns, Total: 382709 ns
[2022-09-04T14:41:43.411+0000][1][safepoint    ] Safepoint "RevokeBias", Time since last: 13147625 ns, Reaching safepoint: 439166 ns, At safepoint: 172084 ns, Total: 611250 ns
[2022-09-04T14:41:43.419+0000][1][safepoint    ] Safepoint "RevokeBias", Time since last: 7003583 ns, Reaching safepoint: 383542 ns, At safepoint: 223541 ns, Total: 607083 ns
[2022-09-04T14:41:43.423+0000][1][safepoint    ] Safepoint "RevokeBias", Time since last: 2807625 ns, Reaching safepoint: 518084 ns, At safepoint: 299375 ns, Total: 817459 ns
[2022-09-04T14:41:44.134+0000][1][safepoint    ] Safepoint "RevokeBias", Time since last: 710223000 ns, Reaching safepoint: 739042 ns, At safepoint: 83750 ns, Total: 822792 ns
[2022-09-04T14:41:44.339+0000][1][safepoint    ] Safepoint "RevokeBias", Time since last: 204343542 ns, Reaching safepoint: 861375 ns, At safepoint: 77625 ns, Total: 939000 ns
[2022-09-04T14:41:45.261+0000][1][safepoint    ] Safepoint "Deoptimize", Time since last: 920461292 ns, Reaching safepoint: 915125 ns, At safepoint: 1151416 ns, Total: 2066541 ns
[2022-09-04T14:41:45.279+0000][1][safepoint    ] Safepoint "CollectForMetadataAllocation", Time since last: 16402542 ns, Reaching safepoint: 615417 ns, At safepoint: 557333 ns, Total: 1172750 ns
[2022-09-04T14:41:45.348+0000][1][gc,start     ] GC(2) Pause Initial Mark
[2022-09-04T14:41:45.559+0000][1][gc           ] GC(2) Pause Initial Mark 138M->138M(494M) 210.549ms
[2022-09-04T14:41:45.561+0000][1][gc,cpu       ] GC(2) User=0.80s Sys=0.00s Real=0.21s
[2022-09-04T14:41:45.564+0000][1][safepoint    ] Safepoint "CMS_Initial_Mark", Time since last: 68616750 ns, Reaching safepoint: 382417 ns, At safepoint: 215833166 ns, Total: 216215583 ns
[2022-09-04T14:41:45.568+0000][1][gc           ] GC(2) Concurrent Mark
[2022-09-04T14:41:45.666+0000][1][gc           ] GC(2) Concurrent Mark 98.009ms
[2022-09-04T14:41:45.669+0000][1][gc,cpu       ] GC(2) User=0.39s Sys=0.00s Real=0.10s
[2022-09-04T14:41:45.672+0000][1][gc           ] GC(2) Concurrent Preclean
[2022-09-04T14:41:45.694+0000][1][gc           ] GC(2) Concurrent Preclean 21.574ms
[2022-09-04T14:41:45.697+0000][1][gc,cpu       ] GC(2) User=0.09s Sys=0.01s Real=0.02s
[2022-09-04T14:41:45.699+0000][1][gc           ] GC(2) Concurrent Abortable Preclean
[2022-09-04T14:41:45.869+0000][1][safepoint    ] Safepoint "Deoptimize", Time since last: 303729876 ns, Reaching safepoint: 267708 ns, At safepoint: 1365375 ns, Total: 1633083 ns
[2022-09-04T14:41:45.997+0000][1][gc,start     ] GC(3) Pause Young (Allocation Failure)
[2022-09-04T14:41:45.999+0000][1][gc,task      ] GC(3) Using 4 workers of 4 for evacuation
[2022-09-04T14:41:46.037+0000][1][gc,age       ] GC(3) Desired survivor size 8945664 bytes, new threshold 6 (max threshold 6)
[2022-09-04T14:41:46.039+0000][1][gc,age       ] GC(3) Age table with threshold 6 (max threshold 6)
[2022-09-04T14:41:46.040+0000][1][gc,age       ] GC(3) - age   1:    4052336 bytes,    4052336 total
[2022-09-04T14:41:46.042+0000][1][gc,age       ] GC(3) - age   2:    1570272 bytes,    5622608 total
[2022-09-04T14:41:46.044+0000][1][gc,heap      ] GC(3) ParNew: 145323K->6590K(157248K)
[2022-09-04T14:41:46.045+0000][1][gc,heap      ] GC(3) CMS: 10564K->10564K(349568K)
[2022-09-04T14:41:46.047+0000][1][gc,metaspace ] GC(3) Metaspace: 20428K->20428K(1069056K)
[2022-09-04T14:41:46.049+0000][1][gc           ] GC(3) Pause Young (Allocation Failure) 152M->16M(494M) 52.169ms
[2022-09-04T14:41:46.050+0000][1][gc,cpu       ] GC(3) User=0.17s Sys=0.00s Real=0.05s
[2022-09-04T14:41:46.065+0000][1][safepoint    ] Safepoint "GenCollectForAllocation", Time since last: 126041667 ns, Reaching safepoint: 1412916 ns, At safepoint: 68485750 ns, Total: 69898666 ns
[2022-09-04T14:41:46.071+0000][1][safepoint    ] Safepoint "RevokeBias", Time since last: 4203625 ns, Reaching safepoint: 1121125 ns, At safepoint: 149917 ns, Total: 1271042 ns
[2022-09-04T14:41:46.077+0000][1][safepoint    ] Safepoint "BulkRevokeBias", Time since last: 5078292 ns, Reaching safepoint: 619583 ns, At safepoint: 628958 ns, Total: 1248541 ns
[2022-09-04T14:41:46.084+0000][1][safepoint    ] Safepoint "RevokeBias", Time since last: 2407209 ns, Reaching safepoint: 4322583 ns, At safepoint: 226250 ns, Total: 4548833 ns
[2022-09-04T14:41:46.087+0000][1][safepoint    ] Safepoint "RevokeBias", Time since last: 2727500 ns, Reaching safepoint: 636333 ns, At safepoint: 192167 ns, Total: 828500 ns
[2022-09-04T14:41:46.092+0000][1][safepoint    ] Safepoint "RevokeBias", Time since last: 3209792 ns, Reaching safepoint: 1065458 ns, At safepoint: 161417 ns, Total: 1226875 ns
[2022-09-04T14:41:46.095+0000][1][safepoint    ] Safepoint "RevokeBias", Time since last: 2292833 ns, Reaching safepoint: 520208 ns, At safepoint: 157167 ns, Total: 677375 ns
[2022-09-04T14:41:46.099+0000][1][safepoint    ] Safepoint "RevokeBias", Time since last: 3070458 ns, Reaching safepoint: 725292 ns, At safepoint: 205333 ns, Total: 930625 ns
[2022-09-04T14:41:46.103+0000][1][safepoint    ] Safepoint "RevokeBias", Time since last: 3554834 ns, Reaching safepoint: 826708 ns, At safepoint: 256042 ns, Total: 1082750 ns
[2022-09-04T14:41:46.107+0000][1][safepoint    ] Safepoint "RevokeBias", Time since last: 2880750 ns, Reaching safepoint: 442041 ns, At safepoint: 221167 ns, Total: 663208 ns
[2022-09-04T14:41:46.110+0000][1][safepoint    ] Safepoint "RevokeBias", Time since last: 2106083 ns, Reaching safepoint: 430084 ns, At safepoint: 203041 ns, Total: 633125 ns
[2022-09-04T14:41:46.112+0000][1][safepoint    ] Safepoint "RevokeBias", Time since last: 1283959 ns, Reaching safepoint: 846791 ns, At safepoint: 238542 ns, Total: 1085333 ns
[2022-09-04T14:41:46.115+0000][1][safepoint    ] Safepoint "RevokeBias", Time since last: 1907583 ns, Reaching safepoint: 731167 ns, At safepoint: 210000 ns, Total: 941167 ns
[2022-09-04T14:41:46.118+0000][1][safepoint    ] Safepoint "RevokeBias", Time since last: 1762333 ns, Reaching safepoint: 722750 ns, At safepoint: 296250 ns, Total: 1019000 ns
[2022-09-04T14:41:46.121+0000][1][safepoint    ] Safepoint "RevokeBias", Time since last: 2729792 ns, Reaching safepoint: 631417 ns, At safepoint: 286958 ns, Total: 918375 ns
[2022-09-04T14:41:46.125+0000][1][safepoint    ] Safepoint "RevokeBias", Time since last: 2337875 ns, Reaching safepoint: 630167 ns, At safepoint: 237250 ns, Total: 867417 ns
[2022-09-04T14:41:46.152+0000][1][safepoint    ] Safepoint "RevokeBias", Time since last: 24654750 ns, Reaching safepoint: 2691666 ns, At safepoint: 311334 ns, Total: 3003000 ns
[2022-09-04T14:41:46.156+0000][1][safepoint    ] Safepoint "RevokeBias", Time since last: 2671291 ns, Reaching safepoint: 541834 ns, At safepoint: 187791 ns, Total: 729625 ns
[2022-09-04T14:41:46.172+0000][1][safepoint    ] Safepoint "RevokeBias", Time since last: 14988292 ns, Reaching safepoint: 901208 ns, At safepoint: 222209 ns, Total: 1123417 ns
[2022-09-04T14:41:46.177+0000][1][safepoint    ] Safepoint "RevokeBias", Time since last: 2786333 ns, Reaching safepoint: 2392125 ns, At safepoint: 249875 ns, Total: 2642000 ns
[2022-09-04T14:41:46.183+0000][1][safepoint    ] Safepoint "RevokeBias", Time since last: 3279583 ns, Reaching safepoint: 2353000 ns, At safepoint: 181209 ns, Total: 2534209 ns
[2022-09-04T14:41:46.186+0000][1][safepoint    ] Safepoint "RevokeBias", Time since last: 2316666 ns, Reaching safepoint: 479292 ns, At safepoint: 170417 ns, Total: 649709 ns
[2022-09-04T14:41:46.836+0000][1][safepoint    ] Safepoint "CollectForMetadataAllocation", Time since last: 649263167 ns, Reaching safepoint: 948125 ns, At safepoint: 178833 ns, Total: 1126958 ns
[2022-09-04T14:41:47.068+0000][1][gc           ] GC(2) Concurrent Abortable Preclean 1368.292ms
[2022-09-04T14:41:47.070+0000][1][gc,cpu       ] GC(2) User=3.83s Sys=0.12s Real=1.37s
[2022-09-04T14:41:47.072+0000][1][gc,start     ] GC(2) Pause Remark
[2022-09-04T14:41:47.230+0000][1][gc           ] GC(2) Pause Remark 116M->116M(494M) 158.134ms
[2022-09-04T14:41:47.232+0000][1][gc,cpu       ] GC(2) User=0.46s Sys=0.01s Real=0.16s
[2022-09-04T14:41:47.233+0000][1][safepoint    ] Safepoint "CMS_Final_Remark", Time since last: 234653833 ns, Reaching safepoint: 884917 ns, At safepoint: 160961334 ns, Total: 161846251 ns
[2022-09-04T14:41:47.235+0000][1][gc           ] GC(2) Concurrent Sweep
[2022-09-04T14:41:47.265+0000][1][gc           ] GC(2) Concurrent Sweep 29.104ms
[2022-09-04T14:41:47.267+0000][1][gc,cpu       ] GC(2) User=0.10s Sys=0.01s Real=0.03s
[2022-09-04T14:41:47.271+0000][1][gc           ] GC(2) Concurrent Reset
[2022-09-04T14:41:47.276+0000][1][gc           ] GC(2) Concurrent Reset 4.631ms
[2022-09-04T14:41:47.278+0000][1][gc,cpu       ] GC(2) User=0.02s Sys=0.00s Real=0.00s
[2022-09-04T14:41:47.279+0000][1][gc,heap      ] GC(2) Old: 10564K->10559K(349568K)
[2022-09-04T14:41:47.745+0000][1][gc,start     ] GC(4) Pause Young (Allocation Failure)
[2022-09-04T14:41:47.746+0000][1][gc,task      ] GC(4) Using 4 workers of 4 for evacuation
[2022-09-04T14:41:47.770+0000][1][gc,age       ] GC(4) Desired survivor size 8945664 bytes, new threshold 6 (max threshold 6)
[2022-09-04T14:41:47.771+0000][1][gc,age       ] GC(4) Age table with threshold 6 (max threshold 6)
[2022-09-04T14:41:47.773+0000][1][gc,age       ] GC(4) - age   1:    1388400 bytes,    1388400 total
[2022-09-04T14:41:47.774+0000][1][gc,age       ] GC(4) - age   2:    3146168 bytes,    4534568 total
[2022-09-04T14:41:47.775+0000][1][gc,age       ] GC(4) - age   3:    1570032 bytes,    6104600 total
[2022-09-04T14:41:47.777+0000][1][gc,heap      ] GC(4) ParNew: 146366K->8000K(157248K)
[2022-09-04T14:41:47.778+0000][1][gc,heap      ] GC(4) CMS: 10559K->10559K(349568K)
[2022-09-04T14:41:47.779+0000][1][gc,metaspace ] GC(4) Metaspace: 20683K->20683K(1069056K)
[2022-09-04T14:41:47.780+0000][1][gc           ] GC(4) Pause Young (Allocation Failure) 153M->18M(494M) 35.730ms
[2022-09-04T14:41:47.781+0000][1][gc,cpu       ] GC(4) User=0.07s Sys=0.00s Real=0.04s
[2022-09-04T14:41:47.783+0000][1][safepoint    ] Safepoint "GenCollectForAllocation", Time since last: 508710458 ns, Reaching safepoint: 2966250 ns, At safepoint: 38630333 ns, Total: 41596583 ns
[2022-09-04T14:41:47.788+0000][1][safepoint    ] Safepoint "RevokeBias", Time since last: 3709001 ns, Reaching safepoint: 570333 ns, At safepoint: 262583 ns, Total: 832916 ns
[2022-09-04T14:41:47.791+0000][1][safepoint    ] Safepoint "RevokeBias", Time since last: 1534334 ns, Reaching safepoint: 620375 ns, At safepoint: 285583 ns, Total: 905958 ns
[2022-09-04T14:41:47.857+0000][1][safepoint    ] Safepoint "RevokeBias", Time since last: 49582708 ns, Reaching safepoint: 10499084 ns, At safepoint: 3162291 ns, Total: 13661375 ns
[2022-09-04T14:41:47.879+0000][1][safepoint    ] Safepoint "RevokeBias", Time since last: 23879792 ns, Reaching safepoint: 1703208 ns, At safepoint: 229542 ns, Total: 1932750 ns
[2022-09-04T14:41:47.885+0000][1][safepoint    ] Safepoint "RevokeBias", Time since last: 4642333 ns, Reaching safepoint: 519875 ns, At safepoint: 171667 ns, Total: 691542 ns
[2022-09-04T14:41:47.888+0000][1][safepoint    ] Safepoint "RevokeBias", Time since last: 2449333 ns, Reaching safepoint: 548959 ns, At safepoint: 132750 ns, Total: 681709 ns
[2022-09-04T14:41:47.892+0000][1][safepoint    ] Safepoint "RevokeBias", Time since last: 3254333 ns, Reaching safepoint: 565667 ns, At safepoint: 121916 ns, Total: 687583 ns
[2022-09-04T14:41:47.893+0000][1][safepoint    ] Safepoint "RevokeBias", Time since last: 1174875 ns, Reaching safepoint: 356917 ns, At safepoint: 121167 ns, Total: 478084 ns
[2022-09-04T14:41:48.896+0000][1][safepoint    ] Safepoint "Cleanup", Time since last: 1001430000 ns, Reaching safepoint: 1140208 ns, At safepoint: 108042 ns, Total: 1248250 ns
[2022-09-04T14:41:49.715+0000][1][safepoint    ] Safepoint "RevokeBias", Time since last: 818347334 ns, Reaching safepoint: 997666 ns, At safepoint: 138042 ns, Total: 1135708 ns
[2022-09-04T14:41:49.718+0000][1][safepoint    ] Safepoint "RevokeBias", Time since last: 2532792 ns, Reaching safepoint: 192750 ns, At safepoint: 61083 ns, Total: 253833 ns
[2022-09-04T14:41:49.720+0000][1][safepoint    ] Safepoint "RevokeBias", Time since last: 1500667 ns, Reaching safepoint: 189458 ns, At safepoint: 54500 ns, Total: 243958 ns
[2022-09-04T14:41:49.722+0000][1][safepoint    ] Safepoint "RevokeBias", Time since last: 1688375 ns, Reaching safepoint: 140208 ns, At safepoint: 54084 ns, Total: 194292 ns
[2022-09-04T14:41:49.899+0000][1][gc,start     ] GC(5) Pause Young (Allocation Failure)
[2022-09-04T14:41:49.904+0000][1][gc,task      ] GC(5) Using 4 workers of 4 for evacuation
[2022-09-04T14:41:49.966+0000][1][gc,age       ] GC(5) Desired survivor size 8945664 bytes, new threshold 6 (max threshold 6)
[2022-09-04T14:41:49.967+0000][1][gc,age       ] GC(5) Age table with threshold 6 (max threshold 6)
[2022-09-04T14:41:49.969+0000][1][gc,age       ] GC(5) - age   1:    1029504 bytes,    1029504 total
[2022-09-04T14:41:49.970+0000][1][gc,age       ] GC(5) - age   2:     951728 bytes,    1981232 total
[2022-09-04T14:41:49.973+0000][1][gc,age       ] GC(5) - age   3:    3145800 bytes,    5127032 total
[2022-09-04T14:41:49.974+0000][1][gc,age       ] GC(5) - age   4:    1570032 bytes,    6697064 total
[2022-09-04T14:41:49.977+0000][1][gc,heap      ] GC(5) ParNew: 147776K->9992K(157248K)
[2022-09-04T14:41:49.978+0000][1][gc,heap      ] GC(5) CMS: 10559K->10559K(349568K)
[2022-09-04T14:41:49.979+0000][1][gc,metaspace ] GC(5) Metaspace: 21769K->21769K(1069056K)
[2022-09-04T14:41:49.982+0000][1][gc           ] GC(5) Pause Young (Allocation Failure) 154M->20M(494M) 82.591ms
[2022-09-04T14:41:49.983+0000][1][gc,cpu       ] GC(5) User=0.26s Sys=0.01s Real=0.09s
[2022-09-04T14:41:49.984+0000][1][safepoint    ] Safepoint "GenCollectForAllocation", Time since last: 176269750 ns, Reaching safepoint: 345583 ns, At safepoint: 85517709 ns, Total: 85863292 ns
[2022-09-04T14:41:49.996+0000][1][safepoint    ] Safepoint "RevokeBias", Time since last: 8736375 ns, Reaching safepoint: 2266041 ns, At safepoint: 713792 ns, Total: 2979833 ns
[2022-09-04T14:41:49.999+0000][1][safepoint    ] Safepoint "RevokeBias", Time since last: 2126125 ns, Reaching safepoint: 787208 ns, At safepoint: 229459 ns, Total: 1016667 ns
[2022-09-04T14:41:50.004+0000][1][safepoint    ] Safepoint "BulkRevokeBias", Time since last: 2994666 ns, Reaching safepoint: 1140542 ns, At safepoint: 1187958 ns, Total: 2328500 ns
[2022-09-04T14:41:50.007+0000][1][safepoint    ] Safepoint "BulkRevokeBias", Time since last: 1933000 ns, Reaching safepoint: 347292 ns, At safepoint: 305833 ns, Total: 653125 ns
[2022-09-04T14:41:51.009+0000][1][safepoint    ] Safepoint "Cleanup", Time since last: 1001112376 ns, Reaching safepoint: 685208 ns, At safepoint: 24042 ns, Total: 709250 ns
[2022-09-04T14:41:51.147+0000][1][gc,start     ] GC(6) Pause Young (Allocation Failure)
[2022-09-04T14:41:51.149+0000][1][gc,task      ] GC(6) Using 4 workers of 4 for evacuation
[2022-09-04T14:41:51.188+0000][1][gc,age       ] GC(6) Desired survivor size 8945664 bytes, new threshold 6 (max threshold 6)
[2022-09-04T14:41:51.190+0000][1][gc,age       ] GC(6) Age table with threshold 6 (max threshold 6)
[2022-09-04T14:41:51.191+0000][1][gc,age       ] GC(6) - age   1:    1258088 bytes,    1258088 total
[2022-09-04T14:41:51.192+0000][1][gc,age       ] GC(6) - age   2:    1003224 bytes,    2261312 total
[2022-09-04T14:41:51.199+0000][1][gc,age       ] GC(6) - age   3:     951440 bytes,    3212752 total
[2022-09-04T14:41:51.200+0000][1][gc,age       ] GC(6) - age   4:    3145800 bytes,    6358552 total
[2022-09-04T14:41:51.202+0000][1][gc,age       ] GC(6) - age   5:    1569696 bytes,    7928248 total
[2022-09-04T14:41:51.204+0000][1][gc,heap      ] GC(6) ParNew: 149768K->9273K(157248K)
[2022-09-04T14:41:51.207+0000][1][gc,heap      ] GC(6) CMS: 10559K->10559K(349568K)
[2022-09-04T14:41:51.209+0000][1][gc,metaspace ] GC(6) Metaspace: 21812K->21812K(1069056K)
[2022-09-04T14:41:51.210+0000][1][gc           ] GC(6) Pause Young (Allocation Failure) 156M->19M(494M) 62.520ms
[2022-09-04T14:41:51.211+0000][1][gc,cpu       ] GC(6) User=0.17s Sys=0.00s Real=0.06s
[2022-09-04T14:41:51.213+0000][1][safepoint    ] Safepoint "GenCollectForAllocation", Time since last: 138261375 ns, Reaching safepoint: 184958 ns, At safepoint: 66154708 ns, Total: 66339666 ns
[2022-09-04T14:41:52.215+0000][1][safepoint    ] Safepoint "Cleanup", Time since last: 1001460793 ns, Reaching safepoint: 721875 ns, At safepoint: 32500 ns, Total: 754375 ns
[2022-09-04T14:41:52.323+0000][1][gc,start     ] GC(7) Pause Young (Allocation Failure)
[2022-09-04T14:41:52.325+0000][1][gc,task      ] GC(7) Using 4 workers of 4 for evacuation
[2022-09-04T14:41:52.363+0000][1][gc,age       ] GC(7) Desired survivor size 8945664 bytes, new threshold 6 (max threshold 6)
[2022-09-04T14:41:52.365+0000][1][gc,age       ] GC(7) Age table with threshold 6 (max threshold 6)
[2022-09-04T14:41:52.366+0000][1][gc,age       ] GC(7) - age   1:     999296 bytes,     999296 total
[2022-09-04T14:41:52.367+0000][1][gc,age       ] GC(7) - age   2:     279888 bytes,    1279184 total
[2022-09-04T14:41:52.370+0000][1][gc,age       ] GC(7) - age   3:    1003032 bytes,    2282216 total
[2022-09-04T14:41:52.372+0000][1][gc,age       ] GC(7) - age   4:     951416 bytes,    3233632 total
[2022-09-04T14:41:52.373+0000][1][gc,age       ] GC(7) - age   5:    3145776 bytes,    6379408 total
[2022-09-04T14:41:52.374+0000][1][gc,age       ] GC(7) - age   6:    1569768 bytes,    7949176 total
[2022-09-04T14:41:52.375+0000][1][gc,heap      ] GC(7) ParNew: 149049K->9190K(157248K)
[2022-09-04T14:41:52.376+0000][1][gc,heap      ] GC(7) CMS: 10559K->10559K(349568K)
[2022-09-04T14:41:52.377+0000][1][gc,metaspace ] GC(7) Metaspace: 22025K->22025K(1069056K)
[2022-09-04T14:41:52.378+0000][1][gc           ] GC(7) Pause Young (Allocation Failure) 155M->19M(494M) 54.794ms
[2022-09-04T14:41:52.379+0000][1][gc,cpu       ] GC(7) User=0.13s Sys=0.00s Real=0.05s
[2022-09-04T14:41:52.380+0000][1][safepoint    ] Safepoint "GenCollectForAllocation", Time since last: 107175291 ns, Reaching safepoint: 599834 ns, At safepoint: 57273750 ns, Total: 57873584 ns
[2022-09-04T14:41:53.384+0000][1][safepoint    ] Safepoint "Cleanup", Time since last: 1001269625 ns, Reaching safepoint: 2308709 ns, At safepoint: 77583 ns, Total: 2386292 ns
[2022-09-04T14:41:54.391+0000][1][safepoint    ] Safepoint "Cleanup", Time since last: 1002013834 ns, Reaching safepoint: 5239291 ns, At safepoint: 29917 ns, Total: 5269208 ns
[2022-09-04T14:41:54.821+0000][1][safepoint    ] Safepoint "RevokeBias", Time since last: 429045625 ns, Reaching safepoint: 560709 ns, At safepoint: 106541 ns, Total: 667250 ns
[2022-09-04T14:41:54.824+0000][1][safepoint    ] Safepoint "BulkRevokeBias", Time since last: 2533167 ns, Reaching safepoint: 157958 ns, At safepoint: 552292 ns, Total: 710250 ns
[2022-09-04T14:41:55.421+0000][1][gc,start     ] GC(8) Pause Young (Allocation Failure)
[2022-09-04T14:41:55.423+0000][1][gc,task      ] GC(8) Using 4 workers of 4 for evacuation
[2022-09-04T14:41:55.463+0000][1][gc,age       ] GC(8) Desired survivor size 8945664 bytes, new threshold 6 (max threshold 6)
[2022-09-04T14:41:55.465+0000][1][gc,age       ] GC(8) Age table with threshold 6 (max threshold 6)
[2022-09-04T14:41:55.466+0000][1][gc,age       ] GC(8) - age   1:    1865216 bytes,    1865216 total
[2022-09-04T14:41:55.467+0000][1][gc,age       ] GC(8) - age   2:     427904 bytes,    2293120 total
[2022-09-04T14:41:55.468+0000][1][gc,age       ] GC(8) - age   3:     279024 bytes,    2572144 total
[2022-09-04T14:41:55.470+0000][1][gc,age       ] GC(8) - age   4:     993456 bytes,    3565600 total
[2022-09-04T14:41:55.471+0000][1][gc,age       ] GC(8) - age   5:     948024 bytes,    4513624 total
[2022-09-04T14:41:55.472+0000][1][gc,age       ] GC(8) - age   6:    3126520 bytes,    7640144 total
[2022-09-04T14:41:55.473+0000][1][gc,heap      ] GC(8) ParNew: 148966K->9575K(157248K)
[2022-09-04T14:41:55.474+0000][1][gc,heap      ] GC(8) CMS: 10559K->12109K(349568K)
[2022-09-04T14:41:55.475+0000][1][gc,metaspace ] GC(8) Metaspace: 26887K->26887K(1075200K)
[2022-09-04T14:41:55.476+0000][1][gc           ] GC(8) Pause Young (Allocation Failure) 155M->21M(494M) 55.449ms
[2022-09-04T14:41:55.477+0000][1][gc,cpu       ] GC(8) User=0.13s Sys=0.01s Real=0.06s
[2022-09-04T14:41:55.478+0000][1][safepoint    ] Safepoint "GenCollectForAllocation", Time since last: 595617000 ns, Reaching safepoint: 870000 ns, At safepoint: 57704334 ns, Total: 58574334 ns
[2022-09-04T14:41:55.697+0000][1][safepoint    ] Safepoint "Deoptimize", Time since last: 216796000 ns, Reaching safepoint: 328958 ns, At safepoint: 1592208 ns, Total: 1921166 ns
[2022-09-04T14:41:56.700+0000][1][safepoint    ] Safepoint "Cleanup", Time since last: 1001573501 ns, Reaching safepoint: 854291 ns, At safepoint: 27959 ns, Total: 882250 ns
[2022-09-04T14:41:57.702+0000][1][safepoint    ] Safepoint "Cleanup", Time since last: 1001775417 ns, Reaching safepoint: 744292 ns, At safepoint: 26500 ns, Total: 770792 ns
[2022-09-04T14:41:58.337+0000][1][safepoint    ] Safepoint "Deoptimize", Time since last: 633169500 ns, Reaching safepoint: 711917 ns, At safepoint: 1172875 ns, Total: 1884792 ns
[2022-09-04T14:41:59.341+0000][1][safepoint    ] Safepoint "Cleanup", Time since last: 1002935458 ns, Reaching safepoint: 731500 ns, At safepoint: 13375 ns, Total: 744875 ns
[2022-09-04T14:42:00.271+0000][1][safepoint    ] Safepoint "RevokeBias", Time since last: 929419792 ns, Reaching safepoint: 462667 ns, At safepoint: 512125 ns, Total: 974792 ns
[2022-09-04T14:42:01.274+0000][1][safepoint    ] Safepoint "Cleanup", Time since last: 1002070583 ns, Reaching safepoint: 1246584 ns, At safepoint: 40000 ns, Total: 1286584 ns
[2022-09-04T14:42:03.279+0000][1][safepoint    ] Safepoint "Cleanup", Time since last: 2003843334 ns, Reaching safepoint: 465583 ns, At safepoint: 85917 ns, Total: 551500 ns
[2022-09-04T14:42:03.982+0000][1][gc,start     ] GC(9) Pause Young (Allocation Failure)
[2022-09-04T14:42:03.983+0000][1][gc,task      ] GC(9) Using 4 workers of 4 for evacuation
[2022-09-04T14:42:04.176+0000][1][gc,age       ] GC(9) Desired survivor size 8945664 bytes, new threshold 1 (max threshold 6)
[2022-09-04T14:42:04.178+0000][1][gc,age       ] GC(9) Age table with threshold 1 (max threshold 6)
[2022-09-04T14:42:04.179+0000][1][gc,age       ] GC(9) - age   1:   13451528 bytes,   13451528 total
[2022-09-04T14:42:04.181+0000][1][gc,age       ] GC(9) - age   2:    1809264 bytes,   15260792 total
[2022-09-04T14:42:04.182+0000][1][gc,age       ] GC(9) - age   3:     421144 bytes,   15681936 total
[2022-09-04T14:42:04.184+0000][1][gc,age       ] GC(9) - age   4:     278832 bytes,   15960768 total
[2022-09-04T14:42:04.186+0000][1][gc,age       ] GC(9) - age   5:     987816 bytes,   16948584 total
[2022-09-04T14:42:04.187+0000][1][gc,age       ] GC(9) - age   6:     942280 bytes,   17890864 total
[2022-09-04T14:42:04.189+0000][1][gc,heap      ] GC(9) ParNew: 149351K->17472K(157248K)
[2022-09-04T14:42:04.190+0000][1][gc,heap      ] GC(9) CMS: 12109K->22062K(349568K)
[2022-09-04T14:42:04.192+0000][1][gc,metaspace ] GC(9) Metaspace: 29120K->29120K(1077248K)
[2022-09-04T14:42:04.194+0000][1][gc           ] GC(9) Pause Young (Allocation Failure) 157M->38M(494M) 211.819ms
[2022-09-04T14:42:04.195+0000][1][gc,cpu       ] GC(9) User=0.68s Sys=0.01s Real=0.21s
[2022-09-04T14:42:04.197+0000][1][safepoint    ] Safepoint "GenCollectForAllocation", Time since last: 702553375 ns, Reaching safepoint: 321000 ns, At safepoint: 214861834 ns, Total: 215182834 ns
[2022-09-04T14:42:05.200+0000][1][safepoint    ] Safepoint "Cleanup", Time since last: 1002336333 ns, Reaching safepoint: 655334 ns, At safepoint: 80125 ns, Total: 735459 ns
[2022-09-04T14:42:06.204+0000][1][safepoint    ] Safepoint "Cleanup", Time since last: 1003490917 ns, Reaching safepoint: 731333 ns, At safepoint: 27750 ns, Total: 759083 ns
[2022-09-04T14:42:06.532+0000][1][safepoint    ] Safepoint "RevokeBias", Time since last: 327187959 ns, Reaching safepoint: 504000 ns, At safepoint: 259541 ns, Total: 763541 ns
[2022-09-04T14:42:07.535+0000][1][safepoint    ] Safepoint "Cleanup", Time since last: 1001765918 ns, Reaching safepoint: 1091208 ns, At safepoint: 28708 ns, Total: 1119916 ns
[2022-09-04T14:42:07.752+0000][1][safepoint    ] Safepoint "RevokeBias", Time since last: 217002709 ns, Reaching safepoint: 349625 ns, At safepoint: 158708 ns, Total: 508333 ns
[2022-09-04T14:42:08.465+0000][1][safepoint    ] Safepoint "CollectForMetadataAllocation", Time since last: 712150709 ns, Reaching safepoint: 540416 ns, At safepoint: 416167 ns, Total: 956583 ns
[2022-09-04T14:42:08.564+0000][1][safepoint    ] Safepoint "CollectForMetadataAllocation", Time since last: 98051750 ns, Reaching safepoint: 331750 ns, At safepoint: 228042 ns, Total: 559792 ns
[2022-09-04T14:42:08.661+0000][1][safepoint    ] Safepoint "CollectForMetadataAllocation", Time since last: 96905791 ns, Reaching safepoint: 92875 ns, At safepoint: 177459 ns, Total: 270334 ns
[2022-09-04T14:42:08.821+0000][1][safepoint    ] Safepoint "CollectForMetadataAllocation", Time since last: 159038042 ns, Reaching safepoint: 322750 ns, At safepoint: 194958 ns, Total: 517708 ns
[2022-09-04T14:42:09.498+0000][1][gc,start     ] GC(10) Pause Young (Allocation Failure)
[2022-09-04T14:42:09.500+0000][1][gc,task      ] GC(10) Using 4 workers of 4 for evacuation
[2022-09-04T14:42:09.701+0000][1][gc,age       ] GC(10) Desired survivor size 8945664 bytes, new threshold 6 (max threshold 6)
[2022-09-04T14:42:09.703+0000][1][gc,age       ] GC(10) Age table with threshold 6 (max threshold 6)
[2022-09-04T14:42:09.704+0000][1][gc,age       ] GC(10) - age   1:    8019288 bytes,    8019288 total
[2022-09-04T14:42:09.705+0000][1][gc,heap      ] GC(10) ParNew: 157248K->17472K(157248K)
[2022-09-04T14:42:09.706+0000][1][gc,heap      ] GC(10) CMS: 22062K->40564K(349568K)
[2022-09-04T14:42:09.707+0000][1][gc,metaspace ] GC(10) Metaspace: 34774K->34774K(1081344K)
[2022-09-04T14:42:09.709+0000][1][gc           ] GC(10) Pause Young (Allocation Failure) 175M->56M(494M) 211.441ms
[2022-09-04T14:42:09.710+0000][1][gc,cpu       ] GC(10) User=0.73s Sys=0.01s Real=0.21s
[2022-09-04T14:42:09.716+0000][1][safepoint    ] Safepoint "GenCollectForAllocation", Time since last: 676513750 ns, Reaching safepoint: 372625 ns, At safepoint: 218370875 ns, Total: 218743500 ns
[2022-09-04T14:42:09.722+0000][1][gc,start     ] GC(11) Pause Initial Mark
[2022-09-04T14:42:09.763+0000][1][gc           ] GC(11) Pause Initial Mark 59M->59M(494M) 41.415ms
[2022-09-04T14:42:09.765+0000][1][gc,cpu       ] GC(11) User=0.08s Sys=0.01s Real=0.04s
[2022-09-04T14:42:09.766+0000][1][safepoint    ] Safepoint "CMS_Initial_Mark", Time since last: 4938084 ns, Reaching safepoint: 618875 ns, At safepoint: 44690083 ns, Total: 45308958 ns
[2022-09-04T14:42:09.772+0000][1][gc           ] GC(11) Concurrent Mark
[2022-09-04T14:42:10.108+0000][1][gc           ] GC(11) Concurrent Mark 319.508ms
[2022-09-04T14:42:10.125+0000][1][gc,cpu       ] GC(11) User=1.11s Sys=0.04s Real=0.35s
[2022-09-04T14:42:10.128+0000][1][gc           ] GC(11) Concurrent Preclean
[2022-09-04T14:42:10.149+0000][1][gc           ] GC(11) Concurrent Preclean 20.732ms
[2022-09-04T14:42:10.150+0000][1][gc,cpu       ] GC(11) User=0.03s Sys=0.02s Real=0.02s
[2022-09-04T14:42:10.152+0000][1][gc           ] GC(11) Concurrent Abortable Preclean
[2022-09-04T14:42:10.685+0000][1][safepoint    ] Safepoint "CollectForMetadataAllocation", Time since last: 902116209 ns, Reaching safepoint: 11666250 ns, At safepoint: 4675208 ns, Total: 16341458 ns
[2022-09-04T14:42:11.695+0000][1][safepoint    ] Safepoint "Cleanup", Time since last: 1005054376 ns, Reaching safepoint: 4883125 ns, At safepoint: 24750 ns, Total: 4907875 ns
[2022-09-04T14:42:12.578+0000][1][safepoint    ] Safepoint "CollectForMetadataAllocation", Time since last: 882963542 ns, Reaching safepoint: 697916 ns, At safepoint: 188584 ns, Total: 886500 ns
[2022-09-04T14:42:12.875+0000][1][safepoint    ] Safepoint "CollectForMetadataAllocation", Time since last: 294477166 ns, Reaching safepoint: 382209 ns, At safepoint: 1829333 ns, Total: 2211542 ns
[2022-09-04T14:42:13.219+0000][1][safepoint    ] Safepoint "CollectForMetadataAllocation", Time since last: 343384000 ns, Reaching safepoint: 618459 ns, At safepoint: 194666 ns, Total: 813125 ns
[2022-09-04T14:42:13.411+0000][1][safepoint    ] Safepoint "CollectForMetadataAllocation", Time since last: 190792584 ns, Reaching safepoint: 553125 ns, At safepoint: 289833 ns, Total: 842958 ns
[2022-09-04T14:42:13.537+0000][1][safepoint    ] Safepoint "CollectForMetadataAllocation", Time since last: 124946083 ns, Reaching safepoint: 562250 ns, At safepoint: 181875 ns, Total: 744125 ns
[2022-09-04T14:42:13.655+0000][1][safepoint    ] Safepoint "CollectForMetadataAllocation", Time since last: 118057959 ns, Reaching safepoint: 491333 ns, At safepoint: 212417 ns, Total: 703750 ns
[2022-09-04T14:42:13.801+0000][1][safepoint    ] Safepoint "CollectForMetadataAllocation", Time since last: 144711792 ns, Reaching safepoint: 345041 ns, At safepoint: 163209 ns, Total: 508250 ns
[2022-09-04T14:42:13.906+0000][1][safepoint    ] Safepoint "CollectForMetadataAllocation", Time since last: 105205083 ns, Reaching safepoint: 364000 ns, At safepoint: 171250 ns, Total: 535250 ns
[2022-09-04T14:42:14.002+0000][1][safepoint    ] Safepoint "CollectForMetadataAllocation", Time since last: 95126042 ns, Reaching safepoint: 145500 ns, At safepoint: 178791 ns, Total: 324291 ns
[2022-09-04T14:42:14.090+0000][1][safepoint    ] Safepoint "CollectForMetadataAllocation", Time since last: 87963875 ns, Reaching safepoint: 369917 ns, At safepoint: 236417 ns, Total: 606334 ns
[2022-09-04T14:42:14.228+0000][1][safepoint    ] Safepoint "CollectForMetadataAllocation", Time since last: 136722916 ns, Reaching safepoint: 359584 ns, At safepoint: 159083 ns, Total: 518667 ns
[2022-09-04T14:42:14.342+0000][1][safepoint    ] Safepoint "RevokeBias", Time since last: 111989834 ns, Reaching safepoint: 589625 ns, At safepoint: 1588375 ns, Total: 2178000 ns
[2022-09-04T14:42:14.347+0000][1][safepoint    ] Safepoint "CollectForMetadataAllocation", Time since last: 4598625 ns, Reaching safepoint: 219416 ns, At safepoint: 258834 ns, Total: 478250 ns
[2022-09-04T14:42:14.356+0000][1][safepoint    ] Safepoint "Deoptimize", Time since last: 7348375 ns, Reaching safepoint: 148458 ns, At safepoint: 2135208 ns, Total: 2283666 ns
[2022-09-04T14:42:14.583+0000][1][safepoint    ] Safepoint "CollectForMetadataAllocation", Time since last: 225863750 ns, Reaching safepoint: 758042 ns, At safepoint: 140917 ns, Total: 898959 ns
[2022-09-04T14:42:14.655+0000][1][safepoint    ] Safepoint "CollectForMetadataAllocation", Time since last: 71206916 ns, Reaching safepoint: 422834 ns, At safepoint: 154916 ns, Total: 577750 ns
[2022-09-04T14:42:14.758+0000][1][safepoint    ] Safepoint "CollectForMetadataAllocation", Time since last: 102062209 ns, Reaching safepoint: 558708 ns, At safepoint: 163708 ns, Total: 722416 ns
[2022-09-04T14:42:14.860+0000][1][safepoint    ] Safepoint "CollectForMetadataAllocation", Time since last: 101970500 ns, Reaching safepoint: 488584 ns, At safepoint: 166416 ns, Total: 655000 ns
[2022-09-04T14:42:15.028+0000][1][safepoint    ] Safepoint "CollectForMetadataAllocation", Time since last: 166929001 ns, Reaching safepoint: 505250 ns, At safepoint: 228958 ns, Total: 734208 ns
[2022-09-04T14:42:15.136+0000][1][safepoint    ] Safepoint "CollectForMetadataAllocation", Time since last: 107378125 ns, Reaching safepoint: 438667 ns, At safepoint: 179208 ns, Total: 617875 ns
[2022-09-04T14:42:15.229+0000][1][gc           ] GC(11) Concurrent Abortable Preclean 5077.232ms
[2022-09-04T14:42:15.230+0000][1][gc,cpu       ] GC(11) User=15.32s Sys=0.85s Real=5.07s
[2022-09-04T14:42:15.233+0000][1][gc,start     ] GC(11) Pause Remark
[2022-09-04T14:42:15.437+0000][1][gc           ] GC(11) Pause Remark 149M->149M(494M) 203.877ms
[2022-09-04T14:42:15.439+0000][1][gc,cpu       ] GC(11) User=0.52s Sys=0.04s Real=0.20s
[2022-09-04T14:42:15.441+0000][1][safepoint    ] Safepoint "CMS_Final_Remark", Time since last: 95744875 ns, Reaching safepoint: 539625 ns, At safepoint: 208514958 ns, Total: 209054583 ns
[2022-09-04T14:42:15.445+0000][1][gc           ] GC(11) Concurrent Sweep
[2022-09-04T14:42:15.516+0000][1][safepoint    ] Safepoint "CollectForMetadataAllocation", Time since last: 71555000 ns, Reaching safepoint: 3622125 ns, At safepoint: 63792 ns, Total: 3685917 ns
[2022-09-04T14:42:15.526+0000][1][safepoint    ] Safepoint "CollectForMetadataAllocation", Time since last: 9364000 ns, Reaching safepoint: 183292 ns, At safepoint: 220750 ns, Total: 404042 ns
[2022-09-04T14:42:15.588+0000][1][gc           ] GC(11) Concurrent Sweep 142.639ms
[2022-09-04T14:42:15.589+0000][1][gc,cpu       ] GC(11) User=0.41s Sys=0.01s Real=0.14s
[2022-09-04T14:42:15.592+0000][1][gc           ] GC(11) Concurrent Reset
[2022-09-04T14:42:15.594+0000][1][gc           ] GC(11) Concurrent Reset 2.202ms
[2022-09-04T14:42:15.595+0000][1][gc,cpu       ] GC(11) User=0.00s Sys=0.00s Real=0.00s
[2022-09-04T14:42:15.597+0000][1][gc,heap      ] GC(11) Old: 40564K->40397K(349568K)
[2022-09-04T14:42:16.528+0000][1][safepoint    ] Safepoint "Cleanup", Time since last: 1001249542 ns, Reaching safepoint: 962083 ns, At safepoint: 30292 ns, Total: 992375 ns
[2022-09-04T14:42:17.533+0000][1][safepoint    ] Safepoint "Cleanup", Time since last: 1003851959 ns, Reaching safepoint: 552166 ns, At safepoint: 30834 ns, Total: 583000 ns
[2022-09-04T14:42:18.535+0000][1][safepoint    ] Safepoint "Cleanup", Time since last: 1001614167 ns, Reaching safepoint: 667917 ns, At safepoint: 45083 ns, Total: 713000 ns
[2022-09-04T14:42:21.540+0000][1][safepoint    ] Safepoint "Cleanup", Time since last: 3004282960 ns, Reaching safepoint: 571291 ns, At safepoint: 25750 ns, Total: 597041 ns
[2022-09-04T14:42:21.768+0000][1][gc,start     ] GC(12) Pause Young (Allocation Failure)
[2022-09-04T14:42:21.772+0000][1][gc,task      ] GC(12) Using 4 workers of 4 for evacuation
[2022-09-04T14:42:21.847+0000][1][gc,age       ] GC(12) Desired survivor size 8945664 bytes, new threshold 2 (max threshold 6)
[2022-09-04T14:42:21.848+0000][1][gc,age       ] GC(12) Age table with threshold 2 (max threshold 6)
[2022-09-04T14:42:21.850+0000][1][gc,age       ] GC(12) - age   1:    4437120 bytes,    4437120 total
[2022-09-04T14:42:21.851+0000][1][gc,age       ] GC(12) - age   2:    7933496 bytes,   12370616 total
[2022-09-04T14:42:21.854+0000][1][gc,heap      ] GC(12) ParNew: 157248K->15034K(157248K)
[2022-09-04T14:42:21.855+0000][1][gc,heap      ] GC(12) CMS: 40397K->40397K(349568K)
[2022-09-04T14:42:21.856+0000][1][gc,metaspace ] GC(12) Metaspace: 45156K->45156K(1091584K)
[2022-09-04T14:42:21.859+0000][1][gc           ] GC(12) Pause Young (Allocation Failure) 193M->54M(494M) 90.871ms
[2022-09-04T14:42:21.860+0000][1][gc,cpu       ] GC(12) User=0.25s Sys=0.01s Real=0.09s
[2022-09-04T14:42:21.862+0000][1][safepoint    ] Safepoint "GenCollectForAllocation", Time since last: 227420542 ns, Reaching safepoint: 662542 ns, At safepoint: 94426208 ns, Total: 95088750 ns
[2022-09-04T14:42:21.918+0000][1][safepoint    ] Safepoint "RevokeBias", Time since last: 55107917 ns, Reaching safepoint: 433583 ns, At safepoint: 330375 ns, Total: 763958 ns
[2022-09-04T14:42:21.921+0000][1][safepoint    ] Safepoint "RevokeBias", Time since last: 2211667 ns, Reaching safepoint: 110083 ns, At safepoint: 90167 ns, Total: 200250 ns
[2022-09-04T14:42:22.467+0000][1][safepoint    ] Safepoint "RevokeBias", Time since last: 545486750 ns, Reaching safepoint: 917125 ns, At safepoint: 222667 ns, Total: 1139792 ns
[2022-09-04T14:42:22.470+0000][1][safepoint    ] Safepoint "RevokeBias", Time since last: 2775250 ns, Reaching safepoint: 295083 ns, At safepoint: 193250 ns, Total: 488333 ns
[2022-09-04T14:42:22.473+0000][1][safepoint    ] Safepoint "RevokeBias", Time since last: 1767583 ns, Reaching safepoint: 295625 ns, At safepoint: 222042 ns, Total: 517667 ns
[2022-09-04T14:42:22.479+0000][1][safepoint    ] Safepoint "RevokeBias", Time since last: 5358708 ns, Reaching safepoint: 294167 ns, At safepoint: 221917 ns, Total: 516084 ns
[2022-09-04T14:42:22.482+0000][1][safepoint    ] Safepoint "RevokeBias", Time since last: 2940791 ns, Reaching safepoint: 436084 ns, At safepoint: 231208 ns, Total: 667292 ns
[2022-09-04T14:42:22.484+0000][1][safepoint    ] Safepoint "RevokeBias", Time since last: 1719708 ns, Reaching safepoint: 189709 ns, At safepoint: 204583 ns, Total: 394292 ns
[2022-09-04T14:42:22.486+0000][1][safepoint    ] Safepoint "RevokeBias", Time since last: 786208 ns, Reaching safepoint: 205084 ns, At safepoint: 307791 ns, Total: 512875 ns
[2022-09-04T14:42:22.489+0000][1][safepoint    ] Safepoint "RevokeBias", Time since last: 974000 ns, Reaching safepoint: 2255292 ns, At safepoint: 213083 ns, Total: 2468375 ns
[2022-09-04T14:42:22.491+0000][1][safepoint    ] Safepoint "RevokeBias", Time since last: 1004917 ns, Reaching safepoint: 553792 ns, At safepoint: 261125 ns, Total: 814917 ns
[2022-09-04T14:42:22.492+0000][1][safepoint    ] Safepoint "RevokeBias", Time since last: 976041 ns, Reaching safepoint: 239750 ns, At safepoint: 281875 ns, Total: 521625 ns
[2022-09-04T14:42:22.494+0000][1][safepoint    ] Safepoint "RevokeBias", Time since last: 804834 ns, Reaching safepoint: 596958 ns, At safepoint: 205417 ns, Total: 802375 ns
[2022-09-04T14:42:22.496+0000][1][safepoint    ] Safepoint "RevokeBias", Time since last: 1956166 ns, Reaching safepoint: 176417 ns, At safepoint: 194917 ns, Total: 371334 ns
[2022-09-04T14:42:22.498+0000][1][safepoint    ] Safepoint "RevokeBias", Time since last: 883291 ns, Reaching safepoint: 226417 ns, At safepoint: 272417 ns, Total: 498834 ns
[2022-09-04T14:42:22.499+0000][1][safepoint    ] Safepoint "RevokeBias", Time since last: 834333 ns, Reaching safepoint: 287292 ns, At safepoint: 312500 ns, Total: 599792 ns
[2022-09-04T14:42:22.501+0000][1][safepoint    ] Safepoint "RevokeBias", Time since last: 1048583 ns, Reaching safepoint: 212375 ns, At safepoint: 238167 ns, Total: 450542 ns
[2022-09-04T14:42:22.502+0000][1][safepoint    ] Safepoint "RevokeBias", Time since last: 1140666 ns, Reaching safepoint: 233334 ns, At safepoint: 246208 ns, Total: 479542 ns
[2022-09-04T14:42:22.504+0000][1][safepoint    ] Safepoint "RevokeBias", Time since last: 968042 ns, Reaching safepoint: 182333 ns, At safepoint: 319500 ns, Total: 501833 ns
[2022-09-04T14:42:22.505+0000][1][safepoint    ] Safepoint "RevokeBias", Time since last: 776542 ns, Reaching safepoint: 442250 ns, At safepoint: 217666 ns, Total: 659916 ns
[2022-09-04T14:42:22.506+0000][1][safepoint    ] Safepoint "RevokeBias", Time since last: 844417 ns, Reaching safepoint: 189042 ns, At safepoint: 207291 ns, Total: 396333 ns
[2022-09-04T14:42:22.508+0000][1][safepoint    ] Safepoint "RevokeBias", Time since last: 948084 ns, Reaching safepoint: 279083 ns, At safepoint: 302208 ns, Total: 581291 ns
[2022-09-04T14:42:22.510+0000][1][safepoint    ] Safepoint "RevokeBias", Time since last: 970084 ns, Reaching safepoint: 721916 ns, At safepoint: 240917 ns, Total: 962833 ns
[2022-09-04T14:42:22.511+0000][1][safepoint    ] Safepoint "RevokeBias", Time since last: 1138083 ns, Reaching safepoint: 206959 ns, At safepoint: 225625 ns, Total: 432584 ns
[2022-09-04T14:42:22.513+0000][1][safepoint    ] Safepoint "RevokeBias", Time since last: 854625 ns, Reaching safepoint: 285125 ns, At safepoint: 251666 ns, Total: 536791 ns
[2022-09-04T14:42:22.515+0000][1][safepoint    ] Safepoint "BulkRevokeBias", Time since last: 1144709 ns, Reaching safepoint: 205500 ns, At safepoint: 1090958 ns, Total: 1296458 ns
[2022-09-04T14:42:22.517+0000][1][safepoint    ] Safepoint "RevokeBias", Time since last: 1135083 ns, Reaching safepoint: 234167 ns, At safepoint: 278167 ns, Total: 512334 ns
[2022-09-04T14:42:22.519+0000][1][safepoint    ] Safepoint "RevokeBias", Time since last: 1310958 ns, Reaching safepoint: 671292 ns, At safepoint: 211583 ns, Total: 882875 ns
[2022-09-04T14:42:22.522+0000][1][safepoint    ] Safepoint "RevokeBias", Time since last: 2079333 ns, Reaching safepoint: 241959 ns, At safepoint: 233250 ns, Total: 475209 ns
[2022-09-04T14:42:22.526+0000][1][safepoint    ] Safepoint "RevokeBias", Time since last: 3498750 ns, Reaching safepoint: 256666 ns, At safepoint: 240292 ns, Total: 496958 ns
[2022-09-04T14:42:22.536+0000][1][safepoint    ] Safepoint "RevokeBias", Time since last: 9129208 ns, Reaching safepoint: 457542 ns, At safepoint: 260917 ns, Total: 718459 ns
[2022-09-04T14:42:22.547+0000][1][safepoint    ] Safepoint "RevokeBias", Time since last: 10410958 ns, Reaching safepoint: 653167 ns, At safepoint: 291958 ns, Total: 945125 ns
[2022-09-04T14:42:22.984+0000][1][safepoint    ] Safepoint "RevokeBias", Time since last: 436420959 ns, Reaching safepoint: 558083 ns, At safepoint: 94417 ns, Total: 652500 ns
[2022-09-04T14:42:22.988+0000][1][safepoint    ] Safepoint "RevokeBias", Time since last: 3282916 ns, Reaching safepoint: 286834 ns, At safepoint: 84791 ns, Total: 371625 ns
[2022-09-04T14:42:22.990+0000][1][safepoint    ] Safepoint "RevokeBias", Time since last: 1867084 ns, Reaching safepoint: 358791 ns, At safepoint: 74750 ns, Total: 433541 ns
[2022-09-04T14:42:22.992+0000][1][safepoint    ] Safepoint "RevokeBias", Time since last: 2220125 ns, Reaching safepoint: 194375 ns, At safepoint: 60917 ns, Total: 255292 ns
[2022-09-04T14:42:22.994+0000][1][safepoint    ] Safepoint "RevokeBias", Time since last: 1576125 ns, Reaching safepoint: 94417 ns, At safepoint: 59708 ns, Total: 154125 ns
[2022-09-04T14:42:22.997+0000][1][safepoint    ] Safepoint "RevokeBias", Time since last: 2740542 ns, Reaching safepoint: 172541 ns, At safepoint: 62542 ns, Total: 235083 ns
[2022-09-04T14:42:22.998+0000][1][safepoint    ] Safepoint "RevokeBias", Time since last: 1056083 ns, Reaching safepoint: 88542 ns, At safepoint: 97000 ns, Total: 185542 ns
[2022-09-04T14:42:23.000+0000][1][safepoint    ] Safepoint "RevokeBias", Time since last: 1223125 ns, Reaching safepoint: 86750 ns, At safepoint: 125167 ns, Total: 211917 ns
[2022-09-04T14:42:23.001+0000][1][safepoint    ] Safepoint "RevokeBias", Time since last: 1234041 ns, Reaching safepoint: 105459 ns, At safepoint: 98916 ns, Total: 204375 ns
[2022-09-04T14:42:23.002+0000][1][safepoint    ] Safepoint "RevokeBias", Time since last: 1027500 ns, Reaching safepoint: 82167 ns, At safepoint: 54292 ns, Total: 136459 ns
[2022-09-04T14:42:23.004+0000][1][safepoint    ] Safepoint "RevokeBias", Time since last: 1005083 ns, Reaching safepoint: 89750 ns, At safepoint: 51000 ns, Total: 140750 ns
[2022-09-04T14:42:23.007+0000][1][safepoint    ] Safepoint "RevokeBias", Time since last: 3033083 ns, Reaching safepoint: 105334 ns, At safepoint: 171916 ns, Total: 277250 ns
[2022-09-04T14:42:24.012+0000][1][safepoint    ] Safepoint "Cleanup", Time since last: 1001304084 ns, Reaching safepoint: 3819958 ns, At safepoint: 156917 ns, Total: 3976875 ns
[2022-09-04T14:42:24.268+0000][1][safepoint    ] Safepoint "RevokeBias", Time since last: 255113167 ns, Reaching safepoint: 622917 ns, At safepoint: 254958 ns, Total: 877875 ns
[2022-09-04T14:42:24.301+0000][1][safepoint    ] Safepoint "RevokeBias", Time since last: 32367625 ns, Reaching safepoint: 208750 ns, At safepoint: 294542 ns, Total: 503292 ns
[2022-09-04T14:42:25.313+0000][1][safepoint    ] Safepoint "Cleanup", Time since last: 1009812292 ns, Reaching safepoint: 2133541 ns, At safepoint: 45167 ns, Total: 2178708 ns
[2022-09-04T14:42:25.525+0000][1][safepoint    ] Safepoint "RevokeBias", Time since last: 211094709 ns, Reaching safepoint: 768166 ns, At safepoint: 274584 ns, Total: 1042750 ns
[2022-09-04T14:42:25.530+0000][1][safepoint    ] Safepoint "RevokeBias", Time since last: 3729625 ns, Reaching safepoint: 478833 ns, At safepoint: 196583 ns, Total: 675416 ns
[2022-09-04T14:42:25.532+0000][1][safepoint    ] Safepoint "RevokeBias", Time since last: 1904334 ns, Reaching safepoint: 763625 ns, At safepoint: 125750 ns, Total: 889375 ns
[2022-09-04T14:42:25.803+0000][1][safepoint    ] Safepoint "RevokeBias", Time since last: 269754500 ns, Reaching safepoint: 588958 ns, At safepoint: 316458 ns, Total: 905416 ns
[2022-09-04T14:42:25.806+0000][1][safepoint    ] Safepoint "RevokeBias", Time since last: 2445709 ns, Reaching safepoint: 371625 ns, At safepoint: 234458 ns, Total: 606083 ns
[2022-09-04T14:42:25.809+0000][1][safepoint    ] Safepoint "RevokeBias", Time since last: 2077583 ns, Reaching safepoint: 269667 ns, At safepoint: 122792 ns, Total: 392459 ns
[2022-09-04T14:42:25.813+0000][1][safepoint    ] Safepoint "RevokeBias", Time since last: 3833750 ns, Reaching safepoint: 479041 ns, At safepoint: 240292 ns, Total: 719333 ns
[2022-09-04T14:42:25.818+0000][1][safepoint    ] Safepoint "RevokeBias", Time since last: 4184500 ns, Reaching safepoint: 330708 ns, At safepoint: 230500 ns, Total: 561208 ns
[2022-09-04T14:42:25.831+0000][1][safepoint    ] Safepoint "RevokeBias", Time since last: 12480000 ns, Reaching safepoint: 484042 ns, At safepoint: 256458 ns, Total: 740500 ns
[2022-09-04T14:42:25.834+0000][1][safepoint    ] Safepoint "RevokeBias", Time since last: 2037875 ns, Reaching safepoint: 371875 ns, At safepoint: 225750 ns, Total: 597625 ns
[2022-09-04T14:42:25.839+0000][1][safepoint    ] Safepoint "RevokeBias", Time since last: 4453750 ns, Reaching safepoint: 506334 ns, At safepoint: 307958 ns, Total: 814292 ns
[2022-09-04T14:42:25.842+0000][1][safepoint    ] Safepoint "RevokeBias", Time since last: 2244667 ns, Reaching safepoint: 422916 ns, At safepoint: 247709 ns, Total: 670625 ns
[2022-09-04T14:42:25.863+0000][1][safepoint    ] Safepoint "RevokeBias", Time since last: 20835500 ns, Reaching safepoint: 446958 ns, At safepoint: 218792 ns, Total: 665750 ns
[2022-09-04T14:42:25.866+0000][1][safepoint    ] Safepoint "RevokeBias", Time since last: 1971583 ns, Reaching safepoint: 344333 ns, At safepoint: 224292 ns, Total: 568625 ns
[2022-09-04T14:42:25.868+0000][1][safepoint    ] Safepoint "RevokeBias", Time since last: 1424417 ns, Reaching safepoint: 161125 ns, At safepoint: 173625 ns, Total: 334750 ns
[2022-09-04T14:42:25.869+0000][1][safepoint    ] Safepoint "RevokeBias", Time since last: 1153166 ns, Reaching safepoint: 109042 ns, At safepoint: 152083 ns, Total: 261125 ns
[2022-09-04T14:42:25.871+0000][1][safepoint    ] Safepoint "RevokeBias", Time since last: 1235917 ns, Reaching safepoint: 291458 ns, At safepoint: 203292 ns, Total: 494750 ns
[2022-09-04T14:42:25.872+0000][1][safepoint    ] Safepoint "RevokeBias", Time since last: 840000 ns, Reaching safepoint: 244333 ns, At safepoint: 139375 ns, Total: 383708 ns
[2022-09-04T14:42:25.873+0000][1][safepoint    ] Safepoint "RevokeBias", Time since last: 953459 ns, Reaching safepoint: 113500 ns, At safepoint: 143000 ns, Total: 256500 ns
[2022-09-04T14:42:25.875+0000][1][safepoint    ] Safepoint "RevokeBias", Time since last: 1039583 ns, Reaching safepoint: 101667 ns, At safepoint: 140375 ns, Total: 242042 ns
[2022-09-04T14:42:25.876+0000][1][safepoint    ] Safepoint "BulkRevokeBias", Time since last: 1097041 ns, Reaching safepoint: 104875 ns, At safepoint: 736875 ns, Total: 841750 ns
[2022-09-04T14:42:25.880+0000][1][safepoint    ] Safepoint "RevokeBias", Time since last: 3020875 ns, Reaching safepoint: 204584 ns, At safepoint: 215291 ns, Total: 419875 ns
[2022-09-04T14:42:25.882+0000][1][safepoint    ] Safepoint "RevokeBias", Time since last: 1488750 ns, Reaching safepoint: 208792 ns, At safepoint: 206167 ns, Total: 414959 ns
[2022-09-04T14:42:25.885+0000][1][safepoint    ] Safepoint "RevokeBias", Time since last: 2201125 ns, Reaching safepoint: 449708 ns, At safepoint: 145000 ns, Total: 594708 ns
[2022-09-04T14:42:25.886+0000][1][safepoint    ] Safepoint "RevokeBias", Time since last: 1036000 ns, Reaching safepoint: 540375 ns, At safepoint: 214042 ns, Total: 754417 ns
[2022-09-04T14:42:25.888+0000][1][safepoint    ] Safepoint "RevokeBias", Time since last: 1541958 ns, Reaching safepoint: 361375 ns, At safepoint: 196833 ns, Total: 558208 ns
[2022-09-04T14:42:25.894+0000][1][safepoint    ] Safepoint "RevokeBias", Time since last: 4828917 ns, Reaching safepoint: 604083 ns, At safepoint: 225167 ns, Total: 829250 ns
[2022-09-04T14:42:25.901+0000][1][safepoint    ] Safepoint "RevokeBias", Time since last: 4322625 ns, Reaching safepoint: 2386000 ns, At safepoint: 227792 ns, Total: 2613792 ns
[2022-09-04T14:42:25.905+0000][1][safepoint    ] Safepoint "RevokeBias", Time since last: 2390250 ns, Reaching safepoint: 1167083 ns, At safepoint: 213458 ns, Total: 1380541 ns
[2022-09-04T14:42:25.910+0000][1][safepoint    ] Safepoint "RevokeBias", Time since last: 2377375 ns, Reaching safepoint: 3025042 ns, At safepoint: 224250 ns, Total: 3249292 ns
[2022-09-04T14:42:25.915+0000][1][safepoint    ] Safepoint "RevokeBias", Time since last: 3411750 ns, Reaching safepoint: 413208 ns, At safepoint: 252292 ns, Total: 665500 ns
[2022-09-04T14:42:25.918+0000][1][safepoint    ] Safepoint "RevokeBias", Time since last: 2273375 ns, Reaching safepoint: 574708 ns, At safepoint: 222917 ns, Total: 797625 ns
[2022-09-04T14:42:25.920+0000][1][safepoint    ] Safepoint "RevokeBias", Time since last: 1316375 ns, Reaching safepoint: 349417 ns, At safepoint: 228333 ns, Total: 577750 ns
[2022-09-04T14:42:25.929+0000][1][safepoint    ] Safepoint "RevokeBias", Time since last: 9011042 ns, Reaching safepoint: 543041 ns, At safepoint: 233125 ns, Total: 776166 ns
[2022-09-04T14:42:25.938+0000][1][safepoint    ] Safepoint "RevokeBias", Time since last: 8037417 ns, Reaching safepoint: 336792 ns, At safepoint: 250333 ns, Total: 587125 ns
[2022-09-04T14:42:25.945+0000][1][safepoint    ] Safepoint "RevokeBias", Time since last: 6369167 ns, Reaching safepoint: 315250 ns, At safepoint: 242208 ns, Total: 557458 ns
[2022-09-04T14:42:25.989+0000][1][safepoint    ] Safepoint "RevokeBias", Time since last: 43187250 ns, Reaching safepoint: 598667 ns, At safepoint: 245666 ns, Total: 844333 ns
[2022-09-04T14:42:26.007+0000][1][safepoint    ] Safepoint "RevokeBias", Time since last: 17138500 ns, Reaching safepoint: 730792 ns, At safepoint: 215542 ns, Total: 946334 ns
[2022-09-04T14:42:26.024+0000][1][safepoint    ] Safepoint "RevokeBias", Time since last: 16243833 ns, Reaching safepoint: 458833 ns, At safepoint: 243459 ns, Total: 702292 ns
[2022-09-04T14:42:26.121+0000][1][safepoint    ] Safepoint "RevokeBias", Time since last: 81464250 ns, Reaching safepoint: 10904041 ns, At safepoint: 2658125 ns, Total: 13562166 ns
[2022-09-04T14:42:26.147+0000][1][safepoint    ] Safepoint "RevokeBias", Time since last: 15150084 ns, Reaching safepoint: 12324000 ns, At safepoint: 202708 ns, Total: 12526708 ns
[2022-09-04T14:42:26.219+0000][1][safepoint    ] Safepoint "RevokeBias", Time since last: 71540834 ns, Reaching safepoint: 998458 ns, At safepoint: 302667 ns, Total: 1301125 ns
[2022-09-04T14:42:26.229+0000][1][safepoint    ] Safepoint "BulkRevokeBias", Time since last: 7309666 ns, Reaching safepoint: 758625 ns, At safepoint: 1154042 ns, Total: 1912667 ns
[2022-09-04T14:42:26.375+0000][1][safepoint    ] Safepoint "RevokeBias", Time since last: 142195833 ns, Reaching safepoint: 4285584 ns, At safepoint: 246041 ns, Total: 4531625 ns
[2022-09-04T14:42:26.603+0000][1][safepoint    ] Safepoint "RevokeBias", Time since last: 225488542 ns, Reaching safepoint: 2156792 ns, At safepoint: 207291 ns, Total: 2364083 ns
[2022-09-04T14:42:26.612+0000][1][safepoint    ] Safepoint "RevokeBias", Time since last: 6102375 ns, Reaching safepoint: 2751834 ns, At safepoint: 132916 ns, Total: 2884750 ns
[2022-09-04T14:42:26.659+0000][1][safepoint    ] Safepoint "RevokeBias", Time since last: 35878834 ns, Reaching safepoint: 10377875 ns, At safepoint: 293916 ns, Total: 10671791 ns
[2022-09-04T14:42:26.966+0000][1][safepoint    ] Safepoint "RevokeBias", Time since last: 306362126 ns, Reaching safepoint: 985791 ns, At safepoint: 175042 ns, Total: 1160833 ns
[2022-09-04T14:42:27.582+0000][1][safepoint    ] Safepoint "BulkRevokeBias", Time since last: 615209875 ns, Reaching safepoint: 548334 ns, At safepoint: 404958 ns, Total: 953292 ns
[2022-09-04T14:42:28.587+0000][1][safepoint    ] Safepoint "Cleanup", Time since last: 1002553792 ns, Reaching safepoint: 1815708 ns, At safepoint: 37417 ns, Total: 1853125 ns
[2022-09-04T14:42:29.590+0000][1][safepoint    ] Safepoint "Cleanup", Time since last: 1002141625 ns, Reaching safepoint: 580542 ns, At safepoint: 29375 ns, Total: 609917 ns
[2022-09-04T14:42:30.046+0000][1][gc,start     ] GC(13) Pause Young (Allocation Failure)
[2022-09-04T14:42:30.053+0000][1][gc,task      ] GC(13) Using 4 workers of 4 for evacuation
[2022-09-04T14:42:30.206+0000][1][gc,age       ] GC(13) Desired survivor size 8945664 bytes, new threshold 6 (max threshold 6)
[2022-09-04T14:42:30.207+0000][1][gc,age       ] GC(13) Age table with threshold 6 (max threshold 6)
[2022-09-04T14:42:30.208+0000][1][gc,age       ] GC(13) - age   1:    3925304 bytes,    3925304 total
[2022-09-04T14:42:30.210+0000][1][gc,age       ] GC(13) - age   2:    4302280 bytes,    8227584 total
[2022-09-04T14:42:30.213+0000][1][gc,heap      ] GC(13) ParNew: 154810K->10730K(157248K)
[2022-09-04T14:42:30.214+0000][1][gc,heap      ] GC(13) CMS: 40397K->48168K(349568K)
[2022-09-04T14:42:30.216+0000][1][gc,metaspace ] GC(13) Metaspace: 55868K->55868K(1099776K)
[2022-09-04T14:42:30.218+0000][1][gc           ] GC(13) Pause Young (Allocation Failure) 190M->57M(494M) 172.250ms
[2022-09-04T14:42:30.219+0000][1][gc,cpu       ] GC(13) User=0.48s Sys=0.04s Real=0.17s
[2022-09-04T14:42:30.221+0000][1][safepoint    ] Safepoint "GenCollectForAllocation", Time since last: 453068917 ns, Reaching safepoint: 1722125 ns, At safepoint: 176253208 ns, Total: 177975333 ns
[2022-09-04T14:42:31.224+0000][1][safepoint    ] Safepoint "Cleanup", Time since last: 1002366125 ns, Reaching safepoint: 1586875 ns, At safepoint: 36875 ns, Total: 1623750 ns
[2022-09-04T14:42:32.192+0000][1][safepoint    ] Safepoint "RevokeBias", Time since last: 964276501 ns, Reaching safepoint: 2959000 ns, At safepoint: 481333 ns, Total: 3440333 ns
[2022-09-04T14:42:32.195+0000][1][safepoint    ] Safepoint "RevokeBias", Time since last: 2857625 ns, Reaching safepoint: 216083 ns, At safepoint: 205625 ns, Total: 421708 ns
[2022-09-04T14:42:32.199+0000][1][safepoint    ] Safepoint "RevokeBias", Time since last: 3689959 ns, Reaching safepoint: 213833 ns, At safepoint: 243292 ns, Total: 457125 ns
[2022-09-04T14:42:32.225+0000][1][safepoint    ] Safepoint "RevokeBias", Time since last: 25134583 ns, Reaching safepoint: 142000 ns, At safepoint: 167083 ns, Total: 309083 ns
[2022-09-04T14:42:33.228+0000][1][safepoint    ] Safepoint "Cleanup", Time since last: 1001905626 ns, Reaching safepoint: 815208 ns, At safepoint: 35834 ns, Total: 851042 ns
[2022-09-04T14:42:33.402+0000][1][safepoint    ] Safepoint "Deoptimize", Time since last: 172156125 ns, Reaching safepoint: 342916 ns, At safepoint: 2028292 ns, Total: 2371208 ns
[2022-09-04T14:42:34.405+0000][1][safepoint    ] Safepoint "Cleanup", Time since last: 1002232959 ns, Reaching safepoint: 673166 ns, At safepoint: 33917 ns, Total: 707083 ns
[2022-09-04T14:42:34.682+0000][1][safepoint    ] Safepoint "RevokeBias", Time since last: 276408334 ns, Reaching safepoint: 739875 ns, At safepoint: 268083 ns, Total: 1007958 ns
[2022-09-04T14:42:34.686+0000][1][safepoint    ] Safepoint "RevokeBias", Time since last: 2677542 ns, Reaching safepoint: 587833 ns, At safepoint: 205167 ns, Total: 793000 ns
[2022-09-04T14:42:34.688+0000][1][safepoint    ] Safepoint "RevokeBias", Time since last: 1275166 ns, Reaching safepoint: 914084 ns, At safepoint: 330791 ns, Total: 1244875 ns
[2022-09-04T14:42:34.695+0000][1][safepoint    ] Safepoint "RevokeBias", Time since last: 5768667 ns, Reaching safepoint: 529208 ns, At safepoint: 288250 ns, Total: 817458 ns
[2022-09-04T14:42:34.873+0000][1][safepoint    ] Safepoint "RevokeBias", Time since last: 177841625 ns, Reaching safepoint: 438709 ns, At safepoint: 105416 ns, Total: 544125 ns
[2022-09-04T14:42:34.881+0000][1][safepoint    ] Safepoint "RevokeBias", Time since last: 7085584 ns, Reaching safepoint: 627666 ns, At safepoint: 270875 ns, Total: 898541 ns
[2022-09-04T14:42:35.268+0000][1][safepoint    ] Safepoint "RevokeBias", Time since last: 386440959 ns, Reaching safepoint: 565208 ns, At safepoint: 68292 ns, Total: 633500 ns
[2022-09-04T14:42:36.271+0000][1][safepoint    ] Safepoint "Cleanup", Time since last: 1001643125 ns, Reaching safepoint: 691750 ns, At safepoint: 24125 ns, Total: 715875 ns
[2022-09-04T14:42:36.526+0000][1][safepoint    ] Safepoint "RevokeBias", Time since last: 254005667 ns, Reaching safepoint: 356292 ns, At safepoint: 445416 ns, Total: 801708 ns
[2022-09-04T14:42:36.606+0000][1][safepoint    ] Safepoint "Deoptimize", Time since last: 77976751 ns, Reaching safepoint: 350958 ns, At safepoint: 1624583 ns, Total: 1975541 ns
[2022-09-04T14:42:36.862+0000][1][safepoint    ] Safepoint "CollectForMetadataAllocation", Time since last: 255307000 ns, Reaching safepoint: 741417 ns, At safepoint: 514958 ns, Total: 1256375 ns
[2022-09-04T14:42:37.065+0000][1][safepoint    ] Safepoint "RevokeBias", Time since last: 201806000 ns, Reaching safepoint: 568125 ns, At safepoint: 196084 ns, Total: 764209 ns
[2022-09-04T14:42:37.071+0000][1][safepoint    ] Safepoint "RevokeBias", Time since last: 6068291 ns, Reaching safepoint: 155250 ns, At safepoint: 169750 ns, Total: 325000 ns
[2022-09-04T14:42:37.077+0000][1][safepoint    ] Safepoint "RevokeBias", Time since last: 5614084 ns, Reaching safepoint: 257708 ns, At safepoint: 152083 ns, Total: 409791 ns
[2022-09-04T14:42:37.080+0000][1][safepoint    ] Safepoint "RevokeBias", Time since last: 2067542 ns, Reaching safepoint: 255875 ns, At safepoint: 183833 ns, Total: 439708 ns
[2022-09-04T14:42:37.083+0000][1][safepoint    ] Safepoint "RevokeBias", Time since last: 2898959 ns, Reaching safepoint: 127125 ns, At safepoint: 196416 ns, Total: 323541 ns
[2022-09-04T14:42:37.090+0000][1][safepoint    ] Safepoint "RevokeBias", Time since last: 6717500 ns, Reaching safepoint: 318292 ns, At safepoint: 136208 ns, Total: 454500 ns
[2022-09-04T14:42:37.092+0000][1][safepoint    ] Safepoint "RevokeBias", Time since last: 1847209 ns, Reaching safepoint: 341333 ns, At safepoint: 234167 ns, Total: 575500 ns
[2022-09-04T14:42:37.095+0000][1][safepoint    ] Safepoint "RevokeBias", Time since last: 2208791 ns, Reaching safepoint: 227167 ns, At safepoint: 135083 ns, Total: 362250 ns
[2022-09-04T14:42:37.099+0000][1][safepoint    ] Safepoint "RevokeBias", Time since last: 3494459 ns, Reaching safepoint: 101000 ns, At safepoint: 133583 ns, Total: 234583 ns
[2022-09-04T14:42:37.102+0000][1][safepoint    ] Safepoint "RevokeBias", Time since last: 2843917 ns, Reaching safepoint: 319125 ns, At safepoint: 143125 ns, Total: 462250 ns
[2022-09-04T14:42:37.104+0000][1][safepoint    ] Safepoint "RevokeBias", Time since last: 1506791 ns, Reaching safepoint: 295209 ns, At safepoint: 143708 ns, Total: 438917 ns
[2022-09-04T14:42:37.112+0000][1][safepoint    ] Safepoint "RevokeBias", Time since last: 8024250 ns, Reaching safepoint: 206000 ns, At safepoint: 230208 ns, Total: 436208 ns
[2022-09-04T14:42:37.115+0000][1][safepoint    ] Safepoint "RevokeBias", Time since last: 1569292 ns, Reaching safepoint: 463333 ns, At safepoint: 135667 ns, Total: 599000 ns
[2022-09-04T14:42:37.123+0000][1][safepoint    ] Safepoint "RevokeBias", Time since last: 7942167 ns, Reaching safepoint: 401083 ns, At safepoint: 142500 ns, Total: 543583 ns
[2022-09-04T14:42:37.127+0000][1][safepoint    ] Safepoint "RevokeBias", Time since last: 3370958 ns, Reaching safepoint: 365750 ns, At safepoint: 203084 ns, Total: 568834 ns
[2022-09-04T14:42:37.154+0000][1][safepoint    ] Safepoint "RevokeBias", Time since last: 25141041 ns, Reaching safepoint: 479875 ns, At safepoint: 1809667 ns, Total: 2289542 ns
[2022-09-04T14:42:37.161+0000][1][safepoint    ] Safepoint "RevokeBias", Time since last: 6016708 ns, Reaching safepoint: 539042 ns, At safepoint: 188250 ns, Total: 727292 ns
[2022-09-04T14:42:37.213+0000][1][safepoint    ] Safepoint "RevokeBias", Time since last: 51149833 ns, Reaching safepoint: 722042 ns, At safepoint: 256250 ns, Total: 978292 ns
[2022-09-04T14:42:37.216+0000][1][safepoint    ] Safepoint "RevokeBias", Time since last: 2580667 ns, Reaching safepoint: 166666 ns, At safepoint: 255834 ns, Total: 422500 ns
[2022-09-04T14:42:37.219+0000][1][safepoint    ] Safepoint "RevokeBias", Time since last: 2577791 ns, Reaching safepoint: 243084 ns, At safepoint: 277250 ns, Total: 520334 ns
[2022-09-04T14:42:37.223+0000][1][safepoint    ] Safepoint "RevokeBias", Time since last: 2846333 ns, Reaching safepoint: 561750 ns, At safepoint: 132083 ns, Total: 693833 ns
[2022-09-04T14:42:37.225+0000][1][safepoint    ] Safepoint "RevokeBias", Time since last: 1105959 ns, Reaching safepoint: 696583 ns, At safepoint: 141333 ns, Total: 837916 ns
[2022-09-04T14:42:37.226+0000][1][safepoint    ] Safepoint "RevokeBias", Time since last: 1031000 ns, Reaching safepoint: 87542 ns, At safepoint: 100417 ns, Total: 187959 ns
[2022-09-04T14:42:37.228+0000][1][safepoint    ] Safepoint "RevokeBias", Time since last: 1647583 ns, Reaching safepoint: 223208 ns, At safepoint: 103875 ns, Total: 327083 ns
[2022-09-04T14:42:37.230+0000][1][safepoint    ] Safepoint "RevokeBias", Time since last: 847709 ns, Reaching safepoint: 424500 ns, At safepoint: 200041 ns, Total: 624541 ns
[2022-09-04T14:42:37.285+0000][1][safepoint    ] Safepoint "CollectForMetadataAllocation", Time since last: 54865459 ns, Reaching safepoint: 322250 ns, At safepoint: 320375 ns, Total: 642625 ns
[2022-09-04T14:42:37.726+0000][1][safepoint    ] Safepoint "CollectForMetadataAllocation", Time since last: 439886625 ns, Reaching safepoint: 717833 ns, At safepoint: 268750 ns, Total: 986583 ns
[2022-09-04T14:42:37.854+0000][1][safepoint    ] Safepoint "CollectForMetadataAllocation", Time since last: 127055584 ns, Reaching safepoint: 350708 ns, At safepoint: 163250 ns, Total: 513958 ns
[2022-09-04T14:42:37.973+0000][1][safepoint    ] Safepoint "CollectForMetadataAllocation", Time since last: 118812458 ns, Reaching safepoint: 117209 ns, At safepoint: 174250 ns, Total: 291459 ns
[2022-09-04T14:42:38.206+0000][1][safepoint    ] Safepoint "CollectForMetadataAllocation", Time since last: 232703042 ns, Reaching safepoint: 590666 ns, At safepoint: 256834 ns, Total: 847500 ns
[2022-09-04T14:42:38.224+0000][1][gc,start     ] GC(14) Pause Initial Mark
[2022-09-04T14:42:38.382+0000][1][gc           ] GC(14) Pause Initial Mark 182M->182M(494M) 158.893ms
[2022-09-04T14:42:38.384+0000][1][gc,cpu       ] GC(14) User=0.60s Sys=0.00s Real=0.16s
[2022-09-04T14:42:38.402+0000][1][safepoint    ] Safepoint "CMS_Initial_Mark", Time since last: 16509750 ns, Reaching safepoint: 344791 ns, At safepoint: 179172417 ns, Total: 179517208 ns
[2022-09-04T14:42:38.404+0000][1][gc           ] GC(14) Concurrent Mark
[2022-09-04T14:42:38.486+0000][1][safepoint    ] Safepoint "Deoptimize", Time since last: 81614792 ns, Reaching safepoint: 321958 ns, At safepoint: 1537625 ns, Total: 1859583 ns
[2022-09-04T14:42:38.755+0000][1][safepoint    ] Safepoint "CollectForMetadataAllocation", Time since last: 267922584 ns, Reaching safepoint: 460916 ns, At safepoint: 744750 ns, Total: 1205666 ns
[2022-09-04T14:42:38.777+0000][1][gc           ] GC(14) Concurrent Mark 372.335ms
[2022-09-04T14:42:38.779+0000][1][gc,cpu       ] GC(14) User=1.33s Sys=0.01s Real=0.37s
[2022-09-04T14:42:38.781+0000][1][gc           ] GC(14) Concurrent Preclean
[2022-09-04T14:42:38.822+0000][1][gc           ] GC(14) Concurrent Preclean 41.166ms
[2022-09-04T14:42:38.824+0000][1][gc,cpu       ] GC(14) User=0.14s Sys=0.01s Real=0.04s
[2022-09-04T14:42:38.826+0000][1][gc           ] GC(14) Concurrent Abortable Preclean
[2022-09-04T14:42:39.759+0000][1][safepoint    ] Safepoint "RevokeBias", Time since last: 1002257292 ns, Reaching safepoint: 1275750 ns, At safepoint: 250959 ns, Total: 1526709 ns
[2022-09-04T14:42:39.770+0000][1][safepoint    ] Safepoint "CollectForMetadataAllocation", Time since last: 10027833 ns, Reaching safepoint: 1352750 ns, At safepoint: 310583 ns, Total: 1663333 ns
[2022-09-04T14:42:39.780+0000][1][safepoint    ] Safepoint "RevokeBias", Time since last: 9531375 ns, Reaching safepoint: 481625 ns, At safepoint: 90542 ns, Total: 572167 ns
[2022-09-04T14:42:39.784+0000][1][safepoint    ] Safepoint "RevokeBias", Time since last: 3199042 ns, Reaching safepoint: 760041 ns, At safepoint: 114792 ns, Total: 874833 ns
[2022-09-04T14:42:39.797+0000][1][safepoint    ] Safepoint "RevokeBias", Time since last: 7357125 ns, Reaching safepoint: 4832042 ns, At safepoint: 121500 ns, Total: 4953542 ns
[2022-09-04T14:42:39.801+0000][1][safepoint    ] Safepoint "RevokeBias", Time since last: 3421458 ns, Reaching safepoint: 730875 ns, At safepoint: 165917 ns, Total: 896792 ns
[2022-09-04T14:42:39.808+0000][1][safepoint    ] Safepoint "RevokeBias", Time since last: 6319083 ns, Reaching safepoint: 480208 ns, At safepoint: 159334 ns, Total: 639542 ns
[2022-09-04T14:42:39.815+0000][1][safepoint    ] Safepoint "RevokeBias", Time since last: 5889166 ns, Reaching safepoint: 1080209 ns, At safepoint: 121958 ns, Total: 1202167 ns
[2022-09-04T14:42:39.819+0000][1][safepoint    ] Safepoint "RevokeBias", Time since last: 3377000 ns, Reaching safepoint: 416708 ns, At safepoint: 72375 ns, Total: 489083 ns
[2022-09-04T14:42:39.821+0000][1][safepoint    ] Safepoint "RevokeBias", Time since last: 1552959 ns, Reaching safepoint: 540166 ns, At safepoint: 91292 ns, Total: 631458 ns
[2022-09-04T14:42:39.833+0000][1][safepoint    ] Safepoint "RevokeBias", Time since last: 10641667 ns, Reaching safepoint: 523583 ns, At safepoint: 105208 ns, Total: 628791 ns
[2022-09-04T14:42:39.838+0000][1][safepoint    ] Safepoint "RevokeBias", Time since last: 4718500 ns, Reaching safepoint: 265459 ns, At safepoint: 88333 ns, Total: 353792 ns
[2022-09-04T14:42:39.843+0000][1][safepoint    ] Safepoint "RevokeBias", Time since last: 4894250 ns, Reaching safepoint: 328708 ns, At safepoint: 116209 ns, Total: 444917 ns
[2022-09-04T14:42:39.852+0000][1][safepoint    ] Safepoint "RevokeBias", Time since last: 8728125 ns, Reaching safepoint: 266333 ns, At safepoint: 104250 ns, Total: 370583 ns
[2022-09-04T14:42:39.855+0000][1][safepoint    ] Safepoint "RevokeBias", Time since last: 2191000 ns, Reaching safepoint: 278083 ns, At safepoint: 93125 ns, Total: 371208 ns
[2022-09-04T14:42:39.858+0000][1][safepoint    ] Safepoint "RevokeBias", Time since last: 2819917 ns, Reaching safepoint: 294417 ns, At safepoint: 100166 ns, Total: 394583 ns
[2022-09-04T14:42:39.863+0000][1][safepoint    ] Safepoint "RevokeBias", Time since last: 4690292 ns, Reaching safepoint: 307208 ns, At safepoint: 150667 ns, Total: 457875 ns
[2022-09-04T14:42:39.866+0000][1][safepoint    ] Safepoint "RevokeBias", Time since last: 2698750 ns, Reaching safepoint: 380833 ns, At safepoint: 134792 ns, Total: 515625 ns
[2022-09-04T14:42:39.868+0000][1][safepoint    ] Safepoint "RevokeBias", Time since last: 1745792 ns, Reaching safepoint: 291125 ns, At safepoint: 121750 ns, Total: 412875 ns
[2022-09-04T14:42:39.873+0000][1][safepoint    ] Safepoint "RevokeBias", Time since last: 3932750 ns, Reaching safepoint: 395416 ns, At safepoint: 112125 ns, Total: 507541 ns
[2022-09-04T14:42:39.877+0000][1][safepoint    ] Safepoint "RevokeBias", Time since last: 3413584 ns, Reaching safepoint: 364833 ns, At safepoint: 100125 ns, Total: 464958 ns
[2022-09-04T14:42:39.881+0000][1][safepoint    ] Safepoint "RevokeBias", Time since last: 3575500 ns, Reaching safepoint: 457708 ns, At safepoint: 105917 ns, Total: 563625 ns
[2022-09-04T14:42:39.883+0000][1][safepoint    ] Safepoint "RevokeBias", Time since last: 2125542 ns, Reaching safepoint: 312250 ns, At safepoint: 139458 ns, Total: 451708 ns
[2022-09-04T14:42:39.891+0000][1][safepoint    ] Safepoint "RevokeBias", Time since last: 7458250 ns, Reaching safepoint: 233875 ns, At safepoint: 95125 ns, Total: 329000 ns
[2022-09-04T14:42:39.917+0000][1][safepoint    ] Safepoint "RevokeBias", Time since last: 25423292 ns, Reaching safepoint: 345166 ns, At safepoint: 96209 ns, Total: 441375 ns
[2022-09-04T14:42:39.923+0000][1][safepoint    ] Safepoint "BulkRevokeBias", Time since last: 5166875 ns, Reaching safepoint: 326500 ns, At safepoint: 624208 ns, Total: 950708 ns
[2022-09-04T14:42:39.931+0000][1][safepoint    ] Safepoint "RevokeBias", Time since last: 7219208 ns, Reaching safepoint: 665917 ns, At safepoint: 161750 ns, Total: 827667 ns
[2022-09-04T14:42:39.938+0000][1][safepoint    ] Safepoint "RevokeBias", Time since last: 5624458 ns, Reaching safepoint: 623292 ns, At safepoint: 108792 ns, Total: 732084 ns
[2022-09-04T14:42:40.276+0000][1][safepoint    ] Safepoint "RevokeBias", Time since last: 337096000 ns, Reaching safepoint: 1021375 ns, At safepoint: 285583 ns, Total: 1306958 ns
[2022-09-04T14:42:40.298+0000][1][safepoint    ] Safepoint "RevokeBias", Time since last: 20832667 ns, Reaching safepoint: 1150333 ns, At safepoint: 503334 ns, Total: 1653667 ns
[2022-09-04T14:42:40.407+0000][1][safepoint    ] Safepoint "RevokeBias", Time since last: 107818583 ns, Reaching safepoint: 890083 ns, At safepoint: 343084 ns, Total: 1233167 ns
[2022-09-04T14:42:40.433+0000][1][safepoint    ] Safepoint "RevokeBias", Time since last: 21534541 ns, Reaching safepoint: 3210584 ns, At safepoint: 507666 ns, Total: 3718250 ns
[2022-09-04T14:42:40.454+0000][1][safepoint    ] Safepoint "RevokeBias", Time since last: 19990042 ns, Reaching safepoint: 1250000 ns, At safepoint: 264167 ns, Total: 1514167 ns
[2022-09-04T14:42:40.518+0000][1][safepoint    ] Safepoint "RevokeBias", Time since last: 61950708 ns, Reaching safepoint: 1250958 ns, At safepoint: 123084 ns, Total: 1374042 ns
[2022-09-04T14:42:40.537+0000][1][safepoint    ] Safepoint "RevokeBias", Time since last: 18195125 ns, Reaching safepoint: 884250 ns, At safepoint: 91791 ns, Total: 976041 ns
[2022-09-04T14:42:40.571+0000][1][safepoint    ] Safepoint "RevokeBias", Time since last: 34085000 ns, Reaching safepoint: 434459 ns, At safepoint: 265458 ns, Total: 699917 ns
[2022-09-04T14:42:40.575+0000][1][safepoint    ] Safepoint "RevokeBias", Time since last: 3176458 ns, Reaching safepoint: 247959 ns, At safepoint: 108750 ns, Total: 356709 ns
[2022-09-04T14:42:40.580+0000][1][safepoint    ] Safepoint "RevokeBias", Time since last: 3867750 ns, Reaching safepoint: 739250 ns, At safepoint: 120208 ns, Total: 859458 ns
[2022-09-04T14:42:40.692+0000][1][gc,start     ] GC(15) Pause Young (Allocation Failure)
[2022-09-04T14:42:40.694+0000][1][gc,task      ] GC(15) Using 4 workers of 4 for evacuation
[2022-09-04T14:42:40.790+0000][1][gc,age       ] GC(15) Desired survivor size 8945664 bytes, new threshold 2 (max threshold 6)
[2022-09-04T14:42:40.792+0000][1][gc,age       ] GC(15) Age table with threshold 2 (max threshold 6)
[2022-09-04T14:42:40.793+0000][1][gc,age       ] GC(15) - age   1:    5706200 bytes,    5706200 total
[2022-09-04T14:42:40.795+0000][1][gc,age       ] GC(15) - age   2:    3781304 bytes,    9487504 total
[2022-09-04T14:42:40.796+0000][1][gc,age       ] GC(15) - age   3:    4246560 bytes,   13734064 total
[2022-09-04T14:42:40.797+0000][1][gc,heap      ] GC(15) ParNew: 150506K->17417K(157248K)
[2022-09-04T14:42:40.798+0000][1][gc,heap      ] GC(15) CMS: 48168K->48168K(349568K)
[2022-09-04T14:42:40.800+0000][1][gc,metaspace ] GC(15) Metaspace: 70064K->70064K(1114112K)
[2022-09-04T14:42:40.802+0000][1][gc           ] GC(15) Pause Young (Allocation Failure) 194M->64M(494M) 109.622ms
[2022-09-04T14:42:40.803+0000][1][gc,cpu       ] GC(15) User=0.32s Sys=0.01s Real=0.11s
[2022-09-04T14:42:40.805+0000][1][safepoint    ] Safepoint "GenCollectForAllocation", Time since last: 111537208 ns, Reaching safepoint: 806375 ns, At safepoint: 112570042 ns, Total: 113376417 ns
[2022-09-04T14:42:40.827+0000][1][safepoint    ] Safepoint "RevokeBias", Time since last: 15318334 ns, Reaching safepoint: 7065833 ns, At safepoint: 143708 ns, Total: 7209541 ns
[2022-09-04T14:42:40.853+0000][1][safepoint    ] Safepoint "RevokeBias", Time since last: 24599500 ns, Reaching safepoint: 800792 ns, At safepoint: 81500 ns, Total: 882292 ns
[2022-09-04T14:42:40.856+0000][1][safepoint    ] Safepoint "RevokeBias", Time since last: 2832167 ns, Reaching safepoint: 212791 ns, At safepoint: 70042 ns, Total: 282833 ns
[2022-09-04T14:42:40.910+0000][1][safepoint    ] Safepoint "RevokeBias", Time since last: 53136625 ns, Reaching safepoint: 524917 ns, At safepoint: 112500 ns, Total: 637417 ns
[2022-09-04T14:42:40.932+0000][1][safepoint    ] Safepoint "RevokeBias", Time since last: 21537166 ns, Reaching safepoint: 439209 ns, At safepoint: 104250 ns, Total: 543459 ns
[2022-09-04T14:42:40.950+0000][1][safepoint    ] Safepoint "CollectForMetadataAllocation", Time since last: 17876416 ns, Reaching safepoint: 413625 ns, At safepoint: 187334 ns, Total: 600959 ns
[2022-09-04T14:42:40.991+0000][1][safepoint    ] Safepoint "RevokeBias", Time since last: 40522583 ns, Reaching safepoint: 218583 ns, At safepoint: 105917 ns, Total: 324500 ns
[2022-09-04T14:42:40.995+0000][1][safepoint    ] Safepoint "RevokeBias", Time since last: 3536708 ns, Reaching safepoint: 197250 ns, At safepoint: 94459 ns, Total: 291709 ns
[2022-09-04T14:42:41.061+0000][1][safepoint    ] Safepoint "RevokeBias", Time since last: 65812291 ns, Reaching safepoint: 553834 ns, At safepoint: 218583 ns, Total: 772417 ns
[2022-09-04T14:42:41.064+0000][1][safepoint    ] Safepoint "RevokeBias", Time since last: 2513458 ns, Reaching safepoint: 477250 ns, At safepoint: 108834 ns, Total: 586084 ns
[2022-09-04T14:42:41.116+0000][1][safepoint    ] Safepoint "RevokeBias", Time since last: 51570541 ns, Reaching safepoint: 324959 ns, At safepoint: 114833 ns, Total: 439792 ns
[2022-09-04T14:42:41.193+0000][1][safepoint    ] Safepoint "RevokeBias", Time since last: 75249792 ns, Reaching safepoint: 839000 ns, At safepoint: 119875 ns, Total: 958875 ns
[2022-09-04T14:42:41.214+0000][1][safepoint    ] Safepoint "BulkRevokeBias", Time since last: 20096125 ns, Reaching safepoint: 345000 ns, At safepoint: 844500 ns, Total: 1189500 ns
[2022-09-04T14:42:41.339+0000][1][safepoint    ] Safepoint "CollectForMetadataAllocation", Time since last: 124008708 ns, Reaching safepoint: 700292 ns, At safepoint: 204291 ns, Total: 904583 ns
[2022-09-04T14:42:41.887+0000][1][safepoint    ] Safepoint "CollectForMetadataAllocation", Time since last: 547228417 ns, Reaching safepoint: 856250 ns, At safepoint: 231000 ns, Total: 1087250 ns
[2022-09-04T14:42:41.961+0000][1][safepoint    ] Safepoint "RevokeBias", Time since last: 72834792 ns, Reaching safepoint: 823417 ns, At safepoint: 124291 ns, Total: 947708 ns
[2022-09-04T14:42:41.965+0000][1][safepoint    ] Safepoint "RevokeBias", Time since last: 3832334 ns, Reaching safepoint: 387250 ns, At safepoint: 194666 ns, Total: 581916 ns
[2022-09-04T14:42:41.969+0000][1][safepoint    ] Safepoint "RevokeBias", Time since last: 3119959 ns, Reaching safepoint: 296083 ns, At safepoint: 106000 ns, Total: 402083 ns
[2022-09-04T14:42:41.996+0000][1][safepoint    ] Safepoint "RevokeBias", Time since last: 26036875 ns, Reaching safepoint: 407250 ns, At safepoint: 118500 ns, Total: 525750 ns
[2022-09-04T14:42:42.001+0000][1][safepoint    ] Safepoint "RevokeBias", Time since last: 4627125 ns, Reaching safepoint: 404875 ns, At safepoint: 115833 ns, Total: 520708 ns
[2022-09-04T14:42:42.003+0000][1][safepoint    ] Safepoint "RevokeBias", Time since last: 1448125 ns, Reaching safepoint: 467250 ns, At safepoint: 106584 ns, Total: 573834 ns
[2022-09-04T14:42:42.201+0000][1][safepoint    ] Safepoint "RevokeBias", Time since last: 197040708 ns, Reaching safepoint: 765625 ns, At safepoint: 163042 ns, Total: 928667 ns
[2022-09-04T14:42:42.219+0000][1][safepoint    ] Safepoint "RevokeBias", Time since last: 16454458 ns, Reaching safepoint: 1114250 ns, At safepoint: 343334 ns, Total: 1457584 ns
[2022-09-04T14:42:42.230+0000][1][safepoint    ] Safepoint "RevokeBias", Time since last: 2659416 ns, Reaching safepoint: 8979000 ns, At safepoint: 220834 ns, Total: 9199834 ns
[2022-09-04T14:42:42.235+0000][1][safepoint    ] Safepoint "RevokeBias", Time since last: 3603791 ns, Reaching safepoint: 678209 ns, At safepoint: 133208 ns, Total: 811417 ns
[2022-09-04T14:42:42.244+0000][1][safepoint    ] Safepoint "RevokeBias", Time since last: 1417292 ns, Reaching safepoint: 7145666 ns, At safepoint: 221084 ns, Total: 7366750 ns
[2022-09-04T14:42:42.251+0000][1][safepoint    ] Safepoint "RevokeBias", Time since last: 2084458 ns, Reaching safepoint: 4847542 ns, At safepoint: 153791 ns, Total: 5001333 ns
[2022-09-04T14:42:42.258+0000][1][safepoint    ] Safepoint "RevokeBias", Time since last: 2340750 ns, Reaching safepoint: 5073917 ns, At safepoint: 279083 ns, Total: 5353000 ns
[2022-09-04T14:42:42.263+0000][1][safepoint    ] Safepoint "RevokeBias", Time since last: 3768459 ns, Reaching safepoint: 866083 ns, At safepoint: 295042 ns, Total: 1161125 ns
[2022-09-04T14:42:42.283+0000][1][safepoint    ] Safepoint "RevokeBias", Time since last: 17894500 ns, Reaching safepoint: 1645416 ns, At safepoint: 158542 ns, Total: 1803958 ns
[2022-09-04T14:42:42.357+0000][1][safepoint    ] Safepoint "RevokeBias", Time since last: 73447542 ns, Reaching safepoint: 779958 ns, At safepoint: 188792 ns, Total: 968750 ns
[2022-09-04T14:42:42.411+0000][1][safepoint    ] Safepoint "CollectForMetadataAllocation", Time since last: 51491083 ns, Reaching safepoint: 1236708 ns, At safepoint: 344500 ns, Total: 1581208 ns
[2022-09-04T14:42:42.414+0000][1][safepoint    ] Safepoint "RevokeBias", Time since last: 1874875 ns, Reaching safepoint: 982709 ns, At safepoint: 166833 ns, Total: 1149542 ns
[2022-09-04T14:42:42.425+0000][1][safepoint    ] Safepoint "RevokeBias", Time since last: 10190417 ns, Reaching safepoint: 1062416 ns, At safepoint: 156500 ns, Total: 1218916 ns
[2022-09-04T14:42:42.592+0000][1][safepoint    ] Safepoint "RevokeBias", Time since last: 165898125 ns, Reaching safepoint: 761500 ns, At safepoint: 36167 ns, Total: 797667 ns
[2022-09-04T14:42:42.770+0000][1][safepoint    ] Safepoint "CollectForMetadataAllocation", Time since last: 177165042 ns, Reaching safepoint: 715000 ns, At safepoint: 204166 ns, Total: 919166 ns
[2022-09-04T14:42:42.801+0000][1][safepoint    ] Safepoint "RevokeBias", Time since last: 30820500 ns, Reaching safepoint: 635959 ns, At safepoint: 39291 ns, Total: 675250 ns
[2022-09-04T14:42:42.809+0000][1][safepoint    ] Safepoint "RevokeBias", Time since last: 6690000 ns, Reaching safepoint: 682500 ns, At safepoint: 42500 ns, Total: 725000 ns
[2022-09-04T14:42:42.811+0000][1][safepoint    ] Safepoint "RevokeBias", Time since last: 1721584 ns, Reaching safepoint: 554833 ns, At safepoint: 34042 ns, Total: 588875 ns
[2022-09-04T14:42:42.817+0000][1][safepoint    ] Safepoint "RevokeBias", Time since last: 5020750 ns, Reaching safepoint: 744375 ns, At safepoint: 55291 ns, Total: 799666 ns
[2022-09-04T14:42:42.831+0000][1][safepoint    ] Safepoint "RevokeBias", Time since last: 13259125 ns, Reaching safepoint: 504084 ns, At safepoint: 38041 ns, Total: 542125 ns
[2022-09-04T14:42:42.835+0000][1][safepoint    ] Safepoint "RevokeBias", Time since last: 3612959 ns, Reaching safepoint: 474000 ns, At safepoint: 23458 ns, Total: 497458 ns
[2022-09-04T14:42:42.871+0000][1][safepoint    ] Safepoint "RevokeBias", Time since last: 35852208 ns, Reaching safepoint: 663709 ns, At safepoint: 57958 ns, Total: 721667 ns
[2022-09-04T14:42:42.875+0000][1][safepoint    ] Safepoint "RevokeBias", Time since last: 2566250 ns, Reaching safepoint: 750500 ns, At safepoint: 38958 ns, Total: 789458 ns
[2022-09-04T14:42:42.927+0000][1][safepoint    ] Safepoint "CollectForMetadataAllocation", Time since last: 51074792 ns, Reaching safepoint: 566667 ns, At safepoint: 300417 ns, Total: 867084 ns
[2022-09-04T14:42:43.174+0000][1][safepoint    ] Safepoint "CollectForMetadataAllocation", Time since last: 246100875 ns, Reaching safepoint: 515708 ns, At safepoint: 442333 ns, Total: 958041 ns
[2022-09-04T14:42:43.317+0000][1][safepoint    ] Safepoint "Deoptimize", Time since last: 141001375 ns, Reaching safepoint: 524584 ns, At safepoint: 1915958 ns, Total: 2440542 ns
[2022-09-04T14:42:43.355+0000][1][safepoint    ] Safepoint "CollectForMetadataAllocation", Time since last: 37502833 ns, Reaching safepoint: 430000 ns, At safepoint: 343417 ns, Total: 773417 ns
[2022-09-04T14:42:44.049+0000][1][safepoint    ] Safepoint "CollectForMetadataAllocation", Time since last: 674467334 ns, Reaching safepoint: 11794541 ns, At safepoint: 4177750 ns, Total: 15972291 ns
[2022-09-04T14:42:44.237+0000][1][gc           ] GC(14) Concurrent Abortable Preclean 5408.318ms
[2022-09-04T14:42:44.246+0000][1][gc,cpu       ] GC(14) User=16.59s Sys=0.88s Real=5.42s
[2022-09-04T14:42:44.256+0000][1][gc,start     ] GC(14) Pause Remark
[2022-09-04T14:42:44.465+0000][1][gc           ] GC(14) Pause Remark 96M->96M(494M) 210.264ms
[2022-09-04T14:42:44.467+0000][1][gc,cpu       ] GC(14) User=0.47s Sys=0.08s Real=0.21s
[2022-09-04T14:42:44.469+0000][1][safepoint    ] Safepoint "CMS_Final_Remark", Time since last: 203636625 ns, Reaching safepoint: 4178500 ns, At safepoint: 215452292 ns, Total: 219630792 ns
[2022-09-04T14:42:44.474+0000][1][gc           ] GC(14) Concurrent Sweep
[2022-09-04T14:42:44.646+0000][1][gc           ] GC(14) Concurrent Sweep 172.247ms
[2022-09-04T14:42:44.648+0000][1][gc,cpu       ] GC(14) User=0.47s Sys=0.12s Real=0.17s
[2022-09-04T14:42:44.657+0000][1][gc           ] GC(14) Concurrent Reset
[2022-09-04T14:42:44.664+0000][1][gc           ] GC(14) Concurrent Reset 6.753ms
[2022-09-04T14:42:44.666+0000][1][gc,cpu       ] GC(14) User=0.01s Sys=0.01s Real=0.01s
[2022-09-04T14:42:44.673+0000][1][gc,heap      ] GC(14) Old: 48168K->47895K(349568K)
[2022-09-04T14:42:44.830+0000][1][safepoint    ] Safepoint "RevokeBias", Time since last: 357362792 ns, Reaching safepoint: 3632958 ns, At safepoint: 334292 ns, Total: 3967250 ns
[2022-09-04T14:42:44.835+0000][1][safepoint    ] Safepoint "RevokeBias", Time since last: 4129625 ns, Reaching safepoint: 398542 ns, At safepoint: 58916 ns, Total: 457458 ns
[2022-09-04T14:42:44.943+0000][1][safepoint    ] Safepoint "RevokeBias", Time since last: 106877792 ns, Reaching safepoint: 672292 ns, At safepoint: 32916 ns, Total: 705208 ns
[2022-09-04T14:42:44.946+0000][1][safepoint    ] Safepoint "RevokeBias", Time since last: 2632334 ns, Reaching safepoint: 299583 ns, At safepoint: 43167 ns, Total: 342750 ns
[2022-09-04T14:42:44.947+0000][1][safepoint    ] Safepoint "RevokeBias", Time since last: 1476583 ns, Reaching safepoint: 425250 ns, At safepoint: 35500 ns, Total: 460750 ns
[2022-09-04T14:42:44.951+0000][1][safepoint    ] Safepoint "RevokeBias", Time since last: 3251417 ns, Reaching safepoint: 263833 ns, At safepoint: 37375 ns, Total: 301208 ns
[2022-09-04T14:42:45.205+0000][1][safepoint    ] Safepoint "RevokeBias", Time since last: 253217167 ns, Reaching safepoint: 995167 ns, At safepoint: 34125 ns, Total: 1029292 ns
[2022-09-04T14:42:45.208+0000][1][safepoint    ] Safepoint "RevokeBias", Time since last: 2635875 ns, Reaching safepoint: 443750 ns, At safepoint: 34375 ns, Total: 478125 ns
[2022-09-04T14:42:45.211+0000][1][safepoint    ] Safepoint "RevokeBias", Time since last: 1875416 ns, Reaching safepoint: 362875 ns, At safepoint: 56417 ns, Total: 419292 ns
[2022-09-04T14:42:45.214+0000][1][safepoint    ] Safepoint "RevokeBias", Time since last: 3096958 ns, Reaching safepoint: 304875 ns, At safepoint: 26000 ns, Total: 330875 ns
[2022-09-04T14:42:45.306+0000][1][safepoint    ] Safepoint "RevokeBias", Time since last: 90334417 ns, Reaching safepoint: 1633417 ns, At safepoint: 48125 ns, Total: 1681542 ns
[2022-09-04T14:42:45.401+0000][1][safepoint    ] Safepoint "RevokeBias", Time since last: 93962458 ns, Reaching safepoint: 697667 ns, At safepoint: 48208 ns, Total: 745875 ns
[2022-09-04T14:42:45.408+0000][1][safepoint    ] Safepoint "RevokeBias", Time since last: 6766500 ns, Reaching safepoint: 624500 ns, At safepoint: 167500 ns, Total: 792000 ns
[2022-09-04T14:42:45.413+0000][1][safepoint    ] Safepoint "RevokeBias", Time since last: 3704542 ns, Reaching safepoint: 552625 ns, At safepoint: 37791 ns, Total: 590416 ns
[2022-09-04T14:42:45.416+0000][1][safepoint    ] Safepoint "RevokeBias", Time since last: 2960667 ns, Reaching safepoint: 466125 ns, At safepoint: 47417 ns, Total: 513542 ns
[2022-09-04T14:42:45.419+0000][1][safepoint    ] Safepoint "RevokeBias", Time since last: 2359000 ns, Reaching safepoint: 553666 ns, At safepoint: 42500 ns, Total: 596166 ns
[2022-09-04T14:42:45.422+0000][1][safepoint    ] Safepoint "RevokeBias", Time since last: 2294417 ns, Reaching safepoint: 527500 ns, At safepoint: 89083 ns, Total: 616583 ns
[2022-09-04T14:42:45.426+0000][1][safepoint    ] Safepoint "RevokeBias", Time since last: 3864667 ns, Reaching safepoint: 438042 ns, At safepoint: 54291 ns, Total: 492333 ns
[2022-09-04T14:42:45.430+0000][1][safepoint    ] Safepoint "RevokeBias", Time since last: 2844209 ns, Reaching safepoint: 517750 ns, At safepoint: 56041 ns, Total: 573791 ns
[2022-09-04T14:42:45.571+0000][1][safepoint    ] Safepoint "RevokeBias", Time since last: 139973500 ns, Reaching safepoint: 736292 ns, At safepoint: 47708 ns, Total: 784000 ns
[2022-09-04T14:42:45.611+0000][1][safepoint    ] Safepoint "RevokeBias", Time since last: 40473042 ns, Reaching safepoint: 352125 ns, At safepoint: 40792 ns, Total: 392917 ns
[2022-09-04T14:42:45.819+0000][1][safepoint    ] Safepoint "RevokeBias", Time since last: 205845292 ns, Reaching safepoint: 1336208 ns, At safepoint: 41000 ns, Total: 1377208 ns
[2022-09-04T14:42:45.825+0000][1][safepoint    ] Safepoint "RevokeBias", Time since last: 4944042 ns, Reaching safepoint: 1007208 ns, At safepoint: 101125 ns, Total: 1108333 ns
[2022-09-04T14:42:45.827+0000][1][safepoint    ] Safepoint "RevokeBias", Time since last: 1474500 ns, Reaching safepoint: 446333 ns, At safepoint: 25167 ns, Total: 471500 ns
[2022-09-04T14:42:45.829+0000][1][safepoint    ] Safepoint "RevokeBias", Time since last: 1267833 ns, Reaching safepoint: 844667 ns, At safepoint: 42458 ns, Total: 887125 ns
[2022-09-04T14:42:45.840+0000][1][safepoint    ] Safepoint "RevokeBias", Time since last: 10841834 ns, Reaching safepoint: 766666 ns, At safepoint: 53792 ns, Total: 820458 ns
[2022-09-04T14:42:45.864+0000][1][safepoint    ] Safepoint "RevokeBias", Time since last: 21021958 ns, Reaching safepoint: 2246292 ns, At safepoint: 493083 ns, Total: 2739375 ns
[2022-09-04T14:42:45.912+0000][1][safepoint    ] Safepoint "RevokeBias", Time since last: 47250875 ns, Reaching safepoint: 745584 ns, At safepoint: 42333 ns, Total: 787917 ns
[2022-09-04T14:42:45.915+0000][1][safepoint    ] Safepoint "RevokeBias", Time since last: 1805375 ns, Reaching safepoint: 949625 ns, At safepoint: 43125 ns, Total: 992750 ns
[2022-09-04T14:42:45.918+0000][1][safepoint    ] Safepoint "RevokeBias", Time since last: 2361917 ns, Reaching safepoint: 806375 ns, At safepoint: 35208 ns, Total: 841583 ns
[2022-09-04T14:42:45.921+0000][1][safepoint    ] Safepoint "RevokeBias", Time since last: 2570208 ns, Reaching safepoint: 577875 ns, At safepoint: 31917 ns, Total: 609792 ns
[2022-09-04T14:42:45.949+0000][1][safepoint    ] Safepoint "RevokeBias", Time since last: 27271292 ns, Reaching safepoint: 485708 ns, At safepoint: 37875 ns, Total: 523583 ns
[2022-09-04T14:42:45.966+0000][1][safepoint    ] Safepoint "RevokeBias", Time since last: 9314792 ns, Reaching safepoint: 6794666 ns, At safepoint: 748750 ns, Total: 7543416 ns
[2022-09-04T14:42:45.978+0000][1][safepoint    ] Safepoint "RevokeBias", Time since last: 8516000 ns, Reaching safepoint: 1008417 ns, At safepoint: 2849000 ns, Total: 3857417 ns
[2022-09-04T14:42:45.985+0000][1][safepoint    ] Safepoint "RevokeBias", Time since last: 3932375 ns, Reaching safepoint: 2689833 ns, At safepoint: 66875 ns, Total: 2756708 ns
[2022-09-04T14:42:45.989+0000][1][safepoint    ] Safepoint "RevokeBias", Time since last: 3307750 ns, Reaching safepoint: 808584 ns, At safepoint: 120500 ns, Total: 929084 ns
[2022-09-04T14:42:46.077+0000][1][safepoint    ] Safepoint "RevokeBias", Time since last: 85517666 ns, Reaching safepoint: 1503750 ns, At safepoint: 366459 ns, Total: 1870209 ns
[2022-09-04T14:42:46.112+0000][1][safepoint    ] Safepoint "RevokeBias", Time since last: 33933583 ns, Reaching safepoint: 471208 ns, At safepoint: 624250 ns, Total: 1095458 ns
[2022-09-04T14:42:46.121+0000][1][safepoint    ] Safepoint "RevokeBias", Time since last: 7361834 ns, Reaching safepoint: 1435666 ns, At safepoint: 283334 ns, Total: 1719000 ns
[2022-09-04T14:42:46.126+0000][1][safepoint    ] Safepoint "RevokeBias", Time since last: 3151791 ns, Reaching safepoint: 1102000 ns, At safepoint: 433459 ns, Total: 1535459 ns
[2022-09-04T14:42:46.131+0000][1][safepoint    ] Safepoint "RevokeBias", Time since last: 4238833 ns, Reaching safepoint: 794417 ns, At safepoint: 312291 ns, Total: 1106708 ns
[2022-09-04T14:42:46.181+0000][1][safepoint    ] Safepoint "BulkRevokeBias", Time since last: 47694709 ns, Reaching safepoint: 961666 ns, At safepoint: 1314834 ns, Total: 2276500 ns
[2022-09-04T14:42:46.220+0000][1][safepoint    ] Safepoint "RevokeBias", Time since last: 35943958 ns, Reaching safepoint: 2815875 ns, At safepoint: 127000 ns, Total: 2942875 ns
[2022-09-04T14:42:46.224+0000][1][safepoint    ] Safepoint "RevokeBias", Time since last: 2633583 ns, Reaching safepoint: 990417 ns, At safepoint: 129708 ns, Total: 1120125 ns
[2022-09-04T14:42:46.257+0000][1][safepoint    ] Safepoint "RevokeBias", Time since last: 32401417 ns, Reaching safepoint: 925792 ns, At safepoint: 190708 ns, Total: 1116500 ns
[2022-09-04T14:42:46.261+0000][1][safepoint    ] Safepoint "RevokeBias", Time since last: 2530042 ns, Reaching safepoint: 971000 ns, At safepoint: 180333 ns, Total: 1151333 ns
[2022-09-04T14:42:46.301+0000][1][safepoint    ] Safepoint "RevokeBias", Time since last: 38519750 ns, Reaching safepoint: 1250375 ns, At safepoint: 222208 ns, Total: 1472583 ns
[2022-09-04T14:42:46.304+0000][1][safepoint    ] Safepoint "RevokeBias", Time since last: 2082084 ns, Reaching safepoint: 682458 ns, At safepoint: 205208 ns, Total: 887666 ns
[2022-09-04T14:42:46.308+0000][1][safepoint    ] Safepoint "RevokeBias", Time since last: 3022042 ns, Reaching safepoint: 1285083 ns, At safepoint: 211542 ns, Total: 1496625 ns
[2022-09-04T14:42:46.495+0000][1][safepoint    ] Safepoint "RevokeBias", Time since last: 186260209 ns, Reaching safepoint: 429375 ns, At safepoint: 289541 ns, Total: 718916 ns
[2022-09-04T14:42:46.501+0000][1][safepoint    ] Safepoint "RevokeBias", Time since last: 5136042 ns, Reaching safepoint: 547625 ns, At safepoint: 256042 ns, Total: 803667 ns
[2022-09-04T14:42:46.504+0000][1][safepoint    ] Safepoint "RevokeBias", Time since last: 2468666 ns, Reaching safepoint: 529084 ns, At safepoint: 333416 ns, Total: 862500 ns
[2022-09-04T14:42:46.507+0000][1][safepoint    ] Safepoint "RevokeBias", Time since last: 1410834 ns, Reaching safepoint: 522166 ns, At safepoint: 273792 ns, Total: 795958 ns
[2022-09-04T14:42:46.509+0000][1][safepoint    ] Safepoint "RevokeBias", Time since last: 2102167 ns, Reaching safepoint: 337958 ns, At safepoint: 262250 ns, Total: 600208 ns
[2022-09-04T14:42:46.513+0000][1][safepoint    ] Safepoint "RevokeBias", Time since last: 2298167 ns, Reaching safepoint: 570375 ns, At safepoint: 327041 ns, Total: 897416 ns
[2022-09-04T14:42:46.515+0000][1][safepoint    ] Safepoint "RevokeBias", Time since last: 2165667 ns, Reaching safepoint: 456708 ns, At safepoint: 201125 ns, Total: 657833 ns
[2022-09-04T14:42:46.517+0000][1][safepoint    ] Safepoint "RevokeBias", Time since last: 1177084 ns, Reaching safepoint: 614458 ns, At safepoint: 250667 ns, Total: 865125 ns
[2022-09-04T14:42:46.520+0000][1][safepoint    ] Safepoint "RevokeBias", Time since last: 1607958 ns, Reaching safepoint: 506750 ns, At safepoint: 293083 ns, Total: 799833 ns
[2022-09-04T14:42:46.598+0000][1][safepoint    ] Safepoint "Deoptimize", Time since last: 74896000 ns, Reaching safepoint: 442875 ns, At safepoint: 2372375 ns, Total: 2815250 ns
[2022-09-04T14:42:46.674+0000][1][safepoint    ] Safepoint "RevokeBias", Time since last: 75578334 ns, Reaching safepoint: 535041 ns, At safepoint: 149334 ns, Total: 684375 ns
[2022-09-04T14:42:46.713+0000][1][safepoint    ] Safepoint "RevokeBias", Time since last: 37955416 ns, Reaching safepoint: 842125 ns, At safepoint: 219917 ns, Total: 1062042 ns
[2022-09-04T14:42:46.716+0000][1][safepoint    ] Safepoint "RevokeBias", Time since last: 2880500 ns, Reaching safepoint: 435083 ns, At safepoint: 249000 ns, Total: 684083 ns
[2022-09-04T14:42:46.827+0000][1][safepoint    ] Safepoint "RevokeBias", Time since last: 109384959 ns, Reaching safepoint: 1198291 ns, At safepoint: 88917 ns, Total: 1287208 ns
[2022-09-04T14:42:46.837+0000][1][safepoint    ] Safepoint "RevokeBias", Time since last: 9407208 ns, Reaching safepoint: 510084 ns, At safepoint: 87000 ns, Total: 597084 ns
[2022-09-04T14:42:46.850+0000][1][safepoint    ] Safepoint "RevokeBias", Time since last: 12713500 ns, Reaching safepoint: 431291 ns, At safepoint: 131834 ns, Total: 563125 ns
[2022-09-04T14:42:46.855+0000][1][safepoint    ] Safepoint "RevokeBias", Time since last: 4350125 ns, Reaching safepoint: 550666 ns, At safepoint: 166917 ns, Total: 717583 ns
[2022-09-04T14:42:46.858+0000][1][safepoint    ] Safepoint "RevokeBias", Time since last: 1993208 ns, Reaching safepoint: 440167 ns, At safepoint: 79417 ns, Total: 519584 ns
[2022-09-04T14:42:46.868+0000][1][safepoint    ] Safepoint "RevokeBias", Time since last: 9119833 ns, Reaching safepoint: 651083 ns, At safepoint: 91709 ns, Total: 742792 ns
[2022-09-04T14:42:47.122+0000][1][safepoint    ] Safepoint "Deoptimize", Time since last: 250675667 ns, Reaching safepoint: 765625 ns, At safepoint: 2388958 ns, Total: 3154583 ns
[2022-09-04T14:42:47.142+0000][1][safepoint    ] Safepoint "RevokeBias", Time since last: 19322333 ns, Reaching safepoint: 404875 ns, At safepoint: 544292 ns, Total: 949167 ns
[2022-09-04T14:42:48.145+0000][1][safepoint    ] Safepoint "Cleanup", Time since last: 1002349042 ns, Reaching safepoint: 473625 ns, At safepoint: 35292 ns, Total: 508917 ns
[2022-09-04T14:42:49.147+0000][1][safepoint    ] Safepoint "Cleanup", Time since last: 1002003292 ns, Reaching safepoint: 674708 ns, At safepoint: 31167 ns, Total: 705875 ns
[2022-09-04T14:42:51.440+0000][1][safepoint    ] Safepoint "RevokeBias", Time since last: 2292151168 ns, Reaching safepoint: 289875 ns, At safepoint: 83916 ns, Total: 373791 ns
[2022-09-04T14:42:51.447+0000][1][safepoint    ] Safepoint "RevokeBias", Time since last: 6428917 ns, Reaching safepoint: 284167 ns, At safepoint: 95000 ns, Total: 379167 ns
[2022-09-04T14:42:51.454+0000][1][safepoint    ] Safepoint "RevokeBias", Time since last: 6922916 ns, Reaching safepoint: 484834 ns, At safepoint: 114041 ns, Total: 598875 ns
[2022-09-04T14:42:52.458+0000][1][safepoint    ] Safepoint "Cleanup", Time since last: 1003536709 ns, Reaching safepoint: 395917 ns, At safepoint: 20750 ns, Total: 416667 ns
[2022-09-04T14:42:58.465+0000][1][safepoint    ] Safepoint "Cleanup", Time since last: 6006250419 ns, Reaching safepoint: 480917 ns, At safepoint: 40500 ns, Total: 521417 ns
[2022-09-04T14:43:00.472+0000][1][safepoint    ] Safepoint "Cleanup", Time since last: 2006589084 ns, Reaching safepoint: 370458 ns, At safepoint: 23209 ns, Total: 393667 ns
[2022-09-04T14:43:01.474+0000][1][safepoint    ] Safepoint "Cleanup", Time since last: 1002513083 ns, Reaching safepoint: 379542 ns, At safepoint: 20417 ns, Total: 399959 ns
[2022-09-04T14:43:10.498+0000][1][safepoint    ] Safepoint "Cleanup", Time since last: 9023282004 ns, Reaching safepoint: 449917 ns, At safepoint: 24416 ns, Total: 474333 ns
[2022-09-04T14:43:11.501+0000][1][safepoint    ] Safepoint "Cleanup", Time since last: 1002479918 ns, Reaching safepoint: 332333 ns, At safepoint: 20083 ns, Total: 352416 ns
[2022-09-04T14:43:12.504+0000][1][safepoint    ] Safepoint "Cleanup", Time since last: 1002081876 ns, Reaching safepoint: 482583 ns, At safepoint: 25667 ns, Total: 508250 ns
[2022-09-04T14:43:18.510+0000][1][safepoint    ] Safepoint "Cleanup", Time since last: 6006321669 ns, Reaching safepoint: 421209 ns, At safepoint: 32916 ns, Total: 454125 ns
[2022-09-04T14:43:19.516+0000][1][safepoint    ] Safepoint "Cleanup", Time since last: 1003356334 ns, Reaching safepoint: 1593958 ns, At safepoint: 76709 ns, Total: 1670667 ns
[2022-09-04T14:43:27.431+0000][1][safepoint    ] Safepoint "RevokeBias", Time since last: 7914526712 ns, Reaching safepoint: 452458 ns, At safepoint: 155708 ns, Total: 608166 ns
[2022-09-04T14:43:27.436+0000][1][safepoint    ] Safepoint "RevokeBias", Time since last: 5155542 ns, Reaching safepoint: 283500 ns, At safepoint: 84333 ns, Total: 367833 ns
[2022-09-04T14:43:27.444+0000][1][safepoint    ] Safepoint "RevokeBias", Time since last: 7172042 ns, Reaching safepoint: 491042 ns, At safepoint: 146125 ns, Total: 637167 ns
[2022-09-04T14:43:27.471+0000][1][safepoint    ] Safepoint "RevokeBias", Time since last: 26987041 ns, Reaching safepoint: 392959 ns, At safepoint: 47125 ns, Total: 440084 ns
[2022-09-04T14:43:27.536+0000][1][safepoint    ] Safepoint "RevokeBias", Time since last: 63194083 ns, Reaching safepoint: 751708 ns, At safepoint: 1025292 ns, Total: 1777000 ns
[2022-09-04T14:43:27.546+0000][1][safepoint    ] Safepoint "RevokeBias", Time since last: 9338833 ns, Reaching safepoint: 353542 ns, At safepoint: 84000 ns, Total: 437542 ns
[2022-09-04T14:43:27.578+0000][1][safepoint    ] Safepoint "RevokeBias", Time since last: 30840792 ns, Reaching safepoint: 577500 ns, At safepoint: 35000 ns, Total: 612500 ns
[2022-09-04T14:43:27.582+0000][1][safepoint    ] Safepoint "RevokeBias", Time since last: 3877417 ns, Reaching safepoint: 266500 ns, At safepoint: 35666 ns, Total: 302166 ns
[2022-09-04T14:43:27.798+0000][1][safepoint    ] Safepoint "RevokeBias", Time since last: 215658542 ns, Reaching safepoint: 676958 ns, At safepoint: 34750 ns, Total: 711708 ns
[2022-09-04T14:43:28.009+0000][1][safepoint    ] Safepoint "RevokeBias", Time since last: 210259042 ns, Reaching safepoint: 688792 ns, At safepoint: 37208 ns, Total: 726000 ns
[2022-09-04T14:43:28.013+0000][1][safepoint    ] Safepoint "RevokeBias", Time since last: 3221708 ns, Reaching safepoint: 355167 ns, At safepoint: 28208 ns, Total: 383375 ns
[2022-09-04T14:43:28.129+0000][1][safepoint    ] Safepoint "RevokeBias", Time since last: 115451334 ns, Reaching safepoint: 395833 ns, At safepoint: 34750 ns, Total: 430583 ns
[2022-09-04T14:43:28.316+0000][1][safepoint    ] Safepoint "RevokeBias", Time since last: 186554750 ns, Reaching safepoint: 791500 ns, At safepoint: 33542 ns, Total: 825042 ns
[2022-09-04T14:43:28.325+0000][1][safepoint    ] Safepoint "RevokeBias", Time since last: 8388833 ns, Reaching safepoint: 451875 ns, At safepoint: 146084 ns, Total: 597959 ns
[2022-09-04T14:43:28.330+0000][1][safepoint    ] Safepoint "RevokeBias", Time since last: 4556125 ns, Reaching safepoint: 339250 ns, At safepoint: 24708 ns, Total: 363958 ns
[2022-09-04T14:43:28.380+0000][1][safepoint    ] Safepoint "RevokeBias", Time since last: 49160833 ns, Reaching safepoint: 402584 ns, At safepoint: 119083 ns, Total: 521667 ns
[2022-09-04T14:43:28.384+0000][1][safepoint    ] Safepoint "RevokeBias", Time since last: 3591958 ns, Reaching safepoint: 376709 ns, At safepoint: 136916 ns, Total: 513625 ns
[2022-09-04T14:43:28.398+0000][1][safepoint    ] Safepoint "RevokeBias", Time since last: 13751917 ns, Reaching safepoint: 366500 ns, At safepoint: 208500 ns, Total: 575000 ns
[2022-09-04T14:43:28.401+0000][1][safepoint    ] Safepoint "RevokeBias", Time since last: 2892625 ns, Reaching safepoint: 285458 ns, At safepoint: 132834 ns, Total: 418292 ns
[2022-09-04T14:43:28.404+0000][1][safepoint    ] Safepoint "RevokeBias", Time since last: 2682708 ns, Reaching safepoint: 340167 ns, At safepoint: 118333 ns, Total: 458500 ns
[2022-09-04T14:43:28.406+0000][1][safepoint    ] Safepoint "RevokeBias", Time since last: 1028667 ns, Reaching safepoint: 328333 ns, At safepoint: 254292 ns, Total: 582625 ns
[2022-09-04T14:43:28.410+0000][1][safepoint    ] Safepoint "RevokeBias", Time since last: 3736083 ns, Reaching safepoint: 343208 ns, At safepoint: 121542 ns, Total: 464750 ns
[2022-09-04T14:43:28.412+0000][1][safepoint    ] Safepoint "RevokeBias", Time since last: 1101833 ns, Reaching safepoint: 225917 ns, At safepoint: 121958 ns, Total: 347875 ns
[2022-09-04T14:43:28.413+0000][1][safepoint    ] Safepoint "RevokeBias", Time since last: 1045209 ns, Reaching safepoint: 312333 ns, At safepoint: 184417 ns, Total: 496750 ns
[2022-09-04T14:43:28.414+0000][1][safepoint    ] Safepoint "RevokeBias", Time since last: 915000 ns, Reaching safepoint: 214083 ns, At safepoint: 122542 ns, Total: 336625 ns
[2022-09-04T14:43:28.418+0000][1][safepoint    ] Safepoint "RevokeBias", Time since last: 2950333 ns, Reaching safepoint: 281667 ns, At safepoint: 189208 ns, Total: 470875 ns
[2022-09-04T14:43:28.420+0000][1][safepoint    ] Safepoint "RevokeBias", Time since last: 2008917 ns, Reaching safepoint: 218416 ns, At safepoint: 107209 ns, Total: 325625 ns
[2022-09-04T14:43:28.422+0000][1][safepoint    ] Safepoint "RevokeBias", Time since last: 1314083 ns, Reaching safepoint: 424083 ns, At safepoint: 111834 ns, Total: 535917 ns
[2022-09-04T14:43:28.424+0000][1][safepoint    ] Safepoint "RevokeBias", Time since last: 1314916 ns, Reaching safepoint: 230375 ns, At safepoint: 111500 ns, Total: 341875 ns
[2022-09-04T14:43:28.426+0000][1][safepoint    ] Safepoint "RevokeBias", Time since last: 1359875 ns, Reaching safepoint: 262542 ns, At safepoint: 139667 ns, Total: 402209 ns
[2022-09-04T14:43:28.429+0000][1][safepoint    ] Safepoint "RevokeBias", Time since last: 2958958 ns, Reaching safepoint: 443958 ns, At safepoint: 136167 ns, Total: 580125 ns
[2022-09-04T14:43:28.432+0000][1][safepoint    ] Safepoint "RevokeBias", Time since last: 2395000 ns, Reaching safepoint: 345583 ns, At safepoint: 176625 ns, Total: 522208 ns
[2022-09-04T14:43:28.435+0000][1][safepoint    ] Safepoint "RevokeBias", Time since last: 2452667 ns, Reaching safepoint: 255417 ns, At safepoint: 125166 ns, Total: 380583 ns
[2022-09-04T14:43:28.437+0000][1][safepoint    ] Safepoint "RevokeBias", Time since last: 1441667 ns, Reaching safepoint: 225958 ns, At safepoint: 121209 ns, Total: 347167 ns
[2022-09-04T14:43:28.444+0000][1][safepoint    ] Safepoint "RevokeBias", Time since last: 7403541 ns, Reaching safepoint: 283750 ns, At safepoint: 162709 ns, Total: 446459 ns
[2022-09-04T14:43:28.451+0000][1][safepoint    ] Safepoint "RevokeBias", Time since last: 5930375 ns, Reaching safepoint: 433125 ns, At safepoint: 181458 ns, Total: 614583 ns
[2022-09-04T14:43:28.455+0000][1][safepoint    ] Safepoint "RevokeBias", Time since last: 3877042 ns, Reaching safepoint: 350458 ns, At safepoint: 124125 ns, Total: 474583 ns
[2022-09-04T14:43:28.457+0000][1][safepoint    ] Safepoint "RevokeBias", Time since last: 1405083 ns, Reaching safepoint: 372125 ns, At safepoint: 143917 ns, Total: 516042 ns
[2022-09-04T14:43:28.460+0000][1][safepoint    ] Safepoint "RevokeBias", Time since last: 2386125 ns, Reaching safepoint: 328667 ns, At safepoint: 124250 ns, Total: 452917 ns
[2022-09-04T14:43:28.468+0000][1][safepoint    ] Safepoint "RevokeBias", Time since last: 7415208 ns, Reaching safepoint: 273792 ns, At safepoint: 180208 ns, Total: 454000 ns
[2022-09-04T14:43:28.472+0000][1][safepoint    ] Safepoint "RevokeBias", Time since last: 3837167 ns, Reaching safepoint: 434791 ns, At safepoint: 162959 ns, Total: 597750 ns
[2022-09-04T14:43:28.479+0000][1][safepoint    ] Safepoint "RevokeBias", Time since last: 6514625 ns, Reaching safepoint: 372250 ns, At safepoint: 157416 ns, Total: 529666 ns
[2022-09-04T14:43:28.482+0000][1][safepoint    ] Safepoint "RevokeBias", Time since last: 1898959 ns, Reaching safepoint: 237541 ns, At safepoint: 153542 ns, Total: 391083 ns
[2022-09-04T14:43:28.484+0000][1][safepoint    ] Safepoint "RevokeBias", Time since last: 1680583 ns, Reaching safepoint: 353917 ns, At safepoint: 242667 ns, Total: 596584 ns
[2022-09-04T14:43:28.487+0000][1][safepoint    ] Safepoint "RevokeBias", Time since last: 2975875 ns, Reaching safepoint: 240458 ns, At safepoint: 136333 ns, Total: 376791 ns
[2022-09-04T14:43:28.489+0000][1][safepoint    ] Safepoint "RevokeBias", Time since last: 1610625 ns, Reaching safepoint: 243875 ns, At safepoint: 146417 ns, Total: 390292 ns
[2022-09-04T14:43:28.492+0000][1][safepoint    ] Safepoint "RevokeBias", Time since last: 2334250 ns, Reaching safepoint: 361000 ns, At safepoint: 159667 ns, Total: 520667 ns
[2022-09-04T14:43:28.494+0000][1][safepoint    ] Safepoint "RevokeBias", Time since last: 1451666 ns, Reaching safepoint: 381709 ns, At safepoint: 155083 ns, Total: 536792 ns
[2022-09-04T14:43:28.496+0000][1][safepoint    ] Safepoint "RevokeBias", Time since last: 1171500 ns, Reaching safepoint: 266208 ns, At safepoint: 132250 ns, Total: 398458 ns
[2022-09-04T14:43:28.498+0000][1][safepoint    ] Safepoint "RevokeBias", Time since last: 1520000 ns, Reaching safepoint: 300875 ns, At safepoint: 122042 ns, Total: 422917 ns
[2022-09-04T14:43:28.511+0000][1][safepoint    ] Safepoint "RevokeBias", Time since last: 12552542 ns, Reaching safepoint: 304958 ns, At safepoint: 158792 ns, Total: 463750 ns
[2022-09-04T14:43:28.514+0000][1][safepoint    ] Safepoint "RevokeBias", Time since last: 2332583 ns, Reaching safepoint: 445000 ns, At safepoint: 137542 ns, Total: 582542 ns
[2022-09-04T14:43:28.515+0000][1][safepoint    ] Safepoint "RevokeBias", Time since last: 1092750 ns, Reaching safepoint: 419416 ns, At safepoint: 139709 ns, Total: 559125 ns
[2022-09-04T14:43:28.518+0000][1][safepoint    ] Safepoint "BulkRevokeBias", Time since last: 1203291 ns, Reaching safepoint: 300375 ns, At safepoint: 1202792 ns, Total: 1503167 ns
[2022-09-04T14:43:28.970+0000][1][safepoint    ] Safepoint "RevokeBias", Time since last: 450972833 ns, Reaching safepoint: 712959 ns, At safepoint: 159875 ns, Total: 872834 ns
[2022-09-04T14:43:28.972+0000][1][safepoint    ] Safepoint "RevokeBias", Time since last: 1768000 ns, Reaching safepoint: 582750 ns, At safepoint: 123708 ns, Total: 706458 ns
[2022-09-04T14:43:29.372+0000][1][safepoint    ] Safepoint "RevokeBias", Time since last: 398432375 ns, Reaching safepoint: 825625 ns, At safepoint: 93417 ns, Total: 919042 ns
[2022-09-04T14:43:29.401+0000][1][safepoint    ] Safepoint "RevokeBias", Time since last: 28850625 ns, Reaching safepoint: 565333 ns, At safepoint: 34084 ns, Total: 599417 ns
[2022-09-04T14:43:29.561+0000][1][safepoint    ] Safepoint "RevokeBias", Time since last: 159345916 ns, Reaching safepoint: 774084 ns, At safepoint: 108583 ns, Total: 882667 ns
[2022-09-04T14:43:29.565+0000][1][safepoint    ] Safepoint "RevokeBias", Time since last: 3351500 ns, Reaching safepoint: 474958 ns, At safepoint: 94917 ns, Total: 569875 ns
[2022-09-04T14:43:29.761+0000][1][safepoint    ] Safepoint "RevokeBias", Time since last: 195277625 ns, Reaching safepoint: 590000 ns, At safepoint: 36125 ns, Total: 626125 ns
[2022-09-04T14:43:29.794+0000][1][safepoint    ] Safepoint "RevokeBias", Time since last: 32334375 ns, Reaching safepoint: 265334 ns, At safepoint: 110000 ns, Total: 375334 ns
[2022-09-04T14:43:29.994+0000][1][safepoint    ] Safepoint "RevokeBias", Time since last: 198778208 ns, Reaching safepoint: 1342708 ns, At safepoint: 95667 ns, Total: 1438375 ns
[2022-09-04T14:43:30.580+0000][1][safepoint    ] Safepoint "RevokeBias", Time since last: 584884333 ns, Reaching safepoint: 978584 ns, At safepoint: 113458 ns, Total: 1092042 ns
[2022-09-04T14:43:30.584+0000][1][safepoint    ] Safepoint "RevokeBias", Time since last: 4243750 ns, Reaching safepoint: 255125 ns, At safepoint: 101542 ns, Total: 356667 ns
[2022-09-04T14:43:30.996+0000][1][safepoint    ] Safepoint "RevokeBias", Time since last: 410727291 ns, Reaching safepoint: 1080042 ns, At safepoint: 134500 ns, Total: 1214542 ns
[2022-09-04T14:43:31.091+0000][1][safepoint    ] Safepoint "RevokeBias", Time since last: 94492584 ns, Reaching safepoint: 419833 ns, At safepoint: 89875 ns, Total: 509708 ns
[2022-09-04T14:43:31.102+0000][1][safepoint    ] Safepoint "RevokeBias", Time since last: 10798542 ns, Reaching safepoint: 274875 ns, At safepoint: 32458 ns, Total: 307333 ns
[2022-09-04T14:43:31.158+0000][1][safepoint    ] Safepoint "RevokeBias", Time since last: 55117958 ns, Reaching safepoint: 391375 ns, At safepoint: 89459 ns, Total: 480834 ns
[2022-09-04T14:43:31.167+0000][1][safepoint    ] Safepoint "RevokeBias", Time since last: 8254416 ns, Reaching safepoint: 488167 ns, At safepoint: 91417 ns, Total: 579584 ns
[2022-09-04T14:43:31.210+0000][1][safepoint    ] Safepoint "RevokeBias", Time since last: 42871000 ns, Reaching safepoint: 376000 ns, At safepoint: 32333 ns, Total: 408333 ns
[2022-09-04T14:43:31.323+0000][1][safepoint    ] Safepoint "RevokeBias", Time since last: 112552333 ns, Reaching safepoint: 413459 ns, At safepoint: 88500 ns, Total: 501959 ns
[2022-09-04T14:43:31.336+0000][1][safepoint    ] Safepoint "RevokeBias", Time since last: 12054416 ns, Reaching safepoint: 396584 ns, At safepoint: 85541 ns, Total: 482125 ns
[2022-09-04T14:43:31.395+0000][1][safepoint    ] Safepoint "RevokeBias", Time since last: 59074667 ns, Reaching safepoint: 427625 ns, At safepoint: 95583 ns, Total: 523208 ns
[2022-09-04T14:43:31.408+0000][1][safepoint    ] Safepoint "RevokeBias", Time since last: 12308250 ns, Reaching safepoint: 411584 ns, At safepoint: 89166 ns, Total: 500750 ns
[2022-09-04T14:43:31.435+0000][1][safepoint    ] Safepoint "RevokeBias", Time since last: 26275792 ns, Reaching safepoint: 449875 ns, At safepoint: 260458 ns, Total: 710333 ns
[2022-09-04T14:43:31.440+0000][1][safepoint    ] Safepoint "RevokeBias", Time since last: 4134250 ns, Reaching safepoint: 581834 ns, At safepoint: 367125 ns, Total: 948959 ns
[2022-09-04T14:43:31.450+0000][1][safepoint    ] Safepoint "RevokeBias", Time since last: 8890250 ns, Reaching safepoint: 399541 ns, At safepoint: 374125 ns, Total: 773666 ns
[2022-09-04T14:43:31.525+0000][1][safepoint    ] Safepoint "RevokeBias", Time since last: 74229042 ns, Reaching safepoint: 583708 ns, At safepoint: 152459 ns, Total: 736167 ns
[2022-09-04T14:43:31.528+0000][1][safepoint    ] Safepoint "RevokeBias", Time since last: 2409875 ns, Reaching safepoint: 324166 ns, At safepoint: 97417 ns, Total: 421583 ns
[2022-09-04T14:43:31.544+0000][1][safepoint    ] Safepoint "RevokeBias", Time since last: 15440583 ns, Reaching safepoint: 514834 ns, At safepoint: 102083 ns, Total: 616917 ns
[2022-09-04T14:43:31.591+0000][1][safepoint    ] Safepoint "BulkRevokeBias", Time since last: 45449333 ns, Reaching safepoint: 791459 ns, At safepoint: 1412958 ns, Total: 2204417 ns
[2022-09-04T14:43:31.595+0000][1][safepoint    ] Safepoint "RevokeBias", Time since last: 2379917 ns, Reaching safepoint: 643833 ns, At safepoint: 153250 ns, Total: 797083 ns
[2022-09-04T14:43:31.677+0000][1][safepoint    ] Safepoint "RevokeBias", Time since last: 81038500 ns, Reaching safepoint: 1009750 ns, At safepoint: 219333 ns, Total: 1229083 ns
[2022-09-04T14:43:31.687+0000][1][safepoint    ] Safepoint "RevokeBias", Time since last: 9821667 ns, Reaching safepoint: 352417 ns, At safepoint: 99541 ns, Total: 451958 ns
[2022-09-04T14:43:31.693+0000][1][safepoint    ] Safepoint "RevokeBias", Time since last: 5770709 ns, Reaching safepoint: 424000 ns, At safepoint: 91083 ns, Total: 515083 ns
[2022-09-04T14:43:31.698+0000][1][safepoint    ] Safepoint "RevokeBias", Time since last: 3933833 ns, Reaching safepoint: 431959 ns, At safepoint: 80375 ns, Total: 512334 ns
[2022-09-04T14:43:31.833+0000][1][safepoint    ] Safepoint "RevokeBias", Time since last: 134543375 ns, Reaching safepoint: 641000 ns, At safepoint: 28250 ns, Total: 669250 ns
[2022-09-04T14:43:31.959+0000][1][safepoint    ] Safepoint "RevokeBias", Time since last: 125750167 ns, Reaching safepoint: 420208 ns, At safepoint: 86333 ns, Total: 506541 ns
[2022-09-04T14:43:31.962+0000][1][safepoint    ] Safepoint "RevokeBias", Time since last: 1979459 ns, Reaching safepoint: 311625 ns, At safepoint: 82166 ns, Total: 393791 ns
[2022-09-04T14:43:32.024+0000][1][safepoint    ] Safepoint "Deoptimize", Time since last: 59782417 ns, Reaching safepoint: 630708 ns, At safepoint: 2338375 ns, Total: 2969083 ns
[2022-09-04T14:43:32.165+0000][1][safepoint    ] Safepoint "RevokeBias", Time since last: 139394500 ns, Reaching safepoint: 608542 ns, At safepoint: 129083 ns, Total: 737625 ns
[2022-09-04T14:43:32.177+0000][1][safepoint    ] Safepoint "RevokeBias", Time since last: 12427417 ns, Reaching safepoint: 313875 ns, At safepoint: 78625 ns, Total: 392500 ns
[2022-09-04T14:43:32.189+0000][1][safepoint    ] Safepoint "RevokeBias", Time since last: 11457250 ns, Reaching safepoint: 500333 ns, At safepoint: 91750 ns, Total: 592083 ns
[2022-09-04T14:43:32.207+0000][1][safepoint    ] Safepoint "RevokeBias", Time since last: 16883625 ns, Reaching safepoint: 505042 ns, At safepoint: 131417 ns, Total: 636459 ns
[2022-09-04T14:43:32.210+0000][1][safepoint    ] Safepoint "RevokeBias", Time since last: 2270625 ns, Reaching safepoint: 414708 ns, At safepoint: 80667 ns, Total: 495375 ns
[2022-09-04T14:43:32.234+0000][1][safepoint    ] Safepoint "RevokeBias", Time since last: 23365958 ns, Reaching safepoint: 521625 ns, At safepoint: 97083 ns, Total: 618708 ns
[2022-09-04T14:43:32.236+0000][1][safepoint    ] Safepoint "RevokeBias", Time since last: 1519209 ns, Reaching safepoint: 249375 ns, At safepoint: 144500 ns, Total: 393875 ns
[2022-09-04T14:43:32.238+0000][1][safepoint    ] Safepoint "RevokeBias", Time since last: 1603541 ns, Reaching safepoint: 236417 ns, At safepoint: 111250 ns, Total: 347667 ns
[2022-09-04T14:43:32.239+0000][1][safepoint    ] Safepoint "RevokeBias", Time since last: 1123750 ns, Reaching safepoint: 233375 ns, At safepoint: 199458 ns, Total: 432833 ns
[2022-09-04T14:43:32.241+0000][1][safepoint    ] Safepoint "RevokeBias", Time since last: 1509209 ns, Reaching safepoint: 253125 ns, At safepoint: 69083 ns, Total: 322208 ns
[2022-09-04T14:43:32.243+0000][1][safepoint    ] Safepoint "RevokeBias", Time since last: 1382250 ns, Reaching safepoint: 335042 ns, At safepoint: 63916 ns, Total: 398958 ns
[2022-09-04T14:43:32.245+0000][1][safepoint    ] Safepoint "RevokeBias", Time since last: 1498959 ns, Reaching safepoint: 252583 ns, At safepoint: 91667 ns, Total: 344250 ns
[2022-09-04T14:43:32.246+0000][1][safepoint    ] Safepoint "RevokeBias", Time since last: 1197750 ns, Reaching safepoint: 276250 ns, At safepoint: 58791 ns, Total: 335041 ns
[2022-09-04T14:43:32.248+0000][1][safepoint    ] Safepoint "RevokeBias", Time since last: 1223542 ns, Reaching safepoint: 280958 ns, At safepoint: 58667 ns, Total: 339625 ns
[2022-09-04T14:43:32.249+0000][1][safepoint    ] Safepoint "RevokeBias", Time since last: 1101333 ns, Reaching safepoint: 253167 ns, At safepoint: 67458 ns, Total: 320625 ns
[2022-09-04T14:43:32.252+0000][1][safepoint    ] Safepoint "RevokeBias", Time since last: 2125667 ns, Reaching safepoint: 521958 ns, At safepoint: 60625 ns, Total: 582583 ns
[2022-09-04T14:43:32.253+0000][1][safepoint    ] Safepoint "RevokeBias", Time since last: 1218000 ns, Reaching safepoint: 243417 ns, At safepoint: 58625 ns, Total: 302042 ns
[2022-09-04T14:43:32.255+0000][1][safepoint    ] Safepoint "RevokeBias", Time since last: 1495333 ns, Reaching safepoint: 244917 ns, At safepoint: 57625 ns, Total: 302542 ns
[2022-09-04T14:43:32.258+0000][1][safepoint    ] Safepoint "RevokeBias", Time since last: 2036167 ns, Reaching safepoint: 341666 ns, At safepoint: 175375 ns, Total: 517041 ns
[2022-09-04T14:43:32.259+0000][1][safepoint    ] Safepoint "RevokeBias", Time since last: 1214459 ns, Reaching safepoint: 335416 ns, At safepoint: 67167 ns, Total: 402583 ns
[2022-09-04T14:43:32.261+0000][1][safepoint    ] Safepoint "RevokeBias", Time since last: 1347917 ns, Reaching safepoint: 251750 ns, At safepoint: 76375 ns, Total: 328125 ns
[2022-09-04T14:43:32.263+0000][1][safepoint    ] Safepoint "RevokeBias", Time since last: 1300583 ns, Reaching safepoint: 392500 ns, At safepoint: 77333 ns, Total: 469833 ns
[2022-09-04T14:43:32.264+0000][1][safepoint    ] Safepoint "RevokeBias", Time since last: 1126250 ns, Reaching safepoint: 251834 ns, At safepoint: 71583 ns, Total: 323417 ns
[2022-09-04T14:43:32.266+0000][1][safepoint    ] Safepoint "RevokeBias", Time since last: 935875 ns, Reaching safepoint: 479583 ns, At safepoint: 66500 ns, Total: 546083 ns
[2022-09-04T14:43:32.269+0000][1][safepoint    ] Safepoint "BulkRevokeBias", Time since last: 1293375 ns, Reaching safepoint: 277542 ns, At safepoint: 1577708 ns, Total: 1855250 ns
[2022-09-04T14:43:32.396+0000][1][safepoint    ] Safepoint "RevokeBias", Time since last: 126644792 ns, Reaching safepoint: 858208 ns, At safepoint: 136167 ns, Total: 994375 ns
[2022-09-04T14:43:32.604+0000][1][safepoint    ] Safepoint "RevokeBias", Time since last: 207264875 ns, Reaching safepoint: 645584 ns, At safepoint: 99708 ns, Total: 745292 ns
[2022-09-04T14:43:32.775+0000][1][safepoint    ] Safepoint "RevokeBias", Time since last: 169543917 ns, Reaching safepoint: 947875 ns, At safepoint: 224916 ns, Total: 1172791 ns
[2022-09-04T14:43:32.994+0000][1][safepoint    ] Safepoint "RevokeBias", Time since last: 218243459 ns, Reaching safepoint: 758416 ns, At safepoint: 95334 ns, Total: 853750 ns
[2022-09-04T14:43:33.129+0000][1][safepoint    ] Safepoint "RevokeBias", Time since last: 132647500 ns, Reaching safepoint: 1173000 ns, At safepoint: 302792 ns, Total: 1475792 ns
[2022-09-04T14:43:33.180+0000][1][safepoint    ] Safepoint "RevokeBias", Time since last: 51382750 ns, Reaching safepoint: 554750 ns, At safepoint: 113375 ns, Total: 668125 ns
[2022-09-04T14:43:33.188+0000][1][safepoint    ] Safepoint "RevokeBias", Time since last: 6662541 ns, Reaching safepoint: 418084 ns, At safepoint: 96333 ns, Total: 514417 ns
[2022-09-04T14:43:33.191+0000][1][safepoint    ] Safepoint "RevokeBias", Time since last: 2533167 ns, Reaching safepoint: 371333 ns, At safepoint: 108917 ns, Total: 480250 ns
[2022-09-04T14:43:33.200+0000][1][safepoint    ] Safepoint "RevokeBias", Time since last: 9279625 ns, Reaching safepoint: 365333 ns, At safepoint: 92250 ns, Total: 457583 ns
[2022-09-04T14:43:33.210+0000][1][safepoint    ] Safepoint "RevokeBias", Time since last: 8835167 ns, Reaching safepoint: 507750 ns, At safepoint: 101916 ns, Total: 609666 ns
[2022-09-04T14:43:33.215+0000][1][safepoint    ] Safepoint "RevokeBias", Time since last: 4413667 ns, Reaching safepoint: 474375 ns, At safepoint: 101500 ns, Total: 575875 ns
[2022-09-04T14:43:33.217+0000][1][safepoint    ] Safepoint "RevokeBias", Time since last: 1904375 ns, Reaching safepoint: 293000 ns, At safepoint: 80125 ns, Total: 373125 ns
[2022-09-04T14:43:33.247+0000][1][safepoint    ] Safepoint "RevokeBias", Time since last: 29746833 ns, Reaching safepoint: 544542 ns, At safepoint: 96542 ns, Total: 641084 ns
[2022-09-04T14:43:33.259+0000][1][safepoint    ] Safepoint "RevokeBias", Time since last: 10603291 ns, Reaching safepoint: 306417 ns, At safepoint: 323542 ns, Total: 629959 ns
[2022-09-04T14:43:33.264+0000][1][safepoint    ] Safepoint "RevokeBias", Time since last: 4195375 ns, Reaching safepoint: 511833 ns, At safepoint: 463875 ns, Total: 975708 ns
[2022-09-04T14:43:33.268+0000][1][safepoint    ] Safepoint "RevokeBias", Time since last: 2368708 ns, Reaching safepoint: 848042 ns, At safepoint: 556000 ns, Total: 1404042 ns
[2022-09-04T14:43:33.276+0000][1][safepoint    ] Safepoint "RevokeBias", Time since last: 7373625 ns, Reaching safepoint: 1087375 ns, At safepoint: 130958 ns, Total: 1218333 ns
[2022-09-04T14:43:33.287+0000][1][safepoint    ] Safepoint "RevokeBias", Time since last: 9773250 ns, Reaching safepoint: 553250 ns, At safepoint: 92625 ns, Total: 645875 ns
[2022-09-04T14:43:33.288+0000][1][safepoint    ] Safepoint "RevokeBias", Time since last: 1437375 ns, Reaching safepoint: 260459 ns, At safepoint: 76291 ns, Total: 336750 ns
[2022-09-04T14:43:33.291+0000][1][safepoint    ] Safepoint "RevokeBias", Time since last: 1803000 ns, Reaching safepoint: 253917 ns, At safepoint: 157792 ns, Total: 411709 ns
[2022-09-04T14:43:33.298+0000][1][safepoint    ] Safepoint "RevokeBias", Time since last: 7356375 ns, Reaching safepoint: 375000 ns, At safepoint: 90125 ns, Total: 465125 ns
[2022-09-04T14:43:33.354+0000][1][safepoint    ] Safepoint "RevokeBias", Time since last: 54568250 ns, Reaching safepoint: 880708 ns, At safepoint: 96708 ns, Total: 977416 ns
[2022-09-04T14:43:33.358+0000][1][safepoint    ] Safepoint "RevokeBias", Time since last: 3620584 ns, Reaching safepoint: 429125 ns, At safepoint: 88625 ns, Total: 517750 ns
[2022-09-04T14:43:33.363+0000][1][safepoint    ] Safepoint "RevokeBias", Time since last: 4608000 ns, Reaching safepoint: 473833 ns, At safepoint: 87042 ns, Total: 560875 ns
[2022-09-04T14:43:33.367+0000][1][safepoint    ] Safepoint "RevokeBias", Time since last: 3087333 ns, Reaching safepoint: 506125 ns, At safepoint: 81042 ns, Total: 587167 ns
[2022-09-04T14:43:33.460+0000][1][safepoint    ] Safepoint "RevokeBias", Time since last: 91974750 ns, Reaching safepoint: 820875 ns, At safepoint: 115125 ns, Total: 936000 ns
[2022-09-04T14:43:33.462+0000][1][safepoint    ] Safepoint "RevokeBias", Time since last: 1574375 ns, Reaching safepoint: 395375 ns, At safepoint: 138291 ns, Total: 533666 ns
[2022-09-04T14:43:33.516+0000][1][safepoint    ] Safepoint "RevokeBias", Time since last: 53758500 ns, Reaching safepoint: 588667 ns, At safepoint: 103958 ns, Total: 692625 ns
[2022-09-04T14:43:33.518+0000][1][safepoint    ] Safepoint "RevokeBias", Time since last: 1472584 ns, Reaching safepoint: 264458 ns, At safepoint: 79333 ns, Total: 343791 ns
[2022-09-04T14:43:33.561+0000][1][safepoint    ] Safepoint "RevokeBias", Time since last: 41767459 ns, Reaching safepoint: 588416 ns, At safepoint: 98334 ns, Total: 686750 ns
[2022-09-04T14:43:33.589+0000][1][safepoint    ] Safepoint "RevokeBias", Time since last: 27102041 ns, Reaching safepoint: 679917 ns, At safepoint: 124417 ns, Total: 804334 ns
[2022-09-04T14:43:33.597+0000][1][safepoint    ] Safepoint "RevokeBias", Time since last: 6951500 ns, Reaching safepoint: 1133750 ns, At safepoint: 162708 ns, Total: 1296458 ns
[2022-09-04T14:43:34.601+0000][1][safepoint    ] Safepoint "Cleanup", Time since last: 1002963584 ns, Reaching safepoint: 1245292 ns, At safepoint: 42333 ns, Total: 1287625 ns
[2022-09-04T14:43:36.607+0000][1][safepoint    ] Safepoint "Cleanup", Time since last: 2004712042 ns, Reaching safepoint: 1147751 ns, At safepoint: 60041 ns, Total: 1207792 ns
[2022-09-04T14:43:39.614+0000][1][safepoint    ] Safepoint "Cleanup", Time since last: 3003956085 ns, Reaching safepoint: 3138417 ns, At safepoint: 106791 ns, Total: 3245208 ns
[2022-09-04T14:43:41.580+0000][1][gc,start     ] GC(16) Pause Young (Allocation Failure)
[2022-09-04T14:43:41.584+0000][1][gc,task      ] GC(16) Using 4 workers of 4 for evacuation
[2022-09-04T14:43:41.723+0000][1][gc,age       ] GC(16) Desired survivor size 8945664 bytes, new threshold 2 (max threshold 6)
[2022-09-04T14:43:41.726+0000][1][gc,age       ] GC(16) Age table with threshold 2 (max threshold 6)
[2022-09-04T14:43:41.728+0000][1][gc,age       ] GC(16) - age   1:    5537352 bytes,    5537352 total
[2022-09-04T14:43:41.729+0000][1][gc,age       ] GC(16) - age   2:    5465352 bytes,   11002704 total
[2022-09-04T14:43:41.731+0000][1][gc,heap      ] GC(16) ParNew: 157193K->17471K(157248K)
[2022-09-04T14:43:41.732+0000][1][gc,heap      ] GC(16) CMS: 47895K->56037K(349568K)
[2022-09-04T14:43:41.733+0000][1][gc,metaspace ] GC(16) Metaspace: 80890K->80890K(1124352K)
[2022-09-04T14:43:41.735+0000][1][gc           ] GC(16) Pause Young (Allocation Failure) 200M->71M(494M) 155.149ms
[2022-09-04T14:43:41.736+0000][1][gc,cpu       ] GC(16) User=0.46s Sys=0.02s Real=0.15s
[2022-09-04T14:43:41.737+0000][1][safepoint    ] Safepoint "GenCollectForAllocation", Time since last: 1963958460 ns, Reaching safepoint: 1030500 ns, At safepoint: 158010708 ns, Total: 159041208 ns
[2022-09-04T14:43:42.322+0000][1][safepoint    ] Safepoint "RevokeBias", Time since last: 583854000 ns, Reaching safepoint: 1195750 ns, At safepoint: 129292 ns, Total: 1325042 ns
[2022-09-04T14:43:43.325+0000][1][safepoint    ] Safepoint "Cleanup", Time since last: 1001597042 ns, Reaching safepoint: 863042 ns, At safepoint: 32291 ns, Total: 895333 ns
[2022-09-04T14:43:47.329+0000][1][safepoint    ] Safepoint "Cleanup", Time since last: 4002943627 ns, Reaching safepoint: 782792 ns, At safepoint: 27208 ns, Total: 810000 ns
[2022-09-04T14:43:49.331+0000][1][safepoint    ] Safepoint "Cleanup", Time since last: 2001853168 ns, Reaching safepoint: 870208 ns, At safepoint: 38334 ns, Total: 908542 ns
[2022-09-04T14:43:58.347+0000][1][safepoint    ] Safepoint "Cleanup", Time since last: 9014332421 ns, Reaching safepoint: 769875 ns, At safepoint: 23666 ns, Total: 793541 ns
[2022-09-04T14:43:58.562+0000][1][safepoint    ] Safepoint "RevokeBias", Time since last: 214735542 ns, Reaching safepoint: 776625 ns, At safepoint: 98708 ns, Total: 875333 ns
[2022-09-04T14:43:58.564+0000][1][safepoint    ] Safepoint "RevokeBias", Time since last: 1688459 ns, Reaching safepoint: 379000 ns, At safepoint: 102625 ns, Total: 481625 ns
[2022-09-04T14:43:59.571+0000][1][safepoint    ] Safepoint "Cleanup", Time since last: 1001789542 ns, Reaching safepoint: 3726958 ns, At safepoint: 547625 ns, Total: 4274583 ns
[2022-09-04T14:44:01.580+0000][1][safepoint    ] Safepoint "Cleanup", Time since last: 2009610917 ns, Reaching safepoint: 827875 ns, At safepoint: 32000 ns, Total: 859875 ns
[2022-09-04T14:44:02.464+0000][1][safepoint    ] Safepoint "RevokeBias", Time since last: 880706542 ns, Reaching safepoint: 1497667 ns, At safepoint: 1348250 ns, Total: 2845917 ns
[2022-09-04T14:44:02.470+0000][1][safepoint    ] Safepoint "RevokeBias", Time since last: 3419083 ns, Reaching safepoint: 2959292 ns, At safepoint: 113792 ns, Total: 3073084 ns
[2022-09-04T14:44:03.477+0000][1][safepoint    ] Safepoint "Cleanup", Time since last: 1005994250 ns, Reaching safepoint: 865375 ns, At safepoint: 22250 ns, Total: 887625 ns
[2022-09-04T14:44:10.062+0000][1][safepoint    ] Safepoint "RevokeBias", Time since last: 6583666128 ns, Reaching safepoint: 831250 ns, At safepoint: 575125 ns, Total: 1406375 ns
[2022-09-04T14:44:10.072+0000][1][safepoint    ] Safepoint "RevokeBias", Time since last: 9698958 ns, Reaching safepoint: 356584 ns, At safepoint: 99041 ns, Total: 455625 ns
[2022-09-04T14:44:10.084+0000][1][safepoint    ] Safepoint "RevokeBias", Time since last: 11021334 ns, Reaching safepoint: 646791 ns, At safepoint: 128625 ns, Total: 775416 ns
[2022-09-04T14:44:11.087+0000][1][safepoint    ] Safepoint "Cleanup", Time since last: 1001565584 ns, Reaching safepoint: 969959 ns, At safepoint: 26375 ns, Total: 996334 ns
[2022-09-04T14:44:16.586+0000][1][safepoint    ] Safepoint "RevokeBias", Time since last: 5496892961 ns, Reaching safepoint: 2029750 ns, At safepoint: 360000 ns, Total: 2389750 ns
[2022-09-04T14:44:16.599+0000][1][safepoint    ] Safepoint "RevokeBias", Time since last: 11361125 ns, Reaching safepoint: 1300500 ns, At safepoint: 284791 ns, Total: 1585291 ns
[2022-09-04T14:44:16.611+0000][1][safepoint    ] Safepoint "RevokeBias", Time since last: 10324334 ns, Reaching safepoint: 1195333 ns, At safepoint: 174292 ns, Total: 1369625 ns
[2022-09-04T14:44:16.668+0000][1][safepoint    ] Safepoint "RevokeBias", Time since last: 55932208 ns, Reaching safepoint: 961375 ns, At safepoint: 46417 ns, Total: 1007792 ns
[2022-09-04T14:44:16.670+0000][1][safepoint    ] Safepoint "RevokeBias", Time since last: 2099916 ns, Reaching safepoint: 416875 ns, At safepoint: 43917 ns, Total: 460792 ns
[2022-09-04T14:44:16.700+0000][1][safepoint    ] Safepoint "RevokeBias", Time since last: 28151083 ns, Reaching safepoint: 695209 ns, At safepoint: 549000 ns, Total: 1244209 ns
[2022-09-04T14:44:16.709+0000][1][safepoint    ] Safepoint "RevokeBias", Time since last: 8323625 ns, Reaching safepoint: 810250 ns, At safepoint: 407250 ns, Total: 1217500 ns
[2022-09-04T14:44:16.716+0000][1][safepoint    ] Safepoint "RevokeBias", Time since last: 5621500 ns, Reaching safepoint: 711958 ns, At safepoint: 206042 ns, Total: 918000 ns
[2022-09-04T14:44:16.735+0000][1][safepoint    ] Safepoint "Deoptimize", Time since last: 15993208 ns, Reaching safepoint: 583792 ns, At safepoint: 2549958 ns, Total: 3133750 ns
[2022-09-04T14:44:16.833+0000][1][safepoint    ] Safepoint "RevokeBias", Time since last: 96998417 ns, Reaching safepoint: 801416 ns, At safepoint: 97375 ns, Total: 898791 ns
[2022-09-04T14:44:16.849+0000][1][safepoint    ] Safepoint "RevokeBias", Time since last: 15363375 ns, Reaching safepoint: 548834 ns, At safepoint: 32625 ns, Total: 581459 ns
[2022-09-04T14:44:16.865+0000][1][safepoint    ] Safepoint "RevokeBias", Time since last: 15592083 ns, Reaching safepoint: 740208 ns, At safepoint: 220750 ns, Total: 960958 ns
[2022-09-04T14:44:16.869+0000][1][safepoint    ] Safepoint "RevokeBias", Time since last: 3125709 ns, Reaching safepoint: 761583 ns, At safepoint: 158042 ns, Total: 919625 ns
[2022-09-04T14:44:16.886+0000][1][safepoint    ] Safepoint "RevokeBias", Time since last: 14905583 ns, Reaching safepoint: 1482167 ns, At safepoint: 150666 ns, Total: 1632833 ns
[2022-09-04T14:44:16.920+0000][1][safepoint    ] Safepoint "RevokeBias", Time since last: 33510917 ns, Reaching safepoint: 853042 ns, At safepoint: 31458 ns, Total: 884500 ns
[2022-09-04T14:44:16.997+0000][1][safepoint    ] Safepoint "RevokeBias", Time since last: 75089250 ns, Reaching safepoint: 1168542 ns, At safepoint: 309833 ns, Total: 1478375 ns
[2022-09-04T14:44:17.013+0000][1][safepoint    ] Safepoint "RevokeBias", Time since last: 15867917 ns, Reaching safepoint: 735875 ns, At safepoint: 136333 ns, Total: 872208 ns
[2022-09-04T14:44:17.029+0000][1][safepoint    ] Safepoint "RevokeBias", Time since last: 14986542 ns, Reaching safepoint: 757083 ns, At safepoint: 222167 ns, Total: 979250 ns
[2022-09-04T14:44:18.032+0000][1][safepoint    ] Safepoint "Cleanup", Time since last: 1001437750 ns, Reaching safepoint: 830209 ns, At safepoint: 24208 ns, Total: 854417 ns
[2022-09-04T14:44:19.038+0000][1][safepoint    ] Safepoint "Cleanup", Time since last: 1002455375 ns, Reaching safepoint: 3146209 ns, At safepoint: 103750 ns, Total: 3249959 ns
[2022-09-04T14:44:20.047+0000][1][safepoint    ] Safepoint "Cleanup", Time since last: 1006858584 ns, Reaching safepoint: 2758125 ns, At safepoint: 81500 ns, Total: 2839625 ns
[2022-09-04T14:44:21.055+0000][1][safepoint    ] Safepoint "Cleanup", Time since last: 1004060167 ns, Reaching safepoint: 3220291 ns, At safepoint: 88750 ns, Total: 3309041 ns
[2022-09-04T14:44:22.058+0000][1][safepoint    ] Safepoint "Cleanup", Time since last: 1002925043 ns, Reaching safepoint: 872125 ns, At safepoint: 22291 ns, Total: 894416 ns
[2022-09-04T14:44:23.061+0000][1][safepoint    ] Safepoint "Cleanup", Time since last: 1001809667 ns, Reaching safepoint: 862792 ns, At safepoint: 31250 ns, Total: 894042 ns
[2022-09-04T14:44:24.064+0000][1][safepoint    ] Safepoint "Cleanup", Time since last: 1001981709 ns, Reaching safepoint: 1166791 ns, At safepoint: 47875 ns, Total: 1214666 ns
[2022-09-04T14:44:25.072+0000][1][safepoint    ] Safepoint "Cleanup", Time since last: 1004626084 ns, Reaching safepoint: 2691375 ns, At safepoint: 74917 ns, Total: 2766292 ns
[2022-09-04T14:44:26.079+0000][1][safepoint    ] Safepoint "Cleanup", Time since last: 1005514167 ns, Reaching safepoint: 1427625 ns, At safepoint: 27625 ns, Total: 1455250 ns
[2022-09-04T14:44:27.084+0000][1][safepoint    ] Safepoint "Cleanup", Time since last: 1003214501 ns, Reaching safepoint: 2369250 ns, At safepoint: 69500 ns, Total: 2438750 ns
[2022-09-04T14:44:28.089+0000][1][safepoint    ] Safepoint "Cleanup", Time since last: 1004335625 ns, Reaching safepoint: 858500 ns, At safepoint: 21958 ns, Total: 880458 ns
[2022-09-04T14:44:29.097+0000][1][safepoint    ] Safepoint "Cleanup", Time since last: 1003485501 ns, Reaching safepoint: 3750250 ns, At safepoint: 95583 ns, Total: 3845833 ns
[2022-09-04T14:44:30.106+0000][1][safepoint    ] Safepoint "Cleanup", Time since last: 1008203459 ns, Reaching safepoint: 1036167 ns, At safepoint: 25166 ns, Total: 1061333 ns
[2022-09-04T14:44:31.108+0000][1][safepoint    ] Safepoint "Cleanup", Time since last: 1001505167 ns, Reaching safepoint: 1179958 ns, At safepoint: 42917 ns, Total: 1222875 ns
[2022-09-04T14:44:32.114+0000][1][safepoint    ] Safepoint "Cleanup", Time since last: 1004418084 ns, Reaching safepoint: 905041 ns, At safepoint: 23500 ns, Total: 928541 ns
[2022-09-04T14:44:33.118+0000][1][safepoint    ] Safepoint "Cleanup", Time since last: 1002910751 ns, Reaching safepoint: 1125208 ns, At safepoint: 26542 ns, Total: 1151750 ns
[2022-09-04T14:44:34.121+0000][1][safepoint    ] Safepoint "Cleanup", Time since last: 1002159750 ns, Reaching safepoint: 911000 ns, At safepoint: 27292 ns, Total: 938292 ns
[2022-09-04T14:44:34.987+0000][1][safepoint    ] Safepoint "RevokeBias", Time since last: 865325500 ns, Reaching safepoint: 909917 ns, At safepoint: 110375 ns, Total: 1020292 ns
[2022-09-04T14:44:35.008+0000][1][safepoint    ] Safepoint "RevokeBias", Time since last: 20161250 ns, Reaching safepoint: 826083 ns, At safepoint: 48459 ns, Total: 874542 ns
[2022-09-04T14:44:35.029+0000][1][safepoint    ] Safepoint "RevokeBias", Time since last: 19876666 ns, Reaching safepoint: 610084 ns, At safepoint: 37166 ns, Total: 647250 ns
[2022-09-04T14:44:35.157+0000][1][safepoint    ] Safepoint "RevokeBias", Time since last: 127280459 ns, Reaching safepoint: 871041 ns, At safepoint: 105834 ns, Total: 976875 ns
[2022-09-04T14:44:35.181+0000][1][safepoint    ] Safepoint "RevokeBias", Time since last: 19745708 ns, Reaching safepoint: 4062917 ns, At safepoint: 163333 ns, Total: 4226250 ns
[2022-09-04T14:44:36.185+0000][1][safepoint    ] Safepoint "Cleanup", Time since last: 1003272417 ns, Reaching safepoint: 1200417 ns, At safepoint: 32000 ns, Total: 1232417 ns
[2022-09-04T14:44:37.189+0000][1][safepoint    ] Safepoint "Cleanup", Time since last: 1001985209 ns, Reaching safepoint: 1050333 ns, At safepoint: 23625 ns, Total: 1073958 ns
[2022-09-04T14:44:38.194+0000][1][safepoint    ] Safepoint "Cleanup", Time since last: 1004862917 ns, Reaching safepoint: 940709 ns, At safepoint: 25833 ns, Total: 966542 ns
[2022-09-04T14:44:39.199+0000][1][safepoint    ] Safepoint "Cleanup", Time since last: 1003324084 ns, Reaching safepoint: 1325583 ns, At safepoint: 35292 ns, Total: 1360875 ns
[2022-09-04T14:44:40.203+0000][1][safepoint    ] Safepoint "Cleanup", Time since last: 1003245667 ns, Reaching safepoint: 1017167 ns, At safepoint: 27250 ns, Total: 1044417 ns
[2022-09-04T14:44:41.209+0000][1][safepoint    ] Safepoint "Cleanup", Time since last: 1003836792 ns, Reaching safepoint: 1390291 ns, At safepoint: 35959 ns, Total: 1426250 ns
[2022-09-04T14:44:42.212+0000][1][safepoint    ] Safepoint "Cleanup", Time since last: 1002292334 ns, Reaching safepoint: 1092291 ns, At safepoint: 29375 ns, Total: 1121666 ns
[2022-09-04T14:44:43.217+0000][1][safepoint    ] Safepoint "Cleanup", Time since last: 1003974501 ns, Reaching safepoint: 995541 ns, At safepoint: 23417 ns, Total: 1018958 ns
[2022-09-04T14:44:44.222+0000][1][safepoint    ] Safepoint "Cleanup", Time since last: 1003341250 ns, Reaching safepoint: 1218917 ns, At safepoint: 31958 ns, Total: 1250875 ns
[2022-09-04T14:44:45.229+0000][1][safepoint    ] Safepoint "Cleanup", Time since last: 1003749876 ns, Reaching safepoint: 3420833 ns, At safepoint: 81375 ns, Total: 3502208 ns
[2022-09-04T14:44:46.236+0000][1][safepoint    ] Safepoint "Cleanup", Time since last: 1005147626 ns, Reaching safepoint: 2210333 ns, At safepoint: 55833 ns, Total: 2266166 ns
[2022-09-04T14:44:47.242+0000][1][safepoint    ] Safepoint "Cleanup", Time since last: 1004813418 ns, Reaching safepoint: 1285541 ns, At safepoint: 30500 ns, Total: 1316041 ns
[2022-09-04T14:44:48.249+0000][1][safepoint    ] Safepoint "Cleanup", Time since last: 1005198751 ns, Reaching safepoint: 1073000 ns, At safepoint: 27083 ns, Total: 1100083 ns
[2022-09-04T14:44:49.254+0000][1][safepoint    ] Safepoint "Cleanup", Time since last: 1003332917 ns, Reaching safepoint: 1519042 ns, At safepoint: 39792 ns, Total: 1558834 ns
[2022-09-04T14:44:50.260+0000][1][safepoint    ] Safepoint "Cleanup", Time since last: 1004770208 ns, Reaching safepoint: 1474750 ns, At safepoint: 36834 ns, Total: 1511584 ns
[2022-09-04T14:44:51.267+0000][1][safepoint    ] Safepoint "Cleanup", Time since last: 1004888917 ns, Reaching safepoint: 1846541 ns, At safepoint: 78000 ns, Total: 1924541 ns
[2022-09-04T14:44:52.271+0000][1][safepoint    ] Safepoint "Cleanup", Time since last: 1003173126 ns, Reaching safepoint: 980000 ns, At safepoint: 28708 ns, Total: 1008708 ns
[2022-09-04T14:44:53.276+0000][1][safepoint    ] Safepoint "Cleanup", Time since last: 1002303001 ns, Reaching safepoint: 2524708 ns, At safepoint: 80375 ns, Total: 2605083 ns
[2022-09-04T14:44:54.281+0000][1][safepoint    ] Safepoint "Cleanup", Time since last: 1004209542 ns, Reaching safepoint: 1123875 ns, At safepoint: 141417 ns, Total: 1265292 ns
[2022-09-04T14:44:55.286+0000][1][safepoint    ] Safepoint "Cleanup", Time since last: 1002995375 ns, Reaching safepoint: 1567792 ns, At safepoint: 58208 ns, Total: 1626000 ns
[2022-09-04T14:44:56.290+0000][1][safepoint    ] Safepoint "Cleanup", Time since last: 1003082376 ns, Reaching safepoint: 892875 ns, At safepoint: 25917 ns, Total: 918792 ns
[2022-09-04T14:44:57.294+0000][1][safepoint    ] Safepoint "Cleanup", Time since last: 1003512208 ns, Reaching safepoint: 1101667 ns, At safepoint: 34458 ns, Total: 1136125 ns
[2022-09-04T14:44:58.298+0000][1][safepoint    ] Safepoint "Cleanup", Time since last: 1002595459 ns, Reaching safepoint: 995709 ns, At safepoint: 23250 ns, Total: 1018959 ns
[2022-09-04T14:44:59.301+0000][1][safepoint    ] Safepoint "Cleanup", Time since last: 1001918292 ns, Reaching safepoint: 1009708 ns, At safepoint: 27000 ns, Total: 1036708 ns
[2022-09-04T14:45:00.305+0000][1][safepoint    ] Safepoint "Cleanup", Time since last: 1002222375 ns, Reaching safepoint: 1479750 ns, At safepoint: 43084 ns, Total: 1522834 ns
[2022-09-04T14:45:01.308+0000][1][safepoint    ] Safepoint "Cleanup", Time since last: 1001901167 ns, Reaching safepoint: 1634250 ns, At safepoint: 187916 ns, Total: 1822166 ns
[2022-09-04T14:45:02.313+0000][1][safepoint    ] Safepoint "Cleanup", Time since last: 1004355334 ns, Reaching safepoint: 1125125 ns, At safepoint: 26958 ns, Total: 1152083 ns
[2022-09-04T14:45:03.317+0000][1][safepoint    ] Safepoint "Cleanup", Time since last: 1002148751 ns, Reaching safepoint: 1058833 ns, At safepoint: 29959 ns, Total: 1088792 ns
[2022-09-04T14:45:04.320+0000][1][safepoint    ] Safepoint "Cleanup", Time since last: 1002714833 ns, Reaching safepoint: 947834 ns, At safepoint: 27333 ns, Total: 975167 ns
[2022-09-04T14:45:04.375+0000][1][safepoint    ] Safepoint "RevokeBias", Time since last: 53364708 ns, Reaching safepoint: 1009834 ns, At safepoint: 302041 ns, Total: 1311875 ns
[2022-09-04T14:45:04.378+0000][1][safepoint    ] Safepoint "RevokeBias", Time since last: 2050917 ns, Reaching safepoint: 415667 ns, At safepoint: 124083 ns, Total: 539750 ns
[2022-09-04T14:45:04.394+0000][1][safepoint    ] Safepoint "RevokeBias", Time since last: 15117542 ns, Reaching safepoint: 1228291 ns, At safepoint: 212375 ns, Total: 1440666 ns
[2022-09-04T14:45:04.545+0000][1][safepoint    ] Safepoint "RevokeBias", Time since last: 149559459 ns, Reaching safepoint: 1122625 ns, At safepoint: 133625 ns, Total: 1256250 ns
[2022-09-04T14:45:04.557+0000][1][safepoint    ] Safepoint "RevokeBias", Time since last: 11233167 ns, Reaching safepoint: 904500 ns, At safepoint: 138625 ns, Total: 1043125 ns
[2022-09-04T14:45:05.560+0000][1][safepoint    ] Safepoint "Cleanup", Time since last: 1001602042 ns, Reaching safepoint: 1010041 ns, At safepoint: 29459 ns, Total: 1039500 ns
[2022-09-04T14:45:06.563+0000][1][safepoint    ] Safepoint "Cleanup", Time since last: 1001804167 ns, Reaching safepoint: 1380541 ns, At safepoint: 33417 ns, Total: 1413958 ns
[2022-09-04T14:45:07.567+0000][1][safepoint    ] Safepoint "Cleanup", Time since last: 1002179376 ns, Reaching safepoint: 1880208 ns, At safepoint: 46042 ns, Total: 1926250 ns
[2022-09-04T14:45:08.571+0000][1][safepoint    ] Safepoint "Cleanup", Time since last: 1003029417 ns, Reaching safepoint: 967458 ns, At safepoint: 25833 ns, Total: 993291 ns
[2022-09-04T14:45:09.575+0000][1][safepoint    ] Safepoint "Cleanup", Time since last: 1002089168 ns, Reaching safepoint: 1092750 ns, At safepoint: 27750 ns, Total: 1120500 ns
[2022-09-04T14:45:10.581+0000][1][safepoint    ] Safepoint "Cleanup", Time since last: 1002821958 ns, Reaching safepoint: 3258959 ns, At safepoint: 80458 ns, Total: 3339417 ns
[2022-09-04T14:45:11.588+0000][1][safepoint    ] Safepoint "Cleanup", Time since last: 1004534834 ns, Reaching safepoint: 2242083 ns, At safepoint: 74625 ns, Total: 2316708 ns
[2022-09-04T14:45:12.595+0000][1][safepoint    ] Safepoint "Cleanup", Time since last: 1005889126 ns, Reaching safepoint: 1605166 ns, At safepoint: 42000 ns, Total: 1647166 ns
[2022-09-04T14:45:13.606+0000][1][safepoint    ] Safepoint "Cleanup", Time since last: 1005642584 ns, Reaching safepoint: 4679917 ns, At safepoint: 127250 ns, Total: 4807167 ns
[2022-09-04T14:45:14.620+0000][1][safepoint    ] Safepoint "Cleanup", Time since last: 1010166167 ns, Reaching safepoint: 3997417 ns, At safepoint: 109583 ns, Total: 4107000 ns
[2022-09-04T14:45:15.629+0000][1][safepoint    ] Safepoint "Cleanup", Time since last: 1005303750 ns, Reaching safepoint: 4050250 ns, At safepoint: 119625 ns, Total: 4169875 ns
[2022-09-04T14:45:16.637+0000][1][safepoint    ] Safepoint "Cleanup", Time since last: 1004525918 ns, Reaching safepoint: 3354375 ns, At safepoint: 113458 ns, Total: 3467833 ns
[2022-09-04T14:45:17.644+0000][1][safepoint    ] Safepoint "Cleanup", Time since last: 1004618042 ns, Reaching safepoint: 1551083 ns, At safepoint: 63125 ns, Total: 1614208 ns
[2022-09-04T14:45:18.650+0000][1][safepoint    ] Safepoint "Cleanup", Time since last: 1005715168 ns, Reaching safepoint: 938583 ns, At safepoint: 24083 ns, Total: 962666 ns
[2022-09-04T14:45:19.656+0000][1][safepoint    ] Safepoint "Cleanup", Time since last: 1003034167 ns, Reaching safepoint: 2450084 ns, At safepoint: 59125 ns, Total: 2509209 ns
[2022-09-04T14:45:20.663+0000][1][safepoint    ] Safepoint "Cleanup", Time since last: 1004219500 ns, Reaching safepoint: 3201959 ns, At safepoint: 93250 ns, Total: 3295209 ns
[2022-09-04T14:45:21.671+0000][1][safepoint    ] Safepoint "Cleanup", Time since last: 1003702792 ns, Reaching safepoint: 3582500 ns, At safepoint: 118666 ns, Total: 3701166 ns
[2022-09-04T14:45:22.678+0000][1][safepoint    ] Safepoint "Cleanup", Time since last: 1005856542 ns, Reaching safepoint: 1802417 ns, At safepoint: 49458 ns, Total: 1851875 ns
[2022-09-04T14:45:23.684+0000][1][safepoint    ] Safepoint "Cleanup", Time since last: 1003878876 ns, Reaching safepoint: 1968208 ns, At safepoint: 52917 ns, Total: 2021125 ns
[2022-09-04T14:45:24.690+0000][1][safepoint    ] Safepoint "Cleanup", Time since last: 1003352250 ns, Reaching safepoint: 2528750 ns, At safepoint: 92084 ns, Total: 2620834 ns
[2022-09-04T14:45:25.699+0000][1][safepoint    ] Safepoint "Cleanup", Time since last: 1004600459 ns, Reaching safepoint: 3833166 ns, At safepoint: 89250 ns, Total: 3922416 ns
[2022-09-04T14:45:26.709+0000][1][safepoint    ] Safepoint "Cleanup", Time since last: 1009252251 ns, Reaching safepoint: 1428375 ns, At safepoint: 38125 ns, Total: 1466500 ns
[2022-09-04T14:45:27.717+0000][1][safepoint    ] Safepoint "Cleanup", Time since last: 1003585375 ns, Reaching safepoint: 3344917 ns, At safepoint: 69417 ns, Total: 3414334 ns
[2022-09-04T14:45:28.726+0000][1][safepoint    ] Safepoint "Cleanup", Time since last: 1004609833 ns, Reaching safepoint: 4701375 ns, At safepoint: 297709 ns, Total: 4999084 ns
[2022-09-04T14:45:29.734+0000][1][safepoint    ] Safepoint "Cleanup", Time since last: 1004925375 ns, Reaching safepoint: 2664042 ns, At safepoint: 85375 ns, Total: 2749417 ns
[2022-09-04T14:45:30.741+0000][1][safepoint    ] Safepoint "Cleanup", Time since last: 1004468666 ns, Reaching safepoint: 2566709 ns, At safepoint: 126458 ns, Total: 2693167 ns
[2022-09-04T14:45:31.747+0000][1][safepoint    ] Safepoint "Cleanup", Time since last: 1004033584 ns, Reaching safepoint: 1816542 ns, At safepoint: 36916 ns, Total: 1853458 ns
[2022-09-04T14:45:32.750+0000][1][safepoint    ] Safepoint "Cleanup", Time since last: 1002449709 ns, Reaching safepoint: 969125 ns, At safepoint: 24833 ns, Total: 993958 ns
[2022-09-04T14:45:33.755+0000][1][safepoint    ] Safepoint "Cleanup", Time since last: 1001673834 ns, Reaching safepoint: 2631208 ns, At safepoint: 55917 ns, Total: 2687125 ns
[2022-09-04T14:45:34.762+0000][1][safepoint    ] Safepoint "Cleanup", Time since last: 1005751001 ns, Reaching safepoint: 1436583 ns, At safepoint: 34625 ns, Total: 1471208 ns
[2022-09-04T14:45:35.767+0000][1][safepoint    ] Safepoint "Cleanup", Time since last: 1002487834 ns, Reaching safepoint: 2361083 ns, At safepoint: 45875 ns, Total: 2406958 ns
[2022-09-04T14:45:37.773+0000][1][safepoint    ] Safepoint "Cleanup", Time since last: 2003170209 ns, Reaching safepoint: 3119250 ns, At safepoint: 67875 ns, Total: 3187125 ns
[2022-09-04T14:45:40.780+0000][1][safepoint    ] Safepoint "Cleanup", Time since last: 3005567960 ns, Reaching safepoint: 1120875 ns, At safepoint: 27208 ns, Total: 1148083 ns
[2022-09-04T14:45:42.783+0000][1][safepoint    ] Safepoint "Cleanup", Time since last: 2001914043 ns, Reaching safepoint: 1027625 ns, At safepoint: 24333 ns, Total: 1051958 ns
[2022-09-04T14:45:44.406+0000][1][safepoint    ] Safepoint "RevokeBias", Time since last: 1621898918 ns, Reaching safepoint: 941625 ns, At safepoint: 128208 ns, Total: 1069833 ns
[2022-09-04T14:45:44.412+0000][1][safepoint    ] Safepoint "BulkRevokeBias", Time since last: 2875209 ns, Reaching safepoint: 483916 ns, At safepoint: 2887000 ns, Total: 3370916 ns
[2022-09-04T14:45:44.475+0000][1][safepoint    ] Safepoint "RevokeBias", Time since last: 62590917 ns, Reaching safepoint: 838167 ns, At safepoint: 95083 ns, Total: 933250 ns
[2022-09-04T14:45:44.480+0000][1][safepoint    ] Safepoint "RevokeBias", Time since last: 3715792 ns, Reaching safepoint: 409625 ns, At safepoint: 81750 ns, Total: 491375 ns
[2022-09-04T14:45:44.486+0000][1][safepoint    ] Safepoint "RevokeBias", Time since last: 4960958 ns, Reaching safepoint: 1082458 ns, At safepoint: 148209 ns, Total: 1230667 ns
[2022-09-04T14:45:44.498+0000][1][safepoint    ] Safepoint "RevokeBias", Time since last: 8682791 ns, Reaching safepoint: 2632709 ns, At safepoint: 607291 ns, Total: 3240000 ns
[2022-09-04T14:45:47.358+0000][1][safepoint    ] Safepoint "RevokeBias", Time since last: 2859560502 ns, Reaching safepoint: 1005916 ns, At safepoint: 103792 ns, Total: 1109708 ns
[2022-09-04T14:45:47.362+0000][1][safepoint    ] Safepoint "RevokeBias", Time since last: 3159208 ns, Reaching safepoint: 482292 ns, At safepoint: 103833 ns, Total: 586125 ns
[2022-09-04T14:45:47.386+0000][1][safepoint    ] Safepoint "RevokeBias", Time since last: 22920667 ns, Reaching safepoint: 960917 ns, At safepoint: 143083 ns, Total: 1104000 ns
[2022-09-04T14:45:47.402+0000][1][safepoint    ] Safepoint "RevokeBias", Time since last: 14403125 ns, Reaching safepoint: 1442208 ns, At safepoint: 141750 ns, Total: 1583958 ns
[2022-09-04T14:45:54.003+0000][1][safepoint    ] Safepoint "RevokeBias", Time since last: 6600190253 ns, Reaching safepoint: 1022417 ns, At safepoint: 100292 ns, Total: 1122709 ns
[2022-09-04T14:45:54.007+0000][1][safepoint    ] Safepoint "RevokeBias", Time since last: 2645333 ns, Reaching safepoint: 449583 ns, At safepoint: 102667 ns, Total: 552250 ns
[2022-09-04T14:45:54.028+0000][1][safepoint    ] Safepoint "RevokeBias", Time since last: 20421667 ns, Reaching safepoint: 1062125 ns, At safepoint: 136791 ns, Total: 1198916 ns
[2022-09-04T14:45:54.045+0000][1][safepoint    ] Safepoint "RevokeBias", Time since last: 14081959 ns, Reaching safepoint: 2295333 ns, At safepoint: 649500 ns, Total: 2944833 ns
[2022-09-04T14:46:11.062+0000][1][safepoint    ] Safepoint "Cleanup", Time since last: 17016220049 ns, Reaching safepoint: 1084709 ns, At safepoint: 26625 ns, Total: 1111334 ns
[2022-09-04T14:46:35.080+0000][1][safepoint    ] Safepoint "Cleanup", Time since last: 24016974218 ns, Reaching safepoint: 1648000 ns, At safepoint: 34500 ns, Total: 1682500 ns
[2022-09-04T14:46:36.086+0000][1][safepoint    ] Safepoint "Cleanup", Time since last: 1004887793 ns, Reaching safepoint: 1386666 ns, At safepoint: 32000 ns, Total: 1418666 ns
[2022-09-04T14:46:37.095+0000][1][safepoint    ] Safepoint "Cleanup", Time since last: 1005586751 ns, Reaching safepoint: 3315166 ns, At safepoint: 86792 ns, Total: 3401958 ns
[2022-09-04T14:46:45.116+0000][1][safepoint    ] Safepoint "Cleanup", Time since last: 8019559962 ns, Reaching safepoint: 1482709 ns, At safepoint: 90750 ns, Total: 1573459 ns
[2022-09-04T14:46:46.120+0000][1][safepoint    ] Safepoint "Cleanup", Time since last: 1002422583 ns, Reaching safepoint: 1175542 ns, At safepoint: 28625 ns, Total: 1204167 ns
[2022-09-04T14:46:53.126+0000][1][safepoint    ] Safepoint "Cleanup", Time since last: 7005375253 ns, Reaching safepoint: 966375 ns, At safepoint: 24334 ns, Total: 990709 ns
[2022-09-04T14:46:59.137+0000][1][safepoint    ] Safepoint "Cleanup", Time since last: 6008087836 ns, Reaching safepoint: 2628458 ns, At safepoint: 108500 ns, Total: 2736958 ns
[2022-09-04T14:47:00.309+0000][1][safepoint    ] Safepoint "RevokeBias", Time since last: 1170703251 ns, Reaching safepoint: 1070583 ns, At safepoint: 230750 ns, Total: 1301333 ns
[2022-09-04T14:47:00.314+0000][1][safepoint    ] Safepoint "RevokeBias", Time since last: 3934333 ns, Reaching safepoint: 715750 ns, At safepoint: 323625 ns, Total: 1039375 ns
[2022-09-04T14:47:00.349+0000][1][safepoint    ] Safepoint "RevokeBias", Time since last: 33112375 ns, Reaching safepoint: 831250 ns, At safepoint: 124375 ns, Total: 955625 ns
[2022-09-04T14:47:00.365+0000][1][safepoint    ] Safepoint "RevokeBias", Time since last: 10270834 ns, Reaching safepoint: 5770000 ns, At safepoint: 422958 ns, Total: 6192958 ns
[2022-09-04T14:47:03.371+0000][1][safepoint    ] Safepoint "Cleanup", Time since last: 3004793418 ns, Reaching safepoint: 1310375 ns, At safepoint: 27708 ns, Total: 1338083 ns
[2022-09-04T14:47:08.376+0000][1][safepoint    ] Safepoint "Cleanup", Time since last: 5003770503 ns, Reaching safepoint: 1135333 ns, At safepoint: 24917 ns, Total: 1160250 ns
[2022-09-04T14:47:32.396+0000][1][safepoint    ] Safepoint "Cleanup", Time since last: 24019109052 ns, Reaching safepoint: 1577125 ns, At safepoint: 32250 ns, Total: 1609375 ns
[2022-09-04T14:47:33.401+0000][1][safepoint    ] Safepoint "Cleanup", Time since last: 1004138751 ns, Reaching safepoint: 1333333 ns, At safepoint: 27792 ns, Total: 1361125 ns
[2022-09-04T14:47:37.413+0000][1][safepoint    ] Safepoint "Cleanup", Time since last: 4010434960 ns, Reaching safepoint: 1224333 ns, At safepoint: 27459 ns, Total: 1251792 ns
[2022-09-04T14:47:43.420+0000][1][safepoint    ] Safepoint "Cleanup", Time since last: 6005329086 ns, Reaching safepoint: 1373833 ns, At safepoint: 58208 ns, Total: 1432041 ns
[2022-09-04T14:47:59.427+0000][1][safepoint    ] Safepoint "Cleanup", Time since last: 16005726008 ns, Reaching safepoint: 1905083 ns, At safepoint: 42042 ns, Total: 1947125 ns
[2022-09-04T14:48:00.435+0000][1][safepoint    ] Safepoint "Cleanup", Time since last: 1007170083 ns, Reaching safepoint: 860834 ns, At safepoint: 22458 ns, Total: 883292 ns
[2022-09-04T14:48:23.465+0000][1][safepoint    ] Safepoint "Cleanup", Time since last: 23027107594 ns, Reaching safepoint: 2623167 ns, At safepoint: 49333 ns, Total: 2672500 ns
[2022-09-04T14:48:32.942+0000][1][safepoint    ] Safepoint "RevokeBias", Time since last: 9475548712 ns, Reaching safepoint: 2181667 ns, At safepoint: 220167 ns, Total: 2401834 ns
[2022-09-04T14:48:33.024+0000][1][safepoint    ] Safepoint "RevokeBias", Time since last: 80889166 ns, Reaching safepoint: 909000 ns, At safepoint: 101709 ns, Total: 1010709 ns
[2022-09-04T14:48:33.027+0000][1][safepoint    ] Safepoint "RevokeBias", Time since last: 2699833 ns, Reaching safepoint: 349125 ns, At safepoint: 71375 ns, Total: 420500 ns
[2022-09-04T14:48:33.059+0000][1][safepoint    ] Safepoint "RevokeBias", Time since last: 31348208 ns, Reaching safepoint: 677042 ns, At safepoint: 102250 ns, Total: 779292 ns
[2022-09-04T14:48:33.065+0000][1][safepoint    ] Safepoint "RevokeBias", Time since last: 4641375 ns, Reaching safepoint: 389500 ns, At safepoint: 79042 ns, Total: 468542 ns
[2022-09-04T14:48:33.084+0000][1][safepoint    ] Safepoint "RevokeBias", Time since last: 18705916 ns, Reaching safepoint: 697834 ns, At safepoint: 98916 ns, Total: 796750 ns
[2022-09-04T14:48:33.087+0000][1][safepoint    ] Safepoint "RevokeBias", Time since last: 2338417 ns, Reaching safepoint: 371500 ns, At safepoint: 99792 ns, Total: 471292 ns
[2022-09-04T14:48:33.090+0000][1][safepoint    ] Safepoint "RevokeBias", Time since last: 2466208 ns, Reaching safepoint: 445500 ns, At safepoint: 136042 ns, Total: 581542 ns
[2022-09-04T14:48:33.092+0000][1][safepoint    ] Safepoint "RevokeBias", Time since last: 1222958 ns, Reaching safepoint: 423667 ns, At safepoint: 71875 ns, Total: 495542 ns
[2022-09-04T14:48:33.102+0000][1][safepoint    ] Safepoint "RevokeBias", Time since last: 9347583 ns, Reaching safepoint: 472000 ns, At safepoint: 82917 ns, Total: 554917 ns
[2022-09-04T14:48:33.130+0000][1][safepoint    ] Safepoint "RevokeBias", Time since last: 27645875 ns, Reaching safepoint: 464208 ns, At safepoint: 92958 ns, Total: 557166 ns
[2022-09-04T14:48:33.135+0000][1][safepoint    ] Safepoint "RevokeBias", Time since last: 4848876 ns, Reaching safepoint: 584791 ns, At safepoint: 82292 ns, Total: 667083 ns
[2022-09-04T14:48:33.147+0000][1][safepoint    ] Safepoint "RevokeBias", Time since last: 10265167 ns, Reaching safepoint: 937916 ns, At safepoint: 93084 ns, Total: 1031000 ns
[2022-09-04T14:48:33.980+0000][1][safepoint    ] Safepoint "RevokeBias", Time since last: 831663583 ns, Reaching safepoint: 1318042 ns, At safepoint: 118250 ns, Total: 1436292 ns
[2022-09-04T14:48:33.989+0000][1][safepoint    ] Safepoint "RevokeBias", Time since last: 8065625 ns, Reaching safepoint: 855625 ns, At safepoint: 140833 ns, Total: 996458 ns
[2022-09-04T14:48:37.491+0000][1][safepoint    ] Safepoint "RevokeBias", Time since last: 3501013419 ns, Reaching safepoint: 987583 ns, At safepoint: 148125 ns, Total: 1135708 ns
[2022-09-04T14:48:37.494+0000][1][safepoint    ] Safepoint "RevokeBias", Time since last: 2236208 ns, Reaching safepoint: 400667 ns, At safepoint: 79917 ns, Total: 480584 ns
[2022-09-04T14:48:37.504+0000][1][safepoint    ] Safepoint "RevokeBias", Time since last: 9690083 ns, Reaching safepoint: 782667 ns, At safepoint: 107416 ns, Total: 890083 ns
[2022-09-04T14:48:37.523+0000][1][safepoint    ] Safepoint "RevokeBias", Time since last: 17538917 ns, Reaching safepoint: 948792 ns, At safepoint: 123708 ns, Total: 1072500 ns
[2022-09-04T14:48:37.536+0000][1][safepoint    ] Safepoint "RevokeBias", Time since last: 12358458 ns, Reaching safepoint: 779209 ns, At safepoint: 112833 ns, Total: 892042 ns
[2022-09-04T14:48:38.024+0000][1][safepoint    ] Safepoint "RevokeBias", Time since last: 487187458 ns, Reaching safepoint: 1024292 ns, At safepoint: 107958 ns, Total: 1132250 ns
[2022-09-04T14:48:38.026+0000][1][safepoint    ] Safepoint "RevokeBias", Time since last: 1180792 ns, Reaching safepoint: 691583 ns, At safepoint: 90292 ns, Total: 781875 ns
[2022-09-04T14:48:38.030+0000][1][safepoint    ] Safepoint "RevokeBias", Time since last: 2976375 ns, Reaching safepoint: 368667 ns, At safepoint: 87792 ns, Total: 456459 ns
[2022-09-04T14:48:38.058+0000][1][safepoint    ] Safepoint "RevokeBias", Time since last: 27893625 ns, Reaching safepoint: 607333 ns, At safepoint: 100958 ns, Total: 708291 ns
[2022-09-04T14:48:38.061+0000][1][safepoint    ] Safepoint "RevokeBias", Time since last: 2522584 ns, Reaching safepoint: 382500 ns, At safepoint: 101958 ns, Total: 484458 ns
[2022-09-04T14:48:38.081+0000][1][safepoint    ] Safepoint "RevokeBias", Time since last: 19102208 ns, Reaching safepoint: 628500 ns, At safepoint: 110125 ns, Total: 738625 ns
[2022-09-04T14:48:38.084+0000][1][safepoint    ] Safepoint "RevokeBias", Time since last: 2131125 ns, Reaching safepoint: 604250 ns, At safepoint: 96584 ns, Total: 700834 ns
[2022-09-04T14:48:38.087+0000][1][safepoint    ] Safepoint "RevokeBias", Time since last: 2308500 ns, Reaching safepoint: 611875 ns, At safepoint: 98875 ns, Total: 710750 ns
[2022-09-04T14:48:38.090+0000][1][safepoint    ] Safepoint "RevokeBias", Time since last: 1828500 ns, Reaching safepoint: 990541 ns, At safepoint: 127542 ns, Total: 1118083 ns
[2022-09-04T14:48:38.104+0000][1][safepoint    ] Safepoint "RevokeBias", Time since last: 13269917 ns, Reaching safepoint: 720750 ns, At safepoint: 117375 ns, Total: 838125 ns
[2022-09-04T14:48:38.139+0000][1][safepoint    ] Safepoint "RevokeBias", Time since last: 34663375 ns, Reaching safepoint: 603166 ns, At safepoint: 107209 ns, Total: 710375 ns
[2022-09-04T14:48:38.143+0000][1][safepoint    ] Safepoint "RevokeBias", Time since last: 2694750 ns, Reaching safepoint: 487458 ns, At safepoint: 111583 ns, Total: 599041 ns
[2022-09-04T14:48:38.186+0000][1][safepoint    ] Safepoint "RevokeBias", Time since last: 42260584 ns, Reaching safepoint: 1173250 ns, At safepoint: 92083 ns, Total: 1265333 ns
[2022-09-04T14:48:39.215+0000][1][safepoint    ] Safepoint "Cleanup", Time since last: 1027916875 ns, Reaching safepoint: 952250 ns, At safepoint: 22834 ns, Total: 975084 ns
[2022-09-04T14:48:40.219+0000][1][safepoint    ] Safepoint "Cleanup", Time since last: 1002276417 ns, Reaching safepoint: 1426375 ns, At safepoint: 29333 ns, Total: 1455708 ns
[2022-09-04T14:48:41.223+0000][1][safepoint    ] Safepoint "Cleanup", Time since last: 1002500209 ns, Reaching safepoint: 1644625 ns, At safepoint: 35417 ns, Total: 1680042 ns
[2022-09-04T14:48:42.227+0000][1][safepoint    ] Safepoint "Cleanup", Time since last: 1002642584 ns, Reaching safepoint: 1461250 ns, At safepoint: 33416 ns, Total: 1494666 ns
[2022-09-04T14:48:43.232+0000][1][safepoint    ] Safepoint "Cleanup", Time since last: 1003284917 ns, Reaching safepoint: 1304459 ns, At safepoint: 31291 ns, Total: 1335750 ns
[2022-09-04T14:48:44.236+0000][1][safepoint    ] Safepoint "Cleanup", Time since last: 1002356626 ns, Reaching safepoint: 1956291 ns, At safepoint: 44417 ns, Total: 2000708 ns
[2022-09-04T14:48:45.242+0000][1][safepoint    ] Safepoint "Cleanup", Time since last: 1003066501 ns, Reaching safepoint: 2367875 ns, At safepoint: 59625 ns, Total: 2427500 ns
[2022-09-04T14:48:46.250+0000][1][safepoint    ] Safepoint "Cleanup", Time since last: 1005414375 ns, Reaching safepoint: 3224375 ns, At safepoint: 92875 ns, Total: 3317250 ns
[2022-09-04T14:48:47.257+0000][1][safepoint    ] Safepoint "Cleanup", Time since last: 1004782167 ns, Reaching safepoint: 1245584 ns, At safepoint: 30708 ns, Total: 1276292 ns
[2022-09-04T14:48:48.260+0000][1][safepoint    ] Safepoint "Cleanup", Time since last: 1002253792 ns, Reaching safepoint: 1328417 ns, At safepoint: 33125 ns, Total: 1361542 ns
[2022-09-04T14:48:49.265+0000][1][safepoint    ] Safepoint "Cleanup", Time since last: 1003023917 ns, Reaching safepoint: 1384458 ns, At safepoint: 36000 ns, Total: 1420458 ns
[2022-09-04T14:48:50.269+0000][1][safepoint    ] Safepoint "Cleanup", Time since last: 1003221376 ns, Reaching safepoint: 1400875 ns, At safepoint: 33375 ns, Total: 1434250 ns
[2022-09-04T14:48:51.275+0000][1][safepoint    ] Safepoint "Cleanup", Time since last: 1004017667 ns, Reaching safepoint: 1435750 ns, At safepoint: 33500 ns, Total: 1469250 ns
[2022-09-04T14:48:52.281+0000][1][safepoint    ] Safepoint "Cleanup", Time since last: 1004712625 ns, Reaching safepoint: 1330584 ns, At safepoint: 33583 ns, Total: 1364167 ns
[2022-09-04T14:48:53.285+0000][1][safepoint    ] Safepoint "Cleanup", Time since last: 1003063459 ns, Reaching safepoint: 1038333 ns, At safepoint: 24458 ns, Total: 1062791 ns
[2022-09-04T14:48:54.288+0000][1][safepoint    ] Safepoint "Cleanup", Time since last: 1001766959 ns, Reaching safepoint: 1096709 ns, At safepoint: 24083 ns, Total: 1120792 ns
[2022-09-04T14:48:55.291+0000][1][safepoint    ] Safepoint "Cleanup", Time since last: 1001734959 ns, Reaching safepoint: 1752375 ns, At safepoint: 40125 ns, Total: 1792500 ns
[2022-09-04T14:48:56.295+0000][1][safepoint    ] Safepoint "Cleanup", Time since last: 1002746834 ns, Reaching safepoint: 911375 ns, At safepoint: 20875 ns, Total: 932250 ns
[2022-09-04T14:48:57.297+0000][1][safepoint    ] Safepoint "Cleanup", Time since last: 1001616833 ns, Reaching safepoint: 856292 ns, At safepoint: 20750 ns, Total: 877042 ns
[2022-09-04T14:48:58.301+0000][1][safepoint    ] Safepoint "Cleanup", Time since last: 1002176542 ns, Reaching safepoint: 890167 ns, At safepoint: 19667 ns, Total: 909834 ns
[2022-09-04T14:48:59.303+0000][1][safepoint    ] Safepoint "Cleanup", Time since last: 1001688375 ns, Reaching safepoint: 922542 ns, At safepoint: 22750 ns, Total: 945292 ns
[2022-09-04T14:49:00.306+0000][1][safepoint    ] Safepoint "Cleanup", Time since last: 1001957167 ns, Reaching safepoint: 942625 ns, At safepoint: 20250 ns, Total: 962875 ns
[2022-09-04T14:49:01.309+0000][1][safepoint    ] Safepoint "Cleanup", Time since last: 1002075666 ns, Reaching safepoint: 1447750 ns, At safepoint: 32792 ns, Total: 1480542 ns
[2022-09-04T14:49:02.312+0000][1][safepoint    ] Safepoint "Cleanup", Time since last: 1002318708 ns, Reaching safepoint: 1009709 ns, At safepoint: 23791 ns, Total: 1033500 ns
[2022-09-04T14:49:03.569+0000][1][safepoint    ] Safepoint "Cleanup", Time since last: 1254520668 ns, Reaching safepoint: 1657125 ns, At safepoint: 38958 ns, Total: 1696083 ns
[2022-09-04T14:49:04.578+0000][1][safepoint    ] Safepoint "Cleanup", Time since last: 1004482751 ns, Reaching safepoint: 4324416 ns, At safepoint: 122584 ns, Total: 4447000 ns
[2022-09-04T14:49:05.584+0000][1][safepoint    ] Safepoint "Cleanup", Time since last: 1004792333 ns, Reaching safepoint: 1374042 ns, At safepoint: 49458 ns, Total: 1423500 ns
[2022-09-04T14:49:06.589+0000][1][safepoint    ] Safepoint "Cleanup", Time since last: 1002086709 ns, Reaching safepoint: 2584125 ns, At safepoint: 102792 ns, Total: 2686917 ns
[2022-09-04T14:49:07.598+0000][1][safepoint    ] Safepoint "Cleanup", Time since last: 1006993875 ns, Reaching safepoint: 1976709 ns, At safepoint: 47833 ns, Total: 2024542 ns
[2022-09-04T14:49:08.604+0000][1][safepoint    ] Safepoint "Cleanup", Time since last: 1004866667 ns, Reaching safepoint: 1008958 ns, At safepoint: 22542 ns, Total: 1031500 ns
[2022-09-04T14:49:09.607+0000][1][safepoint    ] Safepoint "Cleanup", Time since last: 1002300876 ns, Reaching safepoint: 1551833 ns, At safepoint: 41292 ns, Total: 1593125 ns
[2022-09-04T14:49:10.612+0000][1][safepoint    ] Safepoint "Cleanup", Time since last: 1003042833 ns, Reaching safepoint: 1161875 ns, At safepoint: 23709 ns, Total: 1185584 ns
[2022-09-04T14:49:11.615+0000][1][safepoint    ] Safepoint "Cleanup", Time since last: 1001564750 ns, Reaching safepoint: 1446875 ns, At safepoint: 48334 ns, Total: 1495209 ns
[2022-09-04T14:49:12.622+0000][1][safepoint    ] Safepoint "Cleanup", Time since last: 1004745375 ns, Reaching safepoint: 2284750 ns, At safepoint: 71042 ns, Total: 2355792 ns
[2022-09-04T14:49:13.631+0000][1][safepoint    ] Safepoint "Cleanup", Time since last: 1004818667 ns, Reaching safepoint: 3890000 ns, At safepoint: 97958 ns, Total: 3987958 ns
[2022-09-04T14:49:14.644+0000][1][safepoint    ] Safepoint "Cleanup", Time since last: 1008794709 ns, Reaching safepoint: 4295375 ns, At safepoint: 86792 ns, Total: 4382167 ns
[2022-09-04T14:49:15.651+0000][1][safepoint    ] Safepoint "Cleanup", Time since last: 1005855667 ns, Reaching safepoint: 1027541 ns, At safepoint: 23459 ns, Total: 1051000 ns
[2022-09-04T14:49:16.657+0000][1][safepoint    ] Safepoint "Cleanup", Time since last: 1003774292 ns, Reaching safepoint: 2364750 ns, At safepoint: 65167 ns, Total: 2429917 ns
[2022-09-04T14:49:17.663+0000][1][safepoint    ] Safepoint "Cleanup", Time since last: 1004279958 ns, Reaching safepoint: 2017334 ns, At safepoint: 104375 ns, Total: 2121709 ns
[2022-09-04T14:49:18.079+0000][1][gc,start     ] GC(17) Pause Young (Allocation Failure)
[2022-09-04T14:49:18.083+0000][1][gc,task      ] GC(17) Using 4 workers of 4 for evacuation
[2022-09-04T14:49:18.194+0000][1][gc,age       ] GC(17) Desired survivor size 8945664 bytes, new threshold 6 (max threshold 6)
[2022-09-04T14:49:18.195+0000][1][gc,age       ] GC(17) Age table with threshold 6 (max threshold 6)
[2022-09-04T14:49:18.197+0000][1][gc,age       ] GC(17) - age   1:     646224 bytes,     646224 total
[2022-09-04T14:49:18.198+0000][1][gc,age       ] GC(17) - age   2:    5382488 bytes,    6028712 total
[2022-09-04T14:49:18.201+0000][1][gc,heap      ] GC(17) ParNew: 157247K->8448K(157248K)
[2022-09-04T14:49:18.202+0000][1][gc,heap      ] GC(17) CMS: 56037K->61563K(349568K)
[2022-09-04T14:49:18.203+0000][1][gc,metaspace ] GC(17) Metaspace: 82657K->82657K(1124352K)
[2022-09-04T14:49:18.205+0000][1][gc           ] GC(17) Pause Young (Allocation Failure) 208M->68M(494M) 126.574ms
[2022-09-04T14:49:18.207+0000][1][gc,cpu       ] GC(17) User=0.33s Sys=0.03s Real=0.13s
[2022-09-04T14:49:18.208+0000][1][safepoint    ] Safepoint "GenCollectForAllocation", Time since last: 413621250 ns, Reaching safepoint: 1139292 ns, At safepoint: 129643583 ns, Total: 130782875 ns
[2022-09-04T14:49:19.211+0000][1][safepoint    ] Safepoint "Cleanup", Time since last: 1001630292 ns, Reaching safepoint: 1787125 ns, At safepoint: 44875 ns, Total: 1832000 ns
[2022-09-04T14:49:20.215+0000][1][safepoint    ] Safepoint "Cleanup", Time since last: 1002708417 ns, Reaching safepoint: 890334 ns, At safepoint: 23458 ns, Total: 913792 ns
[2022-09-04T14:49:21.220+0000][1][safepoint    ] Safepoint "Cleanup", Time since last: 1002621042 ns, Reaching safepoint: 2418292 ns, At safepoint: 57916 ns, Total: 2476208 ns
[2022-09-04T14:49:22.234+0000][1][safepoint    ] Safepoint "Cleanup", Time since last: 1012407876 ns, Reaching safepoint: 1914375 ns, At safepoint: 82750 ns, Total: 1997125 ns
[2022-09-04T14:49:23.338+0000][1][safepoint    ] Safepoint "Cleanup", Time since last: 1102784292 ns, Reaching safepoint: 949792 ns, At safepoint: 21416 ns, Total: 971208 ns
[2022-09-04T14:49:24.341+0000][1][safepoint    ] Safepoint "Cleanup", Time since last: 1001842793 ns, Reaching safepoint: 1130583 ns, At safepoint: 24250 ns, Total: 1154833 ns
[2022-09-04T14:49:25.345+0000][1][safepoint    ] Safepoint "Cleanup", Time since last: 1002329292 ns, Reaching safepoint: 1440750 ns, At safepoint: 62625 ns, Total: 1503375 ns
[2022-09-04T14:49:26.349+0000][1][safepoint    ] Safepoint "Cleanup", Time since last: 1002761084 ns, Reaching safepoint: 1081875 ns, At safepoint: 25417 ns, Total: 1107292 ns
[2022-09-04T14:49:27.353+0000][1][safepoint    ] Safepoint "Cleanup", Time since last: 1001950875 ns, Reaching safepoint: 1986042 ns, At safepoint: 45666 ns, Total: 2031708 ns
[2022-09-04T14:49:28.358+0000][1][safepoint    ] Safepoint "Cleanup", Time since last: 1004605584 ns, Reaching safepoint: 1016959 ns, At safepoint: 25416 ns, Total: 1042375 ns
[2022-09-04T14:49:29.364+0000][1][safepoint    ] Safepoint "Cleanup", Time since last: 1004210667 ns, Reaching safepoint: 1034209 ns, At safepoint: 25583 ns, Total: 1059792 ns
[2022-09-04T14:49:30.366+0000][1][safepoint    ] Safepoint "Cleanup", Time since last: 1001782459 ns, Reaching safepoint: 998625 ns, At safepoint: 25833 ns, Total: 1024458 ns
[2022-09-04T14:49:31.374+0000][1][safepoint    ] Safepoint "Cleanup", Time since last: 1004359000 ns, Reaching safepoint: 3351750 ns, At safepoint: 134417 ns, Total: 3486167 ns
[2022-09-04T14:49:32.379+0000][1][safepoint    ] Safepoint "Cleanup", Time since last: 1004447292 ns, Reaching safepoint: 975583 ns, At safepoint: 49250 ns, Total: 1024833 ns
[2022-09-04T14:49:33.384+0000][1][safepoint    ] Safepoint "Cleanup", Time since last: 1003284084 ns, Reaching safepoint: 979750 ns, At safepoint: 23375 ns, Total: 1003125 ns
[2022-09-04T14:49:34.388+0000][1][safepoint    ] Safepoint "Cleanup", Time since last: 1002773084 ns, Reaching safepoint: 1705583 ns, At safepoint: 35542 ns, Total: 1741125 ns
[2022-09-04T14:49:35.393+0000][1][safepoint    ] Safepoint "Cleanup", Time since last: 1002941084 ns, Reaching safepoint: 2016625 ns, At safepoint: 42708 ns, Total: 2059333 ns
[2022-09-04T14:49:36.398+0000][1][safepoint    ] Safepoint "Cleanup", Time since last: 1003249459 ns, Reaching safepoint: 1303000 ns, At safepoint: 31458 ns, Total: 1334458 ns
[2022-09-04T14:49:37.404+0000][1][safepoint    ] Safepoint "Cleanup", Time since last: 1003961334 ns, Reaching safepoint: 1820334 ns, At safepoint: 44541 ns, Total: 1864875 ns
[2022-09-04T14:49:38.409+0000][1][safepoint    ] Safepoint "Cleanup", Time since last: 1004692917 ns, Reaching safepoint: 1156375 ns, At safepoint: 29375 ns, Total: 1185750 ns
[2022-09-04T14:49:39.416+0000][1][safepoint    ] Safepoint "Cleanup", Time since last: 1005350792 ns, Reaching safepoint: 1605750 ns, At safepoint: 37417 ns, Total: 1643167 ns
[2022-09-04T14:49:40.422+0000][1][safepoint    ] Safepoint "Cleanup", Time since last: 1003704751 ns, Reaching safepoint: 1433083 ns, At safepoint: 61750 ns, Total: 1494833 ns
[2022-09-04T14:49:41.428+0000][1][safepoint    ] Safepoint "Cleanup", Time since last: 1004517750 ns, Reaching safepoint: 2196792 ns, At safepoint: 101208 ns, Total: 2298000 ns
[2022-09-04T14:49:42.437+0000][1][safepoint    ] Safepoint "Cleanup", Time since last: 1005431251 ns, Reaching safepoint: 3458083 ns, At safepoint: 113834 ns, Total: 3571917 ns
[2022-09-04T14:49:43.447+0000][1][safepoint    ] Safepoint "Cleanup", Time since last: 1006046792 ns, Reaching safepoint: 3118625 ns, At safepoint: 63958 ns, Total: 3182583 ns
[2022-09-04T14:49:44.452+0000][1][safepoint    ] Safepoint "Cleanup", Time since last: 1003897709 ns, Reaching safepoint: 1896250 ns, At safepoint: 43500 ns, Total: 1939750 ns
[2022-09-04T14:49:45.461+0000][1][safepoint    ] Safepoint "Cleanup", Time since last: 1007428500 ns, Reaching safepoint: 1238625 ns, At safepoint: 26792 ns, Total: 1265417 ns
[2022-09-04T14:49:46.464+0000][1][safepoint    ] Safepoint "Cleanup", Time since last: 1001960001 ns, Reaching safepoint: 1312000 ns, At safepoint: 42208 ns, Total: 1354208 ns
[2022-09-04T14:49:47.475+0000][1][safepoint    ] Safepoint "Cleanup", Time since last: 1005757334 ns, Reaching safepoint: 4978041 ns, At safepoint: 117750 ns, Total: 5095791 ns
[2022-09-04T14:49:48.483+0000][1][safepoint    ] Safepoint "Cleanup", Time since last: 1006380959 ns, Reaching safepoint: 979125 ns, At safepoint: 17708 ns, Total: 996833 ns
[2022-09-04T14:49:49.488+0000][1][safepoint    ] Safepoint "Cleanup", Time since last: 1002848043 ns, Reaching safepoint: 2444791 ns, At safepoint: 84667 ns, Total: 2529458 ns
[2022-09-04T14:49:50.495+0000][1][safepoint    ] Safepoint "Cleanup", Time since last: 1004523459 ns, Reaching safepoint: 2515125 ns, At safepoint: 54833 ns, Total: 2569958 ns
[2022-09-04T14:49:51.506+0000][1][safepoint    ] Safepoint "Cleanup", Time since last: 1008560042 ns, Reaching safepoint: 2539084 ns, At safepoint: 55125 ns, Total: 2594209 ns
[2022-09-04T14:49:52.521+0000][1][safepoint    ] Safepoint "Cleanup", Time since last: 1012361917 ns, Reaching safepoint: 2672708 ns, At safepoint: 54375 ns, Total: 2727083 ns
[2022-09-04T14:49:54.368+0000][1][safepoint    ] Safepoint "Cleanup", Time since last: 1845398584 ns, Reaching safepoint: 1341584 ns, At safepoint: 33041 ns, Total: 1374625 ns
[2022-09-04T14:49:55.373+0000][1][safepoint    ] Safepoint "Cleanup", Time since last: 1003121834 ns, Reaching safepoint: 1347208 ns, At safepoint: 34750 ns, Total: 1381958 ns
[2022-09-04T14:49:56.376+0000][1][safepoint    ] Safepoint "Cleanup", Time since last: 1002514793 ns, Reaching safepoint: 892208 ns, At safepoint: 24333 ns, Total: 916541 ns
[2022-09-04T14:49:57.381+0000][1][safepoint    ] Safepoint "Cleanup", Time since last: 1001490084 ns, Reaching safepoint: 2792583 ns, At safepoint: 74584 ns, Total: 2867167 ns
[2022-09-04T14:49:57.980+0000][1][safepoint    ] Safepoint "RevokeBias", Time since last: 588803875 ns, Reaching safepoint: 2070708 ns, At safepoint: 8517667 ns, Total: 10588375 ns
[2022-09-04T14:49:57.991+0000][1][safepoint    ] Safepoint "RevokeBias", Time since last: 10099917 ns, Reaching safepoint: 1094583 ns, At safepoint: 304917 ns, Total: 1399500 ns
[2022-09-04T14:49:58.100+0000][1][safepoint    ] Safepoint "RevokeBias", Time since last: 107579166 ns, Reaching safepoint: 890084 ns, At safepoint: 124541 ns, Total: 1014625 ns
[2022-09-04T14:49:58.130+0000][1][safepoint    ] Safepoint "RevokeBias", Time since last: 28309917 ns, Reaching safepoint: 1422625 ns, At safepoint: 232250 ns, Total: 1654875 ns
[2022-09-04T14:49:59.135+0000][1][safepoint    ] Safepoint "Cleanup", Time since last: 1003671876 ns, Reaching safepoint: 1314708 ns, At safepoint: 20375 ns, Total: 1335083 ns
[2022-09-04T14:50:00.138+0000][1][safepoint    ] Safepoint "Cleanup", Time since last: 1001704209 ns, Reaching safepoint: 1047708 ns, At safepoint: 26833 ns, Total: 1074541 ns
[2022-09-04T14:50:01.142+0000][1][safepoint    ] Safepoint "Cleanup", Time since last: 1001897333 ns, Reaching safepoint: 2782167 ns, At safepoint: 72958 ns, Total: 2855125 ns
[2022-09-04T14:50:02.150+0000][1][safepoint    ] Safepoint "Cleanup", Time since last: 1006858001 ns, Reaching safepoint: 1153333 ns, At safepoint: 31333 ns, Total: 1184666 ns
[2022-09-04T14:50:03.156+0000][1][safepoint    ] Safepoint "Cleanup", Time since last: 1004268959 ns, Reaching safepoint: 1176834 ns, At safepoint: 25541 ns, Total: 1202375 ns
[2022-09-04T14:50:04.162+0000][1][safepoint    ] Safepoint "Cleanup", Time since last: 1005166876 ns, Reaching safepoint: 1002375 ns, At safepoint: 23875 ns, Total: 1026250 ns
[2022-09-04T14:50:05.167+0000][1][safepoint    ] Safepoint "Cleanup", Time since last: 1002717000 ns, Reaching safepoint: 1800750 ns, At safepoint: 52625 ns, Total: 1853375 ns
[2022-09-04T14:50:06.172+0000][1][safepoint    ] Safepoint "Cleanup", Time since last: 1004255792 ns, Reaching safepoint: 910584 ns, At safepoint: 24208 ns, Total: 934792 ns
[2022-09-04T14:50:07.178+0000][1][safepoint    ] Safepoint "Cleanup", Time since last: 1004257000 ns, Reaching safepoint: 1916125 ns, At safepoint: 47834 ns, Total: 1963959 ns
[2022-09-04T14:50:08.185+0000][1][safepoint    ] Safepoint "Cleanup", Time since last: 1005735750 ns, Reaching safepoint: 891334 ns, At safepoint: 24041 ns, Total: 915375 ns
[2022-09-04T14:50:09.187+0000][1][safepoint    ] Safepoint "Cleanup", Time since last: 1001668584 ns, Reaching safepoint: 1075583 ns, At safepoint: 22625 ns, Total: 1098208 ns
[2022-09-04T14:50:10.190+0000][1][safepoint    ] Safepoint "Cleanup", Time since last: 1001732168 ns, Reaching safepoint: 1143541 ns, At safepoint: 28125 ns, Total: 1171666 ns
[2022-09-04T14:50:11.194+0000][1][safepoint    ] Safepoint "Cleanup", Time since last: 1001884084 ns, Reaching safepoint: 1973208 ns, At safepoint: 46417 ns, Total: 2019625 ns
[2022-09-04T14:50:12.198+0000][1][safepoint    ] Safepoint "Cleanup", Time since last: 1003288625 ns, Reaching safepoint: 897542 ns, At safepoint: 22458 ns, Total: 920000 ns
[2022-09-04T14:50:13.201+0000][1][safepoint    ] Safepoint "Cleanup", Time since last: 1001925209 ns, Reaching safepoint: 1170417 ns, At safepoint: 27917 ns, Total: 1198334 ns
[2022-09-04T14:50:14.206+0000][1][safepoint    ] Safepoint "Cleanup", Time since last: 1003666875 ns, Reaching safepoint: 928542 ns, At safepoint: 26166 ns, Total: 954708 ns
[2022-09-04T14:50:15.213+0000][1][safepoint    ] Safepoint "Cleanup", Time since last: 1003385209 ns, Reaching safepoint: 2924584 ns, At safepoint: 78208 ns, Total: 3002792 ns
[2022-09-04T14:50:16.222+0000][1][safepoint    ] Safepoint "Cleanup", Time since last: 1008012500 ns, Reaching safepoint: 1148542 ns, At safepoint: 26917 ns, Total: 1175459 ns
[2022-09-04T14:50:17.226+0000][1][safepoint    ] Safepoint "Cleanup", Time since last: 1001730375 ns, Reaching safepoint: 2030417 ns, At safepoint: 65167 ns, Total: 2095584 ns
[2022-09-04T14:50:18.231+0000][1][safepoint    ] Safepoint "Cleanup", Time since last: 1004095458 ns, Reaching safepoint: 944167 ns, At safepoint: 22792 ns, Total: 966959 ns
[2022-09-04T14:50:19.235+0000][1][safepoint    ] Safepoint "Cleanup", Time since last: 1002787667 ns, Reaching safepoint: 1457875 ns, At safepoint: 31792 ns, Total: 1489667 ns
[2022-09-04T14:50:20.239+0000][1][safepoint    ] Safepoint "Cleanup", Time since last: 1002115667 ns, Reaching safepoint: 1956250 ns, At safepoint: 104458 ns, Total: 2060708 ns
[2022-09-04T14:50:21.246+0000][1][safepoint    ] Safepoint "Cleanup", Time since last: 1003381417 ns, Reaching safepoint: 3492708 ns, At safepoint: 84334 ns, Total: 3577042 ns
[2022-09-04T14:50:22.252+0000][1][safepoint    ] Safepoint "Cleanup", Time since last: 1004976834 ns, Reaching safepoint: 880583 ns, At safepoint: 21333 ns, Total: 901916 ns
[2022-09-04T14:50:23.256+0000][1][safepoint    ] Safepoint "Cleanup", Time since last: 1003569126 ns, Reaching safepoint: 995541 ns, At safepoint: 25792 ns, Total: 1021333 ns
[2022-09-04T14:50:24.260+0000][1][safepoint    ] Safepoint "Cleanup", Time since last: 1002106042 ns, Reaching safepoint: 1081959 ns, At safepoint: 26041 ns, Total: 1108000 ns
[2022-09-04T14:50:25.264+0000][1][safepoint    ] Safepoint "Cleanup", Time since last: 1002374001 ns, Reaching safepoint: 1721500 ns, At safepoint: 49791 ns, Total: 1771291 ns
[2022-09-04T14:50:26.268+0000][1][safepoint    ] Safepoint "Cleanup", Time since last: 1002954834 ns, Reaching safepoint: 994959 ns, At safepoint: 24000 ns, Total: 1018959 ns
[2022-09-04T14:50:27.271+0000][1][safepoint    ] Safepoint "Cleanup", Time since last: 1002275250 ns, Reaching safepoint: 1211333 ns, At safepoint: 28000 ns, Total: 1239333 ns
[2022-09-04T14:50:28.276+0000][1][safepoint    ] Safepoint "Cleanup", Time since last: 1003514417 ns, Reaching safepoint: 965625 ns, At safepoint: 23250 ns, Total: 988875 ns
[2022-09-04T14:50:29.279+0000][1][safepoint    ] Safepoint "Cleanup", Time since last: 1001913334 ns, Reaching safepoint: 1013709 ns, At safepoint: 21291 ns, Total: 1035000 ns
[2022-09-04T14:50:30.282+0000][1][safepoint    ] Safepoint "Cleanup", Time since last: 1001886917 ns, Reaching safepoint: 1208250 ns, At safepoint: 30542 ns, Total: 1238792 ns
[2022-09-04T14:50:31.286+0000][1][safepoint    ] Safepoint "Cleanup", Time since last: 1003209166 ns, Reaching safepoint: 1670834 ns, At safepoint: 39875 ns, Total: 1710709 ns
[2022-09-04T14:50:32.290+0000][1][safepoint    ] Safepoint "Cleanup", Time since last: 1002508167 ns, Reaching safepoint: 983125 ns, At safepoint: 23708 ns, Total: 1006833 ns
[2022-09-04T14:50:33.293+0000][1][safepoint    ] Safepoint "Cleanup", Time since last: 1001857542 ns, Reaching safepoint: 982584 ns, At safepoint: 21958 ns, Total: 1004542 ns
[2022-09-04T14:50:34.296+0000][1][safepoint    ] Safepoint "Cleanup", Time since last: 1002497709 ns, Reaching safepoint: 1010000 ns, At safepoint: 24000 ns, Total: 1034000 ns
[2022-09-04T14:50:35.299+0000][1][safepoint    ] Safepoint "Cleanup", Time since last: 1001695334 ns, Reaching safepoint: 1621625 ns, At safepoint: 34041 ns, Total: 1655666 ns
[2022-09-04T14:50:36.302+0000][1][safepoint    ] Safepoint "Cleanup", Time since last: 1001603209 ns, Reaching safepoint: 1031917 ns, At safepoint: 25708 ns, Total: 1057625 ns
[2022-09-04T14:50:37.305+0000][1][safepoint    ] Safepoint "Cleanup", Time since last: 1001552167 ns, Reaching safepoint: 1093292 ns, At safepoint: 26166 ns, Total: 1119458 ns
[2022-09-04T14:50:38.310+0000][1][safepoint    ] Safepoint "Cleanup", Time since last: 1003954168 ns, Reaching safepoint: 921791 ns, At safepoint: 25125 ns, Total: 946916 ns
[2022-09-04T14:50:39.315+0000][1][safepoint    ] Safepoint "Cleanup", Time since last: 1003640459 ns, Reaching safepoint: 1298125 ns, At safepoint: 47083 ns, Total: 1345208 ns
[2022-09-04T14:50:40.317+0000][1][safepoint    ] Safepoint "Cleanup", Time since last: 1001745084 ns, Reaching safepoint: 889750 ns, At safepoint: 29375 ns, Total: 919125 ns
[2022-09-04T14:50:41.320+0000][1][safepoint    ] Safepoint "Cleanup", Time since last: 1001475042 ns, Reaching safepoint: 1228667 ns, At safepoint: 25083 ns, Total: 1253750 ns
[2022-09-04T14:50:42.323+0000][1][safepoint    ] Safepoint "Cleanup", Time since last: 1001666584 ns, Reaching safepoint: 979584 ns, At safepoint: 23333 ns, Total: 1002917 ns
[2022-09-04T14:50:43.326+0000][1][safepoint    ] Safepoint "Cleanup", Time since last: 1001810625 ns, Reaching safepoint: 1001834 ns, At safepoint: 23041 ns, Total: 1024875 ns
[2022-09-04T14:50:44.330+0000][1][safepoint    ] Safepoint "Cleanup", Time since last: 1003208793 ns, Reaching safepoint: 986375 ns, At safepoint: 24708 ns, Total: 1011083 ns
[2022-09-04T14:50:45.335+0000][1][safepoint    ] Safepoint "Cleanup", Time since last: 1003978625 ns, Reaching safepoint: 836917 ns, At safepoint: 24500 ns, Total: 861417 ns
[2022-09-04T14:50:46.337+0000][1][safepoint    ] Safepoint "Cleanup", Time since last: 1001656000 ns, Reaching safepoint: 1044625 ns, At safepoint: 26750 ns, Total: 1071375 ns
[2022-09-04T14:50:47.342+0000][1][safepoint    ] Safepoint "Cleanup", Time since last: 1003422876 ns, Reaching safepoint: 1057250 ns, At safepoint: 25875 ns, Total: 1083125 ns
[2022-09-04T14:50:48.344+0000][1][safepoint    ] Safepoint "Cleanup", Time since last: 1001726084 ns, Reaching safepoint: 908291 ns, At safepoint: 23584 ns, Total: 931875 ns
[2022-09-04T14:50:49.351+0000][1][safepoint    ] Safepoint "Cleanup", Time since last: 1005720334 ns, Reaching safepoint: 860250 ns, At safepoint: 21458 ns, Total: 881708 ns
[2022-09-04T14:50:50.355+0000][1][safepoint    ] Safepoint "Cleanup", Time since last: 1003323292 ns, Reaching safepoint: 961083 ns, At safepoint: 21917 ns, Total: 983000 ns
[2022-09-04T14:50:51.361+0000][1][safepoint    ] Safepoint "Cleanup", Time since last: 1004341959 ns, Reaching safepoint: 1016833 ns, At safepoint: 27542 ns, Total: 1044375 ns
[2022-09-04T14:50:52.364+0000][1][safepoint    ] Safepoint "Cleanup", Time since last: 1002760000 ns, Reaching safepoint: 912959 ns, At safepoint: 24583 ns, Total: 937542 ns
[2022-09-04T14:50:53.368+0000][1][safepoint    ] Safepoint "Cleanup", Time since last: 1001998500 ns, Reaching safepoint: 1099834 ns, At safepoint: 26625 ns, Total: 1126459 ns
[2022-09-04T14:50:54.371+0000][1][safepoint    ] Safepoint "Cleanup", Time since last: 1002409000 ns, Reaching safepoint: 1064667 ns, At safepoint: 46833 ns, Total: 1111500 ns
[2022-09-04T14:50:55.375+0000][1][safepoint    ] Safepoint "Cleanup", Time since last: 1002447084 ns, Reaching safepoint: 948542 ns, At safepoint: 24125 ns, Total: 972667 ns
[2022-09-04T14:50:56.378+0000][1][safepoint    ] Safepoint "Cleanup", Time since last: 1002902542 ns, Reaching safepoint: 965000 ns, At safepoint: 22500 ns, Total: 987500 ns
[2022-09-04T14:50:57.387+0000][1][safepoint    ] Safepoint "Cleanup", Time since last: 1002511959 ns, Reaching safepoint: 3985166 ns, At safepoint: 221834 ns, Total: 4207000 ns
[2022-09-04T14:50:58.394+0000][1][safepoint    ] Safepoint "Cleanup", Time since last: 1008083959 ns, Reaching safepoint: 968083 ns, At safepoint: 25500 ns, Total: 993583 ns
[2022-09-04T14:50:59.397+0000][1][safepoint    ] Safepoint "Cleanup", Time since last: 1001891667 ns, Reaching safepoint: 885833 ns, At safepoint: 19500 ns, Total: 905333 ns
[2022-09-04T14:51:00.399+0000][1][safepoint    ] Safepoint "Cleanup", Time since last: 1001698083 ns, Reaching safepoint: 986167 ns, At safepoint: 23083 ns, Total: 1009250 ns
[2022-09-04T14:51:01.402+0000][1][safepoint    ] Safepoint "Cleanup", Time since last: 1001403167 ns, Reaching safepoint: 1142292 ns, At safepoint: 28750 ns, Total: 1171042 ns
[2022-09-04T14:51:02.406+0000][1][safepoint    ] Safepoint "Cleanup", Time since last: 1003058959 ns, Reaching safepoint: 1034291 ns, At safepoint: 21625 ns, Total: 1055916 ns
[2022-09-04T14:51:03.409+0000][1][safepoint    ] Safepoint "Cleanup", Time since last: 1002369001 ns, Reaching safepoint: 953583 ns, At safepoint: 22167 ns, Total: 975750 ns
[2022-09-04T14:51:04.414+0000][1][safepoint    ] Safepoint "Cleanup", Time since last: 1003496042 ns, Reaching safepoint: 1256375 ns, At safepoint: 30208 ns, Total: 1286583 ns
[2022-09-04T14:51:05.418+0000][1][safepoint    ] Safepoint "Cleanup", Time since last: 1002679793 ns, Reaching safepoint: 889541 ns, At safepoint: 20459 ns, Total: 910000 ns
[2022-09-04T14:51:06.420+0000][1][safepoint    ] Safepoint "Cleanup", Time since last: 1001809708 ns, Reaching safepoint: 836584 ns, At safepoint: 22125 ns, Total: 858709 ns
[2022-09-04T14:51:07.428+0000][1][safepoint    ] Safepoint "Cleanup", Time since last: 1005378292 ns, Reaching safepoint: 1936208 ns, At safepoint: 44625 ns, Total: 1980833 ns
[2022-09-04T14:51:08.437+0000][1][safepoint    ] Safepoint "Cleanup", Time since last: 1008078167 ns, Reaching safepoint: 1177500 ns, At safepoint: 29292 ns, Total: 1206792 ns
[2022-09-04T14:51:09.441+0000][1][safepoint    ] Safepoint "Cleanup", Time since last: 1002878709 ns, Reaching safepoint: 1337875 ns, At safepoint: 30292 ns, Total: 1368167 ns
[2022-09-04T14:51:10.445+0000][1][safepoint    ] Safepoint "Cleanup", Time since last: 1003022125 ns, Reaching safepoint: 912292 ns, At safepoint: 22208 ns, Total: 934500 ns
[2022-09-04T14:51:11.449+0000][1][safepoint    ] Safepoint "Cleanup", Time since last: 1001482000 ns, Reaching safepoint: 1916125 ns, At safepoint: 58750 ns, Total: 1974875 ns
[2022-09-04T14:51:12.454+0000][1][safepoint    ] Safepoint "Cleanup", Time since last: 1003975751 ns, Reaching safepoint: 1124167 ns, At safepoint: 26500 ns, Total: 1150667 ns
[2022-09-04T14:51:13.458+0000][1][safepoint    ] Safepoint "Cleanup", Time since last: 1001727708 ns, Reaching safepoint: 2032042 ns, At safepoint: 34708 ns, Total: 2066750 ns
[2022-09-04T14:51:14.464+0000][1][safepoint    ] Safepoint "Cleanup", Time since last: 1003633043 ns, Reaching safepoint: 2690541 ns, At safepoint: 78250 ns, Total: 2768791 ns
[2022-09-04T14:51:15.471+0000][1][safepoint    ] Safepoint "Cleanup", Time since last: 1004142376 ns, Reaching safepoint: 2692416 ns, At safepoint: 95125 ns, Total: 2787541 ns
[2022-09-04T14:51:16.475+0000][1][safepoint    ] Safepoint "Cleanup", Time since last: 1003004334 ns, Reaching safepoint: 1025292 ns, At safepoint: 32000 ns, Total: 1057292 ns
[2022-09-04T14:51:17.483+0000][1][safepoint    ] Safepoint "Cleanup", Time since last: 1004777834 ns, Reaching safepoint: 2990500 ns, At safepoint: 91666 ns, Total: 3082166 ns
[2022-09-04T14:51:18.488+0000][1][safepoint    ] Safepoint "Cleanup", Time since last: 1004189709 ns, Reaching safepoint: 1322250 ns, At safepoint: 34958 ns, Total: 1357208 ns
[2022-09-04T14:51:19.494+0000][1][safepoint    ] Safepoint "Cleanup", Time since last: 1004022209 ns, Reaching safepoint: 1417375 ns, At safepoint: 35084 ns, Total: 1452459 ns
[2022-09-04T14:51:20.500+0000][1][safepoint    ] Safepoint "Cleanup", Time since last: 1004566500 ns, Reaching safepoint: 1132167 ns, At safepoint: 28208 ns, Total: 1160375 ns
[2022-09-04T14:51:21.505+0000][1][safepoint    ] Safepoint "Cleanup", Time since last: 1003008917 ns, Reaching safepoint: 2650834 ns, At safepoint: 58750 ns, Total: 2709584 ns
[2022-09-04T14:51:22.511+0000][1][safepoint    ] Safepoint "Cleanup", Time since last: 1003232875 ns, Reaching safepoint: 2755208 ns, At safepoint: 71042 ns, Total: 2826250 ns
[2022-09-04T14:51:23.518+0000][1][safepoint    ] Safepoint "Cleanup", Time since last: 1003726209 ns, Reaching safepoint: 2738708 ns, At safepoint: 59125 ns, Total: 2797833 ns
[2022-09-04T14:51:24.523+0000][1][safepoint    ] Safepoint "Cleanup", Time since last: 1004239334 ns, Reaching safepoint: 1278292 ns, At safepoint: 62250 ns, Total: 1340542 ns
[2022-09-04T14:51:25.527+0000][1][safepoint    ] Safepoint "Cleanup", Time since last: 1002447250 ns, Reaching safepoint: 931959 ns, At safepoint: 21666 ns, Total: 953625 ns
[2022-09-04T14:51:26.530+0000][1][safepoint    ] Safepoint "Cleanup", Time since last: 1002525542 ns, Reaching safepoint: 990875 ns, At safepoint: 22500 ns, Total: 1013375 ns
[2022-09-04T14:51:27.537+0000][1][safepoint    ] Safepoint "Cleanup", Time since last: 1001963751 ns, Reaching safepoint: 4380500 ns, At safepoint: 80291 ns, Total: 4460791 ns
[2022-09-04T14:51:28.544+0000][1][safepoint    ] Safepoint "Cleanup", Time since last: 1005340584 ns, Reaching safepoint: 1813834 ns, At safepoint: 43041 ns, Total: 1856875 ns
[2022-09-04T14:51:29.553+0000][1][safepoint    ] Safepoint "Cleanup", Time since last: 1004693917 ns, Reaching safepoint: 4142959 ns, At safepoint: 95625 ns, Total: 4238584 ns
[2022-09-04T14:51:30.561+0000][1][safepoint    ] Safepoint "Cleanup", Time since last: 1006966083 ns, Reaching safepoint: 1096125 ns, At safepoint: 28584 ns, Total: 1124709 ns
[2022-09-04T14:51:31.567+0000][1][safepoint    ] Safepoint "Cleanup", Time since last: 1002496833 ns, Reaching safepoint: 4066209 ns, At safepoint: 83833 ns, Total: 4150042 ns
[2022-09-04T14:51:32.572+0000][1][safepoint    ] Safepoint "Cleanup", Time since last: 1002688584 ns, Reaching safepoint: 1569875 ns, At safepoint: 33958 ns, Total: 1603833 ns
[2022-09-04T14:51:33.579+0000][1][safepoint    ] Safepoint "Cleanup", Time since last: 1003213584 ns, Reaching safepoint: 3558708 ns, At safepoint: 82875 ns, Total: 3641583 ns
[2022-09-04T14:51:34.585+0000][1][safepoint    ] Safepoint "Cleanup", Time since last: 1005160834 ns, Reaching safepoint: 960042 ns, At safepoint: 25667 ns, Total: 985709 ns
[2022-09-04T14:51:35.587+0000][1][safepoint    ] Safepoint "Cleanup", Time since last: 1001348750 ns, Reaching safepoint: 1188750 ns, At safepoint: 25333 ns, Total: 1214083 ns
[2022-09-04T14:51:36.590+0000][1][safepoint    ] Safepoint "Cleanup", Time since last: 1001517584 ns, Reaching safepoint: 907042 ns, At safepoint: 21583 ns, Total: 928625 ns
[2022-09-04T14:51:37.592+0000][1][safepoint    ] Safepoint "Cleanup", Time since last: 1001307584 ns, Reaching safepoint: 1071625 ns, At safepoint: 24208 ns, Total: 1095833 ns
[2022-09-04T14:51:38.596+0000][1][safepoint    ] Safepoint "Cleanup", Time since last: 1002133417 ns, Reaching safepoint: 1869209 ns, At safepoint: 257666 ns, Total: 2126875 ns
[2022-09-04T14:51:39.605+0000][1][safepoint    ] Safepoint "Cleanup", Time since last: 1004672043 ns, Reaching safepoint: 4032625 ns, At safepoint: 321416 ns, Total: 4354041 ns
[2022-09-04T14:51:40.611+0000][1][safepoint    ] Safepoint "Cleanup", Time since last: 1004592001 ns, Reaching safepoint: 1450250 ns, At safepoint: 30291 ns, Total: 1480541 ns
[2022-09-04T14:51:41.616+0000][1][safepoint    ] Safepoint "Cleanup", Time since last: 1001968834 ns, Reaching safepoint: 2977792 ns, At safepoint: 72792 ns, Total: 3050584 ns
[2022-09-04T14:51:42.633+0000][1][safepoint    ] Safepoint "Cleanup", Time since last: 1014436375 ns, Reaching safepoint: 2153208 ns, At safepoint: 207084 ns, Total: 2360292 ns
[2022-09-04T14:51:43.643+0000][1][safepoint    ] Safepoint "Cleanup", Time since last: 1005911959 ns, Reaching safepoint: 3524250 ns, At safepoint: 89875 ns, Total: 3614125 ns
[2022-09-04T14:51:44.651+0000][1][safepoint    ] Safepoint "Cleanup", Time since last: 1005525667 ns, Reaching safepoint: 2886791 ns, At safepoint: 65292 ns, Total: 2952083 ns
[2022-09-04T14:51:45.662+0000][1][safepoint    ] Safepoint "Cleanup", Time since last: 1007076084 ns, Reaching safepoint: 4024041 ns, At safepoint: 83542 ns, Total: 4107583 ns
[2022-09-04T14:51:46.668+0000][1][safepoint    ] Safepoint "Cleanup", Time since last: 1004263751 ns, Reaching safepoint: 1363833 ns, At safepoint: 31792 ns, Total: 1395625 ns
[2022-09-04T14:51:47.673+0000][1][safepoint    ] Safepoint "Cleanup", Time since last: 1003995167 ns, Reaching safepoint: 958541 ns, At safepoint: 24625 ns, Total: 983166 ns
[2022-09-04T14:51:48.678+0000][1][safepoint    ] Safepoint "Cleanup", Time since last: 1002385293 ns, Reaching safepoint: 2293625 ns, At safepoint: 79166 ns, Total: 2372791 ns
[2022-09-04T14:51:49.688+0000][1][safepoint    ] Safepoint "Cleanup", Time since last: 1008847084 ns, Reaching safepoint: 1066167 ns, At safepoint: 20916 ns, Total: 1087083 ns
[2022-09-04T14:51:50.691+0000][1][safepoint    ] Safepoint "Cleanup", Time since last: 1001623584 ns, Reaching safepoint: 1131125 ns, At safepoint: 28167 ns, Total: 1159292 ns
[2022-09-04T14:51:51.696+0000][1][safepoint    ] Safepoint "Cleanup", Time since last: 1002173459 ns, Reaching safepoint: 2758166 ns, At safepoint: 70500 ns, Total: 2828666 ns
[2022-09-04T14:51:52.704+0000][1][safepoint    ] Safepoint "Cleanup", Time since last: 1005046417 ns, Reaching safepoint: 3195250 ns, At safepoint: 101834 ns, Total: 3297084 ns
[2022-09-04T14:51:53.716+0000][1][safepoint    ] Safepoint "Cleanup", Time since last: 1008929250 ns, Reaching safepoint: 3092667 ns, At safepoint: 70500 ns, Total: 3163167 ns
[2022-09-04T14:51:54.723+0000][1][safepoint    ] Safepoint "Cleanup", Time since last: 1005192042 ns, Reaching safepoint: 1886083 ns, At safepoint: 80375 ns, Total: 1966458 ns
[2022-09-04T14:51:55.728+0000][1][safepoint    ] Safepoint "Cleanup", Time since last: 1002704334 ns, Reaching safepoint: 2059709 ns, At safepoint: 32375 ns, Total: 2092084 ns
[2022-09-04T14:51:56.731+0000][1][safepoint    ] Safepoint "Cleanup", Time since last: 1001522875 ns, Reaching safepoint: 1841542 ns, At safepoint: 30750 ns, Total: 1872292 ns
[2022-09-04T14:51:57.737+0000][1][safepoint    ] Safepoint "Cleanup", Time since last: 1003983292 ns, Reaching safepoint: 1974167 ns, At safepoint: 34125 ns, Total: 2008292 ns
[2022-09-04T14:51:58.742+0000][1][safepoint    ] Safepoint "Cleanup", Time since last: 1002687917 ns, Reaching safepoint: 1726708 ns, At safepoint: 37625 ns, Total: 1764333 ns
[2022-09-04T14:51:59.747+0000][1][safepoint    ] Safepoint "Cleanup", Time since last: 1004507167 ns, Reaching safepoint: 956125 ns, At safepoint: 23125 ns, Total: 979250 ns
[2022-09-04T14:52:00.746+0000][1][safepoint    ] Safepoint "Cleanup", Time since last: 1001658541 ns, Reaching safepoint: 1498167 ns, At safepoint: 28792 ns, Total: 1526959 ns
[2022-09-04T14:52:01.754+0000][1][safepoint    ] Safepoint "Cleanup", Time since last: 1004232792 ns, Reaching safepoint: 3749375 ns, At safepoint: 181708 ns, Total: 3931083 ns
[2022-09-04T14:52:02.764+0000][1][safepoint    ] Safepoint "Cleanup", Time since last: 1008588251 ns, Reaching safepoint: 1142125 ns, At safepoint: 49541 ns, Total: 1191666 ns
[2022-09-04T14:52:03.768+0000][1][safepoint    ] Safepoint "Cleanup", Time since last: 1001995042 ns, Reaching safepoint: 2683875 ns, At safepoint: 97250 ns, Total: 2781125 ns
[2022-09-04T14:52:04.788+0000][1][safepoint    ] Safepoint "Cleanup", Time since last: 1018458459 ns, Reaching safepoint: 1250542 ns, At safepoint: 24875 ns, Total: 1275417 ns
[2022-09-04T14:52:05.791+0000][1][safepoint    ] Safepoint "Cleanup", Time since last: 1001533209 ns, Reaching safepoint: 1726625 ns, At safepoint: 41916 ns, Total: 1768541 ns
[2022-09-04T14:52:06.798+0000][1][safepoint    ] Safepoint "Cleanup", Time since last: 1002777668 ns, Reaching safepoint: 3105000 ns, At safepoint: 264500 ns, Total: 3369500 ns
[2022-09-04T14:52:07.805+0000][1][safepoint    ] Safepoint "Cleanup", Time since last: 1005036208 ns, Reaching safepoint: 2261917 ns, At safepoint: 60292 ns, Total: 2322209 ns
[2022-09-04T14:52:08.811+0000][1][safepoint    ] Safepoint "Cleanup", Time since last: 1004958375 ns, Reaching safepoint: 992542 ns, At safepoint: 24833 ns, Total: 1017375 ns
[2022-09-04T14:52:09.918+0000][1][safepoint    ] Safepoint "Cleanup", Time since last: 1103083751 ns, Reaching safepoint: 3859666 ns, At safepoint: 71000 ns, Total: 3930666 ns
[2022-09-04T14:52:10.923+0000][1][safepoint    ] Safepoint "Cleanup", Time since last: 1004622876 ns, Reaching safepoint: 935375 ns, At safepoint: 21083 ns, Total: 956458 ns
[2022-09-04T14:52:11.926+0000][1][safepoint    ] Safepoint "Cleanup", Time since last: 1001513501 ns, Reaching safepoint: 1266083 ns, At safepoint: 24083 ns, Total: 1290166 ns
[2022-09-04T14:52:12.933+0000][1][safepoint    ] Safepoint "Cleanup", Time since last: 1004053209 ns, Reaching safepoint: 2472125 ns, At safepoint: 31167 ns, Total: 2503292 ns
[2022-09-04T14:52:13.938+0000][1][safepoint    ] Safepoint "Cleanup", Time since last: 1003986250 ns, Reaching safepoint: 1093209 ns, At safepoint: 26041 ns, Total: 1119250 ns
[2022-09-04T14:52:14.943+0000][1][safepoint    ] Safepoint "Cleanup", Time since last: 1002894042 ns, Reaching safepoint: 1740292 ns, At safepoint: 60708 ns, Total: 1801000 ns
[2022-09-04T14:52:15.948+0000][1][safepoint    ] Safepoint "Cleanup", Time since last: 1002780751 ns, Reaching safepoint: 2387292 ns, At safepoint: 119208 ns, Total: 2506500 ns
[2022-09-04T14:52:16.953+0000][1][safepoint    ] Safepoint "Cleanup", Time since last: 1003417167 ns, Reaching safepoint: 1585958 ns, At safepoint: 31792 ns, Total: 1617750 ns
[2022-09-04T14:52:17.960+0000][1][safepoint    ] Safepoint "Cleanup", Time since last: 1004819209 ns, Reaching safepoint: 2323375 ns, At safepoint: 55750 ns, Total: 2379125 ns
[2022-09-04T14:52:18.965+0000][1][safepoint    ] Safepoint "Cleanup", Time since last: 1003987834 ns, Reaching safepoint: 961291 ns, At safepoint: 34125 ns, Total: 995416 ns
[2022-09-04T14:52:19.975+0000][1][safepoint    ] Safepoint "Cleanup", Time since last: 1004307209 ns, Reaching safepoint: 4971917 ns, At safepoint: 108125 ns, Total: 5080042 ns
[2022-09-04T14:52:20.981+0000][1][safepoint    ] Safepoint "Cleanup", Time since last: 1003880417 ns, Reaching safepoint: 2250458 ns, At safepoint: 57084 ns, Total: 2307542 ns
[2022-09-04T14:52:21.989+0000][1][safepoint    ] Safepoint "Cleanup", Time since last: 1005211208 ns, Reaching safepoint: 2736959 ns, At safepoint: 65333 ns, Total: 2802292 ns
[2022-09-04T14:52:22.995+0000][1][safepoint    ] Safepoint "Cleanup", Time since last: 1004981501 ns, Reaching safepoint: 1075833 ns, At safepoint: 32750 ns, Total: 1108583 ns
[2022-09-04T14:52:23.999+0000][1][safepoint    ] Safepoint "Cleanup", Time since last: 1002229167 ns, Reaching safepoint: 1976500 ns, At safepoint: 59208 ns, Total: 2035708 ns
[2022-09-04T14:52:25.005+0000][1][safepoint    ] Safepoint "Cleanup", Time since last: 1002661751 ns, Reaching safepoint: 2975083 ns, At safepoint: 78584 ns, Total: 3053667 ns
[2022-09-04T14:52:26.012+0000][1][safepoint    ] Safepoint "Cleanup", Time since last: 1004623958 ns, Reaching safepoint: 2730750 ns, At safepoint: 83875 ns, Total: 2814625 ns
[2022-09-04T14:52:27.018+0000][1][safepoint    ] Safepoint "Cleanup", Time since last: 1004349834 ns, Reaching safepoint: 1548542 ns, At safepoint: 34917 ns, Total: 1583459 ns
[2022-09-04T14:52:28.022+0000][1][safepoint    ] Safepoint "Cleanup", Time since last: 1003095875 ns, Reaching safepoint: 972917 ns, At safepoint: 35208 ns, Total: 1008125 ns
[2022-09-04T14:52:29.026+0000][1][safepoint    ] Safepoint "Cleanup", Time since last: 1002391584 ns, Reaching safepoint: 1426542 ns, At safepoint: 39083 ns, Total: 1465625 ns
[2022-09-04T14:52:30.031+0000][1][safepoint    ] Safepoint "Cleanup", Time since last: 1002549667 ns, Reaching safepoint: 1775083 ns, At safepoint: 59792 ns, Total: 1834875 ns
[2022-09-04T14:52:31.030+0000][1][safepoint    ] Safepoint "Cleanup", Time since last: 1003164417 ns, Reaching safepoint: 1318791 ns, At safepoint: 35500 ns, Total: 1354291 ns
[2022-09-04T14:52:32.033+0000][1][safepoint    ] Safepoint "Cleanup", Time since last: 1002107168 ns, Reaching safepoint: 1078333 ns, At safepoint: 27083 ns, Total: 1105416 ns
[2022-09-04T14:52:33.036+0000][1][safepoint    ] Safepoint "Cleanup", Time since last: 1002160667 ns, Reaching safepoint: 972584 ns, At safepoint: 28708 ns, Total: 1001292 ns
[2022-09-04T14:52:34.050+0000][1][safepoint    ] Safepoint "Cleanup", Time since last: 1012353792 ns, Reaching safepoint: 934792 ns, At safepoint: 28458 ns, Total: 963250 ns
[2022-09-04T14:52:35.054+0000][1][safepoint    ] Safepoint "Cleanup", Time since last: 1001832917 ns, Reaching safepoint: 3002417 ns, At safepoint: 74667 ns, Total: 3077084 ns
[2022-09-04T14:52:36.064+0000][1][safepoint    ] Safepoint "Cleanup", Time since last: 1008020834 ns, Reaching safepoint: 1258625 ns, At safepoint: 82791 ns, Total: 1341416 ns
[2022-09-04T14:52:37.070+0000][1][safepoint    ] Safepoint "Cleanup", Time since last: 1003757334 ns, Reaching safepoint: 2677083 ns, At safepoint: 75209 ns, Total: 2752292 ns
[2022-09-04T14:52:38.076+0000][1][safepoint    ] Safepoint "Cleanup", Time since last: 1004237375 ns, Reaching safepoint: 927625 ns, At safepoint: 20750 ns, Total: 948375 ns
[2022-09-04T14:52:39.080+0000][1][safepoint    ] Safepoint "Cleanup", Time since last: 1003325417 ns, Reaching safepoint: 1190125 ns, At safepoint: 25042 ns, Total: 1215167 ns
[2022-09-04T14:52:40.086+0000][1][safepoint    ] Safepoint "Cleanup", Time since last: 1004284500 ns, Reaching safepoint: 1592500 ns, At safepoint: 53625 ns, Total: 1646125 ns
[2022-09-04T14:52:41.091+0000][1][safepoint    ] Safepoint "Cleanup", Time since last: 1002795959 ns, Reaching safepoint: 2413334 ns, At safepoint: 78666 ns, Total: 2492000 ns
[2022-09-04T14:52:42.096+0000][1][safepoint    ] Safepoint "Cleanup", Time since last: 1003531334 ns, Reaching safepoint: 933708 ns, At safepoint: 21792 ns, Total: 955500 ns
[2022-09-04T14:52:43.098+0000][1][safepoint    ] Safepoint "Cleanup", Time since last: 1001511376 ns, Reaching safepoint: 912958 ns, At safepoint: 25833 ns, Total: 938791 ns
[2022-09-04T14:52:44.101+0000][1][safepoint    ] Safepoint "Cleanup", Time since last: 1001383542 ns, Reaching safepoint: 1167417 ns, At safepoint: 31708 ns, Total: 1199125 ns
[2022-09-04T14:52:45.106+0000][1][safepoint    ] Safepoint "Cleanup", Time since last: 1002910376 ns, Reaching safepoint: 2324833 ns, At safepoint: 145459 ns, Total: 2470292 ns
[2022-09-04T14:52:46.114+0000][1][safepoint    ] Safepoint "Cleanup", Time since last: 1004573125 ns, Reaching safepoint: 2803375 ns, At safepoint: 97667 ns, Total: 2901042 ns
[2022-09-04T14:52:47.123+0000][1][safepoint    ] Safepoint "Cleanup", Time since last: 1005172417 ns, Reaching safepoint: 3495916 ns, At safepoint: 161000 ns, Total: 3656916 ns
[2022-09-04T14:52:48.137+0000][1][safepoint    ] Safepoint "Cleanup", Time since last: 1013539376 ns, Reaching safepoint: 935375 ns, At safepoint: 26542 ns, Total: 961917 ns
[2022-09-04T14:52:49.141+0000][1][safepoint    ] Safepoint "Cleanup", Time since last: 1002978500 ns, Reaching safepoint: 1142167 ns, At safepoint: 63875 ns, Total: 1206042 ns
[2022-09-04T14:52:50.144+0000][1][safepoint    ] Safepoint "Cleanup", Time since last: 1001569167 ns, Reaching safepoint: 873750 ns, At safepoint: 21625 ns, Total: 895375 ns
[2022-09-04T14:52:51.147+0000][1][safepoint    ] Safepoint "Cleanup", Time since last: 1001970292 ns, Reaching safepoint: 1019208 ns, At safepoint: 27709 ns, Total: 1046917 ns
[2022-09-04T14:52:52.152+0000][1][safepoint    ] Safepoint "Cleanup", Time since last: 1003393959 ns, Reaching safepoint: 1384916 ns, At safepoint: 57959 ns, Total: 1442875 ns
[2022-09-04T14:52:53.155+0000][1][safepoint    ] Safepoint "Cleanup", Time since last: 1002497042 ns, Reaching safepoint: 1018333 ns, At safepoint: 29375 ns, Total: 1047708 ns
[2022-09-04T14:52:54.159+0000][1][safepoint    ] Safepoint "Cleanup", Time since last: 1002791001 ns, Reaching safepoint: 1007291 ns, At safepoint: 21542 ns, Total: 1028833 ns
[2022-09-04T14:52:55.163+0000][1][safepoint    ] Safepoint "Cleanup", Time since last: 1002743334 ns, Reaching safepoint: 1252625 ns, At safepoint: 72333 ns, Total: 1324958 ns
[2022-09-04T14:52:56.168+0000][1][safepoint    ] Safepoint "Cleanup", Time since last: 1003039209 ns, Reaching safepoint: 1994625 ns, At safepoint: 73375 ns, Total: 2068000 ns
[2022-09-04T14:52:57.174+0000][1][safepoint    ] Safepoint "Cleanup", Time since last: 1003536750 ns, Reaching safepoint: 1894334 ns, At safepoint: 239625 ns, Total: 2133959 ns
[2022-09-04T14:52:58.178+0000][1][safepoint    ] Safepoint "Cleanup", Time since last: 1003795625 ns, Reaching safepoint: 862750 ns, At safepoint: 20333 ns, Total: 883083 ns
[2022-09-04T14:52:59.181+0000][1][safepoint    ] Safepoint "Cleanup", Time since last: 1001663168 ns, Reaching safepoint: 898000 ns, At safepoint: 22166 ns, Total: 920166 ns
[2022-09-04T14:53:00.185+0000][1][safepoint    ] Safepoint "Cleanup", Time since last: 1002703167 ns, Reaching safepoint: 970542 ns, At safepoint: 35375 ns, Total: 1005917 ns
[2022-09-04T14:53:01.188+0000][1][safepoint    ] Safepoint "Cleanup", Time since last: 1003534500 ns, Reaching safepoint: 810583 ns, At safepoint: 81750 ns, Total: 892333 ns
[2022-09-04T14:53:02.192+0000][1][safepoint    ] Safepoint "Cleanup", Time since last: 1002879126 ns, Reaching safepoint: 1052416 ns, At safepoint: 30875 ns, Total: 1083291 ns
[2022-09-04T14:53:03.196+0000][1][safepoint    ] Safepoint "Cleanup", Time since last: 1003624084 ns, Reaching safepoint: 991875 ns, At safepoint: 45334 ns, Total: 1037209 ns
[2022-09-04T14:53:04.201+0000][1][safepoint    ] Safepoint "Cleanup", Time since last: 1002975708 ns, Reaching safepoint: 1595167 ns, At safepoint: 119750 ns, Total: 1714917 ns
[2022-09-04T14:53:05.206+0000][1][safepoint    ] Safepoint "Cleanup", Time since last: 1002374709 ns, Reaching safepoint: 2707916 ns, At safepoint: 131417 ns, Total: 2839333 ns
[2022-09-04T14:53:06.212+0000][1][safepoint    ] Safepoint "Cleanup", Time since last: 1004938876 ns, Reaching safepoint: 911875 ns, At safepoint: 46666 ns, Total: 958541 ns
[2022-09-04T14:53:07.217+0000][1][safepoint    ] Safepoint "Cleanup", Time since last: 1003640251 ns, Reaching safepoint: 1308958 ns, At safepoint: 43542 ns, Total: 1352500 ns
[2022-09-04T14:53:08.223+0000][1][safepoint    ] Safepoint "Cleanup", Time since last: 1002930042 ns, Reaching safepoint: 2962208 ns, At safepoint: 61875 ns, Total: 3024083 ns
[2022-09-04T14:53:09.225+0000][1][safepoint    ] Safepoint "Cleanup", Time since last: 1001221126 ns, Reaching safepoint: 1063166 ns, At safepoint: 27500 ns, Total: 1090666 ns
[2022-09-04T14:53:10.228+0000][1][safepoint    ] Safepoint "Cleanup", Time since last: 1001277501 ns, Reaching safepoint: 1769583 ns, At safepoint: 97834 ns, Total: 1867417 ns
[2022-09-04T14:53:11.233+0000][1][safepoint    ] Safepoint "Cleanup", Time since last: 1002416792 ns, Reaching safepoint: 1292708 ns, At safepoint: 618542 ns, Total: 1911250 ns
[2022-09-04T14:53:12.239+0000][1][safepoint    ] Safepoint "Cleanup", Time since last: 1001692042 ns, Reaching safepoint: 4531042 ns, At safepoint: 37958 ns, Total: 4569000 ns
[2022-09-04T14:53:13.242+0000][1][safepoint    ] Safepoint "Cleanup", Time since last: 1001408250 ns, Reaching safepoint: 1476959 ns, At safepoint: 49791 ns, Total: 1526750 ns
[2022-09-04T14:53:14.245+0000][1][safepoint    ] Safepoint "Cleanup", Time since last: 1002120167 ns, Reaching safepoint: 897417 ns, At safepoint: 80667 ns, Total: 978084 ns
[2022-09-04T14:53:15.249+0000][1][safepoint    ] Safepoint "Cleanup", Time since last: 1002528709 ns, Reaching safepoint: 1013666 ns, At safepoint: 67459 ns, Total: 1081125 ns
[2022-09-04T14:53:16.252+0000][1][safepoint    ] Safepoint "Cleanup", Time since last: 1002613208 ns, Reaching safepoint: 1012500 ns, At safepoint: 26250 ns, Total: 1038750 ns
[2022-09-04T14:53:17.256+0000][1][safepoint    ] Safepoint "Cleanup", Time since last: 1002359126 ns, Reaching safepoint: 1164667 ns, At safepoint: 30958 ns, Total: 1195625 ns
[2022-09-04T14:53:18.264+0000][1][safepoint    ] Safepoint "Cleanup", Time since last: 1006525459 ns, Reaching safepoint: 1042750 ns, At safepoint: 70458 ns, Total: 1113208 ns
[2022-09-04T14:53:19.268+0000][1][safepoint    ] Safepoint "Cleanup", Time since last: 1003338209 ns, Reaching safepoint: 1047000 ns, At safepoint: 16417 ns, Total: 1063417 ns
[2022-09-04T14:53:20.271+0000][1][safepoint    ] Safepoint "Cleanup", Time since last: 1001485375 ns, Reaching safepoint: 1256792 ns, At safepoint: 29958 ns, Total: 1286750 ns
[2022-09-04T14:53:21.274+0000][1][safepoint    ] Safepoint "Cleanup", Time since last: 1002414250 ns, Reaching safepoint: 931459 ns, At safepoint: 26333 ns, Total: 957792 ns
[2022-09-04T14:53:22.277+0000][1][safepoint    ] Safepoint "Cleanup", Time since last: 1002411917 ns, Reaching safepoint: 874375 ns, At safepoint: 22209 ns, Total: 896584 ns
[2022-09-04T14:53:23.281+0000][1][safepoint    ] Safepoint "Cleanup", Time since last: 1003030208 ns, Reaching safepoint: 776584 ns, At safepoint: 20666 ns, Total: 797250 ns
[2022-09-04T14:53:24.284+0000][1][safepoint    ] Safepoint "Cleanup", Time since last: 1001911251 ns, Reaching safepoint: 912000 ns, At safepoint: 27625 ns, Total: 939625 ns
[2022-09-04T14:53:25.287+0000][1][safepoint    ] Safepoint "Cleanup", Time since last: 1001854542 ns, Reaching safepoint: 823917 ns, At safepoint: 18708 ns, Total: 842625 ns
[2022-09-04T14:53:26.289+0000][1][safepoint    ] Safepoint "Cleanup", Time since last: 1001622876 ns, Reaching safepoint: 830166 ns, At safepoint: 23167 ns, Total: 853333 ns
[2022-09-04T14:53:27.292+0000][1][safepoint    ] Safepoint "Cleanup", Time since last: 1001606667 ns, Reaching safepoint: 1060750 ns, At safepoint: 22625 ns, Total: 1083375 ns
[2022-09-04T14:53:28.295+0000][1][safepoint    ] Safepoint "Cleanup", Time since last: 1001690250 ns, Reaching safepoint: 938959 ns, At safepoint: 22583 ns, Total: 961542 ns
[2022-09-04T14:53:28.546+0000][1][safepoint    ] Safepoint "RevokeBias", Time since last: 248044959 ns, Reaching safepoint: 1162333 ns, At safepoint: 1744875 ns, Total: 2907208 ns
[2022-09-04T14:53:29.550+0000][1][safepoint    ] Safepoint "Cleanup", Time since last: 1003027792 ns, Reaching safepoint: 1265125 ns, At safepoint: 35250 ns, Total: 1300375 ns
[2022-09-04T14:53:30.556+0000][1][safepoint    ] Safepoint "Cleanup", Time since last: 1002476625 ns, Reaching safepoint: 3729666 ns, At safepoint: 68584 ns, Total: 3798250 ns
[2022-09-04T14:53:31.561+0000][1][safepoint    ] Safepoint "Cleanup", Time since last: 1004143542 ns, Reaching safepoint: 1509916 ns, At safepoint: 35834 ns, Total: 1545750 ns
[2022-09-04T14:53:32.443+0000][1][safepoint    ] Safepoint "RevokeBias", Time since last: 877553417 ns, Reaching safepoint: 3123416 ns, At safepoint: 459084 ns, Total: 3582500 ns
[2022-09-04T14:53:33.456+0000][1][safepoint    ] Safepoint "Cleanup", Time since last: 1012011042 ns, Reaching safepoint: 1261667 ns, At safepoint: 31541 ns, Total: 1293208 ns
[2022-09-04T14:53:34.463+0000][1][safepoint    ] Safepoint "Cleanup", Time since last: 1003532792 ns, Reaching safepoint: 3733959 ns, At safepoint: 103166 ns, Total: 3837125 ns
[2022-09-04T14:53:35.475+0000][1][safepoint    ] Safepoint "Cleanup", Time since last: 1009664084 ns, Reaching safepoint: 1846084 ns, At safepoint: 46625 ns, Total: 1892709 ns
[2022-09-04T14:53:36.484+0000][1][safepoint    ] Safepoint "Cleanup", Time since last: 1007095000 ns, Reaching safepoint: 2269208 ns, At safepoint: 330667 ns, Total: 2599875 ns
[2022-09-04T14:53:37.494+0000][1][safepoint    ] Safepoint "Cleanup", Time since last: 1007721709 ns, Reaching safepoint: 2318667 ns, At safepoint: 44208 ns, Total: 2362875 ns
[2022-09-04T14:53:38.498+0000][1][safepoint    ] Safepoint "Cleanup", Time since last: 1002476667 ns, Reaching safepoint: 1420458 ns, At safepoint: 31209 ns, Total: 1451667 ns
[2022-09-04T14:53:39.506+0000][1][safepoint    ] Safepoint "Cleanup", Time since last: 1004936792 ns, Reaching safepoint: 2295500 ns, At safepoint: 57042 ns, Total: 2352542 ns
[2022-09-04T14:53:40.512+0000][1][safepoint    ] Safepoint "Cleanup", Time since last: 1003290000 ns, Reaching safepoint: 2639917 ns, At safepoint: 64500 ns, Total: 2704417 ns
[2022-09-04T14:53:41.517+0000][1][safepoint    ] Safepoint "Cleanup", Time since last: 1003887333 ns, Reaching safepoint: 1668959 ns, At safepoint: 45833 ns, Total: 1714792 ns
[2022-09-04T14:53:42.523+0000][1][safepoint    ] Safepoint "Cleanup", Time since last: 1004210334 ns, Reaching safepoint: 1454958 ns, At safepoint: 34500 ns, Total: 1489458 ns
[2022-09-04T14:53:43.527+0000][1][safepoint    ] Safepoint "Cleanup", Time since last: 1003425751 ns, Reaching safepoint: 950208 ns, At safepoint: 30333 ns, Total: 980541 ns
[2022-09-04T14:53:44.533+0000][1][safepoint    ] Safepoint "Cleanup", Time since last: 1002297126 ns, Reaching safepoint: 2757625 ns, At safepoint: 75833 ns, Total: 2833458 ns
[2022-09-04T14:53:45.103+0000][1][safepoint    ] Safepoint "RevokeBias", Time since last: 568540126 ns, Reaching safepoint: 1298666 ns, At safepoint: 574125 ns, Total: 1872791 ns
[2022-09-04T14:53:45.135+0000][1][safepoint    ] Safepoint "RevokeBias", Time since last: 30852250 ns, Reaching safepoint: 1305709 ns, At safepoint: 337041 ns, Total: 1642750 ns
[2022-09-04T14:53:46.139+0000][1][safepoint    ] Safepoint "Cleanup", Time since last: 1001707167 ns, Reaching safepoint: 1673792 ns, At safepoint: 39875 ns, Total: 1713667 ns
[2022-09-04T14:53:47.144+0000][1][safepoint    ] Safepoint "Cleanup", Time since last: 1002889209 ns, Reaching safepoint: 1792708 ns, At safepoint: 37417 ns, Total: 1830125 ns
[2022-09-04T14:53:47.406+0000][1][safepoint    ] Safepoint "RevokeBias", Time since last: 261356167 ns, Reaching safepoint: 814041 ns, At safepoint: 110459 ns, Total: 924500 ns
[2022-09-04T14:53:47.409+0000][1][safepoint    ] Safepoint "RevokeBias", Time since last: 2661666 ns, Reaching safepoint: 381584 ns, At safepoint: 86375 ns, Total: 467959 ns
[2022-09-04T14:53:47.449+0000][1][safepoint    ] Safepoint "RevokeBias", Time since last: 38770583 ns, Reaching safepoint: 1006000 ns, At safepoint: 108625 ns, Total: 1114625 ns
[2022-09-04T14:53:47.457+0000][1][safepoint    ] Safepoint "RevokeBias", Time since last: 7029417 ns, Reaching safepoint: 633000 ns, At safepoint: 110083 ns, Total: 743083 ns
[2022-09-04T14:53:48.461+0000][1][safepoint    ] Safepoint "Cleanup", Time since last: 1002924417 ns, Reaching safepoint: 1201125 ns, At safepoint: 26875 ns, Total: 1228000 ns
[2022-09-04T14:53:49.467+0000][1][safepoint    ] Safepoint "Cleanup", Time since last: 1005240751 ns, Reaching safepoint: 903333 ns, At safepoint: 22083 ns, Total: 925416 ns
[2022-09-04T14:53:50.470+0000][1][safepoint    ] Safepoint "Cleanup", Time since last: 1002527917 ns, Reaching safepoint: 952125 ns, At safepoint: 23917 ns, Total: 976042 ns
[2022-09-04T14:53:51.475+0000][1][safepoint    ] Safepoint "Cleanup", Time since last: 1003160542 ns, Reaching safepoint: 1292959 ns, At safepoint: 43500 ns, Total: 1336459 ns
[2022-09-04T14:53:52.481+0000][1][safepoint    ] Safepoint "Cleanup", Time since last: 1002998292 ns, Reaching safepoint: 2536916 ns, At safepoint: 83542 ns, Total: 2620458 ns
[2022-09-04T14:53:53.490+0000][1][safepoint    ] Safepoint "Cleanup", Time since last: 1007644751 ns, Reaching safepoint: 1199166 ns, At safepoint: 83625 ns, Total: 1282791 ns
[2022-09-04T14:53:54.495+0000][1][safepoint    ] Safepoint "Cleanup", Time since last: 1003063542 ns, Reaching safepoint: 2784625 ns, At safepoint: 70209 ns, Total: 2854834 ns
[2022-09-04T14:53:55.505+0000][1][safepoint    ] Safepoint "Cleanup", Time since last: 1006171583 ns, Reaching safepoint: 2922917 ns, At safepoint: 87542 ns, Total: 3010459 ns
[2022-09-04T14:53:56.512+0000][1][safepoint    ] Safepoint "Cleanup", Time since last: 1004896584 ns, Reaching safepoint: 2171875 ns, At safepoint: 68458 ns, Total: 2240333 ns
[2022-09-04T14:53:57.517+0000][1][safepoint    ] Safepoint "Cleanup", Time since last: 1002488917 ns, Reaching safepoint: 2863083 ns, At safepoint: 126542 ns, Total: 2989625 ns
[2022-09-04T14:53:58.524+0000][1][safepoint    ] Safepoint "Cleanup", Time since last: 1005475959 ns, Reaching safepoint: 1238667 ns, At safepoint: 31250 ns, Total: 1269917 ns
[2022-09-04T14:53:59.529+0000][1][safepoint    ] Safepoint "Cleanup", Time since last: 1003070542 ns, Reaching safepoint: 1486041 ns, At safepoint: 36542 ns, Total: 1522583 ns
[2022-09-04T14:54:00.533+0000][1][safepoint    ] Safepoint "Cleanup", Time since last: 1003920500 ns, Reaching safepoint: 1299791 ns, At safepoint: 30709 ns, Total: 1330500 ns
[2022-09-04T14:54:01.537+0000][1][safepoint    ] Safepoint "Cleanup", Time since last: 1002488667 ns, Reaching safepoint: 826541 ns, At safepoint: 68334 ns, Total: 894875 ns
[2022-09-04T14:54:02.542+0000][1][safepoint    ] Safepoint "Cleanup", Time since last: 1004313875 ns, Reaching safepoint: 862917 ns, At safepoint: 23667 ns, Total: 886584 ns
[2022-09-04T14:54:03.549+0000][1][safepoint    ] Safepoint "Cleanup", Time since last: 1006338292 ns, Reaching safepoint: 843041 ns, At safepoint: 23375 ns, Total: 866416 ns
[2022-09-04T14:54:04.554+0000][1][safepoint    ] Safepoint "Cleanup", Time since last: 1003776918 ns, Reaching safepoint: 1083291 ns, At safepoint: 25709 ns, Total: 1109000 ns
[2022-09-04T14:54:05.560+0000][1][safepoint    ] Safepoint "Cleanup", Time since last: 1002991500 ns, Reaching safepoint: 2631125 ns, At safepoint: 156958 ns, Total: 2788083 ns
[2022-09-04T14:54:06.566+0000][1][safepoint    ] Safepoint "Cleanup", Time since last: 1004267042 ns, Reaching safepoint: 2130750 ns, At safepoint: 65667 ns, Total: 2196417 ns
[2022-09-04T14:54:07.575+0000][1][safepoint    ] Safepoint "Cleanup", Time since last: 1006505126 ns, Reaching safepoint: 2590958 ns, At safepoint: 94500 ns, Total: 2685458 ns
[2022-09-04T14:54:08.583+0000][1][safepoint    ] Safepoint "Cleanup", Time since last: 1004536834 ns, Reaching safepoint: 2877583 ns, At safepoint: 67500 ns, Total: 2945083 ns
[2022-09-04T14:54:09.589+0000][1][safepoint    ] Safepoint "Cleanup", Time since last: 1004341584 ns, Reaching safepoint: 1759667 ns, At safepoint: 46083 ns, Total: 1805750 ns
[2022-09-04T14:54:10.593+0000][1][safepoint    ] Safepoint "Cleanup", Time since last: 1003011709 ns, Reaching safepoint: 1067583 ns, At safepoint: 24583 ns, Total: 1092166 ns
[2022-09-04T14:54:11.599+0000][1][safepoint    ] Safepoint "Cleanup", Time since last: 1002388334 ns, Reaching safepoint: 3683917 ns, At safepoint: 106000 ns, Total: 3789917 ns
[2022-09-04T14:54:12.607+0000][1][safepoint    ] Safepoint "Cleanup", Time since last: 1005763792 ns, Reaching safepoint: 2016958 ns, At safepoint: 83209 ns, Total: 2100167 ns
[2022-09-04T14:54:13.611+0000][1][safepoint    ] Safepoint "Cleanup", Time since last: 1002988708 ns, Reaching safepoint: 814000 ns, At safepoint: 20875 ns, Total: 834875 ns
[2022-09-04T14:54:14.614+0000][1][safepoint    ] Safepoint "Cleanup", Time since last: 1001870626 ns, Reaching safepoint: 874542 ns, At safepoint: 20708 ns, Total: 895250 ns
[2022-09-04T14:54:15.619+0000][1][safepoint    ] Safepoint "Cleanup", Time since last: 1001786917 ns, Reaching safepoint: 3379083 ns, At safepoint: 63584 ns, Total: 3442667 ns
[2022-09-04T14:54:16.626+0000][1][safepoint    ] Safepoint "Cleanup", Time since last: 1003548042 ns, Reaching safepoint: 3456958 ns, At safepoint: 147084 ns, Total: 3604042 ns
[2022-09-04T14:54:17.634+0000][1][safepoint    ] Safepoint "Cleanup", Time since last: 1003606958 ns, Reaching safepoint: 4231167 ns, At safepoint: 96833 ns, Total: 4328000 ns
[2022-09-04T14:54:18.642+0000][1][safepoint    ] Safepoint "Cleanup", Time since last: 1006490126 ns, Reaching safepoint: 1042458 ns, At safepoint: 41584 ns, Total: 1084042 ns
[2022-09-04T14:54:19.646+0000][1][safepoint    ] Safepoint "Cleanup", Time since last: 1003030208 ns, Reaching safepoint: 1787375 ns, At safepoint: 48125 ns, Total: 1835500 ns
[2022-09-04T14:54:20.653+0000][1][safepoint    ] Safepoint "Cleanup", Time since last: 1003859501 ns, Reaching safepoint: 2883750 ns, At safepoint: 130917 ns, Total: 3014667 ns
[2022-09-04T14:54:21.660+0000][1][safepoint    ] Safepoint "Cleanup", Time since last: 1004758875 ns, Reaching safepoint: 2283167 ns, At safepoint: 54083 ns, Total: 2337250 ns
[2022-09-04T14:54:22.669+0000][1][safepoint    ] Safepoint "Cleanup", Time since last: 1006460375 ns, Reaching safepoint: 2438042 ns, At safepoint: 88667 ns, Total: 2526709 ns
[2022-09-04T14:54:23.676+0000][1][safepoint    ] Safepoint "Cleanup", Time since last: 1004734084 ns, Reaching safepoint: 2041000 ns, At safepoint: 66291 ns, Total: 2107291 ns
[2022-09-04T14:54:24.684+0000][1][safepoint    ] Safepoint "Cleanup", Time since last: 1003958251 ns, Reaching safepoint: 3710666 ns, At safepoint: 152417 ns, Total: 3863083 ns
[2022-09-04T14:54:25.690+0000][1][safepoint    ] Safepoint "Cleanup", Time since last: 1003992876 ns, Reaching safepoint: 1950708 ns, At safepoint: 40667 ns, Total: 1991375 ns
[2022-09-04T14:54:26.695+0000][1][safepoint    ] Safepoint "Cleanup", Time since last: 1003608000 ns, Reaching safepoint: 1229542 ns, At safepoint: 29416 ns, Total: 1258958 ns
[2022-09-04T14:54:27.705+0000][1][safepoint    ] Safepoint "Cleanup", Time since last: 1005262459 ns, Reaching safepoint: 4504542 ns, At safepoint: 117042 ns, Total: 4621584 ns
[2022-09-04T14:54:28.713+0000][1][safepoint    ] Safepoint "Cleanup", Time since last: 1005882042 ns, Reaching safepoint: 2534333 ns, At safepoint: 85042 ns, Total: 2619375 ns
[2022-09-04T14:54:30.281+0000][1][safepoint    ] Safepoint "Cleanup", Time since last: 1566500375 ns, Reaching safepoint: 1043792 ns, At safepoint: 22458 ns, Total: 1066250 ns
[2022-09-04T14:54:31.285+0000][1][safepoint    ] Safepoint "Cleanup", Time since last: 1003534167 ns, Reaching safepoint: 1366125 ns, At safepoint: 43250 ns, Total: 1409375 ns
[2022-09-04T14:54:32.291+0000][1][safepoint    ] Safepoint "Cleanup", Time since last: 1004437709 ns, Reaching safepoint: 888833 ns, At safepoint: 21250 ns, Total: 910083 ns
[2022-09-04T14:54:33.295+0000][1][safepoint    ] Safepoint "Cleanup", Time since last: 1003805417 ns, Reaching safepoint: 933917 ns, At safepoint: 24042 ns, Total: 957959 ns
[2022-09-04T14:54:34.298+0000][1][safepoint    ] Safepoint "Cleanup", Time since last: 1001832208 ns, Reaching safepoint: 1109625 ns, At safepoint: 23250 ns, Total: 1132875 ns
[2022-09-04T14:54:35.303+0000][1][safepoint    ] Safepoint "Cleanup", Time since last: 1002175001 ns, Reaching safepoint: 2460125 ns, At safepoint: 148000 ns, Total: 2608125 ns
[2022-09-04T14:54:36.308+0000][1][safepoint    ] Safepoint "Cleanup", Time since last: 1003749167 ns, Reaching safepoint: 1308083 ns, At safepoint: 41875 ns, Total: 1349958 ns
[2022-09-04T14:54:37.313+0000][1][safepoint    ] Safepoint "Cleanup", Time since last: 1003060626 ns, Reaching safepoint: 1824375 ns, At safepoint: 43791 ns, Total: 1868166 ns
[2022-09-04T14:54:38.320+0000][1][safepoint    ] Safepoint "Cleanup", Time since last: 1006034001 ns, Reaching safepoint: 967208 ns, At safepoint: 22459 ns, Total: 989667 ns
[2022-09-04T14:54:39.324+0000][1][safepoint    ] Safepoint "Cleanup", Time since last: 1002895042 ns, Reaching safepoint: 878375 ns, At safepoint: 22500 ns, Total: 900875 ns
[2022-09-04T14:54:40.327+0000][1][safepoint    ] Safepoint "Cleanup", Time since last: 1001880917 ns, Reaching safepoint: 931917 ns, At safepoint: 28083 ns, Total: 960000 ns
[2022-09-04T14:54:41.330+0000][1][safepoint    ] Safepoint "Cleanup", Time since last: 1001736875 ns, Reaching safepoint: 1321375 ns, At safepoint: 53709 ns, Total: 1375084 ns
[2022-09-04T14:54:42.335+0000][1][safepoint    ] Safepoint "Cleanup", Time since last: 1004471209 ns, Reaching safepoint: 895041 ns, At safepoint: 21542 ns, Total: 916583 ns
[2022-09-04T14:54:43.340+0000][1][safepoint    ] Safepoint "Cleanup", Time since last: 1003735125 ns, Reaching safepoint: 853584 ns, At safepoint: 23291 ns, Total: 876875 ns
[2022-09-04T14:54:44.348+0000][1][safepoint    ] Safepoint "Cleanup", Time since last: 1006185876 ns, Reaching safepoint: 1261125 ns, At safepoint: 32208 ns, Total: 1293333 ns
[2022-09-04T14:54:45.352+0000][1][safepoint    ] Safepoint "Cleanup", Time since last: 1002433876 ns, Reaching safepoint: 1569791 ns, At safepoint: 33292 ns, Total: 1603083 ns
[2022-09-04T14:54:46.355+0000][1][safepoint    ] Safepoint "Cleanup", Time since last: 1002116709 ns, Reaching safepoint: 1492291 ns, At safepoint: 33125 ns, Total: 1525416 ns
[2022-09-04T14:54:47.361+0000][1][safepoint    ] Safepoint "Cleanup", Time since last: 1002830918 ns, Reaching safepoint: 2637625 ns, At safepoint: 70000 ns, Total: 2707625 ns
[2022-09-04T14:54:48.368+0000][1][safepoint    ] Safepoint "Cleanup", Time since last: 1006590625 ns, Reaching safepoint: 1032625 ns, At safepoint: 42292 ns, Total: 1074917 ns
[2022-09-04T14:54:49.372+0000][1][safepoint    ] Safepoint "Cleanup", Time since last: 1002877959 ns, Reaching safepoint: 964708 ns, At safepoint: 49542 ns, Total: 1014250 ns
[2022-09-04T14:54:50.517+0000][1][safepoint    ] Safepoint "Cleanup", Time since last: 1143292583 ns, Reaching safepoint: 1058334 ns, At safepoint: 30500 ns, Total: 1088834 ns
[2022-09-04T14:54:51.523+0000][1][safepoint    ] Safepoint "Cleanup", Time since last: 1003091542 ns, Reaching safepoint: 3255250 ns, At safepoint: 185417 ns, Total: 3440667 ns
[2022-09-04T14:54:52.538+0000][1][safepoint    ] Safepoint "Cleanup", Time since last: 1012891042 ns, Reaching safepoint: 2253291 ns, At safepoint: 71417 ns, Total: 2324708 ns
[2022-09-04T14:54:53.545+0000][1][safepoint    ] Safepoint "Cleanup", Time since last: 1003154251 ns, Reaching safepoint: 2805625 ns, At safepoint: 86291 ns, Total: 2891916 ns
[2022-09-04T14:54:54.551+0000][1][safepoint    ] Safepoint "Cleanup", Time since last: 1004956376 ns, Reaching safepoint: 1840083 ns, At safepoint: 40667 ns, Total: 1880750 ns
[2022-09-04T14:54:55.557+0000][1][safepoint    ] Safepoint "Cleanup", Time since last: 1002770250 ns, Reaching safepoint: 2908875 ns, At safepoint: 87500 ns, Total: 2996375 ns
[2022-09-04T14:54:56.564+0000][1][safepoint    ] Safepoint "Cleanup", Time since last: 1005544542 ns, Reaching safepoint: 1629334 ns, At safepoint: 43208 ns, Total: 1672542 ns
[2022-09-04T14:54:57.575+0000][1][safepoint    ] Safepoint "Cleanup", Time since last: 1006769417 ns, Reaching safepoint: 3606833 ns, At safepoint: 111959 ns, Total: 3718792 ns
[2022-09-04T14:54:58.584+0000][1][safepoint    ] Safepoint "Cleanup", Time since last: 1006651750 ns, Reaching safepoint: 2590792 ns, At safepoint: 66167 ns, Total: 2656959 ns
[2022-09-04T14:54:59.590+0000][1][safepoint    ] Safepoint "Cleanup", Time since last: 1004369417 ns, Reaching safepoint: 1658166 ns, At safepoint: 204542 ns, Total: 1862708 ns
[2022-09-04T14:55:00.595+0000][1][safepoint    ] Safepoint "Cleanup", Time since last: 1002665000 ns, Reaching safepoint: 2729417 ns, At safepoint: 143000 ns, Total: 2872417 ns
[2022-09-04T14:55:01.604+0000][1][safepoint    ] Safepoint "Cleanup", Time since last: 1006873917 ns, Reaching safepoint: 1426333 ns, At safepoint: 50209 ns, Total: 1476542 ns
[2022-09-04T14:55:02.607+0000][1][safepoint    ] Safepoint "Cleanup", Time since last: 1002592959 ns, Reaching safepoint: 950083 ns, At safepoint: 39042 ns, Total: 989125 ns
[2022-09-04T14:55:03.611+0000][1][safepoint    ] Safepoint "Cleanup", Time since last: 1002385542 ns, Reaching safepoint: 1347333 ns, At safepoint: 37875 ns, Total: 1385208 ns
[2022-09-04T14:55:04.616+0000][1][safepoint    ] Safepoint "Cleanup", Time since last: 1004280667 ns, Reaching safepoint: 1111125 ns, At safepoint: 55417 ns, Total: 1166542 ns
[2022-09-04T14:55:05.627+0000][1][safepoint    ] Safepoint "Cleanup", Time since last: 1007700000 ns, Reaching safepoint: 2572209 ns, At safepoint: 86583 ns, Total: 2658792 ns
[2022-09-04T14:55:06.634+0000][1][safepoint    ] Safepoint "Cleanup", Time since last: 1004188334 ns, Reaching safepoint: 2829375 ns, At safepoint: 118833 ns, Total: 2948208 ns
[2022-09-04T14:55:07.641+0000][1][safepoint    ] Safepoint "Cleanup", Time since last: 1004557126 ns, Reaching safepoint: 1972166 ns, At safepoint: 67917 ns, Total: 2040083 ns
[2022-09-04T14:55:08.644+0000][1][safepoint    ] Safepoint "Cleanup", Time since last: 1002682750 ns, Reaching safepoint: 820459 ns, At safepoint: 44041 ns, Total: 864500 ns
[2022-09-04T14:55:09.650+0000][1][safepoint    ] Safepoint "Cleanup", Time since last: 1005427126 ns, Reaching safepoint: 765792 ns, At safepoint: 19958 ns, Total: 785750 ns
[2022-09-04T14:55:10.656+0000][1][safepoint    ] Safepoint "Cleanup", Time since last: 1003794084 ns, Reaching safepoint: 1846416 ns, At safepoint: 51375 ns, Total: 1897791 ns
[2022-09-04T14:55:11.662+0000][1][safepoint    ] Safepoint "Cleanup", Time since last: 1003964418 ns, Reaching safepoint: 2114416 ns, At safepoint: 77000 ns, Total: 2191416 ns
[2022-09-04T14:55:12.674+0000][1][safepoint    ] Safepoint "Cleanup", Time since last: 1010599167 ns, Reaching safepoint: 1113417 ns, At safepoint: 33250 ns, Total: 1146667 ns
[2022-09-04T14:55:13.689+0000][1][safepoint    ] Safepoint "Cleanup", Time since last: 1011835917 ns, Reaching safepoint: 3012292 ns, At safepoint: 66875 ns, Total: 3079167 ns
[2022-09-04T14:55:14.694+0000][1][safepoint    ] Safepoint "Cleanup", Time since last: 1004577084 ns, Reaching safepoint: 740750 ns, At safepoint: 20125 ns, Total: 760875 ns
[2022-09-04T14:55:15.698+0000][1][safepoint    ] Safepoint "Cleanup", Time since last: 1002717667 ns, Reaching safepoint: 1441583 ns, At safepoint: 52625 ns, Total: 1494208 ns
[2022-09-04T14:55:16.702+0000][1][safepoint    ] Safepoint "Cleanup", Time since last: 1002666709 ns, Reaching safepoint: 799708 ns, At safepoint: 21625 ns, Total: 821333 ns
[2022-09-04T14:55:17.719+0000][1][safepoint    ] Safepoint "Cleanup", Time since last: 1015244542 ns, Reaching safepoint: 2243709 ns, At safepoint: 65166 ns, Total: 2308875 ns
[2022-09-04T14:55:18.729+0000][1][safepoint    ] Safepoint "Cleanup", Time since last: 1007480251 ns, Reaching safepoint: 1636417 ns, At safepoint: 101666 ns, Total: 1738083 ns
[2022-09-04T14:55:19.733+0000][1][safepoint    ] Safepoint "Cleanup", Time since last: 1002715292 ns, Reaching safepoint: 1203792 ns, At safepoint: 75250 ns, Total: 1279042 ns
[2022-09-04T14:55:20.752+0000][1][safepoint    ] Safepoint "Cleanup", Time since last: 1016724709 ns, Reaching safepoint: 2996917 ns, At safepoint: 89208 ns, Total: 3086125 ns
[2022-09-04T14:55:21.760+0000][1][safepoint    ] Safepoint "Cleanup", Time since last: 1005514292 ns, Reaching safepoint: 2462333 ns, At safepoint: 69625 ns, Total: 2531958 ns
[2022-09-04T14:55:22.766+0000][1][safepoint    ] Safepoint "Cleanup", Time since last: 1003682084 ns, Reaching safepoint: 1896959 ns, At safepoint: 46500 ns, Total: 1943459 ns
[2022-09-04T14:55:23.802+0000][1][safepoint    ] Safepoint "Cleanup", Time since last: 1035017458 ns, Reaching safepoint: 1387375 ns, At safepoint: 39375 ns, Total: 1426750 ns
[2022-09-04T14:55:24.812+0000][1][safepoint    ] Safepoint "Cleanup", Time since last: 1008536251 ns, Reaching safepoint: 888666 ns, At safepoint: 25042 ns, Total: 913708 ns
[2022-09-04T14:55:25.817+0000][1][safepoint    ] Safepoint "Cleanup", Time since last: 1003845459 ns, Reaching safepoint: 1141667 ns, At safepoint: 29541 ns, Total: 1171208 ns
[2022-09-04T14:55:26.821+0000][1][safepoint    ] Safepoint "Cleanup", Time since last: 1003303917 ns, Reaching safepoint: 994000 ns, At safepoint: 72000 ns, Total: 1066000 ns
[2022-09-04T14:55:27.829+0000][1][safepoint    ] Safepoint "Cleanup", Time since last: 1006459918 ns, Reaching safepoint: 870916 ns, At safepoint: 23417 ns, Total: 894333 ns
[2022-09-04T14:55:28.831+0000][1][safepoint    ] Safepoint "Cleanup", Time since last: 1001990250 ns, Reaching safepoint: 787042 ns, At safepoint: 22917 ns, Total: 809959 ns
[2022-09-04T14:55:29.834+0000][1][safepoint    ] Safepoint "Cleanup", Time since last: 1001801084 ns, Reaching safepoint: 1121708 ns, At safepoint: 26333 ns, Total: 1148041 ns
[2022-09-04T14:55:30.839+0000][1][safepoint    ] Safepoint "Cleanup", Time since last: 1003268750 ns, Reaching safepoint: 1651084 ns, At safepoint: 59958 ns, Total: 1711042 ns
[2022-09-04T14:55:31.850+0000][1][safepoint    ] Safepoint "Cleanup", Time since last: 1009336626 ns, Reaching safepoint: 1669416 ns, At safepoint: 61375 ns, Total: 1730791 ns
[2022-09-04T14:55:32.853+0000][1][safepoint    ] Safepoint "Cleanup", Time since last: 1002303417 ns, Reaching safepoint: 891084 ns, At safepoint: 22125 ns, Total: 913209 ns
[2022-09-04T14:55:33.857+0000][1][safepoint    ] Safepoint "Cleanup", Time since last: 1002800875 ns, Reaching safepoint: 899584 ns, At safepoint: 33416 ns, Total: 933000 ns
[2022-09-04T14:55:34.861+0000][1][safepoint    ] Safepoint "Cleanup", Time since last: 1002813292 ns, Reaching safepoint: 906000 ns, At safepoint: 22500 ns, Total: 928500 ns
[2022-09-04T14:55:35.865+0000][1][safepoint    ] Safepoint "Cleanup", Time since last: 1002419501 ns, Reaching safepoint: 1565500 ns, At safepoint: 48291 ns, Total: 1613791 ns
[2022-09-04T14:55:36.868+0000][1][safepoint    ] Safepoint "Cleanup", Time since last: 1002477668 ns, Reaching safepoint: 917458 ns, At safepoint: 31292 ns, Total: 948750 ns
[2022-09-04T14:55:37.872+0000][1][safepoint    ] Safepoint "Cleanup", Time since last: 1002365292 ns, Reaching safepoint: 1581291 ns, At safepoint: 53625 ns, Total: 1634916 ns
[2022-09-04T14:55:38.879+0000][1][safepoint    ] Safepoint "Cleanup", Time since last: 1005280834 ns, Reaching safepoint: 1401084 ns, At safepoint: 28458 ns, Total: 1429542 ns
[2022-09-04T14:55:40.751+0000][1][safepoint    ] Safepoint "Cleanup", Time since last: 1870602376 ns, Reaching safepoint: 1062875 ns, At safepoint: 37916 ns, Total: 1100791 ns
[2022-09-04T14:55:41.756+0000][1][safepoint    ] Safepoint "Cleanup", Time since last: 1004306459 ns, Reaching safepoint: 1050084 ns, At safepoint: 33333 ns, Total: 1083417 ns
[2022-09-04T14:55:42.760+0000][1][safepoint    ] Safepoint "Cleanup", Time since last: 1003043500 ns, Reaching safepoint: 815917 ns, At safepoint: 56375 ns, Total: 872292 ns
[2022-09-04T14:55:43.764+0000][1][safepoint    ] Safepoint "Cleanup", Time since last: 1003304209 ns, Reaching safepoint: 1214042 ns, At safepoint: 101583 ns, Total: 1315625 ns
[2022-09-04T14:55:44.768+0000][1][safepoint    ] Safepoint "Cleanup", Time since last: 1002121167 ns, Reaching safepoint: 993375 ns, At safepoint: 32958 ns, Total: 1026333 ns
[2022-09-04T14:55:45.771+0000][1][safepoint    ] Safepoint "Cleanup", Time since last: 1002202334 ns, Reaching safepoint: 1402584 ns, At safepoint: 57625 ns, Total: 1460209 ns
[2022-09-04T14:55:46.775+0000][1][safepoint    ] Safepoint "Cleanup", Time since last: 1003064250 ns, Reaching safepoint: 879333 ns, At safepoint: 25375 ns, Total: 904708 ns
[2022-09-04T14:55:47.778+0000][1][safepoint    ] Safepoint "Cleanup", Time since last: 1001473626 ns, Reaching safepoint: 1495208 ns, At safepoint: 59042 ns, Total: 1554250 ns
[2022-09-04T14:55:48.784+0000][1][safepoint    ] Safepoint "Cleanup", Time since last: 1004363792 ns, Reaching safepoint: 951958 ns, At safepoint: 25417 ns, Total: 977375 ns
[2022-09-04T14:55:49.791+0000][1][safepoint    ] Safepoint "Cleanup", Time since last: 1005995792 ns, Reaching safepoint: 952333 ns, At safepoint: 21875 ns, Total: 974208 ns
[2022-09-04T14:55:50.794+0000][1][safepoint    ] Safepoint "Cleanup", Time since last: 1002645293 ns, Reaching safepoint: 888416 ns, At safepoint: 19542 ns, Total: 907958 ns
[2022-09-04T14:55:51.798+0000][1][safepoint    ] Safepoint "Cleanup", Time since last: 1001814250 ns, Reaching safepoint: 1574875 ns, At safepoint: 34167 ns, Total: 1609042 ns
[2022-09-04T14:55:52.802+0000][1][safepoint    ] Safepoint "Cleanup", Time since last: 1003261792 ns, Reaching safepoint: 999084 ns, At safepoint: 27666 ns, Total: 1026750 ns
[2022-09-04T14:55:53.806+0000][1][safepoint    ] Safepoint "Cleanup", Time since last: 1002611792 ns, Reaching safepoint: 1295334 ns, At safepoint: 28125 ns, Total: 1323459 ns
[2022-09-04T14:55:54.809+0000][1][safepoint    ] Safepoint "Cleanup", Time since last: 1002510083 ns, Reaching safepoint: 819625 ns, At safepoint: 20917 ns, Total: 840542 ns
[2022-09-04T14:55:55.812+0000][1][safepoint    ] Safepoint "Cleanup", Time since last: 1001576959 ns, Reaching safepoint: 882250 ns, At safepoint: 52542 ns, Total: 934792 ns
[2022-09-04T14:55:56.817+0000][1][safepoint    ] Safepoint "Cleanup", Time since last: 1004260750 ns, Reaching safepoint: 721125 ns, At safepoint: 21333 ns, Total: 742458 ns
[2022-09-04T14:55:57.819+0000][1][safepoint    ] Safepoint "Cleanup", Time since last: 1001598668 ns, Reaching safepoint: 1189708 ns, At safepoint: 28917 ns, Total: 1218625 ns
[2022-09-04T14:55:58.824+0000][1][safepoint    ] Safepoint "Cleanup", Time since last: 1004228417 ns, Reaching safepoint: 720458 ns, At safepoint: 21500 ns, Total: 741958 ns
[2022-09-04T14:55:59.793+0000][1][gc,start     ] GC(18) Pause Young (Allocation Failure)
[2022-09-04T14:55:59.798+0000][1][gc,task      ] GC(18) Using 4 workers of 4 for evacuation
[2022-09-04T14:55:59.852+0000][1][gc,age       ] GC(18) Desired survivor size 8945664 bytes, new threshold 6 (max threshold 6)
[2022-09-04T14:55:59.853+0000][1][gc,age       ] GC(18) Age table with threshold 6 (max threshold 6)
[2022-09-04T14:55:59.855+0000][1][gc,age       ] GC(18) - age   1:     108224 bytes,     108224 total
[2022-09-04T14:55:59.856+0000][1][gc,age       ] GC(18) - age   2:     571304 bytes,     679528 total
[2022-09-04T14:55:59.858+0000][1][gc,age       ] GC(18) - age   3:    5382088 bytes,    6061616 total
[2022-09-04T14:55:59.861+0000][1][gc,heap      ] GC(18) ParNew: 148224K->7355K(157248K)
[2022-09-04T14:55:59.862+0000][1][gc,heap      ] GC(18) CMS: 61563K->61563K(349568K)
[2022-09-04T14:55:59.863+0000][1][gc,metaspace ] GC(18) Metaspace: 82762K->82762K(1124352K)
[2022-09-04T14:55:59.865+0000][1][gc           ] GC(18) Pause Young (Allocation Failure) 204M->67M(494M) 71.785ms
[2022-09-04T14:55:59.866+0000][1][gc,cpu       ] GC(18) User=0.13s Sys=0.03s Real=0.07s
[2022-09-04T14:55:59.868+0000][1][safepoint    ] Safepoint "GenCollectForAllocation", Time since last: 966377501 ns, Reaching safepoint: 1468083 ns, At safepoint: 75399875 ns, Total: 76867958 ns
[2022-09-04T14:56:00.871+0000][1][safepoint    ] Safepoint "Cleanup", Time since last: 1002262124 ns, Reaching safepoint: 1024167 ns, At safepoint: 28833 ns, Total: 1053000 ns
[2022-09-04T14:56:01.877+0000][1][safepoint    ] Safepoint "Cleanup", Time since last: 1002933001 ns, Reaching safepoint: 3438000 ns, At safepoint: 85458 ns, Total: 3523458 ns
[2022-09-04T14:56:02.882+0000][1][safepoint    ] Safepoint "Cleanup", Time since last: 1004213042 ns, Reaching safepoint: 807792 ns, At safepoint: 21833 ns, Total: 829625 ns
[2022-09-04T14:56:03.889+0000][1][safepoint    ] Safepoint "Cleanup", Time since last: 1003738084 ns, Reaching safepoint: 3346584 ns, At safepoint: 79875 ns, Total: 3426459 ns
[2022-09-04T14:56:04.897+0000][1][safepoint    ] Safepoint "Cleanup", Time since last: 1007183833 ns, Reaching safepoint: 873292 ns, At safepoint: 24042 ns, Total: 897334 ns
[2022-09-04T14:56:05.902+0000][1][safepoint    ] Safepoint "Cleanup", Time since last: 1002046667 ns, Reaching safepoint: 2849500 ns, At safepoint: 176125 ns, Total: 3025625 ns
[2022-09-04T14:56:06.907+0000][1][safepoint    ] Safepoint "Cleanup", Time since last: 1003809584 ns, Reaching safepoint: 981458 ns, At safepoint: 31167 ns, Total: 1012625 ns
[2022-09-04T14:56:07.912+0000][1][safepoint    ] Safepoint "Cleanup", Time since last: 1002894333 ns, Reaching safepoint: 1895250 ns, At safepoint: 79709 ns, Total: 1974959 ns
[2022-09-04T14:56:08.917+0000][1][safepoint    ] Safepoint "Cleanup", Time since last: 1004221292 ns, Reaching safepoint: 818958 ns, At safepoint: 38167 ns, Total: 857125 ns
[2022-09-04T14:56:09.921+0000][1][safepoint    ] Safepoint "Cleanup", Time since last: 1003066709 ns, Reaching safepoint: 779791 ns, At safepoint: 20584 ns, Total: 800375 ns
[2022-09-04T14:56:10.925+0000][1][safepoint    ] Safepoint "Cleanup", Time since last: 1002511917 ns, Reaching safepoint: 1671208 ns, At safepoint: 40125 ns, Total: 1711333 ns
[2022-09-04T14:56:11.929+0000][1][safepoint    ] Safepoint "Cleanup", Time since last: 1001999417 ns, Reaching safepoint: 1816167 ns, At safepoint: 69958 ns, Total: 1886125 ns
[2022-09-04T14:56:12.933+0000][1][safepoint    ] Safepoint "Cleanup", Time since last: 1003058292 ns, Reaching safepoint: 815625 ns, At safepoint: 22584 ns, Total: 838209 ns
[2022-09-04T14:56:14.382+0000][1][safepoint    ] Safepoint "Cleanup", Time since last: 1447265709 ns, Reaching safepoint: 1904833 ns, At safepoint: 61084 ns, Total: 1965917 ns
[2022-09-04T14:56:15.387+0000][1][safepoint    ] Safepoint "Cleanup", Time since last: 1003275333 ns, Reaching safepoint: 1358209 ns, At safepoint: 37500 ns, Total: 1395709 ns
[2022-09-04T14:56:16.391+0000][1][safepoint    ] Safepoint "Cleanup", Time since last: 1003512083 ns, Reaching safepoint: 960584 ns, At safepoint: 26208 ns, Total: 986792 ns
[2022-09-04T14:56:17.397+0000][1][safepoint    ] Safepoint "Cleanup", Time since last: 1003188001 ns, Reaching safepoint: 2375958 ns, At safepoint: 64375 ns, Total: 2440333 ns
[2022-09-04T14:56:18.402+0000][1][safepoint    ] Safepoint "Cleanup", Time since last: 1004270709 ns, Reaching safepoint: 857791 ns, At safepoint: 22042 ns, Total: 879833 ns
[2022-09-04T14:56:19.405+0000][1][safepoint    ] Safepoint "Cleanup", Time since last: 1001968042 ns, Reaching safepoint: 847292 ns, At safepoint: 24708 ns, Total: 872000 ns
[2022-09-04T14:56:20.411+0000][1][safepoint    ] Safepoint "Cleanup", Time since last: 1002370251 ns, Reaching safepoint: 2922833 ns, At safepoint: 85208 ns, Total: 3008041 ns
[2022-09-04T14:56:21.419+0000][1][safepoint    ] Safepoint "Cleanup", Time since last: 1006572959 ns, Reaching safepoint: 1775584 ns, At safepoint: 45708 ns, Total: 1821292 ns
[2022-09-04T14:56:22.426+0000][1][safepoint    ] Safepoint "Cleanup", Time since last: 1004074917 ns, Reaching safepoint: 2931208 ns, At safepoint: 68709 ns, Total: 2999917 ns
[2022-09-04T14:56:23.431+0000][1][safepoint    ] Safepoint "Cleanup", Time since last: 1004049625 ns, Reaching safepoint: 1019834 ns, At safepoint: 24166 ns, Total: 1044000 ns
[2022-09-04T14:56:24.437+0000][1][safepoint    ] Safepoint "Cleanup", Time since last: 1002078209 ns, Reaching safepoint: 3631208 ns, At safepoint: 79209 ns, Total: 3710417 ns
[2022-09-04T14:56:25.448+0000][1][safepoint    ] Safepoint "Cleanup", Time since last: 1009047750 ns, Reaching safepoint: 2482667 ns, At safepoint: 84833 ns, Total: 2567500 ns
[2022-09-04T14:56:26.453+0000][1][safepoint    ] Safepoint "Cleanup", Time since last: 1002646001 ns, Reaching safepoint: 2006958 ns, At safepoint: 23583 ns, Total: 2030541 ns
[2022-09-04T14:56:27.459+0000][1][safepoint    ] Safepoint "Cleanup", Time since last: 1002359126 ns, Reaching safepoint: 3566666 ns, At safepoint: 94042 ns, Total: 3660708 ns
[2022-09-04T14:56:28.468+0000][1][safepoint    ] Safepoint "Cleanup", Time since last: 1007766334 ns, Reaching safepoint: 1328208 ns, At safepoint: 34792 ns, Total: 1363000 ns
[2022-09-04T14:56:29.473+0000][1][safepoint    ] Safepoint "Cleanup", Time since last: 1003294292 ns, Reaching safepoint: 1025667 ns, At safepoint: 26666 ns, Total: 1052333 ns
[2022-09-04T14:56:30.478+0000][1][safepoint    ] Safepoint "Cleanup", Time since last: 1001964292 ns, Reaching safepoint: 3859084 ns, At safepoint: 92375 ns, Total: 3951459 ns
[2022-09-04T14:56:31.488+0000][1][safepoint    ] Safepoint "Cleanup", Time since last: 1007361208 ns, Reaching safepoint: 3080167 ns, At safepoint: 123167 ns, Total: 3203334 ns
[2022-09-04T14:56:32.497+0000][1][safepoint    ] Safepoint "Cleanup", Time since last: 1005405125 ns, Reaching safepoint: 3279709 ns, At safepoint: 79875 ns, Total: 3359584 ns
[2022-09-04T14:56:33.503+0000][1][safepoint    ] Safepoint "Cleanup", Time since last: 1003632208 ns, Reaching safepoint: 1831209 ns, At safepoint: 40333 ns, Total: 1871542 ns
[2022-09-04T14:56:34.509+0000][1][safepoint    ] Safepoint "Cleanup", Time since last: 1002723334 ns, Reaching safepoint: 3147833 ns, At safepoint: 76833 ns, Total: 3224666 ns
[2022-09-04T14:56:35.517+0000][1][safepoint    ] Safepoint "Cleanup", Time since last: 1005848376 ns, Reaching safepoint: 2045833 ns, At safepoint: 71375 ns, Total: 2117208 ns
[2022-09-04T14:56:36.520+0000][1][safepoint    ] Safepoint "Cleanup", Time since last: 1002556751 ns, Reaching safepoint: 1106166 ns, At safepoint: 30167 ns, Total: 1136333 ns
[2022-09-04T14:56:37.524+0000][1][safepoint    ] Safepoint "Cleanup", Time since last: 1002282542 ns, Reaching safepoint: 1365209 ns, At safepoint: 58958 ns, Total: 1424167 ns
[2022-09-04T14:56:38.528+0000][1][safepoint    ] Safepoint "Cleanup", Time since last: 1002743125 ns, Reaching safepoint: 987542 ns, At safepoint: 22250 ns, Total: 1009792 ns
[2022-09-04T14:56:39.532+0000][1][safepoint    ] Safepoint "Cleanup", Time since last: 1002678584 ns, Reaching safepoint: 1432333 ns, At safepoint: 34500 ns, Total: 1466833 ns
[2022-09-04T14:56:40.538+0000][1][safepoint    ] Safepoint "Cleanup", Time since last: 1003211709 ns, Reaching safepoint: 2540417 ns, At safepoint: 61500 ns, Total: 2601917 ns
[2022-09-04T14:56:41.545+0000][1][safepoint    ] Safepoint "Cleanup", Time since last: 1005431417 ns, Reaching safepoint: 2047916 ns, At safepoint: 97875 ns, Total: 2145791 ns
[2022-09-04T14:56:42.549+0000][1][safepoint    ] Safepoint "Cleanup", Time since last: 1002374459 ns, Reaching safepoint: 855834 ns, At safepoint: 23625 ns, Total: 879459 ns
[2022-09-04T14:56:43.553+0000][1][safepoint    ] Safepoint "Cleanup", Time since last: 1002805000 ns, Reaching safepoint: 1343875 ns, At safepoint: 51833 ns, Total: 1395708 ns
[2022-09-04T14:56:44.558+0000][1][safepoint    ] Safepoint "Cleanup", Time since last: 1001916376 ns, Reaching safepoint: 3213250 ns, At safepoint: 187917 ns, Total: 3401167 ns
[2022-09-04T14:56:45.568+0000][1][safepoint    ] Safepoint "Cleanup", Time since last: 1006153625 ns, Reaching safepoint: 3405000 ns, At safepoint: 69792 ns, Total: 3474792 ns
[2022-09-04T14:56:46.578+0000][1][safepoint    ] Safepoint "Cleanup", Time since last: 1005678542 ns, Reaching safepoint: 4038667 ns, At safepoint: 156000 ns, Total: 4194667 ns
[2022-09-04T14:56:47.589+0000][1][safepoint    ] Safepoint "Cleanup", Time since last: 1006746333 ns, Reaching safepoint: 4085125 ns, At safepoint: 297917 ns, Total: 4383042 ns
[2022-09-04T14:56:48.597+0000][1][safepoint    ] Safepoint "Cleanup", Time since last: 1005346959 ns, Reaching safepoint: 2358667 ns, At safepoint: 72291 ns, Total: 2430958 ns
[2022-09-04T14:56:49.602+0000][1][safepoint    ] Safepoint "Cleanup", Time since last: 1004027542 ns, Reaching safepoint: 1414459 ns, At safepoint: 69833 ns, Total: 1484292 ns
[2022-09-04T14:56:50.609+0000][1][safepoint    ] Safepoint "Cleanup", Time since last: 1002927209 ns, Reaching safepoint: 3713625 ns, At safepoint: 116166 ns, Total: 3829791 ns
[2022-09-04T14:56:51.616+0000][1][safepoint    ] Safepoint "Cleanup", Time since last: 1004855334 ns, Reaching safepoint: 2668000 ns, At safepoint: 74459 ns, Total: 2742459 ns
[2022-09-04T14:56:52.623+0000][1][safepoint    ] Safepoint "Cleanup", Time since last: 1003855833 ns, Reaching safepoint: 2558000 ns, At safepoint: 59334 ns, Total: 2617334 ns
[2022-09-04T14:56:53.632+0000][1][safepoint    ] Safepoint "Cleanup", Time since last: 1006804292 ns, Reaching safepoint: 2671708 ns, At safepoint: 66542 ns, Total: 2738250 ns
[2022-09-04T14:56:54.639+0000][1][safepoint    ] Safepoint "Cleanup", Time since last: 1004075125 ns, Reaching safepoint: 2746042 ns, At safepoint: 52708 ns, Total: 2798750 ns
[2022-09-04T14:56:55.646+0000][1][safepoint    ] Safepoint "Cleanup", Time since last: 1003793418 ns, Reaching safepoint: 3234833 ns, At safepoint: 67083 ns, Total: 3301916 ns
[2022-09-04T14:56:56.653+0000][1][safepoint    ] Safepoint "Cleanup", Time since last: 1004122584 ns, Reaching safepoint: 2766292 ns, At safepoint: 59041 ns, Total: 2825333 ns
[2022-09-04T14:56:57.661+0000][1][safepoint    ] Safepoint "Cleanup", Time since last: 1004409626 ns, Reaching safepoint: 2708875 ns, At safepoint: 63250 ns, Total: 2772125 ns
[2022-09-04T14:56:59.147+0000][1][safepoint    ] Safepoint "Cleanup", Time since last: 1485933459 ns, Reaching safepoint: 1078375 ns, At safepoint: 18500 ns, Total: 1096875 ns
[2022-09-04T14:57:00.152+0000][1][safepoint    ] Safepoint "Cleanup", Time since last: 1002899959 ns, Reaching safepoint: 1226500 ns, At safepoint: 54500 ns, Total: 1281000 ns
[2022-09-04T14:57:01.155+0000][1][safepoint    ] Safepoint "Cleanup", Time since last: 1002442833 ns, Reaching safepoint: 1372084 ns, At safepoint: 31416 ns, Total: 1403500 ns
[2022-09-04T14:57:02.158+0000][1][safepoint    ] Safepoint "Cleanup", Time since last: 1002204917 ns, Reaching safepoint: 1056209 ns, At safepoint: 27541 ns, Total: 1083750 ns
[2022-09-04T14:57:03.165+0000][1][safepoint    ] Safepoint "Cleanup", Time since last: 1005419626 ns, Reaching safepoint: 881083 ns, At safepoint: 28750 ns, Total: 909833 ns
[2022-09-04T14:57:04.168+0000][1][safepoint    ] Safepoint "Cleanup", Time since last: 1001661376 ns, Reaching safepoint: 1107041 ns, At safepoint: 41375 ns, Total: 1148416 ns
[2022-09-04T14:57:05.175+0000][1][safepoint    ] Safepoint "Cleanup", Time since last: 1006758542 ns, Reaching safepoint: 839375 ns, At safepoint: 18125 ns, Total: 857500 ns
[2022-09-04T14:57:06.182+0000][1][safepoint    ] Safepoint "Cleanup", Time since last: 1005790126 ns, Reaching safepoint: 961750 ns, At safepoint: 22083 ns, Total: 983833 ns
[2022-09-04T14:57:07.186+0000][1][safepoint    ] Safepoint "Cleanup", Time since last: 1003123626 ns, Reaching safepoint: 1216166 ns, At safepoint: 30042 ns, Total: 1246208 ns
[2022-09-04T14:57:08.194+0000][1][safepoint    ] Safepoint "Cleanup", Time since last: 1006460959 ns, Reaching safepoint: 835125 ns, At safepoint: 21500 ns, Total: 856625 ns
[2022-09-04T14:57:09.197+0000][1][safepoint    ] Safepoint "Cleanup", Time since last: 1002468625 ns, Reaching safepoint: 726417 ns, At safepoint: 19208 ns, Total: 745625 ns
[2022-09-04T14:57:10.200+0000][1][safepoint    ] Safepoint "Cleanup", Time since last: 1001977293 ns, Reaching safepoint: 802750 ns, At safepoint: 22541 ns, Total: 825291 ns
[2022-09-04T14:57:11.202+0000][1][safepoint    ] Safepoint "Cleanup", Time since last: 1001493376 ns, Reaching safepoint: 858416 ns, At safepoint: 24250 ns, Total: 882666 ns
[2022-09-04T14:57:12.205+0000][1][safepoint    ] Safepoint "Cleanup", Time since last: 1001853084 ns, Reaching safepoint: 1259708 ns, At safepoint: 26334 ns, Total: 1286042 ns
[2022-09-04T14:57:13.210+0000][1][safepoint    ] Safepoint "Cleanup", Time since last: 1003806542 ns, Reaching safepoint: 1104917 ns, At safepoint: 28291 ns, Total: 1133208 ns
[2022-09-04T14:57:14.214+0000][1][safepoint    ] Safepoint "Cleanup", Time since last: 1002587376 ns, Reaching safepoint: 1542125 ns, At safepoint: 40458 ns, Total: 1582583 ns
[2022-09-04T14:57:15.219+0000][1][safepoint    ] Safepoint "Cleanup", Time since last: 1003511542 ns, Reaching safepoint: 998375 ns, At safepoint: 40084 ns, Total: 1038459 ns
[2022-09-04T14:57:16.222+0000][1][safepoint    ] Safepoint "Cleanup", Time since last: 1001727708 ns, Reaching safepoint: 1176417 ns, At safepoint: 29583 ns, Total: 1206000 ns
[2022-09-04T14:57:17.226+0000][1][safepoint    ] Safepoint "Cleanup", Time since last: 1002232543 ns, Reaching safepoint: 2218375 ns, At safepoint: 40541 ns, Total: 2258916 ns
[2022-09-04T14:57:18.233+0000][1][safepoint    ] Safepoint "Cleanup", Time since last: 1005694167 ns, Reaching safepoint: 833500 ns, At safepoint: 20625 ns, Total: 854125 ns
[2022-09-04T14:57:19.238+0000][1][safepoint    ] Safepoint "Cleanup", Time since last: 1004784751 ns, Reaching safepoint: 719166 ns, At safepoint: 20292 ns, Total: 739458 ns
[2022-09-04T14:57:20.241+0000][1][safepoint    ] Safepoint "Cleanup", Time since last: 1001725459 ns, Reaching safepoint: 1039125 ns, At safepoint: 26875 ns, Total: 1066000 ns
[2022-09-04T14:57:21.244+0000][1][safepoint    ] Safepoint "Cleanup", Time since last: 1001886417 ns, Reaching safepoint: 1345458 ns, At safepoint: 36959 ns, Total: 1382417 ns
[2022-09-04T14:57:22.248+0000][1][safepoint    ] Safepoint "Cleanup", Time since last: 1002693459 ns, Reaching safepoint: 1125208 ns, At safepoint: 36042 ns, Total: 1161250 ns
[2022-09-04T14:57:23.251+0000][1][safepoint    ] Safepoint "Cleanup", Time since last: 1002062958 ns, Reaching safepoint: 882542 ns, At safepoint: 20042 ns, Total: 902584 ns
[2022-09-04T14:57:24.255+0000][1][safepoint    ] Safepoint "Cleanup", Time since last: 1002451042 ns, Reaching safepoint: 1393958 ns, At safepoint: 35209 ns, Total: 1429167 ns
[2022-09-04T14:57:25.259+0000][1][safepoint    ] Safepoint "Cleanup", Time since last: 1003230917 ns, Reaching safepoint: 465041 ns, At safepoint: 43209 ns, Total: 508250 ns
[2022-09-04T14:57:26.305+0000][1][safepoint    ] Safepoint "Cleanup", Time since last: 1029889167 ns, Reaching safepoint: 11556167 ns, At safepoint: 354833 ns, Total: 11911000 ns
[2022-09-04T14:57:27.324+0000][1][safepoint    ] Safepoint "Cleanup", Time since last: 1021803709 ns, Reaching safepoint: 1397208 ns, At safepoint: 38583 ns, Total: 1435791 ns
[2022-09-04T14:57:28.329+0000][1][safepoint    ] Safepoint "Cleanup", Time since last: 1004040376 ns, Reaching safepoint: 855041 ns, At safepoint: 20500 ns, Total: 875541 ns
[2022-09-04T14:57:29.334+0000][1][safepoint    ] Safepoint "Cleanup", Time since last: 1004360459 ns, Reaching safepoint: 1224375 ns, At safepoint: 52750 ns, Total: 1277125 ns
[2022-09-04T14:57:30.338+0000][1][safepoint    ] Safepoint "Cleanup", Time since last: 1003205417 ns, Reaching safepoint: 739709 ns, At safepoint: 27833 ns, Total: 767542 ns
[2022-09-04T14:57:31.342+0000][1][safepoint    ] Safepoint "Cleanup", Time since last: 1003234625 ns, Reaching safepoint: 1086833 ns, At safepoint: 29125 ns, Total: 1115958 ns
[2022-09-04T14:57:32.347+0000][1][safepoint    ] Safepoint "Cleanup", Time since last: 1003450500 ns, Reaching safepoint: 1362167 ns, At safepoint: 49167 ns, Total: 1411334 ns
[2022-09-04T14:57:33.351+0000][1][safepoint    ] Safepoint "Cleanup", Time since last: 1003011709 ns, Reaching safepoint: 1060958 ns, At safepoint: 34250 ns, Total: 1095208 ns
[2022-09-04T14:57:34.355+0000][1][safepoint    ] Safepoint "Cleanup", Time since last: 1001934584 ns, Reaching safepoint: 1667291 ns, At safepoint: 42542 ns, Total: 1709833 ns
[2022-09-04T14:57:35.358+0000][1][safepoint    ] Safepoint "Cleanup", Time since last: 1002026667 ns, Reaching safepoint: 1383750 ns, At safepoint: 30125 ns, Total: 1413875 ns
[2022-09-04T14:57:36.361+0000][1][safepoint    ] Safepoint "Cleanup", Time since last: 1002043251 ns, Reaching safepoint: 1295125 ns, At safepoint: 31375 ns, Total: 1326500 ns
[2022-09-04T14:57:37.367+0000][1][safepoint    ] Safepoint "Cleanup", Time since last: 1004648584 ns, Reaching safepoint: 1077833 ns, At safepoint: 43708 ns, Total: 1121541 ns
[2022-09-04T14:57:38.371+0000][1][safepoint    ] Safepoint "Cleanup", Time since last: 1002336376 ns, Reaching safepoint: 1577625 ns, At safepoint: 66375 ns, Total: 1644000 ns
[2022-09-04T14:57:39.376+0000][1][safepoint    ] Safepoint "Cleanup", Time since last: 1002839708 ns, Reaching safepoint: 2035500 ns, At safepoint: 42834 ns, Total: 2078334 ns
[2022-09-04T14:57:40.380+0000][1][safepoint    ] Safepoint "Cleanup", Time since last: 1002490875 ns, Reaching safepoint: 1242667 ns, At safepoint: 52833 ns, Total: 1295500 ns
[2022-09-04T14:57:41.385+0000][1][safepoint    ] Safepoint "Cleanup", Time since last: 1003217292 ns, Reaching safepoint: 1355500 ns, At safepoint: 41209 ns, Total: 1396709 ns
[2022-09-04T14:57:42.303+0000][1][safepoint    ] Safepoint "RevokeBias", Time since last: 917302584 ns, Reaching safepoint: 997583 ns, At safepoint: 568667 ns, Total: 1566250 ns
[2022-09-04T14:57:42.335+0000][1][safepoint    ] Safepoint "RevokeBias", Time since last: 30764541 ns, Reaching safepoint: 483250 ns, At safepoint: 32334 ns, Total: 515584 ns
[2022-09-04T14:57:43.339+0000][1][safepoint    ] Safepoint "Cleanup", Time since last: 1001619250 ns, Reaching safepoint: 2045875 ns, At safepoint: 129000 ns, Total: 2174875 ns
[2022-09-04T14:57:44.345+0000][1][safepoint    ] Safepoint "Cleanup", Time since last: 1004534167 ns, Reaching safepoint: 1724625 ns, At safepoint: 47542 ns, Total: 1772167 ns
[2022-09-04T14:57:45.349+0000][1][safepoint    ] Safepoint "Cleanup", Time since last: 1003325334 ns, Reaching safepoint: 1137625 ns, At safepoint: 34666 ns, Total: 1172291 ns
[2022-09-04T14:57:46.353+0000][1][safepoint    ] Safepoint "Cleanup", Time since last: 1002457417 ns, Reaching safepoint: 1537125 ns, At safepoint: 37709 ns, Total: 1574834 ns
[2022-09-04T14:57:47.357+0000][1][safepoint    ] Safepoint "Cleanup", Time since last: 1002455792 ns, Reaching safepoint: 1390542 ns, At safepoint: 33083 ns, Total: 1423625 ns
[2022-09-04T14:57:48.362+0000][1][safepoint    ] Safepoint "Cleanup", Time since last: 1003558667 ns, Reaching safepoint: 1560000 ns, At safepoint: 35625 ns, Total: 1595625 ns
[2022-09-04T14:57:49.368+0000][1][safepoint    ] Safepoint "Cleanup", Time since last: 1004265084 ns, Reaching safepoint: 1041500 ns, At safepoint: 22667 ns, Total: 1064167 ns
[2022-09-04T14:57:50.371+0000][1][safepoint    ] Safepoint "Cleanup", Time since last: 1002476833 ns, Reaching safepoint: 1125792 ns, At safepoint: 28458 ns, Total: 1154250 ns
[2022-09-04T14:57:51.375+0000][1][safepoint    ] Safepoint "Cleanup", Time since last: 1001998709 ns, Reaching safepoint: 1815334 ns, At safepoint: 45375 ns, Total: 1860709 ns
[2022-09-04T14:57:52.381+0000][1][safepoint    ] Safepoint "Cleanup", Time since last: 1004308083 ns, Reaching safepoint: 1424459 ns, At safepoint: 31583 ns, Total: 1456042 ns
[2022-09-04T14:57:53.389+0000][1][safepoint    ] Safepoint "Cleanup", Time since last: 1004875875 ns, Reaching safepoint: 3040834 ns, At safepoint: 106208 ns, Total: 3147042 ns
[2022-09-04T14:57:54.398+0000][1][safepoint    ] Safepoint "Cleanup", Time since last: 1006441542 ns, Reaching safepoint: 2610000 ns, At safepoint: 50834 ns, Total: 2660834 ns
[2022-09-04T14:57:55.404+0000][1][safepoint    ] Safepoint "Cleanup", Time since last: 1004652417 ns, Reaching safepoint: 1572500 ns, At safepoint: 40125 ns, Total: 1612625 ns
[2022-09-04T14:57:56.409+0000][1][safepoint    ] Safepoint "Cleanup", Time since last: 1001884792 ns, Reaching safepoint: 2277958 ns, At safepoint: 52542 ns, Total: 2330500 ns
[2022-09-04T14:57:57.413+0000][1][safepoint    ] Safepoint "Cleanup", Time since last: 1003086875 ns, Reaching safepoint: 1000000 ns, At safepoint: 25625 ns, Total: 1025625 ns
[2022-09-04T14:57:58.417+0000][1][safepoint    ] Safepoint "Cleanup", Time since last: 1002416959 ns, Reaching safepoint: 1921417 ns, At safepoint: 58875 ns, Total: 1980292 ns
[2022-09-04T14:57:59.423+0000][1][safepoint    ] Safepoint "Cleanup", Time since last: 1005595500 ns, Reaching safepoint: 753167 ns, At safepoint: 19250 ns, Total: 772417 ns
[2022-09-04T14:58:00.427+0000][1][safepoint    ] Safepoint "Cleanup", Time since last: 1002922958 ns, Reaching safepoint: 1216209 ns, At safepoint: 31958 ns, Total: 1248167 ns
[2022-09-04T14:58:01.434+0000][1][safepoint    ] Safepoint "Cleanup", Time since last: 1002979959 ns, Reaching safepoint: 3691541 ns, At safepoint: 85709 ns, Total: 3777250 ns
[2022-09-04T14:58:02.443+0000][1][safepoint    ] Safepoint "Cleanup", Time since last: 1005288583 ns, Reaching safepoint: 3541334 ns, At safepoint: 98750 ns, Total: 3640084 ns
[2022-09-04T14:58:03.453+0000][1][safepoint    ] Safepoint "Cleanup", Time since last: 1006233167 ns, Reaching safepoint: 3072000 ns, At safepoint: 119000 ns, Total: 3191000 ns
[2022-09-04T14:58:04.468+0000][1][safepoint    ] Safepoint "Cleanup", Time since last: 1010325334 ns, Reaching safepoint: 4512750 ns, At safepoint: 115958 ns, Total: 4628708 ns
[2022-09-04T14:58:05.475+0000][1][safepoint    ] Safepoint "Cleanup", Time since last: 1006199501 ns, Reaching safepoint: 1288500 ns, At safepoint: 45291 ns, Total: 1333791 ns
[2022-09-04T14:58:06.482+0000][1][safepoint    ] Safepoint "Cleanup", Time since last: 1002260417 ns, Reaching safepoint: 4076125 ns, At safepoint: 190209 ns, Total: 4266334 ns
[2022-09-04T14:58:07.487+0000][1][safepoint    ] Safepoint "Cleanup", Time since last: 1004022625 ns, Reaching safepoint: 1213625 ns, At safepoint: 41042 ns, Total: 1254667 ns
[2022-09-04T14:58:08.492+0000][1][safepoint    ] Safepoint "Cleanup", Time since last: 1003457375 ns, Reaching safepoint: 2091542 ns, At safepoint: 64542 ns, Total: 2156084 ns
[2022-09-04T14:58:09.498+0000][1][safepoint    ] Safepoint "Cleanup", Time since last: 1004262084 ns, Reaching safepoint: 1103666 ns, At safepoint: 40417 ns, Total: 1144083 ns
[2022-09-04T14:58:10.501+0000][1][safepoint    ] Safepoint "Cleanup", Time since last: 1001898542 ns, Reaching safepoint: 1439958 ns, At safepoint: 54792 ns, Total: 1494750 ns
[2022-09-04T14:58:11.507+0000][1][safepoint    ] Safepoint "Cleanup", Time since last: 1002848542 ns, Reaching safepoint: 2872417 ns, At safepoint: 295833 ns, Total: 3168250 ns
[2022-09-04T14:58:12.513+0000][1][safepoint    ] Safepoint "Cleanup", Time since last: 1003405876 ns, Reaching safepoint: 1980625 ns, At safepoint: 124375 ns, Total: 2105000 ns
[2022-09-04T14:58:13.520+0000][1][safepoint    ] Safepoint "Cleanup", Time since last: 1005166292 ns, Reaching safepoint: 1634250 ns, At safepoint: 43583 ns, Total: 1677833 ns
[2022-09-04T14:58:14.524+0000][1][safepoint    ] Safepoint "Cleanup", Time since last: 1002048959 ns, Reaching safepoint: 2672042 ns, At safepoint: 75833 ns, Total: 2747875 ns
[2022-09-04T14:58:15.587+0000][1][safepoint    ] Safepoint "Cleanup", Time since last: 1061200125 ns, Reaching safepoint: 920084 ns, At safepoint: 27000 ns, Total: 947084 ns
[2022-09-04T14:58:16.590+0000][1][safepoint    ] Safepoint "Cleanup", Time since last: 1002514375 ns, Reaching safepoint: 1109750 ns, At safepoint: 140209 ns, Total: 1249959 ns
[2022-09-04T14:58:17.596+0000][1][safepoint    ] Safepoint "Cleanup", Time since last: 1003122625 ns, Reaching safepoint: 2585833 ns, At safepoint: 81459 ns, Total: 2667292 ns
[2022-09-04T14:58:18.601+0000][1][safepoint    ] Safepoint "Cleanup", Time since last: 1003667042 ns, Reaching safepoint: 1293375 ns, At safepoint: 34583 ns, Total: 1327958 ns
[2022-09-04T14:58:19.606+0000][1][safepoint    ] Safepoint "Cleanup", Time since last: 1003831209 ns, Reaching safepoint: 721208 ns, At safepoint: 27500 ns, Total: 748708 ns
[2022-09-04T14:58:20.611+0000][1][safepoint    ] Safepoint "Cleanup", Time since last: 1002656667 ns, Reaching safepoint: 2535625 ns, At safepoint: 116459 ns, Total: 2652084 ns
[2022-09-04T14:58:21.623+0000][1][safepoint    ] Safepoint "Cleanup", Time since last: 1008921042 ns, Reaching safepoint: 2626042 ns, At safepoint: 72375 ns, Total: 2698417 ns
[2022-09-04T14:58:22.630+0000][1][safepoint    ] Safepoint "Cleanup", Time since last: 1003796750 ns, Reaching safepoint: 3963333 ns, At safepoint: 97542 ns, Total: 4060875 ns
[2022-09-04T14:58:23.637+0000][1][safepoint    ] Safepoint "Cleanup", Time since last: 1005142792 ns, Reaching safepoint: 1628417 ns, At safepoint: 40417 ns, Total: 1668834 ns
[2022-09-04T14:58:24.643+0000][1][safepoint    ] Safepoint "Cleanup", Time since last: 1003567708 ns, Reaching safepoint: 2402584 ns, At safepoint: 65750 ns, Total: 2468334 ns
[2022-09-04T14:58:25.647+0000][1][safepoint    ] Safepoint "Cleanup", Time since last: 1003245084 ns, Reaching safepoint: 910083 ns, At safepoint: 20792 ns, Total: 930875 ns
[2022-09-04T14:58:26.652+0000][1][safepoint    ] Safepoint "Cleanup", Time since last: 1001803750 ns, Reaching safepoint: 2782083 ns, At safepoint: 72417 ns, Total: 2854500 ns
[2022-09-04T14:58:27.659+0000][1][safepoint    ] Safepoint "Cleanup", Time since last: 1003917751 ns, Reaching safepoint: 3292541 ns, At safepoint: 90875 ns, Total: 3383416 ns
[2022-09-04T14:58:28.667+0000][1][safepoint    ] Safepoint "Cleanup", Time since last: 1005578792 ns, Reaching safepoint: 2320334 ns, At safepoint: 62833 ns, Total: 2383167 ns
[2022-09-04T14:58:29.674+0000][1][safepoint    ] Safepoint "Cleanup", Time since last: 1005779875 ns, Reaching safepoint: 862834 ns, At safepoint: 20208 ns, Total: 883042 ns
[2022-09-04T14:58:30.678+0000][1][safepoint    ] Safepoint "Cleanup", Time since last: 1002943000 ns, Reaching safepoint: 1369584 ns, At safepoint: 37291 ns, Total: 1406875 ns
[2022-09-04T14:58:31.682+0000][1][safepoint    ] Safepoint "Cleanup", Time since last: 1003483709 ns, Reaching safepoint: 756417 ns, At safepoint: 37541 ns, Total: 793958 ns
[2022-09-04T14:58:32.685+0000][1][safepoint    ] Safepoint "Cleanup", Time since last: 1002140626 ns, Reaching safepoint: 747958 ns, At safepoint: 22042 ns, Total: 770000 ns
[2022-09-04T14:58:33.690+0000][1][safepoint    ] Safepoint "Cleanup", Time since last: 1002547792 ns, Reaching safepoint: 2618708 ns, At safepoint: 71750 ns, Total: 2690458 ns
[2022-09-04T14:58:34.696+0000][1][safepoint    ] Safepoint "Cleanup", Time since last: 1004782084 ns, Reaching safepoint: 1147000 ns, At safepoint: 39459 ns, Total: 1186459 ns
[2022-09-04T14:58:35.701+0000][1][safepoint    ] Safepoint "Cleanup", Time since last: 1002625167 ns, Reaching safepoint: 2200125 ns, At safepoint: 289958 ns, Total: 2490083 ns
[2022-09-04T14:58:36.707+0000][1][safepoint    ] Safepoint "Cleanup", Time since last: 1003453792 ns, Reaching safepoint: 2398584 ns, At safepoint: 66750 ns, Total: 2465334 ns
[2022-09-04T14:58:37.714+0000][1][safepoint    ] Safepoint "Cleanup", Time since last: 1003710292 ns, Reaching safepoint: 2928333 ns, At safepoint: 102750 ns, Total: 3031083 ns
[2022-09-04T14:58:38.721+0000][1][safepoint    ] Safepoint "Cleanup", Time since last: 1005179042 ns, Reaching safepoint: 1455500 ns, At safepoint: 57625 ns, Total: 1513125 ns
[2022-09-04T14:58:39.724+0000][1][safepoint    ] Safepoint "Cleanup", Time since last: 1002891376 ns, Reaching safepoint: 775416 ns, At safepoint: 29709 ns, Total: 805125 ns
[2022-09-04T14:58:40.728+0000][1][safepoint    ] Safepoint "Cleanup", Time since last: 1003065917 ns, Reaching safepoint: 874250 ns, At safepoint: 24000 ns, Total: 898250 ns
[2022-09-04T14:58:41.731+0000][1][safepoint    ] Safepoint "Cleanup", Time since last: 1002315334 ns, Reaching safepoint: 948333 ns, At safepoint: 25292 ns, Total: 973625 ns
[2022-09-04T14:58:42.734+0000][1][safepoint    ] Safepoint "Cleanup", Time since last: 1001902083 ns, Reaching safepoint: 721792 ns, At safepoint: 24417 ns, Total: 746209 ns
[2022-09-04T14:58:43.737+0000][1][safepoint    ] Safepoint "Cleanup", Time since last: 1002208084 ns, Reaching safepoint: 881708 ns, At safepoint: 22250 ns, Total: 903958 ns
[2022-09-04T14:58:44.742+0000][1][safepoint    ] Safepoint "Cleanup", Time since last: 1001796584 ns, Reaching safepoint: 2828375 ns, At safepoint: 137166 ns, Total: 2965541 ns
[2022-09-04T14:58:45.747+0000][1][safepoint    ] Safepoint "Cleanup", Time since last: 1004507626 ns, Reaching safepoint: 903250 ns, At safepoint: 32208 ns, Total: 935458 ns
[2022-09-04T14:58:46.752+0000][1][safepoint    ] Safepoint "Cleanup", Time since last: 1001906209 ns, Reaching safepoint: 2383333 ns, At safepoint: 67084 ns, Total: 2450417 ns
[2022-09-04T14:58:47.758+0000][1][safepoint    ] Safepoint "Cleanup", Time since last: 1003782042 ns, Reaching safepoint: 2726666 ns, At safepoint: 92625 ns, Total: 2819291 ns
[2022-09-04T14:58:48.765+0000][1][safepoint    ] Safepoint "Cleanup", Time since last: 1005192751 ns, Reaching safepoint: 1649125 ns, At safepoint: 52958 ns, Total: 1702083 ns
[2022-09-04T14:58:49.769+0000][1][safepoint    ] Safepoint "Cleanup", Time since last: 1003010459 ns, Reaching safepoint: 773583 ns, At safepoint: 20125 ns, Total: 793708 ns
[2022-09-04T14:58:50.772+0000][1][safepoint    ] Safepoint "Cleanup", Time since last: 1001641709 ns, Reaching safepoint: 905500 ns, At safepoint: 25792 ns, Total: 931292 ns
[2022-09-04T14:58:51.776+0000][1][safepoint    ] Safepoint "Cleanup", Time since last: 1003048959 ns, Reaching safepoint: 1349916 ns, At safepoint: 43084 ns, Total: 1393000 ns
[2022-09-04T14:58:52.780+0000][1][safepoint    ] Safepoint "Cleanup", Time since last: 1002474917 ns, Reaching safepoint: 1095167 ns, At safepoint: 34791 ns, Total: 1129958 ns
[2022-09-04T14:58:53.783+0000][1][safepoint    ] Safepoint "Cleanup", Time since last: 1002044792 ns, Reaching safepoint: 754625 ns, At safepoint: 21250 ns, Total: 775875 ns
[2022-09-04T14:58:54.786+0000][1][safepoint    ] Safepoint "Cleanup", Time since last: 1002910376 ns, Reaching safepoint: 838125 ns, At safepoint: 31208 ns, Total: 869333 ns
[2022-09-04T14:58:55.790+0000][1][safepoint    ] Safepoint "Cleanup", Time since last: 1002760042 ns, Reaching safepoint: 1047375 ns, At safepoint: 50042 ns, Total: 1097417 ns
[2022-09-04T14:58:56.793+0000][1][safepoint    ] Safepoint "Cleanup", Time since last: 1002070334 ns, Reaching safepoint: 1084208 ns, At safepoint: 46583 ns, Total: 1130791 ns
[2022-09-04T14:58:57.797+0000][1][safepoint    ] Safepoint "Cleanup", Time since last: 1002642626 ns, Reaching safepoint: 1334875 ns, At safepoint: 33750 ns, Total: 1368625 ns
[2022-09-04T14:58:58.803+0000][1][safepoint    ] Safepoint "Cleanup", Time since last: 1003866042 ns, Reaching safepoint: 1314417 ns, At safepoint: 87708 ns, Total: 1402125 ns
[2022-09-04T14:58:59.808+0000][1][safepoint    ] Safepoint "Cleanup", Time since last: 1004217876 ns, Reaching safepoint: 933083 ns, At safepoint: 24792 ns, Total: 957875 ns
[2022-09-04T14:59:00.810+0000][1][safepoint    ] Safepoint "Cleanup", Time since last: 1001729416 ns, Reaching safepoint: 954875 ns, At safepoint: 32125 ns, Total: 987000 ns
[2022-09-04T14:59:01.813+0000][1][safepoint    ] Safepoint "Cleanup", Time since last: 1002147250 ns, Reaching safepoint: 815000 ns, At safepoint: 23042 ns, Total: 838042 ns
[2022-09-04T14:59:02.816+0000][1][safepoint    ] Safepoint "Cleanup", Time since last: 1001719167 ns, Reaching safepoint: 896042 ns, At safepoint: 25166 ns, Total: 921208 ns
[2022-09-04T14:59:03.820+0000][1][safepoint    ] Safepoint "Cleanup", Time since last: 1003176417 ns, Reaching safepoint: 1134875 ns, At safepoint: 31667 ns, Total: 1166542 ns
[2022-09-04T14:59:04.825+0000][1][safepoint    ] Safepoint "Cleanup", Time since last: 1003425251 ns, Reaching safepoint: 936833 ns, At safepoint: 27583 ns, Total: 964416 ns
[2022-09-04T14:59:05.828+0000][1][safepoint    ] Safepoint "Cleanup", Time since last: 1002028126 ns, Reaching safepoint: 1331541 ns, At safepoint: 46084 ns, Total: 1377625 ns
[2022-09-04T14:59:06.832+0000][1][safepoint    ] Safepoint "Cleanup", Time since last: 1002728500 ns, Reaching safepoint: 1065750 ns, At safepoint: 31375 ns, Total: 1097125 ns
[2022-09-04T14:59:07.837+0000][1][safepoint    ] Safepoint "Cleanup", Time since last: 1003346626 ns, Reaching safepoint: 1866458 ns, At safepoint: 55750 ns, Total: 1922208 ns
[2022-09-04T14:59:08.843+0000][1][safepoint    ] Safepoint "Cleanup", Time since last: 1004501042 ns, Reaching safepoint: 939459 ns, At safepoint: 24416 ns, Total: 963875 ns
[2022-09-04T14:59:09.846+0000][1][safepoint    ] Safepoint "Cleanup", Time since last: 1001881417 ns, Reaching safepoint: 1102042 ns, At safepoint: 28750 ns, Total: 1130792 ns
[2022-09-04T14:59:11.785+0000][1][safepoint    ] Safepoint "Cleanup", Time since last: 1938344709 ns, Reaching safepoint: 972875 ns, At safepoint: 33667 ns, Total: 1006542 ns
[2022-09-04T14:59:12.790+0000][1][safepoint    ] Safepoint "Cleanup", Time since last: 1003749459 ns, Reaching safepoint: 1136500 ns, At safepoint: 29833 ns, Total: 1166333 ns
[2022-09-04T14:59:13.793+0000][1][safepoint    ] Safepoint "Cleanup", Time since last: 1002623667 ns, Reaching safepoint: 870084 ns, At safepoint: 24625 ns, Total: 894709 ns
[2022-09-04T14:59:14.797+0000][1][safepoint    ] Safepoint "Cleanup", Time since last: 1002910083 ns, Reaching safepoint: 1205167 ns, At safepoint: 39167 ns, Total: 1244334 ns
[2022-09-04T14:59:15.803+0000][1][safepoint    ] Safepoint "Cleanup", Time since last: 1001858750 ns, Reaching safepoint: 3588084 ns, At safepoint: 99916 ns, Total: 3688000 ns
[2022-09-04T14:59:16.808+0000][1][safepoint    ] Safepoint "Cleanup", Time since last: 1002930542 ns, Reaching safepoint: 2415709 ns, At safepoint: 55750 ns, Total: 2471459 ns
[2022-09-04T14:59:17.815+0000][1][safepoint    ] Safepoint "Cleanup", Time since last: 1005386958 ns, Reaching safepoint: 1458625 ns, At safepoint: 38084 ns, Total: 1496709 ns
[2022-09-04T14:59:18.822+0000][1][safepoint    ] Safepoint "Cleanup", Time since last: 1006009042 ns, Reaching safepoint: 1035375 ns, At safepoint: 24750 ns, Total: 1060125 ns
[2022-09-04T14:59:19.827+0000][1][safepoint    ] Safepoint "Cleanup", Time since last: 1004241834 ns, Reaching safepoint: 755666 ns, At safepoint: 20500 ns, Total: 776166 ns
[2022-09-04T14:59:20.832+0000][1][safepoint    ] Safepoint "Cleanup", Time since last: 1001847376 ns, Reaching safepoint: 2545833 ns, At safepoint: 68125 ns, Total: 2613958 ns
[2022-09-04T14:59:21.843+0000][1][safepoint    ] Safepoint "Cleanup", Time since last: 1009006167 ns, Reaching safepoint: 2173667 ns, At safepoint: 87083 ns, Total: 2260750 ns
[2022-09-04T14:59:22.848+0000][1][safepoint    ] Safepoint "Cleanup", Time since last: 1003768209 ns, Reaching safepoint: 1101750 ns, At safepoint: 28500 ns, Total: 1130250 ns
[2022-09-04T14:59:23.851+0000][1][safepoint    ] Safepoint "Cleanup", Time since last: 1001942626 ns, Reaching safepoint: 1001541 ns, At safepoint: 25834 ns, Total: 1027375 ns
[2022-09-04T14:59:24.854+0000][1][safepoint    ] Safepoint "Cleanup", Time since last: 1002167792 ns, Reaching safepoint: 854917 ns, At safepoint: 22583 ns, Total: 877500 ns
[2022-09-04T14:59:25.860+0000][1][safepoint    ] Safepoint "Cleanup", Time since last: 1002715042 ns, Reaching safepoint: 2752417 ns, At safepoint: 88000 ns, Total: 2840417 ns
[2022-09-04T14:59:26.864+0000][1][safepoint    ] Safepoint "Cleanup", Time since last: 1003770792 ns, Reaching safepoint: 953083 ns, At safepoint: 24833 ns, Total: 977916 ns
[2022-09-04T14:59:27.870+0000][1][safepoint    ] Safepoint "Cleanup", Time since last: 1003392001 ns, Reaching safepoint: 2465917 ns, At safepoint: 63083 ns, Total: 2529000 ns
[2022-09-04T14:59:28.879+0000][1][safepoint    ] Safepoint "Cleanup", Time since last: 1007148584 ns, Reaching safepoint: 1092291 ns, At safepoint: 32209 ns, Total: 1124500 ns
[2022-09-04T14:59:29.882+0000][1][safepoint    ] Safepoint "Cleanup", Time since last: 1002467292 ns, Reaching safepoint: 1034292 ns, At safepoint: 24833 ns, Total: 1059125 ns
[2022-09-04T14:59:30.888+0000][1][safepoint    ] Safepoint "Cleanup", Time since last: 1004245749 ns, Reaching safepoint: 2404750 ns, At safepoint: 64167 ns, Total: 2468917 ns
[2022-09-04T14:59:31.894+0000][1][safepoint    ] Safepoint "Cleanup", Time since last: 1005312542 ns, Reaching safepoint: 889709 ns, At safepoint: 25416 ns, Total: 915125 ns
[2022-09-04T14:59:32.897+0000][1][safepoint    ] Safepoint "Cleanup", Time since last: 1001583001 ns, Reaching safepoint: 1210500 ns, At safepoint: 25916 ns, Total: 1236416 ns
[2022-09-04T14:59:33.900+0000][1][safepoint    ] Safepoint "Cleanup", Time since last: 1002476793 ns, Reaching safepoint: 818916 ns, At safepoint: 23459 ns, Total: 842375 ns
[2022-09-04T14:59:34.904+0000][1][safepoint    ] Safepoint "Cleanup", Time since last: 1002193292 ns, Reaching safepoint: 1345291 ns, At safepoint: 37292 ns, Total: 1382583 ns
[2022-09-04T14:59:35.909+0000][1][safepoint    ] Safepoint "Cleanup", Time since last: 1002847459 ns, Reaching safepoint: 1625541 ns, At safepoint: 75209 ns, Total: 1700750 ns
[2022-09-04T14:59:36.913+0000][1][safepoint    ] Safepoint "Cleanup", Time since last: 1002902334 ns, Reaching safepoint: 1008541 ns, At safepoint: 29917 ns, Total: 1038458 ns
[2022-09-04T14:59:37.917+0000][1][safepoint    ] Safepoint "Cleanup", Time since last: 1002298500 ns, Reaching safepoint: 2078209 ns, At safepoint: 192375 ns, Total: 2270584 ns
[2022-09-04T14:59:38.924+0000][1][safepoint    ] Safepoint "Cleanup", Time since last: 1004619209 ns, Reaching safepoint: 2403458 ns, At safepoint: 71167 ns, Total: 2474625 ns
[2022-09-04T14:59:39.929+0000][1][safepoint    ] Safepoint "Cleanup", Time since last: 1004089208 ns, Reaching safepoint: 913917 ns, At safepoint: 29500 ns, Total: 943417 ns
[2022-09-04T14:59:40.932+0000][1][safepoint    ] Safepoint "Cleanup", Time since last: 1001873834 ns, Reaching safepoint: 1279583 ns, At safepoint: 33000 ns, Total: 1312583 ns
[2022-09-04T14:59:41.939+0000][1][safepoint    ] Safepoint "Cleanup", Time since last: 1005324876 ns, Reaching safepoint: 800666 ns, At safepoint: 23959 ns, Total: 824625 ns
[2022-09-04T14:59:42.942+0000][1][safepoint    ] Safepoint "Cleanup", Time since last: 1002086125 ns, Reaching safepoint: 887167 ns, At safepoint: 37083 ns, Total: 924250 ns
[2022-09-04T14:59:43.967+0000][1][safepoint    ] Safepoint "Cleanup", Time since last: 1023001001 ns, Reaching safepoint: 2687291 ns, At safepoint: 78209 ns, Total: 2765500 ns
[2022-09-04T14:59:44.972+0000][1][safepoint    ] Safepoint "Cleanup", Time since last: 1003612250 ns, Reaching safepoint: 1112292 ns, At safepoint: 31000 ns, Total: 1143292 ns
[2022-09-04T14:59:45.979+0000][1][safepoint    ] Safepoint "Cleanup", Time since last: 1001946584 ns, Reaching safepoint: 4238375 ns, At safepoint: 319208 ns, Total: 4557583 ns
[2022-09-04T14:59:46.985+0000][1][safepoint    ] Safepoint "Cleanup", Time since last: 1004865709 ns, Reaching safepoint: 1026958 ns, At safepoint: 38375 ns, Total: 1065333 ns
[2022-09-04T14:59:47.988+0000][1][safepoint    ] Safepoint "Cleanup", Time since last: 1002451084 ns, Reaching safepoint: 831542 ns, At safepoint: 24041 ns, Total: 855583 ns
[2022-09-04T14:59:48.993+0000][1][safepoint    ] Safepoint "Cleanup", Time since last: 1001984001 ns, Reaching safepoint: 2813750 ns, At safepoint: 80000 ns, Total: 2893750 ns
[2022-09-04T14:59:49.998+0000][1][safepoint    ] Safepoint "Cleanup", Time since last: 1004231875 ns, Reaching safepoint: 968292 ns, At safepoint: 59042 ns, Total: 1027334 ns
[2022-09-04T14:59:51.003+0000][1][safepoint    ] Safepoint "Cleanup", Time since last: 1002079208 ns, Reaching safepoint: 2516584 ns, At safepoint: 92208 ns, Total: 2608792 ns
[2022-09-04T14:59:52.011+0000][1][safepoint    ] Safepoint "Cleanup", Time since last: 1006925334 ns, Reaching safepoint: 931125 ns, At safepoint: 32250 ns, Total: 963375 ns
[2022-09-04T14:59:53.015+0000][1][safepoint    ] Safepoint "Cleanup", Time since last: 1003132625 ns, Reaching safepoint: 1526875 ns, At safepoint: 62917 ns, Total: 1589792 ns
[2022-09-04T14:59:54.021+0000][1][safepoint    ] Safepoint "Cleanup", Time since last: 1003344709 ns, Reaching safepoint: 2466791 ns, At safepoint: 59667 ns, Total: 2526458 ns
[2022-09-04T14:59:55.031+0000][1][safepoint    ] Safepoint "Cleanup", Time since last: 1008675292 ns, Reaching safepoint: 1482875 ns, At safepoint: 47209 ns, Total: 1530084 ns
[2022-09-04T14:59:56.036+0000][1][safepoint    ] Safepoint "Cleanup", Time since last: 1002533625 ns, Reaching safepoint: 1600125 ns, At safepoint: 37958 ns, Total: 1638083 ns
[2022-09-04T14:59:57.039+0000][1][safepoint    ] Safepoint "Cleanup", Time since last: 1003045459 ns, Reaching safepoint: 772334 ns, At safepoint: 19333 ns, Total: 791667 ns
[2022-09-04T14:59:58.043+0000][1][safepoint    ] Safepoint "Cleanup", Time since last: 1002675209 ns, Reaching safepoint: 752000 ns, At safepoint: 21708 ns, Total: 773708 ns
[2022-09-04T14:59:59.046+0000][1][safepoint    ] Safepoint "Cleanup", Time since last: 1001900209 ns, Reaching safepoint: 1561292 ns, At safepoint: 36833 ns, Total: 1598125 ns
[2022-09-04T15:00:00.051+0000][1][safepoint    ] Safepoint "Cleanup", Time since last: 1003311834 ns, Reaching safepoint: 1163916 ns, At safepoint: 30625 ns, Total: 1194541 ns
[2022-09-04T15:00:01.056+0000][1][safepoint    ] Safepoint "Cleanup", Time since last: 1002353542 ns, Reaching safepoint: 3048667 ns, At safepoint: 92291 ns, Total: 3140958 ns
[2022-09-04T15:00:02.061+0000][1][safepoint    ] Safepoint "Cleanup", Time since last: 1004018001 ns, Reaching safepoint: 851333 ns, At safepoint: 22500 ns, Total: 873833 ns
[2022-09-04T15:00:03.064+0000][1][safepoint    ] Safepoint "Cleanup", Time since last: 1002755167 ns, Reaching safepoint: 885000 ns, At safepoint: 24167 ns, Total: 909167 ns
[2022-09-04T15:00:04.068+0000][1][safepoint    ] Safepoint "Cleanup", Time since last: 1001893792 ns, Reaching safepoint: 1429167 ns, At safepoint: 52417 ns, Total: 1481584 ns
[2022-09-04T15:00:05.072+0000][1][safepoint    ] Safepoint "Cleanup", Time since last: 1002659333 ns, Reaching safepoint: 1627834 ns, At safepoint: 47666 ns, Total: 1675500 ns
[2022-09-04T15:00:06.078+0000][1][safepoint    ] Safepoint "Cleanup", Time since last: 1004173376 ns, Reaching safepoint: 1543250 ns, At safepoint: 39667 ns, Total: 1582917 ns
[2022-09-04T15:00:07.081+0000][1][safepoint    ] Safepoint "Cleanup", Time since last: 1002249292 ns, Reaching safepoint: 801125 ns, At safepoint: 21625 ns, Total: 822750 ns
[2022-09-04T15:00:08.083+0000][1][safepoint    ] Safepoint "Cleanup", Time since last: 1001696584 ns, Reaching safepoint: 755166 ns, At safepoint: 21459 ns, Total: 776625 ns
[2022-09-04T15:00:09.087+0000][1][safepoint    ] Safepoint "Cleanup", Time since last: 1001806458 ns, Reaching safepoint: 1611584 ns, At safepoint: 55500 ns, Total: 1667084 ns
[2022-09-04T15:00:10.095+0000][1][safepoint    ] Safepoint "Cleanup", Time since last: 1006425708 ns, Reaching safepoint: 1229834 ns, At safepoint: 62166 ns, Total: 1292000 ns
[2022-09-04T15:00:11.101+0000][1][safepoint    ] Safepoint "Cleanup", Time since last: 1004569834 ns, Reaching safepoint: 1806917 ns, At safepoint: 59250 ns, Total: 1866167 ns
[2022-09-04T15:00:12.105+0000][1][safepoint    ] Safepoint "Cleanup", Time since last: 1003026750 ns, Reaching safepoint: 1237875 ns, At safepoint: 34417 ns, Total: 1272292 ns
[2022-09-04T15:00:13.109+0000][1][safepoint    ] Safepoint "Cleanup", Time since last: 1002622251 ns, Reaching safepoint: 807958 ns, At safepoint: 20917 ns, Total: 828875 ns
[2022-09-04T15:00:14.800+0000][1][safepoint    ] Safepoint "Cleanup", Time since last: 1689756292 ns, Reaching safepoint: 1575458 ns, At safepoint: 40917 ns, Total: 1616375 ns
[2022-09-04T15:00:15.810+0000][1][safepoint    ] Safepoint "Cleanup", Time since last: 1006735209 ns, Reaching safepoint: 2435500 ns, At safepoint: 71625 ns, Total: 2507125 ns
[2022-09-04T15:00:16.816+0000][1][safepoint    ] Safepoint "Cleanup", Time since last: 1004161250 ns, Reaching safepoint: 2609792 ns, At safepoint: 90167 ns, Total: 2699959 ns
[2022-09-04T15:00:17.825+0000][1][safepoint    ] Safepoint "Cleanup", Time since last: 1006056792 ns, Reaching safepoint: 2830000 ns, At safepoint: 79000 ns, Total: 2909000 ns
[2022-09-04T15:00:18.833+0000][1][safepoint    ] Safepoint "Cleanup", Time since last: 1006439292 ns, Reaching safepoint: 1271917 ns, At safepoint: 31583 ns, Total: 1303500 ns
[2022-09-04T15:00:19.839+0000][1][safepoint    ] Safepoint "Cleanup", Time since last: 1003176875 ns, Reaching safepoint: 2577917 ns, At safepoint: 60292 ns, Total: 2638209 ns
[2022-09-04T15:00:20.845+0000][1][safepoint    ] Safepoint "Cleanup", Time since last: 1004639084 ns, Reaching safepoint: 1501125 ns, At safepoint: 35208 ns, Total: 1536333 ns
[2022-09-04T15:00:21.850+0000][1][safepoint    ] Safepoint "Cleanup", Time since last: 1003080709 ns, Reaching safepoint: 2214000 ns, At safepoint: 55166 ns, Total: 2269166 ns
[2022-09-04T15:00:22.856+0000][1][safepoint    ] Safepoint "Cleanup", Time since last: 1003612793 ns, Reaching safepoint: 1474083 ns, At safepoint: 40292 ns, Total: 1514375 ns
[2022-09-04T15:00:23.862+0000][1][safepoint    ] Safepoint "Cleanup", Time since last: 1004982750 ns, Reaching safepoint: 1936750 ns, At safepoint: 49667 ns, Total: 1986417 ns
[2022-09-04T15:00:24.871+0000][1][safepoint    ] Safepoint "Cleanup", Time since last: 1004893042 ns, Reaching safepoint: 3811667 ns, At safepoint: 124000 ns, Total: 3935667 ns
[2022-09-04T15:00:25.878+0000][1][safepoint    ] Safepoint "Cleanup", Time since last: 1004400375 ns, Reaching safepoint: 2526167 ns, At safepoint: 99541 ns, Total: 2625708 ns
[2022-09-04T15:00:26.884+0000][1][safepoint    ] Safepoint "Cleanup", Time since last: 1004844417 ns, Reaching safepoint: 979834 ns, At safepoint: 28666 ns, Total: 1008500 ns
[2022-09-04T15:00:27.891+0000][1][safepoint    ] Safepoint "Cleanup", Time since last: 1003189209 ns, Reaching safepoint: 3193459 ns, At safepoint: 166875 ns, Total: 3360334 ns
[2022-09-04T15:00:28.898+0000][1][safepoint    ] Safepoint "Cleanup", Time since last: 1005508542 ns, Reaching safepoint: 1999416 ns, At safepoint: 105584 ns, Total: 2105000 ns
[2022-09-04T15:00:29.904+0000][1][safepoint    ] Safepoint "Cleanup", Time since last: 1002796042 ns, Reaching safepoint: 2888417 ns, At safepoint: 74291 ns, Total: 2962708 ns
[2022-09-04T15:00:30.910+0000][1][safepoint    ] Safepoint "Cleanup", Time since last: 1005915375 ns, Reaching safepoint: 1106458 ns, At safepoint: 28917 ns, Total: 1135375 ns
[2022-09-04T15:00:31.915+0000][1][safepoint    ] Safepoint "Cleanup", Time since last: 1003409709 ns, Reaching safepoint: 1582833 ns, At safepoint: 49167 ns, Total: 1632000 ns
[2022-09-04T15:00:32.924+0000][1][safepoint    ] Safepoint "Cleanup", Time since last: 1007742125 ns, Reaching safepoint: 1115709 ns, At safepoint: 31000 ns, Total: 1146709 ns
[2022-09-04T15:00:33.931+0000][1][safepoint    ] Safepoint "Cleanup", Time since last: 1005722375 ns, Reaching safepoint: 890625 ns, At safepoint: 22667 ns, Total: 913292 ns
[2022-09-04T15:00:34.937+0000][1][safepoint    ] Safepoint "Cleanup", Time since last: 1004256792 ns, Reaching safepoint: 1412917 ns, At safepoint: 37833 ns, Total: 1450750 ns
[2022-09-04T15:00:35.945+0000][1][safepoint    ] Safepoint "Cleanup", Time since last: 1005049542 ns, Reaching safepoint: 3479750 ns, At safepoint: 109458 ns, Total: 3589208 ns
[2022-09-04T15:00:37.254+0000][1][safepoint    ] Safepoint "Cleanup", Time since last: 1306891001 ns, Reaching safepoint: 1316542 ns, At safepoint: 36083 ns, Total: 1352625 ns
[2022-09-04T15:00:38.260+0000][1][safepoint    ] Safepoint "Cleanup", Time since last: 1005177501 ns, Reaching safepoint: 1000666 ns, At safepoint: 22084 ns, Total: 1022750 ns
[2022-09-04T15:00:39.265+0000][1][safepoint    ] Safepoint "Cleanup", Time since last: 1003695000 ns, Reaching safepoint: 1109833 ns, At safepoint: 30917 ns, Total: 1140750 ns
[2022-09-04T15:00:40.269+0000][1][safepoint    ] Safepoint "Cleanup", Time since last: 1003496751 ns, Reaching safepoint: 832291 ns, At safepoint: 41084 ns, Total: 873375 ns
[2022-09-04T15:00:41.273+0000][1][safepoint    ] Safepoint "Cleanup", Time since last: 1001951583 ns, Reaching safepoint: 1907875 ns, At safepoint: 43417 ns, Total: 1951292 ns
[2022-09-04T15:00:42.278+0000][1][safepoint    ] Safepoint "Cleanup", Time since last: 1004274084 ns, Reaching safepoint: 1179042 ns, At safepoint: 30208 ns, Total: 1209250 ns
[2022-09-04T15:00:43.282+0000][1][safepoint    ] Safepoint "Cleanup", Time since last: 1002551959 ns, Reaching safepoint: 805375 ns, At safepoint: 22416 ns, Total: 827791 ns
[2022-09-04T15:00:44.286+0000][1][safepoint    ] Safepoint "Cleanup", Time since last: 1002544376 ns, Reaching safepoint: 1249750 ns, At safepoint: 27666 ns, Total: 1277416 ns
[2022-09-04T15:00:45.289+0000][1][safepoint    ] Safepoint "Cleanup", Time since last: 1002406376 ns, Reaching safepoint: 1357708 ns, At safepoint: 41000 ns, Total: 1398708 ns
[2022-09-04T15:00:46.294+0000][1][safepoint    ] Safepoint "Cleanup", Time since last: 1003133001 ns, Reaching safepoint: 1853166 ns, At safepoint: 64500 ns, Total: 1917666 ns
[2022-09-04T15:00:47.298+0000][1][safepoint    ] Safepoint "Cleanup", Time since last: 1002262293 ns, Reaching safepoint: 1294625 ns, At safepoint: 59625 ns, Total: 1354250 ns
[2022-09-04T15:00:48.303+0000][1][safepoint    ] Safepoint "Cleanup", Time since last: 1003733667 ns, Reaching safepoint: 1138875 ns, At safepoint: 25041 ns, Total: 1163916 ns
[2022-09-04T15:00:49.307+0000][1][safepoint    ] Safepoint "Cleanup", Time since last: 1003002834 ns, Reaching safepoint: 1023292 ns, At safepoint: 22875 ns, Total: 1046167 ns
[2022-09-04T15:00:50.312+0000][1][safepoint    ] Safepoint "Cleanup", Time since last: 1003828917 ns, Reaching safepoint: 1269208 ns, At safepoint: 33709 ns, Total: 1302917 ns
[2022-09-04T15:00:51.319+0000][1][safepoint    ] Safepoint "Cleanup", Time since last: 1004900083 ns, Reaching safepoint: 2350584 ns, At safepoint: 82083 ns, Total: 2432667 ns
[2022-09-04T15:00:52.330+0000][1][safepoint    ] Safepoint "Cleanup", Time since last: 1009513709 ns, Reaching safepoint: 1108292 ns, At safepoint: 32708 ns, Total: 1141000 ns
[2022-09-04T15:00:53.337+0000][1][safepoint    ] Safepoint "Cleanup", Time since last: 1005035667 ns, Reaching safepoint: 1436583 ns, At safepoint: 39375 ns, Total: 1475958 ns
[2022-09-04T15:00:54.339+0000][1][safepoint    ] Safepoint "Cleanup", Time since last: 1001627293 ns, Reaching safepoint: 1027500 ns, At safepoint: 41291 ns, Total: 1068791 ns
[2022-09-04T15:00:55.345+0000][1][safepoint    ] Safepoint "Cleanup", Time since last: 1002256917 ns, Reaching safepoint: 3106167 ns, At safepoint: 63625 ns, Total: 3169792 ns
[2022-09-04T15:00:56.351+0000][1][safepoint    ] Safepoint "Cleanup", Time since last: 1004148542 ns, Reaching safepoint: 1612917 ns, At safepoint: 38750 ns, Total: 1651667 ns
[2022-09-04T15:00:57.354+0000][1][safepoint    ] Safepoint "Cleanup", Time since last: 1002131459 ns, Reaching safepoint: 982125 ns, At safepoint: 24541 ns, Total: 1006666 ns
[2022-09-04T15:00:58.358+0000][1][safepoint    ] Safepoint "Cleanup", Time since last: 1003474293 ns, Reaching safepoint: 1176083 ns, At safepoint: 32208 ns, Total: 1208291 ns
[2022-09-04T15:00:59.364+0000][1][safepoint    ] Safepoint "Cleanup", Time since last: 1003823626 ns, Reaching safepoint: 1391916 ns, At safepoint: 36792 ns, Total: 1428708 ns
[2022-09-04T15:01:00.367+0000][1][safepoint    ] Safepoint "Cleanup", Time since last: 1002617167 ns, Reaching safepoint: 1079542 ns, At safepoint: 22083 ns, Total: 1101625 ns
[2022-09-04T15:01:01.374+0000][1][safepoint    ] Safepoint "Cleanup", Time since last: 1002013500 ns, Reaching safepoint: 4929666 ns, At safepoint: 112250 ns, Total: 5041916 ns
[2022-09-04T15:01:02.381+0000][1][safepoint    ] Safepoint "Cleanup", Time since last: 1006677292 ns, Reaching safepoint: 818750 ns, At safepoint: 20250 ns, Total: 839000 ns
[2022-09-04T15:01:03.390+0000][1][safepoint    ] Safepoint "Cleanup", Time since last: 1005809209 ns, Reaching safepoint: 3006375 ns, At safepoint: 120792 ns, Total: 3127167 ns
[2022-09-04T15:01:04.399+0000][1][safepoint    ] Safepoint "Cleanup", Time since last: 1005149792 ns, Reaching safepoint: 3478458 ns, At safepoint: 98125 ns, Total: 3576583 ns
[2022-09-04T15:01:05.407+0000][1][safepoint    ] Safepoint "Cleanup", Time since last: 1005139834 ns, Reaching safepoint: 2244792 ns, At safepoint: 80875 ns, Total: 2325667 ns
[2022-09-04T15:01:06.413+0000][1][safepoint    ] Safepoint "Cleanup", Time since last: 1003586792 ns, Reaching safepoint: 2992542 ns, At safepoint: 117833 ns, Total: 3110375 ns
[2022-09-04T15:01:07.419+0000][1][safepoint    ] Safepoint "Cleanup", Time since last: 1004490834 ns, Reaching safepoint: 954292 ns, At safepoint: 20666 ns, Total: 974958 ns
[2022-09-04T15:01:08.422+0000][1][safepoint    ] Safepoint "Cleanup", Time since last: 1001840084 ns, Reaching safepoint: 1183625 ns, At safepoint: 32375 ns, Total: 1216000 ns
[2022-09-04T15:01:09.427+0000][1][safepoint    ] Safepoint "Cleanup", Time since last: 1004216334 ns, Reaching safepoint: 1252916 ns, At safepoint: 36500 ns, Total: 1289416 ns
[2022-09-04T15:01:10.436+0000][1][safepoint    ] Safepoint "Cleanup", Time since last: 1007625918 ns, Reaching safepoint: 1461708 ns, At safepoint: 37500 ns, Total: 1499208 ns
[2022-09-04T15:01:11.443+0000][1][safepoint    ] Safepoint "Cleanup", Time since last: 1003857459 ns, Reaching safepoint: 2853250 ns, At safepoint: 81000 ns, Total: 2934250 ns
[2022-09-04T15:01:12.484+0000][1][safepoint    ] Safepoint "Cleanup", Time since last: 1039334792 ns, Reaching safepoint: 1456208 ns, At safepoint: 43000 ns, Total: 1499208 ns
[2022-09-04T15:01:13.490+0000][1][safepoint    ] Safepoint "Cleanup", Time since last: 1002929876 ns, Reaching safepoint: 2456583 ns, At safepoint: 67625 ns, Total: 2524208 ns
[2022-09-04T15:01:14.497+0000][1][safepoint    ] Safepoint "Cleanup", Time since last: 1004101542 ns, Reaching safepoint: 3382042 ns, At safepoint: 102833 ns, Total: 3484875 ns
[2022-09-04T15:01:15.505+0000][1][safepoint    ] Safepoint "Cleanup", Time since last: 1004977751 ns, Reaching safepoint: 2444500 ns, At safepoint: 101041 ns, Total: 2545541 ns
[2022-09-04T15:01:16.509+0000][1][safepoint    ] Safepoint "Cleanup", Time since last: 1002983543 ns, Reaching safepoint: 1595291 ns, At safepoint: 42084 ns, Total: 1637375 ns
[2022-09-04T15:01:17.515+0000][1][safepoint    ] Safepoint "Cleanup", Time since last: 1001919083 ns, Reaching safepoint: 3534917 ns, At safepoint: 123208 ns, Total: 3658125 ns
[2022-09-04T15:01:18.526+0000][1][safepoint    ] Safepoint "Cleanup", Time since last: 1009502417 ns, Reaching safepoint: 1278250 ns, At safepoint: 33834 ns, Total: 1312084 ns
[2022-09-04T15:01:19.536+0000][1][safepoint    ] Safepoint "Cleanup", Time since last: 1004905875 ns, Reaching safepoint: 4996209 ns, At safepoint: 118833 ns, Total: 5115042 ns
[2022-09-04T15:01:20.545+0000][1][safepoint    ] Safepoint "Cleanup", Time since last: 1005143709 ns, Reaching safepoint: 3680166 ns, At safepoint: 129875 ns, Total: 3810041 ns
[2022-09-04T15:01:21.552+0000][1][safepoint    ] Safepoint "Cleanup", Time since last: 1005106168 ns, Reaching safepoint: 1986041 ns, At safepoint: 56250 ns, Total: 2042291 ns
[2022-09-04T15:01:22.557+0000][1][safepoint    ] Safepoint "Cleanup", Time since last: 1003511584 ns, Reaching safepoint: 1513208 ns, At safepoint: 35584 ns, Total: 1548792 ns
[2022-09-04T15:01:23.564+0000][1][safepoint    ] Safepoint "Cleanup", Time since last: 1003859250 ns, Reaching safepoint: 3133959 ns, At safepoint: 99416 ns, Total: 3233375 ns
[2022-09-04T15:01:24.572+0000][1][safepoint    ] Safepoint "Cleanup", Time since last: 1004580084 ns, Reaching safepoint: 3355083 ns, At safepoint: 145917 ns, Total: 3501000 ns
[2022-09-04T15:01:25.583+0000][1][safepoint    ] Safepoint "Cleanup", Time since last: 1006866167 ns, Reaching safepoint: 4038292 ns, At safepoint: 123542 ns, Total: 4161834 ns
[2022-09-04T15:01:26.594+0000][1][safepoint    ] Safepoint "Cleanup", Time since last: 1008289250 ns, Reaching safepoint: 2625542 ns, At safepoint: 50833 ns, Total: 2676375 ns
[2022-09-04T15:01:27.603+0000][1][safepoint    ] Safepoint "Cleanup", Time since last: 1003715125 ns, Reaching safepoint: 3864875 ns, At safepoint: 690292 ns, Total: 4555167 ns
[2022-09-04T15:01:28.612+0000][1][safepoint    ] Safepoint "Cleanup", Time since last: 1005694959 ns, Reaching safepoint: 3754667 ns, At safepoint: 128500 ns, Total: 3883167 ns
[2022-09-04T15:01:29.621+0000][1][safepoint    ] Safepoint "Cleanup", Time since last: 1005107833 ns, Reaching safepoint: 3258084 ns, At safepoint: 349166 ns, Total: 3607250 ns
[2022-09-04T15:01:30.627+0000][1][safepoint    ] Safepoint "Cleanup", Time since last: 1003334625 ns, Reaching safepoint: 2791375 ns, At safepoint: 74667 ns, Total: 2866042 ns
[2022-09-04T15:01:31.635+0000][1][safepoint    ] Safepoint "Cleanup", Time since last: 1006264250 ns, Reaching safepoint: 2116250 ns, At safepoint: 55417 ns, Total: 2171667 ns
[2022-09-04T15:01:32.639+0000][1][safepoint    ] Safepoint "Cleanup", Time since last: 1002836251 ns, Reaching safepoint: 887958 ns, At safepoint: 26167 ns, Total: 914125 ns
[2022-09-04T15:01:33.643+0000][1][safepoint    ] Safepoint "Cleanup", Time since last: 1003027042 ns, Reaching safepoint: 1687583 ns, At safepoint: 54250 ns, Total: 1741833 ns
[2022-09-04T15:01:34.648+0000][1][safepoint    ] Safepoint "Cleanup", Time since last: 1003092876 ns, Reaching safepoint: 1170458 ns, At safepoint: 33833 ns, Total: 1204291 ns
[2022-09-04T15:01:35.654+0000][1][safepoint    ] Safepoint "Cleanup", Time since last: 1002291959 ns, Reaching safepoint: 3720208 ns, At safepoint: 113959 ns, Total: 3834167 ns
[2022-09-04T15:01:36.663+0000][1][safepoint    ] Safepoint "Cleanup", Time since last: 1005453583 ns, Reaching safepoint: 3240750 ns, At safepoint: 87500 ns, Total: 3328250 ns
[2022-09-04T15:01:37.673+0000][1][safepoint    ] Safepoint "Cleanup", Time since last: 1006733293 ns, Reaching safepoint: 3557625 ns, At safepoint: 98958 ns, Total: 3656583 ns
[2022-09-04T15:01:38.682+0000][1][safepoint    ] Safepoint "Cleanup", Time since last: 1007667750 ns, Reaching safepoint: 1486834 ns, At safepoint: 54833 ns, Total: 1541667 ns
[2022-09-04T15:01:39.690+0000][1][safepoint    ] Safepoint "Cleanup", Time since last: 1004704542 ns, Reaching safepoint: 3055584 ns, At safepoint: 128416 ns, Total: 3184000 ns
[2022-09-04T15:01:40.696+0000][1][safepoint    ] Safepoint "Cleanup", Time since last: 1004757959 ns, Reaching safepoint: 953750 ns, At safepoint: 24042 ns, Total: 977792 ns
[2022-09-04T15:01:41.700+0000][1][safepoint    ] Safepoint "Cleanup", Time since last: 1001738834 ns, Reaching safepoint: 2249250 ns, At safepoint: 76541 ns, Total: 2325791 ns
[2022-09-04T15:01:42.705+0000][1][safepoint    ] Safepoint "Cleanup", Time since last: 1002771834 ns, Reaching safepoint: 1855417 ns, At safepoint: 43291 ns, Total: 1898708 ns
[2022-09-04T15:01:43.712+0000][1][safepoint    ] Safepoint "Cleanup", Time since last: 1004412626 ns, Reaching safepoint: 2625833 ns, At safepoint: 73250 ns, Total: 2699083 ns
[2022-09-04T15:01:44.722+0000][1][safepoint    ] Safepoint "Cleanup", Time since last: 1006621792 ns, Reaching safepoint: 3084917 ns, At safepoint: 74208 ns, Total: 3159125 ns
[2022-09-04T15:01:45.728+0000][1][safepoint    ] Safepoint "Cleanup", Time since last: 1004041167 ns, Reaching safepoint: 2339209 ns, At safepoint: 102791 ns, Total: 2442000 ns
[2022-09-04T15:01:46.735+0000][1][safepoint    ] Safepoint "Cleanup", Time since last: 1003935084 ns, Reaching safepoint: 3051875 ns, At safepoint: 86625 ns, Total: 3138500 ns
[2022-09-04T15:01:47.742+0000][1][safepoint    ] Safepoint "Cleanup", Time since last: 1003630751 ns, Reaching safepoint: 2901375 ns, At safepoint: 86833 ns, Total: 2988208 ns
[2022-09-04T15:01:48.750+0000][1][safepoint    ] Safepoint "Cleanup", Time since last: 1006035834 ns, Reaching safepoint: 2428292 ns, At safepoint: 73625 ns, Total: 2501917 ns
[2022-09-04T15:01:49.759+0000][1][safepoint    ] Safepoint "Cleanup", Time since last: 1007086750 ns, Reaching safepoint: 1699875 ns, At safepoint: 44458 ns, Total: 1744333 ns
[2022-09-04T15:01:50.765+0000][1][safepoint    ] Safepoint "Cleanup", Time since last: 1002821043 ns, Reaching safepoint: 2788625 ns, At safepoint: 67791 ns, Total: 2856416 ns
[2022-09-04T15:01:51.770+0000][1][safepoint    ] Safepoint "Cleanup", Time since last: 1003932959 ns, Reaching safepoint: 1605208 ns, At safepoint: 43042 ns, Total: 1648250 ns
[2022-09-04T15:01:52.775+0000][1][safepoint    ] Safepoint "Cleanup", Time since last: 1003129667 ns, Reaching safepoint: 1243542 ns, At safepoint: 33625 ns, Total: 1277167 ns
[2022-09-04T15:01:53.780+0000][1][safepoint    ] Safepoint "Cleanup", Time since last: 1003688500 ns, Reaching safepoint: 1781750 ns, At safepoint: 40584 ns, Total: 1822334 ns
[2022-09-04T15:01:54.786+0000][1][safepoint    ] Safepoint "Cleanup", Time since last: 1003514375 ns, Reaching safepoint: 2005375 ns, At safepoint: 71292 ns, Total: 2076667 ns
[2022-09-04T15:01:55.791+0000][1][safepoint    ] Safepoint "Cleanup", Time since last: 1003658792 ns, Reaching safepoint: 1315500 ns, At safepoint: 46333 ns, Total: 1361833 ns
[2022-09-04T15:01:56.795+0000][1][safepoint    ] Safepoint "Cleanup", Time since last: 1003165876 ns, Reaching safepoint: 1370208 ns, At safepoint: 30708 ns, Total: 1400916 ns
[2022-09-04T15:01:57.799+0000][1][safepoint    ] Safepoint "Cleanup", Time since last: 1002554126 ns, Reaching safepoint: 1095875 ns, At safepoint: 85250 ns, Total: 1181125 ns
[2022-09-04T15:01:58.802+0000][1][safepoint    ] Safepoint "Cleanup", Time since last: 1001903000 ns, Reaching safepoint: 985750 ns, At safepoint: 25542 ns, Total: 1011292 ns
[2022-09-04T15:01:59.807+0000][1][safepoint    ] Safepoint "Cleanup", Time since last: 1003177834 ns, Reaching safepoint: 1609542 ns, At safepoint: 79208 ns, Total: 1688750 ns
[2022-09-04T15:02:00.813+0000][1][safepoint    ] Safepoint "Cleanup", Time since last: 1004087125 ns, Reaching safepoint: 2601500 ns, At safepoint: 66958 ns, Total: 2668458 ns
[2022-09-04T15:02:01.821+0000][1][safepoint    ] Safepoint "Cleanup", Time since last: 1006035209 ns, Reaching safepoint: 1514417 ns, At safepoint: 33375 ns, Total: 1547792 ns
[2022-09-04T15:02:02.824+0000][1][safepoint    ] Safepoint "Cleanup", Time since last: 1002399667 ns, Reaching safepoint: 844833 ns, At safepoint: 21458 ns, Total: 866291 ns
[2022-09-04T15:02:03.833+0000][1][safepoint    ] Safepoint "Cleanup", Time since last: 1005782501 ns, Reaching safepoint: 3485958 ns, At safepoint: 90458 ns, Total: 3576416 ns
[2022-09-04T15:02:04.838+0000][1][safepoint    ] Safepoint "Cleanup", Time since last: 1003524293 ns, Reaching safepoint: 1403583 ns, At safepoint: 40708 ns, Total: 1444291 ns
[2022-09-04T15:02:05.845+0000][1][safepoint    ] Safepoint "Cleanup", Time since last: 1003336876 ns, Reaching safepoint: 2693916 ns, At safepoint: 109709 ns, Total: 2803625 ns
[2022-09-04T15:02:06.976+0000][1][safepoint    ] Safepoint "Cleanup", Time since last: 1130426084 ns, Reaching safepoint: 878583 ns, At safepoint: 24583 ns, Total: 903166 ns
[2022-09-04T15:02:07.981+0000][1][safepoint    ] Safepoint "Cleanup", Time since last: 1004227792 ns, Reaching safepoint: 830875 ns, At safepoint: 25792 ns, Total: 856667 ns
[2022-09-04T15:02:08.983+0000][1][safepoint    ] Safepoint "Cleanup", Time since last: 1001725459 ns, Reaching safepoint: 742292 ns, At safepoint: 21666 ns, Total: 763958 ns
[2022-09-04T15:02:09.988+0000][1][safepoint    ] Safepoint "Cleanup", Time since last: 1002623126 ns, Reaching safepoint: 2106666 ns, At safepoint: 72625 ns, Total: 2179291 ns
[2022-09-04T15:02:10.996+0000][1][safepoint    ] Safepoint "Cleanup", Time since last: 1005167668 ns, Reaching safepoint: 2419541 ns, At safepoint: 59292 ns, Total: 2478833 ns
[2022-09-04T15:02:12.003+0000][1][safepoint    ] Safepoint "Cleanup", Time since last: 1004295709 ns, Reaching safepoint: 2710000 ns, At safepoint: 74041 ns, Total: 2784041 ns
[2022-09-04T15:02:13.010+0000][1][safepoint    ] Safepoint "Cleanup", Time since last: 1006229334 ns, Reaching safepoint: 843250 ns, At safepoint: 20625 ns, Total: 863875 ns
[2022-09-04T15:02:14.014+0000][1][safepoint    ] Safepoint "Cleanup", Time since last: 1003121501 ns, Reaching safepoint: 894208 ns, At safepoint: 23583 ns, Total: 917791 ns
[2022-09-04T15:02:15.019+0000][1][safepoint    ] Safepoint "Cleanup", Time since last: 1002080792 ns, Reaching safepoint: 3226292 ns, At safepoint: 79875 ns, Total: 3306167 ns
[2022-09-04T15:02:16.025+0000][1][safepoint    ] Safepoint "Cleanup", Time since last: 1003619792 ns, Reaching safepoint: 1609334 ns, At safepoint: 41500 ns, Total: 1650834 ns
[2022-09-04T15:02:17.030+0000][1][safepoint    ] Safepoint "Cleanup", Time since last: 1002832958 ns, Reaching safepoint: 2403125 ns, At safepoint: 71584 ns, Total: 2474709 ns
[2022-09-04T15:02:18.035+0000][1][safepoint    ] Safepoint "Cleanup", Time since last: 1004534292 ns, Reaching safepoint: 772917 ns, At safepoint: 20916 ns, Total: 793833 ns
[2022-09-04T15:02:19.039+0000][1][safepoint    ] Safepoint "Cleanup", Time since last: 1002486834 ns, Reaching safepoint: 1152958 ns, At safepoint: 31084 ns, Total: 1184042 ns
[2022-09-04T15:02:20.042+0000][1][safepoint    ] Safepoint "Cleanup", Time since last: 1001950000 ns, Reaching safepoint: 1466375 ns, At safepoint: 50292 ns, Total: 1516667 ns
[2022-09-04T15:02:21.046+0000][1][safepoint    ] Safepoint "Cleanup", Time since last: 1002007834 ns, Reaching safepoint: 1423750 ns, At safepoint: 41750 ns, Total: 1465500 ns
[2022-09-04T15:02:22.049+0000][1][safepoint    ] Safepoint "Cleanup", Time since last: 1002648958 ns, Reaching safepoint: 755792 ns, At safepoint: 22000 ns, Total: 777792 ns
[2022-09-04T15:02:23.053+0000][1][safepoint    ] Safepoint "Cleanup", Time since last: 1002804167 ns, Reaching safepoint: 817334 ns, At safepoint: 23833 ns, Total: 841167 ns
[2022-09-04T15:02:24.057+0000][1][safepoint    ] Safepoint "Cleanup", Time since last: 1003479917 ns, Reaching safepoint: 824042 ns, At safepoint: 25125 ns, Total: 849167 ns
[2022-09-04T15:02:25.064+0000][1][safepoint    ] Safepoint "Cleanup", Time since last: 1002939125 ns, Reaching safepoint: 3508417 ns, At safepoint: 104458 ns, Total: 3612875 ns
[2022-09-04T15:02:26.075+0000][1][safepoint    ] Safepoint "Cleanup", Time since last: 1009959792 ns, Reaching safepoint: 1083875 ns, At safepoint: 27542 ns, Total: 1111417 ns
[2022-09-04T15:02:27.079+0000][1][safepoint    ] Safepoint "Cleanup", Time since last: 1002003876 ns, Reaching safepoint: 2276125 ns, At safepoint: 69958 ns, Total: 2346083 ns
[2022-09-04T15:02:28.086+0000][1][safepoint    ] Safepoint "Cleanup", Time since last: 1005959459 ns, Reaching safepoint: 765083 ns, At safepoint: 21667 ns, Total: 786750 ns
[2022-09-04T15:02:29.091+0000][1][safepoint    ] Safepoint "Cleanup", Time since last: 1001975375 ns, Reaching safepoint: 2438000 ns, At safepoint: 68500 ns, Total: 2506500 ns
[2022-09-04T15:02:30.096+0000][1][safepoint    ] Safepoint "Cleanup", Time since last: 1004636959 ns, Reaching safepoint: 1256375 ns, At safepoint: 35000 ns, Total: 1291375 ns
[2022-09-04T15:02:31.102+0000][1][safepoint    ] Safepoint "Cleanup", Time since last: 1002994166 ns, Reaching safepoint: 2312209 ns, At safepoint: 72500 ns, Total: 2384709 ns
[2022-09-04T15:02:32.109+0000][1][safepoint    ] Safepoint "Cleanup", Time since last: 1006663875 ns, Reaching safepoint: 783833 ns, At safepoint: 22000 ns, Total: 805833 ns
[2022-09-04T15:02:33.112+0000][1][safepoint    ] Safepoint "Cleanup", Time since last: 1002562834 ns, Reaching safepoint: 946375 ns, At safepoint: 24333 ns, Total: 970708 ns
[2022-09-04T15:02:34.115+0000][1][safepoint    ] Safepoint "Cleanup", Time since last: 1001877834 ns, Reaching safepoint: 921125 ns, At safepoint: 25834 ns, Total: 946959 ns
[2022-09-04T15:02:35.118+0000][1][safepoint    ] Safepoint "Cleanup", Time since last: 1001988417 ns, Reaching safepoint: 800625 ns, At safepoint: 24000 ns, Total: 824625 ns
[2022-09-04T15:02:36.121+0000][1][safepoint    ] Safepoint "Cleanup", Time since last: 1001705292 ns, Reaching safepoint: 1330667 ns, At safepoint: 112791 ns, Total: 1443458 ns
[2022-09-04T15:02:37.128+0000][1][safepoint    ] Safepoint "Cleanup", Time since last: 1004953709 ns, Reaching safepoint: 1449667 ns, At safepoint: 49416 ns, Total: 1499083 ns
[2022-09-04T15:02:38.133+0000][1][safepoint    ] Safepoint "Cleanup", Time since last: 1004443709 ns, Reaching safepoint: 730125 ns, At safepoint: 22250 ns, Total: 752375 ns
[2022-09-04T15:02:39.138+0000][1][safepoint    ] Safepoint "Cleanup", Time since last: 1003694167 ns, Reaching safepoint: 1057084 ns, At safepoint: 30750 ns, Total: 1087834 ns
[2022-09-04T15:02:40.142+0000][1][safepoint    ] Safepoint "Cleanup", Time since last: 1003696875 ns, Reaching safepoint: 1117917 ns, At safepoint: 33500 ns, Total: 1151417 ns
[2022-09-04T15:02:41.146+0000][1][safepoint    ] Safepoint "Cleanup", Time since last: 1002430792 ns, Reaching safepoint: 1125583 ns, At safepoint: 31375 ns, Total: 1156958 ns
[2022-09-04T15:02:42.150+0000][1][safepoint    ] Safepoint "Cleanup", Time since last: 1003005084 ns, Reaching safepoint: 928333 ns, At safepoint: 24875 ns, Total: 953208 ns
[2022-09-04T15:02:42.277+0000][1][gc,start     ] GC(19) Pause Young (Allocation Failure)
[2022-09-04T15:02:42.281+0000][1][gc,task      ] GC(19) Using 4 workers of 4 for evacuation
[2022-09-04T15:02:42.345+0000][1][gc,age       ] GC(19) Desired survivor size 8945664 bytes, new threshold 6 (max threshold 6)
[2022-09-04T15:02:42.346+0000][1][gc,age       ] GC(19) Age table with threshold 6 (max threshold 6)
[2022-09-04T15:02:42.348+0000][1][gc,age       ] GC(19) - age   1:      14768 bytes,      14768 total
[2022-09-04T15:02:42.349+0000][1][gc,age       ] GC(19) - age   2:     101720 bytes,     116488 total
[2022-09-04T15:02:42.350+0000][1][gc,age       ] GC(19) - age   3:     445664 bytes,     562152 total
[2022-09-04T15:02:42.351+0000][1][gc,age       ] GC(19) - age   4:    4977504 bytes,    5539656 total
[2022-09-04T15:02:42.354+0000][1][gc,heap      ] GC(19) ParNew: 147131K->6610K(157248K)
[2022-09-04T15:02:42.355+0000][1][gc,heap      ] GC(19) CMS: 61563K->61563K(349568K)
[2022-09-04T15:02:42.357+0000][1][gc,metaspace ] GC(19) Metaspace: 82868K->82868K(1124352K)
[2022-09-04T15:02:42.359+0000][1][gc           ] GC(19) Pause Young (Allocation Failure) 203M->66M(494M) 82.143ms
[2022-09-04T15:02:42.360+0000][1][gc,cpu       ] GC(19) User=0.15s Sys=0.04s Real=0.08s
[2022-09-04T15:02:42.362+0000][1][safepoint    ] Safepoint "GenCollectForAllocation", Time since last: 125185459 ns, Reaching safepoint: 679708 ns, At safepoint: 85767875 ns, Total: 86447583 ns
[2022-09-04T15:02:43.364+0000][1][safepoint    ] Safepoint "Cleanup", Time since last: 1002057334 ns, Reaching safepoint: 857667 ns, At safepoint: 24333 ns, Total: 882000 ns
[2022-09-04T15:02:44.367+0000][1][safepoint    ] Safepoint "Cleanup", Time since last: 1001943375 ns, Reaching safepoint: 885709 ns, At safepoint: 32125 ns, Total: 917834 ns
[2022-09-04T15:02:45.370+0000][1][safepoint    ] Safepoint "Cleanup", Time since last: 1001632250 ns, Reaching safepoint: 732042 ns, At safepoint: 50292 ns, Total: 782334 ns
[2022-09-04T15:02:46.372+0000][1][safepoint    ] Safepoint "Cleanup", Time since last: 1001585167 ns, Reaching safepoint: 749708 ns, At safepoint: 22083 ns, Total: 771791 ns
[2022-09-04T15:02:47.375+0000][1][safepoint    ] Safepoint "Cleanup", Time since last: 1001504543 ns, Reaching safepoint: 884833 ns, At safepoint: 23750 ns, Total: 908583 ns
[2022-09-04T15:02:48.583+0000][1][safepoint    ] Safepoint "Cleanup", Time since last: 1204863209 ns, Reaching safepoint: 3576458 ns, At safepoint: 147000 ns, Total: 3723458 ns
[2022-09-04T15:02:49.592+0000][1][safepoint    ] Safepoint "Cleanup", Time since last: 1005632876 ns, Reaching safepoint: 2923791 ns, At safepoint: 113500 ns, Total: 3037291 ns
[2022-09-04T15:02:50.599+0000][1][safepoint    ] Safepoint "Cleanup", Time since last: 1003660251 ns, Reaching safepoint: 3377916 ns, At safepoint: 86834 ns, Total: 3464750 ns
[2022-09-04T15:02:51.606+0000][1][safepoint    ] Safepoint "Cleanup", Time since last: 1006330917 ns, Reaching safepoint: 855750 ns, At safepoint: 24667 ns, Total: 880417 ns
[2022-09-04T15:02:52.610+0000][1][safepoint    ] Safepoint "Cleanup", Time since last: 1003275417 ns, Reaching safepoint: 1023666 ns, At safepoint: 27375 ns, Total: 1051041 ns
[2022-09-04T15:02:53.614+0000][1][safepoint    ] Safepoint "Cleanup", Time since last: 1002378084 ns, Reaching safepoint: 1469959 ns, At safepoint: 39583 ns, Total: 1509542 ns
[2022-09-04T15:02:54.623+0000][1][safepoint    ] Safepoint "Cleanup", Time since last: 1004283709 ns, Reaching safepoint: 3741708 ns, At safepoint: 108375 ns, Total: 3850083 ns
[2022-09-04T15:02:55.629+0000][1][safepoint    ] Safepoint "Cleanup", Time since last: 1004685959 ns, Reaching safepoint: 1675417 ns, At safepoint: 53750 ns, Total: 1729167 ns
[2022-09-04T15:02:56.634+0000][1][safepoint    ] Safepoint "Cleanup", Time since last: 1003360750 ns, Reaching safepoint: 1658542 ns, At safepoint: 50750 ns, Total: 1709292 ns
[2022-09-04T15:02:57.638+0000][1][safepoint    ] Safepoint "Cleanup", Time since last: 1003486375 ns, Reaching safepoint: 754083 ns, At safepoint: 21917 ns, Total: 776000 ns
[2022-09-04T15:02:58.643+0000][1][safepoint    ] Safepoint "Cleanup", Time since last: 1003881917 ns, Reaching safepoint: 1042667 ns, At safepoint: 25042 ns, Total: 1067709 ns
[2022-09-04T15:02:59.646+0000][1][safepoint    ] Safepoint "Cleanup", Time since last: 1002453833 ns, Reaching safepoint: 749250 ns, At safepoint: 20834 ns, Total: 770084 ns
[2022-09-04T15:03:00.650+0000][1][safepoint    ] Safepoint "Cleanup", Time since last: 1001475583 ns, Reaching safepoint: 2262209 ns, At safepoint: 64500 ns, Total: 2326709 ns
[2022-09-04T15:03:01.654+0000][1][safepoint    ] Safepoint "Cleanup", Time since last: 1003252000 ns, Reaching safepoint: 1435042 ns, At safepoint: 38458 ns, Total: 1473500 ns
[2022-09-04T15:03:02.661+0000][1][safepoint    ] Safepoint "Cleanup", Time since last: 1005729417 ns, Reaching safepoint: 933417 ns, At safepoint: 64167 ns, Total: 997584 ns
[2022-09-04T15:03:03.667+0000][1][safepoint    ] Safepoint "Cleanup", Time since last: 1003094917 ns, Reaching safepoint: 2907625 ns, At safepoint: 80250 ns, Total: 2987875 ns
[2022-09-04T15:03:04.674+0000][1][safepoint    ] Safepoint "Cleanup", Time since last: 1004159375 ns, Reaching safepoint: 2429459 ns, At safepoint: 73416 ns, Total: 2502875 ns
[2022-09-04T15:03:05.681+0000][1][safepoint    ] Safepoint "Cleanup", Time since last: 1003356251 ns, Reaching safepoint: 3113625 ns, At safepoint: 82666 ns, Total: 3196291 ns
[2022-09-04T15:03:06.688+0000][1][safepoint    ] Safepoint "Cleanup", Time since last: 1004900292 ns, Reaching safepoint: 2658251 ns, At safepoint: 63000 ns, Total: 2721251 ns
[2022-09-04T15:03:07.694+0000][1][safepoint    ] Safepoint "Cleanup", Time since last: 1004277708 ns, Reaching safepoint: 1446667 ns, At safepoint: 35083 ns, Total: 1481750 ns
[2022-09-04T15:03:08.699+0000][1][safepoint    ] Safepoint "Cleanup", Time since last: 1002616251 ns, Reaching safepoint: 2453291 ns, At safepoint: 59959 ns, Total: 2513250 ns
[2022-09-04T15:03:09.705+0000][1][safepoint    ] Safepoint "Cleanup", Time since last: 1005626375 ns, Reaching safepoint: 757417 ns, At safepoint: 22292 ns, Total: 779709 ns
[2022-09-04T15:03:10.709+0000][1][safepoint    ] Safepoint "Cleanup", Time since last: 1003442000 ns, Reaching safepoint: 757417 ns, At safepoint: 19833 ns, Total: 777250 ns
[2022-09-04T15:03:11.713+0000][1][safepoint    ] Safepoint "Cleanup", Time since last: 1002721417 ns, Reaching safepoint: 769125 ns, At safepoint: 21250 ns, Total: 790375 ns
[2022-09-04T15:03:12.716+0000][1][safepoint    ] Safepoint "Cleanup", Time since last: 1001663001 ns, Reaching safepoint: 940916 ns, At safepoint: 23209 ns, Total: 964125 ns
[2022-09-04T15:03:13.719+0000][1][safepoint    ] Safepoint "Cleanup", Time since last: 1001726750 ns, Reaching safepoint: 1870709 ns, At safepoint: 41625 ns, Total: 1912334 ns
[2022-09-04T15:03:15.065+0000][1][safepoint    ] Safepoint "Cleanup", Time since last: 1344536833 ns, Reaching safepoint: 1371042 ns, At safepoint: 40125 ns, Total: 1411167 ns
[2022-09-04T15:03:16.070+0000][1][safepoint    ] Safepoint "Cleanup", Time since last: 1003343667 ns, Reaching safepoint: 1250417 ns, At safepoint: 29417 ns, Total: 1279834 ns
[2022-09-04T15:03:17.075+0000][1][safepoint    ] Safepoint "Cleanup", Time since last: 1002058708 ns, Reaching safepoint: 3282750 ns, At safepoint: 79000 ns, Total: 3361750 ns
[2022-09-04T15:03:18.088+0000][1][safepoint    ] Safepoint "Cleanup", Time since last: 1011576418 ns, Reaching safepoint: 768708 ns, At safepoint: 23542 ns, Total: 792250 ns
[2022-09-04T15:03:19.093+0000][1][safepoint    ] Safepoint "Cleanup", Time since last: 1001970375 ns, Reaching safepoint: 2775917 ns, At safepoint: 322166 ns, Total: 3098083 ns
[2022-09-04T15:03:20.099+0000][1][safepoint    ] Safepoint "Cleanup", Time since last: 1004961376 ns, Reaching safepoint: 1142792 ns, At safepoint: 36583 ns, Total: 1179375 ns
[2022-09-04T15:03:21.106+0000][1][safepoint    ] Safepoint "Cleanup", Time since last: 1003372375 ns, Reaching safepoint: 3484625 ns, At safepoint: 80459 ns, Total: 3565084 ns
[2022-09-04T15:03:22.113+0000][1][safepoint    ] Safepoint "Cleanup", Time since last: 1005493209 ns, Reaching safepoint: 1133250 ns, At safepoint: 125083 ns, Total: 1258333 ns
[2022-09-04T15:03:23.116+0000][1][safepoint    ] Safepoint "Cleanup", Time since last: 1002982959 ns, Reaching safepoint: 839750 ns, At safepoint: 24875 ns, Total: 864625 ns
[2022-09-04T15:03:24.120+0000][1][safepoint    ] Safepoint "Cleanup", Time since last: 1002815250 ns, Reaching safepoint: 818708 ns, At safepoint: 24959 ns, Total: 843667 ns
[2022-09-04T15:03:25.125+0000][1][safepoint    ] Safepoint "Cleanup", Time since last: 1002335000 ns, Reaching safepoint: 2356625 ns, At safepoint: 53125 ns, Total: 2409750 ns
[2022-09-04T15:03:26.130+0000][1][safepoint    ] Safepoint "Cleanup", Time since last: 1003723834 ns, Reaching safepoint: 1224208 ns, At safepoint: 28084 ns, Total: 1252292 ns
[2022-09-04T15:03:27.135+0000][1][safepoint    ] Safepoint "Cleanup", Time since last: 1002059875 ns, Reaching safepoint: 2870584 ns, At safepoint: 74666 ns, Total: 2945250 ns
[2022-09-04T15:03:28.140+0000][1][safepoint    ] Safepoint "Cleanup", Time since last: 1004632292 ns, Reaching safepoint: 859709 ns, At safepoint: 24833 ns, Total: 884542 ns
[2022-09-04T15:03:29.143+0000][1][safepoint    ] Safepoint "Cleanup", Time since last: 1001892376 ns, Reaching safepoint: 894625 ns, At safepoint: 24500 ns, Total: 919125 ns
[2022-09-04T15:03:30.147+0000][1][safepoint    ] Safepoint "Cleanup", Time since last: 1002489292 ns, Reaching safepoint: 1253666 ns, At safepoint: 28250 ns, Total: 1281916 ns
[2022-09-04T15:03:31.154+0000][1][safepoint    ] Safepoint "Cleanup", Time since last: 1004903167 ns, Reaching safepoint: 2209250 ns, At safepoint: 130708 ns, Total: 2339958 ns
[2022-09-04T15:03:32.159+0000][1][safepoint    ] Safepoint "Cleanup", Time since last: 1004374959 ns, Reaching safepoint: 903125 ns, At safepoint: 21291 ns, Total: 924416 ns
[2022-09-04T15:03:33.162+0000][1][safepoint    ] Safepoint "Cleanup", Time since last: 1001787917 ns, Reaching safepoint: 861209 ns, At safepoint: 24208 ns, Total: 885417 ns
[2022-09-04T15:03:34.165+0000][1][safepoint    ] Safepoint "Cleanup", Time since last: 1002518417 ns, Reaching safepoint: 704334 ns, At safepoint: 20333 ns, Total: 724667 ns
[2022-09-04T15:03:35.167+0000][1][safepoint    ] Safepoint "Cleanup", Time since last: 1001348084 ns, Reaching safepoint: 814583 ns, At safepoint: 22625 ns, Total: 837208 ns
[2022-09-04T15:03:36.170+0000][1][safepoint    ] Safepoint "Cleanup", Time since last: 1001762251 ns, Reaching safepoint: 936166 ns, At safepoint: 27667 ns, Total: 963833 ns
[2022-09-04T15:03:37.174+0000][1][safepoint    ] Safepoint "Cleanup", Time since last: 1002059042 ns, Reaching safepoint: 1944542 ns, At safepoint: 60125 ns, Total: 2004667 ns
[2022-09-04T15:03:38.184+0000][1][safepoint    ] Safepoint "Cleanup", Time since last: 1009615292 ns, Reaching safepoint: 822667 ns, At safepoint: 29791 ns, Total: 852458 ns
[2022-09-04T15:03:39.187+0000][1][safepoint    ] Safepoint "Cleanup", Time since last: 1001948834 ns, Reaching safepoint: 916833 ns, At safepoint: 28209 ns, Total: 945042 ns
[2022-09-04T15:03:40.192+0000][1][safepoint    ] Safepoint "Cleanup", Time since last: 1003627250 ns, Reaching safepoint: 1038375 ns, At safepoint: 45250 ns, Total: 1083625 ns
[2022-09-04T15:03:41.196+0000][1][safepoint    ] Safepoint "Cleanup", Time since last: 1002084834 ns, Reaching safepoint: 1801000 ns, At safepoint: 108542 ns, Total: 1909542 ns
[2022-09-04T15:03:42.201+0000][1][safepoint    ] Safepoint "Cleanup", Time since last: 1004154042 ns, Reaching safepoint: 798750 ns, At safepoint: 25666 ns, Total: 824416 ns
[2022-09-04T15:03:43.204+0000][1][safepoint    ] Safepoint "Cleanup", Time since last: 1002071501 ns, Reaching safepoint: 1382667 ns, At safepoint: 47666 ns, Total: 1430333 ns
[2022-09-04T15:03:45.142+0000][1][safepoint    ] Safepoint "Cleanup", Time since last: 1935632460 ns, Reaching safepoint: 1558916 ns, At safepoint: 84292 ns, Total: 1643208 ns
[2022-09-04T15:03:46.145+0000][1][safepoint    ] Safepoint "Cleanup", Time since last: 1002596917 ns, Reaching safepoint: 859042 ns, At safepoint: 23916 ns, Total: 882958 ns
[2022-09-04T15:03:47.148+0000][1][safepoint    ] Safepoint "Cleanup", Time since last: 1001873542 ns, Reaching safepoint: 1398084 ns, At safepoint: 34625 ns, Total: 1432709 ns
[2022-09-04T15:03:48.152+0000][1][safepoint    ] Safepoint "Cleanup", Time since last: 1002316625 ns, Reaching safepoint: 847209 ns, At safepoint: 20666 ns, Total: 867875 ns
[2022-09-04T15:03:49.167+0000][1][safepoint    ] Safepoint "Cleanup", Time since last: 1014361167 ns, Reaching safepoint: 741042 ns, At safepoint: 21583 ns, Total: 762625 ns
[2022-09-04T15:03:50.170+0000][1][safepoint    ] Safepoint "Cleanup", Time since last: 1002454584 ns, Reaching safepoint: 920667 ns, At safepoint: 39875 ns, Total: 960542 ns
[2022-09-04T15:03:51.175+0000][1][safepoint    ] Safepoint "Cleanup", Time since last: 1003020334 ns, Reaching safepoint: 1366041 ns, At safepoint: 60250 ns, Total: 1426291 ns
[2022-09-04T15:03:52.179+0000][1][safepoint    ] Safepoint "Cleanup", Time since last: 1003596126 ns, Reaching safepoint: 779625 ns, At safepoint: 21500 ns, Total: 801125 ns
[2022-09-04T15:03:53.183+0000][1][safepoint    ] Safepoint "Cleanup", Time since last: 1002653042 ns, Reaching safepoint: 932125 ns, At safepoint: 32958 ns, Total: 965083 ns
[2022-09-04T15:03:54.186+0000][1][safepoint    ] Safepoint "Cleanup", Time since last: 1002564668 ns, Reaching safepoint: 751458 ns, At safepoint: 68375 ns, Total: 819833 ns
[2022-09-04T15:03:55.192+0000][1][safepoint    ] Safepoint "Cleanup", Time since last: 1004200167 ns, Reaching safepoint: 1277958 ns, At safepoint: 53500 ns, Total: 1331458 ns
[2022-09-04T15:03:56.195+0000][1][safepoint    ] Safepoint "Cleanup", Time since last: 1002183667 ns, Reaching safepoint: 857709 ns, At safepoint: 25333 ns, Total: 883042 ns
[2022-09-04T15:03:57.200+0000][1][safepoint    ] Safepoint "Cleanup", Time since last: 1003201501 ns, Reaching safepoint: 2174166 ns, At safepoint: 47125 ns, Total: 2221291 ns
[2022-09-04T15:03:58.205+0000][1][safepoint    ] Safepoint "Cleanup", Time since last: 1003979917 ns, Reaching safepoint: 786834 ns, At safepoint: 23791 ns, Total: 810625 ns
[2022-09-04T15:03:59.223+0000][1][safepoint    ] Safepoint "Cleanup", Time since last: 1017703293 ns, Reaching safepoint: 781416 ns, At safepoint: 21750 ns, Total: 803166 ns
[2022-09-04T15:04:00.227+0000][1][safepoint    ] Safepoint "Cleanup", Time since last: 1002783084 ns, Reaching safepoint: 1108208 ns, At safepoint: 30584 ns, Total: 1138792 ns
[2022-09-04T15:04:01.235+0000][1][safepoint    ] Safepoint "Cleanup", Time since last: 1004515999 ns, Reaching safepoint: 3604417 ns, At safepoint: 107458 ns, Total: 3711875 ns
[2022-09-04T15:04:02.246+0000][1][safepoint    ] Safepoint "Cleanup", Time since last: 1004597792 ns, Reaching safepoint: 4061250 ns, At safepoint: 255792 ns, Total: 4317042 ns
[2022-09-04T15:04:03.254+0000][1][safepoint    ] Safepoint "Cleanup", Time since last: 1008866001 ns, Reaching safepoint: 1050833 ns, At safepoint: 32000 ns, Total: 1082833 ns
[2022-09-04T15:04:04.258+0000][1][safepoint    ] Safepoint "Cleanup", Time since last: 1003598417 ns, Reaching safepoint: 725708 ns, At safepoint: 19125 ns, Total: 744833 ns
[2022-09-04T15:04:05.262+0000][1][safepoint    ] Safepoint "Cleanup", Time since last: 1001997417 ns, Reaching safepoint: 1544709 ns, At safepoint: 39375 ns, Total: 1584084 ns
[2022-09-04T15:04:06.266+0000][1][safepoint    ] Safepoint "Cleanup", Time since last: 1002830500 ns, Reaching safepoint: 1145084 ns, At safepoint: 30916 ns, Total: 1176000 ns
[2022-09-04T15:04:07.271+0000][1][safepoint    ] Safepoint "Cleanup", Time since last: 1004110001 ns, Reaching safepoint: 1109666 ns, At safepoint: 25542 ns, Total: 1135208 ns
[2022-09-04T15:04:08.275+0000][1][safepoint    ] Safepoint "Cleanup", Time since last: 1002235876 ns, Reaching safepoint: 1413333 ns, At safepoint: 22875 ns, Total: 1436208 ns
[2022-09-04T15:04:09.277+0000][1][safepoint    ] Safepoint "Cleanup", Time since last: 1001945084 ns, Reaching safepoint: 693000 ns, At safepoint: 21250 ns, Total: 714250 ns
[2022-09-04T15:04:10.280+0000][1][safepoint    ] Safepoint "Cleanup", Time since last: 1001331709 ns, Reaching safepoint: 1082083 ns, At safepoint: 22042 ns, Total: 1104125 ns
[2022-09-04T15:04:11.284+0000][1][safepoint    ] Safepoint "Cleanup", Time since last: 1002930375 ns, Reaching safepoint: 1524125 ns, At safepoint: 43042 ns, Total: 1567167 ns
[2022-09-04T15:04:12.289+0000][1][safepoint    ] Safepoint "Cleanup", Time since last: 1003875584 ns, Reaching safepoint: 740791 ns, At safepoint: 22500 ns, Total: 763291 ns
[2022-09-04T15:04:13.292+0000][1][safepoint    ] Safepoint "Cleanup", Time since last: 1001969209 ns, Reaching safepoint: 1039417 ns, At safepoint: 25541 ns, Total: 1064958 ns
[2022-09-04T15:04:14.296+0000][1][safepoint    ] Safepoint "Cleanup", Time since last: 1002444751 ns, Reaching safepoint: 1346375 ns, At safepoint: 39000 ns, Total: 1385375 ns
[2022-09-04T15:04:15.299+0000][1][safepoint    ] Safepoint "Cleanup", Time since last: 1001798292 ns, Reaching safepoint: 1469667 ns, At safepoint: 31708 ns, Total: 1501375 ns
[2022-09-04T15:04:16.304+0000][1][safepoint    ] Safepoint "Cleanup", Time since last: 1003980500 ns, Reaching safepoint: 1008500 ns, At safepoint: 29500 ns, Total: 1038000 ns
[2022-09-04T15:04:17.308+0000][1][safepoint    ] Safepoint "Cleanup", Time since last: 1002924709 ns, Reaching safepoint: 1377042 ns, At safepoint: 43542 ns, Total: 1420584 ns
[2022-09-04T15:04:18.313+0000][1][safepoint    ] Safepoint "Cleanup", Time since last: 1003263375 ns, Reaching safepoint: 807667 ns, At safepoint: 23833 ns, Total: 831500 ns
[2022-09-04T15:04:19.315+0000][1][safepoint    ] Safepoint "Cleanup", Time since last: 1001869376 ns, Reaching safepoint: 793916 ns, At safepoint: 23459 ns, Total: 817375 ns
[2022-09-04T15:04:20.319+0000][1][safepoint    ] Safepoint "Cleanup", Time since last: 1002135875 ns, Reaching safepoint: 1350833 ns, At safepoint: 37042 ns, Total: 1387875 ns
[2022-09-04T15:04:21.324+0000][1][safepoint    ] Safepoint "Cleanup", Time since last: 1003284500 ns, Reaching safepoint: 1681709 ns, At safepoint: 46291 ns, Total: 1728000 ns
[2022-09-04T15:04:22.331+0000][1][safepoint    ] Safepoint "Cleanup", Time since last: 1006553876 ns, Reaching safepoint: 823583 ns, At safepoint: 20042 ns, Total: 843625 ns
[2022-09-04T15:04:23.334+0000][1][safepoint    ] Safepoint "Cleanup", Time since last: 1002230584 ns, Reaching safepoint: 1014916 ns, At safepoint: 27542 ns, Total: 1042458 ns
[2022-09-04T15:04:24.338+0000][1][safepoint    ] Safepoint "Cleanup", Time since last: 1003040501 ns, Reaching safepoint: 844000 ns, At safepoint: 23791 ns, Total: 867791 ns
[2022-09-04T15:04:25.344+0000][1][safepoint    ] Safepoint "Cleanup", Time since last: 1003174167 ns, Reaching safepoint: 2428292 ns, At safepoint: 71292 ns, Total: 2499584 ns
[2022-09-04T15:04:26.349+0000][1][safepoint    ] Safepoint "Cleanup", Time since last: 1003695042 ns, Reaching safepoint: 1618083 ns, At safepoint: 76459 ns, Total: 1694542 ns
[2022-09-04T15:04:27.353+0000][1][safepoint    ] Safepoint "Cleanup", Time since last: 1002397417 ns, Reaching safepoint: 1384833 ns, At safepoint: 49833 ns, Total: 1434666 ns
[2022-09-04T15:04:28.360+0000][1][safepoint    ] Safepoint "Cleanup", Time since last: 1006136001 ns, Reaching safepoint: 897125 ns, At safepoint: 37458 ns, Total: 934583 ns
[2022-09-04T15:04:29.366+0000][1][safepoint    ] Safepoint "Cleanup", Time since last: 1004492501 ns, Reaching safepoint: 880625 ns, At safepoint: 24458 ns, Total: 905083 ns
[2022-09-04T15:04:30.681+0000][1][safepoint    ] Safepoint "Cleanup", Time since last: 1314361250 ns, Reaching safepoint: 785083 ns, At safepoint: 26500 ns, Total: 811583 ns
[2022-09-04T15:04:31.685+0000][1][safepoint    ] Safepoint "Cleanup", Time since last: 1003207750 ns, Reaching safepoint: 1225792 ns, At safepoint: 57625 ns, Total: 1283417 ns
[2022-09-04T15:04:32.689+0000][1][safepoint    ] Safepoint "Cleanup", Time since last: 1003176167 ns, Reaching safepoint: 863709 ns, At safepoint: 22541 ns, Total: 886250 ns
[2022-09-04T15:04:33.707+0000][1][safepoint    ] Safepoint "Cleanup", Time since last: 1015087167 ns, Reaching safepoint: 2486875 ns, At safepoint: 47834 ns, Total: 2534709 ns
[2022-09-04T15:04:34.711+0000][1][safepoint    ] Safepoint "Cleanup", Time since last: 1002985209 ns, Reaching safepoint: 1162458 ns, At safepoint: 32333 ns, Total: 1194791 ns
[2022-09-04T15:04:35.717+0000][1][safepoint    ] Safepoint "Cleanup", Time since last: 1003670584 ns, Reaching safepoint: 1891833 ns, At safepoint: 54334 ns, Total: 1946167 ns
[2022-09-04T15:04:36.725+0000][1][safepoint    ] Safepoint "Cleanup", Time since last: 1005053584 ns, Reaching safepoint: 2983291 ns, At safepoint: 102959 ns, Total: 3086250 ns
[2022-09-04T15:04:37.732+0000][1][safepoint    ] Safepoint "Cleanup", Time since last: 1006275875 ns, Reaching safepoint: 739125 ns, At safepoint: 20083 ns, Total: 759208 ns
[2022-09-04T15:04:38.735+0000][1][safepoint    ] Safepoint "Cleanup", Time since last: 1001898792 ns, Reaching safepoint: 1411875 ns, At safepoint: 33167 ns, Total: 1445042 ns
[2022-09-04T15:04:39.739+0000][1][safepoint    ] Safepoint "Cleanup", Time since last: 1002586459 ns, Reaching safepoint: 1375333 ns, At safepoint: 36292 ns, Total: 1411625 ns
[2022-09-04T15:04:40.743+0000][1][safepoint    ] Safepoint "Cleanup", Time since last: 1002746709 ns, Reaching safepoint: 888291 ns, At safepoint: 22667 ns, Total: 910958 ns
[2022-09-04T15:04:41.748+0000][1][safepoint    ] Safepoint "Cleanup", Time since last: 1002115292 ns, Reaching safepoint: 2376792 ns, At safepoint: 57625 ns, Total: 2434417 ns
[2022-09-04T15:04:42.755+0000][1][safepoint    ] Safepoint "Cleanup", Time since last: 1006459542 ns, Reaching safepoint: 1016250 ns, At safepoint: 32917 ns, Total: 1049167 ns
[2022-09-04T15:04:43.760+0000][1][safepoint    ] Safepoint "Cleanup", Time since last: 1003650209 ns, Reaching safepoint: 922083 ns, At safepoint: 24833 ns, Total: 946916 ns
[2022-09-04T15:04:44.762+0000][1][safepoint    ] Safepoint "Cleanup", Time since last: 1001697209 ns, Reaching safepoint: 940917 ns, At safepoint: 20708 ns, Total: 961625 ns
[2022-09-04T15:04:45.765+0000][1][safepoint    ] Safepoint "Cleanup", Time since last: 1001588250 ns, Reaching safepoint: 786917 ns, At safepoint: 28000 ns, Total: 814917 ns
[2022-09-04T15:04:46.767+0000][1][safepoint    ] Safepoint "Cleanup", Time since last: 1001761709 ns, Reaching safepoint: 801875 ns, At safepoint: 23625 ns, Total: 825500 ns
[2022-09-04T15:04:47.770+0000][1][safepoint    ] Safepoint "Cleanup", Time since last: 1001582875 ns, Reaching safepoint: 786125 ns, At safepoint: 36042 ns, Total: 822167 ns
[2022-09-04T15:04:48.774+0000][1][safepoint    ] Safepoint "Cleanup", Time since last: 1002907292 ns, Reaching safepoint: 1199375 ns, At safepoint: 29167 ns, Total: 1228542 ns
[2022-09-04T15:04:49.778+0000][1][safepoint    ] Safepoint "Cleanup", Time since last: 1002379125 ns, Reaching safepoint: 1876959 ns, At safepoint: 55875 ns, Total: 1932834 ns
[2022-09-04T15:04:50.783+0000][1][safepoint    ] Safepoint "Cleanup", Time since last: 1004467709 ns, Reaching safepoint: 842875 ns, At safepoint: 20666 ns, Total: 863541 ns
[2022-09-04T15:04:51.788+0000][1][safepoint    ] Safepoint "Cleanup", Time since last: 1003399876 ns, Reaching safepoint: 1323875 ns, At safepoint: 37041 ns, Total: 1360916 ns
[2022-09-04T15:04:52.792+0000][1][safepoint    ] Safepoint "Cleanup", Time since last: 1002785334 ns, Reaching safepoint: 775584 ns, At safepoint: 23250 ns, Total: 798834 ns
[2022-09-04T15:04:53.794+0000][1][safepoint    ] Safepoint "Cleanup", Time since last: 1001835250 ns, Reaching safepoint: 728542 ns, At safepoint: 19666 ns, Total: 748208 ns
[2022-09-04T15:04:54.799+0000][1][safepoint    ] Safepoint "Cleanup", Time since last: 1002415792 ns, Reaching safepoint: 1738000 ns, At safepoint: 40250 ns, Total: 1778250 ns
[2022-09-04T15:04:55.802+0000][1][safepoint    ] Safepoint "Cleanup", Time since last: 1002790459 ns, Reaching safepoint: 1119917 ns, At safepoint: 29458 ns, Total: 1149375 ns
[2022-09-04T15:04:56.807+0000][1][safepoint    ] Safepoint "Cleanup", Time since last: 1003330792 ns, Reaching safepoint: 787875 ns, At safepoint: 20000 ns, Total: 807875 ns
[2022-09-04T15:04:57.809+0000][1][safepoint    ] Safepoint "Cleanup", Time since last: 1001506376 ns, Reaching safepoint: 722917 ns, At safepoint: 20625 ns, Total: 743542 ns
[2022-09-04T15:04:58.813+0000][1][safepoint    ] Safepoint "Cleanup", Time since last: 1002925125 ns, Reaching safepoint: 997833 ns, At safepoint: 26500 ns, Total: 1024333 ns
[2022-09-04T15:04:59.821+0000][1][safepoint    ] Safepoint "Cleanup", Time since last: 1006635084 ns, Reaching safepoint: 1452209 ns, At safepoint: 36791 ns, Total: 1489000 ns
[2022-09-04T15:05:00.825+0000][1][safepoint    ] Safepoint "Cleanup", Time since last: 1003809417 ns, Reaching safepoint: 745000 ns, At safepoint: 35583 ns, Total: 780583 ns
[2022-09-04T15:05:01.831+0000][1][safepoint    ] Safepoint "Cleanup", Time since last: 1005362251 ns, Reaching safepoint: 1183958 ns, At safepoint: 36292 ns, Total: 1220250 ns
[2022-09-04T15:05:02.834+0000][1][safepoint    ] Safepoint "Cleanup", Time since last: 1002268292 ns, Reaching safepoint: 837500 ns, At safepoint: 24208 ns, Total: 861708 ns
[2022-09-04T15:05:03.839+0000][1][safepoint    ] Safepoint "Cleanup", Time since last: 1002841750 ns, Reaching safepoint: 1454584 ns, At safepoint: 68041 ns, Total: 1522625 ns
[2022-09-04T15:05:04.843+0000][1][safepoint    ] Safepoint "Cleanup", Time since last: 1003511001 ns, Reaching safepoint: 872000 ns, At safepoint: 28208 ns, Total: 900208 ns
[2022-09-04T15:05:05.850+0000][1][safepoint    ] Safepoint "Cleanup", Time since last: 1003094292 ns, Reaching safepoint: 2607375 ns, At safepoint: 803292 ns, Total: 3410667 ns
[2022-09-04T15:05:06.856+0000][1][safepoint    ] Safepoint "Cleanup", Time since last: 1005401959 ns, Reaching safepoint: 1293083 ns, At safepoint: 37042 ns, Total: 1330125 ns
[2022-09-04T15:05:07.861+0000][1][safepoint    ] Safepoint "Cleanup", Time since last: 1003003375 ns, Reaching safepoint: 1336750 ns, At safepoint: 50209 ns, Total: 1386959 ns
[2022-09-04T15:05:08.865+0000][1][safepoint    ] Safepoint "Cleanup", Time since last: 1003244709 ns, Reaching safepoint: 1441916 ns, At safepoint: 69875 ns, Total: 1511791 ns
[2022-09-04T15:05:09.871+0000][1][safepoint    ] Safepoint "Cleanup", Time since last: 1002908542 ns, Reaching safepoint: 2364084 ns, At safepoint: 66583 ns, Total: 2430667 ns
[2022-09-04T15:05:10.876+0000][1][safepoint    ] Safepoint "Cleanup", Time since last: 1004220209 ns, Reaching safepoint: 827791 ns, At safepoint: 47042 ns, Total: 874833 ns
[2022-09-04T15:05:11.881+0000][1][safepoint    ] Safepoint "Cleanup", Time since last: 1003625917 ns, Reaching safepoint: 1238500 ns, At safepoint: 31875 ns, Total: 1270375 ns
[2022-09-04T15:05:12.884+0000][1][safepoint    ] Safepoint "Cleanup", Time since last: 1002200334 ns, Reaching safepoint: 869292 ns, At safepoint: 20666 ns, Total: 889958 ns
[2022-09-04T15:05:13.888+0000][1][safepoint    ] Safepoint "Cleanup", Time since last: 1003510293 ns, Reaching safepoint: 914708 ns, At safepoint: 23875 ns, Total: 938583 ns
[2022-09-04T15:05:15.431+0000][1][safepoint    ] Safepoint "Cleanup", Time since last: 1539413834 ns, Reaching safepoint: 2774667 ns, At safepoint: 100000 ns, Total: 2874667 ns
[2022-09-04T15:05:16.436+0000][1][safepoint    ] Safepoint "Cleanup", Time since last: 1003786542 ns, Reaching safepoint: 1497166 ns, At safepoint: 43875 ns, Total: 1541041 ns
[2022-09-04T15:05:17.440+0000][1][safepoint    ] Safepoint "Cleanup", Time since last: 1002695334 ns, Reaching safepoint: 1372417 ns, At safepoint: 36417 ns, Total: 1408834 ns
[2022-09-04T15:05:18.446+0000][1][safepoint    ] Safepoint "Cleanup", Time since last: 1004318292 ns, Reaching safepoint: 1129208 ns, At safepoint: 35958 ns, Total: 1165166 ns
[2022-09-04T15:05:19.451+0000][1][safepoint    ] Safepoint "Cleanup", Time since last: 1004501793 ns, Reaching safepoint: 789125 ns, At safepoint: 24958 ns, Total: 814083 ns
[2022-09-04T15:05:20.455+0000][1][safepoint    ] Safepoint "Cleanup", Time since last: 1002108917 ns, Reaching safepoint: 1559875 ns, At safepoint: 71833 ns, Total: 1631708 ns
[2022-09-04T15:05:21.460+0000][1][safepoint    ] Safepoint "Cleanup", Time since last: 1003215876 ns, Reaching safepoint: 2314292 ns, At safepoint: 86458 ns, Total: 2400750 ns
[2022-09-04T15:05:22.469+0000][1][safepoint    ] Safepoint "Cleanup", Time since last: 1005904459 ns, Reaching safepoint: 2547791 ns, At safepoint: 66667 ns, Total: 2614458 ns
[2022-09-04T15:05:23.475+0000][1][safepoint    ] Safepoint "Cleanup", Time since last: 1003136001 ns, Reaching safepoint: 2717583 ns, At safepoint: 78375 ns, Total: 2795958 ns
[2022-09-04T15:05:24.480+0000][1][safepoint    ] Safepoint "Cleanup", Time since last: 1004658500 ns, Reaching safepoint: 1039917 ns, At safepoint: 31333 ns, Total: 1071250 ns
[2022-09-04T15:05:25.484+0000][1][safepoint    ] Safepoint "Cleanup", Time since last: 1002303042 ns, Reaching safepoint: 1062292 ns, At safepoint: 33417 ns, Total: 1095709 ns
[2022-09-04T15:05:26.489+0000][1][safepoint    ] Safepoint "Cleanup", Time since last: 1003112334 ns, Reaching safepoint: 1658125 ns, At safepoint: 90458 ns, Total: 1748583 ns
[2022-09-04T15:05:27.494+0000][1][safepoint    ] Safepoint "Cleanup", Time since last: 1002850209 ns, Reaching safepoint: 2342166 ns, At safepoint: 63459 ns, Total: 2405625 ns
[2022-09-04T15:05:28.500+0000][1][safepoint    ] Safepoint "Cleanup", Time since last: 1004147375 ns, Reaching safepoint: 2087292 ns, At safepoint: 61167 ns, Total: 2148459 ns
[2022-09-04T15:05:29.505+0000][1][safepoint    ] Safepoint "Cleanup", Time since last: 1003088917 ns, Reaching safepoint: 1911291 ns, At safepoint: 125292 ns, Total: 2036583 ns
[2022-09-04T15:05:30.514+0000][1][safepoint    ] Safepoint "Cleanup", Time since last: 1005049333 ns, Reaching safepoint: 3626375 ns, At safepoint: 100167 ns, Total: 3726542 ns
[2022-09-04T15:05:31.524+0000][1][safepoint    ] Safepoint "Cleanup", Time since last: 1006864417 ns, Reaching safepoint: 3380708 ns, At safepoint: 192542 ns, Total: 3573250 ns
[2022-09-04T15:05:32.533+0000][1][safepoint    ] Safepoint "Cleanup", Time since last: 1005640792 ns, Reaching safepoint: 3280333 ns, At safepoint: 87542 ns, Total: 3367875 ns
[2022-09-04T15:05:33.543+0000][1][safepoint    ] Safepoint "Cleanup", Time since last: 1005761584 ns, Reaching safepoint: 3678416 ns, At safepoint: 129625 ns, Total: 3808041 ns
[2022-09-04T15:05:34.551+0000][1][safepoint    ] Safepoint "Cleanup", Time since last: 1005103876 ns, Reaching safepoint: 2728625 ns, At safepoint: 81458 ns, Total: 2810083 ns
[2022-09-04T15:05:35.558+0000][1][safepoint    ] Safepoint "Cleanup", Time since last: 1004498542 ns, Reaching safepoint: 3117334 ns, At safepoint: 100958 ns, Total: 3218292 ns
[2022-09-04T15:05:36.568+0000][1][safepoint    ] Safepoint "Cleanup", Time since last: 1006552709 ns, Reaching safepoint: 2936375 ns, At safepoint: 82541 ns, Total: 3018916 ns
[2022-09-04T15:05:37.575+0000][1][safepoint    ] Safepoint "Cleanup", Time since last: 1004084876 ns, Reaching safepoint: 3099417 ns, At safepoint: 89291 ns, Total: 3188708 ns
[2022-09-04T15:05:38.581+0000][1][safepoint    ] Safepoint "Cleanup", Time since last: 1004598501 ns, Reaching safepoint: 1470875 ns, At safepoint: 39541 ns, Total: 1510416 ns
[2022-09-04T15:05:39.589+0000][1][safepoint    ] Safepoint "Cleanup", Time since last: 1005592709 ns, Reaching safepoint: 1765667 ns, At safepoint: 58833 ns, Total: 1824500 ns
[2022-09-04T15:05:40.593+0000][1][safepoint    ] Safepoint "Cleanup", Time since last: 1002962792 ns, Reaching safepoint: 1638334 ns, At safepoint: 56041 ns, Total: 1694375 ns
[2022-09-04T15:05:41.598+0000][1][safepoint    ] Safepoint "Cleanup", Time since last: 1003376959 ns, Reaching safepoint: 1154417 ns, At safepoint: 34542 ns, Total: 1188959 ns
[2022-09-04T15:05:42.606+0000][1][safepoint    ] Safepoint "Cleanup", Time since last: 1004330875 ns, Reaching safepoint: 3464750 ns, At safepoint: 86417 ns, Total: 3551167 ns
[2022-09-04T15:05:43.612+0000][1][safepoint    ] Safepoint "Cleanup", Time since last: 1005336542 ns, Reaching safepoint: 719416 ns, At safepoint: 23959 ns, Total: 743375 ns
[2022-09-04T15:05:44.616+0000][1][safepoint    ] Safepoint "Cleanup", Time since last: 1002132667 ns, Reaching safepoint: 1532333 ns, At safepoint: 41250 ns, Total: 1573583 ns
[2022-09-04T15:05:45.622+0000][1][safepoint    ] Safepoint "Cleanup", Time since last: 1002627126 ns, Reaching safepoint: 3212166 ns, At safepoint: 88792 ns, Total: 3300958 ns
[2022-09-04T15:05:46.632+0000][1][safepoint    ] Safepoint "Cleanup", Time since last: 1008464251 ns, Reaching safepoint: 1834666 ns, At safepoint: 50750 ns, Total: 1885416 ns
[2022-09-04T15:05:47.637+0000][1][safepoint    ] Safepoint "Cleanup", Time since last: 1003183876 ns, Reaching safepoint: 2098291 ns, At safepoint: 55792 ns, Total: 2154083 ns
[2022-09-04T15:05:48.642+0000][1][safepoint    ] Safepoint "Cleanup", Time since last: 1003449667 ns, Reaching safepoint: 1544375 ns, At safepoint: 41667 ns, Total: 1586042 ns
[2022-09-04T15:05:49.650+0000][1][safepoint    ] Safepoint "Cleanup", Time since last: 1006036042 ns, Reaching safepoint: 1370875 ns, At safepoint: 39125 ns, Total: 1410000 ns
[2022-09-04T15:05:50.656+0000][1][safepoint    ] Safepoint "Cleanup", Time since last: 1003047167 ns, Reaching safepoint: 3421583 ns, At safepoint: 147792 ns, Total: 3569375 ns
[2022-09-04T15:05:51.908+0000][1][safepoint    ] Safepoint "Cleanup", Time since last: 1247366334 ns, Reaching safepoint: 4809458 ns, At safepoint: 56042 ns, Total: 4865500 ns
[2022-09-04T15:05:52.913+0000][1][safepoint    ] Safepoint "Cleanup", Time since last: 1003991709 ns, Reaching safepoint: 738708 ns, At safepoint: 20875 ns, Total: 759583 ns
[2022-09-04T15:05:53.917+0000][1][safepoint    ] Safepoint "Cleanup", Time since last: 1002230417 ns, Reaching safepoint: 1191875 ns, At safepoint: 29500 ns, Total: 1221375 ns
[2022-09-04T15:05:54.922+0000][1][safepoint    ] Safepoint "Cleanup", Time since last: 1004135959 ns, Reaching safepoint: 755625 ns, At safepoint: 24167 ns, Total: 779792 ns
[2022-09-04T15:05:55.926+0000][1][safepoint    ] Safepoint "Cleanup", Time since last: 1001311500 ns, Reaching safepoint: 3365250 ns, At safepoint: 102625 ns, Total: 3467875 ns
[2022-09-04T15:05:56.931+0000][1][safepoint    ] Safepoint "Cleanup", Time since last: 1003423167 ns, Reaching safepoint: 1488459 ns, At safepoint: 57375 ns, Total: 1545834 ns
[2022-09-04T15:05:57.935+0000][1][safepoint    ] Safepoint "Cleanup", Time since last: 1003118250 ns, Reaching safepoint: 981500 ns, At safepoint: 33834 ns, Total: 1015334 ns
[2022-09-04T15:05:58.940+0000][1][safepoint    ] Safepoint "Cleanup", Time since last: 1002093542 ns, Reaching safepoint: 2499125 ns, At safepoint: 72250 ns, Total: 2571375 ns
[2022-09-04T15:05:59.946+0000][1][safepoint    ] Safepoint "Cleanup", Time since last: 1004221459 ns, Reaching safepoint: 1102166 ns, At safepoint: 41750 ns, Total: 1143916 ns
[2022-09-04T15:06:00.949+0000][1][safepoint    ] Safepoint "Cleanup", Time since last: 1002620667 ns, Reaching safepoint: 1135416 ns, At safepoint: 38459 ns, Total: 1173875 ns
[2022-09-04T15:06:01.952+0000][1][safepoint    ] Safepoint "Cleanup", Time since last: 1002044542 ns, Reaching safepoint: 1568000 ns, At safepoint: 79125 ns, Total: 1647125 ns
[2022-09-04T15:06:02.958+0000][1][safepoint    ] Safepoint "Cleanup", Time since last: 1004759417 ns, Reaching safepoint: 757458 ns, At safepoint: 25167 ns, Total: 782625 ns
[2022-09-04T15:06:03.967+0000][1][safepoint    ] Safepoint "Cleanup", Time since last: 1006241792 ns, Reaching safepoint: 2681500 ns, At safepoint: 62250 ns, Total: 2743750 ns
[2022-09-04T15:06:04.973+0000][1][safepoint    ] Safepoint "Cleanup", Time since last: 1003569459 ns, Reaching safepoint: 2259917 ns, At safepoint: 62291 ns, Total: 2322208 ns
[2022-09-04T15:06:05.981+0000][1][safepoint    ] Safepoint "Cleanup", Time since last: 1004032417 ns, Reaching safepoint: 3395417 ns, At safepoint: 250625 ns, Total: 3646042 ns
[2022-09-04T15:06:06.990+0000][1][safepoint    ] Safepoint "Cleanup", Time since last: 1005677417 ns, Reaching safepoint: 3720500 ns, At safepoint: 93750 ns, Total: 3814250 ns
[2022-09-04T15:06:07.996+0000][1][safepoint    ] Safepoint "Cleanup", Time since last: 1005566876 ns, Reaching safepoint: 656083 ns, At safepoint: 19417 ns, Total: 675500 ns
[2022-09-04T15:06:08.999+0000][1][safepoint    ] Safepoint "Cleanup", Time since last: 1001776292 ns, Reaching safepoint: 1291000 ns, At safepoint: 82958 ns, Total: 1373958 ns
[2022-09-04T15:06:10.004+0000][1][safepoint    ] Safepoint "Cleanup", Time since last: 1002653417 ns, Reaching safepoint: 2204417 ns, At safepoint: 55417 ns, Total: 2259834 ns
[2022-09-04T15:06:11.011+0000][1][safepoint    ] Safepoint "Cleanup", Time since last: 1005812709 ns, Reaching safepoint: 1037416 ns, At safepoint: 33084 ns, Total: 1070500 ns
[2022-09-04T15:06:12.015+0000][1][safepoint    ] Safepoint "Cleanup", Time since last: 1001674250 ns, Reaching safepoint: 1740375 ns, At safepoint: 66625 ns, Total: 1807000 ns
[2022-09-04T15:06:13.021+0000][1][safepoint    ] Safepoint "Cleanup", Time since last: 1005259126 ns, Reaching safepoint: 685791 ns, At safepoint: 20209 ns, Total: 706000 ns
[2022-09-04T15:06:14.023+0000][1][safepoint    ] Safepoint "Cleanup", Time since last: 1001818708 ns, Reaching safepoint: 703042 ns, At safepoint: 19583 ns, Total: 722625 ns
[2022-09-04T15:06:15.028+0000][1][safepoint    ] Safepoint "Cleanup", Time since last: 1002993459 ns, Reaching safepoint: 1738458 ns, At safepoint: 86084 ns, Total: 1824542 ns
[2022-09-04T15:06:16.032+0000][1][safepoint    ] Safepoint "Cleanup", Time since last: 1002803709 ns, Reaching safepoint: 1083416 ns, At safepoint: 32084 ns, Total: 1115500 ns
[2022-09-04T15:06:17.039+0000][1][safepoint    ] Safepoint "Cleanup", Time since last: 1005302583 ns, Reaching safepoint: 1955000 ns, At safepoint: 283917 ns, Total: 2238917 ns
[2022-09-04T15:06:18.044+0000][1][safepoint    ] Safepoint "Cleanup", Time since last: 1003647417 ns, Reaching safepoint: 859000 ns, At safepoint: 39334 ns, Total: 898334 ns
[2022-09-04T15:06:19.049+0000][1][safepoint    ] Safepoint "Cleanup", Time since last: 1002448375 ns, Reaching safepoint: 2169958 ns, At safepoint: 63500 ns, Total: 2233458 ns
[2022-09-04T15:06:20.053+0000][1][safepoint    ] Safepoint "Cleanup", Time since last: 1003385043 ns, Reaching safepoint: 1058208 ns, At safepoint: 28875 ns, Total: 1087083 ns
[2022-09-04T15:06:21.057+0000][1][safepoint    ] Safepoint "Cleanup", Time since last: 1002433542 ns, Reaching safepoint: 1727458 ns, At safepoint: 109625 ns, Total: 1837083 ns
[2022-09-04T15:06:22.064+0000][1][safepoint    ] Safepoint "Cleanup", Time since last: 1005234876 ns, Reaching safepoint: 1399541 ns, At safepoint: 37750 ns, Total: 1437291 ns
[2022-09-04T15:06:23.068+0000][1][safepoint    ] Safepoint "Cleanup", Time since last: 1002757043 ns, Reaching safepoint: 1389791 ns, At safepoint: 73542 ns, Total: 1463333 ns
[2022-09-04T15:06:24.072+0000][1][safepoint    ] Safepoint "Cleanup", Time since last: 1002010250 ns, Reaching safepoint: 1321209 ns, At safepoint: 43083 ns, Total: 1364292 ns
[2022-09-04T15:06:25.079+0000][1][safepoint    ] Safepoint "Cleanup", Time since last: 1006036626 ns, Reaching safepoint: 1329416 ns, At safepoint: 92625 ns, Total: 1422041 ns
[2022-09-04T15:06:26.086+0000][1][safepoint    ] Safepoint "Cleanup", Time since last: 1006257709 ns, Reaching safepoint: 802125 ns, At safepoint: 21000 ns, Total: 823125 ns
[2022-09-04T15:06:27.089+0000][1][safepoint    ] Safepoint "Cleanup", Time since last: 1002138417 ns, Reaching safepoint: 948750 ns, At safepoint: 52209 ns, Total: 1000959 ns
[2022-09-04T15:06:28.093+0000][1][safepoint    ] Safepoint "Cleanup", Time since last: 1003011917 ns, Reaching safepoint: 705041 ns, At safepoint: 20000 ns, Total: 725041 ns
[2022-09-04T15:06:29.097+0000][1][safepoint    ] Safepoint "Cleanup", Time since last: 1001788918 ns, Reaching safepoint: 2239791 ns, At safepoint: 57042 ns, Total: 2296833 ns
[2022-09-04T15:06:30.102+0000][1][safepoint    ] Safepoint "Cleanup", Time since last: 1003463250 ns, Reaching safepoint: 1084584 ns, At safepoint: 28291 ns, Total: 1112875 ns
[2022-09-04T15:06:31.107+0000][1][safepoint    ] Safepoint "Cleanup", Time since last: 1003238041 ns, Reaching safepoint: 2708542 ns, At safepoint: 61583 ns, Total: 2770125 ns
[2022-09-04T15:06:32.115+0000][1][safepoint    ] Safepoint "Cleanup", Time since last: 1004887709 ns, Reaching safepoint: 2324417 ns, At safepoint: 54958 ns, Total: 2379375 ns
[2022-09-04T15:06:33.122+0000][1][safepoint    ] Safepoint "Cleanup", Time since last: 1005170876 ns, Reaching safepoint: 2291875 ns, At safepoint: 70541 ns, Total: 2362416 ns
[2022-09-04T15:06:34.126+0000][1][safepoint    ] Safepoint "Cleanup", Time since last: 1002497459 ns, Reaching safepoint: 1108084 ns, At safepoint: 28291 ns, Total: 1136375 ns
[2022-09-04T15:06:35.130+0000][1][safepoint    ] Safepoint "Cleanup", Time since last: 1003818376 ns, Reaching safepoint: 821500 ns, At safepoint: 24833 ns, Total: 846333 ns
[2022-09-04T15:06:36.136+0000][1][safepoint    ] Safepoint "Cleanup", Time since last: 1003937917 ns, Reaching safepoint: 1154167 ns, At safepoint: 39750 ns, Total: 1193917 ns
[2022-09-04T15:06:37.139+0000][1][safepoint    ] Safepoint "Cleanup", Time since last: 1002195167 ns, Reaching safepoint: 1537583 ns, At safepoint: 47417 ns, Total: 1585000 ns
[2022-09-04T15:06:38.143+0000][1][safepoint    ] Safepoint "Cleanup", Time since last: 1003309751 ns, Reaching safepoint: 756500 ns, At safepoint: 19666 ns, Total: 776166 ns
[2022-09-04T15:06:39.146+0000][1][safepoint    ] Safepoint "Cleanup", Time since last: 1002074167 ns, Reaching safepoint: 796875 ns, At safepoint: 18584 ns, Total: 815459 ns
[2022-09-04T15:06:40.149+0000][1][safepoint    ] Safepoint "Cleanup", Time since last: 1001747292 ns, Reaching safepoint: 1338125 ns, At safepoint: 37375 ns, Total: 1375500 ns
[2022-09-04T15:06:41.155+0000][1][safepoint    ] Safepoint "Cleanup", Time since last: 1003266250 ns, Reaching safepoint: 1851084 ns, At safepoint: 52541 ns, Total: 1903625 ns
[2022-09-04T15:06:42.160+0000][1][safepoint    ] Safepoint "Cleanup", Time since last: 1004221417 ns, Reaching safepoint: 1456625 ns, At safepoint: 36125 ns, Total: 1492750 ns
[2022-09-04T15:06:43.165+0000][1][safepoint    ] Safepoint "Cleanup", Time since last: 1003531584 ns, Reaching safepoint: 822625 ns, At safepoint: 29875 ns, Total: 852500 ns
[2022-09-04T15:06:44.168+0000][1][safepoint    ] Safepoint "Cleanup", Time since last: 1002704876 ns, Reaching safepoint: 797541 ns, At safepoint: 25542 ns, Total: 823083 ns
[2022-09-04T15:06:45.172+0000][1][safepoint    ] Safepoint "Cleanup", Time since last: 1002472459 ns, Reaching safepoint: 1373167 ns, At safepoint: 48083 ns, Total: 1421250 ns
[2022-09-04T15:06:46.181+0000][1][safepoint    ] Safepoint "Cleanup", Time since last: 1006532542 ns, Reaching safepoint: 1944917 ns, At safepoint: 76500 ns, Total: 2021417 ns
[2022-09-04T15:06:47.187+0000][1][safepoint    ] Safepoint "Cleanup", Time since last: 1003677000 ns, Reaching safepoint: 3039125 ns, At safepoint: 90667 ns, Total: 3129792 ns
[2022-09-04T15:06:48.194+0000][1][safepoint    ] Safepoint "Cleanup", Time since last: 1005987000 ns, Reaching safepoint: 798125 ns, At safepoint: 22000 ns, Total: 820125 ns
[2022-09-04T15:06:49.197+0000][1][safepoint    ] Safepoint "Cleanup", Time since last: 1001905834 ns, Reaching safepoint: 735000 ns, At safepoint: 21042 ns, Total: 756042 ns
[2022-09-04T15:06:50.202+0000][1][safepoint    ] Safepoint "Cleanup", Time since last: 1004006542 ns, Reaching safepoint: 1173125 ns, At safepoint: 35250 ns, Total: 1208375 ns
[2022-09-04T15:06:51.206+0000][1][safepoint    ] Safepoint "Cleanup", Time since last: 1003115292 ns, Reaching safepoint: 765875 ns, At safepoint: 20500 ns, Total: 786375 ns
[2022-09-04T15:06:52.210+0000][1][safepoint    ] Safepoint "Cleanup", Time since last: 1002562292 ns, Reaching safepoint: 1169375 ns, At safepoint: 33000 ns, Total: 1202375 ns
[2022-09-04T15:06:53.213+0000][1][safepoint    ] Safepoint "Cleanup", Time since last: 1002590459 ns, Reaching safepoint: 762917 ns, At safepoint: 24833 ns, Total: 787750 ns
[2022-09-04T15:06:54.218+0000][1][safepoint    ] Safepoint "Cleanup", Time since last: 1001621334 ns, Reaching safepoint: 2661167 ns, At safepoint: 60333 ns, Total: 2721500 ns
[2022-09-04T15:06:55.227+0000][1][safepoint    ] Safepoint "Cleanup", Time since last: 1005652000 ns, Reaching safepoint: 3444209 ns, At safepoint: 93625 ns, Total: 3537834 ns
[2022-09-04T15:06:56.235+0000][1][safepoint    ] Safepoint "Cleanup", Time since last: 1005793458 ns, Reaching safepoint: 2293375 ns, At safepoint: 179584 ns, Total: 2472959 ns
[2022-09-04T15:06:57.243+0000][1][safepoint    ] Safepoint "Cleanup", Time since last: 1005973875 ns, Reaching safepoint: 1698750 ns, At safepoint: 48000 ns, Total: 1746750 ns
[2022-09-04T15:06:58.247+0000][1][safepoint    ] Safepoint "Cleanup", Time since last: 1003750167 ns, Reaching safepoint: 774459 ns, At safepoint: 18958 ns, Total: 793417 ns
[2022-09-04T15:06:59.253+0000][1][safepoint    ] Safepoint "Cleanup", Time since last: 1003889751 ns, Reaching safepoint: 1475208 ns, At safepoint: 43417 ns, Total: 1518625 ns
[2022-09-04T15:07:00.258+0000][1][safepoint    ] Safepoint "Cleanup", Time since last: 1004369250 ns, Reaching safepoint: 1133208 ns, At safepoint: 30917 ns, Total: 1164125 ns
[2022-09-04T15:07:01.261+0000][1][safepoint    ] Safepoint "Cleanup", Time since last: 1002223916 ns, Reaching safepoint: 796042 ns, At safepoint: 18917 ns, Total: 814959 ns
[2022-09-04T15:07:02.263+0000][1][safepoint    ] Safepoint "Cleanup", Time since last: 1001669167 ns, Reaching safepoint: 767791 ns, At safepoint: 22417 ns, Total: 790208 ns
[2022-09-04T15:07:03.265+0000][1][safepoint    ] Safepoint "Cleanup", Time since last: 1001660917 ns, Reaching safepoint: 803417 ns, At safepoint: 20292 ns, Total: 823709 ns
[2022-09-04T15:07:04.270+0000][1][safepoint    ] Safepoint "Cleanup", Time since last: 1002626792 ns, Reaching safepoint: 1763416 ns, At safepoint: 55959 ns, Total: 1819375 ns
[2022-09-04T15:07:05.277+0000][1][safepoint    ] Safepoint "Cleanup", Time since last: 1006009750 ns, Reaching safepoint: 882292 ns, At safepoint: 24166 ns, Total: 906458 ns
[2022-09-04T15:07:06.280+0000][1][safepoint    ] Safepoint "Cleanup", Time since last: 1002364751 ns, Reaching safepoint: 1117417 ns, At safepoint: 26916 ns, Total: 1144333 ns
[2022-09-04T15:07:07.286+0000][1][safepoint    ] Safepoint "Cleanup", Time since last: 1004099042 ns, Reaching safepoint: 1314375 ns, At safepoint: 32084 ns, Total: 1346459 ns
[2022-09-04T15:07:08.290+0000][1][safepoint    ] Safepoint "Cleanup", Time since last: 1002965834 ns, Reaching safepoint: 929625 ns, At safepoint: 24500 ns, Total: 954125 ns
[2022-09-04T15:07:09.294+0000][1][safepoint    ] Safepoint "Cleanup", Time since last: 1003029292 ns, Reaching safepoint: 893833 ns, At safepoint: 26375 ns, Total: 920208 ns
[2022-09-04T15:07:10.297+0000][1][safepoint    ] Safepoint "Cleanup", Time since last: 1001988626 ns, Reaching safepoint: 998166 ns, At safepoint: 23959 ns, Total: 1022125 ns
[2022-09-04T15:07:11.301+0000][1][safepoint    ] Safepoint "Cleanup", Time since last: 1003589917 ns, Reaching safepoint: 818250 ns, At safepoint: 24500 ns, Total: 842750 ns
[2022-09-04T15:07:12.305+0000][1][safepoint    ] Safepoint "Cleanup", Time since last: 1002553459 ns, Reaching safepoint: 1312750 ns, At safepoint: 37708 ns, Total: 1350458 ns
[2022-09-04T15:07:13.315+0000][1][safepoint    ] Safepoint "Cleanup", Time since last: 1008759167 ns, Reaching safepoint: 754750 ns, At safepoint: 20375 ns, Total: 775125 ns
[2022-09-04T15:07:14.317+0000][1][safepoint    ] Safepoint "Cleanup", Time since last: 1001383709 ns, Reaching safepoint: 730166 ns, At safepoint: 20459 ns, Total: 750625 ns
[2022-09-04T15:07:15.549+0000][1][safepoint    ] Safepoint "Cleanup", Time since last: 1231267167 ns, Reaching safepoint: 1029958 ns, At safepoint: 40959 ns, Total: 1070917 ns
[2022-09-04T15:07:16.556+0000][1][safepoint    ] Safepoint "Cleanup", Time since last: 1003631667 ns, Reaching safepoint: 3102167 ns, At safepoint: 103458 ns, Total: 3205625 ns
[2022-09-04T15:07:17.564+0000][1][safepoint    ] Safepoint "Cleanup", Time since last: 1005369792 ns, Reaching safepoint: 2478750 ns, At safepoint: 76333 ns, Total: 2555083 ns
[2022-09-04T15:07:18.572+0000][1][safepoint    ] Safepoint "Cleanup", Time since last: 1004776417 ns, Reaching safepoint: 3588500 ns, At safepoint: 163417 ns, Total: 3751917 ns
[2022-09-04T15:07:19.578+0000][1][safepoint    ] Safepoint "Cleanup", Time since last: 1004973376 ns, Reaching safepoint: 1156625 ns, At safepoint: 33625 ns, Total: 1190250 ns
[2022-09-04T15:07:20.586+0000][1][safepoint    ] Safepoint "Cleanup", Time since last: 1003665833 ns, Reaching safepoint: 3402750 ns, At safepoint: 84209 ns, Total: 3486959 ns
[2022-09-04T15:07:21.593+0000][1][safepoint    ] Safepoint "Cleanup", Time since last: 1006104834 ns, Reaching safepoint: 1531875 ns, At safepoint: 98583 ns, Total: 1630458 ns
[2022-09-04T15:07:22.599+0000][1][safepoint    ] Safepoint "Cleanup", Time since last: 1002777334 ns, Reaching safepoint: 2802333 ns, At safepoint: 67583 ns, Total: 2869916 ns
[2022-09-04T15:07:23.604+0000][1][safepoint    ] Safepoint "Cleanup", Time since last: 1004023709 ns, Reaching safepoint: 846125 ns, At safepoint: 24084 ns, Total: 870209 ns
[2022-09-04T15:07:24.607+0000][1][safepoint    ] Safepoint "Cleanup", Time since last: 1002302167 ns, Reaching safepoint: 1172083 ns, At safepoint: 32042 ns, Total: 1204125 ns
[2022-09-04T15:07:25.613+0000][1][safepoint    ] Safepoint "Cleanup", Time since last: 1004470875 ns, Reaching safepoint: 957292 ns, At safepoint: 27875 ns, Total: 985167 ns
[2022-09-04T15:07:26.616+0000][1][safepoint    ] Safepoint "Cleanup", Time since last: 1001933417 ns, Reaching safepoint: 1121833 ns, At safepoint: 55334 ns, Total: 1177167 ns
[2022-09-04T15:07:27.619+0000][1][safepoint    ] Safepoint "Cleanup", Time since last: 1002292792 ns, Reaching safepoint: 720083 ns, At safepoint: 22542 ns, Total: 742625 ns
[2022-09-04T15:07:28.623+0000][1][safepoint    ] Safepoint "Cleanup", Time since last: 1001638459 ns, Reaching safepoint: 2429208 ns, At safepoint: 59583 ns, Total: 2488791 ns
[2022-09-04T15:07:29.630+0000][1][safepoint    ] Safepoint "Cleanup", Time since last: 1005864792 ns, Reaching safepoint: 1116750 ns, At safepoint: 26250 ns, Total: 1143000 ns
[2022-09-04T15:07:30.644+0000][1][safepoint    ] Safepoint "Cleanup", Time since last: 1003683667 ns, Reaching safepoint: 1960209 ns, At safepoint: 83125 ns, Total: 2043334 ns
[2022-09-04T15:07:31.649+0000][1][safepoint    ] Safepoint "Cleanup", Time since last: 1002665458 ns, Reaching safepoint: 1761167 ns, At safepoint: 90792 ns, Total: 1851959 ns
[2022-09-04T15:07:32.653+0000][1][safepoint    ] Safepoint "Cleanup", Time since last: 1003372375 ns, Reaching safepoint: 1174459 ns, At safepoint: 32083 ns, Total: 1206542 ns
[2022-09-04T15:07:34.259+0000][1][safepoint    ] Safepoint "Cleanup", Time since last: 1605069792 ns, Reaching safepoint: 738834 ns, At safepoint: 26875 ns, Total: 765709 ns
[2022-09-04T15:07:35.262+0000][1][safepoint    ] Safepoint "Cleanup", Time since last: 1001957917 ns, Reaching safepoint: 1473333 ns, At safepoint: 44542 ns, Total: 1517875 ns
[2022-09-04T15:07:36.266+0000][1][safepoint    ] Safepoint "Cleanup", Time since last: 1002579125 ns, Reaching safepoint: 1190959 ns, At safepoint: 28000 ns, Total: 1218959 ns
[2022-09-04T15:07:37.276+0000][1][safepoint    ] Safepoint "Cleanup", Time since last: 1008132125 ns, Reaching safepoint: 1169500 ns, At safepoint: 28250 ns, Total: 1197750 ns
[2022-09-04T15:07:38.279+0000][1][safepoint    ] Safepoint "Cleanup", Time since last: 1003069959 ns, Reaching safepoint: 718917 ns, At safepoint: 19625 ns, Total: 738542 ns
[2022-09-04T15:07:39.282+0000][1][safepoint    ] Safepoint "Cleanup", Time since last: 1001819875 ns, Reaching safepoint: 890167 ns, At safepoint: 22875 ns, Total: 913042 ns
[2022-09-04T15:07:40.285+0000][1][safepoint    ] Safepoint "Cleanup", Time since last: 1002604542 ns, Reaching safepoint: 712125 ns, At safepoint: 18667 ns, Total: 730792 ns
[2022-09-04T15:07:41.290+0000][1][safepoint    ] Safepoint "Cleanup", Time since last: 1003399167 ns, Reaching safepoint: 722500 ns, At safepoint: 20833 ns, Total: 743333 ns
[2022-09-04T15:07:42.292+0000][1][safepoint    ] Safepoint "Cleanup", Time since last: 1001829959 ns, Reaching safepoint: 864666 ns, At safepoint: 21459 ns, Total: 886125 ns
[2022-09-04T15:07:43.296+0000][1][safepoint    ] Safepoint "Cleanup", Time since last: 1003122000 ns, Reaching safepoint: 744209 ns, At safepoint: 24500 ns, Total: 768709 ns
[2022-09-04T15:07:44.300+0000][1][safepoint    ] Safepoint "Cleanup", Time since last: 1002954667 ns, Reaching safepoint: 805291 ns, At safepoint: 19959 ns, Total: 825250 ns
[2022-09-04T15:07:45.303+0000][1][safepoint    ] Safepoint "Cleanup", Time since last: 1001893167 ns, Reaching safepoint: 1196542 ns, At safepoint: 31291 ns, Total: 1227833 ns
[2022-09-04T15:07:46.306+0000][1][safepoint    ] Safepoint "Cleanup", Time since last: 1001969376 ns, Reaching safepoint: 1158166 ns, At safepoint: 42667 ns, Total: 1200833 ns
[2022-09-04T15:07:47.310+0000][1][safepoint    ] Safepoint "Cleanup", Time since last: 1002778167 ns, Reaching safepoint: 1195709 ns, At safepoint: 27625 ns, Total: 1223334 ns
[2022-09-04T15:07:48.313+0000][1][safepoint    ] Safepoint "Cleanup", Time since last: 1002250750 ns, Reaching safepoint: 667875 ns, At safepoint: 20292 ns, Total: 688167 ns
[2022-09-04T15:07:49.317+0000][1][safepoint    ] Safepoint "Cleanup", Time since last: 1003021292 ns, Reaching safepoint: 1078167 ns, At safepoint: 63125 ns, Total: 1141292 ns
[2022-09-04T15:07:50.321+0000][1][safepoint    ] Safepoint "Cleanup", Time since last: 1002776625 ns, Reaching safepoint: 714208 ns, At safepoint: 20459 ns, Total: 734667 ns
[2022-09-04T15:07:51.323+0000][1][safepoint    ] Safepoint "Cleanup", Time since last: 1001812208 ns, Reaching safepoint: 741042 ns, At safepoint: 17708 ns, Total: 758750 ns
[2022-09-04T15:07:52.327+0000][1][safepoint    ] Safepoint "Cleanup", Time since last: 1002702376 ns, Reaching safepoint: 714958 ns, At safepoint: 18875 ns, Total: 733833 ns
[2022-09-04T15:07:53.331+0000][1][safepoint    ] Safepoint "Cleanup", Time since last: 1003798584 ns, Reaching safepoint: 679792 ns, At safepoint: 19500 ns, Total: 699292 ns
[2022-09-04T15:07:54.335+0000][1][safepoint    ] Safepoint "Cleanup", Time since last: 1002226834 ns, Reaching safepoint: 1003625 ns, At safepoint: 28375 ns, Total: 1032000 ns
[2022-09-04T15:07:55.340+0000][1][safepoint    ] Safepoint "Cleanup", Time since last: 1003285667 ns, Reaching safepoint: 2028000 ns, At safepoint: 74750 ns, Total: 2102750 ns
[2022-09-04T15:07:56.346+0000][1][safepoint    ] Safepoint "Cleanup", Time since last: 1004639292 ns, Reaching safepoint: 832500 ns, At safepoint: 19333 ns, Total: 851833 ns
[2022-09-04T15:07:57.349+0000][1][safepoint    ] Safepoint "Cleanup", Time since last: 1002024417 ns, Reaching safepoint: 1260834 ns, At safepoint: 54250 ns, Total: 1315084 ns
[2022-09-04T15:07:58.354+0000][1][safepoint    ] Safepoint "Cleanup", Time since last: 1004753667 ns, Reaching safepoint: 670916 ns, At safepoint: 18917 ns, Total: 689833 ns
[2022-09-04T15:07:59.357+0000][1][safepoint    ] Safepoint "Cleanup", Time since last: 1002262001 ns, Reaching safepoint: 903750 ns, At safepoint: 22500 ns, Total: 926250 ns
[2022-09-04T15:08:00.362+0000][1][safepoint    ] Safepoint "Cleanup", Time since last: 1003717167 ns, Reaching safepoint: 796791 ns, At safepoint: 19459 ns, Total: 816250 ns
[2022-09-04T15:08:01.368+0000][1][safepoint    ] Safepoint "Cleanup", Time since last: 1004536792 ns, Reaching safepoint: 946666 ns, At safepoint: 25417 ns, Total: 972083 ns
[2022-09-04T15:08:02.371+0000][1][safepoint    ] Safepoint "Cleanup", Time since last: 1001821875 ns, Reaching safepoint: 1012084 ns, At safepoint: 26041 ns, Total: 1038125 ns
[2022-09-04T15:08:03.375+0000][1][safepoint    ] Safepoint "Cleanup", Time since last: 1003341168 ns, Reaching safepoint: 797000 ns, At safepoint: 20875 ns, Total: 817875 ns
[2022-09-04T15:08:04.379+0000][1][safepoint    ] Safepoint "Cleanup", Time since last: 1003060500 ns, Reaching safepoint: 834208 ns, At safepoint: 21500 ns, Total: 855708 ns
[2022-09-04T15:08:05.384+0000][1][safepoint    ] Safepoint "Cleanup", Time since last: 1003648459 ns, Reaching safepoint: 1436584 ns, At safepoint: 40791 ns, Total: 1477375 ns
[2022-09-04T15:08:06.391+0000][1][safepoint    ] Safepoint "Cleanup", Time since last: 1005979792 ns, Reaching safepoint: 1068792 ns, At safepoint: 28708 ns, Total: 1097500 ns
[2022-09-04T15:08:07.398+0000][1][safepoint    ] Safepoint "Cleanup", Time since last: 1003711542 ns, Reaching safepoint: 2255667 ns, At safepoint: 98375 ns, Total: 2354042 ns
[2022-09-04T15:08:08.403+0000][1][safepoint    ] Safepoint "Cleanup", Time since last: 1004956251 ns, Reaching safepoint: 708250 ns, At safepoint: 19125 ns, Total: 727375 ns
[2022-09-04T15:08:09.407+0000][1][safepoint    ] Safepoint "Cleanup", Time since last: 1002463917 ns, Reaching safepoint: 968125 ns, At safepoint: 25375 ns, Total: 993500 ns
[2022-09-04T15:08:10.411+0000][1][safepoint    ] Safepoint "Cleanup", Time since last: 1003201250 ns, Reaching safepoint: 1367334 ns, At safepoint: 42000 ns, Total: 1409334 ns
[2022-09-04T15:08:11.417+0000][1][safepoint    ] Safepoint "Cleanup", Time since last: 1004513125 ns, Reaching safepoint: 865250 ns, At safepoint: 21208 ns, Total: 886458 ns
[2022-09-04T15:08:12.424+0000][1][safepoint    ] Safepoint "Cleanup", Time since last: 1004628334 ns, Reaching safepoint: 3086417 ns, At safepoint: 88750 ns, Total: 3175167 ns
[2022-09-04T15:08:13.435+0000][1][safepoint    ] Safepoint "Cleanup", Time since last: 1009418750 ns, Reaching safepoint: 1059417 ns, At safepoint: 28542 ns, Total: 1087959 ns
[2022-09-04T15:08:14.440+0000][1][safepoint    ] Safepoint "Cleanup", Time since last: 1003917875 ns, Reaching safepoint: 936625 ns, At safepoint: 25625 ns, Total: 962250 ns
[2022-09-04T15:08:15.726+0000][1][safepoint    ] Safepoint "Cleanup", Time since last: 1284592501 ns, Reaching safepoint: 1702791 ns, At safepoint: 61459 ns, Total: 1764250 ns
[2022-09-04T15:08:16.733+0000][1][safepoint    ] Safepoint "Cleanup", Time since last: 1003216084 ns, Reaching safepoint: 3599958 ns, At safepoint: 203292 ns, Total: 3803250 ns
[2022-09-04T15:08:17.741+0000][1][safepoint    ] Safepoint "Cleanup", Time since last: 1004091583 ns, Reaching safepoint: 3637709 ns, At safepoint: 88916 ns, Total: 3726625 ns
[2022-09-04T15:08:18.748+0000][1][safepoint    ] Safepoint "Cleanup", Time since last: 1005875376 ns, Reaching safepoint: 818042 ns, At safepoint: 23333 ns, Total: 841375 ns
[2022-09-04T15:08:19.752+0000][1][safepoint    ] Safepoint "Cleanup", Time since last: 1003146792 ns, Reaching safepoint: 783500 ns, At safepoint: 21333 ns, Total: 804833 ns
[2022-09-04T15:08:20.755+0000][1][safepoint    ] Safepoint "Cleanup", Time since last: 1001631084 ns, Reaching safepoint: 1251292 ns, At safepoint: 35375 ns, Total: 1286667 ns
[2022-09-04T15:08:21.760+0000][1][safepoint    ] Safepoint "Cleanup", Time since last: 1002704584 ns, Reaching safepoint: 2305500 ns, At safepoint: 70916 ns, Total: 2376416 ns
[2022-09-04T15:08:22.766+0000][1][safepoint    ] Safepoint "Cleanup", Time since last: 1004464501 ns, Reaching safepoint: 1523791 ns, At safepoint: 54959 ns, Total: 1578750 ns
[2022-09-04T15:08:23.771+0000][1][safepoint    ] Safepoint "Cleanup", Time since last: 1003537584 ns, Reaching safepoint: 1430583 ns, At safepoint: 40917 ns, Total: 1471500 ns
[2022-09-04T15:08:24.791+0000][1][safepoint    ] Safepoint "Cleanup", Time since last: 1019004375 ns, Reaching safepoint: 1017667 ns, At safepoint: 23750 ns, Total: 1041417 ns
[2022-09-04T15:08:25.796+0000][1][safepoint    ] Safepoint "Cleanup", Time since last: 1001907834 ns, Reaching safepoint: 2812083 ns, At safepoint: 63500 ns, Total: 2875583 ns
[2022-09-04T15:08:26.801+0000][1][safepoint    ] Safepoint "Cleanup", Time since last: 1004087834 ns, Reaching safepoint: 1018208 ns, At safepoint: 28583 ns, Total: 1046791 ns
[2022-09-04T15:08:27.804+0000][1][safepoint    ] Safepoint "Cleanup", Time since last: 1002503168 ns, Reaching safepoint: 1199666 ns, At safepoint: 30959 ns, Total: 1230625 ns
[2022-09-04T15:08:28.808+0000][1][safepoint    ] Safepoint "Cleanup", Time since last: 1002612333 ns, Reaching safepoint: 991125 ns, At safepoint: 27042 ns, Total: 1018167 ns
[2022-09-04T15:08:29.811+0000][1][safepoint    ] Safepoint "Cleanup", Time since last: 1001768376 ns, Reaching safepoint: 679541 ns, At safepoint: 21042 ns, Total: 700583 ns
[2022-09-04T15:08:30.814+0000][1][safepoint    ] Safepoint "Cleanup", Time since last: 1002670791 ns, Reaching safepoint: 726459 ns, At safepoint: 30250 ns, Total: 756709 ns
[2022-09-04T15:08:31.821+0000][1][safepoint    ] Safepoint "Cleanup", Time since last: 1004295958 ns, Reaching safepoint: 2773334 ns, At safepoint: 190333 ns, Total: 2963667 ns
[2022-09-04T15:08:32.829+0000][1][safepoint    ] Safepoint "Cleanup", Time since last: 1007281334 ns, Reaching safepoint: 855167 ns, At safepoint: 23291 ns, Total: 878458 ns
[2022-09-04T15:08:33.832+0000][1][safepoint    ] Safepoint "Cleanup", Time since last: 1002210959 ns, Reaching safepoint: 733083 ns, At safepoint: 20459 ns, Total: 753542 ns
[2022-09-04T15:08:34.836+0000][1][safepoint    ] Safepoint "Cleanup", Time since last: 1002654917 ns, Reaching safepoint: 912750 ns, At safepoint: 24375 ns, Total: 937125 ns
[2022-09-04T15:08:35.842+0000][1][safepoint    ] Safepoint "Cleanup", Time since last: 1002806042 ns, Reaching safepoint: 2770958 ns, At safepoint: 193000 ns, Total: 2963958 ns
[2022-09-04T15:08:36.850+0000][1][safepoint    ] Safepoint "Cleanup", Time since last: 1006247293 ns, Reaching safepoint: 2301208 ns, At safepoint: 61458 ns, Total: 2362666 ns
[2022-09-04T15:08:37.857+0000][1][safepoint    ] Safepoint "Cleanup", Time since last: 1004076459 ns, Reaching safepoint: 2501458 ns, At safepoint: 76334 ns, Total: 2577792 ns
[2022-09-04T15:08:38.866+0000][1][safepoint    ] Safepoint "Cleanup", Time since last: 1006895250 ns, Reaching safepoint: 1705584 ns, At safepoint: 54708 ns, Total: 1760292 ns
[2022-09-04T15:08:39.870+0000][1][safepoint    ] Safepoint "Cleanup", Time since last: 1003312500 ns, Reaching safepoint: 899167 ns, At safepoint: 36542 ns, Total: 935709 ns
[2022-09-04T15:08:40.874+0000][1][safepoint    ] Safepoint "Cleanup", Time since last: 1002940083 ns, Reaching safepoint: 835042 ns, At safepoint: 23500 ns, Total: 858542 ns
[2022-09-04T15:08:41.876+0000][1][safepoint    ] Safepoint "Cleanup", Time since last: 1001736167 ns, Reaching safepoint: 995334 ns, At safepoint: 26333 ns, Total: 1021667 ns
[2022-09-04T15:08:42.880+0000][1][safepoint    ] Safepoint "Cleanup", Time since last: 1002881834 ns, Reaching safepoint: 804625 ns, At safepoint: 20958 ns, Total: 825583 ns
[2022-09-04T15:08:43.886+0000][1][safepoint    ] Safepoint "Cleanup", Time since last: 1003667292 ns, Reaching safepoint: 1813792 ns, At safepoint: 48167 ns, Total: 1861959 ns
[2022-09-04T15:08:44.892+0000][1][safepoint    ] Safepoint "Cleanup", Time since last: 1005105083 ns, Reaching safepoint: 918334 ns, At safepoint: 21208 ns, Total: 939542 ns
[2022-09-04T15:08:45.896+0000][1][safepoint    ] Safepoint "Cleanup", Time since last: 1001630626 ns, Reaching safepoint: 1972625 ns, At safepoint: 64125 ns, Total: 2036750 ns
[2022-09-04T15:08:46.906+0000][1][safepoint    ] Safepoint "Cleanup", Time since last: 1007072042 ns, Reaching safepoint: 3548916 ns, At safepoint: 184084 ns, Total: 3733000 ns
[2022-09-04T15:08:47.918+0000][1][safepoint    ] Safepoint "Cleanup", Time since last: 1009979250 ns, Reaching safepoint: 2077000 ns, At safepoint: 57459 ns, Total: 2134459 ns
[2022-09-04T15:08:48.932+0000][1][safepoint    ] Safepoint "Cleanup", Time since last: 1012073208 ns, Reaching safepoint: 1208084 ns, At safepoint: 30041 ns, Total: 1238125 ns
[2022-09-04T15:08:49.937+0000][1][safepoint    ] Safepoint "Cleanup", Time since last: 1002695459 ns, Reaching safepoint: 2644167 ns, At safepoint: 84291 ns, Total: 2728458 ns
[2022-09-04T15:08:51.519+0000][1][safepoint    ] Safepoint "Cleanup", Time since last: 1581609168 ns, Reaching safepoint: 702875 ns, At safepoint: 18958 ns, Total: 721833 ns
[2022-09-04T15:08:52.523+0000][1][safepoint    ] Safepoint "Cleanup", Time since last: 1001481417 ns, Reaching safepoint: 2089042 ns, At safepoint: 55833 ns, Total: 2144875 ns
[2022-09-04T15:08:53.527+0000][1][safepoint    ] Safepoint "Cleanup", Time since last: 1003262959 ns, Reaching safepoint: 911000 ns, At safepoint: 25084 ns, Total: 936084 ns
[2022-09-04T15:08:54.531+0000][1][safepoint    ] Safepoint "Cleanup", Time since last: 1002536000 ns, Reaching safepoint: 1388667 ns, At safepoint: 31625 ns, Total: 1420292 ns
[2022-09-04T15:08:55.540+0000][1][safepoint    ] Safepoint "Cleanup", Time since last: 1006456667 ns, Reaching safepoint: 2410875 ns, At safepoint: 205291 ns, Total: 2616166 ns
[2022-09-04T15:08:56.549+0000][1][safepoint    ] Safepoint "Cleanup", Time since last: 1005629709 ns, Reaching safepoint: 3324875 ns, At safepoint: 96959 ns, Total: 3421834 ns
[2022-09-04T15:08:57.558+0000][1][safepoint    ] Safepoint "Cleanup", Time since last: 1005369417 ns, Reaching safepoint: 3499666 ns, At safepoint: 87167 ns, Total: 3586833 ns
[2022-09-04T15:08:58.566+0000][1][safepoint    ] Safepoint "Cleanup", Time since last: 1006922584 ns, Reaching safepoint: 837958 ns, At safepoint: 25375 ns, Total: 863333 ns
[2022-09-04T15:08:59.575+0000][1][safepoint    ] Safepoint "Cleanup", Time since last: 1005236917 ns, Reaching safepoint: 3422292 ns, At safepoint: 85750 ns, Total: 3508042 ns
[2022-09-04T15:09:00.582+0000][1][safepoint    ] Safepoint "Cleanup", Time since last: 1005835459 ns, Reaching safepoint: 1954791 ns, At safepoint: 50459 ns, Total: 2005250 ns
[2022-09-04T15:09:01.596+0000][1][safepoint    ] Safepoint "Cleanup", Time since last: 1012070542 ns, Reaching safepoint: 1716916 ns, At safepoint: 48042 ns, Total: 1764958 ns
[2022-09-04T15:09:02.600+0000][1][safepoint    ] Safepoint "Cleanup", Time since last: 1002436626 ns, Reaching safepoint: 1495333 ns, At safepoint: 44417 ns, Total: 1539750 ns
[2022-09-04T15:09:03.604+0000][1][safepoint    ] Safepoint "Cleanup", Time since last: 1003245167 ns, Reaching safepoint: 1459208 ns, At safepoint: 39750 ns, Total: 1498958 ns
[2022-09-04T15:09:04.611+0000][1][safepoint    ] Safepoint "Cleanup", Time since last: 1004372875 ns, Reaching safepoint: 2346542 ns, At safepoint: 55667 ns, Total: 2402209 ns
[2022-09-04T15:09:05.618+0000][1][safepoint    ] Safepoint "Cleanup", Time since last: 1004652292 ns, Reaching safepoint: 1993583 ns, At safepoint: 73875 ns, Total: 2067458 ns
[2022-09-04T15:09:06.627+0000][1][safepoint    ] Safepoint "Cleanup", Time since last: 1005642001 ns, Reaching safepoint: 3065416 ns, At safepoint: 83959 ns, Total: 3149375 ns
[2022-09-04T15:09:07.635+0000][1][safepoint    ] Safepoint "Cleanup", Time since last: 1005044125 ns, Reaching safepoint: 2804250 ns, At safepoint: 102625 ns, Total: 2906875 ns
[2022-09-04T15:09:08.640+0000][1][safepoint    ] Safepoint "Cleanup", Time since last: 1005056209 ns, Reaching safepoint: 760625 ns, At safepoint: 20167 ns, Total: 780792 ns
[2022-09-04T15:09:09.644+0000][1][safepoint    ] Safepoint "Cleanup", Time since last: 1002501917 ns, Reaching safepoint: 1420750 ns, At safepoint: 41292 ns, Total: 1462042 ns
[2022-09-04T15:09:10.649+0000][1][safepoint    ] Safepoint "Cleanup", Time since last: 1002934375 ns, Reaching safepoint: 1392125 ns, At safepoint: 40750 ns, Total: 1432875 ns
[2022-09-04T15:09:11.654+0000][1][safepoint    ] Safepoint "Cleanup", Time since last: 1004568209 ns, Reaching safepoint: 915750 ns, At safepoint: 60125 ns, Total: 975875 ns
[2022-09-04T15:09:12.659+0000][1][safepoint    ] Safepoint "Cleanup", Time since last: 1002685959 ns, Reaching safepoint: 1751125 ns, At safepoint: 45041 ns, Total: 1796166 ns
[2022-09-04T15:09:13.665+0000][1][safepoint    ] Safepoint "Cleanup", Time since last: 1004934001 ns, Reaching safepoint: 1331625 ns, At safepoint: 34958 ns, Total: 1366583 ns
[2022-09-04T15:09:14.670+0000][1][safepoint    ] Safepoint "Cleanup", Time since last: 1004334667 ns, Reaching safepoint: 827084 ns, At safepoint: 84708 ns, Total: 911792 ns
[2022-09-04T15:09:15.673+0000][1][safepoint    ] Safepoint "Cleanup", Time since last: 1001867167 ns, Reaching safepoint: 1178375 ns, At safepoint: 30250 ns, Total: 1208625 ns
[2022-09-04T15:09:16.680+0000][1][safepoint    ] Safepoint "Cleanup", Time since last: 1002997584 ns, Reaching safepoint: 3178208 ns, At safepoint: 77959 ns, Total: 3256167 ns
[2022-09-04T15:09:17.690+0000][1][safepoint    ] Safepoint "Cleanup", Time since last: 1006480292 ns, Reaching safepoint: 3254500 ns, At safepoint: 82291 ns, Total: 3336791 ns
[2022-09-04T15:09:18.695+0000][1][safepoint    ] Safepoint "Cleanup", Time since last: 1005104834 ns, Reaching safepoint: 886000 ns, At safepoint: 21500 ns, Total: 907500 ns
[2022-09-04T15:09:19.701+0000][1][safepoint    ] Safepoint "Cleanup", Time since last: 1002002584 ns, Reaching safepoint: 3667667 ns, At safepoint: 79916 ns, Total: 3747583 ns
[2022-09-04T15:09:20.710+0000][1][safepoint    ] Safepoint "Cleanup", Time since last: 1004870001 ns, Reaching safepoint: 3651208 ns, At safepoint: 113334 ns, Total: 3764542 ns
[2022-09-04T15:09:22.613+0000][1][safepoint    ] Safepoint "Cleanup", Time since last: 1901359625 ns, Reaching safepoint: 1517542 ns, At safepoint: 59792 ns, Total: 1577334 ns
[2022-09-04T15:09:23.616+0000][1][safepoint    ] Safepoint "Cleanup", Time since last: 1002890334 ns, Reaching safepoint: 790125 ns, At safepoint: 23208 ns, Total: 813333 ns
[2022-09-04T15:09:24.619+0000][1][safepoint    ] Safepoint "Cleanup", Time since last: 1002050459 ns, Reaching safepoint: 809458 ns, At safepoint: 21833 ns, Total: 831291 ns
[2022-09-04T15:09:25.626+0000][1][safepoint    ] Safepoint "Cleanup", Time since last: 1001828959 ns, Reaching safepoint: 3971084 ns, At safepoint: 251000 ns, Total: 4222084 ns
[2022-09-04T15:09:26.633+0000][1][safepoint    ] Safepoint "Cleanup", Time since last: 1006525083 ns, Reaching safepoint: 1476334 ns, At safepoint: 60583 ns, Total: 1536917 ns
[2022-09-04T15:09:27.638+0000][1][safepoint    ] Safepoint "Cleanup", Time since last: 1001903584 ns, Reaching safepoint: 2687125 ns, At safepoint: 112750 ns, Total: 2799875 ns
[2022-09-04T15:09:28.644+0000][1][safepoint    ] Safepoint "Cleanup", Time since last: 1004875959 ns, Reaching safepoint: 1018958 ns, At safepoint: 44250 ns, Total: 1063208 ns
[2022-09-04T15:09:29.649+0000][1][safepoint    ] Safepoint "Cleanup", Time since last: 1002297792 ns, Reaching safepoint: 2173750 ns, At safepoint: 72375 ns, Total: 2246125 ns
[2022-09-04T15:09:29.827+0000][1][gc,start     ] GC(20) Pause Young (Allocation Failure)
[2022-09-04T15:09:29.831+0000][1][gc,task      ] GC(20) Using 4 workers of 4 for evacuation
[2022-09-04T15:09:29.884+0000][1][gc,age       ] GC(20) Desired survivor size 8945664 bytes, new threshold 6 (max threshold 6)
[2022-09-04T15:09:29.885+0000][1][gc,age       ] GC(20) Age table with threshold 6 (max threshold 6)
[2022-09-04T15:09:29.887+0000][1][gc,age       ] GC(20) - age   1:      22192 bytes,      22192 total
[2022-09-04T15:09:29.888+0000][1][gc,age       ] GC(20) - age   2:       9248 bytes,      31440 total
[2022-09-04T15:09:29.889+0000][1][gc,age       ] GC(20) - age   3:      91520 bytes,     122960 total
[2022-09-04T15:09:29.891+0000][1][gc,age       ] GC(20) - age   4:     388440 bytes,     511400 total
[2022-09-04T15:09:29.892+0000][1][gc,age       ] GC(20) - age   5:    4944696 bytes,    5456096 total
[2022-09-04T15:09:29.895+0000][1][gc,heap      ] GC(20) ParNew: 146386K->6315K(157248K)
[2022-09-04T15:09:29.897+0000][1][gc,heap      ] GC(20) CMS: 61563K->61563K(349568K)
[2022-09-04T15:09:29.898+0000][1][gc,metaspace ] GC(20) Metaspace: 82933K->82933K(1124352K)
[2022-09-04T15:09:29.900+0000][1][gc           ] GC(20) Pause Young (Allocation Failure) 203M->66M(494M) 74.054ms
[2022-09-04T15:09:29.902+0000][1][gc,cpu       ] GC(20) User=0.13s Sys=0.03s Real=0.07s
[2022-09-04T15:09:29.903+0000][1][safepoint    ] Safepoint "GenCollectForAllocation", Time since last: 176213584 ns, Reaching safepoint: 819916 ns, At safepoint: 77506000 ns, Total: 78325916 ns
[2022-09-04T15:09:30.906+0000][1][safepoint    ] Safepoint "Cleanup", Time since last: 1001751042 ns, Reaching safepoint: 1233333 ns, At safepoint: 31375 ns, Total: 1264708 ns
[2022-09-04T15:09:31.910+0000][1][safepoint    ] Safepoint "Cleanup", Time since last: 1001929626 ns, Reaching safepoint: 2386167 ns, At safepoint: 76750 ns, Total: 2462917 ns
[2022-09-04T15:09:32.917+0000][1][safepoint    ] Safepoint "Cleanup", Time since last: 1005694500 ns, Reaching safepoint: 857708 ns, At safepoint: 24167 ns, Total: 881875 ns
[2022-09-04T15:09:33.920+0000][1][safepoint    ] Safepoint "Cleanup", Time since last: 1002644875 ns, Reaching safepoint: 954125 ns, At safepoint: 20000 ns, Total: 974125 ns
[2022-09-04T15:09:34.924+0000][1][safepoint    ] Safepoint "Cleanup", Time since last: 1002502626 ns, Reaching safepoint: 853167 ns, At safepoint: 21541 ns, Total: 874708 ns
[2022-09-04T15:09:35.928+0000][1][safepoint    ] Safepoint "Cleanup", Time since last: 1002629292 ns, Reaching safepoint: 1284125 ns, At safepoint: 38625 ns, Total: 1322750 ns
[2022-09-04T15:09:36.934+0000][1][safepoint    ] Safepoint "Cleanup", Time since last: 1004157626 ns, Reaching safepoint: 1679792 ns, At safepoint: 53083 ns, Total: 1732875 ns
[2022-09-04T15:09:37.941+0000][1][safepoint    ] Safepoint "Cleanup", Time since last: 1004034709 ns, Reaching safepoint: 2575708 ns, At safepoint: 80583 ns, Total: 2656291 ns
[2022-09-04T15:09:38.947+0000][1][safepoint    ] Safepoint "Cleanup", Time since last: 1005018334 ns, Reaching safepoint: 1243792 ns, At safepoint: 36917 ns, Total: 1280709 ns
[2022-09-04T15:09:39.951+0000][1][safepoint    ] Safepoint "Cleanup", Time since last: 1003447667 ns, Reaching safepoint: 1190833 ns, At safepoint: 32375 ns, Total: 1223208 ns
[2022-09-04T15:09:40.955+0000][1][safepoint    ] Safepoint "Cleanup", Time since last: 1002340834 ns, Reaching safepoint: 1024667 ns, At safepoint: 26916 ns, Total: 1051583 ns
[2022-09-04T15:09:41.960+0000][1][safepoint    ] Safepoint "Cleanup", Time since last: 1003580834 ns, Reaching safepoint: 1246250 ns, At safepoint: 29750 ns, Total: 1276000 ns
[2022-09-04T15:09:42.963+0000][1][safepoint    ] Safepoint "Cleanup", Time since last: 1002362375 ns, Reaching safepoint: 796834 ns, At safepoint: 26750 ns, Total: 823584 ns
[2022-09-04T15:09:43.968+0000][1][safepoint    ] Safepoint "Cleanup", Time since last: 1003252625 ns, Reaching safepoint: 1420917 ns, At safepoint: 54500 ns, Total: 1475417 ns
[2022-09-04T15:09:45.802+0000][1][safepoint    ] Safepoint "Cleanup", Time since last: 1833240709 ns, Reaching safepoint: 779167 ns, At safepoint: 22958 ns, Total: 802125 ns
[2022-09-04T15:09:46.804+0000][1][safepoint    ] Safepoint "Cleanup", Time since last: 1001609417 ns, Reaching safepoint: 998250 ns, At safepoint: 28917 ns, Total: 1027167 ns
[2022-09-04T15:09:47.808+0000][1][safepoint    ] Safepoint "Cleanup", Time since last: 1002477917 ns, Reaching safepoint: 1197292 ns, At safepoint: 71166 ns, Total: 1268458 ns
[2022-09-04T15:09:48.812+0000][1][safepoint    ] Safepoint "Cleanup", Time since last: 1003061501 ns, Reaching safepoint: 729417 ns, At safepoint: 21208 ns, Total: 750625 ns
[2022-09-04T15:09:49.816+0000][1][safepoint    ] Safepoint "Cleanup", Time since last: 1002794834 ns, Reaching safepoint: 1400375 ns, At safepoint: 37291 ns, Total: 1437666 ns
[2022-09-04T15:09:50.821+0000][1][safepoint    ] Safepoint "Cleanup", Time since last: 1003730626 ns, Reaching safepoint: 940417 ns, At safepoint: 24291 ns, Total: 964708 ns
[2022-09-04T15:09:51.825+0000][1][safepoint    ] Safepoint "Cleanup", Time since last: 1003555126 ns, Reaching safepoint: 822625 ns, At safepoint: 18500 ns, Total: 841125 ns
[2022-09-04T15:09:52.831+0000][1][safepoint    ] Safepoint "Cleanup", Time since last: 1005386500 ns, Reaching safepoint: 747584 ns, At safepoint: 19458 ns, Total: 767042 ns
[2022-09-04T15:09:53.836+0000][1][safepoint    ] Safepoint "Cleanup", Time since last: 1003572625 ns, Reaching safepoint: 757459 ns, At safepoint: 19791 ns, Total: 777250 ns
[2022-09-04T15:09:54.840+0000][1][safepoint    ] Safepoint "Cleanup", Time since last: 1003996167 ns, Reaching safepoint: 752084 ns, At safepoint: 20333 ns, Total: 772417 ns
[2022-09-04T15:09:55.849+0000][1][safepoint    ] Safepoint "Cleanup", Time since last: 1006488501 ns, Reaching safepoint: 2381000 ns, At safepoint: 61083 ns, Total: 2442083 ns
[2022-09-04T15:09:56.857+0000][1][safepoint    ] Safepoint "Cleanup", Time since last: 1005847250 ns, Reaching safepoint: 2132917 ns, At safepoint: 70750 ns, Total: 2203667 ns
[2022-09-04T15:09:57.868+0000][1][safepoint    ] Safepoint "Cleanup", Time since last: 1007058334 ns, Reaching safepoint: 3207833 ns, At safepoint: 88000 ns, Total: 3295833 ns
[2022-09-04T15:09:58.876+0000][1][safepoint    ] Safepoint "Cleanup", Time since last: 1007285084 ns, Reaching safepoint: 1054917 ns, At safepoint: 29583 ns, Total: 1084500 ns
[2022-09-04T15:09:59.880+0000][1][safepoint    ] Safepoint "Cleanup", Time since last: 1002351584 ns, Reaching safepoint: 1210208 ns, At safepoint: 39875 ns, Total: 1250083 ns
[2022-09-04T15:10:00.885+0000][1][safepoint    ] Safepoint "Cleanup", Time since last: 1004890083 ns, Reaching safepoint: 911000 ns, At safepoint: 26834 ns, Total: 937834 ns
[2022-09-04T15:10:01.890+0000][1][safepoint    ] Safepoint "Cleanup", Time since last: 1003210750 ns, Reaching safepoint: 1311709 ns, At safepoint: 36041 ns, Total: 1347750 ns
[2022-09-04T15:10:02.896+0000][1][safepoint    ] Safepoint "Cleanup", Time since last: 1005130376 ns, Reaching safepoint: 788250 ns, At safepoint: 20708 ns, Total: 808958 ns
[2022-09-04T15:10:03.900+0000][1][safepoint    ] Safepoint "Cleanup", Time since last: 1002886292 ns, Reaching safepoint: 846500 ns, At safepoint: 23750 ns, Total: 870250 ns
[2022-09-04T15:10:04.902+0000][1][safepoint    ] Safepoint "Cleanup", Time since last: 1002205501 ns, Reaching safepoint: 684750 ns, At safepoint: 20375 ns, Total: 705125 ns
[2022-09-04T15:10:05.906+0000][1][safepoint    ] Safepoint "Cleanup", Time since last: 1002964583 ns, Reaching safepoint: 815000 ns, At safepoint: 21625 ns, Total: 836625 ns
[2022-09-04T15:10:06.911+0000][1][safepoint    ] Safepoint "Cleanup", Time since last: 1003374334 ns, Reaching safepoint: 1335917 ns, At safepoint: 39542 ns, Total: 1375459 ns
[2022-09-04T15:10:07.917+0000][1][safepoint    ] Safepoint "Cleanup", Time since last: 1003428208 ns, Reaching safepoint: 2461250 ns, At safepoint: 72459 ns, Total: 2533709 ns
[2022-09-04T15:10:08.928+0000][1][safepoint    ] Safepoint "Cleanup", Time since last: 1009546834 ns, Reaching safepoint: 1276583 ns, At safepoint: 38167 ns, Total: 1314750 ns
[2022-09-04T15:10:09.931+0000][1][safepoint    ] Safepoint "Cleanup", Time since last: 1002482250 ns, Reaching safepoint: 1167125 ns, At safepoint: 30167 ns, Total: 1197292 ns
[2022-09-04T15:10:10.937+0000][1][safepoint    ] Safepoint "Cleanup", Time since last: 1003872375 ns, Reaching safepoint: 1153959 ns, At safepoint: 33375 ns, Total: 1187334 ns
[2022-09-04T15:10:11.941+0000][1][safepoint    ] Safepoint "Cleanup", Time since last: 1003106542 ns, Reaching safepoint: 1508541 ns, At safepoint: 41000 ns, Total: 1549541 ns
[2022-09-04T15:10:12.950+0000][1][safepoint    ] Safepoint "Cleanup", Time since last: 1007819292 ns, Reaching safepoint: 751959 ns, At safepoint: 23208 ns, Total: 775167 ns
[2022-09-04T15:10:13.966+0000][1][safepoint    ] Safepoint "Cleanup", Time since last: 1012516709 ns, Reaching safepoint: 3076167 ns, At safepoint: 94958 ns, Total: 3171125 ns
[2022-09-04T15:10:14.976+0000][1][safepoint    ] Safepoint "Cleanup", Time since last: 1009446709 ns, Reaching safepoint: 740125 ns, At safepoint: 60541 ns, Total: 800666 ns
[2022-09-04T15:10:15.979+0000][1][safepoint    ] Safepoint "Cleanup", Time since last: 1002755043 ns, Reaching safepoint: 742375 ns, At safepoint: 22500 ns, Total: 764875 ns
[2022-09-04T15:10:16.982+0000][1][safepoint    ] Safepoint "Cleanup", Time since last: 1001713125 ns, Reaching safepoint: 765000 ns, At safepoint: 32083 ns, Total: 797083 ns
[2022-09-04T15:10:17.984+0000][1][safepoint    ] Safepoint "Cleanup", Time since last: 1001859626 ns, Reaching safepoint: 797083 ns, At safepoint: 25792 ns, Total: 822875 ns
[2022-09-04T15:10:18.987+0000][1][safepoint    ] Safepoint "Cleanup", Time since last: 1001637250 ns, Reaching safepoint: 984709 ns, At safepoint: 25333 ns, Total: 1010042 ns
[2022-09-04T15:10:19.992+0000][1][safepoint    ] Safepoint "Cleanup", Time since last: 1003441375 ns, Reaching safepoint: 1180542 ns, At safepoint: 29375 ns, Total: 1209917 ns
[2022-09-04T15:10:20.997+0000][1][safepoint    ] Safepoint "Cleanup", Time since last: 1004096834 ns, Reaching safepoint: 1232500 ns, At safepoint: 34583 ns, Total: 1267083 ns
[2022-09-04T15:10:22.002+0000][1][safepoint    ] Safepoint "Cleanup", Time since last: 1002745417 ns, Reaching safepoint: 2354750 ns, At safepoint: 58584 ns, Total: 2413334 ns
[2022-09-04T15:10:23.007+0000][1][safepoint    ] Safepoint "Cleanup", Time since last: 1003783834 ns, Reaching safepoint: 749125 ns, At safepoint: 20875 ns, Total: 770000 ns
[2022-09-04T15:10:24.010+0000][1][safepoint    ] Safepoint "Cleanup", Time since last: 1001565625 ns, Reaching safepoint: 1221833 ns, At safepoint: 31084 ns, Total: 1252917 ns
[2022-09-04T15:10:25.012+0000][1][safepoint    ] Safepoint "Cleanup", Time since last: 1002022084 ns, Reaching safepoint: 750708 ns, At safepoint: 23458 ns, Total: 774166 ns
[2022-09-04T15:10:26.017+0000][1][safepoint    ] Safepoint "Cleanup", Time since last: 1001650167 ns, Reaching safepoint: 3006250 ns, At safepoint: 82417 ns, Total: 3088667 ns
[2022-09-04T15:10:27.023+0000][1][safepoint    ] Safepoint "Cleanup", Time since last: 1004877959 ns, Reaching safepoint: 1133792 ns, At safepoint: 30625 ns, Total: 1164417 ns
[2022-09-04T15:10:28.026+0000][1][safepoint    ] Safepoint "Cleanup", Time since last: 1002220625 ns, Reaching safepoint: 804000 ns, At safepoint: 21500 ns, Total: 825500 ns
[2022-09-04T15:10:29.033+0000][1][safepoint    ] Safepoint "Cleanup", Time since last: 1006063834 ns, Reaching safepoint: 800416 ns, At safepoint: 19917 ns, Total: 820333 ns
[2022-09-04T15:10:30.036+0000][1][safepoint    ] Safepoint "Cleanup", Time since last: 1001628917 ns, Reaching safepoint: 792000 ns, At safepoint: 20667 ns, Total: 812667 ns
[2022-09-04T15:10:31.872+0000][1][safepoint    ] Safepoint "Cleanup", Time since last: 1836249167 ns, Reaching safepoint: 615416 ns, At safepoint: 21500 ns, Total: 636916 ns
[2022-09-04T15:10:32.874+0000][1][safepoint    ] Safepoint "Cleanup", Time since last: 1001456917 ns, Reaching safepoint: 684875 ns, At safepoint: 18834 ns, Total: 703709 ns
[2022-09-04T15:10:33.877+0000][1][safepoint    ] Safepoint "Cleanup", Time since last: 1002313750 ns, Reaching safepoint: 631500 ns, At safepoint: 21208 ns, Total: 652708 ns
[2022-09-04T15:10:34.880+0000][1][safepoint    ] Safepoint "Cleanup", Time since last: 1001784626 ns, Reaching safepoint: 950292 ns, At safepoint: 26083 ns, Total: 976375 ns
[2022-09-04T15:10:35.885+0000][1][safepoint    ] Safepoint "Cleanup", Time since last: 1003994417 ns, Reaching safepoint: 1584250 ns, At safepoint: 58333 ns, Total: 1642583 ns
[2022-09-04T15:10:36.890+0000][1][safepoint    ] Safepoint "Cleanup", Time since last: 1002659834 ns, Reaching safepoint: 2288959 ns, At safepoint: 60500 ns, Total: 2349459 ns
[2022-09-04T15:10:37.897+0000][1][safepoint    ] Safepoint "Cleanup", Time since last: 1004804042 ns, Reaching safepoint: 1373833 ns, At safepoint: 42167 ns, Total: 1416000 ns
[2022-09-04T15:10:38.901+0000][1][safepoint    ] Safepoint "Cleanup", Time since last: 1003587667 ns, Reaching safepoint: 641875 ns, At safepoint: 23167 ns, Total: 665042 ns
[2022-09-04T15:10:39.906+0000][1][safepoint    ] Safepoint "Cleanup", Time since last: 1004174958 ns, Reaching safepoint: 684334 ns, At safepoint: 17125 ns, Total: 701459 ns
[2022-09-04T15:10:40.909+0000][1][safepoint    ] Safepoint "Cleanup", Time since last: 1002294792 ns, Reaching safepoint: 811708 ns, At safepoint: 23625 ns, Total: 835333 ns
[2022-09-04T15:10:41.912+0000][1][safepoint    ] Safepoint "Cleanup", Time since last: 1001854417 ns, Reaching safepoint: 1224500 ns, At safepoint: 36334 ns, Total: 1260834 ns
[2022-09-04T15:10:42.917+0000][1][safepoint    ] Safepoint "Cleanup", Time since last: 1003929417 ns, Reaching safepoint: 850958 ns, At safepoint: 27333 ns, Total: 878291 ns
[2022-09-04T15:10:43.922+0000][1][safepoint    ] Safepoint "Cleanup", Time since last: 1004235834 ns, Reaching safepoint: 963459 ns, At safepoint: 26125 ns, Total: 989584 ns
[2022-09-04T15:10:44.926+0000][1][safepoint    ] Safepoint "Cleanup", Time since last: 1003504583 ns, Reaching safepoint: 742209 ns, At safepoint: 18708 ns, Total: 760917 ns
[2022-09-04T15:10:45.930+0000][1][safepoint    ] Safepoint "Cleanup", Time since last: 1002349084 ns, Reaching safepoint: 1353583 ns, At safepoint: 68542 ns, Total: 1422125 ns
[2022-09-04T15:10:46.939+0000][1][safepoint    ] Safepoint "Cleanup", Time since last: 1007073125 ns, Reaching safepoint: 2269584 ns, At safepoint: 66125 ns, Total: 2335709 ns
[2022-09-04T15:10:47.948+0000][1][safepoint    ] Safepoint "Cleanup", Time since last: 1007304167 ns, Reaching safepoint: 1544958 ns, At safepoint: 47917 ns, Total: 1592875 ns
[2022-09-04T15:10:48.955+0000][1][safepoint    ] Safepoint "Cleanup", Time since last: 1005688000 ns, Reaching safepoint: 1209792 ns, At safepoint: 36500 ns, Total: 1246292 ns
[2022-09-04T15:10:49.962+0000][1][safepoint    ] Safepoint "Cleanup", Time since last: 1005192459 ns, Reaching safepoint: 1561708 ns, At safepoint: 90917 ns, Total: 1652625 ns
[2022-09-04T15:10:50.970+0000][1][safepoint    ] Safepoint "Cleanup", Time since last: 1004992792 ns, Reaching safepoint: 3068250 ns, At safepoint: 112750 ns, Total: 3181000 ns
[2022-09-04T15:10:51.976+0000][1][safepoint    ] Safepoint "Cleanup", Time since last: 1004553250 ns, Reaching safepoint: 1292000 ns, At safepoint: 32709 ns, Total: 1324709 ns
[2022-09-04T15:10:52.980+0000][1][safepoint    ] Safepoint "Cleanup", Time since last: 1002662209 ns, Reaching safepoint: 743333 ns, At safepoint: 21375 ns, Total: 764708 ns
[2022-09-04T15:10:53.982+0000][1][safepoint    ] Safepoint "Cleanup", Time since last: 1001696959 ns, Reaching safepoint: 1073625 ns, At safepoint: 32166 ns, Total: 1105791 ns
[2022-09-04T15:10:54.987+0000][1][safepoint    ] Safepoint "Cleanup", Time since last: 1003761334 ns, Reaching safepoint: 819959 ns, At safepoint: 26458 ns, Total: 846417 ns
[2022-09-04T15:10:55.992+0000][1][safepoint    ] Safepoint "Cleanup", Time since last: 1002517917 ns, Reaching safepoint: 2618750 ns, At safepoint: 77833 ns, Total: 2696583 ns
[2022-09-04T15:10:57.003+0000][1][safepoint    ] Safepoint "Cleanup", Time since last: 1007643709 ns, Reaching safepoint: 3296583 ns, At safepoint: 87167 ns, Total: 3383750 ns
[2022-09-04T15:10:58.010+0000][1][safepoint    ] Safepoint "Cleanup", Time since last: 1006013251 ns, Reaching safepoint: 737083 ns, At safepoint: 22125 ns, Total: 759208 ns
[2022-09-04T15:10:59.013+0000][1][safepoint    ] Safepoint "Cleanup", Time since last: 1001979834 ns, Reaching safepoint: 1092875 ns, At safepoint: 27750 ns, Total: 1120625 ns
[2022-09-04T15:11:00.017+0000][1][safepoint    ] Safepoint "Cleanup", Time since last: 1002109875 ns, Reaching safepoint: 1548000 ns, At safepoint: 57459 ns, Total: 1605459 ns
[2022-09-04T15:11:01.023+0000][1][safepoint    ] Safepoint "Cleanup", Time since last: 1003958291 ns, Reaching safepoint: 2485542 ns, At safepoint: 63708 ns, Total: 2549250 ns
[2022-09-04T15:11:02.028+0000][1][safepoint    ] Safepoint "Cleanup", Time since last: 1004013376 ns, Reaching safepoint: 1215208 ns, At safepoint: 33958 ns, Total: 1249166 ns
[2022-09-04T15:11:03.034+0000][1][safepoint    ] Safepoint "Cleanup", Time since last: 1005355084 ns, Reaching safepoint: 697333 ns, At safepoint: 19584 ns, Total: 716917 ns
[2022-09-04T15:11:04.038+0000][1][safepoint    ] Safepoint "Cleanup", Time since last: 1002981334 ns, Reaching safepoint: 682791 ns, At safepoint: 20500 ns, Total: 703291 ns
[2022-09-04T15:11:05.043+0000][1][safepoint    ] Safepoint "Cleanup", Time since last: 1004652542 ns, Reaching safepoint: 796584 ns, At safepoint: 22458 ns, Total: 819042 ns
[2022-09-04T15:11:06.045+0000][1][safepoint    ] Safepoint "Cleanup", Time since last: 1001377375 ns, Reaching safepoint: 697667 ns, At safepoint: 22750 ns, Total: 720417 ns
[2022-09-04T15:11:07.051+0000][1][safepoint    ] Safepoint "Cleanup", Time since last: 1002908209 ns, Reaching safepoint: 2662458 ns, At safepoint: 65625 ns, Total: 2728083 ns
[2022-09-04T15:11:08.057+0000][1][safepoint    ] Safepoint "Cleanup", Time since last: 1004955667 ns, Reaching safepoint: 655542 ns, At safepoint: 19417 ns, Total: 674959 ns
[2022-09-04T15:11:09.061+0000][1][safepoint    ] Safepoint "Cleanup", Time since last: 1003079000 ns, Reaching safepoint: 899125 ns, At safepoint: 25292 ns, Total: 924417 ns
[2022-09-04T15:11:10.067+0000][1][safepoint    ] Safepoint "Cleanup", Time since last: 1005137459 ns, Reaching safepoint: 1122291 ns, At safepoint: 42292 ns, Total: 1164583 ns
[2022-09-04T15:11:12.062+0000][1][safepoint    ] Safepoint "Cleanup", Time since last: 1994192959 ns, Reaching safepoint: 847834 ns, At safepoint: 84500 ns, Total: 932334 ns
[2022-09-04T15:11:13.065+0000][1][safepoint    ] Safepoint "Cleanup", Time since last: 1002025709 ns, Reaching safepoint: 742791 ns, At safepoint: 27334 ns, Total: 770125 ns
[2022-09-04T15:11:14.093+0000][1][safepoint    ] Safepoint "Cleanup", Time since last: 1014175833 ns, Reaching safepoint: 8711167 ns, At safepoint: 1018708 ns, Total: 9729875 ns
[2022-09-04T15:11:15.110+0000][1][safepoint    ] Safepoint "Cleanup", Time since last: 1019827376 ns, Reaching safepoint: 1691791 ns, At safepoint: 35625 ns, Total: 1727416 ns
[2022-09-04T15:11:16.113+0000][1][safepoint    ] Safepoint "Cleanup", Time since last: 1001803251 ns, Reaching safepoint: 880375 ns, At safepoint: 22167 ns, Total: 902542 ns
[2022-09-04T15:11:17.115+0000][1][safepoint    ] Safepoint "Cleanup", Time since last: 1001626042 ns, Reaching safepoint: 714625 ns, At safepoint: 23041 ns, Total: 737666 ns
[2022-09-04T15:11:18.119+0000][1][safepoint    ] Safepoint "Cleanup", Time since last: 1002432626 ns, Reaching safepoint: 971833 ns, At safepoint: 65042 ns, Total: 1036875 ns
[2022-09-04T15:11:19.123+0000][1][safepoint    ] Safepoint "Cleanup", Time since last: 1002849875 ns, Reaching safepoint: 886417 ns, At safepoint: 29167 ns, Total: 915584 ns
[2022-09-04T15:11:20.126+0000][1][safepoint    ] Safepoint "Cleanup", Time since last: 1002498500 ns, Reaching safepoint: 1098084 ns, At safepoint: 67166 ns, Total: 1165250 ns
[2022-09-04T15:11:21.132+0000][1][safepoint    ] Safepoint "Cleanup", Time since last: 1003715626 ns, Reaching safepoint: 1405958 ns, At safepoint: 51458 ns, Total: 1457416 ns
[2022-09-04T15:11:22.138+0000][1][safepoint    ] Safepoint "Cleanup", Time since last: 1005360001 ns, Reaching safepoint: 976750 ns, At safepoint: 27042 ns, Total: 1003792 ns
[2022-09-04T15:11:23.141+0000][1][safepoint    ] Safepoint "Cleanup", Time since last: 1002763208 ns, Reaching safepoint: 759584 ns, At safepoint: 30041 ns, Total: 789625 ns
[2022-09-04T15:11:24.147+0000][1][safepoint    ] Safepoint "Cleanup", Time since last: 1001922709 ns, Reaching safepoint: 4018500 ns, At safepoint: 42125 ns, Total: 4060625 ns
[2022-09-04T15:11:25.153+0000][1][safepoint    ] Safepoint "Cleanup", Time since last: 1003791292 ns, Reaching safepoint: 1736417 ns, At safepoint: 78875 ns, Total: 1815292 ns
[2022-09-04T15:11:26.158+0000][1][safepoint    ] Safepoint "Cleanup", Time since last: 1004031334 ns, Reaching safepoint: 875791 ns, At safepoint: 30000 ns, Total: 905791 ns
[2022-09-04T15:11:27.162+0000][1][safepoint    ] Safepoint "Cleanup", Time since last: 1002975959 ns, Reaching safepoint: 1426084 ns, At safepoint: 55458 ns, Total: 1481542 ns
[2022-09-04T15:11:28.168+0000][1][safepoint    ] Safepoint "Cleanup", Time since last: 1004602250 ns, Reaching safepoint: 812042 ns, At safepoint: 38625 ns, Total: 850667 ns
[2022-09-04T15:11:29.171+0000][1][safepoint    ] Safepoint "Cleanup", Time since last: 1001780292 ns, Reaching safepoint: 1674834 ns, At safepoint: 48041 ns, Total: 1722875 ns
[2022-09-04T15:11:30.175+0000][1][safepoint    ] Safepoint "Cleanup", Time since last: 1002926876 ns, Reaching safepoint: 767958 ns, At safepoint: 24708 ns, Total: 792666 ns
[2022-09-04T15:11:31.179+0000][1][safepoint    ] Safepoint "Cleanup", Time since last: 1003170458 ns, Reaching safepoint: 708250 ns, At safepoint: 21459 ns, Total: 729709 ns
[2022-09-04T15:11:32.181+0000][1][safepoint    ] Safepoint "Cleanup", Time since last: 1001936042 ns, Reaching safepoint: 884458 ns, At safepoint: 27167 ns, Total: 911625 ns
[2022-09-04T15:11:33.185+0000][1][safepoint    ] Safepoint "Cleanup", Time since last: 1002656333 ns, Reaching safepoint: 854250 ns, At safepoint: 26084 ns, Total: 880334 ns
[2022-09-04T15:11:34.188+0000][1][safepoint    ] Safepoint "Cleanup", Time since last: 1001841584 ns, Reaching safepoint: 1388916 ns, At safepoint: 39750 ns, Total: 1428666 ns
[2022-09-04T15:11:35.196+0000][1][safepoint    ] Safepoint "Cleanup", Time since last: 1005715001 ns, Reaching safepoint: 2048083 ns, At safepoint: 76625 ns, Total: 2124708 ns
[2022-09-04T15:11:36.202+0000][1][safepoint    ] Safepoint "Cleanup", Time since last: 1003835334 ns, Reaching safepoint: 1621583 ns, At safepoint: 48209 ns, Total: 1669792 ns
[2022-09-04T15:11:37.208+0000][1][safepoint    ] Safepoint "Cleanup", Time since last: 1003003458 ns, Reaching safepoint: 2853000 ns, At safepoint: 226084 ns, Total: 3079084 ns
[2022-09-04T15:11:38.213+0000][1][safepoint    ] Safepoint "Cleanup", Time since last: 1003799959 ns, Reaching safepoint: 1045875 ns, At safepoint: 39625 ns, Total: 1085500 ns
[2022-09-04T15:11:39.217+0000][1][safepoint    ] Safepoint "Cleanup", Time since last: 1003035375 ns, Reaching safepoint: 1742208 ns, At safepoint: 42459 ns, Total: 1784667 ns
[2022-09-04T15:11:40.220+0000][1][safepoint    ] Safepoint "Cleanup", Time since last: 1002069167 ns, Reaching safepoint: 899166 ns, At safepoint: 28250 ns, Total: 927416 ns
[2022-09-04T15:11:41.224+0000][1][safepoint    ] Safepoint "Cleanup", Time since last: 1003024293 ns, Reaching safepoint: 773250 ns, At safepoint: 21125 ns, Total: 794375 ns
[2022-09-04T15:11:42.227+0000][1][safepoint    ] Safepoint "Cleanup", Time since last: 1001582208 ns, Reaching safepoint: 945417 ns, At safepoint: 30292 ns, Total: 975709 ns
[2022-09-04T15:11:43.230+0000][1][safepoint    ] Safepoint "Cleanup", Time since last: 1002166875 ns, Reaching safepoint: 864334 ns, At safepoint: 37375 ns, Total: 901709 ns
[2022-09-04T15:11:44.235+0000][1][safepoint    ] Safepoint "Cleanup", Time since last: 1001573292 ns, Reaching safepoint: 3235583 ns, At safepoint: 76875 ns, Total: 3312458 ns
[2022-09-04T15:11:45.239+0000][1][safepoint    ] Safepoint "Cleanup", Time since last: 1003437834 ns, Reaching safepoint: 808917 ns, At safepoint: 27083 ns, Total: 836000 ns
[2022-09-04T15:11:46.244+0000][1][safepoint    ] Safepoint "Cleanup", Time since last: 1002004000 ns, Reaching safepoint: 2638917 ns, At safepoint: 127500 ns, Total: 2766417 ns
[2022-09-04T15:11:47.250+0000][1][safepoint    ] Safepoint "Cleanup", Time since last: 1005011626 ns, Reaching safepoint: 1069666 ns, At safepoint: 26084 ns, Total: 1095750 ns
[2022-09-04T15:11:48.253+0000][1][safepoint    ] Safepoint "Cleanup", Time since last: 1002072875 ns, Reaching safepoint: 818167 ns, At safepoint: 22625 ns, Total: 840792 ns
[2022-09-04T15:11:49.270+0000][1][safepoint    ] Safepoint "Cleanup", Time since last: 1015179250 ns, Reaching safepoint: 1777875 ns, At safepoint: 68375 ns, Total: 1846250 ns
[2022-09-04T15:11:50.273+0000][1][safepoint    ] Safepoint "Cleanup", Time since last: 1002059834 ns, Reaching safepoint: 1260083 ns, At safepoint: 103250 ns, Total: 1363333 ns
[2022-09-04T15:11:51.277+0000][1][safepoint    ] Safepoint "Cleanup", Time since last: 1002579792 ns, Reaching safepoint: 1539709 ns, At safepoint: 41250 ns, Total: 1580959 ns
[2022-09-04T15:11:52.283+0000][1][safepoint    ] Safepoint "Cleanup", Time since last: 1004818375 ns, Reaching safepoint: 734625 ns, At safepoint: 22792 ns, Total: 757417 ns
[2022-09-04T15:11:53.286+0000][1][safepoint    ] Safepoint "Cleanup", Time since last: 1002307000 ns, Reaching safepoint: 743334 ns, At safepoint: 17666 ns, Total: 761000 ns
[2022-09-04T15:11:54.293+0000][1][safepoint    ] Safepoint "Cleanup", Time since last: 1004891751 ns, Reaching safepoint: 2073625 ns, At safepoint: 56667 ns, Total: 2130292 ns
[2022-09-04T15:11:55.297+0000][1][safepoint    ] Safepoint "Cleanup", Time since last: 1003571167 ns, Reaching safepoint: 837833 ns, At safepoint: 21667 ns, Total: 859500 ns
[2022-09-04T15:11:56.300+0000][1][safepoint    ] Safepoint "Cleanup", Time since last: 1001721458 ns, Reaching safepoint: 1155375 ns, At safepoint: 30292 ns, Total: 1185667 ns
[2022-09-04T15:11:57.305+0000][1][safepoint    ] Safepoint "Cleanup", Time since last: 1003321417 ns, Reaching safepoint: 1159042 ns, At safepoint: 35292 ns, Total: 1194334 ns
[2022-09-04T15:11:58.311+0000][1][safepoint    ] Safepoint "Cleanup", Time since last: 1004903250 ns, Reaching safepoint: 930750 ns, At safepoint: 22750 ns, Total: 953500 ns
[2022-09-04T15:12:00.026+0000][1][safepoint    ] Safepoint "Cleanup", Time since last: 1713200084 ns, Reaching safepoint: 1815750 ns, At safepoint: 63917 ns, Total: 1879667 ns
[2022-09-04T15:12:01.037+0000][1][safepoint    ] Safepoint "Cleanup", Time since last: 1006094042 ns, Reaching safepoint: 4914250 ns, At safepoint: 122583 ns, Total: 5036833 ns
[2022-09-04T15:12:02.043+0000][1][safepoint    ] Safepoint "Cleanup", Time since last: 1005713709 ns, Reaching safepoint: 861417 ns, At safepoint: 25083 ns, Total: 886500 ns
[2022-09-04T15:12:03.047+0000][1][safepoint    ] Safepoint "Cleanup", Time since last: 1002748250 ns, Reaching safepoint: 753875 ns, At safepoint: 25167 ns, Total: 779042 ns
[2022-09-04T15:12:04.050+0000][1][safepoint    ] Safepoint "Cleanup", Time since last: 1002000709 ns, Reaching safepoint: 1132458 ns, At safepoint: 32875 ns, Total: 1165333 ns
[2022-09-04T15:12:05.054+0000][1][safepoint    ] Safepoint "Cleanup", Time since last: 1003556959 ns, Reaching safepoint: 746250 ns, At safepoint: 22333 ns, Total: 768583 ns
[2022-09-04T15:12:06.058+0000][1][safepoint    ] Safepoint "Cleanup", Time since last: 1002845334 ns, Reaching safepoint: 814375 ns, At safepoint: 23542 ns, Total: 837917 ns
[2022-09-04T15:12:07.062+0000][1][safepoint    ] Safepoint "Cleanup", Time since last: 1001626417 ns, Reaching safepoint: 2504333 ns, At safepoint: 78750 ns, Total: 2583083 ns
[2022-09-04T15:12:08.068+0000][1][safepoint    ] Safepoint "Cleanup", Time since last: 1004542959 ns, Reaching safepoint: 912417 ns, At safepoint: 28083 ns, Total: 940500 ns
[2022-09-04T15:12:09.073+0000][1][safepoint    ] Safepoint "Cleanup", Time since last: 1002032417 ns, Reaching safepoint: 3228625 ns, At safepoint: 105042 ns, Total: 3333667 ns
[2022-09-04T15:12:10.081+0000][1][safepoint    ] Safepoint "Cleanup", Time since last: 1007174542 ns, Reaching safepoint: 978000 ns, At safepoint: 26708 ns, Total: 1004708 ns
[2022-09-04T15:12:11.085+0000][1][safepoint    ] Safepoint "Cleanup", Time since last: 1001701918 ns, Reaching safepoint: 1438791 ns, At safepoint: 64167 ns, Total: 1502958 ns
[2022-09-04T15:12:12.089+0000][1][safepoint    ] Safepoint "Cleanup", Time since last: 1003447375 ns, Reaching safepoint: 752584 ns, At safepoint: 24208 ns, Total: 776792 ns
[2022-09-04T15:12:13.092+0000][1][safepoint    ] Safepoint "Cleanup", Time since last: 1002038709 ns, Reaching safepoint: 859250 ns, At safepoint: 27375 ns, Total: 886625 ns
[2022-09-04T15:12:14.095+0000][1][safepoint    ] Safepoint "Cleanup", Time since last: 1002196125 ns, Reaching safepoint: 757167 ns, At safepoint: 20750 ns, Total: 777917 ns
[2022-09-04T15:12:15.099+0000][1][safepoint    ] Safepoint "Cleanup", Time since last: 1002499625 ns, Reaching safepoint: 1498125 ns, At safepoint: 43042 ns, Total: 1541167 ns
[2022-09-04T15:12:16.103+0000][1][safepoint    ] Safepoint "Cleanup", Time since last: 1002816626 ns, Reaching safepoint: 1121416 ns, At safepoint: 33084 ns, Total: 1154500 ns
[2022-09-04T15:12:17.109+0000][1][safepoint    ] Safepoint "Cleanup", Time since last: 1002769458 ns, Reaching safepoint: 3198542 ns, At safepoint: 97167 ns, Total: 3295709 ns
[2022-09-04T15:12:18.115+0000][1][safepoint    ] Safepoint "Cleanup", Time since last: 1005513959 ns, Reaching safepoint: 832208 ns, At safepoint: 25042 ns, Total: 857250 ns
[2022-09-04T15:12:19.119+0000][1][safepoint    ] Safepoint "Cleanup", Time since last: 1002458417 ns, Reaching safepoint: 990333 ns, At safepoint: 26833 ns, Total: 1017166 ns
[2022-09-04T15:12:20.122+0000][1][safepoint    ] Safepoint "Cleanup", Time since last: 1002892709 ns, Reaching safepoint: 966750 ns, At safepoint: 26709 ns, Total: 993459 ns
[2022-09-04T15:12:21.127+0000][1][safepoint    ] Safepoint "Cleanup", Time since last: 1001918583 ns, Reaching safepoint: 2345292 ns, At safepoint: 52833 ns, Total: 2398125 ns
[2022-09-04T15:12:22.132+0000][1][safepoint    ] Safepoint "Cleanup", Time since last: 1004507251 ns, Reaching safepoint: 814708 ns, At safepoint: 25417 ns, Total: 840125 ns
[2022-09-04T15:12:23.135+0000][1][safepoint    ] Safepoint "Cleanup", Time since last: 1001659084 ns, Reaching safepoint: 780250 ns, At safepoint: 22958 ns, Total: 803208 ns
[2022-09-04T15:12:24.138+0000][1][safepoint    ] Safepoint "Cleanup", Time since last: 1002399875 ns, Reaching safepoint: 759042 ns, At safepoint: 23250 ns, Total: 782292 ns
[2022-09-04T15:12:25.142+0000][1][safepoint    ] Safepoint "Cleanup", Time since last: 1003052751 ns, Reaching safepoint: 791333 ns, At safepoint: 31417 ns, Total: 822750 ns
[2022-09-04T15:12:26.144+0000][1][safepoint    ] Safepoint "Cleanup", Time since last: 1001618625 ns, Reaching safepoint: 755375 ns, At safepoint: 22167 ns, Total: 777542 ns
[2022-09-04T15:12:27.148+0000][1][safepoint    ] Safepoint "Cleanup", Time since last: 1002101667 ns, Reaching safepoint: 1625958 ns, At safepoint: 48500 ns, Total: 1674458 ns
[2022-09-04T15:12:28.152+0000][1][safepoint    ] Safepoint "Cleanup", Time since last: 1003784042 ns, Reaching safepoint: 729167 ns, At safepoint: 23083 ns, Total: 752250 ns
[2022-09-04T15:12:29.155+0000][1][safepoint    ] Safepoint "Cleanup", Time since last: 1001637293 ns, Reaching safepoint: 737666 ns, At safepoint: 25084 ns, Total: 762750 ns
[2022-09-04T15:12:30.477+0000][1][safepoint    ] Safepoint "Cleanup", Time since last: 1322420124 ns, Reaching safepoint: 694292 ns, At safepoint: 27542 ns, Total: 721834 ns
[2022-09-04T15:12:31.487+0000][1][safepoint    ] Safepoint "Cleanup", Time since last: 1005988875 ns, Reaching safepoint: 3667542 ns, At safepoint: 108291 ns, Total: 3775833 ns
[2022-09-04T15:12:32.493+0000][1][safepoint    ] Safepoint "Cleanup", Time since last: 1004756292 ns, Reaching safepoint: 1190000 ns, At safepoint: 39542 ns, Total: 1229542 ns
[2022-09-04T15:12:33.499+0000][1][safepoint    ] Safepoint "Cleanup", Time since last: 1002895209 ns, Reaching safepoint: 3561250 ns, At safepoint: 96083 ns, Total: 3657333 ns
[2022-09-04T15:12:34.505+0000][1][safepoint    ] Safepoint "Cleanup", Time since last: 1005013042 ns, Reaching safepoint: 640584 ns, At safepoint: 20333 ns, Total: 660917 ns
[2022-09-04T15:12:35.509+0000][1][safepoint    ] Safepoint "Cleanup", Time since last: 1001885084 ns, Reaching safepoint: 2085000 ns, At safepoint: 61792 ns, Total: 2146792 ns
[2022-09-04T15:12:36.516+0000][1][safepoint    ] Safepoint "Cleanup", Time since last: 1006334208 ns, Reaching safepoint: 767000 ns, At safepoint: 22875 ns, Total: 789875 ns
[2022-09-04T15:12:37.522+0000][1][safepoint    ] Safepoint "Cleanup", Time since last: 1003515293 ns, Reaching safepoint: 1971583 ns, At safepoint: 67417 ns, Total: 2039000 ns
[2022-09-04T15:12:38.529+0000][1][safepoint    ] Safepoint "Cleanup", Time since last: 1004901208 ns, Reaching safepoint: 2094334 ns, At safepoint: 62166 ns, Total: 2156500 ns
[2022-09-04T15:12:39.536+0000][1][safepoint    ] Safepoint "Cleanup", Time since last: 1005274292 ns, Reaching safepoint: 1383334 ns, At safepoint: 38833 ns, Total: 1422167 ns
[2022-09-04T15:12:40.541+0000][1][safepoint    ] Safepoint "Cleanup", Time since last: 1003169917 ns, Reaching safepoint: 2182417 ns, At safepoint: 71083 ns, Total: 2253500 ns
[2022-09-04T15:12:41.548+0000][1][safepoint    ] Safepoint "Cleanup", Time since last: 1004254834 ns, Reaching safepoint: 2596458 ns, At safepoint: 75709 ns, Total: 2672167 ns
[2022-09-04T15:12:42.553+0000][1][safepoint    ] Safepoint "Cleanup", Time since last: 1004456292 ns, Reaching safepoint: 923500 ns, At safepoint: 24583 ns, Total: 948083 ns
[2022-09-04T15:12:43.558+0000][1][safepoint    ] Safepoint "Cleanup", Time since last: 1001930417 ns, Reaching safepoint: 2615459 ns, At safepoint: 83958 ns, Total: 2699417 ns
[2022-09-04T15:12:44.563+0000][1][safepoint    ] Safepoint "Cleanup", Time since last: 1004176084 ns, Reaching safepoint: 760667 ns, At safepoint: 27000 ns, Total: 787667 ns
[2022-09-04T15:12:45.568+0000][1][safepoint    ] Safepoint "Cleanup", Time since last: 1002506542 ns, Reaching safepoint: 2230541 ns, At safepoint: 46834 ns, Total: 2277375 ns
[2022-09-04T15:12:46.577+0000][1][safepoint    ] Safepoint "Cleanup", Time since last: 1006430500 ns, Reaching safepoint: 2521542 ns, At safepoint: 75875 ns, Total: 2597417 ns
[2022-09-04T15:12:47.589+0000][1][safepoint    ] Safepoint "Cleanup", Time since last: 1008431667 ns, Reaching safepoint: 3558167 ns, At safepoint: 71750 ns, Total: 3629917 ns
[2022-09-04T15:12:48.598+0000][1][safepoint    ] Safepoint "Cleanup", Time since last: 1006452958 ns, Reaching safepoint: 2704292 ns, At safepoint: 68500 ns, Total: 2772792 ns
[2022-09-04T15:12:49.603+0000][1][safepoint    ] Safepoint "Cleanup", Time since last: 1004198626 ns, Reaching safepoint: 906250 ns, At safepoint: 26708 ns, Total: 932958 ns
[2022-09-04T15:12:50.607+0000][1][safepoint    ] Safepoint "Cleanup", Time since last: 1002115250 ns, Reaching safepoint: 1763625 ns, At safepoint: 48125 ns, Total: 1811750 ns
[2022-09-04T15:12:51.613+0000][1][safepoint    ] Safepoint "Cleanup", Time since last: 1003171959 ns, Reaching safepoint: 2304917 ns, At safepoint: 63000 ns, Total: 2367917 ns
[2022-09-04T15:12:52.619+0000][1][safepoint    ] Safepoint "Cleanup", Time since last: 1004472250 ns, Reaching safepoint: 1519125 ns, At safepoint: 49792 ns, Total: 1568917 ns
[2022-09-04T15:12:53.628+0000][1][safepoint    ] Safepoint "Cleanup", Time since last: 1005447667 ns, Reaching safepoint: 3391042 ns, At safepoint: 102833 ns, Total: 3493875 ns
[2022-09-04T15:12:54.635+0000][1][safepoint    ] Safepoint "Cleanup", Time since last: 1006524501 ns, Reaching safepoint: 982041 ns, At safepoint: 29917 ns, Total: 1011958 ns
[2022-09-04T15:12:55.641+0000][1][safepoint    ] Safepoint "Cleanup", Time since last: 1003498876 ns, Reaching safepoint: 1944750 ns, At safepoint: 70250 ns, Total: 2015000 ns
[2022-09-04T15:12:56.644+0000][1][safepoint    ] Safepoint "Cleanup", Time since last: 1002578250 ns, Reaching safepoint: 1029125 ns, At safepoint: 28458 ns, Total: 1057583 ns
[2022-09-04T15:12:57.650+0000][1][safepoint    ] Safepoint "Cleanup", Time since last: 1003343292 ns, Reaching safepoint: 2768959 ns, At safepoint: 87541 ns, Total: 2856500 ns
[2022-09-04T15:12:58.660+0000][1][safepoint    ] Safepoint "Cleanup", Time since last: 1006766043 ns, Reaching safepoint: 2372458 ns, At safepoint: 76958 ns, Total: 2449416 ns
[2022-09-04T15:12:59.667+0000][1][safepoint    ] Safepoint "Cleanup", Time since last: 1005520001 ns, Reaching safepoint: 1412000 ns, At safepoint: 54583 ns, Total: 1466583 ns
[2022-09-04T15:13:00.672+0000][1][safepoint    ] Safepoint "Cleanup", Time since last: 1002826958 ns, Reaching safepoint: 2432708 ns, At safepoint: 62750 ns, Total: 2495458 ns
[2022-09-04T15:13:01.680+0000][1][safepoint    ] Safepoint "Cleanup", Time since last: 1004925626 ns, Reaching safepoint: 2876541 ns, At safepoint: 118750 ns, Total: 2995291 ns
[2022-09-04T15:13:02.687+0000][1][safepoint    ] Safepoint "Cleanup", Time since last: 1005711376 ns, Reaching safepoint: 1282083 ns, At safepoint: 38542 ns, Total: 1320625 ns
[2022-09-04T15:13:03.696+0000][1][safepoint    ] Safepoint "Cleanup", Time since last: 1005831125 ns, Reaching safepoint: 3276167 ns, At safepoint: 81792 ns, Total: 3357959 ns
[2022-09-04T15:13:04.702+0000][1][safepoint    ] Safepoint "Cleanup", Time since last: 1004749542 ns, Reaching safepoint: 1055125 ns, At safepoint: 30625 ns, Total: 1085750 ns
[2022-09-04T15:13:05.705+0000][1][safepoint    ] Safepoint "Cleanup", Time since last: 1002106334 ns, Reaching safepoint: 1455291 ns, At safepoint: 50084 ns, Total: 1505375 ns
[2022-09-04T15:13:06.709+0000][1][safepoint    ] Safepoint "Cleanup", Time since last: 1002431958 ns, Reaching safepoint: 845625 ns, At safepoint: 26417 ns, Total: 872042 ns
[2022-09-04T15:13:07.713+0000][1][safepoint    ] Safepoint "Cleanup", Time since last: 1001746834 ns, Reaching safepoint: 2174708 ns, At safepoint: 68417 ns, Total: 2243125 ns
[2022-09-04T15:13:08.718+0000][1][safepoint    ] Safepoint "Cleanup", Time since last: 1004183542 ns, Reaching safepoint: 1141667 ns, At safepoint: 31875 ns, Total: 1173542 ns
[2022-09-04T15:13:09.723+0000][1][safepoint    ] Safepoint "Cleanup", Time since last: 1003792875 ns, Reaching safepoint: 931917 ns, At safepoint: 26875 ns, Total: 958792 ns
[2022-09-04T15:13:10.726+0000][1][safepoint    ] Safepoint "Cleanup", Time since last: 1002944375 ns, Reaching safepoint: 800250 ns, At safepoint: 23875 ns, Total: 824125 ns
[2022-09-04T15:13:11.732+0000][1][safepoint    ] Safepoint "Cleanup", Time since last: 1003030793 ns, Reaching safepoint: 2356625 ns, At safepoint: 104708 ns, Total: 2461333 ns
[2022-09-04T15:13:12.737+0000][1][safepoint    ] Safepoint "Cleanup", Time since last: 1004011875 ns, Reaching safepoint: 1051375 ns, At safepoint: 31167 ns, Total: 1082542 ns
[2022-09-04T15:13:13.743+0000][1][safepoint    ] Safepoint "Cleanup", Time since last: 1002997125 ns, Reaching safepoint: 2787875 ns, At safepoint: 124000 ns, Total: 2911875 ns
[2022-09-04T15:13:15.698+0000][1][safepoint    ] Safepoint "Cleanup", Time since last: 1953134376 ns, Reaching safepoint: 1908625 ns, At safepoint: 46750 ns, Total: 1955375 ns
[2022-09-04T15:13:16.703+0000][1][safepoint    ] Safepoint "Cleanup", Time since last: 1003287626 ns, Reaching safepoint: 1474542 ns, At safepoint: 42708 ns, Total: 1517250 ns
[2022-09-04T15:13:17.708+0000][1][safepoint    ] Safepoint "Cleanup", Time since last: 1002435584 ns, Reaching safepoint: 2447250 ns, At safepoint: 64875 ns, Total: 2512125 ns
[2022-09-04T15:13:18.712+0000][1][safepoint    ] Safepoint "Cleanup", Time since last: 1003573334 ns, Reaching safepoint: 920083 ns, At safepoint: 37958 ns, Total: 958041 ns
[2022-09-04T15:13:19.716+0000][1][safepoint    ] Safepoint "Cleanup", Time since last: 1002453001 ns, Reaching safepoint: 1487083 ns, At safepoint: 41833 ns, Total: 1528916 ns
[2022-09-04T15:13:20.719+0000][1][safepoint    ] Safepoint "Cleanup", Time since last: 1001957084 ns, Reaching safepoint: 1114000 ns, At safepoint: 33958 ns, Total: 1147958 ns
[2022-09-04T15:13:21.727+0000][1][safepoint    ] Safepoint "Cleanup", Time since last: 1003605584 ns, Reaching safepoint: 3357250 ns, At safepoint: 88709 ns, Total: 3445959 ns
[2022-09-04T15:13:22.735+0000][1][safepoint    ] Safepoint "Cleanup", Time since last: 1006152583 ns, Reaching safepoint: 2498417 ns, At safepoint: 115083 ns, Total: 2613500 ns
[2022-09-04T15:13:23.744+0000][1][safepoint    ] Safepoint "Cleanup", Time since last: 1004896543 ns, Reaching safepoint: 3353250 ns, At safepoint: 90541 ns, Total: 3443791 ns
[2022-09-04T15:13:24.751+0000][1][safepoint    ] Safepoint "Cleanup", Time since last: 1005429292 ns, Reaching safepoint: 2443250 ns, At safepoint: 61959 ns, Total: 2505209 ns
[2022-09-04T15:13:25.761+0000][1][safepoint    ] Safepoint "Cleanup", Time since last: 1006197875 ns, Reaching safepoint: 2948542 ns, At safepoint: 69667 ns, Total: 3018209 ns
[2022-09-04T15:13:26.767+0000][1][safepoint    ] Safepoint "Cleanup", Time since last: 1004665958 ns, Reaching safepoint: 1168709 ns, At safepoint: 37083 ns, Total: 1205792 ns
[2022-09-04T15:13:27.773+0000][1][safepoint    ] Safepoint "Cleanup", Time since last: 1004564834 ns, Reaching safepoint: 1507917 ns, At safepoint: 61375 ns, Total: 1569292 ns
[2022-09-04T15:13:28.778+0000][1][safepoint    ] Safepoint "Cleanup", Time since last: 1003638625 ns, Reaching safepoint: 1723125 ns, At safepoint: 59750 ns, Total: 1782875 ns
[2022-09-04T15:13:29.803+0000][1][safepoint    ] Safepoint "Cleanup", Time since last: 1024055292 ns, Reaching safepoint: 922458 ns, At safepoint: 25542 ns, Total: 948000 ns
[2022-09-04T15:13:30.807+0000][1][safepoint    ] Safepoint "Cleanup", Time since last: 1003926541 ns, Reaching safepoint: 888334 ns, At safepoint: 22375 ns, Total: 910709 ns
[2022-09-04T15:13:31.810+0000][1][safepoint    ] Safepoint "Cleanup", Time since last: 1001961333 ns, Reaching safepoint: 695250 ns, At safepoint: 19584 ns, Total: 714834 ns
[2022-09-04T15:13:32.812+0000][1][safepoint    ] Safepoint "Cleanup", Time since last: 1001499167 ns, Reaching safepoint: 676125 ns, At safepoint: 56625 ns, Total: 732750 ns
[2022-09-04T15:13:33.818+0000][1][safepoint    ] Safepoint "Cleanup", Time since last: 1004429625 ns, Reaching safepoint: 924125 ns, At safepoint: 23459 ns, Total: 947584 ns
[2022-09-04T15:13:34.822+0000][1][safepoint    ] Safepoint "Cleanup", Time since last: 1003363125 ns, Reaching safepoint: 969417 ns, At safepoint: 59417 ns, Total: 1028834 ns
[2022-09-04T15:13:35.830+0000][1][safepoint    ] Safepoint "Cleanup", Time since last: 1005338167 ns, Reaching safepoint: 2087000 ns, At safepoint: 93958 ns, Total: 2180958 ns
[2022-09-04T15:13:36.837+0000][1][safepoint    ] Safepoint "Cleanup", Time since last: 1006245792 ns, Reaching safepoint: 1309250 ns, At safepoint: 43125 ns, Total: 1352375 ns
[2022-09-04T15:13:37.842+0000][1][safepoint    ] Safepoint "Cleanup", Time since last: 1003737126 ns, Reaching safepoint: 1310666 ns, At safepoint: 72875 ns, Total: 1383541 ns
[2022-09-04T15:13:38.849+0000][1][safepoint    ] Safepoint "Cleanup", Time since last: 1004479334 ns, Reaching safepoint: 2350500 ns, At safepoint: 77458 ns, Total: 2427958 ns
[2022-09-04T15:13:39.855+0000][1][safepoint    ] Safepoint "Cleanup", Time since last: 1004643376 ns, Reaching safepoint: 907083 ns, At safepoint: 29875 ns, Total: 936958 ns
[2022-09-04T15:13:40.859+0000][1][safepoint    ] Safepoint "Cleanup", Time since last: 1002160167 ns, Reaching safepoint: 2180792 ns, At safepoint: 54542 ns, Total: 2235334 ns
[2022-09-04T15:13:41.868+0000][1][safepoint    ] Safepoint "Cleanup", Time since last: 1006624375 ns, Reaching safepoint: 1605875 ns, At safepoint: 42334 ns, Total: 1648209 ns
[2022-09-04T15:13:42.871+0000][1][safepoint    ] Safepoint "Cleanup", Time since last: 1002814792 ns, Reaching safepoint: 727083 ns, At safepoint: 23625 ns, Total: 750708 ns
[2022-09-04T15:13:43.875+0000][1][safepoint    ] Safepoint "Cleanup", Time since last: 1002148292 ns, Reaching safepoint: 1571875 ns, At safepoint: 59584 ns, Total: 1631459 ns
[2022-09-04T15:13:44.879+0000][1][safepoint    ] Safepoint "Cleanup", Time since last: 1003248875 ns, Reaching safepoint: 795083 ns, At safepoint: 24959 ns, Total: 820042 ns
[2022-09-04T15:13:46.400+0000][1][safepoint    ] Safepoint "Cleanup", Time since last: 1519607834 ns, Reaching safepoint: 1045000 ns, At safepoint: 29125 ns, Total: 1074125 ns
[2022-09-04T15:13:47.404+0000][1][safepoint    ] Safepoint "Cleanup", Time since last: 1001968584 ns, Reaching safepoint: 2354875 ns, At safepoint: 73083 ns, Total: 2427958 ns
[2022-09-04T15:13:48.410+0000][1][safepoint    ] Safepoint "Cleanup", Time since last: 1004906375 ns, Reaching safepoint: 964250 ns, At safepoint: 34000 ns, Total: 998250 ns
[2022-09-04T15:13:49.415+0000][1][safepoint    ] Safepoint "Cleanup", Time since last: 1002734334 ns, Reaching safepoint: 1998084 ns, At safepoint: 59166 ns, Total: 2057250 ns
[2022-09-04T15:13:50.421+0000][1][safepoint    ] Safepoint "Cleanup", Time since last: 1005070417 ns, Reaching safepoint: 982917 ns, At safepoint: 31625 ns, Total: 1014542 ns
[2022-09-04T15:13:51.430+0000][1][safepoint    ] Safepoint "Cleanup", Time since last: 1005281750 ns, Reaching safepoint: 3314792 ns, At safepoint: 92333 ns, Total: 3407125 ns
[2022-09-04T15:13:52.439+0000][1][safepoint    ] Safepoint "Cleanup", Time since last: 1009111209 ns, Reaching safepoint: 774209 ns, At safepoint: 25166 ns, Total: 799375 ns
[2022-09-04T15:13:53.445+0000][1][safepoint    ] Safepoint "Cleanup", Time since last: 1005162126 ns, Reaching safepoint: 731500 ns, At safepoint: 23333 ns, Total: 754833 ns
[2022-09-04T15:13:54.451+0000][1][safepoint    ] Safepoint "Cleanup", Time since last: 1004304167 ns, Reaching safepoint: 1357792 ns, At safepoint: 37917 ns, Total: 1395709 ns
[2022-09-04T15:13:55.458+0000][1][safepoint    ] Safepoint "Cleanup", Time since last: 1005504875 ns, Reaching safepoint: 1396042 ns, At safepoint: 40500 ns, Total: 1436542 ns
[2022-09-04T15:13:56.463+0000][1][safepoint    ] Safepoint "Cleanup", Time since last: 1004001750 ns, Reaching safepoint: 855375 ns, At safepoint: 26500 ns, Total: 881875 ns
[2022-09-04T15:13:57.467+0000][1][safepoint    ] Safepoint "Cleanup", Time since last: 1002945084 ns, Reaching safepoint: 1282125 ns, At safepoint: 39583 ns, Total: 1321708 ns
[2022-09-04T15:13:58.472+0000][1][safepoint    ] Safepoint "Cleanup", Time since last: 1003058501 ns, Reaching safepoint: 1422500 ns, At safepoint: 40375 ns, Total: 1462875 ns
[2022-09-04T15:13:59.482+0000][1][safepoint    ] Safepoint "Cleanup", Time since last: 1006856459 ns, Reaching safepoint: 3168166 ns, At safepoint: 96500 ns, Total: 3264666 ns
[2022-09-04T15:14:00.486+0000][1][safepoint    ] Safepoint "Cleanup", Time since last: 1004217833 ns, Reaching safepoint: 816209 ns, At safepoint: 26458 ns, Total: 842667 ns
[2022-09-04T15:14:01.491+0000][1][safepoint    ] Safepoint "Cleanup", Time since last: 1002510625 ns, Reaching safepoint: 2093750 ns, At safepoint: 65125 ns, Total: 2158875 ns
[2022-09-04T15:14:02.497+0000][1][safepoint    ] Safepoint "Cleanup", Time since last: 1004277334 ns, Reaching safepoint: 1410708 ns, At safepoint: 41667 ns, Total: 1452375 ns
[2022-09-04T15:14:03.501+0000][1][safepoint    ] Safepoint "Cleanup", Time since last: 1003427292 ns, Reaching safepoint: 1046625 ns, At safepoint: 41875 ns, Total: 1088500 ns
[2022-09-04T15:14:04.512+0000][1][safepoint    ] Safepoint "Cleanup", Time since last: 1008574917 ns, Reaching safepoint: 2259375 ns, At safepoint: 53209 ns, Total: 2312584 ns
[2022-09-04T15:14:05.520+0000][1][safepoint    ] Safepoint "Cleanup", Time since last: 1007033417 ns, Reaching safepoint: 802083 ns, At safepoint: 35042 ns, Total: 837125 ns
[2022-09-04T15:14:06.527+0000][1][safepoint    ] Safepoint "Cleanup", Time since last: 1005908167 ns, Reaching safepoint: 723625 ns, At safepoint: 24125 ns, Total: 747750 ns
[2022-09-04T15:14:07.532+0000][1][safepoint    ] Safepoint "Cleanup", Time since last: 1004782501 ns, Reaching safepoint: 1026916 ns, At safepoint: 26667 ns, Total: 1053583 ns
[2022-09-04T15:14:08.536+0000][1][safepoint    ] Safepoint "Cleanup", Time since last: 1001850667 ns, Reaching safepoint: 1132792 ns, At safepoint: 37166 ns, Total: 1169958 ns
[2022-09-04T15:14:09.541+0000][1][safepoint    ] Safepoint "Cleanup", Time since last: 1003591126 ns, Reaching safepoint: 1708791 ns, At safepoint: 114917 ns, Total: 1823708 ns
[2022-09-04T15:14:10.546+0000][1][safepoint    ] Safepoint "Cleanup", Time since last: 1002796917 ns, Reaching safepoint: 2398667 ns, At safepoint: 180458 ns, Total: 2579125 ns
[2022-09-04T15:14:11.554+0000][1][safepoint    ] Safepoint "Cleanup", Time since last: 1004625126 ns, Reaching safepoint: 3254333 ns, At safepoint: 108708 ns, Total: 3363041 ns
[2022-09-04T15:14:12.564+0000][1][safepoint    ] Safepoint "Cleanup", Time since last: 1007264334 ns, Reaching safepoint: 2506375 ns, At safepoint: 90167 ns, Total: 2596542 ns
[2022-09-04T15:14:14.555+0000][1][safepoint    ] Safepoint "Cleanup", Time since last: 1988571084 ns, Reaching safepoint: 1842875 ns, At safepoint: 74042 ns, Total: 1916917 ns
[2022-09-04T15:14:15.562+0000][1][safepoint    ] Safepoint "Cleanup", Time since last: 1006023250 ns, Reaching safepoint: 1241417 ns, At safepoint: 34083 ns, Total: 1275500 ns
[2022-09-04T15:14:16.572+0000][1][safepoint    ] Safepoint "Cleanup", Time since last: 1007494126 ns, Reaching safepoint: 2490500 ns, At safepoint: 216542 ns, Total: 2707042 ns
[2022-09-04T15:14:17.585+0000][1][safepoint    ] Safepoint "Cleanup", Time since last: 1010094792 ns, Reaching safepoint: 2567083 ns, At safepoint: 140625 ns, Total: 2707708 ns
[2022-09-04T15:14:18.595+0000][1][safepoint    ] Safepoint "Cleanup", Time since last: 1006662667 ns, Reaching safepoint: 3582542 ns, At safepoint: 157500 ns, Total: 3740042 ns
[2022-09-04T15:14:19.602+0000][1][safepoint    ] Safepoint "Cleanup", Time since last: 1005692334 ns, Reaching safepoint: 1108416 ns, At safepoint: 30667 ns, Total: 1139083 ns
[2022-09-04T15:14:20.606+0000][1][safepoint    ] Safepoint "Cleanup", Time since last: 1002545250 ns, Reaching safepoint: 1321292 ns, At safepoint: 66958 ns, Total: 1388250 ns
[2022-09-04T15:14:21.611+0000][1][safepoint    ] Safepoint "Cleanup", Time since last: 1003642584 ns, Reaching safepoint: 1119042 ns, At safepoint: 29458 ns, Total: 1148500 ns
[2022-09-04T15:14:22.615+0000][1][safepoint    ] Safepoint "Cleanup", Time since last: 1002338709 ns, Reaching safepoint: 1235958 ns, At safepoint: 44750 ns, Total: 1280708 ns
[2022-09-04T15:14:23.621+0000][1][safepoint    ] Safepoint "Cleanup", Time since last: 1002442668 ns, Reaching safepoint: 3804750 ns, At safepoint: 180625 ns, Total: 3985375 ns
[2022-09-04T15:14:24.626+0000][1][safepoint    ] Safepoint "Cleanup", Time since last: 1003146458 ns, Reaching safepoint: 1823375 ns, At safepoint: 83209 ns, Total: 1906584 ns
[2022-09-04T15:14:25.633+0000][1][safepoint    ] Safepoint "Cleanup", Time since last: 1004292167 ns, Reaching safepoint: 2529083 ns, At safepoint: 143875 ns, Total: 2672958 ns
[2022-09-04T15:14:26.640+0000][1][safepoint    ] Safepoint "Cleanup", Time since last: 1004355959 ns, Reaching safepoint: 3067875 ns, At safepoint: 87542 ns, Total: 3155417 ns
[2022-09-04T15:14:27.646+0000][1][safepoint    ] Safepoint "Cleanup", Time since last: 1003072292 ns, Reaching safepoint: 2661750 ns, At safepoint: 89000 ns, Total: 2750750 ns
[2022-09-04T15:14:28.655+0000][1][safepoint    ] Safepoint "Cleanup", Time since last: 1005507375 ns, Reaching safepoint: 2931875 ns, At safepoint: 90625 ns, Total: 3022500 ns
[2022-09-04T15:14:29.660+0000][1][safepoint    ] Safepoint "Cleanup", Time since last: 1004395917 ns, Reaching safepoint: 814000 ns, At safepoint: 23625 ns, Total: 837625 ns
[2022-09-04T15:14:30.662+0000][1][safepoint    ] Safepoint "Cleanup", Time since last: 1001540000 ns, Reaching safepoint: 1195917 ns, At safepoint: 29625 ns, Total: 1225542 ns
[2022-09-04T15:14:31.670+0000][1][safepoint    ] Safepoint "Cleanup", Time since last: 1006843667 ns, Reaching safepoint: 767417 ns, At safepoint: 24041 ns, Total: 791458 ns
[2022-09-04T15:14:32.674+0000][1][safepoint    ] Safepoint "Cleanup", Time since last: 1003292959 ns, Reaching safepoint: 862959 ns, At safepoint: 23833 ns, Total: 886792 ns
[2022-09-04T15:14:33.677+0000][1][safepoint    ] Safepoint "Cleanup", Time since last: 1002095917 ns, Reaching safepoint: 918708 ns, At safepoint: 26542 ns, Total: 945250 ns
[2022-09-04T15:14:34.681+0000][1][safepoint    ] Safepoint "Cleanup", Time since last: 1001751126 ns, Reaching safepoint: 1874041 ns, At safepoint: 57167 ns, Total: 1931208 ns
[2022-09-04T15:14:35.689+0000][1][safepoint    ] Safepoint "Cleanup", Time since last: 1005259917 ns, Reaching safepoint: 2552417 ns, At safepoint: 66375 ns, Total: 2618792 ns
[2022-09-04T15:14:36.693+0000][1][safepoint    ] Safepoint "Cleanup", Time since last: 1003681958 ns, Reaching safepoint: 801250 ns, At safepoint: 27042 ns, Total: 828292 ns
[2022-09-04T15:14:37.698+0000][1][safepoint    ] Safepoint "Cleanup", Time since last: 1002446751 ns, Reaching safepoint: 2189041 ns, At safepoint: 62500 ns, Total: 2251541 ns
[2022-09-04T15:14:38.703+0000][1][safepoint    ] Safepoint "Cleanup", Time since last: 1003482542 ns, Reaching safepoint: 1667709 ns, At safepoint: 50708 ns, Total: 1718417 ns
[2022-09-04T15:14:39.708+0000][1][safepoint    ] Safepoint "Cleanup", Time since last: 1004239459 ns, Reaching safepoint: 1102375 ns, At safepoint: 29875 ns, Total: 1132250 ns
[2022-09-04T15:14:40.712+0000][1][safepoint    ] Safepoint "Cleanup", Time since last: 1002914292 ns, Reaching safepoint: 1051958 ns, At safepoint: 28250 ns, Total: 1080208 ns
[2022-09-04T15:14:41.716+0000][1][safepoint    ] Safepoint "Cleanup", Time since last: 1002119959 ns, Reaching safepoint: 1245042 ns, At safepoint: 40583 ns, Total: 1285625 ns
[2022-09-04T15:14:42.720+0000][1][safepoint    ] Safepoint "Cleanup", Time since last: 1003239709 ns, Reaching safepoint: 1227583 ns, At safepoint: 31334 ns, Total: 1258917 ns
[2022-09-04T15:14:43.724+0000][1][safepoint    ] Safepoint "Cleanup", Time since last: 1002314917 ns, Reaching safepoint: 882458 ns, At safepoint: 26125 ns, Total: 908583 ns
[2022-09-04T15:14:44.727+0000][1][safepoint    ] Safepoint "Cleanup", Time since last: 1001883292 ns, Reaching safepoint: 1006334 ns, At safepoint: 25041 ns, Total: 1031375 ns
[2022-09-04T15:14:45.730+0000][1][safepoint    ] Safepoint "Cleanup", Time since last: 1002543542 ns, Reaching safepoint: 1316750 ns, At safepoint: 32875 ns, Total: 1349625 ns
[2022-09-04T15:14:46.735+0000][1][safepoint    ] Safepoint "Cleanup", Time since last: 1003105126 ns, Reaching safepoint: 1586208 ns, At safepoint: 38584 ns, Total: 1624792 ns
[2022-09-04T15:14:47.740+0000][1][safepoint    ] Safepoint "Cleanup", Time since last: 1003043125 ns, Reaching safepoint: 1523917 ns, At safepoint: 42625 ns, Total: 1566542 ns
[2022-09-04T15:14:48.745+0000][1][safepoint    ] Safepoint "Cleanup", Time since last: 1004168792 ns, Reaching safepoint: 1161500 ns, At safepoint: 49042 ns, Total: 1210542 ns
[2022-09-04T15:14:49.749+0000][1][safepoint    ] Safepoint "Cleanup", Time since last: 1002781042 ns, Reaching safepoint: 1286375 ns, At safepoint: 29833 ns, Total: 1316208 ns
[2022-09-04T15:14:50.753+0000][1][safepoint    ] Safepoint "Cleanup", Time since last: 1001859500 ns, Reaching safepoint: 1381167 ns, At safepoint: 40750 ns, Total: 1421917 ns
[2022-09-04T15:14:52.215+0000][1][safepoint    ] Safepoint "Cleanup", Time since last: 1461597376 ns, Reaching safepoint: 1244917 ns, At safepoint: 47500 ns, Total: 1292417 ns
[2022-09-04T15:14:53.218+0000][1][safepoint    ] Safepoint "Cleanup", Time since last: 1002067000 ns, Reaching safepoint: 721708 ns, At safepoint: 22709 ns, Total: 744417 ns
[2022-09-04T15:14:54.222+0000][1][safepoint    ] Safepoint "Cleanup", Time since last: 1001918500 ns, Reaching safepoint: 1571625 ns, At safepoint: 67750 ns, Total: 1639375 ns
[2022-09-04T15:14:55.230+0000][1][safepoint    ] Safepoint "Cleanup", Time since last: 1006582001 ns, Reaching safepoint: 1152458 ns, At safepoint: 29417 ns, Total: 1181875 ns
[2022-09-04T15:14:56.233+0000][1][safepoint    ] Safepoint "Cleanup", Time since last: 1002306125 ns, Reaching safepoint: 881417 ns, At safepoint: 27333 ns, Total: 908750 ns
[2022-09-04T15:14:57.236+0000][1][safepoint    ] Safepoint "Cleanup", Time since last: 1001806292 ns, Reaching safepoint: 1051167 ns, At safepoint: 35833 ns, Total: 1087000 ns
[2022-09-04T15:14:58.239+0000][1][safepoint    ] Safepoint "Cleanup", Time since last: 1002142001 ns, Reaching safepoint: 955916 ns, At safepoint: 28750 ns, Total: 984666 ns
[2022-09-04T15:14:59.242+0000][1][safepoint    ] Safepoint "Cleanup", Time since last: 1002260834 ns, Reaching safepoint: 1057209 ns, At safepoint: 30166 ns, Total: 1087375 ns
[2022-09-04T15:15:00.246+0000][1][safepoint    ] Safepoint "Cleanup", Time since last: 1001840042 ns, Reaching safepoint: 1673084 ns, At safepoint: 52958 ns, Total: 1726042 ns
[2022-09-04T15:15:01.250+0000][1][safepoint    ] Safepoint "Cleanup", Time since last: 1001965417 ns, Reaching safepoint: 2055166 ns, At safepoint: 65334 ns, Total: 2120500 ns
[2022-09-04T15:15:02.255+0000][1][safepoint    ] Safepoint "Cleanup", Time since last: 1003084083 ns, Reaching safepoint: 1798709 ns, At safepoint: 46583 ns, Total: 1845292 ns
[2022-09-04T15:15:03.261+0000][1][safepoint    ] Safepoint "Cleanup", Time since last: 1005265042 ns, Reaching safepoint: 1247208 ns, At safepoint: 29542 ns, Total: 1276750 ns
[2022-09-04T15:15:04.265+0000][1][safepoint    ] Safepoint "Cleanup", Time since last: 1002333667 ns, Reaching safepoint: 1911542 ns, At safepoint: 58708 ns, Total: 1970250 ns
[2022-09-04T15:15:05.272+0000][1][safepoint    ] Safepoint "Cleanup", Time since last: 1003953001 ns, Reaching safepoint: 2098000 ns, At safepoint: 64583 ns, Total: 2162583 ns
[2022-09-04T15:15:06.276+0000][1][safepoint    ] Safepoint "Cleanup", Time since last: 1003292542 ns, Reaching safepoint: 1037792 ns, At safepoint: 32167 ns, Total: 1069959 ns
[2022-09-04T15:15:07.279+0000][1][safepoint    ] Safepoint "Cleanup", Time since last: 1002622167 ns, Reaching safepoint: 978041 ns, At safepoint: 29959 ns, Total: 1008000 ns
[2022-09-04T15:15:08.283+0000][1][safepoint    ] Safepoint "Cleanup", Time since last: 1002944334 ns, Reaching safepoint: 778250 ns, At safepoint: 25375 ns, Total: 803625 ns
[2022-09-04T15:15:09.286+0000][1][safepoint    ] Safepoint "Cleanup", Time since last: 1002220583 ns, Reaching safepoint: 801625 ns, At safepoint: 26417 ns, Total: 828042 ns
[2022-09-04T15:15:10.290+0000][1][safepoint    ] Safepoint "Cleanup", Time since last: 1002374959 ns, Reaching safepoint: 1141250 ns, At safepoint: 58417 ns, Total: 1199667 ns
[2022-09-04T15:15:11.293+0000][1][safepoint    ] Safepoint "Cleanup", Time since last: 1001620500 ns, Reaching safepoint: 1782667 ns, At safepoint: 54833 ns, Total: 1837500 ns
[2022-09-04T15:15:12.298+0000][1][safepoint    ] Safepoint "Cleanup", Time since last: 1003669292 ns, Reaching safepoint: 1063542 ns, At safepoint: 59416 ns, Total: 1122958 ns
[2022-09-04T15:15:13.302+0000][1][safepoint    ] Safepoint "Cleanup", Time since last: 1003069668 ns, Reaching safepoint: 922208 ns, At safepoint: 26667 ns, Total: 948875 ns
[2022-09-04T15:15:14.307+0000][1][safepoint    ] Safepoint "Cleanup", Time since last: 1003743708 ns, Reaching safepoint: 744959 ns, At safepoint: 22416 ns, Total: 767375 ns
[2022-09-04T15:15:15.309+0000][1][safepoint    ] Safepoint "Cleanup", Time since last: 1001709959 ns, Reaching safepoint: 1030167 ns, At safepoint: 31792 ns, Total: 1061959 ns
[2022-09-04T15:15:16.312+0000][1][safepoint    ] Safepoint "Cleanup", Time since last: 1001638583 ns, Reaching safepoint: 1070584 ns, At safepoint: 172916 ns, Total: 1243500 ns
[2022-09-04T15:15:17.316+0000][1][safepoint    ] Safepoint "Cleanup", Time since last: 1002687751 ns, Reaching safepoint: 806792 ns, At safepoint: 21791 ns, Total: 828583 ns
[2022-09-04T15:15:18.321+0000][1][safepoint    ] Safepoint "Cleanup", Time since last: 1003902626 ns, Reaching safepoint: 956708 ns, At safepoint: 26375 ns, Total: 983083 ns
[2022-09-04T15:15:19.323+0000][1][safepoint    ] Safepoint "Cleanup", Time since last: 1001688917 ns, Reaching safepoint: 862750 ns, At safepoint: 30667 ns, Total: 893417 ns
[2022-09-04T15:15:20.326+0000][1][safepoint    ] Safepoint "Cleanup", Time since last: 1002035667 ns, Reaching safepoint: 1112083 ns, At safepoint: 51459 ns, Total: 1163542 ns
[2022-09-04T15:15:21.331+0000][1][safepoint    ] Safepoint "Cleanup", Time since last: 1003755000 ns, Reaching safepoint: 841208 ns, At safepoint: 29625 ns, Total: 870833 ns
[2022-09-04T15:15:22.334+0000][1][safepoint    ] Safepoint "Cleanup", Time since last: 1001781126 ns, Reaching safepoint: 851167 ns, At safepoint: 46291 ns, Total: 897458 ns
[2022-09-04T15:15:23.338+0000][1][safepoint    ] Safepoint "Cleanup", Time since last: 1003278084 ns, Reaching safepoint: 926167 ns, At safepoint: 24083 ns, Total: 950250 ns
[2022-09-04T15:15:24.340+0000][1][safepoint    ] Safepoint "Cleanup", Time since last: 1001719501 ns, Reaching safepoint: 736833 ns, At safepoint: 22167 ns, Total: 759000 ns
[2022-09-04T15:15:25.344+0000][1][safepoint    ] Safepoint "Cleanup", Time since last: 1001546500 ns, Reaching safepoint: 1534083 ns, At safepoint: 41250 ns, Total: 1575333 ns
[2022-09-04T15:15:26.347+0000][1][safepoint    ] Safepoint "Cleanup", Time since last: 1002841876 ns, Reaching safepoint: 817791 ns, At safepoint: 26250 ns, Total: 844041 ns
[2022-09-04T15:15:27.351+0000][1][safepoint    ] Safepoint "Cleanup", Time since last: 1003285418 ns, Reaching safepoint: 770458 ns, At safepoint: 24167 ns, Total: 794625 ns
[2022-09-04T15:15:28.354+0000][1][safepoint    ] Safepoint "Cleanup", Time since last: 1002119667 ns, Reaching safepoint: 812708 ns, At safepoint: 23458 ns, Total: 836166 ns
[2022-09-04T15:15:29.360+0000][1][safepoint    ] Safepoint "Cleanup", Time since last: 1004281043 ns, Reaching safepoint: 862416 ns, At safepoint: 29584 ns, Total: 892000 ns
[2022-09-04T15:15:30.362+0000][1][safepoint    ] Safepoint "Cleanup", Time since last: 1001517458 ns, Reaching safepoint: 1247709 ns, At safepoint: 37875 ns, Total: 1285584 ns
[2022-09-04T15:15:31.365+0000][1][safepoint    ] Safepoint "Cleanup", Time since last: 1002160666 ns, Reaching safepoint: 1159917 ns, At safepoint: 27292 ns, Total: 1187209 ns
[2022-09-04T15:15:32.368+0000][1][safepoint    ] Safepoint "Cleanup", Time since last: 1002011583 ns, Reaching safepoint: 1200584 ns, At safepoint: 54166 ns, Total: 1254750 ns
[2022-09-04T15:15:33.372+0000][1][safepoint    ] Safepoint "Cleanup", Time since last: 1003097543 ns, Reaching safepoint: 835416 ns, At safepoint: 23709 ns, Total: 859125 ns
[2022-09-04T15:15:34.377+0000][1][safepoint    ] Safepoint "Cleanup", Time since last: 1003486125 ns, Reaching safepoint: 828792 ns, At safepoint: 24625 ns, Total: 853417 ns
[2022-09-04T15:15:35.381+0000][1][safepoint    ] Safepoint "Cleanup", Time since last: 1003086000 ns, Reaching safepoint: 1150375 ns, At safepoint: 33667 ns, Total: 1184042 ns
[2022-09-04T15:15:36.385+0000][1][safepoint    ] Safepoint "Cleanup", Time since last: 1002762917 ns, Reaching safepoint: 1711667 ns, At safepoint: 52458 ns, Total: 1764125 ns
[2022-09-04T15:15:37.389+0000][1][safepoint    ] Safepoint "Cleanup", Time since last: 1002974500 ns, Reaching safepoint: 872167 ns, At safepoint: 25583 ns, Total: 897750 ns
[2022-09-04T15:15:38.393+0000][1][safepoint    ] Safepoint "Cleanup", Time since last: 1002146126 ns, Reaching safepoint: 1259625 ns, At safepoint: 37375 ns, Total: 1297000 ns
[2022-09-04T15:15:39.396+0000][1][safepoint    ] Safepoint "Cleanup", Time since last: 1002646084 ns, Reaching safepoint: 762166 ns, At safepoint: 26334 ns, Total: 788500 ns
[2022-09-04T15:15:40.400+0000][1][safepoint    ] Safepoint "Cleanup", Time since last: 1002945125 ns, Reaching safepoint: 1168334 ns, At safepoint: 32041 ns, Total: 1200375 ns
[2022-09-04T15:15:41.404+0000][1][safepoint    ] Safepoint "Cleanup", Time since last: 1001998917 ns, Reaching safepoint: 2058792 ns, At safepoint: 77417 ns, Total: 2136209 ns
[2022-09-04T15:15:42.409+0000][1][safepoint    ] Safepoint "Cleanup", Time since last: 1003839375 ns, Reaching safepoint: 960917 ns, At safepoint: 29000 ns, Total: 989917 ns
[2022-09-04T15:15:43.416+0000][1][safepoint    ] Safepoint "Cleanup", Time since last: 1006249959 ns, Reaching safepoint: 812541 ns, At safepoint: 23459 ns, Total: 836000 ns
[2022-09-04T15:15:44.424+0000][1][safepoint    ] Safepoint "Cleanup", Time since last: 1006784250 ns, Reaching safepoint: 1133833 ns, At safepoint: 36042 ns, Total: 1169875 ns
[2022-09-04T15:15:45.427+0000][1][safepoint    ] Safepoint "Cleanup", Time since last: 1002047584 ns, Reaching safepoint: 1017708 ns, At safepoint: 37459 ns, Total: 1055167 ns
[2022-09-04T15:15:46.432+0000][1][safepoint    ] Safepoint "Cleanup", Time since last: 1003499750 ns, Reaching safepoint: 1085292 ns, At safepoint: 43500 ns, Total: 1128792 ns
[2022-09-04T15:15:47.436+0000][1][safepoint    ] Safepoint "Cleanup", Time since last: 1003249917 ns, Reaching safepoint: 760917 ns, At safepoint: 28958 ns, Total: 789875 ns
[2022-09-04T15:15:48.440+0000][1][safepoint    ] Safepoint "Cleanup", Time since last: 1003018042 ns, Reaching safepoint: 1220583 ns, At safepoint: 69625 ns, Total: 1290208 ns
[2022-09-04T15:15:49.444+0000][1][safepoint    ] Safepoint "Cleanup", Time since last: 1002926126 ns, Reaching safepoint: 1029375 ns, At safepoint: 39875 ns, Total: 1069250 ns
[2022-09-04T15:15:50.449+0000][1][safepoint    ] Safepoint "Cleanup", Time since last: 1003498792 ns, Reaching safepoint: 724792 ns, At safepoint: 20500 ns, Total: 745292 ns
[2022-09-04T15:15:51.453+0000][1][safepoint    ] Safepoint "Cleanup", Time since last: 1002951625 ns, Reaching safepoint: 1048125 ns, At safepoint: 31375 ns, Total: 1079500 ns
[2022-09-04T15:15:52.460+0000][1][safepoint    ] Safepoint "Cleanup", Time since last: 1002474626 ns, Reaching safepoint: 4510500 ns, At safepoint: 187708 ns, Total: 4698208 ns
[2022-09-04T15:15:53.464+0000][1][safepoint    ] Safepoint "Cleanup", Time since last: 1003445500 ns, Reaching safepoint: 911042 ns, At safepoint: 26583 ns, Total: 937625 ns
[2022-09-04T15:15:54.469+0000][1][safepoint    ] Safepoint "Cleanup", Time since last: 1003965001 ns, Reaching safepoint: 824833 ns, At safepoint: 22167 ns, Total: 847000 ns
[2022-09-04T15:15:55.473+0000][1][safepoint    ] Safepoint "Cleanup", Time since last: 1003095500 ns, Reaching safepoint: 684959 ns, At safepoint: 20250 ns, Total: 705209 ns
[2022-09-04T15:15:56.476+0000][1][safepoint    ] Safepoint "Cleanup", Time since last: 1001523584 ns, Reaching safepoint: 1283791 ns, At safepoint: 34000 ns, Total: 1317791 ns
[2022-09-04T15:15:57.479+0000][1][safepoint    ] Safepoint "Cleanup", Time since last: 1002674834 ns, Reaching safepoint: 720875 ns, At safepoint: 22583 ns, Total: 743458 ns
[2022-09-04T15:15:58.482+0000][1][safepoint    ] Safepoint "Cleanup", Time since last: 1001827126 ns, Reaching safepoint: 1521833 ns, At safepoint: 43792 ns, Total: 1565625 ns
[2022-09-04T15:15:59.486+0000][1][safepoint    ] Safepoint "Cleanup", Time since last: 1002899709 ns, Reaching safepoint: 711833 ns, At safepoint: 23417 ns, Total: 735250 ns
[2022-09-04T15:16:00.490+0000][1][safepoint    ] Safepoint "Cleanup", Time since last: 1002090708 ns, Reaching safepoint: 1825000 ns, At safepoint: 62042 ns, Total: 1887042 ns
[2022-09-04T15:16:01.494+0000][1][safepoint    ] Safepoint "Cleanup", Time since last: 1003186833 ns, Reaching safepoint: 2375084 ns, At safepoint: 130583 ns, Total: 2505667 ns
[2022-09-04T15:16:02.502+0000][1][safepoint    ] Safepoint "Cleanup", Time since last: 1005178167 ns, Reaching safepoint: 2669500 ns, At safepoint: 89125 ns, Total: 2758625 ns
[2022-09-04T15:16:03.508+0000][1][safepoint    ] Safepoint "Cleanup", Time since last: 1004564334 ns, Reaching safepoint: 1002000 ns, At safepoint: 29083 ns, Total: 1031083 ns
[2022-09-04T15:16:04.513+0000][1][safepoint    ] Safepoint "Cleanup", Time since last: 1002314209 ns, Reaching safepoint: 2161917 ns, At safepoint: 72958 ns, Total: 2234875 ns
[2022-09-04T15:16:05.517+0000][1][safepoint    ] Safepoint "Cleanup", Time since last: 1003540084 ns, Reaching safepoint: 1000083 ns, At safepoint: 39334 ns, Total: 1039417 ns
[2022-09-04T15:16:06.523+0000][1][safepoint    ] Safepoint "Cleanup", Time since last: 1004187250 ns, Reaching safepoint: 1425625 ns, At safepoint: 51833 ns, Total: 1477458 ns
[2022-09-04T15:16:07.525+0000][1][safepoint    ] Safepoint "Cleanup", Time since last: 1001694376 ns, Reaching safepoint: 693708 ns, At safepoint: 21084 ns, Total: 714792 ns
[2022-09-04T15:16:08.530+0000][1][safepoint    ] Safepoint "Cleanup", Time since last: 1002474333 ns, Reaching safepoint: 2655125 ns, At safepoint: 94459 ns, Total: 2749584 ns
[2022-09-04T15:16:09.537+0000][1][safepoint    ] Safepoint "Cleanup", Time since last: 1005432292 ns, Reaching safepoint: 719041 ns, At safepoint: 21417 ns, Total: 740458 ns
[2022-09-04T15:16:10.540+0000][1][safepoint    ] Safepoint "Cleanup", Time since last: 1001901084 ns, Reaching safepoint: 1520000 ns, At safepoint: 100583 ns, Total: 1620583 ns
[2022-09-04T15:16:11.545+0000][1][safepoint    ] Safepoint "Cleanup", Time since last: 1002375959 ns, Reaching safepoint: 2248833 ns, At safepoint: 161375 ns, Total: 2410208 ns
[2022-09-04T15:16:12.552+0000][1][safepoint    ] Safepoint "Cleanup", Time since last: 1004734459 ns, Reaching safepoint: 2440084 ns, At safepoint: 76625 ns, Total: 2516709 ns
[2022-09-04T15:16:13.562+0000][1][safepoint    ] Safepoint "Cleanup", Time since last: 1008349917 ns, Reaching safepoint: 1234958 ns, At safepoint: 36292 ns, Total: 1271250 ns
[2022-09-04T15:16:14.569+0000][1][safepoint    ] Safepoint "Cleanup", Time since last: 1005597084 ns, Reaching safepoint: 1690291 ns, At safepoint: 47459 ns, Total: 1737750 ns
[2022-09-04T15:16:15.450+0000][1][gc,start     ] GC(21) Pause Young (Allocation Failure)
[2022-09-04T15:16:15.455+0000][1][gc,task      ] GC(21) Using 4 workers of 4 for evacuation
[2022-09-04T15:16:15.526+0000][1][gc,age       ] GC(21) Desired survivor size 8945664 bytes, new threshold 6 (max threshold 6)
[2022-09-04T15:16:15.528+0000][1][gc,age       ] GC(21) Age table with threshold 6 (max threshold 6)
[2022-09-04T15:16:15.529+0000][1][gc,age       ] GC(21) - age   1:      25824 bytes,      25824 total
[2022-09-04T15:16:15.531+0000][1][gc,age       ] GC(21) - age   2:      16440 bytes,      42264 total
[2022-09-04T15:16:15.532+0000][1][gc,age       ] GC(21) - age   3:       8872 bytes,      51136 total
[2022-09-04T15:16:15.533+0000][1][gc,age       ] GC(21) - age   4:      91520 bytes,     142656 total
[2022-09-04T15:16:15.534+0000][1][gc,age       ] GC(21) - age   5:     388368 bytes,     531024 total
[2022-09-04T15:16:15.536+0000][1][gc,age       ] GC(21) - age   6:    4944480 bytes,    5475504 total
[2022-09-04T15:16:15.540+0000][1][gc,heap      ] GC(21) ParNew: 146091K->6963K(157248K)
[2022-09-04T15:16:15.542+0000][1][gc,heap      ] GC(21) CMS: 61563K->61563K(349568K)
[2022-09-04T15:16:15.543+0000][1][gc,metaspace ] GC(21) Metaspace: 83019K->83019K(1126400K)
[2022-09-04T15:16:15.546+0000][1][gc           ] GC(21) Pause Young (Allocation Failure) 202M->66M(494M) 96.463ms
[2022-09-04T15:16:15.547+0000][1][gc,cpu       ] GC(21) User=0.18s Sys=0.04s Real=0.10s
[2022-09-04T15:16:15.548+0000][1][safepoint    ] Safepoint "GenCollectForAllocation", Time since last: 878650000 ns, Reaching safepoint: 1117750 ns, At safepoint: 99682875 ns, Total: 100800625 ns
[2022-09-04T15:16:16.556+0000][1][safepoint    ] Safepoint "Cleanup", Time since last: 1003120334 ns, Reaching safepoint: 4034833 ns, At safepoint: 104708 ns, Total: 4139541 ns
[2022-09-04T15:16:17.562+0000][1][safepoint    ] Safepoint "Cleanup", Time since last: 1004478376 ns, Reaching safepoint: 1337208 ns, At safepoint: 116125 ns, Total: 1453333 ns
[2022-09-04T15:16:18.568+0000][1][safepoint    ] Safepoint "Cleanup", Time since last: 1004240667 ns, Reaching safepoint: 1569709 ns, At safepoint: 43458 ns, Total: 1613167 ns
[2022-09-04T15:16:19.573+0000][1][safepoint    ] Safepoint "Cleanup", Time since last: 1003723959 ns, Reaching safepoint: 1453542 ns, At safepoint: 42333 ns, Total: 1495875 ns
[2022-09-04T15:16:20.578+0000][1][safepoint    ] Safepoint "Cleanup", Time since last: 1003021625 ns, Reaching safepoint: 1981167 ns, At safepoint: 85208 ns, Total: 2066375 ns
[2022-09-04T15:16:21.585+0000][1][safepoint    ] Safepoint "Cleanup", Time since last: 1003824293 ns, Reaching safepoint: 3081791 ns, At safepoint: 89959 ns, Total: 3171750 ns
[2022-09-04T15:16:22.597+0000][1][safepoint    ] Safepoint "Cleanup", Time since last: 1008027417 ns, Reaching safepoint: 3716375 ns, At safepoint: 97916 ns, Total: 3814291 ns
[2022-09-04T15:16:23.606+0000][1][safepoint    ] Safepoint "Cleanup", Time since last: 1005800084 ns, Reaching safepoint: 2972250 ns, At safepoint: 63334 ns, Total: 3035584 ns
[2022-09-04T15:16:24.613+0000][1][safepoint    ] Safepoint "Cleanup", Time since last: 1004599167 ns, Reaching safepoint: 2763375 ns, At safepoint: 63416 ns, Total: 2826791 ns
[2022-09-04T15:16:25.627+0000][1][safepoint    ] Safepoint "Cleanup", Time since last: 1011329459 ns, Reaching safepoint: 2546333 ns, At safepoint: 90917 ns, Total: 2637250 ns
[2022-09-04T15:16:26.631+0000][1][safepoint    ] Safepoint "Cleanup", Time since last: 1003057209 ns, Reaching safepoint: 1140208 ns, At safepoint: 61167 ns, Total: 1201375 ns
[2022-09-04T15:16:27.634+0000][1][safepoint    ] Safepoint "Cleanup", Time since last: 1002030834 ns, Reaching safepoint: 1195750 ns, At safepoint: 35666 ns, Total: 1231416 ns
[2022-09-04T15:16:28.641+0000][1][safepoint    ] Safepoint "Cleanup", Time since last: 1003612209 ns, Reaching safepoint: 2948375 ns, At safepoint: 79542 ns, Total: 3027917 ns
[2022-09-04T15:16:29.649+0000][1][safepoint    ] Safepoint "Cleanup", Time since last: 1006799334 ns, Reaching safepoint: 1521125 ns, At safepoint: 43333 ns, Total: 1564458 ns
[2022-09-04T15:16:30.659+0000][1][safepoint    ] Safepoint "Cleanup", Time since last: 1005238625 ns, Reaching safepoint: 3864250 ns, At safepoint: 172709 ns, Total: 4036959 ns
[2022-09-04T15:16:31.669+0000][1][safepoint    ] Safepoint "Cleanup", Time since last: 1006159208 ns, Reaching safepoint: 3108959 ns, At safepoint: 121541 ns, Total: 3230500 ns
[2022-09-04T15:16:32.677+0000][1][safepoint    ] Safepoint "Cleanup", Time since last: 1007881709 ns, Reaching safepoint: 1027875 ns, At safepoint: 30875 ns, Total: 1058750 ns
[2022-09-04T15:16:33.684+0000][1][safepoint    ] Safepoint "Cleanup", Time since last: 1002806917 ns, Reaching safepoint: 3111750 ns, At safepoint: 132792 ns, Total: 3244542 ns
[2022-09-04T15:16:34.691+0000][1][safepoint    ] Safepoint "Cleanup", Time since last: 1006366917 ns, Reaching safepoint: 817875 ns, At safepoint: 26750 ns, Total: 844625 ns
[2022-09-04T15:16:35.696+0000][1][safepoint    ] Safepoint "Cleanup", Time since last: 1002001001 ns, Reaching safepoint: 2676333 ns, At safepoint: 106167 ns, Total: 2782500 ns
[2022-09-04T15:16:36.703+0000][1][safepoint    ] Safepoint "Cleanup", Time since last: 1004987917 ns, Reaching safepoint: 2458708 ns, At safepoint: 75083 ns, Total: 2533791 ns
[2022-09-04T15:16:37.708+0000][1][safepoint    ] Safepoint "Cleanup", Time since last: 1004090834 ns, Reaching safepoint: 1272334 ns, At safepoint: 42000 ns, Total: 1314334 ns
[2022-09-04T15:16:38.713+0000][1][safepoint    ] Safepoint "Cleanup", Time since last: 1004028542 ns, Reaching safepoint: 998708 ns, At safepoint: 35042 ns, Total: 1033750 ns
[2022-09-04T15:16:39.732+0000][1][safepoint    ] Safepoint "Cleanup", Time since last: 1016552292 ns, Reaching safepoint: 2036125 ns, At safepoint: 70000 ns, Total: 2106125 ns
[2022-09-04T15:16:40.737+0000][1][safepoint    ] Safepoint "Cleanup", Time since last: 1003683250 ns, Reaching safepoint: 1121917 ns, At safepoint: 45875 ns, Total: 1167792 ns
[2022-09-04T15:16:41.752+0000][1][safepoint    ] Safepoint "Cleanup", Time since last: 1013995709 ns, Reaching safepoint: 1107708 ns, At safepoint: 33375 ns, Total: 1141083 ns
[2022-09-04T15:16:42.761+0000][1][safepoint    ] Safepoint "Cleanup", Time since last: 1008011209 ns, Reaching safepoint: 738167 ns, At safepoint: 25958 ns, Total: 764125 ns
[2022-09-04T15:16:43.773+0000][1][safepoint    ] Safepoint "Cleanup", Time since last: 1010726959 ns, Reaching safepoint: 1162250 ns, At safepoint: 32500 ns, Total: 1194750 ns
[2022-09-04T15:16:44.805+0000][1][safepoint    ] Safepoint "Cleanup", Time since last: 1030854375 ns, Reaching safepoint: 899167 ns, At safepoint: 26250 ns, Total: 925417 ns
[2022-09-04T15:16:45.808+0000][1][safepoint    ] Safepoint "Cleanup", Time since last: 1002383042 ns, Reaching safepoint: 922333 ns, At safepoint: 49459 ns, Total: 971792 ns
[2022-09-04T15:16:46.810+0000][1][safepoint    ] Safepoint "Cleanup", Time since last: 1001634500 ns, Reaching safepoint: 709584 ns, At safepoint: 23583 ns, Total: 733167 ns
[2022-09-04T15:16:47.813+0000][1][safepoint    ] Safepoint "Cleanup", Time since last: 1001542084 ns, Reaching safepoint: 762041 ns, At safepoint: 23667 ns, Total: 785708 ns
[2022-09-04T15:16:48.818+0000][1][safepoint    ] Safepoint "Cleanup", Time since last: 1003190209 ns, Reaching safepoint: 1827333 ns, At safepoint: 53667 ns, Total: 1881000 ns
[2022-09-04T15:16:49.822+0000][1][safepoint    ] Safepoint "Cleanup", Time since last: 1003228000 ns, Reaching safepoint: 887000 ns, At safepoint: 32042 ns, Total: 919042 ns
[2022-09-04T15:16:50.824+0000][1][safepoint    ] Safepoint "Cleanup", Time since last: 1001626584 ns, Reaching safepoint: 819292 ns, At safepoint: 24291 ns, Total: 843583 ns
[2022-09-04T15:16:51.828+0000][1][safepoint    ] Safepoint "Cleanup", Time since last: 1002634584 ns, Reaching safepoint: 953042 ns, At safepoint: 30791 ns, Total: 983833 ns
[2022-09-04T15:16:52.831+0000][1][safepoint    ] Safepoint "Cleanup", Time since last: 1002275876 ns, Reaching safepoint: 735250 ns, At safepoint: 23250 ns, Total: 758500 ns
[2022-09-04T15:16:53.836+0000][1][safepoint    ] Safepoint "Cleanup", Time since last: 1002672834 ns, Reaching safepoint: 2263666 ns, At safepoint: 67417 ns, Total: 2331083 ns
[2022-09-04T15:16:54.840+0000][1][safepoint    ] Safepoint "Cleanup", Time since last: 1003162959 ns, Reaching safepoint: 1143625 ns, At safepoint: 31291 ns, Total: 1174916 ns
[2022-09-04T15:16:55.844+0000][1][safepoint    ] Safepoint "Cleanup", Time since last: 1002255459 ns, Reaching safepoint: 1653542 ns, At safepoint: 69333 ns, Total: 1722875 ns
[2022-09-04T15:16:56.848+0000][1][safepoint    ] Safepoint "Cleanup", Time since last: 1003149667 ns, Reaching safepoint: 866042 ns, At safepoint: 26667 ns, Total: 892709 ns
[2022-09-04T15:16:57.851+0000][1][safepoint    ] Safepoint "Cleanup", Time since last: 1001591209 ns, Reaching safepoint: 796333 ns, At safepoint: 23625 ns, Total: 819958 ns
[2022-09-04T15:16:58.854+0000][1][safepoint    ] Safepoint "Cleanup", Time since last: 1002211167 ns, Reaching safepoint: 869958 ns, At safepoint: 27250 ns, Total: 897208 ns
[2022-09-04T15:16:59.857+0000][1][safepoint    ] Safepoint "Cleanup", Time since last: 1002602084 ns, Reaching safepoint: 779875 ns, At safepoint: 21875 ns, Total: 801750 ns
[2022-09-04T15:17:00.860+0000][1][safepoint    ] Safepoint "Cleanup", Time since last: 1002586375 ns, Reaching safepoint: 958209 ns, At safepoint: 27416 ns, Total: 985625 ns
[2022-09-04T15:17:01.863+0000][1][safepoint    ] Safepoint "Cleanup", Time since last: 1002006876 ns, Reaching safepoint: 1172166 ns, At safepoint: 38959 ns, Total: 1211125 ns
[2022-09-04T15:17:02.867+0000][1][safepoint    ] Safepoint "Cleanup", Time since last: 1002506250 ns, Reaching safepoint: 1303375 ns, At safepoint: 33167 ns, Total: 1336542 ns
[2022-09-04T15:17:03.918+0000][1][safepoint    ] Safepoint "Cleanup", Time since last: 1049661709 ns, Reaching safepoint: 796583 ns, At safepoint: 26083 ns, Total: 822666 ns
[2022-09-04T15:17:04.920+0000][1][safepoint    ] Safepoint "Cleanup", Time since last: 1001535001 ns, Reaching safepoint: 727750 ns, At safepoint: 20583 ns, Total: 748333 ns
[2022-09-04T15:17:05.925+0000][1][safepoint    ] Safepoint "Cleanup", Time since last: 1003648001 ns, Reaching safepoint: 851250 ns, At safepoint: 26666 ns, Total: 877916 ns
[2022-09-04T15:17:06.929+0000][1][safepoint    ] Safepoint "Cleanup", Time since last: 1002690293 ns, Reaching safepoint: 1910666 ns, At safepoint: 110292 ns, Total: 2020958 ns
[2022-09-04T15:17:07.934+0000][1][safepoint    ] Safepoint "Cleanup", Time since last: 1003405542 ns, Reaching safepoint: 812417 ns, At safepoint: 24208 ns, Total: 836625 ns
[2022-09-04T15:17:08.939+0000][1][safepoint    ] Safepoint "Cleanup", Time since last: 1002669376 ns, Reaching safepoint: 2384916 ns, At safepoint: 60542 ns, Total: 2445458 ns
[2022-09-04T15:17:09.943+0000][1][safepoint    ] Safepoint "Cleanup", Time since last: 1003226500 ns, Reaching safepoint: 731959 ns, At safepoint: 21500 ns, Total: 753459 ns
[2022-09-04T15:17:10.946+0000][1][safepoint    ] Safepoint "Cleanup", Time since last: 1002312125 ns, Reaching safepoint: 721708 ns, At safepoint: 26584 ns, Total: 748292 ns
[2022-09-04T15:17:11.948+0000][1][safepoint    ] Safepoint "Cleanup", Time since last: 1001491375 ns, Reaching safepoint: 725250 ns, At safepoint: 53334 ns, Total: 778584 ns
[2022-09-04T15:17:12.954+0000][1][safepoint    ] Safepoint "Cleanup", Time since last: 1005705208 ns, Reaching safepoint: 804167 ns, At safepoint: 30292 ns, Total: 834459 ns
[2022-09-04T15:17:13.960+0000][1][safepoint    ] Safepoint "Cleanup", Time since last: 1003503375 ns, Reaching safepoint: 2296042 ns, At safepoint: 56042 ns, Total: 2352084 ns
[2022-09-04T15:17:14.968+0000][1][safepoint    ] Safepoint "Cleanup", Time since last: 1004493125 ns, Reaching safepoint: 2764000 ns, At safepoint: 121292 ns, Total: 2885292 ns
[2022-09-04T15:17:15.973+0000][1][safepoint    ] Safepoint "Cleanup", Time since last: 1004128667 ns, Reaching safepoint: 1299458 ns, At safepoint: 26334 ns, Total: 1325792 ns
[2022-09-04T15:17:16.979+0000][1][safepoint    ] Safepoint "Cleanup", Time since last: 1002400750 ns, Reaching safepoint: 3525625 ns, At safepoint: 91125 ns, Total: 3616750 ns
[2022-09-04T15:17:17.986+0000][1][safepoint    ] Safepoint "Cleanup", Time since last: 1005996417 ns, Reaching safepoint: 965792 ns, At safepoint: 51500 ns, Total: 1017292 ns
[2022-09-04T15:17:18.992+0000][1][safepoint    ] Safepoint "Cleanup", Time since last: 1002251125 ns, Reaching safepoint: 3152667 ns, At safepoint: 87208 ns, Total: 3239875 ns
[2022-09-04T15:17:19.999+0000][1][safepoint    ] Safepoint "Cleanup", Time since last: 1004830667 ns, Reaching safepoint: 1942459 ns, At safepoint: 71000 ns, Total: 2013459 ns
[2022-09-04T15:17:21.011+0000][1][safepoint    ] Safepoint "Cleanup", Time since last: 1010568417 ns, Reaching safepoint: 1443208 ns, At safepoint: 119834 ns, Total: 1563042 ns
[2022-09-04T15:17:22.014+0000][1][safepoint    ] Safepoint "Cleanup", Time since last: 1001978417 ns, Reaching safepoint: 1013791 ns, At safepoint: 66750 ns, Total: 1080541 ns
[2022-09-04T15:17:23.018+0000][1][safepoint    ] Safepoint "Cleanup", Time since last: 1003120626 ns, Reaching safepoint: 745375 ns, At safepoint: 25167 ns, Total: 770542 ns
[2022-09-04T15:17:24.022+0000][1][safepoint    ] Safepoint "Cleanup", Time since last: 1001826167 ns, Reaching safepoint: 2273625 ns, At safepoint: 115875 ns, Total: 2389500 ns
[2022-09-04T15:17:25.030+0000][1][safepoint    ] Safepoint "Cleanup", Time since last: 1005768000 ns, Reaching safepoint: 1805084 ns, At safepoint: 55875 ns, Total: 1860959 ns
[2022-09-04T15:17:26.033+0000][1][safepoint    ] Safepoint "Cleanup", Time since last: 1002857208 ns, Reaching safepoint: 850792 ns, At safepoint: 28208 ns, Total: 879000 ns
[2022-09-04T15:17:27.039+0000][1][safepoint    ] Safepoint "Cleanup", Time since last: 1002912667 ns, Reaching safepoint: 3144667 ns, At safepoint: 103458 ns, Total: 3248125 ns
[2022-09-04T15:17:28.046+0000][1][safepoint    ] Safepoint "Cleanup", Time since last: 1005960876 ns, Reaching safepoint: 783125 ns, At safepoint: 22167 ns, Total: 805292 ns
[2022-09-04T15:17:29.052+0000][1][safepoint    ] Safepoint "Cleanup", Time since last: 1002556208 ns, Reaching safepoint: 2723292 ns, At safepoint: 92917 ns, Total: 2816209 ns
[2022-09-04T15:17:30.059+0000][1][safepoint    ] Safepoint "Cleanup", Time since last: 1006103084 ns, Reaching safepoint: 988208 ns, At safepoint: 27042 ns, Total: 1015250 ns
[2022-09-04T15:17:31.067+0000][1][safepoint    ] Safepoint "Cleanup", Time since last: 1006588416 ns, Reaching safepoint: 1768250 ns, At safepoint: 49625 ns, Total: 1817875 ns
[2022-09-04T15:17:32.073+0000][1][safepoint    ] Safepoint "Cleanup", Time since last: 1005101834 ns, Reaching safepoint: 1434833 ns, At safepoint: 46542 ns, Total: 1481375 ns
[2022-09-04T15:17:33.080+0000][1][safepoint    ] Safepoint "Cleanup", Time since last: 1005730834 ns, Reaching safepoint: 837916 ns, At safepoint: 22875 ns, Total: 860791 ns
[2022-09-04T15:17:34.084+0000][1][safepoint    ] Safepoint "Cleanup", Time since last: 1002524209 ns, Reaching safepoint: 1165875 ns, At safepoint: 59542 ns, Total: 1225417 ns
[2022-09-04T15:17:35.090+0000][1][safepoint    ] Safepoint "Cleanup", Time since last: 1003493167 ns, Reaching safepoint: 3160750 ns, At safepoint: 103125 ns, Total: 3263875 ns
[2022-09-04T15:17:36.096+0000][1][safepoint    ] Safepoint "Cleanup", Time since last: 1004269334 ns, Reaching safepoint: 1202208 ns, At safepoint: 30334 ns, Total: 1232542 ns
[2022-09-04T15:17:37.100+0000][1][safepoint    ] Safepoint "Cleanup", Time since last: 1001967833 ns, Reaching safepoint: 1522792 ns, At safepoint: 48917 ns, Total: 1571709 ns
[2022-09-04T15:17:38.103+0000][1][safepoint    ] Safepoint "Cleanup", Time since last: 1003032167 ns, Reaching safepoint: 807708 ns, At safepoint: 24208 ns, Total: 831916 ns
[2022-09-04T15:17:39.108+0000][1][safepoint    ] Safepoint "Cleanup", Time since last: 1003230209 ns, Reaching safepoint: 1643875 ns, At safepoint: 41667 ns, Total: 1685542 ns
[2022-09-04T15:17:40.112+0000][1][safepoint    ] Safepoint "Cleanup", Time since last: 1003160459 ns, Reaching safepoint: 917875 ns, At safepoint: 27083 ns, Total: 944958 ns
[2022-09-04T15:17:41.116+0000][1][safepoint    ] Safepoint "Cleanup", Time since last: 1002104667 ns, Reaching safepoint: 1338042 ns, At safepoint: 41458 ns, Total: 1379500 ns
[2022-09-04T15:17:42.120+0000][1][safepoint    ] Safepoint "Cleanup", Time since last: 1003454542 ns, Reaching safepoint: 1026125 ns, At safepoint: 33334 ns, Total: 1059459 ns
[2022-09-04T15:17:44.049+0000][1][safepoint    ] Safepoint "Cleanup", Time since last: 1927761501 ns, Reaching safepoint: 782958 ns, At safepoint: 24458 ns, Total: 807416 ns
[2022-09-04T15:17:45.053+0000][1][safepoint    ] Safepoint "Cleanup", Time since last: 1002296417 ns, Reaching safepoint: 1983084 ns, At safepoint: 70541 ns, Total: 2053625 ns
[2022-09-04T15:17:46.060+0000][1][safepoint    ] Safepoint "Cleanup", Time since last: 1005632293 ns, Reaching safepoint: 768125 ns, At safepoint: 20875 ns, Total: 789000 ns
[2022-09-04T15:17:47.066+0000][1][safepoint    ] Safepoint "Cleanup", Time since last: 1002478292 ns, Reaching safepoint: 3263750 ns, At safepoint: 100125 ns, Total: 3363875 ns
[2022-09-04T15:17:48.074+0000][1][safepoint    ] Safepoint "Cleanup", Time since last: 1007856500 ns, Reaching safepoint: 684792 ns, At safepoint: 23417 ns, Total: 708209 ns
[2022-09-04T15:17:49.077+0000][1][safepoint    ] Safepoint "Cleanup", Time since last: 1001938458 ns, Reaching safepoint: 1355334 ns, At safepoint: 43250 ns, Total: 1398584 ns
[2022-09-04T15:17:50.083+0000][1][safepoint    ] Safepoint "Cleanup", Time since last: 1004478084 ns, Reaching safepoint: 1402500 ns, At safepoint: 39625 ns, Total: 1442125 ns
[2022-09-04T15:17:51.088+0000][1][safepoint    ] Safepoint "Cleanup", Time since last: 1003110167 ns, Reaching safepoint: 1729875 ns, At safepoint: 46000 ns, Total: 1775875 ns
[2022-09-04T15:17:52.095+0000][1][safepoint    ] Safepoint "Cleanup", Time since last: 1005172542 ns, Reaching safepoint: 1955416 ns, At safepoint: 68500 ns, Total: 2023916 ns
[2022-09-04T15:17:53.101+0000][1][safepoint    ] Safepoint "Cleanup", Time since last: 1005026459 ns, Reaching safepoint: 950250 ns, At safepoint: 28834 ns, Total: 979084 ns
[2022-09-04T15:17:54.106+0000][1][safepoint    ] Safepoint "Cleanup", Time since last: 1003621583 ns, Reaching safepoint: 1369417 ns, At safepoint: 42083 ns, Total: 1411500 ns
[2022-09-04T15:17:55.113+0000][1][safepoint    ] Safepoint "Cleanup", Time since last: 1003066459 ns, Reaching safepoint: 3335875 ns, At safepoint: 78459 ns, Total: 3414334 ns
[2022-09-04T15:17:56.119+0000][1][safepoint    ] Safepoint "Cleanup", Time since last: 1005292333 ns, Reaching safepoint: 1090459 ns, At safepoint: 27958 ns, Total: 1118417 ns
[2022-09-04T15:17:57.124+0000][1][safepoint    ] Safepoint "Cleanup", Time since last: 1001971334 ns, Reaching safepoint: 2354833 ns, At safepoint: 63250 ns, Total: 2418083 ns
[2022-09-04T15:17:58.130+0000][1][safepoint    ] Safepoint "Cleanup", Time since last: 1006074417 ns, Reaching safepoint: 682625 ns, At safepoint: 22042 ns, Total: 704667 ns
[2022-09-04T15:17:59.133+0000][1][safepoint    ] Safepoint "Cleanup", Time since last: 1001728084 ns, Reaching safepoint: 1078708 ns, At safepoint: 36917 ns, Total: 1115625 ns
[2022-09-04T15:18:00.136+0000][1][safepoint    ] Safepoint "Cleanup", Time since last: 1002080334 ns, Reaching safepoint: 790958 ns, At safepoint: 28083 ns, Total: 819041 ns
[2022-09-04T15:18:01.139+0000][1][safepoint    ] Safepoint "Cleanup", Time since last: 1001841750 ns, Reaching safepoint: 877291 ns, At safepoint: 27417 ns, Total: 904708 ns
[2022-09-04T15:18:02.142+0000][1][safepoint    ] Safepoint "Cleanup", Time since last: 1001658126 ns, Reaching safepoint: 1511500 ns, At safepoint: 47458 ns, Total: 1558958 ns
[2022-09-04T15:18:03.148+0000][1][safepoint    ] Safepoint "Cleanup", Time since last: 1005349000 ns, Reaching safepoint: 974000 ns, At safepoint: 41375 ns, Total: 1015375 ns
[2022-09-04T15:18:04.152+0000][1][safepoint    ] Safepoint "Cleanup", Time since last: 1003058001 ns, Reaching safepoint: 935792 ns, At safepoint: 71875 ns, Total: 1007667 ns
[2022-09-04T15:18:05.156+0000][1][safepoint    ] Safepoint "Cleanup", Time since last: 1001815792 ns, Reaching safepoint: 1571250 ns, At safepoint: 39458 ns, Total: 1610708 ns
[2022-09-04T15:18:06.164+0000][1][safepoint    ] Safepoint "Cleanup", Time since last: 1007750501 ns, Reaching safepoint: 892875 ns, At safepoint: 29500 ns, Total: 922375 ns
[2022-09-04T15:18:07.171+0000][1][safepoint    ] Safepoint "Cleanup", Time since last: 1003475708 ns, Reaching safepoint: 2537542 ns, At safepoint: 82417 ns, Total: 2619959 ns
[2022-09-04T15:18:08.177+0000][1][safepoint    ] Safepoint "Cleanup", Time since last: 1006303458 ns, Reaching safepoint: 719084 ns, At safepoint: 21541 ns, Total: 740625 ns
[2022-09-04T15:18:09.183+0000][1][safepoint    ] Safepoint "Cleanup", Time since last: 1004182168 ns, Reaching safepoint: 1027208 ns, At safepoint: 28625 ns, Total: 1055833 ns
[2022-09-04T15:18:10.191+0000][1][safepoint    ] Safepoint "Cleanup", Time since last: 1006828959 ns, Reaching safepoint: 970666 ns, At safepoint: 31125 ns, Total: 1001791 ns
[2022-09-04T15:18:11.196+0000][1][safepoint    ] Safepoint "Cleanup", Time since last: 1003483334 ns, Reaching safepoint: 1432875 ns, At safepoint: 38125 ns, Total: 1471000 ns
[2022-09-04T15:18:12.200+0000][1][safepoint    ] Safepoint "Cleanup", Time since last: 1003140626 ns, Reaching safepoint: 1290041 ns, At safepoint: 39542 ns, Total: 1329583 ns
[2022-09-04T15:18:13.206+0000][1][safepoint    ] Safepoint "Cleanup", Time since last: 1005171917 ns, Reaching safepoint: 840500 ns, At safepoint: 28167 ns, Total: 868667 ns
[2022-09-04T15:18:14.209+0000][1][safepoint    ] Safepoint "Cleanup", Time since last: 1002390750 ns, Reaching safepoint: 915625 ns, At safepoint: 28250 ns, Total: 943875 ns
[2022-09-04T15:18:15.214+0000][1][safepoint    ] Safepoint "Cleanup", Time since last: 1002451334 ns, Reaching safepoint: 2253334 ns, At safepoint: 69250 ns, Total: 2322584 ns
[2022-09-04T15:18:16.220+0000][1][safepoint    ] Safepoint "Cleanup", Time since last: 1005115250 ns, Reaching safepoint: 1170792 ns, At safepoint: 35750 ns, Total: 1206542 ns
[2022-09-04T15:18:17.226+0000][1][safepoint    ] Safepoint "Cleanup", Time since last: 1003801583 ns, Reaching safepoint: 1364750 ns, At safepoint: 41875 ns, Total: 1406625 ns
[2022-09-04T15:18:18.233+0000][1][safepoint    ] Safepoint "Cleanup", Time since last: 1006036001 ns, Reaching safepoint: 897833 ns, At safepoint: 26750 ns, Total: 924583 ns
[2022-09-04T15:18:19.236+0000][1][safepoint    ] Safepoint "Cleanup", Time since last: 1002192292 ns, Reaching safepoint: 953875 ns, At safepoint: 25292 ns, Total: 979167 ns
[2022-09-04T15:18:20.239+0000][1][safepoint    ] Safepoint "Cleanup", Time since last: 1002295334 ns, Reaching safepoint: 950125 ns, At safepoint: 27333 ns, Total: 977458 ns
[2022-09-04T15:18:21.243+0000][1][safepoint    ] Safepoint "Cleanup", Time since last: 1002603334 ns, Reaching safepoint: 846708 ns, At safepoint: 20417 ns, Total: 867125 ns
[2022-09-04T15:18:22.250+0000][1][safepoint    ] Safepoint "Cleanup", Time since last: 1002614251 ns, Reaching safepoint: 4449250 ns, At safepoint: 82625 ns, Total: 4531875 ns
[2022-09-04T15:18:23.255+0000][1][safepoint    ] Safepoint "Cleanup", Time since last: 1003906333 ns, Reaching safepoint: 958250 ns, At safepoint: 42209 ns, Total: 1000459 ns
[2022-09-04T15:18:24.257+0000][1][safepoint    ] Safepoint "Cleanup", Time since last: 1001336042 ns, Reaching safepoint: 843666 ns, At safepoint: 89292 ns, Total: 932958 ns
[2022-09-04T15:18:25.260+0000][1][safepoint    ] Safepoint "Cleanup", Time since last: 1002080709 ns, Reaching safepoint: 879458 ns, At safepoint: 35500 ns, Total: 914958 ns
[2022-09-04T15:18:26.263+0000][1][safepoint    ] Safepoint "Cleanup", Time since last: 1001990501 ns, Reaching safepoint: 866333 ns, At safepoint: 79167 ns, Total: 945500 ns
[2022-09-04T15:18:27.266+0000][1][safepoint    ] Safepoint "Cleanup", Time since last: 1002088750 ns, Reaching safepoint: 741334 ns, At safepoint: 22625 ns, Total: 763959 ns
[2022-09-04T15:18:28.268+0000][1][safepoint    ] Safepoint "Cleanup", Time since last: 1001087583 ns, Reaching safepoint: 1294417 ns, At safepoint: 54083 ns, Total: 1348500 ns
[2022-09-04T15:18:29.272+0000][1][safepoint    ] Safepoint "Cleanup", Time since last: 1001692459 ns, Reaching safepoint: 1842334 ns, At safepoint: 26208 ns, Total: 1868542 ns
[2022-09-04T15:18:31.242+0000][1][safepoint    ] Safepoint "Cleanup", Time since last: 1968948042 ns, Reaching safepoint: 1494000 ns, At safepoint: 150125 ns, Total: 1644125 ns
[2022-09-04T15:18:32.245+0000][1][safepoint    ] Safepoint "Cleanup", Time since last: 1001584000 ns, Reaching safepoint: 1112792 ns, At safepoint: 138250 ns, Total: 1251042 ns
[2022-09-04T15:18:32.816+0000][1][safepoint    ] Safepoint "RevokeBias", Time since last: 569592000 ns, Reaching safepoint: 717875 ns, At safepoint: 1541625 ns, Total: 2259500 ns
[2022-09-04T15:18:32.822+0000][1][safepoint    ] Safepoint "RevokeBias", Time since last: 5305209 ns, Reaching safepoint: 485458 ns, At safepoint: 79833 ns, Total: 565291 ns
[2022-09-04T15:18:32.955+0000][1][safepoint    ] Safepoint "RevokeBias", Time since last: 131303917 ns, Reaching safepoint: 966042 ns, At safepoint: 166625 ns, Total: 1132667 ns
[2022-09-04T15:18:32.961+0000][1][safepoint    ] Safepoint "RevokeBias", Time since last: 5701333 ns, Reaching safepoint: 526000 ns, At safepoint: 87000 ns, Total: 613000 ns
[2022-09-04T15:18:33.969+0000][1][safepoint    ] Safepoint "Cleanup", Time since last: 1001372625 ns, Reaching safepoint: 5972209 ns, At safepoint: 266833 ns, Total: 6239042 ns
[2022-09-04T15:18:34.021+0000][1][safepoint    ] Safepoint "RevokeBias", Time since last: 50395292 ns, Reaching safepoint: 881750 ns, At safepoint: 1257375 ns, Total: 2139125 ns
[2022-09-04T15:18:34.429+0000][1][safepoint    ] Safepoint "RevokeBias", Time since last: 397710542 ns, Reaching safepoint: 9492666 ns, At safepoint: 517584 ns, Total: 10010250 ns
[2022-09-04T15:18:34.658+0000][1][safepoint    ] Safepoint "RevokeBias", Time since last: 228310916 ns, Reaching safepoint: 789667 ns, At safepoint: 125125 ns, Total: 914792 ns
[2022-09-04T15:18:34.805+0000][1][safepoint    ] Safepoint "RevokeBias", Time since last: 145467667 ns, Reaching safepoint: 1237500 ns, At safepoint: 101250 ns, Total: 1338750 ns
[2022-09-04T15:18:35.058+0000][1][safepoint    ] Safepoint "RevokeBias", Time since last: 251403125 ns, Reaching safepoint: 1069542 ns, At safepoint: 170583 ns, Total: 1240125 ns
[2022-09-04T15:18:35.061+0000][1][safepoint    ] Safepoint "RevokeBias", Time since last: 2560458 ns, Reaching safepoint: 706542 ns, At safepoint: 113958 ns, Total: 820500 ns
[2022-09-04T15:18:35.071+0000][1][safepoint    ] Safepoint "RevokeBias", Time since last: 9398500 ns, Reaching safepoint: 673334 ns, At safepoint: 104791 ns, Total: 778125 ns
[2022-09-04T15:18:35.224+0000][1][safepoint    ] Safepoint "RevokeBias", Time since last: 151468709 ns, Reaching safepoint: 758708 ns, At safepoint: 630667 ns, Total: 1389375 ns
[2022-09-04T15:18:35.240+0000][1][safepoint    ] Safepoint "RevokeBias", Time since last: 15204375 ns, Reaching safepoint: 827416 ns, At safepoint: 112334 ns, Total: 939750 ns
[2022-09-04T15:18:35.246+0000][1][safepoint    ] Safepoint "RevokeBias", Time since last: 5192166 ns, Reaching safepoint: 661709 ns, At safepoint: 95416 ns, Total: 757125 ns
[2022-09-04T15:18:35.259+0000][1][safepoint    ] Safepoint "RevokeBias", Time since last: 12583167 ns, Reaching safepoint: 585375 ns, At safepoint: 116042 ns, Total: 701417 ns
[2022-09-04T15:18:35.274+0000][1][safepoint    ] Safepoint "RevokeBias", Time since last: 13779666 ns, Reaching safepoint: 703417 ns, At safepoint: 100708 ns, Total: 804125 ns
[2022-09-04T15:18:35.277+0000][1][safepoint    ] Safepoint "RevokeBias", Time since last: 2431084 ns, Reaching safepoint: 535416 ns, At safepoint: 89917 ns, Total: 625333 ns
[2022-09-04T15:18:35.320+0000][1][safepoint    ] Safepoint "RevokeBias", Time since last: 42460042 ns, Reaching safepoint: 664375 ns, At safepoint: 139375 ns, Total: 803750 ns
[2022-09-04T15:18:35.330+0000][1][safepoint    ] Safepoint "RevokeBias", Time since last: 8618875 ns, Reaching safepoint: 538750 ns, At safepoint: 125250 ns, Total: 664000 ns
[2022-09-04T15:18:35.339+0000][1][safepoint    ] Safepoint "RevokeBias", Time since last: 7873625 ns, Reaching safepoint: 1086333 ns, At safepoint: 520208 ns, Total: 1606541 ns
[2022-09-04T15:18:35.343+0000][1][safepoint    ] Safepoint "RevokeBias", Time since last: 3083000 ns, Reaching safepoint: 866084 ns, At safepoint: 443458 ns, Total: 1309542 ns
[2022-09-04T15:18:35.356+0000][1][safepoint    ] Safepoint "RevokeBias", Time since last: 11024000 ns, Reaching safepoint: 945958 ns, At safepoint: 92042 ns, Total: 1038000 ns
[2022-09-04T15:18:35.388+0000][1][safepoint    ] Safepoint "RevokeBias", Time since last: 31320792 ns, Reaching safepoint: 1038541 ns, At safepoint: 135875 ns, Total: 1174416 ns
[2022-09-04T15:18:35.392+0000][1][safepoint    ] Safepoint "RevokeBias", Time since last: 2858417 ns, Reaching safepoint: 1141583 ns, At safepoint: 90542 ns, Total: 1232125 ns
[2022-09-04T15:18:35.407+0000][1][safepoint    ] Safepoint "RevokeBias", Time since last: 14316250 ns, Reaching safepoint: 842625 ns, At safepoint: 130375 ns, Total: 973000 ns
[2022-09-04T15:18:35.458+0000][1][safepoint    ] Safepoint "RevokeBias", Time since last: 50072084 ns, Reaching safepoint: 737083 ns, At safepoint: 109250 ns, Total: 846333 ns
[2022-09-04T15:18:35.463+0000][1][safepoint    ] Safepoint "RevokeBias", Time since last: 3739958 ns, Reaching safepoint: 793250 ns, At safepoint: 94292 ns, Total: 887542 ns
[2022-09-04T15:18:35.471+0000][1][safepoint    ] Safepoint "RevokeBias", Time since last: 7315083 ns, Reaching safepoint: 849709 ns, At safepoint: 105000 ns, Total: 954709 ns
[2022-09-04T15:18:35.475+0000][1][safepoint    ] Safepoint "RevokeBias", Time since last: 3280958 ns, Reaching safepoint: 632125 ns, At safepoint: 90875 ns, Total: 723000 ns
[2022-09-04T15:18:35.647+0000][1][safepoint    ] Safepoint "RevokeBias", Time since last: 171294208 ns, Reaching safepoint: 793875 ns, At safepoint: 91750 ns, Total: 885625 ns
[2022-09-04T15:18:35.650+0000][1][safepoint    ] Safepoint "RevokeBias", Time since last: 2287959 ns, Reaching safepoint: 511958 ns, At safepoint: 74833 ns, Total: 586791 ns
[2022-09-04T15:18:35.712+0000][1][safepoint    ] Safepoint "RevokeBias", Time since last: 61075417 ns, Reaching safepoint: 532458 ns, At safepoint: 94125 ns, Total: 626583 ns
[2022-09-04T15:18:35.718+0000][1][safepoint    ] Safepoint "RevokeBias", Time since last: 4830625 ns, Reaching safepoint: 661125 ns, At safepoint: 113459 ns, Total: 774584 ns
[2022-09-04T15:18:35.727+0000][1][safepoint    ] Safepoint "RevokeBias", Time since last: 8770458 ns, Reaching safepoint: 1015208 ns, At safepoint: 114917 ns, Total: 1130125 ns
[2022-09-04T15:18:36.077+0000][1][safepoint    ] Safepoint "RevokeBias", Time since last: 348757958 ns, Reaching safepoint: 1100584 ns, At safepoint: 122375 ns, Total: 1222959 ns
[2022-09-04T15:18:37.083+0000][1][safepoint    ] Safepoint "Cleanup", Time since last: 1002806084 ns, Reaching safepoint: 2651000 ns, At safepoint: 181583 ns, Total: 2832583 ns
[2022-09-04T15:18:38.089+0000][1][safepoint    ] Safepoint "Cleanup", Time since last: 1005051459 ns, Reaching safepoint: 1221291 ns, At safepoint: 44084 ns, Total: 1265375 ns
[2022-09-04T15:18:39.095+0000][1][safepoint    ] Safepoint "Cleanup", Time since last: 1003837209 ns, Reaching safepoint: 1589583 ns, At safepoint: 54417 ns, Total: 1644000 ns
[2022-09-04T15:18:40.099+0000][1][safepoint    ] Safepoint "Cleanup", Time since last: 1003163542 ns, Reaching safepoint: 847000 ns, At safepoint: 36166 ns, Total: 883166 ns
[2022-09-04T15:18:41.104+0000][1][safepoint    ] Safepoint "Cleanup", Time since last: 1002186543 ns, Reaching safepoint: 3165750 ns, At safepoint: 93708 ns, Total: 3259458 ns
[2022-09-04T15:18:42.115+0000][1][safepoint    ] Safepoint "Cleanup", Time since last: 1009784292 ns, Reaching safepoint: 943292 ns, At safepoint: 35500 ns, Total: 978792 ns
[2022-09-04T15:18:43.119+0000][1][safepoint    ] Safepoint "Cleanup", Time since last: 1002658709 ns, Reaching safepoint: 706041 ns, At safepoint: 21834 ns, Total: 727875 ns
[2022-09-04T15:18:44.122+0000][1][safepoint    ] Safepoint "Cleanup", Time since last: 1001965750 ns, Reaching safepoint: 1535042 ns, At safepoint: 46500 ns, Total: 1581542 ns
[2022-09-04T15:18:45.127+0000][1][safepoint    ] Safepoint "Cleanup", Time since last: 1003182750 ns, Reaching safepoint: 1940083 ns, At safepoint: 57542 ns, Total: 1997625 ns
[2022-09-04T15:18:46.133+0000][1][safepoint    ] Safepoint "Cleanup", Time since last: 1004723126 ns, Reaching safepoint: 892708 ns, At safepoint: 26458 ns, Total: 919166 ns
[2022-09-04T15:18:47.138+0000][1][safepoint    ] Safepoint "Cleanup", Time since last: 1002717876 ns, Reaching safepoint: 2292083 ns, At safepoint: 64417 ns, Total: 2356500 ns
[2022-09-04T15:18:48.148+0000][1][safepoint    ] Safepoint "Cleanup", Time since last: 1008985709 ns, Reaching safepoint: 713625 ns, At safepoint: 22041 ns, Total: 735666 ns
[2022-09-04T15:18:49.152+0000][1][safepoint    ] Safepoint "Cleanup", Time since last: 1003734667 ns, Reaching safepoint: 761125 ns, At safepoint: 22167 ns, Total: 783292 ns
[2022-09-04T15:18:50.156+0000][1][safepoint    ] Safepoint "Cleanup", Time since last: 1002566209 ns, Reaching safepoint: 810250 ns, At safepoint: 25917 ns, Total: 836167 ns
[2022-09-04T15:18:51.164+0000][1][safepoint    ] Safepoint "Cleanup", Time since last: 1006718083 ns, Reaching safepoint: 1192334 ns, At safepoint: 35458 ns, Total: 1227792 ns
[2022-09-04T15:18:52.167+0000][1][safepoint    ] Safepoint "Cleanup", Time since last: 1001981667 ns, Reaching safepoint: 1544958 ns, At safepoint: 46417 ns, Total: 1591375 ns
[2022-09-04T15:18:53.171+0000][1][safepoint    ] Safepoint "Cleanup", Time since last: 1003304417 ns, Reaching safepoint: 730959 ns, At safepoint: 21500 ns, Total: 752459 ns
[2022-09-04T15:18:54.141+0000][1][safepoint    ] Safepoint "RevokeBias", Time since last: 968864292 ns, Reaching safepoint: 730750 ns, At safepoint: 106958 ns, Total: 837708 ns
[2022-09-04T15:18:54.145+0000][1][safepoint    ] Safepoint "RevokeBias", Time since last: 3046208 ns, Reaching safepoint: 471959 ns, At safepoint: 100083 ns, Total: 572042 ns
[2022-09-04T15:18:54.159+0000][1][safepoint    ] Safepoint "RevokeBias", Time since last: 12990042 ns, Reaching safepoint: 1093083 ns, At safepoint: 340167 ns, Total: 1433250 ns
[2022-09-04T15:18:54.172+0000][1][safepoint    ] Safepoint "RevokeBias", Time since last: 12279583 ns, Reaching safepoint: 935125 ns, At safepoint: 104083 ns, Total: 1039208 ns
[2022-09-04T15:18:54.219+0000][1][safepoint    ] Safepoint "RevokeBias", Time since last: 45780959 ns, Reaching safepoint: 612875 ns, At safepoint: 119416 ns, Total: 732291 ns
[2022-09-04T15:18:54.229+0000][1][safepoint    ] Safepoint "RevokeBias", Time since last: 8820292 ns, Reaching safepoint: 898292 ns, At safepoint: 100250 ns, Total: 998542 ns
[2022-09-04T15:18:55.235+0000][1][safepoint    ] Safepoint "Cleanup", Time since last: 1002248167 ns, Reaching safepoint: 4281417 ns, At safepoint: 169500 ns, Total: 4450917 ns
[2022-09-04T15:18:56.242+0000][1][safepoint    ] Safepoint "Cleanup", Time since last: 1005175625 ns, Reaching safepoint: 1289542 ns, At safepoint: 38208 ns, Total: 1327750 ns
[2022-09-04T15:18:57.245+0000][1][safepoint    ] Safepoint "Cleanup", Time since last: 1001787542 ns, Reaching safepoint: 952125 ns, At safepoint: 26084 ns, Total: 978209 ns
[2022-09-04T15:18:58.248+0000][1][safepoint    ] Safepoint "Cleanup", Time since last: 1002331875 ns, Reaching safepoint: 1232958 ns, At safepoint: 38959 ns, Total: 1271917 ns
[2022-09-04T15:18:59.252+0000][1][safepoint    ] Safepoint "Cleanup", Time since last: 1002530917 ns, Reaching safepoint: 1423625 ns, At safepoint: 35958 ns, Total: 1459583 ns
[2022-09-04T15:19:00.256+0000][1][safepoint    ] Safepoint "Cleanup", Time since last: 1002487792 ns, Reaching safepoint: 830500 ns, At safepoint: 25375 ns, Total: 855875 ns
[2022-09-04T15:19:01.259+0000][1][safepoint    ] Safepoint "Cleanup", Time since last: 1003066792 ns, Reaching safepoint: 995708 ns, At safepoint: 25708 ns, Total: 1021416 ns
[2022-09-04T15:19:02.263+0000][1][safepoint    ] Safepoint "Cleanup", Time since last: 1002732709 ns, Reaching safepoint: 1105000 ns, At safepoint: 30083 ns, Total: 1135083 ns
[2022-09-04T15:19:03.267+0000][1][safepoint    ] Safepoint "Cleanup", Time since last: 1003213459 ns, Reaching safepoint: 808083 ns, At safepoint: 23125 ns, Total: 831208 ns
[2022-09-04T15:19:04.056+0000][1][safepoint    ] Safepoint "RevokeBias", Time since last: 787474876 ns, Reaching safepoint: 1244458 ns, At safepoint: 143292 ns, Total: 1387750 ns
[2022-09-04T15:19:04.061+0000][1][safepoint    ] Safepoint "RevokeBias", Time since last: 2776750 ns, Reaching safepoint: 1758500 ns, At safepoint: 125708 ns, Total: 1884208 ns
[2022-09-04T15:19:05.066+0000][1][safepoint    ] Safepoint "Cleanup", Time since last: 1004119459 ns, Reaching safepoint: 1176458 ns, At safepoint: 27000 ns, Total: 1203458 ns
[2022-09-04T15:19:06.070+0000][1][safepoint    ] Safepoint "Cleanup", Time since last: 1003139167 ns, Reaching safepoint: 1162667 ns, At safepoint: 34000 ns, Total: 1196667 ns
[2022-09-04T15:19:07.075+0000][1][safepoint    ] Safepoint "Cleanup", Time since last: 1002103084 ns, Reaching safepoint: 2667833 ns, At safepoint: 94459 ns, Total: 2762292 ns
[2022-09-04T15:19:08.083+0000][1][safepoint    ] Safepoint "Cleanup", Time since last: 1007114375 ns, Reaching safepoint: 834833 ns, At safepoint: 25000 ns, Total: 859833 ns
[2022-09-04T15:19:09.086+0000][1][safepoint    ] Safepoint "Cleanup", Time since last: 1001818084 ns, Reaching safepoint: 1263709 ns, At safepoint: 28625 ns, Total: 1292334 ns
[2022-09-04T15:19:10.090+0000][1][safepoint    ] Safepoint "Cleanup", Time since last: 1002173792 ns, Reaching safepoint: 1212083 ns, At safepoint: 33167 ns, Total: 1245250 ns
[2022-09-04T15:19:11.093+0000][1][safepoint    ] Safepoint "Cleanup", Time since last: 1002468042 ns, Reaching safepoint: 954208 ns, At safepoint: 26209 ns, Total: 980417 ns
[2022-09-04T15:19:12.096+0000][1][safepoint    ] Safepoint "Cleanup", Time since last: 1001896333 ns, Reaching safepoint: 758167 ns, At safepoint: 21083 ns, Total: 779250 ns
[2022-09-04T15:19:13.098+0000][1][safepoint    ] Safepoint "Cleanup", Time since last: 1001787626 ns, Reaching safepoint: 704750 ns, At safepoint: 25542 ns, Total: 730292 ns
[2022-09-04T15:19:14.102+0000][1][safepoint    ] Safepoint "Cleanup", Time since last: 1002483083 ns, Reaching safepoint: 756000 ns, At safepoint: 24875 ns, Total: 780875 ns
[2022-09-04T15:19:15.105+0000][1][safepoint    ] Safepoint "Cleanup", Time since last: 1002548167 ns, Reaching safepoint: 775292 ns, At safepoint: 23833 ns, Total: 799125 ns
[2022-09-04T15:19:16.107+0000][1][safepoint    ] Safepoint "Cleanup", Time since last: 1001474751 ns, Reaching safepoint: 870917 ns, At safepoint: 26708 ns, Total: 897625 ns
[2022-09-04T15:19:17.117+0000][1][safepoint    ] Safepoint "Cleanup", Time since last: 1004860375 ns, Reaching safepoint: 4482250 ns, At safepoint: 91000 ns, Total: 4573250 ns
[2022-09-04T15:19:18.122+0000][1][safepoint    ] Safepoint "Cleanup", Time since last: 1004660459 ns, Reaching safepoint: 736625 ns, At safepoint: 26500 ns, Total: 763125 ns
[2022-09-04T15:19:19.126+0000][1][safepoint    ] Safepoint "Cleanup", Time since last: 1002618042 ns, Reaching safepoint: 827375 ns, At safepoint: 26167 ns, Total: 853542 ns
[2022-09-04T15:19:20.130+0000][1][safepoint    ] Safepoint "Cleanup", Time since last: 1003562126 ns, Reaching safepoint: 873041 ns, At safepoint: 29792 ns, Total: 902833 ns
[2022-09-04T15:19:21.135+0000][1][safepoint    ] Safepoint "Cleanup", Time since last: 1003546875 ns, Reaching safepoint: 1403334 ns, At safepoint: 44000 ns, Total: 1447334 ns
[2022-09-04T15:19:22.138+0000][1][safepoint    ] Safepoint "Cleanup", Time since last: 1002485417 ns, Reaching safepoint: 929333 ns, At safepoint: 24625 ns, Total: 953958 ns
[2022-09-04T15:19:23.145+0000][1][safepoint    ] Safepoint "Cleanup", Time since last: 1005451292 ns, Reaching safepoint: 750334 ns, At safepoint: 24208 ns, Total: 774542 ns
[2022-09-04T15:19:24.148+0000][1][safepoint    ] Safepoint "Cleanup", Time since last: 1002365334 ns, Reaching safepoint: 762625 ns, At safepoint: 22750 ns, Total: 785375 ns
[2022-09-04T15:19:25.151+0000][1][safepoint    ] Safepoint "Cleanup", Time since last: 1001920792 ns, Reaching safepoint: 739875 ns, At safepoint: 22458 ns, Total: 762333 ns
[2022-09-04T15:19:26.155+0000][1][safepoint    ] Safepoint "Cleanup", Time since last: 1003634209 ns, Reaching safepoint: 778750 ns, At safepoint: 24875 ns, Total: 803625 ns
[2022-09-04T15:19:27.159+0000][1][safepoint    ] Safepoint "Cleanup", Time since last: 1002979501 ns, Reaching safepoint: 1324166 ns, At safepoint: 67667 ns, Total: 1391833 ns
[2022-09-04T15:19:28.164+0000][1][safepoint    ] Safepoint "Cleanup", Time since last: 1003207959 ns, Reaching safepoint: 936416 ns, At safepoint: 28167 ns, Total: 964583 ns
[2022-09-04T15:19:29.167+0000][1][safepoint    ] Safepoint "Cleanup", Time since last: 1002438959 ns, Reaching safepoint: 870125 ns, At safepoint: 27167 ns, Total: 897292 ns
[2022-09-04T15:19:30.171+0000][1][safepoint    ] Safepoint "Cleanup", Time since last: 1002973542 ns, Reaching safepoint: 823833 ns, At safepoint: 23625 ns, Total: 847458 ns
[2022-09-04T15:19:31.177+0000][1][safepoint    ] Safepoint "Cleanup", Time since last: 1003956166 ns, Reaching safepoint: 2478542 ns, At safepoint: 157083 ns, Total: 2635625 ns
[2022-09-04T15:19:32.190+0000][1][safepoint    ] Safepoint "Cleanup", Time since last: 1009600751 ns, Reaching safepoint: 3303666 ns, At safepoint: 299959 ns, Total: 3603625 ns
[2022-09-04T15:19:33.198+0000][1][safepoint    ] Safepoint "Cleanup", Time since last: 1006923042 ns, Reaching safepoint: 783083 ns, At safepoint: 24125 ns, Total: 807208 ns
[2022-09-04T15:19:34.202+0000][1][safepoint    ] Safepoint "Cleanup", Time since last: 1003147417 ns, Reaching safepoint: 1419125 ns, At safepoint: 38834 ns, Total: 1457959 ns
[2022-09-04T15:19:35.206+0000][1][safepoint    ] Safepoint "Cleanup", Time since last: 1002312250 ns, Reaching safepoint: 1144292 ns, At safepoint: 65500 ns, Total: 1209792 ns
[2022-09-04T15:19:36.210+0000][1][safepoint    ] Safepoint "Cleanup", Time since last: 1003178917 ns, Reaching safepoint: 696292 ns, At safepoint: 21500 ns, Total: 717792 ns
[2022-09-04T15:19:37.213+0000][1][safepoint    ] Safepoint "Cleanup", Time since last: 1001731625 ns, Reaching safepoint: 1068458 ns, At safepoint: 33250 ns, Total: 1101708 ns
[2022-09-04T15:19:38.216+0000][1][safepoint    ] Safepoint "Cleanup", Time since last: 1002895834 ns, Reaching safepoint: 737875 ns, At safepoint: 21125 ns, Total: 759000 ns
[2022-09-04T15:19:39.220+0000][1][safepoint    ] Safepoint "Cleanup", Time since last: 1003209626 ns, Reaching safepoint: 764208 ns, At safepoint: 21833 ns, Total: 786041 ns
[2022-09-04T15:19:40.223+0000][1][safepoint    ] Safepoint "Cleanup", Time since last: 1001922751 ns, Reaching safepoint: 860708 ns, At safepoint: 25333 ns, Total: 886041 ns
[2022-09-04T15:19:41.227+0000][1][safepoint    ] Safepoint "Cleanup", Time since last: 1002313876 ns, Reaching safepoint: 1422458 ns, At safepoint: 74667 ns, Total: 1497125 ns
[2022-09-04T15:19:42.232+0000][1][safepoint    ] Safepoint "Cleanup", Time since last: 1002919042 ns, Reaching safepoint: 2222708 ns, At safepoint: 135542 ns, Total: 2358250 ns
[2022-09-04T15:19:43.238+0000][1][safepoint    ] Safepoint "Cleanup", Time since last: 1005174792 ns, Reaching safepoint: 817459 ns, At safepoint: 23666 ns, Total: 841125 ns
[2022-09-04T15:19:44.241+0000][1][safepoint    ] Safepoint "Cleanup", Time since last: 1001654876 ns, Reaching safepoint: 1410333 ns, At safepoint: 31333 ns, Total: 1441666 ns
[2022-09-04T15:19:45.245+0000][1][safepoint    ] Safepoint "Cleanup", Time since last: 1002617084 ns, Reaching safepoint: 1082375 ns, At safepoint: 29917 ns, Total: 1112292 ns
[2022-09-04T15:19:46.249+0000][1][safepoint    ] Safepoint "Cleanup", Time since last: 1002408084 ns, Reaching safepoint: 1294875 ns, At safepoint: 66083 ns, Total: 1360958 ns
[2022-09-04T15:19:47.540+0000][1][safepoint    ] Safepoint "Cleanup", Time since last: 1288904417 ns, Reaching safepoint: 2640625 ns, At safepoint: 70875 ns, Total: 2711500 ns
[2022-09-04T15:19:48.546+0000][1][safepoint    ] Safepoint "Cleanup", Time since last: 1003510376 ns, Reaching safepoint: 1671583 ns, At safepoint: 44000 ns, Total: 1715583 ns
[2022-09-04T15:19:49.552+0000][1][safepoint    ] Safepoint "Cleanup", Time since last: 1005006376 ns, Reaching safepoint: 1712208 ns, At safepoint: 56542 ns, Total: 1768750 ns
[2022-09-04T15:19:50.560+0000][1][safepoint    ] Safepoint "Cleanup", Time since last: 1005541917 ns, Reaching safepoint: 2074208 ns, At safepoint: 74500 ns, Total: 2148708 ns
[2022-09-04T15:19:51.566+0000][1][safepoint    ] Safepoint "Cleanup", Time since last: 1003462667 ns, Reaching safepoint: 2404167 ns, At safepoint: 76750 ns, Total: 2480917 ns
[2022-09-04T15:19:52.574+0000][1][safepoint    ] Safepoint "Cleanup", Time since last: 1006279584 ns, Reaching safepoint: 1413291 ns, At safepoint: 59750 ns, Total: 1473041 ns
[2022-09-04T15:19:53.579+0000][1][safepoint    ] Safepoint "Cleanup", Time since last: 1004841751 ns, Reaching safepoint: 798292 ns, At safepoint: 26250 ns, Total: 824542 ns
[2022-09-04T15:19:54.584+0000][1][safepoint    ] Safepoint "Cleanup", Time since last: 1001967125 ns, Reaching safepoint: 2631000 ns, At safepoint: 75667 ns, Total: 2706667 ns
[2022-09-04T15:19:55.590+0000][1][safepoint    ] Safepoint "Cleanup", Time since last: 1003549458 ns, Reaching safepoint: 2470667 ns, At safepoint: 80667 ns, Total: 2551334 ns
[2022-09-04T15:19:56.596+0000][1][safepoint    ] Safepoint "Cleanup", Time since last: 1003876750 ns, Reaching safepoint: 1917500 ns, At safepoint: 59459 ns, Total: 1976959 ns
[2022-09-04T15:19:57.601+0000][1][safepoint    ] Safepoint "Cleanup", Time since last: 1003157625 ns, Reaching safepoint: 1956625 ns, At safepoint: 64542 ns, Total: 2021167 ns
[2022-09-04T15:19:58.608+0000][1][safepoint    ] Safepoint "Cleanup", Time since last: 1005095709 ns, Reaching safepoint: 1188791 ns, At safepoint: 29709 ns, Total: 1218500 ns
[2022-09-04T15:19:59.615+0000][1][safepoint    ] Safepoint "Cleanup", Time since last: 1002874625 ns, Reaching safepoint: 4486208 ns, At safepoint: 96125 ns, Total: 4582333 ns
[2022-09-04T15:20:00.619+0000][1][safepoint    ] Safepoint "Cleanup", Time since last: 1003858209 ns, Reaching safepoint: 937333 ns, At safepoint: 108750 ns, Total: 1046083 ns
[2022-09-04T15:20:01.624+0000][1][safepoint    ] Safepoint "Cleanup", Time since last: 1002349375 ns, Reaching safepoint: 2070834 ns, At safepoint: 63916 ns, Total: 2134750 ns
[2022-09-04T15:20:02.627+0000][1][safepoint    ] Safepoint "Cleanup", Time since last: 1002711168 ns, Reaching safepoint: 716291 ns, At safepoint: 49875 ns, Total: 766166 ns
[2022-09-04T15:20:03.631+0000][1][safepoint    ] Safepoint "Cleanup", Time since last: 1002717959 ns, Reaching safepoint: 886500 ns, At safepoint: 25708 ns, Total: 912208 ns
[2022-09-04T15:20:04.636+0000][1][safepoint    ] Safepoint "Cleanup", Time since last: 1001947417 ns, Reaching safepoint: 3057584 ns, At safepoint: 166333 ns, Total: 3223917 ns
[2022-09-04T15:20:05.644+0000][1][safepoint    ] Safepoint "Cleanup", Time since last: 1006330709 ns, Reaching safepoint: 1154125 ns, At safepoint: 31333 ns, Total: 1185458 ns
[2022-09-04T15:20:06.650+0000][1][safepoint    ] Safepoint "Cleanup", Time since last: 1003500876 ns, Reaching safepoint: 2597583 ns, At safepoint: 80208 ns, Total: 2677791 ns
[2022-09-04T15:20:07.657+0000][1][safepoint    ] Safepoint "Cleanup", Time since last: 1004060668 ns, Reaching safepoint: 3371416 ns, At safepoint: 138792 ns, Total: 3510208 ns
[2022-09-04T15:20:08.666+0000][1][safepoint    ] Safepoint "Cleanup", Time since last: 1005495334 ns, Reaching safepoint: 3264625 ns, At safepoint: 97666 ns, Total: 3362291 ns
[2022-09-04T15:20:09.676+0000][1][safepoint    ] Safepoint "Cleanup", Time since last: 1007671376 ns, Reaching safepoint: 2331000 ns, At safepoint: 116125 ns, Total: 2447125 ns
[2022-09-04T15:20:10.685+0000][1][safepoint    ] Safepoint "Cleanup", Time since last: 1006373042 ns, Reaching safepoint: 1837292 ns, At safepoint: 87125 ns, Total: 1924417 ns
[2022-09-04T15:20:11.691+0000][1][safepoint    ] Safepoint "Cleanup", Time since last: 1004067292 ns, Reaching safepoint: 2173542 ns, At safepoint: 59000 ns, Total: 2232542 ns
[2022-09-04T15:20:12.743+0000][1][safepoint    ] Safepoint "Cleanup", Time since last: 1051569083 ns, Reaching safepoint: 661417 ns, At safepoint: 22208 ns, Total: 683625 ns
[2022-09-04T15:20:13.746+0000][1][safepoint    ] Safepoint "Cleanup", Time since last: 1002042834 ns, Reaching safepoint: 790458 ns, At safepoint: 26000 ns, Total: 816458 ns
[2022-09-04T15:20:14.762+0000][1][safepoint    ] Safepoint "Cleanup", Time since last: 1015146084 ns, Reaching safepoint: 773417 ns, At safepoint: 24792 ns, Total: 798209 ns
[2022-09-04T15:20:15.764+0000][1][safepoint    ] Safepoint "Cleanup", Time since last: 1001601167 ns, Reaching safepoint: 687541 ns, At safepoint: 20459 ns, Total: 708000 ns
[2022-09-04T15:20:16.768+0000][1][safepoint    ] Safepoint "Cleanup", Time since last: 1003108667 ns, Reaching safepoint: 764333 ns, At safepoint: 28000 ns, Total: 792333 ns
[2022-09-04T15:20:17.773+0000][1][safepoint    ] Safepoint "Cleanup", Time since last: 1002683376 ns, Reaching safepoint: 1703125 ns, At safepoint: 47041 ns, Total: 1750166 ns
[2022-09-04T15:20:18.780+0000][1][safepoint    ] Safepoint "Cleanup", Time since last: 1004993584 ns, Reaching safepoint: 2186584 ns, At safepoint: 65375 ns, Total: 2251959 ns
[2022-09-04T15:20:19.786+0000][1][safepoint    ] Safepoint "Cleanup", Time since last: 1004646250 ns, Reaching safepoint: 1374875 ns, At safepoint: 48583 ns, Total: 1423458 ns
[2022-09-04T15:20:20.793+0000][1][safepoint    ] Safepoint "Cleanup", Time since last: 1004925918 ns, Reaching safepoint: 1673958 ns, At safepoint: 44667 ns, Total: 1718625 ns
[2022-09-04T15:20:21.796+0000][1][safepoint    ] Safepoint "Cleanup", Time since last: 1002800625 ns, Reaching safepoint: 1070458 ns, At safepoint: 34334 ns, Total: 1104792 ns
[2022-09-04T15:20:22.799+0000][1][safepoint    ] Safepoint "Cleanup", Time since last: 1002310208 ns, Reaching safepoint: 684125 ns, At safepoint: 21709 ns, Total: 705834 ns
[2022-09-04T15:20:23.803+0000][1][safepoint    ] Safepoint "Cleanup", Time since last: 1002519667 ns, Reaching safepoint: 1190833 ns, At safepoint: 64084 ns, Total: 1254917 ns
[2022-09-04T15:20:24.806+0000][1][safepoint    ] Safepoint "Cleanup", Time since last: 1002425500 ns, Reaching safepoint: 821750 ns, At safepoint: 29042 ns, Total: 850792 ns
[2022-09-04T15:20:25.811+0000][1][safepoint    ] Safepoint "Cleanup", Time since last: 1003442834 ns, Reaching safepoint: 1170833 ns, At safepoint: 32042 ns, Total: 1202875 ns
[2022-09-04T15:20:26.816+0000][1][safepoint    ] Safepoint "Cleanup", Time since last: 1004511625 ns, Reaching safepoint: 825833 ns, At safepoint: 21167 ns, Total: 847000 ns
[2022-09-04T15:20:27.826+0000][1][safepoint    ] Safepoint "Cleanup", Time since last: 1006637667 ns, Reaching safepoint: 2824125 ns, At safepoint: 515250 ns, Total: 3339375 ns
[2022-09-04T15:20:28.839+0000][1][safepoint    ] Safepoint "Cleanup", Time since last: 1009414501 ns, Reaching safepoint: 2519833 ns, At safepoint: 90375 ns, Total: 2610208 ns
[2022-09-04T15:20:29.845+0000][1][safepoint    ] Safepoint "Cleanup", Time since last: 1005494584 ns, Reaching safepoint: 961125 ns, At safepoint: 30000 ns, Total: 991125 ns
[2022-09-04T15:20:30.848+0000][1][safepoint    ] Safepoint "Cleanup", Time since last: 1002143708 ns, Reaching safepoint: 780958 ns, At safepoint: 23917 ns, Total: 804875 ns
[2022-09-04T15:20:31.850+0000][1][safepoint    ] Safepoint "Cleanup", Time since last: 1001601667 ns, Reaching safepoint: 1101000 ns, At safepoint: 33375 ns, Total: 1134375 ns
[2022-09-04T15:20:32.857+0000][1][safepoint    ] Safepoint "Cleanup", Time since last: 1004068500 ns, Reaching safepoint: 2082209 ns, At safepoint: 67625 ns, Total: 2149834 ns
[2022-09-04T15:20:33.916+0000][1][safepoint    ] Safepoint "Cleanup", Time since last: 1058076333 ns, Reaching safepoint: 1088084 ns, At safepoint: 27041 ns, Total: 1115125 ns
[2022-09-04T15:20:34.920+0000][1][safepoint    ] Safepoint "Cleanup", Time since last: 1002775918 ns, Reaching safepoint: 1136500 ns, At safepoint: 43625 ns, Total: 1180125 ns
[2022-09-04T15:20:35.927+0000][1][safepoint    ] Safepoint "Cleanup", Time since last: 1006690583 ns, Reaching safepoint: 880292 ns, At safepoint: 30750 ns, Total: 911042 ns
[2022-09-04T15:20:36.932+0000][1][safepoint    ] Safepoint "Cleanup", Time since last: 1003977292 ns, Reaching safepoint: 1190417 ns, At safepoint: 33375 ns, Total: 1223792 ns
[2022-09-04T15:20:37.937+0000][1][safepoint    ] Safepoint "Cleanup", Time since last: 1003630125 ns, Reaching safepoint: 1184584 ns, At safepoint: 40125 ns, Total: 1224709 ns
[2022-09-04T15:20:38.943+0000][1][safepoint    ] Safepoint "Cleanup", Time since last: 1003264834 ns, Reaching safepoint: 2836750 ns, At safepoint: 54916 ns, Total: 2891666 ns
[2022-09-04T15:20:39.951+0000][1][safepoint    ] Safepoint "Cleanup", Time since last: 1006696542 ns, Reaching safepoint: 1040167 ns, At safepoint: 31083 ns, Total: 1071250 ns
[2022-09-04T15:20:40.955+0000][1][safepoint    ] Safepoint "Cleanup", Time since last: 1003257251 ns, Reaching safepoint: 932500 ns, At safepoint: 26041 ns, Total: 958541 ns
[2022-09-04T15:20:41.960+0000][1][safepoint    ] Safepoint "Cleanup", Time since last: 1003284543 ns, Reaching safepoint: 811541 ns, At safepoint: 25667 ns, Total: 837208 ns
[2022-09-04T15:20:42.963+0000][1][safepoint    ] Safepoint "Cleanup", Time since last: 1003097375 ns, Reaching safepoint: 814917 ns, At safepoint: 25250 ns, Total: 840167 ns
[2022-09-04T15:20:43.966+0000][1][safepoint    ] Safepoint "Cleanup", Time since last: 1001777167 ns, Reaching safepoint: 1039584 ns, At safepoint: 23583 ns, Total: 1063167 ns
[2022-09-04T15:20:44.971+0000][1][safepoint    ] Safepoint "Cleanup", Time since last: 1001947375 ns, Reaching safepoint: 2668167 ns, At safepoint: 65375 ns, Total: 2733542 ns
[2022-09-04T15:20:45.977+0000][1][safepoint    ] Safepoint "Cleanup", Time since last: 1004946584 ns, Reaching safepoint: 722000 ns, At safepoint: 23500 ns, Total: 745500 ns
[2022-09-04T15:20:46.981+0000][1][safepoint    ] Safepoint "Cleanup", Time since last: 1002863917 ns, Reaching safepoint: 1255708 ns, At safepoint: 37459 ns, Total: 1293167 ns
[2022-09-04T15:20:47.984+0000][1][safepoint    ] Safepoint "Cleanup", Time since last: 1002634833 ns, Reaching safepoint: 776667 ns, At safepoint: 22625 ns, Total: 799292 ns
[2022-09-04T15:20:48.990+0000][1][safepoint    ] Safepoint "Cleanup", Time since last: 1002175001 ns, Reaching safepoint: 3565541 ns, At safepoint: 98417 ns, Total: 3663958 ns
[2022-09-04T15:20:49.998+0000][1][safepoint    ] Safepoint "Cleanup", Time since last: 1005968959 ns, Reaching safepoint: 2194791 ns, At safepoint: 55834 ns, Total: 2250625 ns
[2022-09-04T15:20:51.005+0000][1][safepoint    ] Safepoint "Cleanup", Time since last: 1004770125 ns, Reaching safepoint: 1841875 ns, At safepoint: 57209 ns, Total: 1899084 ns
[2022-09-04T15:20:52.010+0000][1][safepoint    ] Safepoint "Cleanup", Time since last: 1003247292 ns, Reaching safepoint: 1305500 ns, At safepoint: 433916 ns, Total: 1739416 ns
[2022-09-04T15:20:53.017+0000][1][safepoint    ] Safepoint "Cleanup", Time since last: 1006093084 ns, Reaching safepoint: 1244167 ns, At safepoint: 105583 ns, Total: 1349750 ns
[2022-09-04T15:20:54.021+0000][1][safepoint    ] Safepoint "Cleanup", Time since last: 1002246876 ns, Reaching safepoint: 920916 ns, At safepoint: 35209 ns, Total: 956125 ns
[2022-09-04T15:20:55.023+0000][1][safepoint    ] Safepoint "Cleanup", Time since last: 1001890750 ns, Reaching safepoint: 799500 ns, At safepoint: 28250 ns, Total: 827750 ns
[2022-09-04T15:20:56.030+0000][1][safepoint    ] Safepoint "Cleanup", Time since last: 1003061876 ns, Reaching safepoint: 3722791 ns, At safepoint: 77459 ns, Total: 3800250 ns
[2022-09-04T15:20:57.036+0000][1][safepoint    ] Safepoint "Cleanup", Time since last: 1002639833 ns, Reaching safepoint: 2668250 ns, At safepoint: 34250 ns, Total: 2702500 ns
[2022-09-04T15:20:58.040+0000][1][safepoint    ] Safepoint "Cleanup", Time since last: 1003028126 ns, Reaching safepoint: 909917 ns, At safepoint: 26750 ns, Total: 936667 ns
[2022-09-04T15:20:59.042+0000][1][safepoint    ] Safepoint "Cleanup", Time since last: 1001632208 ns, Reaching safepoint: 1189042 ns, At safepoint: 22708 ns, Total: 1211750 ns
[2022-09-04T15:21:00.045+0000][1][safepoint    ] Safepoint "Cleanup", Time since last: 1001955501 ns, Reaching safepoint: 1109958 ns, At safepoint: 56625 ns, Total: 1166583 ns
[2022-09-04T15:21:01.048+0000][1][safepoint    ] Safepoint "Cleanup", Time since last: 1001569458 ns, Reaching safepoint: 859542 ns, At safepoint: 23208 ns, Total: 882750 ns
[2022-09-04T15:21:01.489+0000][1][safepoint    ] Safepoint "BulkRevokeBias", Time since last: 437310459 ns, Reaching safepoint: 897917 ns, At safepoint: 3409000 ns, Total: 4306917 ns
[2022-09-04T15:21:01.496+0000][1][safepoint    ] Safepoint "RevokeBias", Time since last: 5658083 ns, Reaching safepoint: 703208 ns, At safepoint: 158917 ns, Total: 862125 ns
[2022-09-04T15:21:01.600+0000][1][safepoint    ] Safepoint "RevokeBias", Time since last: 102792250 ns, Reaching safepoint: 1114750 ns, At safepoint: 200542 ns, Total: 1315292 ns
[2022-09-04T15:21:01.625+0000][1][safepoint    ] Safepoint "RevokeBias", Time since last: 24254583 ns, Reaching safepoint: 1220583 ns, At safepoint: 196959 ns, Total: 1417542 ns
[2022-09-04T15:21:02.628+0000][1][safepoint    ] Safepoint "Cleanup", Time since last: 1001822459 ns, Reaching safepoint: 786375 ns, At safepoint: 24291 ns, Total: 810666 ns
[2022-09-04T15:21:03.633+0000][1][safepoint    ] Safepoint "Cleanup", Time since last: 1003483042 ns, Reaching safepoint: 1129334 ns, At safepoint: 33375 ns, Total: 1162709 ns
[2022-09-04T15:21:04.639+0000][1][safepoint    ] Safepoint "Cleanup", Time since last: 1002314750 ns, Reaching safepoint: 3655375 ns, At safepoint: 81792 ns, Total: 3737167 ns
[2022-09-04T15:21:05.645+0000][1][safepoint    ] Safepoint "Cleanup", Time since last: 1004670084 ns, Reaching safepoint: 1228166 ns, At safepoint: 32834 ns, Total: 1261000 ns
[2022-09-04T15:21:06.653+0000][1][safepoint    ] Safepoint "Cleanup", Time since last: 1005256333 ns, Reaching safepoint: 2620000 ns, At safepoint: 76959 ns, Total: 2696959 ns
[2022-09-04T15:21:07.660+0000][1][safepoint    ] Safepoint "Cleanup", Time since last: 1006308709 ns, Reaching safepoint: 940791 ns, At safepoint: 30875 ns, Total: 971666 ns
[2022-09-04T15:21:08.664+0000][1][safepoint    ] Safepoint "Cleanup", Time since last: 1002860417 ns, Reaching safepoint: 1374917 ns, At safepoint: 42125 ns, Total: 1417042 ns
[2022-09-04T15:21:09.668+0000][1][safepoint    ] Safepoint "Cleanup", Time since last: 1002714209 ns, Reaching safepoint: 794750 ns, At safepoint: 23750 ns, Total: 818500 ns
[2022-09-04T15:21:10.671+0000][1][safepoint    ] Safepoint "Cleanup", Time since last: 1002706834 ns, Reaching safepoint: 738166 ns, At safepoint: 27750 ns, Total: 765916 ns
[2022-09-04T15:21:11.677+0000][1][safepoint    ] Safepoint "Cleanup", Time since last: 1002415501 ns, Reaching safepoint: 2869708 ns, At safepoint: 78833 ns, Total: 2948541 ns
[2022-09-04T15:21:12.686+0000][1][safepoint    ] Safepoint "Cleanup", Time since last: 1006931834 ns, Reaching safepoint: 2184084 ns, At safepoint: 63250 ns, Total: 2247334 ns
[2022-09-04T15:21:13.691+0000][1][safepoint    ] Safepoint "Cleanup", Time since last: 1004622125 ns, Reaching safepoint: 744292 ns, At safepoint: 21791 ns, Total: 766083 ns
[2022-09-04T15:21:14.694+0000][1][safepoint    ] Safepoint "Cleanup", Time since last: 1001789084 ns, Reaching safepoint: 859750 ns, At safepoint: 25459 ns, Total: 885209 ns
[2022-09-04T15:21:15.697+0000][1][safepoint    ] Safepoint "Cleanup", Time since last: 1001807667 ns, Reaching safepoint: 1376916 ns, At safepoint: 29250 ns, Total: 1406166 ns
[2022-09-04T15:21:16.703+0000][1][safepoint    ] Safepoint "Cleanup", Time since last: 1002807459 ns, Reaching safepoint: 3432542 ns, At safepoint: 149375 ns, Total: 3581917 ns
[2022-09-04T15:21:17.713+0000][1][safepoint    ] Safepoint "Cleanup", Time since last: 1008388250 ns, Reaching safepoint: 1455625 ns, At safepoint: 56042 ns, Total: 1511667 ns
[2022-09-04T15:21:18.722+0000][1][safepoint    ] Safepoint "Cleanup", Time since last: 1004491417 ns, Reaching safepoint: 3970750 ns, At safepoint: 95042 ns, Total: 4065792 ns
[2022-09-04T15:21:19.728+0000][1][safepoint    ] Safepoint "Cleanup", Time since last: 1005485417 ns, Reaching safepoint: 1074458 ns, At safepoint: 28625 ns, Total: 1103083 ns
[2022-09-04T15:21:20.735+0000][1][safepoint    ] Safepoint "Cleanup", Time since last: 1003068751 ns, Reaching safepoint: 3657250 ns, At safepoint: 97791 ns, Total: 3755041 ns
[2022-09-04T15:21:21.743+0000][1][safepoint    ] Safepoint "Cleanup", Time since last: 1005208668 ns, Reaching safepoint: 2668291 ns, At safepoint: 72500 ns, Total: 2740791 ns
[2022-09-04T15:21:22.750+0000][1][safepoint    ] Safepoint "Cleanup", Time since last: 1003995917 ns, Reaching safepoint: 2479542 ns, At safepoint: 66958 ns, Total: 2546500 ns
[2022-09-04T15:21:23.755+0000][1][safepoint    ] Safepoint "Cleanup", Time since last: 1003951668 ns, Reaching safepoint: 853875 ns, At safepoint: 26083 ns, Total: 879958 ns
[2022-09-04T15:21:24.776+0000][1][safepoint    ] Safepoint "Cleanup", Time since last: 1019766375 ns, Reaching safepoint: 1440500 ns, At safepoint: 39500 ns, Total: 1480000 ns
[2022-09-04T15:21:25.781+0000][1][safepoint    ] Safepoint "Cleanup", Time since last: 1003799793 ns, Reaching safepoint: 1139125 ns, At safepoint: 28333 ns, Total: 1167458 ns
[2022-09-04T15:21:27.147+0000][1][safepoint    ] Safepoint "Cleanup", Time since last: 1365546417 ns, Reaching safepoint: 647959 ns, At safepoint: 20166 ns, Total: 668125 ns
[2022-09-04T15:21:28.149+0000][1][safepoint    ] Safepoint "Cleanup", Time since last: 1001580792 ns, Reaching safepoint: 680000 ns, At safepoint: 20792 ns, Total: 700792 ns
[2022-09-04T15:21:29.154+0000][1][safepoint    ] Safepoint "Cleanup", Time since last: 1003812292 ns, Reaching safepoint: 774000 ns, At safepoint: 24208 ns, Total: 798208 ns
[2022-09-04T15:21:30.157+0000][1][safepoint    ] Safepoint "Cleanup", Time since last: 1001921418 ns, Reaching safepoint: 759750 ns, At safepoint: 24375 ns, Total: 784125 ns
[2022-09-04T15:21:31.162+0000][1][safepoint    ] Safepoint "Cleanup", Time since last: 1003006583 ns, Reaching safepoint: 2372208 ns, At safepoint: 67542 ns, Total: 2439750 ns
[2022-09-04T15:21:32.168+0000][1][safepoint    ] Safepoint "Cleanup", Time since last: 1005123834 ns, Reaching safepoint: 1157416 ns, At safepoint: 33792 ns, Total: 1191208 ns
[2022-09-04T15:21:33.172+0000][1][safepoint    ] Safepoint "Cleanup", Time since last: 1003257667 ns, Reaching safepoint: 819250 ns, At safepoint: 23375 ns, Total: 842625 ns
[2022-09-04T15:21:34.175+0000][1][safepoint    ] Safepoint "Cleanup", Time since last: 1001926709 ns, Reaching safepoint: 1201250 ns, At safepoint: 35000 ns, Total: 1236250 ns
[2022-09-04T15:21:35.181+0000][1][safepoint    ] Safepoint "Cleanup", Time since last: 1002636542 ns, Reaching safepoint: 2601292 ns, At safepoint: 66583 ns, Total: 2667875 ns
[2022-09-04T15:21:36.186+0000][1][safepoint    ] Safepoint "Cleanup", Time since last: 1004209417 ns, Reaching safepoint: 1221250 ns, At safepoint: 39584 ns, Total: 1260834 ns
[2022-09-04T15:21:37.190+0000][1][safepoint    ] Safepoint "Cleanup", Time since last: 1002867167 ns, Reaching safepoint: 1256750 ns, At safepoint: 48000 ns, Total: 1304750 ns
[2022-09-04T15:21:38.194+0000][1][safepoint    ] Safepoint "Cleanup", Time since last: 1002960833 ns, Reaching safepoint: 660292 ns, At safepoint: 20375 ns, Total: 680667 ns
[2022-09-04T15:21:39.197+0000][1][safepoint    ] Safepoint "Cleanup", Time since last: 1002285542 ns, Reaching safepoint: 738625 ns, At safepoint: 24500 ns, Total: 763125 ns
[2022-09-04T15:21:40.201+0000][1][safepoint    ] Safepoint "Cleanup", Time since last: 1003730001 ns, Reaching safepoint: 703291 ns, At safepoint: 23375 ns, Total: 726666 ns
[2022-09-04T15:21:41.208+0000][1][safepoint    ] Safepoint "Cleanup", Time since last: 1003474084 ns, Reaching safepoint: 3326750 ns, At safepoint: 117875 ns, Total: 3444625 ns
[2022-09-04T15:21:42.214+0000][1][safepoint    ] Safepoint "Cleanup", Time since last: 1004891626 ns, Reaching safepoint: 1000083 ns, At safepoint: 31917 ns, Total: 1032000 ns
[2022-09-04T15:21:43.219+0000][1][safepoint    ] Safepoint "Cleanup", Time since last: 1002402500 ns, Reaching safepoint: 2134250 ns, At safepoint: 55500 ns, Total: 2189750 ns
[2022-09-04T15:21:44.226+0000][1][safepoint    ] Safepoint "Cleanup", Time since last: 1004724376 ns, Reaching safepoint: 2127500 ns, At safepoint: 58041 ns, Total: 2185541 ns
[2022-09-04T15:21:45.234+0000][1][safepoint    ] Safepoint "Cleanup", Time since last: 1005804668 ns, Reaching safepoint: 2092458 ns, At safepoint: 56583 ns, Total: 2149041 ns
[2022-09-04T15:21:46.237+0000][1][safepoint    ] Safepoint "Cleanup", Time since last: 1002389167 ns, Reaching safepoint: 789792 ns, At safepoint: 35375 ns, Total: 825167 ns
[2022-09-04T15:21:47.241+0000][1][safepoint    ] Safepoint "Cleanup", Time since last: 1002643084 ns, Reaching safepoint: 886875 ns, At safepoint: 31083 ns, Total: 917958 ns
[2022-09-04T15:21:48.243+0000][1][safepoint    ] Safepoint "Cleanup", Time since last: 1001904667 ns, Reaching safepoint: 760209 ns, At safepoint: 25541 ns, Total: 785750 ns
[2022-09-04T15:21:49.246+0000][1][safepoint    ] Safepoint "Cleanup", Time since last: 1001754376 ns, Reaching safepoint: 884208 ns, At safepoint: 23458 ns, Total: 907666 ns
[2022-09-04T15:21:50.249+0000][1][safepoint    ] Safepoint "Cleanup", Time since last: 1001968626 ns, Reaching safepoint: 922958 ns, At safepoint: 71709 ns, Total: 994667 ns
[2022-09-04T15:21:51.253+0000][1][safepoint    ] Safepoint "Cleanup", Time since last: 1002609708 ns, Reaching safepoint: 1842459 ns, At safepoint: 78250 ns, Total: 1920709 ns
[2022-09-04T15:21:52.258+0000][1][safepoint    ] Safepoint "Cleanup", Time since last: 1003434709 ns, Reaching safepoint: 1007625 ns, At safepoint: 37291 ns, Total: 1044916 ns
[2022-09-04T15:21:53.261+0000][1][safepoint    ] Safepoint "Cleanup", Time since last: 1002551542 ns, Reaching safepoint: 781750 ns, At safepoint: 29834 ns, Total: 811584 ns
[2022-09-04T15:21:54.265+0000][1][safepoint    ] Safepoint "Cleanup", Time since last: 1001732458 ns, Reaching safepoint: 1534917 ns, At safepoint: 36417 ns, Total: 1571334 ns
[2022-09-04T15:21:55.269+0000][1][safepoint    ] Safepoint "Cleanup", Time since last: 1003162125 ns, Reaching safepoint: 1297125 ns, At safepoint: 35834 ns, Total: 1332959 ns
[2022-09-04T15:21:56.273+0000][1][safepoint    ] Safepoint "Cleanup", Time since last: 1003344708 ns, Reaching safepoint: 1032250 ns, At safepoint: 26834 ns, Total: 1059084 ns
[2022-09-04T15:21:57.276+0000][1][safepoint    ] Safepoint "Cleanup", Time since last: 1001659959 ns, Reaching safepoint: 655458 ns, At safepoint: 23042 ns, Total: 678500 ns
[2022-09-04T15:21:58.272+0000][1][gc,start     ] GC(22) Pause Young (Allocation Failure)
[2022-09-04T15:21:58.277+0000][1][gc,task      ] GC(22) Using 4 workers of 4 for evacuation
[2022-09-04T15:21:58.359+0000][1][gc,age       ] GC(22) Desired survivor size 8945664 bytes, new threshold 6 (max threshold 6)
[2022-09-04T15:21:58.361+0000][1][gc,age       ] GC(22) Age table with threshold 6 (max threshold 6)
[2022-09-04T15:21:58.362+0000][1][gc,age       ] GC(22) - age   1:     527288 bytes,     527288 total
[2022-09-04T15:21:58.363+0000][1][gc,age       ] GC(22) - age   2:      17584 bytes,     544872 total
[2022-09-04T15:21:58.365+0000][1][gc,age       ] GC(22) - age   3:      16440 bytes,     561312 total
[2022-09-04T15:21:58.365+0000][1][gc,age       ] GC(22) - age   4:       8624 bytes,     569936 total
[2022-09-04T15:21:58.366+0000][1][gc,age       ] GC(22) - age   5:      38544 bytes,     608480 total
[2022-09-04T15:21:58.367+0000][1][gc,age       ] GC(22) - age   6:     387256 bytes,     995736 total
[2022-09-04T15:21:58.370+0000][1][gc,heap      ] GC(22) ParNew: 146739K->3176K(157248K)
[2022-09-04T15:21:58.372+0000][1][gc,heap      ] GC(22) CMS: 61563K->66440K(349568K)
[2022-09-04T15:21:58.373+0000][1][gc,metaspace ] GC(22) Metaspace: 83185K->83185K(1126400K)
[2022-09-04T15:21:58.375+0000][1][gc           ] GC(22) Pause Young (Allocation Failure) 203M->67M(494M) 103.423ms
[2022-09-04T15:21:58.377+0000][1][gc,cpu       ] GC(22) User=0.22s Sys=0.04s Real=0.11s
[2022-09-04T15:21:58.378+0000][1][safepoint    ] Safepoint "GenCollectForAllocation", Time since last: 994768417 ns, Reaching safepoint: 801833 ns, At safepoint: 106498083 ns, Total: 107299916 ns
[2022-09-04T15:21:59.381+0000][1][safepoint    ] Safepoint "Cleanup", Time since last: 1001063084 ns, Reaching safepoint: 2433000 ns, At safepoint: 84750 ns, Total: 2517750 ns
[2022-09-04T15:22:01.341+0000][1][safepoint    ] Safepoint "Cleanup", Time since last: 1958141001 ns, Reaching safepoint: 1554125 ns, At safepoint: 47250 ns, Total: 1601375 ns
[2022-09-04T15:22:02.344+0000][1][safepoint    ] Safepoint "Cleanup", Time since last: 1002774125 ns, Reaching safepoint: 796084 ns, At safepoint: 24541 ns, Total: 820625 ns
[2022-09-04T15:22:03.348+0000][1][safepoint    ] Safepoint "Cleanup", Time since last: 1002827334 ns, Reaching safepoint: 1091125 ns, At safepoint: 33000 ns, Total: 1124125 ns
[2022-09-04T15:22:04.351+0000][1][safepoint    ] Safepoint "Cleanup", Time since last: 1002556292 ns, Reaching safepoint: 705625 ns, At safepoint: 23167 ns, Total: 728792 ns
[2022-09-04T15:22:05.356+0000][1][safepoint    ] Safepoint "Cleanup", Time since last: 1003644459 ns, Reaching safepoint: 806208 ns, At safepoint: 23708 ns, Total: 829916 ns
[2022-09-04T15:22:06.360+0000][1][safepoint    ] Safepoint "Cleanup", Time since last: 1002284501 ns, Reaching safepoint: 1485958 ns, At safepoint: 41084 ns, Total: 1527042 ns
[2022-09-04T15:22:07.363+0000][1][safepoint    ] Safepoint "Cleanup", Time since last: 1002474792 ns, Reaching safepoint: 934291 ns, At safepoint: 25667 ns, Total: 959958 ns
[2022-09-04T15:22:08.366+0000][1][safepoint    ] Safepoint "Cleanup", Time since last: 1002115209 ns, Reaching safepoint: 970333 ns, At safepoint: 27625 ns, Total: 997958 ns
[2022-09-04T15:22:09.369+0000][1][safepoint    ] Safepoint "Cleanup", Time since last: 1002117709 ns, Reaching safepoint: 799667 ns, At safepoint: 25000 ns, Total: 824667 ns
[2022-09-04T15:22:10.373+0000][1][safepoint    ] Safepoint "Cleanup", Time since last: 1002583292 ns, Reaching safepoint: 758208 ns, At safepoint: 22209 ns, Total: 780417 ns
[2022-09-04T15:22:11.378+0000][1][safepoint    ] Safepoint "Cleanup", Time since last: 1004716167 ns, Reaching safepoint: 844166 ns, At safepoint: 26542 ns, Total: 870708 ns
[2022-09-04T15:22:12.381+0000][1][safepoint    ] Safepoint "Cleanup", Time since last: 1001695000 ns, Reaching safepoint: 806834 ns, At safepoint: 21541 ns, Total: 828375 ns
[2022-09-04T15:22:13.386+0000][1][safepoint    ] Safepoint "Cleanup", Time since last: 1003668251 ns, Reaching safepoint: 1872125 ns, At safepoint: 55625 ns, Total: 1927750 ns
[2022-09-04T15:22:14.392+0000][1][safepoint    ] Safepoint "Cleanup", Time since last: 1004380709 ns, Reaching safepoint: 1054208 ns, At safepoint: 32417 ns, Total: 1086625 ns
[2022-09-04T15:22:15.396+0000][1][safepoint    ] Safepoint "Cleanup", Time since last: 1002830500 ns, Reaching safepoint: 1701500 ns, At safepoint: 83667 ns, Total: 1785167 ns
[2022-09-04T15:22:16.404+0000][1][safepoint    ] Safepoint "Cleanup", Time since last: 1006846000 ns, Reaching safepoint: 819667 ns, At safepoint: 21750 ns, Total: 841417 ns
[2022-09-04T15:22:17.407+0000][1][safepoint    ] Safepoint "Cleanup", Time since last: 1001608751 ns, Reaching safepoint: 929833 ns, At safepoint: 22708 ns, Total: 952541 ns
[2022-09-04T15:22:18.412+0000][1][safepoint    ] Safepoint "Cleanup", Time since last: 1004297417 ns, Reaching safepoint: 937500 ns, At safepoint: 23625 ns, Total: 961125 ns
[2022-09-04T15:22:19.416+0000][1][safepoint    ] Safepoint "Cleanup", Time since last: 1003024418 ns, Reaching safepoint: 902666 ns, At safepoint: 26875 ns, Total: 929541 ns
[2022-09-04T15:22:20.419+0000][1][safepoint    ] Safepoint "Cleanup", Time since last: 1002432042 ns, Reaching safepoint: 1109750 ns, At safepoint: 30584 ns, Total: 1140334 ns
[2022-09-04T15:22:21.424+0000][1][safepoint    ] Safepoint "Cleanup", Time since last: 1002078333 ns, Reaching safepoint: 2813792 ns, At safepoint: 79208 ns, Total: 2893000 ns
[2022-09-04T15:22:22.432+0000][1][safepoint    ] Safepoint "Cleanup", Time since last: 1006144376 ns, Reaching safepoint: 1105000 ns, At safepoint: 34833 ns, Total: 1139833 ns
[2022-09-04T15:22:23.440+0000][1][safepoint    ] Safepoint "Cleanup", Time since last: 1006275167 ns, Reaching safepoint: 2381584 ns, At safepoint: 80833 ns, Total: 2462417 ns
[2022-09-04T15:22:24.449+0000][1][safepoint    ] Safepoint "Cleanup", Time since last: 1006314042 ns, Reaching safepoint: 2584917 ns, At safepoint: 74000 ns, Total: 2658917 ns
[2022-09-04T15:22:25.457+0000][1][safepoint    ] Safepoint "Cleanup", Time since last: 1005563417 ns, Reaching safepoint: 1798708 ns, At safepoint: 71042 ns, Total: 1869750 ns
[2022-09-04T15:22:26.462+0000][1][safepoint    ] Safepoint "Cleanup", Time since last: 1004567376 ns, Reaching safepoint: 1035000 ns, At safepoint: 31958 ns, Total: 1066958 ns
[2022-09-04T15:22:27.470+0000][1][safepoint    ] Safepoint "Cleanup", Time since last: 1005457000 ns, Reaching safepoint: 1768709 ns, At safepoint: 56875 ns, Total: 1825584 ns
[2022-09-04T15:22:28.476+0000][1][safepoint    ] Safepoint "Cleanup", Time since last: 1005124959 ns, Reaching safepoint: 1446625 ns, At safepoint: 89541 ns, Total: 1536166 ns
[2022-09-04T15:22:29.484+0000][1][safepoint    ] Safepoint "Cleanup", Time since last: 1004222876 ns, Reaching safepoint: 3492208 ns, At safepoint: 95625 ns, Total: 3587833 ns
[2022-09-04T15:22:30.491+0000][1][safepoint    ] Safepoint "Cleanup", Time since last: 1005539125 ns, Reaching safepoint: 1005292 ns, At safepoint: 27375 ns, Total: 1032667 ns
[2022-09-04T15:22:31.533+0000][1][safepoint    ] Safepoint "Cleanup", Time since last: 1002903667 ns, Reaching safepoint: 2636500 ns, At safepoint: 118958 ns, Total: 2755458 ns
[2022-09-04T15:22:32.541+0000][1][safepoint    ] Safepoint "Cleanup", Time since last: 1007262834 ns, Reaching safepoint: 1411750 ns, At safepoint: 39750 ns, Total: 1451500 ns
[2022-09-04T15:22:33.547+0000][1][safepoint    ] Safepoint "Cleanup", Time since last: 1003150667 ns, Reaching safepoint: 2070083 ns, At safepoint: 67292 ns, Total: 2137375 ns
[2022-09-04T15:22:34.554+0000][1][safepoint    ] Safepoint "Cleanup", Time since last: 1005136542 ns, Reaching safepoint: 1721333 ns, At safepoint: 49459 ns, Total: 1770792 ns
[2022-09-04T15:22:35.562+0000][1][safepoint    ] Safepoint "Cleanup", Time since last: 1005360875 ns, Reaching safepoint: 3143459 ns, At safepoint: 107833 ns, Total: 3251292 ns
[2022-09-04T15:22:36.569+0000][1][safepoint    ] Safepoint "Cleanup", Time since last: 1005213209 ns, Reaching safepoint: 1189875 ns, At safepoint: 45125 ns, Total: 1235000 ns
[2022-09-04T15:22:37.573+0000][1][safepoint    ] Safepoint "Cleanup", Time since last: 1002055334 ns, Reaching safepoint: 2316375 ns, At safepoint: 76916 ns, Total: 2393291 ns
[2022-09-04T15:22:38.579+0000][1][safepoint    ] Safepoint "Cleanup", Time since last: 1004713251 ns, Reaching safepoint: 1200750 ns, At safepoint: 34791 ns, Total: 1235541 ns
[2022-09-04T15:22:39.584+0000][1][safepoint    ] Safepoint "Cleanup", Time since last: 1004486501 ns, Reaching safepoint: 757291 ns, At safepoint: 23167 ns, Total: 780458 ns
[2022-09-04T15:22:40.587+0000][1][safepoint    ] Safepoint "Cleanup", Time since last: 1001760959 ns, Reaching safepoint: 947500 ns, At safepoint: 34625 ns, Total: 982125 ns
[2022-09-04T15:22:41.594+0000][1][safepoint    ] Safepoint "Cleanup", Time since last: 1004442375 ns, Reaching safepoint: 2757209 ns, At safepoint: 64625 ns, Total: 2821834 ns
[2022-09-04T15:22:42.599+0000][1][safepoint    ] Safepoint "Cleanup", Time since last: 1003530084 ns, Reaching safepoint: 997583 ns, At safepoint: 31292 ns, Total: 1028875 ns
[2022-09-04T15:22:43.603+0000][1][safepoint    ] Safepoint "Cleanup", Time since last: 1003071625 ns, Reaching safepoint: 1206667 ns, At safepoint: 38041 ns, Total: 1244708 ns
[2022-09-04T15:22:44.609+0000][1][safepoint    ] Safepoint "Cleanup", Time since last: 1004011376 ns, Reaching safepoint: 1701042 ns, At safepoint: 56125 ns, Total: 1757167 ns
[2022-09-04T15:22:45.614+0000][1][safepoint    ] Safepoint "Cleanup", Time since last: 1002741250 ns, Reaching safepoint: 2462167 ns, At safepoint: 37791 ns, Total: 2499958 ns
[2022-09-04T15:22:47.153+0000][1][safepoint    ] Safepoint "Cleanup", Time since last: 1537853959 ns, Reaching safepoint: 801084 ns, At safepoint: 25125 ns, Total: 826209 ns
[2022-09-04T15:22:48.157+0000][1][safepoint    ] Safepoint "Cleanup", Time since last: 1002782042 ns, Reaching safepoint: 946292 ns, At safepoint: 28333 ns, Total: 974625 ns
[2022-09-04T15:22:49.163+0000][1][safepoint    ] Safepoint "Cleanup", Time since last: 1005056375 ns, Reaching safepoint: 1263792 ns, At safepoint: 37125 ns, Total: 1300917 ns
[2022-09-04T15:22:50.169+0000][1][safepoint    ] Safepoint "Cleanup", Time since last: 1005114251 ns, Reaching safepoint: 1222625 ns, At safepoint: 32666 ns, Total: 1255291 ns
[2022-09-04T15:22:51.173+0000][1][safepoint    ] Safepoint "Cleanup", Time since last: 1002602626 ns, Reaching safepoint: 701291 ns, At safepoint: 22125 ns, Total: 723416 ns
[2022-09-04T15:22:52.175+0000][1][safepoint    ] Safepoint "Cleanup", Time since last: 1001372417 ns, Reaching safepoint: 725875 ns, At safepoint: 22334 ns, Total: 748209 ns
[2022-09-04T15:22:53.178+0000][1][safepoint    ] Safepoint "Cleanup", Time since last: 1002569250 ns, Reaching safepoint: 811417 ns, At safepoint: 23792 ns, Total: 835209 ns
[2022-09-04T15:22:54.181+0000][1][safepoint    ] Safepoint "Cleanup", Time since last: 1001746458 ns, Reaching safepoint: 1396292 ns, At safepoint: 36875 ns, Total: 1433167 ns
[2022-09-04T15:22:55.188+0000][1][safepoint    ] Safepoint "Cleanup", Time since last: 1004837001 ns, Reaching safepoint: 2200125 ns, At safepoint: 63458 ns, Total: 2263583 ns
[2022-09-04T15:22:56.195+0000][1][safepoint    ] Safepoint "Cleanup", Time since last: 1005916459 ns, Reaching safepoint: 777708 ns, At safepoint: 21167 ns, Total: 798875 ns
[2022-09-04T15:22:57.199+0000][1][safepoint    ] Safepoint "Cleanup", Time since last: 1001875917 ns, Reaching safepoint: 2209208 ns, At safepoint: 67042 ns, Total: 2276250 ns
[2022-09-04T15:22:58.206+0000][1][safepoint    ] Safepoint "Cleanup", Time since last: 1005740209 ns, Reaching safepoint: 768583 ns, At safepoint: 24625 ns, Total: 793208 ns
[2022-09-04T15:22:59.210+0000][1][safepoint    ] Safepoint "Cleanup", Time since last: 1003250375 ns, Reaching safepoint: 1020500 ns, At safepoint: 25875 ns, Total: 1046375 ns
[2022-09-04T15:23:00.213+0000][1][safepoint    ] Safepoint "Cleanup", Time since last: 1001726459 ns, Reaching safepoint: 1073084 ns, At safepoint: 28416 ns, Total: 1101500 ns
[2022-09-04T15:23:01.227+0000][1][safepoint    ] Safepoint "Cleanup", Time since last: 1004869792 ns, Reaching safepoint: 1036333 ns, At safepoint: 28459 ns, Total: 1064792 ns
[2022-09-04T15:23:02.232+0000][1][safepoint    ] Safepoint "Cleanup", Time since last: 1003210167 ns, Reaching safepoint: 1161167 ns, At safepoint: 37625 ns, Total: 1198792 ns
[2022-09-04T15:23:03.237+0000][1][safepoint    ] Safepoint "Cleanup", Time since last: 1004091375 ns, Reaching safepoint: 1016042 ns, At safepoint: 60666 ns, Total: 1076708 ns
[2022-09-04T15:23:05.174+0000][1][safepoint    ] Safepoint "Cleanup", Time since last: 1935264918 ns, Reaching safepoint: 1471667 ns, At safepoint: 54500 ns, Total: 1526167 ns
[2022-09-04T15:23:06.178+0000][1][safepoint    ] Safepoint "Cleanup", Time since last: 1003153167 ns, Reaching safepoint: 1079292 ns, At safepoint: 29750 ns, Total: 1109042 ns
[2022-09-04T15:23:07.181+0000][1][safepoint    ] Safepoint "Cleanup", Time since last: 1001783917 ns, Reaching safepoint: 1528708 ns, At safepoint: 48708 ns, Total: 1577416 ns
[2022-09-04T15:23:08.187+0000][1][safepoint    ] Safepoint "Cleanup", Time since last: 1004833501 ns, Reaching safepoint: 730000 ns, At safepoint: 22625 ns, Total: 752625 ns
[2022-09-04T15:23:09.192+0000][1][safepoint    ] Safepoint "Cleanup", Time since last: 1003740125 ns, Reaching safepoint: 1113375 ns, At safepoint: 34125 ns, Total: 1147500 ns
[2022-09-04T15:23:10.195+0000][1][safepoint    ] Safepoint "Cleanup", Time since last: 1001911959 ns, Reaching safepoint: 1471292 ns, At safepoint: 43000 ns, Total: 1514292 ns
[2022-09-04T15:23:11.200+0000][1][safepoint    ] Safepoint "Cleanup", Time since last: 1003129542 ns, Reaching safepoint: 1196875 ns, At safepoint: 35042 ns, Total: 1231917 ns
[2022-09-04T15:23:12.203+0000][1][safepoint    ] Safepoint "Cleanup", Time since last: 1002197542 ns, Reaching safepoint: 1096833 ns, At safepoint: 32958 ns, Total: 1129791 ns
[2022-09-04T15:23:13.206+0000][1][safepoint    ] Safepoint "Cleanup", Time since last: 1002603918 ns, Reaching safepoint: 758916 ns, At safepoint: 20834 ns, Total: 779750 ns
[2022-09-04T15:23:14.211+0000][1][safepoint    ] Safepoint "Cleanup", Time since last: 1003103458 ns, Reaching safepoint: 1498167 ns, At safepoint: 49083 ns, Total: 1547250 ns
[2022-09-04T15:23:15.218+0000][1][safepoint    ] Safepoint "Cleanup", Time since last: 1005632709 ns, Reaching safepoint: 1805708 ns, At safepoint: 65167 ns, Total: 1870875 ns
[2022-09-04T15:23:16.228+0000][1][safepoint    ] Safepoint "Cleanup", Time since last: 1008294376 ns, Reaching safepoint: 776708 ns, At safepoint: 21333 ns, Total: 798041 ns
[2022-09-04T15:23:17.234+0000][1][safepoint    ] Safepoint "Cleanup", Time since last: 1002707542 ns, Reaching safepoint: 3207250 ns, At safepoint: 97125 ns, Total: 3304375 ns
[2022-09-04T15:23:18.240+0000][1][safepoint    ] Safepoint "Cleanup", Time since last: 1005675168 ns, Reaching safepoint: 792125 ns, At safepoint: 26333 ns, Total: 818458 ns
[2022-09-04T15:23:19.244+0000][1][safepoint    ] Safepoint "Cleanup", Time since last: 1002991334 ns, Reaching safepoint: 770916 ns, At safepoint: 22917 ns, Total: 793833 ns
[2022-09-04T15:23:20.249+0000][1][safepoint    ] Safepoint "Cleanup", Time since last: 1003750084 ns, Reaching safepoint: 1639167 ns, At safepoint: 46625 ns, Total: 1685792 ns
[2022-09-04T15:23:21.257+0000][1][safepoint    ] Safepoint "Cleanup", Time since last: 1006390125 ns, Reaching safepoint: 980792 ns, At safepoint: 29833 ns, Total: 1010625 ns
[2022-09-04T15:23:22.260+0000][1][safepoint    ] Safepoint "Cleanup", Time since last: 1002767251 ns, Reaching safepoint: 881625 ns, At safepoint: 27708 ns, Total: 909333 ns
[2022-09-04T15:23:23.268+0000][1][safepoint    ] Safepoint "Cleanup", Time since last: 1005635084 ns, Reaching safepoint: 1560708 ns, At safepoint: 43292 ns, Total: 1604000 ns
[2022-09-04T15:23:24.274+0000][1][safepoint    ] Safepoint "Cleanup", Time since last: 1003354208 ns, Reaching safepoint: 2695667 ns, At safepoint: 77708 ns, Total: 2773375 ns
[2022-09-04T15:23:25.282+0000][1][safepoint    ] Safepoint "Cleanup", Time since last: 1004652168 ns, Reaching safepoint: 3545458 ns, At safepoint: 97458 ns, Total: 3642916 ns
[2022-09-04T15:23:26.289+0000][1][safepoint    ] Safepoint "Cleanup", Time since last: 1005688084 ns, Reaching safepoint: 844875 ns, At safepoint: 34042 ns, Total: 878917 ns
[2022-09-04T15:23:27.292+0000][1][safepoint    ] Safepoint "Cleanup", Time since last: 1001977917 ns, Reaching safepoint: 1612083 ns, At safepoint: 50917 ns, Total: 1663000 ns
[2022-09-04T15:23:28.296+0000][1][safepoint    ] Safepoint "Cleanup", Time since last: 1002718209 ns, Reaching safepoint: 973750 ns, At safepoint: 20916 ns, Total: 994666 ns
[2022-09-04T15:23:29.300+0000][1][safepoint    ] Safepoint "Cleanup", Time since last: 1003289168 ns, Reaching safepoint: 840500 ns, At safepoint: 25333 ns, Total: 865833 ns
[2022-09-04T15:23:30.304+0000][1][safepoint    ] Safepoint "Cleanup", Time since last: 1002220834 ns, Reaching safepoint: 1869958 ns, At safepoint: 38875 ns, Total: 1908833 ns
[2022-09-04T15:23:31.413+0000][1][safepoint    ] Safepoint "Cleanup", Time since last: 1106593791 ns, Reaching safepoint: 945500 ns, At safepoint: 39667 ns, Total: 985167 ns
[2022-09-04T15:23:32.417+0000][1][safepoint    ] Safepoint "Cleanup", Time since last: 1002859042 ns, Reaching safepoint: 955250 ns, At safepoint: 32375 ns, Total: 987625 ns
[2022-09-04T15:23:33.438+0000][1][safepoint    ] Safepoint "Cleanup", Time since last: 1015940709 ns, Reaching safepoint: 3459792 ns, At safepoint: 258750 ns, Total: 3718542 ns
[2022-09-04T15:23:34.448+0000][1][safepoint    ] Safepoint "Cleanup", Time since last: 1008618375 ns, Reaching safepoint: 2696250 ns, At safepoint: 73167 ns, Total: 2769417 ns
[2022-09-04T15:23:35.457+0000][1][safepoint    ] Safepoint "Cleanup", Time since last: 1006183292 ns, Reaching safepoint: 3354541 ns, At safepoint: 97375 ns, Total: 3451916 ns
[2022-09-04T15:23:36.464+0000][1][safepoint    ] Safepoint "Cleanup", Time since last: 1004333001 ns, Reaching safepoint: 2295417 ns, At safepoint: 66958 ns, Total: 2362375 ns
[2022-09-04T15:23:37.472+0000][1][safepoint    ] Safepoint "Cleanup", Time since last: 1005655750 ns, Reaching safepoint: 2320625 ns, At safepoint: 53750 ns, Total: 2374375 ns
[2022-09-04T15:23:38.105+0000][1][safepoint    ] Safepoint "RevokeBias", Time since last: 628223792 ns, Reaching safepoint: 2677125 ns, At safepoint: 1946709 ns, Total: 4623834 ns
[2022-09-04T15:23:38.109+0000][1][safepoint    ] Safepoint "RevokeBias", Time since last: 3560791 ns, Reaching safepoint: 336250 ns, At safepoint: 88125 ns, Total: 424375 ns
[2022-09-04T15:23:38.169+0000][1][safepoint    ] Safepoint "RevokeBias", Time since last: 59470875 ns, Reaching safepoint: 1015375 ns, At safepoint: 101625 ns, Total: 1117000 ns
[2022-09-04T15:23:38.219+0000][1][safepoint    ] Safepoint "RevokeBias", Time since last: 42801000 ns, Reaching safepoint: 6492292 ns, At safepoint: 110792 ns, Total: 6603084 ns
[2022-09-04T15:23:38.276+0000][1][safepoint    ] Safepoint "RevokeBias", Time since last: 55683708 ns, Reaching safepoint: 1216917 ns, At safepoint: 90167 ns, Total: 1307084 ns
[2022-09-04T15:23:38.281+0000][1][safepoint    ] Safepoint "RevokeBias", Time since last: 5014458 ns, Reaching safepoint: 433167 ns, At safepoint: 83416 ns, Total: 516583 ns
[2022-09-04T15:23:38.288+0000][1][safepoint    ] Safepoint "RevokeBias", Time since last: 5953542 ns, Reaching safepoint: 713667 ns, At safepoint: 153375 ns, Total: 867042 ns
[2022-09-04T15:23:38.290+0000][1][safepoint    ] Safepoint "RevokeBias", Time since last: 1396291 ns, Reaching safepoint: 469084 ns, At safepoint: 119541 ns, Total: 588625 ns
[2022-09-04T15:23:38.302+0000][1][safepoint    ] Safepoint "RevokeBias", Time since last: 11259042 ns, Reaching safepoint: 826833 ns, At safepoint: 87250 ns, Total: 914083 ns
[2022-09-04T15:23:38.341+0000][1][safepoint    ] Safepoint "RevokeBias", Time since last: 36405542 ns, Reaching safepoint: 1665958 ns, At safepoint: 150667 ns, Total: 1816625 ns
[2022-09-04T15:23:38.347+0000][1][safepoint    ] Safepoint "RevokeBias", Time since last: 5018500 ns, Reaching safepoint: 1302583 ns, At safepoint: 71500 ns, Total: 1374083 ns
[2022-09-04T15:23:38.382+0000][1][safepoint    ] Safepoint "RevokeBias", Time since last: 33216209 ns, Reaching safepoint: 1290166 ns, At safepoint: 83625 ns, Total: 1373791 ns
[2022-09-04T15:23:39.028+0000][1][safepoint    ] Safepoint "RevokeBias", Time since last: 645137334 ns, Reaching safepoint: 984292 ns, At safepoint: 93666 ns, Total: 1077958 ns
[2022-09-04T15:23:40.030+0000][1][safepoint    ] Safepoint "Cleanup", Time since last: 1001602959 ns, Reaching safepoint: 957333 ns, At safepoint: 65125 ns, Total: 1022458 ns
[2022-09-04T15:23:41.033+0000][1][safepoint    ] Safepoint "Cleanup", Time since last: 1002069959 ns, Reaching safepoint: 849625 ns, At safepoint: 57333 ns, Total: 906958 ns
[2022-09-04T15:23:42.036+0000][1][safepoint    ] Safepoint "Cleanup", Time since last: 1001707584 ns, Reaching safepoint: 992625 ns, At safepoint: 54834 ns, Total: 1047459 ns
[2022-09-04T15:23:43.039+0000][1][safepoint    ] Safepoint "Cleanup", Time since last: 1001842417 ns, Reaching safepoint: 696250 ns, At safepoint: 20083 ns, Total: 716333 ns
[2022-09-04T15:23:44.042+0000][1][safepoint    ] Safepoint "Cleanup", Time since last: 1001936751 ns, Reaching safepoint: 1436750 ns, At safepoint: 302250 ns, Total: 1739000 ns
[2022-09-04T15:23:45.052+0000][1][safepoint    ] Safepoint "Cleanup", Time since last: 1007779625 ns, Reaching safepoint: 1299417 ns, At safepoint: 38416 ns, Total: 1337833 ns
[2022-09-04T15:23:46.057+0000][1][safepoint    ] Safepoint "Cleanup", Time since last: 1003562126 ns, Reaching safepoint: 1582958 ns, At safepoint: 72250 ns, Total: 1655208 ns
[2022-09-04T15:23:47.060+0000][1][safepoint    ] Safepoint "Cleanup", Time since last: 1001768459 ns, Reaching safepoint: 1208292 ns, At safepoint: 33708 ns, Total: 1242000 ns
[2022-09-04T15:23:48.066+0000][1][safepoint    ] Safepoint "Cleanup", Time since last: 1005095292 ns, Reaching safepoint: 738000 ns, At safepoint: 20209 ns, Total: 758209 ns
[2022-09-04T15:23:49.069+0000][1][safepoint    ] Safepoint "Cleanup", Time since last: 1001569750 ns, Reaching safepoint: 1581250 ns, At safepoint: 42667 ns, Total: 1623917 ns
[2022-09-04T15:23:50.074+0000][1][safepoint    ] Safepoint "Cleanup", Time since last: 1004257917 ns, Reaching safepoint: 1012583 ns, At safepoint: 28792 ns, Total: 1041375 ns
[2022-09-04T15:23:51.078+0000][1][safepoint    ] Safepoint "Cleanup", Time since last: 1003000709 ns, Reaching safepoint: 849750 ns, At safepoint: 23333 ns, Total: 873083 ns
[2022-09-04T15:23:52.082+0000][1][safepoint    ] Safepoint "Cleanup", Time since last: 1003290959 ns, Reaching safepoint: 676791 ns, At safepoint: 21375 ns, Total: 698166 ns
[2022-09-04T15:23:53.084+0000][1][safepoint    ] Safepoint "Cleanup", Time since last: 1001705959 ns, Reaching safepoint: 721125 ns, At safepoint: 19459 ns, Total: 740584 ns
[2022-09-04T15:23:54.087+0000][1][safepoint    ] Safepoint "Cleanup", Time since last: 1002280875 ns, Reaching safepoint: 719500 ns, At safepoint: 20042 ns, Total: 739542 ns
[2022-09-04T15:23:55.090+0000][1][safepoint    ] Safepoint "Cleanup", Time since last: 1001754834 ns, Reaching safepoint: 1055666 ns, At safepoint: 28750 ns, Total: 1084416 ns
[2022-09-04T15:23:56.095+0000][1][safepoint    ] Safepoint "Cleanup", Time since last: 1003635209 ns, Reaching safepoint: 769125 ns, At safepoint: 20500 ns, Total: 789625 ns
[2022-09-04T15:23:57.100+0000][1][safepoint    ] Safepoint "Cleanup", Time since last: 1002326500 ns, Reaching safepoint: 2686500 ns, At safepoint: 66334 ns, Total: 2752834 ns
[2022-09-04T15:23:58.105+0000][1][safepoint    ] Safepoint "Cleanup", Time since last: 1004703375 ns, Reaching safepoint: 758250 ns, At safepoint: 22875 ns, Total: 781125 ns
[2022-09-04T15:23:59.109+0000][1][safepoint    ] Safepoint "Cleanup", Time since last: 1001838584 ns, Reaching safepoint: 2195583 ns, At safepoint: 74500 ns, Total: 2270083 ns
[2022-09-04T15:24:00.115+0000][1][safepoint    ] Safepoint "Cleanup", Time since last: 1005131001 ns, Reaching safepoint: 812500 ns, At safepoint: 24125 ns, Total: 836625 ns
[2022-09-04T15:24:01.122+0000][1][safepoint    ] Safepoint "Cleanup", Time since last: 1004098458 ns, Reaching safepoint: 2402667 ns, At safepoint: 64500 ns, Total: 2467167 ns
[2022-09-04T15:24:02.130+0000][1][safepoint    ] Safepoint "Cleanup", Time since last: 1006872000 ns, Reaching safepoint: 1569042 ns, At safepoint: 37833 ns, Total: 1606875 ns
[2022-09-04T15:24:03.136+0000][1][safepoint    ] Safepoint "Cleanup", Time since last: 1004567959 ns, Reaching safepoint: 799708 ns, At safepoint: 22167 ns, Total: 821875 ns
[2022-09-04T15:24:04.139+0000][1][safepoint    ] Safepoint "Cleanup", Time since last: 1002167084 ns, Reaching safepoint: 858958 ns, At safepoint: 26584 ns, Total: 885542 ns
[2022-09-04T15:24:05.142+0000][1][safepoint    ] Safepoint "Cleanup", Time since last: 1001838292 ns, Reaching safepoint: 1098708 ns, At safepoint: 30458 ns, Total: 1129166 ns
[2022-09-04T15:24:06.145+0000][1][safepoint    ] Safepoint "Cleanup", Time since last: 1001917292 ns, Reaching safepoint: 1425500 ns, At safepoint: 85250 ns, Total: 1510750 ns
[2022-09-04T15:24:07.152+0000][1][safepoint    ] Safepoint "Cleanup", Time since last: 1004351459 ns, Reaching safepoint: 2883542 ns, At safepoint: 71083 ns, Total: 2954625 ns
[2022-09-04T15:24:08.160+0000][1][safepoint    ] Safepoint "Cleanup", Time since last: 1007044084 ns, Reaching safepoint: 681708 ns, At safepoint: 20250 ns, Total: 701958 ns
[2022-09-04T15:24:09.164+0000][1][safepoint    ] Safepoint "Cleanup", Time since last: 1002323126 ns, Reaching safepoint: 1188292 ns, At safepoint: 33041 ns, Total: 1221333 ns
[2022-09-04T15:24:10.168+0000][1][safepoint    ] Safepoint "Cleanup", Time since last: 1002991792 ns, Reaching safepoint: 883042 ns, At safepoint: 24917 ns, Total: 907959 ns
[2022-09-04T15:24:11.171+0000][1][safepoint    ] Safepoint "Cleanup", Time since last: 1001895917 ns, Reaching safepoint: 1304875 ns, At safepoint: 34292 ns, Total: 1339167 ns
[2022-09-04T15:24:12.174+0000][1][safepoint    ] Safepoint "Cleanup", Time since last: 1002235000 ns, Reaching safepoint: 1199458 ns, At safepoint: 32084 ns, Total: 1231542 ns
[2022-09-04T15:24:13.179+0000][1][safepoint    ] Safepoint "Cleanup", Time since last: 1003334792 ns, Reaching safepoint: 979208 ns, At safepoint: 26459 ns, Total: 1005667 ns
[2022-09-04T15:24:14.182+0000][1][safepoint    ] Safepoint "Cleanup", Time since last: 1002166792 ns, Reaching safepoint: 784000 ns, At safepoint: 19625 ns, Total: 803625 ns
[2022-09-04T15:24:15.186+0000][1][safepoint    ] Safepoint "Cleanup", Time since last: 1002900958 ns, Reaching safepoint: 1395875 ns, At safepoint: 42167 ns, Total: 1438042 ns
[2022-09-04T15:24:16.190+0000][1][safepoint    ] Safepoint "Cleanup", Time since last: 1002852376 ns, Reaching safepoint: 868583 ns, At safepoint: 24042 ns, Total: 892625 ns
[2022-09-04T15:24:17.194+0000][1][safepoint    ] Safepoint "Cleanup", Time since last: 1003220917 ns, Reaching safepoint: 859375 ns, At safepoint: 26416 ns, Total: 885791 ns
[2022-09-04T15:24:18.197+0000][1][safepoint    ] Safepoint "Cleanup", Time since last: 1002831001 ns, Reaching safepoint: 736375 ns, At safepoint: 21917 ns, Total: 758292 ns
[2022-09-04T15:24:19.200+0000][1][safepoint    ] Safepoint "Cleanup", Time since last: 1001508208 ns, Reaching safepoint: 762417 ns, At safepoint: 23333 ns, Total: 785750 ns
[2022-09-04T15:24:20.205+0000][1][safepoint    ] Safepoint "Cleanup", Time since last: 1004486001 ns, Reaching safepoint: 1285708 ns, At safepoint: 35834 ns, Total: 1321542 ns
[2022-09-04T15:24:21.231+0000][1][safepoint    ] Safepoint "Cleanup", Time since last: 1024136792 ns, Reaching safepoint: 1017416 ns, At safepoint: 29334 ns, Total: 1046750 ns
[2022-09-04T15:24:22.236+0000][1][safepoint    ] Safepoint "Cleanup", Time since last: 1004055458 ns, Reaching safepoint: 825792 ns, At safepoint: 23375 ns, Total: 849167 ns
[2022-09-04T15:24:23.239+0000][1][safepoint    ] Safepoint "Cleanup", Time since last: 1002479167 ns, Reaching safepoint: 1231042 ns, At safepoint: 35000 ns, Total: 1266042 ns
[2022-09-04T15:24:24.246+0000][1][safepoint    ] Safepoint "Cleanup", Time since last: 1005362625 ns, Reaching safepoint: 1058625 ns, At safepoint: 24750 ns, Total: 1083375 ns
[2022-09-04T15:24:25.250+0000][1][safepoint    ] Safepoint "Cleanup", Time since last: 1003099209 ns, Reaching safepoint: 1540542 ns, At safepoint: 41250 ns, Total: 1581792 ns
[2022-09-04T15:24:26.255+0000][1][safepoint    ] Safepoint "Cleanup", Time since last: 1003124625 ns, Reaching safepoint: 916167 ns, At safepoint: 23375 ns, Total: 939542 ns
[2022-09-04T15:24:27.258+0000][1][safepoint    ] Safepoint "Cleanup", Time since last: 1001475501 ns, Reaching safepoint: 1537708 ns, At safepoint: 41083 ns, Total: 1578791 ns
[2022-09-04T15:24:28.264+0000][1][safepoint    ] Safepoint "Cleanup", Time since last: 1005306834 ns, Reaching safepoint: 756167 ns, At safepoint: 23083 ns, Total: 779250 ns
[2022-09-04T15:24:29.268+0000][1][safepoint    ] Safepoint "Cleanup", Time since last: 1002872667 ns, Reaching safepoint: 1246917 ns, At safepoint: 34500 ns, Total: 1281417 ns
[2022-09-04T15:24:30.273+0000][1][safepoint    ] Safepoint "Cleanup", Time since last: 1002490042 ns, Reaching safepoint: 2172250 ns, At safepoint: 68583 ns, Total: 2240833 ns
[2022-09-04T15:24:31.467+0000][1][safepoint    ] Safepoint "Cleanup", Time since last: 1193909792 ns, Reaching safepoint: 948125 ns, At safepoint: 23708 ns, Total: 971833 ns
[2022-09-04T15:24:32.472+0000][1][safepoint    ] Safepoint "Cleanup", Time since last: 1003139126 ns, Reaching safepoint: 2091958 ns, At safepoint: 68958 ns, Total: 2160916 ns
[2022-09-04T15:24:33.477+0000][1][safepoint    ] Safepoint "Cleanup", Time since last: 1003666793 ns, Reaching safepoint: 820500 ns, At safepoint: 20208 ns, Total: 840708 ns
[2022-09-04T15:24:34.480+0000][1][safepoint    ] Safepoint "Cleanup", Time since last: 1001555000 ns, Reaching safepoint: 1387667 ns, At safepoint: 35083 ns, Total: 1422750 ns
[2022-09-04T15:24:35.484+0000][1][safepoint    ] Safepoint "Cleanup", Time since last: 1002145293 ns, Reaching safepoint: 1917916 ns, At safepoint: 49959 ns, Total: 1967875 ns
[2022-09-04T15:24:36.488+0000][1][safepoint    ] Safepoint "Cleanup", Time since last: 1002698333 ns, Reaching safepoint: 1226375 ns, At safepoint: 63625 ns, Total: 1290000 ns
[2022-09-04T15:24:37.493+0000][1][safepoint    ] Safepoint "Cleanup", Time since last: 1003824667 ns, Reaching safepoint: 1405667 ns, At safepoint: 43083 ns, Total: 1448750 ns
[2022-09-04T15:24:38.499+0000][1][safepoint    ] Safepoint "Cleanup", Time since last: 1004739459 ns, Reaching safepoint: 866250 ns, At safepoint: 24000 ns, Total: 890250 ns
[2022-09-04T15:24:39.504+0000][1][safepoint    ] Safepoint "Cleanup", Time since last: 1002325292 ns, Reaching safepoint: 2330375 ns, At safepoint: 80209 ns, Total: 2410584 ns
[2022-09-04T15:24:40.507+0000][1][safepoint    ] Safepoint "Cleanup", Time since last: 1002855417 ns, Reaching safepoint: 866042 ns, At safepoint: 24875 ns, Total: 890917 ns
[2022-09-04T15:24:41.511+0000][1][safepoint    ] Safepoint "Cleanup", Time since last: 1003043042 ns, Reaching safepoint: 742833 ns, At safepoint: 21333 ns, Total: 764166 ns
[2022-09-04T15:24:42.518+0000][1][safepoint    ] Safepoint "Cleanup", Time since last: 1003079334 ns, Reaching safepoint: 3527209 ns, At safepoint: 103083 ns, Total: 3630292 ns
[2022-09-04T15:24:43.525+0000][1][safepoint    ] Safepoint "Cleanup", Time since last: 1005749417 ns, Reaching safepoint: 812667 ns, At safepoint: 23833 ns, Total: 836500 ns
[2022-09-04T15:24:44.530+0000][1][safepoint    ] Safepoint "Cleanup", Time since last: 1002310042 ns, Reaching safepoint: 3297625 ns, At safepoint: 80667 ns, Total: 3378292 ns
[2022-09-04T15:24:45.537+0000][1][safepoint    ] Safepoint "Cleanup", Time since last: 1004309042 ns, Reaching safepoint: 2572000 ns, At safepoint: 78333 ns, Total: 2650333 ns
[2022-09-04T15:24:46.542+0000][1][safepoint    ] Safepoint "Cleanup", Time since last: 1003979626 ns, Reaching safepoint: 812125 ns, At safepoint: 20958 ns, Total: 833083 ns
[2022-09-04T15:24:47.546+0000][1][safepoint    ] Safepoint "Cleanup", Time since last: 1001616917 ns, Reaching safepoint: 2751584 ns, At safepoint: 74833 ns, Total: 2826417 ns
[2022-09-04T15:24:48.552+0000][1][safepoint    ] Safepoint "Cleanup", Time since last: 1004149250 ns, Reaching safepoint: 1015417 ns, At safepoint: 25292 ns, Total: 1040709 ns
[2022-09-04T15:24:49.555+0000][1][safepoint    ] Safepoint "Cleanup", Time since last: 1002746125 ns, Reaching safepoint: 879584 ns, At safepoint: 26958 ns, Total: 906542 ns
[2022-09-04T15:24:50.558+0000][1][safepoint    ] Safepoint "Cleanup", Time since last: 1001636042 ns, Reaching safepoint: 1406917 ns, At safepoint: 48458 ns, Total: 1455375 ns
[2022-09-04T15:24:51.562+0000][1][safepoint    ] Safepoint "Cleanup", Time since last: 1002448626 ns, Reaching safepoint: 1159250 ns, At safepoint: 26291 ns, Total: 1185541 ns
[2022-09-04T15:24:52.566+0000][1][safepoint    ] Safepoint "Cleanup", Time since last: 1002824001 ns, Reaching safepoint: 1044083 ns, At safepoint: 24583 ns, Total: 1068666 ns
[2022-09-04T15:24:53.572+0000][1][safepoint    ] Safepoint "Cleanup", Time since last: 1005076709 ns, Reaching safepoint: 1041083 ns, At safepoint: 28917 ns, Total: 1070000 ns
[2022-09-04T15:24:54.577+0000][1][safepoint    ] Safepoint "Cleanup", Time since last: 1002656584 ns, Reaching safepoint: 2391625 ns, At safepoint: 68250 ns, Total: 2459875 ns
[2022-09-04T15:24:55.586+0000][1][safepoint    ] Safepoint "Cleanup", Time since last: 1007164750 ns, Reaching safepoint: 1279417 ns, At safepoint: 36042 ns, Total: 1315459 ns
[2022-09-04T15:24:56.592+0000][1][safepoint    ] Safepoint "Cleanup", Time since last: 1005023375 ns, Reaching safepoint: 900000 ns, At safepoint: 23167 ns, Total: 923167 ns
[2022-09-04T15:24:57.595+0000][1][safepoint    ] Safepoint "Cleanup", Time since last: 1001742209 ns, Reaching safepoint: 1294916 ns, At safepoint: 34459 ns, Total: 1329375 ns
[2022-09-04T15:24:58.598+0000][1][safepoint    ] Safepoint "Cleanup", Time since last: 1002420167 ns, Reaching safepoint: 980458 ns, At safepoint: 21125 ns, Total: 1001583 ns
[2022-09-04T15:24:59.602+0000][1][safepoint    ] Safepoint "Cleanup", Time since last: 1002602251 ns, Reaching safepoint: 836750 ns, At safepoint: 27083 ns, Total: 863833 ns
[2022-09-04T15:25:00.605+0000][1][safepoint    ] Safepoint "Cleanup", Time since last: 1001839208 ns, Reaching safepoint: 1474667 ns, At safepoint: 39958 ns, Total: 1514625 ns
[2022-09-04T15:25:01.608+0000][1][safepoint    ] Safepoint "Cleanup", Time since last: 1002312709 ns, Reaching safepoint: 1013833 ns, At safepoint: 27750 ns, Total: 1041583 ns
[2022-09-04T15:25:02.612+0000][1][safepoint    ] Safepoint "Cleanup", Time since last: 1001856500 ns, Reaching safepoint: 1501167 ns, At safepoint: 41125 ns, Total: 1542292 ns
[2022-09-04T15:25:03.616+0000][1][safepoint    ] Safepoint "Cleanup", Time since last: 1003681126 ns, Reaching safepoint: 1134083 ns, At safepoint: 25042 ns, Total: 1159125 ns
[2022-09-04T15:25:04.625+0000][1][safepoint    ] Safepoint "Cleanup", Time since last: 1005452000 ns, Reaching safepoint: 3274208 ns, At safepoint: 107000 ns, Total: 3381208 ns
[2022-09-04T15:25:05.634+0000][1][safepoint    ] Safepoint "Cleanup", Time since last: 1007697376 ns, Reaching safepoint: 1550000 ns, At safepoint: 41208 ns, Total: 1591208 ns
[2022-09-04T15:25:06.640+0000][1][safepoint    ] Safepoint "Cleanup", Time since last: 1002808959 ns, Reaching safepoint: 2310375 ns, At safepoint: 89042 ns, Total: 2399417 ns
[2022-09-04T15:25:07.647+0000][1][safepoint    ] Safepoint "Cleanup", Time since last: 1004347250 ns, Reaching safepoint: 2583042 ns, At safepoint: 243000 ns, Total: 2826042 ns
[2022-09-04T15:25:08.657+0000][1][safepoint    ] Safepoint "Cleanup", Time since last: 1007233542 ns, Reaching safepoint: 3147875 ns, At safepoint: 77667 ns, Total: 3225542 ns
[2022-09-04T15:25:09.666+0000][1][safepoint    ] Safepoint "Cleanup", Time since last: 1006025458 ns, Reaching safepoint: 2671584 ns, At safepoint: 64792 ns, Total: 2736376 ns
[2022-09-04T15:25:10.672+0000][1][safepoint    ] Safepoint "Cleanup", Time since last: 1004437625 ns, Reaching safepoint: 1593042 ns, At safepoint: 41083 ns, Total: 1634125 ns
[2022-09-04T15:25:11.678+0000][1][safepoint    ] Safepoint "Cleanup", Time since last: 1003658584 ns, Reaching safepoint: 1699833 ns, At safepoint: 41083 ns, Total: 1740916 ns
[2022-09-04T15:25:12.683+0000][1][safepoint    ] Safepoint "Cleanup", Time since last: 1002808793 ns, Reaching safepoint: 2181291 ns, At safepoint: 263542 ns, Total: 2444833 ns
[2022-09-04T15:25:13.692+0000][1][safepoint    ] Safepoint "Cleanup", Time since last: 1006322250 ns, Reaching safepoint: 2745709 ns, At safepoint: 65666 ns, Total: 2811375 ns
[2022-09-04T15:25:14.704+0000][1][safepoint    ] Safepoint "Cleanup", Time since last: 1008868584 ns, Reaching safepoint: 3340750 ns, At safepoint: 179917 ns, Total: 3520667 ns
[2022-09-04T15:25:15.715+0000][1][safepoint    ] Safepoint "Cleanup", Time since last: 1007626042 ns, Reaching safepoint: 2909500 ns, At safepoint: 161083 ns, Total: 3070583 ns
[2022-09-04T15:25:16.724+0000][1][safepoint    ] Safepoint "Cleanup", Time since last: 1007316668 ns, Reaching safepoint: 1829791 ns, At safepoint: 40417 ns, Total: 1870208 ns
[2022-09-04T15:25:17.731+0000][1][safepoint    ] Safepoint "Cleanup", Time since last: 1002996250 ns, Reaching safepoint: 4124667 ns, At safepoint: 61500 ns, Total: 4186167 ns
[2022-09-04T15:25:18.742+0000][1][safepoint    ] Safepoint "Cleanup", Time since last: 1007696875 ns, Reaching safepoint: 2998250 ns, At safepoint: 75500 ns, Total: 3073750 ns
[2022-09-04T15:25:19.747+0000][1][safepoint    ] Safepoint "Cleanup", Time since last: 1004234418 ns, Reaching safepoint: 819250 ns, At safepoint: 23958 ns, Total: 843208 ns
[2022-09-04T15:25:20.752+0000][1][safepoint    ] Safepoint "Cleanup", Time since last: 1002581084 ns, Reaching safepoint: 1771250 ns, At safepoint: 161666 ns, Total: 1932916 ns
[2022-09-04T15:25:21.759+0000][1][safepoint    ] Safepoint "Cleanup", Time since last: 1003520793 ns, Reaching safepoint: 3669875 ns, At safepoint: 89666 ns, Total: 3759541 ns
[2022-09-04T15:25:22.771+0000][1][safepoint    ] Safepoint "Cleanup", Time since last: 1010251626 ns, Reaching safepoint: 1509750 ns, At safepoint: 33791 ns, Total: 1543541 ns
[2022-09-04T15:25:23.776+0000][1][safepoint    ] Safepoint "Cleanup", Time since last: 1003322626 ns, Reaching safepoint: 1384458 ns, At safepoint: 42167 ns, Total: 1426625 ns
[2022-09-04T15:25:24.782+0000][1][safepoint    ] Safepoint "Cleanup", Time since last: 1003691625 ns, Reaching safepoint: 2543542 ns, At safepoint: 72917 ns, Total: 2616459 ns
[2022-09-04T15:25:25.790+0000][1][safepoint    ] Safepoint "Cleanup", Time since last: 1005629375 ns, Reaching safepoint: 2153209 ns, At safepoint: 60083 ns, Total: 2213292 ns
[2022-09-04T15:25:26.796+0000][1][safepoint    ] Safepoint "Cleanup", Time since last: 1005098209 ns, Reaching safepoint: 1424291 ns, At safepoint: 41000 ns, Total: 1465291 ns
[2022-09-04T15:25:27.801+0000][1][safepoint    ] Safepoint "Cleanup", Time since last: 1002772501 ns, Reaching safepoint: 1500333 ns, At safepoint: 33125 ns, Total: 1533458 ns
[2022-09-04T15:25:28.805+0000][1][safepoint    ] Safepoint "Cleanup", Time since last: 1002888126 ns, Reaching safepoint: 1680583 ns, At safepoint: 39500 ns, Total: 1720083 ns
[2022-09-04T15:25:29.817+0000][1][safepoint    ] Safepoint "Cleanup", Time since last: 1009886875 ns, Reaching safepoint: 1430000 ns, At safepoint: 39917 ns, Total: 1469917 ns
[2022-09-04T15:25:30.821+0000][1][safepoint    ] Safepoint "Cleanup", Time since last: 1003316167 ns, Reaching safepoint: 1137750 ns, At safepoint: 44333 ns, Total: 1182083 ns
[2022-09-04T15:25:31.826+0000][1][safepoint    ] Safepoint "Cleanup", Time since last: 1003421959 ns, Reaching safepoint: 1650333 ns, At safepoint: 36000 ns, Total: 1686333 ns
[2022-09-04T15:25:32.830+0000][1][safepoint    ] Safepoint "Cleanup", Time since last: 1002811001 ns, Reaching safepoint: 1150916 ns, At safepoint: 26334 ns, Total: 1177250 ns
[2022-09-04T15:25:33.833+0000][1][safepoint    ] Safepoint "Cleanup", Time since last: 1002106500 ns, Reaching safepoint: 828250 ns, At safepoint: 25667 ns, Total: 853917 ns
[2022-09-04T15:25:34.836+0000][1][safepoint    ] Safepoint "Cleanup", Time since last: 1002043167 ns, Reaching safepoint: 1436458 ns, At safepoint: 61167 ns, Total: 1497625 ns
[2022-09-04T15:25:35.841+0000][1][safepoint    ] Safepoint "Cleanup", Time since last: 1003064459 ns, Reaching safepoint: 1300750 ns, At safepoint: 38458 ns, Total: 1339208 ns
[2022-09-04T15:25:36.846+0000][1][safepoint    ] Safepoint "Cleanup", Time since last: 1003448417 ns, Reaching safepoint: 1365833 ns, At safepoint: 34417 ns, Total: 1400250 ns
[2022-09-04T15:25:37.849+0000][1][safepoint    ] Safepoint "Cleanup", Time since last: 1002382334 ns, Reaching safepoint: 1201000 ns, At safepoint: 31458 ns, Total: 1232458 ns
[2022-09-04T15:25:38.138+0000][1][safepoint    ] Safepoint "RevokeBias", Time since last: 287928542 ns, Reaching safepoint: 629500 ns, At safepoint: 608458 ns, Total: 1237958 ns
[2022-09-04T15:25:38.176+0000][1][safepoint    ] Safepoint "RevokeBias", Time since last: 36543959 ns, Reaching safepoint: 693333 ns, At safepoint: 119458 ns, Total: 812791 ns
[2022-09-04T15:25:38.267+0000][1][safepoint    ] Safepoint "RevokeBias", Time since last: 90805125 ns, Reaching safepoint: 640792 ns, At safepoint: 100708 ns, Total: 741500 ns
[2022-09-04T15:25:38.289+0000][1][safepoint    ] Safepoint "RevokeBias", Time since last: 20889751 ns, Reaching safepoint: 614208 ns, At safepoint: 100000 ns, Total: 714208 ns
[2022-09-04T15:25:38.323+0000][1][safepoint    ] Safepoint "RevokeBias", Time since last: 31951167 ns, Reaching safepoint: 1633708 ns, At safepoint: 132083 ns, Total: 1765791 ns
[2022-09-04T15:25:39.325+0000][1][safepoint    ] Safepoint "Cleanup", Time since last: 1001248417 ns, Reaching safepoint: 858417 ns, At safepoint: 26500 ns, Total: 884917 ns
[2022-09-04T15:25:40.328+0000][1][safepoint    ] Safepoint "Cleanup", Time since last: 1002792459 ns, Reaching safepoint: 895500 ns, At safepoint: 24458 ns, Total: 919958 ns
[2022-09-04T15:25:41.332+0000][1][safepoint    ] Safepoint "Cleanup", Time since last: 1002514876 ns, Reaching safepoint: 1211458 ns, At safepoint: 46792 ns, Total: 1258250 ns
[2022-09-04T15:25:42.337+0000][1][safepoint    ] Safepoint "Cleanup", Time since last: 1003547000 ns, Reaching safepoint: 861333 ns, At safepoint: 28125 ns, Total: 889458 ns
[2022-09-04T15:25:43.341+0000][1][safepoint    ] Safepoint "Cleanup", Time since last: 1003262668 ns, Reaching safepoint: 1022666 ns, At safepoint: 34084 ns, Total: 1056750 ns
[2022-09-04T15:25:44.346+0000][1][safepoint    ] Safepoint "Cleanup", Time since last: 1003586375 ns, Reaching safepoint: 1369042 ns, At safepoint: 45416 ns, Total: 1414458 ns
[2022-09-04T15:25:45.350+0000][1][safepoint    ] Safepoint "Cleanup", Time since last: 1002380084 ns, Reaching safepoint: 1594542 ns, At safepoint: 107958 ns, Total: 1702500 ns
[2022-09-04T15:25:46.353+0000][1][safepoint    ] Safepoint "Cleanup", Time since last: 1002621667 ns, Reaching safepoint: 807667 ns, At safepoint: 29792 ns, Total: 837459 ns
[2022-09-04T15:25:47.359+0000][1][safepoint    ] Safepoint "Cleanup", Time since last: 1003248208 ns, Reaching safepoint: 1785209 ns, At safepoint: 46292 ns, Total: 1831501 ns
[2022-09-04T15:25:48.363+0000][1][safepoint    ] Safepoint "Cleanup", Time since last: 1003907292 ns, Reaching safepoint: 916041 ns, At safepoint: 21459 ns, Total: 937500 ns
[2022-09-04T15:25:49.367+0000][1][safepoint    ] Safepoint "Cleanup", Time since last: 1002180292 ns, Reaching safepoint: 982000 ns, At safepoint: 23500 ns, Total: 1005500 ns
[2022-09-04T15:25:50.369+0000][1][safepoint    ] Safepoint "Cleanup", Time since last: 1001441209 ns, Reaching safepoint: 1028875 ns, At safepoint: 45166 ns, Total: 1074041 ns
[2022-09-04T15:25:50.385+0000][1][safepoint    ] Safepoint "RevokeBias", Time since last: 14874334 ns, Reaching safepoint: 654625 ns, At safepoint: 273833 ns, Total: 928458 ns
[2022-09-04T15:25:50.392+0000][1][safepoint    ] Safepoint "BulkRevokeBias", Time since last: 2816875 ns, Reaching safepoint: 494167 ns, At safepoint: 3500333 ns, Total: 3994500 ns
[2022-09-04T15:25:50.412+0000][1][safepoint    ] Safepoint "RevokeBias", Time since last: 19315583 ns, Reaching safepoint: 766209 ns, At safepoint: 116916 ns, Total: 883125 ns
[2022-09-04T15:25:50.422+0000][1][safepoint    ] Safepoint "RevokeBias", Time since last: 8785125 ns, Reaching safepoint: 804042 ns, At safepoint: 122500 ns, Total: 926542 ns
[2022-09-04T15:25:51.425+0000][1][safepoint    ] Safepoint "Cleanup", Time since last: 1002524042 ns, Reaching safepoint: 1071000 ns, At safepoint: 27750 ns, Total: 1098750 ns
[2022-09-04T15:25:52.430+0000][1][safepoint    ] Safepoint "Cleanup", Time since last: 1003169376 ns, Reaching safepoint: 1618083 ns, At safepoint: 57625 ns, Total: 1675708 ns
[2022-09-04T15:25:53.434+0000][1][safepoint    ] Safepoint "Cleanup", Time since last: 1003152084 ns, Reaching safepoint: 784416 ns, At safepoint: 72792 ns, Total: 857208 ns
[2022-09-04T15:25:54.437+0000][1][safepoint    ] Safepoint "Cleanup", Time since last: 1001475709 ns, Reaching safepoint: 1196250 ns, At safepoint: 31167 ns, Total: 1227417 ns
[2022-09-04T15:25:55.442+0000][1][safepoint    ] Safepoint "Cleanup", Time since last: 1003253208 ns, Reaching safepoint: 1577459 ns, At safepoint: 120166 ns, Total: 1697625 ns
[2022-09-04T15:25:56.031+0000][1][safepoint    ] Safepoint "RevokeBias", Time since last: 588657417 ns, Reaching safepoint: 689084 ns, At safepoint: 105875 ns, Total: 794959 ns
[2022-09-04T15:25:56.037+0000][1][safepoint    ] Safepoint "RevokeBias", Time since last: 5098458 ns, Reaching safepoint: 435500 ns, At safepoint: 107292 ns, Total: 542792 ns
[2022-09-04T15:25:56.058+0000][1][safepoint    ] Safepoint "RevokeBias", Time since last: 20345458 ns, Reaching safepoint: 1058958 ns, At safepoint: 206542 ns, Total: 1265500 ns
[2022-09-04T15:25:56.076+0000][1][safepoint    ] Safepoint "RevokeBias", Time since last: 13572708 ns, Reaching safepoint: 3789167 ns, At safepoint: 155167 ns, Total: 3944334 ns
[2022-09-04T15:25:57.081+0000][1][safepoint    ] Safepoint "Cleanup", Time since last: 1003023708 ns, Reaching safepoint: 1492000 ns, At safepoint: 45375 ns, Total: 1537375 ns
[2022-09-04T15:25:58.085+0000][1][safepoint    ] Safepoint "Cleanup", Time since last: 1003314876 ns, Reaching safepoint: 738542 ns, At safepoint: 20333 ns, Total: 758875 ns
[2022-09-04T15:25:59.092+0000][1][safepoint    ] Safepoint "Cleanup", Time since last: 1002988209 ns, Reaching safepoint: 4008958 ns, At safepoint: 118833 ns, Total: 4127791 ns
[2022-09-04T15:26:00.098+0000][1][safepoint    ] Safepoint "Cleanup", Time since last: 1005162084 ns, Reaching safepoint: 973917 ns, At safepoint: 28667 ns, Total: 1002584 ns
[2022-09-04T15:26:01.102+0000][1][safepoint    ] Safepoint "Cleanup", Time since last: 1002038249 ns, Reaching safepoint: 2192250 ns, At safepoint: 84708 ns, Total: 2276958 ns
[2022-09-04T15:26:02.106+0000][1][safepoint    ] Safepoint "Cleanup", Time since last: 1003367001 ns, Reaching safepoint: 782542 ns, At safepoint: 20166 ns, Total: 802708 ns
[2022-09-04T15:26:03.109+0000][1][safepoint    ] Safepoint "Cleanup", Time since last: 1001860667 ns, Reaching safepoint: 679792 ns, At safepoint: 27833 ns, Total: 707625 ns
[2022-09-04T15:26:04.112+0000][1][safepoint    ] Safepoint "Cleanup", Time since last: 1001853543 ns, Reaching safepoint: 794708 ns, At safepoint: 40583 ns, Total: 835291 ns
[2022-09-04T15:26:05.116+0000][1][safepoint    ] Safepoint "Cleanup", Time since last: 1001540459 ns, Reaching safepoint: 2508500 ns, At safepoint: 34875 ns, Total: 2543375 ns
[2022-09-04T15:26:06.119+0000][1][safepoint    ] Safepoint "Cleanup", Time since last: 1002295125 ns, Reaching safepoint: 1062292 ns, At safepoint: 27958 ns, Total: 1090250 ns
[2022-09-04T15:26:07.123+0000][1][safepoint    ] Safepoint "Cleanup", Time since last: 1002913626 ns, Reaching safepoint: 1066042 ns, At safepoint: 49458 ns, Total: 1115500 ns
[2022-09-04T15:26:08.128+0000][1][safepoint    ] Safepoint "Cleanup", Time since last: 1003601584 ns, Reaching safepoint: 893541 ns, At safepoint: 27584 ns, Total: 921125 ns
[2022-09-04T15:26:09.133+0000][1][safepoint    ] Safepoint "Cleanup", Time since last: 1002567417 ns, Reaching safepoint: 2473667 ns, At safepoint: 113000 ns, Total: 2586667 ns
[2022-09-04T15:26:10.137+0000][1][safepoint    ] Safepoint "Cleanup", Time since last: 1003205833 ns, Reaching safepoint: 1382917 ns, At safepoint: 34625 ns, Total: 1417542 ns
[2022-09-04T15:26:11.142+0000][1][safepoint    ] Safepoint "Cleanup", Time since last: 1002615959 ns, Reaching safepoint: 2083542 ns, At safepoint: 86750 ns, Total: 2170292 ns
[2022-09-04T15:26:12.150+0000][1][safepoint    ] Safepoint "Cleanup", Time since last: 1005172625 ns, Reaching safepoint: 1855583 ns, At safepoint: 378584 ns, Total: 2234167 ns
[2022-09-04T15:26:13.154+0000][1][safepoint    ] Safepoint "Cleanup", Time since last: 1003911167 ns, Reaching safepoint: 750208 ns, At safepoint: 22625 ns, Total: 772833 ns
[2022-09-04T15:26:14.157+0000][1][safepoint    ] Safepoint "Cleanup", Time since last: 1001654542 ns, Reaching safepoint: 838500 ns, At safepoint: 25667 ns, Total: 864167 ns
[2022-09-04T15:26:15.161+0000][1][safepoint    ] Safepoint "Cleanup", Time since last: 1002013792 ns, Reaching safepoint: 1818208 ns, At safepoint: 71125 ns, Total: 1889333 ns
[2022-09-04T15:26:16.165+0000][1][safepoint    ] Safepoint "Cleanup", Time since last: 1002648418 ns, Reaching safepoint: 1712708 ns, At safepoint: 46375 ns, Total: 1759083 ns
[2022-09-04T15:26:17.172+0000][1][safepoint    ] Safepoint "Cleanup", Time since last: 1004871500 ns, Reaching safepoint: 1596084 ns, At safepoint: 38416 ns, Total: 1634500 ns
[2022-09-04T15:26:18.177+0000][1][safepoint    ] Safepoint "Cleanup", Time since last: 1004987501 ns, Reaching safepoint: 779625 ns, At safepoint: 19125 ns, Total: 798750 ns
[2022-09-04T15:26:19.180+0000][1][safepoint    ] Safepoint "Cleanup", Time since last: 1001998959 ns, Reaching safepoint: 746041 ns, At safepoint: 25334 ns, Total: 771375 ns
[2022-09-04T15:26:20.183+0000][1][safepoint    ] Safepoint "Cleanup", Time since last: 1001601042 ns, Reaching safepoint: 763375 ns, At safepoint: 25750 ns, Total: 789125 ns
[2022-09-04T15:26:21.186+0000][1][safepoint    ] Safepoint "Cleanup", Time since last: 1001810875 ns, Reaching safepoint: 2017709 ns, At safepoint: 71166 ns, Total: 2088875 ns
[2022-09-04T15:26:22.190+0000][1][safepoint    ] Safepoint "Cleanup", Time since last: 1003005292 ns, Reaching safepoint: 756250 ns, At safepoint: 44875 ns, Total: 801125 ns
[2022-09-04T15:26:23.194+0000][1][safepoint    ] Safepoint "Cleanup", Time since last: 1002842459 ns, Reaching safepoint: 1083875 ns, At safepoint: 65000 ns, Total: 1148875 ns
[2022-09-04T15:26:24.199+0000][1][safepoint    ] Safepoint "Cleanup", Time since last: 1003608959 ns, Reaching safepoint: 767417 ns, At safepoint: 20875 ns, Total: 788292 ns
[2022-09-04T15:26:25.204+0000][1][safepoint    ] Safepoint "Cleanup", Time since last: 1002446125 ns, Reaching safepoint: 2540709 ns, At safepoint: 68875 ns, Total: 2609584 ns
[2022-09-04T15:26:26.210+0000][1][safepoint    ] Safepoint "Cleanup", Time since last: 1004418958 ns, Reaching safepoint: 1543750 ns, At safepoint: 33209 ns, Total: 1576959 ns
[2022-09-04T15:26:27.216+0000][1][safepoint    ] Safepoint "Cleanup", Time since last: 1003624792 ns, Reaching safepoint: 2693667 ns, At safepoint: 70458 ns, Total: 2764125 ns
[2022-09-04T15:26:28.225+0000][1][safepoint    ] Safepoint "Cleanup", Time since last: 1007690334 ns, Reaching safepoint: 871250 ns, At safepoint: 31750 ns, Total: 903000 ns
[2022-09-04T15:26:29.227+0000][1][safepoint    ] Safepoint "Cleanup", Time since last: 1001609167 ns, Reaching safepoint: 1051791 ns, At safepoint: 24667 ns, Total: 1076458 ns
[2022-09-04T15:26:30.230+0000][1][safepoint    ] Safepoint "Cleanup", Time since last: 1002049584 ns, Reaching safepoint: 731083 ns, At safepoint: 22125 ns, Total: 753208 ns
[2022-09-04T15:26:31.235+0000][1][safepoint    ] Safepoint "Cleanup", Time since last: 1001913625 ns, Reaching safepoint: 2811292 ns, At safepoint: 79000 ns, Total: 2890292 ns
[2022-09-04T15:26:32.242+0000][1][safepoint    ] Safepoint "Cleanup", Time since last: 1004702834 ns, Reaching safepoint: 2418292 ns, At safepoint: 67833 ns, Total: 2486125 ns
[2022-09-04T15:26:33.248+0000][1][safepoint    ] Safepoint "Cleanup", Time since last: 1004496292 ns, Reaching safepoint: 1746333 ns, At safepoint: 43792 ns, Total: 1790125 ns
[2022-09-04T15:26:34.254+0000][1][safepoint    ] Safepoint "Cleanup", Time since last: 1004696417 ns, Reaching safepoint: 889792 ns, At safepoint: 21625 ns, Total: 911417 ns
[2022-09-04T15:26:35.260+0000][1][safepoint    ] Safepoint "Cleanup", Time since last: 1002941834 ns, Reaching safepoint: 2799125 ns, At safepoint: 105500 ns, Total: 2904625 ns
[2022-09-04T15:26:36.266+0000][1][safepoint    ] Safepoint "Cleanup", Time since last: 1004594209 ns, Reaching safepoint: 2031166 ns, At safepoint: 125625 ns, Total: 2156791 ns
[2022-09-04T15:26:37.274+0000][1][safepoint    ] Safepoint "Cleanup", Time since last: 1003725626 ns, Reaching safepoint: 3368333 ns, At safepoint: 119333 ns, Total: 3487666 ns
[2022-09-04T15:26:38.280+0000][1][safepoint    ] Safepoint "Cleanup", Time since last: 1005627209 ns, Reaching safepoint: 920417 ns, At safepoint: 28958 ns, Total: 949375 ns
[2022-09-04T15:26:39.285+0000][1][safepoint    ] Safepoint "Cleanup", Time since last: 1003328167 ns, Reaching safepoint: 1440292 ns, At safepoint: 120167 ns, Total: 1560459 ns
[2022-09-04T15:26:41.080+0000][1][safepoint    ] Safepoint "Cleanup", Time since last: 1793651167 ns, Reaching safepoint: 1564750 ns, At safepoint: 48625 ns, Total: 1613375 ns
[2022-09-04T15:26:42.086+0000][1][safepoint    ] Safepoint "Cleanup", Time since last: 1004699084 ns, Reaching safepoint: 1034333 ns, At safepoint: 29959 ns, Total: 1064292 ns
[2022-09-04T15:26:43.090+0000][1][safepoint    ] Safepoint "Cleanup", Time since last: 1002661083 ns, Reaching safepoint: 845000 ns, At safepoint: 39000 ns, Total: 884000 ns
[2022-09-04T15:26:44.093+0000][1][safepoint    ] Safepoint "Cleanup", Time since last: 1002844751 ns, Reaching safepoint: 843917 ns, At safepoint: 22208 ns, Total: 866125 ns
[2022-09-04T15:26:45.098+0000][1][safepoint    ] Safepoint "Cleanup", Time since last: 1003189750 ns, Reaching safepoint: 1754959 ns, At safepoint: 53041 ns, Total: 1808000 ns
[2022-09-04T15:26:46.104+0000][1][safepoint    ] Safepoint "Cleanup", Time since last: 1004546126 ns, Reaching safepoint: 1089833 ns, At safepoint: 30250 ns, Total: 1120083 ns
[2022-09-04T15:26:47.110+0000][1][safepoint    ] Safepoint "Cleanup", Time since last: 1002682334 ns, Reaching safepoint: 2725667 ns, At safepoint: 85833 ns, Total: 2811500 ns
[2022-09-04T15:26:48.117+0000][1][safepoint    ] Safepoint "Cleanup", Time since last: 1007101042 ns, Reaching safepoint: 719042 ns, At safepoint: 23125 ns, Total: 742167 ns
[2022-09-04T15:26:49.123+0000][1][safepoint    ] Safepoint "Cleanup", Time since last: 1001869084 ns, Reaching safepoint: 4030583 ns, At safepoint: 93042 ns, Total: 4123625 ns
[2022-09-04T15:26:50.129+0000][1][safepoint    ] Safepoint "Cleanup", Time since last: 1004236375 ns, Reaching safepoint: 1628542 ns, At safepoint: 42625 ns, Total: 1671167 ns
[2022-09-04T15:26:51.135+0000][1][safepoint    ] Safepoint "Cleanup", Time since last: 1003242042 ns, Reaching safepoint: 2033708 ns, At safepoint: 55500 ns, Total: 2089208 ns
[2022-09-04T15:26:52.141+0000][1][safepoint    ] Safepoint "Cleanup", Time since last: 1003903542 ns, Reaching safepoint: 2263084 ns, At safepoint: 64375 ns, Total: 2327459 ns
[2022-09-04T15:26:53.148+0000][1][safepoint    ] Safepoint "Cleanup", Time since last: 1006170917 ns, Reaching safepoint: 926083 ns, At safepoint: 19709 ns, Total: 945792 ns
[2022-09-04T15:26:54.152+0000][1][safepoint    ] Safepoint "Cleanup", Time since last: 1001894708 ns, Reaching safepoint: 1987750 ns, At safepoint: 59125 ns, Total: 2046875 ns
[2022-09-04T15:26:55.159+0000][1][safepoint    ] Safepoint "Cleanup", Time since last: 1002925501 ns, Reaching safepoint: 3997208 ns, At safepoint: 106667 ns, Total: 4103875 ns
[2022-09-04T15:26:56.164+0000][1][safepoint    ] Safepoint "Cleanup", Time since last: 1003989917 ns, Reaching safepoint: 830917 ns, At safepoint: 25541 ns, Total: 856458 ns
[2022-09-04T15:26:57.167+0000][1][safepoint    ] Safepoint "Cleanup", Time since last: 1001851334 ns, Reaching safepoint: 1458500 ns, At safepoint: 41625 ns, Total: 1500125 ns
[2022-09-04T15:26:58.173+0000][1][safepoint    ] Safepoint "Cleanup", Time since last: 1004987917 ns, Reaching safepoint: 700667 ns, At safepoint: 20083 ns, Total: 720750 ns
[2022-09-04T15:26:59.176+0000][1][safepoint    ] Safepoint "Cleanup", Time since last: 1001859959 ns, Reaching safepoint: 1558833 ns, At safepoint: 45959 ns, Total: 1604792 ns
[2022-09-04T15:27:00.180+0000][1][safepoint    ] Safepoint "Cleanup", Time since last: 1002541417 ns, Reaching safepoint: 1493417 ns, At safepoint: 40875 ns, Total: 1534292 ns
[2022-09-04T15:27:01.497+0000][1][safepoint    ] Safepoint "Cleanup", Time since last: 1315188458 ns, Reaching safepoint: 1377792 ns, At safepoint: 82250 ns, Total: 1460042 ns
[2022-09-04T15:27:02.501+0000][1][safepoint    ] Safepoint "Cleanup", Time since last: 1002853125 ns, Reaching safepoint: 1497292 ns, At safepoint: 66291 ns, Total: 1563583 ns
[2022-09-04T15:27:03.506+0000][1][safepoint    ] Safepoint "Cleanup", Time since last: 1002978668 ns, Reaching safepoint: 1908416 ns, At safepoint: 58084 ns, Total: 1966500 ns
[2022-09-04T15:27:04.512+0000][1][safepoint    ] Safepoint "Cleanup", Time since last: 1004714417 ns, Reaching safepoint: 1540916 ns, At safepoint: 52542 ns, Total: 1593458 ns
[2022-09-04T15:27:05.521+0000][1][safepoint    ] Safepoint "Cleanup", Time since last: 1005558417 ns, Reaching safepoint: 3482709 ns, At safepoint: 93208 ns, Total: 3575917 ns
[2022-09-04T15:27:06.528+0000][1][safepoint    ] Safepoint "Cleanup", Time since last: 1004670542 ns, Reaching safepoint: 1791250 ns, At safepoint: 42625 ns, Total: 1833875 ns
[2022-09-04T15:27:07.535+0000][1][safepoint    ] Safepoint "Cleanup", Time since last: 1004191209 ns, Reaching safepoint: 2954958 ns, At safepoint: 68083 ns, Total: 3023041 ns
[2022-09-04T15:27:08.546+0000][1][safepoint    ] Safepoint "Cleanup", Time since last: 1007549459 ns, Reaching safepoint: 3460542 ns, At safepoint: 101250 ns, Total: 3561792 ns
[2022-09-04T15:27:09.555+0000][1][safepoint    ] Safepoint "Cleanup", Time since last: 1005756834 ns, Reaching safepoint: 3149916 ns, At safepoint: 88709 ns, Total: 3238625 ns
[2022-09-04T15:27:10.564+0000][1][safepoint    ] Safepoint "Cleanup", Time since last: 1004716500 ns, Reaching safepoint: 3465042 ns, At safepoint: 112167 ns, Total: 3577209 ns
[2022-09-04T15:27:11.573+0000][1][safepoint    ] Safepoint "Cleanup", Time since last: 1007993125 ns, Reaching safepoint: 1140083 ns, At safepoint: 26250 ns, Total: 1166333 ns
[2022-09-04T15:27:12.577+0000][1][safepoint    ] Safepoint "Cleanup", Time since last: 1001858918 ns, Reaching safepoint: 2437541 ns, At safepoint: 65834 ns, Total: 2503375 ns
[2022-09-04T15:27:13.587+0000][1][safepoint    ] Safepoint "Cleanup", Time since last: 1006789042 ns, Reaching safepoint: 3438041 ns, At safepoint: 99000 ns, Total: 3537041 ns
[2022-09-04T15:27:14.596+0000][1][safepoint    ] Safepoint "Cleanup", Time since last: 1006429584 ns, Reaching safepoint: 2397334 ns, At safepoint: 72833 ns, Total: 2470167 ns
[2022-09-04T15:27:15.603+0000][1][safepoint    ] Safepoint "Cleanup", Time since last: 1004193792 ns, Reaching safepoint: 2159000 ns, At safepoint: 76250 ns, Total: 2235250 ns
[2022-09-04T15:27:16.607+0000][1][safepoint    ] Safepoint "Cleanup", Time since last: 1002806792 ns, Reaching safepoint: 923125 ns, At safepoint: 34500 ns, Total: 957625 ns
[2022-09-04T15:27:17.612+0000][1][safepoint    ] Safepoint "Cleanup", Time since last: 1001587542 ns, Reaching safepoint: 3558834 ns, At safepoint: 104208 ns, Total: 3663042 ns
[2022-09-04T15:27:18.620+0000][1][safepoint    ] Safepoint "Cleanup", Time since last: 1006016500 ns, Reaching safepoint: 2462667 ns, At safepoint: 77833 ns, Total: 2540500 ns
[2022-09-04T15:27:19.627+0000][1][safepoint    ] Safepoint "Cleanup", Time since last: 1004260584 ns, Reaching safepoint: 2420042 ns, At safepoint: 62000 ns, Total: 2482042 ns
[2022-09-04T15:27:20.634+0000][1][safepoint    ] Safepoint "Cleanup", Time since last: 1004362084 ns, Reaching safepoint: 2060125 ns, At safepoint: 56583 ns, Total: 2116708 ns
[2022-09-04T15:27:21.639+0000][1][safepoint    ] Safepoint "Cleanup", Time since last: 1004925667 ns, Reaching safepoint: 896500 ns, At safepoint: 24459 ns, Total: 920959 ns
[2022-09-04T15:27:22.645+0000][1][safepoint    ] Safepoint "Cleanup", Time since last: 1002005583 ns, Reaching safepoint: 3540875 ns, At safepoint: 94584 ns, Total: 3635459 ns
[2022-09-04T15:27:23.656+0000][1][safepoint    ] Safepoint "Cleanup", Time since last: 1007493625 ns, Reaching safepoint: 3307750 ns, At safepoint: 122208 ns, Total: 3429958 ns
[2022-09-04T15:27:24.665+0000][1][safepoint    ] Safepoint "Cleanup", Time since last: 1005786293 ns, Reaching safepoint: 2804500 ns, At safepoint: 372708 ns, Total: 3177208 ns
[2022-09-04T15:27:25.675+0000][1][safepoint    ] Safepoint "Cleanup", Time since last: 1006028625 ns, Reaching safepoint: 3835084 ns, At safepoint: 499291 ns, Total: 4334375 ns
[2022-09-04T15:27:26.679+0000][1][safepoint    ] Safepoint "Cleanup", Time since last: 1003303959 ns, Reaching safepoint: 868750 ns, At safepoint: 39042 ns, Total: 907792 ns
[2022-09-04T15:27:27.684+0000][1][safepoint    ] Safepoint "Cleanup", Time since last: 1001919459 ns, Reaching safepoint: 2381625 ns, At safepoint: 90833 ns, Total: 2472458 ns
[2022-09-04T15:27:28.697+0000][1][safepoint    ] Safepoint "Cleanup", Time since last: 1009407542 ns, Reaching safepoint: 3502792 ns, At safepoint: 77375 ns, Total: 3580167 ns
[2022-09-04T15:27:29.703+0000][1][safepoint    ] Safepoint "Cleanup", Time since last: 1004420375 ns, Reaching safepoint: 2077500 ns, At safepoint: 61917 ns, Total: 2139417 ns
[2022-09-04T15:27:30.708+0000][1][safepoint    ] Safepoint "Cleanup", Time since last: 1002973000 ns, Reaching safepoint: 2089666 ns, At safepoint: 166084 ns, Total: 2255750 ns
[2022-09-04T15:27:31.716+0000][1][safepoint    ] Safepoint "Cleanup", Time since last: 1006180083 ns, Reaching safepoint: 1067792 ns, At safepoint: 31625 ns, Total: 1099417 ns
[2022-09-04T15:27:32.721+0000][1][safepoint    ] Safepoint "Cleanup", Time since last: 1003355709 ns, Reaching safepoint: 1836792 ns, At safepoint: 52500 ns, Total: 1889292 ns
[2022-09-04T15:27:33.727+0000][1][safepoint    ] Safepoint "Cleanup", Time since last: 1004156083 ns, Reaching safepoint: 1669792 ns, At safepoint: 33500 ns, Total: 1703292 ns
[2022-09-04T15:27:34.732+0000][1][safepoint    ] Safepoint "Cleanup", Time since last: 1003219917 ns, Reaching safepoint: 1688375 ns, At safepoint: 76500 ns, Total: 1764875 ns
[2022-09-04T15:27:35.740+0000][1][safepoint    ] Safepoint "Cleanup", Time since last: 1005410084 ns, Reaching safepoint: 2341833 ns, At safepoint: 65500 ns, Total: 2407333 ns
[2022-09-04T15:27:36.745+0000][1][safepoint    ] Safepoint "Cleanup", Time since last: 1004418042 ns, Reaching safepoint: 992792 ns, At safepoint: 22000 ns, Total: 1014792 ns
[2022-09-04T15:27:37.749+0000][1][safepoint    ] Safepoint "Cleanup", Time since last: 1001997042 ns, Reaching safepoint: 1854834 ns, At safepoint: 53583 ns, Total: 1908417 ns
[2022-09-04T15:27:38.754+0000][1][safepoint    ] Safepoint "Cleanup", Time since last: 1003127500 ns, Reaching safepoint: 1592709 ns, At safepoint: 44875 ns, Total: 1637584 ns
[2022-09-04T15:27:39.760+0000][1][safepoint    ] Safepoint "Cleanup", Time since last: 1003956250 ns, Reaching safepoint: 2533209 ns, At safepoint: 81333 ns, Total: 2614542 ns
[2022-09-04T15:27:40.765+0000][1][safepoint    ] Safepoint "Cleanup", Time since last: 1004148542 ns, Reaching safepoint: 1078333 ns, At safepoint: 26334 ns, Total: 1104667 ns
[2022-09-04T15:27:41.772+0000][1][safepoint    ] Safepoint "Cleanup", Time since last: 1004895667 ns, Reaching safepoint: 1215083 ns, At safepoint: 33458 ns, Total: 1248541 ns
[2022-09-04T15:27:42.776+0000][1][safepoint    ] Safepoint "Cleanup", Time since last: 1002523459 ns, Reaching safepoint: 1548500 ns, At safepoint: 41042 ns, Total: 1589542 ns
[2022-09-04T15:27:43.781+0000][1][safepoint    ] Safepoint "Cleanup", Time since last: 1002641917 ns, Reaching safepoint: 2742125 ns, At safepoint: 82292 ns, Total: 2824417 ns
[2022-09-04T15:27:44.788+0000][1][safepoint    ] Safepoint "Cleanup", Time since last: 1004793875 ns, Reaching safepoint: 2134917 ns, At safepoint: 91333 ns, Total: 2226250 ns
[2022-09-04T15:27:45.796+0000][1][safepoint    ] Safepoint "Cleanup", Time since last: 1006213876 ns, Reaching safepoint: 1576208 ns, At safepoint: 43958 ns, Total: 1620166 ns
[2022-09-04T15:27:46.800+0000][1][safepoint    ] Safepoint "Cleanup", Time since last: 1002748709 ns, Reaching safepoint: 959000 ns, At safepoint: 24292 ns, Total: 983292 ns
[2022-09-04T15:27:47.805+0000][1][safepoint    ] Safepoint "Cleanup", Time since last: 1002256834 ns, Reaching safepoint: 2828000 ns, At safepoint: 60000 ns, Total: 2888000 ns
[2022-09-04T15:27:48.811+0000][1][safepoint    ] Safepoint "Cleanup", Time since last: 1003906834 ns, Reaching safepoint: 1866958 ns, At safepoint: 43500 ns, Total: 1910458 ns
[2022-09-04T15:27:49.817+0000][1][safepoint    ] Safepoint "Cleanup", Time since last: 1004210417 ns, Reaching safepoint: 1779500 ns, At safepoint: 51375 ns, Total: 1830875 ns
[2022-09-04T15:27:50.824+0000][1][safepoint    ] Safepoint "Cleanup", Time since last: 1004623834 ns, Reaching safepoint: 2354291 ns, At safepoint: 63917 ns, Total: 2418208 ns
[2022-09-04T15:27:51.835+0000][1][safepoint    ] Safepoint "Cleanup", Time since last: 1009818084 ns, Reaching safepoint: 943833 ns, At safepoint: 21084 ns, Total: 964917 ns
[2022-09-04T15:27:52.839+0000][1][safepoint    ] Safepoint "Cleanup", Time since last: 1001849000 ns, Reaching safepoint: 2192000 ns, At safepoint: 83750 ns, Total: 2275750 ns
[2022-09-04T15:27:53.845+0000][1][safepoint    ] Safepoint "Cleanup", Time since last: 1004399834 ns, Reaching safepoint: 1385000 ns, At safepoint: 41250 ns, Total: 1426250 ns
[2022-09-04T15:27:54.849+0000][1][safepoint    ] Safepoint "Cleanup", Time since last: 1002618500 ns, Reaching safepoint: 1647584 ns, At safepoint: 62875 ns, Total: 1710459 ns
[2022-09-04T15:27:55.854+0000][1][safepoint    ] Safepoint "Cleanup", Time since last: 1003965417 ns, Reaching safepoint: 1008167 ns, At safepoint: 28333 ns, Total: 1036500 ns
[2022-09-04T15:27:56.858+0000][1][safepoint    ] Safepoint "Cleanup", Time since last: 1003118875 ns, Reaching safepoint: 826792 ns, At safepoint: 23625 ns, Total: 850417 ns
[2022-09-04T15:27:57.861+0000][1][safepoint    ] Safepoint "Cleanup", Time since last: 1001677584 ns, Reaching safepoint: 1133000 ns, At safepoint: 37958 ns, Total: 1170958 ns
[2022-09-04T15:27:58.869+0000][1][safepoint    ] Safepoint "Cleanup", Time since last: 1005437667 ns, Reaching safepoint: 2397209 ns, At safepoint: 74583 ns, Total: 2471792 ns
[2022-09-04T15:27:59.876+0000][1][safepoint    ] Safepoint "Cleanup", Time since last: 1005359292 ns, Reaching safepoint: 1850083 ns, At safepoint: 97209 ns, Total: 1947292 ns
[2022-09-04T15:28:01.541+0000][1][safepoint    ] Safepoint "Cleanup", Time since last: 1664234666 ns, Reaching safepoint: 1263625 ns, At safepoint: 30000 ns, Total: 1293625 ns
[2022-09-04T15:28:02.547+0000][1][safepoint    ] Safepoint "Cleanup", Time since last: 1003997376 ns, Reaching safepoint: 1519458 ns, At safepoint: 79875 ns, Total: 1599333 ns
[2022-09-04T15:28:03.553+0000][1][safepoint    ] Safepoint "Cleanup", Time since last: 1004118667 ns, Reaching safepoint: 1724000 ns, At safepoint: 46334 ns, Total: 1770334 ns
[2022-09-04T15:28:04.558+0000][1][safepoint    ] Safepoint "Cleanup", Time since last: 1003946958 ns, Reaching safepoint: 852625 ns, At safepoint: 21834 ns, Total: 874459 ns
[2022-09-04T15:28:05.562+0000][1][safepoint    ] Safepoint "Cleanup", Time since last: 1003402500 ns, Reaching safepoint: 837334 ns, At safepoint: 21291 ns, Total: 858625 ns
[2022-09-04T15:28:06.565+0000][1][safepoint    ] Safepoint "Cleanup", Time since last: 1001776542 ns, Reaching safepoint: 1352959 ns, At safepoint: 36041 ns, Total: 1389000 ns
[2022-09-04T15:28:07.569+0000][1][safepoint    ] Safepoint "Cleanup", Time since last: 1002782126 ns, Reaching safepoint: 1286833 ns, At safepoint: 144958 ns, Total: 1431791 ns
[2022-09-04T15:28:08.574+0000][1][safepoint    ] Safepoint "Cleanup", Time since last: 1003544084 ns, Reaching safepoint: 1140334 ns, At safepoint: 32625 ns, Total: 1172959 ns
[2022-09-04T15:28:09.577+0000][1][safepoint    ] Safepoint "Cleanup", Time since last: 1002360042 ns, Reaching safepoint: 1097041 ns, At safepoint: 33375 ns, Total: 1130416 ns
[2022-09-04T15:28:10.581+0000][1][safepoint    ] Safepoint "Cleanup", Time since last: 1002112126 ns, Reaching safepoint: 1785125 ns, At safepoint: 44208 ns, Total: 1829333 ns
[2022-09-04T15:28:11.586+0000][1][safepoint    ] Safepoint "Cleanup", Time since last: 1002505876 ns, Reaching safepoint: 2058250 ns, At safepoint: 61291 ns, Total: 2119541 ns
[2022-09-04T15:28:12.593+0000][1][safepoint    ] Safepoint "Cleanup", Time since last: 1004625251 ns, Reaching safepoint: 2629125 ns, At safepoint: 53125 ns, Total: 2682250 ns
[2022-09-04T15:28:13.600+0000][1][safepoint    ] Safepoint "Cleanup", Time since last: 1005284750 ns, Reaching safepoint: 1815084 ns, At safepoint: 47583 ns, Total: 1862667 ns
[2022-09-04T15:28:14.605+0000][1][safepoint    ] Safepoint "Cleanup", Time since last: 1003369292 ns, Reaching safepoint: 1576084 ns, At safepoint: 41958 ns, Total: 1618042 ns
[2022-09-04T15:28:15.613+0000][1][safepoint    ] Safepoint "Cleanup", Time since last: 1004382042 ns, Reaching safepoint: 2946167 ns, At safepoint: 141541 ns, Total: 3087708 ns
[2022-09-04T15:28:16.624+0000][1][safepoint    ] Safepoint "Cleanup", Time since last: 1008311084 ns, Reaching safepoint: 2861583 ns, At safepoint: 170000 ns, Total: 3031583 ns
[2022-09-04T15:28:17.711+0000][1][safepoint    ] Safepoint "Cleanup", Time since last: 1083963001 ns, Reaching safepoint: 2262958 ns, At safepoint: 83292 ns, Total: 2346250 ns
[2022-09-04T15:28:18.397+0000][1][safepoint    ] Safepoint "RevokeBias", Time since last: 685279750 ns, Reaching safepoint: 872250 ns, At safepoint: 147792 ns, Total: 1020042 ns
[2022-09-04T15:28:18.421+0000][1][safepoint    ] Safepoint "RevokeBias", Time since last: 22532333 ns, Reaching safepoint: 1202584 ns, At safepoint: 102958 ns, Total: 1305542 ns
[2022-09-04T15:28:19.424+0000][1][safepoint    ] Safepoint "Cleanup", Time since last: 1002604625 ns, Reaching safepoint: 1138125 ns, At safepoint: 25292 ns, Total: 1163417 ns
[2022-09-04T15:28:20.428+0000][1][safepoint    ] Safepoint "Cleanup", Time since last: 1002755417 ns, Reaching safepoint: 1092292 ns, At safepoint: 28917 ns, Total: 1121209 ns
[2022-09-04T15:28:21.432+0000][1][safepoint    ] Safepoint "Cleanup", Time since last: 1002929708 ns, Reaching safepoint: 940709 ns, At safepoint: 28208 ns, Total: 968917 ns
[2022-09-04T15:28:22.436+0000][1][safepoint    ] Safepoint "Cleanup", Time since last: 1001732501 ns, Reaching safepoint: 2360250 ns, At safepoint: 76250 ns, Total: 2436500 ns
[2022-09-04T15:28:23.444+0000][1][safepoint    ] Safepoint "Cleanup", Time since last: 1006093417 ns, Reaching safepoint: 1270750 ns, At safepoint: 35666 ns, Total: 1306416 ns
[2022-09-04T15:28:24.447+0000][1][safepoint    ] Safepoint "Cleanup", Time since last: 1002746626 ns, Reaching safepoint: 917375 ns, At safepoint: 23250 ns, Total: 940625 ns
[2022-09-04T15:28:25.450+0000][1][safepoint    ] Safepoint "Cleanup", Time since last: 1001811292 ns, Reaching safepoint: 752292 ns, At safepoint: 23000 ns, Total: 775292 ns
[2022-09-04T15:28:26.454+0000][1][safepoint    ] Safepoint "Cleanup", Time since last: 1002458875 ns, Reaching safepoint: 1070708 ns, At safepoint: 27209 ns, Total: 1097917 ns
[2022-09-04T15:28:27.160+0000][1][gc,start     ] GC(23) Pause Young (Allocation Failure)
[2022-09-04T15:28:27.169+0000][1][gc,task      ] GC(23) Using 4 workers of 4 for evacuation
[2022-09-04T15:28:27.227+0000][1][gc,age       ] GC(23) Desired survivor size 8945664 bytes, new threshold 6 (max threshold 6)
[2022-09-04T15:28:27.229+0000][1][gc,age       ] GC(23) Age table with threshold 6 (max threshold 6)
[2022-09-04T15:28:27.230+0000][1][gc,age       ] GC(23) - age   1:     182400 bytes,     182400 total
[2022-09-04T15:28:27.232+0000][1][gc,age       ] GC(23) - age   2:     453576 bytes,     635976 total
[2022-09-04T15:28:27.233+0000][1][gc,age       ] GC(23) - age   3:      17064 bytes,     653040 total
[2022-09-04T15:28:27.236+0000][1][gc,age       ] GC(23) - age   4:      16408 bytes,     669448 total
[2022-09-04T15:28:27.237+0000][1][gc,age       ] GC(23) - age   5:       8624 bytes,     678072 total
[2022-09-04T15:28:27.238+0000][1][gc,age       ] GC(23) - age   6:      38344 bytes,     716416 total
[2022-09-04T15:28:27.241+0000][1][gc,heap      ] GC(23) ParNew: 142952K->1037K(157248K)
[2022-09-04T15:28:27.242+0000][1][gc,heap      ] GC(23) CMS: 66440K->66823K(349568K)
[2022-09-04T15:28:27.243+0000][1][gc,metaspace ] GC(23) Metaspace: 83335K->83335K(1126400K)
[2022-09-04T15:28:27.246+0000][1][gc           ] GC(23) Pause Young (Allocation Failure) 204M->66M(494M) 86.120ms
[2022-09-04T15:28:27.247+0000][1][gc,cpu       ] GC(23) User=0.12s Sys=0.03s Real=0.09s
[2022-09-04T15:28:27.248+0000][1][safepoint    ] Safepoint "GenCollectForAllocation", Time since last: 702301459 ns, Reaching safepoint: 1984375 ns, At safepoint: 90114541 ns, Total: 92098916 ns
[2022-09-04T15:28:28.253+0000][1][safepoint    ] Safepoint "Cleanup", Time since last: 1003641209 ns, Reaching safepoint: 1119708 ns, At safepoint: 175084 ns, Total: 1294792 ns
[2022-09-04T15:28:29.259+0000][1][safepoint    ] Safepoint "Cleanup", Time since last: 1004746375 ns, Reaching safepoint: 747042 ns, At safepoint: 111125 ns, Total: 858167 ns
[2022-09-04T15:28:30.264+0000][1][safepoint    ] Safepoint "Cleanup", Time since last: 1002764750 ns, Reaching safepoint: 2856167 ns, At safepoint: 266667 ns, Total: 3122834 ns
[2022-09-04T15:28:31.274+0000][1][safepoint    ] Safepoint "Cleanup", Time since last: 1008761791 ns, Reaching safepoint: 920917 ns, At safepoint: 30375 ns, Total: 951292 ns
[2022-09-04T15:28:32.277+0000][1][safepoint    ] Safepoint "Cleanup", Time since last: 1002398126 ns, Reaching safepoint: 1171041 ns, At safepoint: 38292 ns, Total: 1209333 ns
[2022-09-04T15:28:33.281+0000][1][safepoint    ] Safepoint "Cleanup", Time since last: 1002572667 ns, Reaching safepoint: 752333 ns, At safepoint: 63250 ns, Total: 815583 ns
[2022-09-04T15:28:34.098+0000][1][safepoint    ] Safepoint "RevokeBias", Time since last: 816232418 ns, Reaching safepoint: 821041 ns, At safepoint: 127459 ns, Total: 948500 ns
[2022-09-04T15:28:35.104+0000][1][safepoint    ] Safepoint "Cleanup", Time since last: 1004003000 ns, Reaching safepoint: 1470125 ns, At safepoint: 41083 ns, Total: 1511208 ns
[2022-09-04T15:28:36.110+0000][1][safepoint    ] Safepoint "Cleanup", Time since last: 1004693792 ns, Reaching safepoint: 1236875 ns, At safepoint: 41250 ns, Total: 1278125 ns
[2022-09-04T15:28:37.116+0000][1][safepoint    ] Safepoint "Cleanup", Time since last: 1003427584 ns, Reaching safepoint: 3380959 ns, At safepoint: 116125 ns, Total: 3497084 ns
[2022-09-04T15:28:38.126+0000][1][safepoint    ] Safepoint "Cleanup", Time since last: 1009132708 ns, Reaching safepoint: 799500 ns, At safepoint: 21875 ns, Total: 821375 ns
[2022-09-04T15:28:39.131+0000][1][safepoint    ] Safepoint "Cleanup", Time since last: 1001816793 ns, Reaching safepoint: 2740125 ns, At safepoint: 68166 ns, Total: 2808291 ns
[2022-09-04T15:28:40.138+0000][1][safepoint    ] Safepoint "Cleanup", Time since last: 1005696334 ns, Reaching safepoint: 1580708 ns, At safepoint: 37875 ns, Total: 1618583 ns
[2022-09-04T15:28:41.146+0000][1][safepoint    ] Safepoint "Cleanup", Time since last: 1005211709 ns, Reaching safepoint: 2071375 ns, At safepoint: 69084 ns, Total: 2140459 ns
[2022-09-04T15:28:42.151+0000][1][safepoint    ] Safepoint "Cleanup", Time since last: 1004312250 ns, Reaching safepoint: 1192292 ns, At safepoint: 36166 ns, Total: 1228458 ns
[2022-09-04T15:28:43.216+0000][1][safepoint    ] Safepoint "Cleanup", Time since last: 1063346751 ns, Reaching safepoint: 1048042 ns, At safepoint: 56833 ns, Total: 1104875 ns
[2022-09-04T15:28:44.219+0000][1][safepoint    ] Safepoint "Cleanup", Time since last: 1002490084 ns, Reaching safepoint: 948625 ns, At safepoint: 27916 ns, Total: 976541 ns
[2022-09-04T15:28:45.227+0000][1][safepoint    ] Safepoint "Cleanup", Time since last: 1006759959 ns, Reaching safepoint: 869542 ns, At safepoint: 105750 ns, Total: 975292 ns
[2022-09-04T15:28:46.231+0000][1][safepoint    ] Safepoint "Cleanup", Time since last: 1002445709 ns, Reaching safepoint: 1574541 ns, At safepoint: 486334 ns, Total: 2060875 ns
[2022-09-04T15:28:47.234+0000][1][safepoint    ] Safepoint "Cleanup", Time since last: 1002290333 ns, Reaching safepoint: 751125 ns, At safepoint: 21625 ns, Total: 772750 ns
[2022-09-04T15:28:48.237+0000][1][safepoint    ] Safepoint "Cleanup", Time since last: 1001784209 ns, Reaching safepoint: 713250 ns, At safepoint: 19042 ns, Total: 732292 ns
[2022-09-04T15:28:49.240+0000][1][safepoint    ] Safepoint "Cleanup", Time since last: 1002583209 ns, Reaching safepoint: 760000 ns, At safepoint: 44833 ns, Total: 804833 ns
[2022-09-04T15:28:50.244+0000][1][safepoint    ] Safepoint "Cleanup", Time since last: 1002183042 ns, Reaching safepoint: 1402500 ns, At safepoint: 84292 ns, Total: 1486792 ns
[2022-09-04T15:28:51.250+0000][1][safepoint    ] Safepoint "Cleanup", Time since last: 1004014750 ns, Reaching safepoint: 1843375 ns, At safepoint: 113750 ns, Total: 1957125 ns
[2022-09-04T15:28:52.257+0000][1][safepoint    ] Safepoint "Cleanup", Time since last: 1005478459 ns, Reaching safepoint: 1024458 ns, At safepoint: 27459 ns, Total: 1051917 ns
[2022-09-04T15:28:53.262+0000][1][safepoint    ] Safepoint "Cleanup", Time since last: 1004768584 ns, Reaching safepoint: 1030125 ns, At safepoint: 24916 ns, Total: 1055041 ns
[2022-09-04T15:28:54.267+0000][1][safepoint    ] Safepoint "Cleanup", Time since last: 1003173959 ns, Reaching safepoint: 989458 ns, At safepoint: 70000 ns, Total: 1059458 ns
[2022-09-04T15:28:55.271+0000][1][safepoint    ] Safepoint "Cleanup", Time since last: 1002744418 ns, Reaching safepoint: 1740541 ns, At safepoint: 51417 ns, Total: 1791958 ns
[2022-09-04T15:28:56.275+0000][1][safepoint    ] Safepoint "Cleanup", Time since last: 1003235875 ns, Reaching safepoint: 824417 ns, At safepoint: 22375 ns, Total: 846792 ns
[2022-09-04T15:28:57.278+0000][1][safepoint    ] Safepoint "Cleanup", Time since last: 1001651751 ns, Reaching safepoint: 1234583 ns, At safepoint: 35500 ns, Total: 1270083 ns
[2022-09-04T15:28:58.282+0000][1][safepoint    ] Safepoint "Cleanup", Time since last: 1002748500 ns, Reaching safepoint: 953084 ns, At safepoint: 28125 ns, Total: 981209 ns
[2022-09-04T15:28:59.285+0000][1][safepoint    ] Safepoint "Cleanup", Time since last: 1002033625 ns, Reaching safepoint: 762584 ns, At safepoint: 22833 ns, Total: 785417 ns
[2022-09-04T15:29:00.288+0000][1][safepoint    ] Safepoint "Cleanup", Time since last: 1001604792 ns, Reaching safepoint: 1791833 ns, At safepoint: 57417 ns, Total: 1849250 ns
[2022-09-04T15:29:01.294+0000][1][safepoint    ] Safepoint "Cleanup", Time since last: 1002945708 ns, Reaching safepoint: 2996375 ns, At safepoint: 83000 ns, Total: 3079375 ns
[2022-09-04T15:29:02.299+0000][1][safepoint    ] Safepoint "Cleanup", Time since last: 1003463500 ns, Reaching safepoint: 965542 ns, At safepoint: 27583 ns, Total: 993125 ns
[2022-09-04T15:29:03.305+0000][1][safepoint    ] Safepoint "Cleanup", Time since last: 1005139917 ns, Reaching safepoint: 886959 ns, At safepoint: 21916 ns, Total: 908875 ns
[2022-09-04T15:29:04.307+0000][1][safepoint    ] Safepoint "Cleanup", Time since last: 1001926168 ns, Reaching safepoint: 836250 ns, At safepoint: 21833 ns, Total: 858083 ns
[2022-09-04T15:29:05.311+0000][1][safepoint    ] Safepoint "Cleanup", Time since last: 1003043917 ns, Reaching safepoint: 801458 ns, At safepoint: 23292 ns, Total: 824750 ns
[2022-09-04T15:29:06.315+0000][1][safepoint    ] Safepoint "Cleanup", Time since last: 1002690334 ns, Reaching safepoint: 1034083 ns, At safepoint: 65500 ns, Total: 1099583 ns
[2022-09-04T15:29:07.318+0000][1][safepoint    ] Safepoint "Cleanup", Time since last: 1002523334 ns, Reaching safepoint: 849750 ns, At safepoint: 26667 ns, Total: 876417 ns
[2022-09-04T15:29:08.321+0000][1][safepoint    ] Safepoint "Cleanup", Time since last: 1001820917 ns, Reaching safepoint: 993208 ns, At safepoint: 35834 ns, Total: 1029042 ns
[2022-09-04T15:29:09.325+0000][1][safepoint    ] Safepoint "Cleanup", Time since last: 1003102750 ns, Reaching safepoint: 833792 ns, At safepoint: 21000 ns, Total: 854792 ns
[2022-09-04T15:29:10.329+0000][1][safepoint    ] Safepoint "Cleanup", Time since last: 1002515125 ns, Reaching safepoint: 1061583 ns, At safepoint: 27375 ns, Total: 1088958 ns
[2022-09-04T15:29:11.332+0000][1][safepoint    ] Safepoint "Cleanup", Time since last: 1002511584 ns, Reaching safepoint: 875209 ns, At safepoint: 20166 ns, Total: 895375 ns
[2022-09-04T15:29:12.336+0000][1][safepoint    ] Safepoint "Cleanup", Time since last: 1002418251 ns, Reaching safepoint: 1439500 ns, At safepoint: 41625 ns, Total: 1481125 ns
[2022-09-04T15:29:13.341+0000][1][safepoint    ] Safepoint "Cleanup", Time since last: 1004338250 ns, Reaching safepoint: 844750 ns, At safepoint: 23125 ns, Total: 867875 ns
[2022-09-04T15:29:14.344+0000][1][safepoint    ] Safepoint "Cleanup", Time since last: 1002227792 ns, Reaching safepoint: 703875 ns, At safepoint: 20209 ns, Total: 724084 ns
[2022-09-04T15:29:15.348+0000][1][safepoint    ] Safepoint "Cleanup", Time since last: 1002588084 ns, Reaching safepoint: 1217041 ns, At safepoint: 29334 ns, Total: 1246375 ns
[2022-09-04T15:29:16.353+0000][1][safepoint    ] Safepoint "Cleanup", Time since last: 1003840833 ns, Reaching safepoint: 993875 ns, At safepoint: 25792 ns, Total: 1019667 ns
[2022-09-04T15:29:17.358+0000][1][safepoint    ] Safepoint "Cleanup", Time since last: 1003223959 ns, Reaching safepoint: 1208250 ns, At safepoint: 29791 ns, Total: 1238041 ns
[2022-09-04T15:29:18.362+0000][1][safepoint    ] Safepoint "Cleanup", Time since last: 1004114501 ns, Reaching safepoint: 781250 ns, At safepoint: 21250 ns, Total: 802500 ns
[2022-09-04T15:29:19.366+0000][1][safepoint    ] Safepoint "Cleanup", Time since last: 1002718000 ns, Reaching safepoint: 927792 ns, At safepoint: 30750 ns, Total: 958542 ns
[2022-09-04T15:29:20.369+0000][1][safepoint    ] Safepoint "Cleanup", Time since last: 1002102501 ns, Reaching safepoint: 901250 ns, At safepoint: 24958 ns, Total: 926208 ns
[2022-09-04T15:29:21.374+0000][1][safepoint    ] Safepoint "Cleanup", Time since last: 1003247250 ns, Reaching safepoint: 1304500 ns, At safepoint: 36375 ns, Total: 1340875 ns
[2022-09-04T15:29:22.378+0000][1][safepoint    ] Safepoint "Cleanup", Time since last: 1003116793 ns, Reaching safepoint: 772750 ns, At safepoint: 35208 ns, Total: 807958 ns
[2022-09-04T15:29:23.380+0000][1][safepoint    ] Safepoint "Cleanup", Time since last: 1001749167 ns, Reaching safepoint: 931583 ns, At safepoint: 28500 ns, Total: 960083 ns
[2022-09-04T15:29:24.384+0000][1][safepoint    ] Safepoint "Cleanup", Time since last: 1002608209 ns, Reaching safepoint: 686792 ns, At safepoint: 20042 ns, Total: 706834 ns
[2022-09-04T15:29:25.447+0000][1][safepoint    ] Safepoint "Cleanup", Time since last: 1040914125 ns, Reaching safepoint: 10805167 ns, At safepoint: 1717958 ns, Total: 12523125 ns
[2022-09-04T15:29:26.473+0000][1][safepoint    ] Safepoint "Cleanup", Time since last: 1034952542 ns, Reaching safepoint: 762542 ns, At safepoint: 23208 ns, Total: 785750 ns
[2022-09-04T15:29:27.477+0000][1][safepoint    ] Safepoint "Cleanup", Time since last: 1002587542 ns, Reaching safepoint: 1800792 ns, At safepoint: 50542 ns, Total: 1851334 ns
[2022-09-04T15:29:28.482+0000][1][safepoint    ] Safepoint "Cleanup", Time since last: 1004346000 ns, Reaching safepoint: 775208 ns, At safepoint: 23792 ns, Total: 799000 ns
[2022-09-04T15:29:29.488+0000][1][safepoint    ] Safepoint "Cleanup", Time since last: 1004239167 ns, Reaching safepoint: 935625 ns, At safepoint: 26667 ns, Total: 962292 ns
[2022-09-04T15:29:30.491+0000][1][safepoint    ] Safepoint "Cleanup", Time since last: 1002233750 ns, Reaching safepoint: 1312375 ns, At safepoint: 49417 ns, Total: 1361792 ns
[2022-09-04T15:29:31.500+0000][1][safepoint    ] Safepoint "Cleanup", Time since last: 1005364125 ns, Reaching safepoint: 3331292 ns, At safepoint: 108208 ns, Total: 3439500 ns
[2022-09-04T15:29:32.508+0000][1][safepoint    ] Safepoint "Cleanup", Time since last: 1005630625 ns, Reaching safepoint: 2333292 ns, At safepoint: 82375 ns, Total: 2415667 ns
[2022-09-04T15:29:33.517+0000][1][safepoint    ] Safepoint "Cleanup", Time since last: 1006367709 ns, Reaching safepoint: 2542000 ns, At safepoint: 64667 ns, Total: 2606667 ns
[2022-09-04T15:29:34.522+0000][1][safepoint    ] Safepoint "Cleanup", Time since last: 1004889792 ns, Reaching safepoint: 824208 ns, At safepoint: 44667 ns, Total: 868875 ns
[2022-09-04T15:29:35.528+0000][1][safepoint    ] Safepoint "Cleanup", Time since last: 1004129959 ns, Reaching safepoint: 1316291 ns, At safepoint: 33167 ns, Total: 1349458 ns
[2022-09-04T15:29:36.533+0000][1][safepoint    ] Safepoint "Cleanup", Time since last: 1003140334 ns, Reaching safepoint: 2015791 ns, At safepoint: 83292 ns, Total: 2099083 ns
[2022-09-04T15:29:37.537+0000][1][safepoint    ] Safepoint "Cleanup", Time since last: 1002595584 ns, Reaching safepoint: 1423125 ns, At safepoint: 38750 ns, Total: 1461875 ns
[2022-09-04T15:29:38.541+0000][1][safepoint    ] Safepoint "Cleanup", Time since last: 1002705375 ns, Reaching safepoint: 1232875 ns, At safepoint: 33417 ns, Total: 1266292 ns
[2022-09-04T15:29:39.546+0000][1][safepoint    ] Safepoint "Cleanup", Time since last: 1003768750 ns, Reaching safepoint: 911625 ns, At safepoint: 27334 ns, Total: 938959 ns
[2022-09-04T15:29:40.553+0000][1][safepoint    ] Safepoint "Cleanup", Time since last: 1002358334 ns, Reaching safepoint: 4415750 ns, At safepoint: 111375 ns, Total: 4527125 ns
[2022-09-04T15:29:41.561+0000][1][safepoint    ] Safepoint "Cleanup", Time since last: 1005492708 ns, Reaching safepoint: 2844500 ns, At safepoint: 90959 ns, Total: 2935459 ns
[2022-09-04T15:29:42.572+0000][1][safepoint    ] Safepoint "Cleanup", Time since last: 1008689334 ns, Reaching safepoint: 2169208 ns, At safepoint: 63667 ns, Total: 2232875 ns
[2022-09-04T15:29:43.584+0000][1][safepoint    ] Safepoint "Cleanup", Time since last: 1008081500 ns, Reaching safepoint: 3366583 ns, At safepoint: 197584 ns, Total: 3564167 ns
[2022-09-04T15:29:44.591+0000][1][safepoint    ] Safepoint "Cleanup", Time since last: 1005272375 ns, Reaching safepoint: 2224875 ns, At safepoint: 57292 ns, Total: 2282167 ns
[2022-09-04T15:29:45.597+0000][1][safepoint    ] Safepoint "Cleanup", Time since last: 1004242375 ns, Reaching safepoint: 1903667 ns, At safepoint: 45750 ns, Total: 1949417 ns
[2022-09-04T15:29:46.605+0000][1][safepoint    ] Safepoint "Cleanup", Time since last: 1003874125 ns, Reaching safepoint: 3140625 ns, At safepoint: 100542 ns, Total: 3241167 ns
[2022-09-04T15:29:47.609+0000][1][safepoint    ] Safepoint "Cleanup", Time since last: 1002726334 ns, Reaching safepoint: 1226250 ns, At safepoint: 31375 ns, Total: 1257625 ns
[2022-09-04T15:29:48.619+0000][1][safepoint    ] Safepoint "Cleanup", Time since last: 1007089209 ns, Reaching safepoint: 2987291 ns, At safepoint: 88542 ns, Total: 3075833 ns
[2022-09-04T15:29:49.627+0000][1][safepoint    ] Safepoint "Cleanup", Time since last: 1005925584 ns, Reaching safepoint: 2094292 ns, At safepoint: 58625 ns, Total: 2152917 ns
[2022-09-04T15:29:50.633+0000][1][safepoint    ] Safepoint "Cleanup", Time since last: 1004255167 ns, Reaching safepoint: 2060333 ns, At safepoint: 53458 ns, Total: 2113791 ns
[2022-09-04T15:29:51.639+0000][1][safepoint    ] Safepoint "Cleanup", Time since last: 1003449876 ns, Reaching safepoint: 1803542 ns, At safepoint: 57083 ns, Total: 1860625 ns
[2022-09-04T15:29:52.645+0000][1][safepoint    ] Safepoint "Cleanup", Time since last: 1003772792 ns, Reaching safepoint: 3028042 ns, At safepoint: 130625 ns, Total: 3158667 ns
[2022-09-04T15:29:53.653+0000][1][safepoint    ] Safepoint "Cleanup", Time since last: 1005899542 ns, Reaching safepoint: 1853708 ns, At safepoint: 59292 ns, Total: 1913000 ns
[2022-09-04T15:29:54.658+0000][1][safepoint    ] Safepoint "Cleanup", Time since last: 1003445000 ns, Reaching safepoint: 933834 ns, At safepoint: 24708 ns, Total: 958542 ns
[2022-09-04T15:29:55.662+0000][1][safepoint    ] Safepoint "Cleanup", Time since last: 1002391500 ns, Reaching safepoint: 1740792 ns, At safepoint: 152917 ns, Total: 1893709 ns
[2022-09-04T15:29:56.666+0000][1][safepoint    ] Safepoint "Cleanup", Time since last: 1003592209 ns, Reaching safepoint: 751166 ns, At safepoint: 20917 ns, Total: 772083 ns
[2022-09-04T15:29:57.670+0000][1][safepoint    ] Safepoint "Cleanup", Time since last: 1002397584 ns, Reaching safepoint: 1178541 ns, At safepoint: 33417 ns, Total: 1211958 ns
[2022-09-04T15:29:58.677+0000][1][safepoint    ] Safepoint "Cleanup", Time since last: 1005863917 ns, Reaching safepoint: 1551625 ns, At safepoint: 84417 ns, Total: 1636042 ns
[2022-09-04T15:29:59.683+0000][1][safepoint    ] Safepoint "Cleanup", Time since last: 1004574084 ns, Reaching safepoint: 1088125 ns, At safepoint: 27958 ns, Total: 1116083 ns
[2022-09-04T15:30:00.686+0000][1][safepoint    ] Safepoint "Cleanup", Time since last: 1002383459 ns, Reaching safepoint: 808708 ns, At safepoint: 26167 ns, Total: 834875 ns
[2022-09-04T15:30:00.814+0000][1][safepoint    ] Safepoint "RevokeBias", Time since last: 125673958 ns, Reaching safepoint: 596042 ns, At safepoint: 1814625 ns, Total: 2410667 ns
[2022-09-04T15:30:00.819+0000][1][safepoint    ] Safepoint "RevokeBias", Time since last: 4788791 ns, Reaching safepoint: 434084 ns, At safepoint: 92541 ns, Total: 526625 ns
[2022-09-04T15:30:01.823+0000][1][safepoint    ] Safepoint "Cleanup", Time since last: 1002234667 ns, Reaching safepoint: 1462625 ns, At safepoint: 27375 ns, Total: 1490000 ns
[2022-09-04T15:30:02.827+0000][1][safepoint    ] Safepoint "Cleanup", Time since last: 1002468084 ns, Reaching safepoint: 938584 ns, At safepoint: 31416 ns, Total: 970000 ns
[2022-09-04T15:30:03.831+0000][1][safepoint    ] Safepoint "Cleanup", Time since last: 1003827876 ns, Reaching safepoint: 865333 ns, At safepoint: 22125 ns, Total: 887458 ns
[2022-09-04T15:30:04.835+0000][1][safepoint    ] Safepoint "Cleanup", Time since last: 1002242042 ns, Reaching safepoint: 957834 ns, At safepoint: 26208 ns, Total: 984042 ns
[2022-09-04T15:30:05.649+0000][1][safepoint    ] Safepoint "RevokeBias", Time since last: 813437584 ns, Reaching safepoint: 1064083 ns, At safepoint: 398375 ns, Total: 1462458 ns
[2022-09-04T15:30:05.654+0000][1][safepoint    ] Safepoint "RevokeBias", Time since last: 3957708 ns, Reaching safepoint: 812667 ns, At safepoint: 135500 ns, Total: 948167 ns
[2022-09-04T15:30:05.756+0000][1][safepoint    ] Safepoint "RevokeBias", Time since last: 100356458 ns, Reaching safepoint: 705875 ns, At safepoint: 113209 ns, Total: 819084 ns
[2022-09-04T15:30:05.772+0000][1][safepoint    ] Safepoint "RevokeBias", Time since last: 14115166 ns, Reaching safepoint: 1616375 ns, At safepoint: 354834 ns, Total: 1971209 ns
[2022-09-04T15:30:06.777+0000][1][safepoint    ] Safepoint "Cleanup", Time since last: 1003407208 ns, Reaching safepoint: 1632500 ns, At safepoint: 42459 ns, Total: 1674959 ns
[2022-09-04T15:30:07.782+0000][1][safepoint    ] Safepoint "Cleanup", Time since last: 1002242584 ns, Reaching safepoint: 2829458 ns, At safepoint: 78417 ns, Total: 2907875 ns
[2022-09-04T15:30:08.790+0000][1][safepoint    ] Safepoint "Cleanup", Time since last: 1005615042 ns, Reaching safepoint: 2295291 ns, At safepoint: 65834 ns, Total: 2361125 ns
[2022-09-04T15:30:09.031+0000][1][safepoint    ] Safepoint "RevokeBias", Time since last: 239899333 ns, Reaching safepoint: 1012125 ns, At safepoint: 109084 ns, Total: 1121209 ns
[2022-09-04T15:30:09.034+0000][1][safepoint    ] Safepoint "RevokeBias", Time since last: 2550375 ns, Reaching safepoint: 434625 ns, At safepoint: 113791 ns, Total: 548416 ns
[2022-09-04T15:30:09.070+0000][1][safepoint    ] Safepoint "RevokeBias", Time since last: 33426917 ns, Reaching safepoint: 2509333 ns, At safepoint: 110375 ns, Total: 2619708 ns
[2022-09-04T15:30:09.093+0000][1][safepoint    ] Safepoint "RevokeBias", Time since last: 21076625 ns, Reaching safepoint: 2173209 ns, At safepoint: 152750 ns, Total: 2325959 ns
[2022-09-04T15:30:10.098+0000][1][safepoint    ] Safepoint "Cleanup", Time since last: 1004152375 ns, Reaching safepoint: 895375 ns, At safepoint: 21917 ns, Total: 917292 ns
[2022-09-04T15:30:11.101+0000][1][safepoint    ] Safepoint "Cleanup", Time since last: 1001477792 ns, Reaching safepoint: 1357750 ns, At safepoint: 35125 ns, Total: 1392875 ns
[2022-09-04T15:30:12.107+0000][1][safepoint    ] Safepoint "Cleanup", Time since last: 1004842834 ns, Reaching safepoint: 738000 ns, At safepoint: 22916 ns, Total: 760916 ns
[2022-09-04T15:30:13.113+0000][1][safepoint    ] Safepoint "Cleanup", Time since last: 1004706292 ns, Reaching safepoint: 988959 ns, At safepoint: 29958 ns, Total: 1018917 ns
[2022-09-04T15:30:14.117+0000][1][safepoint    ] Safepoint "Cleanup", Time since last: 1003253292 ns, Reaching safepoint: 829125 ns, At safepoint: 23250 ns, Total: 852375 ns
[2022-09-04T15:30:15.120+0000][1][safepoint    ] Safepoint "Cleanup", Time since last: 1001781417 ns, Reaching safepoint: 1629875 ns, At safepoint: 34459 ns, Total: 1664334 ns
[2022-09-04T15:30:16.124+0000][1][safepoint    ] Safepoint "Cleanup", Time since last: 1002219875 ns, Reaching safepoint: 1614375 ns, At safepoint: 115209 ns, Total: 1729584 ns
[2022-09-04T15:30:17.129+0000][1][safepoint    ] Safepoint "Cleanup", Time since last: 1003788208 ns, Reaching safepoint: 792667 ns, At safepoint: 21917 ns, Total: 814584 ns
[2022-09-04T15:30:18.134+0000][1][safepoint    ] Safepoint "Cleanup", Time since last: 1003856459 ns, Reaching safepoint: 1066375 ns, At safepoint: 49000 ns, Total: 1115375 ns
[2022-09-04T15:30:19.138+0000][1][safepoint    ] Safepoint "Cleanup", Time since last: 1002242750 ns, Reaching safepoint: 1713833 ns, At safepoint: 41167 ns, Total: 1755000 ns
[2022-09-04T15:30:20.142+0000][1][safepoint    ] Safepoint "Cleanup", Time since last: 1003035125 ns, Reaching safepoint: 1022834 ns, At safepoint: 29000 ns, Total: 1051834 ns
[2022-09-04T15:30:21.148+0000][1][safepoint    ] Safepoint "Cleanup", Time since last: 1002493834 ns, Reaching safepoint: 3524791 ns, At safepoint: 86167 ns, Total: 3610958 ns
[2022-09-04T15:30:22.153+0000][1][safepoint    ] Safepoint "Cleanup", Time since last: 1003863042 ns, Reaching safepoint: 785583 ns, At safepoint: 24292 ns, Total: 809875 ns
[2022-09-04T15:30:23.156+0000][1][safepoint    ] Safepoint "Cleanup", Time since last: 1002685667 ns, Reaching safepoint: 895875 ns, At safepoint: 33584 ns, Total: 929459 ns
[2022-09-04T15:30:24.159+0000][1][safepoint    ] Safepoint "Cleanup", Time since last: 1002301542 ns, Reaching safepoint: 937625 ns, At safepoint: 30416 ns, Total: 968041 ns
[2022-09-04T15:30:25.163+0000][1][safepoint    ] Safepoint "Cleanup", Time since last: 1002198376 ns, Reaching safepoint: 1384375 ns, At safepoint: 106958 ns, Total: 1491333 ns
[2022-09-04T15:30:26.167+0000][1][safepoint    ] Safepoint "Cleanup", Time since last: 1002446959 ns, Reaching safepoint: 876833 ns, At safepoint: 27834 ns, Total: 904667 ns
[2022-09-04T15:30:27.172+0000][1][safepoint    ] Safepoint "Cleanup", Time since last: 1004581667 ns, Reaching safepoint: 761542 ns, At safepoint: 24291 ns, Total: 785833 ns
[2022-09-04T15:30:28.179+0000][1][safepoint    ] Safepoint "Cleanup", Time since last: 1006562251 ns, Reaching safepoint: 792333 ns, At safepoint: 22208 ns, Total: 814541 ns
[2022-09-04T15:30:29.182+0000][1][safepoint    ] Safepoint "Cleanup", Time since last: 1001685167 ns, Reaching safepoint: 816209 ns, At safepoint: 22416 ns, Total: 838625 ns
[2022-09-04T15:30:30.186+0000][1][safepoint    ] Safepoint "Cleanup", Time since last: 1003311209 ns, Reaching safepoint: 766667 ns, At safepoint: 23958 ns, Total: 790625 ns
[2022-09-04T15:30:31.191+0000][1][safepoint    ] Safepoint "Cleanup", Time since last: 1003265875 ns, Reaching safepoint: 1423834 ns, At safepoint: 35250 ns, Total: 1459084 ns
[2022-09-04T15:30:32.194+0000][1][safepoint    ] Safepoint "Cleanup", Time since last: 1003028584 ns, Reaching safepoint: 782625 ns, At safepoint: 22958 ns, Total: 805583 ns
[2022-09-04T15:30:33.199+0000][1][safepoint    ] Safepoint "Cleanup", Time since last: 1003213417 ns, Reaching safepoint: 870000 ns, At safepoint: 25167 ns, Total: 895167 ns
[2022-09-04T15:30:34.206+0000][1][safepoint    ] Safepoint "Cleanup", Time since last: 1006874334 ns, Reaching safepoint: 831958 ns, At safepoint: 27292 ns, Total: 859250 ns
[2022-09-04T15:30:35.212+0000][1][safepoint    ] Safepoint "Cleanup", Time since last: 1004730333 ns, Reaching safepoint: 1325834 ns, At safepoint: 37958 ns, Total: 1363792 ns
[2022-09-04T15:30:36.216+0000][1][safepoint    ] Safepoint "Cleanup", Time since last: 1002478334 ns, Reaching safepoint: 889875 ns, At safepoint: 23125 ns, Total: 913000 ns
[2022-09-04T15:30:37.219+0000][1][safepoint    ] Safepoint "Cleanup", Time since last: 1002182709 ns, Reaching safepoint: 740666 ns, At safepoint: 21000 ns, Total: 761666 ns
[2022-09-04T15:30:38.224+0000][1][safepoint    ] Safepoint "Cleanup", Time since last: 1004528417 ns, Reaching safepoint: 767792 ns, At safepoint: 23292 ns, Total: 791084 ns
[2022-09-04T15:30:39.227+0000][1][safepoint    ] Safepoint "Cleanup", Time since last: 1001655375 ns, Reaching safepoint: 889292 ns, At safepoint: 24500 ns, Total: 913792 ns
[2022-09-04T15:30:40.233+0000][1][safepoint    ] Safepoint "Cleanup", Time since last: 1005224750 ns, Reaching safepoint: 911459 ns, At safepoint: 25208 ns, Total: 936667 ns
[2022-09-04T15:30:41.236+0000][1][safepoint    ] Safepoint "Cleanup", Time since last: 1001748334 ns, Reaching safepoint: 1342750 ns, At safepoint: 36417 ns, Total: 1379167 ns
[2022-09-04T15:30:42.242+0000][1][safepoint    ] Safepoint "Cleanup", Time since last: 1004880875 ns, Reaching safepoint: 797000 ns, At safepoint: 23875 ns, Total: 820875 ns
[2022-09-04T15:30:43.245+0000][1][safepoint    ] Safepoint "Cleanup", Time since last: 1002749501 ns, Reaching safepoint: 1047250 ns, At safepoint: 30625 ns, Total: 1077875 ns
[2022-09-04T15:30:44.248+0000][1][safepoint    ] Safepoint "Cleanup", Time since last: 1002012792 ns, Reaching safepoint: 835708 ns, At safepoint: 22750 ns, Total: 858458 ns
[2022-09-04T15:30:45.324+0000][1][safepoint    ] Safepoint "Cleanup", Time since last: 1074731959 ns, Reaching safepoint: 939500 ns, At safepoint: 25500 ns, Total: 965000 ns
[2022-09-04T15:30:46.327+0000][1][safepoint    ] Safepoint "Cleanup", Time since last: 1002659334 ns, Reaching safepoint: 806000 ns, At safepoint: 23541 ns, Total: 829541 ns
[2022-09-04T15:30:47.330+0000][1][safepoint    ] Safepoint "Cleanup", Time since last: 1001650584 ns, Reaching safepoint: 851208 ns, At safepoint: 41375 ns, Total: 892583 ns
[2022-09-04T15:30:48.333+0000][1][safepoint    ] Safepoint "Cleanup", Time since last: 1001703084 ns, Reaching safepoint: 809542 ns, At safepoint: 20625 ns, Total: 830167 ns
[2022-09-04T15:30:49.336+0000][1][safepoint    ] Safepoint "Cleanup", Time since last: 1002374375 ns, Reaching safepoint: 1051792 ns, At safepoint: 32792 ns, Total: 1084584 ns
[2022-09-04T15:30:50.342+0000][1][safepoint    ] Safepoint "Cleanup", Time since last: 1005036292 ns, Reaching safepoint: 840667 ns, At safepoint: 23458 ns, Total: 864125 ns
[2022-09-04T15:30:51.346+0000][1][safepoint    ] Safepoint "Cleanup", Time since last: 1002385500 ns, Reaching safepoint: 1270625 ns, At safepoint: 35875 ns, Total: 1306500 ns
[2022-09-04T15:30:52.349+0000][1][safepoint    ] Safepoint "Cleanup", Time since last: 1002344001 ns, Reaching safepoint: 794333 ns, At safepoint: 21542 ns, Total: 815875 ns
[2022-09-04T15:30:53.352+0000][1][safepoint    ] Safepoint "Cleanup", Time since last: 1002397709 ns, Reaching safepoint: 1019791 ns, At safepoint: 27542 ns, Total: 1047333 ns
[2022-09-04T15:30:54.357+0000][1][safepoint    ] Safepoint "Cleanup", Time since last: 1003949084 ns, Reaching safepoint: 774125 ns, At safepoint: 22166 ns, Total: 796291 ns
[2022-09-04T15:30:55.362+0000][1][safepoint    ] Safepoint "Cleanup", Time since last: 1003541668 ns, Reaching safepoint: 1004625 ns, At safepoint: 26875 ns, Total: 1031500 ns
[2022-09-04T15:30:56.364+0000][1][safepoint    ] Safepoint "Cleanup", Time since last: 1001736958 ns, Reaching safepoint: 762542 ns, At safepoint: 22083 ns, Total: 784625 ns
[2022-09-04T15:30:57.367+0000][1][safepoint    ] Safepoint "Cleanup", Time since last: 1002263168 ns, Reaching safepoint: 817666 ns, At safepoint: 25209 ns, Total: 842875 ns
[2022-09-04T15:30:58.371+0000][1][safepoint    ] Safepoint "Cleanup", Time since last: 1003155750 ns, Reaching safepoint: 744208 ns, At safepoint: 45667 ns, Total: 789875 ns
[2022-09-04T15:30:59.373+0000][1][safepoint    ] Safepoint "Cleanup", Time since last: 1001589126 ns, Reaching safepoint: 790500 ns, At safepoint: 19791 ns, Total: 810291 ns
[2022-09-04T15:31:00.376+0000][1][safepoint    ] Safepoint "Cleanup", Time since last: 1001546251 ns, Reaching safepoint: 777375 ns, At safepoint: 24708 ns, Total: 802083 ns
[2022-09-04T15:31:01.673+0000][1][safepoint    ] Safepoint "Cleanup", Time since last: 1295997583 ns, Reaching safepoint: 1734583 ns, At safepoint: 71792 ns, Total: 1806375 ns
[2022-09-04T15:31:02.680+0000][1][safepoint    ] Safepoint "Cleanup", Time since last: 1004926667 ns, Reaching safepoint: 1924000 ns, At safepoint: 57375 ns, Total: 1981375 ns
[2022-09-04T15:31:03.687+0000][1][safepoint    ] Safepoint "Cleanup", Time since last: 1005243001 ns, Reaching safepoint: 1337666 ns, At safepoint: 63834 ns, Total: 1401500 ns
[2022-09-04T15:31:04.697+0000][1][safepoint    ] Safepoint "Cleanup", Time since last: 1003999667 ns, Reaching safepoint: 5759375 ns, At safepoint: 88208 ns, Total: 5847583 ns
[2022-09-04T15:31:05.707+0000][1][safepoint    ] Safepoint "Cleanup", Time since last: 1007519417 ns, Reaching safepoint: 2440542 ns, At safepoint: 166833 ns, Total: 2607375 ns
[2022-09-04T15:31:06.716+0000][1][safepoint    ] Safepoint "Cleanup", Time since last: 1006229876 ns, Reaching safepoint: 3022375 ns, At safepoint: 107750 ns, Total: 3130125 ns
[2022-09-04T15:31:07.727+0000][1][safepoint    ] Safepoint "Cleanup", Time since last: 1006340292 ns, Reaching safepoint: 4076125 ns, At safepoint: 195875 ns, Total: 4272000 ns
[2022-09-04T15:31:08.735+0000][1][safepoint    ] Safepoint "Cleanup", Time since last: 1005639709 ns, Reaching safepoint: 2785083 ns, At safepoint: 92042 ns, Total: 2877125 ns
[2022-09-04T15:31:09.744+0000][1][safepoint    ] Safepoint "Cleanup", Time since last: 1005582667 ns, Reaching safepoint: 2665500 ns, At safepoint: 76500 ns, Total: 2742000 ns
[2022-09-04T15:31:10.750+0000][1][safepoint    ] Safepoint "Cleanup", Time since last: 1005224417 ns, Reaching safepoint: 957167 ns, At safepoint: 24625 ns, Total: 981792 ns
[2022-09-04T15:31:11.756+0000][1][safepoint    ] Safepoint "Cleanup", Time since last: 1004439000 ns, Reaching safepoint: 1352792 ns, At safepoint: 42875 ns, Total: 1395667 ns
[2022-09-04T15:31:12.762+0000][1][safepoint    ] Safepoint "Cleanup", Time since last: 1004829084 ns, Reaching safepoint: 1356125 ns, At safepoint: 39875 ns, Total: 1396000 ns
[2022-09-04T15:31:13.767+0000][1][safepoint    ] Safepoint "Cleanup", Time since last: 1002904917 ns, Reaching safepoint: 2232125 ns, At safepoint: 70875 ns, Total: 2303000 ns
[2022-09-04T15:31:14.772+0000][1][safepoint    ] Safepoint "Cleanup", Time since last: 1004095250 ns, Reaching safepoint: 1239917 ns, At safepoint: 33500 ns, Total: 1273417 ns
[2022-09-04T15:31:15.778+0000][1][safepoint    ] Safepoint "Cleanup", Time since last: 1002855959 ns, Reaching safepoint: 2859166 ns, At safepoint: 203334 ns, Total: 3062500 ns
[2022-09-04T15:31:16.788+0000][1][safepoint    ] Safepoint "Cleanup", Time since last: 1007192125 ns, Reaching safepoint: 2325792 ns, At safepoint: 67042 ns, Total: 2392834 ns
[2022-09-04T15:31:17.795+0000][1][safepoint    ] Safepoint "Cleanup", Time since last: 1004534500 ns, Reaching safepoint: 2587750 ns, At safepoint: 63292 ns, Total: 2651042 ns
[2022-09-04T15:31:18.801+0000][1][safepoint    ] Safepoint "Cleanup", Time since last: 1004936084 ns, Reaching safepoint: 1080125 ns, At safepoint: 34625 ns, Total: 1114750 ns
[2022-09-04T15:31:19.805+0000][1][safepoint    ] Safepoint "Cleanup", Time since last: 1002786625 ns, Reaching safepoint: 1444208 ns, At safepoint: 40750 ns, Total: 1484958 ns
[2022-09-04T15:31:20.810+0000][1][safepoint    ] Safepoint "Cleanup", Time since last: 1002741251 ns, Reaching safepoint: 1430000 ns, At safepoint: 34333 ns, Total: 1464333 ns
[2022-09-04T15:31:21.814+0000][1][safepoint    ] Safepoint "Cleanup", Time since last: 1002760709 ns, Reaching safepoint: 1241833 ns, At safepoint: 59917 ns, Total: 1301750 ns
[2022-09-04T15:31:22.817+0000][1][safepoint    ] Safepoint "Cleanup", Time since last: 1002466375 ns, Reaching safepoint: 814667 ns, At safepoint: 25542 ns, Total: 840209 ns
[2022-09-04T15:31:23.819+0000][1][safepoint    ] Safepoint "Cleanup", Time since last: 1001642209 ns, Reaching safepoint: 926291 ns, At safepoint: 23875 ns, Total: 950166 ns
[2022-09-04T15:31:24.823+0000][1][safepoint    ] Safepoint "Cleanup", Time since last: 1002703001 ns, Reaching safepoint: 804708 ns, At safepoint: 24250 ns, Total: 828958 ns
[2022-09-04T15:31:26.050+0000][1][safepoint    ] Safepoint "Cleanup", Time since last: 1225978334 ns, Reaching safepoint: 868958 ns, At safepoint: 18084 ns, Total: 887042 ns
[2022-09-04T15:31:27.054+0000][1][safepoint    ] Safepoint "Cleanup", Time since last: 1002198833 ns, Reaching safepoint: 1618834 ns, At safepoint: 47208 ns, Total: 1666042 ns
[2022-09-04T15:31:28.057+0000][1][safepoint    ] Safepoint "Cleanup", Time since last: 1002507917 ns, Reaching safepoint: 753417 ns, At safepoint: 22542 ns, Total: 775959 ns
[2022-09-04T15:31:29.062+0000][1][safepoint    ] Safepoint "Cleanup", Time since last: 1002872833 ns, Reaching safepoint: 2448917 ns, At safepoint: 67917 ns, Total: 2516834 ns
[2022-09-04T15:31:30.067+0000][1][safepoint    ] Safepoint "Cleanup", Time since last: 1003740375 ns, Reaching safepoint: 769875 ns, At safepoint: 21250 ns, Total: 791125 ns
[2022-09-04T15:31:31.071+0000][1][safepoint    ] Safepoint "Cleanup", Time since last: 1003001625 ns, Reaching safepoint: 1704958 ns, At safepoint: 37917 ns, Total: 1742875 ns
[2022-09-04T15:31:32.076+0000][1][safepoint    ] Safepoint "Cleanup", Time since last: 1003248709 ns, Reaching safepoint: 1228417 ns, At safepoint: 33708 ns, Total: 1262125 ns
[2022-09-04T15:31:33.079+0000][1][safepoint    ] Safepoint "Cleanup", Time since last: 1002186334 ns, Reaching safepoint: 832250 ns, At safepoint: 25625 ns, Total: 857875 ns
[2022-09-04T15:31:34.082+0000][1][safepoint    ] Safepoint "Cleanup", Time since last: 1002124958 ns, Reaching safepoint: 742459 ns, At safepoint: 22375 ns, Total: 764834 ns
[2022-09-04T15:31:35.085+0000][1][safepoint    ] Safepoint "Cleanup", Time since last: 1002342625 ns, Reaching safepoint: 840125 ns, At safepoint: 22750 ns, Total: 862875 ns
[2022-09-04T15:31:36.089+0000][1][safepoint    ] Safepoint "Cleanup", Time since last: 1002944042 ns, Reaching safepoint: 1122125 ns, At safepoint: 32500 ns, Total: 1154625 ns
[2022-09-04T15:31:37.092+0000][1][safepoint    ] Safepoint "Cleanup", Time since last: 1002312876 ns, Reaching safepoint: 724000 ns, At safepoint: 21792 ns, Total: 745792 ns
[2022-09-04T15:31:38.098+0000][1][safepoint    ] Safepoint "Cleanup", Time since last: 1005425375 ns, Reaching safepoint: 698500 ns, At safepoint: 20958 ns, Total: 719458 ns
[2022-09-04T15:31:39.105+0000][1][safepoint    ] Safepoint "Cleanup", Time since last: 1004258418 ns, Reaching safepoint: 2165083 ns, At safepoint: 72583 ns, Total: 2237666 ns
[2022-09-04T15:31:40.110+0000][1][safepoint    ] Safepoint "Cleanup", Time since last: 1004020459 ns, Reaching safepoint: 1427583 ns, At safepoint: 38417 ns, Total: 1466000 ns
[2022-09-04T15:31:41.120+0000][1][safepoint    ] Safepoint "Cleanup", Time since last: 1007633292 ns, Reaching safepoint: 2349000 ns, At safepoint: 71667 ns, Total: 2420667 ns
[2022-09-04T15:31:42.127+0000][1][safepoint    ] Safepoint "Cleanup", Time since last: 1005509625 ns, Reaching safepoint: 689875 ns, At safepoint: 21500 ns, Total: 711375 ns
[2022-09-04T15:31:43.130+0000][1][safepoint    ] Safepoint "Cleanup", Time since last: 1002187251 ns, Reaching safepoint: 1012625 ns, At safepoint: 31750 ns, Total: 1044375 ns
[2022-09-04T15:31:44.133+0000][1][safepoint    ] Safepoint "Cleanup", Time since last: 1002159000 ns, Reaching safepoint: 1061292 ns, At safepoint: 31292 ns, Total: 1092584 ns
[2022-09-04T15:31:45.137+0000][1][safepoint    ] Safepoint "Cleanup", Time since last: 1002866792 ns, Reaching safepoint: 1323291 ns, At safepoint: 57834 ns, Total: 1381125 ns
[2022-09-04T15:31:46.142+0000][1][safepoint    ] Safepoint "Cleanup", Time since last: 1003370709 ns, Reaching safepoint: 1020041 ns, At safepoint: 34334 ns, Total: 1054375 ns
[2022-09-04T15:31:47.145+0000][1][safepoint    ] Safepoint "Cleanup", Time since last: 1002566708 ns, Reaching safepoint: 798209 ns, At safepoint: 29625 ns, Total: 827834 ns
[2022-09-04T15:31:48.148+0000][1][safepoint    ] Safepoint "Cleanup", Time since last: 1001996792 ns, Reaching safepoint: 863417 ns, At safepoint: 33666 ns, Total: 897083 ns
[2022-09-04T15:31:49.151+0000][1][safepoint    ] Safepoint "Cleanup", Time since last: 1001957376 ns, Reaching safepoint: 1096958 ns, At safepoint: 47292 ns, Total: 1144250 ns
[2022-09-04T15:31:50.155+0000][1][safepoint    ] Safepoint "Cleanup", Time since last: 1003294458 ns, Reaching safepoint: 783167 ns, At safepoint: 119875 ns, Total: 903042 ns
[2022-09-04T15:31:51.159+0000][1][safepoint    ] Safepoint "Cleanup", Time since last: 1001860542 ns, Reaching safepoint: 2128542 ns, At safepoint: 71708 ns, Total: 2200250 ns
[2022-09-04T15:31:52.164+0000][1][safepoint    ] Safepoint "Cleanup", Time since last: 1004239001 ns, Reaching safepoint: 736250 ns, At safepoint: 23083 ns, Total: 759333 ns
[2022-09-04T15:31:53.170+0000][1][safepoint    ] Safepoint "Cleanup", Time since last: 1004468376 ns, Reaching safepoint: 734875 ns, At safepoint: 21583 ns, Total: 756458 ns
[2022-09-04T15:31:54.174+0000][1][safepoint    ] Safepoint "Cleanup", Time since last: 1003467417 ns, Reaching safepoint: 897833 ns, At safepoint: 27459 ns, Total: 925292 ns
[2022-09-04T15:31:55.177+0000][1][safepoint    ] Safepoint "Cleanup", Time since last: 1001656417 ns, Reaching safepoint: 1000208 ns, At safepoint: 25459 ns, Total: 1025667 ns
[2022-09-04T15:31:56.180+0000][1][safepoint    ] Safepoint "Cleanup", Time since last: 1002055958 ns, Reaching safepoint: 914625 ns, At safepoint: 27917 ns, Total: 942542 ns
[2022-09-04T15:31:57.183+0000][1][safepoint    ] Safepoint "Cleanup", Time since last: 1001899667 ns, Reaching safepoint: 952417 ns, At safepoint: 25625 ns, Total: 978042 ns
[2022-09-04T15:31:58.187+0000][1][safepoint    ] Safepoint "Cleanup", Time since last: 1003317500 ns, Reaching safepoint: 699000 ns, At safepoint: 41209 ns, Total: 740209 ns
[2022-09-04T15:31:59.189+0000][1][safepoint    ] Safepoint "Cleanup", Time since last: 1001491125 ns, Reaching safepoint: 738042 ns, At safepoint: 21541 ns, Total: 759583 ns
[2022-09-04T15:32:00.192+0000][1][safepoint    ] Safepoint "Cleanup", Time since last: 1001884709 ns, Reaching safepoint: 827959 ns, At safepoint: 24000 ns, Total: 851959 ns
[2022-09-04T15:32:01.194+0000][1][safepoint    ] Safepoint "Cleanup", Time since last: 1001742749 ns, Reaching safepoint: 725875 ns, At safepoint: 21333 ns, Total: 747208 ns
[2022-09-04T15:32:02.196+0000][1][safepoint    ] Safepoint "Cleanup", Time since last: 1001715668 ns, Reaching safepoint: 736458 ns, At safepoint: 21083 ns, Total: 757541 ns
[2022-09-04T15:32:04.195+0000][1][safepoint    ] Safepoint "Cleanup", Time since last: 1997974543 ns, Reaching safepoint: 743417 ns, At safepoint: 23333 ns, Total: 766750 ns
[2022-09-04T15:32:05.199+0000][1][safepoint    ] Safepoint "Cleanup", Time since last: 1003452125 ns, Reaching safepoint: 759667 ns, At safepoint: 20958 ns, Total: 780625 ns
[2022-09-04T15:32:06.203+0000][1][safepoint    ] Safepoint "Cleanup", Time since last: 1001545209 ns, Reaching safepoint: 1643792 ns, At safepoint: 48916 ns, Total: 1692708 ns
[2022-09-04T15:32:07.208+0000][1][safepoint    ] Safepoint "Cleanup", Time since last: 1004392168 ns, Reaching safepoint: 1164791 ns, At safepoint: 36959 ns, Total: 1201750 ns
[2022-09-04T15:32:08.212+0000][1][safepoint    ] Safepoint "Cleanup", Time since last: 1003487708 ns, Reaching safepoint: 718209 ns, At safepoint: 21125 ns, Total: 739334 ns
[2022-09-04T15:32:09.217+0000][1][safepoint    ] Safepoint "Cleanup", Time since last: 1003771542 ns, Reaching safepoint: 739917 ns, At safepoint: 20958 ns, Total: 760875 ns
[2022-09-04T15:32:10.219+0000][1][safepoint    ] Safepoint "Cleanup", Time since last: 1001493709 ns, Reaching safepoint: 728250 ns, At safepoint: 21250 ns, Total: 749500 ns
[2022-09-04T15:32:11.222+0000][1][safepoint    ] Safepoint "Cleanup", Time since last: 1001787084 ns, Reaching safepoint: 813625 ns, At safepoint: 24375 ns, Total: 838000 ns
[2022-09-04T15:32:12.226+0000][1][safepoint    ] Safepoint "Cleanup", Time since last: 1003854708 ns, Reaching safepoint: 721667 ns, At safepoint: 24208 ns, Total: 745875 ns
[2022-09-04T15:32:13.229+0000][1][safepoint    ] Safepoint "Cleanup", Time since last: 1001977126 ns, Reaching safepoint: 785708 ns, At safepoint: 22917 ns, Total: 808625 ns
[2022-09-04T15:32:14.234+0000][1][safepoint    ] Safepoint "Cleanup", Time since last: 1002974750 ns, Reaching safepoint: 1523875 ns, At safepoint: 44667 ns, Total: 1568542 ns
[2022-09-04T15:32:15.237+0000][1][safepoint    ] Safepoint "Cleanup", Time since last: 1002836959 ns, Reaching safepoint: 770708 ns, At safepoint: 23250 ns, Total: 793958 ns
[2022-09-04T15:32:16.241+0000][1][safepoint    ] Safepoint "Cleanup", Time since last: 1001829126 ns, Reaching safepoint: 2196666 ns, At safepoint: 74709 ns, Total: 2271375 ns
[2022-09-04T15:32:17.250+0000][1][safepoint    ] Safepoint "Cleanup", Time since last: 1007390500 ns, Reaching safepoint: 744042 ns, At safepoint: 23625 ns, Total: 767667 ns
[2022-09-04T15:32:18.253+0000][1][safepoint    ] Safepoint "Cleanup", Time since last: 1002478959 ns, Reaching safepoint: 864791 ns, At safepoint: 24292 ns, Total: 889083 ns
[2022-09-04T15:32:19.256+0000][1][safepoint    ] Safepoint "Cleanup", Time since last: 1002052292 ns, Reaching safepoint: 1027417 ns, At safepoint: 30458 ns, Total: 1057875 ns
[2022-09-04T15:32:20.259+0000][1][safepoint    ] Safepoint "Cleanup", Time since last: 1002420876 ns, Reaching safepoint: 931625 ns, At safepoint: 25125 ns, Total: 956750 ns
[2022-09-04T15:32:21.265+0000][1][safepoint    ] Safepoint "Cleanup", Time since last: 1002383042 ns, Reaching safepoint: 2980041 ns, At safepoint: 123584 ns, Total: 3103625 ns
[2022-09-04T15:32:22.269+0000][1][safepoint    ] Safepoint "Cleanup", Time since last: 1003038167 ns, Reaching safepoint: 799541 ns, At safepoint: 26667 ns, Total: 826208 ns
[2022-09-04T15:32:23.272+0000][1][safepoint    ] Safepoint "Cleanup", Time since last: 1002224001 ns, Reaching safepoint: 854166 ns, At safepoint: 27542 ns, Total: 881708 ns
[2022-09-04T15:32:24.277+0000][1][safepoint    ] Safepoint "Cleanup", Time since last: 1002501209 ns, Reaching safepoint: 2467166 ns, At safepoint: 62709 ns, Total: 2529875 ns
[2022-09-04T15:32:25.283+0000][1][safepoint    ] Safepoint "Cleanup", Time since last: 1005584417 ns, Reaching safepoint: 928000 ns, At safepoint: 24750 ns, Total: 952750 ns
[2022-09-04T15:32:26.287+0000][1][safepoint    ] Safepoint "Cleanup", Time since last: 1002267875 ns, Reaching safepoint: 1151834 ns, At safepoint: 42875 ns, Total: 1194709 ns
[2022-09-04T15:32:27.291+0000][1][safepoint    ] Safepoint "Cleanup", Time since last: 1002898792 ns, Reaching safepoint: 732833 ns, At safepoint: 23334 ns, Total: 756167 ns
[2022-09-04T15:32:28.293+0000][1][safepoint    ] Safepoint "Cleanup", Time since last: 1001820042 ns, Reaching safepoint: 985083 ns, At safepoint: 40458 ns, Total: 1025541 ns
[2022-09-04T15:32:29.297+0000][1][safepoint    ] Safepoint "Cleanup", Time since last: 1002297709 ns, Reaching safepoint: 1157917 ns, At safepoint: 32625 ns, Total: 1190542 ns
[2022-09-04T15:32:30.301+0000][1][safepoint    ] Safepoint "Cleanup", Time since last: 1002850792 ns, Reaching safepoint: 891292 ns, At safepoint: 26041 ns, Total: 917333 ns
[2022-09-04T15:32:31.304+0000][1][safepoint    ] Safepoint "Cleanup", Time since last: 1002099042 ns, Reaching safepoint: 1007875 ns, At safepoint: 31958 ns, Total: 1039833 ns
[2022-09-04T15:32:32.307+0000][1][safepoint    ] Safepoint "Cleanup", Time since last: 1002301751 ns, Reaching safepoint: 931292 ns, At safepoint: 40083 ns, Total: 971375 ns
[2022-09-04T15:32:33.309+0000][1][safepoint    ] Safepoint "Cleanup", Time since last: 1001624167 ns, Reaching safepoint: 826958 ns, At safepoint: 20292 ns, Total: 847250 ns
[2022-09-04T15:32:34.312+0000][1][safepoint    ] Safepoint "Cleanup", Time since last: 1001864417 ns, Reaching safepoint: 768542 ns, At safepoint: 20750 ns, Total: 789292 ns
[2022-09-04T15:32:35.315+0000][1][safepoint    ] Safepoint "Cleanup", Time since last: 1002228584 ns, Reaching safepoint: 843833 ns, At safepoint: 28125 ns, Total: 871958 ns
[2022-09-04T15:32:36.319+0000][1][safepoint    ] Safepoint "Cleanup", Time since last: 1002773376 ns, Reaching safepoint: 1319250 ns, At safepoint: 30041 ns, Total: 1349291 ns
[2022-09-04T15:32:37.324+0000][1][safepoint    ] Safepoint "Cleanup", Time since last: 1003612167 ns, Reaching safepoint: 847375 ns, At safepoint: 23625 ns, Total: 871000 ns
[2022-09-04T15:32:38.327+0000][1][safepoint    ] Safepoint "Cleanup", Time since last: 1002103043 ns, Reaching safepoint: 888083 ns, At safepoint: 23875 ns, Total: 911958 ns
[2022-09-04T15:32:39.331+0000][1][safepoint    ] Safepoint "Cleanup", Time since last: 1002927375 ns, Reaching safepoint: 844584 ns, At safepoint: 26416 ns, Total: 871000 ns
[2022-09-04T15:32:40.333+0000][1][safepoint    ] Safepoint "Cleanup", Time since last: 1001674501 ns, Reaching safepoint: 1192458 ns, At safepoint: 33917 ns, Total: 1226375 ns
[2022-09-04T15:32:41.340+0000][1][safepoint    ] Safepoint "Cleanup", Time since last: 1004806917 ns, Reaching safepoint: 1663125 ns, At safepoint: 44417 ns, Total: 1707542 ns
[2022-09-04T15:32:42.344+0000][1][safepoint    ] Safepoint "Cleanup", Time since last: 1003152750 ns, Reaching safepoint: 865042 ns, At safepoint: 27583 ns, Total: 892625 ns
[2022-09-04T15:32:43.351+0000][1][safepoint    ] Safepoint "Cleanup", Time since last: 1005636001 ns, Reaching safepoint: 872416 ns, At safepoint: 25875 ns, Total: 898291 ns
[2022-09-04T15:32:44.359+0000][1][safepoint    ] Safepoint "Cleanup", Time since last: 1006863376 ns, Reaching safepoint: 1931375 ns, At safepoint: 64958 ns, Total: 1996333 ns
[2022-09-04T15:32:45.364+0000][1][safepoint    ] Safepoint "Cleanup", Time since last: 1003585126 ns, Reaching safepoint: 733250 ns, At safepoint: 26416 ns, Total: 759666 ns
[2022-09-04T15:32:46.368+0000][1][safepoint    ] Safepoint "Cleanup", Time since last: 1002854042 ns, Reaching safepoint: 1602792 ns, At safepoint: 43917 ns, Total: 1646709 ns
[2022-09-04T15:32:47.345+0000][1][safepoint    ] Safepoint "RevokeBias", Time since last: 975467708 ns, Reaching safepoint: 1042417 ns, At safepoint: 238583 ns, Total: 1281000 ns
[2022-09-04T15:32:48.347+0000][1][safepoint    ] Safepoint "Cleanup", Time since last: 1001600418 ns, Reaching safepoint: 751583 ns, At safepoint: 22292 ns, Total: 773875 ns
[2022-09-04T15:32:49.351+0000][1][safepoint    ] Safepoint "Cleanup", Time since last: 1002827958 ns, Reaching safepoint: 816042 ns, At safepoint: 20833 ns, Total: 836875 ns
[2022-09-04T15:32:50.355+0000][1][safepoint    ] Safepoint "Cleanup", Time since last: 1002928501 ns, Reaching safepoint: 706000 ns, At safepoint: 24750 ns, Total: 730750 ns
[2022-09-04T15:32:51.357+0000][1][safepoint    ] Safepoint "Cleanup", Time since last: 1001726000 ns, Reaching safepoint: 774250 ns, At safepoint: 33042 ns, Total: 807292 ns
[2022-09-04T15:32:52.360+0000][1][safepoint    ] Safepoint "Cleanup", Time since last: 1001651001 ns, Reaching safepoint: 745958 ns, At safepoint: 44875 ns, Total: 790833 ns
[2022-09-04T15:32:53.364+0000][1][safepoint    ] Safepoint "Cleanup", Time since last: 1003201500 ns, Reaching safepoint: 814667 ns, At safepoint: 26542 ns, Total: 841209 ns
[2022-09-04T15:32:54.370+0000][1][safepoint    ] Safepoint "Cleanup", Time since last: 1005457542 ns, Reaching safepoint: 947333 ns, At safepoint: 31375 ns, Total: 978708 ns
[2022-09-04T15:32:55.374+0000][1][safepoint    ] Safepoint "Cleanup", Time since last: 1002987209 ns, Reaching safepoint: 733750 ns, At safepoint: 20542 ns, Total: 754292 ns
[2022-09-04T15:32:56.377+0000][1][safepoint    ] Safepoint "Cleanup", Time since last: 1002001292 ns, Reaching safepoint: 978958 ns, At safepoint: 27167 ns, Total: 1006125 ns
[2022-09-04T15:32:57.380+0000][1][safepoint    ] Safepoint "Cleanup", Time since last: 1002488959 ns, Reaching safepoint: 855291 ns, At safepoint: 24917 ns, Total: 880208 ns
[2022-09-04T15:32:58.384+0000][1][safepoint    ] Safepoint "Cleanup", Time since last: 1002600750 ns, Reaching safepoint: 969375 ns, At safepoint: 26792 ns, Total: 996167 ns
[2022-09-04T15:32:59.388+0000][1][safepoint    ] Safepoint "Cleanup", Time since last: 1003138292 ns, Reaching safepoint: 1216834 ns, At safepoint: 35625 ns, Total: 1252459 ns
[2022-09-04T15:33:00.393+0000][1][safepoint    ] Safepoint "Cleanup", Time since last: 1004183292 ns, Reaching safepoint: 683083 ns, At safepoint: 21167 ns, Total: 704250 ns
[2022-09-04T15:33:01.398+0000][1][safepoint    ] Safepoint "Cleanup", Time since last: 1003498916 ns, Reaching safepoint: 1342667 ns, At safepoint: 51208 ns, Total: 1393875 ns
[2022-09-04T15:33:02.401+0000][1][safepoint    ] Safepoint "Cleanup", Time since last: 1002273501 ns, Reaching safepoint: 748583 ns, At safepoint: 23667 ns, Total: 772250 ns
[2022-09-04T15:33:04.199+0000][1][safepoint    ] Safepoint "Cleanup", Time since last: 1796439626 ns, Reaching safepoint: 1174208 ns, At safepoint: 34208 ns, Total: 1208416 ns
[2022-09-04T15:33:05.204+0000][1][safepoint    ] Safepoint "Cleanup", Time since last: 1004633792 ns, Reaching safepoint: 805250 ns, At safepoint: 25292 ns, Total: 830542 ns
[2022-09-04T15:33:06.213+0000][1][safepoint    ] Safepoint "Cleanup", Time since last: 1007096584 ns, Reaching safepoint: 1272416 ns, At safepoint: 105959 ns, Total: 1378375 ns
[2022-09-04T15:33:07.218+0000][1][safepoint    ] Safepoint "Cleanup", Time since last: 1003528250 ns, Reaching safepoint: 1528125 ns, At safepoint: 45667 ns, Total: 1573792 ns
[2022-09-04T15:33:08.222+0000][1][safepoint    ] Safepoint "Cleanup", Time since last: 1003545792 ns, Reaching safepoint: 777375 ns, At safepoint: 21958 ns, Total: 799333 ns
[2022-09-04T15:33:09.226+0000][1][safepoint    ] Safepoint "Cleanup", Time since last: 1001768043 ns, Reaching safepoint: 1651791 ns, At safepoint: 42834 ns, Total: 1694625 ns
[2022-09-04T15:33:10.229+0000][1][safepoint    ] Safepoint "Cleanup", Time since last: 1002150125 ns, Reaching safepoint: 1402583 ns, At safepoint: 38125 ns, Total: 1440708 ns
[2022-09-04T15:33:11.235+0000][1][safepoint    ] Safepoint "Cleanup", Time since last: 1003166668 ns, Reaching safepoint: 2363791 ns, At safepoint: 77750 ns, Total: 2441541 ns
[2022-09-04T15:33:12.240+0000][1][safepoint    ] Safepoint "Cleanup", Time since last: 1004711917 ns, Reaching safepoint: 754167 ns, At safepoint: 28875 ns, Total: 783042 ns
[2022-09-04T15:33:13.243+0000][1][safepoint    ] Safepoint "Cleanup", Time since last: 1001704042 ns, Reaching safepoint: 772667 ns, At safepoint: 22333 ns, Total: 795000 ns
[2022-09-04T15:33:14.246+0000][1][safepoint    ] Safepoint "Cleanup", Time since last: 1002534834 ns, Reaching safepoint: 785250 ns, At safepoint: 22083 ns, Total: 807333 ns
[2022-09-04T15:33:15.252+0000][1][safepoint    ] Safepoint "Cleanup", Time since last: 1004018959 ns, Reaching safepoint: 1251750 ns, At safepoint: 40917 ns, Total: 1292667 ns
[2022-09-04T15:33:15.800+0000][1][safepoint    ] Safepoint "RevokeBias", Time since last: 547473792 ns, Reaching safepoint: 684333 ns, At safepoint: 99458 ns, Total: 783791 ns
[2022-09-04T15:33:15.805+0000][1][safepoint    ] Safepoint "RevokeBias", Time since last: 4401959 ns, Reaching safepoint: 518458 ns, At safepoint: 132458 ns, Total: 650916 ns
[2022-09-04T15:33:15.876+0000][1][safepoint    ] Safepoint "BulkRevokeBias", Time since last: 67763750 ns, Reaching safepoint: 702542 ns, At safepoint: 2541083 ns, Total: 3243625 ns
[2022-09-04T15:33:15.897+0000][1][safepoint    ] Safepoint "RevokeBias", Time since last: 19823625 ns, Reaching safepoint: 1113667 ns, At safepoint: 155000 ns, Total: 1268667 ns
[2022-09-04T15:33:15.925+0000][1][safepoint    ] Safepoint "RevokeBias", Time since last: 26883000 ns, Reaching safepoint: 879417 ns, At safepoint: 103041 ns, Total: 982458 ns
[2022-09-04T15:33:16.929+0000][1][safepoint    ] Safepoint "Cleanup", Time since last: 1001438043 ns, Reaching safepoint: 2421208 ns, At safepoint: 65333 ns, Total: 2486541 ns
[2022-09-04T15:33:17.934+0000][1][safepoint    ] Safepoint "Cleanup", Time since last: 1003778917 ns, Reaching safepoint: 1723500 ns, At safepoint: 82625 ns, Total: 1806125 ns
[2022-09-04T15:33:18.942+0000][1][safepoint    ] Safepoint "Cleanup", Time since last: 1003851626 ns, Reaching safepoint: 3238083 ns, At safepoint: 96792 ns, Total: 3334875 ns
[2022-09-04T15:33:19.953+0000][1][safepoint    ] Safepoint "Cleanup", Time since last: 1008633084 ns, Reaching safepoint: 3177708 ns, At safepoint: 116375 ns, Total: 3294083 ns
[2022-09-04T15:33:20.967+0000][1][safepoint    ] Safepoint "Cleanup", Time since last: 1010330209 ns, Reaching safepoint: 3063500 ns, At safepoint: 274417 ns, Total: 3337917 ns
[2022-09-04T15:33:21.977+0000][1][safepoint    ] Safepoint "Cleanup", Time since last: 1006901000 ns, Reaching safepoint: 2504917 ns, At safepoint: 222458 ns, Total: 2727375 ns
[2022-09-04T15:33:22.984+0000][1][safepoint    ] Safepoint "Cleanup", Time since last: 1005028750 ns, Reaching safepoint: 1900250 ns, At safepoint: 61542 ns, Total: 1961792 ns
[2022-09-04T15:33:23.996+0000][1][safepoint    ] Safepoint "Cleanup", Time since last: 1008928751 ns, Reaching safepoint: 3240166 ns, At safepoint: 219125 ns, Total: 3459291 ns
[2022-09-04T15:33:25.006+0000][1][safepoint    ] Safepoint "Cleanup", Time since last: 1008204251 ns, Reaching safepoint: 1937458 ns, At safepoint: 55583 ns, Total: 1993041 ns
[2022-09-04T15:33:26.014+0000][1][safepoint    ] Safepoint "Cleanup", Time since last: 1005073543 ns, Reaching safepoint: 2049416 ns, At safepoint: 83792 ns, Total: 2133208 ns
[2022-09-04T15:33:27.027+0000][1][safepoint    ] Safepoint "Cleanup", Time since last: 1011690292 ns, Reaching safepoint: 1810625 ns, At safepoint: 50500 ns, Total: 1861125 ns
[2022-09-04T15:33:28.031+0000][1][safepoint    ] Safepoint "Cleanup", Time since last: 1003373042 ns, Reaching safepoint: 949417 ns, At safepoint: 42583 ns, Total: 992000 ns
[2022-09-04T15:33:29.036+0000][1][safepoint    ] Safepoint "Cleanup", Time since last: 1002049334 ns, Reaching safepoint: 2872042 ns, At safepoint: 75166 ns, Total: 2947208 ns
[2022-09-04T15:33:30.046+0000][1][safepoint    ] Safepoint "Cleanup", Time since last: 1004165793 ns, Reaching safepoint: 5288708 ns, At safepoint: 406000 ns, Total: 5694708 ns
[2022-09-04T15:33:31.056+0000][1][safepoint    ] Safepoint "Cleanup", Time since last: 1006578041 ns, Reaching safepoint: 3890375 ns, At safepoint: 235417 ns, Total: 4125792 ns
[2022-09-04T15:33:32.064+0000][1][safepoint    ] Safepoint "Cleanup", Time since last: 1005099250 ns, Reaching safepoint: 2515667 ns, At safepoint: 99958 ns, Total: 2615625 ns
[2022-09-04T15:33:33.070+0000][1][safepoint    ] Safepoint "Cleanup", Time since last: 1004423334 ns, Reaching safepoint: 1062583 ns, At safepoint: 20417 ns, Total: 1083000 ns
[2022-09-04T15:33:34.201+0000][1][safepoint    ] Safepoint "Cleanup", Time since last: 1129988167 ns, Reaching safepoint: 1046750 ns, At safepoint: 33959 ns, Total: 1080709 ns
[2022-09-04T15:33:35.203+0000][1][safepoint    ] Safepoint "Cleanup", Time since last: 1001520875 ns, Reaching safepoint: 858542 ns, At safepoint: 31541 ns, Total: 890083 ns
[2022-09-04T15:33:36.206+0000][1][safepoint    ] Safepoint "Cleanup", Time since last: 1001681334 ns, Reaching safepoint: 988375 ns, At safepoint: 26417 ns, Total: 1014792 ns
[2022-09-04T15:33:37.212+0000][1][safepoint    ] Safepoint "Cleanup", Time since last: 1001920959 ns, Reaching safepoint: 4456125 ns, At safepoint: 87416 ns, Total: 4543541 ns
[2022-09-04T15:33:38.216+0000][1][safepoint    ] Safepoint "Cleanup", Time since last: 1002929584 ns, Reaching safepoint: 733958 ns, At safepoint: 21292 ns, Total: 755250 ns
[2022-09-04T15:33:39.220+0000][1][safepoint    ] Safepoint "Cleanup", Time since last: 1002015792 ns, Reaching safepoint: 1576000 ns, At safepoint: 50584 ns, Total: 1626584 ns
[2022-09-04T15:33:40.224+0000][1][safepoint    ] Safepoint "Cleanup", Time since last: 1002497042 ns, Reaching safepoint: 2135541 ns, At safepoint: 138834 ns, Total: 2274375 ns
[2022-09-04T15:33:41.232+0000][1][safepoint    ] Safepoint "Cleanup", Time since last: 1005003834 ns, Reaching safepoint: 2567250 ns, At safepoint: 156000 ns, Total: 2723250 ns
[2022-09-04T15:33:42.241+0000][1][safepoint    ] Safepoint "Cleanup", Time since last: 1006323875 ns, Reaching safepoint: 2343542 ns, At safepoint: 69125 ns, Total: 2412667 ns
[2022-09-04T15:33:43.246+0000][1][safepoint    ] Safepoint "Cleanup", Time since last: 1004269125 ns, Reaching safepoint: 747000 ns, At safepoint: 24500 ns, Total: 771500 ns
[2022-09-04T15:33:44.252+0000][1][safepoint    ] Safepoint "Cleanup", Time since last: 1003187834 ns, Reaching safepoint: 2764125 ns, At safepoint: 84500 ns, Total: 2848625 ns
[2022-09-04T15:33:45.257+0000][1][safepoint    ] Safepoint "Cleanup", Time since last: 1004081834 ns, Reaching safepoint: 972125 ns, At safepoint: 27458 ns, Total: 999583 ns
[2022-09-04T15:33:46.263+0000][1][safepoint    ] Safepoint "Cleanup", Time since last: 1003623126 ns, Reaching safepoint: 2002625 ns, At safepoint: 85958 ns, Total: 2088583 ns
[2022-09-04T15:33:47.268+0000][1][safepoint    ] Safepoint "Cleanup", Time since last: 1004705084 ns, Reaching safepoint: 1021875 ns, At safepoint: 31166 ns, Total: 1053041 ns
[2022-09-04T15:33:48.273+0000][1][safepoint    ] Safepoint "Cleanup", Time since last: 1003401793 ns, Reaching safepoint: 951333 ns, At safepoint: 32250 ns, Total: 983583 ns
[2022-09-04T15:33:49.278+0000][1][safepoint    ] Safepoint "Cleanup", Time since last: 1002538917 ns, Reaching safepoint: 2153417 ns, At safepoint: 46708 ns, Total: 2200125 ns
[2022-09-04T15:33:50.284+0000][1][safepoint    ] Safepoint "Cleanup", Time since last: 1004358959 ns, Reaching safepoint: 2137750 ns, At safepoint: 55417 ns, Total: 2193167 ns
[2022-09-04T15:33:51.289+0000][1][safepoint    ] Safepoint "Cleanup", Time since last: 1003051167 ns, Reaching safepoint: 1813791 ns, At safepoint: 60709 ns, Total: 1874500 ns
[2022-09-04T15:33:52.294+0000][1][safepoint    ] Safepoint "Cleanup", Time since last: 1003197250 ns, Reaching safepoint: 1591292 ns, At safepoint: 47708 ns, Total: 1639000 ns
[2022-09-04T15:33:53.297+0000][1][safepoint    ] Safepoint "Cleanup", Time since last: 1002303042 ns, Reaching safepoint: 1025209 ns, At safepoint: 29083 ns, Total: 1054292 ns
[2022-09-04T15:33:54.301+0000][1][safepoint    ] Safepoint "Cleanup", Time since last: 1003218375 ns, Reaching safepoint: 905834 ns, At safepoint: 30000 ns, Total: 935834 ns
[2022-09-04T15:33:55.305+0000][1][safepoint    ] Safepoint "Cleanup", Time since last: 1002257417 ns, Reaching safepoint: 885125 ns, At safepoint: 22667 ns, Total: 907792 ns
[2022-09-04T15:33:56.309+0000][1][safepoint    ] Safepoint "Cleanup", Time since last: 1002930000 ns, Reaching safepoint: 986292 ns, At safepoint: 38083 ns, Total: 1024375 ns
[2022-09-04T15:33:57.312+0000][1][safepoint    ] Safepoint "Cleanup", Time since last: 1002380834 ns, Reaching safepoint: 1071375 ns, At safepoint: 32417 ns, Total: 1103792 ns
[2022-09-04T15:33:58.316+0000][1][safepoint    ] Safepoint "Cleanup", Time since last: 1003063500 ns, Reaching safepoint: 883042 ns, At safepoint: 23791 ns, Total: 906833 ns
[2022-09-04T15:33:59.320+0000][1][safepoint    ] Safepoint "Cleanup", Time since last: 1002558668 ns, Reaching safepoint: 1071583 ns, At safepoint: 25583 ns, Total: 1097166 ns
[2022-09-04T15:34:00.323+0000][1][safepoint    ] Safepoint "Cleanup", Time since last: 1002186167 ns, Reaching safepoint: 1120792 ns, At safepoint: 34917 ns, Total: 1155709 ns
[2022-09-04T15:34:01.326+0000][1][safepoint    ] Safepoint "Cleanup", Time since last: 1002369541 ns, Reaching safepoint: 1333209 ns, At safepoint: 68625 ns, Total: 1401834 ns
[2022-09-04T15:34:02.332+0000][1][safepoint    ] Safepoint "Cleanup", Time since last: 1004257875 ns, Reaching safepoint: 1100209 ns, At safepoint: 32708 ns, Total: 1132917 ns
[2022-09-04T15:34:04.070+0000][1][safepoint    ] Safepoint "Cleanup", Time since last: 1737410751 ns, Reaching safepoint: 796000 ns, At safepoint: 26041 ns, Total: 822041 ns
[2022-09-04T15:34:05.075+0000][1][safepoint    ] Safepoint "Cleanup", Time since last: 1002453876 ns, Reaching safepoint: 2798833 ns, At safepoint: 77875 ns, Total: 2876708 ns
[2022-09-04T15:34:06.084+0000][1][safepoint    ] Safepoint "Cleanup", Time since last: 1007289584 ns, Reaching safepoint: 839500 ns, At safepoint: 24292 ns, Total: 863792 ns
[2022-09-04T15:34:07.088+0000][1][safepoint    ] Safepoint "Cleanup", Time since last: 1001788209 ns, Reaching safepoint: 2486958 ns, At safepoint: 92958 ns, Total: 2579916 ns
[2022-09-04T15:34:08.094+0000][1][safepoint    ] Safepoint "Cleanup", Time since last: 1005019334 ns, Reaching safepoint: 787417 ns, At safepoint: 29250 ns, Total: 816667 ns
[2022-09-04T15:34:09.104+0000][1][safepoint    ] Safepoint "Cleanup", Time since last: 1006821875 ns, Reaching safepoint: 3668667 ns, At safepoint: 98958 ns, Total: 3767625 ns
[2022-09-04T15:34:10.116+0000][1][safepoint    ] Safepoint "Cleanup", Time since last: 1009889334 ns, Reaching safepoint: 1415083 ns, At safepoint: 40459 ns, Total: 1455542 ns
[2022-09-04T15:34:11.123+0000][1][safepoint    ] Safepoint "Cleanup", Time since last: 1003901459 ns, Reaching safepoint: 2821666 ns, At safepoint: 102667 ns, Total: 2924333 ns
[2022-09-04T15:34:12.133+0000][1][safepoint    ] Safepoint "Cleanup", Time since last: 1008841459 ns, Reaching safepoint: 1449250 ns, At safepoint: 45541 ns, Total: 1494791 ns
[2022-09-04T15:34:13.139+0000][1][safepoint    ] Safepoint "Cleanup", Time since last: 1005042334 ns, Reaching safepoint: 892083 ns, At safepoint: 26125 ns, Total: 918208 ns
[2022-09-04T15:34:14.143+0000][1][safepoint    ] Safepoint "Cleanup", Time since last: 1002987751 ns, Reaching safepoint: 873875 ns, At safepoint: 23875 ns, Total: 897750 ns
[2022-09-04T15:34:15.146+0000][1][safepoint    ] Safepoint "Cleanup", Time since last: 1001959500 ns, Reaching safepoint: 1238417 ns, At safepoint: 37000 ns, Total: 1275417 ns
[2022-09-04T15:34:16.150+0000][1][safepoint    ] Safepoint "Cleanup", Time since last: 1002498001 ns, Reaching safepoint: 1339166 ns, At safepoint: 27084 ns, Total: 1366250 ns
[2022-09-04T15:34:17.156+0000][1][safepoint    ] Safepoint "Cleanup", Time since last: 1003564208 ns, Reaching safepoint: 2341667 ns, At safepoint: 63042 ns, Total: 2404709 ns
[2022-09-04T15:34:18.161+0000][1][safepoint    ] Safepoint "Cleanup", Time since last: 1004129334 ns, Reaching safepoint: 799625 ns, At safepoint: 22291 ns, Total: 821916 ns
[2022-09-04T15:34:19.164+0000][1][safepoint    ] Safepoint "Cleanup", Time since last: 1001720167 ns, Reaching safepoint: 1263209 ns, At safepoint: 38208 ns, Total: 1301417 ns
[2022-09-04T15:34:20.168+0000][1][safepoint    ] Safepoint "Cleanup", Time since last: 1003620792 ns, Reaching safepoint: 840042 ns, At safepoint: 24166 ns, Total: 864208 ns
[2022-09-04T15:34:21.175+0000][1][safepoint    ] Safepoint "Cleanup", Time since last: 1004717501 ns, Reaching safepoint: 1923000 ns, At safepoint: 98667 ns, Total: 2021667 ns
[2022-09-04T15:34:22.182+0000][1][safepoint    ] Safepoint "Cleanup", Time since last: 1005305667 ns, Reaching safepoint: 1428208 ns, At safepoint: 44708 ns, Total: 1472916 ns
[2022-09-04T15:34:23.188+0000][1][safepoint    ] Safepoint "Cleanup", Time since last: 1004869459 ns, Reaching safepoint: 1267000 ns, At safepoint: 38209 ns, Total: 1305209 ns
[2022-09-04T15:34:24.195+0000][1][safepoint    ] Safepoint "Cleanup", Time since last: 1005680958 ns, Reaching safepoint: 1235750 ns, At safepoint: 36584 ns, Total: 1272334 ns
[2022-09-04T15:34:25.200+0000][1][safepoint    ] Safepoint "Cleanup", Time since last: 1004011292 ns, Reaching safepoint: 849708 ns, At safepoint: 25625 ns, Total: 875333 ns
[2022-09-04T15:34:26.203+0000][1][safepoint    ] Safepoint "Cleanup", Time since last: 1002145792 ns, Reaching safepoint: 780834 ns, At safepoint: 21791 ns, Total: 802625 ns
[2022-09-04T15:34:27.206+0000][1][safepoint    ] Safepoint "Cleanup", Time since last: 1002343709 ns, Reaching safepoint: 774084 ns, At safepoint: 21958 ns, Total: 796042 ns
[2022-09-04T15:34:28.211+0000][1][safepoint    ] Safepoint "Cleanup", Time since last: 1003955000 ns, Reaching safepoint: 809000 ns, At safepoint: 22834 ns, Total: 831834 ns
[2022-09-04T15:34:29.216+0000][1][safepoint    ] Safepoint "Cleanup", Time since last: 1004678833 ns, Reaching safepoint: 957959 ns, At safepoint: 24875 ns, Total: 982834 ns
[2022-09-04T15:34:30.222+0000][1][safepoint    ] Safepoint "Cleanup", Time since last: 1003464459 ns, Reaching safepoint: 2200750 ns, At safepoint: 97416 ns, Total: 2298166 ns
[2022-09-04T15:34:31.227+0000][1][safepoint    ] Safepoint "Cleanup", Time since last: 1003457750 ns, Reaching safepoint: 1973334 ns, At safepoint: 60458 ns, Total: 2033792 ns
[2022-09-04T15:34:32.233+0000][1][safepoint    ] Safepoint "Cleanup", Time since last: 1003757251 ns, Reaching safepoint: 1406875 ns, At safepoint: 42041 ns, Total: 1448916 ns
[2022-09-04T15:34:33.237+0000][1][safepoint    ] Safepoint "Cleanup", Time since last: 1003320001 ns, Reaching safepoint: 1202666 ns, At safepoint: 55834 ns, Total: 1258500 ns
[2022-09-04T15:34:34.252+0000][1][safepoint    ] Safepoint "Cleanup", Time since last: 1013804084 ns, Reaching safepoint: 708041 ns, At safepoint: 24959 ns, Total: 733000 ns
[2022-09-04T15:34:35.256+0000][1][safepoint    ] Safepoint "Cleanup", Time since last: 1003592167 ns, Reaching safepoint: 1004500 ns, At safepoint: 26791 ns, Total: 1031291 ns
[2022-09-04T15:34:36.261+0000][1][safepoint    ] Safepoint "Cleanup", Time since last: 1002314168 ns, Reaching safepoint: 1786125 ns, At safepoint: 57625 ns, Total: 1843750 ns
[2022-09-04T15:34:37.265+0000][1][safepoint    ] Safepoint "Cleanup", Time since last: 1003224792 ns, Reaching safepoint: 848500 ns, At safepoint: 23083 ns, Total: 871583 ns
[2022-09-04T15:34:38.268+0000][1][safepoint    ] Safepoint "Cleanup", Time since last: 1002288084 ns, Reaching safepoint: 765250 ns, At safepoint: 25458 ns, Total: 790708 ns
[2022-09-04T15:34:39.272+0000][1][safepoint    ] Safepoint "Cleanup", Time since last: 1002644667 ns, Reaching safepoint: 1788042 ns, At safepoint: 27292 ns, Total: 1815334 ns
[2022-09-04T15:34:40.278+0000][1][safepoint    ] Safepoint "Cleanup", Time since last: 1003766125 ns, Reaching safepoint: 1855625 ns, At safepoint: 45000 ns, Total: 1900625 ns
[2022-09-04T15:34:41.283+0000][1][safepoint    ] Safepoint "Cleanup", Time since last: 1003706792 ns, Reaching safepoint: 1561542 ns, At safepoint: 157750 ns, Total: 1719292 ns
[2022-09-04T15:34:42.288+0000][1][safepoint    ] Safepoint "Cleanup", Time since last: 1003540667 ns, Reaching safepoint: 922708 ns, At safepoint: 40167 ns, Total: 962875 ns
[2022-09-04T15:34:43.291+0000][1][safepoint    ] Safepoint "Cleanup", Time since last: 1002035917 ns, Reaching safepoint: 967125 ns, At safepoint: 23625 ns, Total: 990750 ns
[2022-09-04T15:34:44.294+0000][1][safepoint    ] Safepoint "Cleanup", Time since last: 1001852834 ns, Reaching safepoint: 1055500 ns, At safepoint: 85208 ns, Total: 1140708 ns
[2022-09-04T15:34:44.350+0000][1][safepoint    ] Safepoint "RevokeBias", Time since last: 55278917 ns, Reaching safepoint: 561250 ns, At safepoint: 136833 ns, Total: 698083 ns
[2022-09-04T15:34:44.356+0000][1][safepoint    ] Safepoint "RevokeBias", Time since last: 5428125 ns, Reaching safepoint: 514834 ns, At safepoint: 127625 ns, Total: 642459 ns
[2022-09-04T15:34:44.425+0000][1][safepoint    ] Safepoint "RevokeBias", Time since last: 67915125 ns, Reaching safepoint: 704958 ns, At safepoint: 104458 ns, Total: 809416 ns
[2022-09-04T15:34:44.448+0000][1][safepoint    ] Safepoint "RevokeBias", Time since last: 22463584 ns, Reaching safepoint: 732166 ns, At safepoint: 106334 ns, Total: 838500 ns
[2022-09-04T15:34:45.456+0000][1][safepoint    ] Safepoint "Cleanup", Time since last: 1006414375 ns, Reaching safepoint: 1257417 ns, At safepoint: 38125 ns, Total: 1295542 ns
[2022-09-04T15:34:46.462+0000][1][safepoint    ] Safepoint "Cleanup", Time since last: 1004992084 ns, Reaching safepoint: 1543208 ns, At safepoint: 55833 ns, Total: 1599041 ns
[2022-09-04T15:34:47.468+0000][1][safepoint    ] Safepoint "Cleanup", Time since last: 1005218834 ns, Reaching safepoint: 774792 ns, At safepoint: 21833 ns, Total: 796625 ns
[2022-09-04T15:34:48.473+0000][1][safepoint    ] Safepoint "Cleanup", Time since last: 1003818792 ns, Reaching safepoint: 1406709 ns, At safepoint: 38791 ns, Total: 1445500 ns
[2022-09-04T15:34:49.477+0000][1][safepoint    ] Safepoint "Cleanup", Time since last: 1002929959 ns, Reaching safepoint: 821958 ns, At safepoint: 25292 ns, Total: 847250 ns
[2022-09-04T15:34:50.480+0000][1][safepoint    ] Safepoint "Cleanup", Time since last: 1001344917 ns, Reaching safepoint: 992542 ns, At safepoint: 28125 ns, Total: 1020667 ns
[2022-09-04T15:34:51.487+0000][1][safepoint    ] Safepoint "Cleanup", Time since last: 1003926667 ns, Reaching safepoint: 3619458 ns, At safepoint: 147209 ns, Total: 3766667 ns
[2022-09-04T15:34:52.494+0000][1][safepoint    ] Safepoint "Cleanup", Time since last: 1005515792 ns, Reaching safepoint: 777917 ns, At safepoint: 24125 ns, Total: 802042 ns
[2022-09-04T15:34:53.498+0000][1][safepoint    ] Safepoint "Cleanup", Time since last: 1001533708 ns, Reaching safepoint: 2441875 ns, At safepoint: 88375 ns, Total: 2530250 ns
[2022-09-04T15:34:54.503+0000][1][safepoint    ] Safepoint "Cleanup", Time since last: 1003973251 ns, Reaching safepoint: 1754167 ns, At safepoint: 65666 ns, Total: 1819833 ns
[2022-09-04T15:34:55.511+0000][1][safepoint    ] Safepoint "Cleanup", Time since last: 1006489459 ns, Reaching safepoint: 1069333 ns, At safepoint: 42084 ns, Total: 1111417 ns
[2022-09-04T15:34:56.514+0000][1][safepoint    ] Safepoint "Cleanup", Time since last: 1002351250 ns, Reaching safepoint: 906459 ns, At safepoint: 24000 ns, Total: 930459 ns
[2022-09-04T15:34:57.520+0000][1][safepoint    ] Safepoint "Cleanup", Time since last: 1002596042 ns, Reaching safepoint: 2680375 ns, At safepoint: 70458 ns, Total: 2750833 ns
[2022-09-04T15:34:58.527+0000][1][safepoint    ] Safepoint "Cleanup", Time since last: 1004612500 ns, Reaching safepoint: 2086500 ns, At safepoint: 80750 ns, Total: 2167250 ns
[2022-09-04T15:34:59.534+0000][1][safepoint    ] Safepoint "Cleanup", Time since last: 1004827084 ns, Reaching safepoint: 2894292 ns, At safepoint: 69083 ns, Total: 2963375 ns
[2022-09-04T15:35:00.542+0000][1][safepoint    ] Safepoint "Cleanup", Time since last: 1005329501 ns, Reaching safepoint: 2490583 ns, At safepoint: 80750 ns, Total: 2571333 ns
[2022-09-04T15:35:01.551+0000][1][safepoint    ] Safepoint "Cleanup", Time since last: 1006470000 ns, Reaching safepoint: 2400125 ns, At safepoint: 64625 ns, Total: 2464750 ns
[2022-09-04T15:35:02.556+0000][1][safepoint    ] Safepoint "Cleanup", Time since last: 1003560833 ns, Reaching safepoint: 1188042 ns, At safepoint: 34000 ns, Total: 1222042 ns
[2022-09-04T15:35:03.562+0000][1][safepoint    ] Safepoint "Cleanup", Time since last: 1003356751 ns, Reaching safepoint: 2272291 ns, At safepoint: 74792 ns, Total: 2347083 ns
[2022-09-04T15:35:05.338+0000][1][safepoint    ] Safepoint "Cleanup", Time since last: 1774962334 ns, Reaching safepoint: 1732333 ns, At safepoint: 54125 ns, Total: 1786458 ns
[2022-09-04T15:35:05.884+0000][1][gc,start     ] GC(24) Pause Young (Allocation Failure)
[2022-09-04T15:35:05.888+0000][1][gc,task      ] GC(24) Using 4 workers of 4 for evacuation
[2022-09-04T15:35:05.929+0000][1][gc,age       ] GC(24) Desired survivor size 8945664 bytes, new threshold 6 (max threshold 6)
[2022-09-04T15:35:05.931+0000][1][gc,age       ] GC(24) Age table with threshold 6 (max threshold 6)
[2022-09-04T15:35:05.932+0000][1][gc,age       ] GC(24) - age   1:     139400 bytes,     139400 total
[2022-09-04T15:35:05.934+0000][1][gc,age       ] GC(24) - age   2:     125088 bytes,     264488 total
[2022-09-04T15:35:05.935+0000][1][gc,age       ] GC(24) - age   3:     307896 bytes,     572384 total
[2022-09-04T15:35:05.936+0000][1][gc,age       ] GC(24) - age   4:      17032 bytes,     589416 total
[2022-09-04T15:35:05.937+0000][1][gc,age       ] GC(24) - age   5:      16408 bytes,     605824 total
[2022-09-04T15:35:05.939+0000][1][gc,age       ] GC(24) - age   6:       8624 bytes,     614448 total
[2022-09-04T15:35:05.941+0000][1][gc,heap      ] GC(24) ParNew: 140813K->783K(157248K)
[2022-09-04T15:35:05.943+0000][1][gc,heap      ] GC(24) CMS: 66823K->66861K(349568K)
[2022-09-04T15:35:05.944+0000][1][gc,metaspace ] GC(24) Metaspace: 83444K->83444K(1126400K)
[2022-09-04T15:35:05.947+0000][1][gc           ] GC(24) Pause Young (Allocation Failure) 202M->66M(494M) 63.243ms
[2022-09-04T15:35:05.948+0000][1][gc,cpu       ] GC(24) User=0.08s Sys=0.03s Real=0.06s
[2022-09-04T15:35:05.949+0000][1][safepoint    ] Safepoint "GenCollectForAllocation", Time since last: 543792792 ns, Reaching safepoint: 706417 ns, At safepoint: 66021125 ns, Total: 66727542 ns
[2022-09-04T15:35:06.957+0000][1][safepoint    ] Safepoint "Cleanup", Time since last: 1006313834 ns, Reaching safepoint: 1443125 ns, At safepoint: 81042 ns, Total: 1524167 ns
[2022-09-04T15:35:07.961+0000][1][safepoint    ] Safepoint "Cleanup", Time since last: 1002900625 ns, Reaching safepoint: 978583 ns, At safepoint: 56625 ns, Total: 1035208 ns
[2022-09-04T15:35:08.967+0000][1][safepoint    ] Safepoint "Cleanup", Time since last: 1003402501 ns, Reaching safepoint: 2612875 ns, At safepoint: 96250 ns, Total: 2709125 ns
[2022-09-04T15:35:09.974+0000][1][safepoint    ] Safepoint "Cleanup", Time since last: 1005648875 ns, Reaching safepoint: 1650125 ns, At safepoint: 83709 ns, Total: 1733834 ns
[2022-09-04T15:35:10.332+0000][1][safepoint    ] Safepoint "RevokeBias", Time since last: 356122750 ns, Reaching safepoint: 1100708 ns, At safepoint: 291000 ns, Total: 1391708 ns
[2022-09-04T15:35:10.337+0000][1][safepoint    ] Safepoint "RevokeBias", Time since last: 5207250 ns, Reaching safepoint: 632333 ns, At safepoint: 116542 ns, Total: 748875 ns
[2022-09-04T15:35:10.387+0000][1][safepoint    ] Safepoint "RevokeBias", Time since last: 49032458 ns, Reaching safepoint: 866500 ns, At safepoint: 109417 ns, Total: 975917 ns
[2022-09-04T15:35:10.427+0000][1][safepoint    ] Safepoint "RevokeBias", Time since last: 39242833 ns, Reaching safepoint: 651000 ns, At safepoint: 96000 ns, Total: 747000 ns
[2022-09-04T15:35:10.714+0000][1][safepoint    ] Safepoint "RevokeBias", Time since last: 263506376 ns, Reaching safepoint: 16726041 ns, At safepoint: 3618334 ns, Total: 20344375 ns
[2022-09-04T15:35:11.749+0000][1][safepoint    ] Safepoint "Cleanup", Time since last: 1034371833 ns, Reaching safepoint: 3050834 ns, At safepoint: 395000 ns, Total: 3445834 ns
[2022-09-04T15:35:12.754+0000][1][safepoint    ] Safepoint "Cleanup", Time since last: 1003693834 ns, Reaching safepoint: 1265791 ns, At safepoint: 50000 ns, Total: 1315791 ns
[2022-09-04T15:35:13.760+0000][1][safepoint    ] Safepoint "Cleanup", Time since last: 1003906626 ns, Reaching safepoint: 1552833 ns, At safepoint: 48667 ns, Total: 1601500 ns
[2022-09-04T15:35:14.764+0000][1][safepoint    ] Safepoint "Cleanup", Time since last: 1003618417 ns, Reaching safepoint: 1160583 ns, At safepoint: 39417 ns, Total: 1200000 ns
[2022-09-04T15:35:15.768+0000][1][safepoint    ] Safepoint "Cleanup", Time since last: 1002585500 ns, Reaching safepoint: 1222792 ns, At safepoint: 36167 ns, Total: 1258959 ns
[2022-09-04T15:35:16.773+0000][1][safepoint    ] Safepoint "Cleanup", Time since last: 1002961667 ns, Reaching safepoint: 1471917 ns, At safepoint: 108958 ns, Total: 1580875 ns
[2022-09-04T15:35:17.776+0000][1][safepoint    ] Safepoint "Cleanup", Time since last: 1002584250 ns, Reaching safepoint: 735792 ns, At safepoint: 21542 ns, Total: 757334 ns
[2022-09-04T15:35:18.781+0000][1][safepoint    ] Safepoint "Cleanup", Time since last: 1001888875 ns, Reaching safepoint: 3015500 ns, At safepoint: 74917 ns, Total: 3090417 ns
[2022-09-04T15:35:19.788+0000][1][safepoint    ] Safepoint "Cleanup", Time since last: 1004628334 ns, Reaching safepoint: 2255541 ns, At safepoint: 70417 ns, Total: 2325958 ns
[2022-09-04T15:35:20.794+0000][1][safepoint    ] Safepoint "Cleanup", Time since last: 1004820959 ns, Reaching safepoint: 1356791 ns, At safepoint: 47292 ns, Total: 1404083 ns
[2022-09-04T15:35:21.808+0000][1][safepoint    ] Safepoint "Cleanup", Time since last: 1011867084 ns, Reaching safepoint: 1538000 ns, At safepoint: 99250 ns, Total: 1637250 ns
[2022-09-04T15:35:22.813+0000][1][safepoint    ] Safepoint "Cleanup", Time since last: 1003844042 ns, Reaching safepoint: 1202000 ns, At safepoint: 40708 ns, Total: 1242708 ns
[2022-09-04T15:35:23.817+0000][1][safepoint    ] Safepoint "Cleanup", Time since last: 1002859126 ns, Reaching safepoint: 1150125 ns, At safepoint: 31708 ns, Total: 1181833 ns
[2022-09-04T15:35:24.826+0000][1][safepoint    ] Safepoint "Cleanup", Time since last: 1008225917 ns, Reaching safepoint: 1113834 ns, At safepoint: 32958 ns, Total: 1146792 ns
[2022-09-04T15:35:25.829+0000][1][safepoint    ] Safepoint "Cleanup", Time since last: 1002066126 ns, Reaching safepoint: 923541 ns, At safepoint: 26417 ns, Total: 949958 ns
[2022-09-04T15:35:26.832+0000][1][safepoint    ] Safepoint "Cleanup", Time since last: 1001788584 ns, Reaching safepoint: 1106416 ns, At safepoint: 35334 ns, Total: 1141750 ns
[2022-09-04T15:35:27.835+0000][1][safepoint    ] Safepoint "Cleanup", Time since last: 1001556625 ns, Reaching safepoint: 1013917 ns, At safepoint: 34458 ns, Total: 1048375 ns
[2022-09-04T15:35:28.839+0000][1][safepoint    ] Safepoint "Cleanup", Time since last: 1002183542 ns, Reaching safepoint: 1424209 ns, At safepoint: 45583 ns, Total: 1469792 ns
[2022-09-04T15:35:29.846+0000][1][safepoint    ] Safepoint "Cleanup", Time since last: 1005336667 ns, Reaching safepoint: 1716833 ns, At safepoint: 56584 ns, Total: 1773417 ns
[2022-09-04T15:35:30.849+0000][1][safepoint    ] Safepoint "Cleanup", Time since last: 1003155625 ns, Reaching safepoint: 814541 ns, At safepoint: 43875 ns, Total: 858416 ns
[2022-09-04T15:35:31.855+0000][1][safepoint    ] Safepoint "Cleanup", Time since last: 1003764126 ns, Reaching safepoint: 1840291 ns, At safepoint: 56834 ns, Total: 1897125 ns
[2022-09-04T15:35:32.859+0000][1][safepoint    ] Safepoint "Cleanup", Time since last: 1003082917 ns, Reaching safepoint: 744750 ns, At safepoint: 23708 ns, Total: 768458 ns
[2022-09-04T15:35:34.251+0000][1][safepoint    ] Safepoint "Cleanup", Time since last: 1391809959 ns, Reaching safepoint: 706250 ns, At safepoint: 23834 ns, Total: 730084 ns
[2022-09-04T15:35:35.255+0000][1][safepoint    ] Safepoint "Cleanup", Time since last: 1001944042 ns, Reaching safepoint: 1670208 ns, At safepoint: 54958 ns, Total: 1725166 ns
[2022-09-04T15:35:36.260+0000][1][safepoint    ] Safepoint "Cleanup", Time since last: 1004153126 ns, Reaching safepoint: 831833 ns, At safepoint: 26375 ns, Total: 858208 ns
[2022-09-04T15:35:37.268+0000][1][safepoint    ] Safepoint "Cleanup", Time since last: 1004497792 ns, Reaching safepoint: 3318750 ns, At safepoint: 85250 ns, Total: 3404000 ns
[2022-09-04T15:35:38.273+0000][1][safepoint    ] Safepoint "Cleanup", Time since last: 1004177209 ns, Reaching safepoint: 741792 ns, At safepoint: 25250 ns, Total: 767042 ns
[2022-09-04T15:35:39.275+0000][1][safepoint    ] Safepoint "Cleanup", Time since last: 1001662459 ns, Reaching safepoint: 725041 ns, At safepoint: 25625 ns, Total: 750666 ns
[2022-09-04T15:35:40.277+0000][1][safepoint    ] Safepoint "Cleanup", Time since last: 1001503251 ns, Reaching safepoint: 788541 ns, At safepoint: 31334 ns, Total: 819875 ns
[2022-09-04T15:35:41.280+0000][1][safepoint    ] Safepoint "Cleanup", Time since last: 1001468042 ns, Reaching safepoint: 948333 ns, At safepoint: 24500 ns, Total: 972833 ns
[2022-09-04T15:35:42.283+0000][1][safepoint    ] Safepoint "Cleanup", Time since last: 1001743959 ns, Reaching safepoint: 1029583 ns, At safepoint: 26500 ns, Total: 1056083 ns
[2022-09-04T15:35:43.286+0000][1][safepoint    ] Safepoint "Cleanup", Time since last: 1002702209 ns, Reaching safepoint: 735084 ns, At safepoint: 27583 ns, Total: 762667 ns
[2022-09-04T15:35:44.290+0000][1][safepoint    ] Safepoint "Cleanup", Time since last: 1001942959 ns, Reaching safepoint: 1334166 ns, At safepoint: 38459 ns, Total: 1372625 ns
[2022-09-04T15:35:45.294+0000][1][safepoint    ] Safepoint "Cleanup", Time since last: 1002025292 ns, Reaching safepoint: 2396875 ns, At safepoint: 67166 ns, Total: 2464041 ns
[2022-09-04T15:35:46.298+0000][1][safepoint    ] Safepoint "Cleanup", Time since last: 1003357126 ns, Reaching safepoint: 723625 ns, At safepoint: 26583 ns, Total: 750208 ns
[2022-09-04T15:35:47.301+0000][1][safepoint    ] Safepoint "Cleanup", Time since last: 1001703709 ns, Reaching safepoint: 896583 ns, At safepoint: 27334 ns, Total: 923917 ns
[2022-09-04T15:35:48.787+0000][1][safepoint    ] Safepoint "Cleanup", Time since last: 1484605292 ns, Reaching safepoint: 1894167 ns, At safepoint: 137833 ns, Total: 2032000 ns
[2022-09-04T15:35:49.807+0000][1][safepoint    ] Safepoint "Cleanup", Time since last: 1017950334 ns, Reaching safepoint: 1172667 ns, At safepoint: 39541 ns, Total: 1212208 ns
[2022-09-04T15:35:50.810+0000][1][safepoint    ] Safepoint "Cleanup", Time since last: 1002466584 ns, Reaching safepoint: 1086417 ns, At safepoint: 31708 ns, Total: 1118125 ns
[2022-09-04T15:35:51.814+0000][1][safepoint    ] Safepoint "Cleanup", Time since last: 1002656251 ns, Reaching safepoint: 1287791 ns, At safepoint: 40167 ns, Total: 1327958 ns
[2022-09-04T15:35:52.819+0000][1][safepoint    ] Safepoint "Cleanup", Time since last: 1003961084 ns, Reaching safepoint: 932416 ns, At safepoint: 24042 ns, Total: 956458 ns
[2022-09-04T15:35:53.825+0000][1][safepoint    ] Safepoint "Cleanup", Time since last: 1003605667 ns, Reaching safepoint: 2223084 ns, At safepoint: 62625 ns, Total: 2285709 ns
[2022-09-04T15:35:54.832+0000][1][safepoint    ] Safepoint "Cleanup", Time since last: 1005409000 ns, Reaching safepoint: 1378750 ns, At safepoint: 43125 ns, Total: 1421875 ns
[2022-09-04T15:35:55.836+0000][1][safepoint    ] Safepoint "Cleanup", Time since last: 1002974709 ns, Reaching safepoint: 1125458 ns, At safepoint: 36459 ns, Total: 1161917 ns
[2022-09-04T15:35:56.839+0000][1][safepoint    ] Safepoint "Cleanup", Time since last: 1002118167 ns, Reaching safepoint: 947666 ns, At safepoint: 59417 ns, Total: 1007083 ns
[2022-09-04T15:35:57.842+0000][1][safepoint    ] Safepoint "Cleanup", Time since last: 1001651209 ns, Reaching safepoint: 1376375 ns, At safepoint: 44833 ns, Total: 1421208 ns
[2022-09-04T15:35:58.846+0000][1][safepoint    ] Safepoint "Cleanup", Time since last: 1002940334 ns, Reaching safepoint: 1125958 ns, At safepoint: 32709 ns, Total: 1158667 ns
[2022-09-04T15:35:59.853+0000][1][safepoint    ] Safepoint "Cleanup", Time since last: 1005113583 ns, Reaching safepoint: 2134084 ns, At safepoint: 33083 ns, Total: 2167167 ns
[2022-09-04T15:36:00.857+0000][1][safepoint    ] Safepoint "Cleanup", Time since last: 1003476459 ns, Reaching safepoint: 705875 ns, At safepoint: 21791 ns, Total: 727666 ns
[2022-09-04T15:36:01.866+0000][1][safepoint    ] Safepoint "Cleanup", Time since last: 1006729667 ns, Reaching safepoint: 1428750 ns, At safepoint: 42875 ns, Total: 1471625 ns
[2022-09-04T15:36:02.870+0000][1][safepoint    ] Safepoint "Cleanup", Time since last: 1003117543 ns, Reaching safepoint: 849250 ns, At safepoint: 27958 ns, Total: 877208 ns
[2022-09-04T15:36:04.245+0000][1][safepoint    ] Safepoint "Cleanup", Time since last: 1373943292 ns, Reaching safepoint: 1083667 ns, At safepoint: 46083 ns, Total: 1129750 ns
[2022-09-04T15:36:05.253+0000][1][safepoint    ] Safepoint "Cleanup", Time since last: 1003312376 ns, Reaching safepoint: 4585291 ns, At safepoint: 147125 ns, Total: 4732416 ns
[2022-09-04T15:36:06.259+0000][1][safepoint    ] Safepoint "Cleanup", Time since last: 1004782543 ns, Reaching safepoint: 1446458 ns, At safepoint: 76042 ns, Total: 1522500 ns
[2022-09-04T15:36:07.266+0000][1][safepoint    ] Safepoint "Cleanup", Time since last: 1004428708 ns, Reaching safepoint: 1935542 ns, At safepoint: 68875 ns, Total: 2004417 ns
[2022-09-04T15:36:08.271+0000][1][safepoint    ] Safepoint "Cleanup", Time since last: 1004570125 ns, Reaching safepoint: 876375 ns, At safepoint: 33292 ns, Total: 909667 ns
[2022-09-04T15:36:09.275+0000][1][safepoint    ] Safepoint "Cleanup", Time since last: 1002714209 ns, Reaching safepoint: 1294167 ns, At safepoint: 125500 ns, Total: 1419667 ns
[2022-09-04T15:36:10.281+0000][1][safepoint    ] Safepoint "Cleanup", Time since last: 1004499417 ns, Reaching safepoint: 1570625 ns, At safepoint: 47958 ns, Total: 1618583 ns
[2022-09-04T15:36:11.286+0000][1][safepoint    ] Safepoint "Cleanup", Time since last: 1002489292 ns, Reaching safepoint: 1717250 ns, At safepoint: 91334 ns, Total: 1808584 ns
[2022-09-04T15:36:12.292+0000][1][safepoint    ] Safepoint "Cleanup", Time since last: 1004301083 ns, Reaching safepoint: 1635709 ns, At safepoint: 55916 ns, Total: 1691625 ns
[2022-09-04T15:36:13.296+0000][1][safepoint    ] Safepoint "Cleanup", Time since last: 1003196918 ns, Reaching safepoint: 861708 ns, At safepoint: 23875 ns, Total: 885583 ns
[2022-09-04T15:36:14.299+0000][1][safepoint    ] Safepoint "Cleanup", Time since last: 1002097667 ns, Reaching safepoint: 1243625 ns, At safepoint: 62167 ns, Total: 1305792 ns
[2022-09-04T15:36:15.304+0000][1][safepoint    ] Safepoint "Cleanup", Time since last: 1002757875 ns, Reaching safepoint: 1807583 ns, At safepoint: 60042 ns, Total: 1867625 ns
[2022-09-04T15:36:16.308+0000][1][safepoint    ] Safepoint "Cleanup", Time since last: 1003469417 ns, Reaching safepoint: 990084 ns, At safepoint: 37333 ns, Total: 1027417 ns
[2022-09-04T15:36:17.313+0000][1][safepoint    ] Safepoint "Cleanup", Time since last: 1004371625 ns, Reaching safepoint: 810042 ns, At safepoint: 23667 ns, Total: 833709 ns
[2022-09-04T15:36:18.926+0000][1][safepoint    ] Safepoint "Cleanup", Time since last: 1611026209 ns, Reaching safepoint: 1105542 ns, At safepoint: 32708 ns, Total: 1138250 ns
[2022-09-04T15:36:19.930+0000][1][safepoint    ] Safepoint "Cleanup", Time since last: 1002676042 ns, Reaching safepoint: 2076625 ns, At safepoint: 73375 ns, Total: 2150000 ns
[2022-09-04T15:36:20.936+0000][1][safepoint    ] Safepoint "Cleanup", Time since last: 1004192751 ns, Reaching safepoint: 1411291 ns, At safepoint: 42834 ns, Total: 1454125 ns
[2022-09-04T15:36:21.941+0000][1][safepoint    ] Safepoint "Cleanup", Time since last: 1003062625 ns, Reaching safepoint: 1846500 ns, At safepoint: 67750 ns, Total: 1914250 ns
[2022-09-04T15:36:22.948+0000][1][safepoint    ] Safepoint "Cleanup", Time since last: 1005577250 ns, Reaching safepoint: 1160125 ns, At safepoint: 31084 ns, Total: 1191209 ns
[2022-09-04T15:36:23.956+0000][1][safepoint    ] Safepoint "Cleanup", Time since last: 1004731125 ns, Reaching safepoint: 3513750 ns, At safepoint: 275875 ns, Total: 3789625 ns
[2022-09-04T15:36:24.967+0000][1][safepoint    ] Safepoint "Cleanup", Time since last: 1009150501 ns, Reaching safepoint: 1693041 ns, At safepoint: 52959 ns, Total: 1746000 ns
[2022-09-04T15:36:25.973+0000][1][safepoint    ] Safepoint "Cleanup", Time since last: 1003361167 ns, Reaching safepoint: 2060583 ns, At safepoint: 70000 ns, Total: 2130583 ns
[2022-09-04T15:36:26.980+0000][1][safepoint    ] Safepoint "Cleanup", Time since last: 1006339334 ns, Reaching safepoint: 744667 ns, At safepoint: 24291 ns, Total: 768958 ns
[2022-09-04T15:36:27.983+0000][1][safepoint    ] Safepoint "Cleanup", Time since last: 1002882876 ns, Reaching safepoint: 781083 ns, At safepoint: 26000 ns, Total: 807083 ns
[2022-09-04T15:36:28.991+0000][1][safepoint    ] Safepoint "Cleanup", Time since last: 1006606959 ns, Reaching safepoint: 706542 ns, At safepoint: 26250 ns, Total: 732792 ns
[2022-09-04T15:36:29.997+0000][1][safepoint    ] Safepoint "Cleanup", Time since last: 1002921250 ns, Reaching safepoint: 3442792 ns, At safepoint: 84625 ns, Total: 3527417 ns
[2022-09-04T15:36:31.003+0000][1][safepoint    ] Safepoint "Cleanup", Time since last: 1004416624 ns, Reaching safepoint: 1597500 ns, At safepoint: 45542 ns, Total: 1643042 ns
[2022-09-04T15:36:32.014+0000][1][safepoint    ] Safepoint "Cleanup", Time since last: 1007422834 ns, Reaching safepoint: 3234541 ns, At safepoint: 280459 ns, Total: 3515000 ns
[2022-09-04T15:36:33.020+0000][1][safepoint    ] Safepoint "Cleanup", Time since last: 1005118459 ns, Reaching safepoint: 736958 ns, At safepoint: 22708 ns, Total: 759666 ns
[2022-09-04T15:36:34.246+0000][1][safepoint    ] Safepoint "Cleanup", Time since last: 1225709876 ns, Reaching safepoint: 769792 ns, At safepoint: 25750 ns, Total: 795542 ns
[2022-09-04T15:36:35.250+0000][1][safepoint    ] Safepoint "Cleanup", Time since last: 1002156750 ns, Reaching safepoint: 1412500 ns, At safepoint: 39917 ns, Total: 1452417 ns
[2022-09-04T15:36:36.256+0000][1][safepoint    ] Safepoint "Cleanup", Time since last: 1003430792 ns, Reaching safepoint: 2334458 ns, At safepoint: 187125 ns, Total: 2521583 ns
[2022-09-04T15:36:37.263+0000][1][safepoint    ] Safepoint "Cleanup", Time since last: 1004636876 ns, Reaching safepoint: 2275625 ns, At safepoint: 63125 ns, Total: 2338750 ns
[2022-09-04T15:36:38.270+0000][1][safepoint    ] Safepoint "Cleanup", Time since last: 1006113208 ns, Reaching safepoint: 892709 ns, At safepoint: 37416 ns, Total: 930125 ns
[2022-09-04T15:36:39.273+0000][1][safepoint    ] Safepoint "Cleanup", Time since last: 1002303626 ns, Reaching safepoint: 807917 ns, At safepoint: 25125 ns, Total: 833042 ns
[2022-09-04T15:36:40.276+0000][1][safepoint    ] Safepoint "Cleanup", Time since last: 1001784958 ns, Reaching safepoint: 889125 ns, At safepoint: 31917 ns, Total: 921042 ns
[2022-09-04T15:36:41.279+0000][1][safepoint    ] Safepoint "Cleanup", Time since last: 1002642251 ns, Reaching safepoint: 784791 ns, At safepoint: 23042 ns, Total: 807833 ns
[2022-09-04T15:36:42.283+0000][1][safepoint    ] Safepoint "Cleanup", Time since last: 1002529167 ns, Reaching safepoint: 1165250 ns, At safepoint: 31792 ns, Total: 1197042 ns
[2022-09-04T15:36:43.288+0000][1][safepoint    ] Safepoint "Cleanup", Time since last: 1004378500 ns, Reaching safepoint: 882834 ns, At safepoint: 25500 ns, Total: 908334 ns
[2022-09-04T15:36:44.292+0000][1][safepoint    ] Safepoint "Cleanup", Time since last: 1002006375 ns, Reaching safepoint: 1329208 ns, At safepoint: 47000 ns, Total: 1376208 ns
[2022-09-04T15:36:45.296+0000][1][safepoint    ] Safepoint "Cleanup", Time since last: 1003136042 ns, Reaching safepoint: 1401042 ns, At safepoint: 41875 ns, Total: 1442917 ns
[2022-09-04T15:36:46.299+0000][1][safepoint    ] Safepoint "Cleanup", Time since last: 1002344751 ns, Reaching safepoint: 774416 ns, At safepoint: 25792 ns, Total: 800208 ns
[2022-09-04T15:36:47.302+0000][1][safepoint    ] Safepoint "Cleanup", Time since last: 1001949917 ns, Reaching safepoint: 825667 ns, At safepoint: 33541 ns, Total: 859208 ns
[2022-09-04T15:36:49.129+0000][1][safepoint    ] Safepoint "Cleanup", Time since last: 1823931293 ns, Reaching safepoint: 2696542 ns, At safepoint: 563833 ns, Total: 3260375 ns
[2022-09-04T15:36:50.134+0000][1][safepoint    ] Safepoint "Cleanup", Time since last: 1003951417 ns, Reaching safepoint: 845125 ns, At safepoint: 25208 ns, Total: 870333 ns
[2022-09-04T15:36:51.138+0000][1][safepoint    ] Safepoint "Cleanup", Time since last: 1002522959 ns, Reaching safepoint: 1020375 ns, At safepoint: 33625 ns, Total: 1054000 ns
[2022-09-04T15:36:52.143+0000][1][safepoint    ] Safepoint "Cleanup", Time since last: 1004197584 ns, Reaching safepoint: 1329167 ns, At safepoint: 42750 ns, Total: 1371917 ns
[2022-09-04T15:36:53.147+0000][1][safepoint    ] Safepoint "Cleanup", Time since last: 1002920500 ns, Reaching safepoint: 836709 ns, At safepoint: 25500 ns, Total: 862209 ns
[2022-09-04T15:36:54.151+0000][1][safepoint    ] Safepoint "Cleanup", Time since last: 1002034875 ns, Reaching safepoint: 1525083 ns, At safepoint: 51000 ns, Total: 1576083 ns
[2022-09-04T15:36:55.156+0000][1][safepoint    ] Safepoint "Cleanup", Time since last: 1002835543 ns, Reaching safepoint: 2065333 ns, At safepoint: 58875 ns, Total: 2124208 ns
[2022-09-04T15:36:56.160+0000][1][safepoint    ] Safepoint "Cleanup", Time since last: 1003225625 ns, Reaching safepoint: 841459 ns, At safepoint: 33750 ns, Total: 875209 ns
[2022-09-04T15:36:57.165+0000][1][safepoint    ] Safepoint "Cleanup", Time since last: 1004189042 ns, Reaching safepoint: 1027041 ns, At safepoint: 29875 ns, Total: 1056916 ns
[2022-09-04T15:36:58.169+0000][1][safepoint    ] Safepoint "Cleanup", Time since last: 1003402501 ns, Reaching safepoint: 791167 ns, At safepoint: 22208 ns, Total: 813375 ns
[2022-09-04T15:36:59.172+0000][1][safepoint    ] Safepoint "Cleanup", Time since last: 1001983375 ns, Reaching safepoint: 1095542 ns, At safepoint: 33208 ns, Total: 1128750 ns
[2022-09-04T15:37:00.175+0000][1][safepoint    ] Safepoint "Cleanup", Time since last: 1001858626 ns, Reaching safepoint: 865000 ns, At safepoint: 36667 ns, Total: 901667 ns
[2022-09-04T15:37:01.179+0000][1][safepoint    ] Safepoint "Cleanup", Time since last: 1002675416 ns, Reaching safepoint: 1375917 ns, At safepoint: 32792 ns, Total: 1408709 ns
[2022-09-04T15:37:02.186+0000][1][safepoint    ] Safepoint "Cleanup", Time since last: 1005833000 ns, Reaching safepoint: 1234084 ns, At safepoint: 36750 ns, Total: 1270834 ns
[2022-09-04T15:37:03.191+0000][1][safepoint    ] Safepoint "Cleanup", Time since last: 1004376917 ns, Reaching safepoint: 728625 ns, At safepoint: 23750 ns, Total: 752375 ns
[2022-09-04T15:37:04.198+0000][1][safepoint    ] Safepoint "Cleanup", Time since last: 1006320917 ns, Reaching safepoint: 782667 ns, At safepoint: 23583 ns, Total: 806250 ns
[2022-09-04T15:37:05.202+0000][1][safepoint    ] Safepoint "Cleanup", Time since last: 1002226084 ns, Reaching safepoint: 1335666 ns, At safepoint: 35750 ns, Total: 1371416 ns
[2022-09-04T15:37:06.209+0000][1][safepoint    ] Safepoint "Cleanup", Time since last: 1006429251 ns, Reaching safepoint: 754041 ns, At safepoint: 22334 ns, Total: 776375 ns
[2022-09-04T15:37:07.213+0000][1][safepoint    ] Safepoint "Cleanup", Time since last: 1002293792 ns, Reaching safepoint: 1049125 ns, At safepoint: 33792 ns, Total: 1082917 ns
[2022-09-04T15:37:08.217+0000][1][safepoint    ] Safepoint "Cleanup", Time since last: 1003649833 ns, Reaching safepoint: 766875 ns, At safepoint: 23625 ns, Total: 790500 ns
[2022-09-04T15:37:09.221+0000][1][safepoint    ] Safepoint "Cleanup", Time since last: 1002165001 ns, Reaching safepoint: 1362667 ns, At safepoint: 40500 ns, Total: 1403167 ns
[2022-09-04T15:37:10.226+0000][1][safepoint    ] Safepoint "Cleanup", Time since last: 1002553042 ns, Reaching safepoint: 2367916 ns, At safepoint: 72500 ns, Total: 2440416 ns
[2022-09-04T15:37:11.232+0000][1][safepoint    ] Safepoint "Cleanup", Time since last: 1004143376 ns, Reaching safepoint: 2135500 ns, At safepoint: 67375 ns, Total: 2202875 ns
[2022-09-04T15:37:12.238+0000][1][safepoint    ] Safepoint "Cleanup", Time since last: 1004665209 ns, Reaching safepoint: 1558166 ns, At safepoint: 50584 ns, Total: 1608750 ns
[2022-09-04T15:37:13.242+0000][1][safepoint    ] Safepoint "Cleanup", Time since last: 1003105792 ns, Reaching safepoint: 827208 ns, At safepoint: 24292 ns, Total: 851500 ns
[2022-09-04T15:37:14.247+0000][1][safepoint    ] Safepoint "Cleanup", Time since last: 1002630209 ns, Reaching safepoint: 2292500 ns, At safepoint: 73708 ns, Total: 2366208 ns
[2022-09-04T15:37:15.252+0000][1][safepoint    ] Safepoint "Cleanup", Time since last: 1003153042 ns, Reaching safepoint: 1544208 ns, At safepoint: 48417 ns, Total: 1592625 ns
[2022-09-04T15:37:16.258+0000][1][safepoint    ] Safepoint "Cleanup", Time since last: 1003647042 ns, Reaching safepoint: 2360167 ns, At safepoint: 76792 ns, Total: 2436959 ns
[2022-09-04T15:37:17.263+0000][1][safepoint    ] Safepoint "Cleanup", Time since last: 1004061500 ns, Reaching safepoint: 765042 ns, At safepoint: 24333 ns, Total: 789375 ns
[2022-09-04T15:37:18.265+0000][1][safepoint    ] Safepoint "Cleanup", Time since last: 1001517667 ns, Reaching safepoint: 699084 ns, At safepoint: 20208 ns, Total: 719292 ns
[2022-09-04T15:37:19.268+0000][1][safepoint    ] Safepoint "Cleanup", Time since last: 1001516417 ns, Reaching safepoint: 1434833 ns, At safepoint: 50375 ns, Total: 1485208 ns
[2022-09-04T15:37:20.273+0000][1][safepoint    ] Safepoint "Cleanup", Time since last: 1002671918 ns, Reaching safepoint: 2457291 ns, At safepoint: 81250 ns, Total: 2538541 ns
[2022-09-04T15:37:21.279+0000][1][safepoint    ] Safepoint "Cleanup", Time since last: 1004293001 ns, Reaching safepoint: 1744041 ns, At safepoint: 60917 ns, Total: 1804958 ns
[2022-09-04T15:37:22.285+0000][1][safepoint    ] Safepoint "Cleanup", Time since last: 1003005125 ns, Reaching safepoint: 2571792 ns, At safepoint: 65292 ns, Total: 2637084 ns
[2022-09-04T15:37:23.290+0000][1][safepoint    ] Safepoint "Cleanup", Time since last: 1003579334 ns, Reaching safepoint: 933333 ns, At safepoint: 25667 ns, Total: 959000 ns
[2022-09-04T15:37:24.294+0000][1][safepoint    ] Safepoint "Cleanup", Time since last: 1002517208 ns, Reaching safepoint: 1999042 ns, At safepoint: 71583 ns, Total: 2070625 ns
[2022-09-04T15:37:25.300+0000][1][safepoint    ] Safepoint "Cleanup", Time since last: 1003833668 ns, Reaching safepoint: 1491916 ns, At safepoint: 92209 ns, Total: 1584125 ns
[2022-09-04T15:37:26.304+0000][1][safepoint    ] Safepoint "Cleanup", Time since last: 1003321542 ns, Reaching safepoint: 1067333 ns, At safepoint: 30250 ns, Total: 1097583 ns
[2022-09-04T15:37:27.308+0000][1][safepoint    ] Safepoint "Cleanup", Time since last: 1002140959 ns, Reaching safepoint: 1806583 ns, At safepoint: 67209 ns, Total: 1873792 ns
[2022-09-04T15:37:27.406+0000][1][safepoint    ] Safepoint "RevokeBias", Time since last: 96763416 ns, Reaching safepoint: 577209 ns, At safepoint: 556375 ns, Total: 1133584 ns
[2022-09-04T15:37:27.413+0000][1][safepoint    ] Safepoint "RevokeBias", Time since last: 6904541 ns, Reaching safepoint: 434334 ns, At safepoint: 96000 ns, Total: 530334 ns
[2022-09-04T15:37:27.503+0000][1][safepoint    ] Safepoint "RevokeBias", Time since last: 88456875 ns, Reaching safepoint: 1242833 ns, At safepoint: 97125 ns, Total: 1339958 ns
[2022-09-04T15:37:27.535+0000][1][safepoint    ] Safepoint "RevokeBias", Time since last: 30762667 ns, Reaching safepoint: 1180916 ns, At safepoint: 115334 ns, Total: 1296250 ns
[2022-09-04T15:37:27.765+0000][1][safepoint    ] Safepoint "RevokeBias", Time since last: 229081833 ns, Reaching safepoint: 971708 ns, At safepoint: 100334 ns, Total: 1072042 ns
[2022-09-04T15:37:27.778+0000][1][safepoint    ] Safepoint "RevokeBias", Time since last: 10689333 ns, Reaching safepoint: 1429417 ns, At safepoint: 97583 ns, Total: 1527000 ns
[2022-09-04T15:37:28.780+0000][1][safepoint    ] Safepoint "Cleanup", Time since last: 1001772792 ns, Reaching safepoint: 771167 ns, At safepoint: 27167 ns, Total: 798334 ns
[2022-09-04T15:37:29.783+0000][1][safepoint    ] Safepoint "Cleanup", Time since last: 1001856000 ns, Reaching safepoint: 981083 ns, At safepoint: 28625 ns, Total: 1009708 ns
[2022-09-04T15:37:30.806+0000][1][safepoint    ] Safepoint "Cleanup", Time since last: 1001690376 ns, Reaching safepoint: 1430333 ns, At safepoint: 63083 ns, Total: 1493416 ns
[2022-09-04T15:37:31.810+0000][1][safepoint    ] Safepoint "Cleanup", Time since last: 1002998834 ns, Reaching safepoint: 1354750 ns, At safepoint: 55042 ns, Total: 1409792 ns
[2022-09-04T15:37:32.814+0000][1][safepoint    ] Safepoint "Cleanup", Time since last: 1003111750 ns, Reaching safepoint: 814709 ns, At safepoint: 23708 ns, Total: 838417 ns
[2022-09-04T15:37:33.816+0000][1][safepoint    ] Safepoint "Cleanup", Time since last: 1001577834 ns, Reaching safepoint: 855500 ns, At safepoint: 25041 ns, Total: 880541 ns
[2022-09-04T15:37:34.826+0000][1][safepoint    ] Safepoint "Cleanup", Time since last: 1008710167 ns, Reaching safepoint: 893750 ns, At safepoint: 24125 ns, Total: 917875 ns
[2022-09-04T15:37:35.829+0000][1][safepoint    ] Safepoint "Cleanup", Time since last: 1001726084 ns, Reaching safepoint: 1070209 ns, At safepoint: 29750 ns, Total: 1099959 ns
[2022-09-04T15:37:36.833+0000][1][safepoint    ] Safepoint "Cleanup", Time since last: 1002971250 ns, Reaching safepoint: 1033917 ns, At safepoint: 30000 ns, Total: 1063917 ns
[2022-09-04T15:37:37.839+0000][1][safepoint    ] Safepoint "Cleanup", Time since last: 1004791625 ns, Reaching safepoint: 1057834 ns, At safepoint: 32875 ns, Total: 1090709 ns
[2022-09-04T15:37:38.842+0000][1][safepoint    ] Safepoint "Cleanup", Time since last: 1001891625 ns, Reaching safepoint: 1083583 ns, At safepoint: 41209 ns, Total: 1124792 ns
[2022-09-04T15:37:39.845+0000][1][safepoint    ] Safepoint "Cleanup", Time since last: 1001871375 ns, Reaching safepoint: 873167 ns, At safepoint: 46083 ns, Total: 919250 ns
[2022-09-04T15:37:40.847+0000][1][safepoint    ] Safepoint "Cleanup", Time since last: 1002052792 ns, Reaching safepoint: 865625 ns, At safepoint: 25375 ns, Total: 891000 ns
[2022-09-04T15:37:41.850+0000][1][safepoint    ] Safepoint "Cleanup", Time since last: 1001665709 ns, Reaching safepoint: 1105375 ns, At safepoint: 33375 ns, Total: 1138750 ns
[2022-09-04T15:37:42.853+0000][1][safepoint    ] Safepoint "Cleanup", Time since last: 1002286501 ns, Reaching safepoint: 775166 ns, At safepoint: 24667 ns, Total: 799833 ns
[2022-09-04T15:37:43.857+0000][1][safepoint    ] Safepoint "Cleanup", Time since last: 1002080834 ns, Reaching safepoint: 1182250 ns, At safepoint: 32541 ns, Total: 1214791 ns
[2022-09-04T15:37:44.860+0000][1][safepoint    ] Safepoint "Cleanup", Time since last: 1002298084 ns, Reaching safepoint: 1379834 ns, At safepoint: 39166 ns, Total: 1419000 ns
[2022-09-04T15:37:45.865+0000][1][safepoint    ] Safepoint "Cleanup", Time since last: 1003582584 ns, Reaching safepoint: 1017958 ns, At safepoint: 63542 ns, Total: 1081500 ns
[2022-09-04T15:37:46.870+0000][1][safepoint    ] Safepoint "Cleanup", Time since last: 1004285584 ns, Reaching safepoint: 901917 ns, At safepoint: 39166 ns, Total: 941083 ns
[2022-09-04T15:37:47.874+0000][1][safepoint    ] Safepoint "Cleanup", Time since last: 1002606626 ns, Reaching safepoint: 825458 ns, At safepoint: 102083 ns, Total: 927541 ns
[2022-09-04T15:37:48.040+0000][1][safepoint    ] Safepoint "RevokeBias", Time since last: 165316375 ns, Reaching safepoint: 678792 ns, At safepoint: 137250 ns, Total: 816042 ns
[2022-09-04T15:37:48.045+0000][1][safepoint    ] Safepoint "RevokeBias", Time since last: 3671083 ns, Reaching safepoint: 804167 ns, At safepoint: 132958 ns, Total: 937125 ns
[2022-09-04T15:37:48.105+0000][1][safepoint    ] Safepoint "RevokeBias", Time since last: 59403667 ns, Reaching safepoint: 1300375 ns, At safepoint: 131083 ns, Total: 1431458 ns
[2022-09-04T15:37:48.131+0000][1][safepoint    ] Safepoint "RevokeBias", Time since last: 24366417 ns, Reaching safepoint: 1445625 ns, At safepoint: 159708 ns, Total: 1605333 ns
[2022-09-04T15:37:48.933+0000][1][safepoint    ] Safepoint "RevokeBias", Time since last: 801039168 ns, Reaching safepoint: 728291 ns, At safepoint: 94750 ns, Total: 823041 ns
[2022-09-04T15:37:48.940+0000][1][safepoint    ] Safepoint "RevokeBias", Time since last: 5864667 ns, Reaching safepoint: 499750 ns, At safepoint: 81792 ns, Total: 581542 ns
[2022-09-04T15:37:48.997+0000][1][safepoint    ] Safepoint "RevokeBias", Time since last: 56533833 ns, Reaching safepoint: 791375 ns, At safepoint: 147708 ns, Total: 939083 ns
[2022-09-04T15:37:49.019+0000][1][safepoint    ] Safepoint "RevokeBias", Time since last: 20749667 ns, Reaching safepoint: 986167 ns, At safepoint: 121958 ns, Total: 1108125 ns
[2022-09-04T15:37:50.024+0000][1][safepoint    ] Safepoint "Cleanup", Time since last: 1002135292 ns, Reaching safepoint: 2963333 ns, At safepoint: 79292 ns, Total: 3042625 ns
[2022-09-04T15:37:50.471+0000][1][safepoint    ] Safepoint "RevokeBias", Time since last: 445660584 ns, Reaching safepoint: 770958 ns, At safepoint: 106500 ns, Total: 877458 ns
[2022-09-04T15:37:50.478+0000][1][safepoint    ] Safepoint "BulkRevokeBias", Time since last: 2574250 ns, Reaching safepoint: 901292 ns, At safepoint: 3320625 ns, Total: 4221917 ns
[2022-09-04T15:37:50.508+0000][1][safepoint    ] Safepoint "RevokeBias", Time since last: 29148375 ns, Reaching safepoint: 1245875 ns, At safepoint: 162208 ns, Total: 1408083 ns
[2022-09-04T15:37:50.533+0000][1][safepoint    ] Safepoint "RevokeBias", Time since last: 23161750 ns, Reaching safepoint: 1518083 ns, At safepoint: 127250 ns, Total: 1645333 ns
[2022-09-04T15:37:51.541+0000][1][safepoint    ] Safepoint "Cleanup", Time since last: 1004929292 ns, Reaching safepoint: 3341375 ns, At safepoint: 96959 ns, Total: 3438334 ns
[2022-09-04T15:37:52.550+0000][1][safepoint    ] Safepoint "Cleanup", Time since last: 1006650000 ns, Reaching safepoint: 1589042 ns, At safepoint: 62958 ns, Total: 1652000 ns
[2022-09-04T15:37:53.554+0000][1][safepoint    ] Safepoint "Cleanup", Time since last: 1003385292 ns, Reaching safepoint: 1286417 ns, At safepoint: 41083 ns, Total: 1327500 ns
[2022-09-04T15:37:54.560+0000][1][safepoint    ] Safepoint "Cleanup", Time since last: 1004532376 ns, Reaching safepoint: 1430500 ns, At safepoint: 42875 ns, Total: 1473375 ns
[2022-09-04T15:37:55.565+0000][1][safepoint    ] Safepoint "Cleanup", Time since last: 1002723167 ns, Reaching safepoint: 1777167 ns, At safepoint: 59083 ns, Total: 1836250 ns
[2022-09-04T15:37:56.571+0000][1][safepoint    ] Safepoint "Cleanup", Time since last: 1003181209 ns, Reaching safepoint: 2751750 ns, At safepoint: 84792 ns, Total: 2836542 ns
[2022-09-04T15:37:57.578+0000][1][safepoint    ] Safepoint "Cleanup", Time since last: 1005955708 ns, Reaching safepoint: 1535542 ns, At safepoint: 44458 ns, Total: 1580000 ns
[2022-09-04T15:37:58.583+0000][1][safepoint    ] Safepoint "Cleanup", Time since last: 1003258834 ns, Reaching safepoint: 1369792 ns, At safepoint: 73625 ns, Total: 1443417 ns
[2022-09-04T15:37:59.590+0000][1][safepoint    ] Safepoint "Cleanup", Time since last: 1005552417 ns, Reaching safepoint: 1770542 ns, At safepoint: 61458 ns, Total: 1832000 ns
[2022-09-04T15:38:00.601+0000][1][safepoint    ] Safepoint "Cleanup", Time since last: 1006063125 ns, Reaching safepoint: 3849167 ns, At safepoint: 110375 ns, Total: 3959542 ns
[2022-09-04T15:38:01.633+0000][1][safepoint    ] Safepoint "Cleanup", Time since last: 1007130959 ns, Reaching safepoint: 3030291 ns, At safepoint: 128417 ns, Total: 3158708 ns
[2022-09-04T15:38:02.641+0000][1][safepoint    ] Safepoint "Cleanup", Time since last: 1005128334 ns, Reaching safepoint: 2671000 ns, At safepoint: 88750 ns, Total: 2759750 ns
[2022-09-04T15:38:03.651+0000][1][safepoint    ] Safepoint "Cleanup", Time since last: 1007662375 ns, Reaching safepoint: 2478625 ns, At safepoint: 66709 ns, Total: 2545334 ns
[2022-09-04T15:38:04.657+0000][1][safepoint    ] Safepoint "Cleanup", Time since last: 1004475333 ns, Reaching safepoint: 1629709 ns, At safepoint: 109666 ns, Total: 1739375 ns
[2022-09-04T15:38:05.667+0000][1][safepoint    ] Safepoint "Cleanup", Time since last: 1004725751 ns, Reaching safepoint: 4662583 ns, At safepoint: 235209 ns, Total: 4897792 ns
[2022-09-04T15:38:06.673+0000][1][safepoint    ] Safepoint "Cleanup", Time since last: 1005003833 ns, Reaching safepoint: 1742917 ns, At safepoint: 52542 ns, Total: 1795459 ns
[2022-09-04T15:38:07.680+0000][1][safepoint    ] Safepoint "Cleanup", Time since last: 1004407625 ns, Reaching safepoint: 2505958 ns, At safepoint: 75500 ns, Total: 2581458 ns
[2022-09-04T15:38:08.688+0000][1][safepoint    ] Safepoint "Cleanup", Time since last: 1004635168 ns, Reaching safepoint: 3135833 ns, At safepoint: 96125 ns, Total: 3231958 ns
[2022-09-04T15:38:09.696+0000][1][safepoint    ] Safepoint "Cleanup", Time since last: 1005813042 ns, Reaching safepoint: 2147583 ns, At safepoint: 62917 ns, Total: 2210500 ns
[2022-09-04T15:38:10.703+0000][1][safepoint    ] Safepoint "Cleanup", Time since last: 1005505334 ns, Reaching safepoint: 803542 ns, At safepoint: 26000 ns, Total: 829542 ns
[2022-09-04T15:38:11.709+0000][1][safepoint    ] Safepoint "Cleanup", Time since last: 1003508500 ns, Reaching safepoint: 3070667 ns, At safepoint: 107791 ns, Total: 3178458 ns
[2022-09-04T15:38:12.715+0000][1][safepoint    ] Safepoint "Cleanup", Time since last: 1004704001 ns, Reaching safepoint: 1416208 ns, At safepoint: 44750 ns, Total: 1460958 ns
[2022-09-04T15:38:13.722+0000][1][safepoint    ] Safepoint "Cleanup", Time since last: 1004710167 ns, Reaching safepoint: 2159834 ns, At safepoint: 62375 ns, Total: 2222209 ns
[2022-09-04T15:38:14.732+0000][1][safepoint    ] Safepoint "Cleanup", Time since last: 1007370709 ns, Reaching safepoint: 1749500 ns, At safepoint: 55625 ns, Total: 1805125 ns
[2022-09-04T15:38:15.739+0000][1][safepoint    ] Safepoint "Cleanup", Time since last: 1005816375 ns, Reaching safepoint: 1757250 ns, At safepoint: 52125 ns, Total: 1809375 ns
[2022-09-04T15:38:16.744+0000][1][safepoint    ] Safepoint "Cleanup", Time since last: 1003111375 ns, Reaching safepoint: 1341250 ns, At safepoint: 42500 ns, Total: 1383750 ns
[2022-09-04T15:38:17.748+0000][1][safepoint    ] Safepoint "Cleanup", Time since last: 1002793584 ns, Reaching safepoint: 1199167 ns, At safepoint: 35625 ns, Total: 1234792 ns
[2022-09-04T15:38:18.754+0000][1][safepoint    ] Safepoint "Cleanup", Time since last: 1004711584 ns, Reaching safepoint: 1674916 ns, At safepoint: 43959 ns, Total: 1718875 ns
[2022-09-04T15:38:19.761+0000][1][safepoint    ] Safepoint "Cleanup", Time since last: 1003992792 ns, Reaching safepoint: 2981708 ns, At safepoint: 66917 ns, Total: 3048625 ns
[2022-09-04T15:38:20.768+0000][1][safepoint    ] Safepoint "Cleanup", Time since last: 1003854834 ns, Reaching safepoint: 3003750 ns, At safepoint: 99666 ns, Total: 3103416 ns
[2022-09-04T15:38:21.776+0000][1][safepoint    ] Safepoint "Cleanup", Time since last: 1005007959 ns, Reaching safepoint: 2688125 ns, At safepoint: 196250 ns, Total: 2884375 ns
[2022-09-04T15:38:22.782+0000][1][safepoint    ] Safepoint "Cleanup", Time since last: 1004370626 ns, Reaching safepoint: 2006625 ns, At safepoint: 70000 ns, Total: 2076625 ns
[2022-09-04T15:38:23.793+0000][1][safepoint    ] Safepoint "Cleanup", Time since last: 1007363459 ns, Reaching safepoint: 2840500 ns, At safepoint: 171666 ns, Total: 3012166 ns
[2022-09-04T15:38:24.800+0000][1][safepoint    ] Safepoint "Cleanup", Time since last: 1004149251 ns, Reaching safepoint: 2476375 ns, At safepoint: 85250 ns, Total: 2561625 ns
[2022-09-04T15:38:25.805+0000][1][safepoint    ] Safepoint "Cleanup", Time since last: 1003869375 ns, Reaching safepoint: 1697875 ns, At safepoint: 52375 ns, Total: 1750250 ns
[2022-09-04T15:38:26.810+0000][1][safepoint    ] Safepoint "Cleanup", Time since last: 1002989459 ns, Reaching safepoint: 1877583 ns, At safepoint: 66042 ns, Total: 1943625 ns
[2022-09-04T15:38:27.814+0000][1][safepoint    ] Safepoint "Cleanup", Time since last: 1003137625 ns, Reaching safepoint: 1004500 ns, At safepoint: 29959 ns, Total: 1034459 ns
[2022-09-04T15:38:28.817+0000][1][safepoint    ] Safepoint "Cleanup", Time since last: 1002016459 ns, Reaching safepoint: 1016875 ns, At safepoint: 30583 ns, Total: 1047458 ns
[2022-09-04T15:38:29.821+0000][1][safepoint    ] Safepoint "Cleanup", Time since last: 1002082500 ns, Reaching safepoint: 1238000 ns, At safepoint: 39250 ns, Total: 1277250 ns
[2022-09-04T15:38:30.826+0000][1][safepoint    ] Safepoint "Cleanup", Time since last: 1002211459 ns, Reaching safepoint: 732583 ns, At safepoint: 22334 ns, Total: 754917 ns
[2022-09-04T15:38:31.830+0000][1][safepoint    ] Safepoint "Cleanup", Time since last: 1002405333 ns, Reaching safepoint: 986084 ns, At safepoint: 30666 ns, Total: 1016750 ns
[2022-09-04T15:38:32.833+0000][1][safepoint    ] Safepoint "Cleanup", Time since last: 1001574834 ns, Reaching safepoint: 1147375 ns, At safepoint: 40834 ns, Total: 1188209 ns
[2022-09-04T15:38:33.837+0000][1][safepoint    ] Safepoint "Cleanup", Time since last: 1002886042 ns, Reaching safepoint: 1015625 ns, At safepoint: 30666 ns, Total: 1046291 ns
[2022-09-04T15:38:34.857+0000][1][safepoint    ] Safepoint "Cleanup", Time since last: 1019071209 ns, Reaching safepoint: 888208 ns, At safepoint: 24292 ns, Total: 912500 ns
[2022-09-04T15:38:35.860+0000][1][safepoint    ] Safepoint "Cleanup", Time since last: 1001837126 ns, Reaching safepoint: 1311583 ns, At safepoint: 33500 ns, Total: 1345083 ns
[2022-09-04T15:38:36.864+0000][1][safepoint    ] Safepoint "Cleanup", Time since last: 1002271584 ns, Reaching safepoint: 1879750 ns, At safepoint: 110583 ns, Total: 1990333 ns
[2022-09-04T15:38:37.869+0000][1][safepoint    ] Safepoint "Cleanup", Time since last: 1004021751 ns, Reaching safepoint: 798750 ns, At safepoint: 26041 ns, Total: 824791 ns
[2022-09-04T15:38:38.872+0000][1][safepoint    ] Safepoint "Cleanup", Time since last: 1001863251 ns, Reaching safepoint: 1258833 ns, At safepoint: 33042 ns, Total: 1291875 ns
[2022-09-04T15:38:39.876+0000][1][safepoint    ] Safepoint "Cleanup", Time since last: 1002816959 ns, Reaching safepoint: 931458 ns, At safepoint: 23375 ns, Total: 954833 ns
[2022-09-04T15:38:40.495+0000][1][safepoint    ] Safepoint "RevokeBias", Time since last: 618286625 ns, Reaching safepoint: 818458 ns, At safepoint: 135875 ns, Total: 954333 ns
[2022-09-04T15:38:40.499+0000][1][safepoint    ] Safepoint "RevokeBias", Time since last: 2872459 ns, Reaching safepoint: 654041 ns, At safepoint: 116459 ns, Total: 770500 ns
[2022-09-04T15:38:40.563+0000][1][safepoint    ] Safepoint "RevokeBias", Time since last: 63930083 ns, Reaching safepoint: 657250 ns, At safepoint: 117959 ns, Total: 775209 ns
[2022-09-04T15:38:40.607+0000][1][safepoint    ] Safepoint "RevokeBias", Time since last: 41809125 ns, Reaching safepoint: 1195458 ns, At safepoint: 211542 ns, Total: 1407000 ns
[2022-09-04T15:38:41.613+0000][1][safepoint    ] Safepoint "Cleanup", Time since last: 1002865833 ns, Reaching safepoint: 3055625 ns, At safepoint: 98125 ns, Total: 3153750 ns
[2022-09-04T15:38:42.212+0000][1][safepoint    ] Safepoint "RevokeBias", Time since last: 596901667 ns, Reaching safepoint: 2145875 ns, At safepoint: 488459 ns, Total: 2634334 ns
[2022-09-04T15:38:42.225+0000][1][safepoint    ] Safepoint "RevokeBias", Time since last: 10500458 ns, Reaching safepoint: 1689042 ns, At safepoint: 519583 ns, Total: 2208625 ns
[2022-09-04T15:38:42.339+0000][1][safepoint    ] Safepoint "RevokeBias", Time since last: 112359750 ns, Reaching safepoint: 1241458 ns, At safepoint: 157959 ns, Total: 1399417 ns
[2022-09-04T15:38:42.376+0000][1][safepoint    ] Safepoint "RevokeBias", Time since last: 35643166 ns, Reaching safepoint: 1846375 ns, At safepoint: 233209 ns, Total: 2079584 ns
[2022-09-04T15:38:43.382+0000][1][safepoint    ] Safepoint "Cleanup", Time since last: 1004373542 ns, Reaching safepoint: 925000 ns, At safepoint: 28167 ns, Total: 953167 ns
[2022-09-04T15:38:44.385+0000][1][safepoint    ] Safepoint "Cleanup", Time since last: 1001940708 ns, Reaching safepoint: 1501167 ns, At safepoint: 44708 ns, Total: 1545875 ns
[2022-09-04T15:38:45.391+0000][1][safepoint    ] Safepoint "Cleanup", Time since last: 1004316209 ns, Reaching safepoint: 1805833 ns, At safepoint: 53000 ns, Total: 1858833 ns
[2022-09-04T15:38:46.395+0000][1][safepoint    ] Safepoint "Cleanup", Time since last: 1003428001 ns, Reaching safepoint: 743750 ns, At safepoint: 26292 ns, Total: 770042 ns
[2022-09-04T15:38:47.398+0000][1][safepoint    ] Safepoint "Cleanup", Time since last: 1001712167 ns, Reaching safepoint: 837708 ns, At safepoint: 24625 ns, Total: 862333 ns
[2022-09-04T15:38:48.403+0000][1][safepoint    ] Safepoint "Cleanup", Time since last: 1001632709 ns, Reaching safepoint: 3528833 ns, At safepoint: 29292 ns, Total: 3558125 ns
[2022-09-04T15:38:49.409+0000][1][safepoint    ] Safepoint "Cleanup", Time since last: 1004822375 ns, Reaching safepoint: 928542 ns, At safepoint: 27208 ns, Total: 955750 ns
[2022-09-04T15:38:50.418+0000][1][safepoint    ] Safepoint "Cleanup", Time since last: 1006756251 ns, Reaching safepoint: 2109375 ns, At safepoint: 68125 ns, Total: 2177500 ns
[2022-09-04T15:38:51.425+0000][1][safepoint    ] Safepoint "Cleanup", Time since last: 1004565917 ns, Reaching safepoint: 2184958 ns, At safepoint: 76334 ns, Total: 2261292 ns
[2022-09-04T15:38:52.431+0000][1][safepoint    ] Safepoint "Cleanup", Time since last: 1005021584 ns, Reaching safepoint: 1286083 ns, At safepoint: 42917 ns, Total: 1329000 ns
[2022-09-04T15:38:53.437+0000][1][safepoint    ] Safepoint "Cleanup", Time since last: 1004600958 ns, Reaching safepoint: 953459 ns, At safepoint: 27750 ns, Total: 981209 ns
[2022-09-04T15:38:54.442+0000][1][safepoint    ] Safepoint "Cleanup", Time since last: 1004195500 ns, Reaching safepoint: 1237250 ns, At safepoint: 51792 ns, Total: 1289042 ns
[2022-09-04T15:38:55.445+0000][1][safepoint    ] Safepoint "Cleanup", Time since last: 1002339417 ns, Reaching safepoint: 856917 ns, At safepoint: 26416 ns, Total: 883333 ns
[2022-09-04T15:38:56.449+0000][1][safepoint    ] Safepoint "Cleanup", Time since last: 1002179376 ns, Reaching safepoint: 946791 ns, At safepoint: 27959 ns, Total: 974750 ns
[2022-09-04T15:38:57.454+0000][1][safepoint    ] Safepoint "Cleanup", Time since last: 1002651959 ns, Reaching safepoint: 2791375 ns, At safepoint: 132541 ns, Total: 2923916 ns
[2022-09-04T15:38:58.461+0000][1][safepoint    ] Safepoint "Cleanup", Time since last: 1006355751 ns, Reaching safepoint: 922458 ns, At safepoint: 22250 ns, Total: 944708 ns
[2022-09-04T15:38:59.466+0000][1][safepoint    ] Safepoint "Cleanup", Time since last: 1001747917 ns, Reaching safepoint: 2560334 ns, At safepoint: 69750 ns, Total: 2630084 ns
[2022-09-04T15:39:00.471+0000][1][safepoint    ] Safepoint "Cleanup", Time since last: 1003837458 ns, Reaching safepoint: 1138417 ns, At safepoint: 33167 ns, Total: 1171584 ns
[2022-09-04T15:39:01.491+0000][1][safepoint    ] Safepoint "Cleanup", Time since last: 1018422917 ns, Reaching safepoint: 1423666 ns, At safepoint: 38500 ns, Total: 1462166 ns
[2022-09-04T15:39:02.496+0000][1][safepoint    ] Safepoint "Cleanup", Time since last: 1003758042 ns, Reaching safepoint: 1016667 ns, At safepoint: 31333 ns, Total: 1048000 ns
[2022-09-04T15:39:03.500+0000][1][safepoint    ] Safepoint "Cleanup", Time since last: 1002427001 ns, Reaching safepoint: 1214416 ns, At safepoint: 33584 ns, Total: 1248000 ns
[2022-09-04T15:39:04.511+0000][1][safepoint    ] Safepoint "Cleanup", Time since last: 1009099625 ns, Reaching safepoint: 2243000 ns, At safepoint: 62417 ns, Total: 2305417 ns
[2022-09-04T15:39:05.517+0000][1][safepoint    ] Safepoint "Cleanup", Time since last: 1004484584 ns, Reaching safepoint: 1330500 ns, At safepoint: 37875 ns, Total: 1368375 ns
[2022-09-04T15:39:06.523+0000][1][safepoint    ] Safepoint "Cleanup", Time since last: 1004887000 ns, Reaching safepoint: 1445375 ns, At safepoint: 48209 ns, Total: 1493584 ns
[2022-09-04T15:39:07.530+0000][1][safepoint    ] Safepoint "Cleanup", Time since last: 1005591875 ns, Reaching safepoint: 1269333 ns, At safepoint: 38292 ns, Total: 1307625 ns
[2022-09-04T15:39:08.537+0000][1][safepoint    ] Safepoint "Cleanup", Time since last: 1005221584 ns, Reaching safepoint: 1001750 ns, At safepoint: 38792 ns, Total: 1040542 ns
[2022-09-04T15:39:09.543+0000][1][safepoint    ] Safepoint "Cleanup", Time since last: 1004150167 ns, Reaching safepoint: 1719666 ns, At safepoint: 69042 ns, Total: 1788708 ns
[2022-09-04T15:39:10.552+0000][1][safepoint    ] Safepoint "Cleanup", Time since last: 1006804376 ns, Reaching safepoint: 2214958 ns, At safepoint: 83625 ns, Total: 2298583 ns
[2022-09-04T15:39:11.559+0000][1][safepoint    ] Safepoint "Cleanup", Time since last: 1004785750 ns, Reaching safepoint: 2416792 ns, At safepoint: 111792 ns, Total: 2528584 ns
[2022-09-04T15:39:12.565+0000][1][safepoint    ] Safepoint "Cleanup", Time since last: 1005068083 ns, Reaching safepoint: 1332375 ns, At safepoint: 84292 ns, Total: 1416667 ns
[2022-09-04T15:39:13.570+0000][1][safepoint    ] Safepoint "Cleanup", Time since last: 1003311459 ns, Reaching safepoint: 1075667 ns, At safepoint: 38041 ns, Total: 1113708 ns
[2022-09-04T15:39:14.576+0000][1][safepoint    ] Safepoint "Cleanup", Time since last: 1003245792 ns, Reaching safepoint: 2835084 ns, At safepoint: 88833 ns, Total: 2923917 ns
[2022-09-04T15:39:15.582+0000][1][safepoint    ] Safepoint "Cleanup", Time since last: 1003836126 ns, Reaching safepoint: 1715750 ns, At safepoint: 73250 ns, Total: 1789000 ns
[2022-09-04T15:39:16.591+0000][1][safepoint    ] Safepoint "Cleanup", Time since last: 1007084625 ns, Reaching safepoint: 2189042 ns, At safepoint: 100666 ns, Total: 2289708 ns
[2022-09-04T15:39:17.598+0000][1][safepoint    ] Safepoint "Cleanup", Time since last: 1005288126 ns, Reaching safepoint: 1161000 ns, At safepoint: 35417 ns, Total: 1196417 ns
[2022-09-04T15:39:18.602+0000][1][safepoint    ] Safepoint "Cleanup", Time since last: 1003372208 ns, Reaching safepoint: 1223042 ns, At safepoint: 37500 ns, Total: 1260542 ns
[2022-09-04T15:39:19.611+0000][1][safepoint    ] Safepoint "Cleanup", Time since last: 1006819584 ns, Reaching safepoint: 2149750 ns, At safepoint: 82333 ns, Total: 2232083 ns
[2022-09-04T15:39:20.617+0000][1][safepoint    ] Safepoint "Cleanup", Time since last: 1003559751 ns, Reaching safepoint: 1928375 ns, At safepoint: 61416 ns, Total: 1989791 ns
[2022-09-04T15:39:21.621+0000][1][safepoint    ] Safepoint "Cleanup", Time since last: 1002924584 ns, Reaching safepoint: 1683083 ns, At safepoint: 75917 ns, Total: 1759000 ns
[2022-09-04T15:39:22.626+0000][1][safepoint    ] Safepoint "Cleanup", Time since last: 1003543251 ns, Reaching safepoint: 1286791 ns, At safepoint: 40500 ns, Total: 1327291 ns
[2022-09-04T15:39:23.634+0000][1][safepoint    ] Safepoint "Cleanup", Time since last: 1004436334 ns, Reaching safepoint: 3253917 ns, At safepoint: 96750 ns, Total: 3350667 ns
[2022-09-04T15:39:24.644+0000][1][safepoint    ] Safepoint "Cleanup", Time since last: 1006272667 ns, Reaching safepoint: 3207250 ns, At safepoint: 98000 ns, Total: 3305250 ns
[2022-09-04T15:39:25.653+0000][1][safepoint    ] Safepoint "Cleanup", Time since last: 1005709542 ns, Reaching safepoint: 3055500 ns, At safepoint: 90000 ns, Total: 3145500 ns
[2022-09-04T15:39:26.662+0000][1][safepoint    ] Safepoint "Cleanup", Time since last: 1006844667 ns, Reaching safepoint: 2917750 ns, At safepoint: 89167 ns, Total: 3006917 ns
[2022-09-04T15:39:27.675+0000][1][safepoint    ] Safepoint "Cleanup", Time since last: 1011433625 ns, Reaching safepoint: 1540792 ns, At safepoint: 40000 ns, Total: 1580792 ns
[2022-09-04T15:39:28.678+0000][1][safepoint    ] Safepoint "Cleanup", Time since last: 1002069084 ns, Reaching safepoint: 899833 ns, At safepoint: 33708 ns, Total: 933541 ns
[2022-09-04T15:39:29.683+0000][1][safepoint    ] Safepoint "Cleanup", Time since last: 1003090084 ns, Reaching safepoint: 1240375 ns, At safepoint: 36375 ns, Total: 1276750 ns
[2022-09-04T15:39:30.687+0000][1][safepoint    ] Safepoint "Cleanup", Time since last: 1002990626 ns, Reaching safepoint: 1039708 ns, At safepoint: 59917 ns, Total: 1099625 ns
[2022-09-04T15:39:31.986+0000][1][safepoint    ] Safepoint "Cleanup", Time since last: 1297867333 ns, Reaching safepoint: 1494750 ns, At safepoint: 83125 ns, Total: 1577875 ns
[2022-09-04T15:39:32.996+0000][1][safepoint    ] Safepoint "Cleanup", Time since last: 1007326209 ns, Reaching safepoint: 2031000 ns, At safepoint: 82625 ns, Total: 2113625 ns
[2022-09-04T15:39:34.000+0000][1][safepoint    ] Safepoint "Cleanup", Time since last: 1003736375 ns, Reaching safepoint: 1214583 ns, At safepoint: 39334 ns, Total: 1253917 ns
[2022-09-04T15:39:35.007+0000][1][safepoint    ] Safepoint "Cleanup", Time since last: 1004634792 ns, Reaching safepoint: 1392958 ns, At safepoint: 38417 ns, Total: 1431375 ns
[2022-09-04T15:39:36.018+0000][1][safepoint    ] Safepoint "Cleanup", Time since last: 1007652250 ns, Reaching safepoint: 3211500 ns, At safepoint: 100125 ns, Total: 3311625 ns
[2022-09-04T15:39:37.027+0000][1][safepoint    ] Safepoint "Cleanup", Time since last: 1008239418 ns, Reaching safepoint: 1575208 ns, At safepoint: 54542 ns, Total: 1629750 ns
[2022-09-04T15:39:38.032+0000][1][safepoint    ] Safepoint "Cleanup", Time since last: 1004153625 ns, Reaching safepoint: 824708 ns, At safepoint: 27584 ns, Total: 852292 ns
[2022-09-04T15:39:39.049+0000][1][safepoint    ] Safepoint "Cleanup", Time since last: 1012727583 ns, Reaching safepoint: 3463209 ns, At safepoint: 95375 ns, Total: 3558584 ns
[2022-09-04T15:39:40.057+0000][1][safepoint    ] Safepoint "Cleanup", Time since last: 1006755125 ns, Reaching safepoint: 1097209 ns, At safepoint: 34166 ns, Total: 1131375 ns
[2022-09-04T15:39:41.065+0000][1][safepoint    ] Safepoint "Cleanup", Time since last: 1003328959 ns, Reaching safepoint: 4564333 ns, At safepoint: 139459 ns, Total: 4703792 ns
[2022-09-04T15:39:42.070+0000][1][safepoint    ] Safepoint "Cleanup", Time since last: 1004223417 ns, Reaching safepoint: 1190958 ns, At safepoint: 31709 ns, Total: 1222667 ns
[2022-09-04T15:39:43.074+0000][1][safepoint    ] Safepoint "Cleanup", Time since last: 1002737000 ns, Reaching safepoint: 779167 ns, At safepoint: 38916 ns, Total: 818083 ns
[2022-09-04T15:39:43.675+0000][1][safepoint    ] Safepoint "RevokeBias", Time since last: 600745376 ns, Reaching safepoint: 699208 ns, At safepoint: 135167 ns, Total: 834375 ns
[2022-09-04T15:39:43.680+0000][1][safepoint    ] Safepoint "RevokeBias", Time since last: 4231833 ns, Reaching safepoint: 467792 ns, At safepoint: 98000 ns, Total: 565792 ns
[2022-09-04T15:39:43.883+0000][1][safepoint    ] Safepoint "BulkRevokeBias", Time since last: 199923458 ns, Reaching safepoint: 675042 ns, At safepoint: 2638875 ns, Total: 3313917 ns
[2022-09-04T15:39:43.944+0000][1][safepoint    ] Safepoint "RevokeBias", Time since last: 59953875 ns, Reaching safepoint: 913708 ns, At safepoint: 134125 ns, Total: 1047833 ns
[2022-09-04T15:39:43.978+0000][1][safepoint    ] Safepoint "RevokeBias", Time since last: 32513292 ns, Reaching safepoint: 995625 ns, At safepoint: 95416 ns, Total: 1091041 ns
[2022-09-04T15:39:44.982+0000][1][safepoint    ] Safepoint "Cleanup", Time since last: 1002670834 ns, Reaching safepoint: 1533625 ns, At safepoint: 45334 ns, Total: 1578959 ns
[2022-09-04T15:39:46.005+0000][1][safepoint    ] Safepoint "Cleanup", Time since last: 1003762500 ns, Reaching safepoint: 14349500 ns, At safepoint: 791208 ns, Total: 15140708 ns
[2022-09-04T15:39:47.024+0000][1][safepoint    ] Safepoint "Cleanup", Time since last: 1020391543 ns, Reaching safepoint: 2745750 ns, At safepoint: 143083 ns, Total: 2888833 ns
[2022-09-04T15:39:48.032+0000][1][safepoint    ] Safepoint "Cleanup", Time since last: 1006126667 ns, Reaching safepoint: 1258875 ns, At safepoint: 35375 ns, Total: 1294250 ns
[2022-09-04T15:39:49.041+0000][1][safepoint    ] Safepoint "Cleanup", Time since last: 1006405251 ns, Reaching safepoint: 2688916 ns, At safepoint: 70459 ns, Total: 2759375 ns
[2022-09-04T15:39:50.049+0000][1][safepoint    ] Safepoint "Cleanup", Time since last: 1006292292 ns, Reaching safepoint: 2049791 ns, At safepoint: 41709 ns, Total: 2091500 ns
[2022-09-04T15:39:51.059+0000][1][safepoint    ] Safepoint "Cleanup", Time since last: 1005498584 ns, Reaching safepoint: 3902833 ns, At safepoint: 102125 ns, Total: 4004958 ns
[2022-09-04T15:39:52.068+0000][1][safepoint    ] Safepoint "Cleanup", Time since last: 1006175750 ns, Reaching safepoint: 2763334 ns, At safepoint: 81833 ns, Total: 2845167 ns
[2022-09-04T15:39:53.075+0000][1][safepoint    ] Safepoint "Cleanup", Time since last: 1006961125 ns, Reaching safepoint: 737667 ns, At safepoint: 20708 ns, Total: 758375 ns
[2022-09-04T15:39:54.079+0000][1][safepoint    ] Safepoint "Cleanup", Time since last: 1002619584 ns, Reaching safepoint: 1057917 ns, At safepoint: 62333 ns, Total: 1120250 ns
[2022-09-04T15:39:55.085+0000][1][safepoint    ] Safepoint "Cleanup", Time since last: 1002237001 ns, Reaching safepoint: 2974000 ns, At safepoint: 92083 ns, Total: 3066083 ns
[2022-09-04T15:39:56.091+0000][1][safepoint    ] Safepoint "Cleanup", Time since last: 1004113251 ns, Reaching safepoint: 1833333 ns, At safepoint: 49958 ns, Total: 1883291 ns
[2022-09-04T15:39:57.100+0000][1][safepoint    ] Safepoint "Cleanup", Time since last: 1006708709 ns, Reaching safepoint: 2420542 ns, At safepoint: 77708 ns, Total: 2498250 ns
[2022-09-04T15:39:58.107+0000][1][safepoint    ] Safepoint "Cleanup", Time since last: 1006587042 ns, Reaching safepoint: 760667 ns, At safepoint: 19250 ns, Total: 779917 ns
[2022-09-04T15:39:59.117+0000][1][safepoint    ] Safepoint "Cleanup", Time since last: 1006022209 ns, Reaching safepoint: 3442625 ns, At safepoint: 91000 ns, Total: 3533625 ns
[2022-09-04T15:40:00.124+0000][1][safepoint    ] Safepoint "Cleanup", Time since last: 1006208084 ns, Reaching safepoint: 785000 ns, At safepoint: 20625 ns, Total: 805625 ns
[2022-09-04T15:40:01.129+0000][1][safepoint    ] Safepoint "Cleanup", Time since last: 1002999250 ns, Reaching safepoint: 2295541 ns, At safepoint: 119084 ns, Total: 2414625 ns
[2022-09-04T15:40:02.135+0000][1][safepoint    ] Safepoint "Cleanup", Time since last: 1004498209 ns, Reaching safepoint: 1092916 ns, At safepoint: 30709 ns, Total: 1123625 ns
[2022-09-04T15:40:03.139+0000][1][safepoint    ] Safepoint "Cleanup", Time since last: 1003810458 ns, Reaching safepoint: 748959 ns, At safepoint: 19666 ns, Total: 768625 ns
[2022-09-04T15:40:04.142+0000][1][safepoint    ] Safepoint "Cleanup", Time since last: 1001822334 ns, Reaching safepoint: 1417875 ns, At safepoint: 38250 ns, Total: 1456125 ns
[2022-09-04T15:40:05.150+0000][1][safepoint    ] Safepoint "Cleanup", Time since last: 1005129667 ns, Reaching safepoint: 2635459 ns, At safepoint: 84708 ns, Total: 2720167 ns
[2022-09-04T15:40:06.154+0000][1][safepoint    ] Safepoint "Cleanup", Time since last: 1003346542 ns, Reaching safepoint: 747208 ns, At safepoint: 22334 ns, Total: 769542 ns
[2022-09-04T15:40:07.157+0000][1][safepoint    ] Safepoint "Cleanup", Time since last: 1001347250 ns, Reaching safepoint: 772042 ns, At safepoint: 20750 ns, Total: 792792 ns
[2022-09-04T15:40:08.160+0000][1][safepoint    ] Safepoint "Cleanup", Time since last: 1002392625 ns, Reaching safepoint: 718250 ns, At safepoint: 20750 ns, Total: 739000 ns
[2022-09-04T15:40:09.165+0000][1][safepoint    ] Safepoint "Cleanup", Time since last: 1001650959 ns, Reaching safepoint: 3896792 ns, At safepoint: 76542 ns, Total: 3973334 ns
[2022-09-04T15:40:10.171+0000][1][safepoint    ] Safepoint "Cleanup", Time since last: 1004231708 ns, Reaching safepoint: 953167 ns, At safepoint: 23375 ns, Total: 976542 ns
[2022-09-04T15:40:11.176+0000][1][safepoint    ] Safepoint "Cleanup", Time since last: 1002688459 ns, Reaching safepoint: 2348375 ns, At safepoint: 68541 ns, Total: 2416916 ns
[2022-09-04T15:40:12.183+0000][1][safepoint    ] Safepoint "Cleanup", Time since last: 1005054293 ns, Reaching safepoint: 2314916 ns, At safepoint: 73625 ns, Total: 2388541 ns
[2022-09-04T15:40:13.189+0000][1][safepoint    ] Safepoint "Cleanup", Time since last: 1004654709 ns, Reaching safepoint: 852208 ns, At safepoint: 25959 ns, Total: 878167 ns
[2022-09-04T15:40:14.192+0000][1][safepoint    ] Safepoint "Cleanup", Time since last: 1002093084 ns, Reaching safepoint: 1655500 ns, At safepoint: 75458 ns, Total: 1730958 ns
[2022-09-04T15:40:15.198+0000][1][safepoint    ] Safepoint "Cleanup", Time since last: 1002692875 ns, Reaching safepoint: 3072584 ns, At safepoint: 81458 ns, Total: 3154042 ns
[2022-09-04T15:40:16.204+0000][1][safepoint    ] Safepoint "Cleanup", Time since last: 1004960917 ns, Reaching safepoint: 1143000 ns, At safepoint: 29459 ns, Total: 1172459 ns
[2022-09-04T15:40:17.210+0000][1][safepoint    ] Safepoint "Cleanup", Time since last: 1003533708 ns, Reaching safepoint: 1607750 ns, At safepoint: 51709 ns, Total: 1659459 ns
[2022-09-04T15:40:18.214+0000][1][safepoint    ] Safepoint "Cleanup", Time since last: 1003399167 ns, Reaching safepoint: 785500 ns, At safepoint: 28125 ns, Total: 813625 ns
[2022-09-04T15:40:19.217+0000][1][safepoint    ] Safepoint "Cleanup", Time since last: 1001804750 ns, Reaching safepoint: 964625 ns, At safepoint: 27417 ns, Total: 992042 ns
[2022-09-04T15:40:20.220+0000][1][safepoint    ] Safepoint "Cleanup", Time since last: 1002220250 ns, Reaching safepoint: 1149709 ns, At safepoint: 32125 ns, Total: 1181834 ns
[2022-09-04T15:40:21.225+0000][1][safepoint    ] Safepoint "Cleanup", Time since last: 1002700250 ns, Reaching safepoint: 1842292 ns, At safepoint: 100875 ns, Total: 1943167 ns
[2022-09-04T15:40:22.229+0000][1][safepoint    ] Safepoint "Cleanup", Time since last: 1003063792 ns, Reaching safepoint: 1045083 ns, At safepoint: 27125 ns, Total: 1072208 ns
[2022-09-04T15:40:23.233+0000][1][safepoint    ] Safepoint "Cleanup", Time since last: 1003231043 ns, Reaching safepoint: 744416 ns, At safepoint: 24709 ns, Total: 769125 ns
[2022-09-04T15:40:24.237+0000][1][safepoint    ] Safepoint "Cleanup", Time since last: 1002883750 ns, Reaching safepoint: 1259542 ns, At safepoint: 35458 ns, Total: 1295000 ns
[2022-09-04T15:40:25.242+0000][1][safepoint    ] Safepoint "Cleanup", Time since last: 1002810626 ns, Reaching safepoint: 2335791 ns, At safepoint: 67084 ns, Total: 2402875 ns
[2022-09-04T15:40:26.248+0000][1][safepoint    ] Safepoint "Cleanup", Time since last: 1004194375 ns, Reaching safepoint: 1878667 ns, At safepoint: 45083 ns, Total: 1923750 ns
[2022-09-04T15:40:27.254+0000][1][safepoint    ] Safepoint "Cleanup", Time since last: 1003212375 ns, Reaching safepoint: 2757459 ns, At safepoint: 76666 ns, Total: 2834125 ns
[2022-09-04T15:40:28.264+0000][1][safepoint    ] Safepoint "Cleanup", Time since last: 1008800043 ns, Reaching safepoint: 957666 ns, At safepoint: 22292 ns, Total: 979958 ns
[2022-09-04T15:40:29.267+0000][1][safepoint    ] Safepoint "Cleanup", Time since last: 1001646750 ns, Reaching safepoint: 1025459 ns, At safepoint: 26333 ns, Total: 1051792 ns
[2022-09-04T15:40:30.270+0000][1][safepoint    ] Safepoint "Cleanup", Time since last: 1002009751 ns, Reaching safepoint: 1181500 ns, At safepoint: 30458 ns, Total: 1211958 ns
[2022-09-04T15:40:31.276+0000][1][safepoint    ] Safepoint "Cleanup", Time since last: 1003352749 ns, Reaching safepoint: 2418125 ns, At safepoint: 65084 ns, Total: 2483209 ns
[2022-09-04T15:40:32.284+0000][1][safepoint    ] Safepoint "Cleanup", Time since last: 1005197584 ns, Reaching safepoint: 2391291 ns, At safepoint: 69417 ns, Total: 2460708 ns
[2022-09-04T15:40:33.291+0000][1][safepoint    ] Safepoint "Cleanup", Time since last: 1005651792 ns, Reaching safepoint: 1780958 ns, At safepoint: 46917 ns, Total: 1827875 ns
[2022-09-04T15:40:34.297+0000][1][safepoint    ] Safepoint "Cleanup", Time since last: 1004502167 ns, Reaching safepoint: 779959 ns, At safepoint: 20375 ns, Total: 800334 ns
[2022-09-04T15:40:35.301+0000][1][safepoint    ] Safepoint "Cleanup", Time since last: 1001732708 ns, Reaching safepoint: 2684375 ns, At safepoint: 93500 ns, Total: 2777875 ns
[2022-09-04T15:40:36.309+0000][1][safepoint    ] Safepoint "Cleanup", Time since last: 1005371751 ns, Reaching safepoint: 2612083 ns, At safepoint: 201792 ns, Total: 2813875 ns
[2022-09-04T15:40:37.316+0000][1][safepoint    ] Safepoint "Cleanup", Time since last: 1003845250 ns, Reaching safepoint: 2844125 ns, At safepoint: 83584 ns, Total: 2927709 ns
[2022-09-04T15:40:38.323+0000][1][safepoint    ] Safepoint "Cleanup", Time since last: 1005504000 ns, Reaching safepoint: 1126583 ns, At safepoint: 30959 ns, Total: 1157542 ns
[2022-09-04T15:40:39.327+0000][1][safepoint    ] Safepoint "Cleanup", Time since last: 1002405959 ns, Reaching safepoint: 1472291 ns, At safepoint: 43625 ns, Total: 1515916 ns
[2022-09-04T15:40:40.333+0000][1][safepoint    ] Safepoint "Cleanup", Time since last: 1004612792 ns, Reaching safepoint: 1328084 ns, At safepoint: 41708 ns, Total: 1369792 ns
[2022-09-04T15:40:41.337+0000][1][safepoint    ] Safepoint "Cleanup", Time since last: 1003002917 ns, Reaching safepoint: 1190625 ns, At safepoint: 38917 ns, Total: 1229542 ns
[2022-09-04T15:40:42.340+0000][1][safepoint    ] Safepoint "Cleanup", Time since last: 1002203459 ns, Reaching safepoint: 1038791 ns, At safepoint: 28167 ns, Total: 1066958 ns
[2022-09-04T15:40:43.343+0000][1][safepoint    ] Safepoint "Cleanup", Time since last: 1002275292 ns, Reaching safepoint: 1107917 ns, At safepoint: 25875 ns, Total: 1133792 ns
[2022-09-04T15:40:44.352+0000][1][safepoint    ] Safepoint "Cleanup", Time since last: 1006657000 ns, Reaching safepoint: 1429334 ns, At safepoint: 36833 ns, Total: 1466167 ns
[2022-09-04T15:40:45.358+0000][1][safepoint    ] Safepoint "Cleanup", Time since last: 1004197875 ns, Reaching safepoint: 1703792 ns, At safepoint: 42375 ns, Total: 1746167 ns
[2022-09-04T15:40:46.364+0000][1][safepoint    ] Safepoint "Cleanup", Time since last: 1005451376 ns, Reaching safepoint: 1160291 ns, At safepoint: 30917 ns, Total: 1191208 ns
[2022-09-04T15:40:47.368+0000][1][safepoint    ] Safepoint "Cleanup", Time since last: 1002964167 ns, Reaching safepoint: 939667 ns, At safepoint: 47041 ns, Total: 986708 ns
[2022-09-04T15:40:48.371+0000][1][safepoint    ] Safepoint "Cleanup", Time since last: 1001745543 ns, Reaching safepoint: 916083 ns, At safepoint: 19833 ns, Total: 935916 ns
[2022-09-04T15:40:49.776+0000][1][safepoint    ] Safepoint "Cleanup", Time since last: 1404454501 ns, Reaching safepoint: 1169708 ns, At safepoint: 32292 ns, Total: 1202000 ns
[2022-09-04T15:40:50.781+0000][1][safepoint    ] Safepoint "Cleanup", Time since last: 1002181292 ns, Reaching safepoint: 2547917 ns, At safepoint: 88083 ns, Total: 2636000 ns
[2022-09-04T15:40:51.788+0000][1][safepoint    ] Safepoint "Cleanup", Time since last: 1003883292 ns, Reaching safepoint: 2248959 ns, At safepoint: 75208 ns, Total: 2324167 ns
[2022-09-04T15:40:52.793+0000][1][safepoint    ] Safepoint "Cleanup", Time since last: 1003938500 ns, Reaching safepoint: 1288250 ns, At safepoint: 32667 ns, Total: 1320917 ns
[2022-09-04T15:40:53.798+0000][1][safepoint    ] Safepoint "Cleanup", Time since last: 1004024792 ns, Reaching safepoint: 1376792 ns, At safepoint: 39666 ns, Total: 1416458 ns
[2022-09-04T15:40:54.804+0000][1][safepoint    ] Safepoint "Cleanup", Time since last: 1004953168 ns, Reaching safepoint: 731958 ns, At safepoint: 22708 ns, Total: 754666 ns
[2022-09-04T15:40:55.806+0000][1][safepoint    ] Safepoint "Cleanup", Time since last: 1001796667 ns, Reaching safepoint: 776750 ns, At safepoint: 23417 ns, Total: 800167 ns
[2022-09-04T15:40:56.810+0000][1][safepoint    ] Safepoint "Cleanup", Time since last: 1002004876 ns, Reaching safepoint: 1373083 ns, At safepoint: 33000 ns, Total: 1406083 ns
[2022-09-04T15:40:57.817+0000][1][safepoint    ] Safepoint "Cleanup", Time since last: 1003046292 ns, Reaching safepoint: 3482458 ns, At safepoint: 127500 ns, Total: 3609958 ns
[2022-09-04T15:40:58.823+0000][1][safepoint    ] Safepoint "Cleanup", Time since last: 1005592334 ns, Reaching safepoint: 746084 ns, At safepoint: 28541 ns, Total: 774625 ns
[2022-09-04T15:40:59.827+0000][1][safepoint    ] Safepoint "Cleanup", Time since last: 1002093709 ns, Reaching safepoint: 1659333 ns, At safepoint: 50542 ns, Total: 1709875 ns
[2022-09-04T15:41:00.830+0000][1][safepoint    ] Safepoint "Cleanup", Time since last: 1002659292 ns, Reaching safepoint: 1120917 ns, At safepoint: 33875 ns, Total: 1154792 ns
[2022-09-04T15:41:01.835+0000][1][safepoint    ] Safepoint "Cleanup", Time since last: 1001844208 ns, Reaching safepoint: 2333709 ns, At safepoint: 101541 ns, Total: 2435250 ns
[2022-09-04T15:41:02.840+0000][1][safepoint    ] Safepoint "Cleanup", Time since last: 1004064459 ns, Reaching safepoint: 807584 ns, At safepoint: 22791 ns, Total: 830375 ns
[2022-09-04T15:41:04.413+0000][1][safepoint    ] Safepoint "Cleanup", Time since last: 1572845334 ns, Reaching safepoint: 692834 ns, At safepoint: 21125 ns, Total: 713959 ns
[2022-09-04T15:41:05.416+0000][1][safepoint    ] Safepoint "Cleanup", Time since last: 1002063333 ns, Reaching safepoint: 959000 ns, At safepoint: 18709 ns, Total: 977709 ns
[2022-09-04T15:41:06.419+0000][1][safepoint    ] Safepoint "Cleanup", Time since last: 1001720542 ns, Reaching safepoint: 920375 ns, At safepoint: 28375 ns, Total: 948750 ns
[2022-09-04T15:41:07.424+0000][1][safepoint    ] Safepoint "Cleanup", Time since last: 1004020917 ns, Reaching safepoint: 853208 ns, At safepoint: 21792 ns, Total: 875000 ns
[2022-09-04T15:41:08.427+0000][1][safepoint    ] Safepoint "Cleanup", Time since last: 1002175625 ns, Reaching safepoint: 965417 ns, At safepoint: 24792 ns, Total: 990209 ns
[2022-09-04T15:41:08.574+0000][1][safepoint    ] Safepoint "RevokeBias", Time since last: 144759708 ns, Reaching safepoint: 732334 ns, At safepoint: 1701375 ns, Total: 2433709 ns
[2022-09-04T15:41:08.581+0000][1][safepoint    ] Safepoint "RevokeBias", Time since last: 6233125 ns, Reaching safepoint: 441500 ns, At safepoint: 83041 ns, Total: 524541 ns
[2022-09-04T15:41:08.649+0000][1][safepoint    ] Safepoint "RevokeBias", Time since last: 66941250 ns, Reaching safepoint: 877750 ns, At safepoint: 102292 ns, Total: 980042 ns
[2022-09-04T15:41:08.675+0000][1][safepoint    ] Safepoint "RevokeBias", Time since last: 25340625 ns, Reaching safepoint: 863333 ns, At safepoint: 165834 ns, Total: 1029167 ns
[2022-09-04T15:41:09.680+0000][1][safepoint    ] Safepoint "Cleanup", Time since last: 1002137375 ns, Reaching safepoint: 2548333 ns, At safepoint: 67834 ns, Total: 2616167 ns
[2022-09-04T15:41:10.690+0000][1][safepoint    ] Safepoint "Cleanup", Time since last: 1005130000 ns, Reaching safepoint: 4598625 ns, At safepoint: 34875 ns, Total: 4633500 ns
[2022-09-04T15:41:11.698+0000][1][safepoint    ] Safepoint "Cleanup", Time since last: 1003266501 ns, Reaching safepoint: 4700583 ns, At safepoint: 104417 ns, Total: 4805000 ns
[2022-09-04T15:41:12.705+0000][1][safepoint    ] Safepoint "Cleanup", Time since last: 1004133584 ns, Reaching safepoint: 2745250 ns, At safepoint: 78041 ns, Total: 2823291 ns
[2022-09-04T15:41:13.711+0000][1][safepoint    ] Safepoint "Cleanup", Time since last: 1004923667 ns, Reaching safepoint: 1148125 ns, At safepoint: 33542 ns, Total: 1181667 ns
[2022-09-04T15:41:14.716+0000][1][safepoint    ] Safepoint "Cleanup", Time since last: 1003701709 ns, Reaching safepoint: 1356833 ns, At safepoint: 40542 ns, Total: 1397375 ns
[2022-09-04T15:41:15.722+0000][1][safepoint    ] Safepoint "Cleanup", Time since last: 1003510334 ns, Reaching safepoint: 2701166 ns, At safepoint: 98334 ns, Total: 2799500 ns
[2022-09-04T15:41:16.731+0000][1][safepoint    ] Safepoint "Cleanup", Time since last: 1005375750 ns, Reaching safepoint: 3138250 ns, At safepoint: 90458 ns, Total: 3228708 ns
[2022-09-04T15:41:17.739+0000][1][safepoint    ] Safepoint "Cleanup", Time since last: 1005732959 ns, Reaching safepoint: 1896542 ns, At safepoint: 63708 ns, Total: 1960250 ns
[2022-09-04T15:41:18.744+0000][1][safepoint    ] Safepoint "Cleanup", Time since last: 1004333334 ns, Reaching safepoint: 754708 ns, At safepoint: 20542 ns, Total: 775250 ns
[2022-09-04T15:41:19.751+0000][1][safepoint    ] Safepoint "Cleanup", Time since last: 1001935376 ns, Reaching safepoint: 5418416 ns, At safepoint: 212375 ns, Total: 5630791 ns
[2022-09-04T15:41:20.764+0000][1][safepoint    ] Safepoint "Cleanup", Time since last: 1008404917 ns, Reaching safepoint: 4286417 ns, At safepoint: 239917 ns, Total: 4526334 ns
[2022-09-04T15:41:21.771+0000][1][safepoint    ] Safepoint "Cleanup", Time since last: 1004776000 ns, Reaching safepoint: 2029959 ns, At safepoint: 140250 ns, Total: 2170209 ns
[2022-09-04T15:41:22.779+0000][1][safepoint    ] Safepoint "Cleanup", Time since last: 1006036042 ns, Reaching safepoint: 1954666 ns, At safepoint: 65417 ns, Total: 2020083 ns
[2022-09-04T15:41:23.784+0000][1][safepoint    ] Safepoint "Cleanup", Time since last: 1003783667 ns, Reaching safepoint: 1224500 ns, At safepoint: 29208 ns, Total: 1253708 ns
[2022-09-04T15:41:24.792+0000][1][safepoint    ] Safepoint "Cleanup", Time since last: 1005916626 ns, Reaching safepoint: 1814792 ns, At safepoint: 52291 ns, Total: 1867083 ns
[2022-09-04T15:41:25.798+0000][1][safepoint    ] Safepoint "Cleanup", Time since last: 1004179459 ns, Reaching safepoint: 2236792 ns, At safepoint: 74375 ns, Total: 2311167 ns
[2022-09-04T15:41:26.804+0000][1][safepoint    ] Safepoint "Cleanup", Time since last: 1004606625 ns, Reaching safepoint: 1252375 ns, At safepoint: 44250 ns, Total: 1296625 ns
[2022-09-04T15:41:27.813+0000][1][safepoint    ] Safepoint "Cleanup", Time since last: 1004601917 ns, Reaching safepoint: 3515125 ns, At safepoint: 128834 ns, Total: 3643959 ns
[2022-09-04T15:41:28.820+0000][1][safepoint    ] Safepoint "Cleanup", Time since last: 1006026917 ns, Reaching safepoint: 1748750 ns, At safepoint: 39792 ns, Total: 1788542 ns
[2022-09-04T15:41:29.827+0000][1][safepoint    ] Safepoint "Cleanup", Time since last: 1003757750 ns, Reaching safepoint: 2748000 ns, At safepoint: 93875 ns, Total: 2841875 ns
[2022-09-04T15:41:30.833+0000][1][safepoint    ] Safepoint "Cleanup", Time since last: 1003710875 ns, Reaching safepoint: 1846833 ns, At safepoint: 57417 ns, Total: 1904250 ns
[2022-09-04T15:41:31.837+0000][1][safepoint    ] Safepoint "Cleanup", Time since last: 1003697542 ns, Reaching safepoint: 1031375 ns, At safepoint: 38791 ns, Total: 1070166 ns
[2022-09-04T15:41:32.616+0000][1][safepoint    ] Safepoint "RevokeBias", Time since last: 777862042 ns, Reaching safepoint: 1124667 ns, At safepoint: 137417 ns, Total: 1262084 ns
[2022-09-04T15:41:32.641+0000][1][safepoint    ] Safepoint "RevokeBias", Time since last: 23215041 ns, Reaching safepoint: 899125 ns, At safepoint: 119125 ns, Total: 1018250 ns
[2022-09-04T15:41:33.644+0000][1][safepoint    ] Safepoint "Cleanup", Time since last: 1002119251 ns, Reaching safepoint: 893958 ns, At safepoint: 23667 ns, Total: 917625 ns
[2022-09-04T15:41:34.649+0000][1][safepoint    ] Safepoint "Cleanup", Time since last: 1003293417 ns, Reaching safepoint: 1688417 ns, At safepoint: 32791 ns, Total: 1721208 ns
[2022-09-04T15:41:35.655+0000][1][safepoint    ] Safepoint "Cleanup", Time since last: 1003622459 ns, Reaching safepoint: 2491709 ns, At safepoint: 98916 ns, Total: 2590625 ns
[2022-09-04T15:41:36.661+0000][1][safepoint    ] Safepoint "Cleanup", Time since last: 1004838251 ns, Reaching safepoint: 1182416 ns, At safepoint: 29959 ns, Total: 1212375 ns
[2022-09-04T15:41:37.665+0000][1][safepoint    ] Safepoint "Cleanup", Time since last: 1002184167 ns, Reaching safepoint: 1456208 ns, At safepoint: 33667 ns, Total: 1489875 ns
[2022-09-04T15:41:38.668+0000][1][safepoint    ] Safepoint "Cleanup", Time since last: 1002556375 ns, Reaching safepoint: 781917 ns, At safepoint: 19792 ns, Total: 801709 ns
[2022-09-04T15:41:39.673+0000][1][safepoint    ] Safepoint "Cleanup", Time since last: 1002208833 ns, Reaching safepoint: 2845584 ns, At safepoint: 112083 ns, Total: 2957667 ns
[2022-09-04T15:41:40.681+0000][1][safepoint    ] Safepoint "Cleanup", Time since last: 1007046209 ns, Reaching safepoint: 1180000 ns, At safepoint: 28792 ns, Total: 1208792 ns
[2022-09-04T15:41:41.687+0000][1][safepoint    ] Safepoint "Cleanup", Time since last: 1002920833 ns, Reaching safepoint: 2830334 ns, At safepoint: 135208 ns, Total: 2965542 ns
[2022-09-04T15:41:42.697+0000][1][safepoint    ] Safepoint "Cleanup", Time since last: 1006854292 ns, Reaching safepoint: 2536542 ns, At safepoint: 76583 ns, Total: 2613125 ns
[2022-09-04T15:41:43.705+0000][1][safepoint    ] Safepoint "Cleanup", Time since last: 1007048626 ns, Reaching safepoint: 814291 ns, At safepoint: 21167 ns, Total: 835458 ns
[2022-09-04T15:41:44.710+0000][1][safepoint    ] Safepoint "Cleanup", Time since last: 1002837709 ns, Reaching safepoint: 2132541 ns, At safepoint: 70542 ns, Total: 2203083 ns
[2022-09-04T15:41:44.882+0000][1][gc,start     ] GC(25) Pause Young (Allocation Failure)
[2022-09-04T15:41:44.888+0000][1][gc,task      ] GC(25) Using 4 workers of 4 for evacuation
[2022-09-04T15:41:44.950+0000][1][gc,age       ] GC(25) Desired survivor size 8945664 bytes, new threshold 6 (max threshold 6)
[2022-09-04T15:41:44.952+0000][1][gc,age       ] GC(25) Age table with threshold 6 (max threshold 6)
[2022-09-04T15:41:44.953+0000][1][gc,age       ] GC(25) - age   1:      75560 bytes,      75560 total
[2022-09-04T15:41:44.955+0000][1][gc,age       ] GC(25) - age   2:      82392 bytes,     157952 total
[2022-09-04T15:41:44.956+0000][1][gc,age       ] GC(25) - age   3:     124656 bytes,     282608 total
[2022-09-04T15:41:44.957+0000][1][gc,age       ] GC(25) - age   4:     307816 bytes,     590424 total
[2022-09-04T15:41:44.958+0000][1][gc,age       ] GC(25) - age   5:      17032 bytes,     607456 total
[2022-09-04T15:41:44.959+0000][1][gc,age       ] GC(25) - age   6:      16408 bytes,     623864 total
[2022-09-04T15:41:44.962+0000][1][gc,heap      ] GC(25) ParNew: 140559K->1130K(157248K)
[2022-09-04T15:41:44.963+0000][1][gc,heap      ] GC(25) CMS: 66861K->66869K(349568K)
[2022-09-04T15:41:44.966+0000][1][gc,metaspace ] GC(25) Metaspace: 83614K->83614K(1126400K)
[2022-09-04T15:41:44.969+0000][1][gc           ] GC(25) Pause Young (Allocation Failure) 202M->66M(494M) 87.571ms
[2022-09-04T15:41:44.971+0000][1][gc,cpu       ] GC(25) User=0.11s Sys=0.04s Real=0.09s
[2022-09-04T15:41:44.973+0000][1][safepoint    ] Safepoint "GenCollectForAllocation", Time since last: 170232792 ns, Reaching safepoint: 654792 ns, At safepoint: 92529583 ns, Total: 93184375 ns
[2022-09-04T15:41:45.245+0000][1][safepoint    ] Safepoint "RevokeBias", Time since last: 270723875 ns, Reaching safepoint: 864208 ns, At safepoint: 110917 ns, Total: 975125 ns
[2022-09-04T15:41:45.248+0000][1][safepoint    ] Safepoint "RevokeBias", Time since last: 2760083 ns, Reaching safepoint: 508125 ns, At safepoint: 82292 ns, Total: 590417 ns
[2022-09-04T15:41:45.297+0000][1][safepoint    ] Safepoint "RevokeBias", Time since last: 47934083 ns, Reaching safepoint: 812250 ns, At safepoint: 130834 ns, Total: 943084 ns
[2022-09-04T15:41:45.351+0000][1][safepoint    ] Safepoint "RevokeBias", Time since last: 52955250 ns, Reaching safepoint: 846000 ns, At safepoint: 439166 ns, Total: 1285166 ns
[2022-09-04T15:41:46.355+0000][1][safepoint    ] Safepoint "Cleanup", Time since last: 1001992626 ns, Reaching safepoint: 1486542 ns, At safepoint: 29500 ns, Total: 1516042 ns
[2022-09-04T15:41:46.358+0000][1][safepoint    ] Safepoint "RevokeBias", Time since last: 2544625 ns, Reaching safepoint: 492416 ns, At safepoint: 260500 ns, Total: 752916 ns
[2022-09-04T15:41:46.364+0000][1][safepoint    ] Safepoint "RevokeBias", Time since last: 4944292 ns, Reaching safepoint: 582125 ns, At safepoint: 127500 ns, Total: 709625 ns
[2022-09-04T15:41:46.555+0000][1][safepoint    ] Safepoint "RevokeBias", Time since last: 189499958 ns, Reaching safepoint: 1805792 ns, At safepoint: 131500 ns, Total: 1937292 ns
[2022-09-04T15:41:46.610+0000][1][safepoint    ] Safepoint "RevokeBias", Time since last: 52066833 ns, Reaching safepoint: 2275625 ns, At safepoint: 129500 ns, Total: 2405125 ns
[2022-09-04T15:41:47.624+0000][1][safepoint    ] Safepoint "Cleanup", Time since last: 1011054543 ns, Reaching safepoint: 3444041 ns, At safepoint: 98750 ns, Total: 3542791 ns
[2022-09-04T15:41:48.630+0000][1][safepoint    ] Safepoint "Cleanup", Time since last: 1005070542 ns, Reaching safepoint: 878584 ns, At safepoint: 30166 ns, Total: 908750 ns
[2022-09-04T15:41:49.638+0000][1][safepoint    ] Safepoint "Cleanup", Time since last: 1004616251 ns, Reaching safepoint: 3011333 ns, At safepoint: 110375 ns, Total: 3121708 ns
[2022-09-04T15:41:50.650+0000][1][safepoint    ] Safepoint "Cleanup", Time since last: 1008084584 ns, Reaching safepoint: 3505708 ns, At safepoint: 99209 ns, Total: 3604917 ns
[2022-09-04T15:41:51.660+0000][1][safepoint    ] Safepoint "Cleanup", Time since last: 1006405417 ns, Reaching safepoint: 3593333 ns, At safepoint: 111333 ns, Total: 3704666 ns
[2022-09-04T15:41:52.669+0000][1][safepoint    ] Safepoint "Cleanup", Time since last: 1005032751 ns, Reaching safepoint: 3894417 ns, At safepoint: 63208 ns, Total: 3957625 ns
[2022-09-04T15:41:53.675+0000][1][safepoint    ] Safepoint "Cleanup", Time since last: 1005080000 ns, Reaching safepoint: 988292 ns, At safepoint: 78917 ns, Total: 1067209 ns
[2022-09-04T15:41:54.683+0000][1][safepoint    ] Safepoint "Cleanup", Time since last: 1004264667 ns, Reaching safepoint: 3267292 ns, At safepoint: 116291 ns, Total: 3383583 ns
[2022-09-04T15:41:55.689+0000][1][safepoint    ] Safepoint "Cleanup", Time since last: 1005996792 ns, Reaching safepoint: 777000 ns, At safepoint: 22167 ns, Total: 799167 ns
[2022-09-04T15:41:56.692+0000][1][safepoint    ] Safepoint "Cleanup", Time since last: 1001861292 ns, Reaching safepoint: 1005209 ns, At safepoint: 16958 ns, Total: 1022167 ns
[2022-09-04T15:41:57.536+0000][1][safepoint    ] Safepoint "BulkRevokeBias", Time since last: 841005459 ns, Reaching safepoint: 782208 ns, At safepoint: 2485208 ns, Total: 3267416 ns
[2022-09-04T15:41:57.539+0000][1][safepoint    ] Safepoint "RevokeBias", Time since last: 2262375 ns, Reaching safepoint: 489167 ns, At safepoint: 98083 ns, Total: 587250 ns
[2022-09-04T15:41:57.629+0000][1][safepoint    ] Safepoint "RevokeBias", Time since last: 88866084 ns, Reaching safepoint: 792375 ns, At safepoint: 111625 ns, Total: 904000 ns
[2022-09-04T15:41:57.641+0000][1][safepoint    ] Safepoint "RevokeBias", Time since last: 10518541 ns, Reaching safepoint: 896875 ns, At safepoint: 109459 ns, Total: 1006334 ns
[2022-09-04T15:41:58.646+0000][1][safepoint    ] Safepoint "Cleanup", Time since last: 1002038417 ns, Reaching safepoint: 2921041 ns, At safepoint: 104500 ns, Total: 3025541 ns
[2022-09-04T15:41:59.655+0000][1][safepoint    ] Safepoint "Cleanup", Time since last: 1006271126 ns, Reaching safepoint: 3332792 ns, At safepoint: 110458 ns, Total: 3443250 ns
[2022-09-04T15:42:00.665+0000][1][safepoint    ] Safepoint "Cleanup", Time since last: 1007912042 ns, Reaching safepoint: 1682083 ns, At safepoint: 59209 ns, Total: 1741292 ns
[2022-09-04T15:42:01.672+0000][1][safepoint    ] Safepoint "Cleanup", Time since last: 1003404958 ns, Reaching safepoint: 3219458 ns, At safepoint: 226167 ns, Total: 3445625 ns
[2022-09-04T15:42:02.680+0000][1][safepoint    ] Safepoint "Cleanup", Time since last: 1004014667 ns, Reaching safepoint: 3518792 ns, At safepoint: 85208 ns, Total: 3604000 ns
[2022-09-04T15:42:03.687+0000][1][safepoint    ] Safepoint "Cleanup", Time since last: 1005492209 ns, Reaching safepoint: 2288375 ns, At safepoint: 64292 ns, Total: 2352667 ns
[2022-09-04T15:42:04.698+0000][1][safepoint    ] Safepoint "Cleanup", Time since last: 1005675042 ns, Reaching safepoint: 4256333 ns, At safepoint: 94417 ns, Total: 4350750 ns
[2022-09-04T15:42:05.704+0000][1][safepoint    ] Safepoint "Cleanup", Time since last: 1005134334 ns, Reaching safepoint: 1517541 ns, At safepoint: 50334 ns, Total: 1567875 ns
[2022-09-04T15:42:06.709+0000][1][safepoint    ] Safepoint "Cleanup", Time since last: 1003942625 ns, Reaching safepoint: 1128375 ns, At safepoint: 30417 ns, Total: 1158792 ns
[2022-09-04T15:42:07.719+0000][1][safepoint    ] Safepoint "Cleanup", Time since last: 1008330042 ns, Reaching safepoint: 878916 ns, At safepoint: 23334 ns, Total: 902250 ns
[2022-09-04T15:42:08.722+0000][1][safepoint    ] Safepoint "Cleanup", Time since last: 1002079917 ns, Reaching safepoint: 1155833 ns, At safepoint: 55292 ns, Total: 1211125 ns
[2022-09-04T15:42:09.727+0000][1][safepoint    ] Safepoint "Cleanup", Time since last: 1002371375 ns, Reaching safepoint: 2549709 ns, At safepoint: 89208 ns, Total: 2638917 ns
[2022-09-04T15:42:10.731+0000][1][safepoint    ] Safepoint "Cleanup", Time since last: 1002752001 ns, Reaching safepoint: 1115541 ns, At safepoint: 29834 ns, Total: 1145375 ns
[2022-09-04T15:42:11.736+0000][1][safepoint    ] Safepoint "Cleanup", Time since last: 1002490417 ns, Reaching safepoint: 2668291 ns, At safepoint: 122792 ns, Total: 2791083 ns
[2022-09-04T15:42:12.744+0000][1][safepoint    ] Safepoint "Cleanup", Time since last: 1005647834 ns, Reaching safepoint: 2172917 ns, At safepoint: 55875 ns, Total: 2228792 ns
[2022-09-04T15:42:13.749+0000][1][safepoint    ] Safepoint "Cleanup", Time since last: 1004151375 ns, Reaching safepoint: 1412042 ns, At safepoint: 39000 ns, Total: 1451042 ns
[2022-09-04T15:42:14.757+0000][1][safepoint    ] Safepoint "Cleanup", Time since last: 1003927417 ns, Reaching safepoint: 3210792 ns, At safepoint: 75875 ns, Total: 3286667 ns
[2022-09-04T15:42:15.766+0000][1][safepoint    ] Safepoint "Cleanup", Time since last: 1005718458 ns, Reaching safepoint: 3456209 ns, At safepoint: 208000 ns, Total: 3664209 ns
[2022-09-04T15:42:16.772+0000][1][safepoint    ] Safepoint "Cleanup", Time since last: 1004305458 ns, Reaching safepoint: 1398459 ns, At safepoint: 41916 ns, Total: 1440375 ns
[2022-09-04T15:42:17.778+0000][1][safepoint    ] Safepoint "Cleanup", Time since last: 1002519001 ns, Reaching safepoint: 3112208 ns, At safepoint: 125334 ns, Total: 3237542 ns
[2022-09-04T15:42:19.700+0000][1][safepoint    ] Safepoint "Cleanup", Time since last: 1921101251 ns, Reaching safepoint: 1153375 ns, At safepoint: 28166 ns, Total: 1181541 ns
[2022-09-04T15:42:20.706+0000][1][safepoint    ] Safepoint "Cleanup", Time since last: 1002400042 ns, Reaching safepoint: 3050792 ns, At safepoint: 205708 ns, Total: 3256500 ns
[2022-09-04T15:42:21.714+0000][1][safepoint    ] Safepoint "Cleanup", Time since last: 1005526792 ns, Reaching safepoint: 2341209 ns, At safepoint: 68208 ns, Total: 2409417 ns
[2022-09-04T15:42:22.720+0000][1][safepoint    ] Safepoint "Cleanup", Time since last: 1003297001 ns, Reaching safepoint: 2698416 ns, At safepoint: 61000 ns, Total: 2759416 ns
[2022-09-04T15:42:23.724+0000][1][safepoint    ] Safepoint "Cleanup", Time since last: 1003441876 ns, Reaching safepoint: 778291 ns, At safepoint: 23875 ns, Total: 802166 ns
[2022-09-04T15:42:24.729+0000][1][safepoint    ] Safepoint "Cleanup", Time since last: 1002016543 ns, Reaching safepoint: 2695541 ns, At safepoint: 76125 ns, Total: 2771666 ns
[2022-09-04T15:42:25.733+0000][1][safepoint    ] Safepoint "Cleanup", Time since last: 1003230917 ns, Reaching safepoint: 1212084 ns, At safepoint: 32875 ns, Total: 1244959 ns
[2022-09-04T15:42:26.737+0000][1][safepoint    ] Safepoint "Cleanup", Time since last: 1002754875 ns, Reaching safepoint: 1078042 ns, At safepoint: 27333 ns, Total: 1105375 ns
[2022-09-04T15:42:27.743+0000][1][safepoint    ] Safepoint "Cleanup", Time since last: 1002267001 ns, Reaching safepoint: 3571500 ns, At safepoint: 193708 ns, Total: 3765208 ns
[2022-09-04T15:42:28.748+0000][1][safepoint    ] Safepoint "Cleanup", Time since last: 1003619042 ns, Reaching safepoint: 1309209 ns, At safepoint: 37916 ns, Total: 1347125 ns
[2022-09-04T15:42:29.754+0000][1][safepoint    ] Safepoint "Cleanup", Time since last: 1003889084 ns, Reaching safepoint: 1736208 ns, At safepoint: 43917 ns, Total: 1780125 ns
[2022-09-04T15:42:30.760+0000][1][safepoint    ] Safepoint "Cleanup", Time since last: 1003543416 ns, Reaching safepoint: 3004375 ns, At safepoint: 82292 ns, Total: 3086667 ns
[2022-09-04T15:42:31.771+0000][1][safepoint    ] Safepoint "Cleanup", Time since last: 1008285209 ns, Reaching safepoint: 2235791 ns, At safepoint: 63500 ns, Total: 2299291 ns
[2022-09-04T15:42:32.778+0000][1][safepoint    ] Safepoint "Cleanup", Time since last: 1004134292 ns, Reaching safepoint: 2311667 ns, At safepoint: 355083 ns, Total: 2666750 ns
[2022-09-04T15:42:33.783+0000][1][safepoint    ] Safepoint "Cleanup", Time since last: 1003755876 ns, Reaching safepoint: 1770875 ns, At safepoint: 87667 ns, Total: 1858542 ns
[2022-09-04T15:42:34.793+0000][1][safepoint    ] Safepoint "Cleanup", Time since last: 1007820417 ns, Reaching safepoint: 1667500 ns, At safepoint: 54791 ns, Total: 1722291 ns
[2022-09-04T15:42:35.798+0000][1][safepoint    ] Safepoint "Cleanup", Time since last: 1002690418 ns, Reaching safepoint: 2061208 ns, At safepoint: 97375 ns, Total: 2158583 ns
[2022-09-04T15:42:36.804+0000][1][safepoint    ] Safepoint "Cleanup", Time since last: 1005203292 ns, Reaching safepoint: 1368042 ns, At safepoint: 57750 ns, Total: 1425792 ns
[2022-09-04T15:42:37.378+0000][1][safepoint    ] Safepoint "RevokeBias", Time since last: 573159125 ns, Reaching safepoint: 843667 ns, At safepoint: 121958 ns, Total: 965625 ns
[2022-09-04T15:42:37.386+0000][1][safepoint    ] Safepoint "RevokeBias", Time since last: 6578375 ns, Reaching safepoint: 631292 ns, At safepoint: 132750 ns, Total: 764042 ns
[2022-09-04T15:42:37.508+0000][1][safepoint    ] Safepoint "RevokeBias", Time since last: 121370958 ns, Reaching safepoint: 729042 ns, At safepoint: 132375 ns, Total: 861417 ns
[2022-09-04T15:42:37.560+0000][1][safepoint    ] Safepoint "RevokeBias", Time since last: 50883791 ns, Reaching safepoint: 1085542 ns, At safepoint: 142542 ns, Total: 1228084 ns
[2022-09-04T15:42:38.564+0000][1][safepoint    ] Safepoint "Cleanup", Time since last: 1002444375 ns, Reaching safepoint: 1980625 ns, At safepoint: 58875 ns, Total: 2039500 ns
[2022-09-04T15:42:39.569+0000][1][safepoint    ] Safepoint "Cleanup", Time since last: 1002894584 ns, Reaching safepoint: 1242875 ns, At safepoint: 31708 ns, Total: 1274583 ns
[2022-09-04T15:42:40.573+0000][1][safepoint    ] Safepoint "Cleanup", Time since last: 1002494293 ns, Reaching safepoint: 2171333 ns, At safepoint: 73375 ns, Total: 2244708 ns
[2022-09-04T15:42:41.580+0000][1][safepoint    ] Safepoint "Cleanup", Time since last: 1004019209 ns, Reaching safepoint: 2845625 ns, At safepoint: 90125 ns, Total: 2935750 ns
[2022-09-04T15:42:42.585+0000][1][safepoint    ] Safepoint "Cleanup", Time since last: 1004119708 ns, Reaching safepoint: 1091709 ns, At safepoint: 30583 ns, Total: 1122292 ns
[2022-09-04T15:42:43.589+0000][1][safepoint    ] Safepoint "Cleanup", Time since last: 1002663917 ns, Reaching safepoint: 1131667 ns, At safepoint: 26583 ns, Total: 1158250 ns
[2022-09-04T15:42:44.595+0000][1][safepoint    ] Safepoint "Cleanup", Time since last: 1004596292 ns, Reaching safepoint: 1264209 ns, At safepoint: 31708 ns, Total: 1295917 ns
[2022-09-04T15:42:45.600+0000][1][safepoint    ] Safepoint "Cleanup", Time since last: 1004308792 ns, Reaching safepoint: 870209 ns, At safepoint: 23625 ns, Total: 893834 ns
[2022-09-04T15:42:46.603+0000][1][safepoint    ] Safepoint "Cleanup", Time since last: 1001992167 ns, Reaching safepoint: 978208 ns, At safepoint: 25958 ns, Total: 1004166 ns
[2022-09-04T15:42:47.608+0000][1][safepoint    ] Safepoint "Cleanup", Time since last: 1003124168 ns, Reaching safepoint: 1124250 ns, At safepoint: 28458 ns, Total: 1152708 ns
[2022-09-04T15:42:48.611+0000][1][safepoint    ] Safepoint "Cleanup", Time since last: 1001769209 ns, Reaching safepoint: 1163708 ns, At safepoint: 31500 ns, Total: 1195208 ns
[2022-09-04T15:42:49.617+0000][1][safepoint    ] Safepoint "Cleanup", Time since last: 1005461917 ns, Reaching safepoint: 1088375 ns, At safepoint: 26958 ns, Total: 1115333 ns
[2022-09-04T15:42:50.623+0000][1][safepoint    ] Safepoint "Cleanup", Time since last: 1002267584 ns, Reaching safepoint: 3052125 ns, At safepoint: 165209 ns, Total: 3217334 ns
[2022-09-04T15:42:51.633+0000][1][safepoint    ] Safepoint "Cleanup", Time since last: 1007787792 ns, Reaching safepoint: 2045291 ns, At safepoint: 55959 ns, Total: 2101250 ns
[2022-09-04T15:42:52.640+0000][1][safepoint    ] Safepoint "Cleanup", Time since last: 1004075042 ns, Reaching safepoint: 3419292 ns, At safepoint: 93875 ns, Total: 3513167 ns
[2022-09-04T15:42:53.651+0000][1][safepoint    ] Safepoint "Cleanup", Time since last: 1008077458 ns, Reaching safepoint: 2401209 ns, At safepoint: 113875 ns, Total: 2515084 ns
[2022-09-04T15:42:54.659+0000][1][safepoint    ] Safepoint "Cleanup", Time since last: 1004546542 ns, Reaching safepoint: 3314917 ns, At safepoint: 89416 ns, Total: 3404333 ns
[2022-09-04T15:42:55.668+0000][1][safepoint    ] Safepoint "Cleanup", Time since last: 1005263084 ns, Reaching safepoint: 4019208 ns, At safepoint: 106667 ns, Total: 4125875 ns
[2022-09-04T15:42:56.673+0000][1][safepoint    ] Safepoint "Cleanup", Time since last: 1004519542 ns, Reaching safepoint: 847709 ns, At safepoint: 24833 ns, Total: 872542 ns
[2022-09-04T15:42:57.677+0000][1][safepoint    ] Safepoint "Cleanup", Time since last: 1001694667 ns, Reaching safepoint: 1275542 ns, At safepoint: 29916 ns, Total: 1305458 ns
[2022-09-04T15:42:58.680+0000][1][safepoint    ] Safepoint "Cleanup", Time since last: 1002211709 ns, Reaching safepoint: 831542 ns, At safepoint: 21833 ns, Total: 853375 ns
[2022-09-04T15:42:59.684+0000][1][safepoint    ] Safepoint "Cleanup", Time since last: 1003682292 ns, Reaching safepoint: 850750 ns, At safepoint: 23792 ns, Total: 874542 ns
[2022-09-04T15:43:00.690+0000][1][safepoint    ] Safepoint "Cleanup", Time since last: 1002404959 ns, Reaching safepoint: 3441208 ns, At safepoint: 106792 ns, Total: 3548000 ns
[2022-09-04T15:43:01.699+0000][1][safepoint    ] Safepoint "Cleanup", Time since last: 1006184833 ns, Reaching safepoint: 2503500 ns, At safepoint: 173250 ns, Total: 2676750 ns
[2022-09-04T15:43:02.706+0000][1][safepoint    ] Safepoint "Cleanup", Time since last: 1003802250 ns, Reaching safepoint: 2697625 ns, At safepoint: 114417 ns, Total: 2812042 ns
[2022-09-04T15:43:03.713+0000][1][safepoint    ] Safepoint "Cleanup", Time since last: 1005466375 ns, Reaching safepoint: 1956667 ns, At safepoint: 54375 ns, Total: 2011042 ns
[2022-09-04T15:43:04.720+0000][1][safepoint    ] Safepoint "Cleanup", Time since last: 1003475709 ns, Reaching safepoint: 3700125 ns, At safepoint: 103666 ns, Total: 3803791 ns
[2022-09-04T15:43:05.727+0000][1][safepoint    ] Safepoint "Cleanup", Time since last: 1005369876 ns, Reaching safepoint: 836167 ns, At safepoint: 21625 ns, Total: 857792 ns
[2022-09-04T15:43:06.733+0000][1][safepoint    ] Safepoint "Cleanup", Time since last: 1002709083 ns, Reaching safepoint: 3538625 ns, At safepoint: 134542 ns, Total: 3673167 ns
[2022-09-04T15:43:07.742+0000][1][safepoint    ] Safepoint "Cleanup", Time since last: 1007204000 ns, Reaching safepoint: 1609250 ns, At safepoint: 43667 ns, Total: 1652917 ns
[2022-09-04T15:43:09.211+0000][1][safepoint    ] Safepoint "Cleanup", Time since last: 1468377584 ns, Reaching safepoint: 1177250 ns, At safepoint: 27875 ns, Total: 1205125 ns
[2022-09-04T15:43:10.217+0000][1][safepoint    ] Safepoint "Cleanup", Time since last: 1004398209 ns, Reaching safepoint: 995458 ns, At safepoint: 45292 ns, Total: 1040750 ns
[2022-09-04T15:43:11.221+0000][1][safepoint    ] Safepoint "Cleanup", Time since last: 1002496250 ns, Reaching safepoint: 1725584 ns, At safepoint: 72208 ns, Total: 1797792 ns
[2022-09-04T15:43:12.228+0000][1][safepoint    ] Safepoint "Cleanup", Time since last: 1005748251 ns, Reaching safepoint: 1284458 ns, At safepoint: 34958 ns, Total: 1319416 ns
[2022-09-04T15:43:13.233+0000][1][safepoint    ] Safepoint "Cleanup", Time since last: 1004087751 ns, Reaching safepoint: 926083 ns, At safepoint: 58958 ns, Total: 985041 ns
[2022-09-04T15:43:14.237+0000][1][safepoint    ] Safepoint "Cleanup", Time since last: 1002407126 ns, Reaching safepoint: 1309667 ns, At safepoint: 36833 ns, Total: 1346500 ns
[2022-09-04T15:43:15.242+0000][1][safepoint    ] Safepoint "Cleanup", Time since last: 1002474292 ns, Reaching safepoint: 2466875 ns, At safepoint: 98042 ns, Total: 2564917 ns
[2022-09-04T15:43:16.249+0000][1][safepoint    ] Safepoint "Cleanup", Time since last: 1005402584 ns, Reaching safepoint: 1428625 ns, At safepoint: 37458 ns, Total: 1466083 ns
[2022-09-04T15:43:17.255+0000][1][safepoint    ] Safepoint "Cleanup", Time since last: 1004187917 ns, Reaching safepoint: 1496500 ns, At safepoint: 37125 ns, Total: 1533625 ns
[2022-09-04T15:43:18.258+0000][1][safepoint    ] Safepoint "Cleanup", Time since last: 1002780959 ns, Reaching safepoint: 879042 ns, At safepoint: 22916 ns, Total: 901958 ns
[2022-09-04T15:43:19.267+0000][1][safepoint    ] Safepoint "Cleanup", Time since last: 1007069167 ns, Reaching safepoint: 1259334 ns, At safepoint: 29416 ns, Total: 1288750 ns
[2022-09-04T15:43:20.271+0000][1][safepoint    ] Safepoint "Cleanup", Time since last: 1002994834 ns, Reaching safepoint: 1445333 ns, At safepoint: 34625 ns, Total: 1479958 ns
[2022-09-04T15:43:21.276+0000][1][safepoint    ] Safepoint "Cleanup", Time since last: 1003016543 ns, Reaching safepoint: 1629708 ns, At safepoint: 150458 ns, Total: 1780166 ns
[2022-09-04T15:43:22.282+0000][1][safepoint    ] Safepoint "Cleanup", Time since last: 1004797917 ns, Reaching safepoint: 1132167 ns, At safepoint: 23042 ns, Total: 1155209 ns
[2022-09-04T15:43:23.285+0000][1][safepoint    ] Safepoint "Cleanup", Time since last: 1002751125 ns, Reaching safepoint: 781459 ns, At safepoint: 27125 ns, Total: 808584 ns
[2022-09-04T15:43:24.291+0000][1][safepoint    ] Safepoint "Cleanup", Time since last: 1003861167 ns, Reaching safepoint: 1224041 ns, At safepoint: 39000 ns, Total: 1263041 ns
[2022-09-04T15:43:25.297+0000][1][safepoint    ] Safepoint "Cleanup", Time since last: 1004505876 ns, Reaching safepoint: 2046750 ns, At safepoint: 74917 ns, Total: 2121667 ns
[2022-09-04T15:43:26.304+0000][1][safepoint    ] Safepoint "Cleanup", Time since last: 1003716083 ns, Reaching safepoint: 2752250 ns, At safepoint: 88292 ns, Total: 2840542 ns
[2022-09-04T15:43:27.311+0000][1][safepoint    ] Safepoint "Cleanup", Time since last: 1005427042 ns, Reaching safepoint: 2234708 ns, At safepoint: 54209 ns, Total: 2288917 ns
[2022-09-04T15:43:28.317+0000][1][safepoint    ] Safepoint "Cleanup", Time since last: 1004727917 ns, Reaching safepoint: 763667 ns, At safepoint: 35000 ns, Total: 798667 ns
[2022-09-04T15:43:29.321+0000][1][safepoint    ] Safepoint "Cleanup", Time since last: 1002641333 ns, Reaching safepoint: 1610459 ns, At safepoint: 37375 ns, Total: 1647834 ns
[2022-09-04T15:43:30.326+0000][1][safepoint    ] Safepoint "Cleanup", Time since last: 1003690625 ns, Reaching safepoint: 978250 ns, At safepoint: 33792 ns, Total: 1012042 ns
[2022-09-04T15:43:31.331+0000][1][safepoint    ] Safepoint "Cleanup", Time since last: 1002590792 ns, Reaching safepoint: 2472333 ns, At safepoint: 75042 ns, Total: 2547375 ns
[2022-09-04T15:43:32.337+0000][1][safepoint    ] Safepoint "Cleanup", Time since last: 1004675542 ns, Reaching safepoint: 1233208 ns, At safepoint: 31709 ns, Total: 1264917 ns
[2022-09-04T15:43:33.341+0000][1][safepoint    ] Safepoint "Cleanup", Time since last: 1003430625 ns, Reaching safepoint: 824500 ns, At safepoint: 24542 ns, Total: 849042 ns
[2022-09-04T15:43:34.352+0000][1][safepoint    ] Safepoint "Cleanup", Time since last: 1009680667 ns, Reaching safepoint: 729792 ns, At safepoint: 25416 ns, Total: 755208 ns
[2022-09-04T15:43:35.354+0000][1][safepoint    ] Safepoint "Cleanup", Time since last: 1001539542 ns, Reaching safepoint: 813500 ns, At safepoint: 22167 ns, Total: 835667 ns
[2022-09-04T15:43:36.358+0000][1][safepoint    ] Safepoint "Cleanup", Time since last: 1002820792 ns, Reaching safepoint: 795875 ns, At safepoint: 24000 ns, Total: 819875 ns
[2022-09-04T15:43:37.360+0000][1][safepoint    ] Safepoint "Cleanup", Time since last: 1001368126 ns, Reaching safepoint: 1092625 ns, At safepoint: 24291 ns, Total: 1116916 ns
[2022-09-04T15:43:38.363+0000][1][safepoint    ] Safepoint "Cleanup", Time since last: 1002111334 ns, Reaching safepoint: 801208 ns, At safepoint: 24417 ns, Total: 825625 ns
[2022-09-04T15:43:39.367+0000][1][safepoint    ] Safepoint "Cleanup", Time since last: 1002363084 ns, Reaching safepoint: 978750 ns, At safepoint: 24292 ns, Total: 1003042 ns
[2022-09-04T15:43:40.370+0000][1][safepoint    ] Safepoint "Cleanup", Time since last: 1002053625 ns, Reaching safepoint: 1138708 ns, At safepoint: 77584 ns, Total: 1216292 ns
[2022-09-04T15:43:41.374+0000][1][safepoint    ] Safepoint "Cleanup", Time since last: 1002907167 ns, Reaching safepoint: 1440792 ns, At safepoint: 40875 ns, Total: 1481667 ns
[2022-09-04T15:43:42.379+0000][1][safepoint    ] Safepoint "Cleanup", Time since last: 1003457667 ns, Reaching safepoint: 979500 ns, At safepoint: 21625 ns, Total: 1001125 ns
[2022-09-04T15:43:43.383+0000][1][safepoint    ] Safepoint "Cleanup", Time since last: 1002903084 ns, Reaching safepoint: 762416 ns, At safepoint: 21792 ns, Total: 784208 ns
[2022-09-04T15:43:44.386+0000][1][safepoint    ] Safepoint "Cleanup", Time since last: 1002946292 ns, Reaching safepoint: 867042 ns, At safepoint: 24458 ns, Total: 891500 ns
[2022-09-04T15:43:45.390+0000][1][safepoint    ] Safepoint "Cleanup", Time since last: 1002897250 ns, Reaching safepoint: 872459 ns, At safepoint: 23458 ns, Total: 895917 ns
[2022-09-04T15:43:46.395+0000][1][safepoint    ] Safepoint "Cleanup", Time since last: 1003858376 ns, Reaching safepoint: 1171458 ns, At safepoint: 33167 ns, Total: 1204625 ns
[2022-09-04T15:43:47.398+0000][1][safepoint    ] Safepoint "Cleanup", Time since last: 1002024000 ns, Reaching safepoint: 876292 ns, At safepoint: 26375 ns, Total: 902667 ns
[2022-09-04T15:43:48.404+0000][1][safepoint    ] Safepoint "Cleanup", Time since last: 1005018084 ns, Reaching safepoint: 741416 ns, At safepoint: 24792 ns, Total: 766208 ns
[2022-09-04T15:43:49.408+0000][1][safepoint    ] Safepoint "Cleanup", Time since last: 1002865709 ns, Reaching safepoint: 922750 ns, At safepoint: 21208 ns, Total: 943958 ns
[2022-09-04T15:43:50.410+0000][1][safepoint    ] Safepoint "Cleanup", Time since last: 1001608209 ns, Reaching safepoint: 1095375 ns, At safepoint: 33333 ns, Total: 1128708 ns
[2022-09-04T15:43:51.414+0000][1][safepoint    ] Safepoint "Cleanup", Time since last: 1002147376 ns, Reaching safepoint: 854333 ns, At safepoint: 33792 ns, Total: 888125 ns
[2022-09-04T15:43:52.417+0000][1][safepoint    ] Safepoint "Cleanup", Time since last: 1002156375 ns, Reaching safepoint: 950917 ns, At safepoint: 25958 ns, Total: 976875 ns
[2022-09-04T15:43:53.419+0000][1][safepoint    ] Safepoint "Cleanup", Time since last: 1001945834 ns, Reaching safepoint: 772125 ns, At safepoint: 22125 ns, Total: 794250 ns
[2022-09-04T15:43:54.424+0000][1][safepoint    ] Safepoint "Cleanup", Time since last: 1003426875 ns, Reaching safepoint: 826084 ns, At safepoint: 25416 ns, Total: 851500 ns
[2022-09-04T15:43:55.428+0000][1][safepoint    ] Safepoint "Cleanup", Time since last: 1002176126 ns, Reaching safepoint: 2180792 ns, At safepoint: 51166 ns, Total: 2231958 ns
[2022-09-04T15:43:56.433+0000][1][safepoint    ] Safepoint "Cleanup", Time since last: 1004072001 ns, Reaching safepoint: 1070750 ns, At safepoint: 25875 ns, Total: 1096625 ns
[2022-09-04T15:43:57.437+0000][1][safepoint    ] Safepoint "Cleanup", Time since last: 1002693542 ns, Reaching safepoint: 781875 ns, At safepoint: 25750 ns, Total: 807625 ns
[2022-09-04T15:43:58.457+0000][1][safepoint    ] Safepoint "Cleanup", Time since last: 1019766792 ns, Reaching safepoint: 792750 ns, At safepoint: 22000 ns, Total: 814750 ns
[2022-09-04T15:43:59.460+0000][1][safepoint    ] Safepoint "Cleanup", Time since last: 1001725167 ns, Reaching safepoint: 1031250 ns, At safepoint: 35417 ns, Total: 1066667 ns
[2022-09-04T15:44:00.464+0000][1][safepoint    ] Safepoint "Cleanup", Time since last: 1002747667 ns, Reaching safepoint: 1059417 ns, At safepoint: 49125 ns, Total: 1108542 ns
[2022-09-04T15:44:01.470+0000][1][safepoint    ] Safepoint "Cleanup", Time since last: 1004541417 ns, Reaching safepoint: 1526250 ns, At safepoint: 51625 ns, Total: 1577875 ns
[2022-09-04T15:44:02.477+0000][1][safepoint    ] Safepoint "Cleanup", Time since last: 1004804792 ns, Reaching safepoint: 2204583 ns, At safepoint: 59417 ns, Total: 2264000 ns
[2022-09-04T15:44:03.482+0000][1][safepoint    ] Safepoint "Cleanup", Time since last: 1004001125 ns, Reaching safepoint: 951750 ns, At safepoint: 25458 ns, Total: 977208 ns
[2022-09-04T15:44:04.486+0000][1][safepoint    ] Safepoint "Cleanup", Time since last: 1003213376 ns, Reaching safepoint: 769667 ns, At safepoint: 22416 ns, Total: 792083 ns
[2022-09-04T15:44:05.492+0000][1][safepoint    ] Safepoint "Cleanup", Time since last: 1004088209 ns, Reaching safepoint: 2160125 ns, At safepoint: 62000 ns, Total: 2222125 ns
[2022-09-04T15:44:06.501+0000][1][safepoint    ] Safepoint "Cleanup", Time since last: 1005645751 ns, Reaching safepoint: 2805666 ns, At safepoint: 109959 ns, Total: 2915625 ns
[2022-09-04T15:44:07.507+0000][1][safepoint    ] Safepoint "Cleanup", Time since last: 1004827500 ns, Reaching safepoint: 946083 ns, At safepoint: 25459 ns, Total: 971542 ns
[2022-09-04T15:44:08.514+0000][1][safepoint    ] Safepoint "Cleanup", Time since last: 1007118625 ns, Reaching safepoint: 761667 ns, At safepoint: 20167 ns, Total: 781834 ns
[2022-09-04T15:44:09.517+0000][1][safepoint    ] Safepoint "Cleanup", Time since last: 1002044958 ns, Reaching safepoint: 933709 ns, At safepoint: 29375 ns, Total: 963084 ns
[2022-09-04T15:44:10.521+0000][1][safepoint    ] Safepoint "Cleanup", Time since last: 1003212167 ns, Reaching safepoint: 775791 ns, At safepoint: 27000 ns, Total: 802791 ns
[2022-09-04T15:44:11.528+0000][1][safepoint    ] Safepoint "Cleanup", Time since last: 1003840251 ns, Reaching safepoint: 2653208 ns, At safepoint: 108459 ns, Total: 2761667 ns
[2022-09-04T15:44:12.536+0000][1][safepoint    ] Safepoint "Cleanup", Time since last: 1005706667 ns, Reaching safepoint: 2046375 ns, At safepoint: 41916 ns, Total: 2088291 ns
[2022-09-04T15:44:13.541+0000][1][safepoint    ] Safepoint "Cleanup", Time since last: 1004525876 ns, Reaching safepoint: 894458 ns, At safepoint: 24459 ns, Total: 918917 ns
[2022-09-04T15:44:14.545+0000][1][safepoint    ] Safepoint "Cleanup", Time since last: 1001995958 ns, Reaching safepoint: 1404084 ns, At safepoint: 37291 ns, Total: 1441375 ns
[2022-09-04T15:44:15.550+0000][1][safepoint    ] Safepoint "Cleanup", Time since last: 1002731043 ns, Reaching safepoint: 2683500 ns, At safepoint: 95291 ns, Total: 2778791 ns
[2022-09-04T15:44:16.557+0000][1][safepoint    ] Safepoint "Cleanup", Time since last: 1004116167 ns, Reaching safepoint: 2473250 ns, At safepoint: 76500 ns, Total: 2549750 ns
[2022-09-04T15:44:17.561+0000][1][safepoint    ] Safepoint "Cleanup", Time since last: 1003826959 ns, Reaching safepoint: 718167 ns, At safepoint: 20792 ns, Total: 738959 ns
[2022-09-04T15:44:18.565+0000][1][safepoint    ] Safepoint "Cleanup", Time since last: 1002883250 ns, Reaching safepoint: 867542 ns, At safepoint: 24333 ns, Total: 891875 ns
[2022-09-04T15:44:19.941+0000][1][safepoint    ] Safepoint "Cleanup", Time since last: 1374297251 ns, Reaching safepoint: 1493333 ns, At safepoint: 41167 ns, Total: 1534500 ns
[2022-09-04T15:44:20.947+0000][1][safepoint    ] Safepoint "Cleanup", Time since last: 1003314167 ns, Reaching safepoint: 2299125 ns, At safepoint: 59416 ns, Total: 2358541 ns
[2022-09-04T15:44:21.952+0000][1][safepoint    ] Safepoint "Cleanup", Time since last: 1003960501 ns, Reaching safepoint: 898167 ns, At safepoint: 21750 ns, Total: 919917 ns
[2022-09-04T15:44:22.957+0000][1][safepoint    ] Safepoint "Cleanup", Time since last: 1003901708 ns, Reaching safepoint: 991667 ns, At safepoint: 19708 ns, Total: 1011375 ns
[2022-09-04T15:44:23.960+0000][1][safepoint    ] Safepoint "Cleanup", Time since last: 1002375543 ns, Reaching safepoint: 1014083 ns, At safepoint: 33625 ns, Total: 1047708 ns
[2022-09-04T15:44:24.970+0000][1][safepoint    ] Safepoint "Cleanup", Time since last: 1007376042 ns, Reaching safepoint: 2395833 ns, At safepoint: 65375 ns, Total: 2461208 ns
[2022-09-04T15:44:25.976+0000][1][safepoint    ] Safepoint "Cleanup", Time since last: 1004126918 ns, Reaching safepoint: 2380291 ns, At safepoint: 97459 ns, Total: 2477750 ns
[2022-09-04T15:44:26.984+0000][1][safepoint    ] Safepoint "Cleanup", Time since last: 1005868083 ns, Reaching safepoint: 1553250 ns, At safepoint: 93542 ns, Total: 1646792 ns
[2022-09-04T15:44:27.992+0000][1][safepoint    ] Safepoint "Cleanup", Time since last: 1004321542 ns, Reaching safepoint: 3134750 ns, At safepoint: 96042 ns, Total: 3230792 ns
[2022-09-04T15:44:29.001+0000][1][safepoint    ] Safepoint "Cleanup", Time since last: 1006310167 ns, Reaching safepoint: 3379958 ns, At safepoint: 93250 ns, Total: 3473208 ns
[2022-09-04T15:44:30.011+0000][1][safepoint    ] Safepoint "Cleanup", Time since last: 1005957667 ns, Reaching safepoint: 3050459 ns, At safepoint: 100458 ns, Total: 3150917 ns
[2022-09-04T15:44:31.021+0000][1][safepoint    ] Safepoint "Cleanup", Time since last: 1008758292 ns, Reaching safepoint: 2015875 ns, At safepoint: 86958 ns, Total: 2102833 ns
[2022-09-04T15:44:32.034+0000][1][safepoint    ] Safepoint "Cleanup", Time since last: 1008945459 ns, Reaching safepoint: 3375833 ns, At safepoint: 94083 ns, Total: 3469916 ns
[2022-09-04T15:44:33.042+0000][1][safepoint    ] Safepoint "Cleanup", Time since last: 1007489626 ns, Reaching safepoint: 1051792 ns, At safepoint: 47833 ns, Total: 1099625 ns
[2022-09-04T15:44:34.061+0000][1][safepoint    ] Safepoint "Cleanup", Time since last: 1018124084 ns, Reaching safepoint: 1015416 ns, At safepoint: 24000 ns, Total: 1039416 ns
[2022-09-04T15:44:35.067+0000][1][safepoint    ] Safepoint "Cleanup", Time since last: 1004187751 ns, Reaching safepoint: 1328125 ns, At safepoint: 25792 ns, Total: 1353917 ns
[2022-09-04T15:44:36.070+0000][1][safepoint    ] Safepoint "Cleanup", Time since last: 1002087333 ns, Reaching safepoint: 879084 ns, At safepoint: 22583 ns, Total: 901667 ns
[2022-09-04T15:44:37.073+0000][1][safepoint    ] Safepoint "Cleanup", Time since last: 1001664334 ns, Reaching safepoint: 1184417 ns, At safepoint: 169458 ns, Total: 1353875 ns
[2022-09-04T15:44:38.077+0000][1][safepoint    ] Safepoint "Cleanup", Time since last: 1002849500 ns, Reaching safepoint: 765125 ns, At safepoint: 24584 ns, Total: 789709 ns
[2022-09-04T15:44:39.081+0000][1][safepoint    ] Safepoint "Cleanup", Time since last: 1001793875 ns, Reaching safepoint: 2835542 ns, At safepoint: 75500 ns, Total: 2911042 ns
[2022-09-04T15:44:40.089+0000][1][safepoint    ] Safepoint "Cleanup", Time since last: 1005142709 ns, Reaching safepoint: 2600916 ns, At safepoint: 278125 ns, Total: 2879041 ns
[2022-09-04T15:44:41.098+0000][1][safepoint    ] Safepoint "Cleanup", Time since last: 1007205042 ns, Reaching safepoint: 1491459 ns, At safepoint: 40125 ns, Total: 1531584 ns
[2022-09-04T15:44:42.103+0000][1][safepoint    ] Safepoint "Cleanup", Time since last: 1003019000 ns, Reaching safepoint: 1465875 ns, At safepoint: 34459 ns, Total: 1500334 ns
[2022-09-04T15:44:43.110+0000][1][safepoint    ] Safepoint "Cleanup", Time since last: 1007056708 ns, Reaching safepoint: 844250 ns, At safepoint: 23042 ns, Total: 867292 ns
[2022-09-04T15:44:44.114+0000][1][safepoint    ] Safepoint "Cleanup", Time since last: 1001744209 ns, Reaching safepoint: 1669208 ns, At safepoint: 43875 ns, Total: 1713083 ns
[2022-09-04T15:44:45.120+0000][1][safepoint    ] Safepoint "Cleanup", Time since last: 1002326584 ns, Reaching safepoint: 3205042 ns, At safepoint: 83666 ns, Total: 3288708 ns
[2022-09-04T15:44:46.125+0000][1][safepoint    ] Safepoint "Cleanup", Time since last: 1004459667 ns, Reaching safepoint: 804250 ns, At safepoint: 52792 ns, Total: 857042 ns
[2022-09-04T15:44:47.127+0000][1][safepoint    ] Safepoint "Cleanup", Time since last: 1001598292 ns, Reaching safepoint: 950917 ns, At safepoint: 44208 ns, Total: 995125 ns
[2022-09-04T15:44:48.132+0000][1][safepoint    ] Safepoint "Cleanup", Time since last: 1003561042 ns, Reaching safepoint: 868334 ns, At safepoint: 16750 ns, Total: 885084 ns
[2022-09-04T15:44:49.135+0000][1][safepoint    ] Safepoint "Cleanup", Time since last: 1002029334 ns, Reaching safepoint: 1186166 ns, At safepoint: 34792 ns, Total: 1220958 ns
[2022-09-04T15:44:50.141+0000][1][safepoint    ] Safepoint "Cleanup", Time since last: 1004715709 ns, Reaching safepoint: 986125 ns, At safepoint: 25250 ns, Total: 1011375 ns
[2022-09-04T15:44:51.148+0000][1][safepoint    ] Safepoint "Cleanup", Time since last: 1003068625 ns, Reaching safepoint: 4333417 ns, At safepoint: 106875 ns, Total: 4440292 ns
[2022-09-04T15:44:52.155+0000][1][safepoint    ] Safepoint "Cleanup", Time since last: 1005247834 ns, Reaching safepoint: 1429875 ns, At safepoint: 34625 ns, Total: 1464500 ns
[2022-09-04T15:44:53.160+0000][1][safepoint    ] Safepoint "Cleanup", Time since last: 1004393042 ns, Reaching safepoint: 841708 ns, At safepoint: 22834 ns, Total: 864542 ns
[2022-09-04T15:44:54.163+0000][1][safepoint    ] Safepoint "Cleanup", Time since last: 1001882083 ns, Reaching safepoint: 897709 ns, At safepoint: 25416 ns, Total: 923125 ns
[2022-09-04T15:44:55.171+0000][1][safepoint    ] Safepoint "Cleanup", Time since last: 1001203751 ns, Reaching safepoint: 4701666 ns, At safepoint: 246417 ns, Total: 4948083 ns
[2022-09-04T15:44:56.180+0000][1][safepoint    ] Safepoint "Cleanup", Time since last: 1007909167 ns, Reaching safepoint: 2316625 ns, At safepoint: 31917 ns, Total: 2348542 ns
[2022-09-04T15:44:57.183+0000][1][safepoint    ] Safepoint "Cleanup", Time since last: 1002487584 ns, Reaching safepoint: 774125 ns, At safepoint: 23458 ns, Total: 797583 ns
[2022-09-04T15:44:58.185+0000][1][safepoint    ] Safepoint "Cleanup", Time since last: 1001346542 ns, Reaching safepoint: 885875 ns, At safepoint: 25125 ns, Total: 911000 ns
[2022-09-04T15:44:59.187+0000][1][safepoint    ] Safepoint "Cleanup", Time since last: 1001376542 ns, Reaching safepoint: 788500 ns, At safepoint: 23084 ns, Total: 811584 ns
[2022-09-04T15:45:00.189+0000][1][safepoint    ] Safepoint "Cleanup", Time since last: 1000893417 ns, Reaching safepoint: 957000 ns, At safepoint: 28625 ns, Total: 985625 ns
[2022-09-04T15:45:01.198+0000][1][safepoint    ] Safepoint "Cleanup", Time since last: 1001428625 ns, Reaching safepoint: 7257375 ns, At safepoint: 399916 ns, Total: 7657291 ns
[2022-09-04T15:45:02.202+0000][1][safepoint    ] Safepoint "Cleanup", Time since last: 1002959501 ns, Reaching safepoint: 996458 ns, At safepoint: 50292 ns, Total: 1046750 ns
[2022-09-04T15:45:03.204+0000][1][safepoint    ] Safepoint "Cleanup", Time since last: 1001060250 ns, Reaching safepoint: 1159334 ns, At safepoint: 39125 ns, Total: 1198459 ns
[2022-09-04T15:45:04.179+0000][1][safepoint    ] Safepoint "RevokeBias", Time since last: 971185958 ns, Reaching safepoint: 854125 ns, At safepoint: 2367750 ns, Total: 3221875 ns
[2022-09-04T15:45:04.188+0000][1][safepoint    ] Safepoint "RevokeBias", Time since last: 8054542 ns, Reaching safepoint: 520250 ns, At safepoint: 122292 ns, Total: 642542 ns
[2022-09-04T15:45:04.323+0000][1][safepoint    ] Safepoint "RevokeBias", Time since last: 134038208 ns, Reaching safepoint: 1039834 ns, At safepoint: 207958 ns, Total: 1247792 ns
[2022-09-04T15:45:05.491+0000][1][safepoint    ] Safepoint "RevokeBias", Time since last: 1164165042 ns, Reaching safepoint: 3628625 ns, At safepoint: 286125 ns, Total: 3914750 ns
[2022-09-04T15:45:05.518+0000][1][safepoint    ] Safepoint "RevokeBias", Time since last: 26187917 ns, Reaching safepoint: 968500 ns, At safepoint: 126833 ns, Total: 1095333 ns
[2022-09-04T15:45:05.522+0000][1][safepoint    ] Safepoint "RevokeBias", Time since last: 2320875 ns, Reaching safepoint: 1275708 ns, At safepoint: 31292 ns, Total: 1307000 ns
[2022-09-04T15:45:05.647+0000][1][safepoint    ] Safepoint "RevokeBias", Time since last: 124993333 ns, Reaching safepoint: 548167 ns, At safepoint: 82667 ns, Total: 630834 ns
[2022-09-04T15:45:05.662+0000][1][safepoint    ] Safepoint "RevokeBias", Time since last: 14310167 ns, Reaching safepoint: 392208 ns, At safepoint: 87583 ns, Total: 479791 ns
[2022-09-04T15:45:05.672+0000][1][safepoint    ] Safepoint "RevokeBias", Time since last: 9071959 ns, Reaching safepoint: 627625 ns, At safepoint: 106541 ns, Total: 734166 ns
[2022-09-04T15:45:05.677+0000][1][safepoint    ] Safepoint "RevokeBias", Time since last: 4198959 ns, Reaching safepoint: 1042708 ns, At safepoint: 82458 ns, Total: 1125166 ns
[2022-09-04T15:45:05.690+0000][1][safepoint    ] Safepoint "RevokeBias", Time since last: 12138542 ns, Reaching safepoint: 669583 ns, At safepoint: 96667 ns, Total: 766250 ns
[2022-09-04T15:45:05.789+0000][1][safepoint    ] Safepoint "RevokeBias", Time since last: 97158000 ns, Reaching safepoint: 1108292 ns, At safepoint: 546791 ns, Total: 1655083 ns
[2022-09-04T15:45:05.827+0000][1][safepoint    ] Safepoint "RevokeBias", Time since last: 36608834 ns, Reaching safepoint: 924500 ns, At safepoint: 231166 ns, Total: 1155666 ns
[2022-09-04T15:45:05.973+0000][1][safepoint    ] Safepoint "RevokeBias", Time since last: 144846625 ns, Reaching safepoint: 1265917 ns, At safepoint: 95542 ns, Total: 1361459 ns
[2022-09-04T15:45:06.009+0000][1][safepoint    ] Safepoint "RevokeBias", Time since last: 34732625 ns, Reaching safepoint: 862125 ns, At safepoint: 134875 ns, Total: 997000 ns
[2022-09-04T15:45:06.012+0000][1][safepoint    ] Safepoint "RevokeBias", Time since last: 2980458 ns, Reaching safepoint: 471250 ns, At safepoint: 85917 ns, Total: 557167 ns
[2022-09-04T15:45:06.297+0000][1][safepoint    ] Safepoint "RevokeBias", Time since last: 283680250 ns, Reaching safepoint: 1364125 ns, At safepoint: 129375 ns, Total: 1493500 ns
[2022-09-04T15:45:06.546+0000][1][safepoint    ] Safepoint "RevokeBias", Time since last: 246582375 ns, Reaching safepoint: 2106500 ns, At safepoint: 107042 ns, Total: 2213542 ns
[2022-09-04T15:45:06.728+0000][1][safepoint    ] Safepoint "RevokeBias", Time since last: 181327125 ns, Reaching safepoint: 720875 ns, At safepoint: 85791 ns, Total: 806666 ns
[2022-09-04T15:45:06.849+0000][1][safepoint    ] Safepoint "BulkRevokeBias", Time since last: 116165250 ns, Reaching safepoint: 1539917 ns, At safepoint: 3067708 ns, Total: 4607625 ns
[2022-09-04T15:45:07.331+0000][1][safepoint    ] Safepoint "RevokeBias", Time since last: 480507084 ns, Reaching safepoint: 1490125 ns, At safepoint: 91083 ns, Total: 1581208 ns
[2022-09-04T15:45:07.336+0000][1][safepoint    ] Safepoint "RevokeBias", Time since last: 3698459 ns, Reaching safepoint: 770208 ns, At safepoint: 85667 ns, Total: 855875 ns
[2022-09-04T15:45:07.339+0000][1][safepoint    ] Safepoint "RevokeBias", Time since last: 1670041 ns, Reaching safepoint: 1130167 ns, At safepoint: 99500 ns, Total: 1229667 ns
[2022-09-04T15:45:07.345+0000][1][safepoint    ] Safepoint "RevokeBias", Time since last: 5557958 ns, Reaching safepoint: 749584 ns, At safepoint: 124458 ns, Total: 874042 ns
[2022-09-04T15:45:07.358+0000][1][safepoint    ] Safepoint "RevokeBias", Time since last: 11465875 ns, Reaching safepoint: 1121917 ns, At safepoint: 112791 ns, Total: 1234708 ns
[2022-09-04T15:45:07.363+0000][1][safepoint    ] Safepoint "RevokeBias", Time since last: 3871000 ns, Reaching safepoint: 698667 ns, At safepoint: 94333 ns, Total: 793000 ns
[2022-09-04T15:45:07.371+0000][1][safepoint    ] Safepoint "RevokeBias", Time since last: 7547750 ns, Reaching safepoint: 603417 ns, At safepoint: 92625 ns, Total: 696042 ns
[2022-09-04T15:45:07.388+0000][1][safepoint    ] Safepoint "RevokeBias", Time since last: 16968167 ns, Reaching safepoint: 623125 ns, At safepoint: 127000 ns, Total: 750125 ns
[2022-09-04T15:45:07.391+0000][1][safepoint    ] Safepoint "RevokeBias", Time since last: 2231708 ns, Reaching safepoint: 357958 ns, At safepoint: 80459 ns, Total: 438417 ns
[2022-09-04T15:45:07.434+0000][1][safepoint    ] Safepoint "RevokeBias", Time since last: 42036375 ns, Reaching safepoint: 841041 ns, At safepoint: 100125 ns, Total: 941166 ns
[2022-09-04T15:45:07.446+0000][1][safepoint    ] Safepoint "RevokeBias", Time since last: 11352000 ns, Reaching safepoint: 534917 ns, At safepoint: 114208 ns, Total: 649125 ns
[2022-09-04T15:45:07.457+0000][1][safepoint    ] Safepoint "RevokeBias", Time since last: 9621709 ns, Reaching safepoint: 1074208 ns, At safepoint: 365042 ns, Total: 1439250 ns
[2022-09-04T15:45:07.462+0000][1][safepoint    ] Safepoint "RevokeBias", Time since last: 3219166 ns, Reaching safepoint: 723125 ns, At safepoint: 391250 ns, Total: 1114375 ns
[2022-09-04T15:45:07.473+0000][1][safepoint    ] Safepoint "RevokeBias", Time since last: 9861292 ns, Reaching safepoint: 1393792 ns, At safepoint: 126500 ns, Total: 1520292 ns
[2022-09-04T15:45:07.516+0000][1][safepoint    ] Safepoint "RevokeBias", Time since last: 42156458 ns, Reaching safepoint: 1236667 ns, At safepoint: 91583 ns, Total: 1328250 ns
[2022-09-04T15:45:07.519+0000][1][safepoint    ] Safepoint "RevokeBias", Time since last: 2181708 ns, Reaching safepoint: 428000 ns, At safepoint: 71584 ns, Total: 499584 ns
[2022-09-04T15:45:07.526+0000][1][safepoint    ] Safepoint "RevokeBias", Time since last: 6672750 ns, Reaching safepoint: 503333 ns, At safepoint: 92542 ns, Total: 595875 ns
[2022-09-04T15:45:07.578+0000][1][safepoint    ] Safepoint "RevokeBias", Time since last: 51085458 ns, Reaching safepoint: 745917 ns, At safepoint: 98708 ns, Total: 844625 ns
[2022-09-04T15:45:07.582+0000][1][safepoint    ] Safepoint "RevokeBias", Time since last: 3171333 ns, Reaching safepoint: 561667 ns, At safepoint: 87625 ns, Total: 649292 ns
[2022-09-04T15:45:07.587+0000][1][safepoint    ] Safepoint "RevokeBias", Time since last: 4574917 ns, Reaching safepoint: 658708 ns, At safepoint: 88583 ns, Total: 747291 ns
[2022-09-04T15:45:07.591+0000][1][safepoint    ] Safepoint "RevokeBias", Time since last: 2875500 ns, Reaching safepoint: 595167 ns, At safepoint: 86542 ns, Total: 681709 ns
[2022-09-04T15:45:07.727+0000][1][safepoint    ] Safepoint "RevokeBias", Time since last: 134825458 ns, Reaching safepoint: 968833 ns, At safepoint: 91917 ns, Total: 1060750 ns
[2022-09-04T15:45:07.729+0000][1][safepoint    ] Safepoint "RevokeBias", Time since last: 1347292 ns, Reaching safepoint: 543375 ns, At safepoint: 80708 ns, Total: 624083 ns
[2022-09-04T15:45:07.791+0000][1][safepoint    ] Safepoint "RevokeBias", Time since last: 61030959 ns, Reaching safepoint: 722416 ns, At safepoint: 89667 ns, Total: 812083 ns
[2022-09-04T15:45:07.804+0000][1][safepoint    ] Safepoint "RevokeBias", Time since last: 12111500 ns, Reaching safepoint: 596333 ns, At safepoint: 304417 ns, Total: 900750 ns
[2022-09-04T15:45:07.810+0000][1][safepoint    ] Safepoint "RevokeBias", Time since last: 5432333 ns, Reaching safepoint: 783542 ns, At safepoint: 428708 ns, Total: 1212250 ns
[2022-09-04T15:45:07.830+0000][1][safepoint    ] Safepoint "RevokeBias", Time since last: 19298792 ns, Reaching safepoint: 692625 ns, At safepoint: 88500 ns, Total: 781125 ns
[2022-09-04T15:45:07.839+0000][1][safepoint    ] Safepoint "RevokeBias", Time since last: 7821750 ns, Reaching safepoint: 861750 ns, At safepoint: 89958 ns, Total: 951708 ns
[2022-09-04T15:45:08.343+0000][1][safepoint    ] Safepoint "RevokeBias", Time since last: 502159209 ns, Reaching safepoint: 1120375 ns, At safepoint: 185791 ns, Total: 1306166 ns
[2022-09-04T15:45:09.347+0000][1][safepoint    ] Safepoint "Cleanup", Time since last: 1003185168 ns, Reaching safepoint: 962541 ns, At safepoint: 33375 ns, Total: 995916 ns
[2022-09-04T15:45:10.352+0000][1][safepoint    ] Safepoint "Cleanup", Time since last: 1002648501 ns, Reaching safepoint: 2861708 ns, At safepoint: 83875 ns, Total: 2945583 ns
[2022-09-04T15:45:11.358+0000][1][safepoint    ] Safepoint "Cleanup", Time since last: 1004452501 ns, Reaching safepoint: 1425708 ns, At safepoint: 34458 ns, Total: 1460166 ns
[2022-09-04T15:45:12.363+0000][1][safepoint    ] Safepoint "Cleanup", Time since last: 1002931542 ns, Reaching safepoint: 1426334 ns, At safepoint: 31250 ns, Total: 1457584 ns
[2022-09-04T15:45:13.367+0000][1][safepoint    ] Safepoint "Cleanup", Time since last: 1003353084 ns, Reaching safepoint: 872875 ns, At safepoint: 21041 ns, Total: 893916 ns
[2022-09-04T15:45:14.370+0000][1][safepoint    ] Safepoint "Cleanup", Time since last: 1001586376 ns, Reaching safepoint: 1062125 ns, At safepoint: 21916 ns, Total: 1084041 ns
[2022-09-04T15:45:15.375+0000][1][safepoint    ] Safepoint "Cleanup", Time since last: 1002624251 ns, Reaching safepoint: 2248333 ns, At safepoint: 91083 ns, Total: 2339416 ns
[2022-09-04T15:45:16.386+0000][1][safepoint    ] Safepoint "Cleanup", Time since last: 1009455876 ns, Reaching safepoint: 1445000 ns, At safepoint: 102917 ns, Total: 1547917 ns
[2022-09-04T15:45:17.389+0000][1][safepoint    ] Safepoint "Cleanup", Time since last: 1002858542 ns, Reaching safepoint: 929750 ns, At safepoint: 22250 ns, Total: 952000 ns
[2022-09-04T15:45:18.392+0000][1][safepoint    ] Safepoint "Cleanup", Time since last: 1001851250 ns, Reaching safepoint: 800875 ns, At safepoint: 22917 ns, Total: 823792 ns
[2022-09-04T15:45:19.396+0000][1][safepoint    ] Safepoint "Cleanup", Time since last: 1003196709 ns, Reaching safepoint: 880375 ns, At safepoint: 21541 ns, Total: 901916 ns
[2022-09-04T15:45:20.400+0000][1][safepoint    ] Safepoint "Cleanup", Time since last: 1001926251 ns, Reaching safepoint: 2114667 ns, At safepoint: 56791 ns, Total: 2171458 ns
[2022-09-04T15:45:21.408+0000][1][safepoint    ] Safepoint "Cleanup", Time since last: 1004077251 ns, Reaching safepoint: 3364333 ns, At safepoint: 139458 ns, Total: 3503791 ns
[2022-09-04T15:45:21.623+0000][1][safepoint    ] Safepoint "RevokeBias", Time since last: 214225542 ns, Reaching safepoint: 1088333 ns, At safepoint: 208417 ns, Total: 1296750 ns
[2022-09-04T15:45:21.632+0000][1][safepoint    ] Safepoint "RevokeBias", Time since last: 7347000 ns, Reaching safepoint: 1163458 ns, At safepoint: 251875 ns, Total: 1415333 ns
[2022-09-04T15:45:21.663+0000][1][safepoint    ] Safepoint "RevokeBias", Time since last: 29511917 ns, Reaching safepoint: 920000 ns, At safepoint: 129583 ns, Total: 1049583 ns
[2022-09-04T15:45:21.682+0000][1][safepoint    ] Safepoint "RevokeBias", Time since last: 18260750 ns, Reaching safepoint: 757834 ns, At safepoint: 82000 ns, Total: 839834 ns
[2022-09-04T15:45:21.689+0000][1][safepoint    ] Safepoint "RevokeBias", Time since last: 6327750 ns, Reaching safepoint: 591791 ns, At safepoint: 88125 ns, Total: 679916 ns
[2022-09-04T15:45:21.698+0000][1][safepoint    ] Safepoint "RevokeBias", Time since last: 8240292 ns, Reaching safepoint: 1026250 ns, At safepoint: 112000 ns, Total: 1138250 ns
[2022-09-04T15:45:22.700+0000][1][safepoint    ] Safepoint "Cleanup", Time since last: 1001096001 ns, Reaching safepoint: 908666 ns, At safepoint: 35292 ns, Total: 943958 ns
[2022-09-04T15:45:23.706+0000][1][safepoint    ] Safepoint "Cleanup", Time since last: 1004360334 ns, Reaching safepoint: 1541625 ns, At safepoint: 77750 ns, Total: 1619375 ns
[2022-09-04T15:45:24.712+0000][1][safepoint    ] Safepoint "Cleanup", Time since last: 1003540542 ns, Reaching safepoint: 2105708 ns, At safepoint: 91792 ns, Total: 2197500 ns
[2022-09-04T15:45:25.719+0000][1][safepoint    ] Safepoint "Cleanup", Time since last: 1004274709 ns, Reaching safepoint: 2986583 ns, At safepoint: 97917 ns, Total: 3084500 ns
[2022-09-04T15:45:26.727+0000][1][safepoint    ] Safepoint "Cleanup", Time since last: 1004713250 ns, Reaching safepoint: 2696375 ns, At safepoint: 70875 ns, Total: 2767250 ns
[2022-09-04T15:45:27.735+0000][1][safepoint    ] Safepoint "Cleanup", Time since last: 1004903209 ns, Reaching safepoint: 3419250 ns, At safepoint: 89333 ns, Total: 3508583 ns
[2022-09-04T15:45:28.743+0000][1][safepoint    ] Safepoint "Cleanup", Time since last: 1006977834 ns, Reaching safepoint: 1209750 ns, At safepoint: 33334 ns, Total: 1243084 ns
[2022-09-04T15:45:29.750+0000][1][safepoint    ] Safepoint "Cleanup", Time since last: 1004163875 ns, Reaching safepoint: 2351625 ns, At safepoint: 55458 ns, Total: 2407083 ns
[2022-09-04T15:45:30.755+0000][1][safepoint    ] Safepoint "Cleanup", Time since last: 1003934667 ns, Reaching safepoint: 837084 ns, At safepoint: 23041 ns, Total: 860125 ns
[2022-09-04T15:45:31.758+0000][1][safepoint    ] Safepoint "Cleanup", Time since last: 1001476334 ns, Reaching safepoint: 1688417 ns, At safepoint: 43333 ns, Total: 1731750 ns
[2022-09-04T15:45:32.763+0000][1][safepoint    ] Safepoint "Cleanup", Time since last: 1004692125 ns, Reaching safepoint: 905709 ns, At safepoint: 25375 ns, Total: 931084 ns
[2022-09-04T15:45:33.768+0000][1][safepoint    ] Safepoint "Cleanup", Time since last: 1003118750 ns, Reaching safepoint: 1401084 ns, At safepoint: 66708 ns, Total: 1467792 ns
[2022-09-04T15:45:34.773+0000][1][safepoint    ] Safepoint "Cleanup", Time since last: 1002693459 ns, Reaching safepoint: 1292750 ns, At safepoint: 957791 ns, Total: 2250541 ns
[2022-09-04T15:45:35.784+0000][1][safepoint    ] Safepoint "Cleanup", Time since last: 1008220209 ns, Reaching safepoint: 2320417 ns, At safepoint: 89917 ns, Total: 2410334 ns
[2022-09-04T15:45:36.331+0000][1][safepoint    ] Safepoint "RevokeBias", Time since last: 545359833 ns, Reaching safepoint: 1216875 ns, At safepoint: 347667 ns, Total: 1564542 ns
[2022-09-04T15:45:37.333+0000][1][safepoint    ] Safepoint "Cleanup", Time since last: 1001975209 ns, Reaching safepoint: 874416 ns, At safepoint: 21709 ns, Total: 896125 ns
[2022-09-04T15:45:38.338+0000][1][safepoint    ] Safepoint "Cleanup", Time since last: 1003031000 ns, Reaching safepoint: 1222917 ns, At safepoint: 24875 ns, Total: 1247792 ns
[2022-09-04T15:45:39.342+0000][1][safepoint    ] Safepoint "Cleanup", Time since last: 1003012292 ns, Reaching safepoint: 857125 ns, At safepoint: 24000 ns, Total: 881125 ns
[2022-09-04T15:45:40.345+0000][1][safepoint    ] Safepoint "Cleanup", Time since last: 1001748667 ns, Reaching safepoint: 1423958 ns, At safepoint: 38417 ns, Total: 1462375 ns
[2022-09-04T15:45:41.353+0000][1][safepoint    ] Safepoint "Cleanup", Time since last: 1007360542 ns, Reaching safepoint: 848959 ns, At safepoint: 24750 ns, Total: 873709 ns
[2022-09-04T15:45:42.357+0000][1][safepoint    ] Safepoint "Cleanup", Time since last: 1002598667 ns, Reaching safepoint: 995958 ns, At safepoint: 20750 ns, Total: 1016708 ns
[2022-09-04T15:45:43.361+0000][1][safepoint    ] Safepoint "Cleanup", Time since last: 1003504626 ns, Reaching safepoint: 882458 ns, At safepoint: 23250 ns, Total: 905708 ns
[2022-09-04T15:45:44.364+0000][1][safepoint    ] Safepoint "Cleanup", Time since last: 1001851334 ns, Reaching safepoint: 942791 ns, At safepoint: 23542 ns, Total: 966333 ns
[2022-09-04T15:45:45.367+0000][1][safepoint    ] Safepoint "Cleanup", Time since last: 1002088750 ns, Reaching safepoint: 1209250 ns, At safepoint: 30917 ns, Total: 1240167 ns
[2022-09-04T15:45:46.373+0000][1][safepoint    ] Safepoint "Cleanup", Time since last: 1003938292 ns, Reaching safepoint: 1712000 ns, At safepoint: 39667 ns, Total: 1751667 ns
[2022-09-04T15:45:47.377+0000][1][safepoint    ] Safepoint "Cleanup", Time since last: 1003249750 ns, Reaching safepoint: 843417 ns, At safepoint: 20250 ns, Total: 863667 ns
[2022-09-04T15:45:48.381+0000][1][safepoint    ] Safepoint "Cleanup", Time since last: 1003437001 ns, Reaching safepoint: 827458 ns, At safepoint: 21333 ns, Total: 848791 ns
[2022-09-04T15:45:50.090+0000][1][safepoint    ] Safepoint "Cleanup", Time since last: 1706474168 ns, Reaching safepoint: 1819916 ns, At safepoint: 60334 ns, Total: 1880250 ns
[2022-09-04T15:45:51.096+0000][1][safepoint    ] Safepoint "Cleanup", Time since last: 1004458625 ns, Reaching safepoint: 1483584 ns, At safepoint: 38708 ns, Total: 1522292 ns
[2022-09-04T15:45:52.101+0000][1][safepoint    ] Safepoint "Cleanup", Time since last: 1002456792 ns, Reaching safepoint: 2537500 ns, At safepoint: 52958 ns, Total: 2590458 ns
[2022-09-04T15:45:53.106+0000][1][safepoint    ] Safepoint "Cleanup", Time since last: 1004123292 ns, Reaching safepoint: 789417 ns, At safepoint: 20125 ns, Total: 809542 ns
[2022-09-04T15:45:54.110+0000][1][safepoint    ] Safepoint "Cleanup", Time since last: 1001672167 ns, Reaching safepoint: 2421292 ns, At safepoint: 49417 ns, Total: 2470709 ns
[2022-09-04T15:45:55.120+0000][1][safepoint    ] Safepoint "Cleanup", Time since last: 1006818333 ns, Reaching safepoint: 2919709 ns, At safepoint: 113750 ns, Total: 3033459 ns
[2022-09-04T15:45:56.126+0000][1][safepoint    ] Safepoint "Cleanup", Time since last: 1004785209 ns, Reaching safepoint: 1410333 ns, At safepoint: 37042 ns, Total: 1447375 ns
[2022-09-04T15:45:57.132+0000][1][safepoint    ] Safepoint "Cleanup", Time since last: 1002341417 ns, Reaching safepoint: 3452875 ns, At safepoint: 96166 ns, Total: 3549041 ns
[2022-09-04T15:45:58.144+0000][1][safepoint    ] Safepoint "Cleanup", Time since last: 1010967043 ns, Reaching safepoint: 786708 ns, At safepoint: 21583 ns, Total: 808291 ns
[2022-09-04T15:45:59.147+0000][1][safepoint    ] Safepoint "Cleanup", Time since last: 1002786001 ns, Reaching safepoint: 1129708 ns, At safepoint: 22333 ns, Total: 1152041 ns
[2022-09-04T15:46:00.152+0000][1][safepoint    ] Safepoint "Cleanup", Time since last: 1002877209 ns, Reaching safepoint: 1132042 ns, At safepoint: 28750 ns, Total: 1160792 ns
[2022-09-04T15:46:01.155+0000][1][safepoint    ] Safepoint "Cleanup", Time since last: 1002276625 ns, Reaching safepoint: 1158333 ns, At safepoint: 65167 ns, Total: 1223500 ns
[2022-09-04T15:46:02.159+0000][1][safepoint    ] Safepoint "Cleanup", Time since last: 1001944917 ns, Reaching safepoint: 1331500 ns, At safepoint: 38416 ns, Total: 1369916 ns
[2022-09-04T15:46:03.163+0000][1][safepoint    ] Safepoint "Cleanup", Time since last: 1003775626 ns, Reaching safepoint: 928500 ns, At safepoint: 27333 ns, Total: 955833 ns
[2022-09-04T15:46:04.168+0000][1][safepoint    ] Safepoint "Cleanup", Time since last: 1003313084 ns, Reaching safepoint: 1324250 ns, At safepoint: 30833 ns, Total: 1355083 ns
[2022-09-04T15:46:05.174+0000][1][safepoint    ] Safepoint "Cleanup", Time since last: 1002752918 ns, Reaching safepoint: 3312416 ns, At safepoint: 178417 ns, Total: 3490833 ns
[2022-09-04T15:46:06.180+0000][1][safepoint    ] Safepoint "Cleanup", Time since last: 1004340292 ns, Reaching safepoint: 1360000 ns, At safepoint: 31542 ns, Total: 1391542 ns
[2022-09-04T15:46:07.188+0000][1][safepoint    ] Safepoint "Cleanup", Time since last: 1004066250 ns, Reaching safepoint: 4013000 ns, At safepoint: 99000 ns, Total: 4112000 ns
[2022-09-04T15:46:08.195+0000][1][safepoint    ] Safepoint "Cleanup", Time since last: 1006119501 ns, Reaching safepoint: 854708 ns, At safepoint: 22208 ns, Total: 876916 ns
[2022-09-04T15:46:09.198+0000][1][safepoint    ] Safepoint "Cleanup", Time since last: 1002056209 ns, Reaching safepoint: 1055250 ns, At safepoint: 30625 ns, Total: 1085875 ns
[2022-09-04T15:46:10.201+0000][1][safepoint    ] Safepoint "Cleanup", Time since last: 1002454584 ns, Reaching safepoint: 784958 ns, At safepoint: 20917 ns, Total: 805875 ns
[2022-09-04T15:46:11.204+0000][1][safepoint    ] Safepoint "Cleanup", Time since last: 1001571625 ns, Reaching safepoint: 794292 ns, At safepoint: 21333 ns, Total: 815625 ns
[2022-09-04T15:46:12.207+0000][1][safepoint    ] Safepoint "Cleanup", Time since last: 1002694459 ns, Reaching safepoint: 925834 ns, At safepoint: 24916 ns, Total: 950750 ns
[2022-09-04T15:46:13.211+0000][1][safepoint    ] Safepoint "Cleanup", Time since last: 1002716876 ns, Reaching safepoint: 924833 ns, At safepoint: 24833 ns, Total: 949666 ns
[2022-09-04T15:46:14.215+0000][1][safepoint    ] Safepoint "Cleanup", Time since last: 1003104001 ns, Reaching safepoint: 920667 ns, At safepoint: 20875 ns, Total: 941542 ns
[2022-09-04T15:46:15.221+0000][1][safepoint    ] Safepoint "Cleanup", Time since last: 1004223750 ns, Reaching safepoint: 1459333 ns, At safepoint: 43834 ns, Total: 1503167 ns
[2022-09-04T15:46:16.225+0000][1][safepoint    ] Safepoint "Cleanup", Time since last: 1002625792 ns, Reaching safepoint: 933083 ns, At safepoint: 36125 ns, Total: 969208 ns
[2022-09-04T15:46:16.681+0000][1][safepoint    ] Safepoint "RevokeBias", Time since last: 455417917 ns, Reaching safepoint: 698750 ns, At safepoint: 139333 ns, Total: 838083 ns
[2022-09-04T15:46:16.688+0000][1][safepoint    ] Safepoint "RevokeBias", Time since last: 6973750 ns, Reaching safepoint: 498625 ns, At safepoint: 147875 ns, Total: 646500 ns
[2022-09-04T15:46:16.800+0000][1][safepoint    ] Safepoint "RevokeBias", Time since last: 109780292 ns, Reaching safepoint: 1718583 ns, At safepoint: 102375 ns, Total: 1820958 ns
[2022-09-04T15:46:16.859+0000][1][safepoint    ] Safepoint "RevokeBias", Time since last: 58403584 ns, Reaching safepoint: 693125 ns, At safepoint: 108333 ns, Total: 801458 ns
[2022-09-04T15:46:16.917+0000][1][safepoint    ] Safepoint "RevokeBias", Time since last: 56245959 ns, Reaching safepoint: 1633458 ns, At safepoint: 116542 ns, Total: 1750000 ns
[2022-09-04T15:46:17.920+0000][1][safepoint    ] Safepoint "Cleanup", Time since last: 1001156417 ns, Reaching safepoint: 1392750 ns, At safepoint: 31750 ns, Total: 1424500 ns
[2022-09-04T15:46:18.923+0000][1][safepoint    ] Safepoint "Cleanup", Time since last: 1002039542 ns, Reaching safepoint: 985458 ns, At safepoint: 35000 ns, Total: 1020458 ns
[2022-09-04T15:46:19.929+0000][1][safepoint    ] Safepoint "Cleanup", Time since last: 1004629417 ns, Reaching safepoint: 1652667 ns, At safepoint: 85042 ns, Total: 1737709 ns
[2022-09-04T15:46:20.935+0000][1][safepoint    ] Safepoint "Cleanup", Time since last: 1003778042 ns, Reaching safepoint: 1476958 ns, At safepoint: 45125 ns, Total: 1522083 ns
[2022-09-04T15:46:21.940+0000][1][safepoint    ] Safepoint "Cleanup", Time since last: 1003004959 ns, Reaching safepoint: 2242417 ns, At safepoint: 72666 ns, Total: 2315083 ns
[2022-09-04T15:46:22.946+0000][1][safepoint    ] Safepoint "Cleanup", Time since last: 1003388542 ns, Reaching safepoint: 2408875 ns, At safepoint: 55167 ns, Total: 2464042 ns
[2022-09-04T15:46:23.951+0000][1][safepoint    ] Safepoint "Cleanup", Time since last: 1004567417 ns, Reaching safepoint: 1078209 ns, At safepoint: 29833 ns, Total: 1108042 ns
[2022-09-04T15:46:24.957+0000][1][safepoint    ] Safepoint "Cleanup", Time since last: 1004259000 ns, Reaching safepoint: 1155042 ns, At safepoint: 36625 ns, Total: 1191667 ns
[2022-09-04T15:46:25.960+0000][1][safepoint    ] Safepoint "Cleanup", Time since last: 1002577834 ns, Reaching safepoint: 863833 ns, At safepoint: 20334 ns, Total: 884167 ns
[2022-09-04T15:46:26.977+0000][1][safepoint    ] Safepoint "Cleanup", Time since last: 1012760042 ns, Reaching safepoint: 3351833 ns, At safepoint: 102542 ns, Total: 3454375 ns
[2022-09-04T15:46:27.986+0000][1][safepoint    ] Safepoint "Cleanup", Time since last: 1007172333 ns, Reaching safepoint: 2422750 ns, At safepoint: 57625 ns, Total: 2480375 ns
[2022-09-04T15:46:28.991+0000][1][safepoint    ] Safepoint "Cleanup", Time since last: 1004200251 ns, Reaching safepoint: 887833 ns, At safepoint: 21584 ns, Total: 909417 ns
[2022-09-04T15:46:30.000+0000][1][safepoint    ] Safepoint "Cleanup", Time since last: 1005695292 ns, Reaching safepoint: 2703666 ns, At safepoint: 47709 ns, Total: 2751375 ns
[2022-09-04T15:46:31.005+0000][1][safepoint    ] Safepoint "Cleanup", Time since last: 1004277583 ns, Reaching safepoint: 1572084 ns, At safepoint: 121958 ns, Total: 1694042 ns
[2022-09-04T15:46:32.013+0000][1][safepoint    ] Safepoint "Cleanup", Time since last: 1006042375 ns, Reaching safepoint: 1579750 ns, At safepoint: 93917 ns, Total: 1673667 ns
[2022-09-04T15:46:33.022+0000][1][safepoint    ] Safepoint "Cleanup", Time since last: 1006824292 ns, Reaching safepoint: 2148167 ns, At safepoint: 33500 ns, Total: 2181667 ns
[2022-09-04T15:46:34.026+0000][1][safepoint    ] Safepoint "Cleanup", Time since last: 1003068125 ns, Reaching safepoint: 877167 ns, At safepoint: 22083 ns, Total: 899250 ns
[2022-09-04T15:46:35.030+0000][1][safepoint    ] Safepoint "Cleanup", Time since last: 1002489918 ns, Reaching safepoint: 1061125 ns, At safepoint: 27458 ns, Total: 1088583 ns
[2022-09-04T15:46:36.034+0000][1][safepoint    ] Safepoint "Cleanup", Time since last: 1002835834 ns, Reaching safepoint: 1093208 ns, At safepoint: 24833 ns, Total: 1118041 ns
[2022-09-04T15:46:37.038+0000][1][safepoint    ] Safepoint "Cleanup", Time since last: 1003282042 ns, Reaching safepoint: 1161459 ns, At safepoint: 49750 ns, Total: 1211209 ns
[2022-09-04T15:46:38.042+0000][1][safepoint    ] Safepoint "Cleanup", Time since last: 1003278209 ns, Reaching safepoint: 839458 ns, At safepoint: 22083 ns, Total: 861541 ns
[2022-09-04T15:46:39.045+0000][1][safepoint    ] Safepoint "Cleanup", Time since last: 1001909126 ns, Reaching safepoint: 891791 ns, At safepoint: 21584 ns, Total: 913375 ns
[2022-09-04T15:46:40.050+0000][1][safepoint    ] Safepoint "Cleanup", Time since last: 1002895792 ns, Reaching safepoint: 2179500 ns, At safepoint: 57625 ns, Total: 2237125 ns
[2022-09-04T15:46:41.057+0000][1][safepoint    ] Safepoint "Cleanup", Time since last: 1005338542 ns, Reaching safepoint: 1263542 ns, At safepoint: 31416 ns, Total: 1294958 ns
[2022-09-04T15:46:42.062+0000][1][safepoint    ] Safepoint "Cleanup", Time since last: 1002977709 ns, Reaching safepoint: 2117417 ns, At safepoint: 64292 ns, Total: 2181709 ns
[2022-09-04T15:46:43.066+0000][1][safepoint    ] Safepoint "Cleanup", Time since last: 1003619042 ns, Reaching safepoint: 921625 ns, At safepoint: 23500 ns, Total: 945125 ns
[2022-09-04T15:46:44.070+0000][1][safepoint    ] Safepoint "Cleanup", Time since last: 1002120834 ns, Reaching safepoint: 1179500 ns, At safepoint: 31250 ns, Total: 1210750 ns
[2022-09-04T15:46:45.075+0000][1][safepoint    ] Safepoint "Cleanup", Time since last: 1002600708 ns, Reaching safepoint: 2787417 ns, At safepoint: 168458 ns, Total: 2955875 ns
[2022-09-04T15:46:46.083+0000][1][safepoint    ] Safepoint "Cleanup", Time since last: 1004013417 ns, Reaching safepoint: 3395709 ns, At safepoint: 573125 ns, Total: 3968834 ns
[2022-09-04T15:46:47.091+0000][1][safepoint    ] Safepoint "Cleanup", Time since last: 1004390750 ns, Reaching safepoint: 2628542 ns, At safepoint: 119500 ns, Total: 2748042 ns
[2022-09-04T15:46:48.096+0000][1][safepoint    ] Safepoint "Cleanup", Time since last: 1004866917 ns, Reaching safepoint: 779458 ns, At safepoint: 22500 ns, Total: 801958 ns
[2022-09-04T15:46:49.099+0000][1][safepoint    ] Safepoint "Cleanup", Time since last: 1001609459 ns, Reaching safepoint: 1053750 ns, At safepoint: 25375 ns, Total: 1079125 ns
[2022-09-04T15:46:50.102+0000][1][safepoint    ] Safepoint "Cleanup", Time since last: 1001552834 ns, Reaching safepoint: 1359583 ns, At safepoint: 20709 ns, Total: 1380292 ns
[2022-09-04T15:46:51.106+0000][1][safepoint    ] Safepoint "Cleanup", Time since last: 1002563875 ns, Reaching safepoint: 1684125 ns, At safepoint: 47709 ns, Total: 1731834 ns
[2022-09-04T15:46:52.110+0000][1][safepoint    ] Safepoint "Cleanup", Time since last: 1003186792 ns, Reaching safepoint: 1064833 ns, At safepoint: 29667 ns, Total: 1094500 ns
[2022-09-04T15:46:53.115+0000][1][safepoint    ] Safepoint "Cleanup", Time since last: 1003982167 ns, Reaching safepoint: 765166 ns, At safepoint: 20334 ns, Total: 785500 ns
[2022-09-04T15:46:54.118+0000][1][safepoint    ] Safepoint "Cleanup", Time since last: 1001955375 ns, Reaching safepoint: 788500 ns, At safepoint: 19459 ns, Total: 807959 ns
[2022-09-04T15:46:55.123+0000][1][safepoint    ] Safepoint "Cleanup", Time since last: 1001782792 ns, Reaching safepoint: 3309625 ns, At safepoint: 455208 ns, Total: 3764833 ns
[2022-09-04T15:46:56.133+0000][1][safepoint    ] Safepoint "Cleanup", Time since last: 1007892042 ns, Reaching safepoint: 1211667 ns, At safepoint: 36500 ns, Total: 1248167 ns
[2022-09-04T15:46:57.138+0000][1][safepoint    ] Safepoint "Cleanup", Time since last: 1002240709 ns, Reaching safepoint: 3372541 ns, At safepoint: 167250 ns, Total: 3539791 ns
[2022-09-04T15:46:58.145+0000][1][safepoint    ] Safepoint "Cleanup", Time since last: 1005776293 ns, Reaching safepoint: 1035166 ns, At safepoint: 34792 ns, Total: 1069958 ns
[2022-09-04T15:46:59.149+0000][1][safepoint    ] Safepoint "Cleanup", Time since last: 1001860750 ns, Reaching safepoint: 1511292 ns, At safepoint: 80875 ns, Total: 1592167 ns
[2022-09-04T15:47:00.153+0000][1][safepoint    ] Safepoint "Cleanup", Time since last: 1002802959 ns, Reaching safepoint: 1588083 ns, At safepoint: 55917 ns, Total: 1644000 ns
[2022-09-04T15:47:01.159+0000][1][safepoint    ] Safepoint "Cleanup", Time since last: 1002465792 ns, Reaching safepoint: 3585125 ns, At safepoint: 187166 ns, Total: 3772291 ns
[2022-09-04T15:47:02.170+0000][1][safepoint    ] Safepoint "Cleanup", Time since last: 1007722709 ns, Reaching safepoint: 2712417 ns, At safepoint: 72833 ns, Total: 2785250 ns
[2022-09-04T15:47:03.175+0000][1][safepoint    ] Safepoint "Cleanup", Time since last: 1004122709 ns, Reaching safepoint: 1208792 ns, At safepoint: 131750 ns, Total: 1340542 ns
[2022-09-04T15:47:04.376+0000][1][safepoint    ] Safepoint "Cleanup", Time since last: 1200054667 ns, Reaching safepoint: 1041583 ns, At safepoint: 21917 ns, Total: 1063500 ns
[2022-09-04T15:47:05.380+0000][1][safepoint    ] Safepoint "Cleanup", Time since last: 1001697000 ns, Reaching safepoint: 1829667 ns, At safepoint: 47875 ns, Total: 1877542 ns
[2022-09-04T15:47:06.386+0000][1][safepoint    ] Safepoint "Cleanup", Time since last: 1005261959 ns, Reaching safepoint: 786875 ns, At safepoint: 47750 ns, Total: 834625 ns
[2022-09-04T15:47:07.390+0000][1][safepoint    ] Safepoint "Cleanup", Time since last: 1003037125 ns, Reaching safepoint: 796709 ns, At safepoint: 20958 ns, Total: 817667 ns
[2022-09-04T15:47:08.394+0000][1][safepoint    ] Safepoint "Cleanup", Time since last: 1003631834 ns, Reaching safepoint: 858250 ns, At safepoint: 20291 ns, Total: 878541 ns
[2022-09-04T15:47:09.397+0000][1][safepoint    ] Safepoint "Cleanup", Time since last: 1001915084 ns, Reaching safepoint: 806584 ns, At safepoint: 21125 ns, Total: 827709 ns
[2022-09-04T15:47:10.402+0000][1][safepoint    ] Safepoint "Cleanup", Time since last: 1003486500 ns, Reaching safepoint: 1002333 ns, At safepoint: 24375 ns, Total: 1026708 ns
[2022-09-04T15:47:11.404+0000][1][safepoint    ] Safepoint "Cleanup", Time since last: 1001563084 ns, Reaching safepoint: 791959 ns, At safepoint: 31125 ns, Total: 823084 ns
[2022-09-04T15:47:12.407+0000][1][safepoint    ] Safepoint "Cleanup", Time since last: 1001578625 ns, Reaching safepoint: 927667 ns, At safepoint: 26541 ns, Total: 954208 ns
[2022-09-04T15:47:13.409+0000][1][safepoint    ] Safepoint "Cleanup", Time since last: 1001803626 ns, Reaching safepoint: 836625 ns, At safepoint: 24250 ns, Total: 860875 ns
[2022-09-04T15:47:14.203+0000][1][gc,start     ] GC(26) Pause Young (Allocation Failure)
[2022-09-04T15:47:14.210+0000][1][gc,task      ] GC(26) Using 4 workers of 4 for evacuation
[2022-09-04T15:47:14.262+0000][1][gc,age       ] GC(26) Desired survivor size 8945664 bytes, new threshold 6 (max threshold 6)
[2022-09-04T15:47:14.264+0000][1][gc,age       ] GC(26) Age table with threshold 6 (max threshold 6)
[2022-09-04T15:47:14.265+0000][1][gc,age       ] GC(26) - age   1:     581368 bytes,     581368 total
[2022-09-04T15:47:14.266+0000][1][gc,age       ] GC(26) - age   2:      62584 bytes,     643952 total
[2022-09-04T15:47:14.268+0000][1][gc,age       ] GC(26) - age   3:      74592 bytes,     718544 total
[2022-09-04T15:47:14.269+0000][1][gc,age       ] GC(26) - age   4:     102360 bytes,     820904 total
[2022-09-04T15:47:14.270+0000][1][gc,age       ] GC(26) - age   5:      88320 bytes,     909224 total
[2022-09-04T15:47:14.271+0000][1][gc,age       ] GC(26) - age   6:      17032 bytes,     926256 total
[2022-09-04T15:47:14.274+0000][1][gc,heap      ] GC(26) ParNew: 140906K->1072K(157248K)
[2022-09-04T15:47:14.275+0000][1][gc,heap      ] GC(26) CMS: 66869K->66885K(349568K)
[2022-09-04T15:47:14.276+0000][1][gc,metaspace ] GC(26) Metaspace: 83997K->83997K(1126400K)
[2022-09-04T15:47:14.278+0000][1][gc           ] GC(26) Pause Young (Allocation Failure) 202M->66M(494M) 75.542ms
[2022-09-04T15:47:14.279+0000][1][gc,cpu       ] GC(26) User=0.12s Sys=0.02s Real=0.08s
[2022-09-04T15:47:14.280+0000][1][safepoint    ] Safepoint "GenCollectForAllocation", Time since last: 790014292 ns, Reaching safepoint: 1859042 ns, At safepoint: 79263666 ns, Total: 81122708 ns
[2022-09-04T15:47:15.285+0000][1][safepoint    ] Safepoint "Cleanup", Time since last: 1001089417 ns, Reaching safepoint: 3116375 ns, At safepoint: 139167 ns, Total: 3255542 ns
[2022-09-04T15:47:16.293+0000][1][safepoint    ] Safepoint "Cleanup", Time since last: 1005885834 ns, Reaching safepoint: 2413375 ns, At safepoint: 78417 ns, Total: 2491792 ns
[2022-09-04T15:47:17.300+0000][1][safepoint    ] Safepoint "Cleanup", Time since last: 1003694917 ns, Reaching safepoint: 2757833 ns, At safepoint: 58250 ns, Total: 2816083 ns
[2022-09-04T15:47:18.307+0000][1][safepoint    ] Safepoint "Cleanup", Time since last: 1006397084 ns, Reaching safepoint: 840750 ns, At safepoint: 32708 ns, Total: 873458 ns
[2022-09-04T15:47:19.311+0000][1][safepoint    ] Safepoint "Cleanup", Time since last: 1002111792 ns, Reaching safepoint: 1502167 ns, At safepoint: 40583 ns, Total: 1542750 ns
[2022-09-04T15:47:20.315+0000][1][safepoint    ] Safepoint "Cleanup", Time since last: 1003104917 ns, Reaching safepoint: 1603292 ns, At safepoint: 38000 ns, Total: 1641292 ns
[2022-09-04T15:47:21.321+0000][1][safepoint    ] Safepoint "Cleanup", Time since last: 1002483959 ns, Reaching safepoint: 2904083 ns, At safepoint: 79834 ns, Total: 2983917 ns
[2022-09-04T15:47:22.328+0000][1][safepoint    ] Safepoint "Cleanup", Time since last: 1005201000 ns, Reaching safepoint: 1582708 ns, At safepoint: 41417 ns, Total: 1624125 ns
[2022-09-04T15:47:23.334+0000][1][safepoint    ] Safepoint "Cleanup", Time since last: 1004518834 ns, Reaching safepoint: 1398375 ns, At safepoint: 38167 ns, Total: 1436542 ns
[2022-09-04T15:47:24.337+0000][1][safepoint    ] Safepoint "Cleanup", Time since last: 1002089375 ns, Reaching safepoint: 1162958 ns, At safepoint: 34625 ns, Total: 1197583 ns
[2022-09-04T15:47:25.340+0000][1][safepoint    ] Safepoint "Cleanup", Time since last: 1001797959 ns, Reaching safepoint: 1315292 ns, At safepoint: 28000 ns, Total: 1343292 ns
[2022-09-04T15:47:26.346+0000][1][safepoint    ] Safepoint "Cleanup", Time since last: 1004180542 ns, Reaching safepoint: 1693625 ns, At safepoint: 55750 ns, Total: 1749375 ns
[2022-09-04T15:47:27.350+0000][1][safepoint    ] Safepoint "Cleanup", Time since last: 1002906126 ns, Reaching safepoint: 1262333 ns, At safepoint: 32083 ns, Total: 1294416 ns
[2022-09-04T15:47:28.354+0000][1][safepoint    ] Safepoint "Cleanup", Time since last: 1002454417 ns, Reaching safepoint: 1284584 ns, At safepoint: 31125 ns, Total: 1315709 ns
[2022-09-04T15:47:29.358+0000][1][safepoint    ] Safepoint "Cleanup", Time since last: 1002571708 ns, Reaching safepoint: 1607167 ns, At safepoint: 52625 ns, Total: 1659792 ns
[2022-09-04T15:47:30.365+0000][1][safepoint    ] Safepoint "Cleanup", Time since last: 1005249417 ns, Reaching safepoint: 1372334 ns, At safepoint: 40000 ns, Total: 1412334 ns
[2022-09-04T15:47:31.369+0000][1][safepoint    ] Safepoint "Cleanup", Time since last: 1002523750 ns, Reaching safepoint: 1463291 ns, At safepoint: 30000 ns, Total: 1493291 ns
[2022-09-04T15:47:32.373+0000][1][safepoint    ] Safepoint "Cleanup", Time since last: 1002533001 ns, Reaching safepoint: 1543250 ns, At safepoint: 43208 ns, Total: 1586458 ns
[2022-09-04T15:47:33.378+0000][1][safepoint    ] Safepoint "Cleanup", Time since last: 1004047751 ns, Reaching safepoint: 1416625 ns, At safepoint: 37541 ns, Total: 1454166 ns
[2022-09-04T15:47:34.384+0000][1][safepoint    ] Safepoint "Cleanup", Time since last: 1003690793 ns, Reaching safepoint: 1617666 ns, At safepoint: 48584 ns, Total: 1666250 ns
[2022-09-04T15:47:35.389+0000][1][safepoint    ] Safepoint "Cleanup", Time since last: 1004184125 ns, Reaching safepoint: 1053500 ns, At safepoint: 35792 ns, Total: 1089292 ns
[2022-09-04T15:47:36.392+0000][1][safepoint    ] Safepoint "Cleanup", Time since last: 1002478292 ns, Reaching safepoint: 840542 ns, At safepoint: 21666 ns, Total: 862208 ns
[2022-09-04T15:47:37.395+0000][1][safepoint    ] Safepoint "Cleanup", Time since last: 1002069792 ns, Reaching safepoint: 1021625 ns, At safepoint: 24834 ns, Total: 1046459 ns
[2022-09-04T15:47:38.399+0000][1][safepoint    ] Safepoint "Cleanup", Time since last: 1002946083 ns, Reaching safepoint: 1100334 ns, At safepoint: 46000 ns, Total: 1146334 ns
[2022-09-04T15:47:39.403+0000][1][safepoint    ] Safepoint "Cleanup", Time since last: 1002020834 ns, Reaching safepoint: 1698000 ns, At safepoint: 43208 ns, Total: 1741208 ns
[2022-09-04T15:47:40.408+0000][1][safepoint    ] Safepoint "Cleanup", Time since last: 1002069125 ns, Reaching safepoint: 2642750 ns, At safepoint: 69125 ns, Total: 2711875 ns
[2022-09-04T15:47:41.413+0000][1][safepoint    ] Safepoint "Cleanup", Time since last: 1004158293 ns, Reaching safepoint: 1092500 ns, At safepoint: 30791 ns, Total: 1123291 ns
[2022-09-04T15:47:42.420+0000][1][safepoint    ] Safepoint "Cleanup", Time since last: 1005042042 ns, Reaching safepoint: 1254667 ns, At safepoint: 30458 ns, Total: 1285125 ns
[2022-09-04T15:47:43.425+0000][1][safepoint    ] Safepoint "Cleanup", Time since last: 1003589834 ns, Reaching safepoint: 2107000 ns, At safepoint: 84542 ns, Total: 2191542 ns
[2022-09-04T15:47:44.431+0000][1][safepoint    ] Safepoint "Cleanup", Time since last: 1003799459 ns, Reaching safepoint: 1456458 ns, At safepoint: 62458 ns, Total: 1518916 ns
[2022-09-04T15:47:45.438+0000][1][safepoint    ] Safepoint "Cleanup", Time since last: 1003841792 ns, Reaching safepoint: 3033250 ns, At safepoint: 127792 ns, Total: 3161042 ns
[2022-09-04T15:47:46.446+0000][1][safepoint    ] Safepoint "Cleanup", Time since last: 1006259667 ns, Reaching safepoint: 1650084 ns, At safepoint: 79250 ns, Total: 1729334 ns
[2022-09-04T15:47:47.452+0000][1][safepoint    ] Safepoint "Cleanup", Time since last: 1002841708 ns, Reaching safepoint: 3523750 ns, At safepoint: 98917 ns, Total: 3622667 ns
[2022-09-04T15:47:48.458+0000][1][safepoint    ] Safepoint "Cleanup", Time since last: 1005003001 ns, Reaching safepoint: 1146333 ns, At safepoint: 48792 ns, Total: 1195125 ns
[2022-09-04T15:47:50.300+0000][1][safepoint    ] Safepoint "Cleanup", Time since last: 1839982917 ns, Reaching safepoint: 1617042 ns, At safepoint: 45375 ns, Total: 1662417 ns
[2022-09-04T15:47:51.305+0000][1][safepoint    ] Safepoint "Cleanup", Time since last: 1003356167 ns, Reaching safepoint: 1503625 ns, At safepoint: 56792 ns, Total: 1560417 ns
[2022-09-04T15:47:52.311+0000][1][safepoint    ] Safepoint "Cleanup", Time since last: 1003919167 ns, Reaching safepoint: 1600250 ns, At safepoint: 81625 ns, Total: 1681875 ns
[2022-09-04T15:47:53.315+0000][1][safepoint    ] Safepoint "Cleanup", Time since last: 1003396375 ns, Reaching safepoint: 1289375 ns, At safepoint: 39875 ns, Total: 1329250 ns
[2022-09-04T15:47:54.320+0000][1][safepoint    ] Safepoint "Cleanup", Time since last: 1002564042 ns, Reaching safepoint: 2256209 ns, At safepoint: 51000 ns, Total: 2307209 ns
[2022-09-04T15:47:55.326+0000][1][safepoint    ] Safepoint "Cleanup", Time since last: 1004761584 ns, Reaching safepoint: 1551416 ns, At safepoint: 39959 ns, Total: 1591375 ns
[2022-09-04T15:47:56.330+0000][1][safepoint    ] Safepoint "Cleanup", Time since last: 1002407583 ns, Reaching safepoint: 1399084 ns, At safepoint: 49125 ns, Total: 1448209 ns
[2022-09-04T15:47:57.334+0000][1][safepoint    ] Safepoint "Cleanup", Time since last: 1002771583 ns, Reaching safepoint: 1299917 ns, At safepoint: 40958 ns, Total: 1340875 ns
[2022-09-04T15:47:58.339+0000][1][safepoint    ] Safepoint "Cleanup", Time since last: 1003367168 ns, Reaching safepoint: 998083 ns, At safepoint: 23917 ns, Total: 1022000 ns
[2022-09-04T15:47:59.342+0000][1][safepoint    ] Safepoint "Cleanup", Time since last: 1001875083 ns, Reaching safepoint: 929792 ns, At safepoint: 23583 ns, Total: 953375 ns
[2022-09-04T15:48:00.345+0000][1][safepoint    ] Safepoint "Cleanup", Time since last: 1002561126 ns, Reaching safepoint: 792542 ns, At safepoint: 60916 ns, Total: 853458 ns
[2022-09-04T15:48:01.349+0000][1][safepoint    ] Safepoint "Cleanup", Time since last: 1003047291 ns, Reaching safepoint: 742459 ns, At safepoint: 23291 ns, Total: 765750 ns
[2022-09-04T15:48:02.353+0000][1][safepoint    ] Safepoint "Cleanup", Time since last: 1002703293 ns, Reaching safepoint: 980541 ns, At safepoint: 20167 ns, Total: 1000708 ns
[2022-09-04T15:48:03.356+0000][1][safepoint    ] Safepoint "Cleanup", Time since last: 1002414042 ns, Reaching safepoint: 1047750 ns, At safepoint: 20167 ns, Total: 1067917 ns
[2022-09-04T15:48:04.364+0000][1][safepoint    ] Safepoint "Cleanup", Time since last: 1006287417 ns, Reaching safepoint: 1612333 ns, At safepoint: 44500 ns, Total: 1656833 ns
[2022-09-04T15:48:05.368+0000][1][safepoint    ] Safepoint "Cleanup", Time since last: 1003045001 ns, Reaching safepoint: 1195458 ns, At safepoint: 30083 ns, Total: 1225541 ns
[2022-09-04T15:48:06.375+0000][1][safepoint    ] Safepoint "Cleanup", Time since last: 1004798001 ns, Reaching safepoint: 1452458 ns, At safepoint: 80583 ns, Total: 1533041 ns
[2022-09-04T15:48:07.379+0000][1][safepoint    ] Safepoint "Cleanup", Time since last: 1002817001 ns, Reaching safepoint: 1782958 ns, At safepoint: 51084 ns, Total: 1834042 ns
[2022-09-04T15:48:08.387+0000][1][safepoint    ] Safepoint "Cleanup", Time since last: 1006137417 ns, Reaching safepoint: 1381333 ns, At safepoint: 45083 ns, Total: 1426416 ns
[2022-09-04T15:48:09.394+0000][1][safepoint    ] Safepoint "Cleanup", Time since last: 1005656751 ns, Reaching safepoint: 1408625 ns, At safepoint: 36958 ns, Total: 1445583 ns
[2022-09-04T15:48:10.400+0000][1][safepoint    ] Safepoint "Cleanup", Time since last: 1005123959 ns, Reaching safepoint: 1038125 ns, At safepoint: 36875 ns, Total: 1075000 ns
[2022-09-04T15:48:11.410+0000][1][safepoint    ] Safepoint "Cleanup", Time since last: 1007420917 ns, Reaching safepoint: 2421625 ns, At safepoint: 219542 ns, Total: 2641167 ns
[2022-09-04T15:48:12.418+0000][1][safepoint    ] Safepoint "Cleanup", Time since last: 1006957209 ns, Reaching safepoint: 1164541 ns, At safepoint: 30250 ns, Total: 1194791 ns
[2022-09-04T15:48:13.423+0000][1][safepoint    ] Safepoint "Cleanup", Time since last: 1003192293 ns, Reaching safepoint: 1343333 ns, At safepoint: 28125 ns, Total: 1371458 ns
[2022-09-04T15:48:14.427+0000][1][safepoint    ] Safepoint "Cleanup", Time since last: 1002805209 ns, Reaching safepoint: 1068625 ns, At safepoint: 23208 ns, Total: 1091833 ns
[2022-09-04T15:48:15.431+0000][1][safepoint    ] Safepoint "Cleanup", Time since last: 1002630834 ns, Reaching safepoint: 1008625 ns, At safepoint: 22458 ns, Total: 1031083 ns
[2022-09-04T15:48:16.435+0000][1][safepoint    ] Safepoint "Cleanup", Time since last: 1002981792 ns, Reaching safepoint: 1197459 ns, At safepoint: 45083 ns, Total: 1242542 ns
[2022-09-04T15:48:17.441+0000][1][safepoint    ] Safepoint "Cleanup", Time since last: 1003635000 ns, Reaching safepoint: 2142625 ns, At safepoint: 77542 ns, Total: 2220167 ns
[2022-09-04T15:48:18.448+0000][1][safepoint    ] Safepoint "Cleanup", Time since last: 1004765876 ns, Reaching safepoint: 2201333 ns, At safepoint: 57125 ns, Total: 2258458 ns
[2022-09-04T15:48:20.324+0000][1][safepoint    ] Safepoint "Cleanup", Time since last: 1875321001 ns, Reaching safepoint: 1011875 ns, At safepoint: 24750 ns, Total: 1036625 ns
[2022-09-04T15:48:21.329+0000][1][safepoint    ] Safepoint "Cleanup", Time since last: 1002253084 ns, Reaching safepoint: 2334541 ns, At safepoint: 66500 ns, Total: 2401041 ns
[2022-09-04T15:48:22.335+0000][1][safepoint    ] Safepoint "Cleanup", Time since last: 1005486292 ns, Reaching safepoint: 815709 ns, At safepoint: 23958 ns, Total: 839667 ns
[2022-09-04T15:48:23.338+0000][1][safepoint    ] Safepoint "Cleanup", Time since last: 1002149542 ns, Reaching safepoint: 1107125 ns, At safepoint: 24709 ns, Total: 1131834 ns
[2022-09-04T15:48:24.343+0000][1][safepoint    ] Safepoint "Cleanup", Time since last: 1003086750 ns, Reaching safepoint: 1288875 ns, At safepoint: 34167 ns, Total: 1323042 ns
[2022-09-04T15:48:25.346+0000][1][safepoint    ] Safepoint "Cleanup", Time since last: 1002000167 ns, Reaching safepoint: 954750 ns, At safepoint: 23542 ns, Total: 978292 ns
[2022-09-04T15:48:26.350+0000][1][safepoint    ] Safepoint "Cleanup", Time since last: 1001800292 ns, Reaching safepoint: 2942041 ns, At safepoint: 28417 ns, Total: 2970458 ns
[2022-09-04T15:48:27.355+0000][1][safepoint    ] Safepoint "Cleanup", Time since last: 1001524042 ns, Reaching safepoint: 2801000 ns, At safepoint: 24750 ns, Total: 2825750 ns
[2022-09-04T15:48:28.358+0000][1][safepoint    ] Safepoint "Cleanup", Time since last: 1002593209 ns, Reaching safepoint: 805750 ns, At safepoint: 21750 ns, Total: 827500 ns
[2022-09-04T15:48:29.361+0000][1][safepoint    ] Safepoint "Cleanup", Time since last: 1001330042 ns, Reaching safepoint: 1506375 ns, At safepoint: 24833 ns, Total: 1531208 ns
[2022-09-04T15:48:30.365+0000][1][safepoint    ] Safepoint "Cleanup", Time since last: 1002770043 ns, Reaching safepoint: 993416 ns, At safepoint: 16334 ns, Total: 1009750 ns
[2022-09-04T15:48:31.382+0000][1][safepoint    ] Safepoint "Cleanup", Time since last: 1002201291 ns, Reaching safepoint: 10902584 ns, At safepoint: 425500 ns, Total: 11328084 ns
[2022-09-04T15:48:32.401+0000][1][safepoint    ] Safepoint "Cleanup", Time since last: 1021320625 ns, Reaching safepoint: 946500 ns, At safepoint: 90334 ns, Total: 1036834 ns
[2022-09-04T15:48:33.403+0000][1][safepoint    ] Safepoint "Cleanup", Time since last: 1001568958 ns, Reaching safepoint: 1120542 ns, At safepoint: 29125 ns, Total: 1149667 ns
[2022-09-04T15:48:34.406+0000][1][safepoint    ] Safepoint "Cleanup", Time since last: 1001392126 ns, Reaching safepoint: 873708 ns, At safepoint: 25792 ns, Total: 899500 ns
[2022-09-04T15:48:35.408+0000][1][safepoint    ] Safepoint "Cleanup", Time since last: 1001494000 ns, Reaching safepoint: 855292 ns, At safepoint: 136083 ns, Total: 991375 ns
[2022-09-04T15:48:36.045+0000][1][safepoint    ] Safepoint "RevokeBias", Time since last: 634119417 ns, Reaching safepoint: 1369042 ns, At safepoint: 1914791 ns, Total: 3283833 ns
[2022-09-04T15:48:36.809+0000][1][safepoint    ] Safepoint "RevokeBias", Time since last: 757924792 ns, Reaching safepoint: 4493709 ns, At safepoint: 833375 ns, Total: 5327084 ns
[2022-09-04T15:48:36.813+0000][1][safepoint    ] Safepoint "RevokeBias", Time since last: 3659125 ns, Reaching safepoint: 758541 ns, At safepoint: 83042 ns, Total: 841583 ns
[2022-09-04T15:48:36.829+0000][1][safepoint    ] Safepoint "RevokeBias", Time since last: 15469542 ns, Reaching safepoint: 563416 ns, At safepoint: 83584 ns, Total: 647000 ns
[2022-09-04T15:48:36.834+0000][1][safepoint    ] Safepoint "RevokeBias", Time since last: 3606541 ns, Reaching safepoint: 1433084 ns, At safepoint: 73958 ns, Total: 1507042 ns
[2022-09-04T15:48:36.844+0000][1][safepoint    ] Safepoint "BulkRevokeBias", Time since last: 2188083 ns, Reaching safepoint: 515500 ns, At safepoint: 7010667 ns, Total: 7526167 ns
[2022-09-04T15:48:37.294+0000][1][safepoint    ] Safepoint "RevokeBias", Time since last: 449045375 ns, Reaching safepoint: 688459 ns, At safepoint: 132458 ns, Total: 820917 ns
[2022-09-04T15:48:37.299+0000][1][safepoint    ] Safepoint "BulkRevokeBias", Time since last: 2388583 ns, Reaching safepoint: 350667 ns, At safepoint: 2159125 ns, Total: 2509792 ns
[2022-09-04T15:48:37.302+0000][1][safepoint    ] Safepoint "RevokeBias", Time since last: 2213708 ns, Reaching safepoint: 468625 ns, At safepoint: 72250 ns, Total: 540875 ns
[2022-09-04T15:48:37.312+0000][1][safepoint    ] Safepoint "RevokeBias", Time since last: 9529334 ns, Reaching safepoint: 984291 ns, At safepoint: 81542 ns, Total: 1065833 ns
[2022-09-04T15:48:37.396+0000][1][safepoint    ] Safepoint "RevokeBias", Time since last: 83356375 ns, Reaching safepoint: 766000 ns, At safepoint: 99625 ns, Total: 865625 ns
[2022-09-04T15:48:37.607+0000][1][safepoint    ] Safepoint "RevokeBias", Time since last: 208396583 ns, Reaching safepoint: 2315500 ns, At safepoint: 183084 ns, Total: 2498584 ns
[2022-09-04T15:48:37.637+0000][1][safepoint    ] Safepoint "RevokeBias", Time since last: 28993208 ns, Reaching safepoint: 771000 ns, At safepoint: 330000 ns, Total: 1101000 ns
[2022-09-04T15:48:37.641+0000][1][safepoint    ] Safepoint "RevokeBias", Time since last: 3025750 ns, Reaching safepoint: 600208 ns, At safepoint: 94250 ns, Total: 694458 ns
[2022-09-04T15:48:37.753+0000][1][safepoint    ] Safepoint "RevokeBias", Time since last: 110951209 ns, Reaching safepoint: 1125000 ns, At safepoint: 145500 ns, Total: 1270500 ns
[2022-09-04T15:48:38.760+0000][1][safepoint    ] Safepoint "Cleanup", Time since last: 1004954334 ns, Reaching safepoint: 1484500 ns, At safepoint: 63750 ns, Total: 1548250 ns
[2022-09-04T15:48:39.766+0000][1][safepoint    ] Safepoint "Cleanup", Time since last: 1004223542 ns, Reaching safepoint: 1977208 ns, At safepoint: 62625 ns, Total: 2039833 ns
[2022-09-04T15:48:40.772+0000][1][safepoint    ] Safepoint "Cleanup", Time since last: 1004617709 ns, Reaching safepoint: 1434833 ns, At safepoint: 38792 ns, Total: 1473625 ns
[2022-09-04T15:48:41.779+0000][1][safepoint    ] Safepoint "Cleanup", Time since last: 1003238375 ns, Reaching safepoint: 2869875 ns, At safepoint: 115750 ns, Total: 2985625 ns
[2022-09-04T15:48:42.788+0000][1][safepoint    ] Safepoint "Cleanup", Time since last: 1006641918 ns, Reaching safepoint: 3139375 ns, At safepoint: 81666 ns, Total: 3221041 ns
[2022-09-04T15:48:43.795+0000][1][safepoint    ] Safepoint "Cleanup", Time since last: 1004391042 ns, Reaching safepoint: 1909917 ns, At safepoint: 64292 ns, Total: 1974209 ns
[2022-09-04T15:48:44.800+0000][1][safepoint    ] Safepoint "Cleanup", Time since last: 1004406084 ns, Reaching safepoint: 755958 ns, At safepoint: 21833 ns, Total: 777791 ns
[2022-09-04T15:48:45.804+0000][1][safepoint    ] Safepoint "Cleanup", Time since last: 1002344834 ns, Reaching safepoint: 1784292 ns, At safepoint: 49041 ns, Total: 1833333 ns
[2022-09-04T15:48:46.221+0000][1][safepoint    ] Safepoint "RevokeBias", Time since last: 415548542 ns, Reaching safepoint: 980000 ns, At safepoint: 136542 ns, Total: 1116542 ns
[2022-09-04T15:48:46.226+0000][1][safepoint    ] Safepoint "RevokeBias", Time since last: 4240083 ns, Reaching safepoint: 753959 ns, At safepoint: 111750 ns, Total: 865709 ns
[2022-09-04T15:48:46.291+0000][1][safepoint    ] Safepoint "RevokeBias", Time since last: 64172458 ns, Reaching safepoint: 1056417 ns, At safepoint: 106125 ns, Total: 1162542 ns
[2022-09-04T15:48:46.302+0000][1][safepoint    ] Safepoint "RevokeBias", Time since last: 9430416 ns, Reaching safepoint: 831334 ns, At safepoint: 131166 ns, Total: 962500 ns
[2022-09-04T15:48:47.305+0000][1][safepoint    ] Safepoint "Cleanup", Time since last: 1002195126 ns, Reaching safepoint: 1578083 ns, At safepoint: 41333 ns, Total: 1619416 ns
[2022-09-04T15:48:48.310+0000][1][safepoint    ] Safepoint "Cleanup", Time since last: 1003864293 ns, Reaching safepoint: 984500 ns, At safepoint: 54041 ns, Total: 1038541 ns
[2022-09-04T15:48:49.313+0000][1][safepoint    ] Safepoint "Cleanup", Time since last: 1001879542 ns, Reaching safepoint: 872250 ns, At safepoint: 26625 ns, Total: 898875 ns
[2022-09-04T15:48:50.316+0000][1][safepoint    ] Safepoint "Cleanup", Time since last: 1001509292 ns, Reaching safepoint: 985917 ns, At safepoint: 40750 ns, Total: 1026667 ns
[2022-09-04T15:48:51.319+0000][1][safepoint    ] Safepoint "Cleanup", Time since last: 1001790042 ns, Reaching safepoint: 1322417 ns, At safepoint: 76875 ns, Total: 1399292 ns
[2022-09-04T15:48:52.322+0000][1][safepoint    ] Safepoint "Cleanup", Time since last: 1002583125 ns, Reaching safepoint: 806042 ns, At safepoint: 21792 ns, Total: 827834 ns
[2022-09-04T15:48:53.325+0000][1][safepoint    ] Safepoint "Cleanup", Time since last: 1001766584 ns, Reaching safepoint: 783708 ns, At safepoint: 24208 ns, Total: 807916 ns
[2022-09-04T15:48:54.328+0000][1][safepoint    ] Safepoint "Cleanup", Time since last: 1001999834 ns, Reaching safepoint: 1264333 ns, At safepoint: 33834 ns, Total: 1298167 ns
[2022-09-04T15:48:55.332+0000][1][safepoint    ] Safepoint "Cleanup", Time since last: 1002215292 ns, Reaching safepoint: 2000292 ns, At safepoint: 50666 ns, Total: 2050958 ns
[2022-09-04T15:48:56.337+0000][1][safepoint    ] Safepoint "Cleanup", Time since last: 1003054792 ns, Reaching safepoint: 1385042 ns, At safepoint: 35625 ns, Total: 1420667 ns
[2022-09-04T15:48:57.342+0000][1][safepoint    ] Safepoint "Cleanup", Time since last: 1003311375 ns, Reaching safepoint: 1922000 ns, At safepoint: 43125 ns, Total: 1965125 ns
[2022-09-04T15:48:58.345+0000][1][safepoint    ] Safepoint "Cleanup", Time since last: 1002005584 ns, Reaching safepoint: 1198625 ns, At safepoint: 29000 ns, Total: 1227625 ns
[2022-09-04T15:48:59.349+0000][1][safepoint    ] Safepoint "Cleanup", Time since last: 1001975376 ns, Reaching safepoint: 1193583 ns, At safepoint: 35500 ns, Total: 1229083 ns
[2022-09-04T15:49:00.352+0000][1][safepoint    ] Safepoint "Cleanup", Time since last: 1002413834 ns, Reaching safepoint: 1025833 ns, At safepoint: 24417 ns, Total: 1050250 ns
[2022-09-04T15:49:01.356+0000][1][safepoint    ] Safepoint "Cleanup", Time since last: 1002882208 ns, Reaching safepoint: 962458 ns, At safepoint: 23792 ns, Total: 986250 ns
[2022-09-04T15:49:02.360+0000][1][safepoint    ] Safepoint "Cleanup", Time since last: 1002212917 ns, Reaching safepoint: 1092167 ns, At safepoint: 26541 ns, Total: 1118708 ns
[2022-09-04T15:49:03.363+0000][1][safepoint    ] Safepoint "Cleanup", Time since last: 1001956417 ns, Reaching safepoint: 1138709 ns, At safepoint: 23208 ns, Total: 1161917 ns
[2022-09-04T15:49:04.398+0000][1][safepoint    ] Safepoint "Cleanup", Time since last: 1034133876 ns, Reaching safepoint: 806333 ns, At safepoint: 26958 ns, Total: 833291 ns
[2022-09-04T15:49:05.401+0000][1][safepoint    ] Safepoint "Cleanup", Time since last: 1002428084 ns, Reaching safepoint: 1101958 ns, At safepoint: 31625 ns, Total: 1133583 ns
[2022-09-04T15:49:06.406+0000][1][safepoint    ] Safepoint "Cleanup", Time since last: 1003287459 ns, Reaching safepoint: 1117250 ns, At safepoint: 26792 ns, Total: 1144042 ns
[2022-09-04T15:49:07.409+0000][1][safepoint    ] Safepoint "Cleanup", Time since last: 1002346334 ns, Reaching safepoint: 1202500 ns, At safepoint: 27750 ns, Total: 1230250 ns
[2022-09-04T15:49:08.413+0000][1][safepoint    ] Safepoint "Cleanup", Time since last: 1002985208 ns, Reaching safepoint: 894292 ns, At safepoint: 32458 ns, Total: 926750 ns
[2022-09-04T15:49:09.417+0000][1][safepoint    ] Safepoint "Cleanup", Time since last: 1002113543 ns, Reaching safepoint: 1437125 ns, At safepoint: 37083 ns, Total: 1474208 ns
[2022-09-04T15:49:10.421+0000][1][safepoint    ] Safepoint "Cleanup", Time since last: 1002500167 ns, Reaching safepoint: 1254625 ns, At safepoint: 35083 ns, Total: 1289708 ns
[2022-09-04T15:49:11.426+0000][1][safepoint    ] Safepoint "Cleanup", Time since last: 1002988584 ns, Reaching safepoint: 2713209 ns, At safepoint: 110666 ns, Total: 2823875 ns
[2022-09-04T15:49:12.432+0000][1][safepoint    ] Safepoint "Cleanup", Time since last: 1004388626 ns, Reaching safepoint: 835791 ns, At safepoint: 30084 ns, Total: 865875 ns
[2022-09-04T15:49:13.435+0000][1][safepoint    ] Safepoint "Cleanup", Time since last: 1002368792 ns, Reaching safepoint: 799708 ns, At safepoint: 23209 ns, Total: 822917 ns
[2022-09-04T15:49:14.439+0000][1][safepoint    ] Safepoint "Cleanup", Time since last: 1003111375 ns, Reaching safepoint: 980958 ns, At safepoint: 22542 ns, Total: 1003500 ns
[2022-09-04T15:49:15.442+0000][1][safepoint    ] Safepoint "Cleanup", Time since last: 1001925250 ns, Reaching safepoint: 1091417 ns, At safepoint: 30458 ns, Total: 1121875 ns
[2022-09-04T15:49:16.445+0000][1][safepoint    ] Safepoint "Cleanup", Time since last: 1002382209 ns, Reaching safepoint: 822667 ns, At safepoint: 22833 ns, Total: 845500 ns
[2022-09-04T15:49:17.449+0000][1][safepoint    ] Safepoint "Cleanup", Time since last: 1001519084 ns, Reaching safepoint: 2452958 ns, At safepoint: 69084 ns, Total: 2522042 ns
[2022-09-04T15:49:18.457+0000][1][safepoint    ] Safepoint "Cleanup", Time since last: 1006684084 ns, Reaching safepoint: 969041 ns, At safepoint: 27500 ns, Total: 996541 ns
[2022-09-04T15:49:19.460+0000][1][safepoint    ] Safepoint "Cleanup", Time since last: 1002102542 ns, Reaching safepoint: 1000625 ns, At safepoint: 28084 ns, Total: 1028709 ns
[2022-09-04T15:49:20.463+0000][1][safepoint    ] Safepoint "Cleanup", Time since last: 1002422334 ns, Reaching safepoint: 911875 ns, At safepoint: 32500 ns, Total: 944375 ns
[2022-09-04T15:49:21.472+0000][1][safepoint    ] Safepoint "Cleanup", Time since last: 1004706875 ns, Reaching safepoint: 3301417 ns, At safepoint: 108166 ns, Total: 3409583 ns
[2022-09-04T15:49:22.480+0000][1][safepoint    ] Safepoint "Cleanup", Time since last: 1006989584 ns, Reaching safepoint: 894750 ns, At safepoint: 27584 ns, Total: 922334 ns
[2022-09-04T15:49:23.484+0000][1][safepoint    ] Safepoint "Cleanup", Time since last: 1003739417 ns, Reaching safepoint: 984916 ns, At safepoint: 21625 ns, Total: 1006541 ns
[2022-09-04T15:49:24.493+0000][1][safepoint    ] Safepoint "Cleanup", Time since last: 1007120959 ns, Reaching safepoint: 1373417 ns, At safepoint: 29291 ns, Total: 1402708 ns
[2022-09-04T15:49:25.498+0000][1][safepoint    ] Safepoint "Cleanup", Time since last: 1002743584 ns, Reaching safepoint: 2780834 ns, At safepoint: 130625 ns, Total: 2911459 ns
[2022-09-04T15:49:26.509+0000][1][safepoint    ] Safepoint "Cleanup", Time since last: 1009320958 ns, Reaching safepoint: 831625 ns, At safepoint: 20667 ns, Total: 852292 ns
[2022-09-04T15:49:27.512+0000][1][safepoint    ] Safepoint "Cleanup", Time since last: 1002141417 ns, Reaching safepoint: 958084 ns, At safepoint: 30916 ns, Total: 989000 ns
[2022-09-04T15:49:27.787+0000][1][safepoint    ] Safepoint "RevokeBias", Time since last: 274361542 ns, Reaching safepoint: 928833 ns, At safepoint: 182084 ns, Total: 1110917 ns
[2022-09-04T15:49:27.797+0000][1][safepoint    ] Safepoint "RevokeBias", Time since last: 9030500 ns, Reaching safepoint: 580500 ns, At safepoint: 122958 ns, Total: 703458 ns
[2022-09-04T15:49:28.801+0000][1][safepoint    ] Safepoint "Cleanup", Time since last: 1002805167 ns, Reaching safepoint: 859625 ns, At safepoint: 21584 ns, Total: 881209 ns
[2022-09-04T15:49:29.805+0000][1][safepoint    ] Safepoint "Cleanup", Time since last: 1003029167 ns, Reaching safepoint: 1465875 ns, At safepoint: 33125 ns, Total: 1499000 ns
[2022-09-04T15:49:30.808+0000][1][safepoint    ] Safepoint "Cleanup", Time since last: 1002077500 ns, Reaching safepoint: 1069708 ns, At safepoint: 31292 ns, Total: 1101000 ns
[2022-09-04T15:49:31.813+0000][1][safepoint    ] Safepoint "Cleanup", Time since last: 1002429708 ns, Reaching safepoint: 2336834 ns, At safepoint: 95875 ns, Total: 2432709 ns
[2022-09-04T15:49:32.817+0000][1][safepoint    ] Safepoint "Cleanup", Time since last: 1003720417 ns, Reaching safepoint: 800166 ns, At safepoint: 21750 ns, Total: 821916 ns
[2022-09-04T15:49:33.820+0000][1][safepoint    ] Safepoint "Cleanup", Time since last: 1001900918 ns, Reaching safepoint: 995958 ns, At safepoint: 23042 ns, Total: 1019000 ns
[2022-09-04T15:49:34.823+0000][1][safepoint    ] Safepoint "Cleanup", Time since last: 1001854958 ns, Reaching safepoint: 841834 ns, At safepoint: 20958 ns, Total: 862792 ns
[2022-09-04T15:49:35.826+0000][1][safepoint    ] Safepoint "Cleanup", Time since last: 1001740084 ns, Reaching safepoint: 1483208 ns, At safepoint: 43792 ns, Total: 1527000 ns
[2022-09-04T15:49:36.833+0000][1][safepoint    ] Safepoint "Cleanup", Time since last: 1004286875 ns, Reaching safepoint: 2392917 ns, At safepoint: 234125 ns, Total: 2627042 ns
[2022-09-04T15:49:37.837+0000][1][safepoint    ] Safepoint "Cleanup", Time since last: 1002668042 ns, Reaching safepoint: 1402042 ns, At safepoint: 27250 ns, Total: 1429292 ns
[2022-09-04T15:49:38.840+0000][1][safepoint    ] Safepoint "Cleanup", Time since last: 1002225459 ns, Reaching safepoint: 799958 ns, At safepoint: 21875 ns, Total: 821833 ns
[2022-09-04T15:49:39.848+0000][1][safepoint    ] Safepoint "Cleanup", Time since last: 1006991417 ns, Reaching safepoint: 906375 ns, At safepoint: 44750 ns, Total: 951125 ns
[2022-09-04T15:49:40.851+0000][1][safepoint    ] Safepoint "Cleanup", Time since last: 1001592792 ns, Reaching safepoint: 855875 ns, At safepoint: 22334 ns, Total: 878209 ns
[2022-09-04T15:49:41.853+0000][1][safepoint    ] Safepoint "Cleanup", Time since last: 1001546417 ns, Reaching safepoint: 1150583 ns, At safepoint: 29708 ns, Total: 1180291 ns
[2022-09-04T15:49:42.857+0000][1][safepoint    ] Safepoint "Cleanup", Time since last: 1002304376 ns, Reaching safepoint: 856417 ns, At safepoint: 22125 ns, Total: 878542 ns
[2022-09-04T15:49:43.859+0000][1][safepoint    ] Safepoint "Cleanup", Time since last: 1001679875 ns, Reaching safepoint: 892917 ns, At safepoint: 25041 ns, Total: 917958 ns
[2022-09-04T15:49:44.862+0000][1][safepoint    ] Safepoint "Cleanup", Time since last: 1001824876 ns, Reaching safepoint: 812125 ns, At safepoint: 47750 ns, Total: 859875 ns
[2022-09-04T15:49:45.866+0000][1][safepoint    ] Safepoint "Cleanup", Time since last: 1002316667 ns, Reaching safepoint: 1184667 ns, At safepoint: 94458 ns, Total: 1279125 ns
[2022-09-04T15:49:46.872+0000][1][safepoint    ] Safepoint "Cleanup", Time since last: 1005246167 ns, Reaching safepoint: 1158667 ns, At safepoint: 27958 ns, Total: 1186625 ns
[2022-09-04T15:49:47.876+0000][1][safepoint    ] Safepoint "Cleanup", Time since last: 1001922334 ns, Reaching safepoint: 1615583 ns, At safepoint: 35209 ns, Total: 1650792 ns
[2022-09-04T15:49:48.880+0000][1][safepoint    ] Safepoint "Cleanup", Time since last: 1003266917 ns, Reaching safepoint: 1098500 ns, At safepoint: 31250 ns, Total: 1129750 ns
[2022-09-04T15:49:49.884+0000][1][safepoint    ] Safepoint "Cleanup", Time since last: 1003318167 ns, Reaching safepoint: 856833 ns, At safepoint: 24500 ns, Total: 881333 ns
[2022-09-04T15:49:50.890+0000][1][safepoint    ] Safepoint "Cleanup", Time since last: 1004811167 ns, Reaching safepoint: 843084 ns, At safepoint: 24750 ns, Total: 867834 ns
[2022-09-04T15:49:51.893+0000][1][safepoint    ] Safepoint "Cleanup", Time since last: 1002419250 ns, Reaching safepoint: 749209 ns, At safepoint: 22458 ns, Total: 771667 ns
[2022-09-04T15:49:52.895+0000][1][safepoint    ] Safepoint "Cleanup", Time since last: 1001470084 ns, Reaching safepoint: 791083 ns, At safepoint: 19667 ns, Total: 810750 ns
[2022-09-04T15:49:53.900+0000][1][safepoint    ] Safepoint "Cleanup", Time since last: 1003071750 ns, Reaching safepoint: 1463084 ns, At safepoint: 36375 ns, Total: 1499459 ns
[2022-09-04T15:49:54.905+0000][1][safepoint    ] Safepoint "Cleanup", Time since last: 1004218292 ns, Reaching safepoint: 986333 ns, At safepoint: 21833 ns, Total: 1008166 ns
[2022-09-04T15:49:55.909+0000][1][safepoint    ] Safepoint "Cleanup", Time since last: 1002449376 ns, Reaching safepoint: 1887333 ns, At safepoint: 73458 ns, Total: 1960791 ns
[2022-09-04T15:49:56.917+0000][1][safepoint    ] Safepoint "Cleanup", Time since last: 1004653459 ns, Reaching safepoint: 2844000 ns, At safepoint: 189584 ns, Total: 3033584 ns
[2022-09-04T15:49:57.925+0000][1][safepoint    ] Safepoint "Cleanup", Time since last: 1007327583 ns, Reaching safepoint: 931084 ns, At safepoint: 42833 ns, Total: 973917 ns
[2022-09-04T15:49:58.931+0000][1][safepoint    ] Safepoint "Cleanup", Time since last: 1002439709 ns, Reaching safepoint: 2540458 ns, At safepoint: 74709 ns, Total: 2615167 ns
[2022-09-04T15:49:59.938+0000][1][safepoint    ] Safepoint "Cleanup", Time since last: 1006565083 ns, Reaching safepoint: 1188542 ns, At safepoint: 41583 ns, Total: 1230125 ns
[2022-09-04T15:50:00.942+0000][1][safepoint    ] Safepoint "Cleanup", Time since last: 1002394000 ns, Reaching safepoint: 1139667 ns, At safepoint: 30041 ns, Total: 1169708 ns
[2022-09-04T15:50:01.946+0000][1][safepoint    ] Safepoint "Cleanup", Time since last: 1002809334 ns, Reaching safepoint: 1428458 ns, At safepoint: 34584 ns, Total: 1463042 ns
[2022-09-04T15:50:02.949+0000][1][safepoint    ] Safepoint "Cleanup", Time since last: 1002399917 ns, Reaching safepoint: 947000 ns, At safepoint: 25750 ns, Total: 972750 ns
[2022-09-04T15:50:04.443+0000][1][safepoint    ] Safepoint "Cleanup", Time since last: 1492299292 ns, Reaching safepoint: 1046917 ns, At safepoint: 28000 ns, Total: 1074917 ns
[2022-09-04T15:50:05.446+0000][1][safepoint    ] Safepoint "Cleanup", Time since last: 1001746834 ns, Reaching safepoint: 1103791 ns, At safepoint: 28084 ns, Total: 1131875 ns
[2022-09-04T15:50:06.450+0000][1][safepoint    ] Safepoint "Cleanup", Time since last: 1002812125 ns, Reaching safepoint: 1518042 ns, At safepoint: 43875 ns, Total: 1561917 ns
[2022-09-04T15:50:07.456+0000][1][safepoint    ] Safepoint "Cleanup", Time since last: 1004446084 ns, Reaching safepoint: 1567083 ns, At safepoint: 44292 ns, Total: 1611375 ns
[2022-09-04T15:50:08.461+0000][1][safepoint    ] Safepoint "Cleanup", Time since last: 1003391292 ns, Reaching safepoint: 1248125 ns, At safepoint: 32125 ns, Total: 1280250 ns
[2022-09-04T15:50:09.466+0000][1][safepoint    ] Safepoint "Cleanup", Time since last: 1002982292 ns, Reaching safepoint: 1771750 ns, At safepoint: 106875 ns, Total: 1878625 ns
[2022-09-04T15:50:10.473+0000][1][safepoint    ] Safepoint "Cleanup", Time since last: 1006360000 ns, Reaching safepoint: 1218209 ns, At safepoint: 30625 ns, Total: 1248834 ns
[2022-09-04T15:50:11.481+0000][1][safepoint    ] Safepoint "Cleanup", Time since last: 1003006125 ns, Reaching safepoint: 4286750 ns, At safepoint: 94542 ns, Total: 4381292 ns
[2022-09-04T15:50:12.488+0000][1][safepoint    ] Safepoint "Cleanup", Time since last: 1004198500 ns, Reaching safepoint: 3267667 ns, At safepoint: 89667 ns, Total: 3357334 ns
[2022-09-04T15:50:13.500+0000][1][safepoint    ] Safepoint "Cleanup", Time since last: 1009923334 ns, Reaching safepoint: 2384000 ns, At safepoint: 68250 ns, Total: 2452250 ns
[2022-09-04T15:50:14.510+0000][1][safepoint    ] Safepoint "Cleanup", Time since last: 1008144500 ns, Reaching safepoint: 1157958 ns, At safepoint: 52625 ns, Total: 1210583 ns
[2022-09-04T15:50:15.517+0000][1][safepoint    ] Safepoint "Cleanup", Time since last: 1004202209 ns, Reaching safepoint: 2698209 ns, At safepoint: 61791 ns, Total: 2760000 ns
[2022-09-04T15:50:16.523+0000][1][safepoint    ] Safepoint "Cleanup", Time since last: 1005884167 ns, Reaching safepoint: 813334 ns, At safepoint: 22541 ns, Total: 835875 ns
[2022-09-04T15:50:17.530+0000][1][safepoint    ] Safepoint "Cleanup", Time since last: 1005027959 ns, Reaching safepoint: 1132708 ns, At safepoint: 27084 ns, Total: 1159792 ns
[2022-09-04T15:50:18.539+0000][1][safepoint    ] Safepoint "Cleanup", Time since last: 1006440584 ns, Reaching safepoint: 2471166 ns, At safepoint: 71500 ns, Total: 2542666 ns
[2022-09-04T15:50:19.550+0000][1][safepoint    ] Safepoint "Cleanup", Time since last: 1007602792 ns, Reaching safepoint: 3602209 ns, At safepoint: 106166 ns, Total: 3708375 ns
[2022-09-04T15:50:20.705+0000][1][safepoint    ] Safepoint "Cleanup", Time since last: 1152449126 ns, Reaching safepoint: 2525875 ns, At safepoint: 78292 ns, Total: 2604167 ns
[2022-09-04T15:50:21.712+0000][1][safepoint    ] Safepoint "Cleanup", Time since last: 1003389167 ns, Reaching safepoint: 3127625 ns, At safepoint: 92541 ns, Total: 3220166 ns
[2022-09-04T15:50:22.718+0000][1][safepoint    ] Safepoint "Cleanup", Time since last: 1003713209 ns, Reaching safepoint: 2387334 ns, At safepoint: 76625 ns, Total: 2463959 ns
[2022-09-04T15:50:23.728+0000][1][safepoint    ] Safepoint "Cleanup", Time since last: 1006891250 ns, Reaching safepoint: 3614417 ns, At safepoint: 95583 ns, Total: 3710000 ns
[2022-09-04T15:50:24.737+0000][1][safepoint    ] Safepoint "Cleanup", Time since last: 1006153792 ns, Reaching safepoint: 2816667 ns, At safepoint: 86333 ns, Total: 2903000 ns
[2022-09-04T15:50:25.745+0000][1][safepoint    ] Safepoint "Cleanup", Time since last: 1004444126 ns, Reaching safepoint: 2985000 ns, At safepoint: 153583 ns, Total: 3138583 ns
[2022-09-04T15:50:26.752+0000][1][safepoint    ] Safepoint "Cleanup", Time since last: 1004121876 ns, Reaching safepoint: 2872416 ns, At safepoint: 79167 ns, Total: 2951583 ns
[2022-09-04T15:50:27.758+0000][1][safepoint    ] Safepoint "Cleanup", Time since last: 1004689834 ns, Reaching safepoint: 1063416 ns, At safepoint: 27334 ns, Total: 1090750 ns
[2022-09-04T15:50:28.766+0000][1][safepoint    ] Safepoint "Cleanup", Time since last: 1003829250 ns, Reaching safepoint: 3904042 ns, At safepoint: 102083 ns, Total: 4006125 ns
[2022-09-04T15:50:29.775+0000][1][safepoint    ] Safepoint "Cleanup", Time since last: 1005784209 ns, Reaching safepoint: 3142833 ns, At safepoint: 85125 ns, Total: 3227958 ns
[2022-09-04T15:50:30.784+0000][1][safepoint    ] Safepoint "Cleanup", Time since last: 1005558334 ns, Reaching safepoint: 3391833 ns, At safepoint: 176167 ns, Total: 3568000 ns
[2022-09-04T15:50:31.794+0000][1][safepoint    ] Safepoint "Cleanup", Time since last: 1006304917 ns, Reaching safepoint: 3432250 ns, At safepoint: 137042 ns, Total: 3569292 ns
[2022-09-04T15:50:32.802+0000][1][safepoint    ] Safepoint "Cleanup", Time since last: 1005674625 ns, Reaching safepoint: 2338792 ns, At safepoint: 83583 ns, Total: 2422375 ns
[2022-09-04T15:50:33.810+0000][1][safepoint    ] Safepoint "Cleanup", Time since last: 1006380792 ns, Reaching safepoint: 1178459 ns, At safepoint: 31750 ns, Total: 1210209 ns
[2022-09-04T15:50:34.813+0000][1][safepoint    ] Safepoint "Cleanup", Time since last: 1002409208 ns, Reaching safepoint: 1103917 ns, At safepoint: 27125 ns, Total: 1131042 ns
[2022-09-04T15:50:35.817+0000][1][safepoint    ] Safepoint "Cleanup", Time since last: 1002232042 ns, Reaching safepoint: 1394375 ns, At safepoint: 41625 ns, Total: 1436000 ns
[2022-09-04T15:50:36.822+0000][1][safepoint    ] Safepoint "Cleanup", Time since last: 1003022834 ns, Reaching safepoint: 1825125 ns, At safepoint: 52792 ns, Total: 1877917 ns
[2022-09-04T15:50:37.830+0000][1][safepoint    ] Safepoint "Cleanup", Time since last: 1005007334 ns, Reaching safepoint: 2598208 ns, At safepoint: 71542 ns, Total: 2669750 ns
[2022-09-04T15:50:38.835+0000][1][safepoint    ] Safepoint "Cleanup", Time since last: 1004717917 ns, Reaching safepoint: 1204458 ns, At safepoint: 29083 ns, Total: 1233541 ns
[2022-09-04T15:50:39.840+0000][1][safepoint    ] Safepoint "Cleanup", Time since last: 1002364001 ns, Reaching safepoint: 1678166 ns, At safepoint: 41125 ns, Total: 1719291 ns
[2022-09-04T15:50:40.845+0000][1][safepoint    ] Safepoint "Cleanup", Time since last: 1004504001 ns, Reaching safepoint: 913458 ns, At safepoint: 22000 ns, Total: 935458 ns
[2022-09-04T15:50:41.849+0000][1][safepoint    ] Safepoint "Cleanup", Time since last: 1002129917 ns, Reaching safepoint: 1564209 ns, At safepoint: 35750 ns, Total: 1599959 ns
[2022-09-04T15:50:42.853+0000][1][safepoint    ] Safepoint "Cleanup", Time since last: 1002770000 ns, Reaching safepoint: 1203625 ns, At safepoint: 29125 ns, Total: 1232750 ns
[2022-09-04T15:50:43.858+0000][1][safepoint    ] Safepoint "Cleanup", Time since last: 1003021876 ns, Reaching safepoint: 1815083 ns, At safepoint: 46125 ns, Total: 1861208 ns
[2022-09-04T15:50:44.863+0000][1][safepoint    ] Safepoint "Cleanup", Time since last: 1004483876 ns, Reaching safepoint: 1071458 ns, At safepoint: 36625 ns, Total: 1108083 ns
[2022-09-04T15:50:45.867+0000][1][safepoint    ] Safepoint "Cleanup", Time since last: 1001766959 ns, Reaching safepoint: 1651791 ns, At safepoint: 50959 ns, Total: 1702750 ns
[2022-09-04T15:50:46.872+0000][1][safepoint    ] Safepoint "Cleanup", Time since last: 1002700042 ns, Reaching safepoint: 2471208 ns, At safepoint: 62083 ns, Total: 2533291 ns
[2022-09-04T15:50:47.880+0000][1][safepoint    ] Safepoint "Cleanup", Time since last: 1005483209 ns, Reaching safepoint: 2501250 ns, At safepoint: 74584 ns, Total: 2575834 ns
[2022-09-04T15:50:48.887+0000][1][safepoint    ] Safepoint "Cleanup", Time since last: 1005208375 ns, Reaching safepoint: 1695833 ns, At safepoint: 46459 ns, Total: 1742292 ns
[2022-09-04T15:50:49.892+0000][1][safepoint    ] Safepoint "Cleanup", Time since last: 1004322500 ns, Reaching safepoint: 952084 ns, At safepoint: 21958 ns, Total: 974042 ns
[2022-09-04T15:50:50.896+0000][1][safepoint    ] Safepoint "Cleanup", Time since last: 1001372667 ns, Reaching safepoint: 2722958 ns, At safepoint: 72625 ns, Total: 2795583 ns
[2022-09-04T15:50:51.903+0000][1][safepoint    ] Safepoint "Cleanup", Time since last: 1005294084 ns, Reaching safepoint: 971459 ns, At safepoint: 25166 ns, Total: 996625 ns
[2022-09-04T15:50:52.906+0000][1][safepoint    ] Safepoint "Cleanup", Time since last: 1002612334 ns, Reaching safepoint: 1039250 ns, At safepoint: 23792 ns, Total: 1063042 ns
[2022-09-04T15:50:53.909+0000][1][safepoint    ] Safepoint "Cleanup", Time since last: 1002078459 ns, Reaching safepoint: 862083 ns, At safepoint: 26000 ns, Total: 888083 ns
[2022-09-04T15:50:54.914+0000][1][safepoint    ] Safepoint "Cleanup", Time since last: 1003126875 ns, Reaching safepoint: 1092209 ns, At safepoint: 26625 ns, Total: 1118834 ns
[2022-09-04T15:50:56.214+0000][1][safepoint    ] Safepoint "Cleanup", Time since last: 1298107042 ns, Reaching safepoint: 1818292 ns, At safepoint: 55291 ns, Total: 1873583 ns
[2022-09-04T15:50:57.217+0000][1][safepoint    ] Safepoint "Cleanup", Time since last: 1002359751 ns, Reaching safepoint: 1210750 ns, At safepoint: 70208 ns, Total: 1280958 ns
[2022-09-04T15:50:58.223+0000][1][safepoint    ] Safepoint "Cleanup", Time since last: 1005324292 ns, Reaching safepoint: 793709 ns, At safepoint: 22833 ns, Total: 816542 ns
[2022-09-04T15:50:59.227+0000][1][safepoint    ] Safepoint "Cleanup", Time since last: 1002802084 ns, Reaching safepoint: 819541 ns, At safepoint: 25834 ns, Total: 845375 ns
[2022-09-04T15:51:00.231+0000][1][safepoint    ] Safepoint "Cleanup", Time since last: 1002912500 ns, Reaching safepoint: 973125 ns, At safepoint: 33500 ns, Total: 1006625 ns
[2022-09-04T15:51:01.237+0000][1][safepoint    ] Safepoint "Cleanup", Time since last: 1005467208 ns, Reaching safepoint: 1143792 ns, At safepoint: 46291 ns, Total: 1190083 ns
[2022-09-04T15:51:02.242+0000][1][safepoint    ] Safepoint "Cleanup", Time since last: 1003625001 ns, Reaching safepoint: 1076250 ns, At safepoint: 33000 ns, Total: 1109250 ns
[2022-09-04T15:51:03.246+0000][1][safepoint    ] Safepoint "Cleanup", Time since last: 1002555042 ns, Reaching safepoint: 984250 ns, At safepoint: 35750 ns, Total: 1020000 ns
[2022-09-04T15:51:04.250+0000][1][safepoint    ] Safepoint "Cleanup", Time since last: 1003324459 ns, Reaching safepoint: 1307250 ns, At safepoint: 35083 ns, Total: 1342333 ns
[2022-09-04T15:51:05.254+0000][1][safepoint    ] Safepoint "Cleanup", Time since last: 1003233209 ns, Reaching safepoint: 728292 ns, At safepoint: 23708 ns, Total: 752000 ns
[2022-09-04T15:51:06.258+0000][1][safepoint    ] Safepoint "Cleanup", Time since last: 1002031292 ns, Reaching safepoint: 1071917 ns, At safepoint: 27708 ns, Total: 1099625 ns
[2022-09-04T15:51:07.262+0000][1][safepoint    ] Safepoint "Cleanup", Time since last: 1003050334 ns, Reaching safepoint: 1455042 ns, At safepoint: 58375 ns, Total: 1513417 ns
[2022-09-04T15:51:08.266+0000][1][safepoint    ] Safepoint "Cleanup", Time since last: 1002636917 ns, Reaching safepoint: 756708 ns, At safepoint: 24042 ns, Total: 780750 ns
[2022-09-04T15:51:09.269+0000][1][safepoint    ] Safepoint "Cleanup", Time since last: 1001966875 ns, Reaching safepoint: 1321875 ns, At safepoint: 37292 ns, Total: 1359167 ns
[2022-09-04T15:51:10.273+0000][1][safepoint    ] Safepoint "Cleanup", Time since last: 1002491125 ns, Reaching safepoint: 1151709 ns, At safepoint: 33333 ns, Total: 1185042 ns
[2022-09-04T15:51:11.276+0000][1][safepoint    ] Safepoint "Cleanup", Time since last: 1002049959 ns, Reaching safepoint: 1214333 ns, At safepoint: 30667 ns, Total: 1245000 ns
[2022-09-04T15:51:12.281+0000][1][safepoint    ] Safepoint "Cleanup", Time since last: 1003276417 ns, Reaching safepoint: 2271333 ns, At safepoint: 69417 ns, Total: 2340750 ns
[2022-09-04T15:51:13.287+0000][1][safepoint    ] Safepoint "Cleanup", Time since last: 1005247709 ns, Reaching safepoint: 736333 ns, At safepoint: 21542 ns, Total: 757875 ns
[2022-09-04T15:51:14.293+0000][1][safepoint    ] Safepoint "Cleanup", Time since last: 1004110209 ns, Reaching safepoint: 1269166 ns, At safepoint: 36459 ns, Total: 1305625 ns
[2022-09-04T15:51:15.296+0000][1][safepoint    ] Safepoint "Cleanup", Time since last: 1002800625 ns, Reaching safepoint: 737208 ns, At safepoint: 20292 ns, Total: 757500 ns
[2022-09-04T15:51:16.299+0000][1][safepoint    ] Safepoint "Cleanup", Time since last: 1002000501 ns, Reaching safepoint: 869666 ns, At safepoint: 23084 ns, Total: 892750 ns
[2022-09-04T15:51:17.302+0000][1][safepoint    ] Safepoint "Cleanup", Time since last: 1001577042 ns, Reaching safepoint: 776208 ns, At safepoint: 21500 ns, Total: 797708 ns
[2022-09-04T15:51:18.305+0000][1][safepoint    ] Safepoint "Cleanup", Time since last: 1002729834 ns, Reaching safepoint: 803083 ns, At safepoint: 23792 ns, Total: 826875 ns
[2022-09-04T15:51:19.311+0000][1][safepoint    ] Safepoint "Cleanup", Time since last: 1005028792 ns, Reaching safepoint: 1126042 ns, At safepoint: 29833 ns, Total: 1155875 ns
[2022-09-04T15:51:20.314+0000][1][safepoint    ] Safepoint "Cleanup", Time since last: 1002087209 ns, Reaching safepoint: 901375 ns, At safepoint: 20916 ns, Total: 922291 ns
[2022-09-04T15:51:21.318+0000][1][safepoint    ] Safepoint "Cleanup", Time since last: 1002373209 ns, Reaching safepoint: 965792 ns, At safepoint: 30208 ns, Total: 996000 ns
[2022-09-04T15:51:22.323+0000][1][safepoint    ] Safepoint "Cleanup", Time since last: 1002868959 ns, Reaching safepoint: 1831125 ns, At safepoint: 47583 ns, Total: 1878708 ns
[2022-09-04T15:51:23.328+0000][1][safepoint    ] Safepoint "Cleanup", Time since last: 1004090876 ns, Reaching safepoint: 847958 ns, At safepoint: 23125 ns, Total: 871083 ns
[2022-09-04T15:51:24.330+0000][1][safepoint    ] Safepoint "Cleanup", Time since last: 1001673251 ns, Reaching safepoint: 846083 ns, At safepoint: 21167 ns, Total: 867250 ns
[2022-09-04T15:51:25.332+0000][1][safepoint    ] Safepoint "Cleanup", Time since last: 1001616084 ns, Reaching safepoint: 736541 ns, At safepoint: 29584 ns, Total: 766125 ns
[2022-09-04T15:51:26.335+0000][1][safepoint    ] Safepoint "Cleanup", Time since last: 1001927375 ns, Reaching safepoint: 917500 ns, At safepoint: 24208 ns, Total: 941708 ns
[2022-09-04T15:51:27.338+0000][1][safepoint    ] Safepoint "Cleanup", Time since last: 1001822376 ns, Reaching safepoint: 1027750 ns, At safepoint: 51958 ns, Total: 1079708 ns
[2022-09-04T15:51:28.342+0000][1][safepoint    ] Safepoint "Cleanup", Time since last: 1002562584 ns, Reaching safepoint: 1001667 ns, At safepoint: 24291 ns, Total: 1025958 ns
[2022-09-04T15:51:29.348+0000][1][safepoint    ] Safepoint "Cleanup", Time since last: 1005384709 ns, Reaching safepoint: 777000 ns, At safepoint: 58125 ns, Total: 835125 ns
[2022-09-04T15:51:29.571+0000][1][safepoint    ] Safepoint "RevokeBias", Time since last: 221853042 ns, Reaching safepoint: 848833 ns, At safepoint: 183375 ns, Total: 1032208 ns
[2022-09-04T15:51:29.581+0000][1][safepoint    ] Safepoint "RevokeBias", Time since last: 8892084 ns, Reaching safepoint: 792666 ns, At safepoint: 103750 ns, Total: 896416 ns
[2022-09-04T15:51:30.602+0000][1][safepoint    ] Safepoint "Cleanup", Time since last: 1019837251 ns, Reaching safepoint: 1666500 ns, At safepoint: 38541 ns, Total: 1705041 ns
[2022-09-04T15:51:31.607+0000][1][safepoint    ] Safepoint "Cleanup", Time since last: 1003711542 ns, Reaching safepoint: 888583 ns, At safepoint: 38708 ns, Total: 927291 ns
[2022-09-04T15:51:32.612+0000][1][safepoint    ] Safepoint "Cleanup", Time since last: 1002530126 ns, Reaching safepoint: 3193541 ns, At safepoint: 81375 ns, Total: 3274916 ns
[2022-09-04T15:51:33.621+0000][1][safepoint    ] Safepoint "Cleanup", Time since last: 1005817293 ns, Reaching safepoint: 2273666 ns, At safepoint: 101834 ns, Total: 2375500 ns
[2022-09-04T15:51:34.629+0000][1][safepoint    ] Safepoint "Cleanup", Time since last: 1004342500 ns, Reaching safepoint: 3538167 ns, At safepoint: 62416 ns, Total: 3600583 ns
[2022-09-04T15:51:35.635+0000][1][safepoint    ] Safepoint "Cleanup", Time since last: 1004546251 ns, Reaching safepoint: 1576208 ns, At safepoint: 105458 ns, Total: 1681666 ns
[2022-09-04T15:51:36.643+0000][1][safepoint    ] Safepoint "Cleanup", Time since last: 1004672834 ns, Reaching safepoint: 3529167 ns, At safepoint: 89792 ns, Total: 3618959 ns
[2022-09-04T15:51:37.651+0000][1][safepoint    ] Safepoint "Cleanup", Time since last: 1004808875 ns, Reaching safepoint: 3098958 ns, At safepoint: 68792 ns, Total: 3167750 ns
[2022-09-04T15:51:38.656+0000][1][safepoint    ] Safepoint "Cleanup", Time since last: 1003539001 ns, Reaching safepoint: 896250 ns, At safepoint: 26708 ns, Total: 922958 ns
[2022-09-04T15:51:39.661+0000][1][safepoint    ] Safepoint "Cleanup", Time since last: 1001971584 ns, Reaching safepoint: 3206458 ns, At safepoint: 246333 ns, Total: 3452791 ns
[2022-09-04T15:51:40.667+0000][1][safepoint    ] Safepoint "Cleanup", Time since last: 1004526751 ns, Reaching safepoint: 1356875 ns, At safepoint: 29917 ns, Total: 1386792 ns
[2022-09-04T15:51:41.672+0000][1][safepoint    ] Safepoint "Cleanup", Time since last: 1002615333 ns, Reaching safepoint: 2173709 ns, At safepoint: 57500 ns, Total: 2231209 ns
[2022-09-04T15:51:42.678+0000][1][safepoint    ] Safepoint "Cleanup", Time since last: 1005082167 ns, Reaching safepoint: 1209041 ns, At safepoint: 32834 ns, Total: 1241875 ns
[2022-09-04T15:51:43.684+0000][1][safepoint    ] Safepoint "Cleanup", Time since last: 1003859542 ns, Reaching safepoint: 1832167 ns, At safepoint: 112958 ns, Total: 1945125 ns
[2022-09-04T15:51:44.693+0000][1][safepoint    ] Safepoint "Cleanup", Time since last: 1005154959 ns, Reaching safepoint: 3449416 ns, At safepoint: 113792 ns, Total: 3563208 ns
[2022-09-04T15:51:45.701+0000][1][safepoint    ] Safepoint "Cleanup", Time since last: 1006604584 ns, Reaching safepoint: 1480458 ns, At safepoint: 57750 ns, Total: 1538208 ns
[2022-09-04T15:51:46.706+0000][1][safepoint    ] Safepoint "Cleanup", Time since last: 1003249459 ns, Reaching safepoint: 1958458 ns, At safepoint: 60084 ns, Total: 2018542 ns
[2022-09-04T15:51:47.713+0000][1][safepoint    ] Safepoint "Cleanup", Time since last: 1004047875 ns, Reaching safepoint: 2673792 ns, At safepoint: 106167 ns, Total: 2779959 ns
[2022-09-04T15:51:48.719+0000][1][safepoint    ] Safepoint "Cleanup", Time since last: 1004856875 ns, Reaching safepoint: 1763375 ns, At safepoint: 48625 ns, Total: 1812000 ns
[2022-09-04T15:51:49.725+0000][1][safepoint    ] Safepoint "Cleanup", Time since last: 1003338834 ns, Reaching safepoint: 1742583 ns, At safepoint: 50834 ns, Total: 1793417 ns
[2022-09-04T15:51:50.927+0000][1][safepoint    ] Safepoint "Cleanup", Time since last: 1200449375 ns, Reaching safepoint: 1614750 ns, At safepoint: 55083 ns, Total: 1669833 ns
[2022-09-04T15:51:51.933+0000][1][safepoint    ] Safepoint "Cleanup", Time since last: 1004572418 ns, Reaching safepoint: 1829833 ns, At safepoint: 44292 ns, Total: 1874125 ns
[2022-09-04T15:51:52.940+0000][1][safepoint    ] Safepoint "Cleanup", Time since last: 1004486000 ns, Reaching safepoint: 2341542 ns, At safepoint: 59750 ns, Total: 2401292 ns
[2022-09-04T15:51:53.948+0000][1][safepoint    ] Safepoint "Cleanup", Time since last: 1006193375 ns, Reaching safepoint: 1594292 ns, At safepoint: 41750 ns, Total: 1636042 ns
[2022-09-04T15:51:54.952+0000][1][safepoint    ] Safepoint "Cleanup", Time since last: 1002841792 ns, Reaching safepoint: 1637792 ns, At safepoint: 37833 ns, Total: 1675625 ns
[2022-09-04T15:51:55.959+0000][1][safepoint    ] Safepoint "Cleanup", Time since last: 1004457375 ns, Reaching safepoint: 1745584 ns, At safepoint: 70208 ns, Total: 1815792 ns
[2022-09-04T15:51:56.968+0000][1][safepoint    ] Safepoint "Cleanup", Time since last: 1005457834 ns, Reaching safepoint: 3446875 ns, At safepoint: 90500 ns, Total: 3537375 ns
[2022-09-04T15:51:57.976+0000][1][safepoint    ] Safepoint "Cleanup", Time since last: 1004700500 ns, Reaching safepoint: 3490834 ns, At safepoint: 91375 ns, Total: 3582209 ns
[2022-09-04T15:51:58.985+0000][1][safepoint    ] Safepoint "Cleanup", Time since last: 1006479292 ns, Reaching safepoint: 2115667 ns, At safepoint: 87250 ns, Total: 2202917 ns
[2022-09-04T15:51:59.993+0000][1][safepoint    ] Safepoint "Cleanup", Time since last: 1004052667 ns, Reaching safepoint: 4365000 ns, At safepoint: 118583 ns, Total: 4483583 ns
[2022-09-04T15:52:00.999+0000][1][safepoint    ] Safepoint "Cleanup", Time since last: 1004490333 ns, Reaching safepoint: 1026834 ns, At safepoint: 25083 ns, Total: 1051917 ns
[2022-09-04T15:52:02.002+0000][1][safepoint    ] Safepoint "Cleanup", Time since last: 1002262917 ns, Reaching safepoint: 1058042 ns, At safepoint: 24541 ns, Total: 1082583 ns
[2022-09-04T15:52:03.005+0000][1][safepoint    ] Safepoint "Cleanup", Time since last: 1002742751 ns, Reaching safepoint: 779167 ns, At safepoint: 29333 ns, Total: 808500 ns
[2022-09-04T15:52:04.008+0000][1][safepoint    ] Safepoint "Cleanup", Time since last: 1001623875 ns, Reaching safepoint: 941250 ns, At safepoint: 25375 ns, Total: 966625 ns
[2022-09-04T15:52:05.010+0000][1][safepoint    ] Safepoint "Cleanup", Time since last: 1001352418 ns, Reaching safepoint: 929416 ns, At safepoint: 28834 ns, Total: 958250 ns
[2022-09-04T15:52:06.013+0000][1][safepoint    ] Safepoint "Cleanup", Time since last: 1001397708 ns, Reaching safepoint: 1527584 ns, At safepoint: 78958 ns, Total: 1606542 ns
[2022-09-04T15:52:07.020+0000][1][safepoint    ] Safepoint "Cleanup", Time since last: 1003370459 ns, Reaching safepoint: 2769125 ns, At safepoint: 274166 ns, Total: 3043291 ns
[2022-09-04T15:52:08.023+0000][1][safepoint    ] Safepoint "Cleanup", Time since last: 1002234084 ns, Reaching safepoint: 829250 ns, At safepoint: 26459 ns, Total: 855709 ns
[2022-09-04T15:52:09.027+0000][1][safepoint    ] Safepoint "Cleanup", Time since last: 1002890917 ns, Reaching safepoint: 807291 ns, At safepoint: 193500 ns, Total: 1000791 ns
[2022-09-04T15:52:10.029+0000][1][safepoint    ] Safepoint "Cleanup", Time since last: 1001605793 ns, Reaching safepoint: 959250 ns, At safepoint: 30458 ns, Total: 989708 ns
[2022-09-04T15:52:11.032+0000][1][safepoint    ] Safepoint "Cleanup", Time since last: 1001372250 ns, Reaching safepoint: 1103500 ns, At safepoint: 46709 ns, Total: 1150209 ns
[2022-09-04T15:52:11.049+0000][1][safepoint    ] Safepoint "RevokeBias", Time since last: 16568083 ns, Reaching safepoint: 751000 ns, At safepoint: 246792 ns, Total: 997792 ns
[2022-09-04T15:52:11.058+0000][1][safepoint    ] Safepoint "RevokeBias", Time since last: 7438125 ns, Reaching safepoint: 672083 ns, At safepoint: 296250 ns, Total: 968333 ns
[2022-09-04T15:52:11.138+0000][1][safepoint    ] Safepoint "BulkRevokeBias", Time since last: 75595167 ns, Reaching safepoint: 1298250 ns, At safepoint: 3379083 ns, Total: 4677333 ns
[2022-09-04T15:52:11.166+0000][1][safepoint    ] Safepoint "RevokeBias", Time since last: 26276583 ns, Reaching safepoint: 1723292 ns, At safepoint: 302375 ns, Total: 2025667 ns
[2022-09-04T15:52:11.176+0000][1][safepoint    ] Safepoint "RevokeBias", Time since last: 8620000 ns, Reaching safepoint: 1228917 ns, At safepoint: 129083 ns, Total: 1358000 ns
[2022-09-04T15:52:12.180+0000][1][safepoint    ] Safepoint "Cleanup", Time since last: 1002131626 ns, Reaching safepoint: 963583 ns, At safepoint: 26333 ns, Total: 989916 ns
[2022-09-04T15:52:12.968+0000][1][safepoint    ] Safepoint "RevokeBias", Time since last: 787723542 ns, Reaching safepoint: 855625 ns, At safepoint: 101375 ns, Total: 957000 ns
[2022-09-04T15:52:12.971+0000][1][safepoint    ] Safepoint "RevokeBias", Time since last: 1992459 ns, Reaching safepoint: 433708 ns, At safepoint: 76125 ns, Total: 509833 ns
[2022-09-04T15:52:13.021+0000][1][safepoint    ] Safepoint "RevokeBias", Time since last: 49490833 ns, Reaching safepoint: 655250 ns, At safepoint: 104834 ns, Total: 760084 ns
[2022-09-04T15:52:13.037+0000][1][safepoint    ] Safepoint "RevokeBias", Time since last: 15074583 ns, Reaching safepoint: 597292 ns, At safepoint: 109875 ns, Total: 707167 ns
[2022-09-04T15:52:13.737+0000][1][safepoint    ] Safepoint "RevokeBias", Time since last: 694738708 ns, Reaching safepoint: 3237375 ns, At safepoint: 1852167 ns, Total: 5089542 ns
[2022-09-04T15:52:14.226+0000][1][safepoint    ] Safepoint "RevokeBias", Time since last: 484475500 ns, Reaching safepoint: 3926917 ns, At safepoint: 593083 ns, Total: 4520000 ns
[2022-09-04T15:52:14.489+0000][1][safepoint    ] Safepoint "RevokeBias", Time since last: 261898250 ns, Reaching safepoint: 1345084 ns, At safepoint: 88041 ns, Total: 1433125 ns
[2022-09-04T15:52:14.714+0000][1][safepoint    ] Safepoint "RevokeBias", Time since last: 223222084 ns, Reaching safepoint: 2112875 ns, At safepoint: 119958 ns, Total: 2232833 ns
[2022-09-04T15:52:14.839+0000][1][safepoint    ] Safepoint "RevokeBias", Time since last: 123512250 ns, Reaching safepoint: 931917 ns, At safepoint: 83583 ns, Total: 1015500 ns
[2022-09-04T15:52:14.845+0000][1][safepoint    ] Safepoint "RevokeBias", Time since last: 2597625 ns, Reaching safepoint: 2764584 ns, At safepoint: 253000 ns, Total: 3017584 ns
[2022-09-04T15:52:14.847+0000][1][safepoint    ] Safepoint "RevokeBias", Time since last: 1876708 ns, Reaching safepoint: 489375 ns, At safepoint: 247542 ns, Total: 736917 ns
[2022-09-04T15:52:15.133+0000][1][safepoint    ] Safepoint "RevokeBias", Time since last: 283441208 ns, Reaching safepoint: 2817125 ns, At safepoint: 102750 ns, Total: 2919875 ns
[2022-09-04T15:52:15.146+0000][1][safepoint    ] Safepoint "RevokeBias", Time since last: 10835417 ns, Reaching safepoint: 1185500 ns, At safepoint: 161291 ns, Total: 1346791 ns
[2022-09-04T15:52:15.164+0000][1][safepoint    ] Safepoint "RevokeBias", Time since last: 18100750 ns, Reaching safepoint: 551959 ns, At safepoint: 100000 ns, Total: 651959 ns
[2022-09-04T15:52:15.204+0000][1][safepoint    ] Safepoint "RevokeBias", Time since last: 38809125 ns, Reaching safepoint: 1015333 ns, At safepoint: 101000 ns, Total: 1116333 ns
[2022-09-04T15:52:15.217+0000][1][safepoint    ] Safepoint "RevokeBias", Time since last: 12063500 ns, Reaching safepoint: 831167 ns, At safepoint: 145833 ns, Total: 977000 ns
[2022-09-04T15:52:15.274+0000][1][safepoint    ] Safepoint "RevokeBias", Time since last: 55896250 ns, Reaching safepoint: 984917 ns, At safepoint: 116333 ns, Total: 1101250 ns
[2022-09-04T15:52:15.287+0000][1][safepoint    ] Safepoint "RevokeBias", Time since last: 12126917 ns, Reaching safepoint: 787041 ns, At safepoint: 104917 ns, Total: 891958 ns
[2022-09-04T15:52:15.301+0000][1][safepoint    ] Safepoint "RevokeBias", Time since last: 11761333 ns, Reaching safepoint: 1693250 ns, At safepoint: 480084 ns, Total: 2173334 ns
[2022-09-04T15:52:15.305+0000][1][safepoint    ] Safepoint "RevokeBias", Time since last: 2423333 ns, Reaching safepoint: 763708 ns, At safepoint: 443834 ns, Total: 1207542 ns
[2022-09-04T15:52:15.318+0000][1][safepoint    ] Safepoint "RevokeBias", Time since last: 12237625 ns, Reaching safepoint: 871416 ns, At safepoint: 244709 ns, Total: 1116125 ns
[2022-09-04T15:52:15.350+0000][1][safepoint    ] Safepoint "RevokeBias", Time since last: 30355458 ns, Reaching safepoint: 874583 ns, At safepoint: 164750 ns, Total: 1039333 ns
[2022-09-04T15:52:15.353+0000][1][safepoint    ] Safepoint "RevokeBias", Time since last: 2338709 ns, Reaching safepoint: 427083 ns, At safepoint: 77458 ns, Total: 504541 ns
[2022-09-04T15:52:15.360+0000][1][safepoint    ] Safepoint "RevokeBias", Time since last: 6838917 ns, Reaching safepoint: 525292 ns, At safepoint: 87791 ns, Total: 613083 ns
[2022-09-04T15:52:15.402+0000][1][safepoint    ] Safepoint "RevokeBias", Time since last: 41343542 ns, Reaching safepoint: 885083 ns, At safepoint: 110250 ns, Total: 995333 ns
[2022-09-04T15:52:15.406+0000][1][safepoint    ] Safepoint "RevokeBias", Time since last: 3161917 ns, Reaching safepoint: 540333 ns, At safepoint: 104792 ns, Total: 645125 ns
[2022-09-04T15:52:15.412+0000][1][safepoint    ] Safepoint "RevokeBias", Time since last: 5009833 ns, Reaching safepoint: 985834 ns, At safepoint: 111125 ns, Total: 1096959 ns
[2022-09-04T15:52:15.416+0000][1][safepoint    ] Safepoint "RevokeBias", Time since last: 2978041 ns, Reaching safepoint: 621209 ns, At safepoint: 82750 ns, Total: 703959 ns
[2022-09-04T15:52:15.570+0000][1][safepoint    ] Safepoint "RevokeBias", Time since last: 152869417 ns, Reaching safepoint: 945625 ns, At safepoint: 98708 ns, Total: 1044333 ns
[2022-09-04T15:52:15.572+0000][1][safepoint    ] Safepoint "RevokeBias", Time since last: 1727417 ns, Reaching safepoint: 433291 ns, At safepoint: 71625 ns, Total: 504916 ns
[2022-09-04T15:52:15.638+0000][1][safepoint    ] Safepoint "RevokeBias", Time since last: 65264792 ns, Reaching safepoint: 697208 ns, At safepoint: 113042 ns, Total: 810250 ns
[2022-09-04T15:52:15.643+0000][1][safepoint    ] Safepoint "RevokeBias", Time since last: 4170458 ns, Reaching safepoint: 611792 ns, At safepoint: 106833 ns, Total: 718625 ns
[2022-09-04T15:52:15.656+0000][1][safepoint    ] Safepoint "RevokeBias", Time since last: 10490875 ns, Reaching safepoint: 2256084 ns, At safepoint: 109666 ns, Total: 2365750 ns
[2022-09-04T15:52:15.852+0000][1][safepoint    ] Safepoint "RevokeBias", Time since last: 194682084 ns, Reaching safepoint: 886000 ns, At safepoint: 114916 ns, Total: 1000916 ns
[2022-09-04T15:52:16.855+0000][1][safepoint    ] Safepoint "Cleanup", Time since last: 1001805501 ns, Reaching safepoint: 1093541 ns, At safepoint: 48459 ns, Total: 1142000 ns
[2022-09-04T15:52:17.862+0000][1][safepoint    ] Safepoint "Cleanup", Time since last: 1006368917 ns, Reaching safepoint: 1469833 ns, At safepoint: 49750 ns, Total: 1519583 ns
[2022-09-04T15:52:18.867+0000][1][safepoint    ] Safepoint "Cleanup", Time since last: 1003060251 ns, Reaching safepoint: 1611625 ns, At safepoint: 46708 ns, Total: 1658333 ns
[2022-09-04T15:52:19.872+0000][1][safepoint    ] Safepoint "Cleanup", Time since last: 1004056126 ns, Reaching safepoint: 952750 ns, At safepoint: 27166 ns, Total: 979916 ns
[2022-09-04T15:52:20.875+0000][1][safepoint    ] Safepoint "Cleanup", Time since last: 1001700626 ns, Reaching safepoint: 1525416 ns, At safepoint: 41417 ns, Total: 1566833 ns
[2022-09-04T15:52:21.880+0000][1][safepoint    ] Safepoint "Cleanup", Time since last: 1003236501 ns, Reaching safepoint: 1144250 ns, At safepoint: 27541 ns, Total: 1171791 ns
[2022-09-04T15:52:22.884+0000][1][safepoint    ] Safepoint "Cleanup", Time since last: 1002658917 ns, Reaching safepoint: 1716917 ns, At safepoint: 48250 ns, Total: 1765167 ns
[2022-09-04T15:52:23.890+0000][1][safepoint    ] Safepoint "Cleanup", Time since last: 1004594876 ns, Reaching safepoint: 841041 ns, At safepoint: 23500 ns, Total: 864541 ns
[2022-09-04T15:52:24.893+0000][1][safepoint    ] Safepoint "Cleanup", Time since last: 1002464959 ns, Reaching safepoint: 968375 ns, At safepoint: 21875 ns, Total: 990250 ns
[2022-09-04T15:52:25.896+0000][1][safepoint    ] Safepoint "Cleanup", Time since last: 1001798834 ns, Reaching safepoint: 1106875 ns, At safepoint: 25250 ns, Total: 1132125 ns
[2022-09-04T15:52:26.638+0000][1][safepoint    ] Safepoint "RevokeBias", Time since last: 738317042 ns, Reaching safepoint: 2010083 ns, At safepoint: 1141000 ns, Total: 3151083 ns
[2022-09-04T15:52:26.644+0000][1][safepoint    ] Safepoint "RevokeBias", Time since last: 5721208 ns, Reaching safepoint: 959000 ns, At safepoint: 158917 ns, Total: 1117917 ns
[2022-09-04T15:52:26.663+0000][1][safepoint    ] Safepoint "RevokeBias", Time since last: 17378750 ns, Reaching safepoint: 1292583 ns, At safepoint: 237667 ns, Total: 1530250 ns
[2022-09-04T15:52:26.679+0000][1][safepoint    ] Safepoint "RevokeBias", Time since last: 14012292 ns, Reaching safepoint: 1641167 ns, At safepoint: 134125 ns, Total: 1775292 ns
[2022-09-04T15:52:26.693+0000][1][safepoint    ] Safepoint "RevokeBias", Time since last: 12392708 ns, Reaching safepoint: 1487125 ns, At safepoint: 133125 ns, Total: 1620250 ns
[2022-09-04T15:52:26.705+0000][1][safepoint    ] Safepoint "RevokeBias", Time since last: 10705000 ns, Reaching safepoint: 1125750 ns, At safepoint: 113583 ns, Total: 1239333 ns
[2022-09-04T15:52:27.708+0000][1][safepoint    ] Safepoint "Cleanup", Time since last: 1001388584 ns, Reaching safepoint: 1416458 ns, At safepoint: 44375 ns, Total: 1460833 ns
[2022-09-04T15:52:28.727+0000][1][safepoint    ] Safepoint "Cleanup", Time since last: 1018217459 ns, Reaching safepoint: 1233083 ns, At safepoint: 30209 ns, Total: 1263292 ns
[2022-09-04T15:52:29.732+0000][1][safepoint    ] Safepoint "Cleanup", Time since last: 1003441209 ns, Reaching safepoint: 1009750 ns, At safepoint: 27916 ns, Total: 1037666 ns
[2022-09-04T15:52:30.735+0000][1][safepoint    ] Safepoint "Cleanup", Time since last: 1001760709 ns, Reaching safepoint: 1163375 ns, At safepoint: 28792 ns, Total: 1192167 ns
[2022-09-04T15:52:31.738+0000][1][safepoint    ] Safepoint "Cleanup", Time since last: 1001987958 ns, Reaching safepoint: 1471542 ns, At safepoint: 42542 ns, Total: 1514084 ns
[2022-09-04T15:52:32.744+0000][1][safepoint    ] Safepoint "Cleanup", Time since last: 1003734625 ns, Reaching safepoint: 1722000 ns, At safepoint: 53250 ns, Total: 1775250 ns
[2022-09-04T15:52:33.749+0000][1][safepoint    ] Safepoint "Cleanup", Time since last: 1004034667 ns, Reaching safepoint: 1240375 ns, At safepoint: 29875 ns, Total: 1270250 ns
[2022-09-04T15:52:34.754+0000][1][safepoint    ] Safepoint "Cleanup", Time since last: 1004028292 ns, Reaching safepoint: 884459 ns, At safepoint: 22500 ns, Total: 906959 ns
[2022-09-04T15:52:35.762+0000][1][safepoint    ] Safepoint "Cleanup", Time since last: 1005731167 ns, Reaching safepoint: 1872625 ns, At safepoint: 55917 ns, Total: 1928542 ns
[2022-09-04T15:52:36.768+0000][1][safepoint    ] Safepoint "Cleanup", Time since last: 1003092542 ns, Reaching safepoint: 3131125 ns, At safepoint: 75416 ns, Total: 3206541 ns
[2022-09-04T15:52:37.776+0000][1][safepoint    ] Safepoint "Cleanup", Time since last: 1007008876 ns, Reaching safepoint: 865208 ns, At safepoint: 32750 ns, Total: 897958 ns
[2022-09-04T15:52:38.782+0000][1][safepoint    ] Safepoint "Cleanup", Time since last: 1003700084 ns, Reaching safepoint: 2447250 ns, At safepoint: 74167 ns, Total: 2521417 ns
[2022-09-04T15:52:39.790+0000][1][safepoint    ] Safepoint "Cleanup", Time since last: 1004378083 ns, Reaching safepoint: 3597042 ns, At safepoint: 83292 ns, Total: 3680334 ns
[2022-09-04T15:52:40.797+0000][1][safepoint    ] Safepoint "Cleanup", Time since last: 1006085459 ns, Reaching safepoint: 834875 ns, At safepoint: 23041 ns, Total: 857916 ns
[2022-09-04T15:52:41.803+0000][1][safepoint    ] Safepoint "Cleanup", Time since last: 1003829959 ns, Reaching safepoint: 2037875 ns, At safepoint: 67042 ns, Total: 2104917 ns
[2022-09-04T15:52:42.809+0000][1][safepoint    ] Safepoint "Cleanup", Time since last: 1003972167 ns, Reaching safepoint: 1832792 ns, At safepoint: 43708 ns, Total: 1876500 ns
[2022-09-04T15:52:43.815+0000][1][safepoint    ] Safepoint "Cleanup", Time since last: 1003750750 ns, Reaching safepoint: 2361209 ns, At safepoint: 113333 ns, Total: 2474542 ns
[2022-09-04T15:52:43.841+0000][1][safepoint    ] Safepoint "RevokeBias", Time since last: 23366458 ns, Reaching safepoint: 1638750 ns, At safepoint: 302209 ns, Total: 1940959 ns
[2022-09-04T15:52:43.885+0000][1][gc,start     ] GC(27) Pause Young (Allocation Failure)
[2022-09-04T15:52:43.889+0000][1][gc,task      ] GC(27) Using 4 workers of 4 for evacuation
[2022-09-04T15:52:43.949+0000][1][gc,age       ] GC(27) Desired survivor size 8945664 bytes, new threshold 6 (max threshold 6)
[2022-09-04T15:52:43.950+0000][1][gc,age       ] GC(27) Age table with threshold 6 (max threshold 6)
[2022-09-04T15:52:43.951+0000][1][gc,age       ] GC(27) - age   1:     381216 bytes,     381216 total
[2022-09-04T15:52:43.952+0000][1][gc,age       ] GC(27) - age   2:     234768 bytes,     615984 total
[2022-09-04T15:52:43.953+0000][1][gc,age       ] GC(27) - age   3:      11664 bytes,     627648 total
[2022-09-04T15:52:43.954+0000][1][gc,age       ] GC(27) - age   4:      74496 bytes,     702144 total
[2022-09-04T15:52:43.955+0000][1][gc,age       ] GC(27) - age   5:      61600 bytes,     763744 total
[2022-09-04T15:52:43.956+0000][1][gc,age       ] GC(27) - age   6:      71648 bytes,     835392 total
[2022-09-04T15:52:43.959+0000][1][gc,heap      ] GC(27) ParNew: 140848K->1357K(157248K)
[2022-09-04T15:52:43.960+0000][1][gc,heap      ] GC(27) CMS: 66885K->66902K(349568K)
[2022-09-04T15:52:43.962+0000][1][gc,metaspace ] GC(27) Metaspace: 84197K->84197K(1126400K)
[2022-09-04T15:52:43.968+0000][1][gc           ] GC(27) Pause Young (Allocation Failure) 202M->66M(494M) 82.920ms
[2022-09-04T15:52:43.969+0000][1][gc,cpu       ] GC(27) User=0.12s Sys=0.04s Real=0.09s
[2022-09-04T15:52:43.970+0000][1][safepoint    ] Safepoint "GenCollectForAllocation", Time since last: 41988000 ns, Reaching safepoint: 1293333 ns, At safepoint: 86518542 ns, Total: 87811875 ns
[2022-09-04T15:52:44.974+0000][1][safepoint    ] Safepoint "Cleanup", Time since last: 1001682542 ns, Reaching safepoint: 1451958 ns, At safepoint: 33584 ns, Total: 1485542 ns
[2022-09-04T15:52:45.977+0000][1][safepoint    ] Safepoint "Cleanup", Time since last: 1002965542 ns, Reaching safepoint: 838875 ns, At safepoint: 30000 ns, Total: 868875 ns
[2022-09-04T15:52:46.982+0000][1][safepoint    ] Safepoint "Cleanup", Time since last: 1003629584 ns, Reaching safepoint: 1269458 ns, At safepoint: 73667 ns, Total: 1343125 ns
[2022-09-04T15:52:47.987+0000][1][safepoint    ] Safepoint "Cleanup", Time since last: 1003235500 ns, Reaching safepoint: 1204542 ns, At safepoint: 27708 ns, Total: 1232250 ns
[2022-09-04T15:52:48.995+0000][1][safepoint    ] Safepoint "Cleanup", Time since last: 1005680001 ns, Reaching safepoint: 2852875 ns, At safepoint: 72458 ns, Total: 2925333 ns
[2022-09-04T15:52:50.001+0000][1][safepoint    ] Safepoint "Cleanup", Time since last: 1004676417 ns, Reaching safepoint: 904875 ns, At safepoint: 25125 ns, Total: 930000 ns
[2022-09-04T15:52:51.006+0000][1][safepoint    ] Safepoint "Cleanup", Time since last: 1002667875 ns, Reaching safepoint: 1843250 ns, At safepoint: 48250 ns, Total: 1891500 ns
[2022-09-04T15:52:52.011+0000][1][safepoint    ] Safepoint "Cleanup", Time since last: 1004285918 ns, Reaching safepoint: 1336000 ns, At safepoint: 38166 ns, Total: 1374166 ns
[2022-09-04T15:52:53.015+0000][1][safepoint    ] Safepoint "Cleanup", Time since last: 1002729042 ns, Reaching safepoint: 1498667 ns, At safepoint: 34042 ns, Total: 1532709 ns
[2022-09-04T15:52:54.022+0000][1][safepoint    ] Safepoint "Cleanup", Time since last: 1005640000 ns, Reaching safepoint: 837459 ns, At safepoint: 20291 ns, Total: 857750 ns
[2022-09-04T15:52:55.027+0000][1][safepoint    ] Safepoint "Cleanup", Time since last: 1002836084 ns, Reaching safepoint: 1714208 ns, At safepoint: 48042 ns, Total: 1762250 ns
[2022-09-04T15:52:56.030+0000][1][safepoint    ] Safepoint "Cleanup", Time since last: 1002696584 ns, Reaching safepoint: 813000 ns, At safepoint: 21500 ns, Total: 834500 ns
[2022-09-04T15:52:57.033+0000][1][safepoint    ] Safepoint "Cleanup", Time since last: 1001323334 ns, Reaching safepoint: 1346416 ns, At safepoint: 35292 ns, Total: 1381708 ns
[2022-09-04T15:52:58.042+0000][1][safepoint    ] Safepoint "Cleanup", Time since last: 1007941834 ns, Reaching safepoint: 824041 ns, At safepoint: 55167 ns, Total: 879208 ns
[2022-09-04T15:52:59.050+0000][1][safepoint    ] Safepoint "Cleanup", Time since last: 1006634209 ns, Reaching safepoint: 1602083 ns, At safepoint: 44709 ns, Total: 1646792 ns
[2022-09-04T15:53:00.054+0000][1][safepoint    ] Safepoint "Cleanup", Time since last: 1003096292 ns, Reaching safepoint: 1363833 ns, At safepoint: 37917 ns, Total: 1401750 ns
[2022-09-04T15:53:01.058+0000][1][safepoint    ] Safepoint "Cleanup", Time since last: 1002574333 ns, Reaching safepoint: 1380542 ns, At safepoint: 61583 ns, Total: 1442125 ns
[2022-09-04T15:53:02.062+0000][1][safepoint    ] Safepoint "Cleanup", Time since last: 1002444876 ns, Reaching safepoint: 855916 ns, At safepoint: 29500 ns, Total: 885416 ns
[2022-09-04T15:53:03.064+0000][1][safepoint    ] Safepoint "Cleanup", Time since last: 1001566418 ns, Reaching safepoint: 966875 ns, At safepoint: 44625 ns, Total: 1011500 ns
[2022-09-04T15:53:04.067+0000][1][safepoint    ] Safepoint "Cleanup", Time since last: 1002049833 ns, Reaching safepoint: 859750 ns, At safepoint: 23334 ns, Total: 883084 ns
[2022-09-04T15:53:05.071+0000][1][safepoint    ] Safepoint "Cleanup", Time since last: 1002686334 ns, Reaching safepoint: 1479250 ns, At safepoint: 66791 ns, Total: 1546041 ns
[2022-09-04T15:53:06.076+0000][1][safepoint    ] Safepoint "Cleanup", Time since last: 1003647792 ns, Reaching safepoint: 893209 ns, At safepoint: 23875 ns, Total: 917084 ns
[2022-09-04T15:53:07.082+0000][1][safepoint    ] Safepoint "Cleanup", Time since last: 1002486042 ns, Reaching safepoint: 2915750 ns, At safepoint: 76958 ns, Total: 2992708 ns
[2022-09-04T15:53:08.087+0000][1][safepoint    ] Safepoint "Cleanup", Time since last: 1004720792 ns, Reaching safepoint: 901542 ns, At safepoint: 43375 ns, Total: 944917 ns
[2022-09-04T15:53:09.094+0000][1][safepoint    ] Safepoint "Cleanup", Time since last: 1002730334 ns, Reaching safepoint: 3432083 ns, At safepoint: 95542 ns, Total: 3527625 ns
[2022-09-04T15:53:10.100+0000][1][safepoint    ] Safepoint "Cleanup", Time since last: 1004960459 ns, Reaching safepoint: 1461333 ns, At safepoint: 37750 ns, Total: 1499083 ns
[2022-09-04T15:53:11.105+0000][1][safepoint    ] Safepoint "Cleanup", Time since last: 1003578209 ns, Reaching safepoint: 1495041 ns, At safepoint: 38667 ns, Total: 1533708 ns
[2022-09-04T15:53:12.112+0000][1][safepoint    ] Safepoint "Cleanup", Time since last: 1005370209 ns, Reaching safepoint: 1366042 ns, At safepoint: 34625 ns, Total: 1400667 ns
[2022-09-04T15:53:13.118+0000][1][safepoint    ] Safepoint "Cleanup", Time since last: 1004977625 ns, Reaching safepoint: 964625 ns, At safepoint: 82208 ns, Total: 1046833 ns
[2022-09-04T15:53:14.121+0000][1][safepoint    ] Safepoint "Cleanup", Time since last: 1002312043 ns, Reaching safepoint: 850083 ns, At safepoint: 22667 ns, Total: 872750 ns
[2022-09-04T15:53:15.126+0000][1][safepoint    ] Safepoint "Cleanup", Time since last: 1002351417 ns, Reaching safepoint: 2246083 ns, At safepoint: 133458 ns, Total: 2379541 ns
[2022-09-04T15:53:16.129+0000][1][safepoint    ] Safepoint "Cleanup", Time since last: 1002216001 ns, Reaching safepoint: 998791 ns, At safepoint: 27250 ns, Total: 1026041 ns
[2022-09-04T15:53:17.133+0000][1][safepoint    ] Safepoint "Cleanup", Time since last: 1001889501 ns, Reaching safepoint: 2125833 ns, At safepoint: 59917 ns, Total: 2185750 ns
[2022-09-04T15:53:18.139+0000][1][safepoint    ] Safepoint "Cleanup", Time since last: 1005031125 ns, Reaching safepoint: 811125 ns, At safepoint: 22125 ns, Total: 833250 ns
[2022-09-04T15:53:19.145+0000][1][safepoint    ] Safepoint "Cleanup", Time since last: 1003424793 ns, Reaching safepoint: 2798250 ns, At safepoint: 266916 ns, Total: 3065166 ns
[2022-09-04T15:53:19.664+0000][1][safepoint    ] Safepoint "RevokeBias", Time since last: 517877334 ns, Reaching safepoint: 775166 ns, At safepoint: 143084 ns, Total: 918250 ns
[2022-09-04T15:53:19.668+0000][1][safepoint    ] Safepoint "RevokeBias", Time since last: 3046666 ns, Reaching safepoint: 766959 ns, At safepoint: 92625 ns, Total: 859584 ns
[2022-09-04T15:53:19.689+0000][1][safepoint    ] Safepoint "RevokeBias", Time since last: 19701833 ns, Reaching safepoint: 1533542 ns, At safepoint: 143208 ns, Total: 1676750 ns
[2022-09-04T15:53:19.720+0000][1][safepoint    ] Safepoint "RevokeBias", Time since last: 29113000 ns, Reaching safepoint: 1229292 ns, At safepoint: 165458 ns, Total: 1394750 ns
[2022-09-04T15:53:20.724+0000][1][safepoint    ] Safepoint "Cleanup", Time since last: 1002084251 ns, Reaching safepoint: 1783375 ns, At safepoint: 54875 ns, Total: 1838250 ns
[2022-09-04T15:53:21.733+0000][1][safepoint    ] Safepoint "Cleanup", Time since last: 1004827542 ns, Reaching safepoint: 3724458 ns, At safepoint: 105708 ns, Total: 3830166 ns
[2022-09-04T15:53:22.741+0000][1][safepoint    ] Safepoint "Cleanup", Time since last: 1005682001 ns, Reaching safepoint: 2405167 ns, At safepoint: 72916 ns, Total: 2478083 ns
[2022-09-04T15:53:23.749+0000][1][safepoint    ] Safepoint "Cleanup", Time since last: 1005835251 ns, Reaching safepoint: 2604291 ns, At safepoint: 67125 ns, Total: 2671416 ns
[2022-09-04T15:53:24.758+0000][1][safepoint    ] Safepoint "Cleanup", Time since last: 1005299293 ns, Reaching safepoint: 2824625 ns, At safepoint: 78541 ns, Total: 2903166 ns
[2022-09-04T15:53:25.763+0000][1][safepoint    ] Safepoint "Cleanup", Time since last: 1003762334 ns, Reaching safepoint: 1689250 ns, At safepoint: 46417 ns, Total: 1735667 ns
[2022-09-04T15:53:26.768+0000][1][safepoint    ] Safepoint "Cleanup", Time since last: 1003009750 ns, Reaching safepoint: 1659959 ns, At safepoint: 297708 ns, Total: 1957667 ns
[2022-09-04T15:53:27.774+0000][1][safepoint    ] Safepoint "Cleanup", Time since last: 1003112667 ns, Reaching safepoint: 3156875 ns, At safepoint: 108500 ns, Total: 3265375 ns
[2022-09-04T15:53:28.781+0000][1][safepoint    ] Safepoint "Cleanup", Time since last: 1005555417 ns, Reaching safepoint: 1204917 ns, At safepoint: 33500 ns, Total: 1238417 ns
[2022-09-04T15:53:29.787+0000][1][safepoint    ] Safepoint "Cleanup", Time since last: 1003092959 ns, Reaching safepoint: 2774833 ns, At safepoint: 90917 ns, Total: 2865750 ns
[2022-09-04T15:53:30.793+0000][1][safepoint    ] Safepoint "Cleanup", Time since last: 1004045417 ns, Reaching safepoint: 1971625 ns, At safepoint: 70208 ns, Total: 2041833 ns
[2022-09-04T15:53:31.798+0000][1][safepoint    ] Safepoint "Cleanup", Time since last: 1003901209 ns, Reaching safepoint: 1221333 ns, At safepoint: 30458 ns, Total: 1251791 ns
[2022-09-04T15:53:32.806+0000][1][safepoint    ] Safepoint "Cleanup", Time since last: 1006449876 ns, Reaching safepoint: 1162833 ns, At safepoint: 33958 ns, Total: 1196791 ns
[2022-09-04T15:53:33.809+0000][1][safepoint    ] Safepoint "Cleanup", Time since last: 1001971626 ns, Reaching safepoint: 1000208 ns, At safepoint: 21792 ns, Total: 1022000 ns
[2022-09-04T15:53:34.813+0000][1][safepoint    ] Safepoint "Cleanup", Time since last: 1002320792 ns, Reaching safepoint: 2077833 ns, At safepoint: 77750 ns, Total: 2155583 ns
[2022-09-04T15:53:35.821+0000][1][safepoint    ] Safepoint "Cleanup", Time since last: 1004403459 ns, Reaching safepoint: 3163417 ns, At safepoint: 81500 ns, Total: 3244917 ns
[2022-09-04T15:53:36.829+0000][1][safepoint    ] Safepoint "Cleanup", Time since last: 1005610875 ns, Reaching safepoint: 2732250 ns, At safepoint: 91125 ns, Total: 2823375 ns
[2022-09-04T15:53:37.834+0000][1][safepoint    ] Safepoint "Cleanup", Time since last: 1003814543 ns, Reaching safepoint: 1143416 ns, At safepoint: 33792 ns, Total: 1177208 ns
[2022-09-04T15:53:38.838+0000][1][safepoint    ] Safepoint "Cleanup", Time since last: 1002915584 ns, Reaching safepoint: 1093166 ns, At safepoint: 25250 ns, Total: 1118416 ns
[2022-09-04T15:53:39.843+0000][1][safepoint    ] Safepoint "Cleanup", Time since last: 1002671126 ns, Reaching safepoint: 1723833 ns, At safepoint: 41500 ns, Total: 1765333 ns
[2022-09-04T15:53:40.846+0000][1][safepoint    ] Safepoint "Cleanup", Time since last: 1002671626 ns, Reaching safepoint: 834375 ns, At safepoint: 26833 ns, Total: 861208 ns
[2022-09-04T15:53:41.850+0000][1][safepoint    ] Safepoint "Cleanup", Time since last: 1003115167 ns, Reaching safepoint: 946917 ns, At safepoint: 32500 ns, Total: 979417 ns
[2022-09-04T15:53:42.853+0000][1][safepoint    ] Safepoint "Cleanup", Time since last: 1002034625 ns, Reaching safepoint: 915584 ns, At safepoint: 23833 ns, Total: 939417 ns
[2022-09-04T15:53:43.857+0000][1][safepoint    ] Safepoint "Cleanup", Time since last: 1002577792 ns, Reaching safepoint: 1055833 ns, At safepoint: 29459 ns, Total: 1085292 ns
[2022-09-04T15:53:44.862+0000][1][safepoint    ] Safepoint "Cleanup", Time since last: 1003518167 ns, Reaching safepoint: 1429375 ns, At safepoint: 30000 ns, Total: 1459375 ns
[2022-09-04T15:53:45.866+0000][1][safepoint    ] Safepoint "Cleanup", Time since last: 1002177209 ns, Reaching safepoint: 1958916 ns, At safepoint: 53500 ns, Total: 2012416 ns
[2022-09-04T15:53:46.872+0000][1][safepoint    ] Safepoint "Cleanup", Time since last: 1003912834 ns, Reaching safepoint: 2004417 ns, At safepoint: 69458 ns, Total: 2073875 ns
[2022-09-04T15:53:47.876+0000][1][safepoint    ] Safepoint "Cleanup", Time since last: 1002824792 ns, Reaching safepoint: 817209 ns, At safepoint: 21375 ns, Total: 838584 ns
[2022-09-04T15:53:48.880+0000][1][safepoint    ] Safepoint "Cleanup", Time since last: 1002639917 ns, Reaching safepoint: 1125750 ns, At safepoint: 26458 ns, Total: 1152208 ns
[2022-09-04T15:53:49.883+0000][1][safepoint    ] Safepoint "Cleanup", Time since last: 1002018626 ns, Reaching safepoint: 1550625 ns, At safepoint: 42000 ns, Total: 1592625 ns
[2022-09-04T15:53:50.889+0000][1][safepoint    ] Safepoint "Cleanup", Time since last: 1005108250 ns, Reaching safepoint: 905875 ns, At safepoint: 24417 ns, Total: 930292 ns
[2022-09-04T15:53:51.893+0000][1][safepoint    ] Safepoint "Cleanup", Time since last: 1002800334 ns, Reaching safepoint: 1247791 ns, At safepoint: 31834 ns, Total: 1279625 ns
[2022-09-04T15:53:52.899+0000][1][safepoint    ] Safepoint "Cleanup", Time since last: 1004453125 ns, Reaching safepoint: 1342833 ns, At safepoint: 38000 ns, Total: 1380833 ns
[2022-09-04T15:53:53.907+0000][1][safepoint    ] Safepoint "Cleanup", Time since last: 1006025293 ns, Reaching safepoint: 1978000 ns, At safepoint: 59708 ns, Total: 2037708 ns
[2022-09-04T15:53:54.913+0000][1][safepoint    ] Safepoint "Cleanup", Time since last: 1004165625 ns, Reaching safepoint: 1062959 ns, At safepoint: 25000 ns, Total: 1087959 ns
[2022-09-04T15:53:55.917+0000][1][safepoint    ] Safepoint "Cleanup", Time since last: 1003110458 ns, Reaching safepoint: 1446750 ns, At safepoint: 36792 ns, Total: 1483542 ns
[2022-09-04T15:53:56.921+0000][1][safepoint    ] Safepoint "Cleanup", Time since last: 1003060334 ns, Reaching safepoint: 1024167 ns, At safepoint: 34500 ns, Total: 1058667 ns
[2022-09-04T15:53:57.930+0000][1][safepoint    ] Safepoint "Cleanup", Time since last: 1003766583 ns, Reaching safepoint: 4392542 ns, At safepoint: 132042 ns, Total: 4524584 ns
[2022-09-04T15:53:59.903+0000][1][safepoint    ] Safepoint "Cleanup", Time since last: 1971572084 ns, Reaching safepoint: 1981125 ns, At safepoint: 51833 ns, Total: 2032958 ns
[2022-09-04T15:54:00.907+0000][1][safepoint    ] Safepoint "Cleanup", Time since last: 1002462584 ns, Reaching safepoint: 788083 ns, At safepoint: 23208 ns, Total: 811291 ns
[2022-09-04T15:54:01.911+0000][1][safepoint    ] Safepoint "Cleanup", Time since last: 1002961292 ns, Reaching safepoint: 986125 ns, At safepoint: 23834 ns, Total: 1009959 ns
[2022-09-04T15:54:02.914+0000][1][safepoint    ] Safepoint "Cleanup", Time since last: 1001714625 ns, Reaching safepoint: 1719625 ns, At safepoint: 39542 ns, Total: 1759167 ns
[2022-09-04T15:54:03.918+0000][1][safepoint    ] Safepoint "Cleanup", Time since last: 1003034917 ns, Reaching safepoint: 1128750 ns, At safepoint: 24875 ns, Total: 1153625 ns
[2022-09-04T15:54:04.483+0000][1][safepoint    ] Safepoint "RevokeBias", Time since last: 563933542 ns, Reaching safepoint: 772625 ns, At safepoint: 98417 ns, Total: 871042 ns
[2022-09-04T15:54:04.488+0000][1][safepoint    ] Safepoint "RevokeBias", Time since last: 4296083 ns, Reaching safepoint: 558167 ns, At safepoint: 100875 ns, Total: 659042 ns
[2022-09-04T15:54:05.492+0000][1][safepoint    ] Safepoint "Cleanup", Time since last: 1002211125 ns, Reaching safepoint: 1850208 ns, At safepoint: 47209 ns, Total: 1897417 ns
[2022-09-04T15:54:06.499+0000][1][safepoint    ] Safepoint "Cleanup", Time since last: 1006369959 ns, Reaching safepoint: 867625 ns, At safepoint: 27708 ns, Total: 895333 ns
[2022-09-04T15:54:07.506+0000][1][safepoint    ] Safepoint "Cleanup", Time since last: 1003212125 ns, Reaching safepoint: 3598375 ns, At safepoint: 104959 ns, Total: 3703334 ns
[2022-09-04T15:54:08.514+0000][1][safepoint    ] Safepoint "Cleanup", Time since last: 1006778750 ns, Reaching safepoint: 843959 ns, At safepoint: 22208 ns, Total: 866167 ns
[2022-09-04T15:54:09.517+0000][1][safepoint    ] Safepoint "Cleanup", Time since last: 1002445334 ns, Reaching safepoint: 1119291 ns, At safepoint: 28042 ns, Total: 1147333 ns
[2022-09-04T15:54:10.521+0000][1][safepoint    ] Safepoint "Cleanup", Time since last: 1001948292 ns, Reaching safepoint: 1135250 ns, At safepoint: 85583 ns, Total: 1220833 ns
[2022-09-04T15:54:11.528+0000][1][safepoint    ] Safepoint "Cleanup", Time since last: 1003464209 ns, Reaching safepoint: 3742709 ns, At safepoint: 135083 ns, Total: 3877792 ns
[2022-09-04T15:54:12.541+0000][1][safepoint    ] Safepoint "Cleanup", Time since last: 1010756084 ns, Reaching safepoint: 2622500 ns, At safepoint: 73833 ns, Total: 2696333 ns
[2022-09-04T15:54:13.552+0000][1][safepoint    ] Safepoint "Cleanup", Time since last: 1008755542 ns, Reaching safepoint: 1367667 ns, At safepoint: 60750 ns, Total: 1428417 ns
[2022-09-04T15:54:14.554+0000][1][safepoint    ] Safepoint "Cleanup", Time since last: 1001927042 ns, Reaching safepoint: 839875 ns, At safepoint: 21750 ns, Total: 861625 ns
[2022-09-04T15:54:15.559+0000][1][safepoint    ] Safepoint "Cleanup", Time since last: 1002309251 ns, Reaching safepoint: 2082958 ns, At safepoint: 57083 ns, Total: 2140041 ns
[2022-09-04T15:54:16.568+0000][1][safepoint    ] Safepoint "Cleanup", Time since last: 1007437834 ns, Reaching safepoint: 1558708 ns, At safepoint: 41584 ns, Total: 1600292 ns
[2022-09-04T15:54:17.574+0000][1][safepoint    ] Safepoint "Cleanup", Time since last: 1003198875 ns, Reaching safepoint: 2704042 ns, At safepoint: 68666 ns, Total: 2772708 ns
[2022-09-04T15:54:18.585+0000][1][safepoint    ] Safepoint "Cleanup", Time since last: 1009904209 ns, Reaching safepoint: 778334 ns, At safepoint: 22166 ns, Total: 800500 ns
[2022-09-04T15:54:19.588+0000][1][safepoint    ] Safepoint "Cleanup", Time since last: 1002083084 ns, Reaching safepoint: 1071375 ns, At safepoint: 25083 ns, Total: 1096458 ns
[2022-09-04T15:54:20.590+0000][1][safepoint    ] Safepoint "Cleanup", Time since last: 1001504959 ns, Reaching safepoint: 991250 ns, At safepoint: 25375 ns, Total: 1016625 ns
[2022-09-04T15:54:21.596+0000][1][safepoint    ] Safepoint "Cleanup", Time since last: 1001807084 ns, Reaching safepoint: 3632417 ns, At safepoint: 149000 ns, Total: 3781417 ns
[2022-09-04T15:54:22.603+0000][1][safepoint    ] Safepoint "Cleanup", Time since last: 1005631417 ns, Reaching safepoint: 1526583 ns, At safepoint: 43084 ns, Total: 1569667 ns
[2022-09-04T15:54:23.610+0000][1][safepoint    ] Safepoint "Cleanup", Time since last: 1002470208 ns, Reaching safepoint: 3874292 ns, At safepoint: 111750 ns, Total: 3986042 ns
[2022-09-04T15:54:24.615+0000][1][safepoint    ] Safepoint "Cleanup", Time since last: 1004888084 ns, Reaching safepoint: 875083 ns, At safepoint: 24209 ns, Total: 899292 ns
[2022-09-04T15:54:25.619+0000][1][safepoint    ] Safepoint "Cleanup", Time since last: 1001756042 ns, Reaching safepoint: 2124375 ns, At safepoint: 52916 ns, Total: 2177291 ns
[2022-09-04T15:54:26.625+0000][1][safepoint    ] Safepoint "Cleanup", Time since last: 1004448626 ns, Reaching safepoint: 1359166 ns, At safepoint: 36917 ns, Total: 1396083 ns
[2022-09-04T15:54:27.633+0000][1][safepoint    ] Safepoint "Cleanup", Time since last: 1003980209 ns, Reaching safepoint: 3316625 ns, At safepoint: 84458 ns, Total: 3401083 ns
[2022-09-04T15:54:28.639+0000][1][safepoint    ] Safepoint "Cleanup", Time since last: 1005593001 ns, Reaching safepoint: 1148333 ns, At safepoint: 29083 ns, Total: 1177416 ns
[2022-09-04T15:54:29.643+0000][1][safepoint    ] Safepoint "Cleanup", Time since last: 1002311918 ns, Reaching safepoint: 1369666 ns, At safepoint: 42209 ns, Total: 1411875 ns
[2022-09-04T15:54:30.647+0000][1][safepoint    ] Safepoint "Cleanup", Time since last: 1002269208 ns, Reaching safepoint: 1929584 ns, At safepoint: 58833 ns, Total: 1988417 ns
[2022-09-04T15:54:30.877+0000][1][safepoint    ] Safepoint "RevokeBias", Time since last: 229250833 ns, Reaching safepoint: 769291 ns, At safepoint: 145000 ns, Total: 914291 ns
[2022-09-04T15:54:30.883+0000][1][safepoint    ] Safepoint "BulkRevokeBias", Time since last: 2501292 ns, Reaching safepoint: 565792 ns, At safepoint: 3071875 ns, Total: 3637667 ns
[2022-09-04T15:54:31.925+0000][1][safepoint    ] Safepoint "Cleanup", Time since last: 1041446667 ns, Reaching safepoint: 911166 ns, At safepoint: 27084 ns, Total: 938250 ns
[2022-09-04T15:54:32.929+0000][1][safepoint    ] Safepoint "Cleanup", Time since last: 1002115459 ns, Reaching safepoint: 1359250 ns, At safepoint: 33583 ns, Total: 1392833 ns
[2022-09-04T15:54:33.933+0000][1][safepoint    ] Safepoint "Cleanup", Time since last: 1002767500 ns, Reaching safepoint: 1574792 ns, At safepoint: 40250 ns, Total: 1615042 ns
[2022-09-04T15:54:34.937+0000][1][safepoint    ] Safepoint "Cleanup", Time since last: 1002845542 ns, Reaching safepoint: 887208 ns, At safepoint: 24500 ns, Total: 911708 ns
[2022-09-04T15:54:35.940+0000][1][safepoint    ] Safepoint "Cleanup", Time since last: 1001923459 ns, Reaching safepoint: 1455375 ns, At safepoint: 34584 ns, Total: 1489959 ns
[2022-09-04T15:54:36.945+0000][1][safepoint    ] Safepoint "Cleanup", Time since last: 1003007042 ns, Reaching safepoint: 1480625 ns, At safepoint: 40375 ns, Total: 1521000 ns
[2022-09-04T15:54:37.953+0000][1][safepoint    ] Safepoint "Cleanup", Time since last: 1004503750 ns, Reaching safepoint: 3379709 ns, At safepoint: 91666 ns, Total: 3471375 ns
[2022-09-04T15:54:38.963+0000][1][safepoint    ] Safepoint "Cleanup", Time since last: 1007918501 ns, Reaching safepoint: 1795875 ns, At safepoint: 52708 ns, Total: 1848583 ns
[2022-09-04T15:54:39.971+0000][1][safepoint    ] Safepoint "Cleanup", Time since last: 1005523292 ns, Reaching safepoint: 2258125 ns, At safepoint: 57000 ns, Total: 2315125 ns
[2022-09-04T15:54:40.977+0000][1][safepoint    ] Safepoint "Cleanup", Time since last: 1005030667 ns, Reaching safepoint: 953292 ns, At safepoint: 24125 ns, Total: 977417 ns
[2022-09-04T15:54:41.981+0000][1][safepoint    ] Safepoint "Cleanup", Time since last: 1001986625 ns, Reaching safepoint: 2607625 ns, At safepoint: 94542 ns, Total: 2702167 ns
[2022-09-04T15:54:42.989+0000][1][safepoint    ] Safepoint "Cleanup", Time since last: 1005695459 ns, Reaching safepoint: 2249083 ns, At safepoint: 83667 ns, Total: 2332750 ns
[2022-09-04T15:54:43.998+0000][1][safepoint    ] Safepoint "Cleanup", Time since last: 1005570834 ns, Reaching safepoint: 2777208 ns, At safepoint: 71583 ns, Total: 2848791 ns
[2022-09-04T15:54:45.004+0000][1][safepoint    ] Safepoint "Cleanup", Time since last: 1005488668 ns, Reaching safepoint: 937916 ns, At safepoint: 21042 ns, Total: 958958 ns
[2022-09-04T15:54:46.007+0000][1][safepoint    ] Safepoint "Cleanup", Time since last: 1001625084 ns, Reaching safepoint: 1225041 ns, At safepoint: 31417 ns, Total: 1256458 ns
[2022-09-04T15:54:47.012+0000][1][safepoint    ] Safepoint "Cleanup", Time since last: 1003359542 ns, Reaching safepoint: 1325209 ns, At safepoint: 38791 ns, Total: 1364000 ns
[2022-09-04T15:54:48.017+0000][1][safepoint    ] Safepoint "Cleanup", Time since last: 1003864667 ns, Reaching safepoint: 1357084 ns, At safepoint: 39458 ns, Total: 1396542 ns
[2022-09-04T15:54:49.022+0000][1][safepoint    ] Safepoint "Cleanup", Time since last: 1003425709 ns, Reaching safepoint: 1450708 ns, At safepoint: 36834 ns, Total: 1487542 ns
[2022-09-04T15:54:50.028+0000][1][safepoint    ] Safepoint "Cleanup", Time since last: 1003836542 ns, Reaching safepoint: 1762750 ns, At safepoint: 70541 ns, Total: 1833291 ns
[2022-09-04T15:54:51.032+0000][1][safepoint    ] Safepoint "Cleanup", Time since last: 1002854751 ns, Reaching safepoint: 1523291 ns, At safepoint: 38417 ns, Total: 1561708 ns
[2022-09-04T15:54:52.041+0000][1][safepoint    ] Safepoint "Cleanup", Time since last: 1005447042 ns, Reaching safepoint: 3586125 ns, At safepoint: 124292 ns, Total: 3710417 ns
[2022-09-04T15:54:53.050+0000][1][safepoint    ] Safepoint "Cleanup", Time since last: 1008278167 ns, Reaching safepoint: 986083 ns, At safepoint: 29709 ns, Total: 1015792 ns
[2022-09-04T15:54:54.066+0000][1][safepoint    ] Safepoint "Cleanup", Time since last: 1012742250 ns, Reaching safepoint: 2787750 ns, At safepoint: 203584 ns, Total: 2991334 ns
[2022-09-04T15:54:55.073+0000][1][safepoint    ] Safepoint "Cleanup", Time since last: 1005196042 ns, Reaching safepoint: 1551583 ns, At safepoint: 50917 ns, Total: 1602500 ns
[2022-09-04T15:54:56.077+0000][1][safepoint    ] Safepoint "Cleanup", Time since last: 1002789250 ns, Reaching safepoint: 914542 ns, At safepoint: 28333 ns, Total: 942875 ns
[2022-09-04T15:54:57.080+0000][1][safepoint    ] Safepoint "Cleanup", Time since last: 1001776584 ns, Reaching safepoint: 1063458 ns, At safepoint: 29500 ns, Total: 1092958 ns
[2022-09-04T15:54:58.083+0000][1][safepoint    ] Safepoint "Cleanup", Time since last: 1002333001 ns, Reaching safepoint: 882833 ns, At safepoint: 23417 ns, Total: 906250 ns
[2022-09-04T15:54:59.089+0000][1][safepoint    ] Safepoint "Cleanup", Time since last: 1003572209 ns, Reaching safepoint: 2766833 ns, At safepoint: 78375 ns, Total: 2845208 ns
[2022-09-04T15:55:00.096+0000][1][safepoint    ] Safepoint "Cleanup", Time since last: 1004935584 ns, Reaching safepoint: 1798333 ns, At safepoint: 65292 ns, Total: 1863625 ns
[2022-09-04T15:55:01.104+0000][1][safepoint    ] Safepoint "Cleanup", Time since last: 1005832917 ns, Reaching safepoint: 1584916 ns, At safepoint: 38959 ns, Total: 1623875 ns
[2022-09-04T15:55:02.110+0000][1][safepoint    ] Safepoint "Cleanup", Time since last: 1003362417 ns, Reaching safepoint: 2360791 ns, At safepoint: 49209 ns, Total: 2410000 ns
[2022-09-04T15:55:02.494+0000][1][safepoint    ] Safepoint "RevokeBias", Time since last: 383044375 ns, Reaching safepoint: 810333 ns, At safepoint: 107917 ns, Total: 918250 ns
[2022-09-04T15:55:02.500+0000][1][safepoint    ] Safepoint "RevokeBias", Time since last: 5487583 ns, Reaching safepoint: 544292 ns, At safepoint: 93375 ns, Total: 637667 ns
[2022-09-04T15:55:03.303+0000][1][safepoint    ] Safepoint "RevokeBias", Time since last: 802227417 ns, Reaching safepoint: 1105083 ns, At safepoint: 199542 ns, Total: 1304625 ns
[2022-09-04T15:55:03.307+0000][1][safepoint    ] Safepoint "RevokeBias", Time since last: 2836542 ns, Reaching safepoint: 625125 ns, At safepoint: 133625 ns, Total: 758750 ns
[2022-09-04T15:55:04.310+0000][1][safepoint    ] Safepoint "Cleanup", Time since last: 1001703833 ns, Reaching safepoint: 1228125 ns, At safepoint: 29959 ns, Total: 1258084 ns
[2022-09-04T15:55:05.314+0000][1][safepoint    ] Safepoint "Cleanup", Time since last: 1002202500 ns, Reaching safepoint: 1941375 ns, At safepoint: 48875 ns, Total: 1990250 ns
[2022-09-04T15:55:06.318+0000][1][safepoint    ] Safepoint "Cleanup", Time since last: 1003452667 ns, Reaching safepoint: 927292 ns, At safepoint: 27667 ns, Total: 954959 ns
[2022-09-04T15:55:07.322+0000][1][safepoint    ] Safepoint "Cleanup", Time since last: 1001778084 ns, Reaching safepoint: 1227125 ns, At safepoint: 72833 ns, Total: 1299958 ns
[2022-09-04T15:55:08.326+0000][1][safepoint    ] Safepoint "Cleanup", Time since last: 1003628417 ns, Reaching safepoint: 1245000 ns, At safepoint: 34875 ns, Total: 1279875 ns
[2022-09-04T15:55:09.330+0000][1][safepoint    ] Safepoint "Cleanup", Time since last: 1002397626 ns, Reaching safepoint: 1116708 ns, At safepoint: 32708 ns, Total: 1149416 ns
[2022-09-04T15:55:10.334+0000][1][safepoint    ] Safepoint "Cleanup", Time since last: 1002654917 ns, Reaching safepoint: 906834 ns, At safepoint: 21000 ns, Total: 927834 ns
[2022-09-04T15:55:11.336+0000][1][safepoint    ] Safepoint "Cleanup", Time since last: 1001451375 ns, Reaching safepoint: 952709 ns, At safepoint: 23083 ns, Total: 975792 ns
[2022-09-04T15:55:12.340+0000][1][safepoint    ] Safepoint "Cleanup", Time since last: 1002422375 ns, Reaching safepoint: 1967167 ns, At safepoint: 56542 ns, Total: 2023709 ns
[2022-09-04T15:55:13.345+0000][1][safepoint    ] Safepoint "Cleanup", Time since last: 1003301958 ns, Reaching safepoint: 800959 ns, At safepoint: 24291 ns, Total: 825250 ns
[2022-09-04T15:55:14.348+0000][1][safepoint    ] Safepoint "Cleanup", Time since last: 1002083668 ns, Reaching safepoint: 1516958 ns, At safepoint: 52875 ns, Total: 1569833 ns
[2022-09-04T15:55:14.738+0000][1][safepoint    ] Safepoint "RevokeBias", Time since last: 389207125 ns, Reaching safepoint: 824625 ns, At safepoint: 103792 ns, Total: 928417 ns
[2022-09-04T15:55:14.742+0000][1][safepoint    ] Safepoint "RevokeBias", Time since last: 2712166 ns, Reaching safepoint: 583042 ns, At safepoint: 132708 ns, Total: 715750 ns
[2022-09-04T15:55:15.748+0000][1][safepoint    ] Safepoint "Cleanup", Time since last: 1003867876 ns, Reaching safepoint: 2552167 ns, At safepoint: 77166 ns, Total: 2629333 ns
[2022-09-04T15:55:16.754+0000][1][safepoint    ] Safepoint "Cleanup", Time since last: 1004138751 ns, Reaching safepoint: 1524916 ns, At safepoint: 137792 ns, Total: 1662708 ns
[2022-09-04T15:55:17.764+0000][1][safepoint    ] Safepoint "Cleanup", Time since last: 1004749751 ns, Reaching safepoint: 2995333 ns, At safepoint: 2044625 ns, Total: 5039958 ns
[2022-09-04T15:55:18.772+0000][1][safepoint    ] Safepoint "Cleanup", Time since last: 1006142792 ns, Reaching safepoint: 1620375 ns, At safepoint: 37458 ns, Total: 1657833 ns
[2022-09-04T15:55:19.776+0000][1][safepoint    ] Safepoint "Cleanup", Time since last: 1003752209 ns, Reaching safepoint: 846125 ns, At safepoint: 23667 ns, Total: 869792 ns
[2022-09-04T15:55:20.779+0000][1][safepoint    ] Safepoint "Cleanup", Time since last: 1001723459 ns, Reaching safepoint: 1065333 ns, At safepoint: 29500 ns, Total: 1094833 ns
[2022-09-04T15:55:21.786+0000][1][safepoint    ] Safepoint "Cleanup", Time since last: 1004332417 ns, Reaching safepoint: 2843792 ns, At safepoint: 91791 ns, Total: 2935583 ns
[2022-09-04T15:55:22.796+0000][1][safepoint    ] Safepoint "Cleanup", Time since last: 1007304834 ns, Reaching safepoint: 2559584 ns, At safepoint: 70791 ns, Total: 2630375 ns
[2022-09-04T15:55:23.804+0000][1][safepoint    ] Safepoint "Cleanup", Time since last: 1004563417 ns, Reaching safepoint: 2722500 ns, At safepoint: 65417 ns, Total: 2787917 ns
[2022-09-04T15:55:24.544+0000][1][safepoint    ] Safepoint "RevokeBias", Time since last: 739464792 ns, Reaching safepoint: 909500 ns, At safepoint: 110875 ns, Total: 1020375 ns
[2022-09-04T15:55:24.548+0000][1][safepoint    ] Safepoint "RevokeBias", Time since last: 2788708 ns, Reaching safepoint: 760167 ns, At safepoint: 113417 ns, Total: 873584 ns
[2022-09-04T15:55:25.551+0000][1][safepoint    ] Safepoint "Cleanup", Time since last: 1001283875 ns, Reaching safepoint: 1580542 ns, At safepoint: 96125 ns, Total: 1676667 ns
[2022-09-04T15:55:26.555+0000][1][safepoint    ] Safepoint "Cleanup", Time since last: 1003096709 ns, Reaching safepoint: 812875 ns, At safepoint: 22333 ns, Total: 835208 ns
[2022-09-04T15:55:27.560+0000][1][safepoint    ] Safepoint "Cleanup", Time since last: 1002084792 ns, Reaching safepoint: 3304709 ns, At safepoint: 139958 ns, Total: 3444667 ns
[2022-09-04T15:55:28.566+0000][1][safepoint    ] Safepoint "Cleanup", Time since last: 1004205959 ns, Reaching safepoint: 1203500 ns, At safepoint: 56875 ns, Total: 1260375 ns
[2022-09-04T15:55:29.569+0000][1][safepoint    ] Safepoint "Cleanup", Time since last: 1002581917 ns, Reaching safepoint: 1126792 ns, At safepoint: 30625 ns, Total: 1157417 ns
[2022-09-04T15:55:30.574+0000][1][safepoint    ] Safepoint "Cleanup", Time since last: 1002481917 ns, Reaching safepoint: 1688375 ns, At safepoint: 49083 ns, Total: 1737458 ns
[2022-09-04T15:55:31.580+0000][1][safepoint    ] Safepoint "Cleanup", Time since last: 1003394750 ns, Reaching safepoint: 2672416 ns, At safepoint: 71292 ns, Total: 2743708 ns
[2022-09-04T15:55:32.588+0000][1][safepoint    ] Safepoint "Cleanup", Time since last: 1004168250 ns, Reaching safepoint: 3448917 ns, At safepoint: 283000 ns, Total: 3731917 ns
[2022-09-04T15:55:33.596+0000][1][safepoint    ] Safepoint "Cleanup", Time since last: 1005596209 ns, Reaching safepoint: 2972125 ns, At safepoint: 79041 ns, Total: 3051166 ns
[2022-09-04T15:55:34.608+0000][1][safepoint    ] Safepoint "Cleanup", Time since last: 1008094418 ns, Reaching safepoint: 3950625 ns, At safepoint: 189041 ns, Total: 4139666 ns
[2022-09-04T15:55:35.618+0000][1][safepoint    ] Safepoint "Cleanup", Time since last: 1007464959 ns, Reaching safepoint: 1766000 ns, At safepoint: 46458 ns, Total: 1812458 ns
[2022-09-04T15:55:36.622+0000][1][safepoint    ] Safepoint "Cleanup", Time since last: 1002862543 ns, Reaching safepoint: 1697375 ns, At safepoint: 99125 ns, Total: 1796500 ns
[2022-09-04T15:55:37.629+0000][1][safepoint    ] Safepoint "Cleanup", Time since last: 1003636500 ns, Reaching safepoint: 2833958 ns, At safepoint: 108209 ns, Total: 2942167 ns
[2022-09-04T15:55:38.637+0000][1][safepoint    ] Safepoint "Cleanup", Time since last: 1005164834 ns, Reaching safepoint: 2571083 ns, At safepoint: 72917 ns, Total: 2644000 ns
[2022-09-04T15:55:39.642+0000][1][safepoint    ] Safepoint "Cleanup", Time since last: 1004406083 ns, Reaching safepoint: 1028375 ns, At safepoint: 27750 ns, Total: 1056125 ns
[2022-09-04T15:55:40.646+0000][1][safepoint    ] Safepoint "Cleanup", Time since last: 1002360959 ns, Reaching safepoint: 1084875 ns, At safepoint: 34292 ns, Total: 1119167 ns
[2022-09-04T15:55:41.654+0000][1][safepoint    ] Safepoint "Cleanup", Time since last: 1004950417 ns, Reaching safepoint: 2819792 ns, At safepoint: 96291 ns, Total: 2916083 ns
[2022-09-04T15:55:42.666+0000][1][safepoint    ] Safepoint "Cleanup", Time since last: 1008421042 ns, Reaching safepoint: 4063375 ns, At safepoint: 106167 ns, Total: 4169542 ns
[2022-09-04T15:55:43.675+0000][1][safepoint    ] Safepoint "Cleanup", Time since last: 1005383042 ns, Reaching safepoint: 3727125 ns, At safepoint: 209959 ns, Total: 3937084 ns
[2022-09-04T15:55:44.687+0000][1][safepoint    ] Safepoint "Cleanup", Time since last: 1008793208 ns, Reaching safepoint: 2351417 ns, At safepoint: 81292 ns, Total: 2432709 ns
[2022-09-04T15:55:45.692+0000][1][safepoint    ] Safepoint "Cleanup", Time since last: 1003861709 ns, Reaching safepoint: 1641666 ns, At safepoint: 49584 ns, Total: 1691250 ns
[2022-09-04T15:55:46.697+0000][1][safepoint    ] Safepoint "Cleanup", Time since last: 1002753458 ns, Reaching safepoint: 1806250 ns, At safepoint: 42792 ns, Total: 1849042 ns
[2022-09-04T15:55:47.704+0000][1][safepoint    ] Safepoint "Cleanup", Time since last: 1004111292 ns, Reaching safepoint: 3129917 ns, At safepoint: 74333 ns, Total: 3204250 ns
[2022-09-04T15:55:48.713+0000][1][safepoint    ] Safepoint "Cleanup", Time since last: 1004769501 ns, Reaching safepoint: 3678916 ns, At safepoint: 59125 ns, Total: 3738041 ns
[2022-09-04T15:55:49.721+0000][1][safepoint    ] Safepoint "Cleanup", Time since last: 1005688459 ns, Reaching safepoint: 2908959 ns, At safepoint: 115333 ns, Total: 3024292 ns
[2022-09-04T15:55:50.852+0000][1][safepoint    ] Safepoint "RevokeBias", Time since last: 1129450000 ns, Reaching safepoint: 1372625 ns, At safepoint: 192209 ns, Total: 1564834 ns
[2022-09-04T15:55:50.858+0000][1][safepoint    ] Safepoint "RevokeBias", Time since last: 5266791 ns, Reaching safepoint: 510834 ns, At safepoint: 90250 ns, Total: 601084 ns
[2022-09-04T15:55:50.956+0000][1][safepoint    ] Safepoint "RevokeBias", Time since last: 97417875 ns, Reaching safepoint: 723625 ns, At safepoint: 102916 ns, Total: 826541 ns
[2022-09-04T15:55:50.985+0000][1][safepoint    ] Safepoint "RevokeBias", Time since last: 27443459 ns, Reaching safepoint: 1269416 ns, At safepoint: 130000 ns, Total: 1399416 ns
[2022-09-04T15:55:51.989+0000][1][safepoint    ] Safepoint "Cleanup", Time since last: 1001869501 ns, Reaching safepoint: 1455500 ns, At safepoint: 38208 ns, Total: 1493708 ns
[2022-09-04T15:55:52.992+0000][1][safepoint    ] Safepoint "Cleanup", Time since last: 1002659167 ns, Reaching safepoint: 975417 ns, At safepoint: 26250 ns, Total: 1001667 ns
[2022-09-04T15:55:54.000+0000][1][safepoint    ] Safepoint "Cleanup", Time since last: 1003729417 ns, Reaching safepoint: 3798584 ns, At safepoint: 69166 ns, Total: 3867750 ns
[2022-09-04T15:55:55.010+0000][1][safepoint    ] Safepoint "Cleanup", Time since last: 1006077542 ns, Reaching safepoint: 3712500 ns, At safepoint: 87334 ns, Total: 3799834 ns
[2022-09-04T15:55:56.015+0000][1][safepoint    ] Safepoint "Cleanup", Time since last: 1003568584 ns, Reaching safepoint: 1297083 ns, At safepoint: 36167 ns, Total: 1333250 ns
[2022-09-04T15:55:57.019+0000][1][safepoint    ] Safepoint "Cleanup", Time since last: 1002126083 ns, Reaching safepoint: 2228250 ns, At safepoint: 67959 ns, Total: 2296209 ns
[2022-09-04T15:55:58.025+0000][1][safepoint    ] Safepoint "Cleanup", Time since last: 1004557667 ns, Reaching safepoint: 1293375 ns, At safepoint: 34375 ns, Total: 1327750 ns
[2022-09-04T15:55:59.032+0000][1][safepoint    ] Safepoint "Cleanup", Time since last: 1004844959 ns, Reaching safepoint: 2073208 ns, At safepoint: 60042 ns, Total: 2133250 ns
[2022-09-04T15:56:00.039+0000][1][safepoint    ] Safepoint "Cleanup", Time since last: 1005177625 ns, Reaching safepoint: 1700750 ns, At safepoint: 39292 ns, Total: 1740042 ns
[2022-09-04T15:56:01.044+0000][1][safepoint    ] Safepoint "Cleanup", Time since last: 1004218791 ns, Reaching safepoint: 899125 ns, At safepoint: 29250 ns, Total: 928375 ns
[2022-09-04T15:56:02.048+0000][1][safepoint    ] Safepoint "Cleanup", Time since last: 1002152709 ns, Reaching safepoint: 1811125 ns, At safepoint: 40958 ns, Total: 1852083 ns
[2022-09-04T15:56:03.053+0000][1][safepoint    ] Safepoint "Cleanup", Time since last: 1003711876 ns, Reaching safepoint: 819083 ns, At safepoint: 21375 ns, Total: 840458 ns
[2022-09-04T15:56:04.057+0000][1][safepoint    ] Safepoint "Cleanup", Time since last: 1001739626 ns, Reaching safepoint: 2063333 ns, At safepoint: 60625 ns, Total: 2123958 ns
[2022-09-04T15:56:05.062+0000][1][safepoint    ] Safepoint "Cleanup", Time since last: 1004986792 ns, Reaching safepoint: 809875 ns, At safepoint: 21792 ns, Total: 831667 ns
[2022-09-04T15:56:06.066+0000][1][safepoint    ] Safepoint "Cleanup", Time since last: 1002996584 ns, Reaching safepoint: 816208 ns, At safepoint: 23458 ns, Total: 839666 ns
[2022-09-04T15:56:07.071+0000][1][safepoint    ] Safepoint "Cleanup", Time since last: 1002969584 ns, Reaching safepoint: 1832917 ns, At safepoint: 48083 ns, Total: 1881000 ns
[2022-09-04T15:56:08.077+0000][1][safepoint    ] Safepoint "Cleanup", Time since last: 1004708459 ns, Reaching safepoint: 900958 ns, At safepoint: 25750 ns, Total: 926708 ns
[2022-09-04T15:56:09.081+0000][1][safepoint    ] Safepoint "Cleanup", Time since last: 1001839251 ns, Reaching safepoint: 2498875 ns, At safepoint: 70791 ns, Total: 2569666 ns
[2022-09-04T15:56:10.088+0000][1][safepoint    ] Safepoint "Cleanup", Time since last: 1004026084 ns, Reaching safepoint: 2505334 ns, At safepoint: 64791 ns, Total: 2570125 ns
[2022-09-04T15:56:11.093+0000][1][safepoint    ] Safepoint "Cleanup", Time since last: 1004738292 ns, Reaching safepoint: 1040709 ns, At safepoint: 30416 ns, Total: 1071125 ns
[2022-09-04T15:56:12.097+0000][1][safepoint    ] Safepoint "Cleanup", Time since last: 1002217209 ns, Reaching safepoint: 1295875 ns, At safepoint: 33625 ns, Total: 1329500 ns
[2022-09-04T15:56:13.101+0000][1][safepoint    ] Safepoint "Cleanup", Time since last: 1003017876 ns, Reaching safepoint: 818250 ns, At safepoint: 21250 ns, Total: 839500 ns
[2022-09-04T15:56:14.106+0000][1][safepoint    ] Safepoint "Cleanup", Time since last: 1001943333 ns, Reaching safepoint: 2453209 ns, At safepoint: 261250 ns, Total: 2714459 ns
[2022-09-04T15:56:15.112+0000][1][safepoint    ] Safepoint "Cleanup", Time since last: 1003512625 ns, Reaching safepoint: 2996709 ns, At safepoint: 80208 ns, Total: 3076917 ns
[2022-09-04T15:56:16.122+0000][1][safepoint    ] Safepoint "Cleanup", Time since last: 1008104709 ns, Reaching safepoint: 1308291 ns, At safepoint: 34834 ns, Total: 1343125 ns
[2022-09-04T15:56:17.128+0000][1][safepoint    ] Safepoint "Cleanup", Time since last: 1002982584 ns, Reaching safepoint: 3379750 ns, At safepoint: 96375 ns, Total: 3476125 ns
[2022-09-04T15:56:18.146+0000][1][safepoint    ] Safepoint "Cleanup", Time since last: 1016682500 ns, Reaching safepoint: 841458 ns, At safepoint: 21709 ns, Total: 863167 ns
[2022-09-04T15:56:19.152+0000][1][safepoint    ] Safepoint "Cleanup", Time since last: 1003144167 ns, Reaching safepoint: 3466375 ns, At safepoint: 98042 ns, Total: 3564417 ns
[2022-09-04T15:56:20.161+0000][1][safepoint    ] Safepoint "Cleanup", Time since last: 1007425750 ns, Reaching safepoint: 1462458 ns, At safepoint: 40375 ns, Total: 1502833 ns
[2022-09-04T15:56:21.168+0000][1][safepoint    ] Safepoint "Cleanup", Time since last: 1003154043 ns, Reaching safepoint: 3038833 ns, At safepoint: 80583 ns, Total: 3119416 ns
[2022-09-04T15:56:22.173+0000][1][safepoint    ] Safepoint "Cleanup", Time since last: 1004085084 ns, Reaching safepoint: 1450542 ns, At safepoint: 35833 ns, Total: 1486375 ns
[2022-09-04T15:56:23.177+0000][1][safepoint    ] Safepoint "Cleanup", Time since last: 1002737542 ns, Reaching safepoint: 840583 ns, At safepoint: 21334 ns, Total: 861917 ns
[2022-09-04T15:56:24.180+0000][1][safepoint    ] Safepoint "Cleanup", Time since last: 1002123125 ns, Reaching safepoint: 1638834 ns, At safepoint: 39083 ns, Total: 1677917 ns
[2022-09-04T15:56:25.187+0000][1][safepoint    ] Safepoint "Cleanup", Time since last: 1002932625 ns, Reaching safepoint: 2787250 ns, At safepoint: 79334 ns, Total: 2866584 ns
[2022-09-04T15:56:26.194+0000][1][safepoint    ] Safepoint "Cleanup", Time since last: 1006016042 ns, Reaching safepoint: 1322708 ns, At safepoint: 39709 ns, Total: 1362417 ns
[2022-09-04T15:56:27.199+0000][1][safepoint    ] Safepoint "Cleanup", Time since last: 1002617000 ns, Reaching safepoint: 2289250 ns, At safepoint: 54833 ns, Total: 2344083 ns
[2022-09-04T15:56:28.204+0000][1][safepoint    ] Safepoint "Cleanup", Time since last: 1004578251 ns, Reaching safepoint: 882750 ns, At safepoint: 22500 ns, Total: 905250 ns
[2022-09-04T15:56:29.210+0000][1][safepoint    ] Safepoint "Cleanup", Time since last: 1004456584 ns, Reaching safepoint: 1341458 ns, At safepoint: 33833 ns, Total: 1375291 ns
[2022-09-04T15:56:30.215+0000][1][safepoint    ] Safepoint "Cleanup", Time since last: 1004061501 ns, Reaching safepoint: 981750 ns, At safepoint: 24792 ns, Total: 1006542 ns
[2022-09-04T15:56:31.219+0000][1][safepoint    ] Safepoint "Cleanup", Time since last: 1001857458 ns, Reaching safepoint: 2300208 ns, At safepoint: 73334 ns, Total: 2373542 ns
[2022-09-04T15:56:32.227+0000][1][safepoint    ] Safepoint "Cleanup", Time since last: 1006135375 ns, Reaching safepoint: 1816833 ns, At safepoint: 65750 ns, Total: 1882583 ns
[2022-09-04T15:56:33.469+0000][1][safepoint    ] Safepoint "Cleanup", Time since last: 1240145584 ns, Reaching safepoint: 1692167 ns, At safepoint: 50667 ns, Total: 1742834 ns
[2022-09-04T15:56:34.474+0000][1][safepoint    ] Safepoint "Cleanup", Time since last: 1003923375 ns, Reaching safepoint: 815667 ns, At safepoint: 21875 ns, Total: 837542 ns
[2022-09-04T15:56:35.478+0000][1][safepoint    ] Safepoint "Cleanup", Time since last: 1002649459 ns, Reaching safepoint: 1913916 ns, At safepoint: 52625 ns, Total: 1966541 ns
[2022-09-04T15:56:36.484+0000][1][safepoint    ] Safepoint "Cleanup", Time since last: 1004206543 ns, Reaching safepoint: 848750 ns, At safepoint: 21416 ns, Total: 870166 ns
[2022-09-04T15:56:37.488+0000][1][safepoint    ] Safepoint "Cleanup", Time since last: 1003042876 ns, Reaching safepoint: 1197041 ns, At safepoint: 28709 ns, Total: 1225750 ns
[2022-09-04T15:56:38.491+0000][1][safepoint    ] Safepoint "Cleanup", Time since last: 1002006875 ns, Reaching safepoint: 1214750 ns, At safepoint: 40708 ns, Total: 1255458 ns
[2022-09-04T15:56:39.494+0000][1][safepoint    ] Safepoint "Cleanup", Time since last: 1002219001 ns, Reaching safepoint: 1051167 ns, At safepoint: 26291 ns, Total: 1077458 ns
[2022-09-04T15:56:40.499+0000][1][safepoint    ] Safepoint "Cleanup", Time since last: 1003337959 ns, Reaching safepoint: 1639417 ns, At safepoint: 40041 ns, Total: 1679458 ns
[2022-09-04T15:56:41.505+0000][1][safepoint    ] Safepoint "Cleanup", Time since last: 1003694084 ns, Reaching safepoint: 1796209 ns, At safepoint: 48791 ns, Total: 1845000 ns
[2022-09-04T15:56:42.514+0000][1][safepoint    ] Safepoint "Cleanup", Time since last: 1007313542 ns, Reaching safepoint: 1459084 ns, At safepoint: 36416 ns, Total: 1495500 ns
[2022-09-04T15:56:43.523+0000][1][safepoint    ] Safepoint "Cleanup", Time since last: 1008068918 ns, Reaching safepoint: 1081416 ns, At safepoint: 25417 ns, Total: 1106833 ns
[2022-09-04T15:56:44.531+0000][1][safepoint    ] Safepoint "Cleanup", Time since last: 1007170709 ns, Reaching safepoint: 1313375 ns, At safepoint: 30875 ns, Total: 1344250 ns
[2022-09-04T15:56:45.539+0000][1][safepoint    ] Safepoint "Cleanup", Time since last: 1006810084 ns, Reaching safepoint: 1169541 ns, At safepoint: 30542 ns, Total: 1200083 ns
[2022-09-04T15:56:46.552+0000][1][safepoint    ] Safepoint "Cleanup", Time since last: 1004388417 ns, Reaching safepoint: 5817042 ns, At safepoint: 391666 ns, Total: 6208708 ns
[2022-09-04T15:56:47.560+0000][1][safepoint    ] Safepoint "Cleanup", Time since last: 1008945751 ns, Reaching safepoint: 1052416 ns, At safepoint: 28500 ns, Total: 1080916 ns
[2022-09-04T15:56:48.564+0000][1][safepoint    ] Safepoint "Cleanup", Time since last: 1002111293 ns, Reaching safepoint: 1623875 ns, At safepoint: 40416 ns, Total: 1664291 ns
[2022-09-04T15:56:49.571+0000][1][safepoint    ] Safepoint "Cleanup", Time since last: 1004546792 ns, Reaching safepoint: 2724667 ns, At safepoint: 71167 ns, Total: 2795834 ns
[2022-09-04T15:56:50.578+0000][1][safepoint    ] Safepoint "Cleanup", Time since last: 1005491625 ns, Reaching safepoint: 861209 ns, At safepoint: 22041 ns, Total: 883250 ns
[2022-09-04T15:56:51.539+0000][1][safepoint    ] Safepoint "RevokeBias", Time since last: 958591834 ns, Reaching safepoint: 742875 ns, At safepoint: 1729667 ns, Total: 2472542 ns
[2022-09-04T15:56:51.546+0000][1][safepoint    ] Safepoint "RevokeBias", Time since last: 7064291 ns, Reaching safepoint: 474917 ns, At safepoint: 90125 ns, Total: 565042 ns
[2022-09-04T15:56:51.615+0000][1][safepoint    ] Safepoint "RevokeBias", Time since last: 67294375 ns, Reaching safepoint: 997292 ns, At safepoint: 111291 ns, Total: 1108583 ns
[2022-09-04T15:56:51.729+0000][1][safepoint    ] Safepoint "RevokeBias", Time since last: 112045084 ns, Reaching safepoint: 2236833 ns, At safepoint: 184667 ns, Total: 2421500 ns
[2022-09-04T15:56:52.878+0000][1][safepoint    ] Safepoint "Cleanup", Time since last: 1146712042 ns, Reaching safepoint: 1867208 ns, At safepoint: 55417 ns, Total: 1922625 ns
[2022-09-04T15:56:53.883+0000][1][safepoint    ] Safepoint "Cleanup", Time since last: 1003988959 ns, Reaching safepoint: 1455875 ns, At safepoint: 31416 ns, Total: 1487291 ns
[2022-09-04T15:56:54.888+0000][1][safepoint    ] Safepoint "Cleanup", Time since last: 1003121501 ns, Reaching safepoint: 1179750 ns, At safepoint: 31250 ns, Total: 1211000 ns
[2022-09-04T15:56:55.891+0000][1][safepoint    ] Safepoint "Cleanup", Time since last: 1002685667 ns, Reaching safepoint: 916292 ns, At safepoint: 22666 ns, Total: 938958 ns
[2022-09-04T15:56:56.895+0000][1][safepoint    ] Safepoint "Cleanup", Time since last: 1002679834 ns, Reaching safepoint: 931417 ns, At safepoint: 21208 ns, Total: 952625 ns
[2022-09-04T15:56:57.898+0000][1][safepoint    ] Safepoint "Cleanup", Time since last: 1001536584 ns, Reaching safepoint: 1462750 ns, At safepoint: 68125 ns, Total: 1530875 ns
[2022-09-04T15:56:58.903+0000][1][safepoint    ] Safepoint "Cleanup", Time since last: 1003602376 ns, Reaching safepoint: 1062625 ns, At safepoint: 23875 ns, Total: 1086500 ns
[2022-09-04T15:56:59.907+0000][1][safepoint    ] Safepoint "Cleanup", Time since last: 1003882042 ns, Reaching safepoint: 872333 ns, At safepoint: 23292 ns, Total: 895625 ns
[2022-09-04T15:57:00.909+0000][1][safepoint    ] Safepoint "Cleanup", Time since last: 1001412917 ns, Reaching safepoint: 954083 ns, At safepoint: 28333 ns, Total: 982416 ns
[2022-09-04T15:57:01.913+0000][1][safepoint    ] Safepoint "Cleanup", Time since last: 1002334542 ns, Reaching safepoint: 825375 ns, At safepoint: 18917 ns, Total: 844292 ns
[2022-09-04T15:57:02.915+0000][1][safepoint    ] Safepoint "Cleanup", Time since last: 1001579959 ns, Reaching safepoint: 1201375 ns, At safepoint: 28875 ns, Total: 1230250 ns
[2022-09-04T15:57:03.919+0000][1][safepoint    ] Safepoint "Cleanup", Time since last: 1002929667 ns, Reaching safepoint: 989583 ns, At safepoint: 26500 ns, Total: 1016083 ns
[2022-09-04T15:57:04.924+0000][1][safepoint    ] Safepoint "Cleanup", Time since last: 1003614751 ns, Reaching safepoint: 894958 ns, At safepoint: 25083 ns, Total: 920041 ns
[2022-09-04T15:57:05.295+0000][1][safepoint    ] Safepoint "BulkRevokeBias", Time since last: 364707626 ns, Reaching safepoint: 3097791 ns, At safepoint: 2882542 ns, Total: 5980333 ns
[2022-09-04T15:57:05.301+0000][1][safepoint    ] Safepoint "RevokeBias", Time since last: 5605625 ns, Reaching safepoint: 606333 ns, At safepoint: 116375 ns, Total: 722708 ns
[2022-09-04T15:57:05.410+0000][1][safepoint    ] Safepoint "RevokeBias", Time since last: 107612917 ns, Reaching safepoint: 953333 ns, At safepoint: 111417 ns, Total: 1064750 ns
[2022-09-04T15:57:05.466+0000][1][safepoint    ] Safepoint "RevokeBias", Time since last: 54734917 ns, Reaching safepoint: 1283000 ns, At safepoint: 109166 ns, Total: 1392166 ns
[2022-09-04T15:57:06.468+0000][1][safepoint    ] Safepoint "Cleanup", Time since last: 1001522709 ns, Reaching safepoint: 1018500 ns, At safepoint: 23000 ns, Total: 1041500 ns
[2022-09-04T15:57:07.472+0000][1][safepoint    ] Safepoint "Cleanup", Time since last: 1002168542 ns, Reaching safepoint: 1247292 ns, At safepoint: 33083 ns, Total: 1280375 ns
[2022-09-04T15:57:08.476+0000][1][safepoint    ] Safepoint "Cleanup", Time since last: 1003368126 ns, Reaching safepoint: 1152708 ns, At safepoint: 31750 ns, Total: 1184458 ns
[2022-09-04T15:57:09.481+0000][1][safepoint    ] Safepoint "Cleanup", Time since last: 1003453292 ns, Reaching safepoint: 854917 ns, At safepoint: 29708 ns, Total: 884625 ns
[2022-09-04T15:57:10.485+0000][1][safepoint    ] Safepoint "Cleanup", Time since last: 1003576084 ns, Reaching safepoint: 826583 ns, At safepoint: 20125 ns, Total: 846708 ns
[2022-09-04T15:57:11.488+0000][1][safepoint    ] Safepoint "Cleanup", Time since last: 1001556251 ns, Reaching safepoint: 1059667 ns, At safepoint: 28208 ns, Total: 1087875 ns
[2022-09-04T15:57:12.493+0000][1][safepoint    ] Safepoint "Cleanup", Time since last: 1001846209 ns, Reaching safepoint: 3330541 ns, At safepoint: 131709 ns, Total: 3462250 ns
[2022-09-04T15:57:13.501+0000][1][safepoint    ] Safepoint "Cleanup", Time since last: 1003846250 ns, Reaching safepoint: 3891167 ns, At safepoint: 117833 ns, Total: 4009000 ns
[2022-09-04T15:57:14.508+0000][1][safepoint    ] Safepoint "Cleanup", Time since last: 1005239792 ns, Reaching safepoint: 1500500 ns, At safepoint: 35834 ns, Total: 1536334 ns
[2022-09-04T15:57:15.515+0000][1][safepoint    ] Safepoint "Cleanup", Time since last: 1002894250 ns, Reaching safepoint: 4161250 ns, At safepoint: 156500 ns, Total: 4317750 ns
[2022-09-04T15:57:16.524+0000][1][safepoint    ] Safepoint "Cleanup", Time since last: 1007765751 ns, Reaching safepoint: 1039791 ns, At safepoint: 45834 ns, Total: 1085625 ns
[2022-09-04T15:57:16.932+0000][1][safepoint    ] Safepoint "RevokeBias", Time since last: 406747500 ns, Reaching safepoint: 990458 ns, At safepoint: 87959 ns, Total: 1078417 ns
[2022-09-04T15:57:16.934+0000][1][safepoint    ] Safepoint "RevokeBias", Time since last: 1651666 ns, Reaching safepoint: 365459 ns, At safepoint: 71958 ns, Total: 437417 ns
[2022-09-04T15:57:16.958+0000][1][safepoint    ] Safepoint "RevokeBias", Time since last: 24046625 ns, Reaching safepoint: 591333 ns, At safepoint: 95667 ns, Total: 687000 ns
[2022-09-04T15:57:16.966+0000][1][safepoint    ] Safepoint "RevokeBias", Time since last: 7376833 ns, Reaching safepoint: 403417 ns, At safepoint: 84125 ns, Total: 487542 ns
[2022-09-04T15:57:17.009+0000][1][safepoint    ] Safepoint "RevokeBias", Time since last: 41521708 ns, Reaching safepoint: 823459 ns, At safepoint: 97833 ns, Total: 921292 ns
[2022-09-04T15:57:17.012+0000][1][safepoint    ] Safepoint "RevokeBias", Time since last: 2271250 ns, Reaching safepoint: 643583 ns, At safepoint: 84209 ns, Total: 727792 ns
[2022-09-04T15:57:17.019+0000][1][safepoint    ] Safepoint "RevokeBias", Time since last: 6459583 ns, Reaching safepoint: 749292 ns, At safepoint: 162583 ns, Total: 911875 ns
[2022-09-04T15:57:17.022+0000][1][safepoint    ] Safepoint "RevokeBias", Time since last: 1917875 ns, Reaching safepoint: 458792 ns, At safepoint: 147500 ns, Total: 606292 ns
[2022-09-04T15:57:17.035+0000][1][safepoint    ] Safepoint "RevokeBias", Time since last: 12486791 ns, Reaching safepoint: 629750 ns, At safepoint: 90792 ns, Total: 720542 ns
[2022-09-04T15:57:17.063+0000][1][safepoint    ] Safepoint "RevokeBias", Time since last: 27494833 ns, Reaching safepoint: 582875 ns, At safepoint: 112584 ns, Total: 695459 ns
[2022-09-04T15:57:17.067+0000][1][safepoint    ] Safepoint "RevokeBias", Time since last: 3157458 ns, Reaching safepoint: 686000 ns, At safepoint: 116667 ns, Total: 802667 ns
[2022-09-04T15:57:17.086+0000][1][safepoint    ] Safepoint "RevokeBias", Time since last: 18801416 ns, Reaching safepoint: 643084 ns, At safepoint: 81958 ns, Total: 725042 ns
[2022-09-04T15:57:17.862+0000][1][safepoint    ] Safepoint "RevokeBias", Time since last: 774342500 ns, Reaching safepoint: 1427667 ns, At safepoint: 146917 ns, Total: 1574584 ns
[2022-09-04T15:57:18.866+0000][1][safepoint    ] Safepoint "Cleanup", Time since last: 1002196500 ns, Reaching safepoint: 1513250 ns, At safepoint: 32167 ns, Total: 1545417 ns
[2022-09-04T15:57:19.870+0000][1][safepoint    ] Safepoint "Cleanup", Time since last: 1002475834 ns, Reaching safepoint: 1212541 ns, At safepoint: 35375 ns, Total: 1247916 ns
[2022-09-04T15:57:20.113+0000][1][safepoint    ] Safepoint "RevokeBias", Time since last: 242394042 ns, Reaching safepoint: 692208 ns, At safepoint: 159834 ns, Total: 852042 ns
[2022-09-04T15:57:20.121+0000][1][safepoint    ] Safepoint "RevokeBias", Time since last: 7044041 ns, Reaching safepoint: 491459 ns, At safepoint: 92041 ns, Total: 583500 ns
[2022-09-04T15:57:20.158+0000][1][safepoint    ] Safepoint "RevokeBias", Time since last: 35905334 ns, Reaching safepoint: 1179791 ns, At safepoint: 101209 ns, Total: 1281000 ns
[2022-09-04T15:57:20.199+0000][1][safepoint    ] Safepoint "RevokeBias", Time since last: 40395041 ns, Reaching safepoint: 911750 ns, At safepoint: 155875 ns, Total: 1067625 ns
[2022-09-04T15:57:20.247+0000][1][safepoint    ] Safepoint "RevokeBias", Time since last: 46184917 ns, Reaching safepoint: 1097375 ns, At safepoint: 138833 ns, Total: 1236208 ns
[2022-09-04T15:57:21.252+0000][1][safepoint    ] Safepoint "Cleanup", Time since last: 1004084126 ns, Reaching safepoint: 1029208 ns, At safepoint: 24875 ns, Total: 1054083 ns
[2022-09-04T15:57:22.262+0000][1][safepoint    ] Safepoint "Cleanup", Time since last: 1008908501 ns, Reaching safepoint: 862583 ns, At safepoint: 24792 ns, Total: 887375 ns
[2022-09-04T15:57:23.268+0000][1][safepoint    ] Safepoint "Cleanup", Time since last: 1004997875 ns, Reaching safepoint: 1129584 ns, At safepoint: 31750 ns, Total: 1161334 ns
[2022-09-04T15:57:24.273+0000][1][safepoint    ] Safepoint "Cleanup", Time since last: 1003675583 ns, Reaching safepoint: 1332459 ns, At safepoint: 37333 ns, Total: 1369792 ns
[2022-09-04T15:57:25.278+0000][1][safepoint    ] Safepoint "Cleanup", Time since last: 1002931625 ns, Reaching safepoint: 2059167 ns, At safepoint: 90125 ns, Total: 2149292 ns
[2022-09-04T15:57:26.283+0000][1][safepoint    ] Safepoint "Cleanup", Time since last: 1004061834 ns, Reaching safepoint: 930292 ns, At safepoint: 25000 ns, Total: 955292 ns
[2022-09-04T15:57:27.291+0000][1][safepoint    ] Safepoint "Cleanup", Time since last: 1004138917 ns, Reaching safepoint: 3372333 ns, At safepoint: 68292 ns, Total: 3440625 ns
[2022-09-04T15:57:28.297+0000][1][safepoint    ] Safepoint "Cleanup", Time since last: 1005341750 ns, Reaching safepoint: 998709 ns, At safepoint: 24875 ns, Total: 1023584 ns
[2022-09-04T15:57:29.300+0000][1][safepoint    ] Safepoint "Cleanup", Time since last: 1002032375 ns, Reaching safepoint: 833625 ns, At safepoint: 23417 ns, Total: 857042 ns
[2022-09-04T15:57:30.307+0000][1][safepoint    ] Safepoint "Cleanup", Time since last: 1004705042 ns, Reaching safepoint: 2182708 ns, At safepoint: 61167 ns, Total: 2243875 ns
[2022-09-04T15:57:31.312+0000][1][safepoint    ] Safepoint "Cleanup", Time since last: 1003961875 ns, Reaching safepoint: 1631000 ns, At safepoint: 34500 ns, Total: 1665500 ns
[2022-09-04T15:57:32.317+0000][1][safepoint    ] Safepoint "Cleanup", Time since last: 1003021459 ns, Reaching safepoint: 1742916 ns, At safepoint: 44292 ns, Total: 1787208 ns
[2022-09-04T15:57:33.322+0000][1][safepoint    ] Safepoint "Cleanup", Time since last: 1003347292 ns, Reaching safepoint: 1041542 ns, At safepoint: 31625 ns, Total: 1073167 ns
[2022-09-04T15:57:34.325+0000][1][safepoint    ] Safepoint "Cleanup", Time since last: 1002583958 ns, Reaching safepoint: 945625 ns, At safepoint: 25209 ns, Total: 970834 ns
[2022-09-04T15:57:35.329+0000][1][safepoint    ] Safepoint "Cleanup", Time since last: 1002088667 ns, Reaching safepoint: 1260375 ns, At safepoint: 32042 ns, Total: 1292417 ns
[2022-09-04T15:57:36.332+0000][1][safepoint    ] Safepoint "Cleanup", Time since last: 1002330250 ns, Reaching safepoint: 868667 ns, At safepoint: 23875 ns, Total: 892542 ns
[2022-09-04T15:57:37.337+0000][1][safepoint    ] Safepoint "Cleanup", Time since last: 1002673375 ns, Reaching safepoint: 1969042 ns, At safepoint: 44417 ns, Total: 2013459 ns
[2022-09-04T15:57:38.344+0000][1][safepoint    ] Safepoint "Cleanup", Time since last: 1006379458 ns, Reaching safepoint: 987542 ns, At safepoint: 21500 ns, Total: 1009042 ns
[2022-09-04T15:57:39.349+0000][1][safepoint    ] Safepoint "Cleanup", Time since last: 1003482042 ns, Reaching safepoint: 1067625 ns, At safepoint: 29042 ns, Total: 1096667 ns
[2022-09-04T15:57:40.353+0000][1][safepoint    ] Safepoint "Cleanup", Time since last: 1003208959 ns, Reaching safepoint: 956250 ns, At safepoint: 20458 ns, Total: 976708 ns
[2022-09-04T15:57:41.357+0000][1][safepoint    ] Safepoint "Cleanup", Time since last: 1003602042 ns, Reaching safepoint: 983084 ns, At safepoint: 23875 ns, Total: 1006959 ns
[2022-09-04T15:57:42.363+0000][1][safepoint    ] Safepoint "Cleanup", Time since last: 1004530042 ns, Reaching safepoint: 1405375 ns, At safepoint: 32416 ns, Total: 1437791 ns
[2022-09-04T15:57:43.367+0000][1][safepoint    ] Safepoint "Cleanup", Time since last: 1002925751 ns, Reaching safepoint: 987833 ns, At safepoint: 21542 ns, Total: 1009375 ns
[2022-09-04T15:57:44.371+0000][1][safepoint    ] Safepoint "Cleanup", Time since last: 1001803292 ns, Reaching safepoint: 1481583 ns, At safepoint: 36917 ns, Total: 1518500 ns
[2022-09-04T15:57:45.375+0000][1][safepoint    ] Safepoint "Cleanup", Time since last: 1002568334 ns, Reaching safepoint: 1382416 ns, At safepoint: 32000 ns, Total: 1414416 ns
[2022-09-04T15:57:46.378+0000][1][safepoint    ] Safepoint "Cleanup", Time since last: 1002861876 ns, Reaching safepoint: 858417 ns, At safepoint: 20083 ns, Total: 878500 ns
[2022-09-04T15:57:47.380+0000][1][safepoint    ] Safepoint "Cleanup", Time since last: 1001314584 ns, Reaching safepoint: 808541 ns, At safepoint: 20042 ns, Total: 828583 ns
[2022-09-04T15:57:48.383+0000][1][safepoint    ] Safepoint "Cleanup", Time since last: 1001844084 ns, Reaching safepoint: 996917 ns, At safepoint: 22625 ns, Total: 1019542 ns
[2022-09-04T15:57:49.386+0000][1][safepoint    ] Safepoint "Cleanup", Time since last: 1001781208 ns, Reaching safepoint: 962709 ns, At safepoint: 41875 ns, Total: 1004584 ns
[2022-09-04T15:57:50.389+0000][1][safepoint    ] Safepoint "Cleanup", Time since last: 1002267417 ns, Reaching safepoint: 850791 ns, At safepoint: 22792 ns, Total: 873583 ns
[2022-09-04T15:57:51.552+0000][1][safepoint    ] Safepoint "Cleanup", Time since last: 1159909792 ns, Reaching safepoint: 2665542 ns, At safepoint: 67875 ns, Total: 2733417 ns
[2022-09-04T15:57:52.561+0000][1][safepoint    ] Safepoint "Cleanup", Time since last: 1005006334 ns, Reaching safepoint: 3777625 ns, At safepoint: 99167 ns, Total: 3876792 ns
[2022-09-04T15:57:53.569+0000][1][safepoint    ] Safepoint "Cleanup", Time since last: 1005891500 ns, Reaching safepoint: 2319500 ns, At safepoint: 65042 ns, Total: 2384542 ns
[2022-09-04T15:57:54.575+0000][1][safepoint    ] Safepoint "Cleanup", Time since last: 1003859125 ns, Reaching safepoint: 2479083 ns, At safepoint: 61584 ns, Total: 2540667 ns
[2022-09-04T15:57:55.583+0000][1][safepoint    ] Safepoint "Cleanup", Time since last: 1003759334 ns, Reaching safepoint: 3547541 ns, At safepoint: 148792 ns, Total: 3696333 ns
[2022-09-04T15:57:56.591+0000][1][safepoint    ] Safepoint "Cleanup", Time since last: 1006663250 ns, Reaching safepoint: 1099792 ns, At safepoint: 26250 ns, Total: 1126042 ns
[2022-09-04T15:57:57.599+0000][1][safepoint    ] Safepoint "Cleanup", Time since last: 1004860667 ns, Reaching safepoint: 2957459 ns, At safepoint: 83791 ns, Total: 3041250 ns
[2022-09-04T15:57:58.610+0000][1][safepoint    ] Safepoint "Cleanup", Time since last: 1009529709 ns, Reaching safepoint: 1419875 ns, At safepoint: 37208 ns, Total: 1457083 ns
[2022-09-04T15:57:59.620+0000][1][safepoint    ] Safepoint "Cleanup", Time since last: 1008197501 ns, Reaching safepoint: 2613042 ns, At safepoint: 60250 ns, Total: 2673292 ns
[2022-09-04T15:58:00.629+0000][1][safepoint    ] Safepoint "Cleanup", Time since last: 1005288417 ns, Reaching safepoint: 3531958 ns, At safepoint: 91583 ns, Total: 3623541 ns
[2022-09-04T15:58:01.634+0000][1][safepoint    ] Safepoint "Cleanup", Time since last: 1003902750 ns, Reaching safepoint: 1289625 ns, At safepoint: 29833 ns, Total: 1319458 ns
[2022-09-04T15:58:02.641+0000][1][safepoint    ] Safepoint "Cleanup", Time since last: 1002684376 ns, Reaching safepoint: 3597208 ns, At safepoint: 97875 ns, Total: 3695083 ns
[2022-09-04T15:58:03.650+0000][1][safepoint    ] Safepoint "Cleanup", Time since last: 1007076167 ns, Reaching safepoint: 1857167 ns, At safepoint: 49042 ns, Total: 1906209 ns
[2022-09-04T15:58:04.658+0000][1][safepoint    ] Safepoint "Cleanup", Time since last: 1005961417 ns, Reaching safepoint: 2490541 ns, At safepoint: 65209 ns, Total: 2555750 ns
[2022-09-04T15:58:05.664+0000][1][safepoint    ] Safepoint "Cleanup", Time since last: 1003895750 ns, Reaching safepoint: 1584250 ns, At safepoint: 40375 ns, Total: 1624625 ns
[2022-09-04T15:58:06.669+0000][1][safepoint    ] Safepoint "Cleanup", Time since last: 1002718167 ns, Reaching safepoint: 2357792 ns, At safepoint: 89708 ns, Total: 2447500 ns
[2022-09-04T15:58:07.676+0000][1][safepoint    ] Safepoint "Cleanup", Time since last: 1003052876 ns, Reaching safepoint: 3597666 ns, At safepoint: 85750 ns, Total: 3683416 ns
[2022-09-04T15:58:08.683+0000][1][safepoint    ] Safepoint "Cleanup", Time since last: 1004899251 ns, Reaching safepoint: 2932042 ns, At safepoint: 66750 ns, Total: 2998792 ns
[2022-09-04T15:58:09.691+0000][1][safepoint    ] Safepoint "Cleanup", Time since last: 1005516500 ns, Reaching safepoint: 2271750 ns, At safepoint: 81625 ns, Total: 2353375 ns
[2022-09-04T15:58:10.696+0000][1][safepoint    ] Safepoint "Cleanup", Time since last: 1003375334 ns, Reaching safepoint: 1129208 ns, At safepoint: 25750 ns, Total: 1154958 ns
[2022-09-04T15:58:11.701+0000][1][safepoint    ] Safepoint "Cleanup", Time since last: 1001963876 ns, Reaching safepoint: 2739541 ns, At safepoint: 88000 ns, Total: 2827541 ns
[2022-09-04T15:58:12.706+0000][1][safepoint    ] Safepoint "Cleanup", Time since last: 1002840251 ns, Reaching safepoint: 2612666 ns, At safepoint: 54500 ns, Total: 2667166 ns
[2022-09-04T15:58:13.712+0000][1][safepoint    ] Safepoint "Cleanup", Time since last: 1003469709 ns, Reaching safepoint: 2468542 ns, At safepoint: 81625 ns, Total: 2550167 ns
[2022-09-04T15:58:14.718+0000][1][safepoint    ] Safepoint "Cleanup", Time since last: 1004029792 ns, Reaching safepoint: 2112250 ns, At safepoint: 46750 ns, Total: 2159000 ns
[2022-09-04T15:58:15.723+0000][1][safepoint    ] Safepoint "Cleanup", Time since last: 1003473709 ns, Reaching safepoint: 1445667 ns, At safepoint: 43666 ns, Total: 1489333 ns
[2022-09-04T15:58:16.730+0000][1][safepoint    ] Safepoint "Cleanup", Time since last: 1003182709 ns, Reaching safepoint: 3050833 ns, At safepoint: 83875 ns, Total: 3134708 ns
[2022-09-04T15:58:17.738+0000][1][safepoint    ] Safepoint "Cleanup", Time since last: 1005989001 ns, Reaching safepoint: 2377000 ns, At safepoint: 79000 ns, Total: 2456000 ns
[2022-09-04T15:58:18.745+0000][1][safepoint    ] Safepoint "Cleanup", Time since last: 1004070250 ns, Reaching safepoint: 2834334 ns, At safepoint: 83000 ns, Total: 2917334 ns
[2022-09-04T15:58:19.751+0000][1][safepoint    ] Safepoint "Cleanup", Time since last: 1004428750 ns, Reaching safepoint: 1477417 ns, At safepoint: 35333 ns, Total: 1512750 ns
[2022-09-04T15:58:21.603+0000][1][safepoint    ] Safepoint "Cleanup", Time since last: 1850530209 ns, Reaching safepoint: 1534500 ns, At safepoint: 43417 ns, Total: 1577917 ns
[2022-09-04T15:58:22.607+0000][1][safepoint    ] Safepoint "Cleanup", Time since last: 1003185501 ns, Reaching safepoint: 916500 ns, At safepoint: 23666 ns, Total: 940166 ns
[2022-09-04T15:58:23.611+0000][1][safepoint    ] Safepoint "Cleanup", Time since last: 1002045626 ns, Reaching safepoint: 1375833 ns, At safepoint: 41708 ns, Total: 1417541 ns
[2022-09-04T15:58:24.617+0000][1][safepoint    ] Safepoint "Cleanup", Time since last: 1003340959 ns, Reaching safepoint: 2979375 ns, At safepoint: 77042 ns, Total: 3056417 ns
[2022-09-04T15:58:25.625+0000][1][safepoint    ] Safepoint "Cleanup", Time since last: 1003871042 ns, Reaching safepoint: 3468792 ns, At safepoint: 109000 ns, Total: 3577792 ns
[2022-09-04T15:58:26.630+0000][1][safepoint    ] Safepoint "Cleanup", Time since last: 1004872708 ns, Reaching safepoint: 1133625 ns, At safepoint: 29375 ns, Total: 1163000 ns
[2022-09-04T15:58:27.637+0000][1][safepoint    ] Safepoint "Cleanup", Time since last: 1002766126 ns, Reaching safepoint: 3559958 ns, At safepoint: 93000 ns, Total: 3652958 ns
[2022-09-04T15:58:28.648+0000][1][safepoint    ] Safepoint "Cleanup", Time since last: 1010351834 ns, Reaching safepoint: 987208 ns, At safepoint: 46542 ns, Total: 1033750 ns
[2022-09-04T15:58:29.653+0000][1][safepoint    ] Safepoint "Cleanup", Time since last: 1002429667 ns, Reaching safepoint: 2365875 ns, At safepoint: 58250 ns, Total: 2424125 ns
[2022-09-04T15:58:30.659+0000][1][safepoint    ] Safepoint "Cleanup", Time since last: 1003455126 ns, Reaching safepoint: 2009791 ns, At safepoint: 91625 ns, Total: 2101416 ns
[2022-09-04T15:58:31.666+0000][1][safepoint    ] Safepoint "Cleanup", Time since last: 1004681042 ns, Reaching safepoint: 2585667 ns, At safepoint: 74916 ns, Total: 2660583 ns
[2022-09-04T15:58:32.672+0000][1][safepoint    ] Safepoint "Cleanup", Time since last: 1004551834 ns, Reaching safepoint: 1274125 ns, At safepoint: 27250 ns, Total: 1301375 ns
[2022-09-04T15:58:33.679+0000][1][safepoint    ] Safepoint "Cleanup", Time since last: 1003214042 ns, Reaching safepoint: 2954584 ns, At safepoint: 77875 ns, Total: 3032459 ns
[2022-09-04T15:58:34.685+0000][1][safepoint    ] Safepoint "Cleanup", Time since last: 1003786000 ns, Reaching safepoint: 2330333 ns, At safepoint: 66917 ns, Total: 2397250 ns
[2022-09-04T15:58:35.691+0000][1][safepoint    ] Safepoint "Cleanup", Time since last: 1003814625 ns, Reaching safepoint: 2656584 ns, At safepoint: 80708 ns, Total: 2737292 ns
[2022-09-04T15:58:36.697+0000][1][safepoint    ] Safepoint "Cleanup", Time since last: 1003881667 ns, Reaching safepoint: 1988834 ns, At safepoint: 56875 ns, Total: 2045709 ns
[2022-09-04T15:58:37.704+0000][1][safepoint    ] Safepoint "Cleanup", Time since last: 1005517750 ns, Reaching safepoint: 1568292 ns, At safepoint: 43208 ns, Total: 1611500 ns
[2022-09-04T15:58:38.711+0000][1][safepoint    ] Safepoint "Cleanup", Time since last: 1005746876 ns, Reaching safepoint: 1259250 ns, At safepoint: 31208 ns, Total: 1290458 ns
[2022-09-04T15:58:39.715+0000][1][safepoint    ] Safepoint "Cleanup", Time since last: 1002262459 ns, Reaching safepoint: 1372750 ns, At safepoint: 118458 ns, Total: 1491208 ns
[2022-09-04T15:58:40.719+0000][1][safepoint    ] Safepoint "Cleanup", Time since last: 1002542584 ns, Reaching safepoint: 1156208 ns, At safepoint: 31709 ns, Total: 1187917 ns
[2022-09-04T15:58:41.725+0000][1][safepoint    ] Safepoint "Cleanup", Time since last: 1003445917 ns, Reaching safepoint: 2722000 ns, At safepoint: 109708 ns, Total: 2831708 ns
[2022-09-04T15:58:42.733+0000][1][safepoint    ] Safepoint "Cleanup", Time since last: 1006929167 ns, Reaching safepoint: 1309375 ns, At safepoint: 38000 ns, Total: 1347375 ns
[2022-09-04T15:58:43.740+0000][1][safepoint    ] Safepoint "Cleanup", Time since last: 1004008834 ns, Reaching safepoint: 2857250 ns, At safepoint: 83875 ns, Total: 2941125 ns
[2022-09-04T15:58:44.746+0000][1][safepoint    ] Safepoint "Cleanup", Time since last: 1004422959 ns, Reaching safepoint: 1193875 ns, At safepoint: 31333 ns, Total: 1225208 ns
[2022-09-04T15:58:45.752+0000][1][safepoint    ] Safepoint "Cleanup", Time since last: 1003949084 ns, Reaching safepoint: 1596042 ns, At safepoint: 39458 ns, Total: 1635500 ns
[2022-09-04T15:58:46.755+0000][1][safepoint    ] Safepoint "Cleanup", Time since last: 1002371167 ns, Reaching safepoint: 868167 ns, At safepoint: 23500 ns, Total: 891667 ns
[2022-09-04T15:58:47.760+0000][1][safepoint    ] Safepoint "Cleanup", Time since last: 1002406125 ns, Reaching safepoint: 2360584 ns, At safepoint: 82208 ns, Total: 2442792 ns
[2022-09-04T15:58:48.767+0000][1][safepoint    ] Safepoint "Cleanup", Time since last: 1004205167 ns, Reaching safepoint: 2632333 ns, At safepoint: 137292 ns, Total: 2769625 ns
[2022-09-04T15:58:49.772+0000][1][safepoint    ] Safepoint "Cleanup", Time since last: 1003902334 ns, Reaching safepoint: 1372833 ns, At safepoint: 29042 ns, Total: 1401875 ns
[2022-09-04T15:58:50.776+0000][1][safepoint    ] Safepoint "Cleanup", Time since last: 1002853334 ns, Reaching safepoint: 950083 ns, At safepoint: 24042 ns, Total: 974125 ns
[2022-09-04T15:58:51.782+0000][1][safepoint    ] Safepoint "Cleanup", Time since last: 1004407333 ns, Reaching safepoint: 1863459 ns, At safepoint: 45750 ns, Total: 1909209 ns
[2022-09-04T15:58:52.789+0000][1][safepoint    ] Safepoint "Cleanup", Time since last: 1005288000 ns, Reaching safepoint: 1192125 ns, At safepoint: 28375 ns, Total: 1220500 ns
[2022-09-04T15:58:53.793+0000][1][safepoint    ] Safepoint "Cleanup", Time since last: 1002835917 ns, Reaching safepoint: 1477459 ns, At safepoint: 68875 ns, Total: 1546334 ns
[2022-09-04T15:58:54.797+0000][1][safepoint    ] Safepoint "Cleanup", Time since last: 1002720917 ns, Reaching safepoint: 1227542 ns, At safepoint: 30083 ns, Total: 1257625 ns
[2022-09-04T15:58:55.802+0000][1][safepoint    ] Safepoint "Cleanup", Time since last: 1004141584 ns, Reaching safepoint: 1132166 ns, At safepoint: 25917 ns, Total: 1158083 ns
[2022-09-04T15:58:56.809+0000][1][safepoint    ] Safepoint "Cleanup", Time since last: 1005511292 ns, Reaching safepoint: 843417 ns, At safepoint: 23958 ns, Total: 867375 ns
[2022-09-04T15:58:57.814+0000][1][safepoint    ] Safepoint "Cleanup", Time since last: 1001930292 ns, Reaching safepoint: 3631334 ns, At safepoint: 77000 ns, Total: 3708334 ns
[2022-09-04T15:58:58.822+0000][1][safepoint    ] Safepoint "Cleanup", Time since last: 1006394959 ns, Reaching safepoint: 1456291 ns, At safepoint: 40459 ns, Total: 1496750 ns
[2022-09-04T15:58:59.826+0000][1][safepoint    ] Safepoint "Cleanup", Time since last: 1002596417 ns, Reaching safepoint: 1134041 ns, At safepoint: 24084 ns, Total: 1158125 ns
[2022-09-04T15:59:00.829+0000][1][safepoint    ] Safepoint "Cleanup", Time since last: 1001816167 ns, Reaching safepoint: 1619791 ns, At safepoint: 76209 ns, Total: 1696000 ns
[2022-09-04T15:59:01.834+0000][1][safepoint    ] Safepoint "Cleanup", Time since last: 1002595042 ns, Reaching safepoint: 2446166 ns, At safepoint: 77875 ns, Total: 2524041 ns
[2022-09-04T15:59:02.915+0000][1][safepoint    ] Safepoint "Cleanup", Time since last: 1079218959 ns, Reaching safepoint: 1065750 ns, At safepoint: 22667 ns, Total: 1088417 ns
[2022-09-04T15:59:03.918+0000][1][safepoint    ] Safepoint "Cleanup", Time since last: 1002081417 ns, Reaching safepoint: 1278750 ns, At safepoint: 26500 ns, Total: 1305250 ns
[2022-09-04T15:59:04.921+0000][1][safepoint    ] Safepoint "Cleanup", Time since last: 1002221584 ns, Reaching safepoint: 1097250 ns, At safepoint: 43500 ns, Total: 1140750 ns
[2022-09-04T15:59:05.006+0000][1][safepoint    ] Safepoint "RevokeBias", Time since last: 83169416 ns, Reaching safepoint: 743459 ns, At safepoint: 136125 ns, Total: 879584 ns
[2022-09-04T15:59:05.012+0000][1][safepoint    ] Safepoint "RevokeBias", Time since last: 5508666 ns, Reaching safepoint: 461417 ns, At safepoint: 106292 ns, Total: 567709 ns
[2022-09-04T15:59:05.017+0000][1][gc,start     ] GC(28) Pause Young (Allocation Failure)
[2022-09-04T15:59:05.020+0000][1][gc,task      ] GC(28) Using 4 workers of 4 for evacuation
[2022-09-04T15:59:05.081+0000][1][gc,age       ] GC(28) Desired survivor size 8945664 bytes, new threshold 6 (max threshold 6)
[2022-09-04T15:59:05.082+0000][1][gc,age       ] GC(28) Age table with threshold 6 (max threshold 6)
[2022-09-04T15:59:05.083+0000][1][gc,age       ] GC(28) - age   1:     147992 bytes,     147992 total
[2022-09-04T15:59:05.085+0000][1][gc,age       ] GC(28) - age   2:     353024 bytes,     501016 total
[2022-09-04T15:59:05.086+0000][1][gc,age       ] GC(28) - age   3:     198680 bytes,     699696 total
[2022-09-04T15:59:05.087+0000][1][gc,age       ] GC(28) - age   4:      11600 bytes,     711296 total
[2022-09-04T15:59:05.088+0000][1][gc,age       ] GC(28) - age   5:      74392 bytes,     785688 total
[2022-09-04T15:59:05.090+0000][1][gc,age       ] GC(28) - age   6:      60776 bytes,     846464 total
[2022-09-04T15:59:05.093+0000][1][gc,heap      ] GC(28) ParNew: 141106K->1410K(157248K)
[2022-09-04T15:59:05.093+0000][1][gc,heap      ] GC(28) CMS: 66902K->66972K(349568K)
[2022-09-04T15:59:05.095+0000][1][gc,metaspace ] GC(28) Metaspace: 84285K->84285K(1126400K)
[2022-09-04T15:59:05.098+0000][1][gc           ] GC(28) Pause Young (Allocation Failure) 203M->66M(494M) 80.804ms
[2022-09-04T15:59:05.099+0000][1][gc,cpu       ] GC(28) User=0.11s Sys=0.04s Real=0.08s
[2022-09-04T15:59:05.100+0000][1][safepoint    ] Safepoint "GenCollectForAllocation", Time since last: 3998083 ns, Reaching safepoint: 539292 ns, At safepoint: 83930875 ns, Total: 84470167 ns
[2022-09-04T15:59:05.182+0000][1][safepoint    ] Safepoint "RevokeBias", Time since last: 80642708 ns, Reaching safepoint: 807667 ns, At safepoint: 117708 ns, Total: 925375 ns
[2022-09-04T15:59:05.221+0000][1][safepoint    ] Safepoint "RevokeBias", Time since last: 38019875 ns, Reaching safepoint: 1140375 ns, At safepoint: 159750 ns, Total: 1300125 ns
[2022-09-04T15:59:06.226+0000][1][safepoint    ] Safepoint "Cleanup", Time since last: 1002969626 ns, Reaching safepoint: 2001250 ns, At safepoint: 43625 ns, Total: 2044875 ns
[2022-09-04T15:59:07.230+0000][1][safepoint    ] Safepoint "Cleanup", Time since last: 1003176167 ns, Reaching safepoint: 1080292 ns, At safepoint: 30291 ns, Total: 1110583 ns
[2022-09-04T15:59:08.234+0000][1][safepoint    ] Safepoint "Cleanup", Time since last: 1003277917 ns, Reaching safepoint: 913667 ns, At safepoint: 22667 ns, Total: 936334 ns
[2022-09-04T15:59:09.241+0000][1][safepoint    ] Safepoint "Cleanup", Time since last: 1005607084 ns, Reaching safepoint: 1305708 ns, At safepoint: 31250 ns, Total: 1336958 ns
[2022-09-04T15:59:10.245+0000][1][safepoint    ] Safepoint "Cleanup", Time since last: 1002565500 ns, Reaching safepoint: 1016834 ns, At safepoint: 27291 ns, Total: 1044125 ns
[2022-09-04T15:59:11.250+0000][1][safepoint    ] Safepoint "Cleanup", Time since last: 1003797417 ns, Reaching safepoint: 1578000 ns, At safepoint: 42959 ns, Total: 1620959 ns
[2022-09-04T15:59:12.256+0000][1][safepoint    ] Safepoint "Cleanup", Time since last: 1004178625 ns, Reaching safepoint: 1511834 ns, At safepoint: 35208 ns, Total: 1547042 ns
[2022-09-04T15:59:13.261+0000][1][safepoint    ] Safepoint "Cleanup", Time since last: 1004292750 ns, Reaching safepoint: 891125 ns, At safepoint: 21000 ns, Total: 912125 ns
[2022-09-04T15:59:14.265+0000][1][safepoint    ] Safepoint "Cleanup", Time since last: 1001700668 ns, Reaching safepoint: 1626208 ns, At safepoint: 42083 ns, Total: 1668291 ns
[2022-09-04T15:59:15.270+0000][1][safepoint    ] Safepoint "Cleanup", Time since last: 1003383917 ns, Reaching safepoint: 1912042 ns, At safepoint: 52208 ns, Total: 1964250 ns
[2022-09-04T15:59:16.276+0000][1][safepoint    ] Safepoint "Cleanup", Time since last: 1003568293 ns, Reaching safepoint: 2299541 ns, At safepoint: 61542 ns, Total: 2361083 ns
[2022-09-04T15:59:17.282+0000][1][safepoint    ] Safepoint "Cleanup", Time since last: 1003251084 ns, Reaching safepoint: 2932000 ns, At safepoint: 82791 ns, Total: 3014791 ns
[2022-09-04T15:59:18.289+0000][1][safepoint    ] Safepoint "Cleanup", Time since last: 1005814209 ns, Reaching safepoint: 1211333 ns, At safepoint: 30959 ns, Total: 1242292 ns
[2022-09-04T15:59:19.293+0000][1][safepoint    ] Safepoint "Cleanup", Time since last: 1002382125 ns, Reaching safepoint: 1085375 ns, At safepoint: 26084 ns, Total: 1111459 ns
[2022-09-04T15:59:20.299+0000][1][safepoint    ] Safepoint "Cleanup", Time since last: 1003170375 ns, Reaching safepoint: 2751833 ns, At safepoint: 189792 ns, Total: 2941625 ns
[2022-09-04T15:59:21.311+0000][1][safepoint    ] Safepoint "Cleanup", Time since last: 1009852459 ns, Reaching safepoint: 1776292 ns, At safepoint: 53541 ns, Total: 1829833 ns
[2022-09-04T15:59:21.933+0000][1][safepoint    ] Safepoint "RevokeBias", Time since last: 621092876 ns, Reaching safepoint: 1414916 ns, At safepoint: 176250 ns, Total: 1591166 ns
[2022-09-04T15:59:21.938+0000][1][safepoint    ] Safepoint "RevokeBias", Time since last: 3664625 ns, Reaching safepoint: 452000 ns, At safepoint: 104417 ns, Total: 556417 ns
[2022-09-04T15:59:22.021+0000][1][safepoint    ] Safepoint "RevokeBias", Time since last: 82453667 ns, Reaching safepoint: 702458 ns, At safepoint: 119000 ns, Total: 821458 ns
[2022-09-04T15:59:22.058+0000][1][safepoint    ] Safepoint "RevokeBias", Time since last: 35567583 ns, Reaching safepoint: 1511917 ns, At safepoint: 138583 ns, Total: 1650500 ns
[2022-09-04T15:59:22.946+0000][1][safepoint    ] Safepoint "RevokeBias", Time since last: 886559834 ns, Reaching safepoint: 1014458 ns, At safepoint: 139875 ns, Total: 1154333 ns
[2022-09-04T15:59:22.952+0000][1][safepoint    ] Safepoint "RevokeBias", Time since last: 5990792 ns, Reaching safepoint: 617417 ns, At safepoint: 90041 ns, Total: 707458 ns
[2022-09-04T15:59:23.028+0000][1][safepoint    ] Safepoint "RevokeBias", Time since last: 74451375 ns, Reaching safepoint: 786875 ns, At safepoint: 109792 ns, Total: 896667 ns
[2022-09-04T15:59:23.058+0000][1][safepoint    ] Safepoint "RevokeBias", Time since last: 29362792 ns, Reaching safepoint: 1031083 ns, At safepoint: 116958 ns, Total: 1148041 ns
[2022-09-04T15:59:24.062+0000][1][safepoint    ] Safepoint "Cleanup", Time since last: 1001648626 ns, Reaching safepoint: 2305000 ns, At safepoint: 85083 ns, Total: 2390083 ns
[2022-09-04T15:59:25.072+0000][1][safepoint    ] Safepoint "Cleanup", Time since last: 1005945542 ns, Reaching safepoint: 3488834 ns, At safepoint: 66041 ns, Total: 3554875 ns
[2022-09-04T15:59:26.079+0000][1][safepoint    ] Safepoint "Cleanup", Time since last: 1003347459 ns, Reaching safepoint: 3934542 ns, At safepoint: 134458 ns, Total: 4069000 ns
[2022-09-04T15:59:27.091+0000][1][safepoint    ] Safepoint "Cleanup", Time since last: 1010975042 ns, Reaching safepoint: 996542 ns, At safepoint: 19167 ns, Total: 1015709 ns
[2022-09-04T15:59:28.096+0000][1][safepoint    ] Safepoint "Cleanup", Time since last: 1003366125 ns, Reaching safepoint: 886625 ns, At safepoint: 23042 ns, Total: 909667 ns
[2022-09-04T15:59:29.101+0000][1][safepoint    ] Safepoint "Cleanup", Time since last: 1002032542 ns, Reaching safepoint: 3347500 ns, At safepoint: 150083 ns, Total: 3497583 ns
[2022-09-04T15:59:30.107+0000][1][safepoint    ] Safepoint "Cleanup", Time since last: 1004522959 ns, Reaching safepoint: 1507708 ns, At safepoint: 36042 ns, Total: 1543750 ns
[2022-09-04T15:59:31.113+0000][1][safepoint    ] Safepoint "Cleanup", Time since last: 1002606250 ns, Reaching safepoint: 3401417 ns, At safepoint: 105000 ns, Total: 3506417 ns
[2022-09-04T15:59:32.120+0000][1][safepoint    ] Safepoint "Cleanup", Time since last: 1005152333 ns, Reaching safepoint: 1439875 ns, At safepoint: 98250 ns, Total: 1538125 ns
[2022-09-04T15:59:33.124+0000][1][safepoint    ] Safepoint "Cleanup", Time since last: 1002953918 ns, Reaching safepoint: 825000 ns, At safepoint: 21416 ns, Total: 846416 ns
[2022-09-04T15:59:34.129+0000][1][safepoint    ] Safepoint "Cleanup", Time since last: 1003760251 ns, Reaching safepoint: 1311916 ns, At safepoint: 31209 ns, Total: 1343125 ns
[2022-09-04T15:59:35.142+0000][1][safepoint    ] Safepoint "Cleanup", Time since last: 1005646667 ns, Reaching safepoint: 7716667 ns, At safepoint: 52041 ns, Total: 7768708 ns
[2022-09-04T15:59:36.161+0000][1][safepoint    ] Safepoint "Cleanup", Time since last: 1017756209 ns, Reaching safepoint: 1342917 ns, At safepoint: 37041 ns, Total: 1379958 ns
[2022-09-04T15:59:37.166+0000][1][safepoint    ] Safepoint "Cleanup", Time since last: 1002927793 ns, Reaching safepoint: 1195791 ns, At safepoint: 27875 ns, Total: 1223666 ns
[2022-09-04T15:59:38.169+0000][1][safepoint    ] Safepoint "Cleanup", Time since last: 1002649709 ns, Reaching safepoint: 837250 ns, At safepoint: 21250 ns, Total: 858500 ns
[2022-09-04T15:59:39.173+0000][1][safepoint    ] Safepoint "Cleanup", Time since last: 1002412500 ns, Reaching safepoint: 1721542 ns, At safepoint: 39000 ns, Total: 1760542 ns
[2022-09-04T15:59:40.179+0000][1][safepoint    ] Safepoint "Cleanup", Time since last: 1003838792 ns, Reaching safepoint: 1722292 ns, At safepoint: 45250 ns, Total: 1767542 ns
[2022-09-04T15:59:41.189+0000][1][safepoint    ] Safepoint "Cleanup", Time since last: 1005658292 ns, Reaching safepoint: 3697250 ns, At safepoint: 571333 ns, Total: 4268583 ns
[2022-09-04T15:59:42.200+0000][1][safepoint    ] Safepoint "Cleanup", Time since last: 1009711251 ns, Reaching safepoint: 1866083 ns, At safepoint: 67250 ns, Total: 1933333 ns
[2022-09-04T15:59:43.205+0000][1][safepoint    ] Safepoint "Cleanup", Time since last: 1003235709 ns, Reaching safepoint: 799750 ns, At safepoint: 23167 ns, Total: 822917 ns
[2022-09-04T15:59:44.951+0000][1][safepoint    ] Safepoint "Cleanup", Time since last: 1744512376 ns, Reaching safepoint: 1863541 ns, At safepoint: 73917 ns, Total: 1937458 ns
[2022-09-04T15:59:45.959+0000][1][safepoint    ] Safepoint "Cleanup", Time since last: 1004050792 ns, Reaching safepoint: 3771542 ns, At safepoint: 114666 ns, Total: 3886208 ns
[2022-09-04T15:59:46.965+0000][1][safepoint    ] Safepoint "Cleanup", Time since last: 1003796751 ns, Reaching safepoint: 2601875 ns, At safepoint: 134208 ns, Total: 2736083 ns
[2022-09-04T15:59:47.970+0000][1][safepoint    ] Safepoint "Cleanup", Time since last: 1003373376 ns, Reaching safepoint: 854500 ns, At safepoint: 24916 ns, Total: 879416 ns
[2022-09-04T15:59:48.973+0000][1][safepoint    ] Safepoint "Cleanup", Time since last: 1001734292 ns, Reaching safepoint: 1411667 ns, At safepoint: 34708 ns, Total: 1446375 ns
[2022-09-04T15:59:49.979+0000][1][safepoint    ] Safepoint "Cleanup", Time since last: 1003559709 ns, Reaching safepoint: 2841084 ns, At safepoint: 121666 ns, Total: 2962750 ns
[2022-09-04T15:59:50.985+0000][1][safepoint    ] Safepoint "Cleanup", Time since last: 1004505584 ns, Reaching safepoint: 897167 ns, At safepoint: 32666 ns, Total: 929833 ns
[2022-09-04T15:59:51.996+0000][1][safepoint    ] Safepoint "Cleanup", Time since last: 1010166959 ns, Reaching safepoint: 1181209 ns, At safepoint: 28958 ns, Total: 1210167 ns
[2022-09-04T15:59:53.001+0000][1][safepoint    ] Safepoint "Cleanup", Time since last: 1003537792 ns, Reaching safepoint: 1015500 ns, At safepoint: 28333 ns, Total: 1043833 ns
[2022-09-04T15:59:54.007+0000][1][safepoint    ] Safepoint "Cleanup", Time since last: 1003773543 ns, Reaching safepoint: 2477833 ns, At safepoint: 89583 ns, Total: 2567416 ns
[2022-09-04T15:59:55.013+0000][1][safepoint    ] Safepoint "Cleanup", Time since last: 1004525667 ns, Reaching safepoint: 1571792 ns, At safepoint: 50125 ns, Total: 1621917 ns
[2022-09-04T15:59:56.018+0000][1][safepoint    ] Safepoint "Cleanup", Time since last: 1003056792 ns, Reaching safepoint: 1639625 ns, At safepoint: 51000 ns, Total: 1690625 ns
[2022-09-04T15:59:57.023+0000][1][safepoint    ] Safepoint "Cleanup", Time since last: 1002116709 ns, Reaching safepoint: 3052417 ns, At safepoint: 91625 ns, Total: 3144042 ns
[2022-09-04T15:59:58.032+0000][1][safepoint    ] Safepoint "Cleanup", Time since last: 1007618667 ns, Reaching safepoint: 1291750 ns, At safepoint: 49125 ns, Total: 1340875 ns
[2022-09-04T15:59:59.041+0000][1][safepoint    ] Safepoint "Cleanup", Time since last: 1005864417 ns, Reaching safepoint: 3008333 ns, At safepoint: 341000 ns, Total: 3349333 ns
[2022-09-04T16:00:00.050+0000][1][safepoint    ] Safepoint "Cleanup", Time since last: 1006659167 ns, Reaching safepoint: 2251000 ns, At safepoint: 69292 ns, Total: 2320292 ns
[2022-09-04T16:00:01.058+0000][1][safepoint    ] Safepoint "Cleanup", Time since last: 1004375250 ns, Reaching safepoint: 3511000 ns, At safepoint: 63791 ns, Total: 3574791 ns
[2022-09-04T16:00:02.065+0000][1][safepoint    ] Safepoint "Cleanup", Time since last: 1005366917 ns, Reaching safepoint: 1687625 ns, At safepoint: 27625 ns, Total: 1715250 ns
[2022-09-04T16:00:03.069+0000][1][safepoint    ] Safepoint "Cleanup", Time since last: 1002768084 ns, Reaching safepoint: 1005209 ns, At safepoint: 24416 ns, Total: 1029625 ns
[2022-09-04T16:00:04.076+0000][1][safepoint    ] Safepoint "Cleanup", Time since last: 1002641001 ns, Reaching safepoint: 3665791 ns, At safepoint: 92875 ns, Total: 3758666 ns
[2022-09-04T16:00:05.084+0000][1][safepoint    ] Safepoint "Cleanup", Time since last: 1007130126 ns, Reaching safepoint: 1034833 ns, At safepoint: 29334 ns, Total: 1064167 ns
[2022-09-04T16:00:06.091+0000][1][safepoint    ] Safepoint "Cleanup", Time since last: 1002611333 ns, Reaching safepoint: 4138334 ns, At safepoint: 86041 ns, Total: 4224375 ns
[2022-09-04T16:00:07.102+0000][1][safepoint    ] Safepoint "Cleanup", Time since last: 1008890876 ns, Reaching safepoint: 2631166 ns, At safepoint: 75625 ns, Total: 2706791 ns
[2022-09-04T16:00:08.109+0000][1][safepoint    ] Safepoint "Cleanup", Time since last: 1005761001 ns, Reaching safepoint: 775125 ns, At safepoint: 20417 ns, Total: 795542 ns
[2022-09-04T16:00:09.116+0000][1][safepoint    ] Safepoint "Cleanup", Time since last: 1003193333 ns, Reaching safepoint: 3812792 ns, At safepoint: 172167 ns, Total: 3984959 ns
[2022-09-04T16:00:10.122+0000][1][safepoint    ] Safepoint "Cleanup", Time since last: 1004867584 ns, Reaching safepoint: 827291 ns, At safepoint: 28209 ns, Total: 855500 ns
[2022-09-04T16:00:11.126+0000][1][safepoint    ] Safepoint "Cleanup", Time since last: 1002581917 ns, Reaching safepoint: 1436000 ns, At safepoint: 34500 ns, Total: 1470500 ns
[2022-09-04T16:00:12.131+0000][1][safepoint    ] Safepoint "Cleanup", Time since last: 1004217584 ns, Reaching safepoint: 1134083 ns, At safepoint: 28750 ns, Total: 1162833 ns
[2022-09-04T16:00:13.134+0000][1][safepoint    ] Safepoint "Cleanup", Time since last: 1002325209 ns, Reaching safepoint: 885166 ns, At safepoint: 23042 ns, Total: 908208 ns
[2022-09-04T16:00:14.975+0000][1][safepoint    ] Safepoint "Cleanup", Time since last: 1839792168 ns, Reaching safepoint: 915041 ns, At safepoint: 22667 ns, Total: 937708 ns
[2022-09-04T16:00:15.981+0000][1][safepoint    ] Safepoint "Cleanup", Time since last: 1002607250 ns, Reaching safepoint: 2975459 ns, At safepoint: 85000 ns, Total: 3060459 ns
[2022-09-04T16:00:16.988+0000][1][safepoint    ] Safepoint "Cleanup", Time since last: 1005741375 ns, Reaching safepoint: 1253417 ns, At safepoint: 35750 ns, Total: 1289167 ns
[2022-09-04T16:00:17.990+0000][1][safepoint    ] Safepoint "Cleanup", Time since last: 1001858417 ns, Reaching safepoint: 948875 ns, At safepoint: 25917 ns, Total: 974792 ns
[2022-09-04T16:00:18.997+0000][1][safepoint    ] Safepoint "Cleanup", Time since last: 1002888375 ns, Reaching safepoint: 3460167 ns, At safepoint: 91750 ns, Total: 3551917 ns
[2022-09-04T16:00:20.003+0000][1][safepoint    ] Safepoint "Cleanup", Time since last: 1005039417 ns, Reaching safepoint: 1074958 ns, At safepoint: 26667 ns, Total: 1101625 ns
[2022-09-04T16:00:21.010+0000][1][safepoint    ] Safepoint "Cleanup", Time since last: 1001534292 ns, Reaching safepoint: 4833250 ns, At safepoint: 235958 ns, Total: 5069208 ns
[2022-09-04T16:00:22.014+0000][1][safepoint    ] Safepoint "Cleanup", Time since last: 1001960918 ns, Reaching safepoint: 1911333 ns, At safepoint: 44250 ns, Total: 1955583 ns
[2022-09-04T16:00:23.023+0000][1][safepoint    ] Safepoint "Cleanup", Time since last: 1008365792 ns, Reaching safepoint: 960750 ns, At safepoint: 25167 ns, Total: 985917 ns
[2022-09-04T16:00:24.032+0000][1][safepoint    ] Safepoint "Cleanup", Time since last: 1005549750 ns, Reaching safepoint: 3131334 ns, At safepoint: 91666 ns, Total: 3223000 ns
[2022-09-04T16:00:25.039+0000][1][safepoint    ] Safepoint "Cleanup", Time since last: 1005823334 ns, Reaching safepoint: 1422292 ns, At safepoint: 31875 ns, Total: 1454167 ns
[2022-09-04T16:00:26.043+0000][1][safepoint    ] Safepoint "Cleanup", Time since last: 1002664584 ns, Reaching safepoint: 1768125 ns, At safepoint: 48000 ns, Total: 1816125 ns
[2022-09-04T16:00:27.052+0000][1][safepoint    ] Safepoint "Cleanup", Time since last: 1006656667 ns, Reaching safepoint: 1965541 ns, At safepoint: 98875 ns, Total: 2064416 ns
[2022-09-04T16:00:28.059+0000][1][safepoint    ] Safepoint "Cleanup", Time since last: 1005610626 ns, Reaching safepoint: 776875 ns, At safepoint: 23125 ns, Total: 800000 ns
[2022-09-04T16:00:29.063+0000][1][safepoint    ] Safepoint "Cleanup", Time since last: 1002992292 ns, Reaching safepoint: 1434500 ns, At safepoint: 42500 ns, Total: 1477000 ns
[2022-09-04T16:00:30.068+0000][1][safepoint    ] Safepoint "Cleanup", Time since last: 1003689542 ns, Reaching safepoint: 854083 ns, At safepoint: 25792 ns, Total: 879875 ns
[2022-09-04T16:00:31.073+0000][1][safepoint    ] Safepoint "Cleanup", Time since last: 1003642541 ns, Reaching safepoint: 1717834 ns, At safepoint: 56083 ns, Total: 1773917 ns
[2022-09-04T16:00:32.079+0000][1][safepoint    ] Safepoint "Cleanup", Time since last: 1004080459 ns, Reaching safepoint: 1521625 ns, At safepoint: 47041 ns, Total: 1568666 ns
[2022-09-04T16:00:33.083+0000][1][safepoint    ] Safepoint "Cleanup", Time since last: 1003046834 ns, Reaching safepoint: 1136750 ns, At safepoint: 30542 ns, Total: 1167292 ns
[2022-09-04T16:00:34.086+0000][1][safepoint    ] Safepoint "Cleanup", Time since last: 1001757375 ns, Reaching safepoint: 1363667 ns, At safepoint: 34500 ns, Total: 1398167 ns
[2022-09-04T16:00:35.089+0000][1][safepoint    ] Safepoint "Cleanup", Time since last: 1002336126 ns, Reaching safepoint: 1087333 ns, At safepoint: 29167 ns, Total: 1116500 ns
[2022-09-04T16:00:36.094+0000][1][safepoint    ] Safepoint "Cleanup", Time since last: 1001734083 ns, Reaching safepoint: 2636084 ns, At safepoint: 70458 ns, Total: 2706542 ns
[2022-09-04T16:00:37.103+0000][1][safepoint    ] Safepoint "Cleanup", Time since last: 1006671459 ns, Reaching safepoint: 2259458 ns, At safepoint: 59750 ns, Total: 2319208 ns
[2022-09-04T16:00:38.110+0000][1][safepoint    ] Safepoint "Cleanup", Time since last: 1005909792 ns, Reaching safepoint: 803084 ns, At safepoint: 21875 ns, Total: 824959 ns
[2022-09-04T16:00:39.114+0000][1][safepoint    ] Safepoint "Cleanup", Time since last: 1003321167 ns, Reaching safepoint: 971708 ns, At safepoint: 25583 ns, Total: 997291 ns
[2022-09-04T16:00:40.116+0000][1][safepoint    ] Safepoint "Cleanup", Time since last: 1001473293 ns, Reaching safepoint: 829916 ns, At safepoint: 31625 ns, Total: 861541 ns
[2022-09-04T16:00:41.121+0000][1][safepoint    ] Safepoint "Cleanup", Time since last: 1003010709 ns, Reaching safepoint: 1918000 ns, At safepoint: 70500 ns, Total: 1988500 ns
[2022-09-04T16:00:42.128+0000][1][safepoint    ] Safepoint "Cleanup", Time since last: 1005211001 ns, Reaching safepoint: 999083 ns, At safepoint: 22625 ns, Total: 1021708 ns
[2022-09-04T16:00:43.131+0000][1][safepoint    ] Safepoint "Cleanup", Time since last: 1002688084 ns, Reaching safepoint: 779916 ns, At safepoint: 18167 ns, Total: 798083 ns
[2022-09-04T16:00:44.135+0000][1][safepoint    ] Safepoint "Cleanup", Time since last: 1003043417 ns, Reaching safepoint: 1194334 ns, At safepoint: 28916 ns, Total: 1223250 ns
[2022-09-04T16:00:45.144+0000][1][safepoint    ] Safepoint "Cleanup", Time since last: 1006329251 ns, Reaching safepoint: 2725041 ns, At safepoint: 128417 ns, Total: 2853458 ns
[2022-09-04T16:00:46.153+0000][1][safepoint    ] Safepoint "Cleanup", Time since last: 1007725375 ns, Reaching safepoint: 1252709 ns, At safepoint: 31958 ns, Total: 1284667 ns
[2022-09-04T16:00:47.162+0000][1][safepoint    ] Safepoint "Cleanup", Time since last: 1005960001 ns, Reaching safepoint: 2388166 ns, At safepoint: 108750 ns, Total: 2496916 ns
[2022-09-04T16:00:48.167+0000][1][safepoint    ] Safepoint "Cleanup", Time since last: 1004285751 ns, Reaching safepoint: 841458 ns, At safepoint: 19875 ns, Total: 861333 ns
[2022-09-04T16:00:49.171+0000][1][safepoint    ] Safepoint "Cleanup", Time since last: 1002757417 ns, Reaching safepoint: 1417292 ns, At safepoint: 37667 ns, Total: 1454959 ns
[2022-09-04T16:00:50.175+0000][1][safepoint    ] Safepoint "Cleanup", Time since last: 1002604375 ns, Reaching safepoint: 1166250 ns, At safepoint: 48167 ns, Total: 1214417 ns
[2022-09-04T16:00:51.178+0000][1][safepoint    ] Safepoint "Cleanup", Time since last: 1001935125 ns, Reaching safepoint: 864125 ns, At safepoint: 19917 ns, Total: 884042 ns
[2022-09-04T16:00:52.181+0000][1][safepoint    ] Safepoint "Cleanup", Time since last: 1002172750 ns, Reaching safepoint: 1047834 ns, At safepoint: 26583 ns, Total: 1074417 ns
[2022-09-04T16:00:53.184+0000][1][safepoint    ] Safepoint "Cleanup", Time since last: 1002254125 ns, Reaching safepoint: 922875 ns, At safepoint: 25709 ns, Total: 948584 ns
[2022-09-04T16:00:54.191+0000][1][safepoint    ] Safepoint "Cleanup", Time since last: 1004793042 ns, Reaching safepoint: 1681917 ns, At safepoint: 73083 ns, Total: 1755000 ns
[2022-09-04T16:00:54.488+0000][1][safepoint    ] Safepoint "RevokeBias", Time since last: 296498292 ns, Reaching safepoint: 685208 ns, At safepoint: 102500 ns, Total: 787708 ns
[2022-09-04T16:00:54.493+0000][1][safepoint    ] Safepoint "RevokeBias", Time since last: 4410000 ns, Reaching safepoint: 480917 ns, At safepoint: 78750 ns, Total: 559667 ns
[2022-09-04T16:00:54.733+0000][1][safepoint    ] Safepoint "RevokeBias", Time since last: 229467625 ns, Reaching safepoint: 6368292 ns, At safepoint: 2927708 ns, Total: 9296000 ns
[2022-09-04T16:00:54.968+0000][1][safepoint    ] Safepoint "BulkRevokeBias", Time since last: 226857375 ns, Reaching safepoint: 992917 ns, At safepoint: 8247791 ns, Total: 9240708 ns
[2022-09-04T16:00:55.312+0000][1][safepoint    ] Safepoint "RevokeBias", Time since last: 343283875 ns, Reaching safepoint: 979167 ns, At safepoint: 107292 ns, Total: 1086459 ns
[2022-09-04T16:00:55.343+0000][1][safepoint    ] Safepoint "RevokeBias", Time since last: 28731333 ns, Reaching safepoint: 2038875 ns, At safepoint: 114417 ns, Total: 2153292 ns
[2022-09-04T16:00:56.347+0000][1][safepoint    ] Safepoint "Cleanup", Time since last: 1002673959 ns, Reaching safepoint: 1189041 ns, At safepoint: 38167 ns, Total: 1227208 ns
[2022-09-04T16:00:57.351+0000][1][safepoint    ] Safepoint "Cleanup", Time since last: 1002076792 ns, Reaching safepoint: 2015708 ns, At safepoint: 50542 ns, Total: 2066250 ns
[2022-09-04T16:00:58.357+0000][1][safepoint    ] Safepoint "Cleanup", Time since last: 1004240084 ns, Reaching safepoint: 1064792 ns, At safepoint: 22666 ns, Total: 1087458 ns
[2022-09-04T16:00:59.362+0000][1][safepoint    ] Safepoint "Cleanup", Time since last: 1004052501 ns, Reaching safepoint: 1004875 ns, At safepoint: 24583 ns, Total: 1029458 ns
[2022-09-04T16:01:00.365+0000][1][safepoint    ] Safepoint "Cleanup", Time since last: 1002337459 ns, Reaching safepoint: 1080750 ns, At safepoint: 28792 ns, Total: 1109542 ns
[2022-09-04T16:01:01.368+0000][1][safepoint    ] Safepoint "Cleanup", Time since last: 1001925291 ns, Reaching safepoint: 953583 ns, At safepoint: 23167 ns, Total: 976750 ns
[2022-09-04T16:01:02.372+0000][1][safepoint    ] Safepoint "Cleanup", Time since last: 1003126542 ns, Reaching safepoint: 1346709 ns, At safepoint: 34708 ns, Total: 1381417 ns
[2022-09-04T16:01:03.376+0000][1][safepoint    ] Safepoint "Cleanup", Time since last: 1002709042 ns, Reaching safepoint: 953625 ns, At safepoint: 23000 ns, Total: 976625 ns
[2022-09-04T16:01:04.382+0000][1][safepoint    ] Safepoint "Cleanup", Time since last: 1003460917 ns, Reaching safepoint: 2384875 ns, At safepoint: 63500 ns, Total: 2448375 ns
[2022-09-04T16:01:05.387+0000][1][safepoint    ] Safepoint "Cleanup", Time since last: 1004080376 ns, Reaching safepoint: 933625 ns, At safepoint: 25541 ns, Total: 959166 ns
[2022-09-04T16:01:06.390+0000][1][safepoint    ] Safepoint "Cleanup", Time since last: 1001838209 ns, Reaching safepoint: 1259167 ns, At safepoint: 32750 ns, Total: 1291917 ns
[2022-09-04T16:01:07.394+0000][1][safepoint    ] Safepoint "Cleanup", Time since last: 1002682375 ns, Reaching safepoint: 821417 ns, At safepoint: 21583 ns, Total: 843000 ns
[2022-09-04T16:01:08.398+0000][1][safepoint    ] Safepoint "Cleanup", Time since last: 1003568126 ns, Reaching safepoint: 1013041 ns, At safepoint: 24625 ns, Total: 1037666 ns
[2022-09-04T16:01:09.401+0000][1][safepoint    ] Safepoint "Cleanup", Time since last: 1001864668 ns, Reaching safepoint: 977458 ns, At safepoint: 24458 ns, Total: 1001916 ns
[2022-09-04T16:01:10.404+0000][1][safepoint    ] Safepoint "Cleanup", Time since last: 1001664667 ns, Reaching safepoint: 1117125 ns, At safepoint: 18417 ns, Total: 1135542 ns
[2022-09-04T16:01:11.411+0000][1][safepoint    ] Safepoint "Cleanup", Time since last: 1004352459 ns, Reaching safepoint: 2616333 ns, At safepoint: 75500 ns, Total: 2691833 ns
[2022-09-04T16:01:12.417+0000][1][safepoint    ] Safepoint "Cleanup", Time since last: 1003781001 ns, Reaching safepoint: 1894833 ns, At safepoint: 49792 ns, Total: 1944625 ns
[2022-09-04T16:01:13.425+0000][1][safepoint    ] Safepoint "Cleanup", Time since last: 1006982500 ns, Reaching safepoint: 954417 ns, At safepoint: 24291 ns, Total: 978708 ns
[2022-09-04T16:01:14.428+0000][1][safepoint    ] Safepoint "Cleanup", Time since last: 1001717251 ns, Reaching safepoint: 1032083 ns, At safepoint: 75250 ns, Total: 1107333 ns
[2022-09-04T16:01:15.431+0000][1][safepoint    ] Safepoint "Cleanup", Time since last: 1002338251 ns, Reaching safepoint: 1567625 ns, At safepoint: 29958 ns, Total: 1597583 ns
[2022-09-04T16:01:16.436+0000][1][safepoint    ] Safepoint "Cleanup", Time since last: 1003108792 ns, Reaching safepoint: 1255625 ns, At safepoint: 73417 ns, Total: 1329042 ns
[2022-09-04T16:01:17.439+0000][1][safepoint    ] Safepoint "Cleanup", Time since last: 1002132750 ns, Reaching safepoint: 1213959 ns, At safepoint: 27291 ns, Total: 1241250 ns
[2022-09-04T16:01:18.443+0000][1][safepoint    ] Safepoint "Cleanup", Time since last: 1002712834 ns, Reaching safepoint: 865459 ns, At safepoint: 23583 ns, Total: 889042 ns
[2022-09-04T16:01:19.446+0000][1][safepoint    ] Safepoint "Cleanup", Time since last: 1001726917 ns, Reaching safepoint: 1177875 ns, At safepoint: 35500 ns, Total: 1213375 ns
[2022-09-04T16:01:20.450+0000][1][safepoint    ] Safepoint "Cleanup", Time since last: 1002907001 ns, Reaching safepoint: 1384000 ns, At safepoint: 39208 ns, Total: 1423208 ns
[2022-09-04T16:01:22.215+0000][1][safepoint    ] Safepoint "Cleanup", Time since last: 1763646667 ns, Reaching safepoint: 921625 ns, At safepoint: 27709 ns, Total: 949334 ns
[2022-09-04T16:01:22.776+0000][1][safepoint    ] Safepoint "RevokeBias", Time since last: 560607583 ns, Reaching safepoint: 603959 ns, At safepoint: 97125 ns, Total: 701084 ns
[2022-09-04T16:01:22.783+0000][1][safepoint    ] Safepoint "RevokeBias", Time since last: 6052375 ns, Reaching safepoint: 525125 ns, At safepoint: 99208 ns, Total: 624333 ns
[2022-09-04T16:01:22.872+0000][1][safepoint    ] Safepoint "RevokeBias", Time since last: 88889000 ns, Reaching safepoint: 699042 ns, At safepoint: 116625 ns, Total: 815667 ns
[2022-09-04T16:01:22.946+0000][1][safepoint    ] Safepoint "RevokeBias", Time since last: 72638083 ns, Reaching safepoint: 1008708 ns, At safepoint: 98750 ns, Total: 1107458 ns
[2022-09-04T16:01:23.951+0000][1][safepoint    ] Safepoint "Cleanup", Time since last: 1002249751 ns, Reaching safepoint: 2442958 ns, At safepoint: 77709 ns, Total: 2520667 ns
[2022-09-04T16:01:24.958+0000][1][safepoint    ] Safepoint "Cleanup", Time since last: 1005000875 ns, Reaching safepoint: 1750667 ns, At safepoint: 47166 ns, Total: 1797833 ns
[2022-09-04T16:01:25.963+0000][1][safepoint    ] Safepoint "Cleanup", Time since last: 1003941417 ns, Reaching safepoint: 1437750 ns, At safepoint: 31875 ns, Total: 1469625 ns
[2022-09-04T16:01:26.967+0000][1][safepoint    ] Safepoint "Cleanup", Time since last: 1002662626 ns, Reaching safepoint: 1153417 ns, At safepoint: 29916 ns, Total: 1183333 ns
[2022-09-04T16:01:27.971+0000][1][safepoint    ] Safepoint "Cleanup", Time since last: 1002614001 ns, Reaching safepoint: 965791 ns, At safepoint: 22500 ns, Total: 988291 ns
[2022-09-04T16:01:28.978+0000][1][safepoint    ] Safepoint "Cleanup", Time since last: 1003986584 ns, Reaching safepoint: 3503250 ns, At safepoint: 84542 ns, Total: 3587792 ns
[2022-09-04T16:01:29.983+0000][1][safepoint    ] Safepoint "Cleanup", Time since last: 1003983959 ns, Reaching safepoint: 1186375 ns, At safepoint: 30458 ns, Total: 1216833 ns
[2022-09-04T16:01:30.989+0000][1][safepoint    ] Safepoint "Cleanup", Time since last: 1002270250 ns, Reaching safepoint: 3012041 ns, At safepoint: 150209 ns, Total: 3162250 ns
[2022-09-04T16:01:31.997+0000][1][safepoint    ] Safepoint "Cleanup", Time since last: 1006436708 ns, Reaching safepoint: 1108417 ns, At safepoint: 32000 ns, Total: 1140417 ns
[2022-09-04T16:01:33.002+0000][1][safepoint    ] Safepoint "Cleanup", Time since last: 1003037792 ns, Reaching safepoint: 2091042 ns, At safepoint: 69167 ns, Total: 2160209 ns
[2022-09-04T16:01:34.010+0000][1][safepoint    ] Safepoint "Cleanup", Time since last: 1006111208 ns, Reaching safepoint: 1483209 ns, At safepoint: 44750 ns, Total: 1527959 ns
[2022-09-04T16:01:35.014+0000][1][safepoint    ] Safepoint "Cleanup", Time since last: 1003158458 ns, Reaching safepoint: 807042 ns, At safepoint: 21625 ns, Total: 828667 ns
[2022-09-04T16:01:36.018+0000][1][safepoint    ] Safepoint "Cleanup", Time since last: 1001785751 ns, Reaching safepoint: 2774833 ns, At safepoint: 52292 ns, Total: 2827125 ns
[2022-09-04T16:01:37.025+0000][1][safepoint    ] Safepoint "Cleanup", Time since last: 1004830583 ns, Reaching safepoint: 1489209 ns, At safepoint: 37750 ns, Total: 1526959 ns
[2022-09-04T16:01:37.659+0000][1][safepoint    ] Safepoint "RevokeBias", Time since last: 633227083 ns, Reaching safepoint: 1160417 ns, At safepoint: 221750 ns, Total: 1382167 ns
[2022-09-04T16:01:37.662+0000][1][safepoint    ] Safepoint "RevokeBias", Time since last: 2269625 ns, Reaching safepoint: 487958 ns, At safepoint: 86709 ns, Total: 574667 ns
[2022-09-04T16:01:37.686+0000][1][safepoint    ] Safepoint "RevokeBias", Time since last: 23569958 ns, Reaching safepoint: 781625 ns, At safepoint: 110292 ns, Total: 891917 ns
[2022-09-04T16:01:37.713+0000][1][safepoint    ] Safepoint "RevokeBias", Time since last: 25327833 ns, Reaching safepoint: 930917 ns, At safepoint: 117750 ns, Total: 1048667 ns
[2022-09-04T16:01:38.715+0000][1][safepoint    ] Safepoint "Cleanup", Time since last: 1001457209 ns, Reaching safepoint: 914708 ns, At safepoint: 25208 ns, Total: 939916 ns
[2022-09-04T16:01:39.719+0000][1][safepoint    ] Safepoint "Cleanup", Time since last: 1002687917 ns, Reaching safepoint: 868709 ns, At safepoint: 23500 ns, Total: 892209 ns
[2022-09-04T16:01:40.722+0000][1][safepoint    ] Safepoint "Cleanup", Time since last: 1001647959 ns, Reaching safepoint: 1366250 ns, At safepoint: 215000 ns, Total: 1581250 ns
[2022-09-04T16:01:41.728+0000][1][safepoint    ] Safepoint "Cleanup", Time since last: 1002663875 ns, Reaching safepoint: 2938583 ns, At safepoint: 79000 ns, Total: 3017583 ns
[2022-09-04T16:01:42.733+0000][1][safepoint    ] Safepoint "Cleanup", Time since last: 1003956667 ns, Reaching safepoint: 831417 ns, At safepoint: 23583 ns, Total: 855000 ns
[2022-09-04T16:01:43.737+0000][1][safepoint    ] Safepoint "Cleanup", Time since last: 1003086876 ns, Reaching safepoint: 1771542 ns, At safepoint: 54166 ns, Total: 1825708 ns
[2022-09-04T16:01:44.744+0000][1][safepoint    ] Safepoint "Cleanup", Time since last: 1003291167 ns, Reaching safepoint: 2721875 ns, At safepoint: 97667 ns, Total: 2819542 ns
[2022-09-04T16:01:45.752+0000][1][safepoint    ] Safepoint "Cleanup", Time since last: 1005497501 ns, Reaching safepoint: 3004041 ns, At safepoint: 103834 ns, Total: 3107875 ns
[2022-09-04T16:01:46.758+0000][1][safepoint    ] Safepoint "Cleanup", Time since last: 1003334750 ns, Reaching safepoint: 2314917 ns, At safepoint: 147041 ns, Total: 2461958 ns
[2022-09-04T16:01:47.765+0000][1][safepoint    ] Safepoint "Cleanup", Time since last: 1003542959 ns, Reaching safepoint: 3200125 ns, At safepoint: 74334 ns, Total: 3274459 ns
[2022-09-04T16:01:48.771+0000][1][safepoint    ] Safepoint "Cleanup", Time since last: 1004044542 ns, Reaching safepoint: 1945083 ns, At safepoint: 34375 ns, Total: 1979458 ns
[2022-09-04T16:01:49.775+0000][1][safepoint    ] Safepoint "Cleanup", Time since last: 1003119001 ns, Reaching safepoint: 784166 ns, At safepoint: 17917 ns, Total: 802083 ns
[2022-09-04T16:01:50.780+0000][1][safepoint    ] Safepoint "Cleanup", Time since last: 1002920792 ns, Reaching safepoint: 2645917 ns, At safepoint: 62500 ns, Total: 2708417 ns
[2022-09-04T16:01:51.788+0000][1][safepoint    ] Safepoint "Cleanup", Time since last: 1005708500 ns, Reaching safepoint: 2109458 ns, At safepoint: 71834 ns, Total: 2181292 ns
[2022-09-04T16:01:52.795+0000][1][safepoint    ] Safepoint "Cleanup", Time since last: 1003756334 ns, Reaching safepoint: 2430833 ns, At safepoint: 65417 ns, Total: 2496250 ns
[2022-09-04T16:01:53.806+0000][1][safepoint    ] Safepoint "Cleanup", Time since last: 1009211375 ns, Reaching safepoint: 2609458 ns, At safepoint: 70375 ns, Total: 2679833 ns
[2022-09-04T16:01:54.813+0000][1][safepoint    ] Safepoint "Cleanup", Time since last: 1004561876 ns, Reaching safepoint: 1977708 ns, At safepoint: 52500 ns, Total: 2030208 ns
[2022-09-04T16:01:55.822+0000][1][safepoint    ] Safepoint "Cleanup", Time since last: 1006012917 ns, Reaching safepoint: 3098500 ns, At safepoint: 212709 ns, Total: 3311209 ns
[2022-09-04T16:01:56.829+0000][1][safepoint    ] Safepoint "Cleanup", Time since last: 1004595584 ns, Reaching safepoint: 1916541 ns, At safepoint: 111250 ns, Total: 2027791 ns
[2022-09-04T16:01:57.834+0000][1][safepoint    ] Safepoint "Cleanup", Time since last: 1003367626 ns, Reaching safepoint: 1534333 ns, At safepoint: 70667 ns, Total: 1605000 ns
[2022-09-04T16:01:58.838+0000][1][safepoint    ] Safepoint "Cleanup", Time since last: 1002894167 ns, Reaching safepoint: 1447417 ns, At safepoint: 33041 ns, Total: 1480458 ns
[2022-09-04T16:01:59.847+0000][1][safepoint    ] Safepoint "Cleanup", Time since last: 1007375667 ns, Reaching safepoint: 1063417 ns, At safepoint: 28750 ns, Total: 1092167 ns
[2022-09-04T16:02:00.850+0000][1][safepoint    ] Safepoint "Cleanup", Time since last: 1001995167 ns, Reaching safepoint: 799917 ns, At safepoint: 22833 ns, Total: 822750 ns
[2022-09-04T16:02:01.852+0000][1][safepoint    ] Safepoint "Cleanup", Time since last: 1001753917 ns, Reaching safepoint: 1137417 ns, At safepoint: 27375 ns, Total: 1164792 ns
[2022-09-04T16:02:02.856+0000][1][safepoint    ] Safepoint "Cleanup", Time since last: 1002655542 ns, Reaching safepoint: 1355666 ns, At safepoint: 32292 ns, Total: 1387958 ns
[2022-09-04T16:02:03.862+0000][1][safepoint    ] Safepoint "Cleanup", Time since last: 1003773584 ns, Reaching safepoint: 1898292 ns, At safepoint: 59583 ns, Total: 1957875 ns
[2022-09-04T16:02:04.867+0000][1][safepoint    ] Safepoint "Cleanup", Time since last: 1003303167 ns, Reaching safepoint: 1396750 ns, At safepoint: 36667 ns, Total: 1433417 ns
[2022-09-04T16:02:05.871+0000][1][safepoint    ] Safepoint "Cleanup", Time since last: 1003076667 ns, Reaching safepoint: 1393375 ns, At safepoint: 32917 ns, Total: 1426292 ns
[2022-09-04T16:02:06.875+0000][1][safepoint    ] Safepoint "Cleanup", Time since last: 1002428708 ns, Reaching safepoint: 1043500 ns, At safepoint: 30709 ns, Total: 1074209 ns
[2022-09-04T16:02:07.877+0000][1][safepoint    ] Safepoint "Cleanup", Time since last: 1001887375 ns, Reaching safepoint: 881750 ns, At safepoint: 26209 ns, Total: 907959 ns
[2022-09-04T16:02:08.883+0000][1][safepoint    ] Safepoint "Cleanup", Time since last: 1004480875 ns, Reaching safepoint: 1309458 ns, At safepoint: 34792 ns, Total: 1344250 ns
[2022-09-04T16:02:09.889+0000][1][safepoint    ] Safepoint "Cleanup", Time since last: 1004453584 ns, Reaching safepoint: 1151833 ns, At safepoint: 27917 ns, Total: 1179750 ns
[2022-09-04T16:02:10.892+0000][1][safepoint    ] Safepoint "Cleanup", Time since last: 1001987875 ns, Reaching safepoint: 844000 ns, At safepoint: 22542 ns, Total: 866542 ns
[2022-09-04T16:02:11.899+0000][1][safepoint    ] Safepoint "Cleanup", Time since last: 1003946292 ns, Reaching safepoint: 2907708 ns, At safepoint: 81334 ns, Total: 2989042 ns
[2022-09-04T16:02:12.906+0000][1][safepoint    ] Safepoint "Cleanup", Time since last: 1005886417 ns, Reaching safepoint: 1437083 ns, At safepoint: 42042 ns, Total: 1479125 ns
[2022-09-04T16:02:13.837+0000][1][safepoint    ] Safepoint "RevokeBias", Time since last: 929226125 ns, Reaching safepoint: 1678917 ns, At safepoint: 225375 ns, Total: 1904292 ns
[2022-09-04T16:02:14.842+0000][1][safepoint    ] Safepoint "Cleanup", Time since last: 1003622084 ns, Reaching safepoint: 1030250 ns, At safepoint: 22375 ns, Total: 1052625 ns
[2022-09-04T16:02:15.028+0000][1][safepoint    ] Safepoint "RevokeBias", Time since last: 185453167 ns, Reaching safepoint: 644291 ns, At safepoint: 106542 ns, Total: 750833 ns
[2022-09-04T16:02:15.035+0000][1][safepoint    ] Safepoint "RevokeBias", Time since last: 6369750 ns, Reaching safepoint: 599958 ns, At safepoint: 108042 ns, Total: 708000 ns
[2022-09-04T16:02:15.214+0000][1][safepoint    ] Safepoint "RevokeBias", Time since last: 177511958 ns, Reaching safepoint: 999209 ns, At safepoint: 129833 ns, Total: 1129042 ns
[2022-09-04T16:02:15.247+0000][1][safepoint    ] Safepoint "RevokeBias", Time since last: 32685000 ns, Reaching safepoint: 720292 ns, At safepoint: 105750 ns, Total: 826042 ns
[2022-09-04T16:02:15.347+0000][1][safepoint    ] Safepoint "RevokeBias", Time since last: 98180708 ns, Reaching safepoint: 1320458 ns, At safepoint: 98459 ns, Total: 1418917 ns
[2022-09-04T16:02:16.334+0000][1][safepoint    ] Safepoint "RevokeBias", Time since last: 985820417 ns, Reaching safepoint: 827583 ns, At safepoint: 102542 ns, Total: 930125 ns
[2022-09-04T16:02:16.338+0000][1][safepoint    ] Safepoint "RevokeBias", Time since last: 3611000 ns, Reaching safepoint: 542958 ns, At safepoint: 85792 ns, Total: 628750 ns
[2022-09-04T16:02:16.393+0000][1][safepoint    ] Safepoint "RevokeBias", Time since last: 54379167 ns, Reaching safepoint: 800500 ns, At safepoint: 98166 ns, Total: 898666 ns
[2022-09-04T16:02:16.405+0000][1][safepoint    ] Safepoint "RevokeBias", Time since last: 11095500 ns, Reaching safepoint: 964750 ns, At safepoint: 102209 ns, Total: 1066959 ns
[2022-09-04T16:02:17.409+0000][1][safepoint    ] Safepoint "Cleanup", Time since last: 1001930542 ns, Reaching safepoint: 1385375 ns, At safepoint: 37416 ns, Total: 1422791 ns
[2022-09-04T16:02:18.414+0000][1][safepoint    ] Safepoint "Cleanup", Time since last: 1004564001 ns, Reaching safepoint: 1017625 ns, At safepoint: 29458 ns, Total: 1047083 ns
[2022-09-04T16:02:19.420+0000][1][safepoint    ] Safepoint "Cleanup", Time since last: 1003576667 ns, Reaching safepoint: 1754459 ns, At safepoint: 50541 ns, Total: 1805000 ns
[2022-09-04T16:02:20.424+0000][1][safepoint    ] Safepoint "Cleanup", Time since last: 1003574417 ns, Reaching safepoint: 831875 ns, At safepoint: 22792 ns, Total: 854667 ns
[2022-09-04T16:02:21.427+0000][1][safepoint    ] Safepoint "Cleanup", Time since last: 1002304417 ns, Reaching safepoint: 824209 ns, At safepoint: 22458 ns, Total: 846667 ns
[2022-09-04T16:02:22.431+0000][1][safepoint    ] Safepoint "Cleanup", Time since last: 1003061709 ns, Reaching safepoint: 1086333 ns, At safepoint: 27750 ns, Total: 1114083 ns
[2022-09-04T16:02:23.437+0000][1][safepoint    ] Safepoint "Cleanup", Time since last: 1004816792 ns, Reaching safepoint: 815625 ns, At safepoint: 23000 ns, Total: 838625 ns
[2022-09-04T16:02:24.440+0000][1][safepoint    ] Safepoint "Cleanup", Time since last: 1002114959 ns, Reaching safepoint: 1103583 ns, At safepoint: 44459 ns, Total: 1148042 ns
[2022-09-04T16:02:25.445+0000][1][safepoint    ] Safepoint "Cleanup", Time since last: 1002548084 ns, Reaching safepoint: 2402125 ns, At safepoint: 87958 ns, Total: 2490083 ns
[2022-09-04T16:02:26.451+0000][1][safepoint    ] Safepoint "Cleanup", Time since last: 1004771292 ns, Reaching safepoint: 876500 ns, At safepoint: 27708 ns, Total: 904208 ns
[2022-09-04T16:02:27.454+0000][1][safepoint    ] Safepoint "Cleanup", Time since last: 1002513501 ns, Reaching safepoint: 852792 ns, At safepoint: 24333 ns, Total: 877125 ns
[2022-09-04T16:02:28.459+0000][1][safepoint    ] Safepoint "Cleanup", Time since last: 1003704167 ns, Reaching safepoint: 990875 ns, At safepoint: 31333 ns, Total: 1022208 ns
[2022-09-04T16:02:29.467+0000][1][safepoint    ] Safepoint "Cleanup", Time since last: 1006431126 ns, Reaching safepoint: 1050416 ns, At safepoint: 29459 ns, Total: 1079875 ns
[2022-09-04T16:02:30.470+0000][1][safepoint    ] Safepoint "Cleanup", Time since last: 1002798375 ns, Reaching safepoint: 897042 ns, At safepoint: 27750 ns, Total: 924792 ns
[2022-09-04T16:02:31.474+0000][1][safepoint    ] Safepoint "Cleanup", Time since last: 1002301499 ns, Reaching safepoint: 910959 ns, At safepoint: 26041 ns, Total: 937000 ns
[2022-09-04T16:02:32.477+0000][1][safepoint    ] Safepoint "Cleanup", Time since last: 1002533709 ns, Reaching safepoint: 874459 ns, At safepoint: 21791 ns, Total: 896250 ns
[2022-09-04T16:02:33.484+0000][1][safepoint    ] Safepoint "Cleanup", Time since last: 1005488459 ns, Reaching safepoint: 1067333 ns, At safepoint: 29042 ns, Total: 1096375 ns
[2022-09-04T16:02:34.489+0000][1][safepoint    ] Safepoint "Cleanup", Time since last: 1003714626 ns, Reaching safepoint: 1467750 ns, At safepoint: 57833 ns, Total: 1525583 ns
[2022-09-04T16:02:35.495+0000][1][safepoint    ] Safepoint "Cleanup", Time since last: 1004287584 ns, Reaching safepoint: 1239208 ns, At safepoint: 52250 ns, Total: 1291458 ns
[2022-09-04T16:02:36.498+0000][1][safepoint    ] Safepoint "Cleanup", Time since last: 1002273459 ns, Reaching safepoint: 1225792 ns, At safepoint: 46916 ns, Total: 1272708 ns
[2022-09-04T16:02:37.502+0000][1][safepoint    ] Safepoint "Cleanup", Time since last: 1003145709 ns, Reaching safepoint: 821625 ns, At safepoint: 24250 ns, Total: 845875 ns
[2022-09-04T16:02:38.506+0000][1][safepoint    ] Safepoint "Cleanup", Time since last: 1002955250 ns, Reaching safepoint: 793750 ns, At safepoint: 22959 ns, Total: 816709 ns
[2022-09-04T16:02:39.509+0000][1][safepoint    ] Safepoint "Cleanup", Time since last: 1001841417 ns, Reaching safepoint: 1315708 ns, At safepoint: 95167 ns, Total: 1410875 ns
[2022-09-04T16:02:40.514+0000][1][safepoint    ] Safepoint "Cleanup", Time since last: 1003180417 ns, Reaching safepoint: 1655667 ns, At safepoint: 45875 ns, Total: 1701542 ns
[2022-09-04T16:02:41.520+0000][1][safepoint    ] Safepoint "Cleanup", Time since last: 1004774250 ns, Reaching safepoint: 1130709 ns, At safepoint: 33875 ns, Total: 1164584 ns
[2022-09-04T16:02:42.523+0000][1][safepoint    ] Safepoint "Cleanup", Time since last: 1002076917 ns, Reaching safepoint: 874458 ns, At safepoint: 24417 ns, Total: 898875 ns
[2022-09-04T16:02:43.526+0000][1][safepoint    ] Safepoint "Cleanup", Time since last: 1002451417 ns, Reaching safepoint: 919792 ns, At safepoint: 41875 ns, Total: 961667 ns
[2022-09-04T16:02:44.536+0000][1][safepoint    ] Safepoint "Cleanup", Time since last: 1008398208 ns, Reaching safepoint: 1148667 ns, At safepoint: 28583 ns, Total: 1177250 ns
[2022-09-04T16:02:45.540+0000][1][safepoint    ] Safepoint "Cleanup", Time since last: 1002622501 ns, Reaching safepoint: 1652708 ns, At safepoint: 237875 ns, Total: 1890583 ns
[2022-09-04T16:02:46.551+0000][1][safepoint    ] Safepoint "Cleanup", Time since last: 1008978251 ns, Reaching safepoint: 1536750 ns, At safepoint: 54125 ns, Total: 1590875 ns
[2022-09-04T16:02:47.555+0000][1][safepoint    ] Safepoint "Cleanup", Time since last: 1002622125 ns, Reaching safepoint: 1716167 ns, At safepoint: 80625 ns, Total: 1796792 ns
[2022-09-04T16:02:48.563+0000][1][safepoint    ] Safepoint "Cleanup", Time since last: 1005597209 ns, Reaching safepoint: 1847666 ns, At safepoint: 289084 ns, Total: 2136750 ns
[2022-09-04T16:02:49.571+0000][1][safepoint    ] Safepoint "Cleanup", Time since last: 1003688083 ns, Reaching safepoint: 3650209 ns, At safepoint: 70958 ns, Total: 3721167 ns
[2022-09-04T16:02:50.575+0000][1][safepoint    ] Safepoint "Cleanup", Time since last: 1003696126 ns, Reaching safepoint: 939875 ns, At safepoint: 26833 ns, Total: 966708 ns
[2022-09-04T16:02:52.358+0000][1][safepoint    ] Safepoint "Cleanup", Time since last: 1782066126 ns, Reaching safepoint: 823000 ns, At safepoint: 24458 ns, Total: 847458 ns
[2022-09-04T16:02:53.362+0000][1][safepoint    ] Safepoint "Cleanup", Time since last: 1002404959 ns, Reaching safepoint: 975500 ns, At safepoint: 23458 ns, Total: 998958 ns
[2022-09-04T16:02:54.365+0000][1][safepoint    ] Safepoint "Cleanup", Time since last: 1002437876 ns, Reaching safepoint: 852958 ns, At safepoint: 28083 ns, Total: 881041 ns
[2022-09-04T16:02:55.368+0000][1][safepoint    ] Safepoint "Cleanup", Time since last: 1001447918 ns, Reaching safepoint: 1349583 ns, At safepoint: 40083 ns, Total: 1389666 ns
[2022-09-04T16:02:56.372+0000][1][safepoint    ] Safepoint "Cleanup", Time since last: 1003165209 ns, Reaching safepoint: 1285167 ns, At safepoint: 45166 ns, Total: 1330333 ns
[2022-09-04T16:02:57.378+0000][1][safepoint    ] Safepoint "Cleanup", Time since last: 1004559542 ns, Reaching safepoint: 951417 ns, At safepoint: 25875 ns, Total: 977292 ns
[2022-09-04T16:02:58.380+0000][1][safepoint    ] Safepoint "Cleanup", Time since last: 1001908626 ns, Reaching safepoint: 782583 ns, At safepoint: 21833 ns, Total: 804416 ns
[2022-09-04T16:02:59.385+0000][1][safepoint    ] Safepoint "Cleanup", Time since last: 1003441209 ns, Reaching safepoint: 1256500 ns, At safepoint: 32292 ns, Total: 1288792 ns
[2022-09-04T16:03:00.388+0000][1][safepoint    ] Safepoint "Cleanup", Time since last: 1002110334 ns, Reaching safepoint: 970666 ns, At safepoint: 26209 ns, Total: 996875 ns
[2022-09-04T16:03:01.394+0000][1][safepoint    ] Safepoint "Cleanup", Time since last: 1004475000 ns, Reaching safepoint: 1256000 ns, At safepoint: 63916 ns, Total: 1319916 ns
[2022-09-04T16:03:02.397+0000][1][safepoint    ] Safepoint "Cleanup", Time since last: 1001991251 ns, Reaching safepoint: 865333 ns, At safepoint: 24334 ns, Total: 889667 ns
[2022-09-04T16:03:03.400+0000][1][safepoint    ] Safepoint "Cleanup", Time since last: 1002260708 ns, Reaching safepoint: 904500 ns, At safepoint: 22209 ns, Total: 926709 ns
[2022-09-04T16:03:04.403+0000][1][safepoint    ] Safepoint "Cleanup", Time since last: 1001870917 ns, Reaching safepoint: 1392625 ns, At safepoint: 36250 ns, Total: 1428875 ns
[2022-09-04T16:03:05.410+0000][1][safepoint    ] Safepoint "Cleanup", Time since last: 1005791625 ns, Reaching safepoint: 972334 ns, At safepoint: 24541 ns, Total: 996875 ns
[2022-09-04T16:03:06.416+0000][1][safepoint    ] Safepoint "Cleanup", Time since last: 1003680376 ns, Reaching safepoint: 2383750 ns, At safepoint: 58875 ns, Total: 2442625 ns
[2022-09-04T16:03:07.422+0000][1][safepoint    ] Safepoint "Cleanup", Time since last: 1004861500 ns, Reaching safepoint: 958084 ns, At safepoint: 23333 ns, Total: 981417 ns
[2022-09-04T16:03:08.425+0000][1][safepoint    ] Safepoint "Cleanup", Time since last: 1001826959 ns, Reaching safepoint: 1020958 ns, At safepoint: 24750 ns, Total: 1045708 ns
[2022-09-04T16:03:09.428+0000][1][safepoint    ] Safepoint "Cleanup", Time since last: 1002068709 ns, Reaching safepoint: 1302708 ns, At safepoint: 36834 ns, Total: 1339542 ns
[2022-09-04T16:03:10.433+0000][1][safepoint    ] Safepoint "Cleanup", Time since last: 1003682000 ns, Reaching safepoint: 1107625 ns, At safepoint: 29958 ns, Total: 1137583 ns
[2022-09-04T16:03:11.437+0000][1][safepoint    ] Safepoint "Cleanup", Time since last: 1002927918 ns, Reaching safepoint: 1162583 ns, At safepoint: 35208 ns, Total: 1197791 ns
[2022-09-04T16:03:12.440+0000][1][safepoint    ] Safepoint "Cleanup", Time since last: 1002176584 ns, Reaching safepoint: 911833 ns, At safepoint: 25542 ns, Total: 937375 ns
[2022-09-04T16:03:13.444+0000][1][safepoint    ] Safepoint "Cleanup", Time since last: 1001845125 ns, Reaching safepoint: 1376625 ns, At safepoint: 35417 ns, Total: 1412042 ns
[2022-09-04T16:03:14.448+0000][1][safepoint    ] Safepoint "Cleanup", Time since last: 1003318626 ns, Reaching safepoint: 1224083 ns, At safepoint: 31083 ns, Total: 1255166 ns
[2022-09-04T16:03:15.452+0000][1][safepoint    ] Safepoint "Cleanup", Time since last: 1001997501 ns, Reaching safepoint: 1483250 ns, At safepoint: 41208 ns, Total: 1524458 ns
[2022-09-04T16:03:16.457+0000][1][safepoint    ] Safepoint "Cleanup", Time since last: 1003492876 ns, Reaching safepoint: 1252750 ns, At safepoint: 31250 ns, Total: 1284000 ns
[2022-09-04T16:03:17.460+0000][1][safepoint    ] Safepoint "Cleanup", Time since last: 1002487167 ns, Reaching safepoint: 960625 ns, At safepoint: 40208 ns, Total: 1000833 ns
[2022-09-04T16:03:18.463+0000][1][safepoint    ] Safepoint "Cleanup", Time since last: 1001752542 ns, Reaching safepoint: 1311959 ns, At safepoint: 41250 ns, Total: 1353209 ns
[2022-09-04T16:03:19.470+0000][1][safepoint    ] Safepoint "Cleanup", Time since last: 1003718250 ns, Reaching safepoint: 3070333 ns, At safepoint: 106959 ns, Total: 3177292 ns
[2022-09-04T16:03:20.476+0000][1][safepoint    ] Safepoint "Cleanup", Time since last: 1004649709 ns, Reaching safepoint: 1236291 ns, At safepoint: 28417 ns, Total: 1264708 ns
[2022-09-04T16:03:21.484+0000][1][safepoint    ] Safepoint "Cleanup", Time since last: 1007057709 ns, Reaching safepoint: 1078958 ns, At safepoint: 31083 ns, Total: 1110041 ns
[2022-09-04T16:03:22.489+0000][1][safepoint    ] Safepoint "Cleanup", Time since last: 1001565209 ns, Reaching safepoint: 3049500 ns, At safepoint: 105167 ns, Total: 3154667 ns
[2022-09-04T16:03:23.496+0000][1][safepoint    ] Safepoint "Cleanup", Time since last: 1004705125 ns, Reaching safepoint: 2137042 ns, At safepoint: 58708 ns, Total: 2195750 ns
[2022-09-04T16:03:24.500+0000][1][safepoint    ] Safepoint "Cleanup", Time since last: 1003374459 ns, Reaching safepoint: 1221708 ns, At safepoint: 33250 ns, Total: 1254958 ns
[2022-09-04T16:03:25.507+0000][1][safepoint    ] Safepoint "Cleanup", Time since last: 1003070959 ns, Reaching safepoint: 3278167 ns, At safepoint: 106625 ns, Total: 3384792 ns
[2022-09-04T16:03:26.515+0000][1][safepoint    ] Safepoint "Cleanup", Time since last: 1006744834 ns, Reaching safepoint: 1209000 ns, At safepoint: 31250 ns, Total: 1240250 ns
[2022-09-04T16:03:27.522+0000][1][safepoint    ] Safepoint "Cleanup", Time since last: 1006323250 ns, Reaching safepoint: 973917 ns, At safepoint: 25292 ns, Total: 999209 ns
[2022-09-04T16:03:28.525+0000][1][safepoint    ] Safepoint "Cleanup", Time since last: 1001777542 ns, Reaching safepoint: 1368166 ns, At safepoint: 32125 ns, Total: 1400291 ns
[2022-09-04T16:03:29.558+0000][1][safepoint    ] Safepoint "Cleanup", Time since last: 1032168876 ns, Reaching safepoint: 803792 ns, At safepoint: 28166 ns, Total: 831958 ns
[2022-09-04T16:03:30.562+0000][1][safepoint    ] Safepoint "Cleanup", Time since last: 1001823834 ns, Reaching safepoint: 2111458 ns, At safepoint: 64042 ns, Total: 2175500 ns
[2022-09-04T16:03:31.567+0000][1][safepoint    ] Safepoint "Cleanup", Time since last: 1003024667 ns, Reaching safepoint: 1520125 ns, At safepoint: 38500 ns, Total: 1558625 ns
[2022-09-04T16:03:32.574+0000][1][safepoint    ] Safepoint "Cleanup", Time since last: 1005977417 ns, Reaching safepoint: 829375 ns, At safepoint: 22416 ns, Total: 851791 ns
[2022-09-04T16:03:33.577+0000][1][safepoint    ] Safepoint "Cleanup", Time since last: 1001947584 ns, Reaching safepoint: 1380792 ns, At safepoint: 42083 ns, Total: 1422875 ns
[2022-09-04T16:03:34.584+0000][1][safepoint    ] Safepoint "Cleanup", Time since last: 1002533751 ns, Reaching safepoint: 4065791 ns, At safepoint: 104875 ns, Total: 4170666 ns
[2022-09-04T16:03:35.593+0000][1][safepoint    ] Safepoint "Cleanup", Time since last: 1007037959 ns, Reaching safepoint: 1780167 ns, At safepoint: 49000 ns, Total: 1829167 ns
[2022-09-04T16:03:36.600+0000][1][safepoint    ] Safepoint "Cleanup", Time since last: 1004616625 ns, Reaching safepoint: 2695834 ns, At safepoint: 174375 ns, Total: 2870209 ns
[2022-09-04T16:03:37.606+0000][1][safepoint    ] Safepoint "Cleanup", Time since last: 1003848667 ns, Reaching safepoint: 2046833 ns, At safepoint: 76333 ns, Total: 2123166 ns
[2022-09-04T16:03:38.611+0000][1][safepoint    ] Safepoint "Cleanup", Time since last: 1003827168 ns, Reaching safepoint: 1204833 ns, At safepoint: 51625 ns, Total: 1256458 ns
[2022-09-04T16:03:39.616+0000][1][safepoint    ] Safepoint "Cleanup", Time since last: 1002927750 ns, Reaching safepoint: 1445792 ns, At safepoint: 53833 ns, Total: 1499625 ns
[2022-09-04T16:03:40.620+0000][1][safepoint    ] Safepoint "Cleanup", Time since last: 1003523792 ns, Reaching safepoint: 1165834 ns, At safepoint: 54250 ns, Total: 1220084 ns
[2022-09-04T16:03:41.625+0000][1][safepoint    ] Safepoint "Cleanup", Time since last: 1004024042 ns, Reaching safepoint: 1036708 ns, At safepoint: 65459 ns, Total: 1102167 ns
[2022-09-04T16:03:42.629+0000][1][safepoint    ] Safepoint "Cleanup", Time since last: 1002449208 ns, Reaching safepoint: 1276167 ns, At safepoint: 70625 ns, Total: 1346792 ns
[2022-09-04T16:03:43.634+0000][1][safepoint    ] Safepoint "Cleanup", Time since last: 1003005917 ns, Reaching safepoint: 2199542 ns, At safepoint: 53833 ns, Total: 2253375 ns
[2022-09-04T16:03:44.642+0000][1][safepoint    ] Safepoint "Cleanup", Time since last: 1004289334 ns, Reaching safepoint: 2708917 ns, At safepoint: 78875 ns, Total: 2787792 ns
[2022-09-04T16:03:45.651+0000][1][safepoint    ] Safepoint "Cleanup", Time since last: 1006141042 ns, Reaching safepoint: 2845792 ns, At safepoint: 90750 ns, Total: 2936542 ns
[2022-09-04T16:03:46.662+0000][1][safepoint    ] Safepoint "Cleanup", Time since last: 1007173458 ns, Reaching safepoint: 3888917 ns, At safepoint: 114833 ns, Total: 4003750 ns
[2022-09-04T16:03:47.673+0000][1][safepoint    ] Safepoint "Cleanup", Time since last: 1004524751 ns, Reaching safepoint: 6867042 ns, At safepoint: 128083 ns, Total: 6995125 ns
[2022-09-04T16:03:48.679+0000][1][safepoint    ] Safepoint "Cleanup", Time since last: 1004308459 ns, Reaching safepoint: 1185708 ns, At safepoint: 35000 ns, Total: 1220708 ns
[2022-09-04T16:03:49.685+0000][1][safepoint    ] Safepoint "Cleanup", Time since last: 1002656084 ns, Reaching safepoint: 3090375 ns, At safepoint: 85291 ns, Total: 3175666 ns
[2022-09-04T16:03:50.706+0000][1][safepoint    ] Safepoint "Cleanup", Time since last: 1017869709 ns, Reaching safepoint: 2862792 ns, At safepoint: 75708 ns, Total: 2938500 ns
[2022-09-04T16:03:51.715+0000][1][safepoint    ] Safepoint "Cleanup", Time since last: 1008911001 ns, Reaching safepoint: 826166 ns, At safepoint: 21417 ns, Total: 847583 ns
[2022-09-04T16:03:52.718+0000][1][safepoint    ] Safepoint "Cleanup", Time since last: 1002326209 ns, Reaching safepoint: 877333 ns, At safepoint: 23959 ns, Total: 901292 ns
[2022-09-04T16:03:53.724+0000][1][safepoint    ] Safepoint "Cleanup", Time since last: 1004863750 ns, Reaching safepoint: 750083 ns, At safepoint: 23750 ns, Total: 773833 ns
[2022-09-04T16:03:54.729+0000][1][safepoint    ] Safepoint "Cleanup", Time since last: 1001794293 ns, Reaching safepoint: 2454125 ns, At safepoint: 145041 ns, Total: 2599166 ns
[2022-09-04T16:03:55.737+0000][1][safepoint    ] Safepoint "Cleanup", Time since last: 1005138959 ns, Reaching safepoint: 3399458 ns, At safepoint: 117584 ns, Total: 3517042 ns
[2022-09-04T16:03:56.745+0000][1][safepoint    ] Safepoint "Cleanup", Time since last: 1005336084 ns, Reaching safepoint: 2845541 ns, At safepoint: 111125 ns, Total: 2956666 ns
[2022-09-04T16:03:57.754+0000][1][safepoint    ] Safepoint "Cleanup", Time since last: 1006100709 ns, Reaching safepoint: 2766542 ns, At safepoint: 124333 ns, Total: 2890875 ns
[2022-09-04T16:03:58.761+0000][1][safepoint    ] Safepoint "Cleanup", Time since last: 1004845375 ns, Reaching safepoint: 1249125 ns, At safepoint: 31834 ns, Total: 1280959 ns
[2022-09-04T16:03:59.766+0000][1][safepoint    ] Safepoint "Cleanup", Time since last: 1002478542 ns, Reaching safepoint: 2950792 ns, At safepoint: 107125 ns, Total: 3057917 ns
[2022-09-04T16:04:00.773+0000][1][safepoint    ] Safepoint "Cleanup", Time since last: 1005362792 ns, Reaching safepoint: 1731250 ns, At safepoint: 50791 ns, Total: 1782041 ns
[2022-09-04T16:04:01.777+0000][1][safepoint    ] Safepoint "Cleanup", Time since last: 1003171834 ns, Reaching safepoint: 724875 ns, At safepoint: 21416 ns, Total: 746291 ns
[2022-09-04T16:04:02.780+0000][1][safepoint    ] Safepoint "Cleanup", Time since last: 1001623542 ns, Reaching safepoint: 1204542 ns, At safepoint: 31750 ns, Total: 1236292 ns
[2022-09-04T16:04:03.783+0000][1][safepoint    ] Safepoint "Cleanup", Time since last: 1002424751 ns, Reaching safepoint: 811208 ns, At safepoint: 26375 ns, Total: 837583 ns
[2022-09-04T16:04:04.786+0000][1][safepoint    ] Safepoint "Cleanup", Time since last: 1001717000 ns, Reaching safepoint: 1163500 ns, At safepoint: 33542 ns, Total: 1197042 ns
[2022-09-04T16:04:05.793+0000][1][safepoint    ] Safepoint "Cleanup", Time since last: 1004942417 ns, Reaching safepoint: 2087417 ns, At safepoint: 71875 ns, Total: 2159292 ns
[2022-09-04T16:04:06.802+0000][1][safepoint    ] Safepoint "Cleanup", Time since last: 1006668042 ns, Reaching safepoint: 2097667 ns, At safepoint: 96041 ns, Total: 2193708 ns
[2022-09-04T16:04:07.817+0000][1][safepoint    ] Safepoint "Cleanup", Time since last: 1012052917 ns, Reaching safepoint: 2554875 ns, At safepoint: 82334 ns, Total: 2637209 ns
[2022-09-04T16:04:08.826+0000][1][safepoint    ] Safepoint "Cleanup", Time since last: 1007609250 ns, Reaching safepoint: 1114417 ns, At safepoint: 32708 ns, Total: 1147125 ns
[2022-09-04T16:04:09.830+0000][1][safepoint    ] Safepoint "Cleanup", Time since last: 1002786417 ns, Reaching safepoint: 1652500 ns, At safepoint: 42792 ns, Total: 1695292 ns
[2022-09-04T16:04:10.833+0000][1][safepoint    ] Safepoint "Cleanup", Time since last: 1002529584 ns, Reaching safepoint: 910250 ns, At safepoint: 27042 ns, Total: 937292 ns
[2022-09-04T16:04:11.837+0000][1][safepoint    ] Safepoint "Cleanup", Time since last: 1001754000 ns, Reaching safepoint: 1593083 ns, At safepoint: 44375 ns, Total: 1637458 ns
[2022-09-04T16:04:12.840+0000][1][safepoint    ] Safepoint "Cleanup", Time since last: 1002450626 ns, Reaching safepoint: 1075333 ns, At safepoint: 28792 ns, Total: 1104125 ns
[2022-09-04T16:04:13.844+0000][1][safepoint    ] Safepoint "Cleanup", Time since last: 1002328834 ns, Reaching safepoint: 959875 ns, At safepoint: 25875 ns, Total: 985750 ns
[2022-09-04T16:04:14.859+0000][1][safepoint    ] Safepoint "Cleanup", Time since last: 1013828709 ns, Reaching safepoint: 1769500 ns, At safepoint: 83416 ns, Total: 1852916 ns
[2022-09-04T16:04:15.864+0000][1][safepoint    ] Safepoint "Cleanup", Time since last: 1002556959 ns, Reaching safepoint: 1544458 ns, At safepoint: 54334 ns, Total: 1598792 ns
[2022-09-04T16:04:16.867+0000][1][safepoint    ] Safepoint "Cleanup", Time since last: 1002168250 ns, Reaching safepoint: 1622458 ns, At safepoint: 46292 ns, Total: 1668750 ns
[2022-09-04T16:04:17.872+0000][1][safepoint    ] Safepoint "Cleanup", Time since last: 1002669667 ns, Reaching safepoint: 1501042 ns, At safepoint: 37625 ns, Total: 1538667 ns
[2022-09-04T16:04:18.876+0000][1][safepoint    ] Safepoint "Cleanup", Time since last: 1002695334 ns, Reaching safepoint: 1202916 ns, At safepoint: 33500 ns, Total: 1236416 ns
[2022-09-04T16:04:19.882+0000][1][safepoint    ] Safepoint "Cleanup", Time since last: 1003186376 ns, Reaching safepoint: 2693083 ns, At safepoint: 91000 ns, Total: 2784083 ns
[2022-09-04T16:04:20.887+0000][1][safepoint    ] Safepoint "Cleanup", Time since last: 1003584126 ns, Reaching safepoint: 1480708 ns, At safepoint: 44875 ns, Total: 1525583 ns
[2022-09-04T16:04:21.894+0000][1][safepoint    ] Safepoint "Cleanup", Time since last: 1006146626 ns, Reaching safepoint: 991708 ns, At safepoint: 21500 ns, Total: 1013208 ns
[2022-09-04T16:04:22.897+0000][1][safepoint    ] Safepoint "Cleanup", Time since last: 1002226250 ns, Reaching safepoint: 1070625 ns, At safepoint: 27209 ns, Total: 1097834 ns
[2022-09-04T16:04:23.902+0000][1][safepoint    ] Safepoint "Cleanup", Time since last: 1003960500 ns, Reaching safepoint: 961750 ns, At safepoint: 24750 ns, Total: 986500 ns
[2022-09-04T16:04:24.909+0000][1][safepoint    ] Safepoint "Cleanup", Time since last: 1004176209 ns, Reaching safepoint: 2274167 ns, At safepoint: 62416 ns, Total: 2336583 ns
[2022-09-04T16:04:25.914+0000][1][safepoint    ] Safepoint "Cleanup", Time since last: 1003756084 ns, Reaching safepoint: 1162375 ns, At safepoint: 31417 ns, Total: 1193792 ns
[2022-09-04T16:04:26.917+0000][1][safepoint    ] Safepoint "Cleanup", Time since last: 1002086375 ns, Reaching safepoint: 1225292 ns, At safepoint: 27583 ns, Total: 1252875 ns
[2022-09-04T16:04:27.924+0000][1][safepoint    ] Safepoint "Cleanup", Time since last: 1004287917 ns, Reaching safepoint: 2631209 ns, At safepoint: 71750 ns, Total: 2702959 ns
[2022-09-04T16:04:28.930+0000][1][safepoint    ] Safepoint "Cleanup", Time since last: 1004539417 ns, Reaching safepoint: 1225250 ns, At safepoint: 35667 ns, Total: 1260917 ns
[2022-09-04T16:04:29.934+0000][1][safepoint    ] Safepoint "Cleanup", Time since last: 1003248333 ns, Reaching safepoint: 1418625 ns, At safepoint: 39375 ns, Total: 1458000 ns
[2022-09-04T16:04:30.941+0000][1][safepoint    ] Safepoint "Cleanup", Time since last: 1005366459 ns, Reaching safepoint: 1433625 ns, At safepoint: 44166 ns, Total: 1477791 ns
[2022-09-04T16:04:31.945+0000][1][safepoint    ] Safepoint "Cleanup", Time since last: 1002382334 ns, Reaching safepoint: 1621667 ns, At safepoint: 50708 ns, Total: 1672375 ns
[2022-09-04T16:04:32.951+0000][1][safepoint    ] Safepoint "Cleanup", Time since last: 1002540584 ns, Reaching safepoint: 3004333 ns, At safepoint: 86625 ns, Total: 3090958 ns
[2022-09-04T16:04:33.956+0000][1][safepoint    ] Safepoint "Cleanup", Time since last: 1004588292 ns, Reaching safepoint: 846584 ns, At safepoint: 25958 ns, Total: 872542 ns
[2022-09-04T16:04:34.960+0000][1][safepoint    ] Safepoint "Cleanup", Time since last: 1002219959 ns, Reaching safepoint: 1547000 ns, At safepoint: 53833 ns, Total: 1600833 ns
[2022-09-04T16:04:35.966+0000][1][safepoint    ] Safepoint "Cleanup", Time since last: 1004571376 ns, Reaching safepoint: 1344041 ns, At safepoint: 41459 ns, Total: 1385500 ns
[2022-09-04T16:04:36.973+0000][1][safepoint    ] Safepoint "Cleanup", Time since last: 1003077417 ns, Reaching safepoint: 3345208 ns, At safepoint: 67542 ns, Total: 3412750 ns
[2022-09-04T16:04:37.982+0000][1][safepoint    ] Safepoint "Cleanup", Time since last: 1007197750 ns, Reaching safepoint: 2307042 ns, At safepoint: 77125 ns, Total: 2384167 ns
[2022-09-04T16:04:38.988+0000][1][safepoint    ] Safepoint "Cleanup", Time since last: 1004772959 ns, Reaching safepoint: 864708 ns, At safepoint: 22125 ns, Total: 886833 ns
[2022-09-04T16:04:39.993+0000][1][safepoint    ] Safepoint "Cleanup", Time since last: 1002775959 ns, Reaching safepoint: 1932792 ns, At safepoint: 65291 ns, Total: 1998083 ns
[2022-09-04T16:04:40.998+0000][1][safepoint    ] Safepoint "Cleanup", Time since last: 1004292542 ns, Reaching safepoint: 1106292 ns, At safepoint: 30375 ns, Total: 1136667 ns
[2022-09-04T16:04:42.004+0000][1][safepoint    ] Safepoint "Cleanup", Time since last: 1003324250 ns, Reaching safepoint: 2178042 ns, At safepoint: 70875 ns, Total: 2248917 ns
[2022-09-04T16:04:43.015+0000][1][safepoint    ] Safepoint "Cleanup", Time since last: 1010252876 ns, Reaching safepoint: 908250 ns, At safepoint: 27750 ns, Total: 936000 ns
[2022-09-04T16:04:44.018+0000][1][safepoint    ] Safepoint "Cleanup", Time since last: 1002123250 ns, Reaching safepoint: 1163125 ns, At safepoint: 30208 ns, Total: 1193333 ns
[2022-09-04T16:04:45.024+0000][1][safepoint    ] Safepoint "Cleanup", Time since last: 1002943584 ns, Reaching safepoint: 3372042 ns, At safepoint: 88542 ns, Total: 3460584 ns
[2022-09-04T16:04:46.033+0000][1][safepoint    ] Safepoint "Cleanup", Time since last: 1004397500 ns, Reaching safepoint: 3966875 ns, At safepoint: 110000 ns, Total: 4076875 ns
[2022-09-04T16:04:47.041+0000][1][safepoint    ] Safepoint "Cleanup", Time since last: 1004666751 ns, Reaching safepoint: 3498041 ns, At safepoint: 167875 ns, Total: 3665916 ns
[2022-09-04T16:04:48.048+0000][1][safepoint    ] Safepoint "Cleanup", Time since last: 1005506417 ns, Reaching safepoint: 847250 ns, At safepoint: 24209 ns, Total: 871459 ns
[2022-09-04T16:04:49.054+0000][1][safepoint    ] Safepoint "Cleanup", Time since last: 1003434292 ns, Reaching safepoint: 2779667 ns, At safepoint: 77416 ns, Total: 2857083 ns
[2022-09-04T16:04:50.064+0000][1][safepoint    ] Safepoint "Cleanup", Time since last: 1004812917 ns, Reaching safepoint: 4980792 ns, At safepoint: 97792 ns, Total: 5078584 ns
[2022-09-04T16:04:51.070+0000][1][safepoint    ] Safepoint "Cleanup", Time since last: 1003948542 ns, Reaching safepoint: 2181000 ns, At safepoint: 64458 ns, Total: 2245458 ns
[2022-09-04T16:04:52.077+0000][1][safepoint    ] Safepoint "Cleanup", Time since last: 1004878334 ns, Reaching safepoint: 1795292 ns, At safepoint: 68791 ns, Total: 1864083 ns
[2022-09-04T16:04:53.081+0000][1][safepoint    ] Safepoint "Cleanup", Time since last: 1003296667 ns, Reaching safepoint: 843875 ns, At safepoint: 26584 ns, Total: 870459 ns
[2022-09-04T16:04:54.084+0000][1][safepoint    ] Safepoint "Cleanup", Time since last: 1001966667 ns, Reaching safepoint: 1503125 ns, At safepoint: 43125 ns, Total: 1546250 ns
[2022-09-04T16:04:55.093+0000][1][safepoint    ] Safepoint "Cleanup", Time since last: 1005510750 ns, Reaching safepoint: 2833875 ns, At safepoint: 101209 ns, Total: 2935084 ns
[2022-09-04T16:04:56.098+0000][1][safepoint    ] Safepoint "Cleanup", Time since last: 1003693250 ns, Reaching safepoint: 1794084 ns, At safepoint: 53708 ns, Total: 1847792 ns
[2022-09-04T16:04:57.105+0000][1][safepoint    ] Safepoint "Cleanup", Time since last: 1003390167 ns, Reaching safepoint: 3543083 ns, At safepoint: 98167 ns, Total: 3641250 ns
[2022-09-04T16:04:58.112+0000][1][safepoint    ] Safepoint "Cleanup", Time since last: 1005973792 ns, Reaching safepoint: 828167 ns, At safepoint: 27000 ns, Total: 855167 ns
[2022-09-04T16:04:59.117+0000][1][safepoint    ] Safepoint "Cleanup", Time since last: 1002405917 ns, Reaching safepoint: 2367458 ns, At safepoint: 67334 ns, Total: 2434792 ns
[2022-09-04T16:05:00.126+0000][1][safepoint    ] Safepoint "Cleanup", Time since last: 1006667417 ns, Reaching safepoint: 1713375 ns, At safepoint: 40833 ns, Total: 1754208 ns
[2022-09-04T16:05:01.135+0000][1][safepoint    ] Safepoint "Cleanup", Time since last: 1005318375 ns, Reaching safepoint: 3348792 ns, At safepoint: 97083 ns, Total: 3445875 ns
[2022-09-04T16:05:01.829+0000][1][safepoint    ] Safepoint "RevokeBias", Time since last: 693071501 ns, Reaching safepoint: 911416 ns, At safepoint: 199417 ns, Total: 1110833 ns
[2022-09-04T16:05:01.835+0000][1][safepoint    ] Safepoint "RevokeBias", Time since last: 5769208 ns, Reaching safepoint: 571667 ns, At safepoint: 122750 ns, Total: 694417 ns
[2022-09-04T16:05:02.169+0000][1][safepoint    ] Safepoint "RevokeBias", Time since last: 333171792 ns, Reaching safepoint: 810125 ns, At safepoint: 107416 ns, Total: 917541 ns
[2022-09-04T16:05:02.275+0000][1][safepoint    ] Safepoint "RevokeBias", Time since last: 105024876 ns, Reaching safepoint: 1226666 ns, At safepoint: 114125 ns, Total: 1340791 ns
[2022-09-04T16:05:03.279+0000][1][safepoint    ] Safepoint "Cleanup", Time since last: 1002927751 ns, Reaching safepoint: 1004625 ns, At safepoint: 59833 ns, Total: 1064458 ns
[2022-09-04T16:05:04.283+0000][1][safepoint    ] Safepoint "Cleanup", Time since last: 1001845000 ns, Reaching safepoint: 1424459 ns, At safepoint: 38458 ns, Total: 1462917 ns
[2022-09-04T16:05:05.288+0000][1][safepoint    ] Safepoint "Cleanup", Time since last: 1002673209 ns, Reaching safepoint: 2105125 ns, At safepoint: 79333 ns, Total: 2184458 ns
[2022-09-04T16:05:06.294+0000][1][safepoint    ] Safepoint "Cleanup", Time since last: 1003400709 ns, Reaching safepoint: 2878000 ns, At safepoint: 80333 ns, Total: 2958333 ns
[2022-09-04T16:05:07.301+0000][1][safepoint    ] Safepoint "Cleanup", Time since last: 1004187834 ns, Reaching safepoint: 3029625 ns, At safepoint: 141084 ns, Total: 3170709 ns
[2022-09-04T16:05:08.308+0000][1][safepoint    ] Safepoint "Cleanup", Time since last: 1005182833 ns, Reaching safepoint: 1507417 ns, At safepoint: 44792 ns, Total: 1552209 ns
[2022-09-04T16:05:09.313+0000][1][safepoint    ] Safepoint "Cleanup", Time since last: 1003205709 ns, Reaching safepoint: 1220791 ns, At safepoint: 29292 ns, Total: 1250083 ns
[2022-09-04T16:05:10.317+0000][1][safepoint    ] Safepoint "Cleanup", Time since last: 1002832125 ns, Reaching safepoint: 1654417 ns, At safepoint: 131958 ns, Total: 1786375 ns
[2022-09-04T16:05:11.322+0000][1][safepoint    ] Safepoint "Cleanup", Time since last: 1003671459 ns, Reaching safepoint: 1151042 ns, At safepoint: 52458 ns, Total: 1203500 ns
[2022-09-04T16:05:12.326+0000][1][safepoint    ] Safepoint "Cleanup", Time since last: 1002315792 ns, Reaching safepoint: 1562625 ns, At safepoint: 60084 ns, Total: 1622709 ns
[2022-09-04T16:05:13.330+0000][1][safepoint    ] Safepoint "Cleanup", Time since last: 1003135042 ns, Reaching safepoint: 1026333 ns, At safepoint: 22667 ns, Total: 1049000 ns
[2022-09-04T16:05:14.334+0000][1][safepoint    ] Safepoint "Cleanup", Time since last: 1001985875 ns, Reaching safepoint: 1489959 ns, At safepoint: 39000 ns, Total: 1528959 ns
[2022-09-04T16:05:15.180+0000][1][safepoint    ] Safepoint "RevokeBias", Time since last: 845494958 ns, Reaching safepoint: 796375 ns, At safepoint: 126250 ns, Total: 922625 ns
[2022-09-04T16:05:15.185+0000][1][safepoint    ] Safepoint "RevokeBias", Time since last: 3712709 ns, Reaching safepoint: 655500 ns, At safepoint: 177666 ns, Total: 833166 ns
[2022-09-04T16:05:15.268+0000][1][safepoint    ] Safepoint "RevokeBias", Time since last: 81412667 ns, Reaching safepoint: 1688417 ns, At safepoint: 146750 ns, Total: 1835167 ns
[2022-09-04T16:05:15.294+0000][1][safepoint    ] Safepoint "RevokeBias", Time since last: 23187541 ns, Reaching safepoint: 2928959 ns, At safepoint: 146833 ns, Total: 3075792 ns
[2022-09-04T16:05:16.298+0000][1][safepoint    ] Safepoint "Cleanup", Time since last: 1001911917 ns, Reaching safepoint: 1832417 ns, At safepoint: 69375 ns, Total: 1901792 ns
[2022-09-04T16:05:17.305+0000][1][safepoint    ] Safepoint "Cleanup", Time since last: 1005954042 ns, Reaching safepoint: 1251208 ns, At safepoint: 37292 ns, Total: 1288500 ns
[2022-09-04T16:05:18.309+0000][1][safepoint    ] Safepoint "Cleanup", Time since last: 1002746917 ns, Reaching safepoint: 907708 ns, At safepoint: 25500 ns, Total: 933208 ns
[2022-09-04T16:05:19.313+0000][1][safepoint    ] Safepoint "Cleanup", Time since last: 1002885709 ns, Reaching safepoint: 1035417 ns, At safepoint: 28167 ns, Total: 1063584 ns
[2022-09-04T16:05:19.493+0000][1][safepoint    ] Safepoint "RevokeBias", Time since last: 179066708 ns, Reaching safepoint: 828458 ns, At safepoint: 129542 ns, Total: 958000 ns
[2022-09-04T16:05:19.496+0000][1][safepoint    ] Safepoint "RevokeBias", Time since last: 2129000 ns, Reaching safepoint: 467250 ns, At safepoint: 82167 ns, Total: 549417 ns
[2022-09-04T16:05:19.512+0000][1][safepoint    ] Safepoint "RevokeBias", Time since last: 15656458 ns, Reaching safepoint: 976542 ns, At safepoint: 139041 ns, Total: 1115583 ns
[2022-09-04T16:05:19.522+0000][1][safepoint    ] Safepoint "RevokeBias", Time since last: 8214542 ns, Reaching safepoint: 1239250 ns, At safepoint: 124833 ns, Total: 1364083 ns
[2022-09-04T16:05:20.530+0000][1][safepoint    ] Safepoint "Cleanup", Time since last: 1006813293 ns, Reaching safepoint: 1027166 ns, At safepoint: 38834 ns, Total: 1066000 ns
[2022-09-04T16:05:21.535+0000][1][safepoint    ] Safepoint "Cleanup", Time since last: 1003400125 ns, Reaching safepoint: 1755667 ns, At safepoint: 90541 ns, Total: 1846208 ns
[2022-09-04T16:05:22.555+0000][1][safepoint    ] Safepoint "Cleanup", Time since last: 1002976292 ns, Reaching safepoint: 10664584 ns, At safepoint: 527292 ns, Total: 11191876 ns
[2022-09-04T16:05:23.570+0000][1][safepoint    ] Safepoint "Cleanup", Time since last: 1017944458 ns, Reaching safepoint: 2375584 ns, At safepoint: 83750 ns, Total: 2459334 ns
[2022-09-04T16:05:24.569+0000][1][safepoint    ] Safepoint "RevokeBias", Time since last: 997127917 ns, Reaching safepoint: 1119833 ns, At safepoint: 1653250 ns, Total: 2773083 ns
[2022-09-04T16:05:24.649+0000][1][safepoint    ] Safepoint "RevokeBias", Time since last: 77902584 ns, Reaching safepoint: 1120041 ns, At safepoint: 570667 ns, Total: 1690708 ns
[2022-09-04T16:05:25.658+0000][1][safepoint    ] Safepoint "Cleanup", Time since last: 1005979375 ns, Reaching safepoint: 3161417 ns, At safepoint: 195000 ns, Total: 3356417 ns
[2022-09-04T16:05:26.670+0000][1][safepoint    ] Safepoint "Cleanup", Time since last: 1004257625 ns, Reaching safepoint: 6926167 ns, At safepoint: 114792 ns, Total: 7040959 ns
[2022-09-04T16:05:27.675+0000][1][safepoint    ] Safepoint "Cleanup", Time since last: 1004277875 ns, Reaching safepoint: 1114000 ns, At safepoint: 28167 ns, Total: 1142167 ns
[2022-09-04T16:05:28.684+0000][1][safepoint    ] Safepoint "Cleanup", Time since last: 1005193750 ns, Reaching safepoint: 3169584 ns, At safepoint: 70041 ns, Total: 3239625 ns
[2022-09-04T16:05:29.690+0000][1][safepoint    ] Safepoint "Cleanup", Time since last: 1005666584 ns, Reaching safepoint: 1248417 ns, At safepoint: 31208 ns, Total: 1279625 ns
[2022-09-04T16:05:30.699+0000][1][safepoint    ] Safepoint "Cleanup", Time since last: 1004431376 ns, Reaching safepoint: 3228708 ns, At safepoint: 318917 ns, Total: 3547625 ns
[2022-09-04T16:05:31.706+0000][1][safepoint    ] Safepoint "Cleanup", Time since last: 1005076625 ns, Reaching safepoint: 2046292 ns, At safepoint: 80708 ns, Total: 2127000 ns
[2022-09-04T16:05:32.710+0000][1][safepoint    ] Safepoint "Cleanup", Time since last: 1003180417 ns, Reaching safepoint: 836667 ns, At safepoint: 21583 ns, Total: 858250 ns
[2022-09-04T16:05:33.357+0000][1][safepoint    ] Safepoint "RevokeBias", Time since last: 645793917 ns, Reaching safepoint: 1395917 ns, At safepoint: 125875 ns, Total: 1521792 ns
[2022-09-04T16:05:33.360+0000][1][safepoint    ] Safepoint "RevokeBias", Time since last: 2598625 ns, Reaching safepoint: 585333 ns, At safepoint: 183042 ns, Total: 768375 ns
[2022-09-04T16:05:33.415+0000][1][safepoint    ] Safepoint "RevokeBias", Time since last: 54085125 ns, Reaching safepoint: 903833 ns, At safepoint: 130208 ns, Total: 1034041 ns
[2022-09-04T16:05:33.435+0000][1][safepoint    ] Safepoint "RevokeBias", Time since last: 17665834 ns, Reaching safepoint: 1498541 ns, At safepoint: 112667 ns, Total: 1611208 ns
[2022-09-04T16:05:34.440+0000][1][safepoint    ] Safepoint "Cleanup", Time since last: 1004247292 ns, Reaching safepoint: 1400000 ns, At safepoint: 30500 ns, Total: 1430500 ns
[2022-09-04T16:05:35.444+0000][1][safepoint    ] Safepoint "Cleanup", Time since last: 1002157626 ns, Reaching safepoint: 1006291 ns, At safepoint: 40417 ns, Total: 1046708 ns
[2022-09-04T16:05:36.450+0000][1][safepoint    ] Safepoint "Cleanup", Time since last: 1002631959 ns, Reaching safepoint: 3216583 ns, At safepoint: 145042 ns, Total: 3361625 ns
[2022-09-04T16:05:37.455+0000][1][safepoint    ] Safepoint "Cleanup", Time since last: 1004380667 ns, Reaching safepoint: 982833 ns, At safepoint: 24167 ns, Total: 1007000 ns
[2022-09-04T16:05:38.459+0000][1][safepoint    ] Safepoint "Cleanup", Time since last: 1002992542 ns, Reaching safepoint: 963583 ns, At safepoint: 22334 ns, Total: 985917 ns
[2022-09-04T16:05:39.202+0000][1][gc,start     ] GC(29) Pause Young (Allocation Failure)
[2022-09-04T16:05:39.209+0000][1][gc,task      ] GC(29) Using 4 workers of 4 for evacuation
[2022-09-04T16:05:39.261+0000][1][gc,age       ] GC(29) Desired survivor size 8945664 bytes, new threshold 6 (max threshold 6)
[2022-09-04T16:05:39.262+0000][1][gc,age       ] GC(29) Age table with threshold 6 (max threshold 6)
[2022-09-04T16:05:39.264+0000][1][gc,age       ] GC(29) - age   1:      23808 bytes,      23808 total
[2022-09-04T16:05:39.265+0000][1][gc,age       ] GC(29) - age   2:     135512 bytes,     159320 total
[2022-09-04T16:05:39.266+0000][1][gc,age       ] GC(29) - age   3:     316792 bytes,     476112 total
[2022-09-04T16:05:39.268+0000][1][gc,age       ] GC(29) - age   4:      79360 bytes,     555472 total
[2022-09-04T16:05:39.269+0000][1][gc,age       ] GC(29) - age   5:      11600 bytes,     567072 total
[2022-09-04T16:05:39.271+0000][1][gc,age       ] GC(29) - age   6:      74296 bytes,     641368 total
[2022-09-04T16:05:39.274+0000][1][gc,heap      ] GC(29) ParNew: 141186K->767K(157248K)
[2022-09-04T16:05:39.275+0000][1][gc,heap      ] GC(29) CMS: 66972K->67026K(349568K)
[2022-09-04T16:05:39.276+0000][1][gc,metaspace ] GC(29) Metaspace: 84447K->84447K(1126400K)
[2022-09-04T16:05:39.278+0000][1][gc           ] GC(29) Pause Young (Allocation Failure) 203M->66M(494M) 76.429ms
[2022-09-04T16:05:39.279+0000][1][gc,cpu       ] GC(29) User=0.10s Sys=0.04s Real=0.08s
[2022-09-04T16:05:39.280+0000][1][safepoint    ] Safepoint "GenCollectForAllocation", Time since last: 740131792 ns, Reaching safepoint: 1611416 ns, At safepoint: 79634876 ns, Total: 81246292 ns
[2022-09-04T16:05:40.286+0000][1][safepoint    ] Safepoint "Cleanup", Time since last: 1001868208 ns, Reaching safepoint: 4098042 ns, At safepoint: 59125 ns, Total: 4157167 ns
[2022-09-04T16:05:41.290+0000][1][safepoint    ] Safepoint "Cleanup", Time since last: 1002533834 ns, Reaching safepoint: 911583 ns, At safepoint: 16875 ns, Total: 928458 ns
[2022-09-04T16:05:41.742+0000][1][safepoint    ] Safepoint "RevokeBias", Time since last: 451540750 ns, Reaching safepoint: 945250 ns, At safepoint: 110084 ns, Total: 1055334 ns
[2022-09-04T16:05:41.746+0000][1][safepoint    ] Safepoint "RevokeBias", Time since last: 3420041 ns, Reaching safepoint: 498667 ns, At safepoint: 79083 ns, Total: 577750 ns
[2022-09-04T16:05:41.780+0000][1][safepoint    ] Safepoint "BulkRevokeBias", Time since last: 29164125 ns, Reaching safepoint: 1002375 ns, At safepoint: 3168417 ns, Total: 4170792 ns
[2022-09-04T16:05:41.799+0000][1][safepoint    ] Safepoint "RevokeBias", Time since last: 18151042 ns, Reaching safepoint: 1101791 ns, At safepoint: 104000 ns, Total: 1205791 ns
[2022-09-04T16:05:41.828+0000][1][safepoint    ] Safepoint "RevokeBias", Time since last: 27652459 ns, Reaching safepoint: 1026041 ns, At safepoint: 110875 ns, Total: 1136916 ns
[2022-09-04T16:05:42.831+0000][1][safepoint    ] Safepoint "Cleanup", Time since last: 1002233043 ns, Reaching safepoint: 872958 ns, At safepoint: 24042 ns, Total: 897000 ns
[2022-09-04T16:05:43.834+0000][1][safepoint    ] Safepoint "Cleanup", Time since last: 1001950875 ns, Reaching safepoint: 999375 ns, At safepoint: 24625 ns, Total: 1024000 ns
[2022-09-04T16:05:44.837+0000][1][safepoint    ] Safepoint "Cleanup", Time since last: 1001854167 ns, Reaching safepoint: 1469750 ns, At safepoint: 39792 ns, Total: 1509542 ns
[2022-09-04T16:05:45.841+0000][1][safepoint    ] Safepoint "Cleanup", Time since last: 1002155459 ns, Reaching safepoint: 982041 ns, At safepoint: 27917 ns, Total: 1009958 ns
[2022-09-04T16:05:46.844+0000][1][safepoint    ] Safepoint "Cleanup", Time since last: 1002097209 ns, Reaching safepoint: 933791 ns, At safepoint: 22917 ns, Total: 956708 ns
[2022-09-04T16:05:47.847+0000][1][safepoint    ] Safepoint "Cleanup", Time since last: 1002720084 ns, Reaching safepoint: 1022833 ns, At safepoint: 23584 ns, Total: 1046417 ns
[2022-09-04T16:05:48.852+0000][1][safepoint    ] Safepoint "Cleanup", Time since last: 1002496958 ns, Reaching safepoint: 2344625 ns, At safepoint: 53584 ns, Total: 2398209 ns
[2022-09-04T16:05:49.867+0000][1][safepoint    ] Safepoint "Cleanup", Time since last: 1013764209 ns, Reaching safepoint: 810666 ns, At safepoint: 21250 ns, Total: 831916 ns
[2022-09-04T16:05:50.871+0000][1][safepoint    ] Safepoint "Cleanup", Time since last: 1002366376 ns, Reaching safepoint: 1364208 ns, At safepoint: 29417 ns, Total: 1393625 ns
[2022-09-04T16:05:51.875+0000][1][safepoint    ] Safepoint "Cleanup", Time since last: 1003337292 ns, Reaching safepoint: 838833 ns, At safepoint: 23875 ns, Total: 862708 ns
[2022-09-04T16:05:52.878+0000][1][safepoint    ] Safepoint "Cleanup", Time since last: 1002584126 ns, Reaching safepoint: 878583 ns, At safepoint: 28667 ns, Total: 907250 ns
[2022-09-04T16:05:53.884+0000][1][safepoint    ] Safepoint "Cleanup", Time since last: 1004334583 ns, Reaching safepoint: 1273167 ns, At safepoint: 34083 ns, Total: 1307250 ns
[2022-09-04T16:05:54.890+0000][1][safepoint    ] Safepoint "Cleanup", Time since last: 1003004251 ns, Reaching safepoint: 2968792 ns, At safepoint: 83125 ns, Total: 3051917 ns
[2022-09-04T16:05:55.895+0000][1][safepoint    ] Safepoint "Cleanup", Time since last: 1003944583 ns, Reaching safepoint: 878875 ns, At safepoint: 22750 ns, Total: 901625 ns
[2022-09-04T16:05:56.901+0000][1][safepoint    ] Safepoint "Cleanup", Time since last: 1004956834 ns, Reaching safepoint: 860917 ns, At safepoint: 22458 ns, Total: 883375 ns
[2022-09-04T16:05:57.904+0000][1][safepoint    ] Safepoint "Cleanup", Time since last: 1001666042 ns, Reaching safepoint: 1131875 ns, At safepoint: 108334 ns, Total: 1240209 ns
[2022-09-04T16:05:58.909+0000][1][safepoint    ] Safepoint "Cleanup", Time since last: 1004495000 ns, Reaching safepoint: 849917 ns, At safepoint: 23917 ns, Total: 873834 ns
[2022-09-04T16:05:59.913+0000][1][safepoint    ] Safepoint "Cleanup", Time since last: 1003287917 ns, Reaching safepoint: 1010416 ns, At safepoint: 30084 ns, Total: 1040500 ns
[2022-09-04T16:06:00.921+0000][1][safepoint    ] Safepoint "Cleanup", Time since last: 1006363292 ns, Reaching safepoint: 1086708 ns, At safepoint: 42958 ns, Total: 1129666 ns
[2022-09-04T16:06:01.924+0000][1][safepoint    ] Safepoint "Cleanup", Time since last: 1002316084 ns, Reaching safepoint: 1174833 ns, At safepoint: 35375 ns, Total: 1210208 ns
[2022-09-04T16:06:02.927+0000][1][safepoint    ] Safepoint "Cleanup", Time since last: 1002271959 ns, Reaching safepoint: 986917 ns, At safepoint: 25833 ns, Total: 1012750 ns
[2022-09-04T16:06:03.932+0000][1][safepoint    ] Safepoint "Cleanup", Time since last: 1002247209 ns, Reaching safepoint: 1699750 ns, At safepoint: 53875 ns, Total: 1753625 ns
[2022-09-04T16:06:04.937+0000][1][safepoint    ] Safepoint "Cleanup", Time since last: 1004936209 ns, Reaching safepoint: 911083 ns, At safepoint: 23958 ns, Total: 935041 ns
[2022-09-04T16:06:05.940+0000][1][safepoint    ] Safepoint "Cleanup", Time since last: 1001749209 ns, Reaching safepoint: 1116792 ns, At safepoint: 35500 ns, Total: 1152292 ns
[2022-09-04T16:06:06.944+0000][1][safepoint    ] Safepoint "Cleanup", Time since last: 1003163542 ns, Reaching safepoint: 848333 ns, At safepoint: 24250 ns, Total: 872583 ns
[2022-09-04T16:06:07.947+0000][1][safepoint    ] Safepoint "Cleanup", Time since last: 1001917293 ns, Reaching safepoint: 1089291 ns, At safepoint: 27542 ns, Total: 1116833 ns
[2022-09-04T16:06:08.952+0000][1][safepoint    ] Safepoint "Cleanup", Time since last: 1002599209 ns, Reaching safepoint: 1632666 ns, At safepoint: 56000 ns, Total: 1688666 ns
[2022-09-04T16:06:09.957+0000][1][safepoint    ] Safepoint "Cleanup", Time since last: 1004017417 ns, Reaching safepoint: 1219167 ns, At safepoint: 34417 ns, Total: 1253584 ns
[2022-09-04T16:06:10.961+0000][1][safepoint    ] Safepoint "Cleanup", Time since last: 1001958042 ns, Reaching safepoint: 2430542 ns, At safepoint: 87875 ns, Total: 2518417 ns
[2022-09-04T16:06:11.967+0000][1][safepoint    ] Safepoint "Cleanup", Time since last: 1003793375 ns, Reaching safepoint: 1881375 ns, At safepoint: 66417 ns, Total: 1947792 ns
[2022-09-04T16:06:12.971+0000][1][safepoint    ] Safepoint "Cleanup", Time since last: 1003154500 ns, Reaching safepoint: 860834 ns, At safepoint: 24541 ns, Total: 885375 ns
[2022-09-04T16:06:13.976+0000][1][safepoint    ] Safepoint "Cleanup", Time since last: 1002607459 ns, Reaching safepoint: 2531042 ns, At safepoint: 72125 ns, Total: 2603167 ns
[2022-09-04T16:06:14.985+0000][1][safepoint    ] Safepoint "Cleanup", Time since last: 1006648292 ns, Reaching safepoint: 1836208 ns, At safepoint: 46042 ns, Total: 1882250 ns
[2022-09-04T16:06:15.991+0000][1][safepoint    ] Safepoint "Cleanup", Time since last: 1004368542 ns, Reaching safepoint: 1365833 ns, At safepoint: 40625 ns, Total: 1406458 ns
[2022-09-04T16:06:16.996+0000][1][safepoint    ] Safepoint "Cleanup", Time since last: 1003475918 ns, Reaching safepoint: 1319458 ns, At safepoint: 32500 ns, Total: 1351958 ns
[2022-09-04T16:06:18.000+0000][1][safepoint    ] Safepoint "Cleanup", Time since last: 1003724667 ns, Reaching safepoint: 821750 ns, At safepoint: 84333 ns, Total: 906083 ns
[2022-09-04T16:06:19.004+0000][1][safepoint    ] Safepoint "Cleanup", Time since last: 1002997001 ns, Reaching safepoint: 1174583 ns, At safepoint: 32125 ns, Total: 1206708 ns
[2022-09-04T16:06:20.009+0000][1][safepoint    ] Safepoint "Cleanup", Time since last: 1003541584 ns, Reaching safepoint: 862750 ns, At safepoint: 25292 ns, Total: 888042 ns
[2022-09-04T16:06:21.016+0000][1][safepoint    ] Safepoint "Cleanup", Time since last: 1004569292 ns, Reaching safepoint: 2545125 ns, At safepoint: 50458 ns, Total: 2595583 ns
[2022-09-04T16:06:22.848+0000][1][safepoint    ] Safepoint "Cleanup", Time since last: 1830786043 ns, Reaching safepoint: 1057125 ns, At safepoint: 38333 ns, Total: 1095458 ns
[2022-09-04T16:06:23.851+0000][1][safepoint    ] Safepoint "Cleanup", Time since last: 1002467375 ns, Reaching safepoint: 888375 ns, At safepoint: 26667 ns, Total: 915042 ns
[2022-09-04T16:06:24.855+0000][1][safepoint    ] Safepoint "Cleanup", Time since last: 1002607709 ns, Reaching safepoint: 979833 ns, At safepoint: 22375 ns, Total: 1002208 ns
[2022-09-04T16:06:25.860+0000][1][safepoint    ] Safepoint "Cleanup", Time since last: 1003920251 ns, Reaching safepoint: 1496416 ns, At safepoint: 36625 ns, Total: 1533041 ns
[2022-09-04T16:06:26.865+0000][1][safepoint    ] Safepoint "Cleanup", Time since last: 1003232418 ns, Reaching safepoint: 1334291 ns, At safepoint: 41875 ns, Total: 1376166 ns
[2022-09-04T16:06:27.868+0000][1][safepoint    ] Safepoint "Cleanup", Time since last: 1002224709 ns, Reaching safepoint: 792167 ns, At safepoint: 24500 ns, Total: 816667 ns
[2022-09-04T16:06:28.872+0000][1][safepoint    ] Safepoint "Cleanup", Time since last: 1002701334 ns, Reaching safepoint: 1396208 ns, At safepoint: 30000 ns, Total: 1426208 ns
[2022-09-04T16:06:29.876+0000][1][safepoint    ] Safepoint "Cleanup", Time since last: 1002499209 ns, Reaching safepoint: 1168500 ns, At safepoint: 26791 ns, Total: 1195291 ns
[2022-09-04T16:06:30.879+0000][1][safepoint    ] Safepoint "Cleanup", Time since last: 1002263167 ns, Reaching safepoint: 1037792 ns, At safepoint: 22666 ns, Total: 1060458 ns
[2022-09-04T16:06:31.885+0000][1][safepoint    ] Safepoint "Cleanup", Time since last: 1005302917 ns, Reaching safepoint: 1007459 ns, At safepoint: 29875 ns, Total: 1037334 ns
[2022-09-04T16:06:32.891+0000][1][safepoint    ] Safepoint "Cleanup", Time since last: 1004144208 ns, Reaching safepoint: 1034125 ns, At safepoint: 22167 ns, Total: 1056292 ns
[2022-09-04T16:06:33.894+0000][1][safepoint    ] Safepoint "Cleanup", Time since last: 1002648042 ns, Reaching safepoint: 1203667 ns, At safepoint: 28750 ns, Total: 1232417 ns
[2022-09-04T16:06:34.898+0000][1][safepoint    ] Safepoint "Cleanup", Time since last: 1002927000 ns, Reaching safepoint: 990209 ns, At safepoint: 34458 ns, Total: 1024667 ns
[2022-09-04T16:06:35.903+0000][1][safepoint    ] Safepoint "Cleanup", Time since last: 1002945042 ns, Reaching safepoint: 1994667 ns, At safepoint: 149458 ns, Total: 2144125 ns
[2022-09-04T16:06:36.910+0000][1][safepoint    ] Safepoint "Cleanup", Time since last: 1005611417 ns, Reaching safepoint: 1329584 ns, At safepoint: 40166 ns, Total: 1369750 ns
[2022-09-04T16:06:37.914+0000][1][safepoint    ] Safepoint "Cleanup", Time since last: 1003003626 ns, Reaching safepoint: 959375 ns, At safepoint: 28167 ns, Total: 987542 ns
[2022-09-04T16:06:38.927+0000][1][safepoint    ] Safepoint "Cleanup", Time since last: 1011614333 ns, Reaching safepoint: 1215125 ns, At safepoint: 25250 ns, Total: 1240375 ns
[2022-09-04T16:06:39.932+0000][1][safepoint    ] Safepoint "Cleanup", Time since last: 1003579626 ns, Reaching safepoint: 1345375 ns, At safepoint: 46250 ns, Total: 1391625 ns
[2022-09-04T16:06:40.939+0000][1][safepoint    ] Safepoint "Cleanup", Time since last: 1005342125 ns, Reaching safepoint: 1019459 ns, At safepoint: 26916 ns, Total: 1046375 ns
[2022-09-04T16:06:41.942+0000][1][safepoint    ] Safepoint "Cleanup", Time since last: 1002562417 ns, Reaching safepoint: 878000 ns, At safepoint: 20584 ns, Total: 898584 ns
[2022-09-04T16:06:42.945+0000][1][safepoint    ] Safepoint "Cleanup", Time since last: 1001616125 ns, Reaching safepoint: 1252584 ns, At safepoint: 52166 ns, Total: 1304750 ns
[2022-09-04T16:06:43.949+0000][1][safepoint    ] Safepoint "Cleanup", Time since last: 1002727709 ns, Reaching safepoint: 1407667 ns, At safepoint: 70000 ns, Total: 1477667 ns
[2022-09-04T16:06:44.955+0000][1][safepoint    ] Safepoint "Cleanup", Time since last: 1004004667 ns, Reaching safepoint: 1397417 ns, At safepoint: 66708 ns, Total: 1464125 ns
[2022-09-04T16:06:45.962+0000][1][safepoint    ] Safepoint "Cleanup", Time since last: 1004854084 ns, Reaching safepoint: 2076916 ns, At safepoint: 81292 ns, Total: 2158208 ns
[2022-09-04T16:06:46.966+0000][1][safepoint    ] Safepoint "Cleanup", Time since last: 1003786792 ns, Reaching safepoint: 943792 ns, At safepoint: 32042 ns, Total: 975834 ns
[2022-09-04T16:06:47.971+0000][1][safepoint    ] Safepoint "Cleanup", Time since last: 1003130125 ns, Reaching safepoint: 1065583 ns, At safepoint: 25750 ns, Total: 1091333 ns
[2022-09-04T16:06:48.976+0000][1][safepoint    ] Safepoint "Cleanup", Time since last: 1003938542 ns, Reaching safepoint: 1496000 ns, At safepoint: 46625 ns, Total: 1542625 ns
[2022-09-04T16:06:49.981+0000][1][safepoint    ] Safepoint "Cleanup", Time since last: 1003012459 ns, Reaching safepoint: 2242000 ns, At safepoint: 49584 ns, Total: 2291584 ns
[2022-09-04T16:06:50.991+0000][1][safepoint    ] Safepoint "Cleanup", Time since last: 1008148000 ns, Reaching safepoint: 968208 ns, At safepoint: 27209 ns, Total: 995417 ns
[2022-09-04T16:06:51.995+0000][1][safepoint    ] Safepoint "Cleanup", Time since last: 1003895042 ns, Reaching safepoint: 906042 ns, At safepoint: 27416 ns, Total: 933458 ns
[2022-09-04T16:06:53.003+0000][1][safepoint    ] Safepoint "Cleanup", Time since last: 1006726042 ns, Reaching safepoint: 1043375 ns, At safepoint: 41959 ns, Total: 1085334 ns
[2022-09-04T16:06:54.012+0000][1][safepoint    ] Safepoint "Cleanup", Time since last: 1005130209 ns, Reaching safepoint: 3350041 ns, At safepoint: 91292 ns, Total: 3441333 ns
[2022-09-04T16:06:55.020+0000][1][safepoint    ] Safepoint "Cleanup", Time since last: 1006118834 ns, Reaching safepoint: 1753625 ns, At safepoint: 79750 ns, Total: 1833375 ns
[2022-09-04T16:06:56.030+0000][1][safepoint    ] Safepoint "Cleanup", Time since last: 1006801667 ns, Reaching safepoint: 2866791 ns, At safepoint: 68250 ns, Total: 2935041 ns
[2022-09-04T16:06:57.035+0000][1][safepoint    ] Safepoint "Cleanup", Time since last: 1004233876 ns, Reaching safepoint: 1499042 ns, At safepoint: 70208 ns, Total: 1569250 ns
[2022-09-04T16:06:58.040+0000][1][safepoint    ] Safepoint "Cleanup", Time since last: 1003543584 ns, Reaching safepoint: 864000 ns, At safepoint: 25000 ns, Total: 889000 ns
[2022-09-04T16:06:59.045+0000][1][safepoint    ] Safepoint "Cleanup", Time since last: 1002659209 ns, Reaching safepoint: 2317750 ns, At safepoint: 73083 ns, Total: 2390833 ns
[2022-09-04T16:07:00.053+0000][1][safepoint    ] Safepoint "Cleanup", Time since last: 1004767959 ns, Reaching safepoint: 3784208 ns, At safepoint: 86833 ns, Total: 3871041 ns
[2022-09-04T16:07:01.058+0000][1][safepoint    ] Safepoint "Cleanup", Time since last: 1003885708 ns, Reaching safepoint: 987209 ns, At safepoint: 24250 ns, Total: 1011459 ns
[2022-09-04T16:07:02.065+0000][1][safepoint    ] Safepoint "Cleanup", Time since last: 1002820792 ns, Reaching safepoint: 3242541 ns, At safepoint: 70834 ns, Total: 3313375 ns
[2022-09-04T16:07:03.070+0000][1][safepoint    ] Safepoint "Cleanup", Time since last: 1004244917 ns, Reaching safepoint: 860500 ns, At safepoint: 23708 ns, Total: 884208 ns
[2022-09-04T16:07:04.074+0000][1][safepoint    ] Safepoint "Cleanup", Time since last: 1002040709 ns, Reaching safepoint: 1999250 ns, At safepoint: 63667 ns, Total: 2062917 ns
[2022-09-04T16:07:05.080+0000][1][safepoint    ] Safepoint "Cleanup", Time since last: 1003821875 ns, Reaching safepoint: 2600292 ns, At safepoint: 80625 ns, Total: 2680917 ns
[2022-09-04T16:07:06.086+0000][1][safepoint    ] Safepoint "Cleanup", Time since last: 1003528584 ns, Reaching safepoint: 1721208 ns, At safepoint: 53000 ns, Total: 1774208 ns
[2022-09-04T16:07:07.091+0000][1][safepoint    ] Safepoint "Cleanup", Time since last: 1004327959 ns, Reaching safepoint: 1337000 ns, At safepoint: 31958 ns, Total: 1368958 ns
[2022-09-04T16:07:08.095+0000][1][safepoint    ] Safepoint "Cleanup", Time since last: 1002918334 ns, Reaching safepoint: 842292 ns, At safepoint: 87625 ns, Total: 929917 ns
[2022-09-04T16:07:09.104+0000][1][safepoint    ] Safepoint "Cleanup", Time since last: 1005826375 ns, Reaching safepoint: 2705042 ns, At safepoint: 73166 ns, Total: 2778208 ns
[2022-09-04T16:07:10.110+0000][1][safepoint    ] Safepoint "Cleanup", Time since last: 1004732918 ns, Reaching safepoint: 1232166 ns, At safepoint: 48709 ns, Total: 1280875 ns
[2022-09-04T16:07:11.117+0000][1][safepoint    ] Safepoint "Cleanup", Time since last: 1004744042 ns, Reaching safepoint: 2292333 ns, At safepoint: 79542 ns, Total: 2371875 ns
[2022-09-04T16:07:12.128+0000][1][safepoint    ] Safepoint "Cleanup", Time since last: 1009375375 ns, Reaching safepoint: 1319292 ns, At safepoint: 32000 ns, Total: 1351292 ns
[2022-09-04T16:07:13.134+0000][1][safepoint    ] Safepoint "Cleanup", Time since last: 1005137500 ns, Reaching safepoint: 834209 ns, At safepoint: 23500 ns, Total: 857709 ns
[2022-09-04T16:07:14.139+0000][1][safepoint    ] Safepoint "Cleanup", Time since last: 1004170833 ns, Reaching safepoint: 1657000 ns, At safepoint: 40834 ns, Total: 1697834 ns
[2022-09-04T16:07:15.147+0000][1][safepoint    ] Safepoint "Cleanup", Time since last: 1003838500 ns, Reaching safepoint: 3403959 ns, At safepoint: 131708 ns, Total: 3535667 ns
[2022-09-04T16:07:16.156+0000][1][safepoint    ] Safepoint "Cleanup", Time since last: 1008098542 ns, Reaching safepoint: 1524708 ns, At safepoint: 36709 ns, Total: 1561417 ns
[2022-09-04T16:07:17.167+0000][1][safepoint    ] Safepoint "Cleanup", Time since last: 1006890709 ns, Reaching safepoint: 3444500 ns, At safepoint: 105750 ns, Total: 3550250 ns
[2022-09-04T16:07:18.172+0000][1][safepoint    ] Safepoint "Cleanup", Time since last: 1004430208 ns, Reaching safepoint: 844959 ns, At safepoint: 20708 ns, Total: 865667 ns
[2022-09-04T16:07:19.176+0000][1][safepoint    ] Safepoint "Cleanup", Time since last: 1002012042 ns, Reaching safepoint: 1333125 ns, At safepoint: 31542 ns, Total: 1364667 ns
[2022-09-04T16:07:20.180+0000][1][safepoint    ] Safepoint "Cleanup", Time since last: 1002949334 ns, Reaching safepoint: 1006666 ns, At safepoint: 30209 ns, Total: 1036875 ns
[2022-09-04T16:07:21.185+0000][1][safepoint    ] Safepoint "Cleanup", Time since last: 1002465334 ns, Reaching safepoint: 2574541 ns, At safepoint: 120625 ns, Total: 2695166 ns
[2022-09-04T16:07:22.195+0000][1][safepoint    ] Safepoint "Cleanup", Time since last: 1009487334 ns, Reaching safepoint: 873583 ns, At safepoint: 20959 ns, Total: 894542 ns
[2022-09-04T16:07:23.198+0000][1][safepoint    ] Safepoint "Cleanup", Time since last: 1001682458 ns, Reaching safepoint: 974167 ns, At safepoint: 18333 ns, Total: 992500 ns
[2022-09-04T16:07:24.201+0000][1][safepoint    ] Safepoint "Cleanup", Time since last: 1001803251 ns, Reaching safepoint: 1675208 ns, At safepoint: 34292 ns, Total: 1709500 ns
[2022-09-04T16:07:25.206+0000][1][safepoint    ] Safepoint "Cleanup", Time since last: 1002538542 ns, Reaching safepoint: 1893042 ns, At safepoint: 57083 ns, Total: 1950125 ns
[2022-09-04T16:07:26.211+0000][1][safepoint    ] Safepoint "Cleanup", Time since last: 1003770709 ns, Reaching safepoint: 1279375 ns, At safepoint: 30625 ns, Total: 1310000 ns
[2022-09-04T16:07:27.216+0000][1][safepoint    ] Safepoint "Cleanup", Time since last: 1003591167 ns, Reaching safepoint: 1496000 ns, At safepoint: 43125 ns, Total: 1539125 ns
[2022-09-04T16:07:28.223+0000][1][safepoint    ] Safepoint "Cleanup", Time since last: 1005896959 ns, Reaching safepoint: 875917 ns, At safepoint: 21666 ns, Total: 897583 ns
[2022-09-04T16:07:29.226+0000][1][safepoint    ] Safepoint "Cleanup", Time since last: 1001753251 ns, Reaching safepoint: 1195291 ns, At safepoint: 32334 ns, Total: 1227625 ns
[2022-09-04T16:07:30.232+0000][1][safepoint    ] Safepoint "Cleanup", Time since last: 1004106625 ns, Reaching safepoint: 1587125 ns, At safepoint: 73000 ns, Total: 1660125 ns
[2022-09-04T16:07:31.240+0000][1][safepoint    ] Safepoint "Cleanup", Time since last: 1007234584 ns, Reaching safepoint: 1609000 ns, At safepoint: 51416 ns, Total: 1660416 ns
[2022-09-04T16:07:32.244+0000][1][safepoint    ] Safepoint "Cleanup", Time since last: 1003185626 ns, Reaching safepoint: 953875 ns, At safepoint: 36708 ns, Total: 990583 ns
[2022-09-04T16:07:33.249+0000][1][safepoint    ] Safepoint "Cleanup", Time since last: 1004035667 ns, Reaching safepoint: 903750 ns, At safepoint: 22959 ns, Total: 926709 ns
[2022-09-04T16:07:34.254+0000][1][safepoint    ] Safepoint "Cleanup", Time since last: 1003438292 ns, Reaching safepoint: 1230000 ns, At safepoint: 28791 ns, Total: 1258791 ns
[2022-09-04T16:07:35.258+0000][1][safepoint    ] Safepoint "Cleanup", Time since last: 1003001418 ns, Reaching safepoint: 1351541 ns, At safepoint: 38000 ns, Total: 1389541 ns
[2022-09-04T16:07:36.265+0000][1][safepoint    ] Safepoint "Cleanup", Time since last: 1004200417 ns, Reaching safepoint: 2328209 ns, At safepoint: 69833 ns, Total: 2398042 ns
[2022-09-04T16:07:37.272+0000][1][safepoint    ] Safepoint "Cleanup", Time since last: 1004304751 ns, Reaching safepoint: 2674958 ns, At safepoint: 99000 ns, Total: 2773958 ns
[2022-09-04T16:07:38.278+0000][1][safepoint    ] Safepoint "Cleanup", Time since last: 1004416000 ns, Reaching safepoint: 1002875 ns, At safepoint: 50042 ns, Total: 1052917 ns
[2022-09-04T16:07:39.281+0000][1][safepoint    ] Safepoint "Cleanup", Time since last: 1001809626 ns, Reaching safepoint: 1273000 ns, At safepoint: 64875 ns, Total: 1337875 ns
[2022-09-04T16:07:40.287+0000][1][safepoint    ] Safepoint "Cleanup", Time since last: 1002850583 ns, Reaching safepoint: 3382417 ns, At safepoint: 113458 ns, Total: 3495875 ns
[2022-09-04T16:07:41.293+0000][1][safepoint    ] Safepoint "Cleanup", Time since last: 1004444209 ns, Reaching safepoint: 1324625 ns, At safepoint: 27500 ns, Total: 1352125 ns
[2022-09-04T16:07:42.298+0000][1][safepoint    ] Safepoint "Cleanup", Time since last: 1001848334 ns, Reaching safepoint: 3564458 ns, At safepoint: 111042 ns, Total: 3675500 ns
[2022-09-04T16:07:43.306+0000][1][safepoint    ] Safepoint "Cleanup", Time since last: 1006652667 ns, Reaching safepoint: 883375 ns, At safepoint: 22708 ns, Total: 906083 ns
[2022-09-04T16:07:44.311+0000][1][safepoint    ] Safepoint "Cleanup", Time since last: 1002837168 ns, Reaching safepoint: 2206208 ns, At safepoint: 44583 ns, Total: 2250791 ns
[2022-09-04T16:07:45.316+0000][1][safepoint    ] Safepoint "Cleanup", Time since last: 1004272417 ns, Reaching safepoint: 981375 ns, At safepoint: 28792 ns, Total: 1010167 ns
[2022-09-04T16:07:46.321+0000][1][safepoint    ] Safepoint "Cleanup", Time since last: 1002274376 ns, Reaching safepoint: 1827916 ns, At safepoint: 65500 ns, Total: 1893416 ns
[2022-09-04T16:07:47.326+0000][1][safepoint    ] Safepoint "Cleanup", Time since last: 1003890626 ns, Reaching safepoint: 1374708 ns, At safepoint: 48417 ns, Total: 1423125 ns
[2022-09-04T16:07:48.332+0000][1][safepoint    ] Safepoint "Cleanup", Time since last: 1005518250 ns, Reaching safepoint: 905000 ns, At safepoint: 26542 ns, Total: 931542 ns
[2022-09-04T16:07:49.335+0000][1][safepoint    ] Safepoint "Cleanup", Time since last: 1002156167 ns, Reaching safepoint: 1049458 ns, At safepoint: 40709 ns, Total: 1090167 ns
[2022-09-04T16:07:50.339+0000][1][safepoint    ] Safepoint "Cleanup", Time since last: 1002506625 ns, Reaching safepoint: 868333 ns, At safepoint: 23292 ns, Total: 891625 ns
[2022-09-04T16:07:51.342+0000][1][safepoint    ] Safepoint "Cleanup", Time since last: 1002295417 ns, Reaching safepoint: 1163875 ns, At safepoint: 29542 ns, Total: 1193417 ns
[2022-09-04T16:07:52.346+0000][1][safepoint    ] Safepoint "Cleanup", Time since last: 1002645084 ns, Reaching safepoint: 1130250 ns, At safepoint: 22791 ns, Total: 1153041 ns
[2022-09-04T16:07:53.349+0000][1][safepoint    ] Safepoint "Cleanup", Time since last: 1001673709 ns, Reaching safepoint: 1150459 ns, At safepoint: 25125 ns, Total: 1175584 ns
[2022-09-04T16:07:54.352+0000][1][safepoint    ] Safepoint "Cleanup", Time since last: 1001813292 ns, Reaching safepoint: 1312333 ns, At safepoint: 33875 ns, Total: 1346208 ns
[2022-09-04T16:07:55.902+0000][1][safepoint    ] Safepoint "Cleanup", Time since last: 1547566126 ns, Reaching safepoint: 1836541 ns, At safepoint: 54959 ns, Total: 1891500 ns
[2022-09-04T16:07:56.908+0000][1][safepoint    ] Safepoint "Cleanup", Time since last: 1004515417 ns, Reaching safepoint: 1497750 ns, At safepoint: 29958 ns, Total: 1527708 ns
[2022-09-04T16:07:57.917+0000][1][safepoint    ] Safepoint "Cleanup", Time since last: 1007103917 ns, Reaching safepoint: 1774125 ns, At safepoint: 78042 ns, Total: 1852167 ns
[2022-09-04T16:07:58.922+0000][1][safepoint    ] Safepoint "Cleanup", Time since last: 1003671584 ns, Reaching safepoint: 1320250 ns, At safepoint: 47792 ns, Total: 1368042 ns
[2022-09-04T16:07:59.927+0000][1][safepoint    ] Safepoint "Cleanup", Time since last: 1004177375 ns, Reaching safepoint: 942125 ns, At safepoint: 81375 ns, Total: 1023500 ns
[2022-09-04T16:08:00.902+0000][1][safepoint    ] Safepoint "Cleanup", Time since last: 1002228875 ns, Reaching safepoint: 911208 ns, At safepoint: 33500 ns, Total: 944708 ns
[2022-09-04T16:08:01.908+0000][1][safepoint    ] Safepoint "Cleanup", Time since last: 1004279417 ns, Reaching safepoint: 1166250 ns, At safepoint: 37750 ns, Total: 1204000 ns
[2022-09-04T16:08:02.911+0000][1][safepoint    ] Safepoint "Cleanup", Time since last: 1001960667 ns, Reaching safepoint: 1252208 ns, At safepoint: 42125 ns, Total: 1294333 ns
[2022-09-04T16:08:03.915+0000][1][safepoint    ] Safepoint "Cleanup", Time since last: 1002701418 ns, Reaching safepoint: 1527875 ns, At safepoint: 65125 ns, Total: 1593000 ns
[2022-09-04T16:08:04.920+0000][1][safepoint    ] Safepoint "Cleanup", Time since last: 1003552042 ns, Reaching safepoint: 822916 ns, At safepoint: 54709 ns, Total: 877625 ns
[2022-09-04T16:08:05.925+0000][1][safepoint    ] Safepoint "Cleanup", Time since last: 1004176000 ns, Reaching safepoint: 1514084 ns, At safepoint: 59583 ns, Total: 1573667 ns
[2022-09-04T16:08:06.930+0000][1][safepoint    ] Safepoint "Cleanup", Time since last: 1003519167 ns, Reaching safepoint: 1414417 ns, At safepoint: 37125 ns, Total: 1451542 ns
[2022-09-04T16:08:07.936+0000][1][safepoint    ] Safepoint "Cleanup", Time since last: 1004282709 ns, Reaching safepoint: 1434666 ns, At safepoint: 39667 ns, Total: 1474333 ns
[2022-09-04T16:08:08.941+0000][1][safepoint    ] Safepoint "Cleanup", Time since last: 1003365750 ns, Reaching safepoint: 1017542 ns, At safepoint: 38208 ns, Total: 1055750 ns
[2022-09-04T16:08:09.944+0000][1][safepoint    ] Safepoint "Cleanup", Time since last: 1002555209 ns, Reaching safepoint: 853333 ns, At safepoint: 22917 ns, Total: 876250 ns
[2022-09-04T16:08:10.947+0000][1][safepoint    ] Safepoint "Cleanup", Time since last: 1002326251 ns, Reaching safepoint: 872208 ns, At safepoint: 24542 ns, Total: 896750 ns
[2022-09-04T16:08:11.952+0000][1][safepoint    ] Safepoint "Cleanup", Time since last: 1003229958 ns, Reaching safepoint: 1915625 ns, At safepoint: 74417 ns, Total: 1990042 ns
[2022-09-04T16:08:12.960+0000][1][safepoint    ] Safepoint "Cleanup", Time since last: 1005282376 ns, Reaching safepoint: 2038375 ns, At safepoint: 74875 ns, Total: 2113250 ns
[2022-09-04T16:08:13.971+0000][1][safepoint    ] Safepoint "Cleanup", Time since last: 1009365875 ns, Reaching safepoint: 1411458 ns, At safepoint: 40167 ns, Total: 1451625 ns
[2022-09-04T16:08:14.977+0000][1][safepoint    ] Safepoint "Cleanup", Time since last: 1005291167 ns, Reaching safepoint: 966500 ns, At safepoint: 32167 ns, Total: 998667 ns
[2022-09-04T16:08:15.982+0000][1][safepoint    ] Safepoint "Cleanup", Time since last: 1002738709 ns, Reaching safepoint: 2628125 ns, At safepoint: 86666 ns, Total: 2714791 ns
[2022-09-04T16:08:16.991+0000][1][safepoint    ] Safepoint "Cleanup", Time since last: 1007117209 ns, Reaching safepoint: 1436959 ns, At safepoint: 72375 ns, Total: 1509334 ns
[2022-09-04T16:08:17.995+0000][1][safepoint    ] Safepoint "Cleanup", Time since last: 1003151750 ns, Reaching safepoint: 974250 ns, At safepoint: 41375 ns, Total: 1015625 ns
[2022-09-04T16:08:19.007+0000][1][safepoint    ] Safepoint "Cleanup", Time since last: 1010716959 ns, Reaching safepoint: 1308583 ns, At safepoint: 34917 ns, Total: 1343500 ns
[2022-09-04T16:08:20.015+0000][1][safepoint    ] Safepoint "Cleanup", Time since last: 1007441084 ns, Reaching safepoint: 733291 ns, At safepoint: 21167 ns, Total: 754458 ns
[2022-09-04T16:08:21.023+0000][1][safepoint    ] Safepoint "Cleanup", Time since last: 1006448667 ns, Reaching safepoint: 800708 ns, At safepoint: 20625 ns, Total: 821333 ns
[2022-09-04T16:08:22.026+0000][1][safepoint    ] Safepoint "Cleanup", Time since last: 1001671251 ns, Reaching safepoint: 1290292 ns, At safepoint: 24250 ns, Total: 1314542 ns
[2022-09-04T16:08:23.036+0000][1][safepoint    ] Safepoint "Cleanup", Time since last: 1009524792 ns, Reaching safepoint: 901416 ns, At safepoint: 28875 ns, Total: 930291 ns
[2022-09-04T16:08:24.040+0000][1][safepoint    ] Safepoint "Cleanup", Time since last: 1002291126 ns, Reaching safepoint: 1248667 ns, At safepoint: 34791 ns, Total: 1283458 ns
[2022-09-04T16:08:25.044+0000][1][safepoint    ] Safepoint "Cleanup", Time since last: 1002944667 ns, Reaching safepoint: 906042 ns, At safepoint: 27667 ns, Total: 933709 ns
[2022-09-04T16:08:26.047+0000][1][safepoint    ] Safepoint "Cleanup", Time since last: 1001895042 ns, Reaching safepoint: 1063250 ns, At safepoint: 27708 ns, Total: 1090958 ns
[2022-09-04T16:08:27.050+0000][1][safepoint    ] Safepoint "Cleanup", Time since last: 1002352167 ns, Reaching safepoint: 933042 ns, At safepoint: 25375 ns, Total: 958417 ns
[2022-09-04T16:08:28.053+0000][1][safepoint    ] Safepoint "Cleanup", Time since last: 1002465459 ns, Reaching safepoint: 859458 ns, At safepoint: 23042 ns, Total: 882500 ns
[2022-09-04T16:08:29.058+0000][1][safepoint    ] Safepoint "Cleanup", Time since last: 1003145125 ns, Reaching safepoint: 1698084 ns, At safepoint: 65958 ns, Total: 1764042 ns
[2022-09-04T16:08:30.062+0000][1][safepoint    ] Safepoint "Cleanup", Time since last: 1002728084 ns, Reaching safepoint: 859791 ns, At safepoint: 25167 ns, Total: 884958 ns
[2022-09-04T16:08:31.060+0000][1][safepoint    ] Safepoint "Cleanup", Time since last: 1002516042 ns, Reaching safepoint: 884333 ns, At safepoint: 20792 ns, Total: 905125 ns
[2022-09-04T16:08:32.063+0000][1][safepoint    ] Safepoint "Cleanup", Time since last: 1001536708 ns, Reaching safepoint: 796125 ns, At safepoint: 21084 ns, Total: 817209 ns
[2022-09-04T16:08:33.065+0000][1][safepoint    ] Safepoint "Cleanup", Time since last: 1001888834 ns, Reaching safepoint: 799041 ns, At safepoint: 21042 ns, Total: 820083 ns
[2022-09-04T16:08:34.069+0000][1][safepoint    ] Safepoint "Cleanup", Time since last: 1003027292 ns, Reaching safepoint: 840917 ns, At safepoint: 23458 ns, Total: 864375 ns
[2022-09-04T16:08:35.073+0000][1][safepoint    ] Safepoint "Cleanup", Time since last: 1002737876 ns, Reaching safepoint: 900958 ns, At safepoint: 28625 ns, Total: 929583 ns
[2022-09-04T16:08:36.077+0000][1][safepoint    ] Safepoint "Cleanup", Time since last: 1001837042 ns, Reaching safepoint: 1720500 ns, At safepoint: 47792 ns, Total: 1768292 ns
[2022-09-04T16:08:37.081+0000][1][safepoint    ] Safepoint "Cleanup", Time since last: 1002722750 ns, Reaching safepoint: 1701333 ns, At safepoint: 41084 ns, Total: 1742417 ns
[2022-09-04T16:08:38.085+0000][1][safepoint    ] Safepoint "Cleanup", Time since last: 1003137209 ns, Reaching safepoint: 759250 ns, At safepoint: 24250 ns, Total: 783500 ns
[2022-09-04T16:08:39.088+0000][1][safepoint    ] Safepoint "Cleanup", Time since last: 1001855417 ns, Reaching safepoint: 1649458 ns, At safepoint: 44875 ns, Total: 1694333 ns
[2022-09-04T16:08:40.094+0000][1][safepoint    ] Safepoint "Cleanup", Time since last: 1004437792 ns, Reaching safepoint: 1111459 ns, At safepoint: 26833 ns, Total: 1138292 ns
[2022-09-04T16:08:41.097+0000][1][safepoint    ] Safepoint "Cleanup", Time since last: 1001901042 ns, Reaching safepoint: 979042 ns, At safepoint: 24583 ns, Total: 1003625 ns
[2022-09-04T16:08:42.101+0000][1][safepoint    ] Safepoint "Cleanup", Time since last: 1003193959 ns, Reaching safepoint: 1221458 ns, At safepoint: 29000 ns, Total: 1250458 ns
[2022-09-04T16:08:43.105+0000][1][safepoint    ] Safepoint "Cleanup", Time since last: 1002431667 ns, Reaching safepoint: 801625 ns, At safepoint: 22334 ns, Total: 823959 ns
[2022-09-04T16:08:44.107+0000][1][safepoint    ] Safepoint "Cleanup", Time since last: 1001744375 ns, Reaching safepoint: 903000 ns, At safepoint: 26292 ns, Total: 929292 ns
[2022-09-04T16:08:45.110+0000][1][safepoint    ] Safepoint "Cleanup", Time since last: 1001729125 ns, Reaching safepoint: 868834 ns, At safepoint: 15666 ns, Total: 884500 ns
[2022-09-04T16:08:46.114+0000][1][safepoint    ] Safepoint "Cleanup", Time since last: 1002600792 ns, Reaching safepoint: 1373125 ns, At safepoint: 40000 ns, Total: 1413125 ns
[2022-09-04T16:08:47.120+0000][1][safepoint    ] Safepoint "Cleanup", Time since last: 1004022543 ns, Reaching safepoint: 1794500 ns, At safepoint: 44791 ns, Total: 1839291 ns
[2022-09-04T16:08:48.125+0000][1][safepoint    ] Safepoint "Cleanup", Time since last: 1004916209 ns, Reaching safepoint: 784250 ns, At safepoint: 23125 ns, Total: 807375 ns
[2022-09-04T16:08:49.128+0000][1][safepoint    ] Safepoint "Cleanup", Time since last: 1001801001 ns, Reaching safepoint: 890166 ns, At safepoint: 22667 ns, Total: 912833 ns
[2022-09-04T16:08:50.131+0000][1][safepoint    ] Safepoint "Cleanup", Time since last: 1002223667 ns, Reaching safepoint: 829208 ns, At safepoint: 20000 ns, Total: 849208 ns
[2022-09-04T16:08:51.135+0000][1][safepoint    ] Safepoint "Cleanup", Time since last: 1002922751 ns, Reaching safepoint: 853292 ns, At safepoint: 25125 ns, Total: 878417 ns
[2022-09-04T16:08:53.112+0000][1][safepoint    ] Safepoint "Cleanup", Time since last: 1975799459 ns, Reaching safepoint: 809875 ns, At safepoint: 20458 ns, Total: 830333 ns
[2022-09-04T16:08:54.130+0000][1][safepoint    ] Safepoint "Cleanup", Time since last: 1016824501 ns, Reaching safepoint: 1223833 ns, At safepoint: 25750 ns, Total: 1249583 ns
[2022-09-04T16:08:55.134+0000][1][safepoint    ] Safepoint "Cleanup", Time since last: 1002113834 ns, Reaching safepoint: 1903125 ns, At safepoint: 52000 ns, Total: 1955125 ns
[2022-09-04T16:08:56.139+0000][1][safepoint    ] Safepoint "Cleanup", Time since last: 1003136875 ns, Reaching safepoint: 1570834 ns, At safepoint: 31791 ns, Total: 1602625 ns
[2022-09-04T16:08:57.145+0000][1][safepoint    ] Safepoint "Cleanup", Time since last: 1003546417 ns, Reaching safepoint: 3032750 ns, At safepoint: 74709 ns, Total: 3107459 ns
[2022-09-04T16:08:58.151+0000][1][safepoint    ] Safepoint "Cleanup", Time since last: 1004883375 ns, Reaching safepoint: 882584 ns, At safepoint: 128875 ns, Total: 1011459 ns
[2022-09-04T16:08:59.156+0000][1][safepoint    ] Safepoint "Cleanup", Time since last: 1002010500 ns, Reaching safepoint: 2314125 ns, At safepoint: 71333 ns, Total: 2385458 ns
[2022-09-04T16:09:00.162+0000][1][safepoint    ] Safepoint "Cleanup", Time since last: 1004945917 ns, Reaching safepoint: 1023292 ns, At safepoint: 38458 ns, Total: 1061750 ns
[2022-09-04T16:09:01.163+0000][1][safepoint    ] Safepoint "Cleanup", Time since last: 1001504459 ns, Reaching safepoint: 829500 ns, At safepoint: 23375 ns, Total: 852875 ns
[2022-09-04T16:09:02.166+0000][1][safepoint    ] Safepoint "Cleanup", Time since last: 1001643500 ns, Reaching safepoint: 1673875 ns, At safepoint: 56125 ns, Total: 1730000 ns
[2022-09-04T16:09:03.171+0000][1][safepoint    ] Safepoint "Cleanup", Time since last: 1003338584 ns, Reaching safepoint: 974625 ns, At safepoint: 72667 ns, Total: 1047292 ns
[2022-09-04T16:09:04.174+0000][1][safepoint    ] Safepoint "Cleanup", Time since last: 1002024708 ns, Reaching safepoint: 1389917 ns, At safepoint: 32458 ns, Total: 1422375 ns
[2022-09-04T16:09:05.178+0000][1][safepoint    ] Safepoint "Cleanup", Time since last: 1001829251 ns, Reaching safepoint: 2023250 ns, At safepoint: 156125 ns, Total: 2179375 ns
[2022-09-04T16:09:06.183+0000][1][safepoint    ] Safepoint "Cleanup", Time since last: 1003835375 ns, Reaching safepoint: 1413875 ns, At safepoint: 30792 ns, Total: 1444667 ns
[2022-09-04T16:09:07.190+0000][1][safepoint    ] Safepoint "Cleanup", Time since last: 1003898792 ns, Reaching safepoint: 2502834 ns, At safepoint: 76250 ns, Total: 2579084 ns
[2022-09-04T16:09:08.195+0000][1][safepoint    ] Safepoint "Cleanup", Time since last: 1004467542 ns, Reaching safepoint: 799666 ns, At safepoint: 24625 ns, Total: 824291 ns
[2022-09-04T16:09:09.200+0000][1][safepoint    ] Safepoint "Cleanup", Time since last: 1003954001 ns, Reaching safepoint: 1315583 ns, At safepoint: 35375 ns, Total: 1350958 ns
[2022-09-04T16:09:10.205+0000][1][safepoint    ] Safepoint "Cleanup", Time since last: 1003270376 ns, Reaching safepoint: 1479958 ns, At safepoint: 39083 ns, Total: 1519041 ns
[2022-09-04T16:09:11.210+0000][1][safepoint    ] Safepoint "Cleanup", Time since last: 1003390584 ns, Reaching safepoint: 852500 ns, At safepoint: 24583 ns, Total: 877083 ns
[2022-09-04T16:09:12.214+0000][1][safepoint    ] Safepoint "Cleanup", Time since last: 1002584959 ns, Reaching safepoint: 2011000 ns, At safepoint: 54709 ns, Total: 2065709 ns
[2022-09-04T16:09:13.219+0000][1][safepoint    ] Safepoint "Cleanup", Time since last: 1003922458 ns, Reaching safepoint: 808917 ns, At safepoint: 35167 ns, Total: 844084 ns
[2022-09-04T16:09:14.223+0000][1][safepoint    ] Safepoint "Cleanup", Time since last: 1001735834 ns, Reaching safepoint: 1900708 ns, At safepoint: 50542 ns, Total: 1951250 ns
[2022-09-04T16:09:15.228+0000][1][safepoint    ] Safepoint "Cleanup", Time since last: 1002841458 ns, Reaching safepoint: 2442667 ns, At safepoint: 96417 ns, Total: 2539084 ns
[2022-09-04T16:09:16.235+0000][1][safepoint    ] Safepoint "Cleanup", Time since last: 1003402500 ns, Reaching safepoint: 2966250 ns, At safepoint: 104750 ns, Total: 3071000 ns
[2022-09-04T16:09:17.241+0000][1][safepoint    ] Safepoint "Cleanup", Time since last: 1003758751 ns, Reaching safepoint: 2298333 ns, At safepoint: 80583 ns, Total: 2378916 ns
[2022-09-04T16:09:18.249+0000][1][safepoint    ] Safepoint "Cleanup", Time since last: 1007102042 ns, Reaching safepoint: 821084 ns, At safepoint: 20666 ns, Total: 841750 ns
[2022-09-04T16:09:19.251+0000][1][safepoint    ] Safepoint "Cleanup", Time since last: 1001487043 ns, Reaching safepoint: 775958 ns, At safepoint: 22250 ns, Total: 798208 ns
[2022-09-04T16:09:20.257+0000][1][safepoint    ] Safepoint "Cleanup", Time since last: 1003723375 ns, Reaching safepoint: 1988292 ns, At safepoint: 64708 ns, Total: 2053000 ns
[2022-09-04T16:09:21.261+0000][1][safepoint    ] Safepoint "Cleanup", Time since last: 1003663668 ns, Reaching safepoint: 908208 ns, At safepoint: 26708 ns, Total: 934916 ns
[2022-09-04T16:09:22.271+0000][1][safepoint    ] Safepoint "Cleanup", Time since last: 1009241501 ns, Reaching safepoint: 926291 ns, At safepoint: 23709 ns, Total: 950000 ns
[2022-09-04T16:09:23.274+0000][1][safepoint    ] Safepoint "Cleanup", Time since last: 1001481459 ns, Reaching safepoint: 943458 ns, At safepoint: 30042 ns, Total: 973500 ns
[2022-09-04T16:09:24.278+0000][1][safepoint    ] Safepoint "Cleanup", Time since last: 1002330167 ns, Reaching safepoint: 1652291 ns, At safepoint: 58792 ns, Total: 1711083 ns
[2022-09-04T16:09:25.283+0000][1][safepoint    ] Safepoint "Cleanup", Time since last: 1003628417 ns, Reaching safepoint: 954958 ns, At safepoint: 26667 ns, Total: 981625 ns
[2022-09-04T16:09:26.286+0000][1][safepoint    ] Safepoint "Cleanup", Time since last: 1002425167 ns, Reaching safepoint: 1478917 ns, At safepoint: 44292 ns, Total: 1523209 ns
[2022-09-04T16:09:27.292+0000][1][safepoint    ] Safepoint "Cleanup", Time since last: 1004869417 ns, Reaching safepoint: 835875 ns, At safepoint: 24083 ns, Total: 859958 ns
[2022-09-04T16:09:28.296+0000][1][safepoint    ] Safepoint "Cleanup", Time since last: 1002512167 ns, Reaching safepoint: 1052084 ns, At safepoint: 31416 ns, Total: 1083500 ns
[2022-09-04T16:09:29.299+0000][1][safepoint    ] Safepoint "Cleanup", Time since last: 1002349334 ns, Reaching safepoint: 930917 ns, At safepoint: 35916 ns, Total: 966833 ns
[2022-09-04T16:09:30.304+0000][1][safepoint    ] Safepoint "Cleanup", Time since last: 1002598543 ns, Reaching safepoint: 1724541 ns, At safepoint: 77334 ns, Total: 1801875 ns
[2022-09-04T16:09:31.309+0000][1][safepoint    ] Safepoint "Cleanup", Time since last: 1003184457 ns, Reaching safepoint: 2235625 ns, At safepoint: 53959 ns, Total: 2289584 ns
[2022-09-04T16:09:32.316+0000][1][safepoint    ] Safepoint "Cleanup", Time since last: 1006308084 ns, Reaching safepoint: 879375 ns, At safepoint: 25166 ns, Total: 904541 ns
[2022-09-04T16:09:33.321+0000][1][safepoint    ] Safepoint "Cleanup", Time since last: 1003786917 ns, Reaching safepoint: 839667 ns, At safepoint: 48792 ns, Total: 888459 ns
[2022-09-04T16:09:34.327+0000][1][safepoint    ] Safepoint "Cleanup", Time since last: 1005103917 ns, Reaching safepoint: 1170333 ns, At safepoint: 37833 ns, Total: 1208166 ns
[2022-09-04T16:09:35.331+0000][1][safepoint    ] Safepoint "Cleanup", Time since last: 1002506459 ns, Reaching safepoint: 1937417 ns, At safepoint: 68792 ns, Total: 2006209 ns
[2022-09-04T16:09:36.335+0000][1][safepoint    ] Safepoint "Cleanup", Time since last: 1002767750 ns, Reaching safepoint: 898917 ns, At safepoint: 24875 ns, Total: 923792 ns
[2022-09-04T16:09:37.338+0000][1][safepoint    ] Safepoint "Cleanup", Time since last: 1001677834 ns, Reaching safepoint: 1009958 ns, At safepoint: 24167 ns, Total: 1034125 ns
[2022-09-04T16:09:38.340+0000][1][safepoint    ] Safepoint "Cleanup", Time since last: 1001769500 ns, Reaching safepoint: 831708 ns, At safepoint: 21334 ns, Total: 853042 ns
[2022-09-04T16:09:39.344+0000][1][safepoint    ] Safepoint "Cleanup", Time since last: 1002245667 ns, Reaching safepoint: 1272542 ns, At safepoint: 31666 ns, Total: 1304208 ns
[2022-09-04T16:09:40.349+0000][1][safepoint    ] Safepoint "Cleanup", Time since last: 1002653292 ns, Reaching safepoint: 2233167 ns, At safepoint: 79250 ns, Total: 2312417 ns
[2022-09-04T16:09:41.354+0000][1][safepoint    ] Safepoint "Cleanup", Time since last: 1004009501 ns, Reaching safepoint: 985125 ns, At safepoint: 30208 ns, Total: 1015333 ns
[2022-09-04T16:09:42.357+0000][1][safepoint    ] Safepoint "Cleanup", Time since last: 1002084750 ns, Reaching safepoint: 1150209 ns, At safepoint: 25833 ns, Total: 1176042 ns
[2022-09-04T16:09:43.361+0000][1][safepoint    ] Safepoint "Cleanup", Time since last: 1002903542 ns, Reaching safepoint: 848208 ns, At safepoint: 21750 ns, Total: 869958 ns
[2022-09-04T16:09:44.366+0000][1][safepoint    ] Safepoint "Cleanup", Time since last: 1003986334 ns, Reaching safepoint: 1049750 ns, At safepoint: 26834 ns, Total: 1076584 ns
[2022-09-04T16:09:45.370+0000][1][safepoint    ] Safepoint "Cleanup", Time since last: 1002716542 ns, Reaching safepoint: 1145583 ns, At safepoint: 33333 ns, Total: 1178916 ns
[2022-09-04T16:09:46.374+0000][1][safepoint    ] Safepoint "Cleanup", Time since last: 1002444709 ns, Reaching safepoint: 1163500 ns, At safepoint: 30542 ns, Total: 1194042 ns
[2022-09-04T16:09:47.377+0000][1][safepoint    ] Safepoint "Cleanup", Time since last: 1002094000 ns, Reaching safepoint: 1452042 ns, At safepoint: 29500 ns, Total: 1481542 ns
[2022-09-04T16:09:48.382+0000][1][safepoint    ] Safepoint "Cleanup", Time since last: 1003930959 ns, Reaching safepoint: 1196333 ns, At safepoint: 57000 ns, Total: 1253333 ns
[2022-09-04T16:09:49.387+0000][1][safepoint    ] Safepoint "Cleanup", Time since last: 1002961126 ns, Reaching safepoint: 1369833 ns, At safepoint: 59417 ns, Total: 1429250 ns
[2022-09-04T16:09:50.396+0000][1][safepoint    ] Safepoint "Cleanup", Time since last: 1007688083 ns, Reaching safepoint: 1789959 ns, At safepoint: 56958 ns, Total: 1846917 ns
[2022-09-04T16:09:51.403+0000][1][safepoint    ] Safepoint "Cleanup", Time since last: 1006090292 ns, Reaching safepoint: 926334 ns, At safepoint: 25875 ns, Total: 952209 ns
[2022-09-04T16:09:52.406+0000][1][safepoint    ] Safepoint "Cleanup", Time since last: 1001773708 ns, Reaching safepoint: 983375 ns, At safepoint: 23125 ns, Total: 1006500 ns
[2022-09-04T16:09:53.408+0000][1][safepoint    ] Safepoint "Cleanup", Time since last: 1001510543 ns, Reaching safepoint: 890583 ns, At safepoint: 22083 ns, Total: 912666 ns
[2022-09-04T16:09:54.414+0000][1][safepoint    ] Safepoint "Cleanup", Time since last: 1002413959 ns, Reaching safepoint: 2940083 ns, At safepoint: 122709 ns, Total: 3062792 ns
[2022-09-04T16:09:55.422+0000][1][safepoint    ] Safepoint "Cleanup", Time since last: 1004499792 ns, Reaching safepoint: 3360375 ns, At safepoint: 114708 ns, Total: 3475083 ns
[2022-09-04T16:09:56.428+0000][1][safepoint    ] Safepoint "Cleanup", Time since last: 1004240584 ns, Reaching safepoint: 1581875 ns, At safepoint: 46000 ns, Total: 1627875 ns
[2022-09-04T16:09:57.431+0000][1][safepoint    ] Safepoint "Cleanup", Time since last: 1002687001 ns, Reaching safepoint: 951041 ns, At safepoint: 20334 ns, Total: 971375 ns
[2022-09-04T16:09:58.436+0000][1][safepoint    ] Safepoint "Cleanup", Time since last: 1003662208 ns, Reaching safepoint: 987500 ns, At safepoint: 44584 ns, Total: 1032084 ns
[2022-09-04T16:09:59.440+0000][1][safepoint    ] Safepoint "Cleanup", Time since last: 1002103833 ns, Reaching safepoint: 1535667 ns, At safepoint: 37167 ns, Total: 1572834 ns
[2022-09-04T16:10:00.444+0000][1][safepoint    ] Safepoint "Cleanup", Time since last: 1002386917 ns, Reaching safepoint: 1698625 ns, At safepoint: 58917 ns, Total: 1757542 ns
[2022-09-04T16:10:01.456+0000][1][safepoint    ] Safepoint "Cleanup", Time since last: 1011522041 ns, Reaching safepoint: 1228083 ns, At safepoint: 24417 ns, Total: 1252500 ns
[2022-09-04T16:10:02.461+0000][1][safepoint    ] Safepoint "Cleanup", Time since last: 1003697334 ns, Reaching safepoint: 1140458 ns, At safepoint: 31458 ns, Total: 1171916 ns
[2022-09-04T16:10:03.466+0000][1][safepoint    ] Safepoint "Cleanup", Time since last: 1003403917 ns, Reaching safepoint: 1496500 ns, At safepoint: 37500 ns, Total: 1534000 ns
[2022-09-04T16:10:04.474+0000][1][safepoint    ] Safepoint "Cleanup", Time since last: 1005396501 ns, Reaching safepoint: 1802542 ns, At safepoint: 112750 ns, Total: 1915292 ns
[2022-09-04T16:10:05.480+0000][1][safepoint    ] Safepoint "Cleanup", Time since last: 1004110417 ns, Reaching safepoint: 2538541 ns, At safepoint: 203292 ns, Total: 2741833 ns
[2022-09-04T16:10:06.485+0000][1][safepoint    ] Safepoint "Cleanup", Time since last: 1003150834 ns, Reaching safepoint: 1640042 ns, At safepoint: 45791 ns, Total: 1685833 ns
[2022-09-04T16:10:07.492+0000][1][safepoint    ] Safepoint "Cleanup", Time since last: 1004310376 ns, Reaching safepoint: 1906500 ns, At safepoint: 54250 ns, Total: 1960750 ns
[2022-09-04T16:10:07.696+0000][1][safepoint    ] Safepoint "RevokeBias", Time since last: 203868708 ns, Reaching safepoint: 795125 ns, At safepoint: 321083 ns, Total: 1116208 ns
[2022-09-04T16:10:07.708+0000][1][safepoint    ] Safepoint "BulkRevokeBias", Time since last: 7067792 ns, Reaching safepoint: 652167 ns, At safepoint: 3581083 ns, Total: 4233250 ns
[2022-09-04T16:10:07.831+0000][1][safepoint    ] Safepoint "RevokeBias", Time since last: 122295042 ns, Reaching safepoint: 804041 ns, At safepoint: 104750 ns, Total: 908791 ns
[2022-09-04T16:10:07.906+0000][1][safepoint    ] Safepoint "RevokeBias", Time since last: 73700042 ns, Reaching safepoint: 1339000 ns, At safepoint: 129834 ns, Total: 1468834 ns
[2022-09-04T16:10:08.910+0000][1][safepoint    ] Safepoint "Cleanup", Time since last: 1001937250 ns, Reaching safepoint: 2044792 ns, At safepoint: 58666 ns, Total: 2103458 ns
[2022-09-04T16:10:09.917+0000][1][safepoint    ] Safepoint "Cleanup", Time since last: 1005353084 ns, Reaching safepoint: 1627875 ns, At safepoint: 32458 ns, Total: 1660333 ns
[2022-09-04T16:10:10.921+0000][1][safepoint    ] Safepoint "Cleanup", Time since last: 1003026543 ns, Reaching safepoint: 1215750 ns, At safepoint: 24250 ns, Total: 1240000 ns
[2022-09-04T16:10:11.926+0000][1][safepoint    ] Safepoint "Cleanup", Time since last: 1003373167 ns, Reaching safepoint: 818458 ns, At safepoint: 21000 ns, Total: 839458 ns
[2022-09-04T16:10:12.933+0000][1][safepoint    ] Safepoint "Cleanup", Time since last: 1005901167 ns, Reaching safepoint: 1457834 ns, At safepoint: 38541 ns, Total: 1496375 ns
[2022-09-04T16:10:13.938+0000][1][safepoint    ] Safepoint "Cleanup", Time since last: 1003725209 ns, Reaching safepoint: 1468917 ns, At safepoint: 42541 ns, Total: 1511458 ns
[2022-09-04T16:10:14.945+0000][1][safepoint    ] Safepoint "Cleanup", Time since last: 1002853876 ns, Reaching safepoint: 3607167 ns, At safepoint: 99500 ns, Total: 3706667 ns
[2022-09-04T16:10:15.954+0000][1][safepoint    ] Safepoint "Cleanup", Time since last: 1008476000 ns, Reaching safepoint: 858167 ns, At safepoint: 22916 ns, Total: 881083 ns
[2022-09-04T16:10:16.961+0000][1][safepoint    ] Safepoint "Cleanup", Time since last: 1003911334 ns, Reaching safepoint: 2390417 ns, At safepoint: 71208 ns, Total: 2461625 ns
[2022-09-04T16:10:17.970+0000][1][safepoint    ] Safepoint "Cleanup", Time since last: 1008199584 ns, Reaching safepoint: 906708 ns, At safepoint: 24959 ns, Total: 931667 ns
[2022-09-04T16:10:18.696+0000][1][safepoint    ] Safepoint "RevokeBias", Time since last: 724853375 ns, Reaching safepoint: 842750 ns, At safepoint: 96750 ns, Total: 939500 ns
[2022-09-04T16:10:18.700+0000][1][safepoint    ] Safepoint "RevokeBias", Time since last: 4300375 ns, Reaching safepoint: 473625 ns, At safepoint: 118417 ns, Total: 592042 ns
[2022-09-04T16:10:18.744+0000][1][safepoint    ] Safepoint "RevokeBias", Time since last: 42871541 ns, Reaching safepoint: 732042 ns, At safepoint: 116000 ns, Total: 848042 ns
[2022-09-04T16:10:18.765+0000][1][safepoint    ] Safepoint "RevokeBias", Time since last: 20054792 ns, Reaching safepoint: 1024708 ns, At safepoint: 100250 ns, Total: 1124958 ns
[2022-09-04T16:10:19.768+0000][1][safepoint    ] Safepoint "Cleanup", Time since last: 1001390126 ns, Reaching safepoint: 1249708 ns, At safepoint: 28833 ns, Total: 1278541 ns
[2022-09-04T16:10:20.771+0000][1][safepoint    ] Safepoint "Cleanup", Time since last: 1002228751 ns, Reaching safepoint: 933416 ns, At safepoint: 24542 ns, Total: 957958 ns
[2022-09-04T16:10:21.774+0000][1][safepoint    ] Safepoint "Cleanup", Time since last: 1001772292 ns, Reaching safepoint: 934583 ns, At safepoint: 24792 ns, Total: 959375 ns
[2022-09-04T16:10:22.777+0000][1][safepoint    ] Safepoint "Cleanup", Time since last: 1001779959 ns, Reaching safepoint: 1172750 ns, At safepoint: 25500 ns, Total: 1198250 ns
[2022-09-04T16:10:23.781+0000][1][safepoint    ] Safepoint "Cleanup", Time since last: 1003388834 ns, Reaching safepoint: 1088625 ns, At safepoint: 23458 ns, Total: 1112083 ns
[2022-09-04T16:10:24.784+0000][1][safepoint    ] Safepoint "Cleanup", Time since last: 1001967792 ns, Reaching safepoint: 1041417 ns, At safepoint: 23250 ns, Total: 1064667 ns
[2022-09-04T16:10:25.787+0000][1][safepoint    ] Safepoint "Cleanup", Time since last: 1001876625 ns, Reaching safepoint: 842625 ns, At safepoint: 25125 ns, Total: 867750 ns
[2022-09-04T16:10:26.791+0000][1][safepoint    ] Safepoint "Cleanup", Time since last: 1002639584 ns, Reaching safepoint: 1064084 ns, At safepoint: 22041 ns, Total: 1086125 ns
[2022-09-04T16:10:27.794+0000][1][safepoint    ] Safepoint "Cleanup", Time since last: 1001882126 ns, Reaching safepoint: 1514291 ns, At safepoint: 83417 ns, Total: 1597708 ns
[2022-09-04T16:10:28.799+0000][1][safepoint    ] Safepoint "Cleanup", Time since last: 1003652875 ns, Reaching safepoint: 1138625 ns, At safepoint: 34375 ns, Total: 1173000 ns
[2022-09-04T16:10:29.804+0000][1][safepoint    ] Safepoint "Cleanup", Time since last: 1002933668 ns, Reaching safepoint: 1933000 ns, At safepoint: 75916 ns, Total: 2008916 ns
[2022-09-04T16:10:30.808+0000][1][safepoint    ] Safepoint "Cleanup", Time since last: 1003272417 ns, Reaching safepoint: 884417 ns, At safepoint: 80625 ns, Total: 965042 ns
[2022-09-04T16:10:31.812+0000][1][safepoint    ] Safepoint "Cleanup", Time since last: 1002866083 ns, Reaching safepoint: 787333 ns, At safepoint: 22500 ns, Total: 809833 ns
[2022-09-04T16:10:32.815+0000][1][safepoint    ] Safepoint "Cleanup", Time since last: 1001568167 ns, Reaching safepoint: 1791000 ns, At safepoint: 41084 ns, Total: 1832084 ns
[2022-09-04T16:10:33.819+0000][1][safepoint    ] Safepoint "Cleanup", Time since last: 1002834125 ns, Reaching safepoint: 907250 ns, At safepoint: 62667 ns, Total: 969917 ns
[2022-09-04T16:10:34.830+0000][1][safepoint    ] Safepoint "Cleanup", Time since last: 1009425209 ns, Reaching safepoint: 905125 ns, At safepoint: 23958 ns, Total: 929083 ns
[2022-09-04T16:10:35.833+0000][1][safepoint    ] Safepoint "Cleanup", Time since last: 1002074834 ns, Reaching safepoint: 848167 ns, At safepoint: 21458 ns, Total: 869625 ns
[2022-09-04T16:10:36.836+0000][1][safepoint    ] Safepoint "Cleanup", Time since last: 1002003625 ns, Reaching safepoint: 1093167 ns, At safepoint: 23042 ns, Total: 1116209 ns
[2022-09-04T16:10:37.841+0000][1][safepoint    ] Safepoint "Cleanup", Time since last: 1003836000 ns, Reaching safepoint: 1474708 ns, At safepoint: 39125 ns, Total: 1513833 ns
[2022-09-04T16:10:38.845+0000][1][safepoint    ] Safepoint "Cleanup", Time since last: 1003274168 ns, Reaching safepoint: 1104625 ns, At safepoint: 24250 ns, Total: 1128875 ns
[2022-09-04T16:10:39.848+0000][1][safepoint    ] Safepoint "Cleanup", Time since last: 1001284000 ns, Reaching safepoint: 1192167 ns, At safepoint: 27041 ns, Total: 1219208 ns
[2022-09-04T16:10:40.851+0000][1][safepoint    ] Safepoint "Cleanup", Time since last: 1001979293 ns, Reaching safepoint: 1006625 ns, At safepoint: 26833 ns, Total: 1033458 ns
[2022-09-04T16:10:41.854+0000][1][safepoint    ] Safepoint "Cleanup", Time since last: 1002422250 ns, Reaching safepoint: 882625 ns, At safepoint: 24459 ns, Total: 907084 ns
[2022-09-04T16:10:42.858+0000][1][safepoint    ] Safepoint "Cleanup", Time since last: 1002423167 ns, Reaching safepoint: 1143375 ns, At safepoint: 59833 ns, Total: 1203208 ns
[2022-09-04T16:10:43.862+0000][1][safepoint    ] Safepoint "Cleanup", Time since last: 1002454167 ns, Reaching safepoint: 1427959 ns, At safepoint: 42791 ns, Total: 1470750 ns
[2022-09-04T16:10:44.869+0000][1][safepoint    ] Safepoint "Cleanup", Time since last: 1006241709 ns, Reaching safepoint: 1390375 ns, At safepoint: 35167 ns, Total: 1425542 ns
[2022-09-04T16:10:45.873+0000][1][safepoint    ] Safepoint "Cleanup", Time since last: 1003042834 ns, Reaching safepoint: 782291 ns, At safepoint: 38334 ns, Total: 820625 ns
[2022-09-04T16:10:46.876+0000][1][safepoint    ] Safepoint "Cleanup", Time since last: 1001454750 ns, Reaching safepoint: 1115958 ns, At safepoint: 26500 ns, Total: 1142458 ns
[2022-09-04T16:10:47.881+0000][1][safepoint    ] Safepoint "Cleanup", Time since last: 1002924334 ns, Reaching safepoint: 1972750 ns, At safepoint: 65042 ns, Total: 2037792 ns
[2022-09-04T16:10:48.887+0000][1][safepoint    ] Safepoint "Cleanup", Time since last: 1004869417 ns, Reaching safepoint: 1012167 ns, At safepoint: 23000 ns, Total: 1035167 ns
[2022-09-04T16:10:49.890+0000][1][safepoint    ] Safepoint "Cleanup", Time since last: 1001957750 ns, Reaching safepoint: 1443125 ns, At safepoint: 37417 ns, Total: 1480542 ns
[2022-09-04T16:10:50.895+0000][1][safepoint    ] Safepoint "Cleanup", Time since last: 1003716084 ns, Reaching safepoint: 896625 ns, At safepoint: 22416 ns, Total: 919041 ns
[2022-09-04T16:10:51.608+0000][1][safepoint    ] Safepoint "RevokeBias", Time since last: 711854376 ns, Reaching safepoint: 812541 ns, At safepoint: 139792 ns, Total: 952333 ns
[2022-09-04T16:10:51.624+0000][1][safepoint    ] Safepoint "RevokeBias", Time since last: 15752917 ns, Reaching safepoint: 472875 ns, At safepoint: 86083 ns, Total: 558958 ns
[2022-09-04T16:10:51.748+0000][1][safepoint    ] Safepoint "RevokeBias", Time since last: 123222333 ns, Reaching safepoint: 620417 ns, At safepoint: 114417 ns, Total: 734834 ns
[2022-09-04T16:10:51.839+0000][1][safepoint    ] Safepoint "RevokeBias", Time since last: 87921125 ns, Reaching safepoint: 2855291 ns, At safepoint: 430459 ns, Total: 3285750 ns
[2022-09-04T16:10:52.852+0000][1][safepoint    ] Safepoint "Cleanup", Time since last: 1011208625 ns, Reaching safepoint: 1310834 ns, At safepoint: 43958 ns, Total: 1354792 ns
[2022-09-04T16:10:53.861+0000][1][safepoint    ] Safepoint "Cleanup", Time since last: 1007996500 ns, Reaching safepoint: 1090625 ns, At safepoint: 28042 ns, Total: 1118667 ns
[2022-09-04T16:10:54.866+0000][1][safepoint    ] Safepoint "Cleanup", Time since last: 1002891626 ns, Reaching safepoint: 2060458 ns, At safepoint: 56958 ns, Total: 2117416 ns
[2022-09-04T16:10:55.871+0000][1][safepoint    ] Safepoint "Cleanup", Time since last: 1003946167 ns, Reaching safepoint: 1174959 ns, At safepoint: 32541 ns, Total: 1207500 ns
[2022-09-04T16:10:56.876+0000][1][safepoint    ] Safepoint "Cleanup", Time since last: 1002727168 ns, Reaching safepoint: 2221708 ns, At safepoint: 103042 ns, Total: 2324750 ns
[2022-09-04T16:10:57.883+0000][1][safepoint    ] Safepoint "Cleanup", Time since last: 1005716542 ns, Reaching safepoint: 1192833 ns, At safepoint: 29625 ns, Total: 1222458 ns
[2022-09-04T16:10:58.890+0000][1][safepoint    ] Safepoint "Cleanup", Time since last: 1005848667 ns, Reaching safepoint: 1237750 ns, At safepoint: 31209 ns, Total: 1268959 ns
[2022-09-04T16:10:59.895+0000][1][safepoint    ] Safepoint "Cleanup", Time since last: 1003674375 ns, Reaching safepoint: 1368542 ns, At safepoint: 36125 ns, Total: 1404667 ns
[2022-09-04T16:11:00.901+0000][1][safepoint    ] Safepoint "Cleanup", Time since last: 1004888417 ns, Reaching safepoint: 1057583 ns, At safepoint: 26292 ns, Total: 1083875 ns
[2022-09-04T16:11:01.904+0000][1][safepoint    ] Safepoint "Cleanup", Time since last: 1002035292 ns, Reaching safepoint: 921041 ns, At safepoint: 23000 ns, Total: 944041 ns
[2022-09-04T16:11:02.909+0000][1][safepoint    ] Safepoint "Cleanup", Time since last: 1001790501 ns, Reaching safepoint: 3222208 ns, At safepoint: 74500 ns, Total: 3296708 ns
[2022-09-04T16:11:03.916+0000][1][safepoint    ] Safepoint "Cleanup", Time since last: 1005512501 ns, Reaching safepoint: 1443708 ns, At safepoint: 35000 ns, Total: 1478708 ns
[2022-09-04T16:11:04.921+0000][1][safepoint    ] Safepoint "Cleanup", Time since last: 1003714917 ns, Reaching safepoint: 1200542 ns, At safepoint: 36875 ns, Total: 1237417 ns
[2022-09-04T16:11:05.926+0000][1][safepoint    ] Safepoint "Cleanup", Time since last: 1003914834 ns, Reaching safepoint: 782458 ns, At safepoint: 21250 ns, Total: 803708 ns
[2022-09-04T16:11:06.933+0000][1][safepoint    ] Safepoint "Cleanup", Time since last: 1005010542 ns, Reaching safepoint: 1769208 ns, At safepoint: 40792 ns, Total: 1810000 ns
[2022-09-04T16:11:07.937+0000][1][safepoint    ] Safepoint "Cleanup", Time since last: 1003158751 ns, Reaching safepoint: 858625 ns, At safepoint: 23500 ns, Total: 882125 ns
[2022-09-04T16:11:08.942+0000][1][safepoint    ] Safepoint "Cleanup", Time since last: 1003047083 ns, Reaching safepoint: 2204250 ns, At safepoint: 60917 ns, Total: 2265167 ns
[2022-09-04T16:11:10.860+0000][1][safepoint    ] Safepoint "Cleanup", Time since last: 1916603918 ns, Reaching safepoint: 1029166 ns, At safepoint: 29417 ns, Total: 1058583 ns
[2022-09-04T16:11:11.863+0000][1][safepoint    ] Safepoint "Cleanup", Time since last: 1001512584 ns, Reaching safepoint: 1344083 ns, At safepoint: 30792 ns, Total: 1374875 ns
[2022-09-04T16:11:12.867+0000][1][safepoint    ] Safepoint "Cleanup", Time since last: 1003263834 ns, Reaching safepoint: 950541 ns, At safepoint: 25084 ns, Total: 975625 ns
[2022-09-04T16:11:13.871+0000][1][safepoint    ] Safepoint "Cleanup", Time since last: 1002808708 ns, Reaching safepoint: 1402167 ns, At safepoint: 47333 ns, Total: 1449500 ns
[2022-09-04T16:11:14.875+0000][1][safepoint    ] Safepoint "Cleanup", Time since last: 1003051251 ns, Reaching safepoint: 856167 ns, At safepoint: 25500 ns, Total: 881667 ns
[2022-09-04T16:11:14.955+0000][1][safepoint    ] Safepoint "RevokeBias", Time since last: 78740416 ns, Reaching safepoint: 888584 ns, At safepoint: 127916 ns, Total: 1016500 ns
[2022-09-04T16:11:14.962+0000][1][safepoint    ] Safepoint "RevokeBias", Time since last: 6237709 ns, Reaching safepoint: 585125 ns, At safepoint: 103500 ns, Total: 688625 ns
[2022-09-04T16:11:15.217+0000][1][safepoint    ] Safepoint "RevokeBias", Time since last: 242813000 ns, Reaching safepoint: 9010500 ns, At safepoint: 2539125 ns, Total: 11549625 ns
[2022-09-04T16:11:15.451+0000][1][safepoint    ] Safepoint "RevokeBias", Time since last: 233457750 ns, Reaching safepoint: 1341791 ns, At safepoint: 172959 ns, Total: 1514750 ns
[2022-09-04T16:11:16.456+0000][1][safepoint    ] Safepoint "Cleanup", Time since last: 1004046959 ns, Reaching safepoint: 1030541 ns, At safepoint: 31792 ns, Total: 1062333 ns
[2022-09-04T16:11:17.463+0000][1][safepoint    ] Safepoint "Cleanup", Time since last: 1002819292 ns, Reaching safepoint: 3720083 ns, At safepoint: 85792 ns, Total: 3805875 ns
[2022-09-04T16:11:18.468+0000][1][safepoint    ] Safepoint "Cleanup", Time since last: 1004811792 ns, Reaching safepoint: 850334 ns, At safepoint: 25666 ns, Total: 876000 ns
[2022-09-04T16:11:19.475+0000][1][safepoint    ] Safepoint "Cleanup", Time since last: 1004400084 ns, Reaching safepoint: 2111083 ns, At safepoint: 67250 ns, Total: 2178333 ns
[2022-09-04T16:11:20.174+0000][1][safepoint    ] Safepoint "RevokeBias", Time since last: 698054376 ns, Reaching safepoint: 860375 ns, At safepoint: 163666 ns, Total: 1024041 ns
[2022-09-04T16:11:20.181+0000][1][safepoint    ] Safepoint "RevokeBias", Time since last: 5853209 ns, Reaching safepoint: 825375 ns, At safepoint: 113958 ns, Total: 939333 ns
[2022-09-04T16:11:20.242+0000][1][safepoint    ] Safepoint "RevokeBias", Time since last: 60528500 ns, Reaching safepoint: 745583 ns, At safepoint: 157500 ns, Total: 903083 ns
[2022-09-04T16:11:20.269+0000][1][safepoint    ] Safepoint "RevokeBias", Time since last: 24106042 ns, Reaching safepoint: 2463375 ns, At safepoint: 113250 ns, Total: 2576625 ns
[2022-09-04T16:11:21.272+0000][1][safepoint    ] Safepoint "Cleanup", Time since last: 1001535917 ns, Reaching safepoint: 1367167 ns, At safepoint: 41667 ns, Total: 1408834 ns
[2022-09-04T16:11:22.276+0000][1][safepoint    ] Safepoint "Cleanup", Time since last: 1002731750 ns, Reaching safepoint: 886667 ns, At safepoint: 54458 ns, Total: 941125 ns
[2022-09-04T16:11:23.279+0000][1][safepoint    ] Safepoint "Cleanup", Time since last: 1002617959 ns, Reaching safepoint: 1101708 ns, At safepoint: 26709 ns, Total: 1128417 ns
[2022-09-04T16:11:24.284+0000][1][safepoint    ] Safepoint "Cleanup", Time since last: 1002233292 ns, Reaching safepoint: 1950916 ns, At safepoint: 42625 ns, Total: 1993541 ns
[2022-09-04T16:11:25.290+0000][1][safepoint    ] Safepoint "Cleanup", Time since last: 1003421001 ns, Reaching safepoint: 2588416 ns, At safepoint: 75125 ns, Total: 2663541 ns
[2022-09-04T16:11:26.296+0000][1][safepoint    ] Safepoint "Cleanup", Time since last: 1004177876 ns, Reaching safepoint: 2097125 ns, At safepoint: 66208 ns, Total: 2163333 ns
[2022-09-04T16:11:26.312+0000][1][safepoint    ] Safepoint "RevokeBias", Time since last: 15440209 ns, Reaching safepoint: 989458 ns, At safepoint: 115208 ns, Total: 1104666 ns
[2022-09-04T16:11:26.330+0000][1][safepoint    ] Safepoint "RevokeBias", Time since last: 14597167 ns, Reaching safepoint: 2161042 ns, At safepoint: 282833 ns, Total: 2443875 ns
[2022-09-04T16:11:27.333+0000][1][safepoint    ] Safepoint "Cleanup", Time since last: 1001627250 ns, Reaching safepoint: 1370209 ns, At safepoint: 32291 ns, Total: 1402500 ns
[2022-09-04T16:11:28.338+0000][1][safepoint    ] Safepoint "Cleanup", Time since last: 1004547418 ns, Reaching safepoint: 984750 ns, At safepoint: 25708 ns, Total: 1010458 ns
[2022-09-04T16:11:29.342+0000][1][safepoint    ] Safepoint "Cleanup", Time since last: 1002531250 ns, Reaching safepoint: 1171417 ns, At safepoint: 30083 ns, Total: 1201500 ns
[2022-09-04T16:11:30.346+0000][1][safepoint    ] Safepoint "Cleanup", Time since last: 1002665793 ns, Reaching safepoint: 1142416 ns, At safepoint: 30459 ns, Total: 1172875 ns
[2022-09-04T16:11:31.350+0000][1][safepoint    ] Safepoint "Cleanup", Time since last: 1003306541 ns, Reaching safepoint: 1074125 ns, At safepoint: 26209 ns, Total: 1100334 ns
[2022-09-04T16:11:32.357+0000][1][safepoint    ] Safepoint "Cleanup", Time since last: 1006421125 ns, Reaching safepoint: 1126375 ns, At safepoint: 36292 ns, Total: 1162667 ns
[2022-09-04T16:11:33.361+0000][1][safepoint    ] Safepoint "Cleanup", Time since last: 1001918459 ns, Reaching safepoint: 1506083 ns, At safepoint: 36625 ns, Total: 1542708 ns
[2022-09-04T16:11:34.365+0000][1][safepoint    ] Safepoint "Cleanup", Time since last: 1002894209 ns, Reaching safepoint: 860375 ns, At safepoint: 21791 ns, Total: 882166 ns
[2022-09-04T16:11:35.369+0000][1][safepoint    ] Safepoint "Cleanup", Time since last: 1002871168 ns, Reaching safepoint: 1513500 ns, At safepoint: 35666 ns, Total: 1549166 ns
[2022-09-04T16:11:35.974+0000][1][safepoint    ] Safepoint "RevokeBias", Time since last: 602455001 ns, Reaching safepoint: 1839208 ns, At safepoint: 136333 ns, Total: 1975541 ns
[2022-09-04T16:11:35.977+0000][1][safepoint    ] Safepoint "RevokeBias", Time since last: 2628292 ns, Reaching safepoint: 1025708 ns, At safepoint: 100667 ns, Total: 1126375 ns
[2022-09-04T16:11:36.015+0000][1][safepoint    ] Safepoint "RevokeBias", Time since last: 36858542 ns, Reaching safepoint: 902125 ns, At safepoint: 99500 ns, Total: 1001625 ns
[2022-09-04T16:11:36.028+0000][1][safepoint    ] Safepoint "RevokeBias", Time since last: 10146833 ns, Reaching safepoint: 2172208 ns, At safepoint: 104834 ns, Total: 2277042 ns
[2022-09-04T16:11:37.030+0000][1][safepoint    ] Safepoint "Cleanup", Time since last: 1001425083 ns, Reaching safepoint: 1342167 ns, At safepoint: 22458 ns, Total: 1364625 ns
[2022-09-04T16:11:38.034+0000][1][safepoint    ] Safepoint "Cleanup", Time since last: 1002365084 ns, Reaching safepoint: 1135417 ns, At safepoint: 33917 ns, Total: 1169334 ns
[2022-09-04T16:11:39.039+0000][1][safepoint    ] Safepoint "Cleanup", Time since last: 1003133750 ns, Reaching safepoint: 1470083 ns, At safepoint: 38292 ns, Total: 1508375 ns
[2022-09-04T16:11:40.045+0000][1][safepoint    ] Safepoint "Cleanup", Time since last: 1003299917 ns, Reaching safepoint: 3404792 ns, At safepoint: 110583 ns, Total: 3515375 ns
[2022-09-04T16:11:41.052+0000][1][safepoint    ] Safepoint "Cleanup", Time since last: 1006216542 ns, Reaching safepoint: 856375 ns, At safepoint: 21792 ns, Total: 878167 ns
[2022-09-04T16:11:42.056+0000][1][safepoint    ] Safepoint "Cleanup", Time since last: 1001551417 ns, Reaching safepoint: 1718875 ns, At safepoint: 43167 ns, Total: 1762042 ns
[2022-09-04T16:11:43.062+0000][1][safepoint    ] Safepoint "Cleanup", Time since last: 1004987167 ns, Reaching safepoint: 898125 ns, At safepoint: 34333 ns, Total: 932458 ns
[2022-09-04T16:11:44.066+0000][1][safepoint    ] Safepoint "Cleanup", Time since last: 1001949042 ns, Reaching safepoint: 2768125 ns, At safepoint: 52917 ns, Total: 2821042 ns
[2022-09-04T16:11:45.074+0000][1][safepoint    ] Safepoint "Cleanup", Time since last: 1005747959 ns, Reaching safepoint: 1732250 ns, At safepoint: 206250 ns, Total: 1938500 ns
[2022-09-04T16:11:46.080+0000][1][safepoint    ] Safepoint "Cleanup", Time since last: 1004583667 ns, Reaching safepoint: 881292 ns, At safepoint: 21541 ns, Total: 902833 ns
[2022-09-04T16:11:47.083+0000][1][safepoint    ] Safepoint "Cleanup", Time since last: 1001762709 ns, Reaching safepoint: 1358500 ns, At safepoint: 40375 ns, Total: 1398875 ns
[2022-09-04T16:11:48.088+0000][1][safepoint    ] Safepoint "Cleanup", Time since last: 1004197626 ns, Reaching safepoint: 763750 ns, At safepoint: 21541 ns, Total: 785291 ns
[2022-09-04T16:11:49.091+0000][1][safepoint    ] Safepoint "Cleanup", Time since last: 1002085709 ns, Reaching safepoint: 899792 ns, At safepoint: 28125 ns, Total: 927917 ns
[2022-09-04T16:11:49.198+0000][1][safepoint    ] Safepoint "BulkRevokeBias", Time since last: 103635208 ns, Reaching safepoint: 849542 ns, At safepoint: 2726292 ns, Total: 3575834 ns
[2022-09-04T16:11:49.200+0000][1][safepoint    ] Safepoint "RevokeBias", Time since last: 1828458 ns, Reaching safepoint: 507750 ns, At safepoint: 85500 ns, Total: 593250 ns
[2022-09-04T16:11:49.219+0000][1][safepoint    ] Safepoint "RevokeBias", Time since last: 18273750 ns, Reaching safepoint: 447292 ns, At safepoint: 119458 ns, Total: 566750 ns
[2022-09-04T16:11:49.237+0000][1][safepoint    ] Safepoint "RevokeBias", Time since last: 14858458 ns, Reaching safepoint: 2386125 ns, At safepoint: 144959 ns, Total: 2531084 ns
[2022-09-04T16:11:50.240+0000][1][safepoint    ] Safepoint "Cleanup", Time since last: 1002301458 ns, Reaching safepoint: 1466834 ns, At safepoint: 40500 ns, Total: 1507334 ns
[2022-09-04T16:11:51.245+0000][1][safepoint    ] Safepoint "Cleanup", Time since last: 1003249750 ns, Reaching safepoint: 950584 ns, At safepoint: 32166 ns, Total: 982750 ns
[2022-09-04T16:11:52.248+0000][1][safepoint    ] Safepoint "Cleanup", Time since last: 1002238001 ns, Reaching safepoint: 870375 ns, At safepoint: 25958 ns, Total: 896333 ns
[2022-09-04T16:11:53.252+0000][1][safepoint    ] Safepoint "Cleanup", Time since last: 1003403376 ns, Reaching safepoint: 908875 ns, At safepoint: 21833 ns, Total: 930708 ns
[2022-09-04T16:11:54.255+0000][1][safepoint    ] Safepoint "Cleanup", Time since last: 1001936792 ns, Reaching safepoint: 1303917 ns, At safepoint: 48750 ns, Total: 1352667 ns
[2022-09-04T16:11:55.261+0000][1][safepoint    ] Safepoint "Cleanup", Time since last: 1003033167 ns, Reaching safepoint: 2587458 ns, At safepoint: 75292 ns, Total: 2662750 ns
[2022-09-04T16:11:56.271+0000][1][safepoint    ] Safepoint "Cleanup", Time since last: 1008726542 ns, Reaching safepoint: 1347292 ns, At safepoint: 29791 ns, Total: 1377083 ns
[2022-09-04T16:11:57.276+0000][1][safepoint    ] Safepoint "Cleanup", Time since last: 1002542834 ns, Reaching safepoint: 1780292 ns, At safepoint: 42208 ns, Total: 1822500 ns
[2022-09-04T16:11:58.280+0000][1][safepoint    ] Safepoint "Cleanup", Time since last: 1003723167 ns, Reaching safepoint: 893667 ns, At safepoint: 27125 ns, Total: 920792 ns
[2022-09-04T16:11:59.283+0000][1][safepoint    ] Safepoint "Cleanup", Time since last: 1002147292 ns, Reaching safepoint: 843917 ns, At safepoint: 22791 ns, Total: 866708 ns
[2022-09-04T16:12:00.052+0000][1][safepoint    ] Safepoint "RevokeBias", Time since last: 766831959 ns, Reaching safepoint: 1431625 ns, At safepoint: 218083 ns, Total: 1649708 ns
[2022-09-04T16:12:00.059+0000][1][safepoint    ] Safepoint "RevokeBias", Time since last: 5965625 ns, Reaching safepoint: 741292 ns, At safepoint: 107125 ns, Total: 848417 ns
[2022-09-04T16:12:00.144+0000][1][safepoint    ] Safepoint "RevokeBias", Time since last: 84005958 ns, Reaching safepoint: 823000 ns, At safepoint: 112209 ns, Total: 935209 ns
[2022-09-04T16:12:00.173+0000][1][safepoint    ] Safepoint "RevokeBias", Time since last: 27928250 ns, Reaching safepoint: 1328000 ns, At safepoint: 99666 ns, Total: 1427666 ns
[2022-09-04T16:12:01.175+0000][1][safepoint    ] Safepoint "Cleanup", Time since last: 1001305876 ns, Reaching safepoint: 824750 ns, At safepoint: 21958 ns, Total: 846708 ns
[2022-09-04T16:12:02.179+0000][1][safepoint    ] Safepoint "Cleanup", Time since last: 1003240709 ns, Reaching safepoint: 911500 ns, At safepoint: 25458 ns, Total: 936958 ns
[2022-09-04T16:12:03.182+0000][1][safepoint    ] Safepoint "Cleanup", Time since last: 1002247626 ns, Reaching safepoint: 1029375 ns, At safepoint: 25750 ns, Total: 1055125 ns
[2022-09-04T16:12:04.187+0000][1][safepoint    ] Safepoint "Cleanup", Time since last: 1003290125 ns, Reaching safepoint: 1271250 ns, At safepoint: 31292 ns, Total: 1302542 ns
[2022-09-04T16:12:05.191+0000][1][safepoint    ] Safepoint "Cleanup", Time since last: 1003215875 ns, Reaching safepoint: 1248292 ns, At safepoint: 42958 ns, Total: 1291250 ns
[2022-09-04T16:12:06.196+0000][1][safepoint    ] Safepoint "Cleanup", Time since last: 1003356334 ns, Reaching safepoint: 841542 ns, At safepoint: 27666 ns, Total: 869208 ns
[2022-09-04T16:12:07.200+0000][1][safepoint    ] Safepoint "Cleanup", Time since last: 1001863918 ns, Reaching safepoint: 2367875 ns, At safepoint: 66958 ns, Total: 2434833 ns
[2022-09-04T16:12:08.204+0000][1][safepoint    ] Safepoint "Cleanup", Time since last: 1003454459 ns, Reaching safepoint: 761791 ns, At safepoint: 20417 ns, Total: 782208 ns
[2022-09-04T16:12:09.207+0000][1][safepoint    ] Safepoint "Cleanup", Time since last: 1001571542 ns, Reaching safepoint: 1071083 ns, At safepoint: 19542 ns, Total: 1090625 ns
[2022-09-04T16:12:10.211+0000][1][safepoint    ] Safepoint "Cleanup", Time since last: 1002490792 ns, Reaching safepoint: 1623250 ns, At safepoint: 44167 ns, Total: 1667417 ns
[2022-09-04T16:12:11.217+0000][1][safepoint    ] Safepoint "Cleanup", Time since last: 1004852542 ns, Reaching safepoint: 772167 ns, At safepoint: 22250 ns, Total: 794417 ns
[2022-09-04T16:12:12.219+0000][1][safepoint    ] Safepoint "Cleanup", Time since last: 1002045167 ns, Reaching safepoint: 824792 ns, At safepoint: 21125 ns, Total: 845917 ns
[2022-09-04T16:12:12.858+0000][1][safepoint    ] Safepoint "RevokeBias", Time since last: 638335667 ns, Reaching safepoint: 645375 ns, At safepoint: 99666 ns, Total: 745041 ns
[2022-09-04T16:12:12.862+0000][1][safepoint    ] Safepoint "RevokeBias", Time since last: 3337334 ns, Reaching safepoint: 439583 ns, At safepoint: 92958 ns, Total: 532541 ns
[2022-09-04T16:12:12.889+0000][1][safepoint    ] Safepoint "RevokeBias", Time since last: 26024959 ns, Reaching safepoint: 754958 ns, At safepoint: 111333 ns, Total: 866291 ns
[2022-09-04T16:12:12.906+0000][1][safepoint    ] Safepoint "RevokeBias", Time since last: 14320584 ns, Reaching safepoint: 2571041 ns, At safepoint: 162584 ns, Total: 2733625 ns
[2022-09-04T16:12:13.910+0000][1][safepoint    ] Safepoint "Cleanup", Time since last: 1002050125 ns, Reaching safepoint: 1471625 ns, At safepoint: 49458 ns, Total: 1521083 ns
[2022-09-04T16:12:14.915+0000][1][safepoint    ] Safepoint "Cleanup", Time since last: 1002118584 ns, Reaching safepoint: 3182584 ns, At safepoint: 105333 ns, Total: 3287917 ns
[2022-09-04T16:12:15.925+0000][1][safepoint    ] Safepoint "Cleanup", Time since last: 1005646334 ns, Reaching safepoint: 3354250 ns, At safepoint: 604375 ns, Total: 3958625 ns
[2022-09-04T16:12:16.146+0000][1][gc,start     ] GC(30) Pause Young (Allocation Failure)
[2022-09-04T16:12:16.151+0000][1][gc,task      ] GC(30) Using 4 workers of 4 for evacuation
[2022-09-04T16:12:16.200+0000][1][gc,age       ] GC(30) Desired survivor size 8945664 bytes, new threshold 6 (max threshold 6)
[2022-09-04T16:12:16.202+0000][1][gc,age       ] GC(30) Age table with threshold 6 (max threshold 6)
[2022-09-04T16:12:16.203+0000][1][gc,age       ] GC(30) - age   1:       9184 bytes,       9184 total
[2022-09-04T16:12:16.205+0000][1][gc,age       ] GC(30) - age   2:      16104 bytes,      25288 total
[2022-09-04T16:12:16.206+0000][1][gc,age       ] GC(30) - age   3:     126776 bytes,     152064 total
[2022-09-04T16:12:16.207+0000][1][gc,age       ] GC(30) - age   4:     316792 bytes,     468856 total
[2022-09-04T16:12:16.208+0000][1][gc,age       ] GC(30) - age   5:      79328 bytes,     548184 total
[2022-09-04T16:12:16.209+0000][1][gc,age       ] GC(30) - age   6:      11600 bytes,     559784 total
[2022-09-04T16:12:16.212+0000][1][gc,heap      ] GC(30) ParNew: 140543K->746K(157248K)
[2022-09-04T16:12:16.213+0000][1][gc,heap      ] GC(30) CMS: 67026K->67098K(349568K)
[2022-09-04T16:12:16.214+0000][1][gc,metaspace ] GC(30) Metaspace: 84507K->84507K(1126400K)
[2022-09-04T16:12:16.217+0000][1][gc           ] GC(30) Pause Young (Allocation Failure) 202M->66M(494M) 71.027ms
[2022-09-04T16:12:16.218+0000][1][gc,cpu       ] GC(30) User=0.09s Sys=0.04s Real=0.07s
[2022-09-04T16:12:16.219+0000][1][safepoint    ] Safepoint "GenCollectForAllocation", Time since last: 218389750 ns, Reaching safepoint: 1570791 ns, At safepoint: 74330042 ns, Total: 75900833 ns
[2022-09-04T16:12:17.223+0000][1][safepoint    ] Safepoint "Cleanup", Time since last: 1001177417 ns, Reaching safepoint: 2390875 ns, At safepoint: 55417 ns, Total: 2446292 ns
[2022-09-04T16:12:18.227+0000][1][safepoint    ] Safepoint "Cleanup", Time since last: 1003432500 ns, Reaching safepoint: 878584 ns, At safepoint: 23791 ns, Total: 902375 ns
[2022-09-04T16:12:19.231+0000][1][safepoint    ] Safepoint "Cleanup", Time since last: 1003016418 ns, Reaching safepoint: 1085458 ns, At safepoint: 30250 ns, Total: 1115708 ns
[2022-09-04T16:12:20.234+0000][1][safepoint    ] Safepoint "Cleanup", Time since last: 1001703542 ns, Reaching safepoint: 814125 ns, At safepoint: 22500 ns, Total: 836625 ns
[2022-09-04T16:12:21.236+0000][1][safepoint    ] Safepoint "Cleanup", Time since last: 1001647334 ns, Reaching safepoint: 927583 ns, At safepoint: 35000 ns, Total: 962583 ns
[2022-09-04T16:12:22.244+0000][1][safepoint    ] Safepoint "Cleanup", Time since last: 1002865542 ns, Reaching safepoint: 4803042 ns, At safepoint: 269375 ns, Total: 5072417 ns
[2022-09-04T16:12:23.250+0000][1][safepoint    ] Safepoint "Cleanup", Time since last: 1005148334 ns, Reaching safepoint: 958333 ns, At safepoint: 25834 ns, Total: 984167 ns
[2022-09-04T16:12:24.256+0000][1][safepoint    ] Safepoint "Cleanup", Time since last: 1003671083 ns, Reaching safepoint: 1476375 ns, At safepoint: 90417 ns, Total: 1566792 ns
[2022-09-04T16:12:25.262+0000][1][safepoint    ] Safepoint "Cleanup", Time since last: 1004007667 ns, Reaching safepoint: 2370042 ns, At safepoint: 80541 ns, Total: 2450583 ns
[2022-09-04T16:12:26.268+0000][1][safepoint    ] Safepoint "Cleanup", Time since last: 1004688709 ns, Reaching safepoint: 1035792 ns, At safepoint: 36792 ns, Total: 1072584 ns
[2022-09-04T16:12:27.276+0000][1][safepoint    ] Safepoint "Cleanup", Time since last: 1003672542 ns, Reaching safepoint: 4517083 ns, At safepoint: 164833 ns, Total: 4681916 ns
[2022-09-04T16:12:28.284+0000][1][safepoint    ] Safepoint "Cleanup", Time since last: 1005884084 ns, Reaching safepoint: 1426084 ns, At safepoint: 97000 ns, Total: 1523084 ns
[2022-09-04T16:12:29.288+0000][1][safepoint    ] Safepoint "Cleanup", Time since last: 1002709625 ns, Reaching safepoint: 1873125 ns, At safepoint: 41792 ns, Total: 1914917 ns
[2022-09-04T16:12:30.270+0000][1][safepoint    ] Safepoint "RevokeBias", Time since last: 980247375 ns, Reaching safepoint: 918875 ns, At safepoint: 233084 ns, Total: 1151959 ns
[2022-09-04T16:12:30.274+0000][1][safepoint    ] Safepoint "RevokeBias", Time since last: 3733333 ns, Reaching safepoint: 620792 ns, At safepoint: 97791 ns, Total: 718583 ns
[2022-09-04T16:12:30.290+0000][1][safepoint    ] Safepoint "RevokeBias", Time since last: 14771292 ns, Reaching safepoint: 895917 ns, At safepoint: 106041 ns, Total: 1001958 ns
[2022-09-04T16:12:30.312+0000][1][safepoint    ] Safepoint "RevokeBias", Time since last: 20813375 ns, Reaching safepoint: 710625 ns, At safepoint: 152959 ns, Total: 863584 ns
[2022-09-04T16:12:30.346+0000][1][safepoint    ] Safepoint "RevokeBias", Time since last: 33193375 ns, Reaching safepoint: 1557166 ns, At safepoint: 111500 ns, Total: 1668666 ns
[2022-09-04T16:12:31.350+0000][1][safepoint    ] Safepoint "Cleanup", Time since last: 1002717833 ns, Reaching safepoint: 769083 ns, At safepoint: 21500 ns, Total: 790583 ns
[2022-09-04T16:12:32.352+0000][1][safepoint    ] Safepoint "Cleanup", Time since last: 1001363043 ns, Reaching safepoint: 1080833 ns, At safepoint: 28708 ns, Total: 1109541 ns
[2022-09-04T16:12:33.358+0000][1][safepoint    ] Safepoint "Cleanup", Time since last: 1004363876 ns, Reaching safepoint: 1035958 ns, At safepoint: 38000 ns, Total: 1073958 ns
[2022-09-04T16:12:34.362+0000][1][safepoint    ] Safepoint "Cleanup", Time since last: 1002447209 ns, Reaching safepoint: 1085416 ns, At safepoint: 48792 ns, Total: 1134208 ns
[2022-09-04T16:12:35.364+0000][1][safepoint    ] Safepoint "Cleanup", Time since last: 1001574126 ns, Reaching safepoint: 781750 ns, At safepoint: 20666 ns, Total: 802416 ns
[2022-09-04T16:12:36.367+0000][1][safepoint    ] Safepoint "Cleanup", Time since last: 1002291084 ns, Reaching safepoint: 1112958 ns, At safepoint: 25250 ns, Total: 1138208 ns
[2022-09-04T16:12:37.370+0000][1][safepoint    ] Safepoint "Cleanup", Time since last: 1001598751 ns, Reaching safepoint: 1269458 ns, At safepoint: 18375 ns, Total: 1287833 ns
[2022-09-04T16:12:38.374+0000][1][safepoint    ] Safepoint "Cleanup", Time since last: 1002324709 ns, Reaching safepoint: 1013167 ns, At safepoint: 28708 ns, Total: 1041875 ns
[2022-09-04T16:12:39.381+0000][1][safepoint    ] Safepoint "Cleanup", Time since last: 1005953876 ns, Reaching safepoint: 1313958 ns, At safepoint: 31000 ns, Total: 1344958 ns
[2022-09-04T16:12:40.385+0000][1][safepoint    ] Safepoint "Cleanup", Time since last: 1002969500 ns, Reaching safepoint: 999792 ns, At safepoint: 32542 ns, Total: 1032334 ns
[2022-09-04T16:12:41.389+0000][1][safepoint    ] Safepoint "Cleanup", Time since last: 1003047125 ns, Reaching safepoint: 837292 ns, At safepoint: 40292 ns, Total: 877584 ns
[2022-09-04T16:12:42.395+0000][1][safepoint    ] Safepoint "Cleanup", Time since last: 1003187833 ns, Reaching safepoint: 2786625 ns, At safepoint: 73042 ns, Total: 2859667 ns
[2022-09-04T16:12:43.402+0000][1][safepoint    ] Safepoint "Cleanup", Time since last: 1006224834 ns, Reaching safepoint: 856916 ns, At safepoint: 23250 ns, Total: 880166 ns
[2022-09-04T16:12:44.406+0000][1][safepoint    ] Safepoint "Cleanup", Time since last: 1003010626 ns, Reaching safepoint: 889333 ns, At safepoint: 23542 ns, Total: 912875 ns
[2022-09-04T16:12:44.769+0000][1][safepoint    ] Safepoint "RevokeBias", Time since last: 362044750 ns, Reaching safepoint: 690292 ns, At safepoint: 157458 ns, Total: 847750 ns
[2022-09-04T16:12:44.772+0000][1][safepoint    ] Safepoint "RevokeBias", Time since last: 2475875 ns, Reaching safepoint: 582125 ns, At safepoint: 98667 ns, Total: 680792 ns
[2022-09-04T16:12:44.795+0000][1][safepoint    ] Safepoint "RevokeBias", Time since last: 21679166 ns, Reaching safepoint: 933375 ns, At safepoint: 191542 ns, Total: 1124917 ns
[2022-09-04T16:12:44.804+0000][1][safepoint    ] Safepoint "RevokeBias", Time since last: 8224375 ns, Reaching safepoint: 1369042 ns, At safepoint: 123208 ns, Total: 1492250 ns
[2022-09-04T16:12:45.813+0000][1][safepoint    ] Safepoint "Cleanup", Time since last: 1007938376 ns, Reaching safepoint: 1023250 ns, At safepoint: 24875 ns, Total: 1048125 ns
[2022-09-04T16:12:46.818+0000][1][safepoint    ] Safepoint "Cleanup", Time since last: 1002004500 ns, Reaching safepoint: 2332750 ns, At safepoint: 76083 ns, Total: 2408833 ns
[2022-09-04T16:12:47.838+0000][1][safepoint    ] Safepoint "Cleanup", Time since last: 1019220168 ns, Reaching safepoint: 903458 ns, At safepoint: 22625 ns, Total: 926083 ns
[2022-09-04T16:12:48.841+0000][1][safepoint    ] Safepoint "Cleanup", Time since last: 1001872917 ns, Reaching safepoint: 884292 ns, At safepoint: 22250 ns, Total: 906542 ns
[2022-09-04T16:12:49.844+0000][1][safepoint    ] Safepoint "Cleanup", Time since last: 1002732834 ns, Reaching safepoint: 903541 ns, At safepoint: 22459 ns, Total: 926000 ns
[2022-09-04T16:12:50.849+0000][1][safepoint    ] Safepoint "Cleanup", Time since last: 1003187667 ns, Reaching safepoint: 1364416 ns, At safepoint: 32000 ns, Total: 1396416 ns
[2022-09-04T16:12:51.852+0000][1][safepoint    ] Safepoint "Cleanup", Time since last: 1002051626 ns, Reaching safepoint: 1382875 ns, At safepoint: 37083 ns, Total: 1419958 ns
[2022-09-04T16:12:52.857+0000][1][safepoint    ] Safepoint "Cleanup", Time since last: 1003826667 ns, Reaching safepoint: 1008625 ns, At safepoint: 28875 ns, Total: 1037500 ns
[2022-09-04T16:12:53.860+0000][1][safepoint    ] Safepoint "Cleanup", Time since last: 1001386917 ns, Reaching safepoint: 894834 ns, At safepoint: 174875 ns, Total: 1069709 ns
[2022-09-04T16:12:54.863+0000][1][safepoint    ] Safepoint "Cleanup", Time since last: 1002539584 ns, Reaching safepoint: 911083 ns, At safepoint: 26042 ns, Total: 937125 ns
[2022-09-04T16:12:55.866+0000][1][safepoint    ] Safepoint "Cleanup", Time since last: 1001812833 ns, Reaching safepoint: 1358250 ns, At safepoint: 34459 ns, Total: 1392709 ns
[2022-09-04T16:12:56.870+0000][1][safepoint    ] Safepoint "Cleanup", Time since last: 1002119625 ns, Reaching safepoint: 1397792 ns, At safepoint: 33875 ns, Total: 1431667 ns
[2022-09-04T16:12:57.875+0000][1][safepoint    ] Safepoint "Cleanup", Time since last: 1003034542 ns, Reaching safepoint: 1870083 ns, At safepoint: 41959 ns, Total: 1912042 ns
[2022-09-04T16:12:58.810+0000][1][safepoint    ] Safepoint "RevokeBias", Time since last: 933667625 ns, Reaching safepoint: 1172875 ns, At safepoint: 141458 ns, Total: 1314333 ns
[2022-09-04T16:12:58.818+0000][1][safepoint    ] Safepoint "BulkRevokeBias", Time since last: 3234709 ns, Reaching safepoint: 666833 ns, At safepoint: 3776958 ns, Total: 4443791 ns
[2022-09-04T16:12:58.871+0000][1][safepoint    ] Safepoint "RevokeBias", Time since last: 51696626 ns, Reaching safepoint: 1971416 ns, At safepoint: 153209 ns, Total: 2124625 ns
[2022-09-04T16:12:58.893+0000][1][safepoint    ] Safepoint "RevokeBias", Time since last: 16344083 ns, Reaching safepoint: 4839667 ns, At safepoint: 546708 ns, Total: 5386375 ns
[2022-09-04T16:12:59.897+0000][1][safepoint    ] Safepoint "Cleanup", Time since last: 1002504042 ns, Reaching safepoint: 833250 ns, At safepoint: 21917 ns, Total: 855167 ns
[2022-09-04T16:13:00.902+0000][1][safepoint    ] Safepoint "Cleanup", Time since last: 1004005499 ns, Reaching safepoint: 1369042 ns, At safepoint: 38667 ns, Total: 1407709 ns
[2022-09-04T16:13:01.905+0000][1][safepoint    ] Safepoint "Cleanup", Time since last: 1002506667 ns, Reaching safepoint: 871458 ns, At safepoint: 23833 ns, Total: 895291 ns
[2022-09-04T16:13:02.908+0000][1][safepoint    ] Safepoint "Cleanup", Time since last: 1001635334 ns, Reaching safepoint: 896458 ns, At safepoint: 24792 ns, Total: 921250 ns
[2022-09-04T16:13:03.911+0000][1][safepoint    ] Safepoint "Cleanup", Time since last: 1002678292 ns, Reaching safepoint: 1044875 ns, At safepoint: 78209 ns, Total: 1123084 ns
[2022-09-04T16:13:04.915+0000][1][safepoint    ] Safepoint "Cleanup", Time since last: 1002811667 ns, Reaching safepoint: 878708 ns, At safepoint: 22500 ns, Total: 901208 ns
[2022-09-04T16:13:05.918+0000][1][safepoint    ] Safepoint "Cleanup", Time since last: 1001657459 ns, Reaching safepoint: 1021208 ns, At safepoint: 25625 ns, Total: 1046833 ns
[2022-09-04T16:13:06.921+0000][1][safepoint    ] Safepoint "Cleanup", Time since last: 1002509584 ns, Reaching safepoint: 1120083 ns, At safepoint: 29500 ns, Total: 1149583 ns
[2022-09-04T16:13:07.926+0000][1][safepoint    ] Safepoint "Cleanup", Time since last: 1002001418 ns, Reaching safepoint: 1978333 ns, At safepoint: 51667 ns, Total: 2030000 ns
[2022-09-04T16:13:08.932+0000][1][safepoint    ] Safepoint "Cleanup", Time since last: 1005482958 ns, Reaching safepoint: 926042 ns, At safepoint: 25125 ns, Total: 951167 ns
[2022-09-04T16:13:09.936+0000][1][safepoint    ] Safepoint "Cleanup", Time since last: 1002942709 ns, Reaching safepoint: 1425500 ns, At safepoint: 83458 ns, Total: 1508958 ns
[2022-09-04T16:13:10.940+0000][1][safepoint    ] Safepoint "Cleanup", Time since last: 1002865751 ns, Reaching safepoint: 855125 ns, At safepoint: 23791 ns, Total: 878916 ns
[2022-09-04T16:13:11.943+0000][1][safepoint    ] Safepoint "Cleanup", Time since last: 1001906917 ns, Reaching safepoint: 1085125 ns, At safepoint: 33875 ns, Total: 1119000 ns
[2022-09-04T16:13:12.947+0000][1][safepoint    ] Safepoint "Cleanup", Time since last: 1002501918 ns, Reaching safepoint: 991208 ns, At safepoint: 25083 ns, Total: 1016291 ns
[2022-09-04T16:13:13.950+0000][1][safepoint    ] Safepoint "Cleanup", Time since last: 1002080292 ns, Reaching safepoint: 1325542 ns, At safepoint: 32000 ns, Total: 1357542 ns
[2022-09-04T16:13:14.954+0000][1][safepoint    ] Safepoint "Cleanup", Time since last: 1002646959 ns, Reaching safepoint: 1212333 ns, At safepoint: 26417 ns, Total: 1238750 ns
[2022-09-04T16:13:15.961+0000][1][safepoint    ] Safepoint "Cleanup", Time since last: 1003507167 ns, Reaching safepoint: 2951667 ns, At safepoint: 69166 ns, Total: 3020833 ns
[2022-09-04T16:13:16.978+0000][1][safepoint    ] Safepoint "Cleanup", Time since last: 1015919168 ns, Reaching safepoint: 1281958 ns, At safepoint: 27792 ns, Total: 1309750 ns
[2022-09-04T16:13:17.983+0000][1][safepoint    ] Safepoint "Cleanup", Time since last: 1004114667 ns, Reaching safepoint: 1388250 ns, At safepoint: 33541 ns, Total: 1421791 ns
[2022-09-04T16:13:18.987+0000][1][safepoint    ] Safepoint "Cleanup", Time since last: 1002535167 ns, Reaching safepoint: 814167 ns, At safepoint: 21750 ns, Total: 835917 ns
[2022-09-04T16:13:19.992+0000][1][safepoint    ] Safepoint "Cleanup", Time since last: 1003432251 ns, Reaching safepoint: 1482833 ns, At safepoint: 39875 ns, Total: 1522708 ns
[2022-09-04T16:13:20.996+0000][1][safepoint    ] Safepoint "Cleanup", Time since last: 1002535125 ns, Reaching safepoint: 1953750 ns, At safepoint: 51084 ns, Total: 2004834 ns
[2022-09-04T16:13:22.002+0000][1][safepoint    ] Safepoint "Cleanup", Time since last: 1003538000 ns, Reaching safepoint: 1999084 ns, At safepoint: 77666 ns, Total: 2076750 ns
[2022-09-04T16:13:23.007+0000][1][safepoint    ] Safepoint "Cleanup", Time since last: 1003497959 ns, Reaching safepoint: 1242333 ns, At safepoint: 33959 ns, Total: 1276292 ns
[2022-09-04T16:13:24.019+0000][1][safepoint    ] Safepoint "Cleanup", Time since last: 1008286459 ns, Reaching safepoint: 3625125 ns, At safepoint: 94666 ns, Total: 3719791 ns
[2022-09-04T16:13:25.030+0000][1][safepoint    ] Safepoint "Cleanup", Time since last: 1009301251 ns, Reaching safepoint: 1611458 ns, At safepoint: 50667 ns, Total: 1662125 ns
[2022-09-04T16:13:26.036+0000][1][safepoint    ] Safepoint "Cleanup", Time since last: 1003537458 ns, Reaching safepoint: 2811125 ns, At safepoint: 82917 ns, Total: 2894042 ns
[2022-09-04T16:13:27.042+0000][1][safepoint    ] Safepoint "Cleanup", Time since last: 1003982042 ns, Reaching safepoint: 2038917 ns, At safepoint: 63250 ns, Total: 2102167 ns
[2022-09-04T16:13:28.047+0000][1][safepoint    ] Safepoint "Cleanup", Time since last: 1003814334 ns, Reaching safepoint: 923916 ns, At safepoint: 30959 ns, Total: 954875 ns
[2022-09-04T16:13:29.051+0000][1][safepoint    ] Safepoint "Cleanup", Time since last: 1002045709 ns, Reaching safepoint: 2182583 ns, At safepoint: 77042 ns, Total: 2259625 ns
[2022-09-04T16:13:30.057+0000][1][safepoint    ] Safepoint "Cleanup", Time since last: 1003091417 ns, Reaching safepoint: 2640000 ns, At safepoint: 72833 ns, Total: 2712833 ns
[2022-09-04T16:13:31.062+0000][1][safepoint    ] Safepoint "Cleanup", Time since last: 1004043167 ns, Reaching safepoint: 968250 ns, At safepoint: 42000 ns, Total: 1010250 ns
[2022-09-04T16:13:32.068+0000][1][safepoint    ] Safepoint "Cleanup", Time since last: 1002182167 ns, Reaching safepoint: 3739667 ns, At safepoint: 63500 ns, Total: 3803167 ns
[2022-09-04T16:13:33.073+0000][1][safepoint    ] Safepoint "Cleanup", Time since last: 1004268667 ns, Reaching safepoint: 961292 ns, At safepoint: 30291 ns, Total: 991583 ns
[2022-09-04T16:13:34.077+0000][1][safepoint    ] Safepoint "Cleanup", Time since last: 1002794417 ns, Reaching safepoint: 1052292 ns, At safepoint: 27500 ns, Total: 1079792 ns
[2022-09-04T16:13:35.080+0000][1][safepoint    ] Safepoint "Cleanup", Time since last: 1001734667 ns, Reaching safepoint: 942542 ns, At safepoint: 27875 ns, Total: 970417 ns
[2022-09-04T16:13:36.084+0000][1][safepoint    ] Safepoint "Cleanup", Time since last: 1003426000 ns, Reaching safepoint: 1138250 ns, At safepoint: 25417 ns, Total: 1163667 ns
[2022-09-04T16:13:37.088+0000][1][safepoint    ] Safepoint "Cleanup", Time since last: 1002520959 ns, Reaching safepoint: 1481333 ns, At safepoint: 36958 ns, Total: 1518291 ns
[2022-09-04T16:13:38.092+0000][1][safepoint    ] Safepoint "Cleanup", Time since last: 1002436209 ns, Reaching safepoint: 832417 ns, At safepoint: 21375 ns, Total: 853792 ns
[2022-09-04T16:13:39.095+0000][1][safepoint    ] Safepoint "Cleanup", Time since last: 1001542792 ns, Reaching safepoint: 1539125 ns, At safepoint: 40875 ns, Total: 1580000 ns
[2022-09-04T16:13:40.099+0000][1][safepoint    ] Safepoint "Cleanup", Time since last: 1002675001 ns, Reaching safepoint: 1245583 ns, At safepoint: 42417 ns, Total: 1288000 ns
[2022-09-04T16:13:41.107+0000][1][safepoint    ] Safepoint "Cleanup", Time since last: 1005687375 ns, Reaching safepoint: 2455083 ns, At safepoint: 94792 ns, Total: 2549875 ns
[2022-09-04T16:13:42.111+0000][1][safepoint    ] Safepoint "Cleanup", Time since last: 1002811959 ns, Reaching safepoint: 1298042 ns, At safepoint: 33416 ns, Total: 1331458 ns
[2022-09-04T16:13:43.129+0000][1][safepoint    ] Safepoint "Cleanup", Time since last: 1017412584 ns, Reaching safepoint: 807167 ns, At safepoint: 23291 ns, Total: 830458 ns
[2022-09-04T16:13:44.133+0000][1][safepoint    ] Safepoint "Cleanup", Time since last: 1001961084 ns, Reaching safepoint: 1333583 ns, At safepoint: 41834 ns, Total: 1375417 ns
[2022-09-04T16:13:45.140+0000][1][safepoint    ] Safepoint "Cleanup", Time since last: 1003091125 ns, Reaching safepoint: 3716792 ns, At safepoint: 98458 ns, Total: 3815250 ns
[2022-09-04T16:13:46.145+0000][1][safepoint    ] Safepoint "Cleanup", Time since last: 1004537751 ns, Reaching safepoint: 1210291 ns, At safepoint: 27042 ns, Total: 1237333 ns
[2022-09-04T16:13:47.152+0000][1][safepoint    ] Safepoint "Cleanup", Time since last: 1002513917 ns, Reaching safepoint: 4250625 ns, At safepoint: 112709 ns, Total: 4363334 ns
[2022-09-04T16:13:48.163+0000][1][safepoint    ] Safepoint "Cleanup", Time since last: 1010064458 ns, Reaching safepoint: 775500 ns, At safepoint: 21417 ns, Total: 796917 ns
[2022-09-04T16:13:49.167+0000][1][safepoint    ] Safepoint "Cleanup", Time since last: 1002464584 ns, Reaching safepoint: 1208417 ns, At safepoint: 29875 ns, Total: 1238292 ns
[2022-09-04T16:13:50.172+0000][1][safepoint    ] Safepoint "Cleanup", Time since last: 1004067042 ns, Reaching safepoint: 1272291 ns, At safepoint: 27792 ns, Total: 1300083 ns
[2022-09-04T16:13:51.176+0000][1][safepoint    ] Safepoint "Cleanup", Time since last: 1001997292 ns, Reaching safepoint: 1969042 ns, At safepoint: 49375 ns, Total: 2018417 ns
[2022-09-04T16:13:52.182+0000][1][safepoint    ] Safepoint "Cleanup", Time since last: 1004386750 ns, Reaching safepoint: 1370667 ns, At safepoint: 40667 ns, Total: 1411334 ns
[2022-09-04T16:13:53.186+0000][1][safepoint    ] Safepoint "Cleanup", Time since last: 1002803167 ns, Reaching safepoint: 969375 ns, At safepoint: 19416 ns, Total: 988791 ns
[2022-09-04T16:13:54.188+0000][1][safepoint    ] Safepoint "Cleanup", Time since last: 1001910126 ns, Reaching safepoint: 810208 ns, At safepoint: 22542 ns, Total: 832750 ns
[2022-09-04T16:13:55.195+0000][1][safepoint    ] Safepoint "Cleanup", Time since last: 1003831375 ns, Reaching safepoint: 2421542 ns, At safepoint: 66625 ns, Total: 2488167 ns
[2022-09-04T16:13:56.199+0000][1][safepoint    ] Safepoint "Cleanup", Time since last: 1003226667 ns, Reaching safepoint: 905292 ns, At safepoint: 26333 ns, Total: 931625 ns
[2022-09-04T16:13:57.202+0000][1][safepoint    ] Safepoint "Cleanup", Time since last: 1001360251 ns, Reaching safepoint: 1814333 ns, At safepoint: 50625 ns, Total: 1864958 ns
[2022-09-04T16:13:58.209+0000][1][safepoint    ] Safepoint "Cleanup", Time since last: 1005630376 ns, Reaching safepoint: 998875 ns, At safepoint: 27125 ns, Total: 1026000 ns
[2022-09-04T16:13:59.212+0000][1][safepoint    ] Safepoint "Cleanup", Time since last: 1001959458 ns, Reaching safepoint: 1307584 ns, At safepoint: 35291 ns, Total: 1342875 ns
[2022-09-04T16:14:00.216+0000][1][safepoint    ] Safepoint "Cleanup", Time since last: 1002658126 ns, Reaching safepoint: 1384041 ns, At safepoint: 74375 ns, Total: 1458416 ns
[2022-09-04T16:14:01.224+0000][1][safepoint    ] Safepoint "Cleanup", Time since last: 1006216250 ns, Reaching safepoint: 1310500 ns, At safepoint: 34042 ns, Total: 1344542 ns
[2022-09-04T16:14:02.229+0000][1][safepoint    ] Safepoint "Cleanup", Time since last: 1003098750 ns, Reaching safepoint: 1978750 ns, At safepoint: 50834 ns, Total: 2029584 ns
[2022-09-04T16:14:03.234+0000][1][safepoint    ] Safepoint "Cleanup", Time since last: 1003502542 ns, Reaching safepoint: 1496625 ns, At safepoint: 37500 ns, Total: 1534125 ns
[2022-09-04T16:14:04.238+0000][1][safepoint    ] Safepoint "Cleanup", Time since last: 1002333834 ns, Reaching safepoint: 1780625 ns, At safepoint: 48916 ns, Total: 1829541 ns
[2022-09-04T16:14:05.243+0000][1][safepoint    ] Safepoint "Cleanup", Time since last: 1002583793 ns, Reaching safepoint: 2222625 ns, At safepoint: 67041 ns, Total: 2289666 ns
[2022-09-04T16:14:06.251+0000][1][safepoint    ] Safepoint "Cleanup", Time since last: 1007616417 ns, Reaching safepoint: 938167 ns, At safepoint: 24958 ns, Total: 963125 ns
[2022-09-04T16:14:07.255+0000][1][safepoint    ] Safepoint "Cleanup", Time since last: 1001878584 ns, Reaching safepoint: 2117959 ns, At safepoint: 67041 ns, Total: 2185000 ns
[2022-09-04T16:14:08.260+0000][1][safepoint    ] Safepoint "Cleanup", Time since last: 1003635126 ns, Reaching safepoint: 890666 ns, At safepoint: 24209 ns, Total: 914875 ns
[2022-09-04T16:14:09.265+0000][1][safepoint    ] Safepoint "Cleanup", Time since last: 1001918667 ns, Reaching safepoint: 2587666 ns, At safepoint: 75709 ns, Total: 2663375 ns
[2022-09-04T16:14:10.273+0000][1][safepoint    ] Safepoint "Cleanup", Time since last: 1005261125 ns, Reaching safepoint: 3010250 ns, At safepoint: 90167 ns, Total: 3100417 ns
[2022-09-04T16:14:11.284+0000][1][safepoint    ] Safepoint "Cleanup", Time since last: 1009811292 ns, Reaching safepoint: 1066750 ns, At safepoint: 30833 ns, Total: 1097583 ns
[2022-09-04T16:14:12.289+0000][1][safepoint    ] Safepoint "Cleanup", Time since last: 1001782584 ns, Reaching safepoint: 3198875 ns, At safepoint: 96209 ns, Total: 3295084 ns
[2022-09-04T16:14:13.296+0000][1][safepoint    ] Safepoint "Cleanup", Time since last: 1005868083 ns, Reaching safepoint: 922417 ns, At safepoint: 24083 ns, Total: 946500 ns
[2022-09-04T16:14:14.299+0000][1][safepoint    ] Safepoint "Cleanup", Time since last: 1001872084 ns, Reaching safepoint: 1027667 ns, At safepoint: 21542 ns, Total: 1049209 ns
[2022-09-04T16:14:15.301+0000][1][safepoint    ] Safepoint "Cleanup", Time since last: 1001769292 ns, Reaching safepoint: 1002166 ns, At safepoint: 31917 ns, Total: 1034083 ns
[2022-09-04T16:14:16.306+0000][1][safepoint    ] Safepoint "Cleanup", Time since last: 1003392042 ns, Reaching safepoint: 871667 ns, At safepoint: 22792 ns, Total: 894459 ns
[2022-09-04T16:14:17.309+0000][1][safepoint    ] Safepoint "Cleanup", Time since last: 1001830875 ns, Reaching safepoint: 1078333 ns, At safepoint: 28709 ns, Total: 1107042 ns
[2022-09-04T16:14:18.313+0000][1][safepoint    ] Safepoint "Cleanup", Time since last: 1003481458 ns, Reaching safepoint: 1010042 ns, At safepoint: 24958 ns, Total: 1035000 ns
[2022-09-04T16:14:19.317+0000][1][safepoint    ] Safepoint "Cleanup", Time since last: 1002702584 ns, Reaching safepoint: 1037584 ns, At safepoint: 22333 ns, Total: 1059917 ns
[2022-09-04T16:14:20.321+0000][1][safepoint    ] Safepoint "Cleanup", Time since last: 1002892584 ns, Reaching safepoint: 1509916 ns, At safepoint: 38667 ns, Total: 1548583 ns
[2022-09-04T16:14:21.328+0000][1][safepoint    ] Safepoint "Cleanup", Time since last: 1005143209 ns, Reaching safepoint: 1232250 ns, At safepoint: 33042 ns, Total: 1265292 ns
[2022-09-04T16:14:22.332+0000][1][safepoint    ] Safepoint "Cleanup", Time since last: 1003230583 ns, Reaching safepoint: 807125 ns, At safepoint: 24500 ns, Total: 831625 ns
[2022-09-04T16:14:23.354+0000][1][safepoint    ] Safepoint "RevokeBias", Time since last: 1018318876 ns, Reaching safepoint: 3636083 ns, At safepoint: 128875 ns, Total: 3764958 ns
[2022-09-04T16:14:23.377+0000][1][safepoint    ] Safepoint "RevokeBias", Time since last: 21659875 ns, Reaching safepoint: 1176667 ns, At safepoint: 142417 ns, Total: 1319084 ns
[2022-09-04T16:14:24.384+0000][1][safepoint    ] Safepoint "Cleanup", Time since last: 1005100125 ns, Reaching safepoint: 1619833 ns, At safepoint: 40834 ns, Total: 1660667 ns
[2022-09-04T16:14:25.387+0000][1][safepoint    ] Safepoint "Cleanup", Time since last: 1002335209 ns, Reaching safepoint: 1345208 ns, At safepoint: 55833 ns, Total: 1401041 ns
[2022-09-04T16:14:26.391+0000][1][safepoint    ] Safepoint "Cleanup", Time since last: 1002955376 ns, Reaching safepoint: 825708 ns, At safepoint: 22000 ns, Total: 847708 ns
[2022-09-04T16:14:27.394+0000][1][safepoint    ] Safepoint "Cleanup", Time since last: 1001576084 ns, Reaching safepoint: 990791 ns, At safepoint: 24584 ns, Total: 1015375 ns
[2022-09-04T16:14:28.400+0000][1][safepoint    ] Safepoint "Cleanup", Time since last: 1004294334 ns, Reaching safepoint: 1533708 ns, At safepoint: 39417 ns, Total: 1573125 ns
[2022-09-04T16:14:29.407+0000][1][safepoint    ] Safepoint "Cleanup", Time since last: 1003963500 ns, Reaching safepoint: 3122167 ns, At safepoint: 109666 ns, Total: 3231833 ns
[2022-09-04T16:14:30.412+0000][1][safepoint    ] Safepoint "Cleanup", Time since last: 1003873501 ns, Reaching safepoint: 1410625 ns, At safepoint: 46375 ns, Total: 1457000 ns
[2022-09-04T16:14:31.417+0000][1][safepoint    ] Safepoint "Cleanup", Time since last: 1004205292 ns, Reaching safepoint: 1113666 ns, At safepoint: 25750 ns, Total: 1139416 ns
[2022-09-04T16:14:32.420+0000][1][safepoint    ] Safepoint "Cleanup", Time since last: 1001649751 ns, Reaching safepoint: 919500 ns, At safepoint: 31583 ns, Total: 951083 ns
[2022-09-04T16:14:32.505+0000][1][safepoint    ] Safepoint "RevokeBias", Time since last: 83458750 ns, Reaching safepoint: 1512167 ns, At safepoint: 154625 ns, Total: 1666792 ns
[2022-09-04T16:14:32.522+0000][1][safepoint    ] Safepoint "RevokeBias", Time since last: 16212333 ns, Reaching safepoint: 826125 ns, At safepoint: 115125 ns, Total: 941250 ns
[2022-09-04T16:14:32.633+0000][1][safepoint    ] Safepoint "RevokeBias", Time since last: 109998417 ns, Reaching safepoint: 744750 ns, At safepoint: 98583 ns, Total: 843333 ns
[2022-09-04T16:14:32.662+0000][1][safepoint    ] Safepoint "RevokeBias", Time since last: 27954834 ns, Reaching safepoint: 968291 ns, At safepoint: 93584 ns, Total: 1061875 ns
[2022-09-04T16:14:33.667+0000][1][safepoint    ] Safepoint "Cleanup", Time since last: 1004197167 ns, Reaching safepoint: 847000 ns, At safepoint: 30458 ns, Total: 877458 ns
[2022-09-04T16:14:34.671+0000][1][safepoint    ] Safepoint "Cleanup", Time since last: 1001758459 ns, Reaching safepoint: 2241792 ns, At safepoint: 54166 ns, Total: 2295958 ns
[2022-09-04T16:14:35.679+0000][1][safepoint    ] Safepoint "Cleanup", Time since last: 1006449167 ns, Reaching safepoint: 970417 ns, At safepoint: 30250 ns, Total: 1000667 ns
[2022-09-04T16:14:36.685+0000][1][safepoint    ] Safepoint "Cleanup", Time since last: 1005527292 ns, Reaching safepoint: 1215584 ns, At safepoint: 30958 ns, Total: 1246542 ns
[2022-09-04T16:14:37.693+0000][1][safepoint    ] Safepoint "Cleanup", Time since last: 1003723250 ns, Reaching safepoint: 3727042 ns, At safepoint: 131125 ns, Total: 3858167 ns
[2022-09-04T16:14:38.702+0000][1][safepoint    ] Safepoint "Cleanup", Time since last: 1005379959 ns, Reaching safepoint: 3192458 ns, At safepoint: 91834 ns, Total: 3284292 ns
[2022-09-04T16:14:39.710+0000][1][safepoint    ] Safepoint "Cleanup", Time since last: 1006136500 ns, Reaching safepoint: 1806583 ns, At safepoint: 46042 ns, Total: 1852625 ns
[2022-09-04T16:14:40.716+0000][1][safepoint    ] Safepoint "Cleanup", Time since last: 1004835209 ns, Reaching safepoint: 1178542 ns, At safepoint: 28833 ns, Total: 1207375 ns
[2022-09-04T16:14:41.718+0000][1][safepoint    ] Safepoint "Cleanup", Time since last: 1001862375 ns, Reaching safepoint: 839459 ns, At safepoint: 21125 ns, Total: 860584 ns
[2022-09-04T16:14:42.722+0000][1][safepoint    ] Safepoint "Cleanup", Time since last: 1001480208 ns, Reaching safepoint: 1625792 ns, At safepoint: 40542 ns, Total: 1666334 ns
[2022-09-04T16:14:43.728+0000][1][safepoint    ] Safepoint "Cleanup", Time since last: 1004598875 ns, Reaching safepoint: 1542875 ns, At safepoint: 39750 ns, Total: 1582625 ns
[2022-09-04T16:14:44.734+0000][1][safepoint    ] Safepoint "Cleanup", Time since last: 1003989334 ns, Reaching safepoint: 2375583 ns, At safepoint: 55459 ns, Total: 2431042 ns
[2022-09-04T16:14:45.741+0000][1][safepoint    ] Safepoint "Cleanup", Time since last: 1004693000 ns, Reaching safepoint: 1835167 ns, At safepoint: 238500 ns, Total: 2073667 ns
[2022-09-04T16:14:46.747+0000][1][safepoint    ] Safepoint "Cleanup", Time since last: 1004330459 ns, Reaching safepoint: 1641250 ns, At safepoint: 57000 ns, Total: 1698250 ns
[2022-09-04T16:14:47.826+0000][1][safepoint    ] Safepoint "Cleanup", Time since last: 1077458750 ns, Reaching safepoint: 1231667 ns, At safepoint: 58583 ns, Total: 1290250 ns
[2022-09-04T16:14:48.830+0000][1][safepoint    ] Safepoint "Cleanup", Time since last: 1002312376 ns, Reaching safepoint: 2134166 ns, At safepoint: 68792 ns, Total: 2202958 ns
[2022-09-04T16:14:49.835+0000][1][safepoint    ] Safepoint "Cleanup", Time since last: 1004126459 ns, Reaching safepoint: 949000 ns, At safepoint: 22167 ns, Total: 971167 ns
[2022-09-04T16:14:50.839+0000][1][safepoint    ] Safepoint "Cleanup", Time since last: 1002600542 ns, Reaching safepoint: 1253250 ns, At safepoint: 36125 ns, Total: 1289375 ns
[2022-09-04T16:14:51.844+0000][1][safepoint    ] Safepoint "Cleanup", Time since last: 1004258125 ns, Reaching safepoint: 748708 ns, At safepoint: 23167 ns, Total: 771875 ns
[2022-09-04T16:14:52.849+0000][1][safepoint    ] Safepoint "Cleanup", Time since last: 1003242251 ns, Reaching safepoint: 1023250 ns, At safepoint: 23916 ns, Total: 1047166 ns
[2022-09-04T16:14:53.858+0000][1][safepoint    ] Safepoint "Cleanup", Time since last: 1008377709 ns, Reaching safepoint: 773667 ns, At safepoint: 21000 ns, Total: 794667 ns
[2022-09-04T16:14:54.866+0000][1][safepoint    ] Safepoint "Cleanup", Time since last: 1006782417 ns, Reaching safepoint: 1464750 ns, At safepoint: 41000 ns, Total: 1505750 ns
[2022-09-04T16:14:55.872+0000][1][safepoint    ] Safepoint "Cleanup", Time since last: 1004401792 ns, Reaching safepoint: 1260458 ns, At safepoint: 34042 ns, Total: 1294500 ns
[2022-09-04T16:14:56.877+0000][1][safepoint    ] Safepoint "Cleanup", Time since last: 1004448334 ns, Reaching safepoint: 833000 ns, At safepoint: 25958 ns, Total: 858958 ns
[2022-09-04T16:14:57.880+0000][1][safepoint    ] Safepoint "Cleanup", Time since last: 1001639792 ns, Reaching safepoint: 878459 ns, At safepoint: 23625 ns, Total: 902084 ns
[2022-09-04T16:14:58.882+0000][1][safepoint    ] Safepoint "Cleanup", Time since last: 1001836917 ns, Reaching safepoint: 882125 ns, At safepoint: 25875 ns, Total: 908000 ns
[2022-09-04T16:14:59.888+0000][1][safepoint    ] Safepoint "Cleanup", Time since last: 1003545209 ns, Reaching safepoint: 1630333 ns, At safepoint: 56167 ns, Total: 1686500 ns
[2022-09-04T16:15:00.899+0000][1][safepoint    ] Safepoint "Cleanup", Time since last: 1008416833 ns, Reaching safepoint: 3072125 ns, At safepoint: 60500 ns, Total: 3132625 ns
[2022-09-04T16:15:01.904+0000][1][safepoint    ] Safepoint "Cleanup", Time since last: 1003721875 ns, Reaching safepoint: 766000 ns, At safepoint: 23333 ns, Total: 789333 ns
[2022-09-04T16:15:02.906+0000][1][safepoint    ] Safepoint "Cleanup", Time since last: 1001624667 ns, Reaching safepoint: 1024167 ns, At safepoint: 23750 ns, Total: 1047917 ns
[2022-09-04T16:15:03.922+0000][1][safepoint    ] Safepoint "Cleanup", Time since last: 1014654584 ns, Reaching safepoint: 968750 ns, At safepoint: 21167 ns, Total: 989917 ns
[2022-09-04T16:15:04.925+0000][1][safepoint    ] Safepoint "Cleanup", Time since last: 1001704375 ns, Reaching safepoint: 1042875 ns, At safepoint: 26500 ns, Total: 1069375 ns
[2022-09-04T16:15:05.928+0000][1][safepoint    ] Safepoint "Cleanup", Time since last: 1001929959 ns, Reaching safepoint: 984917 ns, At safepoint: 27791 ns, Total: 1012708 ns
[2022-09-04T16:15:06.932+0000][1][safepoint    ] Safepoint "Cleanup", Time since last: 1003188417 ns, Reaching safepoint: 1141917 ns, At safepoint: 32000 ns, Total: 1173917 ns
[2022-09-04T16:15:07.936+0000][1][safepoint    ] Safepoint "Cleanup", Time since last: 1002369126 ns, Reaching safepoint: 1484125 ns, At safepoint: 35416 ns, Total: 1519541 ns
[2022-09-04T16:15:08.940+0000][1][safepoint    ] Safepoint "Cleanup", Time since last: 1002775001 ns, Reaching safepoint: 1613166 ns, At safepoint: 44209 ns, Total: 1657375 ns
[2022-09-04T16:15:09.945+0000][1][safepoint    ] Safepoint "Cleanup", Time since last: 1002842792 ns, Reaching safepoint: 1195750 ns, At safepoint: 33750 ns, Total: 1229500 ns
[2022-09-04T16:15:10.950+0000][1][safepoint    ] Safepoint "Cleanup", Time since last: 1003904875 ns, Reaching safepoint: 1061709 ns, At safepoint: 26333 ns, Total: 1088042 ns
[2022-09-04T16:15:11.957+0000][1][safepoint    ] Safepoint "Cleanup", Time since last: 1006990917 ns, Reaching safepoint: 845292 ns, At safepoint: 22958 ns, Total: 868250 ns
[2022-09-04T16:15:12.965+0000][1][safepoint    ] Safepoint "Cleanup", Time since last: 1004894459 ns, Reaching safepoint: 2237458 ns, At safepoint: 94167 ns, Total: 2331625 ns
[2022-09-04T16:15:13.973+0000][1][safepoint    ] Safepoint "Cleanup", Time since last: 1008033292 ns, Reaching safepoint: 768125 ns, At safepoint: 20583 ns, Total: 788708 ns
[2022-09-04T16:15:14.980+0000][1][safepoint    ] Safepoint "Cleanup", Time since last: 1004720668 ns, Reaching safepoint: 1567416 ns, At safepoint: 41709 ns, Total: 1609125 ns
[2022-09-04T16:15:15.984+0000][1][safepoint    ] Safepoint "Cleanup", Time since last: 1003414833 ns, Reaching safepoint: 903959 ns, At safepoint: 23833 ns, Total: 927792 ns
[2022-09-04T16:15:16.988+0000][1][safepoint    ] Safepoint "Cleanup", Time since last: 1002812959 ns, Reaching safepoint: 1482583 ns, At safepoint: 40542 ns, Total: 1523125 ns
[2022-09-04T16:15:17.993+0000][1][safepoint    ] Safepoint "Cleanup", Time since last: 1003659667 ns, Reaching safepoint: 1001958 ns, At safepoint: 32667 ns, Total: 1034625 ns
[2022-09-04T16:15:19.014+0000][1][safepoint    ] Safepoint "Cleanup", Time since last: 1016682417 ns, Reaching safepoint: 3695625 ns, At safepoint: 109208 ns, Total: 3804833 ns
[2022-09-04T16:15:20.021+0000][1][safepoint    ] Safepoint "Cleanup", Time since last: 1006007459 ns, Reaching safepoint: 1265375 ns, At safepoint: 71084 ns, Total: 1336459 ns
[2022-09-04T16:15:21.026+0000][1][safepoint    ] Safepoint "Cleanup", Time since last: 1002942792 ns, Reaching safepoint: 2041250 ns, At safepoint: 49500 ns, Total: 2090750 ns
[2022-09-04T16:15:22.032+0000][1][safepoint    ] Safepoint "Cleanup", Time since last: 1004687417 ns, Reaching safepoint: 1123000 ns, At safepoint: 31000 ns, Total: 1154000 ns
[2022-09-04T16:15:23.955+0000][1][safepoint    ] Safepoint "Cleanup", Time since last: 1922590501 ns, Reaching safepoint: 1021333 ns, At safepoint: 32833 ns, Total: 1054166 ns
[2022-09-04T16:15:24.960+0000][1][safepoint    ] Safepoint "Cleanup", Time since last: 1003135459 ns, Reaching safepoint: 1374542 ns, At safepoint: 33417 ns, Total: 1407959 ns
[2022-09-04T16:15:25.963+0000][1][safepoint    ] Safepoint "Cleanup", Time since last: 1001957375 ns, Reaching safepoint: 888708 ns, At safepoint: 27459 ns, Total: 916167 ns
[2022-09-04T16:15:26.966+0000][1][safepoint    ] Safepoint "Cleanup", Time since last: 1001745750 ns, Reaching safepoint: 1252834 ns, At safepoint: 88500 ns, Total: 1341334 ns
[2022-09-04T16:15:27.971+0000][1][safepoint    ] Safepoint "Cleanup", Time since last: 1003786708 ns, Reaching safepoint: 890250 ns, At safepoint: 49709 ns, Total: 939959 ns
[2022-09-04T16:15:28.993+0000][1][safepoint    ] Safepoint "Cleanup", Time since last: 1019312459 ns, Reaching safepoint: 2724166 ns, At safepoint: 69500 ns, Total: 2793666 ns
[2022-09-04T16:15:30.002+0000][1][safepoint    ] Safepoint "Cleanup", Time since last: 1008415334 ns, Reaching safepoint: 1147125 ns, At safepoint: 34292 ns, Total: 1181417 ns
[2022-09-04T16:15:31.009+0000][1][safepoint    ] Safepoint "Cleanup", Time since last: 1003754166 ns, Reaching safepoint: 3491209 ns, At safepoint: 95250 ns, Total: 3586459 ns
[2022-09-04T16:15:32.018+0000][1][safepoint    ] Safepoint "Cleanup", Time since last: 1007996750 ns, Reaching safepoint: 808167 ns, At safepoint: 24166 ns, Total: 832333 ns
[2022-09-04T16:15:33.022+0000][1][safepoint    ] Safepoint "Cleanup", Time since last: 1003249334 ns, Reaching safepoint: 815375 ns, At safepoint: 24375 ns, Total: 839750 ns
[2022-09-04T16:15:34.027+0000][1][safepoint    ] Safepoint "Cleanup", Time since last: 1004544959 ns, Reaching safepoint: 862042 ns, At safepoint: 21666 ns, Total: 883708 ns
[2022-09-04T16:15:35.031+0000][1][safepoint    ] Safepoint "Cleanup", Time since last: 1001733084 ns, Reaching safepoint: 1819417 ns, At safepoint: 51708 ns, Total: 1871125 ns
[2022-09-04T16:15:36.036+0000][1][safepoint    ] Safepoint "Cleanup", Time since last: 1004242334 ns, Reaching safepoint: 755583 ns, At safepoint: 21667 ns, Total: 777250 ns
[2022-09-04T16:15:37.040+0000][1][safepoint    ] Safepoint "Cleanup", Time since last: 1002489584 ns, Reaching safepoint: 962291 ns, At safepoint: 25709 ns, Total: 988000 ns
[2022-09-04T16:15:38.043+0000][1][safepoint    ] Safepoint "Cleanup", Time since last: 1002330667 ns, Reaching safepoint: 883792 ns, At safepoint: 29833 ns, Total: 913625 ns
[2022-09-04T16:15:39.046+0000][1][safepoint    ] Safepoint "Cleanup", Time since last: 1001933125 ns, Reaching safepoint: 1447875 ns, At safepoint: 48625 ns, Total: 1496500 ns
[2022-09-04T16:15:40.051+0000][1][safepoint    ] Safepoint "Cleanup", Time since last: 1003254209 ns, Reaching safepoint: 1353375 ns, At safepoint: 32084 ns, Total: 1385459 ns
[2022-09-04T16:15:41.059+0000][1][safepoint    ] Safepoint "Cleanup", Time since last: 1005376250 ns, Reaching safepoint: 3077083 ns, At safepoint: 81375 ns, Total: 3158458 ns
[2022-09-04T16:15:42.064+0000][1][safepoint    ] Safepoint "Cleanup", Time since last: 1003897584 ns, Reaching safepoint: 782792 ns, At safepoint: 21583 ns, Total: 804375 ns
[2022-09-04T16:15:43.068+0000][1][safepoint    ] Safepoint "Cleanup", Time since last: 1003024167 ns, Reaching safepoint: 768042 ns, At safepoint: 22333 ns, Total: 790375 ns
[2022-09-04T16:15:44.071+0000][1][safepoint    ] Safepoint "Cleanup", Time since last: 1001821417 ns, Reaching safepoint: 809292 ns, At safepoint: 20500 ns, Total: 829792 ns
[2022-09-04T16:15:45.077+0000][1][safepoint    ] Safepoint "Cleanup", Time since last: 1002063334 ns, Reaching safepoint: 3825292 ns, At safepoint: 88500 ns, Total: 3913792 ns
[2022-09-04T16:15:46.085+0000][1][safepoint    ] Safepoint "Cleanup", Time since last: 1006993583 ns, Reaching safepoint: 1064792 ns, At safepoint: 28500 ns, Total: 1093292 ns
[2022-09-04T16:15:47.088+0000][1][safepoint    ] Safepoint "Cleanup", Time since last: 1002373501 ns, Reaching safepoint: 1342166 ns, At safepoint: 36000 ns, Total: 1378166 ns
[2022-09-04T16:15:48.092+0000][1][safepoint    ] Safepoint "Cleanup", Time since last: 1002654376 ns, Reaching safepoint: 806083 ns, At safepoint: 21875 ns, Total: 827958 ns
[2022-09-04T16:15:49.097+0000][1][safepoint    ] Safepoint "Cleanup", Time since last: 1001839084 ns, Reaching safepoint: 2685708 ns, At safepoint: 55125 ns, Total: 2740833 ns
[2022-09-04T16:15:50.102+0000][1][safepoint    ] Safepoint "Cleanup", Time since last: 1004320167 ns, Reaching safepoint: 927709 ns, At safepoint: 32125 ns, Total: 959834 ns
[2022-09-04T16:15:51.107+0000][1][safepoint    ] Safepoint "Cleanup", Time since last: 1002884167 ns, Reaching safepoint: 2355083 ns, At safepoint: 58833 ns, Total: 2413916 ns
[2022-09-04T16:15:52.119+0000][1][safepoint    ] Safepoint "Cleanup", Time since last: 1011409126 ns, Reaching safepoint: 872917 ns, At safepoint: 22083 ns, Total: 895000 ns
[2022-09-04T16:15:53.752+0000][1][safepoint    ] Safepoint "Cleanup", Time since last: 1631055459 ns, Reaching safepoint: 1581583 ns, At safepoint: 41667 ns, Total: 1623250 ns
[2022-09-04T16:15:54.757+0000][1][safepoint    ] Safepoint "Cleanup", Time since last: 1003641709 ns, Reaching safepoint: 1488292 ns, At safepoint: 37791 ns, Total: 1526083 ns
[2022-09-04T16:15:55.763+0000][1][safepoint    ] Safepoint "Cleanup", Time since last: 1003998376 ns, Reaching safepoint: 1317083 ns, At safepoint: 31875 ns, Total: 1348958 ns
[2022-09-04T16:15:56.767+0000][1][safepoint    ] Safepoint "Cleanup", Time since last: 1003774042 ns, Reaching safepoint: 1044209 ns, At safepoint: 37625 ns, Total: 1081834 ns
[2022-09-04T16:15:57.772+0000][1][safepoint    ] Safepoint "Cleanup", Time since last: 1002170458 ns, Reaching safepoint: 1870917 ns, At safepoint: 55958 ns, Total: 1926875 ns
[2022-09-04T16:15:58.779+0000][1][safepoint    ] Safepoint "Cleanup", Time since last: 1004769126 ns, Reaching safepoint: 2239208 ns, At safepoint: 52792 ns, Total: 2292000 ns
[2022-09-04T16:15:59.786+0000][1][safepoint    ] Safepoint "Cleanup", Time since last: 1004448542 ns, Reaching safepoint: 2665708 ns, At safepoint: 65917 ns, Total: 2731625 ns
[2022-09-04T16:16:00.793+0000][1][safepoint    ] Safepoint "Cleanup", Time since last: 1004003917 ns, Reaching safepoint: 3083000 ns, At safepoint: 55750 ns, Total: 3138750 ns
[2022-09-04T16:16:01.798+0000][1][safepoint    ] Safepoint "Cleanup", Time since last: 1003397708 ns, Reaching safepoint: 1666167 ns, At safepoint: 59833 ns, Total: 1726000 ns
[2022-09-04T16:16:02.802+0000][1][safepoint    ] Safepoint "Cleanup", Time since last: 1003186125 ns, Reaching safepoint: 805292 ns, At safepoint: 21583 ns, Total: 826875 ns
[2022-09-04T16:16:03.805+0000][1][safepoint    ] Safepoint "Cleanup", Time since last: 1001690293 ns, Reaching safepoint: 1680291 ns, At safepoint: 36209 ns, Total: 1716500 ns
[2022-09-04T16:16:04.816+0000][1][safepoint    ] Safepoint "Cleanup", Time since last: 1009526000 ns, Reaching safepoint: 999125 ns, At safepoint: 23708 ns, Total: 1022833 ns
[2022-09-04T16:16:05.820+0000][1][safepoint    ] Safepoint "Cleanup", Time since last: 1003678001 ns, Reaching safepoint: 973792 ns, At safepoint: 21958 ns, Total: 995750 ns
[2022-09-04T16:16:06.824+0000][1][safepoint    ] Safepoint "Cleanup", Time since last: 1002068709 ns, Reaching safepoint: 1240083 ns, At safepoint: 34625 ns, Total: 1274708 ns
[2022-09-04T16:16:07.830+0000][1][safepoint    ] Safepoint "Cleanup", Time since last: 1003005750 ns, Reaching safepoint: 2820292 ns, At safepoint: 116542 ns, Total: 2936834 ns
[2022-09-04T16:16:08.836+0000][1][safepoint    ] Safepoint "Cleanup", Time since last: 1005030917 ns, Reaching safepoint: 1667583 ns, At safepoint: 40667 ns, Total: 1708250 ns
[2022-09-04T16:16:09.843+0000][1][safepoint    ] Safepoint "Cleanup", Time since last: 1003827709 ns, Reaching safepoint: 2410625 ns, At safepoint: 67291 ns, Total: 2477916 ns
[2022-09-04T16:16:10.849+0000][1][safepoint    ] Safepoint "Cleanup", Time since last: 1005089334 ns, Reaching safepoint: 982875 ns, At safepoint: 22584 ns, Total: 1005459 ns
[2022-09-04T16:16:11.854+0000][1][safepoint    ] Safepoint "Cleanup", Time since last: 1004440792 ns, Reaching safepoint: 872291 ns, At safepoint: 26375 ns, Total: 898666 ns
[2022-09-04T16:16:12.859+0000][1][safepoint    ] Safepoint "Cleanup", Time since last: 1002957584 ns, Reaching safepoint: 2321625 ns, At safepoint: 61417 ns, Total: 2383042 ns
[2022-09-04T16:16:13.867+0000][1][safepoint    ] Safepoint "Cleanup", Time since last: 1004907542 ns, Reaching safepoint: 2941583 ns, At safepoint: 85667 ns, Total: 3027250 ns
[2022-09-04T16:16:14.871+0000][1][safepoint    ] Safepoint "Cleanup", Time since last: 1003189459 ns, Reaching safepoint: 851916 ns, At safepoint: 21750 ns, Total: 873666 ns
[2022-09-04T16:16:15.874+0000][1][safepoint    ] Safepoint "Cleanup", Time since last: 1001334834 ns, Reaching safepoint: 1060084 ns, At safepoint: 24500 ns, Total: 1084584 ns
[2022-09-04T16:16:16.877+0000][1][safepoint    ] Safepoint "Cleanup", Time since last: 1002353125 ns, Reaching safepoint: 1002250 ns, At safepoint: 22333 ns, Total: 1024583 ns
[2022-09-04T16:16:17.882+0000][1][safepoint    ] Safepoint "Cleanup", Time since last: 1001522918 ns, Reaching safepoint: 2938916 ns, At safepoint: 82584 ns, Total: 3021500 ns
[2022-09-04T16:16:18.889+0000][1][safepoint    ] Safepoint "Cleanup", Time since last: 1004248875 ns, Reaching safepoint: 2914708 ns, At safepoint: 142959 ns, Total: 3057667 ns
[2022-09-04T16:16:19.897+0000][1][safepoint    ] Safepoint "Cleanup", Time since last: 1006107542 ns, Reaching safepoint: 1268167 ns, At safepoint: 32166 ns, Total: 1300333 ns
[2022-09-04T16:16:20.900+0000][1][safepoint    ] Safepoint "Cleanup", Time since last: 1002265751 ns, Reaching safepoint: 1577958 ns, At safepoint: 53833 ns, Total: 1631791 ns
[2022-09-04T16:16:21.904+0000][1][safepoint    ] Safepoint "Cleanup", Time since last: 1002444584 ns, Reaching safepoint: 1298042 ns, At safepoint: 25917 ns, Total: 1323959 ns
[2022-09-04T16:16:22.908+0000][1][safepoint    ] Safepoint "Cleanup", Time since last: 1001611000 ns, Reaching safepoint: 1895542 ns, At safepoint: 46750 ns, Total: 1942292 ns
[2022-09-04T16:16:23.913+0000][1][safepoint    ] Safepoint "Cleanup", Time since last: 1002326417 ns, Reaching safepoint: 2784458 ns, At safepoint: 71208 ns, Total: 2855666 ns
[2022-09-04T16:16:24.920+0000][1][safepoint    ] Safepoint "Cleanup", Time since last: 1004211209 ns, Reaching safepoint: 2775584 ns, At safepoint: 81291 ns, Total: 2856875 ns
[2022-09-04T16:16:25.924+0000][1][safepoint    ] Safepoint "Cleanup", Time since last: 1003437417 ns, Reaching safepoint: 913542 ns, At safepoint: 23875 ns, Total: 937417 ns
[2022-09-04T16:16:26.928+0000][1][safepoint    ] Safepoint "Cleanup", Time since last: 1002400709 ns, Reaching safepoint: 936125 ns, At safepoint: 26625 ns, Total: 962750 ns
[2022-09-04T16:16:27.931+0000][1][safepoint    ] Safepoint "Cleanup", Time since last: 1001902917 ns, Reaching safepoint: 1316750 ns, At safepoint: 39042 ns, Total: 1355792 ns
[2022-09-04T16:16:28.936+0000][1][safepoint    ] Safepoint "Cleanup", Time since last: 1004537042 ns, Reaching safepoint: 869833 ns, At safepoint: 23250 ns, Total: 893083 ns
[2022-09-04T16:16:29.943+0000][1][safepoint    ] Safepoint "Cleanup", Time since last: 1003056251 ns, Reaching safepoint: 3619166 ns, At safepoint: 86792 ns, Total: 3705958 ns
[2022-09-04T16:16:30.953+0000][1][safepoint    ] Safepoint "Cleanup", Time since last: 1008280292 ns, Reaching safepoint: 1509458 ns, At safepoint: 83375 ns, Total: 1592833 ns
[2022-09-04T16:16:31.957+0000][1][safepoint    ] Safepoint "Cleanup", Time since last: 1003113209 ns, Reaching safepoint: 1289167 ns, At safepoint: 32416 ns, Total: 1321583 ns
[2022-09-04T16:16:32.965+0000][1][safepoint    ] Safepoint "Cleanup", Time since last: 1006362501 ns, Reaching safepoint: 1412541 ns, At safepoint: 34584 ns, Total: 1447125 ns
[2022-09-04T16:16:33.971+0000][1][safepoint    ] Safepoint "Cleanup", Time since last: 1004363292 ns, Reaching safepoint: 1452667 ns, At safepoint: 37750 ns, Total: 1490417 ns
[2022-09-04T16:16:34.975+0000][1][safepoint    ] Safepoint "Cleanup", Time since last: 1003406083 ns, Reaching safepoint: 818667 ns, At safepoint: 23792 ns, Total: 842459 ns
[2022-09-04T16:16:35.984+0000][1][safepoint    ] Safepoint "Cleanup", Time since last: 1005879459 ns, Reaching safepoint: 2429458 ns, At safepoint: 62708 ns, Total: 2492166 ns
[2022-09-04T16:16:36.996+0000][1][safepoint    ] Safepoint "Cleanup", Time since last: 1009677751 ns, Reaching safepoint: 2523208 ns, At safepoint: 263292 ns, Total: 2786500 ns
[2022-09-04T16:16:38.004+0000][1][safepoint    ] Safepoint "Cleanup", Time since last: 1007024584 ns, Reaching safepoint: 909041 ns, At safepoint: 24125 ns, Total: 933166 ns
[2022-09-04T16:16:39.008+0000][1][safepoint    ] Safepoint "Cleanup", Time since last: 1002944709 ns, Reaching safepoint: 855250 ns, At safepoint: 75625 ns, Total: 930875 ns
[2022-09-04T16:16:40.012+0000][1][safepoint    ] Safepoint "Cleanup", Time since last: 1002586667 ns, Reaching safepoint: 1034000 ns, At safepoint: 30084 ns, Total: 1064084 ns
[2022-09-04T16:16:41.015+0000][1][safepoint    ] Safepoint "Cleanup", Time since last: 1001898750 ns, Reaching safepoint: 1352917 ns, At safepoint: 79875 ns, Total: 1432792 ns
[2022-09-04T16:16:42.019+0000][1][safepoint    ] Safepoint "Cleanup", Time since last: 1002321000 ns, Reaching safepoint: 1391750 ns, At safepoint: 36958 ns, Total: 1428708 ns
[2022-09-04T16:16:43.339+0000][1][safepoint    ] Safepoint "Cleanup", Time since last: 1319439043 ns, Reaching safepoint: 998666 ns, At safepoint: 41000 ns, Total: 1039666 ns
[2022-09-04T16:16:44.353+0000][1][safepoint    ] Safepoint "Cleanup", Time since last: 1003857418 ns, Reaching safepoint: 5392208 ns, At safepoint: 324125 ns, Total: 5716333 ns
[2022-09-04T16:16:45.368+0000][1][safepoint    ] Safepoint "Cleanup", Time since last: 1017132709 ns, Reaching safepoint: 1487791 ns, At safepoint: 41792 ns, Total: 1529583 ns
[2022-09-04T16:16:46.371+0000][1][safepoint    ] Safepoint "Cleanup", Time since last: 1002609584 ns, Reaching safepoint: 956792 ns, At safepoint: 21250 ns, Total: 978042 ns
[2022-09-04T16:16:47.373+0000][1][safepoint    ] Safepoint "Cleanup", Time since last: 1001472208 ns, Reaching safepoint: 763459 ns, At safepoint: 22958 ns, Total: 786417 ns
[2022-09-04T16:16:48.377+0000][1][safepoint    ] Safepoint "Cleanup", Time since last: 1001949250 ns, Reaching safepoint: 1168000 ns, At safepoint: 27084 ns, Total: 1195084 ns
[2022-09-04T16:16:49.380+0000][1][safepoint    ] Safepoint "Cleanup", Time since last: 1002318375 ns, Reaching safepoint: 824667 ns, At safepoint: 26417 ns, Total: 851084 ns
[2022-09-04T16:16:50.386+0000][1][safepoint    ] Safepoint "Cleanup", Time since last: 1002910542 ns, Reaching safepoint: 3247416 ns, At safepoint: 84375 ns, Total: 3331791 ns
[2022-09-04T16:16:51.390+0000][1][safepoint    ] Safepoint "Cleanup", Time since last: 1002990293 ns, Reaching safepoint: 863000 ns, At safepoint: 22375 ns, Total: 885375 ns
[2022-09-04T16:16:52.393+0000][1][safepoint    ] Safepoint "Cleanup", Time since last: 1002623667 ns, Reaching safepoint: 1041250 ns, At safepoint: 29958 ns, Total: 1071208 ns
[2022-09-04T16:16:53.398+0000][1][safepoint    ] Safepoint "Cleanup", Time since last: 1003505959 ns, Reaching safepoint: 846833 ns, At safepoint: 66250 ns, Total: 913083 ns
[2022-09-04T16:16:54.401+0000][1][safepoint    ] Safepoint "Cleanup", Time since last: 1001744042 ns, Reaching safepoint: 1749667 ns, At safepoint: 67458 ns, Total: 1817125 ns
[2022-09-04T16:16:55.405+0000][1][safepoint    ] Safepoint "Cleanup", Time since last: 1002458459 ns, Reaching safepoint: 1295750 ns, At safepoint: 51125 ns, Total: 1346875 ns
[2022-09-04T16:16:56.409+0000][1][safepoint    ] Safepoint "Cleanup", Time since last: 1002530209 ns, Reaching safepoint: 771625 ns, At safepoint: 45792 ns, Total: 817417 ns
[2022-09-04T16:16:57.415+0000][1][safepoint    ] Safepoint "Cleanup", Time since last: 1002581375 ns, Reaching safepoint: 3451833 ns, At safepoint: 87959 ns, Total: 3539792 ns
[2022-09-04T16:16:58.419+0000][1][safepoint    ] Safepoint "Cleanup", Time since last: 1002869167 ns, Reaching safepoint: 904833 ns, At safepoint: 26750 ns, Total: 931583 ns
[2022-09-04T16:16:59.421+0000][1][safepoint    ] Safepoint "Cleanup", Time since last: 1001824834 ns, Reaching safepoint: 817208 ns, At safepoint: 23375 ns, Total: 840583 ns
[2022-09-04T16:17:00.424+0000][1][safepoint    ] Safepoint "Cleanup", Time since last: 1001684918 ns, Reaching safepoint: 1250500 ns, At safepoint: 32791 ns, Total: 1283291 ns
[2022-09-04T16:17:01.429+0000][1][safepoint    ] Safepoint "Cleanup", Time since last: 1003262292 ns, Reaching safepoint: 1361208 ns, At safepoint: 36667 ns, Total: 1397875 ns
[2022-09-04T16:17:02.432+0000][1][safepoint    ] Safepoint "Cleanup", Time since last: 1002434959 ns, Reaching safepoint: 880417 ns, At safepoint: 24666 ns, Total: 905083 ns
[2022-09-04T16:17:03.436+0000][1][safepoint    ] Safepoint "Cleanup", Time since last: 1003271334 ns, Reaching safepoint: 793167 ns, At safepoint: 19083 ns, Total: 812250 ns
[2022-09-04T16:17:04.438+0000][1][safepoint    ] Safepoint "Cleanup", Time since last: 1001510584 ns, Reaching safepoint: 755208 ns, At safepoint: 19792 ns, Total: 775000 ns
[2022-09-04T16:17:05.441+0000][1][safepoint    ] Safepoint "Cleanup", Time since last: 1001666375 ns, Reaching safepoint: 699625 ns, At safepoint: 21417 ns, Total: 721042 ns
[2022-09-04T16:17:06.443+0000][1][safepoint    ] Safepoint "Cleanup", Time since last: 1001496834 ns, Reaching safepoint: 866000 ns, At safepoint: 23416 ns, Total: 889416 ns
[2022-09-04T16:17:07.446+0000][1][safepoint    ] Safepoint "Cleanup", Time since last: 1001965209 ns, Reaching safepoint: 818584 ns, At safepoint: 33375 ns, Total: 851959 ns
[2022-09-04T16:17:08.450+0000][1][safepoint    ] Safepoint "Cleanup", Time since last: 1001830625 ns, Reaching safepoint: 2163917 ns, At safepoint: 57625 ns, Total: 2221542 ns
[2022-09-04T16:17:09.455+0000][1][safepoint    ] Safepoint "Cleanup", Time since last: 1004134292 ns, Reaching safepoint: 946875 ns, At safepoint: 26958 ns, Total: 973833 ns
[2022-09-04T16:17:10.460+0000][1][safepoint    ] Safepoint "Cleanup", Time since last: 1002779376 ns, Reaching safepoint: 2058833 ns, At safepoint: 73500 ns, Total: 2132333 ns
[2022-09-04T16:17:11.465+0000][1][safepoint    ] Safepoint "Cleanup", Time since last: 1003246959 ns, Reaching safepoint: 1398500 ns, At safepoint: 44458 ns, Total: 1442958 ns
[2022-09-04T16:17:12.468+0000][1][safepoint    ] Safepoint "Cleanup", Time since last: 1002057959 ns, Reaching safepoint: 1110083 ns, At safepoint: 28542 ns, Total: 1138625 ns
[2022-09-04T16:17:13.472+0000][1][safepoint    ] Safepoint "Cleanup", Time since last: 1002522792 ns, Reaching safepoint: 1453833 ns, At safepoint: 36959 ns, Total: 1490792 ns
[2022-09-04T16:17:14.476+0000][1][safepoint    ] Safepoint "Cleanup", Time since last: 1003123417 ns, Reaching safepoint: 879417 ns, At safepoint: 22291 ns, Total: 901708 ns
[2022-09-04T16:17:15.479+0000][1][safepoint    ] Safepoint "Cleanup", Time since last: 1002429209 ns, Reaching safepoint: 929750 ns, At safepoint: 29083 ns, Total: 958833 ns
[2022-09-04T16:17:16.484+0000][1][safepoint    ] Safepoint "Cleanup", Time since last: 1003041793 ns, Reaching safepoint: 1785541 ns, At safepoint: 46917 ns, Total: 1832458 ns
[2022-09-04T16:17:17.489+0000][1][safepoint    ] Safepoint "Cleanup", Time since last: 1003017584 ns, Reaching safepoint: 1925416 ns, At safepoint: 276792 ns, Total: 2202208 ns
[2022-09-04T16:17:18.495+0000][1][safepoint    ] Safepoint "Cleanup", Time since last: 1002878292 ns, Reaching safepoint: 2643417 ns, At safepoint: 85458 ns, Total: 2728875 ns
[2022-09-04T16:17:19.502+0000][1][safepoint    ] Safepoint "Cleanup", Time since last: 1006442501 ns, Reaching safepoint: 797250 ns, At safepoint: 22666 ns, Total: 819916 ns
[2022-09-04T16:17:20.507+0000][1][safepoint    ] Safepoint "Cleanup", Time since last: 1002338376 ns, Reaching safepoint: 2695292 ns, At safepoint: 93083 ns, Total: 2788375 ns
[2022-09-04T16:17:21.515+0000][1][safepoint    ] Safepoint "Cleanup", Time since last: 1006460584 ns, Reaching safepoint: 1253041 ns, At safepoint: 43292 ns, Total: 1296333 ns
[2022-09-04T16:17:22.521+0000][1][safepoint    ] Safepoint "Cleanup", Time since last: 1003100417 ns, Reaching safepoint: 2402708 ns, At safepoint: 52625 ns, Total: 2455333 ns
[2022-09-04T16:17:23.527+0000][1][safepoint    ] Safepoint "Cleanup", Time since last: 1003867626 ns, Reaching safepoint: 2553875 ns, At safepoint: 68958 ns, Total: 2622833 ns
[2022-09-04T16:17:24.534+0000][1][safepoint    ] Safepoint "Cleanup", Time since last: 1005500209 ns, Reaching safepoint: 1597583 ns, At safepoint: 38750 ns, Total: 1636333 ns
[2022-09-04T16:17:25.540+0000][1][safepoint    ] Safepoint "Cleanup", Time since last: 1003251834 ns, Reaching safepoint: 2011292 ns, At safepoint: 70625 ns, Total: 2081917 ns
[2022-09-04T16:17:26.545+0000][1][safepoint    ] Safepoint "Cleanup", Time since last: 1004160542 ns, Reaching safepoint: 1203125 ns, At safepoint: 32500 ns, Total: 1235625 ns
[2022-09-04T16:17:27.549+0000][1][safepoint    ] Safepoint "Cleanup", Time since last: 1001951751 ns, Reaching safepoint: 2230041 ns, At safepoint: 51459 ns, Total: 2281500 ns
[2022-09-04T16:17:28.558+0000][1][safepoint    ] Safepoint "Cleanup", Time since last: 1005404125 ns, Reaching safepoint: 2691167 ns, At safepoint: 156833 ns, Total: 2848000 ns
[2022-09-04T16:17:29.563+0000][1][safepoint    ] Safepoint "Cleanup", Time since last: 1004649875 ns, Reaching safepoint: 1298209 ns, At safepoint: 31333 ns, Total: 1329542 ns
[2022-09-04T16:17:30.572+0000][1][safepoint    ] Safepoint "Cleanup", Time since last: 1005671667 ns, Reaching safepoint: 2844125 ns, At safepoint: 106834 ns, Total: 2950959 ns
[2022-09-04T16:17:31.580+0000][1][safepoint    ] Safepoint "Cleanup", Time since last: 1005087333 ns, Reaching safepoint: 2891500 ns, At safepoint: 105875 ns, Total: 2997375 ns
[2022-09-04T16:17:32.589+0000][1][safepoint    ] Safepoint "Cleanup", Time since last: 1005776875 ns, Reaching safepoint: 2915417 ns, At safepoint: 89292 ns, Total: 3004709 ns
[2022-09-04T16:17:33.596+0000][1][safepoint    ] Safepoint "Cleanup", Time since last: 1004136333 ns, Reaching safepoint: 2756917 ns, At safepoint: 73250 ns, Total: 2830167 ns
[2022-09-04T16:17:34.612+0000][1][safepoint    ] Safepoint "Cleanup", Time since last: 1014572959 ns, Reaching safepoint: 1721375 ns, At safepoint: 59250 ns, Total: 1780625 ns
[2022-09-04T16:17:35.619+0000][1][safepoint    ] Safepoint "Cleanup", Time since last: 1005772750 ns, Reaching safepoint: 1283667 ns, At safepoint: 50417 ns, Total: 1334084 ns
[2022-09-04T16:17:36.625+0000][1][safepoint    ] Safepoint "Cleanup", Time since last: 1004293750 ns, Reaching safepoint: 1457792 ns, At safepoint: 36750 ns, Total: 1494542 ns
[2022-09-04T16:17:37.630+0000][1][safepoint    ] Safepoint "Cleanup", Time since last: 1002395375 ns, Reaching safepoint: 2059250 ns, At safepoint: 62292 ns, Total: 2121542 ns
[2022-09-04T16:17:38.638+0000][1][safepoint    ] Safepoint "Cleanup", Time since last: 1005258376 ns, Reaching safepoint: 2543208 ns, At safepoint: 77167 ns, Total: 2620375 ns
[2022-09-04T16:17:39.648+0000][1][safepoint    ] Safepoint "Cleanup", Time since last: 1009649708 ns, Reaching safepoint: 1116167 ns, At safepoint: 30958 ns, Total: 1147125 ns
[2022-09-04T16:17:40.651+0000][1][safepoint    ] Safepoint "Cleanup", Time since last: 1002014417 ns, Reaching safepoint: 917542 ns, At safepoint: 24625 ns, Total: 942167 ns
[2022-09-04T16:17:41.656+0000][1][safepoint    ] Safepoint "Cleanup", Time since last: 1001770459 ns, Reaching safepoint: 2700375 ns, At safepoint: 139083 ns, Total: 2839458 ns
[2022-09-04T16:17:42.664+0000][1][safepoint    ] Safepoint "Cleanup", Time since last: 1004087167 ns, Reaching safepoint: 3834834 ns, At safepoint: 113541 ns, Total: 3948375 ns
[2022-09-04T16:17:43.672+0000][1][safepoint    ] Safepoint "Cleanup", Time since last: 1004698084 ns, Reaching safepoint: 3432875 ns, At safepoint: 95084 ns, Total: 3527959 ns
[2022-09-04T16:17:44.682+0000][1][safepoint    ] Safepoint "Cleanup", Time since last: 1006276625 ns, Reaching safepoint: 3612208 ns, At safepoint: 93542 ns, Total: 3705750 ns
[2022-09-04T16:17:45.689+0000][1][safepoint    ] Safepoint "Cleanup", Time since last: 1005017667 ns, Reaching safepoint: 2241792 ns, At safepoint: 46375 ns, Total: 2288167 ns
[2022-09-04T16:17:46.695+0000][1][safepoint    ] Safepoint "Cleanup", Time since last: 1002768125 ns, Reaching safepoint: 2359542 ns, At safepoint: 66750 ns, Total: 2426292 ns
[2022-09-04T16:17:47.703+0000][1][safepoint    ] Safepoint "Cleanup", Time since last: 1004361126 ns, Reaching safepoint: 3806083 ns, At safepoint: 84458 ns, Total: 3890541 ns
[2022-09-04T16:17:48.713+0000][1][safepoint    ] Safepoint "Cleanup", Time since last: 1006093542 ns, Reaching safepoint: 3535959 ns, At safepoint: 92083 ns, Total: 3628042 ns
[2022-09-04T16:17:49.722+0000][1][safepoint    ] Safepoint "Cleanup", Time since last: 1007809709 ns, Reaching safepoint: 1242708 ns, At safepoint: 74917 ns, Total: 1317625 ns
[2022-09-04T16:17:50.729+0000][1][safepoint    ] Safepoint "Cleanup", Time since last: 1002624125 ns, Reaching safepoint: 4466334 ns, At safepoint: 123000 ns, Total: 4589334 ns
[2022-09-04T16:17:51.736+0000][1][safepoint    ] Safepoint "Cleanup", Time since last: 1004190000 ns, Reaching safepoint: 2597250 ns, At safepoint: 71500 ns, Total: 2668750 ns
[2022-09-04T16:17:52.746+0000][1][safepoint    ] Safepoint "Cleanup", Time since last: 1007755709 ns, Reaching safepoint: 1971375 ns, At safepoint: 55542 ns, Total: 2026917 ns
[2022-09-04T16:17:54.180+0000][1][safepoint    ] Safepoint "Cleanup", Time since last: 1433851792 ns, Reaching safepoint: 789583 ns, At safepoint: 20417 ns, Total: 810000 ns
[2022-09-04T16:17:55.183+0000][1][safepoint    ] Safepoint "Cleanup", Time since last: 1001424334 ns, Reaching safepoint: 1107541 ns, At safepoint: 26292 ns, Total: 1133833 ns
[2022-09-04T16:17:56.186+0000][1][safepoint    ] Safepoint "Cleanup", Time since last: 1001824959 ns, Reaching safepoint: 975167 ns, At safepoint: 27291 ns, Total: 1002458 ns
[2022-09-04T16:17:57.189+0000][1][safepoint    ] Safepoint "Cleanup", Time since last: 1002500709 ns, Reaching safepoint: 1104083 ns, At safepoint: 31459 ns, Total: 1135542 ns
[2022-09-04T16:17:58.193+0000][1][safepoint    ] Safepoint "Cleanup", Time since last: 1002646792 ns, Reaching safepoint: 828333 ns, At safepoint: 22459 ns, Total: 850792 ns
[2022-09-04T16:17:59.195+0000][1][safepoint    ] Safepoint "Cleanup", Time since last: 1001645875 ns, Reaching safepoint: 971625 ns, At safepoint: 25500 ns, Total: 997125 ns
[2022-09-04T16:18:00.198+0000][1][safepoint    ] Safepoint "Cleanup", Time since last: 1001863292 ns, Reaching safepoint: 899750 ns, At safepoint: 26167 ns, Total: 925917 ns
[2022-09-04T16:18:01.203+0000][1][safepoint    ] Safepoint "Cleanup", Time since last: 1002109333 ns, Reaching safepoint: 2764041 ns, At safepoint: 76084 ns, Total: 2840125 ns
[2022-09-04T16:18:02.209+0000][1][safepoint    ] Safepoint "Cleanup", Time since last: 1004876000 ns, Reaching safepoint: 976708 ns, At safepoint: 26042 ns, Total: 1002750 ns
[2022-09-04T16:18:03.212+0000][1][safepoint    ] Safepoint "Cleanup", Time since last: 1002464334 ns, Reaching safepoint: 1036375 ns, At safepoint: 25375 ns, Total: 1061750 ns
[2022-09-04T16:18:04.217+0000][1][safepoint    ] Safepoint "Cleanup", Time since last: 1003776584 ns, Reaching safepoint: 938625 ns, At safepoint: 22458 ns, Total: 961083 ns
[2022-09-04T16:18:05.221+0000][1][safepoint    ] Safepoint "Cleanup", Time since last: 1002782334 ns, Reaching safepoint: 819000 ns, At safepoint: 26542 ns, Total: 845542 ns
[2022-09-04T16:18:06.224+0000][1][safepoint    ] Safepoint "Cleanup", Time since last: 1001978542 ns, Reaching safepoint: 757791 ns, At safepoint: 59500 ns, Total: 817291 ns
[2022-09-04T16:18:07.227+0000][1][safepoint    ] Safepoint "Cleanup", Time since last: 1001449084 ns, Reaching safepoint: 1847292 ns, At safepoint: 49417 ns, Total: 1896709 ns
[2022-09-04T16:18:08.232+0000][1][safepoint    ] Safepoint "Cleanup", Time since last: 1004660708 ns, Reaching safepoint: 798167 ns, At safepoint: 23583 ns, Total: 821750 ns
[2022-09-04T16:18:09.237+0000][1][safepoint    ] Safepoint "Cleanup", Time since last: 1003254626 ns, Reaching safepoint: 968333 ns, At safepoint: 26625 ns, Total: 994958 ns
[2022-09-04T16:18:10.240+0000][1][safepoint    ] Safepoint "Cleanup", Time since last: 1001598667 ns, Reaching safepoint: 1571250 ns, At safepoint: 36959 ns, Total: 1608209 ns
[2022-09-04T16:18:11.244+0000][1][safepoint    ] Safepoint "Cleanup", Time since last: 1002873583 ns, Reaching safepoint: 774667 ns, At safepoint: 49667 ns, Total: 824334 ns
[2022-09-04T16:18:12.247+0000][1][safepoint    ] Safepoint "Cleanup", Time since last: 1002500959 ns, Reaching safepoint: 1124750 ns, At safepoint: 31500 ns, Total: 1156250 ns
[2022-09-04T16:18:13.250+0000][1][safepoint    ] Safepoint "Cleanup", Time since last: 1002338000 ns, Reaching safepoint: 854292 ns, At safepoint: 26333 ns, Total: 880625 ns
[2022-09-04T16:18:14.254+0000][1][safepoint    ] Safepoint "Cleanup", Time since last: 1002568709 ns, Reaching safepoint: 911958 ns, At safepoint: 23875 ns, Total: 935833 ns
[2022-09-04T16:18:15.258+0000][1][safepoint    ] Safepoint "Cleanup", Time since last: 1003105084 ns, Reaching safepoint: 861042 ns, At safepoint: 21833 ns, Total: 882875 ns
[2022-09-04T16:18:16.260+0000][1][safepoint    ] Safepoint "Cleanup", Time since last: 1001574250 ns, Reaching safepoint: 855375 ns, At safepoint: 28292 ns, Total: 883667 ns
[2022-09-04T16:18:17.264+0000][1][safepoint    ] Safepoint "Cleanup", Time since last: 1002407917 ns, Reaching safepoint: 1017667 ns, At safepoint: 25958 ns, Total: 1043625 ns
[2022-09-04T16:18:18.268+0000][1][safepoint    ] Safepoint "Cleanup", Time since last: 1003177959 ns, Reaching safepoint: 855000 ns, At safepoint: 31583 ns, Total: 886583 ns
[2022-09-04T16:18:19.271+0000][1][safepoint    ] Safepoint "Cleanup", Time since last: 1002190334 ns, Reaching safepoint: 831167 ns, At safepoint: 21833 ns, Total: 853000 ns
[2022-09-04T16:18:20.274+0000][1][safepoint    ] Safepoint "Cleanup", Time since last: 1001640251 ns, Reaching safepoint: 1492041 ns, At safepoint: 62167 ns, Total: 1554208 ns
[2022-09-04T16:18:21.278+0000][1][safepoint    ] Safepoint "Cleanup", Time since last: 1002718001 ns, Reaching safepoint: 1527375 ns, At safepoint: 45083 ns, Total: 1572458 ns
[2022-09-04T16:18:22.282+0000][1][safepoint    ] Safepoint "Cleanup", Time since last: 1002947875 ns, Reaching safepoint: 847834 ns, At safepoint: 34000 ns, Total: 881834 ns
[2022-09-04T16:18:23.285+0000][1][safepoint    ] Safepoint "Cleanup", Time since last: 1002374083 ns, Reaching safepoint: 833751 ns, At safepoint: 20250 ns, Total: 854001 ns
[2022-09-04T16:18:24.289+0000][1][safepoint    ] Safepoint "Cleanup", Time since last: 1002172083 ns, Reaching safepoint: 1307584 ns, At safepoint: 31708 ns, Total: 1339292 ns
[2022-09-04T16:18:25.293+0000][1][safepoint    ] Safepoint "Cleanup", Time since last: 1003024417 ns, Reaching safepoint: 904500 ns, At safepoint: 24042 ns, Total: 928542 ns
[2022-09-04T16:18:26.297+0000][1][safepoint    ] Safepoint "Cleanup", Time since last: 1002089459 ns, Reaching safepoint: 1607541 ns, At safepoint: 56625 ns, Total: 1664166 ns
[2022-09-04T16:18:27.302+0000][1][safepoint    ] Safepoint "Cleanup", Time since last: 1004092042 ns, Reaching safepoint: 837750 ns, At safepoint: 26334 ns, Total: 864084 ns
[2022-09-04T16:18:28.304+0000][1][safepoint    ] Safepoint "Cleanup", Time since last: 1001824000 ns, Reaching safepoint: 881417 ns, At safepoint: 21042 ns, Total: 902459 ns
[2022-09-04T16:18:29.307+0000][1][safepoint    ] Safepoint "Cleanup", Time since last: 1001527542 ns, Reaching safepoint: 852958 ns, At safepoint: 23833 ns, Total: 876791 ns
[2022-09-04T16:18:30.311+0000][1][safepoint    ] Safepoint "Cleanup", Time since last: 1002946584 ns, Reaching safepoint: 1210667 ns, At safepoint: 33625 ns, Total: 1244292 ns
[2022-09-04T16:18:31.317+0000][1][safepoint    ] Safepoint "Cleanup", Time since last: 1004990208 ns, Reaching safepoint: 1223584 ns, At safepoint: 32250 ns, Total: 1255834 ns
[2022-09-04T16:18:32.322+0000][1][safepoint    ] Safepoint "Cleanup", Time since last: 1004690167 ns, Reaching safepoint: 999250 ns, At safepoint: 23917 ns, Total: 1023167 ns
[2022-09-04T16:18:33.326+0000][1][safepoint    ] Safepoint "Cleanup", Time since last: 1002858625 ns, Reaching safepoint: 914583 ns, At safepoint: 21959 ns, Total: 936542 ns
[2022-09-04T16:18:34.329+0000][1][safepoint    ] Safepoint "Cleanup", Time since last: 1001967083 ns, Reaching safepoint: 805792 ns, At safepoint: 63583 ns, Total: 869375 ns
[2022-09-04T16:18:35.332+0000][1][safepoint    ] Safepoint "Cleanup", Time since last: 1002669418 ns, Reaching safepoint: 817083 ns, At safepoint: 27208 ns, Total: 844291 ns
[2022-09-04T16:18:36.337+0000][1][safepoint    ] Safepoint "Cleanup", Time since last: 1001732334 ns, Reaching safepoint: 2849625 ns, At safepoint: 53375 ns, Total: 2903000 ns
[2022-09-04T16:18:37.361+0000][1][safepoint    ] Safepoint "Cleanup", Time since last: 1022423792 ns, Reaching safepoint: 944584 ns, At safepoint: 29083 ns, Total: 973667 ns
[2022-09-04T16:18:38.381+0000][1][safepoint    ] Safepoint "Cleanup", Time since last: 1019022542 ns, Reaching safepoint: 1301792 ns, At safepoint: 32291 ns, Total: 1334083 ns
[2022-09-04T16:18:39.414+0000][1][safepoint    ] Safepoint "Cleanup", Time since last: 1032138584 ns, Reaching safepoint: 1015625 ns, At safepoint: 25292 ns, Total: 1040917 ns
[2022-09-04T16:18:40.420+0000][1][safepoint    ] Safepoint "Cleanup", Time since last: 1004436625 ns, Reaching safepoint: 1223667 ns, At safepoint: 30958 ns, Total: 1254625 ns
[2022-09-04T16:18:41.423+0000][1][safepoint    ] Safepoint "Cleanup", Time since last: 1002253209 ns, Reaching safepoint: 786625 ns, At safepoint: 25000 ns, Total: 811625 ns
[2022-09-04T16:18:42.441+0000][1][safepoint    ] Safepoint "Cleanup", Time since last: 1017273501 ns, Reaching safepoint: 1228583 ns, At safepoint: 33708 ns, Total: 1262291 ns
[2022-09-04T16:18:43.448+0000][1][safepoint    ] Safepoint "Cleanup", Time since last: 1005472501 ns, Reaching safepoint: 831083 ns, At safepoint: 22917 ns, Total: 854000 ns
[2022-09-04T16:18:44.453+0000][1][safepoint    ] Safepoint "Cleanup", Time since last: 1003611834 ns, Reaching safepoint: 1339625 ns, At safepoint: 54083 ns, Total: 1393708 ns
[2022-09-04T16:18:45.457+0000][1][safepoint    ] Safepoint "Cleanup", Time since last: 1003350334 ns, Reaching safepoint: 891750 ns, At safepoint: 72041 ns, Total: 963791 ns
[2022-09-04T16:18:46.460+0000][1][safepoint    ] Safepoint "Cleanup", Time since last: 1001821626 ns, Reaching safepoint: 1542583 ns, At safepoint: 34584 ns, Total: 1577167 ns
[2022-09-04T16:18:47.465+0000][1][safepoint    ] Safepoint "Cleanup", Time since last: 1002302583 ns, Reaching safepoint: 2397292 ns, At safepoint: 70833 ns, Total: 2468125 ns
[2022-09-04T16:18:48.475+0000][1][safepoint    ] Safepoint "Cleanup", Time since last: 1007950126 ns, Reaching safepoint: 1487750 ns, At safepoint: 37000 ns, Total: 1524750 ns
[2022-09-04T16:18:49.481+0000][1][safepoint    ] Safepoint "Cleanup", Time since last: 1003425792 ns, Reaching safepoint: 2577583 ns, At safepoint: 67250 ns, Total: 2644833 ns
[2022-09-04T16:18:50.492+0000][1][safepoint    ] Safepoint "Cleanup", Time since last: 1007947292 ns, Reaching safepoint: 3502209 ns, At safepoint: 105958 ns, Total: 3608167 ns
[2022-09-04T16:18:51.505+0000][1][safepoint    ] Safepoint "Cleanup", Time since last: 1009818501 ns, Reaching safepoint: 2436583 ns, At safepoint: 74333 ns, Total: 2510916 ns
[2022-09-04T16:18:52.513+0000][1][safepoint    ] Safepoint "Cleanup", Time since last: 1005043626 ns, Reaching safepoint: 3008583 ns, At safepoint: 76292 ns, Total: 3084875 ns
[2022-09-04T16:18:54.218+0000][1][safepoint    ] Safepoint "Cleanup", Time since last: 1704495792 ns, Reaching safepoint: 1053250 ns, At safepoint: 31084 ns, Total: 1084334 ns
[2022-09-04T16:18:55.223+0000][1][safepoint    ] Safepoint "Cleanup", Time since last: 1004314542 ns, Reaching safepoint: 815791 ns, At safepoint: 24584 ns, Total: 840375 ns
[2022-09-04T16:18:56.227+0000][1][safepoint    ] Safepoint "Cleanup", Time since last: 1001835084 ns, Reaching safepoint: 1498583 ns, At safepoint: 41292 ns, Total: 1539875 ns
[2022-09-04T16:18:57.233+0000][1][safepoint    ] Safepoint "Cleanup", Time since last: 1002910708 ns, Reaching safepoint: 3248834 ns, At safepoint: 90208 ns, Total: 3339042 ns
[2022-09-04T16:18:58.056+0000][1][gc,start     ] GC(31) Pause Young (Allocation Failure)
[2022-09-04T16:18:58.062+0000][1][gc,task      ] GC(31) Using 4 workers of 4 for evacuation
[2022-09-04T16:18:58.122+0000][1][gc,age       ] GC(31) Desired survivor size 8945664 bytes, new threshold 6 (max threshold 6)
[2022-09-04T16:18:58.131+0000][1][gc,age       ] GC(31) Age table with threshold 6 (max threshold 6)
[2022-09-04T16:18:58.152+0000][1][gc,age       ] GC(31) - age   1:       9120 bytes,       9120 total
[2022-09-04T16:18:58.170+0000][1][gc,age       ] GC(31) - age   2:       1040 bytes,      10160 total
[2022-09-04T16:18:58.187+0000][1][gc,age       ] GC(31) - age   3:      15480 bytes,      25640 total
[2022-09-04T16:18:58.207+0000][1][gc,age       ] GC(31) - age   4:     126624 bytes,     152264 total
[2022-09-04T16:18:58.241+0000][1][gc,age       ] GC(31) - age   5:     316760 bytes,     469024 total
[2022-09-04T16:18:58.261+0000][1][gc,age       ] GC(31) - age   6:      79328 bytes,     548352 total
[2022-09-04T16:18:58.264+0000][1][gc,heap      ] GC(31) ParNew: 140522K->699K(157248K)
[2022-09-04T16:18:58.282+0000][1][gc,heap      ] GC(31) CMS: 67098K->67110K(349568K)
[2022-09-04T16:18:58.305+0000][1][gc,metaspace ] GC(31) Metaspace: 84535K->84535K(1126400K)
[2022-09-04T16:18:58.329+0000][1][gc           ] GC(31) Pause Young (Allocation Failure) 202M->66M(494M) 273.572ms
[2022-09-04T16:18:58.340+0000][1][gc,cpu       ] GC(31) User=0.12s Sys=0.05s Real=0.28s
[2022-09-04T16:18:58.362+0000][1][safepoint    ] Safepoint "GenCollectForAllocation", Time since last: 820593084 ns, Reaching safepoint: 1065750 ns, At safepoint: 304592333 ns, Total: 305658083 ns
[2022-09-04T16:18:59.378+0000][1][safepoint    ] Safepoint "Cleanup", Time since last: 1017643667 ns, Reaching safepoint: 870334 ns, At safepoint: 51083 ns, Total: 921417 ns
[2022-09-04T16:19:00.384+0000][1][safepoint    ] Safepoint "Cleanup", Time since last: 1002841167 ns, Reaching safepoint: 2996042 ns, At safepoint: 85667 ns, Total: 3081709 ns
[2022-09-04T16:19:01.391+0000][1][safepoint    ] Safepoint "Cleanup", Time since last: 1006599791 ns, Reaching safepoint: 1572125 ns, At safepoint: 60000 ns, Total: 1632125 ns
[2022-09-04T16:19:02.397+0000][1][safepoint    ] Safepoint "Cleanup", Time since last: 1004906834 ns, Reaching safepoint: 873666 ns, At safepoint: 50792 ns, Total: 924458 ns
[2022-09-04T16:19:03.401+0000][1][safepoint    ] Safepoint "Cleanup", Time since last: 1003098959 ns, Reaching safepoint: 1434083 ns, At safepoint: 38375 ns, Total: 1472458 ns
[2022-09-04T16:19:04.409+0000][1][safepoint    ] Safepoint "Cleanup", Time since last: 1004179459 ns, Reaching safepoint: 3755500 ns, At safepoint: 84625 ns, Total: 3840125 ns
[2022-09-04T16:19:05.416+0000][1][safepoint    ] Safepoint "Cleanup", Time since last: 1005526000 ns, Reaching safepoint: 1309417 ns, At safepoint: 30125 ns, Total: 1339542 ns
[2022-09-04T16:19:06.426+0000][1][safepoint    ] Safepoint "Cleanup", Time since last: 1008660667 ns, Reaching safepoint: 1041875 ns, At safepoint: 33625 ns, Total: 1075500 ns
[2022-09-04T16:19:07.429+0000][1][safepoint    ] Safepoint "Cleanup", Time since last: 1001605834 ns, Reaching safepoint: 1046250 ns, At safepoint: 43250 ns, Total: 1089500 ns
[2022-09-04T16:19:08.432+0000][1][safepoint    ] Safepoint "Cleanup", Time since last: 1002655375 ns, Reaching safepoint: 1044834 ns, At safepoint: 34750 ns, Total: 1079584 ns
[2022-09-04T16:19:09.441+0000][1][safepoint    ] Safepoint "Cleanup", Time since last: 1005748459 ns, Reaching safepoint: 2488583 ns, At safepoint: 104458 ns, Total: 2593041 ns
[2022-09-04T16:19:10.450+0000][1][safepoint    ] Safepoint "Cleanup", Time since last: 1005303126 ns, Reaching safepoint: 3230166 ns, At safepoint: 234417 ns, Total: 3464583 ns
[2022-09-04T16:19:11.454+0000][1][safepoint    ] Safepoint "Cleanup", Time since last: 1002851876 ns, Reaching safepoint: 1517083 ns, At safepoint: 51917 ns, Total: 1569000 ns
[2022-09-04T16:19:12.459+0000][1][safepoint    ] Safepoint "Cleanup", Time since last: 1003143708 ns, Reaching safepoint: 1436875 ns, At safepoint: 37500 ns, Total: 1474375 ns
[2022-09-04T16:19:13.475+0000][1][safepoint    ] Safepoint "Cleanup", Time since last: 1015756376 ns, Reaching safepoint: 838708 ns, At safepoint: 29292 ns, Total: 868000 ns
[2022-09-04T16:19:14.495+0000][1][safepoint    ] Safepoint "Cleanup", Time since last: 1016582292 ns, Reaching safepoint: 3346792 ns, At safepoint: 88916 ns, Total: 3435708 ns
[2022-09-04T16:19:15.504+0000][1][safepoint    ] Safepoint "Cleanup", Time since last: 1004848751 ns, Reaching safepoint: 3709958 ns, At safepoint: 283333 ns, Total: 3993291 ns
[2022-09-04T16:19:16.513+0000][1][safepoint    ] Safepoint "Cleanup", Time since last: 1005631168 ns, Reaching safepoint: 3469750 ns, At safepoint: 85041 ns, Total: 3554791 ns
[2022-09-04T16:19:17.522+0000][1][safepoint    ] Safepoint "Cleanup", Time since last: 1007670167 ns, Reaching safepoint: 1324042 ns, At safepoint: 33500 ns, Total: 1357542 ns
[2022-09-04T16:19:18.527+0000][1][safepoint    ] Safepoint "Cleanup", Time since last: 1003440751 ns, Reaching safepoint: 918458 ns, At safepoint: 24500 ns, Total: 942958 ns
[2022-09-04T16:19:19.530+0000][1][safepoint    ] Safepoint "Cleanup", Time since last: 1002425667 ns, Reaching safepoint: 1191917 ns, At safepoint: 30541 ns, Total: 1222458 ns
[2022-09-04T16:19:20.534+0000][1][safepoint    ] Safepoint "Cleanup", Time since last: 1002442293 ns, Reaching safepoint: 1603750 ns, At safepoint: 48583 ns, Total: 1652333 ns
[2022-09-04T16:19:21.541+0000][1][safepoint    ] Safepoint "Cleanup", Time since last: 1003302750 ns, Reaching safepoint: 3541084 ns, At safepoint: 90333 ns, Total: 3631417 ns
[2022-09-04T16:19:22.549+0000][1][safepoint    ] Safepoint "Cleanup", Time since last: 1005761167 ns, Reaching safepoint: 1434333 ns, At safepoint: 40542 ns, Total: 1474875 ns
[2022-09-04T16:19:23.557+0000][1][safepoint    ] Safepoint "Cleanup", Time since last: 1007061584 ns, Reaching safepoint: 910750 ns, At safepoint: 26042 ns, Total: 936792 ns
[2022-09-04T16:19:24.563+0000][1][safepoint    ] Safepoint "Cleanup", Time since last: 1003111708 ns, Reaching safepoint: 2853250 ns, At safepoint: 79000 ns, Total: 2932250 ns
[2022-09-04T16:19:25.572+0000][1][safepoint    ] Safepoint "Cleanup", Time since last: 1005180876 ns, Reaching safepoint: 3495875 ns, At safepoint: 97792 ns, Total: 3593667 ns
[2022-09-04T16:19:26.580+0000][1][safepoint    ] Safepoint "Cleanup", Time since last: 1005687167 ns, Reaching safepoint: 2930375 ns, At safepoint: 133000 ns, Total: 3063375 ns
[2022-09-04T16:19:27.587+0000][1][safepoint    ] Safepoint "Cleanup", Time since last: 1004603375 ns, Reaching safepoint: 1884125 ns, At safepoint: 71000 ns, Total: 1955125 ns
[2022-09-04T16:19:28.596+0000][1][safepoint    ] Safepoint "Cleanup", Time since last: 1007778459 ns, Reaching safepoint: 1500542 ns, At safepoint: 42500 ns, Total: 1543042 ns
[2022-09-04T16:19:29.607+0000][1][safepoint    ] Safepoint "Cleanup", Time since last: 1009873750 ns, Reaching safepoint: 1024792 ns, At safepoint: 25958 ns, Total: 1050750 ns
[2022-09-04T16:19:30.611+0000][1][safepoint    ] Safepoint "Cleanup", Time since last: 1002980376 ns, Reaching safepoint: 1217750 ns, At safepoint: 32666 ns, Total: 1250416 ns
[2022-09-04T16:19:31.616+0000][1][safepoint    ] Safepoint "Cleanup", Time since last: 1002797250 ns, Reaching safepoint: 1328125 ns, At safepoint: 47500 ns, Total: 1375625 ns
[2022-09-04T16:19:32.628+0000][1][safepoint    ] Safepoint "Cleanup", Time since last: 1009952459 ns, Reaching safepoint: 1941250 ns, At safepoint: 56833 ns, Total: 1998083 ns
[2022-09-04T16:19:33.818+0000][1][safepoint    ] Safepoint "Cleanup", Time since last: 1188623209 ns, Reaching safepoint: 827542 ns, At safepoint: 33333 ns, Total: 860875 ns
[2022-09-04T16:19:34.822+0000][1][safepoint    ] Safepoint "Cleanup", Time since last: 1002630792 ns, Reaching safepoint: 1228792 ns, At safepoint: 31375 ns, Total: 1260167 ns
[2022-09-04T16:19:35.826+0000][1][safepoint    ] Safepoint "Cleanup", Time since last: 1003584209 ns, Reaching safepoint: 863625 ns, At safepoint: 21042 ns, Total: 884667 ns
[2022-09-04T16:19:36.829+0000][1][safepoint    ] Safepoint "Cleanup", Time since last: 1001787250 ns, Reaching safepoint: 1063125 ns, At safepoint: 29000 ns, Total: 1092125 ns
[2022-09-04T16:19:37.833+0000][1][safepoint    ] Safepoint "Cleanup", Time since last: 1003289709 ns, Reaching safepoint: 1010125 ns, At safepoint: 28041 ns, Total: 1038166 ns
[2022-09-04T16:19:38.837+0000][1][safepoint    ] Safepoint "Cleanup", Time since last: 1002933543 ns, Reaching safepoint: 838791 ns, At safepoint: 21542 ns, Total: 860333 ns
[2022-09-04T16:19:39.840+0000][1][safepoint    ] Safepoint "Cleanup", Time since last: 1001957125 ns, Reaching safepoint: 955042 ns, At safepoint: 26792 ns, Total: 981834 ns
[2022-09-04T16:19:40.845+0000][1][safepoint    ] Safepoint "Cleanup", Time since last: 1003988542 ns, Reaching safepoint: 943875 ns, At safepoint: 23500 ns, Total: 967375 ns
[2022-09-04T16:19:41.847+0000][1][safepoint    ] Safepoint "Cleanup", Time since last: 1001546500 ns, Reaching safepoint: 784000 ns, At safepoint: 21334 ns, Total: 805334 ns
[2022-09-04T16:19:42.853+0000][1][safepoint    ] Safepoint "Cleanup", Time since last: 1004200584 ns, Reaching safepoint: 848416 ns, At safepoint: 24334 ns, Total: 872750 ns
[2022-09-04T16:19:43.857+0000][1][safepoint    ] Safepoint "Cleanup", Time since last: 1003805458 ns, Reaching safepoint: 867084 ns, At safepoint: 23708 ns, Total: 890792 ns
[2022-09-04T16:19:44.860+0000][1][safepoint    ] Safepoint "Cleanup", Time since last: 1001678959 ns, Reaching safepoint: 848458 ns, At safepoint: 24375 ns, Total: 872833 ns
[2022-09-04T16:19:45.864+0000][1][safepoint    ] Safepoint "Cleanup", Time since last: 1003081209 ns, Reaching safepoint: 815792 ns, At safepoint: 21916 ns, Total: 837708 ns
[2022-09-04T16:19:46.868+0000][1][safepoint    ] Safepoint "Cleanup", Time since last: 1003085667 ns, Reaching safepoint: 1450542 ns, At safepoint: 69333 ns, Total: 1519875 ns
[2022-09-04T16:19:47.873+0000][1][safepoint    ] Safepoint "Cleanup", Time since last: 1002147168 ns, Reaching safepoint: 2558833 ns, At safepoint: 60208 ns, Total: 2619041 ns
[2022-09-04T16:19:48.881+0000][1][safepoint    ] Safepoint "Cleanup", Time since last: 1005830001 ns, Reaching safepoint: 1661208 ns, At safepoint: 49875 ns, Total: 1711083 ns
[2022-09-04T16:19:49.885+0000][1][safepoint    ] Safepoint "Cleanup", Time since last: 1003289376 ns, Reaching safepoint: 889333 ns, At safepoint: 19625 ns, Total: 908958 ns
[2022-09-04T16:19:50.890+0000][1][safepoint    ] Safepoint "Cleanup", Time since last: 1002201334 ns, Reaching safepoint: 2507875 ns, At safepoint: 76666 ns, Total: 2584541 ns
[2022-09-04T16:19:51.897+0000][1][safepoint    ] Safepoint "Cleanup", Time since last: 1006378501 ns, Reaching safepoint: 1457541 ns, At safepoint: 39250 ns, Total: 1496791 ns
[2022-09-04T16:19:52.901+0000][1][safepoint    ] Safepoint "Cleanup", Time since last: 1002729126 ns, Reaching safepoint: 1203208 ns, At safepoint: 22000 ns, Total: 1225208 ns
[2022-09-04T16:19:54.361+0000][1][safepoint    ] Safepoint "Cleanup", Time since last: 1458824834 ns, Reaching safepoint: 1088375 ns, At safepoint: 28167 ns, Total: 1116542 ns
[2022-09-04T16:19:55.364+0000][1][safepoint    ] Safepoint "Cleanup", Time since last: 1001360292 ns, Reaching safepoint: 996750 ns, At safepoint: 26083 ns, Total: 1022833 ns
[2022-09-04T16:19:56.367+0000][1][safepoint    ] Safepoint "Cleanup", Time since last: 1002508834 ns, Reaching safepoint: 799875 ns, At safepoint: 21875 ns, Total: 821750 ns
[2022-09-04T16:19:57.377+0000][1][safepoint    ] Safepoint "Cleanup", Time since last: 1006703001 ns, Reaching safepoint: 2843250 ns, At safepoint: 86833 ns, Total: 2930083 ns
[2022-09-04T16:19:58.384+0000][1][safepoint    ] Safepoint "Cleanup", Time since last: 1005960209 ns, Reaching safepoint: 937125 ns, At safepoint: 25083 ns, Total: 962208 ns
[2022-09-04T16:19:59.388+0000][1][safepoint    ] Safepoint "Cleanup", Time since last: 1003141251 ns, Reaching safepoint: 1282250 ns, At safepoint: 33375 ns, Total: 1315625 ns
[2022-09-04T16:20:00.393+0000][1][safepoint    ] Safepoint "Cleanup", Time since last: 1003899542 ns, Reaching safepoint: 1015667 ns, At safepoint: 24708 ns, Total: 1040375 ns
[2022-09-04T16:20:01.416+0000][1][safepoint    ] Safepoint "Cleanup", Time since last: 1021084208 ns, Reaching safepoint: 1482125 ns, At safepoint: 47500 ns, Total: 1529625 ns
[2022-09-04T16:20:02.420+0000][1][safepoint    ] Safepoint "Cleanup", Time since last: 1002987876 ns, Reaching safepoint: 900875 ns, At safepoint: 17750 ns, Total: 918625 ns
[2022-09-04T16:20:03.424+0000][1][safepoint    ] Safepoint "Cleanup", Time since last: 1003324167 ns, Reaching safepoint: 858417 ns, At safepoint: 23083 ns, Total: 881500 ns
[2022-09-04T16:20:04.429+0000][1][safepoint    ] Safepoint "Cleanup", Time since last: 1003117125 ns, Reaching safepoint: 2215084 ns, At safepoint: 71166 ns, Total: 2286250 ns
[2022-09-04T16:20:05.434+0000][1][safepoint    ] Safepoint "Cleanup", Time since last: 1003378043 ns, Reaching safepoint: 884250 ns, At safepoint: 22458 ns, Total: 906708 ns
[2022-09-04T16:20:06.437+0000][1][safepoint    ] Safepoint "Cleanup", Time since last: 1002840709 ns, Reaching safepoint: 881208 ns, At safepoint: 25792 ns, Total: 907000 ns
[2022-09-04T16:20:07.440+0000][1][safepoint    ] Safepoint "Cleanup", Time since last: 1001541917 ns, Reaching safepoint: 880083 ns, At safepoint: 21709 ns, Total: 901792 ns
[2022-09-04T16:20:08.444+0000][1][safepoint    ] Safepoint "Cleanup", Time since last: 1002735042 ns, Reaching safepoint: 885125 ns, At safepoint: 21375 ns, Total: 906500 ns
[2022-09-04T16:20:09.449+0000][1][safepoint    ] Safepoint "Cleanup", Time since last: 1003277667 ns, Reaching safepoint: 2110000 ns, At safepoint: 67667 ns, Total: 2177667 ns
[2022-09-04T16:20:10.459+0000][1][safepoint    ] Safepoint "Cleanup", Time since last: 1008695708 ns, Reaching safepoint: 921834 ns, At safepoint: 26041 ns, Total: 947875 ns
[2022-09-04T16:20:11.468+0000][1][safepoint    ] Safepoint "Cleanup", Time since last: 1007180459 ns, Reaching safepoint: 2323917 ns, At safepoint: 116542 ns, Total: 2440459 ns
[2022-09-04T16:20:12.474+0000][1][safepoint    ] Safepoint "Cleanup", Time since last: 1004205750 ns, Reaching safepoint: 1293208 ns, At safepoint: 38000 ns, Total: 1331208 ns
[2022-09-04T16:20:13.479+0000][1][safepoint    ] Safepoint "Cleanup", Time since last: 1003913292 ns, Reaching safepoint: 1007542 ns, At safepoint: 25250 ns, Total: 1032792 ns
[2022-09-04T16:20:14.146+0000][1][safepoint    ] Safepoint "RevokeBias", Time since last: 664409167 ns, Reaching safepoint: 1339208 ns, At safepoint: 1400417 ns, Total: 2739625 ns
[2022-09-04T16:20:14.158+0000][1][safepoint    ] Safepoint "RevokeBias", Time since last: 10722875 ns, Reaching safepoint: 682542 ns, At safepoint: 663041 ns, Total: 1345583 ns
[2022-09-04T16:20:14.360+0000][1][safepoint    ] Safepoint "RevokeBias", Time since last: 201029834 ns, Reaching safepoint: 842500 ns, At safepoint: 119625 ns, Total: 962125 ns
[2022-09-04T16:20:14.521+0000][1][safepoint    ] Safepoint "RevokeBias", Time since last: 159026417 ns, Reaching safepoint: 1358541 ns, At safepoint: 251000 ns, Total: 1609541 ns
[2022-09-04T16:20:15.527+0000][1][safepoint    ] Safepoint "Cleanup", Time since last: 1002998251 ns, Reaching safepoint: 2849750 ns, At safepoint: 77541 ns, Total: 2927291 ns
[2022-09-04T16:20:16.532+0000][1][safepoint    ] Safepoint "Cleanup", Time since last: 1004533709 ns, Reaching safepoint: 1294584 ns, At safepoint: 41916 ns, Total: 1336500 ns
[2022-09-04T16:20:17.538+0000][1][safepoint    ] Safepoint "Cleanup", Time since last: 1003248959 ns, Reaching safepoint: 2682167 ns, At safepoint: 104208 ns, Total: 2786375 ns
[2022-09-04T16:20:18.546+0000][1][safepoint    ] Safepoint "Cleanup", Time since last: 1006086167 ns, Reaching safepoint: 1147750 ns, At safepoint: 26750 ns, Total: 1174500 ns
[2022-09-04T16:20:19.551+0000][1][safepoint    ] Safepoint "Cleanup", Time since last: 1004302626 ns, Reaching safepoint: 1351583 ns, At safepoint: 35833 ns, Total: 1387416 ns
[2022-09-04T16:20:20.104+0000][1][safepoint    ] Safepoint "RevokeBias", Time since last: 551700584 ns, Reaching safepoint: 1001750 ns, At safepoint: 168750 ns, Total: 1170500 ns
[2022-09-04T16:20:20.109+0000][1][safepoint    ] Safepoint "RevokeBias", Time since last: 3589750 ns, Reaching safepoint: 693833 ns, At safepoint: 127542 ns, Total: 821375 ns
[2022-09-04T16:20:20.195+0000][1][safepoint    ] Safepoint "RevokeBias", Time since last: 85652458 ns, Reaching safepoint: 711459 ns, At safepoint: 158875 ns, Total: 870334 ns
[2022-09-04T16:20:20.215+0000][1][safepoint    ] Safepoint "RevokeBias", Time since last: 18882958 ns, Reaching safepoint: 1248875 ns, At safepoint: 163583 ns, Total: 1412458 ns
[2022-09-04T16:20:21.219+0000][1][safepoint    ] Safepoint "Cleanup", Time since last: 1001494126 ns, Reaching safepoint: 1935208 ns, At safepoint: 47125 ns, Total: 1982333 ns
[2022-09-04T16:20:22.226+0000][1][safepoint    ] Safepoint "Cleanup", Time since last: 1004322209 ns, Reaching safepoint: 2804958 ns, At safepoint: 74542 ns, Total: 2879500 ns
[2022-09-04T16:20:23.232+0000][1][safepoint    ] Safepoint "Cleanup", Time since last: 1004540792 ns, Reaching safepoint: 796667 ns, At safepoint: 21458 ns, Total: 818125 ns
[2022-09-04T16:20:24.235+0000][1][safepoint    ] Safepoint "Cleanup", Time since last: 1001965167 ns, Reaching safepoint: 1336709 ns, At safepoint: 37333 ns, Total: 1374042 ns
[2022-09-04T16:20:25.241+0000][1][safepoint    ] Safepoint "Cleanup", Time since last: 1003608334 ns, Reaching safepoint: 2295791 ns, At safepoint: 89500 ns, Total: 2385291 ns
[2022-09-04T16:20:26.249+0000][1][safepoint    ] Safepoint "Cleanup", Time since last: 1006736959 ns, Reaching safepoint: 895625 ns, At safepoint: 23417 ns, Total: 919042 ns
[2022-09-04T16:20:27.255+0000][1][safepoint    ] Safepoint "Cleanup", Time since last: 1002124125 ns, Reaching safepoint: 3559417 ns, At safepoint: 267625 ns, Total: 3827042 ns
[2022-09-04T16:20:28.261+0000][1][safepoint    ] Safepoint "Cleanup", Time since last: 1005813167 ns, Reaching safepoint: 822792 ns, At safepoint: 23917 ns, Total: 846709 ns
[2022-09-04T16:20:29.264+0000][1][safepoint    ] Safepoint "Cleanup", Time since last: 1001731542 ns, Reaching safepoint: 1514625 ns, At safepoint: 35791 ns, Total: 1550416 ns
[2022-09-04T16:20:30.268+0000][1][safepoint    ] Safepoint "Cleanup", Time since last: 1002842751 ns, Reaching safepoint: 800041 ns, At safepoint: 22334 ns, Total: 822375 ns
[2022-09-04T16:20:31.270+0000][1][safepoint    ] Safepoint "Cleanup", Time since last: 1001593291 ns, Reaching safepoint: 852917 ns, At safepoint: 25875 ns, Total: 878792 ns
[2022-09-04T16:20:32.272+0000][1][safepoint    ] Safepoint "Cleanup", Time since last: 1001632042 ns, Reaching safepoint: 903167 ns, At safepoint: 16041 ns, Total: 919208 ns
[2022-09-04T16:20:33.275+0000][1][safepoint    ] Safepoint "Cleanup", Time since last: 1001575668 ns, Reaching safepoint: 968416 ns, At safepoint: 25084 ns, Total: 993500 ns
[2022-09-04T16:20:34.280+0000][1][safepoint    ] Safepoint "Cleanup", Time since last: 1004122625 ns, Reaching safepoint: 1144583 ns, At safepoint: 127625 ns, Total: 1272208 ns
[2022-09-04T16:20:35.285+0000][1][safepoint    ] Safepoint "Cleanup", Time since last: 1003232126 ns, Reaching safepoint: 1641792 ns, At safepoint: 57250 ns, Total: 1699042 ns
[2022-09-04T16:20:36.288+0000][1][safepoint    ] Safepoint "Cleanup", Time since last: 1002041083 ns, Reaching safepoint: 873459 ns, At safepoint: 22791 ns, Total: 896250 ns
[2022-09-04T16:20:37.292+0000][1][safepoint    ] Safepoint "Cleanup", Time since last: 1002411918 ns, Reaching safepoint: 1493625 ns, At safepoint: 38291 ns, Total: 1531916 ns
[2022-09-04T16:20:38.296+0000][1][safepoint    ] Safepoint "Cleanup", Time since last: 1003097417 ns, Reaching safepoint: 901334 ns, At safepoint: 151125 ns, Total: 1052459 ns
[2022-09-04T16:20:39.301+0000][1][safepoint    ] Safepoint "Cleanup", Time since last: 1003221250 ns, Reaching safepoint: 1176375 ns, At safepoint: 30833 ns, Total: 1207208 ns
[2022-09-04T16:20:40.305+0000][1][safepoint    ] Safepoint "Cleanup", Time since last: 1003305751 ns, Reaching safepoint: 860375 ns, At safepoint: 24542 ns, Total: 884917 ns
[2022-09-04T16:20:41.308+0000][1][safepoint    ] Safepoint "Cleanup", Time since last: 1002171167 ns, Reaching safepoint: 1298375 ns, At safepoint: 34333 ns, Total: 1332708 ns
[2022-09-04T16:20:42.311+0000][1][safepoint    ] Safepoint "Cleanup", Time since last: 1002200792 ns, Reaching safepoint: 764667 ns, At safepoint: 38167 ns, Total: 802834 ns
[2022-09-04T16:20:43.316+0000][1][safepoint    ] Safepoint "Cleanup", Time since last: 1003246917 ns, Reaching safepoint: 866791 ns, At safepoint: 20709 ns, Total: 887500 ns
[2022-09-04T16:20:44.319+0000][1][safepoint    ] Safepoint "Cleanup", Time since last: 1002879375 ns, Reaching safepoint: 975250 ns, At safepoint: 32750 ns, Total: 1008000 ns
[2022-09-04T16:20:45.323+0000][1][safepoint    ] Safepoint "Cleanup", Time since last: 1001839792 ns, Reaching safepoint: 1440125 ns, At safepoint: 57625 ns, Total: 1497750 ns
[2022-09-04T16:20:46.326+0000][1][safepoint    ] Safepoint "Cleanup", Time since last: 1002243251 ns, Reaching safepoint: 899000 ns, At safepoint: 35750 ns, Total: 934750 ns
[2022-09-04T16:20:47.330+0000][1][safepoint    ] Safepoint "Cleanup", Time since last: 1002305375 ns, Reaching safepoint: 1283500 ns, At safepoint: 31500 ns, Total: 1315000 ns
[2022-09-04T16:20:48.333+0000][1][safepoint    ] Safepoint "Cleanup", Time since last: 1002775084 ns, Reaching safepoint: 859042 ns, At safepoint: 36916 ns, Total: 895958 ns
[2022-09-04T16:20:49.337+0000][1][safepoint    ] Safepoint "Cleanup", Time since last: 1002613959 ns, Reaching safepoint: 865500 ns, At safepoint: 23459 ns, Total: 888959 ns
[2022-09-04T16:20:50.340+0000][1][safepoint    ] Safepoint "Cleanup", Time since last: 1002331000 ns, Reaching safepoint: 913417 ns, At safepoint: 29916 ns, Total: 943333 ns
[2022-09-04T16:20:51.346+0000][1][safepoint    ] Safepoint "Cleanup", Time since last: 1001939459 ns, Reaching safepoint: 3393625 ns, At safepoint: 240959 ns, Total: 3634584 ns
[2022-09-04T16:20:52.352+0000][1][safepoint    ] Safepoint "Cleanup", Time since last: 1004745583 ns, Reaching safepoint: 1233000 ns, At safepoint: 28917 ns, Total: 1261917 ns
[2022-09-04T16:20:53.356+0000][1][safepoint    ] Safepoint "Cleanup", Time since last: 1003158626 ns, Reaching safepoint: 897541 ns, At safepoint: 24750 ns, Total: 922291 ns
[2022-09-04T16:20:54.359+0000][1][safepoint    ] Safepoint "Cleanup", Time since last: 1002657709 ns, Reaching safepoint: 923292 ns, At safepoint: 21958 ns, Total: 945250 ns
[2022-09-04T16:20:55.363+0000][1][safepoint    ] Safepoint "Cleanup", Time since last: 1003313917 ns, Reaching safepoint: 817250 ns, At safepoint: 23458 ns, Total: 840708 ns
[2022-09-04T16:20:56.367+0000][1][safepoint    ] Safepoint "Cleanup", Time since last: 1002578376 ns, Reaching safepoint: 829042 ns, At safepoint: 20541 ns, Total: 849583 ns
[2022-09-04T16:20:57.371+0000][1][safepoint    ] Safepoint "Cleanup", Time since last: 1002105292 ns, Reaching safepoint: 1782000 ns, At safepoint: 54042 ns, Total: 1836042 ns
[2022-09-04T16:20:58.377+0000][1][safepoint    ] Safepoint "Cleanup", Time since last: 1005172376 ns, Reaching safepoint: 984000 ns, At safepoint: 28708 ns, Total: 1012708 ns
[2022-09-04T16:20:59.382+0000][1][safepoint    ] Safepoint "Cleanup", Time since last: 1003949042 ns, Reaching safepoint: 1187208 ns, At safepoint: 26167 ns, Total: 1213375 ns
[2022-09-04T16:21:00.385+0000][1][safepoint    ] Safepoint "Cleanup", Time since last: 1002188876 ns, Reaching safepoint: 1051000 ns, At safepoint: 32250 ns, Total: 1083250 ns
[2022-09-04T16:21:01.390+0000][1][safepoint    ] Safepoint "Cleanup", Time since last: 1003021291 ns, Reaching safepoint: 1513375 ns, At safepoint: 64542 ns, Total: 1577917 ns
[2022-09-04T16:21:02.394+0000][1][safepoint    ] Safepoint "Cleanup", Time since last: 1003489667 ns, Reaching safepoint: 1154375 ns, At safepoint: 44292 ns, Total: 1198667 ns
[2022-09-04T16:21:04.322+0000][1][safepoint    ] Safepoint "Cleanup", Time since last: 1927123917 ns, Reaching safepoint: 896083 ns, At safepoint: 22625 ns, Total: 918708 ns
[2022-09-04T16:21:05.326+0000][1][safepoint    ] Safepoint "Cleanup", Time since last: 1002168334 ns, Reaching safepoint: 1116792 ns, At safepoint: 27667 ns, Total: 1144459 ns
[2022-09-04T16:21:06.329+0000][1][safepoint    ] Safepoint "Cleanup", Time since last: 1002455167 ns, Reaching safepoint: 779375 ns, At safepoint: 21041 ns, Total: 800416 ns
[2022-09-04T16:21:07.332+0000][1][safepoint    ] Safepoint "Cleanup", Time since last: 1002108584 ns, Reaching safepoint: 1022542 ns, At safepoint: 37708 ns, Total: 1060250 ns
[2022-09-04T16:21:08.335+0000][1][safepoint    ] Safepoint "Cleanup", Time since last: 1002330167 ns, Reaching safepoint: 820709 ns, At safepoint: 22625 ns, Total: 843334 ns
[2022-09-04T16:21:09.338+0000][1][safepoint    ] Safepoint "Cleanup", Time since last: 1001666417 ns, Reaching safepoint: 1084375 ns, At safepoint: 22833 ns, Total: 1107208 ns
[2022-09-04T16:21:10.342+0000][1][safepoint    ] Safepoint "Cleanup", Time since last: 1003116126 ns, Reaching safepoint: 808750 ns, At safepoint: 20416 ns, Total: 829166 ns
[2022-09-04T16:21:11.347+0000][1][safepoint    ] Safepoint "Cleanup", Time since last: 1003506334 ns, Reaching safepoint: 1135500 ns, At safepoint: 30208 ns, Total: 1165708 ns
[2022-09-04T16:21:12.350+0000][1][safepoint    ] Safepoint "Cleanup", Time since last: 1002723376 ns, Reaching safepoint: 912375 ns, At safepoint: 23208 ns, Total: 935583 ns
[2022-09-04T16:21:13.353+0000][1][safepoint    ] Safepoint "Cleanup", Time since last: 1001798917 ns, Reaching safepoint: 841209 ns, At safepoint: 24833 ns, Total: 866042 ns
[2022-09-04T16:21:14.356+0000][1][safepoint    ] Safepoint "Cleanup", Time since last: 1001927626 ns, Reaching safepoint: 910833 ns, At safepoint: 23500 ns, Total: 934333 ns
[2022-09-04T16:21:15.362+0000][1][safepoint    ] Safepoint "Cleanup", Time since last: 1004075959 ns, Reaching safepoint: 1722916 ns, At safepoint: 73125 ns, Total: 1796041 ns
[2022-09-04T16:21:16.365+0000][1][safepoint    ] Safepoint "Cleanup", Time since last: 1002641376 ns, Reaching safepoint: 840208 ns, At safepoint: 23000 ns, Total: 863208 ns
[2022-09-04T16:21:17.369+0000][1][safepoint    ] Safepoint "Cleanup", Time since last: 1001671792 ns, Reaching safepoint: 1751959 ns, At safepoint: 46541 ns, Total: 1798500 ns
[2022-09-04T16:21:18.373+0000][1][safepoint    ] Safepoint "Cleanup", Time since last: 1003059917 ns, Reaching safepoint: 822750 ns, At safepoint: 21917 ns, Total: 844667 ns
[2022-09-04T16:21:19.376+0000][1][safepoint    ] Safepoint "Cleanup", Time since last: 1001978126 ns, Reaching safepoint: 1020333 ns, At safepoint: 23750 ns, Total: 1044083 ns
[2022-09-04T16:21:20.379+0000][1][safepoint    ] Safepoint "Cleanup", Time since last: 1001916625 ns, Reaching safepoint: 1223334 ns, At safepoint: 27416 ns, Total: 1250750 ns
[2022-09-04T16:21:21.384+0000][1][safepoint    ] Safepoint "Cleanup", Time since last: 1004334751 ns, Reaching safepoint: 1062458 ns, At safepoint: 27834 ns, Total: 1090292 ns
[2022-09-04T16:21:22.389+0000][1][safepoint    ] Safepoint "Cleanup", Time since last: 1003215917 ns, Reaching safepoint: 1341458 ns, At safepoint: 37542 ns, Total: 1379000 ns
[2022-09-04T16:21:23.392+0000][1][safepoint    ] Safepoint "Cleanup", Time since last: 1002564917 ns, Reaching safepoint: 933875 ns, At safepoint: 26542 ns, Total: 960417 ns
[2022-09-04T16:21:24.400+0000][1][safepoint    ] Safepoint "Cleanup", Time since last: 1004851750 ns, Reaching safepoint: 2484083 ns, At safepoint: 73834 ns, Total: 2557917 ns
[2022-09-04T16:21:25.405+0000][1][safepoint    ] Safepoint "Cleanup", Time since last: 1003371583 ns, Reaching safepoint: 1439167 ns, At safepoint: 44292 ns, Total: 1483459 ns
[2022-09-04T16:21:26.410+0000][1][safepoint    ] Safepoint "Cleanup", Time since last: 1004319875 ns, Reaching safepoint: 1012750 ns, At safepoint: 22542 ns, Total: 1035292 ns
[2022-09-04T16:21:27.413+0000][1][safepoint    ] Safepoint "Cleanup", Time since last: 1001948625 ns, Reaching safepoint: 1144209 ns, At safepoint: 50250 ns, Total: 1194459 ns
[2022-09-04T16:21:28.417+0000][1][safepoint    ] Safepoint "Cleanup", Time since last: 1002282167 ns, Reaching safepoint: 1190792 ns, At safepoint: 32750 ns, Total: 1223542 ns
[2022-09-04T16:21:29.419+0000][1][safepoint    ] Safepoint "Cleanup", Time since last: 1001674417 ns, Reaching safepoint: 1027791 ns, At safepoint: 24667 ns, Total: 1052458 ns
[2022-09-04T16:21:30.422+0000][1][safepoint    ] Safepoint "Cleanup", Time since last: 1001710501 ns, Reaching safepoint: 1099125 ns, At safepoint: 21208 ns, Total: 1120333 ns
[2022-09-04T16:21:31.425+0000][1][safepoint    ] Safepoint "Cleanup", Time since last: 1001740708 ns, Reaching safepoint: 880875 ns, At safepoint: 23875 ns, Total: 904750 ns
[2022-09-04T16:21:32.168+0000][1][safepoint    ] Safepoint "RevokeBias", Time since last: 742234917 ns, Reaching safepoint: 842166 ns, At safepoint: 133709 ns, Total: 975875 ns
[2022-09-04T16:21:32.174+0000][1][safepoint    ] Safepoint "RevokeBias", Time since last: 5253666 ns, Reaching safepoint: 441000 ns, At safepoint: 88709 ns, Total: 529709 ns
[2022-09-04T16:21:32.266+0000][1][safepoint    ] Safepoint "RevokeBias", Time since last: 90802958 ns, Reaching safepoint: 893792 ns, At safepoint: 114833 ns, Total: 1008625 ns
[2022-09-04T16:21:32.322+0000][1][safepoint    ] Safepoint "RevokeBias", Time since last: 55062375 ns, Reaching safepoint: 1050000 ns, At safepoint: 115417 ns, Total: 1165417 ns
[2022-09-04T16:21:33.325+0000][1][safepoint    ] Safepoint "Cleanup", Time since last: 1002077125 ns, Reaching safepoint: 838875 ns, At safepoint: 24459 ns, Total: 863334 ns
[2022-09-04T16:21:34.334+0000][1][safepoint    ] Safepoint "Cleanup", Time since last: 1008043708 ns, Reaching safepoint: 882417 ns, At safepoint: 24542 ns, Total: 906959 ns
[2022-09-04T16:21:35.337+0000][1][safepoint    ] Safepoint "Cleanup", Time since last: 1002152042 ns, Reaching safepoint: 984208 ns, At safepoint: 28375 ns, Total: 1012583 ns
[2022-09-04T16:21:36.342+0000][1][safepoint    ] Safepoint "Cleanup", Time since last: 1003478876 ns, Reaching safepoint: 1050083 ns, At safepoint: 23833 ns, Total: 1073916 ns
[2022-09-04T16:21:37.345+0000][1][safepoint    ] Safepoint "Cleanup", Time since last: 1002092543 ns, Reaching safepoint: 1147166 ns, At safepoint: 28459 ns, Total: 1175625 ns
[2022-09-04T16:21:38.351+0000][1][safepoint    ] Safepoint "Cleanup", Time since last: 1005711500 ns, Reaching safepoint: 864208 ns, At safepoint: 20042 ns, Total: 884250 ns
[2022-09-04T16:21:39.357+0000][1][safepoint    ] Safepoint "Cleanup", Time since last: 1004241876 ns, Reaching safepoint: 1079833 ns, At safepoint: 24333 ns, Total: 1104166 ns
[2022-09-04T16:21:40.361+0000][1][safepoint    ] Safepoint "Cleanup", Time since last: 1003086501 ns, Reaching safepoint: 803125 ns, At safepoint: 21625 ns, Total: 824750 ns
[2022-09-04T16:21:41.365+0000][1][safepoint    ] Safepoint "Cleanup", Time since last: 1003201375 ns, Reaching safepoint: 1482500 ns, At safepoint: 37625 ns, Total: 1520125 ns
[2022-09-04T16:21:42.370+0000][1][safepoint    ] Safepoint "Cleanup", Time since last: 1003007084 ns, Reaching safepoint: 1189042 ns, At safepoint: 29208 ns, Total: 1218250 ns
[2022-09-04T16:21:43.376+0000][1][safepoint    ] Safepoint "Cleanup", Time since last: 1005164250 ns, Reaching safepoint: 788375 ns, At safepoint: 21084 ns, Total: 809459 ns
[2022-09-04T16:21:44.379+0000][1][safepoint    ] Safepoint "Cleanup", Time since last: 1002424834 ns, Reaching safepoint: 848875 ns, At safepoint: 33291 ns, Total: 882166 ns
[2022-09-04T16:21:45.382+0000][1][safepoint    ] Safepoint "Cleanup", Time since last: 1002354501 ns, Reaching safepoint: 798833 ns, At safepoint: 20917 ns, Total: 819750 ns
[2022-09-04T16:21:46.386+0000][1][safepoint    ] Safepoint "Cleanup", Time since last: 1001876292 ns, Reaching safepoint: 2201208 ns, At safepoint: 238250 ns, Total: 2439458 ns
[2022-09-04T16:21:47.394+0000][1][safepoint    ] Safepoint "Cleanup", Time since last: 1002763459 ns, Reaching safepoint: 4359875 ns, At safepoint: 94625 ns, Total: 4454500 ns
[2022-09-04T16:21:48.402+0000][1][safepoint    ] Safepoint "Cleanup", Time since last: 1006920792 ns, Reaching safepoint: 1119042 ns, At safepoint: 27291 ns, Total: 1146333 ns
[2022-09-04T16:21:49.405+0000][1][safepoint    ] Safepoint "Cleanup", Time since last: 1002194584 ns, Reaching safepoint: 1552542 ns, At safepoint: 35042 ns, Total: 1587584 ns
[2022-09-04T16:21:50.410+0000][1][safepoint    ] Safepoint "Cleanup", Time since last: 1003386083 ns, Reaching safepoint: 1125917 ns, At safepoint: 48333 ns, Total: 1174250 ns
[2022-09-04T16:21:51.415+0000][1][safepoint    ] Safepoint "Cleanup", Time since last: 1002930043 ns, Reaching safepoint: 1959333 ns, At safepoint: 65917 ns, Total: 2025250 ns
[2022-09-04T16:21:52.422+0000][1][safepoint    ] Safepoint "Cleanup", Time since last: 1003786500 ns, Reaching safepoint: 3048708 ns, At safepoint: 86125 ns, Total: 3134833 ns
[2022-09-04T16:21:53.430+0000][1][safepoint    ] Safepoint "Cleanup", Time since last: 1007339918 ns, Reaching safepoint: 824083 ns, At safepoint: 25542 ns, Total: 849625 ns
[2022-09-04T16:21:54.570+0000][1][safepoint    ] Safepoint "Cleanup", Time since last: 1138643583 ns, Reaching safepoint: 1174542 ns, At safepoint: 27958 ns, Total: 1202500 ns
[2022-09-04T16:21:55.574+0000][1][safepoint    ] Safepoint "Cleanup", Time since last: 1002650334 ns, Reaching safepoint: 893792 ns, At safepoint: 22417 ns, Total: 916209 ns
[2022-09-04T16:21:56.576+0000][1][safepoint    ] Safepoint "Cleanup", Time since last: 1001961917 ns, Reaching safepoint: 824583 ns, At safepoint: 21042 ns, Total: 845625 ns
[2022-09-04T16:21:57.580+0000][1][safepoint    ] Safepoint "Cleanup", Time since last: 1002457750 ns, Reaching safepoint: 909834 ns, At safepoint: 20875 ns, Total: 930709 ns
[2022-09-04T16:21:58.583+0000][1][safepoint    ] Safepoint "Cleanup", Time since last: 1001699792 ns, Reaching safepoint: 1217083 ns, At safepoint: 26167 ns, Total: 1243250 ns
[2022-09-04T16:21:59.587+0000][1][safepoint    ] Safepoint "Cleanup", Time since last: 1002176458 ns, Reaching safepoint: 2475084 ns, At safepoint: 58166 ns, Total: 2533250 ns
[2022-09-04T16:22:00.594+0000][1][safepoint    ] Safepoint "Cleanup", Time since last: 1004262501 ns, Reaching safepoint: 1948958 ns, At safepoint: 49875 ns, Total: 1998833 ns
[2022-09-04T16:22:01.602+0000][1][safepoint    ] Safepoint "Cleanup", Time since last: 1005275625 ns, Reaching safepoint: 2658375 ns, At safepoint: 75708 ns, Total: 2734083 ns
[2022-09-04T16:22:02.607+0000][1][safepoint    ] Safepoint "Cleanup", Time since last: 1004536751 ns, Reaching safepoint: 1090667 ns, At safepoint: 26750 ns, Total: 1117417 ns
[2022-09-04T16:22:03.620+0000][1][safepoint    ] Safepoint "Cleanup", Time since last: 1004664875 ns, Reaching safepoint: 6422125 ns, At safepoint: 448167 ns, Total: 6870292 ns
[2022-09-04T16:22:04.631+0000][1][safepoint    ] Safepoint "Cleanup", Time since last: 1010028334 ns, Reaching safepoint: 1762791 ns, At safepoint: 40542 ns, Total: 1803333 ns
[2022-09-04T16:22:05.634+0000][1][safepoint    ] Safepoint "Cleanup", Time since last: 1002288167 ns, Reaching safepoint: 1382167 ns, At safepoint: 38000 ns, Total: 1420167 ns
[2022-09-04T16:22:06.641+0000][1][safepoint    ] Safepoint "Cleanup", Time since last: 1004286792 ns, Reaching safepoint: 2149167 ns, At safepoint: 46583 ns, Total: 2195750 ns
[2022-09-04T16:22:07.645+0000][1][safepoint    ] Safepoint "Cleanup", Time since last: 1003002625 ns, Reaching safepoint: 947250 ns, At safepoint: 80500 ns, Total: 1027750 ns
[2022-09-04T16:22:08.650+0000][1][safepoint    ] Safepoint "Cleanup", Time since last: 1001933292 ns, Reaching safepoint: 2748292 ns, At safepoint: 88417 ns, Total: 2836709 ns
[2022-09-04T16:22:09.658+0000][1][safepoint    ] Safepoint "Cleanup", Time since last: 1005194542 ns, Reaching safepoint: 3048083 ns, At safepoint: 82084 ns, Total: 3130167 ns
[2022-09-04T16:22:10.664+0000][1][safepoint    ] Safepoint "Cleanup", Time since last: 1004671500 ns, Reaching safepoint: 1002333 ns, At safepoint: 27417 ns, Total: 1029750 ns
[2022-09-04T16:22:11.668+0000][1][safepoint    ] Safepoint "Cleanup", Time since last: 1002624292 ns, Reaching safepoint: 1740084 ns, At safepoint: 77875 ns, Total: 1817959 ns
[2022-09-04T16:22:12.674+0000][1][safepoint    ] Safepoint "Cleanup", Time since last: 1003529167 ns, Reaching safepoint: 1994500 ns, At safepoint: 43791 ns, Total: 2038291 ns
[2022-09-04T16:22:13.679+0000][1][safepoint    ] Safepoint "Cleanup", Time since last: 1004131584 ns, Reaching safepoint: 864042 ns, At safepoint: 21292 ns, Total: 885334 ns
[2022-09-04T16:22:14.683+0000][1][safepoint    ] Safepoint "Cleanup", Time since last: 1001836708 ns, Reaching safepoint: 2115917 ns, At safepoint: 64708 ns, Total: 2180625 ns
[2022-09-04T16:22:15.689+0000][1][safepoint    ] Safepoint "Cleanup", Time since last: 1003693959 ns, Reaching safepoint: 2590750 ns, At safepoint: 69625 ns, Total: 2660375 ns
[2022-09-04T16:22:16.696+0000][1][safepoint    ] Safepoint "Cleanup", Time since last: 1005301084 ns, Reaching safepoint: 1459458 ns, At safepoint: 37084 ns, Total: 1496542 ns
[2022-09-04T16:22:17.701+0000][1][safepoint    ] Safepoint "Cleanup", Time since last: 1002593542 ns, Reaching safepoint: 2257208 ns, At safepoint: 81583 ns, Total: 2338791 ns
[2022-09-04T16:22:18.707+0000][1][safepoint    ] Safepoint "Cleanup", Time since last: 1002754626 ns, Reaching safepoint: 2848708 ns, At safepoint: 96542 ns, Total: 2945250 ns
[2022-09-04T16:22:20.353+0000][1][safepoint    ] Safepoint "Cleanup", Time since last: 1645307376 ns, Reaching safepoint: 851083 ns, At safepoint: 23708 ns, Total: 874791 ns
[2022-09-04T16:22:21.357+0000][1][safepoint    ] Safepoint "Cleanup", Time since last: 1002790668 ns, Reaching safepoint: 1283791 ns, At safepoint: 31542 ns, Total: 1315333 ns
[2022-09-04T16:22:22.363+0000][1][safepoint    ] Safepoint "Cleanup", Time since last: 1004516584 ns, Reaching safepoint: 1211125 ns, At safepoint: 28041 ns, Total: 1239166 ns
[2022-09-04T16:22:23.369+0000][1][safepoint    ] Safepoint "Cleanup", Time since last: 1002918709 ns, Reaching safepoint: 3727292 ns, At safepoint: 69208 ns, Total: 3796500 ns
[2022-09-04T16:22:24.375+0000][1][safepoint    ] Safepoint "Cleanup", Time since last: 1004528042 ns, Reaching safepoint: 1111292 ns, At safepoint: 101500 ns, Total: 1212792 ns
[2022-09-04T16:22:25.381+0000][1][safepoint    ] Safepoint "Cleanup", Time since last: 1004864125 ns, Reaching safepoint: 1006959 ns, At safepoint: 30458 ns, Total: 1037417 ns
[2022-09-04T16:22:26.384+0000][1][safepoint    ] Safepoint "Cleanup", Time since last: 1002349626 ns, Reaching safepoint: 910916 ns, At safepoint: 23042 ns, Total: 933958 ns
[2022-09-04T16:22:27.388+0000][1][safepoint    ] Safepoint "Cleanup", Time since last: 1002426084 ns, Reaching safepoint: 1632666 ns, At safepoint: 54125 ns, Total: 1686791 ns
[2022-09-04T16:22:28.393+0000][1][safepoint    ] Safepoint "Cleanup", Time since last: 1003498834 ns, Reaching safepoint: 980917 ns, At safepoint: 22417 ns, Total: 1003334 ns
[2022-09-04T16:22:29.397+0000][1][safepoint    ] Safepoint "Cleanup", Time since last: 1002764208 ns, Reaching safepoint: 1534417 ns, At safepoint: 49917 ns, Total: 1584334 ns
[2022-09-04T16:22:30.406+0000][1][safepoint    ] Safepoint "Cleanup", Time since last: 1007355292 ns, Reaching safepoint: 1139333 ns, At safepoint: 30875 ns, Total: 1170208 ns
[2022-09-04T16:22:31.410+0000][1][safepoint    ] Safepoint "Cleanup", Time since last: 1002364833 ns, Reaching safepoint: 2061292 ns, At safepoint: 61916 ns, Total: 2123208 ns
[2022-09-04T16:22:32.416+0000][1][safepoint    ] Safepoint "Cleanup", Time since last: 1004219543 ns, Reaching safepoint: 1664375 ns, At safepoint: 78583 ns, Total: 1742958 ns
[2022-09-04T16:22:33.423+0000][1][safepoint    ] Safepoint "Cleanup", Time since last: 1006688834 ns, Reaching safepoint: 945458 ns, At safepoint: 23667 ns, Total: 969125 ns
[2022-09-04T16:22:34.426+0000][1][safepoint    ] Safepoint "Cleanup", Time since last: 1001890333 ns, Reaching safepoint: 883500 ns, At safepoint: 24917 ns, Total: 908417 ns
[2022-09-04T16:22:35.428+0000][1][safepoint    ] Safepoint "Cleanup", Time since last: 1001509084 ns, Reaching safepoint: 886292 ns, At safepoint: 32708 ns, Total: 919000 ns
[2022-09-04T16:22:36.432+0000][1][safepoint    ] Safepoint "Cleanup", Time since last: 1002579417 ns, Reaching safepoint: 980708 ns, At safepoint: 29625 ns, Total: 1010333 ns
[2022-09-04T16:22:37.436+0000][1][safepoint    ] Safepoint "Cleanup", Time since last: 1002923834 ns, Reaching safepoint: 829584 ns, At safepoint: 22208 ns, Total: 851792 ns
[2022-09-04T16:22:38.440+0000][1][safepoint    ] Safepoint "Cleanup", Time since last: 1003025875 ns, Reaching safepoint: 1450959 ns, At safepoint: 36541 ns, Total: 1487500 ns
[2022-09-04T16:22:39.445+0000][1][safepoint    ] Safepoint "Cleanup", Time since last: 1003603918 ns, Reaching safepoint: 944958 ns, At safepoint: 22167 ns, Total: 967125 ns
[2022-09-04T16:22:40.448+0000][1][safepoint    ] Safepoint "Cleanup", Time since last: 1002711750 ns, Reaching safepoint: 904208 ns, At safepoint: 29167 ns, Total: 933375 ns
[2022-09-04T16:22:41.452+0000][1][safepoint    ] Safepoint "Cleanup", Time since last: 1001611250 ns, Reaching safepoint: 1844292 ns, At safepoint: 44417 ns, Total: 1888709 ns
[2022-09-04T16:22:42.456+0000][1][safepoint    ] Safepoint "Cleanup", Time since last: 1002642625 ns, Reaching safepoint: 1408917 ns, At safepoint: 50083 ns, Total: 1459000 ns
[2022-09-04T16:22:43.462+0000][1][safepoint    ] Safepoint "Cleanup", Time since last: 1004201292 ns, Reaching safepoint: 1869625 ns, At safepoint: 52375 ns, Total: 1922000 ns
[2022-09-04T16:22:44.467+0000][1][safepoint    ] Safepoint "Cleanup", Time since last: 1003693376 ns, Reaching safepoint: 1315833 ns, At safepoint: 31709 ns, Total: 1347542 ns
[2022-09-04T16:22:45.470+0000][1][safepoint    ] Safepoint "Cleanup", Time since last: 1002240875 ns, Reaching safepoint: 865667 ns, At safepoint: 23416 ns, Total: 889083 ns
[2022-09-04T16:22:46.476+0000][1][safepoint    ] Safepoint "Cleanup", Time since last: 1004167334 ns, Reaching safepoint: 1424292 ns, At safepoint: 34792 ns, Total: 1459084 ns
[2022-09-04T16:22:47.482+0000][1][safepoint    ] Safepoint "Cleanup", Time since last: 1004293125 ns, Reaching safepoint: 1267250 ns, At safepoint: 129125 ns, Total: 1396375 ns
[2022-09-04T16:22:48.488+0000][1][safepoint    ] Safepoint "Cleanup", Time since last: 1003568126 ns, Reaching safepoint: 2594458 ns, At safepoint: 74417 ns, Total: 2668875 ns
[2022-09-04T16:22:49.494+0000][1][safepoint    ] Safepoint "Cleanup", Time since last: 1004742167 ns, Reaching safepoint: 859000 ns, At safepoint: 22750 ns, Total: 881750 ns
[2022-09-04T16:22:50.498+0000][1][safepoint    ] Safepoint "Cleanup", Time since last: 1003271792 ns, Reaching safepoint: 1196541 ns, At safepoint: 29625 ns, Total: 1226166 ns
[2022-09-04T16:22:51.504+0000][1][safepoint    ] Safepoint "Cleanup", Time since last: 1002963459 ns, Reaching safepoint: 2788125 ns, At safepoint: 88375 ns, Total: 2876500 ns
[2022-09-04T16:22:52.513+0000][1][safepoint    ] Safepoint "Cleanup", Time since last: 1004387417 ns, Reaching safepoint: 4913625 ns, At safepoint: 97000 ns, Total: 5010625 ns
[2022-09-04T16:22:53.520+0000][1][safepoint    ] Safepoint "Cleanup", Time since last: 1005415293 ns, Reaching safepoint: 1497791 ns, At safepoint: 39042 ns, Total: 1536833 ns
[2022-09-04T16:22:53.742+0000][1][safepoint    ] Safepoint "RevokeBias", Time since last: 219392750 ns, Reaching safepoint: 589000 ns, At safepoint: 1517125 ns, Total: 2106125 ns
[2022-09-04T16:22:53.748+0000][1][safepoint    ] Safepoint "RevokeBias", Time since last: 5895917 ns, Reaching safepoint: 444958 ns, At safepoint: 90750 ns, Total: 535708 ns
[2022-09-04T16:22:54.189+0000][1][safepoint    ] Safepoint "RevokeBias", Time since last: 440296584 ns, Reaching safepoint: 737791 ns, At safepoint: 95000 ns, Total: 832791 ns
[2022-09-04T16:22:54.249+0000][1][safepoint    ] Safepoint "RevokeBias", Time since last: 58651917 ns, Reaching safepoint: 890750 ns, At safepoint: 156625 ns, Total: 1047375 ns
[2022-09-04T16:22:55.253+0000][1][safepoint    ] Safepoint "Cleanup", Time since last: 1001928542 ns, Reaching safepoint: 1778542 ns, At safepoint: 64416 ns, Total: 1842958 ns
[2022-09-04T16:22:56.257+0000][1][safepoint    ] Safepoint "Cleanup", Time since last: 1003512376 ns, Reaching safepoint: 855958 ns, At safepoint: 21667 ns, Total: 877625 ns
[2022-09-04T16:22:57.261+0000][1][safepoint    ] Safepoint "Cleanup", Time since last: 1002990834 ns, Reaching safepoint: 832583 ns, At safepoint: 21750 ns, Total: 854333 ns
[2022-09-04T16:22:58.267+0000][1][safepoint    ] Safepoint "Cleanup", Time since last: 1005133834 ns, Reaching safepoint: 1103917 ns, At safepoint: 27875 ns, Total: 1131792 ns
[2022-09-04T16:22:59.271+0000][1][safepoint    ] Safepoint "Cleanup", Time since last: 1002545083 ns, Reaching safepoint: 903125 ns, At safepoint: 23542 ns, Total: 926667 ns
[2022-09-04T16:22:59.339+0000][1][safepoint    ] Safepoint "RevokeBias", Time since last: 67758208 ns, Reaching safepoint: 730709 ns, At safepoint: 96083 ns, Total: 826792 ns
[2022-09-04T16:22:59.343+0000][1][safepoint    ] Safepoint "RevokeBias", Time since last: 3328750 ns, Reaching safepoint: 421542 ns, At safepoint: 83000 ns, Total: 504542 ns
[2022-09-04T16:22:59.420+0000][1][safepoint    ] Safepoint "RevokeBias", Time since last: 75860958 ns, Reaching safepoint: 852292 ns, At safepoint: 109958 ns, Total: 962250 ns
[2022-09-04T16:22:59.431+0000][1][safepoint    ] Safepoint "BulkRevokeBias", Time since last: 6331542 ns, Reaching safepoint: 793916 ns, At safepoint: 3387292 ns, Total: 4181208 ns
[2022-09-04T16:22:59.439+0000][1][safepoint    ] Safepoint "RevokeBias", Time since last: 7206958 ns, Reaching safepoint: 1262084 ns, At safepoint: 101791 ns, Total: 1363875 ns
[2022-09-04T16:22:59.466+0000][1][safepoint    ] Safepoint "RevokeBias", Time since last: 25677500 ns, Reaching safepoint: 692459 ns, At safepoint: 101541 ns, Total: 794000 ns
[2022-09-04T16:23:00.468+0000][1][safepoint    ] Safepoint "Cleanup", Time since last: 1001407918 ns, Reaching safepoint: 1154041 ns, At safepoint: 33334 ns, Total: 1187375 ns
[2022-09-04T16:23:01.446+0000][1][safepoint    ] Safepoint "Cleanup", Time since last: 1003521958 ns, Reaching safepoint: 3237833 ns, At safepoint: 136084 ns, Total: 3373917 ns
[2022-09-04T16:23:02.456+0000][1][safepoint    ] Safepoint "Cleanup", Time since last: 1006692625 ns, Reaching safepoint: 3037125 ns, At safepoint: 149917 ns, Total: 3187042 ns
[2022-09-04T16:23:03.461+0000][1][safepoint    ] Safepoint "Cleanup", Time since last: 1005121792 ns, Reaching safepoint: 841708 ns, At safepoint: 21292 ns, Total: 863000 ns
[2022-09-04T16:23:04.470+0000][1][safepoint    ] Safepoint "Cleanup", Time since last: 1006815209 ns, Reaching safepoint: 1354875 ns, At safepoint: 35583 ns, Total: 1390458 ns
[2022-09-04T16:23:05.479+0000][1][safepoint    ] Safepoint "Cleanup", Time since last: 1008180459 ns, Reaching safepoint: 940625 ns, At safepoint: 21708 ns, Total: 962333 ns
[2022-09-04T16:23:06.482+0000][1][safepoint    ] Safepoint "Cleanup", Time since last: 1001906917 ns, Reaching safepoint: 1506042 ns, At safepoint: 38375 ns, Total: 1544417 ns
[2022-09-04T16:23:07.487+0000][1][safepoint    ] Safepoint "Cleanup", Time since last: 1003368251 ns, Reaching safepoint: 960625 ns, At safepoint: 22833 ns, Total: 983458 ns
[2022-09-04T16:23:08.491+0000][1][safepoint    ] Safepoint "Cleanup", Time since last: 1003497542 ns, Reaching safepoint: 984042 ns, At safepoint: 190375 ns, Total: 1174417 ns
[2022-09-04T16:23:09.497+0000][1][safepoint    ] Safepoint "Cleanup", Time since last: 1004339792 ns, Reaching safepoint: 1154583 ns, At safepoint: 30125 ns, Total: 1184708 ns
[2022-09-04T16:23:10.516+0000][1][safepoint    ] Safepoint "Cleanup", Time since last: 1018521126 ns, Reaching safepoint: 932833 ns, At safepoint: 26208 ns, Total: 959041 ns
[2022-09-04T16:23:11.523+0000][1][safepoint    ] Safepoint "Cleanup", Time since last: 1001978543 ns, Reaching safepoint: 4423833 ns, At safepoint: 147250 ns, Total: 4571083 ns
[2022-09-04T16:23:12.529+0000][1][safepoint    ] Safepoint "Cleanup", Time since last: 1005016875 ns, Reaching safepoint: 1455375 ns, At safepoint: 52834 ns, Total: 1508209 ns
[2022-09-04T16:23:13.534+0000][1][safepoint    ] Safepoint "Cleanup", Time since last: 1002801542 ns, Reaching safepoint: 1798875 ns, At safepoint: 49083 ns, Total: 1847958 ns
[2022-09-04T16:23:14.539+0000][1][safepoint    ] Safepoint "Cleanup", Time since last: 1003316542 ns, Reaching safepoint: 1277917 ns, At safepoint: 32833 ns, Total: 1310750 ns
[2022-09-04T16:23:15.543+0000][1][safepoint    ] Safepoint "Cleanup", Time since last: 1003078167 ns, Reaching safepoint: 1305625 ns, At safepoint: 39042 ns, Total: 1344667 ns
[2022-09-04T16:23:16.550+0000][1][safepoint    ] Safepoint "Cleanup", Time since last: 1003438792 ns, Reaching safepoint: 3404667 ns, At safepoint: 121458 ns, Total: 3526125 ns
[2022-09-04T16:23:17.555+0000][1][safepoint    ] Safepoint "Cleanup", Time since last: 1004076834 ns, Reaching safepoint: 920375 ns, At safepoint: 22125 ns, Total: 942500 ns
[2022-09-04T16:23:18.559+0000][1][safepoint    ] Safepoint "Cleanup", Time since last: 1002057417 ns, Reaching safepoint: 1894834 ns, At safepoint: 54625 ns, Total: 1949459 ns
[2022-09-04T16:23:19.564+0000][1][safepoint    ] Safepoint "Cleanup", Time since last: 1002913417 ns, Reaching safepoint: 1584166 ns, At safepoint: 36875 ns, Total: 1621041 ns
[2022-09-04T16:23:20.569+0000][1][safepoint    ] Safepoint "Cleanup", Time since last: 1004173251 ns, Reaching safepoint: 947375 ns, At safepoint: 26292 ns, Total: 973667 ns
[2022-09-04T16:23:21.573+0000][1][safepoint    ] Safepoint "Cleanup", Time since last: 1002069292 ns, Reaching safepoint: 2554541 ns, At safepoint: 64667 ns, Total: 2619208 ns
[2022-09-04T16:23:22.582+0000][1][safepoint    ] Safepoint "Cleanup", Time since last: 1004783917 ns, Reaching safepoint: 3411708 ns, At safepoint: 92875 ns, Total: 3504583 ns
[2022-09-04T16:23:23.591+0000][1][safepoint    ] Safepoint "Cleanup", Time since last: 1005307543 ns, Reaching safepoint: 3953875 ns, At safepoint: 99041 ns, Total: 4052916 ns
[2022-09-04T16:23:24.598+0000][1][safepoint    ] Safepoint "Cleanup", Time since last: 1005165542 ns, Reaching safepoint: 1830250 ns, At safepoint: 48667 ns, Total: 1878917 ns
[2022-09-04T16:23:25.602+0000][1][safepoint    ] Safepoint "Cleanup", Time since last: 1002898751 ns, Reaching safepoint: 1063916 ns, At safepoint: 31042 ns, Total: 1094958 ns
[2022-09-04T16:23:26.607+0000][1][safepoint    ] Safepoint "Cleanup", Time since last: 1003216917 ns, Reaching safepoint: 1405750 ns, At safepoint: 36750 ns, Total: 1442500 ns
[2022-09-04T16:23:27.611+0000][1][safepoint    ] Safepoint "Cleanup", Time since last: 1002895584 ns, Reaching safepoint: 1462417 ns, At safepoint: 67916 ns, Total: 1530333 ns
[2022-09-04T16:23:28.616+0000][1][safepoint    ] Safepoint "Cleanup", Time since last: 1003131292 ns, Reaching safepoint: 1172250 ns, At safepoint: 31417 ns, Total: 1203667 ns
[2022-09-04T16:23:29.621+0000][1][safepoint    ] Safepoint "Cleanup", Time since last: 1003988542 ns, Reaching safepoint: 1723709 ns, At safepoint: 48208 ns, Total: 1771917 ns
[2022-09-04T16:23:30.626+0000][1][safepoint    ] Safepoint "Cleanup", Time since last: 1002369750 ns, Reaching safepoint: 2242000 ns, At safepoint: 65250 ns, Total: 2307250 ns
[2022-09-04T16:23:31.632+0000][1][safepoint    ] Safepoint "Cleanup", Time since last: 1008643041 ns, Reaching safepoint: 2857292 ns, At safepoint: 77875 ns, Total: 2935167 ns
[2022-09-04T16:23:32.639+0000][1][safepoint    ] Safepoint "Cleanup", Time since last: 1003670459 ns, Reaching safepoint: 2346583 ns, At safepoint: 64834 ns, Total: 2411417 ns
[2022-09-04T16:23:33.644+0000][1][safepoint    ] Safepoint "Cleanup", Time since last: 1003966042 ns, Reaching safepoint: 1300833 ns, At safepoint: 31208 ns, Total: 1332041 ns
[2022-09-04T16:23:34.977+0000][1][safepoint    ] Safepoint "Cleanup", Time since last: 1332066918 ns, Reaching safepoint: 866083 ns, At safepoint: 25458 ns, Total: 891541 ns
[2022-09-04T16:23:35.980+0000][1][safepoint    ] Safepoint "Cleanup", Time since last: 1001455751 ns, Reaching safepoint: 1775542 ns, At safepoint: 150958 ns, Total: 1926500 ns
[2022-09-04T16:23:36.987+0000][1][safepoint    ] Safepoint "Cleanup", Time since last: 1003105042 ns, Reaching safepoint: 3352458 ns, At safepoint: 104250 ns, Total: 3456708 ns
[2022-09-04T16:23:37.994+0000][1][safepoint    ] Safepoint "Cleanup", Time since last: 1006268459 ns, Reaching safepoint: 834125 ns, At safepoint: 22292 ns, Total: 856417 ns
[2022-09-04T16:23:38.998+0000][1][safepoint    ] Safepoint "Cleanup", Time since last: 1001928375 ns, Reaching safepoint: 2296375 ns, At safepoint: 61959 ns, Total: 2358334 ns
[2022-09-04T16:23:40.005+0000][1][safepoint    ] Safepoint "Cleanup", Time since last: 1004171708 ns, Reaching safepoint: 2958042 ns, At safepoint: 62500 ns, Total: 3020542 ns
[2022-09-04T16:23:41.013+0000][1][safepoint    ] Safepoint "Cleanup", Time since last: 1005944376 ns, Reaching safepoint: 1382291 ns, At safepoint: 36625 ns, Total: 1418916 ns
[2022-09-04T16:23:42.018+0000][1][safepoint    ] Safepoint "Cleanup", Time since last: 1002678084 ns, Reaching safepoint: 3051208 ns, At safepoint: 63250 ns, Total: 3114458 ns
[2022-09-04T16:23:43.025+0000][1][safepoint    ] Safepoint "Cleanup", Time since last: 1005142459 ns, Reaching safepoint: 883834 ns, At safepoint: 26083 ns, Total: 909917 ns
[2022-09-04T16:23:44.029+0000][1][safepoint    ] Safepoint "Cleanup", Time since last: 1001957084 ns, Reaching safepoint: 2315000 ns, At safepoint: 49125 ns, Total: 2364125 ns
[2022-09-04T16:23:45.036+0000][1][safepoint    ] Safepoint "Cleanup", Time since last: 1005882542 ns, Reaching safepoint: 986375 ns, At safepoint: 22458 ns, Total: 1008833 ns
[2022-09-04T16:23:46.038+0000][1][safepoint    ] Safepoint "Cleanup", Time since last: 1001318667 ns, Reaching safepoint: 803792 ns, At safepoint: 50125 ns, Total: 853917 ns
[2022-09-04T16:23:47.041+0000][1][safepoint    ] Safepoint "Cleanup", Time since last: 1001668626 ns, Reaching safepoint: 976500 ns, At safepoint: 29125 ns, Total: 1005625 ns
[2022-09-04T16:23:48.043+0000][1][safepoint    ] Safepoint "Cleanup", Time since last: 1001514875 ns, Reaching safepoint: 787833 ns, At safepoint: 22042 ns, Total: 809875 ns
[2022-09-04T16:23:48.657+0000][1][safepoint    ] Safepoint "RevokeBias", Time since last: 612460084 ns, Reaching safepoint: 1131791 ns, At safepoint: 292417 ns, Total: 1424208 ns
[2022-09-04T16:23:48.662+0000][1][safepoint    ] Safepoint "RevokeBias", Time since last: 5120750 ns, Reaching safepoint: 505333 ns, At safepoint: 87834 ns, Total: 593167 ns
[2022-09-04T16:23:48.894+0000][1][safepoint    ] Safepoint "RevokeBias", Time since last: 230968166 ns, Reaching safepoint: 706417 ns, At safepoint: 98250 ns, Total: 804667 ns
[2022-09-04T16:23:48.943+0000][1][safepoint    ] Safepoint "RevokeBias", Time since last: 47406125 ns, Reaching safepoint: 890750 ns, At safepoint: 98542 ns, Total: 989292 ns
[2022-09-04T16:23:49.946+0000][1][safepoint    ] Safepoint "Cleanup", Time since last: 1001443334 ns, Reaching safepoint: 1373458 ns, At safepoint: 31417 ns, Total: 1404875 ns
[2022-09-04T16:23:50.950+0000][1][safepoint    ] Safepoint "Cleanup", Time since last: 1003115583 ns, Reaching safepoint: 1036500 ns, At safepoint: 34917 ns, Total: 1071417 ns
[2022-09-04T16:23:51.960+0000][1][safepoint    ] Safepoint "Cleanup", Time since last: 1007401792 ns, Reaching safepoint: 2386417 ns, At safepoint: 66625 ns, Total: 2453042 ns
[2022-09-04T16:23:52.966+0000][1][safepoint    ] Safepoint "Cleanup", Time since last: 1005162250 ns, Reaching safepoint: 864084 ns, At safepoint: 24625 ns, Total: 888709 ns
[2022-09-04T16:23:53.973+0000][1][safepoint    ] Safepoint "Cleanup", Time since last: 1006027333 ns, Reaching safepoint: 1583750 ns, At safepoint: 44875 ns, Total: 1628625 ns
[2022-09-04T16:23:54.980+0000][1][safepoint    ] Safepoint "Cleanup", Time since last: 1005163543 ns, Reaching safepoint: 1707083 ns, At safepoint: 50083 ns, Total: 1757166 ns
[2022-09-04T16:23:55.984+0000][1][safepoint    ] Safepoint "Cleanup", Time since last: 1002134667 ns, Reaching safepoint: 1203042 ns, At safepoint: 31250 ns, Total: 1234292 ns
[2022-09-04T16:23:56.992+0000][1][safepoint    ] Safepoint "Cleanup", Time since last: 1004369001 ns, Reaching safepoint: 3824625 ns, At safepoint: 93583 ns, Total: 3918208 ns
[2022-09-04T16:23:57.998+0000][1][safepoint    ] Safepoint "Cleanup", Time since last: 1005504792 ns, Reaching safepoint: 868333 ns, At safepoint: 23792 ns, Total: 892125 ns
[2022-09-04T16:23:59.005+0000][1][safepoint    ] Safepoint "Cleanup", Time since last: 1002694542 ns, Reaching safepoint: 3879459 ns, At safepoint: 92041 ns, Total: 3971500 ns
[2022-09-04T16:23:59.636+0000][1][safepoint    ] Safepoint "RevokeBias", Time since last: 629524834 ns, Reaching safepoint: 1229708 ns, At safepoint: 109334 ns, Total: 1339042 ns
[2022-09-04T16:23:59.649+0000][1][safepoint    ] Safepoint "RevokeBias", Time since last: 12024125 ns, Reaching safepoint: 1157833 ns, At safepoint: 177750 ns, Total: 1335583 ns
[2022-09-04T16:24:00.653+0000][1][safepoint    ] Safepoint "Cleanup", Time since last: 1002856542 ns, Reaching safepoint: 1161667 ns, At safepoint: 23500 ns, Total: 1185167 ns
[2022-09-04T16:24:01.657+0000][1][safepoint    ] Safepoint "Cleanup", Time since last: 1002059166 ns, Reaching safepoint: 2389167 ns, At safepoint: 69750 ns, Total: 2458917 ns
[2022-09-04T16:24:02.662+0000][1][safepoint    ] Safepoint "Cleanup", Time since last: 1003373875 ns, Reaching safepoint: 1408167 ns, At safepoint: 35791 ns, Total: 1443958 ns
[2022-09-04T16:24:03.669+0000][1][safepoint    ] Safepoint "Cleanup", Time since last: 1003767334 ns, Reaching safepoint: 2858167 ns, At safepoint: 151875 ns, Total: 3010042 ns
[2022-09-04T16:24:04.674+0000][1][safepoint    ] Safepoint "Cleanup", Time since last: 1004517292 ns, Reaching safepoint: 1181042 ns, At safepoint: 64208 ns, Total: 1245250 ns
[2022-09-04T16:24:05.680+0000][1][safepoint    ] Safepoint "Cleanup", Time since last: 1003579292 ns, Reaching safepoint: 1444167 ns, At safepoint: 35166 ns, Total: 1479333 ns
[2022-09-04T16:24:06.684+0000][1][safepoint    ] Safepoint "Cleanup", Time since last: 1002829376 ns, Reaching safepoint: 1755250 ns, At safepoint: 96458 ns, Total: 1851708 ns
[2022-09-04T16:24:07.689+0000][1][safepoint    ] Safepoint "Cleanup", Time since last: 1003415042 ns, Reaching safepoint: 770000 ns, At safepoint: 21417 ns, Total: 791417 ns
[2022-09-04T16:24:08.694+0000][1][safepoint    ] Safepoint "Cleanup", Time since last: 1001914376 ns, Reaching safepoint: 3247750 ns, At safepoint: 72250 ns, Total: 3320000 ns
[2022-09-04T16:24:09.699+0000][1][safepoint    ] Safepoint "Cleanup", Time since last: 1004492458 ns, Reaching safepoint: 816500 ns, At safepoint: 24459 ns, Total: 840959 ns
[2022-09-04T16:24:10.268+0000][1][safepoint    ] Safepoint "RevokeBias", Time since last: 567768750 ns, Reaching safepoint: 770167 ns, At safepoint: 98541 ns, Total: 868708 ns
[2022-09-04T16:24:10.271+0000][1][safepoint    ] Safepoint "RevokeBias", Time since last: 2226542 ns, Reaching safepoint: 690125 ns, At safepoint: 110083 ns, Total: 800208 ns
[2022-09-04T16:24:10.289+0000][1][safepoint    ] Safepoint "RevokeBias", Time since last: 17854459 ns, Reaching safepoint: 624708 ns, At safepoint: 139458 ns, Total: 764166 ns
[2022-09-04T16:24:10.301+0000][1][safepoint    ] Safepoint "RevokeBias", Time since last: 10924084 ns, Reaching safepoint: 1045125 ns, At safepoint: 126541 ns, Total: 1171666 ns
[2022-09-04T16:24:11.306+0000][1][safepoint    ] Safepoint "Cleanup", Time since last: 1003781917 ns, Reaching safepoint: 805875 ns, At safepoint: 22917 ns, Total: 828792 ns
[2022-09-04T16:24:12.308+0000][1][safepoint    ] Safepoint "Cleanup", Time since last: 1001386292 ns, Reaching safepoint: 1005417 ns, At safepoint: 51208 ns, Total: 1056625 ns
[2022-09-04T16:24:13.312+0000][1][safepoint    ] Safepoint "Cleanup", Time since last: 1002879334 ns, Reaching safepoint: 929000 ns, At safepoint: 24208 ns, Total: 953208 ns
[2022-09-04T16:24:14.317+0000][1][safepoint    ] Safepoint "Cleanup", Time since last: 1003858293 ns, Reaching safepoint: 1003791 ns, At safepoint: 25250 ns, Total: 1029041 ns
[2022-09-04T16:24:15.321+0000][1][safepoint    ] Safepoint "Cleanup", Time since last: 1002155167 ns, Reaching safepoint: 1669917 ns, At safepoint: 44167 ns, Total: 1714084 ns
[2022-09-04T16:24:16.325+0000][1][safepoint    ] Safepoint "Cleanup", Time since last: 1003061583 ns, Reaching safepoint: 1179167 ns, At safepoint: 40250 ns, Total: 1219417 ns
[2022-09-04T16:24:17.329+0000][1][safepoint    ] Safepoint "Cleanup", Time since last: 1002593501 ns, Reaching safepoint: 907000 ns, At safepoint: 21041 ns, Total: 928041 ns
[2022-09-04T16:24:18.335+0000][1][safepoint    ] Safepoint "Cleanup", Time since last: 1004671501 ns, Reaching safepoint: 1301291 ns, At safepoint: 31792 ns, Total: 1333083 ns
[2022-09-04T16:24:19.342+0000][1][safepoint    ] Safepoint "Cleanup", Time since last: 1003838876 ns, Reaching safepoint: 2854875 ns, At safepoint: 342958 ns, Total: 3197833 ns
[2022-09-04T16:24:20.347+0000][1][safepoint    ] Safepoint "Cleanup", Time since last: 1003336792 ns, Reaching safepoint: 1900125 ns, At safepoint: 50083 ns, Total: 1950208 ns
[2022-09-04T16:24:21.353+0000][1][safepoint    ] Safepoint "Cleanup", Time since last: 1003400126 ns, Reaching safepoint: 1951125 ns, At safepoint: 44167 ns, Total: 1995292 ns
[2022-09-04T16:24:22.357+0000][1][safepoint    ] Safepoint "Cleanup", Time since last: 1002862917 ns, Reaching safepoint: 1135583 ns, At safepoint: 30375 ns, Total: 1165958 ns
[2022-09-04T16:24:23.359+0000][1][safepoint    ] Safepoint "Cleanup", Time since last: 1001758542 ns, Reaching safepoint: 1018959 ns, At safepoint: 22500 ns, Total: 1041459 ns
[2022-09-04T16:24:24.362+0000][1][safepoint    ] Safepoint "Cleanup", Time since last: 1001910875 ns, Reaching safepoint: 1063750 ns, At safepoint: 23583 ns, Total: 1087333 ns
[2022-09-04T16:24:25.368+0000][1][safepoint    ] Safepoint "Cleanup", Time since last: 1002721876 ns, Reaching safepoint: 3068500 ns, At safepoint: 99583 ns, Total: 3168083 ns
[2022-09-04T16:24:26.374+0000][1][safepoint    ] Safepoint "Cleanup", Time since last: 1004657167 ns, Reaching safepoint: 1017167 ns, At safepoint: 26208 ns, Total: 1043375 ns
[2022-09-04T16:24:27.378+0000][1][safepoint    ] Safepoint "Cleanup", Time since last: 1002329751 ns, Reaching safepoint: 1360916 ns, At safepoint: 31500 ns, Total: 1392416 ns
[2022-09-04T16:24:28.384+0000][1][safepoint    ] Safepoint "Cleanup", Time since last: 1004235126 ns, Reaching safepoint: 2421125 ns, At safepoint: 75958 ns, Total: 2497083 ns
[2022-09-04T16:24:29.392+0000][1][safepoint    ] Safepoint "Cleanup", Time since last: 1006084584 ns, Reaching safepoint: 1531000 ns, At safepoint: 36333 ns, Total: 1567333 ns
[2022-09-04T16:24:30.398+0000][1][safepoint    ] Safepoint "Cleanup", Time since last: 1003796501 ns, Reaching safepoint: 1663917 ns, At safepoint: 49250 ns, Total: 1713167 ns
[2022-09-04T16:24:31.418+0000][1][safepoint    ] Safepoint "Cleanup", Time since last: 1017384291 ns, Reaching safepoint: 2699541 ns, At safepoint: 80125 ns, Total: 2779666 ns
[2022-09-04T16:24:32.425+0000][1][safepoint    ] Safepoint "Cleanup", Time since last: 1005245376 ns, Reaching safepoint: 2092792 ns, At safepoint: 51750 ns, Total: 2144542 ns
[2022-09-04T16:24:33.431+0000][1][safepoint    ] Safepoint "Cleanup", Time since last: 1005200833 ns, Reaching safepoint: 1168792 ns, At safepoint: 24333 ns, Total: 1193125 ns
[2022-09-04T16:24:34.440+0000][1][safepoint    ] Safepoint "Cleanup", Time since last: 1005132584 ns, Reaching safepoint: 2997083 ns, At safepoint: 79167 ns, Total: 3076250 ns
[2022-09-04T16:24:35.448+0000][1][safepoint    ] Safepoint "Cleanup", Time since last: 1006361709 ns, Reaching safepoint: 1608167 ns, At safepoint: 60625 ns, Total: 1668792 ns
[2022-09-04T16:24:36.452+0000][1][safepoint    ] Safepoint "Cleanup", Time since last: 1003616792 ns, Reaching safepoint: 872375 ns, At safepoint: 21750 ns, Total: 894125 ns
[2022-09-04T16:24:37.455+0000][1][safepoint    ] Safepoint "Cleanup", Time since last: 1001796125 ns, Reaching safepoint: 1468459 ns, At safepoint: 51375 ns, Total: 1519834 ns
[2022-09-04T16:24:37.556+0000][1][safepoint    ] Safepoint "RevokeBias", Time since last: 99725916 ns, Reaching safepoint: 799084 ns, At safepoint: 152958 ns, Total: 952042 ns
[2022-09-04T16:24:37.563+0000][1][safepoint    ] Safepoint "RevokeBias", Time since last: 5844542 ns, Reaching safepoint: 683291 ns, At safepoint: 110459 ns, Total: 793750 ns
[2022-09-04T16:24:37.680+0000][1][safepoint    ] Safepoint "RevokeBias", Time since last: 116075458 ns, Reaching safepoint: 746917 ns, At safepoint: 99625 ns, Total: 846542 ns
[2022-09-04T16:24:37.710+0000][1][safepoint    ] Safepoint "BulkRevokeBias", Time since last: 27332666 ns, Reaching safepoint: 1006167 ns, At safepoint: 1987083 ns, Total: 2993250 ns
[2022-09-04T16:24:38.717+0000][1][safepoint    ] Safepoint "Cleanup", Time since last: 1005794876 ns, Reaching safepoint: 1099833 ns, At safepoint: 24500 ns, Total: 1124333 ns
[2022-09-04T16:24:39.721+0000][1][safepoint    ] Safepoint "Cleanup", Time since last: 1002467792 ns, Reaching safepoint: 1988125 ns, At safepoint: 52750 ns, Total: 2040875 ns
[2022-09-04T16:24:40.726+0000][1][safepoint    ] Safepoint "Cleanup", Time since last: 1003803167 ns, Reaching safepoint: 1163959 ns, At safepoint: 33833 ns, Total: 1197792 ns
[2022-09-04T16:24:41.732+0000][1][safepoint    ] Safepoint "Cleanup", Time since last: 1004008042 ns, Reaching safepoint: 1991875 ns, At safepoint: 59334 ns, Total: 2051209 ns
[2022-09-04T16:24:42.738+0000][1][safepoint    ] Safepoint "Cleanup", Time since last: 1003397917 ns, Reaching safepoint: 1773791 ns, At safepoint: 40625 ns, Total: 1814416 ns
[2022-09-04T16:24:43.742+0000][1][safepoint    ] Safepoint "Cleanup", Time since last: 1003100126 ns, Reaching safepoint: 1251083 ns, At safepoint: 33292 ns, Total: 1284375 ns
[2022-09-04T16:24:44.746+0000][1][safepoint    ] Safepoint "Cleanup", Time since last: 1002575209 ns, Reaching safepoint: 1240791 ns, At safepoint: 32000 ns, Total: 1272791 ns
[2022-09-04T16:24:45.751+0000][1][safepoint    ] Safepoint "Cleanup", Time since last: 1003663543 ns, Reaching safepoint: 1174458 ns, At safepoint: 32583 ns, Total: 1207041 ns
[2022-09-04T16:24:46.755+0000][1][safepoint    ] Safepoint "Cleanup", Time since last: 1002170834 ns, Reaching safepoint: 1742042 ns, At safepoint: 39666 ns, Total: 1781708 ns
[2022-09-04T16:24:47.759+0000][1][safepoint    ] Safepoint "Cleanup", Time since last: 1002661209 ns, Reaching safepoint: 1463375 ns, At safepoint: 35417 ns, Total: 1498792 ns
[2022-09-04T16:24:48.763+0000][1][safepoint    ] Safepoint "Cleanup", Time since last: 1002452084 ns, Reaching safepoint: 1325166 ns, At safepoint: 28875 ns, Total: 1354041 ns
[2022-09-04T16:24:49.772+0000][1][safepoint    ] Safepoint "Cleanup", Time since last: 1007405626 ns, Reaching safepoint: 1900041 ns, At safepoint: 66459 ns, Total: 1966500 ns
[2022-09-04T16:24:50.777+0000][1][safepoint    ] Safepoint "Cleanup", Time since last: 1003562167 ns, Reaching safepoint: 1317125 ns, At safepoint: 32792 ns, Total: 1349917 ns
[2022-09-04T16:24:51.398+0000][1][safepoint    ] Safepoint "RevokeBias", Time since last: 620363083 ns, Reaching safepoint: 878625 ns, At safepoint: 160500 ns, Total: 1039125 ns
[2022-09-04T16:24:51.401+0000][1][safepoint    ] Safepoint "RevokeBias", Time since last: 2503209 ns, Reaching safepoint: 509416 ns, At safepoint: 86334 ns, Total: 595750 ns
[2022-09-04T16:24:51.426+0000][1][safepoint    ] Safepoint "RevokeBias", Time since last: 23001583 ns, Reaching safepoint: 1152333 ns, At safepoint: 190917 ns, Total: 1343250 ns
[2022-09-04T16:24:51.456+0000][1][safepoint    ] Safepoint "RevokeBias", Time since last: 15266458 ns, Reaching safepoint: 4646917 ns, At safepoint: 9908125 ns, Total: 14555042 ns
[2022-09-04T16:24:52.462+0000][1][safepoint    ] Safepoint "Cleanup", Time since last: 1002835417 ns, Reaching safepoint: 3715708 ns, At safepoint: 161417 ns, Total: 3877125 ns
[2022-09-04T16:24:53.470+0000][1][safepoint    ] Safepoint "Cleanup", Time since last: 1006521584 ns, Reaching safepoint: 1429875 ns, At safepoint: 45792 ns, Total: 1475667 ns
[2022-09-04T16:24:54.474+0000][1][safepoint    ] Safepoint "Cleanup", Time since last: 1002567375 ns, Reaching safepoint: 1247208 ns, At safepoint: 29042 ns, Total: 1276250 ns
[2022-09-04T16:24:55.479+0000][1][safepoint    ] Safepoint "Cleanup", Time since last: 1002312126 ns, Reaching safepoint: 2341083 ns, At safepoint: 83542 ns, Total: 2424625 ns
[2022-09-04T16:24:56.485+0000][1][safepoint    ] Safepoint "Cleanup", Time since last: 1003816458 ns, Reaching safepoint: 1861459 ns, At safepoint: 47708 ns, Total: 1909167 ns
[2022-09-04T16:24:57.491+0000][1][safepoint    ] Safepoint "Cleanup", Time since last: 1002586792 ns, Reaching safepoint: 3757625 ns, At safepoint: 89208 ns, Total: 3846833 ns
[2022-09-04T16:24:58.499+0000][1][safepoint    ] Safepoint "Cleanup", Time since last: 1006539001 ns, Reaching safepoint: 1078917 ns, At safepoint: 28333 ns, Total: 1107250 ns
[2022-09-04T16:24:59.503+0000][1][safepoint    ] Safepoint "Cleanup", Time since last: 1003116834 ns, Reaching safepoint: 1188666 ns, At safepoint: 37500 ns, Total: 1226166 ns
[2022-09-04T16:25:00.509+0000][1][safepoint    ] Safepoint "Cleanup", Time since last: 1004482084 ns, Reaching safepoint: 1246959 ns, At safepoint: 33291 ns, Total: 1280250 ns
[2022-09-04T16:25:00.826+0000][1][safepoint    ] Safepoint "RevokeBias", Time since last: 316562542 ns, Reaching safepoint: 748625 ns, At safepoint: 313625 ns, Total: 1062250 ns
[2022-09-04T16:25:00.831+0000][1][safepoint    ] Safepoint "RevokeBias", Time since last: 3477125 ns, Reaching safepoint: 617167 ns, At safepoint: 105458 ns, Total: 722625 ns
[2022-09-04T16:25:00.878+0000][1][safepoint    ] Safepoint "RevokeBias", Time since last: 46165750 ns, Reaching safepoint: 1029333 ns, At safepoint: 125959 ns, Total: 1155292 ns
[2022-09-04T16:25:00.895+0000][1][safepoint    ] Safepoint "RevokeBias", Time since last: 15550833 ns, Reaching safepoint: 1080375 ns, At safepoint: 118042 ns, Total: 1198417 ns
[2022-09-04T16:25:01.899+0000][1][safepoint    ] Safepoint "Cleanup", Time since last: 1001802791 ns, Reaching safepoint: 3067625 ns, At safepoint: 88292 ns, Total: 3155917 ns
[2022-09-04T16:25:02.908+0000][1][safepoint    ] Safepoint "Cleanup", Time since last: 1005760750 ns, Reaching safepoint: 3130667 ns, At safepoint: 96250 ns, Total: 3226917 ns
[2022-09-04T16:25:03.917+0000][1][safepoint    ] Safepoint "Cleanup", Time since last: 1006474292 ns, Reaching safepoint: 2771292 ns, At safepoint: 59833 ns, Total: 2831125 ns
[2022-09-04T16:25:04.925+0000][1][safepoint    ] Safepoint "Cleanup", Time since last: 1004351542 ns, Reaching safepoint: 3622958 ns, At safepoint: 104542 ns, Total: 3727500 ns
[2022-09-04T16:25:05.940+0000][1][safepoint    ] Safepoint "Cleanup", Time since last: 1011071584 ns, Reaching safepoint: 2939000 ns, At safepoint: 80917 ns, Total: 3019917 ns
[2022-09-04T16:25:06.950+0000][1][safepoint    ] Safepoint "Cleanup", Time since last: 1006988875 ns, Reaching safepoint: 3575583 ns, At safepoint: 102375 ns, Total: 3677958 ns
[2022-09-04T16:25:07.960+0000][1][safepoint    ] Safepoint "Cleanup", Time since last: 1008934501 ns, Reaching safepoint: 1275833 ns, At safepoint: 35834 ns, Total: 1311667 ns
[2022-09-04T16:25:08.971+0000][1][safepoint    ] Safepoint "Cleanup", Time since last: 1006731833 ns, Reaching safepoint: 3266334 ns, At safepoint: 100708 ns, Total: 3367042 ns
[2022-09-04T16:25:09.979+0000][1][safepoint    ] Safepoint "Cleanup", Time since last: 1005339542 ns, Reaching safepoint: 3508958 ns, At safepoint: 76584 ns, Total: 3585542 ns
[2022-09-04T16:25:10.985+0000][1][safepoint    ] Safepoint "Cleanup", Time since last: 1004301459 ns, Reaching safepoint: 1138708 ns, At safepoint: 25500 ns, Total: 1164208 ns
[2022-09-04T16:25:12.008+0000][1][safepoint    ] Safepoint "Cleanup", Time since last: 1019273500 ns, Reaching safepoint: 4110209 ns, At safepoint: 132291 ns, Total: 4242500 ns
[2022-09-04T16:25:13.019+0000][1][safepoint    ] Safepoint "Cleanup", Time since last: 1009650001 ns, Reaching safepoint: 846625 ns, At safepoint: 21542 ns, Total: 868167 ns
[2022-09-04T16:25:14.023+0000][1][safepoint    ] Safepoint "Cleanup", Time since last: 1002264250 ns, Reaching safepoint: 2132042 ns, At safepoint: 41500 ns, Total: 2173542 ns
[2022-09-04T16:25:15.031+0000][1][safepoint    ] Safepoint "Cleanup", Time since last: 1005099167 ns, Reaching safepoint: 2820750 ns, At safepoint: 71875 ns, Total: 2892625 ns
[2022-09-04T16:25:16.036+0000][1][safepoint    ] Safepoint "Cleanup", Time since last: 1003990084 ns, Reaching safepoint: 868333 ns, At safepoint: 22250 ns, Total: 890583 ns
[2022-09-04T16:25:17.048+0000][1][safepoint    ] Safepoint "Cleanup", Time since last: 1007220834 ns, Reaching safepoint: 3916708 ns, At safepoint: 107375 ns, Total: 4024083 ns
[2022-09-04T16:25:18.055+0000][1][safepoint    ] Safepoint "Cleanup", Time since last: 1006694084 ns, Reaching safepoint: 889625 ns, At safepoint: 23458 ns, Total: 913083 ns
[2022-09-04T16:25:19.548+0000][1][safepoint    ] Safepoint "Cleanup", Time since last: 1489469376 ns, Reaching safepoint: 3724333 ns, At safepoint: 104584 ns, Total: 3828917 ns
[2022-09-04T16:25:20.559+0000][1][safepoint    ] Safepoint "Cleanup", Time since last: 1008539584 ns, Reaching safepoint: 2242291 ns, At safepoint: 74625 ns, Total: 2316916 ns
[2022-09-04T16:25:21.564+0000][1][safepoint    ] Safepoint "Cleanup", Time since last: 1003281917 ns, Reaching safepoint: 1640750 ns, At safepoint: 46709 ns, Total: 1687459 ns
[2022-09-04T16:25:22.568+0000][1][safepoint    ] Safepoint "Cleanup", Time since last: 1002929458 ns, Reaching safepoint: 1171042 ns, At safepoint: 32750 ns, Total: 1203792 ns
[2022-09-04T16:25:23.572+0000][1][safepoint    ] Safepoint "Cleanup", Time since last: 1002282626 ns, Reaching safepoint: 1104625 ns, At safepoint: 33166 ns, Total: 1137791 ns
[2022-09-04T16:25:24.577+0000][1][safepoint    ] Safepoint "Cleanup", Time since last: 1003917667 ns, Reaching safepoint: 973875 ns, At safepoint: 34375 ns, Total: 1008250 ns
[2022-09-04T16:25:25.585+0000][1][safepoint    ] Safepoint "Cleanup", Time since last: 1005434376 ns, Reaching safepoint: 3052375 ns, At safepoint: 115083 ns, Total: 3167458 ns
[2022-09-04T16:25:26.593+0000][1][safepoint    ] Safepoint "Cleanup", Time since last: 1006080959 ns, Reaching safepoint: 1337000 ns, At safepoint: 39333 ns, Total: 1376333 ns
[2022-09-04T16:25:27.597+0000][1][safepoint    ] Safepoint "Cleanup", Time since last: 1002625876 ns, Reaching safepoint: 1828542 ns, At safepoint: 62166 ns, Total: 1890708 ns
[2022-09-04T16:25:28.602+0000][1][safepoint    ] Safepoint "Cleanup", Time since last: 1004183626 ns, Reaching safepoint: 879833 ns, At safepoint: 23833 ns, Total: 903666 ns
[2022-09-04T16:25:29.606+0000][1][safepoint    ] Safepoint "Cleanup", Time since last: 1001939959 ns, Reaching safepoint: 2021125 ns, At safepoint: 69083 ns, Total: 2090208 ns
[2022-09-04T16:25:30.135+0000][1][gc,start     ] GC(32) Pause Young (Allocation Failure)
[2022-09-04T16:25:30.140+0000][1][gc,task      ] GC(32) Using 4 workers of 4 for evacuation
[2022-09-04T16:25:30.187+0000][1][gc,age       ] GC(32) Desired survivor size 8945664 bytes, new threshold 6 (max threshold 6)
[2022-09-04T16:25:30.189+0000][1][gc,age       ] GC(32) Age table with threshold 6 (max threshold 6)
[2022-09-04T16:25:30.190+0000][1][gc,age       ] GC(32) - age   1:      15008 bytes,      15008 total
[2022-09-04T16:25:30.191+0000][1][gc,age       ] GC(32) - age   2:        704 bytes,      15712 total
[2022-09-04T16:25:30.194+0000][1][gc,age       ] GC(32) - age   3:        688 bytes,      16400 total
[2022-09-04T16:25:30.195+0000][1][gc,age       ] GC(32) - age   4:      15296 bytes,      31696 total
[2022-09-04T16:25:30.196+0000][1][gc,age       ] GC(32) - age   5:     126592 bytes,     158288 total
[2022-09-04T16:25:30.198+0000][1][gc,age       ] GC(32) - age   6:     316760 bytes,     475048 total
[2022-09-04T16:25:30.201+0000][1][gc,heap      ] GC(32) ParNew: 140475K->812K(157248K)
[2022-09-04T16:25:30.202+0000][1][gc,heap      ] GC(32) CMS: 67110K->67188K(349568K)
[2022-09-04T16:25:30.203+0000][1][gc,metaspace ] GC(32) Metaspace: 84729K->84729K(1126400K)
[2022-09-04T16:25:30.205+0000][1][gc           ] GC(32) Pause Young (Allocation Failure) 202M->66M(494M) 70.818ms
[2022-09-04T16:25:30.207+0000][1][gc,cpu       ] GC(32) User=0.09s Sys=0.03s Real=0.07s
[2022-09-04T16:25:30.209+0000][1][safepoint    ] Safepoint "GenCollectForAllocation", Time since last: 526482751 ns, Reaching safepoint: 1018708 ns, At safepoint: 74854833 ns, Total: 75873541 ns
[2022-09-04T16:25:31.213+0000][1][safepoint    ] Safepoint "Cleanup", Time since last: 1001190167 ns, Reaching safepoint: 2930709 ns, At safepoint: 89125 ns, Total: 3019834 ns
[2022-09-04T16:25:32.219+0000][1][safepoint    ] Safepoint "Cleanup", Time since last: 1004996542 ns, Reaching safepoint: 1502500 ns, At safepoint: 61250 ns, Total: 1563750 ns
[2022-09-04T16:25:33.224+0000][1][safepoint    ] Safepoint "Cleanup", Time since last: 1003024709 ns, Reaching safepoint: 1660125 ns, At safepoint: 20500 ns, Total: 1680625 ns
[2022-09-04T16:25:34.229+0000][1][safepoint    ] Safepoint "Cleanup", Time since last: 1004232208 ns, Reaching safepoint: 842917 ns, At safepoint: 21458 ns, Total: 864375 ns
[2022-09-04T16:25:35.232+0000][1][safepoint    ] Safepoint "Cleanup", Time since last: 1001828168 ns, Reaching safepoint: 1065541 ns, At safepoint: 66292 ns, Total: 1131833 ns
[2022-09-04T16:25:36.236+0000][1][safepoint    ] Safepoint "Cleanup", Time since last: 1002485792 ns, Reaching safepoint: 1150625 ns, At safepoint: 26417 ns, Total: 1177042 ns
[2022-09-04T16:25:37.240+0000][1][safepoint    ] Safepoint "Cleanup", Time since last: 1002730917 ns, Reaching safepoint: 1213791 ns, At safepoint: 79000 ns, Total: 1292791 ns
[2022-09-04T16:25:38.244+0000][1][safepoint    ] Safepoint "Cleanup", Time since last: 1002910876 ns, Reaching safepoint: 1027167 ns, At safepoint: 35375 ns, Total: 1062542 ns
[2022-09-04T16:25:39.247+0000][1][safepoint    ] Safepoint "Cleanup", Time since last: 1002232417 ns, Reaching safepoint: 966166 ns, At safepoint: 26917 ns, Total: 993083 ns
[2022-09-04T16:25:40.251+0000][1][safepoint    ] Safepoint "Cleanup", Time since last: 1002184376 ns, Reaching safepoint: 1636333 ns, At safepoint: 56042 ns, Total: 1692375 ns
[2022-09-04T16:25:41.256+0000][1][safepoint    ] Safepoint "Cleanup", Time since last: 1003750292 ns, Reaching safepoint: 1157416 ns, At safepoint: 32750 ns, Total: 1190166 ns
[2022-09-04T16:25:42.258+0000][1][safepoint    ] Safepoint "Cleanup", Time since last: 1001859251 ns, Reaching safepoint: 837917 ns, At safepoint: 22333 ns, Total: 860250 ns
[2022-09-04T16:25:43.261+0000][1][safepoint    ] Safepoint "Cleanup", Time since last: 1001756125 ns, Reaching safepoint: 816542 ns, At safepoint: 19958 ns, Total: 836500 ns
[2022-09-04T16:25:44.265+0000][1][safepoint    ] Safepoint "Cleanup", Time since last: 1002663709 ns, Reaching safepoint: 943292 ns, At safepoint: 24250 ns, Total: 967542 ns
[2022-09-04T16:25:45.268+0000][1][safepoint    ] Safepoint "Cleanup", Time since last: 1002342334 ns, Reaching safepoint: 938333 ns, At safepoint: 22958 ns, Total: 961291 ns
[2022-09-04T16:25:46.271+0000][1][safepoint    ] Safepoint "Cleanup", Time since last: 1001901167 ns, Reaching safepoint: 882959 ns, At safepoint: 25666 ns, Total: 908625 ns
[2022-09-04T16:25:47.275+0000][1][safepoint    ] Safepoint "Cleanup", Time since last: 1002835043 ns, Reaching safepoint: 1147333 ns, At safepoint: 27292 ns, Total: 1174625 ns
[2022-09-04T16:25:48.278+0000][1][safepoint    ] Safepoint "Cleanup", Time since last: 1002095542 ns, Reaching safepoint: 860625 ns, At safepoint: 26875 ns, Total: 887500 ns
[2022-09-04T16:25:49.283+0000][1][safepoint    ] Safepoint "Cleanup", Time since last: 1004351875 ns, Reaching safepoint: 966000 ns, At safepoint: 21167 ns, Total: 987167 ns
[2022-09-04T16:25:50.286+0000][1][safepoint    ] Safepoint "Cleanup", Time since last: 1001855917 ns, Reaching safepoint: 1033833 ns, At safepoint: 30625 ns, Total: 1064458 ns
[2022-09-04T16:25:51.290+0000][1][safepoint    ] Safepoint "Cleanup", Time since last: 1002890751 ns, Reaching safepoint: 1217708 ns, At safepoint: 35459 ns, Total: 1253167 ns
[2022-09-04T16:25:52.294+0000][1][safepoint    ] Safepoint "Cleanup", Time since last: 1001999708 ns, Reaching safepoint: 1572375 ns, At safepoint: 52792 ns, Total: 1625167 ns
[2022-09-04T16:25:53.298+0000][1][safepoint    ] Safepoint "Cleanup", Time since last: 1003014667 ns, Reaching safepoint: 783292 ns, At safepoint: 20958 ns, Total: 804250 ns
[2022-09-04T16:25:55.297+0000][1][safepoint    ] Safepoint "Cleanup", Time since last: 1978867793 ns, Reaching safepoint: 11464708 ns, At safepoint: 1155125 ns, Total: 12619833 ns
[2022-09-04T16:25:56.314+0000][1][safepoint    ] Safepoint "Cleanup", Time since last: 1024034834 ns, Reaching safepoint: 1012208 ns, At safepoint: 25042 ns, Total: 1037250 ns
[2022-09-04T16:25:57.319+0000][1][safepoint    ] Safepoint "Cleanup", Time since last: 1003230417 ns, Reaching safepoint: 1266375 ns, At safepoint: 29917 ns, Total: 1296292 ns
[2022-09-04T16:25:58.323+0000][1][safepoint    ] Safepoint "Cleanup", Time since last: 1002776167 ns, Reaching safepoint: 960833 ns, At safepoint: 81125 ns, Total: 1041958 ns
[2022-09-04T16:25:59.327+0000][1][safepoint    ] Safepoint "Cleanup", Time since last: 1004152959 ns, Reaching safepoint: 817083 ns, At safepoint: 22667 ns, Total: 839750 ns
[2022-09-04T16:26:00.331+0000][1][safepoint    ] Safepoint "Cleanup", Time since last: 1002388834 ns, Reaching safepoint: 989125 ns, At safepoint: 26208 ns, Total: 1015333 ns
[2022-09-04T16:26:01.333+0000][1][safepoint    ] Safepoint "Cleanup", Time since last: 1001753208 ns, Reaching safepoint: 996167 ns, At safepoint: 30958 ns, Total: 1027125 ns
[2022-09-04T16:26:02.337+0000][1][safepoint    ] Safepoint "Cleanup", Time since last: 1001965876 ns, Reaching safepoint: 1247833 ns, At safepoint: 35875 ns, Total: 1283708 ns
[2022-09-04T16:26:03.341+0000][1][safepoint    ] Safepoint "Cleanup", Time since last: 1003961667 ns, Reaching safepoint: 806167 ns, At safepoint: 21917 ns, Total: 828084 ns
[2022-09-04T16:26:04.347+0000][1][safepoint    ] Safepoint "Cleanup", Time since last: 1002936292 ns, Reaching safepoint: 2562875 ns, At safepoint: 62916 ns, Total: 2625791 ns
[2022-09-04T16:26:05.352+0000][1][safepoint    ] Safepoint "Cleanup", Time since last: 1003469251 ns, Reaching safepoint: 1363000 ns, At safepoint: 57708 ns, Total: 1420708 ns
[2022-09-04T16:26:06.358+0000][1][safepoint    ] Safepoint "Cleanup", Time since last: 1004301501 ns, Reaching safepoint: 1518708 ns, At safepoint: 40875 ns, Total: 1559583 ns
[2022-09-04T16:26:07.362+0000][1][safepoint    ] Safepoint "Cleanup", Time since last: 1002953209 ns, Reaching safepoint: 1663417 ns, At safepoint: 42875 ns, Total: 1706292 ns
[2022-09-04T16:26:08.367+0000][1][safepoint    ] Safepoint "Cleanup", Time since last: 1003011375 ns, Reaching safepoint: 1532250 ns, At safepoint: 49083 ns, Total: 1581333 ns
[2022-09-04T16:26:09.373+0000][1][safepoint    ] Safepoint "Cleanup", Time since last: 1004723543 ns, Reaching safepoint: 1117958 ns, At safepoint: 31083 ns, Total: 1149041 ns
[2022-09-04T16:26:10.377+0000][1][safepoint    ] Safepoint "Cleanup", Time since last: 1002920834 ns, Reaching safepoint: 1379958 ns, At safepoint: 73459 ns, Total: 1453417 ns
[2022-09-04T16:26:11.382+0000][1][safepoint    ] Safepoint "Cleanup", Time since last: 1003951292 ns, Reaching safepoint: 1019333 ns, At safepoint: 26583 ns, Total: 1045916 ns
[2022-09-04T16:26:12.387+0000][1][safepoint    ] Safepoint "Cleanup", Time since last: 1003104959 ns, Reaching safepoint: 1181792 ns, At safepoint: 46458 ns, Total: 1228250 ns
[2022-09-04T16:26:13.390+0000][1][safepoint    ] Safepoint "Cleanup", Time since last: 1002924334 ns, Reaching safepoint: 818125 ns, At safepoint: 27333 ns, Total: 845458 ns
[2022-09-04T16:26:14.394+0000][1][safepoint    ] Safepoint "Cleanup", Time since last: 1002418334 ns, Reaching safepoint: 1585417 ns, At safepoint: 44958 ns, Total: 1630375 ns
[2022-09-04T16:26:15.402+0000][1][safepoint    ] Safepoint "Cleanup", Time since last: 1003186376 ns, Reaching safepoint: 3981083 ns, At safepoint: 129875 ns, Total: 4110958 ns
[2022-09-04T16:26:16.408+0000][1][safepoint    ] Safepoint "Cleanup", Time since last: 1005203709 ns, Reaching safepoint: 904792 ns, At safepoint: 22541 ns, Total: 927333 ns
[2022-09-04T16:26:17.411+0000][1][safepoint    ] Safepoint "Cleanup", Time since last: 1001667209 ns, Reaching safepoint: 1431833 ns, At safepoint: 39334 ns, Total: 1471167 ns
[2022-09-04T16:26:18.417+0000][1][safepoint    ] Safepoint "Cleanup", Time since last: 1004833917 ns, Reaching safepoint: 1497666 ns, At safepoint: 38959 ns, Total: 1536625 ns
[2022-09-04T16:26:19.425+0000][1][safepoint    ] Safepoint "Cleanup", Time since last: 1004611875 ns, Reaching safepoint: 2624667 ns, At safepoint: 81250 ns, Total: 2705917 ns
[2022-09-04T16:26:20.432+0000][1][safepoint    ] Safepoint "Cleanup", Time since last: 1004272667 ns, Reaching safepoint: 2498875 ns, At safepoint: 82583 ns, Total: 2581458 ns
[2022-09-04T16:26:21.441+0000][1][safepoint    ] Safepoint "Cleanup", Time since last: 1006621126 ns, Reaching safepoint: 2573542 ns, At safepoint: 75875 ns, Total: 2649417 ns
[2022-09-04T16:26:22.449+0000][1][safepoint    ] Safepoint "Cleanup", Time since last: 1006921250 ns, Reaching safepoint: 818167 ns, At safepoint: 21458 ns, Total: 839625 ns
[2022-09-04T16:26:23.451+0000][1][safepoint    ] Safepoint "Cleanup", Time since last: 1001762459 ns, Reaching safepoint: 953000 ns, At safepoint: 26375 ns, Total: 979375 ns
[2022-09-04T16:26:24.458+0000][1][safepoint    ] Safepoint "Cleanup", Time since last: 1005450459 ns, Reaching safepoint: 842916 ns, At safepoint: 22209 ns, Total: 865125 ns
[2022-09-04T16:26:25.464+0000][1][safepoint    ] Safepoint "Cleanup", Time since last: 1004554875 ns, Reaching safepoint: 1845834 ns, At safepoint: 96333 ns, Total: 1942167 ns
[2022-09-04T16:26:26.468+0000][1][safepoint    ] Safepoint "Cleanup", Time since last: 1002355750 ns, Reaching safepoint: 1194542 ns, At safepoint: 32792 ns, Total: 1227334 ns
[2022-09-04T16:26:27.476+0000][1][safepoint    ] Safepoint "Cleanup", Time since last: 1002150292 ns, Reaching safepoint: 5498958 ns, At safepoint: 271208 ns, Total: 5770166 ns
[2022-09-04T16:26:28.481+0000][1][safepoint    ] Safepoint "Cleanup", Time since last: 1003153668 ns, Reaching safepoint: 2094125 ns, At safepoint: 59625 ns, Total: 2153750 ns
[2022-09-04T16:26:29.488+0000][1][safepoint    ] Safepoint "Cleanup", Time since last: 1005682792 ns, Reaching safepoint: 1702083 ns, At safepoint: 52667 ns, Total: 1754750 ns
[2022-09-04T16:26:30.496+0000][1][safepoint    ] Safepoint "Cleanup", Time since last: 1003202334 ns, Reaching safepoint: 3998750 ns, At safepoint: 130458 ns, Total: 4129208 ns
[2022-09-04T16:26:31.502+0000][1][safepoint    ] Safepoint "Cleanup", Time since last: 1005470167 ns, Reaching safepoint: 1555125 ns, At safepoint: 46166 ns, Total: 1601291 ns
[2022-09-04T16:26:32.507+0000][1][safepoint    ] Safepoint "Cleanup", Time since last: 1003676376 ns, Reaching safepoint: 1217875 ns, At safepoint: 34042 ns, Total: 1251917 ns
[2022-09-04T16:26:33.511+0000][1][safepoint    ] Safepoint "Cleanup", Time since last: 1002845500 ns, Reaching safepoint: 921708 ns, At safepoint: 25709 ns, Total: 947417 ns
[2022-09-04T16:26:34.515+0000][1][safepoint    ] Safepoint "Cleanup", Time since last: 1002871084 ns, Reaching safepoint: 1064666 ns, At safepoint: 28250 ns, Total: 1092916 ns
[2022-09-04T16:26:35.518+0000][1][safepoint    ] Safepoint "Cleanup", Time since last: 1001694542 ns, Reaching safepoint: 829209 ns, At safepoint: 25083 ns, Total: 854292 ns
[2022-09-04T16:26:36.522+0000][1][safepoint    ] Safepoint "Cleanup", Time since last: 1003042250 ns, Reaching safepoint: 1532542 ns, At safepoint: 55917 ns, Total: 1588459 ns
[2022-09-04T16:26:37.528+0000][1][safepoint    ] Safepoint "Cleanup", Time since last: 1005263125 ns, Reaching safepoint: 840125 ns, At safepoint: 28750 ns, Total: 868875 ns
[2022-09-04T16:26:38.532+0000][1][safepoint    ] Safepoint "Cleanup", Time since last: 1002934251 ns, Reaching safepoint: 851833 ns, At safepoint: 25625 ns, Total: 877458 ns
[2022-09-04T16:26:39.538+0000][1][safepoint    ] Safepoint "Cleanup", Time since last: 1004672292 ns, Reaching safepoint: 856709 ns, At safepoint: 26000 ns, Total: 882709 ns
[2022-09-04T16:26:40.542+0000][1][safepoint    ] Safepoint "Cleanup", Time since last: 1001745208 ns, Reaching safepoint: 2735709 ns, At safepoint: 68250 ns, Total: 2803959 ns
[2022-09-04T16:26:41.551+0000][1][safepoint    ] Safepoint "Cleanup", Time since last: 1006061500 ns, Reaching safepoint: 2545167 ns, At safepoint: 88417 ns, Total: 2633584 ns
[2022-09-04T16:26:42.556+0000][1][safepoint    ] Safepoint "Cleanup", Time since last: 1003407250 ns, Reaching safepoint: 1206083 ns, At safepoint: 32834 ns, Total: 1238917 ns
[2022-09-04T16:26:43.559+0000][1][safepoint    ] Safepoint "Cleanup", Time since last: 1002506584 ns, Reaching safepoint: 904750 ns, At safepoint: 28041 ns, Total: 932791 ns
[2022-09-04T16:26:44.563+0000][1][safepoint    ] Safepoint "Cleanup", Time since last: 1002130501 ns, Reaching safepoint: 2209166 ns, At safepoint: 69209 ns, Total: 2278375 ns
[2022-09-04T16:26:45.568+0000][1][safepoint    ] Safepoint "Cleanup", Time since last: 1002886750 ns, Reaching safepoint: 1834917 ns, At safepoint: 87583 ns, Total: 1922500 ns
[2022-09-04T16:26:46.573+0000][1][safepoint    ] Safepoint "Cleanup", Time since last: 1003571792 ns, Reaching safepoint: 955625 ns, At safepoint: 22834 ns, Total: 978459 ns
[2022-09-04T16:26:47.576+0000][1][safepoint    ] Safepoint "Cleanup", Time since last: 1001794250 ns, Reaching safepoint: 1697208 ns, At safepoint: 77209 ns, Total: 1774417 ns
[2022-09-04T16:26:48.584+0000][1][safepoint    ] Safepoint "Cleanup", Time since last: 1005422250 ns, Reaching safepoint: 1713167 ns, At safepoint: 44875 ns, Total: 1758042 ns
[2022-09-04T16:26:49.589+0000][1][safepoint    ] Safepoint "Cleanup", Time since last: 1003533625 ns, Reaching safepoint: 1846084 ns, At safepoint: 63333 ns, Total: 1909417 ns
[2022-09-04T16:26:50.596+0000][1][safepoint    ] Safepoint "Cleanup", Time since last: 1004430959 ns, Reaching safepoint: 2168375 ns, At safepoint: 183708 ns, Total: 2352083 ns
[2022-09-04T16:26:51.602+0000][1][safepoint    ] Safepoint "Cleanup", Time since last: 1004450876 ns, Reaching safepoint: 2147000 ns, At safepoint: 63416 ns, Total: 2210416 ns
[2022-09-04T16:26:52.610+0000][1][safepoint    ] Safepoint "Cleanup", Time since last: 1005766042 ns, Reaching safepoint: 1379084 ns, At safepoint: 87458 ns, Total: 1466542 ns
[2022-09-04T16:26:53.614+0000][1][safepoint    ] Safepoint "Cleanup", Time since last: 1003243959 ns, Reaching safepoint: 1511417 ns, At safepoint: 47000 ns, Total: 1558417 ns
[2022-09-04T16:26:54.619+0000][1][safepoint    ] Safepoint "Cleanup", Time since last: 1003577500 ns, Reaching safepoint: 1185042 ns, At safepoint: 36541 ns, Total: 1221583 ns
[2022-09-04T16:26:55.624+0000][1][safepoint    ] Safepoint "Cleanup", Time since last: 1002539043 ns, Reaching safepoint: 2000791 ns, At safepoint: 92459 ns, Total: 2093250 ns
[2022-09-04T16:26:56.631+0000][1][safepoint    ] Safepoint "Cleanup", Time since last: 1005977625 ns, Reaching safepoint: 1313917 ns, At safepoint: 32625 ns, Total: 1346542 ns
[2022-09-04T16:26:57.639+0000][1][safepoint    ] Safepoint "Cleanup", Time since last: 1004368542 ns, Reaching safepoint: 2788500 ns, At safepoint: 75583 ns, Total: 2864083 ns
[2022-09-04T16:26:58.647+0000][1][safepoint    ] Safepoint "Cleanup", Time since last: 1004945167 ns, Reaching safepoint: 3815209 ns, At safepoint: 87083 ns, Total: 3902292 ns
[2022-09-04T16:26:59.656+0000][1][safepoint    ] Safepoint "Cleanup", Time since last: 1005944376 ns, Reaching safepoint: 2221291 ns, At safepoint: 63209 ns, Total: 2284500 ns
[2022-09-04T16:27:00.667+0000][1][safepoint    ] Safepoint "Cleanup", Time since last: 1007791000 ns, Reaching safepoint: 3636083 ns, At safepoint: 144250 ns, Total: 3780333 ns
[2022-09-04T16:27:01.674+0000][1][safepoint    ] Safepoint "Cleanup", Time since last: 1006314208 ns, Reaching safepoint: 1301459 ns, At safepoint: 37833 ns, Total: 1339292 ns
[2022-09-04T16:27:02.680+0000][1][safepoint    ] Safepoint "Cleanup", Time since last: 1003481334 ns, Reaching safepoint: 1955500 ns, At safepoint: 58458 ns, Total: 2013958 ns
[2022-09-04T16:27:03.687+0000][1][safepoint    ] Safepoint "Cleanup", Time since last: 1004024709 ns, Reaching safepoint: 3002917 ns, At safepoint: 81750 ns, Total: 3084667 ns
[2022-09-04T16:27:04.696+0000][1][safepoint    ] Safepoint "Cleanup", Time since last: 1007106334 ns, Reaching safepoint: 1620625 ns, At safepoint: 44291 ns, Total: 1664916 ns
[2022-09-04T16:27:05.703+0000][1][safepoint    ] Safepoint "Cleanup", Time since last: 1003438584 ns, Reaching safepoint: 3442792 ns, At safepoint: 102750 ns, Total: 3545542 ns
[2022-09-04T16:27:06.711+0000][1][safepoint    ] Safepoint "Cleanup", Time since last: 1007164834 ns, Reaching safepoint: 1258625 ns, At safepoint: 53250 ns, Total: 1311875 ns
[2022-09-04T16:27:07.717+0000][1][safepoint    ] Safepoint "Cleanup", Time since last: 1003781417 ns, Reaching safepoint: 1869291 ns, At safepoint: 64750 ns, Total: 1934041 ns
[2022-09-04T16:27:08.723+0000][1][safepoint    ] Safepoint "Cleanup", Time since last: 1004187043 ns, Reaching safepoint: 1459250 ns, At safepoint: 38458 ns, Total: 1497708 ns
[2022-09-04T16:27:09.729+0000][1][safepoint    ] Safepoint "Cleanup", Time since last: 1003139209 ns, Reaching safepoint: 2621250 ns, At safepoint: 55583 ns, Total: 2676833 ns
[2022-09-04T16:27:10.734+0000][1][safepoint    ] Safepoint "Cleanup", Time since last: 1004264167 ns, Reaching safepoint: 1604792 ns, At safepoint: 61166 ns, Total: 1665958 ns
[2022-09-04T16:27:11.740+0000][1][safepoint    ] Safepoint "Cleanup", Time since last: 1002074709 ns, Reaching safepoint: 3088667 ns, At safepoint: 99708 ns, Total: 3188375 ns
[2022-09-04T16:27:12.745+0000][1][safepoint    ] Safepoint "Cleanup", Time since last: 1004197834 ns, Reaching safepoint: 1205958 ns, At safepoint: 76334 ns, Total: 1282292 ns
[2022-09-04T16:27:13.749+0000][1][safepoint    ] Safepoint "Cleanup", Time since last: 1002705834 ns, Reaching safepoint: 1058250 ns, At safepoint: 31583 ns, Total: 1089833 ns
[2022-09-04T16:27:14.767+0000][1][safepoint    ] Safepoint "Cleanup", Time since last: 1016237959 ns, Reaching safepoint: 1524208 ns, At safepoint: 37375 ns, Total: 1561583 ns
[2022-09-04T16:27:15.771+0000][1][safepoint    ] Safepoint "Cleanup", Time since last: 1002439751 ns, Reaching safepoint: 1564333 ns, At safepoint: 68542 ns, Total: 1632875 ns
[2022-09-04T16:27:16.774+0000][1][safepoint    ] Safepoint "Cleanup", Time since last: 1002174625 ns, Reaching safepoint: 1283958 ns, At safepoint: 68625 ns, Total: 1352583 ns
[2022-09-04T16:27:17.779+0000][1][safepoint    ] Safepoint "Cleanup", Time since last: 1003339668 ns, Reaching safepoint: 1567791 ns, At safepoint: 105667 ns, Total: 1673458 ns
[2022-09-04T16:27:18.785+0000][1][safepoint    ] Safepoint "Cleanup", Time since last: 1004089334 ns, Reaching safepoint: 1801291 ns, At safepoint: 115167 ns, Total: 1916458 ns
[2022-09-04T16:27:19.791+0000][1][safepoint    ] Safepoint "Cleanup", Time since last: 1002980167 ns, Reaching safepoint: 2345875 ns, At safepoint: 102917 ns, Total: 2448792 ns
[2022-09-04T16:27:20.796+0000][1][safepoint    ] Safepoint "Cleanup", Time since last: 1003559834 ns, Reaching safepoint: 1104250 ns, At safepoint: 38458 ns, Total: 1142708 ns
[2022-09-04T16:27:21.799+0000][1][safepoint    ] Safepoint "Cleanup", Time since last: 1002005459 ns, Reaching safepoint: 1838166 ns, At safepoint: 67209 ns, Total: 1905375 ns
[2022-09-04T16:27:22.803+0000][1][safepoint    ] Safepoint "Cleanup", Time since last: 1002378625 ns, Reaching safepoint: 1278667 ns, At safepoint: 33708 ns, Total: 1312375 ns
[2022-09-04T16:27:23.811+0000][1][safepoint    ] Safepoint "Cleanup", Time since last: 1006440751 ns, Reaching safepoint: 1201458 ns, At safepoint: 52458 ns, Total: 1253916 ns
[2022-09-04T16:27:24.815+0000][1][safepoint    ] Safepoint "Cleanup", Time since last: 1002627918 ns, Reaching safepoint: 1245833 ns, At safepoint: 30708 ns, Total: 1276541 ns
[2022-09-04T16:27:25.819+0000][1][safepoint    ] Safepoint "Cleanup", Time since last: 1003105251 ns, Reaching safepoint: 1060000 ns, At safepoint: 38750 ns, Total: 1098750 ns
[2022-09-04T16:27:26.927+0000][1][safepoint    ] Safepoint "Cleanup", Time since last: 1107080959 ns, Reaching safepoint: 1412708 ns, At safepoint: 25750 ns, Total: 1438458 ns
[2022-09-04T16:27:27.930+0000][1][safepoint    ] Safepoint "Cleanup", Time since last: 1001760542 ns, Reaching safepoint: 1217458 ns, At safepoint: 31042 ns, Total: 1248500 ns
[2022-09-04T16:27:28.936+0000][1][safepoint    ] Safepoint "Cleanup", Time since last: 1004095084 ns, Reaching safepoint: 1317916 ns, At safepoint: 33792 ns, Total: 1351708 ns
[2022-09-04T16:27:29.941+0000][1][safepoint    ] Safepoint "Cleanup", Time since last: 1002767542 ns, Reaching safepoint: 2436917 ns, At safepoint: 96250 ns, Total: 2533167 ns
[2022-09-04T16:27:30.946+0000][1][safepoint    ] Safepoint "Cleanup", Time since last: 1003041209 ns, Reaching safepoint: 1359083 ns, At safepoint: 37750 ns, Total: 1396833 ns
[2022-09-04T16:27:31.949+0000][1][safepoint    ] Safepoint "Cleanup", Time since last: 1002098667 ns, Reaching safepoint: 1447292 ns, At safepoint: 37791 ns, Total: 1485083 ns
[2022-09-04T16:27:32.952+0000][1][safepoint    ] Safepoint "Cleanup", Time since last: 1002744834 ns, Reaching safepoint: 933875 ns, At safepoint: 26167 ns, Total: 960042 ns
[2022-09-04T16:27:33.985+0000][1][safepoint    ] Safepoint "Cleanup", Time since last: 1030934792 ns, Reaching safepoint: 1901375 ns, At safepoint: 44208 ns, Total: 1945583 ns
[2022-09-04T16:27:34.990+0000][1][safepoint    ] Safepoint "Cleanup", Time since last: 1003578959 ns, Reaching safepoint: 1478708 ns, At safepoint: 40000 ns, Total: 1518708 ns
[2022-09-04T16:27:35.996+0000][1][safepoint    ] Safepoint "Cleanup", Time since last: 1002669668 ns, Reaching safepoint: 2425000 ns, At safepoint: 100375 ns, Total: 2525375 ns
[2022-09-04T16:27:36.999+0000][1][safepoint    ] Safepoint "Cleanup", Time since last: 1002572667 ns, Reaching safepoint: 1174458 ns, At safepoint: 25333 ns, Total: 1199791 ns
[2022-09-04T16:27:38.003+0000][1][safepoint    ] Safepoint "Cleanup", Time since last: 1002250334 ns, Reaching safepoint: 902625 ns, At safepoint: 26667 ns, Total: 929292 ns
[2022-09-04T16:27:39.007+0000][1][safepoint    ] Safepoint "Cleanup", Time since last: 1002846667 ns, Reaching safepoint: 1352833 ns, At safepoint: 31209 ns, Total: 1384042 ns
[2022-09-04T16:27:40.011+0000][1][safepoint    ] Safepoint "Cleanup", Time since last: 1001870458 ns, Reaching safepoint: 2262917 ns, At safepoint: 64208 ns, Total: 2327125 ns
[2022-09-04T16:27:41.016+0000][1][safepoint    ] Safepoint "Cleanup", Time since last: 1003875334 ns, Reaching safepoint: 798459 ns, At safepoint: 25083 ns, Total: 823542 ns
[2022-09-04T16:27:42.020+0000][1][safepoint    ] Safepoint "Cleanup", Time since last: 1001489375 ns, Reaching safepoint: 2633709 ns, At safepoint: 299958 ns, Total: 2933667 ns
[2022-09-04T16:27:43.584+0000][1][safepoint    ] Safepoint "Cleanup", Time since last: 1562684876 ns, Reaching safepoint: 1046875 ns, At safepoint: 22125 ns, Total: 1069000 ns
[2022-09-04T16:27:44.590+0000][1][safepoint    ] Safepoint "Cleanup", Time since last: 1002166750 ns, Reaching safepoint: 3669834 ns, At safepoint: 101583 ns, Total: 3771417 ns
[2022-09-04T16:27:45.598+0000][1][safepoint    ] Safepoint "Cleanup", Time since last: 1004669292 ns, Reaching safepoint: 3031792 ns, At safepoint: 92375 ns, Total: 3124167 ns
[2022-09-04T16:27:46.605+0000][1][safepoint    ] Safepoint "Cleanup", Time since last: 1004404709 ns, Reaching safepoint: 2588375 ns, At safepoint: 67833 ns, Total: 2656208 ns
[2022-09-04T16:27:47.619+0000][1][safepoint    ] Safepoint "Cleanup", Time since last: 1011120042 ns, Reaching safepoint: 2902833 ns, At safepoint: 73709 ns, Total: 2976542 ns
[2022-09-04T16:27:48.624+0000][1][safepoint    ] Safepoint "Cleanup", Time since last: 1004625834 ns, Reaching safepoint: 935416 ns, At safepoint: 32042 ns, Total: 967458 ns
[2022-09-04T16:27:49.627+0000][1][safepoint    ] Safepoint "Cleanup", Time since last: 1001858292 ns, Reaching safepoint: 865042 ns, At safepoint: 27375 ns, Total: 892417 ns
[2022-09-04T16:27:50.631+0000][1][safepoint    ] Safepoint "Cleanup", Time since last: 1003057875 ns, Reaching safepoint: 999667 ns, At safepoint: 27458 ns, Total: 1027125 ns
[2022-09-04T16:27:51.638+0000][1][safepoint    ] Safepoint "Cleanup", Time since last: 1003202667 ns, Reaching safepoint: 3036542 ns, At safepoint: 85708 ns, Total: 3122250 ns
[2022-09-04T16:27:52.646+0000][1][safepoint    ] Safepoint "Cleanup", Time since last: 1006718709 ns, Reaching safepoint: 1501000 ns, At safepoint: 38667 ns, Total: 1539667 ns
[2022-09-04T16:27:53.652+0000][1][safepoint    ] Safepoint "Cleanup", Time since last: 1004962750 ns, Reaching safepoint: 1230834 ns, At safepoint: 31250 ns, Total: 1262084 ns
[2022-09-04T16:27:54.657+0000][1][safepoint    ] Safepoint "Cleanup", Time since last: 1004200208 ns, Reaching safepoint: 1055542 ns, At safepoint: 25583 ns, Total: 1081125 ns
[2022-09-04T16:27:55.665+0000][1][safepoint    ] Safepoint "Cleanup", Time since last: 1004661043 ns, Reaching safepoint: 2544250 ns, At safepoint: 77833 ns, Total: 2622083 ns
[2022-09-04T16:27:56.671+0000][1][safepoint    ] Safepoint "Cleanup", Time since last: 1005523625 ns, Reaching safepoint: 967625 ns, At safepoint: 24292 ns, Total: 991917 ns
[2022-09-04T16:27:57.674+0000][1][safepoint    ] Safepoint "Cleanup", Time since last: 1001584251 ns, Reaching safepoint: 1023541 ns, At safepoint: 28417 ns, Total: 1051958 ns
[2022-09-04T16:27:58.680+0000][1][safepoint    ] Safepoint "Cleanup", Time since last: 1004594542 ns, Reaching safepoint: 1582333 ns, At safepoint: 42084 ns, Total: 1624417 ns
[2022-09-04T16:27:59.688+0000][1][safepoint    ] Safepoint "Cleanup", Time since last: 1004519875 ns, Reaching safepoint: 3651959 ns, At safepoint: 87625 ns, Total: 3739584 ns
[2022-09-04T16:28:00.693+0000][1][safepoint    ] Safepoint "Cleanup", Time since last: 1004310167 ns, Reaching safepoint: 964208 ns, At safepoint: 20417 ns, Total: 984625 ns
[2022-09-04T16:28:01.699+0000][1][safepoint    ] Safepoint "Cleanup", Time since last: 1002269083 ns, Reaching safepoint: 3189666 ns, At safepoint: 122709 ns, Total: 3312375 ns
[2022-09-04T16:28:02.707+0000][1][safepoint    ] Safepoint "Cleanup", Time since last: 1007046167 ns, Reaching safepoint: 872500 ns, At safepoint: 24250 ns, Total: 896750 ns
[2022-09-04T16:28:03.712+0000][1][safepoint    ] Safepoint "Cleanup", Time since last: 1003898708 ns, Reaching safepoint: 1221000 ns, At safepoint: 31250 ns, Total: 1252250 ns
[2022-09-04T16:28:04.718+0000][1][safepoint    ] Safepoint "Cleanup", Time since last: 1002965501 ns, Reaching safepoint: 2956750 ns, At safepoint: 91792 ns, Total: 3048542 ns
[2022-09-04T16:28:05.727+0000][1][safepoint    ] Safepoint "Cleanup", Time since last: 1004794583 ns, Reaching safepoint: 3801417 ns, At safepoint: 181208 ns, Total: 3982625 ns
[2022-09-04T16:28:06.733+0000][1][safepoint    ] Safepoint "Cleanup", Time since last: 1004349834 ns, Reaching safepoint: 1717042 ns, At safepoint: 55000 ns, Total: 1772042 ns
[2022-09-04T16:28:07.737+0000][1][safepoint    ] Safepoint "Cleanup", Time since last: 1003172459 ns, Reaching safepoint: 1437583 ns, At safepoint: 42375 ns, Total: 1479958 ns
[2022-09-04T16:28:08.744+0000][1][safepoint    ] Safepoint "Cleanup", Time since last: 1003844084 ns, Reaching safepoint: 2815333 ns, At safepoint: 72792 ns, Total: 2888125 ns
[2022-09-04T16:28:09.749+0000][1][safepoint    ] Safepoint "Cleanup", Time since last: 1003714750 ns, Reaching safepoint: 1092292 ns, At safepoint: 26875 ns, Total: 1119167 ns
[2022-09-04T16:28:10.753+0000][1][safepoint    ] Safepoint "Cleanup", Time since last: 1003556625 ns, Reaching safepoint: 774292 ns, At safepoint: 25667 ns, Total: 799959 ns
[2022-09-04T16:28:11.756+0000][1][safepoint    ] Safepoint "Cleanup", Time since last: 1001532792 ns, Reaching safepoint: 1369250 ns, At safepoint: 37500 ns, Total: 1406750 ns
[2022-09-04T16:28:12.760+0000][1][safepoint    ] Safepoint "Cleanup", Time since last: 1002901542 ns, Reaching safepoint: 1039625 ns, At safepoint: 22792 ns, Total: 1062417 ns
[2022-09-04T16:28:13.765+0000][1][safepoint    ] Safepoint "Cleanup", Time since last: 1003572667 ns, Reaching safepoint: 1017792 ns, At safepoint: 22416 ns, Total: 1040208 ns
[2022-09-04T16:28:14.772+0000][1][safepoint    ] Safepoint "Cleanup", Time since last: 1005470834 ns, Reaching safepoint: 2036500 ns, At safepoint: 46667 ns, Total: 2083167 ns
[2022-09-04T16:28:15.779+0000][1][safepoint    ] Safepoint "Cleanup", Time since last: 1005001584 ns, Reaching safepoint: 1938458 ns, At safepoint: 54333 ns, Total: 1992791 ns
[2022-09-04T16:28:16.784+0000][1][safepoint    ] Safepoint "Cleanup", Time since last: 1002814126 ns, Reaching safepoint: 1338166 ns, At safepoint: 31750 ns, Total: 1369916 ns
[2022-09-04T16:28:17.788+0000][1][safepoint    ] Safepoint "Cleanup", Time since last: 1002570709 ns, Reaching safepoint: 1296750 ns, At safepoint: 32917 ns, Total: 1329667 ns
[2022-09-04T16:28:18.791+0000][1][safepoint    ] Safepoint "Cleanup", Time since last: 1002194459 ns, Reaching safepoint: 1521291 ns, At safepoint: 51167 ns, Total: 1572458 ns
[2022-09-04T16:28:20.129+0000][1][safepoint    ] Safepoint "Cleanup", Time since last: 1336687001 ns, Reaching safepoint: 858875 ns, At safepoint: 24500 ns, Total: 883375 ns
[2022-09-04T16:28:21.132+0000][1][safepoint    ] Safepoint "Cleanup", Time since last: 1001448042 ns, Reaching safepoint: 1308000 ns, At safepoint: 51708 ns, Total: 1359708 ns
[2022-09-04T16:28:22.139+0000][1][safepoint    ] Safepoint "Cleanup", Time since last: 1005650001 ns, Reaching safepoint: 1221916 ns, At safepoint: 63375 ns, Total: 1285291 ns
[2022-09-04T16:28:23.144+0000][1][safepoint    ] Safepoint "Cleanup", Time since last: 1004838584 ns, Reaching safepoint: 775917 ns, At safepoint: 21416 ns, Total: 797333 ns
[2022-09-04T16:28:24.147+0000][1][safepoint    ] Safepoint "Cleanup", Time since last: 1001699668 ns, Reaching safepoint: 786000 ns, At safepoint: 25958 ns, Total: 811958 ns
[2022-09-04T16:28:25.149+0000][1][safepoint    ] Safepoint "Cleanup", Time since last: 1001709250 ns, Reaching safepoint: 822209 ns, At safepoint: 25750 ns, Total: 847959 ns
[2022-09-04T16:28:26.152+0000][1][safepoint    ] Safepoint "Cleanup", Time since last: 1001689500 ns, Reaching safepoint: 782709 ns, At safepoint: 24375 ns, Total: 807084 ns
[2022-09-04T16:28:27.154+0000][1][safepoint    ] Safepoint "Cleanup", Time since last: 1001479667 ns, Reaching safepoint: 794375 ns, At safepoint: 23833 ns, Total: 818208 ns
[2022-09-04T16:28:28.157+0000][1][safepoint    ] Safepoint "Cleanup", Time since last: 1001846125 ns, Reaching safepoint: 791042 ns, At safepoint: 23167 ns, Total: 814209 ns
[2022-09-04T16:28:29.161+0000][1][safepoint    ] Safepoint "Cleanup", Time since last: 1002729792 ns, Reaching safepoint: 1179417 ns, At safepoint: 32583 ns, Total: 1212000 ns
[2022-09-04T16:28:30.165+0000][1][safepoint    ] Safepoint "Cleanup", Time since last: 1003304167 ns, Reaching safepoint: 1128625 ns, At safepoint: 37875 ns, Total: 1166500 ns
[2022-09-04T16:28:31.168+0000][1][safepoint    ] Safepoint "Cleanup", Time since last: 1002429042 ns, Reaching safepoint: 1014250 ns, At safepoint: 24166 ns, Total: 1038416 ns
[2022-09-04T16:28:32.173+0000][1][safepoint    ] Safepoint "Cleanup", Time since last: 1001728626 ns, Reaching safepoint: 2544500 ns, At safepoint: 96708 ns, Total: 2641208 ns
[2022-09-04T16:28:33.178+0000][1][safepoint    ] Safepoint "Cleanup", Time since last: 1004175126 ns, Reaching safepoint: 764708 ns, At safepoint: 21250 ns, Total: 785958 ns
[2022-09-04T16:28:34.184+0000][1][safepoint    ] Safepoint "Cleanup", Time since last: 1004231000 ns, Reaching safepoint: 1786417 ns, At safepoint: 143208 ns, Total: 1929625 ns
[2022-09-04T16:28:35.191+0000][1][safepoint    ] Safepoint "Cleanup", Time since last: 1004860126 ns, Reaching safepoint: 1808375 ns, At safepoint: 36958 ns, Total: 1845333 ns
[2022-09-04T16:28:36.195+0000][1][safepoint    ] Safepoint "Cleanup", Time since last: 1003921417 ns, Reaching safepoint: 854334 ns, At safepoint: 26708 ns, Total: 881042 ns
[2022-09-04T16:28:37.410+0000][1][safepoint    ] Safepoint "Cleanup", Time since last: 1213686459 ns, Reaching safepoint: 884542 ns, At safepoint: 26416 ns, Total: 910958 ns
[2022-09-04T16:28:38.414+0000][1][safepoint    ] Safepoint "Cleanup", Time since last: 1003246751 ns, Reaching safepoint: 876000 ns, At safepoint: 25958 ns, Total: 901958 ns
[2022-09-04T16:28:39.417+0000][1][safepoint    ] Safepoint "Cleanup", Time since last: 1001691417 ns, Reaching safepoint: 879834 ns, At safepoint: 25208 ns, Total: 905042 ns
[2022-09-04T16:28:40.420+0000][1][safepoint    ] Safepoint "Cleanup", Time since last: 1002355584 ns, Reaching safepoint: 1431541 ns, At safepoint: 47834 ns, Total: 1479375 ns
[2022-09-04T16:28:41.424+0000][1][safepoint    ] Safepoint "Cleanup", Time since last: 1002602542 ns, Reaching safepoint: 875291 ns, At safepoint: 25167 ns, Total: 900458 ns
[2022-09-04T16:28:42.429+0000][1][safepoint    ] Safepoint "Cleanup", Time since last: 1001876459 ns, Reaching safepoint: 2815417 ns, At safepoint: 102250 ns, Total: 2917667 ns
[2022-09-04T16:28:43.436+0000][1][safepoint    ] Safepoint "Cleanup", Time since last: 1005578042 ns, Reaching safepoint: 1408916 ns, At safepoint: 60709 ns, Total: 1469625 ns
[2022-09-04T16:28:44.440+0000][1][safepoint    ] Safepoint "Cleanup", Time since last: 1003472167 ns, Reaching safepoint: 1115250 ns, At safepoint: 30417 ns, Total: 1145667 ns
[2022-09-04T16:28:45.450+0000][1][safepoint    ] Safepoint "Cleanup", Time since last: 1004094792 ns, Reaching safepoint: 5149083 ns, At safepoint: 165250 ns, Total: 5314333 ns
[2022-09-04T16:28:46.460+0000][1][safepoint    ] Safepoint "Cleanup", Time since last: 1008559417 ns, Reaching safepoint: 1152500 ns, At safepoint: 32750 ns, Total: 1185250 ns
[2022-09-04T16:28:47.467+0000][1][safepoint    ] Safepoint "Cleanup", Time since last: 1003958126 ns, Reaching safepoint: 3507750 ns, At safepoint: 107833 ns, Total: 3615583 ns
[2022-09-04T16:28:48.476+0000][1][safepoint    ] Safepoint "Cleanup", Time since last: 1006542959 ns, Reaching safepoint: 2191708 ns, At safepoint: 56500 ns, Total: 2248208 ns
[2022-09-04T16:28:49.480+0000][1][safepoint    ] Safepoint "Cleanup", Time since last: 1003639084 ns, Reaching safepoint: 858583 ns, At safepoint: 24792 ns, Total: 883375 ns
[2022-09-04T16:28:50.485+0000][1][safepoint    ] Safepoint "Cleanup", Time since last: 1003862709 ns, Reaching safepoint: 851708 ns, At safepoint: 46083 ns, Total: 897791 ns
[2022-09-04T16:28:51.488+0000][1][safepoint    ] Safepoint "Cleanup", Time since last: 1002014668 ns, Reaching safepoint: 813750 ns, At safepoint: 24000 ns, Total: 837750 ns
[2022-09-04T16:28:52.494+0000][1][safepoint    ] Safepoint "Cleanup", Time since last: 1001669750 ns, Reaching safepoint: 3623625 ns, At safepoint: 73625 ns, Total: 3697250 ns
[2022-09-04T16:28:53.502+0000][1][safepoint    ] Safepoint "Cleanup", Time since last: 1005150292 ns, Reaching safepoint: 3487834 ns, At safepoint: 84958 ns, Total: 3572792 ns
[2022-09-04T16:28:54.511+0000][1][safepoint    ] Safepoint "Cleanup", Time since last: 1005998750 ns, Reaching safepoint: 2975084 ns, At safepoint: 120583 ns, Total: 3095667 ns
[2022-09-04T16:28:55.520+0000][1][safepoint    ] Safepoint "Cleanup", Time since last: 1006030042 ns, Reaching safepoint: 2070584 ns, At safepoint: 92083 ns, Total: 2162667 ns
[2022-09-04T16:28:56.524+0000][1][safepoint    ] Safepoint "Cleanup", Time since last: 1003478334 ns, Reaching safepoint: 859041 ns, At safepoint: 22000 ns, Total: 881041 ns
[2022-09-04T16:28:57.529+0000][1][safepoint    ] Safepoint "Cleanup", Time since last: 1001467667 ns, Reaching safepoint: 3599209 ns, At safepoint: 111541 ns, Total: 3710750 ns
[2022-09-04T16:28:58.542+0000][1][safepoint    ] Safepoint "Cleanup", Time since last: 1009400626 ns, Reaching safepoint: 3382792 ns, At safepoint: 69250 ns, Total: 3452042 ns
[2022-09-04T16:28:59.552+0000][1][safepoint    ] Safepoint "Cleanup", Time since last: 1005985417 ns, Reaching safepoint: 3592833 ns, At safepoint: 105542 ns, Total: 3698375 ns
[2022-09-04T16:29:00.562+0000][1][safepoint    ] Safepoint "Cleanup", Time since last: 1007889334 ns, Reaching safepoint: 2521250 ns, At safepoint: 93375 ns, Total: 2614625 ns
[2022-09-04T16:29:01.569+0000][1][safepoint    ] Safepoint "Cleanup", Time since last: 1005975791 ns, Reaching safepoint: 847750 ns, At safepoint: 22417 ns, Total: 870167 ns
[2022-09-04T16:29:02.572+0000][1][safepoint    ] Safepoint "Cleanup", Time since last: 1001531167 ns, Reaching safepoint: 1589250 ns, At safepoint: 30209 ns, Total: 1619459 ns
[2022-09-04T16:29:03.579+0000][1][safepoint    ] Safepoint "Cleanup", Time since last: 1003662667 ns, Reaching safepoint: 3804250 ns, At safepoint: 99791 ns, Total: 3904041 ns
[2022-09-04T16:29:04.590+0000][1][safepoint    ] Safepoint "Cleanup", Time since last: 1006413459 ns, Reaching safepoint: 3643334 ns, At safepoint: 85541 ns, Total: 3728875 ns
[2022-09-04T16:29:05.598+0000][1][safepoint    ] Safepoint "Cleanup", Time since last: 1005162251 ns, Reaching safepoint: 2956250 ns, At safepoint: 105458 ns, Total: 3061708 ns
[2022-09-04T16:29:06.604+0000][1][safepoint    ] Safepoint "Cleanup", Time since last: 1004855209 ns, Reaching safepoint: 887333 ns, At safepoint: 34875 ns, Total: 922208 ns
[2022-09-04T16:29:07.612+0000][1][safepoint    ] Safepoint "Cleanup", Time since last: 1004665209 ns, Reaching safepoint: 4049417 ns, At safepoint: 100500 ns, Total: 4149917 ns
[2022-09-04T16:29:08.622+0000][1][safepoint    ] Safepoint "Cleanup", Time since last: 1006427875 ns, Reaching safepoint: 3143250 ns, At safepoint: 358333 ns, Total: 3501583 ns
[2022-09-04T16:29:09.629+0000][1][safepoint    ] Safepoint "Cleanup", Time since last: 1004058584 ns, Reaching safepoint: 2536542 ns, At safepoint: 57333 ns, Total: 2593875 ns
[2022-09-04T16:29:10.634+0000][1][safepoint    ] Safepoint "Cleanup", Time since last: 1003918667 ns, Reaching safepoint: 1341625 ns, At safepoint: 39000 ns, Total: 1380625 ns
[2022-09-04T16:29:11.638+0000][1][safepoint    ] Safepoint "Cleanup", Time since last: 1002314043 ns, Reaching safepoint: 1039583 ns, At safepoint: 31250 ns, Total: 1070833 ns
[2022-09-04T16:29:12.642+0000][1][safepoint    ] Safepoint "Cleanup", Time since last: 1002230292 ns, Reaching safepoint: 1853375 ns, At safepoint: 45250 ns, Total: 1898625 ns
[2022-09-04T16:29:13.653+0000][1][safepoint    ] Safepoint "Cleanup", Time since last: 1008351959 ns, Reaching safepoint: 2649167 ns, At safepoint: 82208 ns, Total: 2731375 ns
[2022-09-04T16:29:14.663+0000][1][safepoint    ] Safepoint "Cleanup", Time since last: 1007152959 ns, Reaching safepoint: 2594791 ns, At safepoint: 66584 ns, Total: 2661375 ns
[2022-09-04T16:29:15.671+0000][1][safepoint    ] Safepoint "Cleanup", Time since last: 1004498000 ns, Reaching safepoint: 3664792 ns, At safepoint: 153042 ns, Total: 3817834 ns
[2022-09-04T16:29:16.678+0000][1][safepoint    ] Safepoint "Cleanup", Time since last: 1005617417 ns, Reaching safepoint: 1570375 ns, At safepoint: 45000 ns, Total: 1615375 ns
[2022-09-04T16:29:17.686+0000][1][safepoint    ] Safepoint "Cleanup", Time since last: 1003897708 ns, Reaching safepoint: 3666667 ns, At safepoint: 86833 ns, Total: 3753500 ns
[2022-09-04T16:29:18.696+0000][1][safepoint    ] Safepoint "Cleanup", Time since last: 1006593834 ns, Reaching safepoint: 3176917 ns, At safepoint: 83500 ns, Total: 3260417 ns
[2022-09-04T16:29:19.704+0000][1][safepoint    ] Safepoint "Cleanup", Time since last: 1005647917 ns, Reaching safepoint: 2625292 ns, At safepoint: 98166 ns, Total: 2723458 ns
[2022-09-04T16:29:20.713+0000][1][safepoint    ] Safepoint "Cleanup", Time since last: 1006056376 ns, Reaching safepoint: 2795625 ns, At safepoint: 154292 ns, Total: 2949917 ns
[2022-09-04T16:29:21.722+0000][1][safepoint    ] Safepoint "Cleanup", Time since last: 1007701042 ns, Reaching safepoint: 1148208 ns, At safepoint: 36333 ns, Total: 1184541 ns
[2022-09-04T16:29:22.728+0000][1][safepoint    ] Safepoint "Cleanup", Time since last: 1002641501 ns, Reaching safepoint: 2791208 ns, At safepoint: 75042 ns, Total: 2866250 ns
[2022-09-04T16:29:23.734+0000][1][safepoint    ] Safepoint "Cleanup", Time since last: 1004560250 ns, Reaching safepoint: 1411917 ns, At safepoint: 42250 ns, Total: 1454167 ns
[2022-09-04T16:29:24.738+0000][1][safepoint    ] Safepoint "Cleanup", Time since last: 1003113625 ns, Reaching safepoint: 1015500 ns, At safepoint: 24375 ns, Total: 1039875 ns
[2022-09-04T16:29:25.742+0000][1][safepoint    ] Safepoint "Cleanup", Time since last: 1001460543 ns, Reaching safepoint: 2714666 ns, At safepoint: 82500 ns, Total: 2797166 ns
[2022-09-04T16:29:26.747+0000][1][safepoint    ] Safepoint "Cleanup", Time since last: 1003740584 ns, Reaching safepoint: 1297250 ns, At safepoint: 30625 ns, Total: 1327875 ns
[2022-09-04T16:29:27.752+0000][1][safepoint    ] Safepoint "Cleanup", Time since last: 1002226209 ns, Reaching safepoint: 2493542 ns, At safepoint: 67250 ns, Total: 2560792 ns
[2022-09-04T16:29:28.758+0000][1][safepoint    ] Safepoint "Cleanup", Time since last: 1004334875 ns, Reaching safepoint: 1490708 ns, At safepoint: 41750 ns, Total: 1532458 ns
[2022-09-04T16:29:29.762+0000][1][safepoint    ] Safepoint "Cleanup", Time since last: 1002690293 ns, Reaching safepoint: 1395666 ns, At safepoint: 37209 ns, Total: 1432875 ns
[2022-09-04T16:29:30.765+0000][1][safepoint    ] Safepoint "Cleanup", Time since last: 1002670083 ns, Reaching safepoint: 870792 ns, At safepoint: 25750 ns, Total: 896542 ns
[2022-09-04T16:29:31.770+0000][1][safepoint    ] Safepoint "Cleanup", Time since last: 1003876292 ns, Reaching safepoint: 1120250 ns, At safepoint: 28333 ns, Total: 1148583 ns
[2022-09-04T16:29:32.774+0000][1][safepoint    ] Safepoint "Cleanup", Time since last: 1002298376 ns, Reaching safepoint: 1565208 ns, At safepoint: 62833 ns, Total: 1628041 ns
[2022-09-04T16:29:33.777+0000][1][safepoint    ] Safepoint "Cleanup", Time since last: 1002244334 ns, Reaching safepoint: 1113708 ns, At safepoint: 26459 ns, Total: 1140167 ns
[2022-09-04T16:29:34.784+0000][1][safepoint    ] Safepoint "Cleanup", Time since last: 1004594959 ns, Reaching safepoint: 1888333 ns, At safepoint: 56750 ns, Total: 1945083 ns
[2022-09-04T16:29:35.788+0000][1][safepoint    ] Safepoint "Cleanup", Time since last: 1002685292 ns, Reaching safepoint: 1543333 ns, At safepoint: 37834 ns, Total: 1581167 ns
[2022-09-04T16:29:36.793+0000][1][safepoint    ] Safepoint "Cleanup", Time since last: 1004612167 ns, Reaching safepoint: 883333 ns, At safepoint: 23584 ns, Total: 906917 ns
[2022-09-04T16:29:37.797+0000][1][safepoint    ] Safepoint "Cleanup", Time since last: 1002679958 ns, Reaching safepoint: 1177459 ns, At safepoint: 37166 ns, Total: 1214625 ns
[2022-09-04T16:29:38.802+0000][1][safepoint    ] Safepoint "Cleanup", Time since last: 1002006168 ns, Reaching safepoint: 2934958 ns, At safepoint: 96125 ns, Total: 3031083 ns
[2022-09-04T16:29:39.809+0000][1][safepoint    ] Safepoint "Cleanup", Time since last: 1005491917 ns, Reaching safepoint: 1328417 ns, At safepoint: 35208 ns, Total: 1363625 ns
[2022-09-04T16:29:40.815+0000][1][safepoint    ] Safepoint "Cleanup", Time since last: 1004521251 ns, Reaching safepoint: 1019833 ns, At safepoint: 24500 ns, Total: 1044333 ns
[2022-09-04T16:29:41.818+0000][1][safepoint    ] Safepoint "Cleanup", Time since last: 1002195292 ns, Reaching safepoint: 863583 ns, At safepoint: 22792 ns, Total: 886375 ns
[2022-09-04T16:29:42.826+0000][1][safepoint    ] Safepoint "Cleanup", Time since last: 1006352917 ns, Reaching safepoint: 1320792 ns, At safepoint: 32166 ns, Total: 1352958 ns
[2022-09-04T16:29:43.831+0000][1][safepoint    ] Safepoint "Cleanup", Time since last: 1003186626 ns, Reaching safepoint: 2107292 ns, At safepoint: 49708 ns, Total: 2157000 ns
[2022-09-04T16:29:44.841+0000][1][safepoint    ] Safepoint "Cleanup", Time since last: 1007963167 ns, Reaching safepoint: 1782833 ns, At safepoint: 42500 ns, Total: 1825333 ns
[2022-09-04T16:29:45.846+0000][1][safepoint    ] Safepoint "Cleanup", Time since last: 1004041876 ns, Reaching safepoint: 1493208 ns, At safepoint: 37500 ns, Total: 1530708 ns
[2022-09-04T16:29:46.853+0000][1][safepoint    ] Safepoint "Cleanup", Time since last: 1003835501 ns, Reaching safepoint: 2768375 ns, At safepoint: 66000 ns, Total: 2834375 ns
[2022-09-04T16:29:47.861+0000][1][safepoint    ] Safepoint "Cleanup", Time since last: 1007031334 ns, Reaching safepoint: 1416833 ns, At safepoint: 36000 ns, Total: 1452833 ns
[2022-09-04T16:29:48.867+0000][1][safepoint    ] Safepoint "Cleanup", Time since last: 1002651709 ns, Reaching safepoint: 2546500 ns, At safepoint: 70958 ns, Total: 2617458 ns
[2022-09-04T16:29:49.873+0000][1][safepoint    ] Safepoint "Cleanup", Time since last: 1003594709 ns, Reaching safepoint: 2990542 ns, At safepoint: 77500 ns, Total: 3068042 ns
[2022-09-04T16:29:50.882+0000][1][safepoint    ] Safepoint "Cleanup", Time since last: 1004685458 ns, Reaching safepoint: 3886667 ns, At safepoint: 110000 ns, Total: 3996667 ns
[2022-09-04T16:29:51.890+0000][1][safepoint    ] Safepoint "Cleanup", Time since last: 1005281125 ns, Reaching safepoint: 2748500 ns, At safepoint: 73000 ns, Total: 2821500 ns
[2022-09-04T16:29:52.897+0000][1][safepoint    ] Safepoint "Cleanup", Time since last: 1004849501 ns, Reaching safepoint: 2233208 ns, At safepoint: 56250 ns, Total: 2289458 ns
[2022-09-04T16:29:53.904+0000][1][safepoint    ] Safepoint "Cleanup", Time since last: 1005431167 ns, Reaching safepoint: 840334 ns, At safepoint: 25958 ns, Total: 866292 ns
[2022-09-04T16:29:54.910+0000][1][safepoint    ] Safepoint "Cleanup", Time since last: 1005714917 ns, Reaching safepoint: 1034250 ns, At safepoint: 24959 ns, Total: 1059209 ns
[2022-09-04T16:29:55.918+0000][1][safepoint    ] Safepoint "Cleanup", Time since last: 1004605125 ns, Reaching safepoint: 2606917 ns, At safepoint: 67833 ns, Total: 2674750 ns
[2022-09-04T16:29:56.925+0000][1][safepoint    ] Safepoint "Cleanup", Time since last: 1005180501 ns, Reaching safepoint: 2313583 ns, At safepoint: 69333 ns, Total: 2382916 ns
[2022-09-04T16:29:57.930+0000][1][safepoint    ] Safepoint "Cleanup", Time since last: 1003652376 ns, Reaching safepoint: 992458 ns, At safepoint: 33750 ns, Total: 1026208 ns
[2022-09-04T16:29:58.934+0000][1][safepoint    ] Safepoint "Cleanup", Time since last: 1002740167 ns, Reaching safepoint: 1542875 ns, At safepoint: 40625 ns, Total: 1583500 ns
[2022-09-04T16:29:59.943+0000][1][safepoint    ] Safepoint "Cleanup", Time since last: 1005227376 ns, Reaching safepoint: 3483625 ns, At safepoint: 110625 ns, Total: 3594250 ns
[2022-09-04T16:30:00.957+0000][1][safepoint    ] Safepoint "Cleanup", Time since last: 1008514208 ns, Reaching safepoint: 4699334 ns, At safepoint: 148958 ns, Total: 4848292 ns
[2022-09-04T16:30:01.968+0000][1][safepoint    ] Safepoint "Cleanup", Time since last: 1007321209 ns, Reaching safepoint: 3652416 ns, At safepoint: 288167 ns, Total: 3940583 ns
[2022-09-04T16:30:02.974+0000][1][safepoint    ] Safepoint "Cleanup", Time since last: 1005426125 ns, Reaching safepoint: 854000 ns, At safepoint: 23917 ns, Total: 877917 ns
[2022-09-04T16:30:03.978+0000][1][safepoint    ] Safepoint "Cleanup", Time since last: 1002679251 ns, Reaching safepoint: 1348750 ns, At safepoint: 31750 ns, Total: 1380500 ns
[2022-09-04T16:30:04.983+0000][1][safepoint    ] Safepoint "Cleanup", Time since last: 1003791750 ns, Reaching safepoint: 1506167 ns, At safepoint: 37125 ns, Total: 1543292 ns
[2022-09-04T16:30:05.989+0000][1][safepoint    ] Safepoint "Cleanup", Time since last: 1003562792 ns, Reaching safepoint: 1972708 ns, At safepoint: 54375 ns, Total: 2027083 ns
[2022-09-04T16:30:06.995+0000][1][safepoint    ] Safepoint "Cleanup", Time since last: 1004506209 ns, Reaching safepoint: 1536333 ns, At safepoint: 46834 ns, Total: 1583167 ns
[2022-09-04T16:30:07.999+0000][1][safepoint    ] Safepoint "Cleanup", Time since last: 1003622750 ns, Reaching safepoint: 888625 ns, At safepoint: 26292 ns, Total: 914917 ns
[2022-09-04T16:30:09.007+0000][1][safepoint    ] Safepoint "Cleanup", Time since last: 1003976334 ns, Reaching safepoint: 3609000 ns, At safepoint: 87458 ns, Total: 3696458 ns
[2022-09-04T16:30:10.014+0000][1][safepoint    ] Safepoint "Cleanup", Time since last: 1004353542 ns, Reaching safepoint: 2804167 ns, At safepoint: 214625 ns, Total: 3018792 ns
[2022-09-04T16:30:11.025+0000][1][safepoint    ] Safepoint "Cleanup", Time since last: 1007818292 ns, Reaching safepoint: 2301208 ns, At safepoint: 75084 ns, Total: 2376292 ns
[2022-09-04T16:30:12.029+0000][1][safepoint    ] Safepoint "Cleanup", Time since last: 1003737000 ns, Reaching safepoint: 1005125 ns, At safepoint: 26583 ns, Total: 1031708 ns
[2022-09-04T16:30:13.034+0000][1][safepoint    ] Safepoint "Cleanup", Time since last: 1003433168 ns, Reaching safepoint: 849791 ns, At safepoint: 25792 ns, Total: 875583 ns
[2022-09-04T16:30:14.036+0000][1][safepoint    ] Safepoint "Cleanup", Time since last: 1001894292 ns, Reaching safepoint: 860625 ns, At safepoint: 22833 ns, Total: 883458 ns
[2022-09-04T16:30:15.040+0000][1][safepoint    ] Safepoint "Cleanup", Time since last: 1001873001 ns, Reaching safepoint: 1728458 ns, At safepoint: 52417 ns, Total: 1780875 ns
[2022-09-04T16:30:16.044+0000][1][safepoint    ] Safepoint "Cleanup", Time since last: 1002654167 ns, Reaching safepoint: 1112958 ns, At safepoint: 26875 ns, Total: 1139833 ns
[2022-09-04T16:30:17.050+0000][1][safepoint    ] Safepoint "Cleanup", Time since last: 1002960626 ns, Reaching safepoint: 2579500 ns, At safepoint: 88208 ns, Total: 2667708 ns
[2022-09-04T16:30:18.056+0000][1][safepoint    ] Safepoint "Cleanup", Time since last: 1005409709 ns, Reaching safepoint: 877833 ns, At safepoint: 24125 ns, Total: 901958 ns
[2022-09-04T16:30:19.065+0000][1][safepoint    ] Safepoint "Cleanup", Time since last: 1005526334 ns, Reaching safepoint: 3505833 ns, At safepoint: 107542 ns, Total: 3613375 ns
[2022-09-04T16:30:20.075+0000][1][safepoint    ] Safepoint "Cleanup", Time since last: 1008416251 ns, Reaching safepoint: 1580083 ns, At safepoint: 43667 ns, Total: 1623750 ns
[2022-09-04T16:30:21.080+0000][1][safepoint    ] Safepoint "Cleanup", Time since last: 1002654250 ns, Reaching safepoint: 2379958 ns, At safepoint: 94834 ns, Total: 2474792 ns
[2022-09-04T16:30:22.087+0000][1][safepoint    ] Safepoint "Cleanup", Time since last: 1005446334 ns, Reaching safepoint: 1378250 ns, At safepoint: 40375 ns, Total: 1418625 ns
[2022-09-04T16:30:23.092+0000][1][safepoint    ] Safepoint "Cleanup", Time since last: 1003703458 ns, Reaching safepoint: 1132625 ns, At safepoint: 26084 ns, Total: 1158709 ns
[2022-09-04T16:30:24.095+0000][1][safepoint    ] Safepoint "Cleanup", Time since last: 1001790875 ns, Reaching safepoint: 1095250 ns, At safepoint: 29709 ns, Total: 1124959 ns
[2022-09-04T16:30:25.099+0000][1][safepoint    ] Safepoint "Cleanup", Time since last: 1002778750 ns, Reaching safepoint: 1363250 ns, At safepoint: 42000 ns, Total: 1405250 ns
[2022-09-04T16:30:26.104+0000][1][safepoint    ] Safepoint "Cleanup", Time since last: 1004125542 ns, Reaching safepoint: 906708 ns, At safepoint: 22334 ns, Total: 929042 ns
[2022-09-04T16:30:27.107+0000][1][safepoint    ] Safepoint "Cleanup", Time since last: 1001877625 ns, Reaching safepoint: 1253584 ns, At safepoint: 39083 ns, Total: 1292667 ns
[2022-09-04T16:30:28.111+0000][1][safepoint    ] Safepoint "Cleanup", Time since last: 1003060375 ns, Reaching safepoint: 820334 ns, At safepoint: 33666 ns, Total: 854000 ns
[2022-09-04T16:30:29.114+0000][1][safepoint    ] Safepoint "Cleanup", Time since last: 1001573751 ns, Reaching safepoint: 919500 ns, At safepoint: 22750 ns, Total: 942250 ns
[2022-09-04T16:30:30.116+0000][1][safepoint    ] Safepoint "Cleanup", Time since last: 1001854334 ns, Reaching safepoint: 991166 ns, At safepoint: 30750 ns, Total: 1021916 ns
[2022-09-04T16:30:31.120+0000][1][safepoint    ] Safepoint "Cleanup", Time since last: 1002440542 ns, Reaching safepoint: 1534917 ns, At safepoint: 40791 ns, Total: 1575708 ns
[2022-09-04T16:30:32.125+0000][1][safepoint    ] Safepoint "Cleanup", Time since last: 1004332126 ns, Reaching safepoint: 964541 ns, At safepoint: 27417 ns, Total: 991958 ns
[2022-09-04T16:30:33.131+0000][1][safepoint    ] Safepoint "Cleanup", Time since last: 1004846251 ns, Reaching safepoint: 947625 ns, At safepoint: 26500 ns, Total: 974125 ns
[2022-09-04T16:30:34.135+0000][1][safepoint    ] Safepoint "Cleanup", Time since last: 1002908333 ns, Reaching safepoint: 857709 ns, At safepoint: 22500 ns, Total: 880209 ns
[2022-09-04T16:30:35.138+0000][1][safepoint    ] Safepoint "Cleanup", Time since last: 1001451833 ns, Reaching safepoint: 1092084 ns, At safepoint: 29750 ns, Total: 1121834 ns
[2022-09-04T16:30:36.141+0000][1][safepoint    ] Safepoint "Cleanup", Time since last: 1002687500 ns, Reaching safepoint: 1087625 ns, At safepoint: 27459 ns, Total: 1115084 ns
[2022-09-04T16:30:37.146+0000][1][safepoint    ] Safepoint "Cleanup", Time since last: 1003077958 ns, Reaching safepoint: 1519667 ns, At safepoint: 38875 ns, Total: 1558542 ns
[2022-09-04T16:30:38.151+0000][1][safepoint    ] Safepoint "Cleanup", Time since last: 1003767792 ns, Reaching safepoint: 845292 ns, At safepoint: 33208 ns, Total: 878500 ns
[2022-09-04T16:30:39.154+0000][1][safepoint    ] Safepoint "Cleanup", Time since last: 1001871251 ns, Reaching safepoint: 1055958 ns, At safepoint: 25833 ns, Total: 1081791 ns
[2022-09-04T16:30:40.156+0000][1][safepoint    ] Safepoint "Cleanup", Time since last: 1001593959 ns, Reaching safepoint: 817792 ns, At safepoint: 24750 ns, Total: 842542 ns
[2022-09-04T16:30:41.159+0000][1][safepoint    ] Safepoint "Cleanup", Time since last: 1001596125 ns, Reaching safepoint: 806584 ns, At safepoint: 22666 ns, Total: 829250 ns
[2022-09-04T16:30:42.161+0000][1][safepoint    ] Safepoint "Cleanup", Time since last: 1001602792 ns, Reaching safepoint: 831542 ns, At safepoint: 25625 ns, Total: 857167 ns
[2022-09-04T16:30:43.164+0000][1][safepoint    ] Safepoint "Cleanup", Time since last: 1001976959 ns, Reaching safepoint: 869292 ns, At safepoint: 48291 ns, Total: 917583 ns
[2022-09-04T16:30:44.168+0000][1][safepoint    ] Safepoint "Cleanup", Time since last: 1003147834 ns, Reaching safepoint: 885583 ns, At safepoint: 22750 ns, Total: 908333 ns
[2022-09-04T16:30:45.172+0000][1][safepoint    ] Safepoint "Cleanup", Time since last: 1002546584 ns, Reaching safepoint: 1786792 ns, At safepoint: 49958 ns, Total: 1836750 ns
[2022-09-04T16:30:46.181+0000][1][safepoint    ] Safepoint "Cleanup", Time since last: 1006574042 ns, Reaching safepoint: 1612500 ns, At safepoint: 63667 ns, Total: 1676167 ns
[2022-09-04T16:30:47.187+0000][1][safepoint    ] Safepoint "Cleanup", Time since last: 1003016667 ns, Reaching safepoint: 2813625 ns, At safepoint: 271167 ns, Total: 3084792 ns
[2022-09-04T16:30:48.192+0000][1][safepoint    ] Safepoint "Cleanup", Time since last: 1003908042 ns, Reaching safepoint: 896042 ns, At safepoint: 22958 ns, Total: 919000 ns
[2022-09-04T16:30:49.195+0000][1][safepoint    ] Safepoint "Cleanup", Time since last: 1002062667 ns, Reaching safepoint: 1418417 ns, At safepoint: 151208 ns, Total: 1569625 ns
[2022-09-04T16:30:50.200+0000][1][safepoint    ] Safepoint "Cleanup", Time since last: 1002427459 ns, Reaching safepoint: 1841708 ns, At safepoint: 89625 ns, Total: 1931333 ns
[2022-09-04T16:30:51.204+0000][1][safepoint    ] Safepoint "Cleanup", Time since last: 1002956251 ns, Reaching safepoint: 1044083 ns, At safepoint: 35083 ns, Total: 1079166 ns
[2022-09-04T16:30:52.209+0000][1][safepoint    ] Safepoint "Cleanup", Time since last: 1004769543 ns, Reaching safepoint: 1092750 ns, At safepoint: 26708 ns, Total: 1119458 ns
[2022-09-04T16:30:53.213+0000][1][safepoint    ] Safepoint "Cleanup", Time since last: 1002756292 ns, Reaching safepoint: 917083 ns, At safepoint: 25459 ns, Total: 942542 ns
[2022-09-04T16:30:54.217+0000][1][safepoint    ] Safepoint "Cleanup", Time since last: 1003228792 ns, Reaching safepoint: 802958 ns, At safepoint: 21084 ns, Total: 824042 ns
[2022-09-04T16:30:55.221+0000][1][safepoint    ] Safepoint "Cleanup", Time since last: 1002777833 ns, Reaching safepoint: 1011250 ns, At safepoint: 21167 ns, Total: 1032417 ns
[2022-09-04T16:30:56.225+0000][1][safepoint    ] Safepoint "Cleanup", Time since last: 1002642876 ns, Reaching safepoint: 1504291 ns, At safepoint: 49250 ns, Total: 1553541 ns
[2022-09-04T16:30:57.231+0000][1][safepoint    ] Safepoint "Cleanup", Time since last: 1003794751 ns, Reaching safepoint: 1543625 ns, At safepoint: 41041 ns, Total: 1584666 ns
[2022-09-04T16:30:58.235+0000][1][safepoint    ] Safepoint "Cleanup", Time since last: 1003094709 ns, Reaching safepoint: 903333 ns, At safepoint: 25375 ns, Total: 928708 ns
[2022-09-04T16:30:59.238+0000][1][safepoint    ] Safepoint "Cleanup", Time since last: 1001950626 ns, Reaching safepoint: 1098125 ns, At safepoint: 25417 ns, Total: 1123542 ns
[2022-09-04T16:31:00.242+0000][1][safepoint    ] Safepoint "Cleanup", Time since last: 1002636042 ns, Reaching safepoint: 1306875 ns, At safepoint: 31458 ns, Total: 1338333 ns
[2022-09-04T16:31:01.246+0000][1][safepoint    ] Safepoint "Cleanup", Time since last: 1002526083 ns, Reaching safepoint: 1929583 ns, At safepoint: 71209 ns, Total: 2000792 ns
[2022-09-04T16:31:02.251+0000][1][safepoint    ] Safepoint "Cleanup", Time since last: 1002788583 ns, Reaching safepoint: 2457042 ns, At safepoint: 44250 ns, Total: 2501292 ns
[2022-09-04T16:31:03.257+0000][1][safepoint    ] Safepoint "Cleanup", Time since last: 1003901626 ns, Reaching safepoint: 1605958 ns, At safepoint: 43292 ns, Total: 1649250 ns
[2022-09-04T16:31:04.261+0000][1][safepoint    ] Safepoint "Cleanup", Time since last: 1003084417 ns, Reaching safepoint: 946708 ns, At safepoint: 23125 ns, Total: 969833 ns
[2022-09-04T16:31:05.267+0000][1][safepoint    ] Safepoint "Cleanup", Time since last: 1004497751 ns, Reaching safepoint: 1900166 ns, At safepoint: 48542 ns, Total: 1948708 ns
[2022-09-04T16:31:06.272+0000][1][safepoint    ] Safepoint "Cleanup", Time since last: 1003015250 ns, Reaching safepoint: 1718209 ns, At safepoint: 58541 ns, Total: 1776750 ns
[2022-09-04T16:31:07.276+0000][1][safepoint    ] Safepoint "Cleanup", Time since last: 1002874251 ns, Reaching safepoint: 965375 ns, At safepoint: 26125 ns, Total: 991500 ns
[2022-09-04T16:31:08.281+0000][1][safepoint    ] Safepoint "Cleanup", Time since last: 1003670750 ns, Reaching safepoint: 1380375 ns, At safepoint: 35125 ns, Total: 1415500 ns
[2022-09-04T16:31:09.286+0000][1][safepoint    ] Safepoint "Cleanup", Time since last: 1003438376 ns, Reaching safepoint: 1150916 ns, At safepoint: 55417 ns, Total: 1206333 ns
[2022-09-04T16:31:10.289+0000][1][safepoint    ] Safepoint "Cleanup", Time since last: 1001991084 ns, Reaching safepoint: 867458 ns, At safepoint: 23375 ns, Total: 890833 ns
[2022-09-04T16:31:11.293+0000][1][safepoint    ] Safepoint "Cleanup", Time since last: 1001592334 ns, Reaching safepoint: 2434125 ns, At safepoint: 102292 ns, Total: 2536417 ns
[2022-09-04T16:31:12.299+0000][1][safepoint    ] Safepoint "Cleanup", Time since last: 1004333375 ns, Reaching safepoint: 1996834 ns, At safepoint: 54916 ns, Total: 2051750 ns
[2022-09-04T16:31:13.307+0000][1][safepoint    ] Safepoint "Cleanup", Time since last: 1006743959 ns, Reaching safepoint: 898792 ns, At safepoint: 25875 ns, Total: 924667 ns
[2022-09-04T16:31:14.313+0000][1][safepoint    ] Safepoint "Cleanup", Time since last: 1005096875 ns, Reaching safepoint: 856709 ns, At safepoint: 24666 ns, Total: 881375 ns
[2022-09-04T16:31:15.316+0000][1][safepoint    ] Safepoint "Cleanup", Time since last: 1001442917 ns, Reaching safepoint: 1983625 ns, At safepoint: 44042 ns, Total: 2027667 ns
[2022-09-04T16:31:16.322+0000][1][safepoint    ] Safepoint "Cleanup", Time since last: 1004815875 ns, Reaching safepoint: 1308709 ns, At safepoint: 35791 ns, Total: 1344500 ns
[2022-09-04T16:31:17.325+0000][1][safepoint    ] Safepoint "Cleanup", Time since last: 1001842168 ns, Reaching safepoint: 848625 ns, At safepoint: 26625 ns, Total: 875250 ns
[2022-09-04T16:31:18.050+0000][1][safepoint    ] Safepoint "RevokeBias", Time since last: 722037792 ns, Reaching safepoint: 908583 ns, At safepoint: 1681167 ns, Total: 2589750 ns
[2022-09-04T16:31:18.058+0000][1][safepoint    ] Safepoint "RevokeBias", Time since last: 7763708 ns, Reaching safepoint: 601875 ns, At safepoint: 108208 ns, Total: 710083 ns
[2022-09-04T16:31:18.284+0000][1][safepoint    ] Safepoint "RevokeBias", Time since last: 225036875 ns, Reaching safepoint: 851000 ns, At safepoint: 154375 ns, Total: 1005375 ns
[2022-09-04T16:31:18.478+0000][1][safepoint    ] Safepoint "RevokeBias", Time since last: 192004250 ns, Reaching safepoint: 1270959 ns, At safepoint: 322208 ns, Total: 1593167 ns
[2022-09-04T16:31:19.485+0000][1][safepoint    ] Safepoint "Cleanup", Time since last: 1003474292 ns, Reaching safepoint: 3121042 ns, At safepoint: 83125 ns, Total: 3204167 ns
[2022-09-04T16:31:20.492+0000][1][safepoint    ] Safepoint "Cleanup", Time since last: 1005524292 ns, Reaching safepoint: 2162917 ns, At safepoint: 73583 ns, Total: 2236500 ns
[2022-09-04T16:31:21.500+0000][1][safepoint    ] Safepoint "Cleanup", Time since last: 1004559417 ns, Reaching safepoint: 2633334 ns, At safepoint: 81625 ns, Total: 2714959 ns
[2022-09-04T16:31:22.505+0000][1][safepoint    ] Safepoint "Cleanup", Time since last: 1003933833 ns, Reaching safepoint: 1365959 ns, At safepoint: 29791 ns, Total: 1395750 ns
[2022-09-04T16:31:23.510+0000][1][safepoint    ] Safepoint "Cleanup", Time since last: 1003964084 ns, Reaching safepoint: 1495209 ns, At safepoint: 41041 ns, Total: 1536250 ns
[2022-09-04T16:31:24.516+0000][1][safepoint    ] Safepoint "Cleanup", Time since last: 1002537834 ns, Reaching safepoint: 2651458 ns, At safepoint: 314125 ns, Total: 2965583 ns
[2022-09-04T16:31:25.523+0000][1][safepoint    ] Safepoint "Cleanup", Time since last: 1005833168 ns, Reaching safepoint: 1682208 ns, At safepoint: 41667 ns, Total: 1723875 ns
[2022-09-04T16:31:26.532+0000][1][safepoint    ] Safepoint "Cleanup", Time since last: 1004518292 ns, Reaching safepoint: 3639000 ns, At safepoint: 214375 ns, Total: 3853375 ns
[2022-09-04T16:31:27.539+0000][1][safepoint    ] Safepoint "Cleanup", Time since last: 1004539792 ns, Reaching safepoint: 2751708 ns, At safepoint: 76375 ns, Total: 2828083 ns
[2022-09-04T16:31:28.548+0000][1][safepoint    ] Safepoint "Cleanup", Time since last: 1004603084 ns, Reaching safepoint: 3798125 ns, At safepoint: 155708 ns, Total: 3953833 ns
[2022-09-04T16:31:29.556+0000][1][safepoint    ] Safepoint "Cleanup", Time since last: 1005410459 ns, Reaching safepoint: 3080625 ns, At safepoint: 79750 ns, Total: 3160375 ns
[2022-09-04T16:31:30.565+0000][1][safepoint    ] Safepoint "Cleanup", Time since last: 1006305501 ns, Reaching safepoint: 2475375 ns, At safepoint: 85208 ns, Total: 2560583 ns
[2022-09-04T16:31:31.572+0000][1][safepoint    ] Safepoint "Cleanup", Time since last: 1004945166 ns, Reaching safepoint: 2173000 ns, At safepoint: 74542 ns, Total: 2247542 ns
[2022-09-04T16:31:32.577+0000][1][safepoint    ] Safepoint "Cleanup", Time since last: 1002592334 ns, Reaching safepoint: 2649333 ns, At safepoint: 159792 ns, Total: 2809125 ns
[2022-09-04T16:31:33.586+0000][1][safepoint    ] Safepoint "Cleanup", Time since last: 1004733167 ns, Reaching safepoint: 3758083 ns, At safepoint: 99417 ns, Total: 3857500 ns
[2022-09-04T16:31:34.593+0000][1][safepoint    ] Safepoint "Cleanup", Time since last: 1004641375 ns, Reaching safepoint: 2385375 ns, At safepoint: 52500 ns, Total: 2437875 ns
[2022-09-04T16:31:35.599+0000][1][safepoint    ] Safepoint "Cleanup", Time since last: 1003343917 ns, Reaching safepoint: 2456917 ns, At safepoint: 67958 ns, Total: 2524875 ns
[2022-09-04T16:31:36.609+0000][1][safepoint    ] Safepoint "Cleanup", Time since last: 1006146668 ns, Reaching safepoint: 3337791 ns, At safepoint: 159792 ns, Total: 3497583 ns
[2022-09-04T16:31:37.620+0000][1][safepoint    ] Safepoint "Cleanup", Time since last: 1007178167 ns, Reaching safepoint: 4042542 ns, At safepoint: 94166 ns, Total: 4136708 ns
[2022-09-04T16:31:38.631+0000][1][safepoint    ] Safepoint "Cleanup", Time since last: 1008222209 ns, Reaching safepoint: 3053167 ns, At safepoint: 83791 ns, Total: 3136958 ns
[2022-09-04T16:31:39.641+0000][1][safepoint    ] Safepoint "Cleanup", Time since last: 1007630001 ns, Reaching safepoint: 2313833 ns, At safepoint: 160584 ns, Total: 2474417 ns
[2022-09-04T16:31:40.646+0000][1][safepoint    ] Safepoint "Cleanup", Time since last: 1003445875 ns, Reaching safepoint: 1417583 ns, At safepoint: 43334 ns, Total: 1460917 ns
[2022-09-04T16:31:41.654+0000][1][safepoint    ] Safepoint "Cleanup", Time since last: 1003714084 ns, Reaching safepoint: 3768458 ns, At safepoint: 102208 ns, Total: 3870666 ns
[2022-09-04T16:31:42.664+0000][1][safepoint    ] Safepoint "Cleanup", Time since last: 1006578417 ns, Reaching safepoint: 2999750 ns, At safepoint: 75000 ns, Total: 3074750 ns
[2022-09-04T16:31:43.674+0000][1][safepoint    ] Safepoint "Cleanup", Time since last: 1006882459 ns, Reaching safepoint: 3432542 ns, At safepoint: 113000 ns, Total: 3545542 ns
[2022-09-04T16:31:44.683+0000][1][safepoint    ] Safepoint "Cleanup", Time since last: 1006116292 ns, Reaching safepoint: 2908375 ns, At safepoint: 84500 ns, Total: 2992875 ns
[2022-09-04T16:31:45.690+0000][1][safepoint    ] Safepoint "Cleanup", Time since last: 1003938292 ns, Reaching safepoint: 2900375 ns, At safepoint: 75167 ns, Total: 2975542 ns
[2022-09-04T16:31:46.697+0000][1][safepoint    ] Safepoint "Cleanup", Time since last: 1003533000 ns, Reaching safepoint: 3238417 ns, At safepoint: 95083 ns, Total: 3333500 ns
[2022-09-04T16:31:47.706+0000][1][safepoint    ] Safepoint "Cleanup", Time since last: 1005646001 ns, Reaching safepoint: 3670041 ns, At safepoint: 104625 ns, Total: 3774666 ns
[2022-09-04T16:31:48.716+0000][1][safepoint    ] Safepoint "Cleanup", Time since last: 1007689293 ns, Reaching safepoint: 1682041 ns, At safepoint: 41334 ns, Total: 1723375 ns
[2022-09-04T16:31:49.725+0000][1][safepoint    ] Safepoint "Cleanup", Time since last: 1005417083 ns, Reaching safepoint: 3278125 ns, At safepoint: 123625 ns, Total: 3401750 ns
[2022-09-04T16:31:50.731+0000][1][safepoint    ] Safepoint "Cleanup", Time since last: 1003770876 ns, Reaching safepoint: 2700708 ns, At safepoint: 82750 ns, Total: 2783458 ns
[2022-09-04T16:31:51.740+0000][1][safepoint    ] Safepoint "Cleanup", Time since last: 1004357001 ns, Reaching safepoint: 3834333 ns, At safepoint: 246458 ns, Total: 4080791 ns
[2022-09-04T16:31:52.745+0000][1][safepoint    ] Safepoint "Cleanup", Time since last: 1003635043 ns, Reaching safepoint: 1881000 ns, At safepoint: 47333 ns, Total: 1928333 ns
[2022-09-04T16:31:53.750+0000][1][safepoint    ] Safepoint "Cleanup", Time since last: 1003372834 ns, Reaching safepoint: 1758250 ns, At safepoint: 47958 ns, Total: 1806208 ns
[2022-09-04T16:31:54.766+0000][1][safepoint    ] Safepoint "Cleanup", Time since last: 1014205709 ns, Reaching safepoint: 1540500 ns, At safepoint: 70541 ns, Total: 1611041 ns
[2022-09-04T16:31:55.772+0000][1][safepoint    ] Safepoint "Cleanup", Time since last: 1003789043 ns, Reaching safepoint: 1911000 ns, At safepoint: 40958 ns, Total: 1951958 ns
[2022-09-04T16:31:56.776+0000][1][safepoint    ] Safepoint "Cleanup", Time since last: 1002871792 ns, Reaching safepoint: 1444042 ns, At safepoint: 30708 ns, Total: 1474750 ns
[2022-09-04T16:31:57.780+0000][1][safepoint    ] Safepoint "Cleanup", Time since last: 1002809501 ns, Reaching safepoint: 1322666 ns, At safepoint: 39125 ns, Total: 1361791 ns
[2022-09-04T16:31:58.785+0000][1][safepoint    ] Safepoint "Cleanup", Time since last: 1002777501 ns, Reaching safepoint: 2003416 ns, At safepoint: 56250 ns, Total: 2059666 ns
[2022-09-04T16:31:59.790+0000][1][safepoint    ] Safepoint "Cleanup", Time since last: 1003595209 ns, Reaching safepoint: 1555500 ns, At safepoint: 126000 ns, Total: 1681500 ns
[2022-09-04T16:32:00.795+0000][1][safepoint    ] Safepoint "Cleanup", Time since last: 1002626876 ns, Reaching safepoint: 1620833 ns, At safepoint: 37083 ns, Total: 1657916 ns
[2022-09-04T16:32:01.799+0000][1][safepoint    ] Safepoint "Cleanup", Time since last: 1003678751 ns, Reaching safepoint: 1382250 ns, At safepoint: 40666 ns, Total: 1422916 ns
[2022-09-04T16:32:02.806+0000][1][safepoint    ] Safepoint "Cleanup", Time since last: 1004791792 ns, Reaching safepoint: 1601875 ns, At safepoint: 43792 ns, Total: 1645667 ns
[2022-09-04T16:32:03.817+0000][1][safepoint    ] Safepoint "Cleanup", Time since last: 1007989792 ns, Reaching safepoint: 2963084 ns, At safepoint: 163458 ns, Total: 3126542 ns
[2022-09-04T16:32:04.822+0000][1][safepoint    ] Safepoint "Cleanup", Time since last: 1003574542 ns, Reaching safepoint: 1474125 ns, At safepoint: 43667 ns, Total: 1517792 ns
[2022-09-04T16:32:05.828+0000][1][safepoint    ] Safepoint "Cleanup", Time since last: 1003187917 ns, Reaching safepoint: 2776666 ns, At safepoint: 81875 ns, Total: 2858541 ns
[2022-09-04T16:32:06.834+0000][1][safepoint    ] Safepoint "Cleanup", Time since last: 1004235126 ns, Reaching safepoint: 1132042 ns, At safepoint: 36291 ns, Total: 1168333 ns
[2022-09-04T16:32:07.840+0000][1][safepoint    ] Safepoint "Cleanup", Time since last: 1002929709 ns, Reaching safepoint: 2958792 ns, At safepoint: 91750 ns, Total: 3050542 ns
[2022-09-04T16:32:08.845+0000][1][safepoint    ] Safepoint "Cleanup", Time since last: 1003988875 ns, Reaching safepoint: 1437500 ns, At safepoint: 56042 ns, Total: 1493542 ns
[2022-09-04T16:32:09.849+0000][1][safepoint    ] Safepoint "Cleanup", Time since last: 1002397542 ns, Reaching safepoint: 1486792 ns, At safepoint: 37166 ns, Total: 1523958 ns
[2022-09-04T16:32:10.854+0000][1][safepoint    ] Safepoint "Cleanup", Time since last: 1003270668 ns, Reaching safepoint: 1527583 ns, At safepoint: 42125 ns, Total: 1569708 ns
[2022-09-04T16:32:11.862+0000][1][safepoint    ] Safepoint "Cleanup", Time since last: 1003533500 ns, Reaching safepoint: 4348125 ns, At safepoint: 106167 ns, Total: 4454292 ns
[2022-09-04T16:32:12.869+0000][1][safepoint    ] Safepoint "Cleanup", Time since last: 1005614417 ns, Reaching safepoint: 1479250 ns, At safepoint: 52208 ns, Total: 1531458 ns
[2022-09-04T16:32:13.875+0000][1][safepoint    ] Safepoint "Cleanup", Time since last: 1003878543 ns, Reaching safepoint: 1770916 ns, At safepoint: 84459 ns, Total: 1855375 ns
[2022-09-04T16:32:14.883+0000][1][safepoint    ] Safepoint "Cleanup", Time since last: 1006555875 ns, Reaching safepoint: 1716958 ns, At safepoint: 72250 ns, Total: 1789208 ns
[2022-09-04T16:32:15.886+0000][1][safepoint    ] Safepoint "Cleanup", Time since last: 1002129293 ns, Reaching safepoint: 946750 ns, At safepoint: 26916 ns, Total: 973666 ns
[2022-09-04T16:32:16.890+0000][1][safepoint    ] Safepoint "Cleanup", Time since last: 1002231001 ns, Reaching safepoint: 1555166 ns, At safepoint: 40542 ns, Total: 1595708 ns
[2022-09-04T16:32:17.001+0000][1][gc,start     ] GC(33) Pause Young (Allocation Failure)
[2022-09-04T16:32:17.005+0000][1][gc,task      ] GC(33) Using 4 workers of 4 for evacuation
[2022-09-04T16:32:17.060+0000][1][gc,age       ] GC(33) Desired survivor size 8945664 bytes, new threshold 6 (max threshold 6)
[2022-09-04T16:32:17.061+0000][1][gc,age       ] GC(33) Age table with threshold 6 (max threshold 6)
[2022-09-04T16:32:17.062+0000][1][gc,age       ] GC(33) - age   1:       8480 bytes,       8480 total
[2022-09-04T16:32:17.063+0000][1][gc,age       ] GC(33) - age   2:       7768 bytes,      16248 total
[2022-09-04T16:32:17.064+0000][1][gc,age       ] GC(33) - age   3:        552 bytes,      16800 total
[2022-09-04T16:32:17.065+0000][1][gc,age       ] GC(33) - age   4:        688 bytes,      17488 total
[2022-09-04T16:32:17.066+0000][1][gc,age       ] GC(33) - age   5:      15296 bytes,      32784 total
[2022-09-04T16:32:17.067+0000][1][gc,age       ] GC(33) - age   6:     126592 bytes,     159376 total
[2022-09-04T16:32:17.069+0000][1][gc,heap      ] GC(33) ParNew: 140588K->394K(157248K)
[2022-09-04T16:32:17.070+0000][1][gc,heap      ] GC(33) CMS: 67188K->67509K(349568K)
[2022-09-04T16:32:17.071+0000][1][gc,metaspace ] GC(33) Metaspace: 84743K->84743K(1126400K)
[2022-09-04T16:32:17.074+0000][1][gc           ] GC(33) Pause Young (Allocation Failure) 202M->66M(494M) 73.409ms
[2022-09-04T16:32:17.075+0000][1][gc,cpu       ] GC(33) User=0.08s Sys=0.01s Real=0.08s
[2022-09-04T16:32:17.077+0000][1][safepoint    ] Safepoint "GenCollectForAllocation", Time since last: 108331208 ns, Reaching safepoint: 1238917 ns, At safepoint: 77680167 ns, Total: 78919084 ns
[2022-09-04T16:32:17.098+0000][1][safepoint    ] Safepoint "RevokeBias", Time since last: 19503958 ns, Reaching safepoint: 1121500 ns, At safepoint: 125125 ns, Total: 1246625 ns
[2022-09-04T16:32:17.104+0000][1][safepoint    ] Safepoint "RevokeBias", Time since last: 4687750 ns, Reaching safepoint: 874250 ns, At safepoint: 107834 ns, Total: 982084 ns
[2022-09-04T16:32:17.245+0000][1][safepoint    ] Safepoint "RevokeBias", Time since last: 139975166 ns, Reaching safepoint: 817625 ns, At safepoint: 151500 ns, Total: 969125 ns
[2022-09-04T16:32:17.336+0000][1][safepoint    ] Safepoint "RevokeBias", Time since last: 90641334 ns, Reaching safepoint: 1041416 ns, At safepoint: 103792 ns, Total: 1145208 ns
[2022-09-04T16:32:18.339+0000][1][safepoint    ] Safepoint "Cleanup", Time since last: 1002230584 ns, Reaching safepoint: 948291 ns, At safepoint: 23334 ns, Total: 971625 ns
[2022-09-04T16:32:19.343+0000][1][safepoint    ] Safepoint "Cleanup", Time since last: 1002632667 ns, Reaching safepoint: 1240083 ns, At safepoint: 43209 ns, Total: 1283292 ns
[2022-09-04T16:32:20.349+0000][1][safepoint    ] Safepoint "Cleanup", Time since last: 1002429000 ns, Reaching safepoint: 2706083 ns, At safepoint: 75459 ns, Total: 2781542 ns
[2022-09-04T16:32:21.354+0000][1][safepoint    ] Safepoint "Cleanup", Time since last: 1004681292 ns, Reaching safepoint: 993333 ns, At safepoint: 23042 ns, Total: 1016375 ns
[2022-09-04T16:32:22.358+0000][1][safepoint    ] Safepoint "Cleanup", Time since last: 1002189667 ns, Reaching safepoint: 1371792 ns, At safepoint: 159166 ns, Total: 1530958 ns
[2022-09-04T16:32:23.361+0000][1][safepoint    ] Safepoint "Cleanup", Time since last: 1002277001 ns, Reaching safepoint: 885583 ns, At safepoint: 37917 ns, Total: 923500 ns
[2022-09-04T16:32:24.365+0000][1][safepoint    ] Safepoint "Cleanup", Time since last: 1001737125 ns, Reaching safepoint: 1643750 ns, At safepoint: 53792 ns, Total: 1697542 ns
[2022-09-04T16:32:25.368+0000][1][safepoint    ] Safepoint "Cleanup", Time since last: 1002092500 ns, Reaching safepoint: 1041667 ns, At safepoint: 22958 ns, Total: 1064625 ns
[2022-09-04T16:32:26.372+0000][1][safepoint    ] Safepoint "Cleanup", Time since last: 1002780001 ns, Reaching safepoint: 927625 ns, At safepoint: 24542 ns, Total: 952167 ns
[2022-09-04T16:32:27.375+0000][1][safepoint    ] Safepoint "Cleanup", Time since last: 1002008333 ns, Reaching safepoint: 1113125 ns, At safepoint: 28375 ns, Total: 1141500 ns
[2022-09-04T16:32:28.379+0000][1][safepoint    ] Safepoint "Cleanup", Time since last: 1003286918 ns, Reaching safepoint: 807750 ns, At safepoint: 24791 ns, Total: 832541 ns
[2022-09-04T16:32:29.383+0000][1][safepoint    ] Safepoint "Cleanup", Time since last: 1003595751 ns, Reaching safepoint: 864958 ns, At safepoint: 26125 ns, Total: 891083 ns
[2022-09-04T16:32:30.386+0000][1][safepoint    ] Safepoint "Cleanup", Time since last: 1001712167 ns, Reaching safepoint: 1044709 ns, At safepoint: 34708 ns, Total: 1079417 ns
[2022-09-04T16:32:31.389+0000][1][safepoint    ] Safepoint "Cleanup", Time since last: 1002213250 ns, Reaching safepoint: 1152125 ns, At safepoint: 28875 ns, Total: 1181000 ns
[2022-09-04T16:32:32.392+0000][1][safepoint    ] Safepoint "Cleanup", Time since last: 1002010500 ns, Reaching safepoint: 1331208 ns, At safepoint: 30625 ns, Total: 1361833 ns
[2022-09-04T16:32:33.397+0000][1][safepoint    ] Safepoint "Cleanup", Time since last: 1003695543 ns, Reaching safepoint: 867000 ns, At safepoint: 23458 ns, Total: 890458 ns
[2022-09-04T16:32:34.402+0000][1][safepoint    ] Safepoint "Cleanup", Time since last: 1004154917 ns, Reaching safepoint: 1266208 ns, At safepoint: 35792 ns, Total: 1302000 ns
[2022-09-04T16:32:35.409+0000][1][safepoint    ] Safepoint "Cleanup", Time since last: 1003903917 ns, Reaching safepoint: 2067584 ns, At safepoint: 90125 ns, Total: 2157709 ns
[2022-09-04T16:32:36.412+0000][1][safepoint    ] Safepoint "Cleanup", Time since last: 1002349208 ns, Reaching safepoint: 1160334 ns, At safepoint: 33750 ns, Total: 1194084 ns
[2022-09-04T16:32:37.417+0000][1][safepoint    ] Safepoint "Cleanup", Time since last: 1004089084 ns, Reaching safepoint: 990583 ns, At safepoint: 23000 ns, Total: 1013583 ns
[2022-09-04T16:32:38.420+0000][1][safepoint    ] Safepoint "Cleanup", Time since last: 1002183959 ns, Reaching safepoint: 983458 ns, At safepoint: 26667 ns, Total: 1010125 ns
[2022-09-04T16:32:39.426+0000][1][safepoint    ] Safepoint "Cleanup", Time since last: 1004331125 ns, Reaching safepoint: 1507334 ns, At safepoint: 39208 ns, Total: 1546542 ns
[2022-09-04T16:32:40.432+0000][1][safepoint    ] Safepoint "Cleanup", Time since last: 1004360250 ns, Reaching safepoint: 1521542 ns, At safepoint: 38625 ns, Total: 1560167 ns
[2022-09-04T16:32:41.437+0000][1][safepoint    ] Safepoint "Cleanup", Time since last: 1004127584 ns, Reaching safepoint: 1009291 ns, At safepoint: 22709 ns, Total: 1032000 ns
[2022-09-04T16:32:42.440+0000][1][safepoint    ] Safepoint "Cleanup", Time since last: 1001809334 ns, Reaching safepoint: 1008833 ns, At safepoint: 25500 ns, Total: 1034333 ns
[2022-09-04T16:32:43.446+0000][1][safepoint    ] Safepoint "Cleanup", Time since last: 1004124417 ns, Reaching safepoint: 1465875 ns, At safepoint: 33708 ns, Total: 1499583 ns
[2022-09-04T16:32:44.453+0000][1][safepoint    ] Safepoint "Cleanup", Time since last: 1004958543 ns, Reaching safepoint: 2543833 ns, At safepoint: 63792 ns, Total: 2607625 ns
[2022-09-04T16:32:45.461+0000][1][safepoint    ] Safepoint "Cleanup", Time since last: 1005851583 ns, Reaching safepoint: 1605584 ns, At safepoint: 40583 ns, Total: 1646167 ns
[2022-09-04T16:32:46.466+0000][1][safepoint    ] Safepoint "Cleanup", Time since last: 1003509667 ns, Reaching safepoint: 1491209 ns, At safepoint: 67458 ns, Total: 1558667 ns
[2022-09-04T16:32:47.469+0000][1][safepoint    ] Safepoint "Cleanup", Time since last: 1002583542 ns, Reaching safepoint: 893917 ns, At safepoint: 25291 ns, Total: 919208 ns
[2022-09-04T16:32:48.477+0000][1][safepoint    ] Safepoint "Cleanup", Time since last: 1005734251 ns, Reaching safepoint: 2073458 ns, At safepoint: 49792 ns, Total: 2123250 ns
[2022-09-04T16:32:49.485+0000][1][safepoint    ] Safepoint "Cleanup", Time since last: 1005536542 ns, Reaching safepoint: 1791208 ns, At safepoint: 52542 ns, Total: 1843750 ns
[2022-09-04T16:32:50.491+0000][1][safepoint    ] Safepoint "Cleanup", Time since last: 1003567042 ns, Reaching safepoint: 2716375 ns, At safepoint: 98833 ns, Total: 2815208 ns
[2022-09-04T16:32:51.497+0000][1][safepoint    ] Safepoint "Cleanup", Time since last: 1004716668 ns, Reaching safepoint: 928541 ns, At safepoint: 24417 ns, Total: 952958 ns
[2022-09-04T16:32:52.500+0000][1][safepoint    ] Safepoint "Cleanup", Time since last: 1002596459 ns, Reaching safepoint: 1115041 ns, At safepoint: 30209 ns, Total: 1145250 ns
[2022-09-04T16:32:53.506+0000][1][safepoint    ] Safepoint "Cleanup", Time since last: 1004259875 ns, Reaching safepoint: 943084 ns, At safepoint: 25875 ns, Total: 968959 ns
[2022-09-04T16:32:54.508+0000][1][safepoint    ] Safepoint "Cleanup", Time since last: 1001813417 ns, Reaching safepoint: 850125 ns, At safepoint: 22791 ns, Total: 872916 ns
[2022-09-04T16:32:55.514+0000][1][safepoint    ] Safepoint "Cleanup", Time since last: 1004052418 ns, Reaching safepoint: 1450500 ns, At safepoint: 58250 ns, Total: 1508750 ns
[2022-09-04T16:32:56.518+0000][1][safepoint    ] Safepoint "Cleanup", Time since last: 1002175833 ns, Reaching safepoint: 1747334 ns, At safepoint: 54333 ns, Total: 1801667 ns
[2022-09-04T16:32:57.524+0000][1][safepoint    ] Safepoint "Cleanup", Time since last: 1004936167 ns, Reaching safepoint: 1245458 ns, At safepoint: 41459 ns, Total: 1286917 ns
[2022-09-04T16:32:58.528+0000][1][safepoint    ] Safepoint "Cleanup", Time since last: 1002190125 ns, Reaching safepoint: 1687292 ns, At safepoint: 55250 ns, Total: 1742542 ns
[2022-09-04T16:32:59.533+0000][1][safepoint    ] Safepoint "Cleanup", Time since last: 1002747167 ns, Reaching safepoint: 1810250 ns, At safepoint: 57375 ns, Total: 1867625 ns
[2022-09-04T16:33:00.542+0000][1][safepoint    ] Safepoint "Cleanup", Time since last: 1006705626 ns, Reaching safepoint: 2614083 ns, At safepoint: 72917 ns, Total: 2687000 ns
[2022-09-04T16:33:01.547+0000][1][safepoint    ] Safepoint "Cleanup", Time since last: 1004087416 ns, Reaching safepoint: 885958 ns, At safepoint: 24792 ns, Total: 910750 ns
[2022-09-04T16:33:02.551+0000][1][safepoint    ] Safepoint "Cleanup", Time since last: 1001673167 ns, Reaching safepoint: 2518084 ns, At safepoint: 89958 ns, Total: 2608042 ns
[2022-09-04T16:33:03.559+0000][1][safepoint    ] Safepoint "Cleanup", Time since last: 1004864000 ns, Reaching safepoint: 2428875 ns, At safepoint: 74959 ns, Total: 2503834 ns
[2022-09-04T16:33:04.564+0000][1][safepoint    ] Safepoint "Cleanup", Time since last: 1003600292 ns, Reaching safepoint: 1454708 ns, At safepoint: 32584 ns, Total: 1487292 ns
[2022-09-04T16:33:05.567+0000][1][safepoint    ] Safepoint "Cleanup", Time since last: 1002394750 ns, Reaching safepoint: 1234792 ns, At safepoint: 29375 ns, Total: 1264167 ns
[2022-09-04T16:33:06.571+0000][1][safepoint    ] Safepoint "Cleanup", Time since last: 1002244250 ns, Reaching safepoint: 1073833 ns, At safepoint: 31375 ns, Total: 1105208 ns
[2022-09-04T16:33:07.574+0000][1][safepoint    ] Safepoint "Cleanup", Time since last: 1001818959 ns, Reaching safepoint: 1258042 ns, At safepoint: 29208 ns, Total: 1287250 ns
[2022-09-04T16:33:08.579+0000][1][safepoint    ] Safepoint "Cleanup", Time since last: 1002091626 ns, Reaching safepoint: 2703291 ns, At safepoint: 62584 ns, Total: 2765875 ns
[2022-09-04T16:33:09.585+0000][1][safepoint    ] Safepoint "Cleanup", Time since last: 1003435375 ns, Reaching safepoint: 2758209 ns, At safepoint: 80833 ns, Total: 2839042 ns
[2022-09-04T16:33:10.591+0000][1][safepoint    ] Safepoint "Cleanup", Time since last: 1004571542 ns, Reaching safepoint: 1102833 ns, At safepoint: 39292 ns, Total: 1142125 ns
[2022-09-04T16:33:11.594+0000][1][safepoint    ] Safepoint "Cleanup", Time since last: 1001616376 ns, Reaching safepoint: 1494541 ns, At safepoint: 37417 ns, Total: 1531958 ns
[2022-09-04T16:33:12.600+0000][1][safepoint    ] Safepoint "Cleanup", Time since last: 1002851000 ns, Reaching safepoint: 2608959 ns, At safepoint: 67666 ns, Total: 2676625 ns
[2022-09-04T16:33:13.610+0000][1][safepoint    ] Safepoint "Cleanup", Time since last: 1005981709 ns, Reaching safepoint: 3802875 ns, At safepoint: 577917 ns, Total: 4380792 ns
[2022-09-04T16:33:14.618+0000][1][safepoint    ] Safepoint "Cleanup", Time since last: 1005618000 ns, Reaching safepoint: 2537042 ns, At safepoint: 69500 ns, Total: 2606542 ns
[2022-09-04T16:33:15.625+0000][1][safepoint    ] Safepoint "Cleanup", Time since last: 1003584834 ns, Reaching safepoint: 2837083 ns, At safepoint: 138500 ns, Total: 2975583 ns
[2022-09-04T16:33:16.631+0000][1][safepoint    ] Safepoint "Cleanup", Time since last: 1003343876 ns, Reaching safepoint: 2727958 ns, At safepoint: 73083 ns, Total: 2801041 ns
[2022-09-04T16:33:17.636+0000][1][safepoint    ] Safepoint "Cleanup", Time since last: 1003475042 ns, Reaching safepoint: 1360625 ns, At safepoint: 33834 ns, Total: 1394459 ns
[2022-09-04T16:33:18.641+0000][1][safepoint    ] Safepoint "Cleanup", Time since last: 1003370875 ns, Reaching safepoint: 1472125 ns, At safepoint: 77625 ns, Total: 1549750 ns
[2022-09-04T16:33:19.645+0000][1][safepoint    ] Safepoint "Cleanup", Time since last: 1003015084 ns, Reaching safepoint: 1579125 ns, At safepoint: 39500 ns, Total: 1618625 ns
[2022-09-04T16:33:20.653+0000][1][safepoint    ] Safepoint "Cleanup", Time since last: 1003763959 ns, Reaching safepoint: 3788375 ns, At safepoint: 108750 ns, Total: 3897125 ns
[2022-09-04T16:33:21.661+0000][1][safepoint    ] Safepoint "Cleanup", Time since last: 1006045209 ns, Reaching safepoint: 1841625 ns, At safepoint: 30083 ns, Total: 1871708 ns
[2022-09-04T16:33:22.665+0000][1][safepoint    ] Safepoint "Cleanup", Time since last: 1002776417 ns, Reaching safepoint: 1437625 ns, At safepoint: 38792 ns, Total: 1476417 ns
[2022-09-04T16:33:23.674+0000][1][safepoint    ] Safepoint "Cleanup", Time since last: 1004958125 ns, Reaching safepoint: 3648084 ns, At safepoint: 102833 ns, Total: 3750917 ns
[2022-09-04T16:33:24.683+0000][1][safepoint    ] Safepoint "Cleanup", Time since last: 1005958459 ns, Reaching safepoint: 2672666 ns, At safepoint: 93500 ns, Total: 2766166 ns
[2022-09-04T16:33:25.943+0000][1][safepoint    ] Safepoint "Cleanup", Time since last: 1257131251 ns, Reaching safepoint: 2803708 ns, At safepoint: 79917 ns, Total: 2883625 ns
[2022-09-04T16:33:26.950+0000][1][safepoint    ] Safepoint "Cleanup", Time since last: 1004788667 ns, Reaching safepoint: 2584375 ns, At safepoint: 75042 ns, Total: 2659417 ns
[2022-09-04T16:33:27.960+0000][1][safepoint    ] Safepoint "Cleanup", Time since last: 1009632834 ns, Reaching safepoint: 804541 ns, At safepoint: 29334 ns, Total: 833875 ns
[2022-09-04T16:33:28.964+0000][1][safepoint    ] Safepoint "Cleanup", Time since last: 1001965042 ns, Reaching safepoint: 1493625 ns, At safepoint: 38083 ns, Total: 1531708 ns
[2022-09-04T16:33:29.970+0000][1][safepoint    ] Safepoint "Cleanup", Time since last: 1002738167 ns, Reaching safepoint: 2809459 ns, At safepoint: 135333 ns, Total: 2944792 ns
[2022-09-04T16:33:30.975+0000][1][safepoint    ] Safepoint "Cleanup", Time since last: 1003309792 ns, Reaching safepoint: 2183208 ns, At safepoint: 90542 ns, Total: 2273750 ns
[2022-09-04T16:33:31.979+0000][1][safepoint    ] Safepoint "Cleanup", Time since last: 1003272125 ns, Reaching safepoint: 1000875 ns, At safepoint: 27708 ns, Total: 1028583 ns
[2022-09-04T16:33:32.983+0000][1][safepoint    ] Safepoint "Cleanup", Time since last: 1003480334 ns, Reaching safepoint: 979083 ns, At safepoint: 21292 ns, Total: 1000375 ns
[2022-09-04T16:33:33.987+0000][1][safepoint    ] Safepoint "Cleanup", Time since last: 1002013834 ns, Reaching safepoint: 1368041 ns, At safepoint: 36084 ns, Total: 1404125 ns
[2022-09-04T16:33:34.992+0000][1][safepoint    ] Safepoint "Cleanup", Time since last: 1002740292 ns, Reaching safepoint: 2050083 ns, At safepoint: 62833 ns, Total: 2112916 ns
[2022-09-04T16:33:35.996+0000][1][safepoint    ] Safepoint "Cleanup", Time since last: 1002644251 ns, Reaching safepoint: 1766625 ns, At safepoint: 71458 ns, Total: 1838083 ns
[2022-09-04T16:33:37.000+0000][1][safepoint    ] Safepoint "Cleanup", Time since last: 1002709001 ns, Reaching safepoint: 1688125 ns, At safepoint: 45958 ns, Total: 1734083 ns
[2022-09-04T16:33:38.004+0000][1][safepoint    ] Safepoint "Cleanup", Time since last: 1002740125 ns, Reaching safepoint: 1024417 ns, At safepoint: 26958 ns, Total: 1051375 ns
[2022-09-04T16:33:39.010+0000][1][safepoint    ] Safepoint "Cleanup", Time since last: 1002414918 ns, Reaching safepoint: 3280083 ns, At safepoint: 85208 ns, Total: 3365291 ns
[2022-09-04T16:33:40.016+0000][1][safepoint    ] Safepoint "Cleanup", Time since last: 1004493084 ns, Reaching safepoint: 1180625 ns, At safepoint: 26708 ns, Total: 1207333 ns
[2022-09-04T16:33:41.020+0000][1][safepoint    ] Safepoint "Cleanup", Time since last: 1001997251 ns, Reaching safepoint: 2454000 ns, At safepoint: 89500 ns, Total: 2543500 ns
[2022-09-04T16:33:42.037+0000][1][safepoint    ] Safepoint "Cleanup", Time since last: 1016021542 ns, Reaching safepoint: 1086083 ns, At safepoint: 29959 ns, Total: 1116042 ns
[2022-09-04T16:33:43.041+0000][1][safepoint    ] Safepoint "Cleanup", Time since last: 1002347167 ns, Reaching safepoint: 926375 ns, At safepoint: 24167 ns, Total: 950542 ns
[2022-09-04T16:33:44.044+0000][1][safepoint    ] Safepoint "Cleanup", Time since last: 1002791833 ns, Reaching safepoint: 916375 ns, At safepoint: 22709 ns, Total: 939084 ns
[2022-09-04T16:33:45.049+0000][1][safepoint    ] Safepoint "Cleanup", Time since last: 1002391584 ns, Reaching safepoint: 2523958 ns, At safepoint: 82125 ns, Total: 2606083 ns
[2022-09-04T16:33:46.055+0000][1][safepoint    ] Safepoint "Cleanup", Time since last: 1004303334 ns, Reaching safepoint: 1364750 ns, At safepoint: 34541 ns, Total: 1399291 ns
[2022-09-04T16:33:47.061+0000][1][safepoint    ] Safepoint "Cleanup", Time since last: 1004317084 ns, Reaching safepoint: 1709875 ns, At safepoint: 50417 ns, Total: 1760292 ns
[2022-09-04T16:33:48.067+0000][1][safepoint    ] Safepoint "Cleanup", Time since last: 1004883042 ns, Reaching safepoint: 835917 ns, At safepoint: 23250 ns, Total: 859167 ns
[2022-09-04T16:33:49.071+0000][1][safepoint    ] Safepoint "Cleanup", Time since last: 1002168542 ns, Reaching safepoint: 1704500 ns, At safepoint: 481250 ns, Total: 2185750 ns
[2022-09-04T16:33:50.080+0000][1][safepoint    ] Safepoint "Cleanup", Time since last: 1007284500 ns, Reaching safepoint: 1393209 ns, At safepoint: 40375 ns, Total: 1433584 ns
[2022-09-04T16:33:51.103+0000][1][safepoint    ] Safepoint "Cleanup", Time since last: 1004660667 ns, Reaching safepoint: 11033208 ns, At safepoint: 1397125 ns, Total: 12430333 ns
[2022-09-04T16:33:52.116+0000][1][safepoint    ] Safepoint "Cleanup", Time since last: 1018075501 ns, Reaching safepoint: 856125 ns, At safepoint: 26375 ns, Total: 882500 ns
[2022-09-04T16:33:53.120+0000][1][safepoint    ] Safepoint "Cleanup", Time since last: 1002592583 ns, Reaching safepoint: 904375 ns, At safepoint: 23625 ns, Total: 928000 ns
[2022-09-04T16:33:54.123+0000][1][safepoint    ] Safepoint "Cleanup", Time since last: 1001882376 ns, Reaching safepoint: 1225958 ns, At safepoint: 25709 ns, Total: 1251667 ns
[2022-09-04T16:33:55.133+0000][1][safepoint    ] Safepoint "Cleanup", Time since last: 1002575917 ns, Reaching safepoint: 7492125 ns, At safepoint: 121166 ns, Total: 7613291 ns
[2022-09-04T16:33:56.348+0000][1][safepoint    ] Safepoint "Cleanup", Time since last: 1213867459 ns, Reaching safepoint: 1144709 ns, At safepoint: 21250 ns, Total: 1165959 ns
[2022-09-04T16:33:57.352+0000][1][safepoint    ] Safepoint "Cleanup", Time since last: 1003526583 ns, Reaching safepoint: 836875 ns, At safepoint: 30834 ns, Total: 867709 ns
[2022-09-04T16:33:58.358+0000][1][safepoint    ] Safepoint "Cleanup", Time since last: 1004834542 ns, Reaching safepoint: 872333 ns, At safepoint: 25042 ns, Total: 897375 ns
[2022-09-04T16:33:59.362+0000][1][safepoint    ] Safepoint "Cleanup", Time since last: 1002363250 ns, Reaching safepoint: 1222125 ns, At safepoint: 28584 ns, Total: 1250709 ns
[2022-09-04T16:34:00.365+0000][1][safepoint    ] Safepoint "Cleanup", Time since last: 1002502333 ns, Reaching safepoint: 820167 ns, At safepoint: 22375 ns, Total: 842542 ns
[2022-09-04T16:34:01.370+0000][1][safepoint    ] Safepoint "Cleanup", Time since last: 1002722625 ns, Reaching safepoint: 2713667 ns, At safepoint: 78833 ns, Total: 2792500 ns
[2022-09-04T16:34:02.377+0000][1][safepoint    ] Safepoint "Cleanup", Time since last: 1005303250 ns, Reaching safepoint: 884959 ns, At safepoint: 24166 ns, Total: 909125 ns
[2022-09-04T16:34:03.381+0000][1][safepoint    ] Safepoint "Cleanup", Time since last: 1003323334 ns, Reaching safepoint: 781292 ns, At safepoint: 19792 ns, Total: 801084 ns
[2022-09-04T16:34:04.387+0000][1][safepoint    ] Safepoint "Cleanup", Time since last: 1002552750 ns, Reaching safepoint: 3368125 ns, At safepoint: 168833 ns, Total: 3536958 ns
[2022-09-04T16:34:05.394+0000][1][safepoint    ] Safepoint "Cleanup", Time since last: 1004955876 ns, Reaching safepoint: 2510708 ns, At safepoint: 70709 ns, Total: 2581417 ns
[2022-09-04T16:34:06.402+0000][1][safepoint    ] Safepoint "Cleanup", Time since last: 1006756875 ns, Reaching safepoint: 833958 ns, At safepoint: 24084 ns, Total: 858042 ns
[2022-09-04T16:34:07.405+0000][1][safepoint    ] Safepoint "Cleanup", Time since last: 1002340042 ns, Reaching safepoint: 863458 ns, At safepoint: 22042 ns, Total: 885500 ns
[2022-09-04T16:34:08.408+0000][1][safepoint    ] Safepoint "Cleanup", Time since last: 1001603417 ns, Reaching safepoint: 925417 ns, At safepoint: 20666 ns, Total: 946083 ns
[2022-09-04T16:34:09.412+0000][1][safepoint    ] Safepoint "Cleanup", Time since last: 1002670917 ns, Reaching safepoint: 1383417 ns, At safepoint: 33042 ns, Total: 1416459 ns
[2022-09-04T16:34:10.419+0000][1][safepoint    ] Safepoint "Cleanup", Time since last: 1006170084 ns, Reaching safepoint: 1037833 ns, At safepoint: 27708 ns, Total: 1065541 ns
[2022-09-04T16:34:11.431+0000][1][safepoint    ] Safepoint "Cleanup", Time since last: 1006440084 ns, Reaching safepoint: 3151750 ns, At safepoint: 2589583 ns, Total: 5741333 ns
[2022-09-04T16:34:12.438+0000][1][safepoint    ] Safepoint "Cleanup", Time since last: 1004761584 ns, Reaching safepoint: 1698500 ns, At safepoint: 55334 ns, Total: 1753834 ns
[2022-09-04T16:34:13.447+0000][1][safepoint    ] Safepoint "Cleanup", Time since last: 1008005167 ns, Reaching safepoint: 1313208 ns, At safepoint: 36458 ns, Total: 1349666 ns
[2022-09-04T16:34:14.457+0000][1][safepoint    ] Safepoint "Cleanup", Time since last: 1005787043 ns, Reaching safepoint: 3758541 ns, At safepoint: 190417 ns, Total: 3948958 ns
[2022-09-04T16:34:15.469+0000][1][safepoint    ] Safepoint "Cleanup", Time since last: 1008952042 ns, Reaching safepoint: 2829458 ns, At safepoint: 102792 ns, Total: 2932250 ns
[2022-09-04T16:34:16.474+0000][1][safepoint    ] Safepoint "Cleanup", Time since last: 1004259709 ns, Reaching safepoint: 1170583 ns, At safepoint: 27459 ns, Total: 1198042 ns
[2022-09-04T16:34:17.480+0000][1][safepoint    ] Safepoint "Cleanup", Time since last: 1003578958 ns, Reaching safepoint: 1989417 ns, At safepoint: 153333 ns, Total: 2142750 ns
[2022-09-04T16:34:18.484+0000][1][safepoint    ] Safepoint "Cleanup", Time since last: 1003428917 ns, Reaching safepoint: 869375 ns, At safepoint: 22667 ns, Total: 892042 ns
[2022-09-04T16:34:19.487+0000][1][safepoint    ] Safepoint "Cleanup", Time since last: 1001754084 ns, Reaching safepoint: 1392208 ns, At safepoint: 32500 ns, Total: 1424708 ns
[2022-09-04T16:34:20.491+0000][1][safepoint    ] Safepoint "Cleanup", Time since last: 1002767834 ns, Reaching safepoint: 1170583 ns, At safepoint: 41709 ns, Total: 1212292 ns
[2022-09-04T16:34:21.498+0000][1][safepoint    ] Safepoint "Cleanup", Time since last: 1002652250 ns, Reaching safepoint: 3561125 ns, At safepoint: 151792 ns, Total: 3712917 ns
[2022-09-04T16:34:22.505+0000][1][safepoint    ] Safepoint "Cleanup", Time since last: 1006508542 ns, Reaching safepoint: 1082042 ns, At safepoint: 39041 ns, Total: 1121083 ns
[2022-09-04T16:34:23.511+0000][1][safepoint    ] Safepoint "Cleanup", Time since last: 1004061876 ns, Reaching safepoint: 1557750 ns, At safepoint: 36417 ns, Total: 1594167 ns
[2022-09-04T16:34:24.518+0000][1][safepoint    ] Safepoint "Cleanup", Time since last: 1003166625 ns, Reaching safepoint: 3348292 ns, At safepoint: 96083 ns, Total: 3444375 ns
[2022-09-04T16:34:25.523+0000][1][safepoint    ] Safepoint "Cleanup", Time since last: 1004663084 ns, Reaching safepoint: 950375 ns, At safepoint: 22958 ns, Total: 973333 ns
[2022-09-04T16:34:26.527+0000][1][safepoint    ] Safepoint "Cleanup", Time since last: 1002433834 ns, Reaching safepoint: 1254250 ns, At safepoint: 28458 ns, Total: 1282708 ns
[2022-09-04T16:34:27.530+0000][1][safepoint    ] Safepoint "Cleanup", Time since last: 1001998376 ns, Reaching safepoint: 1180791 ns, At safepoint: 33792 ns, Total: 1214583 ns
[2022-09-04T16:34:28.536+0000][1][safepoint    ] Safepoint "Cleanup", Time since last: 1004746209 ns, Reaching safepoint: 1238208 ns, At safepoint: 21250 ns, Total: 1259458 ns
[2022-09-04T16:34:29.544+0000][1][safepoint    ] Safepoint "Cleanup", Time since last: 1003844209 ns, Reaching safepoint: 3967500 ns, At safepoint: 103708 ns, Total: 4071208 ns
[2022-09-04T16:34:31.286+0000][1][safepoint    ] Safepoint "Cleanup", Time since last: 1740156376 ns, Reaching safepoint: 1552542 ns, At safepoint: 37333 ns, Total: 1589875 ns
[2022-09-04T16:34:32.290+0000][1][safepoint    ] Safepoint "Cleanup", Time since last: 1003587959 ns, Reaching safepoint: 1072208 ns, At safepoint: 24542 ns, Total: 1096750 ns
[2022-09-04T16:34:33.295+0000][1][safepoint    ] Safepoint "Cleanup", Time since last: 1003914875 ns, Reaching safepoint: 779209 ns, At safepoint: 21375 ns, Total: 800584 ns
[2022-09-04T16:34:34.300+0000][1][safepoint    ] Safepoint "Cleanup", Time since last: 1003450917 ns, Reaching safepoint: 1516791 ns, At safepoint: 32042 ns, Total: 1548833 ns
[2022-09-04T16:34:35.305+0000][1][safepoint    ] Safepoint "Cleanup", Time since last: 1003586417 ns, Reaching safepoint: 1700500 ns, At safepoint: 61250 ns, Total: 1761750 ns
[2022-09-04T16:34:36.310+0000][1][safepoint    ] Safepoint "Cleanup", Time since last: 1003099042 ns, Reaching safepoint: 1064709 ns, At safepoint: 24375 ns, Total: 1089084 ns
[2022-09-04T16:34:37.313+0000][1][safepoint    ] Safepoint "Cleanup", Time since last: 1001716667 ns, Reaching safepoint: 1796583 ns, At safepoint: 43583 ns, Total: 1840166 ns
[2022-09-04T16:34:38.317+0000][1][safepoint    ] Safepoint "Cleanup", Time since last: 1002981709 ns, Reaching safepoint: 874334 ns, At safepoint: 21291 ns, Total: 895625 ns
[2022-09-04T16:34:39.320+0000][1][safepoint    ] Safepoint "Cleanup", Time since last: 1002140376 ns, Reaching safepoint: 942250 ns, At safepoint: 24833 ns, Total: 967083 ns
[2022-09-04T16:34:40.325+0000][1][safepoint    ] Safepoint "Cleanup", Time since last: 1003838001 ns, Reaching safepoint: 1168916 ns, At safepoint: 29625 ns, Total: 1198541 ns
[2022-09-04T16:34:41.330+0000][1][safepoint    ] Safepoint "Cleanup", Time since last: 1003427959 ns, Reaching safepoint: 1809458 ns, At safepoint: 79459 ns, Total: 1888917 ns
[2022-09-04T16:34:42.336+0000][1][safepoint    ] Safepoint "Cleanup", Time since last: 1004674459 ns, Reaching safepoint: 1147125 ns, At safepoint: 27708 ns, Total: 1174833 ns
[2022-09-04T16:34:43.340+0000][1][safepoint    ] Safepoint "Cleanup", Time since last: 1003067417 ns, Reaching safepoint: 864667 ns, At safepoint: 20000 ns, Total: 884667 ns
[2022-09-04T16:34:44.343+0000][1][safepoint    ] Safepoint "Cleanup", Time since last: 1001519584 ns, Reaching safepoint: 1134250 ns, At safepoint: 24666 ns, Total: 1158916 ns
[2022-09-04T16:34:45.346+0000][1][safepoint    ] Safepoint "Cleanup", Time since last: 1001775501 ns, Reaching safepoint: 1196625 ns, At safepoint: 24541 ns, Total: 1221166 ns
[2022-09-04T16:34:46.352+0000][1][safepoint    ] Safepoint "Cleanup", Time since last: 1005318334 ns, Reaching safepoint: 1111333 ns, At safepoint: 29959 ns, Total: 1141292 ns
[2022-09-04T16:34:47.358+0000][1][safepoint    ] Safepoint "Cleanup", Time since last: 1002695584 ns, Reaching safepoint: 3169375 ns, At safepoint: 67791 ns, Total: 3237166 ns
[2022-09-04T16:34:48.364+0000][1][safepoint    ] Safepoint "Cleanup", Time since last: 1005073292 ns, Reaching safepoint: 897084 ns, At safepoint: 24416 ns, Total: 921500 ns
[2022-09-04T16:34:49.368+0000][1][safepoint    ] Safepoint "Cleanup", Time since last: 1002347084 ns, Reaching safepoint: 842500 ns, At safepoint: 25875 ns, Total: 868375 ns
[2022-09-04T16:34:50.372+0000][1][safepoint    ] Safepoint "Cleanup", Time since last: 1002531917 ns, Reaching safepoint: 1851334 ns, At safepoint: 47791 ns, Total: 1899125 ns
[2022-09-04T16:34:51.378+0000][1][safepoint    ] Safepoint "Cleanup", Time since last: 1003101084 ns, Reaching safepoint: 2850542 ns, At safepoint: 93458 ns, Total: 2944000 ns
[2022-09-04T16:34:52.385+0000][1][safepoint    ] Safepoint "Cleanup", Time since last: 1005258376 ns, Reaching safepoint: 1284208 ns, At safepoint: 31750 ns, Total: 1315958 ns
[2022-09-04T16:34:53.388+0000][1][safepoint    ] Safepoint "Cleanup", Time since last: 1002228250 ns, Reaching safepoint: 994542 ns, At safepoint: 24042 ns, Total: 1018584 ns
[2022-09-04T16:34:54.392+0000][1][safepoint    ] Safepoint "Cleanup", Time since last: 1002876417 ns, Reaching safepoint: 1571000 ns, At safepoint: 50333 ns, Total: 1621333 ns
[2022-09-04T16:34:55.401+0000][1][safepoint    ] Safepoint "Cleanup", Time since last: 1007703667 ns, Reaching safepoint: 913084 ns, At safepoint: 36958 ns, Total: 950042 ns
[2022-09-04T16:34:56.404+0000][1][safepoint    ] Safepoint "Cleanup", Time since last: 1001724251 ns, Reaching safepoint: 1131250 ns, At safepoint: 44250 ns, Total: 1175500 ns
[2022-09-04T16:34:57.409+0000][1][safepoint    ] Safepoint "Cleanup", Time since last: 1002991625 ns, Reaching safepoint: 1992958 ns, At safepoint: 34667 ns, Total: 2027625 ns
[2022-09-04T16:34:58.417+0000][1][safepoint    ] Safepoint "Cleanup", Time since last: 1007136959 ns, Reaching safepoint: 1161583 ns, At safepoint: 29042 ns, Total: 1190625 ns
[2022-09-04T16:34:59.424+0000][1][safepoint    ] Safepoint "Cleanup", Time since last: 1004292875 ns, Reaching safepoint: 2317875 ns, At safepoint: 62542 ns, Total: 2380417 ns
[2022-09-04T16:35:00.431+0000][1][safepoint    ] Safepoint "Cleanup", Time since last: 1006044751 ns, Reaching safepoint: 1250750 ns, At safepoint: 31166 ns, Total: 1281916 ns
[2022-09-04T16:35:01.437+0000][1][safepoint    ] Safepoint "Cleanup", Time since last: 1003762959 ns, Reaching safepoint: 2977458 ns, At safepoint: 77208 ns, Total: 3054666 ns
[2022-09-04T16:35:02.442+0000][1][safepoint    ] Safepoint "Cleanup", Time since last: 1004591209 ns, Reaching safepoint: 851125 ns, At safepoint: 28750 ns, Total: 879875 ns
[2022-09-04T16:35:03.449+0000][1][safepoint    ] Safepoint "Cleanup", Time since last: 1005255126 ns, Reaching safepoint: 1414000 ns, At safepoint: 40041 ns, Total: 1454041 ns
[2022-09-04T16:35:04.457+0000][1][safepoint    ] Safepoint "Cleanup", Time since last: 1004333417 ns, Reaching safepoint: 3561084 ns, At safepoint: 92416 ns, Total: 3653500 ns
[2022-09-04T16:35:05.464+0000][1][safepoint    ] Safepoint "Cleanup", Time since last: 1004346126 ns, Reaching safepoint: 2406542 ns, At safepoint: 84458 ns, Total: 2491000 ns
[2022-09-04T16:35:06.469+0000][1][safepoint    ] Safepoint "Cleanup", Time since last: 1003907542 ns, Reaching safepoint: 866083 ns, At safepoint: 24250 ns, Total: 890333 ns
[2022-09-04T16:35:07.471+0000][1][safepoint    ] Safepoint "Cleanup", Time since last: 1001724293 ns, Reaching safepoint: 784583 ns, At safepoint: 20625 ns, Total: 805208 ns
[2022-09-04T16:35:08.475+0000][1][safepoint    ] Safepoint "Cleanup", Time since last: 1001857250 ns, Reaching safepoint: 1487375 ns, At safepoint: 43709 ns, Total: 1531084 ns
[2022-09-04T16:35:09.483+0000][1][safepoint    ] Safepoint "Cleanup", Time since last: 1004561084 ns, Reaching safepoint: 3686250 ns, At safepoint: 95750 ns, Total: 3782000 ns
[2022-09-04T16:35:10.492+0000][1][safepoint    ] Safepoint "Cleanup", Time since last: 1005434292 ns, Reaching safepoint: 3935375 ns, At safepoint: 94666 ns, Total: 4030041 ns
[2022-09-04T16:35:11.499+0000][1][safepoint    ] Safepoint "Cleanup", Time since last: 1004892876 ns, Reaching safepoint: 1506541 ns, At safepoint: 35709 ns, Total: 1542250 ns
[2022-09-04T16:35:12.505+0000][1][safepoint    ] Safepoint "Cleanup", Time since last: 1005092750 ns, Reaching safepoint: 872542 ns, At safepoint: 23458 ns, Total: 896000 ns
[2022-09-04T16:35:13.514+0000][1][safepoint    ] Safepoint "Cleanup", Time since last: 1006607042 ns, Reaching safepoint: 2414584 ns, At safepoint: 77708 ns, Total: 2492292 ns
[2022-09-04T16:35:14.525+0000][1][safepoint    ] Safepoint "Cleanup", Time since last: 1007976209 ns, Reaching safepoint: 2941833 ns, At safepoint: 82250 ns, Total: 3024083 ns
[2022-09-04T16:35:15.533+0000][1][safepoint    ] Safepoint "Cleanup", Time since last: 1004646292 ns, Reaching safepoint: 2992542 ns, At safepoint: 82833 ns, Total: 3075375 ns
[2022-09-04T16:35:16.540+0000][1][safepoint    ] Safepoint "Cleanup", Time since last: 1004135126 ns, Reaching safepoint: 2686667 ns, At safepoint: 103750 ns, Total: 2790417 ns
[2022-09-04T16:35:17.565+0000][1][safepoint    ] Safepoint "Cleanup", Time since last: 1023938042 ns, Reaching safepoint: 1416000 ns, At safepoint: 37000 ns, Total: 1453000 ns
[2022-09-04T16:35:18.571+0000][1][safepoint    ] Safepoint "Cleanup", Time since last: 1003590417 ns, Reaching safepoint: 2144250 ns, At safepoint: 42375 ns, Total: 2186625 ns
[2022-09-04T16:35:19.575+0000][1][safepoint    ] Safepoint "Cleanup", Time since last: 1002834084 ns, Reaching safepoint: 1271833 ns, At safepoint: 29292 ns, Total: 1301125 ns
[2022-09-04T16:35:20.580+0000][1][safepoint    ] Safepoint "Cleanup", Time since last: 1002895667 ns, Reaching safepoint: 1929291 ns, At safepoint: 51042 ns, Total: 1980333 ns
[2022-09-04T16:35:21.588+0000][1][safepoint    ] Safepoint "Cleanup", Time since last: 1004785084 ns, Reaching safepoint: 3384000 ns, At safepoint: 104542 ns, Total: 3488542 ns
[2022-09-04T16:35:22.599+0000][1][safepoint    ] Safepoint "Cleanup", Time since last: 1010007167 ns, Reaching safepoint: 930791 ns, At safepoint: 23167 ns, Total: 953958 ns
[2022-09-04T16:35:23.606+0000][1][safepoint    ] Safepoint "Cleanup", Time since last: 1002799959 ns, Reaching safepoint: 3654625 ns, At safepoint: 96667 ns, Total: 3751292 ns
[2022-09-04T16:35:24.616+0000][1][safepoint    ] Safepoint "Cleanup", Time since last: 1005918167 ns, Reaching safepoint: 4282041 ns, At safepoint: 86292 ns, Total: 4368333 ns
[2022-09-04T16:35:26.332+0000][1][safepoint    ] Safepoint "Cleanup", Time since last: 1714573584 ns, Reaching safepoint: 1530417 ns, At safepoint: 37500 ns, Total: 1567917 ns
[2022-09-04T16:35:27.336+0000][1][safepoint    ] Safepoint "Cleanup", Time since last: 1002093667 ns, Reaching safepoint: 1686375 ns, At safepoint: 33375 ns, Total: 1719750 ns
[2022-09-04T16:35:28.340+0000][1][safepoint    ] Safepoint "Cleanup", Time since last: 1003374292 ns, Reaching safepoint: 891000 ns, At safepoint: 28125 ns, Total: 919125 ns
[2022-09-04T16:35:29.344+0000][1][safepoint    ] Safepoint "Cleanup", Time since last: 1002116584 ns, Reaching safepoint: 1318042 ns, At safepoint: 32125 ns, Total: 1350167 ns
[2022-09-04T16:35:30.350+0000][1][safepoint    ] Safepoint "Cleanup", Time since last: 1003476542 ns, Reaching safepoint: 2616625 ns, At safepoint: 54125 ns, Total: 2670750 ns
[2022-09-04T16:35:31.356+0000][1][safepoint    ] Safepoint "Cleanup", Time since last: 1005092458 ns, Reaching safepoint: 1039042 ns, At safepoint: 44083 ns, Total: 1083125 ns
[2022-09-04T16:35:32.359+0000][1][safepoint    ] Safepoint "Cleanup", Time since last: 1001710501 ns, Reaching safepoint: 1046250 ns, At safepoint: 21708 ns, Total: 1067958 ns
[2022-09-04T16:35:33.361+0000][1][safepoint    ] Safepoint "Cleanup", Time since last: 1001717084 ns, Reaching safepoint: 755792 ns, At safepoint: 20250 ns, Total: 776042 ns
[2022-09-04T16:35:34.365+0000][1][safepoint    ] Safepoint "Cleanup", Time since last: 1003049125 ns, Reaching safepoint: 1069583 ns, At safepoint: 20292 ns, Total: 1089875 ns
[2022-09-04T16:35:35.371+0000][1][safepoint    ] Safepoint "Cleanup", Time since last: 1003414501 ns, Reaching safepoint: 1803291 ns, At safepoint: 74834 ns, Total: 1878125 ns
[2022-09-04T16:35:36.378+0000][1][safepoint    ] Safepoint "Cleanup", Time since last: 1005492375 ns, Reaching safepoint: 1778500 ns, At safepoint: 65625 ns, Total: 1844125 ns
[2022-09-04T16:35:37.385+0000][1][safepoint    ] Safepoint "Cleanup", Time since last: 1005396417 ns, Reaching safepoint: 1184375 ns, At safepoint: 26667 ns, Total: 1211042 ns
[2022-09-04T16:35:38.388+0000][1][safepoint    ] Safepoint "Cleanup", Time since last: 1002163792 ns, Reaching safepoint: 915583 ns, At safepoint: 20875 ns, Total: 936458 ns
[2022-09-04T16:35:39.392+0000][1][safepoint    ] Safepoint "Cleanup", Time since last: 1001998584 ns, Reaching safepoint: 2552875 ns, At safepoint: 54167 ns, Total: 2607042 ns
[2022-09-04T16:35:40.396+0000][1][safepoint    ] Safepoint "Cleanup", Time since last: 1003197792 ns, Reaching safepoint: 792833 ns, At safepoint: 52292 ns, Total: 845125 ns
[2022-09-04T16:35:41.401+0000][1][safepoint    ] Safepoint "Cleanup", Time since last: 1003549334 ns, Reaching safepoint: 1371625 ns, At safepoint: 36458 ns, Total: 1408083 ns
[2022-09-04T16:35:42.405+0000][1][safepoint    ] Safepoint "Cleanup", Time since last: 1002482209 ns, Reaching safepoint: 1069583 ns, At safepoint: 21334 ns, Total: 1090917 ns
[2022-09-04T16:35:43.408+0000][1][safepoint    ] Safepoint "Cleanup", Time since last: 1002202208 ns, Reaching safepoint: 860084 ns, At safepoint: 21958 ns, Total: 882042 ns
[2022-09-04T16:35:44.411+0000][1][safepoint    ] Safepoint "Cleanup", Time since last: 1001809251 ns, Reaching safepoint: 974583 ns, At safepoint: 25792 ns, Total: 1000375 ns
[2022-09-04T16:35:45.415+0000][1][safepoint    ] Safepoint "Cleanup", Time since last: 1002842583 ns, Reaching safepoint: 823167 ns, At safepoint: 19917 ns, Total: 843084 ns
[2022-09-04T16:35:46.419+0000][1][safepoint    ] Safepoint "Cleanup", Time since last: 1002895458 ns, Reaching safepoint: 1373792 ns, At safepoint: 38083 ns, Total: 1411875 ns
[2022-09-04T16:35:47.428+0000][1][safepoint    ] Safepoint "Cleanup", Time since last: 1006630168 ns, Reaching safepoint: 1856458 ns, At safepoint: 148708 ns, Total: 2005166 ns
[2022-09-04T16:35:48.433+0000][1][safepoint    ] Safepoint "Cleanup", Time since last: 1004077876 ns, Reaching safepoint: 1180750 ns, At safepoint: 33041 ns, Total: 1213791 ns
[2022-09-04T16:35:49.440+0000][1][safepoint    ] Safepoint "Cleanup", Time since last: 1004352668 ns, Reaching safepoint: 2547250 ns, At safepoint: 71916 ns, Total: 2619166 ns
[2022-09-04T16:35:50.451+0000][1][safepoint    ] Safepoint "Cleanup", Time since last: 1008454876 ns, Reaching safepoint: 2147916 ns, At safepoint: 158125 ns, Total: 2306041 ns
[2022-09-04T16:35:51.457+0000][1][safepoint    ] Safepoint "Cleanup", Time since last: 1004742001 ns, Reaching safepoint: 1643917 ns, At safepoint: 58916 ns, Total: 1702833 ns
[2022-09-04T16:35:52.463+0000][1][safepoint    ] Safepoint "Cleanup", Time since last: 1004355667 ns, Reaching safepoint: 1552500 ns, At safepoint: 42167 ns, Total: 1594667 ns
[2022-09-04T16:35:53.468+0000][1][safepoint    ] Safepoint "Cleanup", Time since last: 1004181751 ns, Reaching safepoint: 975250 ns, At safepoint: 24500 ns, Total: 999750 ns
[2022-09-04T16:35:54.475+0000][1][safepoint    ] Safepoint "Cleanup", Time since last: 1006156667 ns, Reaching safepoint: 848208 ns, At safepoint: 27292 ns, Total: 875500 ns
[2022-09-04T16:35:55.479+0000][1][safepoint    ] Safepoint "Cleanup", Time since last: 1002907875 ns, Reaching safepoint: 1286083 ns, At safepoint: 27292 ns, Total: 1313375 ns
[2022-09-04T16:35:56.516+0000][1][safepoint    ] Safepoint "Cleanup", Time since last: 1035188626 ns, Reaching safepoint: 1508500 ns, At safepoint: 30875 ns, Total: 1539375 ns
[2022-09-04T16:35:57.525+0000][1][safepoint    ] Safepoint "Cleanup", Time since last: 1006912250 ns, Reaching safepoint: 2039750 ns, At safepoint: 75583 ns, Total: 2115333 ns
[2022-09-04T16:35:58.532+0000][1][safepoint    ] Safepoint "Cleanup", Time since last: 1005478293 ns, Reaching safepoint: 1780416 ns, At safepoint: 43542 ns, Total: 1823958 ns
[2022-09-04T16:35:59.537+0000][1][safepoint    ] Safepoint "Cleanup", Time since last: 1003182875 ns, Reaching safepoint: 1530375 ns, At safepoint: 45209 ns, Total: 1575584 ns
[2022-09-04T16:36:00.542+0000][1][safepoint    ] Safepoint "Cleanup", Time since last: 1003127875 ns, Reaching safepoint: 1420500 ns, At safepoint: 36084 ns, Total: 1456584 ns
[2022-09-04T16:36:01.548+0000][1][safepoint    ] Safepoint "Cleanup", Time since last: 1003250624 ns, Reaching safepoint: 2810167 ns, At safepoint: 91041 ns, Total: 2901208 ns
[2022-09-04T16:36:02.553+0000][1][safepoint    ] Safepoint "Cleanup", Time since last: 1004132251 ns, Reaching safepoint: 1273708 ns, At safepoint: 46042 ns, Total: 1319750 ns
[2022-09-04T16:36:03.556+0000][1][safepoint    ] Safepoint "Cleanup", Time since last: 1002145625 ns, Reaching safepoint: 825542 ns, At safepoint: 25958 ns, Total: 851500 ns
[2022-09-04T16:36:04.566+0000][1][safepoint    ] Safepoint "Cleanup", Time since last: 1002756376 ns, Reaching safepoint: 6675667 ns, At safepoint: 80000 ns, Total: 6755667 ns
[2022-09-04T16:36:05.575+0000][1][safepoint    ] Safepoint "Cleanup", Time since last: 1004360375 ns, Reaching safepoint: 3624417 ns, At safepoint: 684666 ns, Total: 4309083 ns
[2022-09-04T16:36:06.585+0000][1][safepoint    ] Safepoint "Cleanup", Time since last: 1007079917 ns, Reaching safepoint: 3538625 ns, At safepoint: 97167 ns, Total: 3635792 ns
[2022-09-04T16:36:07.595+0000][1][safepoint    ] Safepoint "Cleanup", Time since last: 1006129417 ns, Reaching safepoint: 3570875 ns, At safepoint: 92167 ns, Total: 3663042 ns
[2022-09-04T16:36:08.603+0000][1][safepoint    ] Safepoint "Cleanup", Time since last: 1005969209 ns, Reaching safepoint: 1528416 ns, At safepoint: 36625 ns, Total: 1565041 ns
[2022-09-04T16:36:09.610+0000][1][safepoint    ] Safepoint "Cleanup", Time since last: 1004130793 ns, Reaching safepoint: 2651333 ns, At safepoint: 106375 ns, Total: 2757708 ns
[2022-09-04T16:36:10.616+0000][1][safepoint    ] Safepoint "Cleanup", Time since last: 1003919625 ns, Reaching safepoint: 2344042 ns, At safepoint: 59542 ns, Total: 2403584 ns
[2022-09-04T16:36:11.622+0000][1][safepoint    ] Safepoint "Cleanup", Time since last: 1003829000 ns, Reaching safepoint: 2372792 ns, At safepoint: 69958 ns, Total: 2442750 ns
[2022-09-04T16:36:12.628+0000][1][safepoint    ] Safepoint "Cleanup", Time since last: 1003319917 ns, Reaching safepoint: 2537625 ns, At safepoint: 113584 ns, Total: 2651209 ns
[2022-09-04T16:36:13.637+0000][1][safepoint    ] Safepoint "Cleanup", Time since last: 1006861458 ns, Reaching safepoint: 2313209 ns, At safepoint: 74000 ns, Total: 2387209 ns
[2022-09-04T16:36:14.647+0000][1][safepoint    ] Safepoint "Cleanup", Time since last: 1005903917 ns, Reaching safepoint: 3368042 ns, At safepoint: 115041 ns, Total: 3483083 ns
[2022-09-04T16:36:15.656+0000][1][safepoint    ] Safepoint "Cleanup", Time since last: 1006143417 ns, Reaching safepoint: 2901125 ns, At safepoint: 75334 ns, Total: 2976459 ns
[2022-09-04T16:36:16.664+0000][1][safepoint    ] Safepoint "Cleanup", Time since last: 1004817334 ns, Reaching safepoint: 3467666 ns, At safepoint: 123084 ns, Total: 3590750 ns
[2022-09-04T16:36:17.671+0000][1][safepoint    ] Safepoint "Cleanup", Time since last: 1004771125 ns, Reaching safepoint: 1822375 ns, At safepoint: 45833 ns, Total: 1868208 ns
[2022-09-04T16:36:18.680+0000][1][safepoint    ] Safepoint "Cleanup", Time since last: 1005373043 ns, Reaching safepoint: 3133791 ns, At safepoint: 201084 ns, Total: 3334875 ns
[2022-09-04T16:36:19.687+0000][1][safepoint    ] Safepoint "Cleanup", Time since last: 1004335208 ns, Reaching safepoint: 2908875 ns, At safepoint: 67042 ns, Total: 2975917 ns
[2022-09-04T16:36:20.694+0000][1][safepoint    ] Safepoint "Cleanup", Time since last: 1003992167 ns, Reaching safepoint: 2711959 ns, At safepoint: 89708 ns, Total: 2801667 ns
[2022-09-04T16:36:21.702+0000][1][safepoint    ] Safepoint "Cleanup", Time since last: 1005005334 ns, Reaching safepoint: 2864125 ns, At safepoint: 79458 ns, Total: 2943583 ns
[2022-09-04T16:36:22.706+0000][1][safepoint    ] Safepoint "Cleanup", Time since last: 1003310792 ns, Reaching safepoint: 957292 ns, At safepoint: 20791 ns, Total: 978083 ns
[2022-09-04T16:36:23.712+0000][1][safepoint    ] Safepoint "Cleanup", Time since last: 1003247168 ns, Reaching safepoint: 2902375 ns, At safepoint: 79375 ns, Total: 2981750 ns
[2022-09-04T16:36:24.720+0000][1][safepoint    ] Safepoint "Cleanup", Time since last: 1005413000 ns, Reaching safepoint: 2550292 ns, At safepoint: 88791 ns, Total: 2639083 ns
[2022-09-04T16:36:25.728+0000][1][safepoint    ] Safepoint "Cleanup", Time since last: 1007073793 ns, Reaching safepoint: 1106791 ns, At safepoint: 29042 ns, Total: 1135833 ns
[2022-09-04T16:36:26.732+0000][1][safepoint    ] Safepoint "Cleanup", Time since last: 1002273750 ns, Reaching safepoint: 1427125 ns, At safepoint: 39542 ns, Total: 1466667 ns
[2022-09-04T16:36:27.736+0000][1][safepoint    ] Safepoint "Cleanup", Time since last: 1003012542 ns, Reaching safepoint: 1117292 ns, At safepoint: 28208 ns, Total: 1145500 ns
[2022-09-04T16:36:28.741+0000][1][safepoint    ] Safepoint "Cleanup", Time since last: 1002324751 ns, Reaching safepoint: 1771500 ns, At safepoint: 107291 ns, Total: 1878791 ns
[2022-09-04T16:36:29.760+0000][1][safepoint    ] Safepoint "Cleanup", Time since last: 1018136293 ns, Reaching safepoint: 1351666 ns, At safepoint: 30084 ns, Total: 1381750 ns
[2022-09-04T16:36:30.765+0000][1][safepoint    ] Safepoint "Cleanup", Time since last: 1002799042 ns, Reaching safepoint: 1857541 ns, At safepoint: 53667 ns, Total: 1911208 ns
[2022-09-04T16:36:31.770+0000][1][safepoint    ] Safepoint "Cleanup", Time since last: 1004555542 ns, Reaching safepoint: 1365500 ns, At safepoint: 34458 ns, Total: 1399958 ns
[2022-09-04T16:36:33.674+0000][1][safepoint    ] Safepoint "Cleanup", Time since last: 1900974376 ns, Reaching safepoint: 2174042 ns, At safepoint: 67375 ns, Total: 2241417 ns
[2022-09-04T16:36:34.683+0000][1][safepoint    ] Safepoint "Cleanup", Time since last: 1007113000 ns, Reaching safepoint: 1800250 ns, At safepoint: 40542 ns, Total: 1840792 ns
[2022-09-04T16:36:35.688+0000][1][safepoint    ] Safepoint "Cleanup", Time since last: 1002369209 ns, Reaching safepoint: 2904416 ns, At safepoint: 84625 ns, Total: 2989041 ns
[2022-09-04T16:36:36.694+0000][1][safepoint    ] Safepoint "Cleanup", Time since last: 1003954584 ns, Reaching safepoint: 2128000 ns, At safepoint: 62709 ns, Total: 2190709 ns
[2022-09-04T16:36:37.701+0000][1][safepoint    ] Safepoint "Cleanup", Time since last: 1004258208 ns, Reaching safepoint: 2508417 ns, At safepoint: 61417 ns, Total: 2569834 ns
[2022-09-04T16:36:38.709+0000][1][safepoint    ] Safepoint "Cleanup", Time since last: 1004920833 ns, Reaching safepoint: 2983875 ns, At safepoint: 78250 ns, Total: 3062125 ns
[2022-09-04T16:36:39.718+0000][1][safepoint    ] Safepoint "Cleanup", Time since last: 1006548959 ns, Reaching safepoint: 2864667 ns, At safepoint: 72958 ns, Total: 2937625 ns
[2022-09-04T16:36:40.724+0000][1][safepoint    ] Safepoint "Cleanup", Time since last: 1004515209 ns, Reaching safepoint: 865000 ns, At safepoint: 44917 ns, Total: 909917 ns
[2022-09-04T16:36:41.729+0000][1][safepoint    ] Safepoint "Cleanup", Time since last: 1002273875 ns, Reaching safepoint: 3047250 ns, At safepoint: 220084 ns, Total: 3267334 ns
[2022-09-04T16:36:42.735+0000][1][safepoint    ] Safepoint "Cleanup", Time since last: 1003698625 ns, Reaching safepoint: 1813583 ns, At safepoint: 71000 ns, Total: 1884583 ns
[2022-09-04T16:36:43.741+0000][1][safepoint    ] Safepoint "Cleanup", Time since last: 1003591876 ns, Reaching safepoint: 2216875 ns, At safepoint: 98458 ns, Total: 2315333 ns
[2022-09-04T16:36:44.746+0000][1][safepoint    ] Safepoint "Cleanup", Time since last: 1003770751 ns, Reaching safepoint: 937291 ns, At safepoint: 28334 ns, Total: 965625 ns
[2022-09-04T16:36:45.748+0000][1][safepoint    ] Safepoint "Cleanup", Time since last: 1001613292 ns, Reaching safepoint: 1252917 ns, At safepoint: 39458 ns, Total: 1292375 ns
[2022-09-04T16:36:46.753+0000][1][safepoint    ] Safepoint "Cleanup", Time since last: 1002246584 ns, Reaching safepoint: 1941166 ns, At safepoint: 73417 ns, Total: 2014583 ns
[2022-09-04T16:36:47.759+0000][1][safepoint    ] Safepoint "Cleanup", Time since last: 1003364250 ns, Reaching safepoint: 2421042 ns, At safepoint: 62000 ns, Total: 2483042 ns
[2022-09-04T16:36:48.764+0000][1][safepoint    ] Safepoint "Cleanup", Time since last: 1004702459 ns, Reaching safepoint: 1124750 ns, At safepoint: 28208 ns, Total: 1152958 ns
[2022-09-04T16:36:49.769+0000][1][safepoint    ] Safepoint "Cleanup", Time since last: 1002810126 ns, Reaching safepoint: 1364083 ns, At safepoint: 41292 ns, Total: 1405375 ns
[2022-09-04T16:36:50.774+0000][1][safepoint    ] Safepoint "Cleanup", Time since last: 1003380709 ns, Reaching safepoint: 1856625 ns, At safepoint: 56625 ns, Total: 1913250 ns
[2022-09-04T16:36:51.778+0000][1][safepoint    ] Safepoint "Cleanup", Time since last: 1002880083 ns, Reaching safepoint: 817584 ns, At safepoint: 23208 ns, Total: 840792 ns
[2022-09-04T16:36:52.780+0000][1][safepoint    ] Safepoint "Cleanup", Time since last: 1001604459 ns, Reaching safepoint: 1113250 ns, At safepoint: 28542 ns, Total: 1141792 ns
[2022-09-04T16:36:53.784+0000][1][safepoint    ] Safepoint "Cleanup", Time since last: 1002123542 ns, Reaching safepoint: 1505625 ns, At safepoint: 36250 ns, Total: 1541875 ns
[2022-09-04T16:36:54.789+0000][1][safepoint    ] Safepoint "Cleanup", Time since last: 1003240417 ns, Reaching safepoint: 2001333 ns, At safepoint: 70000 ns, Total: 2071333 ns
[2022-09-04T16:36:55.794+0000][1][safepoint    ] Safepoint "Cleanup", Time since last: 1003695417 ns, Reaching safepoint: 891417 ns, At safepoint: 21917 ns, Total: 913334 ns
[2022-09-04T16:36:56.798+0000][1][safepoint    ] Safepoint "Cleanup", Time since last: 1002558667 ns, Reaching safepoint: 949833 ns, At safepoint: 30125 ns, Total: 979958 ns
[2022-09-04T16:36:57.801+0000][1][safepoint    ] Safepoint "Cleanup", Time since last: 1002836959 ns, Reaching safepoint: 986375 ns, At safepoint: 31250 ns, Total: 1017625 ns
[2022-09-04T16:36:58.807+0000][1][safepoint    ] Safepoint "Cleanup", Time since last: 1003690250 ns, Reaching safepoint: 1760875 ns, At safepoint: 47959 ns, Total: 1808834 ns
[2022-09-04T16:36:59.818+0000][1][safepoint    ] Safepoint "Cleanup", Time since last: 1007483000 ns, Reaching safepoint: 3504084 ns, At safepoint: 92583 ns, Total: 3596667 ns
[2022-09-04T16:37:00.826+0000][1][safepoint    ] Safepoint "Cleanup", Time since last: 1005079167 ns, Reaching safepoint: 3087042 ns, At safepoint: 157208 ns, Total: 3244250 ns
[2022-09-04T16:37:01.833+0000][1][safepoint    ] Safepoint "Cleanup", Time since last: 1005658833 ns, Reaching safepoint: 1411042 ns, At safepoint: 30875 ns, Total: 1441917 ns
[2022-09-04T16:37:02.836+0000][1][safepoint    ] Safepoint "Cleanup", Time since last: 1002184125 ns, Reaching safepoint: 1195667 ns, At safepoint: 27125 ns, Total: 1222792 ns
[2022-09-04T16:37:03.842+0000][1][safepoint    ] Safepoint "Cleanup", Time since last: 1002576667 ns, Reaching safepoint: 2700333 ns, At safepoint: 59625 ns, Total: 2759958 ns
[2022-09-04T16:37:04.847+0000][1][safepoint    ] Safepoint "Cleanup", Time since last: 1004330209 ns, Reaching safepoint: 1471584 ns, At safepoint: 34208 ns, Total: 1505792 ns
[2022-09-04T16:37:05.854+0000][1][safepoint    ] Safepoint "Cleanup", Time since last: 1002674334 ns, Reaching safepoint: 4176416 ns, At safepoint: 87084 ns, Total: 4263500 ns
[2022-09-04T16:37:06.865+0000][1][safepoint    ] Safepoint "Cleanup", Time since last: 1006816667 ns, Reaching safepoint: 3980458 ns, At safepoint: 300834 ns, Total: 4281292 ns
[2022-09-04T16:37:07.870+0000][1][safepoint    ] Safepoint "Cleanup", Time since last: 1003691750 ns, Reaching safepoint: 968417 ns, At safepoint: 21166 ns, Total: 989583 ns
[2022-09-04T16:37:08.874+0000][1][safepoint    ] Safepoint "Cleanup", Time since last: 1002236459 ns, Reaching safepoint: 1604000 ns, At safepoint: 35792 ns, Total: 1639792 ns
[2022-09-04T16:37:09.878+0000][1][safepoint    ] Safepoint "Cleanup", Time since last: 1002668417 ns, Reaching safepoint: 1157083 ns, At safepoint: 28750 ns, Total: 1185833 ns
[2022-09-04T16:37:10.881+0000][1][safepoint    ] Safepoint "Cleanup", Time since last: 1002043751 ns, Reaching safepoint: 928917 ns, At safepoint: 24875 ns, Total: 953792 ns
[2022-09-04T16:37:11.887+0000][1][safepoint    ] Safepoint "Cleanup", Time since last: 1002309333 ns, Reaching safepoint: 3592042 ns, At safepoint: 91667 ns, Total: 3683709 ns
[2022-09-04T16:37:12.897+0000][1][safepoint    ] Safepoint "Cleanup", Time since last: 1008636458 ns, Reaching safepoint: 1357750 ns, At safepoint: 29792 ns, Total: 1387542 ns
[2022-09-04T16:37:13.905+0000][1][safepoint    ] Safepoint "Cleanup", Time since last: 1004862751 ns, Reaching safepoint: 3640333 ns, At safepoint: 107042 ns, Total: 3747375 ns
[2022-09-04T16:37:14.913+0000][1][safepoint    ] Safepoint "Cleanup", Time since last: 1006198583 ns, Reaching safepoint: 1619000 ns, At safepoint: 46542 ns, Total: 1665542 ns
[2022-09-04T16:37:15.921+0000][1][safepoint    ] Safepoint "Cleanup", Time since last: 1003939292 ns, Reaching safepoint: 3455042 ns, At safepoint: 116750 ns, Total: 3571792 ns
[2022-09-04T16:37:16.932+0000][1][safepoint    ] Safepoint "Cleanup", Time since last: 1009822417 ns, Reaching safepoint: 1505042 ns, At safepoint: 39750 ns, Total: 1544792 ns
[2022-09-04T16:37:17.939+0000][1][safepoint    ] Safepoint "Cleanup", Time since last: 1005638084 ns, Reaching safepoint: 856458 ns, At safepoint: 25667 ns, Total: 882125 ns
[2022-09-04T16:37:18.952+0000][1][safepoint    ] Safepoint "Cleanup", Time since last: 1011838708 ns, Reaching safepoint: 1887834 ns, At safepoint: 62458 ns, Total: 1950292 ns
[2022-09-04T16:37:19.961+0000][1][safepoint    ] Safepoint "Cleanup", Time since last: 1004264751 ns, Reaching safepoint: 4206541 ns, At safepoint: 68500 ns, Total: 4275041 ns
[2022-09-04T16:37:20.970+0000][1][safepoint    ] Safepoint "Cleanup", Time since last: 1007515376 ns, Reaching safepoint: 1690166 ns, At safepoint: 38250 ns, Total: 1728416 ns
[2022-09-04T16:37:21.975+0000][1][safepoint    ] Safepoint "Cleanup", Time since last: 1003560417 ns, Reaching safepoint: 843667 ns, At safepoint: 21792 ns, Total: 865459 ns
[2022-09-04T16:37:22.978+0000][1][safepoint    ] Safepoint "Cleanup", Time since last: 1002438084 ns, Reaching safepoint: 842416 ns, At safepoint: 30875 ns, Total: 873291 ns
[2022-09-04T16:37:23.983+0000][1][safepoint    ] Safepoint "Cleanup", Time since last: 1002195667 ns, Reaching safepoint: 2997834 ns, At safepoint: 210875 ns, Total: 3208709 ns
[2022-09-04T16:37:24.992+0000][1][safepoint    ] Safepoint "Cleanup", Time since last: 1005334084 ns, Reaching safepoint: 2727208 ns, At safepoint: 62208 ns, Total: 2789416 ns
[2022-09-04T16:37:25.995+0000][1][safepoint    ] Safepoint "Cleanup", Time since last: 1002643542 ns, Reaching safepoint: 1178584 ns, At safepoint: 35583 ns, Total: 1214167 ns
[2022-09-04T16:37:27.001+0000][1][safepoint    ] Safepoint "Cleanup", Time since last: 1002040167 ns, Reaching safepoint: 3606875 ns, At safepoint: 97500 ns, Total: 3704375 ns
[2022-09-04T16:37:28.009+0000][1][safepoint    ] Safepoint "Cleanup", Time since last: 1007193584 ns, Reaching safepoint: 914750 ns, At safepoint: 25667 ns, Total: 940417 ns
[2022-09-04T16:37:29.015+0000][1][safepoint    ] Safepoint "Cleanup", Time since last: 1001965417 ns, Reaching safepoint: 3805041 ns, At safepoint: 104667 ns, Total: 3909708 ns
[2022-09-04T16:37:30.023+0000][1][safepoint    ] Safepoint "Cleanup", Time since last: 1005917084 ns, Reaching safepoint: 1668917 ns, At safepoint: 59166 ns, Total: 1728083 ns
[2022-09-04T16:37:31.033+0000][1][safepoint    ] Safepoint "Cleanup", Time since last: 1005381501 ns, Reaching safepoint: 4285833 ns, At safepoint: 178083 ns, Total: 4463916 ns
[2022-09-04T16:37:32.040+0000][1][safepoint    ] Safepoint "Cleanup", Time since last: 1006328126 ns, Reaching safepoint: 900041 ns, At safepoint: 29334 ns, Total: 929375 ns
[2022-09-04T16:37:33.043+0000][1][safepoint    ] Safepoint "Cleanup", Time since last: 1001980250 ns, Reaching safepoint: 820458 ns, At safepoint: 21250 ns, Total: 841708 ns
[2022-09-04T16:37:34.046+0000][1][safepoint    ] Safepoint "Cleanup", Time since last: 1002567459 ns, Reaching safepoint: 871959 ns, At safepoint: 22708 ns, Total: 894667 ns
[2022-09-04T16:37:35.050+0000][1][safepoint    ] Safepoint "Cleanup", Time since last: 1002623959 ns, Reaching safepoint: 1030333 ns, At safepoint: 26750 ns, Total: 1057083 ns
[2022-09-04T16:37:36.055+0000][1][safepoint    ] Safepoint "Cleanup", Time since last: 1003383251 ns, Reaching safepoint: 1976375 ns, At safepoint: 49958 ns, Total: 2026333 ns
[2022-09-04T16:37:37.063+0000][1][safepoint    ] Safepoint "Cleanup", Time since last: 1003923459 ns, Reaching safepoint: 3420541 ns, At safepoint: 142667 ns, Total: 3563208 ns
[2022-09-04T16:37:38.071+0000][1][safepoint    ] Safepoint "Cleanup", Time since last: 1006906876 ns, Reaching safepoint: 843291 ns, At safepoint: 21959 ns, Total: 865250 ns
[2022-09-04T16:37:39.076+0000][1][safepoint    ] Safepoint "Cleanup", Time since last: 1001586750 ns, Reaching safepoint: 4046333 ns, At safepoint: 109417 ns, Total: 4155750 ns
[2022-09-04T16:37:40.082+0000][1][safepoint    ] Safepoint "Cleanup", Time since last: 1004867834 ns, Reaching safepoint: 1303708 ns, At safepoint: 38708 ns, Total: 1342416 ns
[2022-09-04T16:37:41.090+0000][1][safepoint    ] Safepoint "Cleanup", Time since last: 1005465584 ns, Reaching safepoint: 2202084 ns, At safepoint: 76875 ns, Total: 2278959 ns
[2022-09-04T16:37:42.094+0000][1][safepoint    ] Safepoint "Cleanup", Time since last: 1002978000 ns, Reaching safepoint: 1105167 ns, At safepoint: 45541 ns, Total: 1150708 ns
[2022-09-04T16:37:43.098+0000][1][safepoint    ] Safepoint "Cleanup", Time since last: 1002227834 ns, Reaching safepoint: 1005542 ns, At safepoint: 21417 ns, Total: 1026959 ns
[2022-09-04T16:37:44.101+0000][1][safepoint    ] Safepoint "Cleanup", Time since last: 1002115417 ns, Reaching safepoint: 1546708 ns, At safepoint: 36667 ns, Total: 1583375 ns
[2022-09-04T16:37:45.108+0000][1][safepoint    ] Safepoint "Cleanup", Time since last: 1006326042 ns, Reaching safepoint: 825917 ns, At safepoint: 40416 ns, Total: 866333 ns
[2022-09-04T16:37:46.112+0000][1][safepoint    ] Safepoint "Cleanup", Time since last: 1001580501 ns, Reaching safepoint: 1737333 ns, At safepoint: 41167 ns, Total: 1778500 ns
[2022-09-04T16:37:47.118+0000][1][safepoint    ] Safepoint "Cleanup", Time since last: 1002535208 ns, Reaching safepoint: 3025125 ns, At safepoint: 80709 ns, Total: 3105834 ns
[2022-09-04T16:37:48.125+0000][1][safepoint    ] Safepoint "Cleanup", Time since last: 1006613167 ns, Reaching safepoint: 819500 ns, At safepoint: 23958 ns, Total: 843458 ns
[2022-09-04T16:37:49.129+0000][1][safepoint    ] Safepoint "Cleanup", Time since last: 1002260167 ns, Reaching safepoint: 1912667 ns, At safepoint: 45042 ns, Total: 1957709 ns
[2022-09-04T16:37:50.133+0000][1][safepoint    ] Safepoint "Cleanup", Time since last: 1003192084 ns, Reaching safepoint: 1043541 ns, At safepoint: 30834 ns, Total: 1074375 ns
[2022-09-04T16:37:51.138+0000][1][safepoint    ] Safepoint "Cleanup", Time since last: 1003485917 ns, Reaching safepoint: 1474375 ns, At safepoint: 38791 ns, Total: 1513166 ns
[2022-09-04T16:37:52.144+0000][1][safepoint    ] Safepoint "Cleanup", Time since last: 1003846793 ns, Reaching safepoint: 1247541 ns, At safepoint: 212084 ns, Total: 1459625 ns
[2022-09-04T16:37:53.147+0000][1][safepoint    ] Safepoint "Cleanup", Time since last: 1002828833 ns, Reaching safepoint: 824209 ns, At safepoint: 39125 ns, Total: 863334 ns
[2022-09-04T16:37:54.151+0000][1][safepoint    ] Safepoint "Cleanup", Time since last: 1002573000 ns, Reaching safepoint: 1387125 ns, At safepoint: 72959 ns, Total: 1460084 ns
[2022-09-04T16:37:55.157+0000][1][safepoint    ] Safepoint "Cleanup", Time since last: 1003540083 ns, Reaching safepoint: 1615375 ns, At safepoint: 62667 ns, Total: 1678042 ns
[2022-09-04T16:37:56.161+0000][1][safepoint    ] Safepoint "Cleanup", Time since last: 1003172500 ns, Reaching safepoint: 1069167 ns, At safepoint: 24583 ns, Total: 1093750 ns
[2022-09-04T16:37:57.166+0000][1][safepoint    ] Safepoint "Cleanup", Time since last: 1003676543 ns, Reaching safepoint: 1403875 ns, At safepoint: 48791 ns, Total: 1452666 ns
[2022-09-04T16:37:58.173+0000][1][safepoint    ] Safepoint "Cleanup", Time since last: 1006351584 ns, Reaching safepoint: 832125 ns, At safepoint: 21375 ns, Total: 853500 ns
[2022-09-04T16:37:59.180+0000][1][safepoint    ] Safepoint "Cleanup", Time since last: 1005532417 ns, Reaching safepoint: 833167 ns, At safepoint: 20625 ns, Total: 853792 ns
[2022-09-04T16:38:00.183+0000][1][safepoint    ] Safepoint "Cleanup", Time since last: 1002425334 ns, Reaching safepoint: 954041 ns, At safepoint: 23500 ns, Total: 977541 ns
[2022-09-04T16:38:01.195+0000][1][safepoint    ] Safepoint "Cleanup", Time since last: 1002523375 ns, Reaching safepoint: 2888208 ns, At safepoint: 163834 ns, Total: 3052042 ns
[2022-09-04T16:38:02.202+0000][1][safepoint    ] Safepoint "Cleanup", Time since last: 1005985792 ns, Reaching safepoint: 1093791 ns, At safepoint: 27209 ns, Total: 1121000 ns
[2022-09-04T16:38:03.205+0000][1][safepoint    ] Safepoint "Cleanup", Time since last: 1002550917 ns, Reaching safepoint: 860042 ns, At safepoint: 23208 ns, Total: 883250 ns
[2022-09-04T16:38:04.212+0000][1][safepoint    ] Safepoint "Cleanup", Time since last: 1004717875 ns, Reaching safepoint: 1813209 ns, At safepoint: 57625 ns, Total: 1870834 ns
[2022-09-04T16:38:05.218+0000][1][safepoint    ] Safepoint "Cleanup", Time since last: 1002869542 ns, Reaching safepoint: 2460000 ns, At safepoint: 798250 ns, Total: 3258250 ns
[2022-09-04T16:38:06.226+0000][1][safepoint    ] Safepoint "Cleanup", Time since last: 1004798334 ns, Reaching safepoint: 2822583 ns, At safepoint: 274292 ns, Total: 3096875 ns
[2022-09-04T16:38:07.230+0000][1][safepoint    ] Safepoint "Cleanup", Time since last: 1003187000 ns, Reaching safepoint: 1153125 ns, At safepoint: 52458 ns, Total: 1205583 ns
[2022-09-04T16:38:08.236+0000][1][safepoint    ] Safepoint "Cleanup", Time since last: 1005133376 ns, Reaching safepoint: 894625 ns, At safepoint: 27333 ns, Total: 921958 ns
[2022-09-04T16:38:09.241+0000][1][safepoint    ] Safepoint "Cleanup", Time since last: 1002037584 ns, Reaching safepoint: 2711458 ns, At safepoint: 75292 ns, Total: 2786750 ns
[2022-09-04T16:38:10.246+0000][1][safepoint    ] Safepoint "Cleanup", Time since last: 1003849376 ns, Reaching safepoint: 839541 ns, At safepoint: 23334 ns, Total: 862875 ns
[2022-09-04T16:38:11.250+0000][1][safepoint    ] Safepoint "Cleanup", Time since last: 1001942708 ns, Reaching safepoint: 2459584 ns, At safepoint: 64583 ns, Total: 2524167 ns
[2022-09-04T16:38:12.255+0000][1][safepoint    ] Safepoint "Cleanup", Time since last: 1002965209 ns, Reaching safepoint: 1309250 ns, At safepoint: 68250 ns, Total: 1377500 ns
[2022-09-04T16:38:13.258+0000][1][safepoint    ] Safepoint "Cleanup", Time since last: 1002609084 ns, Reaching safepoint: 975875 ns, At safepoint: 29250 ns, Total: 1005125 ns
[2022-09-04T16:38:14.262+0000][1][safepoint    ] Safepoint "Cleanup", Time since last: 1002398208 ns, Reaching safepoint: 1173000 ns, At safepoint: 24500 ns, Total: 1197500 ns
[2022-09-04T16:38:15.266+0000][1][safepoint    ] Safepoint "Cleanup", Time since last: 1002056209 ns, Reaching safepoint: 1621500 ns, At safepoint: 43042 ns, Total: 1664542 ns
[2022-09-04T16:38:16.270+0000][1][safepoint    ] Safepoint "Cleanup", Time since last: 1003144000 ns, Reaching safepoint: 1492750 ns, At safepoint: 39292 ns, Total: 1532042 ns
[2022-09-04T16:38:17.275+0000][1][safepoint    ] Safepoint "Cleanup", Time since last: 1002861417 ns, Reaching safepoint: 1613042 ns, At safepoint: 40125 ns, Total: 1653167 ns
[2022-09-04T16:38:18.282+0000][1][safepoint    ] Safepoint "Cleanup", Time since last: 1006285292 ns, Reaching safepoint: 888042 ns, At safepoint: 33916 ns, Total: 921958 ns
[2022-09-04T16:38:19.285+0000][1][safepoint    ] Safepoint "Cleanup", Time since last: 1001825001 ns, Reaching safepoint: 974625 ns, At safepoint: 22625 ns, Total: 997250 ns
[2022-09-04T16:38:20.288+0000][1][safepoint    ] Safepoint "Cleanup", Time since last: 1001864834 ns, Reaching safepoint: 1431416 ns, At safepoint: 32000 ns, Total: 1463416 ns
[2022-09-04T16:38:21.293+0000][1][safepoint    ] Safepoint "Cleanup", Time since last: 1003506501 ns, Reaching safepoint: 1605250 ns, At safepoint: 39958 ns, Total: 1645208 ns
[2022-09-04T16:38:22.298+0000][1][safepoint    ] Safepoint "Cleanup", Time since last: 1003499334 ns, Reaching safepoint: 854250 ns, At safepoint: 41833 ns, Total: 896083 ns
[2022-09-04T16:38:23.301+0000][1][safepoint    ] Safepoint "Cleanup", Time since last: 1002716876 ns, Reaching safepoint: 844000 ns, At safepoint: 21708 ns, Total: 865708 ns
[2022-09-04T16:38:24.306+0000][1][safepoint    ] Safepoint "Cleanup", Time since last: 1003406126 ns, Reaching safepoint: 1000166 ns, At safepoint: 22959 ns, Total: 1023125 ns
[2022-09-04T16:38:25.309+0000][1][safepoint    ] Safepoint "Cleanup", Time since last: 1001659667 ns, Reaching safepoint: 1670958 ns, At safepoint: 67583 ns, Total: 1738541 ns
[2022-09-04T16:38:26.712+0000][1][safepoint    ] Safepoint "Cleanup", Time since last: 1401140501 ns, Reaching safepoint: 1548208 ns, At safepoint: 36209 ns, Total: 1584417 ns
[2022-09-04T16:38:27.717+0000][1][safepoint    ] Safepoint "Cleanup", Time since last: 1003405250 ns, Reaching safepoint: 2029334 ns, At safepoint: 101791 ns, Total: 2131125 ns
[2022-09-04T16:38:28.724+0000][1][safepoint    ] Safepoint "Cleanup", Time since last: 1004356084 ns, Reaching safepoint: 1758917 ns, At safepoint: 47291 ns, Total: 1806208 ns
[2022-09-04T16:38:29.730+0000][1][safepoint    ] Safepoint "Cleanup", Time since last: 1005070209 ns, Reaching safepoint: 1396833 ns, At safepoint: 34417 ns, Total: 1431250 ns
[2022-09-04T16:38:30.734+0000][1][safepoint    ] Safepoint "Cleanup", Time since last: 1002504917 ns, Reaching safepoint: 1515584 ns, At safepoint: 39791 ns, Total: 1555375 ns
[2022-09-04T16:38:31.749+0000][1][safepoint    ] Safepoint "Cleanup", Time since last: 1004733459 ns, Reaching safepoint: 2418333 ns, At safepoint: 76833 ns, Total: 2495166 ns
[2022-09-04T16:38:32.755+0000][1][safepoint    ] Safepoint "Cleanup", Time since last: 1004601584 ns, Reaching safepoint: 1370834 ns, At safepoint: 38833 ns, Total: 1409667 ns
[2022-09-04T16:38:33.775+0000][1][safepoint    ] Safepoint "Cleanup", Time since last: 1019142125 ns, Reaching safepoint: 954167 ns, At safepoint: 32542 ns, Total: 986709 ns
[2022-09-04T16:38:34.778+0000][1][safepoint    ] Safepoint "Cleanup", Time since last: 1001998042 ns, Reaching safepoint: 1001208 ns, At safepoint: 24084 ns, Total: 1025292 ns
[2022-09-04T16:38:35.780+0000][1][safepoint    ] Safepoint "Cleanup", Time since last: 1001637833 ns, Reaching safepoint: 877375 ns, At safepoint: 24417 ns, Total: 901792 ns
[2022-09-04T16:38:36.786+0000][1][safepoint    ] Safepoint "Cleanup", Time since last: 1004206667 ns, Reaching safepoint: 1376125 ns, At safepoint: 64625 ns, Total: 1440750 ns
[2022-09-04T16:38:37.790+0000][1][safepoint    ] Safepoint "Cleanup", Time since last: 1002614334 ns, Reaching safepoint: 1121333 ns, At safepoint: 28709 ns, Total: 1150042 ns
[2022-09-04T16:38:38.794+0000][1][safepoint    ] Safepoint "Cleanup", Time since last: 1002835167 ns, Reaching safepoint: 1128292 ns, At safepoint: 25583 ns, Total: 1153875 ns
[2022-09-04T16:38:39.797+0000][1][safepoint    ] Safepoint "Cleanup", Time since last: 1001787250 ns, Reaching safepoint: 1450667 ns, At safepoint: 32167 ns, Total: 1482834 ns
[2022-09-04T16:38:40.800+0000][1][safepoint    ] Safepoint "Cleanup", Time since last: 1002343208 ns, Reaching safepoint: 1017917 ns, At safepoint: 21708 ns, Total: 1039625 ns
[2022-09-04T16:38:41.805+0000][1][safepoint    ] Safepoint "Cleanup", Time since last: 1002305043 ns, Reaching safepoint: 2106666 ns, At safepoint: 306625 ns, Total: 2413291 ns
[2022-09-04T16:38:42.808+0000][1][safepoint    ] Safepoint "Cleanup", Time since last: 1002525167 ns, Reaching safepoint: 863500 ns, At safepoint: 24292 ns, Total: 887792 ns
[2022-09-04T16:38:43.812+0000][1][safepoint    ] Safepoint "Cleanup", Time since last: 1002624751 ns, Reaching safepoint: 923666 ns, At safepoint: 27625 ns, Total: 951291 ns
[2022-09-04T16:38:44.818+0000][1][safepoint    ] Safepoint "Cleanup", Time since last: 1004708459 ns, Reaching safepoint: 1616333 ns, At safepoint: 38584 ns, Total: 1654917 ns
[2022-09-04T16:38:45.823+0000][1][safepoint    ] Safepoint "Cleanup", Time since last: 1003355875 ns, Reaching safepoint: 1564625 ns, At safepoint: 36834 ns, Total: 1601459 ns
[2022-09-04T16:38:46.830+0000][1][safepoint    ] Safepoint "Cleanup", Time since last: 1005249250 ns, Reaching safepoint: 1637125 ns, At safepoint: 39625 ns, Total: 1676750 ns
[2022-09-04T16:38:47.836+0000][1][safepoint    ] Safepoint "Cleanup", Time since last: 1003092125 ns, Reaching safepoint: 2366209 ns, At safepoint: 76291 ns, Total: 2442500 ns
[2022-09-04T16:38:48.841+0000][1][safepoint    ] Safepoint "Cleanup", Time since last: 1004449251 ns, Reaching safepoint: 1113417 ns, At safepoint: 24166 ns, Total: 1137583 ns
[2022-09-04T16:38:49.846+0000][1][safepoint    ] Safepoint "Cleanup", Time since last: 1001949376 ns, Reaching safepoint: 2649875 ns, At safepoint: 68166 ns, Total: 2718041 ns
[2022-09-04T16:38:50.855+0000][1][safepoint    ] Safepoint "Cleanup", Time since last: 1005508959 ns, Reaching safepoint: 2935459 ns, At safepoint: 71958 ns, Total: 3007417 ns
[2022-09-04T16:38:51.863+0000][1][safepoint    ] Safepoint "Cleanup", Time since last: 1005730792 ns, Reaching safepoint: 2350708 ns, At safepoint: 73834 ns, Total: 2424542 ns
[2022-09-04T16:38:52.870+0000][1][safepoint    ] Safepoint "Cleanup", Time since last: 1003866209 ns, Reaching safepoint: 3500791 ns, At safepoint: 83417 ns, Total: 3584208 ns
[2022-09-04T16:38:53.877+0000][1][safepoint    ] Safepoint "Cleanup", Time since last: 1006060042 ns, Reaching safepoint: 826917 ns, At safepoint: 20375 ns, Total: 847292 ns
[2022-09-04T16:38:54.883+0000][1][safepoint    ] Safepoint "Cleanup", Time since last: 1001669792 ns, Reaching safepoint: 3683625 ns, At safepoint: 95750 ns, Total: 3779375 ns
[2022-09-04T16:38:56.745+0000][1][safepoint    ] Safepoint "Cleanup", Time since last: 1860719417 ns, Reaching safepoint: 1718459 ns, At safepoint: 77833 ns, Total: 1796292 ns
[2022-09-04T16:38:57.751+0000][1][safepoint    ] Safepoint "Cleanup", Time since last: 1003314917 ns, Reaching safepoint: 2189042 ns, At safepoint: 69208 ns, Total: 2258250 ns
[2022-09-04T16:38:58.759+0000][1][safepoint    ] Safepoint "Cleanup", Time since last: 1006999084 ns, Reaching safepoint: 847292 ns, At safepoint: 25166 ns, Total: 872458 ns
[2022-09-04T16:38:59.762+0000][1][safepoint    ] Safepoint "Cleanup", Time since last: 1001875709 ns, Reaching safepoint: 1630709 ns, At safepoint: 45583 ns, Total: 1676292 ns
[2022-09-04T16:39:00.766+0000][1][safepoint    ] Safepoint "Cleanup", Time since last: 1002493000 ns, Reaching safepoint: 1597500 ns, At safepoint: 37459 ns, Total: 1634959 ns
[2022-09-04T16:39:01.774+0000][1][safepoint    ] Safepoint "Cleanup", Time since last: 1005417833 ns, Reaching safepoint: 1499000 ns, At safepoint: 37625 ns, Total: 1536625 ns
[2022-09-04T16:39:02.778+0000][1][safepoint    ] Safepoint "Cleanup", Time since last: 1002657334 ns, Reaching safepoint: 1172542 ns, At safepoint: 28708 ns, Total: 1201250 ns
[2022-09-04T16:39:03.603+0000][1][gc,start     ] GC(34) Pause Young (Allocation Failure)
[2022-09-04T16:39:03.608+0000][1][gc,task      ] GC(34) Using 4 workers of 4 for evacuation
[2022-09-04T16:39:03.655+0000][1][gc,age       ] GC(34) Desired survivor size 8945664 bytes, new threshold 6 (max threshold 6)
[2022-09-04T16:39:03.656+0000][1][gc,age       ] GC(34) Age table with threshold 6 (max threshold 6)
[2022-09-04T16:39:03.657+0000][1][gc,age       ] GC(34) - age   1:       6888 bytes,       6888 total
[2022-09-04T16:39:03.659+0000][1][gc,age       ] GC(34) - age   2:       1160 bytes,       8048 total
[2022-09-04T16:39:03.660+0000][1][gc,age       ] GC(34) - age   3:       6728 bytes,      14776 total
[2022-09-04T16:39:03.661+0000][1][gc,age       ] GC(34) - age   4:        552 bytes,      15328 total
[2022-09-04T16:39:03.662+0000][1][gc,age       ] GC(34) - age   5:        688 bytes,      16016 total
[2022-09-04T16:39:03.663+0000][1][gc,age       ] GC(34) - age   6:      15296 bytes,      31312 total
[2022-09-04T16:39:03.666+0000][1][gc,heap      ] GC(34) ParNew: 140170K->114K(157248K)
[2022-09-04T16:39:03.667+0000][1][gc,heap      ] GC(34) CMS: 67509K->67633K(349568K)
[2022-09-04T16:39:03.669+0000][1][gc,metaspace ] GC(34) Metaspace: 84760K->84760K(1126400K)
[2022-09-04T16:39:03.671+0000][1][gc           ] GC(34) Pause Young (Allocation Failure) 202M->66M(494M) 68.214ms
[2022-09-04T16:39:03.673+0000][1][gc,cpu       ] GC(34) User=0.10s Sys=0.03s Real=0.07s
[2022-09-04T16:39:03.675+0000][1][safepoint    ] Safepoint "GenCollectForAllocation", Time since last: 822684417 ns, Reaching safepoint: 1442250 ns, At safepoint: 72285333 ns, Total: 73727583 ns
[2022-09-04T16:39:04.678+0000][1][safepoint    ] Safepoint "Cleanup", Time since last: 1001129168 ns, Reaching safepoint: 2110333 ns, At safepoint: 44875 ns, Total: 2155208 ns
[2022-09-04T16:39:05.683+0000][1][safepoint    ] Safepoint "Cleanup", Time since last: 1003221834 ns, Reaching safepoint: 1542125 ns, At safepoint: 99375 ns, Total: 1641500 ns
[2022-09-04T16:39:06.687+0000][1][safepoint    ] Safepoint "Cleanup", Time since last: 1003481750 ns, Reaching safepoint: 1142042 ns, At safepoint: 28958 ns, Total: 1171000 ns
[2022-09-04T16:39:07.693+0000][1][safepoint    ] Safepoint "Cleanup", Time since last: 1003349084 ns, Reaching safepoint: 2294292 ns, At safepoint: 169000 ns, Total: 2463292 ns
[2022-09-04T16:39:08.703+0000][1][safepoint    ] Safepoint "Cleanup", Time since last: 1006485417 ns, Reaching safepoint: 2902041 ns, At safepoint: 74709 ns, Total: 2976750 ns
[2022-09-04T16:39:09.709+0000][1][safepoint    ] Safepoint "Cleanup", Time since last: 1003982750 ns, Reaching safepoint: 2669125 ns, At safepoint: 57625 ns, Total: 2726750 ns
[2022-09-04T16:39:10.718+0000][1][safepoint    ] Safepoint "Cleanup", Time since last: 1007422167 ns, Reaching safepoint: 869584 ns, At safepoint: 24583 ns, Total: 894167 ns
[2022-09-04T16:39:11.722+0000][1][safepoint    ] Safepoint "Cleanup", Time since last: 1001845751 ns, Reaching safepoint: 2237333 ns, At safepoint: 82000 ns, Total: 2319333 ns
[2022-09-04T16:39:12.727+0000][1][safepoint    ] Safepoint "Cleanup", Time since last: 1003266709 ns, Reaching safepoint: 1457958 ns, At safepoint: 50708 ns, Total: 1508666 ns
[2022-09-04T16:39:13.733+0000][1][safepoint    ] Safepoint "Cleanup", Time since last: 1003376918 ns, Reaching safepoint: 2405166 ns, At safepoint: 52459 ns, Total: 2457625 ns
[2022-09-04T16:39:14.741+0000][1][safepoint    ] Safepoint "Cleanup", Time since last: 1006689542 ns, Reaching safepoint: 2201458 ns, At safepoint: 44792 ns, Total: 2246250 ns
[2022-09-04T16:39:15.748+0000][1][safepoint    ] Safepoint "Cleanup", Time since last: 1003361083 ns, Reaching safepoint: 2739542 ns, At safepoint: 67667 ns, Total: 2807209 ns
[2022-09-04T16:39:16.753+0000][1][safepoint    ] Safepoint "Cleanup", Time since last: 1003432375 ns, Reaching safepoint: 1591667 ns, At safepoint: 66458 ns, Total: 1658125 ns
[2022-09-04T16:39:17.757+0000][1][safepoint    ] Safepoint "Cleanup", Time since last: 1003072126 ns, Reaching safepoint: 1395208 ns, At safepoint: 40708 ns, Total: 1435916 ns
[2022-09-04T16:39:18.761+0000][1][safepoint    ] Safepoint "Cleanup", Time since last: 1002888626 ns, Reaching safepoint: 763708 ns, At safepoint: 23959 ns, Total: 787667 ns
[2022-09-04T16:39:19.767+0000][1][safepoint    ] Safepoint "Cleanup", Time since last: 1003168292 ns, Reaching safepoint: 3225708 ns, At safepoint: 58458 ns, Total: 3284166 ns
[2022-09-04T16:39:20.773+0000][1][safepoint    ] Safepoint "Cleanup", Time since last: 1004184001 ns, Reaching safepoint: 1749833 ns, At safepoint: 41750 ns, Total: 1791583 ns
[2022-09-04T16:39:21.779+0000][1][safepoint    ] Safepoint "Cleanup", Time since last: 1003919209 ns, Reaching safepoint: 1484542 ns, At safepoint: 44666 ns, Total: 1529208 ns
[2022-09-04T16:39:22.783+0000][1][safepoint    ] Safepoint "Cleanup", Time since last: 1002823168 ns, Reaching safepoint: 964666 ns, At safepoint: 29459 ns, Total: 994125 ns
[2022-09-04T16:39:23.786+0000][1][safepoint    ] Safepoint "Cleanup", Time since last: 1002243250 ns, Reaching safepoint: 1023875 ns, At safepoint: 30667 ns, Total: 1054542 ns
[2022-09-04T16:39:24.790+0000][1][safepoint    ] Safepoint "Cleanup", Time since last: 1003088792 ns, Reaching safepoint: 1034250 ns, At safepoint: 32333 ns, Total: 1066583 ns
[2022-09-04T16:39:25.795+0000][1][safepoint    ] Safepoint "Cleanup", Time since last: 1003333126 ns, Reaching safepoint: 1618375 ns, At safepoint: 50625 ns, Total: 1669000 ns
[2022-09-04T16:39:26.885+0000][1][safepoint    ] Safepoint "Cleanup", Time since last: 1088678792 ns, Reaching safepoint: 1422958 ns, At safepoint: 36750 ns, Total: 1459708 ns
[2022-09-04T16:39:27.889+0000][1][safepoint    ] Safepoint "Cleanup", Time since last: 1002616251 ns, Reaching safepoint: 1158041 ns, At safepoint: 27709 ns, Total: 1185750 ns
[2022-09-04T16:39:28.892+0000][1][safepoint    ] Safepoint "Cleanup", Time since last: 1002232542 ns, Reaching safepoint: 768916 ns, At safepoint: 20834 ns, Total: 789750 ns
[2022-09-04T16:39:29.897+0000][1][safepoint    ] Safepoint "Cleanup", Time since last: 1003655834 ns, Reaching safepoint: 1453958 ns, At safepoint: 35292 ns, Total: 1489250 ns
[2022-09-04T16:39:30.903+0000][1][safepoint    ] Safepoint "Cleanup", Time since last: 1002558375 ns, Reaching safepoint: 2883583 ns, At safepoint: 67334 ns, Total: 2950917 ns
[2022-09-04T16:39:31.909+0000][1][safepoint    ] Safepoint "Cleanup", Time since last: 1005793999 ns, Reaching safepoint: 951334 ns, At safepoint: 23833 ns, Total: 975167 ns
[2022-09-04T16:39:32.913+0000][1][safepoint    ] Safepoint "Cleanup", Time since last: 1002898500 ns, Reaching safepoint: 1302000 ns, At safepoint: 35375 ns, Total: 1337375 ns
[2022-09-04T16:39:33.916+0000][1][safepoint    ] Safepoint "Cleanup", Time since last: 1002316459 ns, Reaching safepoint: 936917 ns, At safepoint: 25208 ns, Total: 962125 ns
[2022-09-04T16:39:34.921+0000][1][safepoint    ] Safepoint "Cleanup", Time since last: 1003342626 ns, Reaching safepoint: 907208 ns, At safepoint: 28625 ns, Total: 935833 ns
[2022-09-04T16:39:35.923+0000][1][safepoint    ] Safepoint "Cleanup", Time since last: 1001894292 ns, Reaching safepoint: 833583 ns, At safepoint: 27167 ns, Total: 860750 ns
[2022-09-04T16:39:36.927+0000][1][safepoint    ] Safepoint "Cleanup", Time since last: 1002713209 ns, Reaching safepoint: 930750 ns, At safepoint: 27333 ns, Total: 958083 ns
[2022-09-04T16:39:37.931+0000][1][safepoint    ] Safepoint "Cleanup", Time since last: 1001816251 ns, Reaching safepoint: 1749625 ns, At safepoint: 46041 ns, Total: 1795666 ns
[2022-09-04T16:39:38.941+0000][1][safepoint    ] Safepoint "Cleanup", Time since last: 1007904668 ns, Reaching safepoint: 2687291 ns, At safepoint: 81417 ns, Total: 2768708 ns
[2022-09-04T16:39:39.950+0000][1][safepoint    ] Safepoint "Cleanup", Time since last: 1005340542 ns, Reaching safepoint: 3218417 ns, At safepoint: 136291 ns, Total: 3354708 ns
[2022-09-04T16:39:40.960+0000][1][safepoint    ] Safepoint "Cleanup", Time since last: 1007602543 ns, Reaching safepoint: 2467541 ns, At safepoint: 119125 ns, Total: 2586666 ns
[2022-09-04T16:39:41.968+0000][1][safepoint    ] Safepoint "Cleanup", Time since last: 1003941709 ns, Reaching safepoint: 3456000 ns, At safepoint: 97792 ns, Total: 3553792 ns
[2022-09-04T16:39:42.975+0000][1][safepoint    ] Safepoint "Cleanup", Time since last: 1006971208 ns, Reaching safepoint: 897584 ns, At safepoint: 28833 ns, Total: 926417 ns
[2022-09-04T16:39:43.985+0000][1][safepoint    ] Safepoint "Cleanup", Time since last: 1006342709 ns, Reaching safepoint: 2956708 ns, At safepoint: 78084 ns, Total: 3034792 ns
[2022-09-04T16:39:44.996+0000][1][safepoint    ] Safepoint "Cleanup", Time since last: 1006355750 ns, Reaching safepoint: 4547875 ns, At safepoint: 96208 ns, Total: 4644083 ns
[2022-09-04T16:39:46.006+0000][1][safepoint    ] Safepoint "Cleanup", Time since last: 1007311793 ns, Reaching safepoint: 2656416 ns, At safepoint: 74000 ns, Total: 2730416 ns
[2022-09-04T16:39:47.011+0000][1][safepoint    ] Safepoint "Cleanup", Time since last: 1003903167 ns, Reaching safepoint: 901042 ns, At safepoint: 23292 ns, Total: 924334 ns
[2022-09-04T16:39:48.013+0000][1][safepoint    ] Safepoint "Cleanup", Time since last: 1001520167 ns, Reaching safepoint: 882250 ns, At safepoint: 24583 ns, Total: 906833 ns
[2022-09-04T16:39:49.016+0000][1][safepoint    ] Safepoint "Cleanup", Time since last: 1002369542 ns, Reaching safepoint: 798250 ns, At safepoint: 22417 ns, Total: 820667 ns
[2022-09-04T16:39:50.021+0000][1][safepoint    ] Safepoint "Cleanup", Time since last: 1001465959 ns, Reaching safepoint: 2687208 ns, At safepoint: 71417 ns, Total: 2758625 ns
[2022-09-04T16:39:51.033+0000][1][safepoint    ] Safepoint "Cleanup", Time since last: 1008000459 ns, Reaching safepoint: 3719458 ns, At safepoint: 545708 ns, Total: 4265166 ns
[2022-09-04T16:39:52.040+0000][1][safepoint    ] Safepoint "Cleanup", Time since last: 1005164501 ns, Reaching safepoint: 1568375 ns, At safepoint: 36250 ns, Total: 1604625 ns
[2022-09-04T16:39:53.043+0000][1][safepoint    ] Safepoint "Cleanup", Time since last: 1002248042 ns, Reaching safepoint: 922333 ns, At safepoint: 22125 ns, Total: 944458 ns
[2022-09-04T16:39:54.046+0000][1][safepoint    ] Safepoint "Cleanup", Time since last: 1002275542 ns, Reaching safepoint: 853084 ns, At safepoint: 21333 ns, Total: 874417 ns
[2022-09-04T16:39:55.050+0000][1][safepoint    ] Safepoint "Cleanup", Time since last: 1001735792 ns, Reaching safepoint: 1788917 ns, At safepoint: 40083 ns, Total: 1829000 ns
[2022-09-04T16:39:56.053+0000][1][safepoint    ] Safepoint "Cleanup", Time since last: 1002180042 ns, Reaching safepoint: 1060834 ns, At safepoint: 39125 ns, Total: 1099959 ns
[2022-09-04T16:39:57.056+0000][1][safepoint    ] Safepoint "Cleanup", Time since last: 1001738792 ns, Reaching safepoint: 1876333 ns, At safepoint: 44042 ns, Total: 1920375 ns
[2022-09-04T16:39:58.067+0000][1][safepoint    ] Safepoint "Cleanup", Time since last: 1009206000 ns, Reaching safepoint: 854625 ns, At safepoint: 21375 ns, Total: 876000 ns
[2022-09-04T16:39:59.069+0000][1][safepoint    ] Safepoint "Cleanup", Time since last: 1001668543 ns, Reaching safepoint: 926833 ns, At safepoint: 45125 ns, Total: 971958 ns
[2022-09-04T16:40:00.078+0000][1][safepoint    ] Safepoint "Cleanup", Time since last: 1007619709 ns, Reaching safepoint: 1330916 ns, At safepoint: 33292 ns, Total: 1364208 ns
[2022-09-04T16:40:01.088+0000][1][safepoint    ] Safepoint "Cleanup", Time since last: 1005767209 ns, Reaching safepoint: 3695708 ns, At safepoint: 102833 ns, Total: 3798541 ns
[2022-09-04T16:40:02.096+0000][1][safepoint    ] Safepoint "Cleanup", Time since last: 1005604417 ns, Reaching safepoint: 2550458 ns, At safepoint: 68209 ns, Total: 2618667 ns
[2022-09-04T16:40:03.102+0000][1][safepoint    ] Safepoint "Cleanup", Time since last: 1004443375 ns, Reaching safepoint: 871292 ns, At safepoint: 23333 ns, Total: 894625 ns
[2022-09-04T16:40:04.106+0000][1][safepoint    ] Safepoint "Cleanup", Time since last: 1002953667 ns, Reaching safepoint: 1593584 ns, At safepoint: 36166 ns, Total: 1629750 ns
[2022-09-04T16:40:05.112+0000][1][safepoint    ] Safepoint "Cleanup", Time since last: 1003166959 ns, Reaching safepoint: 2606083 ns, At safepoint: 80542 ns, Total: 2686625 ns
[2022-09-04T16:40:06.119+0000][1][safepoint    ] Safepoint "Cleanup", Time since last: 1005262334 ns, Reaching safepoint: 1706750 ns, At safepoint: 35500 ns, Total: 1742250 ns
[2022-09-04T16:40:07.124+0000][1][safepoint    ] Safepoint "Cleanup", Time since last: 1002704417 ns, Reaching safepoint: 1827833 ns, At safepoint: 67667 ns, Total: 1895500 ns
[2022-09-04T16:40:08.128+0000][1][safepoint    ] Safepoint "Cleanup", Time since last: 1003642126 ns, Reaching safepoint: 863291 ns, At safepoint: 21750 ns, Total: 885041 ns
[2022-09-04T16:40:09.131+0000][1][safepoint    ] Safepoint "Cleanup", Time since last: 1001760459 ns, Reaching safepoint: 851625 ns, At safepoint: 18917 ns, Total: 870542 ns
[2022-09-04T16:40:10.135+0000][1][safepoint    ] Safepoint "Cleanup", Time since last: 1003270875 ns, Reaching safepoint: 1273333 ns, At safepoint: 35084 ns, Total: 1308417 ns
[2022-09-04T16:40:11.143+0000][1][safepoint    ] Safepoint "Cleanup", Time since last: 1003131959 ns, Reaching safepoint: 3922375 ns, At safepoint: 186541 ns, Total: 4108916 ns
[2022-09-04T16:40:12.148+0000][1][safepoint    ] Safepoint "Cleanup", Time since last: 1004228834 ns, Reaching safepoint: 1137042 ns, At safepoint: 40666 ns, Total: 1177708 ns
[2022-09-04T16:40:13.152+0000][1][safepoint    ] Safepoint "Cleanup", Time since last: 1002783709 ns, Reaching safepoint: 832792 ns, At safepoint: 21583 ns, Total: 854375 ns
[2022-09-04T16:40:14.155+0000][1][safepoint    ] Safepoint "Cleanup", Time since last: 1002760626 ns, Reaching safepoint: 929541 ns, At safepoint: 27625 ns, Total: 957166 ns
[2022-09-04T16:40:15.160+0000][1][safepoint    ] Safepoint "Cleanup", Time since last: 1002569293 ns, Reaching safepoint: 2026666 ns, At safepoint: 48875 ns, Total: 2075541 ns
[2022-09-04T16:40:16.164+0000][1][safepoint    ] Safepoint "Cleanup", Time since last: 1002367417 ns, Reaching safepoint: 1187084 ns, At safepoint: 29750 ns, Total: 1216834 ns
[2022-09-04T16:40:17.167+0000][1][safepoint    ] Safepoint "Cleanup", Time since last: 1002144167 ns, Reaching safepoint: 1284041 ns, At safepoint: 36334 ns, Total: 1320375 ns
[2022-09-04T16:40:18.171+0000][1][safepoint    ] Safepoint "Cleanup", Time since last: 1003379417 ns, Reaching safepoint: 813417 ns, At safepoint: 21166 ns, Total: 834583 ns
[2022-09-04T16:40:19.175+0000][1][safepoint    ] Safepoint "Cleanup", Time since last: 1002921167 ns, Reaching safepoint: 837042 ns, At safepoint: 22958 ns, Total: 860000 ns
[2022-09-04T16:40:20.180+0000][1][safepoint    ] Safepoint "Cleanup", Time since last: 1003336251 ns, Reaching safepoint: 1122333 ns, At safepoint: 29959 ns, Total: 1152292 ns
[2022-09-04T16:40:21.188+0000][1][safepoint    ] Safepoint "Cleanup", Time since last: 1006063167 ns, Reaching safepoint: 2552291 ns, At safepoint: 91542 ns, Total: 2643833 ns
[2022-09-04T16:40:22.194+0000][1][safepoint    ] Safepoint "Cleanup", Time since last: 1003658584 ns, Reaching safepoint: 1938333 ns, At safepoint: 44875 ns, Total: 1983208 ns
[2022-09-04T16:40:23.199+0000][1][safepoint    ] Safepoint "Cleanup", Time since last: 1003708834 ns, Reaching safepoint: 1493208 ns, At safepoint: 39000 ns, Total: 1532208 ns
[2022-09-04T16:40:24.203+0000][1][safepoint    ] Safepoint "Cleanup", Time since last: 1002888001 ns, Reaching safepoint: 1230417 ns, At safepoint: 30583 ns, Total: 1261000 ns
[2022-09-04T16:40:25.208+0000][1][safepoint    ] Safepoint "Cleanup", Time since last: 1002921959 ns, Reaching safepoint: 1917625 ns, At safepoint: 46041 ns, Total: 1963666 ns
[2022-09-04T16:40:26.215+0000][1][safepoint    ] Safepoint "Cleanup", Time since last: 1005380959 ns, Reaching safepoint: 956917 ns, At safepoint: 21208 ns, Total: 978125 ns
[2022-09-04T16:40:27.219+0000][1][safepoint    ] Safepoint "Cleanup", Time since last: 1001779251 ns, Reaching safepoint: 2274625 ns, At safepoint: 47291 ns, Total: 2321916 ns
[2022-09-04T16:40:28.223+0000][1][safepoint    ] Safepoint "Cleanup", Time since last: 1003764126 ns, Reaching safepoint: 888291 ns, At safepoint: 22459 ns, Total: 910750 ns
[2022-09-04T16:40:29.226+0000][1][safepoint    ] Safepoint "Cleanup", Time since last: 1002028667 ns, Reaching safepoint: 1038083 ns, At safepoint: 23625 ns, Total: 1061708 ns
[2022-09-04T16:40:30.232+0000][1][safepoint    ] Safepoint "Cleanup", Time since last: 1004434876 ns, Reaching safepoint: 1517291 ns, At safepoint: 36417 ns, Total: 1553708 ns
[2022-09-04T16:40:31.239+0000][1][safepoint    ] Safepoint "Cleanup", Time since last: 1002985709 ns, Reaching safepoint: 3732375 ns, At safepoint: 95500 ns, Total: 3827875 ns
[2022-09-04T16:40:32.248+0000][1][safepoint    ] Safepoint "Cleanup", Time since last: 1007190125 ns, Reaching safepoint: 1927000 ns, At safepoint: 62375 ns, Total: 1989375 ns
[2022-09-04T16:40:33.255+0000][1][safepoint    ] Safepoint "Cleanup", Time since last: 1004011876 ns, Reaching safepoint: 2554750 ns, At safepoint: 63791 ns, Total: 2618541 ns
[2022-09-04T16:40:34.260+0000][1][safepoint    ] Safepoint "Cleanup", Time since last: 1004924209 ns, Reaching safepoint: 988250 ns, At safepoint: 27792 ns, Total: 1016042 ns
[2022-09-04T16:40:35.264+0000][1][safepoint    ] Safepoint "Cleanup", Time since last: 1002014250 ns, Reaching safepoint: 1471750 ns, At safepoint: 39542 ns, Total: 1511292 ns
[2022-09-04T16:40:36.268+0000][1][safepoint    ] Safepoint "Cleanup", Time since last: 1003067375 ns, Reaching safepoint: 1383542 ns, At safepoint: 29542 ns, Total: 1413084 ns
[2022-09-04T16:40:37.272+0000][1][safepoint    ] Safepoint "Cleanup", Time since last: 1001927750 ns, Reaching safepoint: 1492083 ns, At safepoint: 33959 ns, Total: 1526042 ns
[2022-09-04T16:40:38.276+0000][1][safepoint    ] Safepoint "Cleanup", Time since last: 1003246125 ns, Reaching safepoint: 863292 ns, At safepoint: 22667 ns, Total: 885959 ns
[2022-09-04T16:40:39.282+0000][1][safepoint    ] Safepoint "Cleanup", Time since last: 1004399667 ns, Reaching safepoint: 1067083 ns, At safepoint: 25708 ns, Total: 1092791 ns
[2022-09-04T16:40:40.286+0000][1][safepoint    ] Safepoint "Cleanup", Time since last: 1003608001 ns, Reaching safepoint: 963250 ns, At safepoint: 28833 ns, Total: 992083 ns
[2022-09-04T16:40:41.291+0000][1][safepoint    ] Safepoint "Cleanup", Time since last: 1003388376 ns, Reaching safepoint: 1512958 ns, At safepoint: 47292 ns, Total: 1560250 ns
[2022-09-04T16:40:42.295+0000][1][safepoint    ] Safepoint "Cleanup", Time since last: 1002601750 ns, Reaching safepoint: 1349792 ns, At safepoint: 35750 ns, Total: 1385542 ns
[2022-09-04T16:40:43.299+0000][1][safepoint    ] Safepoint "Cleanup", Time since last: 1003000750 ns, Reaching safepoint: 865959 ns, At safepoint: 52000 ns, Total: 917959 ns
[2022-09-04T16:40:44.302+0000][1][safepoint    ] Safepoint "Cleanup", Time since last: 1001769167 ns, Reaching safepoint: 1015458 ns, At safepoint: 20667 ns, Total: 1036125 ns
[2022-09-04T16:40:45.437+0000][1][safepoint    ] Safepoint "Cleanup", Time since last: 1133162000 ns, Reaching safepoint: 2087500 ns, At safepoint: 46209 ns, Total: 2133709 ns
[2022-09-04T16:40:46.445+0000][1][safepoint    ] Safepoint "Cleanup", Time since last: 1004957875 ns, Reaching safepoint: 2734833 ns, At safepoint: 90042 ns, Total: 2824875 ns
[2022-09-04T16:40:47.452+0000][1][safepoint    ] Safepoint "Cleanup", Time since last: 1004442626 ns, Reaching safepoint: 2236250 ns, At safepoint: 44250 ns, Total: 2280500 ns
[2022-09-04T16:40:48.461+0000][1][safepoint    ] Safepoint "Cleanup", Time since last: 1008211875 ns, Reaching safepoint: 1064542 ns, At safepoint: 28041 ns, Total: 1092583 ns
[2022-09-04T16:40:49.467+0000][1][safepoint    ] Safepoint "Cleanup", Time since last: 1004000501 ns, Reaching safepoint: 1787083 ns, At safepoint: 61417 ns, Total: 1848500 ns
[2022-09-04T16:40:50.474+0000][1][safepoint    ] Safepoint "Cleanup", Time since last: 1002727500 ns, Reaching safepoint: 3945917 ns, At safepoint: 71167 ns, Total: 4017084 ns
[2022-09-04T16:40:51.481+0000][1][safepoint    ] Safepoint "Cleanup", Time since last: 1004421292 ns, Reaching safepoint: 2730542 ns, At safepoint: 64833 ns, Total: 2795375 ns
[2022-09-04T16:40:52.487+0000][1][safepoint    ] Safepoint "Cleanup", Time since last: 1002581625 ns, Reaching safepoint: 3080209 ns, At safepoint: 72333 ns, Total: 3152542 ns
[2022-09-04T16:40:53.493+0000][1][safepoint    ] Safepoint "Cleanup", Time since last: 1005367042 ns, Reaching safepoint: 1144167 ns, At safepoint: 32708 ns, Total: 1176875 ns
[2022-09-04T16:40:54.497+0000][1][safepoint    ] Safepoint "Cleanup", Time since last: 1002655126 ns, Reaching safepoint: 1083958 ns, At safepoint: 34667 ns, Total: 1118625 ns
[2022-09-04T16:40:55.501+0000][1][safepoint    ] Safepoint "Cleanup", Time since last: 1002319250 ns, Reaching safepoint: 2041208 ns, At safepoint: 100792 ns, Total: 2142000 ns
[2022-09-04T16:40:56.506+0000][1][safepoint    ] Safepoint "Cleanup", Time since last: 1003616167 ns, Reaching safepoint: 878375 ns, At safepoint: 20750 ns, Total: 899125 ns
[2022-09-04T16:40:57.514+0000][1][safepoint    ] Safepoint "Cleanup", Time since last: 1003235417 ns, Reaching safepoint: 4452875 ns, At safepoint: 131667 ns, Total: 4584542 ns
[2022-09-04T16:40:58.521+0000][1][safepoint    ] Safepoint "Cleanup", Time since last: 1006348542 ns, Reaching safepoint: 1008792 ns, At safepoint: 34333 ns, Total: 1043125 ns
[2022-09-04T16:40:59.529+0000][1][safepoint    ] Safepoint "Cleanup", Time since last: 1003926834 ns, Reaching safepoint: 3820792 ns, At safepoint: 134500 ns, Total: 3955292 ns
[2022-09-04T16:41:00.535+0000][1][safepoint    ] Safepoint "Cleanup", Time since last: 1004795667 ns, Reaching safepoint: 1229458 ns, At safepoint: 31125 ns, Total: 1260583 ns
[2022-09-04T16:41:01.541+0000][1][safepoint    ] Safepoint "Cleanup", Time since last: 1003185667 ns, Reaching safepoint: 3022125 ns, At safepoint: 212833 ns, Total: 3234958 ns
[2022-09-04T16:41:02.550+0000][1][safepoint    ] Safepoint "Cleanup", Time since last: 1004843459 ns, Reaching safepoint: 3849542 ns, At safepoint: 96833 ns, Total: 3946375 ns
[2022-09-04T16:41:03.566+0000][1][safepoint    ] Safepoint "Cleanup", Time since last: 1005860084 ns, Reaching safepoint: 7162500 ns, At safepoint: 406833 ns, Total: 7569333 ns
[2022-09-04T16:41:04.595+0000][1][safepoint    ] Safepoint "Cleanup", Time since last: 1024971292 ns, Reaching safepoint: 6255709 ns, At safepoint: 128666 ns, Total: 6384375 ns
[2022-09-04T16:41:05.603+0000][1][safepoint    ] Safepoint "Cleanup", Time since last: 1005939043 ns, Reaching safepoint: 2765583 ns, At safepoint: 55375 ns, Total: 2820958 ns
[2022-09-04T16:41:06.613+0000][1][safepoint    ] Safepoint "Cleanup", Time since last: 1006756042 ns, Reaching safepoint: 2476583 ns, At safepoint: 75750 ns, Total: 2552333 ns
[2022-09-04T16:41:07.623+0000][1][safepoint    ] Safepoint "Cleanup", Time since last: 1006853959 ns, Reaching safepoint: 3831959 ns, At safepoint: 168625 ns, Total: 4000584 ns
[2022-09-04T16:41:08.636+0000][1][safepoint    ] Safepoint "Cleanup", Time since last: 1010764542 ns, Reaching safepoint: 1702875 ns, At safepoint: 45583 ns, Total: 1748458 ns
[2022-09-04T16:41:09.642+0000][1][safepoint    ] Safepoint "Cleanup", Time since last: 1003662876 ns, Reaching safepoint: 2264541 ns, At safepoint: 47500 ns, Total: 2312041 ns
[2022-09-04T16:41:10.647+0000][1][safepoint    ] Safepoint "Cleanup", Time since last: 1003657084 ns, Reaching safepoint: 1727042 ns, At safepoint: 49583 ns, Total: 1776625 ns
[2022-09-04T16:41:11.654+0000][1][safepoint    ] Safepoint "Cleanup", Time since last: 1003261376 ns, Reaching safepoint: 3567333 ns, At safepoint: 94583 ns, Total: 3661916 ns
[2022-09-04T16:41:12.664+0000][1][safepoint    ] Safepoint "Cleanup", Time since last: 1006833334 ns, Reaching safepoint: 2454042 ns, At safepoint: 111833 ns, Total: 2565875 ns
[2022-09-04T16:41:13.670+0000][1][safepoint    ] Safepoint "Cleanup", Time since last: 1005611709 ns, Reaching safepoint: 892375 ns, At safepoint: 25041 ns, Total: 917416 ns
[2022-09-04T16:41:14.676+0000][1][safepoint    ] Safepoint "Cleanup", Time since last: 1001943334 ns, Reaching safepoint: 4106209 ns, At safepoint: 103541 ns, Total: 4209750 ns
[2022-09-04T16:41:15.685+0000][1][safepoint    ] Safepoint "Cleanup", Time since last: 1005774876 ns, Reaching safepoint: 2972958 ns, At safepoint: 77375 ns, Total: 3050333 ns
[2022-09-04T16:41:16.693+0000][1][safepoint    ] Safepoint "Cleanup", Time since last: 1004554834 ns, Reaching safepoint: 3223833 ns, At safepoint: 267000 ns, Total: 3490833 ns
[2022-09-04T16:41:17.701+0000][1][safepoint    ] Safepoint "Cleanup", Time since last: 1004538459 ns, Reaching safepoint: 2681750 ns, At safepoint: 70375 ns, Total: 2752125 ns
[2022-09-04T16:41:18.708+0000][1][safepoint    ] Safepoint "Cleanup", Time since last: 1004829042 ns, Reaching safepoint: 2749459 ns, At safepoint: 81083 ns, Total: 2830542 ns
[2022-09-04T16:41:19.716+0000][1][safepoint    ] Safepoint "Cleanup", Time since last: 1003912750 ns, Reaching safepoint: 3781250 ns, At safepoint: 120125 ns, Total: 3901375 ns
[2022-09-04T16:41:20.723+0000][1][safepoint    ] Safepoint "Cleanup", Time since last: 1004259793 ns, Reaching safepoint: 2361625 ns, At safepoint: 61750 ns, Total: 2423375 ns
[2022-09-04T16:41:21.733+0000][1][safepoint    ] Safepoint "Cleanup", Time since last: 1006278500 ns, Reaching safepoint: 3340792 ns, At safepoint: 180541 ns, Total: 3521333 ns
[2022-09-04T16:41:22.739+0000][1][safepoint    ] Safepoint "Cleanup", Time since last: 1004412584 ns, Reaching safepoint: 2412208 ns, At safepoint: 59042 ns, Total: 2471250 ns
[2022-09-04T16:41:23.747+0000][1][safepoint    ] Safepoint "Cleanup", Time since last: 1005096167 ns, Reaching safepoint: 2292084 ns, At safepoint: 117750 ns, Total: 2409834 ns
[2022-09-04T16:41:24.756+0000][1][safepoint    ] Safepoint "Cleanup", Time since last: 1006137917 ns, Reaching safepoint: 2929875 ns, At safepoint: 81416 ns, Total: 3011291 ns
[2022-09-04T16:41:25.761+0000][1][safepoint    ] Safepoint "Cleanup", Time since last: 1003307918 ns, Reaching safepoint: 1426208 ns, At safepoint: 171875 ns, Total: 1598083 ns
[2022-09-04T16:41:27.376+0000][1][safepoint    ] Safepoint "Cleanup", Time since last: 1614819292 ns, Reaching safepoint: 752375 ns, At safepoint: 20584 ns, Total: 772959 ns
[2022-09-04T16:41:28.379+0000][1][safepoint    ] Safepoint "Cleanup", Time since last: 1001693542 ns, Reaching safepoint: 900500 ns, At safepoint: 19458 ns, Total: 919958 ns
[2022-09-04T16:41:29.382+0000][1][safepoint    ] Safepoint "Cleanup", Time since last: 1002353709 ns, Reaching safepoint: 1026667 ns, At safepoint: 23791 ns, Total: 1050458 ns
[2022-09-04T16:41:30.387+0000][1][safepoint    ] Safepoint "Cleanup", Time since last: 1001999209 ns, Reaching safepoint: 2675667 ns, At safepoint: 63666 ns, Total: 2739333 ns
[2022-09-04T16:41:31.397+0000][1][safepoint    ] Safepoint "Cleanup", Time since last: 1006727542 ns, Reaching safepoint: 2736875 ns, At safepoint: 177584 ns, Total: 2914459 ns
[2022-09-04T16:41:32.410+0000][1][safepoint    ] Safepoint "Cleanup", Time since last: 1009473875 ns, Reaching safepoint: 3380583 ns, At safepoint: 131125 ns, Total: 3511708 ns
[2022-09-04T16:41:33.419+0000][1][safepoint    ] Safepoint "Cleanup", Time since last: 1007382668 ns, Reaching safepoint: 1374458 ns, At safepoint: 36792 ns, Total: 1411250 ns
[2022-09-04T16:41:34.423+0000][1][safepoint    ] Safepoint "Cleanup", Time since last: 1002853500 ns, Reaching safepoint: 790708 ns, At safepoint: 21584 ns, Total: 812292 ns
[2022-09-04T16:41:35.427+0000][1][safepoint    ] Safepoint "Cleanup", Time since last: 1003168459 ns, Reaching safepoint: 1131291 ns, At safepoint: 28834 ns, Total: 1160125 ns
[2022-09-04T16:41:36.430+0000][1][safepoint    ] Safepoint "Cleanup", Time since last: 1002042833 ns, Reaching safepoint: 950417 ns, At safepoint: 25542 ns, Total: 975959 ns
[2022-09-04T16:41:37.433+0000][1][safepoint    ] Safepoint "Cleanup", Time since last: 1002289292 ns, Reaching safepoint: 762375 ns, At safepoint: 161250 ns, Total: 923625 ns
[2022-09-04T16:41:38.436+0000][1][safepoint    ] Safepoint "Cleanup", Time since last: 1002162792 ns, Reaching safepoint: 913292 ns, At safepoint: 24916 ns, Total: 938208 ns
[2022-09-04T16:41:39.443+0000][1][safepoint    ] Safepoint "Cleanup", Time since last: 1006036542 ns, Reaching safepoint: 879167 ns, At safepoint: 23375 ns, Total: 902542 ns
[2022-09-04T16:41:40.448+0000][1][safepoint    ] Safepoint "Cleanup", Time since last: 1004075209 ns, Reaching safepoint: 998250 ns, At safepoint: 25417 ns, Total: 1023667 ns
[2022-09-04T16:41:41.456+0000][1][safepoint    ] Safepoint "Cleanup", Time since last: 1004678708 ns, Reaching safepoint: 2698125 ns, At safepoint: 65125 ns, Total: 2763250 ns
[2022-09-04T16:41:42.465+0000][1][safepoint    ] Safepoint "Cleanup", Time since last: 1005697501 ns, Reaching safepoint: 3223000 ns, At safepoint: 96833 ns, Total: 3319833 ns
[2022-09-04T16:41:43.475+0000][1][safepoint    ] Safepoint "Cleanup", Time since last: 1009119167 ns, Reaching safepoint: 798667 ns, At safepoint: 21958 ns, Total: 820625 ns
[2022-09-04T16:41:44.479+0000][1][safepoint    ] Safepoint "Cleanup", Time since last: 1003078251 ns, Reaching safepoint: 1537292 ns, At safepoint: 40541 ns, Total: 1577833 ns
[2022-09-04T16:41:45.486+0000][1][safepoint    ] Safepoint "Cleanup", Time since last: 1004831834 ns, Reaching safepoint: 1663750 ns, At safepoint: 81417 ns, Total: 1745167 ns
[2022-09-04T16:41:46.491+0000][1][safepoint    ] Safepoint "Cleanup", Time since last: 1003127792 ns, Reaching safepoint: 1573250 ns, At safepoint: 44333 ns, Total: 1617583 ns
[2022-09-04T16:41:47.497+0000][1][safepoint    ] Safepoint "Cleanup", Time since last: 1003183251 ns, Reaching safepoint: 3013708 ns, At safepoint: 49083 ns, Total: 3062791 ns
[2022-09-04T16:41:48.501+0000][1][safepoint    ] Safepoint "Cleanup", Time since last: 1003580751 ns, Reaching safepoint: 797791 ns, At safepoint: 22417 ns, Total: 820208 ns
[2022-09-04T16:41:49.505+0000][1][safepoint    ] Safepoint "Cleanup", Time since last: 1002882709 ns, Reaching safepoint: 770250 ns, At safepoint: 23917 ns, Total: 794167 ns
[2022-09-04T16:41:50.511+0000][1][safepoint    ] Safepoint "Cleanup", Time since last: 1003381417 ns, Reaching safepoint: 2118250 ns, At safepoint: 44291 ns, Total: 2162541 ns
[2022-09-04T16:41:51.519+0000][1][safepoint    ] Safepoint "Cleanup", Time since last: 1003722793 ns, Reaching safepoint: 4234833 ns, At safepoint: 193417 ns, Total: 4428250 ns
[2022-09-04T16:41:52.527+0000][1][safepoint    ] Safepoint "Cleanup", Time since last: 1004132417 ns, Reaching safepoint: 3574000 ns, At safepoint: 98916 ns, Total: 3672916 ns
[2022-09-04T16:41:53.533+0000][1][safepoint    ] Safepoint "Cleanup", Time since last: 1005227084 ns, Reaching safepoint: 815667 ns, At safepoint: 38458 ns, Total: 854125 ns
[2022-09-04T16:41:54.536+0000][1][safepoint    ] Safepoint "Cleanup", Time since last: 1001811959 ns, Reaching safepoint: 1743208 ns, At safepoint: 54584 ns, Total: 1797792 ns
[2022-09-04T16:41:55.541+0000][1][safepoint    ] Safepoint "Cleanup", Time since last: 1003461667 ns, Reaching safepoint: 1115541 ns, At safepoint: 30250 ns, Total: 1145791 ns
[2022-09-04T16:41:56.545+0000][1][safepoint    ] Safepoint "Cleanup", Time since last: 1003557376 ns, Reaching safepoint: 1049167 ns, At safepoint: 20958 ns, Total: 1070125 ns
[2022-09-04T16:41:57.548+0000][1][safepoint    ] Safepoint "Cleanup", Time since last: 1001838459 ns, Reaching safepoint: 866958 ns, At safepoint: 28208 ns, Total: 895166 ns
[2022-09-04T16:41:58.551+0000][1][safepoint    ] Safepoint "Cleanup", Time since last: 1001446084 ns, Reaching safepoint: 934625 ns, At safepoint: 25417 ns, Total: 960042 ns
[2022-09-04T16:41:59.554+0000][1][safepoint    ] Safepoint "Cleanup", Time since last: 1002097875 ns, Reaching safepoint: 1336709 ns, At safepoint: 74916 ns, Total: 1411625 ns
[2022-09-04T16:42:00.558+0000][1][safepoint    ] Safepoint "Cleanup", Time since last: 1002333001 ns, Reaching safepoint: 2038250 ns, At safepoint: 67875 ns, Total: 2106125 ns
[2022-09-04T16:42:01.566+0000][1][safepoint    ] Safepoint "Cleanup", Time since last: 1004932000 ns, Reaching safepoint: 2807708 ns, At safepoint: 72875 ns, Total: 2880583 ns
[2022-09-04T16:42:02.574+0000][1][safepoint    ] Safepoint "Cleanup", Time since last: 1005210126 ns, Reaching safepoint: 2363917 ns, At safepoint: 69666 ns, Total: 2433583 ns
[2022-09-04T16:42:03.580+0000][1][safepoint    ] Safepoint "Cleanup", Time since last: 1005315167 ns, Reaching safepoint: 1233000 ns, At safepoint: 39750 ns, Total: 1272750 ns
[2022-09-04T16:42:04.587+0000][1][safepoint    ] Safepoint "Cleanup", Time since last: 1004766376 ns, Reaching safepoint: 1888458 ns, At safepoint: 54667 ns, Total: 1943125 ns
[2022-09-04T16:42:05.593+0000][1][safepoint    ] Safepoint "Cleanup", Time since last: 1003172709 ns, Reaching safepoint: 2405500 ns, At safepoint: 58583 ns, Total: 2464083 ns
[2022-09-04T16:42:06.600+0000][1][safepoint    ] Safepoint "Cleanup", Time since last: 1003800584 ns, Reaching safepoint: 3504291 ns, At safepoint: 90417 ns, Total: 3594708 ns
[2022-09-04T16:42:07.606+0000][1][safepoint    ] Safepoint "Cleanup", Time since last: 1004357834 ns, Reaching safepoint: 1250667 ns, At safepoint: 39125 ns, Total: 1289792 ns
[2022-09-04T16:42:08.609+0000][1][safepoint    ] Safepoint "Cleanup", Time since last: 1002232167 ns, Reaching safepoint: 1171791 ns, At safepoint: 28875 ns, Total: 1200666 ns
[2022-09-04T16:42:09.613+0000][1][safepoint    ] Safepoint "Cleanup", Time since last: 1002499918 ns, Reaching safepoint: 1193416 ns, At safepoint: 27959 ns, Total: 1221375 ns
[2022-09-04T16:42:10.622+0000][1][safepoint    ] Safepoint "Cleanup", Time since last: 1006089833 ns, Reaching safepoint: 2656959 ns, At safepoint: 64208 ns, Total: 2721167 ns
[2022-09-04T16:42:11.629+0000][1][safepoint    ] Safepoint "Cleanup", Time since last: 1003835084 ns, Reaching safepoint: 3130208 ns, At safepoint: 77084 ns, Total: 3207292 ns
[2022-09-04T16:42:12.634+0000][1][safepoint    ] Safepoint "Cleanup", Time since last: 1003833667 ns, Reaching safepoint: 1225416 ns, At safepoint: 95417 ns, Total: 1320833 ns
[2022-09-04T16:42:13.639+0000][1][safepoint    ] Safepoint "Cleanup", Time since last: 1003765917 ns, Reaching safepoint: 870292 ns, At safepoint: 22375 ns, Total: 892667 ns
[2022-09-04T16:42:14.642+0000][1][safepoint    ] Safepoint "Cleanup", Time since last: 1002612584 ns, Reaching safepoint: 1242250 ns, At safepoint: 27166 ns, Total: 1269416 ns
[2022-09-04T16:42:15.645+0000][1][safepoint    ] Safepoint "Cleanup", Time since last: 1001946501 ns, Reaching safepoint: 1062291 ns, At safepoint: 25250 ns, Total: 1087541 ns
[2022-09-04T16:42:16.649+0000][1][safepoint    ] Safepoint "Cleanup", Time since last: 1002174668 ns, Reaching safepoint: 1579666 ns, At safepoint: 37125 ns, Total: 1616791 ns
[2022-09-04T16:42:17.654+0000][1][safepoint    ] Safepoint "Cleanup", Time since last: 1002506001 ns, Reaching safepoint: 1733791 ns, At safepoint: 63792 ns, Total: 1797583 ns
[2022-09-04T16:42:18.663+0000][1][safepoint    ] Safepoint "Cleanup", Time since last: 1008312251 ns, Reaching safepoint: 1348375 ns, At safepoint: 38583 ns, Total: 1386958 ns
[2022-09-04T16:42:19.671+0000][1][safepoint    ] Safepoint "Cleanup", Time since last: 1006179959 ns, Reaching safepoint: 1986875 ns, At safepoint: 53833 ns, Total: 2040708 ns
[2022-09-04T16:42:20.678+0000][1][safepoint    ] Safepoint "Cleanup", Time since last: 1004117417 ns, Reaching safepoint: 2117167 ns, At safepoint: 60833 ns, Total: 2178000 ns
[2022-09-04T16:42:21.684+0000][1][safepoint    ] Safepoint "Cleanup", Time since last: 1004011251 ns, Reaching safepoint: 1932791 ns, At safepoint: 68459 ns, Total: 2001250 ns
[2022-09-04T16:42:22.690+0000][1][safepoint    ] Safepoint "Cleanup", Time since last: 1004370125 ns, Reaching safepoint: 1912833 ns, At safepoint: 113500 ns, Total: 2026333 ns
[2022-09-04T16:42:23.695+0000][1][safepoint    ] Safepoint "Cleanup", Time since last: 1003221334 ns, Reaching safepoint: 1295959 ns, At safepoint: 35750 ns, Total: 1331709 ns
[2022-09-04T16:42:24.700+0000][1][safepoint    ] Safepoint "Cleanup", Time since last: 1003685375 ns, Reaching safepoint: 1191333 ns, At safepoint: 29667 ns, Total: 1221000 ns
[2022-09-04T16:42:25.703+0000][1][safepoint    ] Safepoint "Cleanup", Time since last: 1001921251 ns, Reaching safepoint: 1516625 ns, At safepoint: 40125 ns, Total: 1556750 ns
[2022-09-04T16:42:27.211+0000][1][safepoint    ] Safepoint "RevokeBias", Time since last: 1504509417 ns, Reaching safepoint: 1573042 ns, At safepoint: 1349333 ns, Total: 2922375 ns
[2022-09-04T16:42:27.223+0000][1][safepoint    ] Safepoint "RevokeBias", Time since last: 10859042 ns, Reaching safepoint: 722833 ns, At safepoint: 589917 ns, Total: 1312750 ns
[2022-09-04T16:42:27.452+0000][1][safepoint    ] Safepoint "RevokeBias", Time since last: 228367791 ns, Reaching safepoint: 979167 ns, At safepoint: 103792 ns, Total: 1082959 ns
[2022-09-04T16:42:27.524+0000][1][safepoint    ] Safepoint "RevokeBias", Time since last: 70535791 ns, Reaching safepoint: 1325375 ns, At safepoint: 420542 ns, Total: 1745917 ns
[2022-09-04T16:42:28.527+0000][1][safepoint    ] Safepoint "Cleanup", Time since last: 1001746834 ns, Reaching safepoint: 1235000 ns, At safepoint: 30583 ns, Total: 1265583 ns
[2022-09-04T16:42:29.533+0000][1][safepoint    ] Safepoint "Cleanup", Time since last: 1003177334 ns, Reaching safepoint: 1901417 ns, At safepoint: 94041 ns, Total: 1995458 ns
[2022-09-04T16:42:30.537+0000][1][safepoint    ] Safepoint "Cleanup", Time since last: 1003561376 ns, Reaching safepoint: 1281542 ns, At safepoint: 31083 ns, Total: 1312625 ns
[2022-09-04T16:42:31.543+0000][1][safepoint    ] Safepoint "Cleanup", Time since last: 1003661874 ns, Reaching safepoint: 2369834 ns, At safepoint: 82375 ns, Total: 2452209 ns
[2022-09-04T16:42:32.550+0000][1][safepoint    ] Safepoint "Cleanup", Time since last: 1003169917 ns, Reaching safepoint: 3901167 ns, At safepoint: 89041 ns, Total: 3990208 ns
[2022-09-04T16:42:33.558+0000][1][safepoint    ] Safepoint "Cleanup", Time since last: 1005636376 ns, Reaching safepoint: 2350708 ns, At safepoint: 117708 ns, Total: 2468416 ns
[2022-09-04T16:42:34.567+0000][1][safepoint    ] Safepoint "Cleanup", Time since last: 1004742501 ns, Reaching safepoint: 3893958 ns, At safepoint: 95833 ns, Total: 3989791 ns
[2022-09-04T16:42:35.574+0000][1][safepoint    ] Safepoint "Cleanup", Time since last: 1006394459 ns, Reaching safepoint: 981042 ns, At safepoint: 26333 ns, Total: 1007375 ns
[2022-09-04T16:42:36.580+0000][1][safepoint    ] Safepoint "Cleanup", Time since last: 1002769001 ns, Reaching safepoint: 2844625 ns, At safepoint: 141833 ns, Total: 2986458 ns
[2022-09-04T16:42:37.586+0000][1][safepoint    ] Safepoint "Cleanup", Time since last: 1004248501 ns, Reaching safepoint: 1068916 ns, At safepoint: 28917 ns, Total: 1097833 ns
[2022-09-04T16:42:38.183+0000][1][safepoint    ] Safepoint "RevokeBias", Time since last: 595615125 ns, Reaching safepoint: 1170417 ns, At safepoint: 213750 ns, Total: 1384167 ns
[2022-09-04T16:42:38.206+0000][1][safepoint    ] Safepoint "RevokeBias", Time since last: 22165042 ns, Reaching safepoint: 1198916 ns, At safepoint: 129500 ns, Total: 1328416 ns
[2022-09-04T16:42:39.210+0000][1][safepoint    ] Safepoint "Cleanup", Time since last: 1002773542 ns, Reaching safepoint: 1451792 ns, At safepoint: 32417 ns, Total: 1484209 ns
[2022-09-04T16:42:40.215+0000][1][safepoint    ] Safepoint "Cleanup", Time since last: 1003147583 ns, Reaching safepoint: 1308875 ns, At safepoint: 29125 ns, Total: 1338000 ns
[2022-09-04T16:42:41.222+0000][1][safepoint    ] Safepoint "Cleanup", Time since last: 1004184793 ns, Reaching safepoint: 2582208 ns, At safepoint: 72042 ns, Total: 2654250 ns
[2022-09-04T16:42:42.231+0000][1][safepoint    ] Safepoint "Cleanup", Time since last: 1006335792 ns, Reaching safepoint: 2926083 ns, At safepoint: 72167 ns, Total: 2998250 ns
[2022-09-04T16:42:43.239+0000][1][safepoint    ] Safepoint "Cleanup", Time since last: 1006104750 ns, Reaching safepoint: 2292542 ns, At safepoint: 48750 ns, Total: 2341292 ns
[2022-09-04T16:42:44.244+0000][1][safepoint    ] Safepoint "Cleanup", Time since last: 1003696917 ns, Reaching safepoint: 892792 ns, At safepoint: 31375 ns, Total: 924167 ns
[2022-09-04T16:42:45.249+0000][1][safepoint    ] Safepoint "Cleanup", Time since last: 1002098625 ns, Reaching safepoint: 2945875 ns, At safepoint: 74250 ns, Total: 3020125 ns
[2022-09-04T16:42:46.254+0000][1][safepoint    ] Safepoint "Cleanup", Time since last: 1003499792 ns, Reaching safepoint: 884875 ns, At safepoint: 25209 ns, Total: 910084 ns
[2022-09-04T16:42:47.258+0000][1][safepoint    ] Safepoint "Cleanup", Time since last: 1003011292 ns, Reaching safepoint: 1482292 ns, At safepoint: 40791 ns, Total: 1523083 ns
[2022-09-04T16:42:48.265+0000][1][safepoint    ] Safepoint "Cleanup", Time since last: 1005455876 ns, Reaching safepoint: 1039791 ns, At safepoint: 23792 ns, Total: 1063583 ns
[2022-09-04T16:42:49.268+0000][1][safepoint    ] Safepoint "Cleanup", Time since last: 1001989542 ns, Reaching safepoint: 1096833 ns, At safepoint: 29584 ns, Total: 1126417 ns
[2022-09-04T16:42:50.271+0000][1][safepoint    ] Safepoint "Cleanup", Time since last: 1002209709 ns, Reaching safepoint: 887625 ns, At safepoint: 23000 ns, Total: 910625 ns
[2022-09-04T16:42:51.274+0000][1][safepoint    ] Safepoint "Cleanup", Time since last: 1001853000 ns, Reaching safepoint: 1173583 ns, At safepoint: 33584 ns, Total: 1207167 ns
[2022-09-04T16:42:52.277+0000][1][safepoint    ] Safepoint "Cleanup", Time since last: 1002221084 ns, Reaching safepoint: 1144708 ns, At safepoint: 25708 ns, Total: 1170416 ns
[2022-09-04T16:42:53.280+0000][1][safepoint    ] Safepoint "Cleanup", Time since last: 1001802417 ns, Reaching safepoint: 910542 ns, At safepoint: 22667 ns, Total: 933209 ns
[2022-09-04T16:42:54.284+0000][1][safepoint    ] Safepoint "Cleanup", Time since last: 1002517792 ns, Reaching safepoint: 1067833 ns, At safepoint: 47500 ns, Total: 1115333 ns
[2022-09-04T16:42:55.289+0000][1][safepoint    ] Safepoint "Cleanup", Time since last: 1003493167 ns, Reaching safepoint: 2193917 ns, At safepoint: 50500 ns, Total: 2244417 ns
[2022-09-04T16:42:56.295+0000][1][safepoint    ] Safepoint "Cleanup", Time since last: 1004439500 ns, Reaching safepoint: 908709 ns, At safepoint: 21791 ns, Total: 930500 ns
[2022-09-04T16:42:57.436+0000][1][safepoint    ] Safepoint "Cleanup", Time since last: 1137557793 ns, Reaching safepoint: 3384208 ns, At safepoint: 83083 ns, Total: 3467291 ns
[2022-09-04T16:42:58.445+0000][1][safepoint    ] Safepoint "Cleanup", Time since last: 1007507709 ns, Reaching safepoint: 1465625 ns, At safepoint: 38209 ns, Total: 1503834 ns
[2022-09-04T16:42:59.452+0000][1][safepoint    ] Safepoint "Cleanup", Time since last: 1003677250 ns, Reaching safepoint: 2930208 ns, At safepoint: 80167 ns, Total: 3010375 ns
[2022-09-04T16:43:00.464+0000][1][safepoint    ] Safepoint "Cleanup", Time since last: 1007830500 ns, Reaching safepoint: 4253875 ns, At safepoint: 374792 ns, Total: 4628667 ns
[2022-09-04T16:43:01.476+0000][1][safepoint    ] Safepoint "Cleanup", Time since last: 1009156167 ns, Reaching safepoint: 3788792 ns, At safepoint: 105458 ns, Total: 3894250 ns
[2022-09-04T16:43:02.487+0000][1][safepoint    ] Safepoint "Cleanup", Time since last: 1008114292 ns, Reaching safepoint: 2586542 ns, At safepoint: 56208 ns, Total: 2642750 ns
[2022-09-04T16:43:03.492+0000][1][safepoint    ] Safepoint "Cleanup", Time since last: 1003258042 ns, Reaching safepoint: 1307459 ns, At safepoint: 32000 ns, Total: 1339459 ns
[2022-09-04T16:43:04.495+0000][1][safepoint    ] Safepoint "Cleanup", Time since last: 1002349750 ns, Reaching safepoint: 981292 ns, At safepoint: 25916 ns, Total: 1007208 ns
[2022-09-04T16:43:05.500+0000][1][safepoint    ] Safepoint "Cleanup", Time since last: 1002647293 ns, Reaching safepoint: 2179250 ns, At safepoint: 49458 ns, Total: 2228708 ns
[2022-09-04T16:43:06.505+0000][1][safepoint    ] Safepoint "Cleanup", Time since last: 1003051625 ns, Reaching safepoint: 1957667 ns, At safepoint: 64542 ns, Total: 2022209 ns
[2022-09-04T16:43:07.511+0000][1][safepoint    ] Safepoint "Cleanup", Time since last: 1004299084 ns, Reaching safepoint: 1838041 ns, At safepoint: 44167 ns, Total: 1882208 ns
[2022-09-04T16:43:08.517+0000][1][safepoint    ] Safepoint "Cleanup", Time since last: 1004581334 ns, Reaching safepoint: 1167791 ns, At safepoint: 25792 ns, Total: 1193583 ns
[2022-09-04T16:43:09.524+0000][1][safepoint    ] Safepoint "Cleanup", Time since last: 1003408417 ns, Reaching safepoint: 3417375 ns, At safepoint: 90709 ns, Total: 3508084 ns
[2022-09-04T16:43:10.533+0000][1][safepoint    ] Safepoint "Cleanup", Time since last: 1006566583 ns, Reaching safepoint: 2320292 ns, At safepoint: 73375 ns, Total: 2393667 ns
[2022-09-04T16:43:11.211+0000][1][safepoint    ] Safepoint "RevokeBias", Time since last: 676935875 ns, Reaching safepoint: 862375 ns, At safepoint: 151292 ns, Total: 1013667 ns
[2022-09-04T16:43:11.217+0000][1][safepoint    ] Safepoint "RevokeBias", Time since last: 5181583 ns, Reaching safepoint: 436250 ns, At safepoint: 99625 ns, Total: 535875 ns
[2022-09-04T16:43:11.331+0000][1][safepoint    ] Safepoint "RevokeBias", Time since last: 113666042 ns, Reaching safepoint: 771750 ns, At safepoint: 114333 ns, Total: 886083 ns
[2022-09-04T16:43:11.408+0000][1][safepoint    ] Safepoint "RevokeBias", Time since last: 75435125 ns, Reaching safepoint: 1271417 ns, At safepoint: 111000 ns, Total: 1382417 ns
[2022-09-04T16:43:12.413+0000][1][safepoint    ] Safepoint "Cleanup", Time since last: 1003314584 ns, Reaching safepoint: 1999875 ns, At safepoint: 70792 ns, Total: 2070667 ns
[2022-09-04T16:43:13.420+0000][1][safepoint    ] Safepoint "Cleanup", Time since last: 1004938583 ns, Reaching safepoint: 1469500 ns, At safepoint: 54750 ns, Total: 1524250 ns
[2022-09-04T16:43:14.426+0000][1][safepoint    ] Safepoint "Cleanup", Time since last: 1004958418 ns, Reaching safepoint: 1099083 ns, At safepoint: 38208 ns, Total: 1137291 ns
[2022-09-04T16:43:15.432+0000][1][safepoint    ] Safepoint "Cleanup", Time since last: 1002709959 ns, Reaching safepoint: 2955250 ns, At safepoint: 241792 ns, Total: 3197042 ns
[2022-09-04T16:43:16.439+0000][1][safepoint    ] Safepoint "Cleanup", Time since last: 1005666083 ns, Reaching safepoint: 1042167 ns, At safepoint: 27792 ns, Total: 1069959 ns
[2022-09-04T16:43:17.445+0000][1][safepoint    ] Safepoint "Cleanup", Time since last: 1003714917 ns, Reaching safepoint: 2935250 ns, At safepoint: 85792 ns, Total: 3021042 ns
[2022-09-04T16:43:18.451+0000][1][safepoint    ] Safepoint "Cleanup", Time since last: 1004441167 ns, Reaching safepoint: 1162750 ns, At safepoint: 31000 ns, Total: 1193750 ns
[2022-09-04T16:43:19.457+0000][1][safepoint    ] Safepoint "Cleanup", Time since last: 1004675959 ns, Reaching safepoint: 1520250 ns, At safepoint: 39166 ns, Total: 1559416 ns
[2022-09-04T16:43:20.462+0000][1][safepoint    ] Safepoint "Cleanup", Time since last: 1002649167 ns, Reaching safepoint: 2241542 ns, At safepoint: 63125 ns, Total: 2304667 ns
[2022-09-04T16:43:21.472+0000][1][safepoint    ] Safepoint "Cleanup", Time since last: 1007036584 ns, Reaching safepoint: 2846458 ns, At safepoint: 71584 ns, Total: 2918042 ns
[2022-09-04T16:43:22.481+0000][1][safepoint    ] Safepoint "Cleanup", Time since last: 1005051917 ns, Reaching safepoint: 3922208 ns, At safepoint: 143333 ns, Total: 4065541 ns
[2022-09-04T16:43:23.498+0000][1][safepoint    ] Safepoint "Cleanup", Time since last: 1012304251 ns, Reaching safepoint: 3935958 ns, At safepoint: 92708 ns, Total: 4028666 ns
[2022-09-04T16:43:24.507+0000][1][safepoint    ] Safepoint "Cleanup", Time since last: 1005932584 ns, Reaching safepoint: 3008042 ns, At safepoint: 106042 ns, Total: 3114084 ns
[2022-09-04T16:43:25.517+0000][1][safepoint    ] Safepoint "Cleanup", Time since last: 1006528750 ns, Reaching safepoint: 3468917 ns, At safepoint: 128291 ns, Total: 3597208 ns
[2022-09-04T16:43:26.524+0000][1][safepoint    ] Safepoint "Cleanup", Time since last: 1004835043 ns, Reaching safepoint: 2351291 ns, At safepoint: 83459 ns, Total: 2434750 ns
[2022-09-04T16:43:27.533+0000][1][safepoint    ] Safepoint "Cleanup", Time since last: 1007565292 ns, Reaching safepoint: 1126333 ns, At safepoint: 43042 ns, Total: 1169375 ns
[2022-09-04T16:43:28.542+0000][1][safepoint    ] Safepoint "Cleanup", Time since last: 1006485125 ns, Reaching safepoint: 2293959 ns, At safepoint: 66166 ns, Total: 2360125 ns
[2022-09-04T16:43:29.547+0000][1][safepoint    ] Safepoint "Cleanup", Time since last: 1003684042 ns, Reaching safepoint: 1583250 ns, At safepoint: 41417 ns, Total: 1624667 ns
[2022-09-04T16:43:30.552+0000][1][safepoint    ] Safepoint "Cleanup", Time since last: 1004193917 ns, Reaching safepoint: 949542 ns, At safepoint: 28042 ns, Total: 977584 ns
[2022-09-04T16:43:31.557+0000][1][safepoint    ] Safepoint "Cleanup", Time since last: 1002307999 ns, Reaching safepoint: 2900958 ns, At safepoint: 90042 ns, Total: 2991000 ns
[2022-09-04T16:43:32.569+0000][1][safepoint    ] Safepoint "Cleanup", Time since last: 1007505792 ns, Reaching safepoint: 3563459 ns, At safepoint: 89666 ns, Total: 3653125 ns
[2022-09-04T16:43:33.578+0000][1][safepoint    ] Safepoint "Cleanup", Time since last: 1005240542 ns, Reaching safepoint: 3628084 ns, At safepoint: 105625 ns, Total: 3733709 ns
[2022-09-04T16:43:34.587+0000][1][safepoint    ] Safepoint "Cleanup", Time since last: 1005316583 ns, Reaching safepoint: 3820625 ns, At safepoint: 160709 ns, Total: 3981334 ns
[2022-09-04T16:43:35.597+0000][1][safepoint    ] Safepoint "Cleanup", Time since last: 1005824167 ns, Reaching safepoint: 3768333 ns, At safepoint: 104334 ns, Total: 3872667 ns
[2022-09-04T16:43:36.603+0000][1][safepoint    ] Safepoint "Cleanup", Time since last: 1004460750 ns, Reaching safepoint: 2350917 ns, At safepoint: 57375 ns, Total: 2408292 ns
[2022-09-04T16:43:37.610+0000][1][safepoint    ] Safepoint "Cleanup", Time since last: 1005157250 ns, Reaching safepoint: 1608875 ns, At safepoint: 158584 ns, Total: 1767459 ns
[2022-09-04T16:43:38.617+0000][1][safepoint    ] Safepoint "Cleanup", Time since last: 1004705667 ns, Reaching safepoint: 1632375 ns, At safepoint: 37625 ns, Total: 1670000 ns
[2022-09-04T16:43:39.623+0000][1][safepoint    ] Safepoint "Cleanup", Time since last: 1004665042 ns, Reaching safepoint: 1676625 ns, At safepoint: 42875 ns, Total: 1719500 ns
[2022-09-04T16:43:40.627+0000][1][safepoint    ] Safepoint "Cleanup", Time since last: 1002949084 ns, Reaching safepoint: 1093083 ns, At safepoint: 23958 ns, Total: 1117041 ns
[2022-09-04T16:43:41.632+0000][1][safepoint    ] Safepoint "Cleanup", Time since last: 1003327001 ns, Reaching safepoint: 1323875 ns, At safepoint: 31333 ns, Total: 1355208 ns
[2022-09-04T16:43:42.637+0000][1][safepoint    ] Safepoint "Cleanup", Time since last: 1001901126 ns, Reaching safepoint: 2730208 ns, At safepoint: 52667 ns, Total: 2782875 ns
[2022-09-04T16:43:43.645+0000][1][safepoint    ] Safepoint "Cleanup", Time since last: 1005701458 ns, Reaching safepoint: 2885292 ns, At safepoint: 74833 ns, Total: 2960125 ns
[2022-09-04T16:43:44.655+0000][1][safepoint    ] Safepoint "Cleanup", Time since last: 1005414043 ns, Reaching safepoint: 3958208 ns, At safepoint: 85917 ns, Total: 4044125 ns
[2022-09-04T16:43:45.662+0000][1][safepoint    ] Safepoint "Cleanup", Time since last: 1003708708 ns, Reaching safepoint: 3159125 ns, At safepoint: 85834 ns, Total: 3244959 ns
[2022-09-04T16:43:46.671+0000][1][safepoint    ] Safepoint "Cleanup", Time since last: 1007456375 ns, Reaching safepoint: 1795709 ns, At safepoint: 45333 ns, Total: 1841042 ns
[2022-09-04T16:43:47.679+0000][1][safepoint    ] Safepoint "Cleanup", Time since last: 1005093542 ns, Reaching safepoint: 2644083 ns, At safepoint: 69292 ns, Total: 2713375 ns
[2022-09-04T16:43:48.687+0000][1][safepoint    ] Safepoint "Cleanup", Time since last: 1004291917 ns, Reaching safepoint: 3684584 ns, At safepoint: 197375 ns, Total: 3881959 ns
[2022-09-04T16:43:49.697+0000][1][safepoint    ] Safepoint "Cleanup", Time since last: 1005617667 ns, Reaching safepoint: 3236083 ns, At safepoint: 841542 ns, Total: 4077625 ns
[2022-09-04T16:43:50.702+0000][1][safepoint    ] Safepoint "Cleanup", Time since last: 1003670125 ns, Reaching safepoint: 1722167 ns, At safepoint: 42583 ns, Total: 1764750 ns
[2022-09-04T16:43:51.707+0000][1][safepoint    ] Safepoint "Cleanup", Time since last: 1003413792 ns, Reaching safepoint: 1173542 ns, At safepoint: 31042 ns, Total: 1204584 ns
[2022-09-04T16:43:52.710+0000][1][safepoint    ] Safepoint "Cleanup", Time since last: 1002385667 ns, Reaching safepoint: 830625 ns, At safepoint: 21708 ns, Total: 852333 ns
[2022-09-04T16:43:53.714+0000][1][safepoint    ] Safepoint "Cleanup", Time since last: 1002867626 ns, Reaching safepoint: 1338041 ns, At safepoint: 25375 ns, Total: 1363416 ns
[2022-09-04T16:43:54.717+0000][1][safepoint    ] Safepoint "Cleanup", Time since last: 1002306542 ns, Reaching safepoint: 1061584 ns, At safepoint: 27333 ns, Total: 1088917 ns
[2022-09-04T16:43:55.723+0000][1][safepoint    ] Safepoint "Cleanup", Time since last: 1004414209 ns, Reaching safepoint: 1555625 ns, At safepoint: 26500 ns, Total: 1582125 ns
[2022-09-04T16:43:57.599+0000][1][safepoint    ] Safepoint "Cleanup", Time since last: 1872253834 ns, Reaching safepoint: 3516375 ns, At safepoint: 101625 ns, Total: 3618000 ns
[2022-09-04T16:43:58.609+0000][1][safepoint    ] Safepoint "Cleanup", Time since last: 1006367959 ns, Reaching safepoint: 2911083 ns, At safepoint: 78292 ns, Total: 2989375 ns
[2022-09-04T16:43:59.615+0000][1][safepoint    ] Safepoint "Cleanup", Time since last: 1005248875 ns, Reaching safepoint: 1426750 ns, At safepoint: 37625 ns, Total: 1464375 ns
[2022-09-04T16:44:00.623+0000][1][safepoint    ] Safepoint "Cleanup", Time since last: 1006002543 ns, Reaching safepoint: 1660625 ns, At safepoint: 40208 ns, Total: 1700833 ns
[2022-09-04T16:44:01.628+0000][1][safepoint    ] Safepoint "Cleanup", Time since last: 1002870833 ns, Reaching safepoint: 2907875 ns, At safepoint: 69042 ns, Total: 2976917 ns
[2022-09-04T16:44:02.633+0000][1][safepoint    ] Safepoint "Cleanup", Time since last: 1003985542 ns, Reaching safepoint: 988667 ns, At safepoint: 34333 ns, Total: 1023000 ns
[2022-09-04T16:44:03.640+0000][1][safepoint    ] Safepoint "Cleanup", Time since last: 1004075000 ns, Reaching safepoint: 2515125 ns, At safepoint: 101417 ns, Total: 2616542 ns
[2022-09-04T16:44:04.648+0000][1][safepoint    ] Safepoint "Cleanup", Time since last: 1004044334 ns, Reaching safepoint: 3184708 ns, At safepoint: 97792 ns, Total: 3282500 ns
[2022-09-04T16:44:05.657+0000][1][safepoint    ] Safepoint "Cleanup", Time since last: 1006025584 ns, Reaching safepoint: 3081500 ns, At safepoint: 105375 ns, Total: 3186875 ns
[2022-09-04T16:44:06.663+0000][1][safepoint    ] Safepoint "Cleanup", Time since last: 1004361583 ns, Reaching safepoint: 1471875 ns, At safepoint: 33417 ns, Total: 1505292 ns
[2022-09-04T16:44:07.670+0000][1][safepoint    ] Safepoint "Cleanup", Time since last: 1003929001 ns, Reaching safepoint: 3497208 ns, At safepoint: 83333 ns, Total: 3580541 ns
[2022-09-04T16:44:08.678+0000][1][safepoint    ] Safepoint "Cleanup", Time since last: 1005267834 ns, Reaching safepoint: 2564208 ns, At safepoint: 59834 ns, Total: 2624042 ns
[2022-09-04T16:44:09.686+0000][1][safepoint    ] Safepoint "Cleanup", Time since last: 1004996584 ns, Reaching safepoint: 3012750 ns, At safepoint: 76958 ns, Total: 3089708 ns
[2022-09-04T16:44:10.697+0000][1][safepoint    ] Safepoint "Cleanup", Time since last: 1009131750 ns, Reaching safepoint: 1506959 ns, At safepoint: 26000 ns, Total: 1532959 ns
[2022-09-04T16:44:11.702+0000][1][safepoint    ] Safepoint "Cleanup", Time since last: 1002358542 ns, Reaching safepoint: 2440583 ns, At safepoint: 94834 ns, Total: 2535417 ns
[2022-09-04T16:44:12.709+0000][1][safepoint    ] Safepoint "Cleanup", Time since last: 1005086625 ns, Reaching safepoint: 1892833 ns, At safepoint: 50500 ns, Total: 1943333 ns
[2022-09-04T16:44:13.715+0000][1][safepoint    ] Safepoint "Cleanup", Time since last: 1003513042 ns, Reaching safepoint: 2508792 ns, At safepoint: 83583 ns, Total: 2592375 ns
[2022-09-04T16:44:14.720+0000][1][safepoint    ] Safepoint "Cleanup", Time since last: 1003538209 ns, Reaching safepoint: 1545125 ns, At safepoint: 40292 ns, Total: 1585417 ns
[2022-09-04T16:44:15.728+0000][1][safepoint    ] Safepoint "Cleanup", Time since last: 1004345542 ns, Reaching safepoint: 3411833 ns, At safepoint: 99959 ns, Total: 3511792 ns
[2022-09-04T16:44:16.735+0000][1][safepoint    ] Safepoint "Cleanup", Time since last: 1005733834 ns, Reaching safepoint: 1664416 ns, At safepoint: 43834 ns, Total: 1708250 ns
[2022-09-04T16:44:17.743+0000][1][safepoint    ] Safepoint "Cleanup", Time since last: 1004505625 ns, Reaching safepoint: 3027125 ns, At safepoint: 75250 ns, Total: 3102375 ns
[2022-09-04T16:44:18.751+0000][1][safepoint    ] Safepoint "Cleanup", Time since last: 1005123834 ns, Reaching safepoint: 3272917 ns, At safepoint: 127083 ns, Total: 3400000 ns
[2022-09-04T16:44:19.757+0000][1][safepoint    ] Safepoint "Cleanup", Time since last: 1004382417 ns, Reaching safepoint: 1387583 ns, At safepoint: 35417 ns, Total: 1423000 ns
[2022-09-04T16:44:20.762+0000][1][safepoint    ] Safepoint "Cleanup", Time since last: 1002840876 ns, Reaching safepoint: 2475791 ns, At safepoint: 79000 ns, Total: 2554791 ns
[2022-09-04T16:44:21.767+0000][1][safepoint    ] Safepoint "Cleanup", Time since last: 1003003376 ns, Reaching safepoint: 1220791 ns, At safepoint: 30334 ns, Total: 1251125 ns
[2022-09-04T16:44:22.776+0000][1][safepoint    ] Safepoint "Cleanup", Time since last: 1007113875 ns, Reaching safepoint: 1599125 ns, At safepoint: 69708 ns, Total: 1668833 ns
[2022-09-04T16:44:23.781+0000][1][safepoint    ] Safepoint "Cleanup", Time since last: 1003885084 ns, Reaching safepoint: 1527584 ns, At safepoint: 37958 ns, Total: 1565542 ns
[2022-09-04T16:44:24.794+0000][1][safepoint    ] Safepoint "Cleanup", Time since last: 1012205500 ns, Reaching safepoint: 1123167 ns, At safepoint: 28833 ns, Total: 1152000 ns
[2022-09-04T16:44:25.801+0000][1][safepoint    ] Safepoint "Cleanup", Time since last: 1004031709 ns, Reaching safepoint: 2457250 ns, At safepoint: 78625 ns, Total: 2535875 ns
[2022-09-04T16:44:27.608+0000][1][safepoint    ] Safepoint "Cleanup", Time since last: 1803446834 ns, Reaching safepoint: 3517125 ns, At safepoint: 206417 ns, Total: 3723542 ns
[2022-09-04T16:44:28.617+0000][1][safepoint    ] Safepoint "Cleanup", Time since last: 1007719334 ns, Reaching safepoint: 1287875 ns, At safepoint: 27250 ns, Total: 1315125 ns
[2022-09-04T16:44:29.622+0000][1][safepoint    ] Safepoint "Cleanup", Time since last: 1002440292 ns, Reaching safepoint: 2499167 ns, At safepoint: 63583 ns, Total: 2562750 ns
[2022-09-04T16:44:30.629+0000][1][safepoint    ] Safepoint "Cleanup", Time since last: 1004552792 ns, Reaching safepoint: 2430459 ns, At safepoint: 67458 ns, Total: 2497917 ns
[2022-09-04T16:44:31.637+0000][1][safepoint    ] Safepoint "Cleanup", Time since last: 1005356958 ns, Reaching safepoint: 2451416 ns, At safepoint: 74459 ns, Total: 2525875 ns
[2022-09-04T16:44:32.642+0000][1][safepoint    ] Safepoint "Cleanup", Time since last: 1003817875 ns, Reaching safepoint: 1671750 ns, At safepoint: 36459 ns, Total: 1708209 ns
[2022-09-04T16:44:33.647+0000][1][safepoint    ] Safepoint "Cleanup", Time since last: 1002919208 ns, Reaching safepoint: 1596292 ns, At safepoint: 39042 ns, Total: 1635334 ns
[2022-09-04T16:44:34.657+0000][1][safepoint    ] Safepoint "Cleanup", Time since last: 1005709584 ns, Reaching safepoint: 3931208 ns, At safepoint: 88333 ns, Total: 4019541 ns
[2022-09-04T16:44:35.665+0000][1][safepoint    ] Safepoint "Cleanup", Time since last: 1006050542 ns, Reaching safepoint: 2358834 ns, At safepoint: 67083 ns, Total: 2425917 ns
[2022-09-04T16:44:36.672+0000][1][safepoint    ] Safepoint "Cleanup", Time since last: 1004966500 ns, Reaching safepoint: 2256417 ns, At safepoint: 55458 ns, Total: 2311875 ns
[2022-09-04T16:44:37.680+0000][1][safepoint    ] Safepoint "Cleanup", Time since last: 1005321418 ns, Reaching safepoint: 2503208 ns, At safepoint: 94750 ns, Total: 2597958 ns
[2022-09-04T16:44:38.690+0000][1][safepoint    ] Safepoint "Cleanup", Time since last: 1007368000 ns, Reaching safepoint: 2667250 ns, At safepoint: 79750 ns, Total: 2747000 ns
[2022-09-04T16:44:39.698+0000][1][safepoint    ] Safepoint "Cleanup", Time since last: 1004685709 ns, Reaching safepoint: 3185542 ns, At safepoint: 93208 ns, Total: 3278750 ns
[2022-09-04T16:44:40.704+0000][1][safepoint    ] Safepoint "Cleanup", Time since last: 1005250251 ns, Reaching safepoint: 849791 ns, At safepoint: 21084 ns, Total: 870875 ns
[2022-09-04T16:44:41.709+0000][1][safepoint    ] Safepoint "Cleanup", Time since last: 1002872417 ns, Reaching safepoint: 2050542 ns, At safepoint: 105750 ns, Total: 2156292 ns
[2022-09-04T16:44:42.714+0000][1][safepoint    ] Safepoint "Cleanup", Time since last: 1003903000 ns, Reaching safepoint: 1071458 ns, At safepoint: 29542 ns, Total: 1101000 ns
[2022-09-04T16:44:43.719+0000][1][safepoint    ] Safepoint "Cleanup", Time since last: 1003054250 ns, Reaching safepoint: 1521209 ns, At safepoint: 36500 ns, Total: 1557709 ns
[2022-09-04T16:44:44.725+0000][1][safepoint    ] Safepoint "Cleanup", Time since last: 1003816292 ns, Reaching safepoint: 1852250 ns, At safepoint: 47917 ns, Total: 1900167 ns
[2022-09-04T16:44:45.730+0000][1][safepoint    ] Safepoint "Cleanup", Time since last: 1003970917 ns, Reaching safepoint: 1594875 ns, At safepoint: 38541 ns, Total: 1633416 ns
[2022-09-04T16:44:46.735+0000][1][safepoint    ] Safepoint "Cleanup", Time since last: 1004073959 ns, Reaching safepoint: 1027209 ns, At safepoint: 28625 ns, Total: 1055834 ns
[2022-09-04T16:44:47.740+0000][1][safepoint    ] Safepoint "Cleanup", Time since last: 1001943000 ns, Reaching safepoint: 2635625 ns, At safepoint: 57083 ns, Total: 2692708 ns
[2022-09-04T16:44:48.747+0000][1][safepoint    ] Safepoint "Cleanup", Time since last: 1005442834 ns, Reaching safepoint: 1933209 ns, At safepoint: 57833 ns, Total: 1991042 ns
[2022-09-04T16:44:49.754+0000][1][safepoint    ] Safepoint "Cleanup", Time since last: 1004240459 ns, Reaching safepoint: 2487583 ns, At safepoint: 53542 ns, Total: 2541125 ns
[2022-09-04T16:44:50.762+0000][1][safepoint    ] Safepoint "Cleanup", Time since last: 1005085542 ns, Reaching safepoint: 2375875 ns, At safepoint: 59958 ns, Total: 2435833 ns
[2022-09-04T16:44:51.767+0000][1][safepoint    ] Safepoint "Cleanup", Time since last: 1003798626 ns, Reaching safepoint: 1597208 ns, At safepoint: 42125 ns, Total: 1639333 ns
[2022-09-04T16:44:52.771+0000][1][safepoint    ] Safepoint "Cleanup", Time since last: 1002294625 ns, Reaching safepoint: 1202792 ns, At safepoint: 26958 ns, Total: 1229750 ns
[2022-09-04T16:44:53.774+0000][1][safepoint    ] Safepoint "Cleanup", Time since last: 1002099876 ns, Reaching safepoint: 1261792 ns, At safepoint: 68708 ns, Total: 1330500 ns
[2022-09-04T16:44:54.793+0000][1][safepoint    ] Safepoint "Cleanup", Time since last: 1016199959 ns, Reaching safepoint: 2317541 ns, At safepoint: 55625 ns, Total: 2373166 ns
[2022-09-04T16:44:55.800+0000][1][safepoint    ] Safepoint "Cleanup", Time since last: 1004524043 ns, Reaching safepoint: 2613416 ns, At safepoint: 54959 ns, Total: 2668375 ns
[2022-09-04T16:44:57.749+0000][1][safepoint    ] Safepoint "Cleanup", Time since last: 1945724626 ns, Reaching safepoint: 3301750 ns, At safepoint: 73500 ns, Total: 3375250 ns
[2022-09-04T16:44:58.757+0000][1][safepoint    ] Safepoint "Cleanup", Time since last: 1005591750 ns, Reaching safepoint: 2644667 ns, At safepoint: 68625 ns, Total: 2713292 ns
[2022-09-04T16:44:59.775+0000][1][safepoint    ] Safepoint "Cleanup", Time since last: 1015688000 ns, Reaching safepoint: 1577667 ns, At safepoint: 35625 ns, Total: 1613292 ns
[2022-09-04T16:45:00.779+0000][1][safepoint    ] Safepoint "Cleanup", Time since last: 1002987167 ns, Reaching safepoint: 903333 ns, At safepoint: 27125 ns, Total: 930458 ns
[2022-09-04T16:45:01.789+0000][1][safepoint    ] Safepoint "Cleanup", Time since last: 1007468750 ns, Reaching safepoint: 2858792 ns, At safepoint: 57500 ns, Total: 2916292 ns
[2022-09-04T16:45:02.795+0000][1][safepoint    ] Safepoint "Cleanup", Time since last: 1004533042 ns, Reaching safepoint: 1387667 ns, At safepoint: 31125 ns, Total: 1418792 ns
[2022-09-04T16:45:03.799+0000][1][safepoint    ] Safepoint "Cleanup", Time since last: 1003529917 ns, Reaching safepoint: 903708 ns, At safepoint: 23417 ns, Total: 927125 ns
[2022-09-04T16:45:04.803+0000][1][safepoint    ] Safepoint "Cleanup", Time since last: 1003127626 ns, Reaching safepoint: 1014291 ns, At safepoint: 31125 ns, Total: 1045416 ns
[2022-09-04T16:45:05.807+0000][1][safepoint    ] Safepoint "Cleanup", Time since last: 1002846126 ns, Reaching safepoint: 1006583 ns, At safepoint: 22333 ns, Total: 1028916 ns
[2022-09-04T16:45:06.811+0000][1][safepoint    ] Safepoint "Cleanup", Time since last: 1003374376 ns, Reaching safepoint: 861542 ns, At safepoint: 22625 ns, Total: 884167 ns
[2022-09-04T16:45:07.818+0000][1][safepoint    ] Safepoint "Cleanup", Time since last: 1005046833 ns, Reaching safepoint: 1527542 ns, At safepoint: 39250 ns, Total: 1566792 ns
[2022-09-04T16:45:08.829+0000][1][safepoint    ] Safepoint "Cleanup", Time since last: 1008181667 ns, Reaching safepoint: 2366125 ns, At safepoint: 64583 ns, Total: 2430708 ns
[2022-09-04T16:45:09.835+0000][1][safepoint    ] Safepoint "Cleanup", Time since last: 1003719834 ns, Reaching safepoint: 2350292 ns, At safepoint: 64875 ns, Total: 2415167 ns
[2022-09-04T16:45:10.839+0000][1][safepoint    ] Safepoint "Cleanup", Time since last: 1003324792 ns, Reaching safepoint: 883000 ns, At safepoint: 50417 ns, Total: 933417 ns
[2022-09-04T16:45:11.843+0000][1][safepoint    ] Safepoint "Cleanup", Time since last: 1002484375 ns, Reaching safepoint: 1385250 ns, At safepoint: 38875 ns, Total: 1424125 ns
[2022-09-04T16:45:12.847+0000][1][safepoint    ] Safepoint "Cleanup", Time since last: 1002969209 ns, Reaching safepoint: 922083 ns, At safepoint: 24292 ns, Total: 946375 ns
[2022-09-04T16:45:13.851+0000][1][safepoint    ] Safepoint "Cleanup", Time since last: 1002830417 ns, Reaching safepoint: 927000 ns, At safepoint: 30000 ns, Total: 957000 ns
[2022-09-04T16:45:14.855+0000][1][safepoint    ] Safepoint "Cleanup", Time since last: 1003741834 ns, Reaching safepoint: 1096000 ns, At safepoint: 22875 ns, Total: 1118875 ns
[2022-09-04T16:45:15.858+0000][1][safepoint    ] Safepoint "Cleanup", Time since last: 1001881167 ns, Reaching safepoint: 835209 ns, At safepoint: 22625 ns, Total: 857834 ns
[2022-09-04T16:45:16.862+0000][1][safepoint    ] Safepoint "Cleanup", Time since last: 1002756000 ns, Reaching safepoint: 867458 ns, At safepoint: 22292 ns, Total: 889750 ns
[2022-09-04T16:45:17.864+0000][1][safepoint    ] Safepoint "Cleanup", Time since last: 1001624459 ns, Reaching safepoint: 872500 ns, At safepoint: 25291 ns, Total: 897791 ns
[2022-09-04T16:45:18.867+0000][1][safepoint    ] Safepoint "Cleanup", Time since last: 1001337251 ns, Reaching safepoint: 977917 ns, At safepoint: 28333 ns, Total: 1006250 ns
[2022-09-04T16:45:19.870+0000][1][safepoint    ] Safepoint "Cleanup", Time since last: 1001888084 ns, Reaching safepoint: 1222666 ns, At safepoint: 31625 ns, Total: 1254291 ns
[2022-09-04T16:45:20.874+0000][1][safepoint    ] Safepoint "Cleanup", Time since last: 1002992543 ns, Reaching safepoint: 1526583 ns, At safepoint: 48292 ns, Total: 1574875 ns
[2022-09-04T16:45:21.882+0000][1][safepoint    ] Safepoint "Cleanup", Time since last: 1004827708 ns, Reaching safepoint: 2205625 ns, At safepoint: 183459 ns, Total: 2389084 ns
[2022-09-04T16:45:22.888+0000][1][safepoint    ] Safepoint "Cleanup", Time since last: 1005704959 ns, Reaching safepoint: 930666 ns, At safepoint: 25834 ns, Total: 956500 ns
[2022-09-04T16:45:23.893+0000][1][safepoint    ] Safepoint "Cleanup", Time since last: 1003418708 ns, Reaching safepoint: 1021875 ns, At safepoint: 29625 ns, Total: 1051500 ns
[2022-09-04T16:45:24.897+0000][1][safepoint    ] Safepoint "Cleanup", Time since last: 1002511126 ns, Reaching safepoint: 1644833 ns, At safepoint: 45250 ns, Total: 1690083 ns
[2022-09-04T16:45:25.902+0000][1][safepoint    ] Safepoint "Cleanup", Time since last: 1003765084 ns, Reaching safepoint: 1505417 ns, At safepoint: 41416 ns, Total: 1546833 ns
[2022-09-04T16:45:26.906+0000][1][safepoint    ] Safepoint "Cleanup", Time since last: 1002842834 ns, Reaching safepoint: 1013875 ns, At safepoint: 29292 ns, Total: 1043167 ns
[2022-09-04T16:45:28.453+0000][1][safepoint    ] Safepoint "Cleanup", Time since last: 1541829209 ns, Reaching safepoint: 4722417 ns, At safepoint: 95208 ns, Total: 4817625 ns
[2022-09-04T16:45:29.459+0000][1][safepoint    ] Safepoint "Cleanup", Time since last: 1004775584 ns, Reaching safepoint: 1082333 ns, At safepoint: 29625 ns, Total: 1111958 ns
[2022-09-04T16:45:30.462+0000][1][safepoint    ] Safepoint "Cleanup", Time since last: 1002317834 ns, Reaching safepoint: 778083 ns, At safepoint: 24542 ns, Total: 802625 ns
[2022-09-04T16:45:31.466+0000][1][safepoint    ] Safepoint "Cleanup", Time since last: 1001994750 ns, Reaching safepoint: 2824041 ns, At safepoint: 49334 ns, Total: 2873375 ns
[2022-09-04T16:45:32.476+0000][1][safepoint    ] Safepoint "Cleanup", Time since last: 1006789208 ns, Reaching safepoint: 2541667 ns, At safepoint: 85583 ns, Total: 2627250 ns
[2022-09-04T16:45:33.484+0000][1][safepoint    ] Safepoint "Cleanup", Time since last: 1005203376 ns, Reaching safepoint: 2638292 ns, At safepoint: 45833 ns, Total: 2684125 ns
[2022-09-04T16:45:34.492+0000][1][safepoint    ] Safepoint "Cleanup", Time since last: 1004294500 ns, Reaching safepoint: 3324000 ns, At safepoint: 123959 ns, Total: 3447959 ns
[2022-09-04T16:45:35.497+0000][1][safepoint    ] Safepoint "Cleanup", Time since last: 1004141792 ns, Reaching safepoint: 1248083 ns, At safepoint: 36792 ns, Total: 1284875 ns
[2022-09-04T16:45:36.502+0000][1][safepoint    ] Safepoint "Cleanup", Time since last: 1003689042 ns, Reaching safepoint: 853917 ns, At safepoint: 31541 ns, Total: 885458 ns
[2022-09-04T16:45:37.504+0000][1][safepoint    ] Safepoint "Cleanup", Time since last: 1001977001 ns, Reaching safepoint: 867583 ns, At safepoint: 24209 ns, Total: 891792 ns
[2022-09-04T16:45:38.508+0000][1][safepoint    ] Safepoint "Cleanup", Time since last: 1002310833 ns, Reaching safepoint: 813625 ns, At safepoint: 20667 ns, Total: 834292 ns
[2022-09-04T16:45:39.511+0000][1][safepoint    ] Safepoint "Cleanup", Time since last: 1002426584 ns, Reaching safepoint: 833458 ns, At safepoint: 19750 ns, Total: 853208 ns
[2022-09-04T16:45:40.515+0000][1][safepoint    ] Safepoint "Cleanup", Time since last: 1003757584 ns, Reaching safepoint: 754792 ns, At safepoint: 19666 ns, Total: 774458 ns
[2022-09-04T16:45:41.518+0000][1][safepoint    ] Safepoint "Cleanup", Time since last: 1002314709 ns, Reaching safepoint: 757375 ns, At safepoint: 23375 ns, Total: 780750 ns
[2022-09-04T16:45:42.524+0000][1][safepoint    ] Safepoint "Cleanup", Time since last: 1004542167 ns, Reaching safepoint: 775209 ns, At safepoint: 22750 ns, Total: 797959 ns
[2022-09-04T16:45:43.526+0000][1][safepoint    ] Safepoint "Cleanup", Time since last: 1001083625 ns, Reaching safepoint: 779167 ns, At safepoint: 20416 ns, Total: 799583 ns
[2022-09-04T16:45:44.530+0000][1][safepoint    ] Safepoint "Cleanup", Time since last: 1003864418 ns, Reaching safepoint: 896333 ns, At safepoint: 32167 ns, Total: 928500 ns
[2022-09-04T16:45:45.536+0000][1][safepoint    ] Safepoint "Cleanup", Time since last: 1004260083 ns, Reaching safepoint: 1081417 ns, At safepoint: 23625 ns, Total: 1105042 ns
[2022-09-04T16:45:46.541+0000][1][safepoint    ] Safepoint "Cleanup", Time since last: 1004079042 ns, Reaching safepoint: 1263334 ns, At safepoint: 36750 ns, Total: 1300084 ns
[2022-09-04T16:45:47.547+0000][1][safepoint    ] Safepoint "Cleanup", Time since last: 1002520083 ns, Reaching safepoint: 3499042 ns, At safepoint: 144125 ns, Total: 3643167 ns
[2022-09-04T16:45:48.555+0000][1][safepoint    ] Safepoint "Cleanup", Time since last: 1006322250 ns, Reaching safepoint: 1001667 ns, At safepoint: 23792 ns, Total: 1025459 ns
[2022-09-04T16:45:49.542+0000][1][gc,start     ] GC(35) Pause Young (Allocation Failure)
[2022-09-04T16:45:49.551+0000][1][gc,task      ] GC(35) Using 4 workers of 4 for evacuation
[2022-09-04T16:45:49.601+0000][1][gc,age       ] GC(35) Desired survivor size 8945664 bytes, new threshold 6 (max threshold 6)
[2022-09-04T16:45:49.603+0000][1][gc,age       ] GC(35) Age table with threshold 6 (max threshold 6)
[2022-09-04T16:45:49.604+0000][1][gc,age       ] GC(35) - age   1:       8640 bytes,       8640 total
[2022-09-04T16:45:49.605+0000][1][gc,age       ] GC(35) - age   2:        160 bytes,       8800 total
[2022-09-04T16:45:49.606+0000][1][gc,age       ] GC(35) - age   3:        744 bytes,       9544 total
[2022-09-04T16:45:49.607+0000][1][gc,age       ] GC(35) - age   4:       6408 bytes,      15952 total
[2022-09-04T16:45:49.608+0000][1][gc,age       ] GC(35) - age   5:        552 bytes,      16504 total
[2022-09-04T16:45:49.610+0000][1][gc,age       ] GC(35) - age   6:        688 bytes,      17192 total
[2022-09-04T16:45:49.612+0000][1][gc,heap      ] GC(35) ParNew: 139890K->36K(157248K)
[2022-09-04T16:45:49.613+0000][1][gc,heap      ] GC(35) CMS: 67633K->67648K(349568K)
[2022-09-04T16:45:49.614+0000][1][gc,metaspace ] GC(35) Metaspace: 84822K->84822K(1126400K)
[2022-09-04T16:45:49.617+0000][1][gc           ] GC(35) Pause Young (Allocation Failure) 202M->66M(494M) 75.196ms
[2022-09-04T16:45:49.618+0000][1][gc,cpu       ] GC(35) User=0.10s Sys=0.03s Real=0.07s
[2022-09-04T16:45:49.620+0000][1][safepoint    ] Safepoint "GenCollectForAllocation", Time since last: 983234875 ns, Reaching safepoint: 2091459 ns, At safepoint: 79493958 ns, Total: 81585417 ns
[2022-09-04T16:45:50.623+0000][1][safepoint    ] Safepoint "Cleanup", Time since last: 1001388834 ns, Reaching safepoint: 1948708 ns, At safepoint: 48917 ns, Total: 1997625 ns
[2022-09-04T16:45:51.627+0000][1][safepoint    ] Safepoint "Cleanup", Time since last: 1003081750 ns, Reaching safepoint: 928834 ns, At safepoint: 37875 ns, Total: 966709 ns
[2022-09-04T16:45:52.632+0000][1][safepoint    ] Safepoint "Cleanup", Time since last: 1001551417 ns, Reaching safepoint: 3333250 ns, At safepoint: 90208 ns, Total: 3423458 ns
[2022-09-04T16:45:53.640+0000][1][safepoint    ] Safepoint "Cleanup", Time since last: 1006290292 ns, Reaching safepoint: 2147042 ns, At safepoint: 52500 ns, Total: 2199542 ns
[2022-09-04T16:45:54.646+0000][1][safepoint    ] Safepoint "Cleanup", Time since last: 1003725917 ns, Reaching safepoint: 1446375 ns, At safepoint: 20875 ns, Total: 1467250 ns
[2022-09-04T16:45:55.648+0000][1][safepoint    ] Safepoint "Cleanup", Time since last: 1001306334 ns, Reaching safepoint: 862042 ns, At safepoint: 36166 ns, Total: 898208 ns
[2022-09-04T16:45:55.851+0000][1][safepoint    ] Safepoint "RevokeBias", Time since last: 202237917 ns, Reaching safepoint: 697708 ns, At safepoint: 188417 ns, Total: 886125 ns
[2022-09-04T16:45:55.858+0000][1][safepoint    ] Safepoint "RevokeBias", Time since last: 5855708 ns, Reaching safepoint: 648292 ns, At safepoint: 138292 ns, Total: 786584 ns
[2022-09-04T16:45:55.996+0000][1][safepoint    ] Safepoint "RevokeBias", Time since last: 137814666 ns, Reaching safepoint: 945459 ns, At safepoint: 118041 ns, Total: 1063500 ns
[2022-09-04T16:45:56.043+0000][1][safepoint    ] Safepoint "RevokeBias", Time since last: 45595542 ns, Reaching safepoint: 561000 ns, At safepoint: 130833 ns, Total: 691833 ns
[2022-09-04T16:45:56.087+0000][1][safepoint    ] Safepoint "RevokeBias", Time since last: 43306125 ns, Reaching safepoint: 559500 ns, At safepoint: 105959 ns, Total: 665459 ns
[2022-09-04T16:45:56.091+0000][1][safepoint    ] Safepoint "RevokeBias", Time since last: 3143333 ns, Reaching safepoint: 669417 ns, At safepoint: 51541 ns, Total: 720958 ns
[2022-09-04T16:45:56.116+0000][1][safepoint    ] Safepoint "RevokeBias", Time since last: 24423334 ns, Reaching safepoint: 839708 ns, At safepoint: 36000 ns, Total: 875708 ns
[2022-09-04T16:45:56.688+0000][1][safepoint    ] Safepoint "RevokeBias", Time since last: 550357250 ns, Reaching safepoint: 17094959 ns, At safepoint: 3175750 ns, Total: 20270709 ns
[2022-09-04T16:45:57.705+0000][1][safepoint    ] Safepoint "Cleanup", Time since last: 1015100625 ns, Reaching safepoint: 3148500 ns, At safepoint: 101417 ns, Total: 3249917 ns
[2022-09-04T16:45:58.711+0000][1][safepoint    ] Safepoint "Cleanup", Time since last: 1004835917 ns, Reaching safepoint: 937792 ns, At safepoint: 29708 ns, Total: 967500 ns
[2022-09-04T16:45:59.717+0000][1][safepoint    ] Safepoint "Cleanup", Time since last: 1004923250 ns, Reaching safepoint: 1095000 ns, At safepoint: 43959 ns, Total: 1138959 ns
[2022-09-04T16:46:00.721+0000][1][safepoint    ] Safepoint "Cleanup", Time since last: 1003576334 ns, Reaching safepoint: 985916 ns, At safepoint: 25667 ns, Total: 1011583 ns
[2022-09-04T16:46:01.726+0000][1][safepoint    ] Safepoint "Cleanup", Time since last: 1003400124 ns, Reaching safepoint: 1549459 ns, At safepoint: 80500 ns, Total: 1629959 ns
[2022-09-04T16:46:02.474+0000][1][safepoint    ] Safepoint "BulkRevokeBias", Time since last: 743221958 ns, Reaching safepoint: 841667 ns, At safepoint: 4200583 ns, Total: 5042250 ns
[2022-09-04T16:46:02.479+0000][1][safepoint    ] Safepoint "RevokeBias", Time since last: 4211917 ns, Reaching safepoint: 502625 ns, At safepoint: 147458 ns, Total: 650083 ns
[2022-09-04T16:46:02.768+0000][1][safepoint    ] Safepoint "RevokeBias", Time since last: 287421751 ns, Reaching safepoint: 905458 ns, At safepoint: 100125 ns, Total: 1005583 ns
[2022-09-04T16:46:02.810+0000][1][safepoint    ] Safepoint "RevokeBias", Time since last: 41322083 ns, Reaching safepoint: 673750 ns, At safepoint: 102542 ns, Total: 776292 ns
[2022-09-04T16:46:02.815+0000][1][safepoint    ] Safepoint "RevokeBias", Time since last: 5034167 ns, Reaching safepoint: 474458 ns, At safepoint: 74292 ns, Total: 548750 ns
[2022-09-04T16:46:02.823+0000][1][safepoint    ] Safepoint "RevokeBias", Time since last: 7241208 ns, Reaching safepoint: 790250 ns, At safepoint: 103875 ns, Total: 894125 ns
[2022-09-04T16:46:02.827+0000][1][safepoint    ] Safepoint "RevokeBias", Time since last: 3309625 ns, Reaching safepoint: 507917 ns, At safepoint: 79333 ns, Total: 587250 ns
[2022-09-04T16:46:03.045+0000][1][safepoint    ] Safepoint "RevokeBias", Time since last: 216495625 ns, Reaching safepoint: 1026667 ns, At safepoint: 222666 ns, Total: 1249333 ns
[2022-09-04T16:46:03.147+0000][1][safepoint    ] Safepoint "RevokeBias", Time since last: 101235042 ns, Reaching safepoint: 784375 ns, At safepoint: 88000 ns, Total: 872375 ns
[2022-09-04T16:46:03.155+0000][1][safepoint    ] Safepoint "RevokeBias", Time since last: 7590292 ns, Reaching safepoint: 674333 ns, At safepoint: 83917 ns, Total: 758250 ns
[2022-09-04T16:46:03.157+0000][1][safepoint    ] Safepoint "RevokeBias", Time since last: 1222750 ns, Reaching safepoint: 481375 ns, At safepoint: 71000 ns, Total: 552375 ns
[2022-09-04T16:46:03.176+0000][1][safepoint    ] Safepoint "RevokeBias", Time since last: 18024625 ns, Reaching safepoint: 689500 ns, At safepoint: 111541 ns, Total: 801041 ns
[2022-09-04T16:46:03.196+0000][1][safepoint    ] Safepoint "RevokeBias", Time since last: 18325375 ns, Reaching safepoint: 1782500 ns, At safepoint: 137125 ns, Total: 1919625 ns
[2022-09-04T16:46:04.145+0000][1][safepoint    ] Safepoint "RevokeBias", Time since last: 947503126 ns, Reaching safepoint: 1261542 ns, At safepoint: 97625 ns, Total: 1359167 ns
[2022-09-04T16:46:05.150+0000][1][safepoint    ] Safepoint "Cleanup", Time since last: 1003446042 ns, Reaching safepoint: 1602583 ns, At safepoint: 52042 ns, Total: 1654625 ns
[2022-09-04T16:46:06.156+0000][1][safepoint    ] Safepoint "Cleanup", Time since last: 1004404917 ns, Reaching safepoint: 1055542 ns, At safepoint: 40666 ns, Total: 1096208 ns
[2022-09-04T16:46:07.158+0000][1][safepoint    ] Safepoint "Cleanup", Time since last: 1001625751 ns, Reaching safepoint: 908958 ns, At safepoint: 32833 ns, Total: 941791 ns
[2022-09-04T16:46:08.161+0000][1][safepoint    ] Safepoint "Cleanup", Time since last: 1001597543 ns, Reaching safepoint: 833375 ns, At safepoint: 34458 ns, Total: 867833 ns
[2022-09-04T16:46:09.165+0000][1][safepoint    ] Safepoint "Cleanup", Time since last: 1002063000 ns, Reaching safepoint: 2479167 ns, At safepoint: 39625 ns, Total: 2518792 ns
[2022-09-04T16:46:10.169+0000][1][safepoint    ] Safepoint "Cleanup", Time since last: 1002570042 ns, Reaching safepoint: 1456667 ns, At safepoint: 37208 ns, Total: 1493875 ns
[2022-09-04T16:46:11.174+0000][1][safepoint    ] Safepoint "Cleanup", Time since last: 1003915959 ns, Reaching safepoint: 1000583 ns, At safepoint: 32875 ns, Total: 1033458 ns
[2022-09-04T16:46:12.180+0000][1][safepoint    ] Safepoint "Cleanup", Time since last: 1004944167 ns, Reaching safepoint: 973125 ns, At safepoint: 32250 ns, Total: 1005375 ns
[2022-09-04T16:46:13.184+0000][1][safepoint    ] Safepoint "Cleanup", Time since last: 1003010959 ns, Reaching safepoint: 917084 ns, At safepoint: 26833 ns, Total: 943917 ns
[2022-09-04T16:46:14.190+0000][1][safepoint    ] Safepoint "Cleanup", Time since last: 1003978084 ns, Reaching safepoint: 1189916 ns, At safepoint: 28792 ns, Total: 1218708 ns
[2022-09-04T16:46:15.193+0000][1][safepoint    ] Safepoint "Cleanup", Time since last: 1002052251 ns, Reaching safepoint: 1397083 ns, At safepoint: 40583 ns, Total: 1437666 ns
[2022-09-04T16:46:16.196+0000][1][safepoint    ] Safepoint "Cleanup", Time since last: 1001971959 ns, Reaching safepoint: 1386875 ns, At safepoint: 32000 ns, Total: 1418875 ns
[2022-09-04T16:46:17.199+0000][1][safepoint    ] Safepoint "Cleanup", Time since last: 1002138334 ns, Reaching safepoint: 896125 ns, At safepoint: 26458 ns, Total: 922583 ns
[2022-09-04T16:46:18.203+0000][1][safepoint    ] Safepoint "Cleanup", Time since last: 1002654042 ns, Reaching safepoint: 842292 ns, At safepoint: 24375 ns, Total: 866667 ns
[2022-09-04T16:46:19.206+0000][1][safepoint    ] Safepoint "Cleanup", Time since last: 1001884709 ns, Reaching safepoint: 877666 ns, At safepoint: 22667 ns, Total: 900333 ns
[2022-09-04T16:46:20.209+0000][1][safepoint    ] Safepoint "Cleanup", Time since last: 1001685667 ns, Reaching safepoint: 1724875 ns, At safepoint: 40959 ns, Total: 1765834 ns
[2022-09-04T16:46:21.215+0000][1][safepoint    ] Safepoint "Cleanup", Time since last: 1002938208 ns, Reaching safepoint: 3122167 ns, At safepoint: 71792 ns, Total: 3193959 ns
[2022-09-04T16:46:22.224+0000][1][safepoint    ] Safepoint "Cleanup", Time since last: 1005184417 ns, Reaching safepoint: 2986375 ns, At safepoint: 83375 ns, Total: 3069750 ns
[2022-09-04T16:46:23.230+0000][1][safepoint    ] Safepoint "Cleanup", Time since last: 1004688584 ns, Reaching safepoint: 1280916 ns, At safepoint: 36792 ns, Total: 1317708 ns
[2022-09-04T16:46:24.234+0000][1][safepoint    ] Safepoint "Cleanup", Time since last: 1003121667 ns, Reaching safepoint: 864292 ns, At safepoint: 47417 ns, Total: 911709 ns
[2022-09-04T16:46:25.237+0000][1][safepoint    ] Safepoint "Cleanup", Time since last: 1001899958 ns, Reaching safepoint: 1696667 ns, At safepoint: 47542 ns, Total: 1744209 ns
[2022-09-04T16:46:26.243+0000][1][safepoint    ] Safepoint "Cleanup", Time since last: 1003527292 ns, Reaching safepoint: 1876166 ns, At safepoint: 51417 ns, Total: 1927583 ns
[2022-09-04T16:46:28.021+0000][1][safepoint    ] Safepoint "Cleanup", Time since last: 1777531876 ns, Reaching safepoint: 930417 ns, At safepoint: 25208 ns, Total: 955625 ns
[2022-09-04T16:46:29.026+0000][1][safepoint    ] Safepoint "Cleanup", Time since last: 1001848334 ns, Reaching safepoint: 2401000 ns, At safepoint: 90750 ns, Total: 2491750 ns
[2022-09-04T16:46:30.032+0000][1][safepoint    ] Safepoint "Cleanup", Time since last: 1004057459 ns, Reaching safepoint: 2260583 ns, At safepoint: 117500 ns, Total: 2378083 ns
[2022-09-04T16:46:31.041+0000][1][safepoint    ] Safepoint "Cleanup", Time since last: 1007143875 ns, Reaching safepoint: 2201125 ns, At safepoint: 62500 ns, Total: 2263625 ns
[2022-09-04T16:46:32.046+0000][1][safepoint    ] Safepoint "Cleanup", Time since last: 1003503875 ns, Reaching safepoint: 1327292 ns, At safepoint: 31875 ns, Total: 1359167 ns
[2022-09-04T16:46:33.051+0000][1][safepoint    ] Safepoint "Cleanup", Time since last: 1003358875 ns, Reaching safepoint: 887167 ns, At safepoint: 25500 ns, Total: 912667 ns
[2022-09-04T16:46:34.053+0000][1][safepoint    ] Safepoint "Cleanup", Time since last: 1001790167 ns, Reaching safepoint: 870750 ns, At safepoint: 23292 ns, Total: 894042 ns
[2022-09-04T16:46:35.059+0000][1][safepoint    ] Safepoint "Cleanup", Time since last: 1003682459 ns, Reaching safepoint: 1693458 ns, At safepoint: 63417 ns, Total: 1756875 ns
[2022-09-04T16:46:36.064+0000][1][safepoint    ] Safepoint "Cleanup", Time since last: 1003595625 ns, Reaching safepoint: 1324625 ns, At safepoint: 33209 ns, Total: 1357834 ns
[2022-09-04T16:46:37.071+0000][1][safepoint    ] Safepoint "Cleanup", Time since last: 1005253625 ns, Reaching safepoint: 1871417 ns, At safepoint: 49583 ns, Total: 1921000 ns
[2022-09-04T16:46:38.076+0000][1][safepoint    ] Safepoint "Cleanup", Time since last: 1004028875 ns, Reaching safepoint: 874667 ns, At safepoint: 25208 ns, Total: 899875 ns
[2022-09-04T16:46:39.079+0000][1][safepoint    ] Safepoint "Cleanup", Time since last: 1001865584 ns, Reaching safepoint: 939250 ns, At safepoint: 26209 ns, Total: 965459 ns
[2022-09-04T16:46:40.082+0000][1][safepoint    ] Safepoint "Cleanup", Time since last: 1002197500 ns, Reaching safepoint: 1547833 ns, At safepoint: 31875 ns, Total: 1579708 ns
[2022-09-04T16:46:41.090+0000][1][safepoint    ] Safepoint "Cleanup", Time since last: 1006391626 ns, Reaching safepoint: 1662125 ns, At safepoint: 44750 ns, Total: 1706875 ns
[2022-09-04T16:46:42.094+0000][1][safepoint    ] Safepoint "Cleanup", Time since last: 1002600000 ns, Reaching safepoint: 1181292 ns, At safepoint: 32833 ns, Total: 1214125 ns
[2022-09-04T16:46:43.099+0000][1][safepoint    ] Safepoint "Cleanup", Time since last: 1003661543 ns, Reaching safepoint: 928333 ns, At safepoint: 23875 ns, Total: 952208 ns
[2022-09-04T16:46:44.102+0000][1][safepoint    ] Safepoint "Cleanup", Time since last: 1001884084 ns, Reaching safepoint: 1589875 ns, At safepoint: 38250 ns, Total: 1628125 ns
[2022-09-04T16:46:45.109+0000][1][safepoint    ] Safepoint "Cleanup", Time since last: 1004107792 ns, Reaching safepoint: 2215708 ns, At safepoint: 61958 ns, Total: 2277666 ns
[2022-09-04T16:46:46.116+0000][1][safepoint    ] Safepoint "Cleanup", Time since last: 1003760251 ns, Reaching safepoint: 2955500 ns, At safepoint: 72042 ns, Total: 3027542 ns
[2022-09-04T16:46:47.122+0000][1][safepoint    ] Safepoint "Cleanup", Time since last: 1004832250 ns, Reaching safepoint: 1222417 ns, At safepoint: 36416 ns, Total: 1258833 ns
[2022-09-04T16:46:48.125+0000][1][safepoint    ] Safepoint "Cleanup", Time since last: 1002352418 ns, Reaching safepoint: 801708 ns, At safepoint: 22250 ns, Total: 823958 ns
[2022-09-04T16:46:49.128+0000][1][safepoint    ] Safepoint "Cleanup", Time since last: 1002278792 ns, Reaching safepoint: 1250292 ns, At safepoint: 35000 ns, Total: 1285292 ns
[2022-09-04T16:46:50.133+0000][1][safepoint    ] Safepoint "Cleanup", Time since last: 1003050959 ns, Reaching safepoint: 1133791 ns, At safepoint: 26625 ns, Total: 1160416 ns
[2022-09-04T16:46:51.137+0000][1][safepoint    ] Safepoint "Cleanup", Time since last: 1001801167 ns, Reaching safepoint: 2458375 ns, At safepoint: 80500 ns, Total: 2538875 ns
[2022-09-04T16:46:52.143+0000][1][safepoint    ] Safepoint "Cleanup", Time since last: 1004547876 ns, Reaching safepoint: 1197125 ns, At safepoint: 30750 ns, Total: 1227875 ns
[2022-09-04T16:46:53.147+0000][1][safepoint    ] Safepoint "Cleanup", Time since last: 1003465917 ns, Reaching safepoint: 1050333 ns, At safepoint: 32375 ns, Total: 1082708 ns
[2022-09-04T16:46:54.152+0000][1][safepoint    ] Safepoint "Cleanup", Time since last: 1004322209 ns, Reaching safepoint: 855000 ns, At safepoint: 26250 ns, Total: 881250 ns
[2022-09-04T16:46:55.156+0000][1][safepoint    ] Safepoint "Cleanup", Time since last: 1001875792 ns, Reaching safepoint: 1333667 ns, At safepoint: 37708 ns, Total: 1371375 ns
[2022-09-04T16:46:56.162+0000][1][safepoint    ] Safepoint "Cleanup", Time since last: 1004871917 ns, Reaching safepoint: 955084 ns, At safepoint: 27625 ns, Total: 982709 ns
[2022-09-04T16:46:57.166+0000][1][safepoint    ] Safepoint "Cleanup", Time since last: 1003653500 ns, Reaching safepoint: 840709 ns, At safepoint: 22125 ns, Total: 862834 ns
[2022-09-04T16:46:58.168+0000][1][safepoint    ] Safepoint "Cleanup", Time since last: 1001236500 ns, Reaching safepoint: 821875 ns, At safepoint: 24917 ns, Total: 846792 ns
[2022-09-04T16:46:59.172+0000][1][safepoint    ] Safepoint "Cleanup", Time since last: 1002887709 ns, Reaching safepoint: 1175375 ns, At safepoint: 30833 ns, Total: 1206208 ns
[2022-09-04T16:47:00.177+0000][1][safepoint    ] Safepoint "Cleanup", Time since last: 1003519292 ns, Reaching safepoint: 1045833 ns, At safepoint: 35584 ns, Total: 1081417 ns
[2022-09-04T16:47:01.182+0000][1][safepoint    ] Safepoint "Cleanup", Time since last: 1002492250 ns, Reaching safepoint: 2358416 ns, At safepoint: 93500 ns, Total: 2451916 ns
[2022-09-04T16:47:02.192+0000][1][safepoint    ] Safepoint "Cleanup", Time since last: 1007656292 ns, Reaching safepoint: 2470875 ns, At safepoint: 125834 ns, Total: 2596709 ns
[2022-09-04T16:47:03.198+0000][1][safepoint    ] Safepoint "Cleanup", Time since last: 1005201458 ns, Reaching safepoint: 1200792 ns, At safepoint: 55667 ns, Total: 1256459 ns
[2022-09-04T16:47:04.204+0000][1][safepoint    ] Safepoint "Cleanup", Time since last: 1003371625 ns, Reaching safepoint: 1693375 ns, At safepoint: 49625 ns, Total: 1743000 ns
[2022-09-04T16:47:05.208+0000][1][safepoint    ] Safepoint "Cleanup", Time since last: 1003681376 ns, Reaching safepoint: 840125 ns, At safepoint: 22375 ns, Total: 862500 ns
[2022-09-04T16:47:06.213+0000][1][safepoint    ] Safepoint "Cleanup", Time since last: 1002568084 ns, Reaching safepoint: 2421333 ns, At safepoint: 67875 ns, Total: 2489208 ns
[2022-09-04T16:47:07.220+0000][1][safepoint    ] Safepoint "Cleanup", Time since last: 1003670667 ns, Reaching safepoint: 3181042 ns, At safepoint: 84583 ns, Total: 3265625 ns
[2022-09-04T16:47:08.227+0000][1][safepoint    ] Safepoint "Cleanup", Time since last: 1005857209 ns, Reaching safepoint: 977500 ns, At safepoint: 27792 ns, Total: 1005292 ns
[2022-09-04T16:47:09.232+0000][1][safepoint    ] Safepoint "Cleanup", Time since last: 1002642792 ns, Reaching safepoint: 2612125 ns, At safepoint: 72458 ns, Total: 2684583 ns
[2022-09-04T16:47:10.240+0000][1][safepoint    ] Safepoint "Cleanup", Time since last: 1004560500 ns, Reaching safepoint: 3170959 ns, At safepoint: 85083 ns, Total: 3256042 ns
[2022-09-04T16:47:11.248+0000][1][safepoint    ] Safepoint "Cleanup", Time since last: 1005205042 ns, Reaching safepoint: 2353417 ns, At safepoint: 80083 ns, Total: 2433500 ns
[2022-09-04T16:47:12.254+0000][1][safepoint    ] Safepoint "Cleanup", Time since last: 1004634709 ns, Reaching safepoint: 2036458 ns, At safepoint: 54125 ns, Total: 2090583 ns
[2022-09-04T16:47:13.259+0000][1][safepoint    ] Safepoint "Cleanup", Time since last: 1003042376 ns, Reaching safepoint: 1196958 ns, At safepoint: 30792 ns, Total: 1227750 ns
[2022-09-04T16:47:14.262+0000][1][safepoint    ] Safepoint "Cleanup", Time since last: 1002272334 ns, Reaching safepoint: 1388750 ns, At safepoint: 37083 ns, Total: 1425833 ns
[2022-09-04T16:47:15.267+0000][1][safepoint    ] Safepoint "Cleanup", Time since last: 1002562917 ns, Reaching safepoint: 2437709 ns, At safepoint: 49791 ns, Total: 2487500 ns
[2022-09-04T16:47:16.272+0000][1][safepoint    ] Safepoint "Cleanup", Time since last: 1003585001 ns, Reaching safepoint: 1079125 ns, At safepoint: 24583 ns, Total: 1103708 ns
[2022-09-04T16:47:17.276+0000][1][safepoint    ] Safepoint "Cleanup", Time since last: 1003017459 ns, Reaching safepoint: 1316667 ns, At safepoint: 34125 ns, Total: 1350792 ns
[2022-09-04T16:47:18.282+0000][1][safepoint    ] Safepoint "Cleanup", Time since last: 1004535667 ns, Reaching safepoint: 1040791 ns, At safepoint: 24375 ns, Total: 1065166 ns
[2022-09-04T16:47:19.286+0000][1][safepoint    ] Safepoint "Cleanup", Time since last: 1002992667 ns, Reaching safepoint: 1143167 ns, At safepoint: 36500 ns, Total: 1179667 ns
[2022-09-04T16:47:20.290+0000][1][safepoint    ] Safepoint "Cleanup", Time since last: 1003054667 ns, Reaching safepoint: 1148625 ns, At safepoint: 23875 ns, Total: 1172500 ns
[2022-09-04T16:47:21.294+0000][1][safepoint    ] Safepoint "Cleanup", Time since last: 1001817584 ns, Reaching safepoint: 1321375 ns, At safepoint: 35875 ns, Total: 1357250 ns
[2022-09-04T16:47:22.298+0000][1][safepoint    ] Safepoint "Cleanup", Time since last: 1002820751 ns, Reaching safepoint: 1075375 ns, At safepoint: 37625 ns, Total: 1113000 ns
[2022-09-04T16:47:23.301+0000][1][safepoint    ] Safepoint "Cleanup", Time since last: 1002316917 ns, Reaching safepoint: 1204125 ns, At safepoint: 74291 ns, Total: 1278416 ns
[2022-09-04T16:47:24.306+0000][1][safepoint    ] Safepoint "Cleanup", Time since last: 1004088418 ns, Reaching safepoint: 802500 ns, At safepoint: 24125 ns, Total: 826625 ns
[2022-09-04T16:47:25.310+0000][1][safepoint    ] Safepoint "Cleanup", Time since last: 1002270333 ns, Reaching safepoint: 1517709 ns, At safepoint: 38750 ns, Total: 1556459 ns
[2022-09-04T16:47:26.314+0000][1][safepoint    ] Safepoint "Cleanup", Time since last: 1002948708 ns, Reaching safepoint: 898625 ns, At safepoint: 27875 ns, Total: 926500 ns
[2022-09-04T16:47:28.134+0000][1][safepoint    ] Safepoint "Cleanup", Time since last: 1818843043 ns, Reaching safepoint: 838625 ns, At safepoint: 24875 ns, Total: 863500 ns
[2022-09-04T16:47:29.137+0000][1][safepoint    ] Safepoint "Cleanup", Time since last: 1002213376 ns, Reaching safepoint: 918000 ns, At safepoint: 27208 ns, Total: 945208 ns
[2022-09-04T16:47:30.142+0000][1][safepoint    ] Safepoint "Cleanup", Time since last: 1004549667 ns, Reaching safepoint: 813292 ns, At safepoint: 21750 ns, Total: 835042 ns
[2022-09-04T16:47:31.145+0000][1][safepoint    ] Safepoint "Cleanup", Time since last: 1002079292 ns, Reaching safepoint: 869500 ns, At safepoint: 21000 ns, Total: 890500 ns
[2022-09-04T16:47:32.147+0000][1][safepoint    ] Safepoint "Cleanup", Time since last: 1001557583 ns, Reaching safepoint: 911000 ns, At safepoint: 24334 ns, Total: 935334 ns
[2022-09-04T16:47:33.150+0000][1][safepoint    ] Safepoint "Cleanup", Time since last: 1001878958 ns, Reaching safepoint: 958875 ns, At safepoint: 25959 ns, Total: 984834 ns
[2022-09-04T16:47:34.153+0000][1][safepoint    ] Safepoint "Cleanup", Time since last: 1002798125 ns, Reaching safepoint: 867000 ns, At safepoint: 31917 ns, Total: 898917 ns
[2022-09-04T16:47:35.158+0000][1][safepoint    ] Safepoint "Cleanup", Time since last: 1003170792 ns, Reaching safepoint: 1986500 ns, At safepoint: 50000 ns, Total: 2036500 ns
[2022-09-04T16:47:36.162+0000][1][safepoint    ] Safepoint "Cleanup", Time since last: 1002590667 ns, Reaching safepoint: 819959 ns, At safepoint: 25750 ns, Total: 845709 ns
[2022-09-04T16:47:37.167+0000][1][safepoint    ] Safepoint "Cleanup", Time since last: 1003979208 ns, Reaching safepoint: 1392250 ns, At safepoint: 39459 ns, Total: 1431709 ns
[2022-09-04T16:47:38.171+0000][1][safepoint    ] Safepoint "Cleanup", Time since last: 1003017250 ns, Reaching safepoint: 812000 ns, At safepoint: 20917 ns, Total: 832917 ns
[2022-09-04T16:47:39.175+0000][1][safepoint    ] Safepoint "Cleanup", Time since last: 1002583834 ns, Reaching safepoint: 1068666 ns, At safepoint: 36500 ns, Total: 1105166 ns
[2022-09-04T16:47:40.180+0000][1][safepoint    ] Safepoint "Cleanup", Time since last: 1003929292 ns, Reaching safepoint: 894750 ns, At safepoint: 26625 ns, Total: 921375 ns
[2022-09-04T16:47:41.184+0000][1][safepoint    ] Safepoint "Cleanup", Time since last: 1002973376 ns, Reaching safepoint: 1392083 ns, At safepoint: 40459 ns, Total: 1432542 ns
[2022-09-04T16:47:42.193+0000][1][safepoint    ] Safepoint "Cleanup", Time since last: 1007514667 ns, Reaching safepoint: 1073000 ns, At safepoint: 30416 ns, Total: 1103416 ns
[2022-09-04T16:47:43.199+0000][1][safepoint    ] Safepoint "Cleanup", Time since last: 1004995251 ns, Reaching safepoint: 904667 ns, At safepoint: 24958 ns, Total: 929625 ns
[2022-09-04T16:47:44.201+0000][1][safepoint    ] Safepoint "Cleanup", Time since last: 1001855625 ns, Reaching safepoint: 866875 ns, At safepoint: 22875 ns, Total: 889750 ns
[2022-09-04T16:47:45.208+0000][1][safepoint    ] Safepoint "Cleanup", Time since last: 1003347918 ns, Reaching safepoint: 3004125 ns, At safepoint: 98708 ns, Total: 3102833 ns
[2022-09-04T16:47:46.213+0000][1][safepoint    ] Safepoint "Cleanup", Time since last: 1004386000 ns, Reaching safepoint: 896834 ns, At safepoint: 25333 ns, Total: 922167 ns
[2022-09-04T16:47:47.217+0000][1][safepoint    ] Safepoint "Cleanup", Time since last: 1002182084 ns, Reaching safepoint: 1981291 ns, At safepoint: 58667 ns, Total: 2039958 ns
[2022-09-04T16:47:48.222+0000][1][safepoint    ] Safepoint "Cleanup", Time since last: 1003778501 ns, Reaching safepoint: 783083 ns, At safepoint: 21875 ns, Total: 804958 ns
[2022-09-04T16:47:49.226+0000][1][safepoint    ] Safepoint "Cleanup", Time since last: 1002716625 ns, Reaching safepoint: 1060500 ns, At safepoint: 30000 ns, Total: 1090500 ns
[2022-09-04T16:47:50.229+0000][1][safepoint    ] Safepoint "Cleanup", Time since last: 1001943668 ns, Reaching safepoint: 1212625 ns, At safepoint: 33166 ns, Total: 1245791 ns
[2022-09-04T16:47:51.232+0000][1][safepoint    ] Safepoint "Cleanup", Time since last: 1002086959 ns, Reaching safepoint: 920500 ns, At safepoint: 92708 ns, Total: 1013208 ns
[2022-09-04T16:47:52.235+0000][1][safepoint    ] Safepoint "Cleanup", Time since last: 1001660626 ns, Reaching safepoint: 1135917 ns, At safepoint: 36833 ns, Total: 1172750 ns
[2022-09-04T16:47:53.239+0000][1][safepoint    ] Safepoint "Cleanup", Time since last: 1002965542 ns, Reaching safepoint: 1020167 ns, At safepoint: 33916 ns, Total: 1054083 ns
[2022-09-04T16:47:54.242+0000][1][safepoint    ] Safepoint "Cleanup", Time since last: 1001761418 ns, Reaching safepoint: 843666 ns, At safepoint: 20042 ns, Total: 863708 ns
[2022-09-04T16:47:55.245+0000][1][safepoint    ] Safepoint "Cleanup", Time since last: 1002303292 ns, Reaching safepoint: 988250 ns, At safepoint: 25417 ns, Total: 1013667 ns
[2022-09-04T16:47:57.210+0000][1][safepoint    ] Safepoint "Cleanup", Time since last: 1963450959 ns, Reaching safepoint: 2037625 ns, At safepoint: 46917 ns, Total: 2084542 ns
[2022-09-04T16:47:58.213+0000][1][safepoint    ] Safepoint "Cleanup", Time since last: 1001910083 ns, Reaching safepoint: 1018750 ns, At safepoint: 28875 ns, Total: 1047625 ns
[2022-09-04T16:47:59.216+0000][1][safepoint    ] Safepoint "Cleanup", Time since last: 1001606418 ns, Reaching safepoint: 1186375 ns, At safepoint: 26916 ns, Total: 1213291 ns
[2022-09-04T16:48:00.220+0000][1][safepoint    ] Safepoint "Cleanup", Time since last: 1002703417 ns, Reaching safepoint: 1467750 ns, At safepoint: 59584 ns, Total: 1527334 ns
[2022-09-04T16:48:01.224+0000][1][safepoint    ] Safepoint "Cleanup", Time since last: 1003149374 ns, Reaching safepoint: 1003750 ns, At safepoint: 60709 ns, Total: 1064459 ns
[2022-09-04T16:48:02.228+0000][1][safepoint    ] Safepoint "Cleanup", Time since last: 1002115875 ns, Reaching safepoint: 2056792 ns, At safepoint: 68666 ns, Total: 2125458 ns
[2022-09-04T16:48:03.238+0000][1][safepoint    ] Safepoint "Cleanup", Time since last: 1008261917 ns, Reaching safepoint: 1246417 ns, At safepoint: 59000 ns, Total: 1305417 ns
[2022-09-04T16:48:04.242+0000][1][safepoint    ] Safepoint "Cleanup", Time since last: 1002350084 ns, Reaching safepoint: 1553917 ns, At safepoint: 34500 ns, Total: 1588417 ns
[2022-09-04T16:48:05.247+0000][1][safepoint    ] Safepoint "Cleanup", Time since last: 1002168000 ns, Reaching safepoint: 2414042 ns, At safepoint: 181208 ns, Total: 2595250 ns
[2022-09-04T16:48:06.255+0000][1][safepoint    ] Safepoint "Cleanup", Time since last: 1007294501 ns, Reaching safepoint: 774541 ns, At safepoint: 51750 ns, Total: 826291 ns
[2022-09-04T16:48:07.257+0000][1][safepoint    ] Safepoint "Cleanup", Time since last: 1001877959 ns, Reaching safepoint: 792250 ns, At safepoint: 22542 ns, Total: 814792 ns
[2022-09-04T16:48:08.260+0000][1][safepoint    ] Safepoint "Cleanup", Time since last: 1001891792 ns, Reaching safepoint: 871875 ns, At safepoint: 26125 ns, Total: 898000 ns
[2022-09-04T16:48:09.265+0000][1][safepoint    ] Safepoint "Cleanup", Time since last: 1004026417 ns, Reaching safepoint: 993750 ns, At safepoint: 21083 ns, Total: 1014833 ns
[2022-09-04T16:48:10.269+0000][1][safepoint    ] Safepoint "Cleanup", Time since last: 1002327251 ns, Reaching safepoint: 1495667 ns, At safepoint: 34708 ns, Total: 1530375 ns
[2022-09-04T16:48:11.274+0000][1][safepoint    ] Safepoint "Cleanup", Time since last: 1003973875 ns, Reaching safepoint: 1307042 ns, At safepoint: 35292 ns, Total: 1342334 ns
[2022-09-04T16:48:12.281+0000][1][safepoint    ] Safepoint "Cleanup", Time since last: 1005238292 ns, Reaching safepoint: 1423416 ns, At safepoint: 36334 ns, Total: 1459750 ns
[2022-09-04T16:48:13.287+0000][1][safepoint    ] Safepoint "Cleanup", Time since last: 1005321792 ns, Reaching safepoint: 943875 ns, At safepoint: 28875 ns, Total: 972750 ns
[2022-09-04T16:48:14.291+0000][1][safepoint    ] Safepoint "Cleanup", Time since last: 1002374667 ns, Reaching safepoint: 1037458 ns, At safepoint: 24459 ns, Total: 1061917 ns
[2022-09-04T16:48:15.296+0000][1][safepoint    ] Safepoint "Cleanup", Time since last: 1001956625 ns, Reaching safepoint: 2818334 ns, At safepoint: 103875 ns, Total: 2922209 ns
[2022-09-04T16:48:16.301+0000][1][safepoint    ] Safepoint "Cleanup", Time since last: 1004847958 ns, Reaching safepoint: 799667 ns, At safepoint: 21500 ns, Total: 821167 ns
[2022-09-04T16:48:17.305+0000][1][safepoint    ] Safepoint "Cleanup", Time since last: 1002428876 ns, Reaching safepoint: 1424416 ns, At safepoint: 36209 ns, Total: 1460625 ns
[2022-09-04T16:48:18.309+0000][1][safepoint    ] Safepoint "Cleanup", Time since last: 1002841708 ns, Reaching safepoint: 993875 ns, At safepoint: 33584 ns, Total: 1027459 ns
[2022-09-04T16:48:19.313+0000][1][safepoint    ] Safepoint "Cleanup", Time since last: 1002135667 ns, Reaching safepoint: 1168125 ns, At safepoint: 109791 ns, Total: 1277916 ns
[2022-09-04T16:48:20.317+0000][1][safepoint    ] Safepoint "Cleanup", Time since last: 1003674251 ns, Reaching safepoint: 908792 ns, At safepoint: 35291 ns, Total: 944083 ns
[2022-09-04T16:48:21.320+0000][1][safepoint    ] Safepoint "Cleanup", Time since last: 1001747959 ns, Reaching safepoint: 897917 ns, At safepoint: 23791 ns, Total: 921708 ns
[2022-09-04T16:48:22.326+0000][1][safepoint    ] Safepoint "Cleanup", Time since last: 1002682209 ns, Reaching safepoint: 3225959 ns, At safepoint: 179000 ns, Total: 3404959 ns
[2022-09-04T16:48:23.331+0000][1][safepoint    ] Safepoint "Cleanup", Time since last: 1003870250 ns, Reaching safepoint: 1274000 ns, At safepoint: 31125 ns, Total: 1305125 ns
[2022-09-04T16:48:24.335+0000][1][safepoint    ] Safepoint "Cleanup", Time since last: 1002000626 ns, Reaching safepoint: 1598375 ns, At safepoint: 46250 ns, Total: 1644625 ns
[2022-09-04T16:48:25.340+0000][1][safepoint    ] Safepoint "Cleanup", Time since last: 1003161583 ns, Reaching safepoint: 2098625 ns, At safepoint: 42209 ns, Total: 2140834 ns
[2022-09-04T16:48:26.345+0000][1][safepoint    ] Safepoint "Cleanup", Time since last: 1003510834 ns, Reaching safepoint: 915750 ns, At safepoint: 23541 ns, Total: 939291 ns
[2022-09-04T16:48:27.349+0000][1][safepoint    ] Safepoint "Cleanup", Time since last: 1003380209 ns, Reaching safepoint: 867208 ns, At safepoint: 24959 ns, Total: 892167 ns
[2022-09-04T16:48:28.352+0000][1][safepoint    ] Safepoint "Cleanup", Time since last: 1001950875 ns, Reaching safepoint: 879667 ns, At safepoint: 23250 ns, Total: 902917 ns
[2022-09-04T16:48:29.354+0000][1][safepoint    ] Safepoint "Cleanup", Time since last: 1001723584 ns, Reaching safepoint: 998208 ns, At safepoint: 24417 ns, Total: 1022625 ns
[2022-09-04T16:48:30.361+0000][1][safepoint    ] Safepoint "Cleanup", Time since last: 1004188542 ns, Reaching safepoint: 1830083 ns, At safepoint: 103500 ns, Total: 1933583 ns
[2022-09-04T16:48:31.366+0000][1][safepoint    ] Safepoint "Cleanup", Time since last: 1004417208 ns, Reaching safepoint: 977750 ns, At safepoint: 28834 ns, Total: 1006584 ns
[2022-09-04T16:48:32.372+0000][1][safepoint    ] Safepoint "Cleanup", Time since last: 1002997125 ns, Reaching safepoint: 2951792 ns, At safepoint: 76083 ns, Total: 3027875 ns
[2022-09-04T16:48:33.378+0000][1][safepoint    ] Safepoint "Cleanup", Time since last: 1004393792 ns, Reaching safepoint: 1508375 ns, At safepoint: 37167 ns, Total: 1545542 ns
[2022-09-04T16:48:34.387+0000][1][safepoint    ] Safepoint "Cleanup", Time since last: 1007313625 ns, Reaching safepoint: 1063459 ns, At safepoint: 22458 ns, Total: 1085917 ns
[2022-09-04T16:48:35.393+0000][1][safepoint    ] Safepoint "Cleanup", Time since last: 1002932167 ns, Reaching safepoint: 2850334 ns, At safepoint: 79958 ns, Total: 2930292 ns
[2022-09-04T16:48:36.398+0000][1][safepoint    ] Safepoint "Cleanup", Time since last: 1004519667 ns, Reaching safepoint: 1131083 ns, At safepoint: 29917 ns, Total: 1161000 ns
[2022-09-04T16:48:37.403+0000][1][safepoint    ] Safepoint "Cleanup", Time since last: 1002950292 ns, Reaching safepoint: 2086292 ns, At safepoint: 57583 ns, Total: 2143875 ns
[2022-09-04T16:48:38.412+0000][1][safepoint    ] Safepoint "Cleanup", Time since last: 1008058334 ns, Reaching safepoint: 1044292 ns, At safepoint: 24291 ns, Total: 1068583 ns
[2022-09-04T16:48:39.420+0000][1][safepoint    ] Safepoint "Cleanup", Time since last: 1006279126 ns, Reaching safepoint: 1335000 ns, At safepoint: 34083 ns, Total: 1369083 ns
[2022-09-04T16:48:40.425+0000][1][safepoint    ] Safepoint "Cleanup", Time since last: 1003185959 ns, Reaching safepoint: 1424250 ns, At safepoint: 37250 ns, Total: 1461500 ns
[2022-09-04T16:48:41.432+0000][1][safepoint    ] Safepoint "Cleanup", Time since last: 1004556625 ns, Reaching safepoint: 2469250 ns, At safepoint: 66250 ns, Total: 2535500 ns
[2022-09-04T16:48:42.442+0000][1][safepoint    ] Safepoint "Cleanup", Time since last: 1008495876 ns, Reaching safepoint: 1463750 ns, At safepoint: 38000 ns, Total: 1501750 ns
[2022-09-04T16:48:43.449+0000][1][safepoint    ] Safepoint "Cleanup", Time since last: 1006019292 ns, Reaching safepoint: 1501208 ns, At safepoint: 38167 ns, Total: 1539375 ns
[2022-09-04T16:48:44.456+0000][1][safepoint    ] Safepoint "Cleanup", Time since last: 1005035250 ns, Reaching safepoint: 1538959 ns, At safepoint: 40458 ns, Total: 1579417 ns
[2022-09-04T16:48:45.465+0000][1][safepoint    ] Safepoint "Cleanup", Time since last: 1004499626 ns, Reaching safepoint: 3887166 ns, At safepoint: 106042 ns, Total: 3993208 ns
[2022-09-04T16:48:46.469+0000][1][safepoint    ] Safepoint "Cleanup", Time since last: 1003831292 ns, Reaching safepoint: 1070167 ns, At safepoint: 29958 ns, Total: 1100125 ns
[2022-09-04T16:48:47.473+0000][1][safepoint    ] Safepoint "Cleanup", Time since last: 1001491334 ns, Reaching safepoint: 1837375 ns, At safepoint: 48625 ns, Total: 1886000 ns
[2022-09-04T16:48:48.479+0000][1][safepoint    ] Safepoint "Cleanup", Time since last: 1004520042 ns, Reaching safepoint: 1352750 ns, At safepoint: 29792 ns, Total: 1382542 ns
[2022-09-04T16:48:49.485+0000][1][safepoint    ] Safepoint "Cleanup", Time since last: 1003217834 ns, Reaching safepoint: 2712041 ns, At safepoint: 81250 ns, Total: 2793291 ns
[2022-09-04T16:48:50.492+0000][1][safepoint    ] Safepoint "Cleanup", Time since last: 1004977709 ns, Reaching safepoint: 2082792 ns, At safepoint: 65291 ns, Total: 2148083 ns
[2022-09-04T16:48:51.497+0000][1][safepoint    ] Safepoint "Cleanup", Time since last: 1003264293 ns, Reaching safepoint: 1924375 ns, At safepoint: 60875 ns, Total: 1985250 ns
[2022-09-04T16:48:52.506+0000][1][safepoint    ] Safepoint "Cleanup", Time since last: 1004597417 ns, Reaching safepoint: 3650666 ns, At safepoint: 92125 ns, Total: 3742791 ns
[2022-09-04T16:48:53.516+0000][1][safepoint    ] Safepoint "Cleanup", Time since last: 1008865292 ns, Reaching safepoint: 1708042 ns, At safepoint: 55042 ns, Total: 1763084 ns
[2022-09-04T16:48:54.521+0000][1][safepoint    ] Safepoint "Cleanup", Time since last: 1004073084 ns, Reaching safepoint: 946333 ns, At safepoint: 27167 ns, Total: 973500 ns
[2022-09-04T16:48:56.477+0000][1][safepoint    ] Safepoint "Cleanup", Time since last: 1955323542 ns, Reaching safepoint: 724667 ns, At safepoint: 20917 ns, Total: 745584 ns
[2022-09-04T16:48:57.480+0000][1][safepoint    ] Safepoint "Cleanup", Time since last: 1001733292 ns, Reaching safepoint: 835500 ns, At safepoint: 22875 ns, Total: 858375 ns
[2022-09-04T16:48:58.484+0000][1][safepoint    ] Safepoint "Cleanup", Time since last: 1001989750 ns, Reaching safepoint: 1664292 ns, At safepoint: 44375 ns, Total: 1708667 ns
[2022-09-04T16:48:59.490+0000][1][safepoint    ] Safepoint "Cleanup", Time since last: 1004845542 ns, Reaching safepoint: 1235583 ns, At safepoint: 26334 ns, Total: 1261917 ns
[2022-09-04T16:49:00.496+0000][1][safepoint    ] Safepoint "Cleanup", Time since last: 1002164792 ns, Reaching safepoint: 4479791 ns, At safepoint: 141667 ns, Total: 4621458 ns
[2022-09-04T16:49:01.501+0000][1][safepoint    ] Safepoint "Cleanup", Time since last: 1004095792 ns, Reaching safepoint: 1206958 ns, At safepoint: 31625 ns, Total: 1238583 ns
[2022-09-04T16:49:02.506+0000][1][safepoint    ] Safepoint "Cleanup", Time since last: 1002046876 ns, Reaching safepoint: 2025625 ns, At safepoint: 65791 ns, Total: 2091416 ns
[2022-09-04T16:49:03.513+0000][1][safepoint    ] Safepoint "Cleanup", Time since last: 1005411084 ns, Reaching safepoint: 1835667 ns, At safepoint: 47208 ns, Total: 1882875 ns
[2022-09-04T16:49:04.518+0000][1][safepoint    ] Safepoint "Cleanup", Time since last: 1003755709 ns, Reaching safepoint: 1449708 ns, At safepoint: 34667 ns, Total: 1484375 ns
[2022-09-04T16:49:05.525+0000][1][safepoint    ] Safepoint "Cleanup", Time since last: 1003541792 ns, Reaching safepoint: 3479584 ns, At safepoint: 117500 ns, Total: 3597084 ns
[2022-09-04T16:49:06.533+0000][1][safepoint    ] Safepoint "Cleanup", Time since last: 1005790250 ns, Reaching safepoint: 1509208 ns, At safepoint: 38084 ns, Total: 1547292 ns
[2022-09-04T16:49:07.542+0000][1][safepoint    ] Safepoint "Cleanup", Time since last: 1007492292 ns, Reaching safepoint: 1558750 ns, At safepoint: 37167 ns, Total: 1595917 ns
[2022-09-04T16:49:08.547+0000][1][safepoint    ] Safepoint "Cleanup", Time since last: 1004085208 ns, Reaching safepoint: 1535625 ns, At safepoint: 39334 ns, Total: 1574959 ns
[2022-09-04T16:49:09.553+0000][1][safepoint    ] Safepoint "Cleanup", Time since last: 1003031083 ns, Reaching safepoint: 2795542 ns, At safepoint: 119750 ns, Total: 2915292 ns
[2022-09-04T16:49:10.558+0000][1][safepoint    ] Safepoint "Cleanup", Time since last: 1003482501 ns, Reaching safepoint: 1410958 ns, At safepoint: 60583 ns, Total: 1471541 ns
[2022-09-04T16:49:11.566+0000][1][safepoint    ] Safepoint "Cleanup", Time since last: 1006414667 ns, Reaching safepoint: 998459 ns, At safepoint: 32333 ns, Total: 1030792 ns
[2022-09-04T16:49:12.573+0000][1][safepoint    ] Safepoint "Cleanup", Time since last: 1003574334 ns, Reaching safepoint: 3324792 ns, At safepoint: 172666 ns, Total: 3497458 ns
[2022-09-04T16:49:13.586+0000][1][safepoint    ] Safepoint "Cleanup", Time since last: 1009284209 ns, Reaching safepoint: 3705500 ns, At safepoint: 180208 ns, Total: 3885708 ns
[2022-09-04T16:49:14.593+0000][1][safepoint    ] Safepoint "Cleanup", Time since last: 1006020709 ns, Reaching safepoint: 866250 ns, At safepoint: 22084 ns, Total: 888334 ns
[2022-09-04T16:49:15.598+0000][1][safepoint    ] Safepoint "Cleanup", Time since last: 1002008333 ns, Reaching safepoint: 3113667 ns, At safepoint: 131625 ns, Total: 3245292 ns
[2022-09-04T16:49:16.608+0000][1][safepoint    ] Safepoint "Cleanup", Time since last: 1008415834 ns, Reaching safepoint: 1884417 ns, At safepoint: 72833 ns, Total: 1957250 ns
[2022-09-04T16:49:17.617+0000][1][safepoint    ] Safepoint "Cleanup", Time since last: 1005655917 ns, Reaching safepoint: 3177333 ns, At safepoint: 66375 ns, Total: 3243708 ns
[2022-09-04T16:49:18.625+0000][1][safepoint    ] Safepoint "Cleanup", Time since last: 1006319792 ns, Reaching safepoint: 1460959 ns, At safepoint: 38750 ns, Total: 1499709 ns
[2022-09-04T16:49:19.629+0000][1][safepoint    ] Safepoint "Cleanup", Time since last: 1002563125 ns, Reaching safepoint: 938375 ns, At safepoint: 23917 ns, Total: 962292 ns
[2022-09-04T16:49:20.631+0000][1][safepoint    ] Safepoint "Cleanup", Time since last: 1001500584 ns, Reaching safepoint: 1282541 ns, At safepoint: 33084 ns, Total: 1315625 ns
[2022-09-04T16:49:21.637+0000][1][safepoint    ] Safepoint "Cleanup", Time since last: 1004603500 ns, Reaching safepoint: 1277917 ns, At safepoint: 30708 ns, Total: 1308625 ns
[2022-09-04T16:49:22.641+0000][1][safepoint    ] Safepoint "Cleanup", Time since last: 1002198876 ns, Reaching safepoint: 1461083 ns, At safepoint: 37750 ns, Total: 1498833 ns
[2022-09-04T16:49:23.648+0000][1][safepoint    ] Safepoint "Cleanup", Time since last: 1004161917 ns, Reaching safepoint: 2178584 ns, At safepoint: 70916 ns, Total: 2249500 ns
[2022-09-04T16:49:24.655+0000][1][safepoint    ] Safepoint "Cleanup", Time since last: 1006516501 ns, Reaching safepoint: 1426458 ns, At safepoint: 36625 ns, Total: 1463083 ns
[2022-09-04T16:49:25.663+0000][1][safepoint    ] Safepoint "Cleanup", Time since last: 1003486751 ns, Reaching safepoint: 4076666 ns, At safepoint: 101042 ns, Total: 4177708 ns
[2022-09-04T16:49:26.672+0000][1][safepoint    ] Safepoint "Cleanup", Time since last: 1007478417 ns, Reaching safepoint: 1481333 ns, At safepoint: 83084 ns, Total: 1564417 ns
[2022-09-04T16:49:28.350+0000][1][safepoint    ] Safepoint "Cleanup", Time since last: 1676999334 ns, Reaching safepoint: 892708 ns, At safepoint: 22875 ns, Total: 915583 ns
[2022-09-04T16:49:29.353+0000][1][safepoint    ] Safepoint "Cleanup", Time since last: 1001971001 ns, Reaching safepoint: 1099166 ns, At safepoint: 23292 ns, Total: 1122458 ns
[2022-09-04T16:49:30.357+0000][1][safepoint    ] Safepoint "Cleanup", Time since last: 1002615542 ns, Reaching safepoint: 877542 ns, At safepoint: 30666 ns, Total: 908208 ns
[2022-09-04T16:49:31.361+0000][1][safepoint    ] Safepoint "Cleanup", Time since last: 1003321250 ns, Reaching safepoint: 978417 ns, At safepoint: 56125 ns, Total: 1034542 ns
[2022-09-04T16:49:32.367+0000][1][safepoint    ] Safepoint "Cleanup", Time since last: 1002353667 ns, Reaching safepoint: 3639541 ns, At safepoint: 89042 ns, Total: 3728583 ns
[2022-09-04T16:49:33.375+0000][1][safepoint    ] Safepoint "Cleanup", Time since last: 1006700167 ns, Reaching safepoint: 1658167 ns, At safepoint: 135875 ns, Total: 1794042 ns
[2022-09-04T16:49:34.380+0000][1][safepoint    ] Safepoint "Cleanup", Time since last: 1003380667 ns, Reaching safepoint: 1441042 ns, At safepoint: 44166 ns, Total: 1485208 ns
[2022-09-04T16:49:35.386+0000][1][safepoint    ] Safepoint "Cleanup", Time since last: 1003503918 ns, Reaching safepoint: 2729625 ns, At safepoint: 48583 ns, Total: 2778208 ns
[2022-09-04T16:49:36.392+0000][1][safepoint    ] Safepoint "Cleanup", Time since last: 1004458375 ns, Reaching safepoint: 1024959 ns, At safepoint: 27041 ns, Total: 1052000 ns
[2022-09-04T16:49:37.395+0000][1][safepoint    ] Safepoint "Cleanup", Time since last: 1001895417 ns, Reaching safepoint: 954459 ns, At safepoint: 25000 ns, Total: 979459 ns
[2022-09-04T16:49:38.398+0000][1][safepoint    ] Safepoint "Cleanup", Time since last: 1002600459 ns, Reaching safepoint: 916375 ns, At safepoint: 24375 ns, Total: 940750 ns
[2022-09-04T16:49:39.402+0000][1][safepoint    ] Safepoint "Cleanup", Time since last: 1002330042 ns, Reaching safepoint: 1771791 ns, At safepoint: 49584 ns, Total: 1821375 ns
[2022-09-04T16:49:40.410+0000][1][safepoint    ] Safepoint "Cleanup", Time since last: 1006515584 ns, Reaching safepoint: 918125 ns, At safepoint: 24000 ns, Total: 942125 ns
[2022-09-04T16:49:40.526+0000][1][safepoint    ] Safepoint "RevokeBias", Time since last: 114801000 ns, Reaching safepoint: 972750 ns, At safepoint: 338208 ns, Total: 1310958 ns
[2022-09-04T16:49:40.543+0000][1][safepoint    ] Safepoint "RevokeBias", Time since last: 16402125 ns, Reaching safepoint: 529167 ns, At safepoint: 101666 ns, Total: 630833 ns
[2022-09-04T16:49:40.644+0000][1][safepoint    ] Safepoint "RevokeBias", Time since last: 99954250 ns, Reaching safepoint: 972584 ns, At safepoint: 139708 ns, Total: 1112292 ns
[2022-09-04T16:49:40.683+0000][1][safepoint    ] Safepoint "RevokeBias", Time since last: 36082125 ns, Reaching safepoint: 2831417 ns, At safepoint: 158625 ns, Total: 2990042 ns
[2022-09-04T16:49:41.689+0000][1][safepoint    ] Safepoint "Cleanup", Time since last: 1002604959 ns, Reaching safepoint: 3316541 ns, At safepoint: 206584 ns, Total: 3523125 ns
[2022-09-04T16:49:42.694+0000][1][safepoint    ] Safepoint "Cleanup", Time since last: 1003459625 ns, Reaching safepoint: 1179167 ns, At safepoint: 33583 ns, Total: 1212750 ns
[2022-09-04T16:49:43.697+0000][1][safepoint    ] Safepoint "Cleanup", Time since last: 1001941584 ns, Reaching safepoint: 832208 ns, At safepoint: 22000 ns, Total: 854208 ns
[2022-09-04T16:49:44.701+0000][1][safepoint    ] Safepoint "Cleanup", Time since last: 1003220459 ns, Reaching safepoint: 845917 ns, At safepoint: 21833 ns, Total: 867750 ns
[2022-09-04T16:49:45.704+0000][1][safepoint    ] Safepoint "Cleanup", Time since last: 1001818917 ns, Reaching safepoint: 961875 ns, At safepoint: 26208 ns, Total: 988083 ns
[2022-09-04T16:49:46.707+0000][1][safepoint    ] Safepoint "Cleanup", Time since last: 1002480418 ns, Reaching safepoint: 1202500 ns, At safepoint: 32833 ns, Total: 1235333 ns
[2022-09-04T16:49:47.713+0000][1][safepoint    ] Safepoint "Cleanup", Time since last: 1002563250 ns, Reaching safepoint: 2699042 ns, At safepoint: 103458 ns, Total: 2802500 ns
[2022-09-04T16:49:48.724+0000][1][safepoint    ] Safepoint "Cleanup", Time since last: 1010715918 ns, Reaching safepoint: 853041 ns, At safepoint: 22209 ns, Total: 875250 ns
[2022-09-04T16:49:49.732+0000][1][safepoint    ] Safepoint "Cleanup", Time since last: 1006742542 ns, Reaching safepoint: 889708 ns, At safepoint: 22458 ns, Total: 912166 ns
[2022-09-04T16:49:50.735+0000][1][safepoint    ] Safepoint "Cleanup", Time since last: 1001858667 ns, Reaching safepoint: 1414334 ns, At safepoint: 38125 ns, Total: 1452459 ns
[2022-09-04T16:49:51.740+0000][1][safepoint    ] Safepoint "Cleanup", Time since last: 1002801042 ns, Reaching safepoint: 2290375 ns, At safepoint: 98625 ns, Total: 2389000 ns
[2022-09-04T16:49:52.746+0000][1][safepoint    ] Safepoint "Cleanup", Time since last: 1004747250 ns, Reaching safepoint: 1318834 ns, At safepoint: 29500 ns, Total: 1348334 ns
[2022-09-04T16:49:53.751+0000][1][safepoint    ] Safepoint "Cleanup", Time since last: 1002615875 ns, Reaching safepoint: 1596542 ns, At safepoint: 40542 ns, Total: 1637084 ns
[2022-09-04T16:49:54.755+0000][1][safepoint    ] Safepoint "Cleanup", Time since last: 1003312333 ns, Reaching safepoint: 822375 ns, At safepoint: 25584 ns, Total: 847959 ns
[2022-09-04T16:49:55.758+0000][1][safepoint    ] Safepoint "Cleanup", Time since last: 1001720167 ns, Reaching safepoint: 1607417 ns, At safepoint: 30916 ns, Total: 1638333 ns
[2022-09-04T16:49:56.763+0000][1][safepoint    ] Safepoint "Cleanup", Time since last: 1003688917 ns, Reaching safepoint: 1102459 ns, At safepoint: 32708 ns, Total: 1135167 ns
[2022-09-04T16:49:58.394+0000][1][safepoint    ] Safepoint "Cleanup", Time since last: 1629246584 ns, Reaching safepoint: 1233167 ns, At safepoint: 33666 ns, Total: 1266833 ns
[2022-09-04T16:49:59.397+0000][1][safepoint    ] Safepoint "Cleanup", Time since last: 1002725668 ns, Reaching safepoint: 976791 ns, At safepoint: 34125 ns, Total: 1010916 ns
[2022-09-04T16:50:00.402+0000][1][safepoint    ] Safepoint "Cleanup", Time since last: 1003347792 ns, Reaching safepoint: 1474917 ns, At safepoint: 37500 ns, Total: 1512417 ns
[2022-09-04T16:50:01.239+0000][1][safepoint    ] Safepoint "RevokeBias", Time since last: 834703500 ns, Reaching safepoint: 2297375 ns, At safepoint: 391167 ns, Total: 2688542 ns
[2022-09-04T16:50:01.252+0000][1][safepoint    ] Safepoint "RevokeBias", Time since last: 12208125 ns, Reaching safepoint: 943542 ns, At safepoint: 162041 ns, Total: 1105583 ns
[2022-09-04T16:50:01.355+0000][1][safepoint    ] Safepoint "RevokeBias", Time since last: 102265875 ns, Reaching safepoint: 792000 ns, At safepoint: 150709 ns, Total: 942709 ns
[2022-09-04T16:50:01.396+0000][1][safepoint    ] Safepoint "RevokeBias", Time since last: 38545041 ns, Reaching safepoint: 1597375 ns, At safepoint: 140125 ns, Total: 1737500 ns
[2022-09-04T16:50:01.711+0000][1][safepoint    ] Safepoint "RevokeBias", Time since last: 313747125 ns, Reaching safepoint: 1505750 ns, At safepoint: 161250 ns, Total: 1667000 ns
[2022-09-04T16:50:01.714+0000][1][safepoint    ] Safepoint "RevokeBias", Time since last: 2237084 ns, Reaching safepoint: 520916 ns, At safepoint: 94042 ns, Total: 614958 ns
[2022-09-04T16:50:01.732+0000][1][safepoint    ] Safepoint "RevokeBias", Time since last: 17029083 ns, Reaching safepoint: 1144542 ns, At safepoint: 104458 ns, Total: 1249000 ns
[2022-09-04T16:50:01.744+0000][1][safepoint    ] Safepoint "RevokeBias", Time since last: 10631584 ns, Reaching safepoint: 1109208 ns, At safepoint: 101458 ns, Total: 1210666 ns
[2022-09-04T16:50:02.747+0000][1][safepoint    ] Safepoint "Cleanup", Time since last: 1001778793 ns, Reaching safepoint: 988291 ns, At safepoint: 20917 ns, Total: 1009208 ns
[2022-09-04T16:50:03.751+0000][1][safepoint    ] Safepoint "Cleanup", Time since last: 1002165459 ns, Reaching safepoint: 1757791 ns, At safepoint: 40375 ns, Total: 1798166 ns
[2022-09-04T16:50:04.758+0000][1][safepoint    ] Safepoint "Cleanup", Time since last: 1006076543 ns, Reaching safepoint: 965625 ns, At safepoint: 19083 ns, Total: 984708 ns
[2022-09-04T16:50:05.763+0000][1][safepoint    ] Safepoint "Cleanup", Time since last: 1002512292 ns, Reaching safepoint: 1837792 ns, At safepoint: 50791 ns, Total: 1888583 ns
[2022-09-04T16:50:06.767+0000][1][safepoint    ] Safepoint "Cleanup", Time since last: 1002900334 ns, Reaching safepoint: 1314292 ns, At safepoint: 31583 ns, Total: 1345875 ns
[2022-09-04T16:50:07.769+0000][1][safepoint    ] Safepoint "Cleanup", Time since last: 1001447792 ns, Reaching safepoint: 1265250 ns, At safepoint: 30042 ns, Total: 1295292 ns
[2022-09-04T16:50:08.773+0000][1][safepoint    ] Safepoint "Cleanup", Time since last: 1002730334 ns, Reaching safepoint: 1021583 ns, At safepoint: 20583 ns, Total: 1042166 ns
[2022-09-04T16:50:09.776+0000][1][safepoint    ] Safepoint "Cleanup", Time since last: 1001987168 ns, Reaching safepoint: 888291 ns, At safepoint: 28584 ns, Total: 916875 ns
[2022-09-04T16:50:10.779+0000][1][safepoint    ] Safepoint "Cleanup", Time since last: 1002299583 ns, Reaching safepoint: 939375 ns, At safepoint: 23875 ns, Total: 963250 ns
[2022-09-04T16:50:11.782+0000][1][safepoint    ] Safepoint "Cleanup", Time since last: 1001771918 ns, Reaching safepoint: 895833 ns, At safepoint: 25167 ns, Total: 921000 ns
[2022-09-04T16:50:12.785+0000][1][safepoint    ] Safepoint "Cleanup", Time since last: 1001960875 ns, Reaching safepoint: 1122000 ns, At safepoint: 24458 ns, Total: 1146458 ns
[2022-09-04T16:50:13.788+0000][1][safepoint    ] Safepoint "Cleanup", Time since last: 1002182126 ns, Reaching safepoint: 952708 ns, At safepoint: 24959 ns, Total: 977667 ns
[2022-09-04T16:50:14.791+0000][1][safepoint    ] Safepoint "Cleanup", Time since last: 1002078292 ns, Reaching safepoint: 907458 ns, At safepoint: 23875 ns, Total: 931333 ns
[2022-09-04T16:50:15.795+0000][1][safepoint    ] Safepoint "Cleanup", Time since last: 1001576417 ns, Reaching safepoint: 1856167 ns, At safepoint: 65166 ns, Total: 1921333 ns
[2022-09-04T16:50:16.799+0000][1][safepoint    ] Safepoint "Cleanup", Time since last: 1003015334 ns, Reaching safepoint: 1368084 ns, At safepoint: 90000 ns, Total: 1458084 ns
[2022-09-04T16:50:17.804+0000][1][safepoint    ] Safepoint "Cleanup", Time since last: 1003119125 ns, Reaching safepoint: 1379625 ns, At safepoint: 71333 ns, Total: 1450958 ns
[2022-09-04T16:50:18.812+0000][1][safepoint    ] Safepoint "Cleanup", Time since last: 1007225459 ns, Reaching safepoint: 913459 ns, At safepoint: 32625 ns, Total: 946084 ns
[2022-09-04T16:50:19.815+0000][1][safepoint    ] Safepoint "Cleanup", Time since last: 1002011333 ns, Reaching safepoint: 934459 ns, At safepoint: 27541 ns, Total: 962000 ns
[2022-09-04T16:50:20.819+0000][1][safepoint    ] Safepoint "Cleanup", Time since last: 1002543834 ns, Reaching safepoint: 1351625 ns, At safepoint: 32542 ns, Total: 1384167 ns
[2022-09-04T16:50:21.823+0000][1][safepoint    ] Safepoint "Cleanup", Time since last: 1002164542 ns, Reaching safepoint: 1455417 ns, At safepoint: 39833 ns, Total: 1495250 ns
[2022-09-04T16:50:22.827+0000][1][safepoint    ] Safepoint "Cleanup", Time since last: 1002404917 ns, Reaching safepoint: 2350292 ns, At safepoint: 60041 ns, Total: 2410333 ns
[2022-09-04T16:50:23.835+0000][1][safepoint    ] Safepoint "Cleanup", Time since last: 1006964084 ns, Reaching safepoint: 1090959 ns, At safepoint: 28916 ns, Total: 1119875 ns
[2022-09-04T16:50:24.838+0000][1][safepoint    ] Safepoint "Cleanup", Time since last: 1001791501 ns, Reaching safepoint: 1034583 ns, At safepoint: 28125 ns, Total: 1062708 ns
[2022-09-04T16:50:25.841+0000][1][safepoint    ] Safepoint "Cleanup", Time since last: 1001998209 ns, Reaching safepoint: 1130708 ns, At safepoint: 30125 ns, Total: 1160833 ns
[2022-09-04T16:50:26.846+0000][1][safepoint    ] Safepoint "Cleanup", Time since last: 1002587251 ns, Reaching safepoint: 2169750 ns, At safepoint: 82583 ns, Total: 2252333 ns
[2022-09-04T16:50:28.477+0000][1][safepoint    ] Safepoint "Cleanup", Time since last: 1627189876 ns, Reaching safepoint: 3292417 ns, At safepoint: 86291 ns, Total: 3378708 ns
[2022-09-04T16:50:29.490+0000][1][safepoint    ] Safepoint "Cleanup", Time since last: 1008798167 ns, Reaching safepoint: 3883750 ns, At safepoint: 85334 ns, Total: 3969084 ns
[2022-09-04T16:50:30.500+0000][1][safepoint    ] Safepoint "Cleanup", Time since last: 1006639833 ns, Reaching safepoint: 3883084 ns, At safepoint: 104500 ns, Total: 3987584 ns
[2022-09-04T16:50:31.511+0000][1][safepoint    ] Safepoint "Cleanup", Time since last: 1007305333 ns, Reaching safepoint: 2736958 ns, At safepoint: 82250 ns, Total: 2819208 ns
[2022-09-04T16:50:32.518+0000][1][safepoint    ] Safepoint "Cleanup", Time since last: 1006435417 ns, Reaching safepoint: 856375 ns, At safepoint: 24750 ns, Total: 881125 ns
[2022-09-04T16:50:33.522+0000][1][safepoint    ] Safepoint "Cleanup", Time since last: 1003066626 ns, Reaching safepoint: 1307041 ns, At safepoint: 31167 ns, Total: 1338208 ns
[2022-09-04T16:50:34.527+0000][1][safepoint    ] Safepoint "Cleanup", Time since last: 1003211959 ns, Reaching safepoint: 1186166 ns, At safepoint: 28125 ns, Total: 1214291 ns
[2022-09-04T16:50:35.533+0000][1][safepoint    ] Safepoint "Cleanup", Time since last: 1002131543 ns, Reaching safepoint: 4209250 ns, At safepoint: 196041 ns, Total: 4405291 ns
[2022-09-04T16:50:36.542+0000][1][safepoint    ] Safepoint "Cleanup", Time since last: 1005843001 ns, Reaching safepoint: 2723458 ns, At safepoint: 75250 ns, Total: 2798708 ns
[2022-09-04T16:50:37.548+0000][1][safepoint    ] Safepoint "Cleanup", Time since last: 1004453209 ns, Reaching safepoint: 1907750 ns, At safepoint: 54458 ns, Total: 1962208 ns
[2022-09-04T16:50:38.557+0000][1][safepoint    ] Safepoint "Cleanup", Time since last: 1004759917 ns, Reaching safepoint: 3239292 ns, At safepoint: 94792 ns, Total: 3334084 ns
[2022-09-04T16:50:39.580+0000][1][safepoint    ] Safepoint "Cleanup", Time since last: 1004959958 ns, Reaching safepoint: 13398667 ns, At safepoint: 1098542 ns, Total: 14497209 ns
[2022-09-04T16:50:40.592+0000][1][safepoint    ] Safepoint "Cleanup", Time since last: 1014124000 ns, Reaching safepoint: 1797750 ns, At safepoint: 38667 ns, Total: 1836417 ns
[2022-09-04T16:50:41.597+0000][1][safepoint    ] Safepoint "Cleanup", Time since last: 1002437667 ns, Reaching safepoint: 2378542 ns, At safepoint: 74000 ns, Total: 2452542 ns
[2022-09-04T16:50:42.605+0000][1][safepoint    ] Safepoint "Cleanup", Time since last: 1004951167 ns, Reaching safepoint: 3477375 ns, At safepoint: 92583 ns, Total: 3569958 ns
[2022-09-04T16:50:43.616+0000][1][safepoint    ] Safepoint "Cleanup", Time since last: 1006783292 ns, Reaching safepoint: 3441125 ns, At safepoint: 56750 ns, Total: 3497875 ns
[2022-09-04T16:50:44.623+0000][1][safepoint    ] Safepoint "Cleanup", Time since last: 1006366084 ns, Reaching safepoint: 806792 ns, At safepoint: 19583 ns, Total: 826375 ns
[2022-09-04T16:50:45.625+0000][1][safepoint    ] Safepoint "Cleanup", Time since last: 1001429376 ns, Reaching safepoint: 862500 ns, At safepoint: 22958 ns, Total: 885458 ns
[2022-09-04T16:50:46.628+0000][1][safepoint    ] Safepoint "Cleanup", Time since last: 1001894584 ns, Reaching safepoint: 929792 ns, At safepoint: 23875 ns, Total: 953667 ns
[2022-09-04T16:50:47.635+0000][1][safepoint    ] Safepoint "Cleanup", Time since last: 1003834333 ns, Reaching safepoint: 3396625 ns, At safepoint: 95834 ns, Total: 3492459 ns
[2022-09-04T16:50:48.643+0000][1][safepoint    ] Safepoint "Cleanup", Time since last: 1005453083 ns, Reaching safepoint: 1976917 ns, At safepoint: 61875 ns, Total: 2038792 ns
[2022-09-04T16:50:49.650+0000][1][safepoint    ] Safepoint "Cleanup", Time since last: 1005731042 ns, Reaching safepoint: 1838292 ns, At safepoint: 43167 ns, Total: 1881459 ns
[2022-09-04T16:50:50.658+0000][1][safepoint    ] Safepoint "Cleanup", Time since last: 1003630250 ns, Reaching safepoint: 3707167 ns, At safepoint: 120416 ns, Total: 3827583 ns
[2022-09-04T16:50:51.669+0000][1][safepoint    ] Safepoint "Cleanup", Time since last: 1008279709 ns, Reaching safepoint: 2950250 ns, At safepoint: 107209 ns, Total: 3057459 ns
[2022-09-04T16:50:52.678+0000][1][safepoint    ] Safepoint "Cleanup", Time since last: 1006563583 ns, Reaching safepoint: 2347750 ns, At safepoint: 72667 ns, Total: 2420417 ns
[2022-09-04T16:50:53.688+0000][1][safepoint    ] Safepoint "Cleanup", Time since last: 1005651542 ns, Reaching safepoint: 3716334 ns, At safepoint: 95958 ns, Total: 3812292 ns
[2022-09-04T16:50:54.696+0000][1][safepoint    ] Safepoint "Cleanup", Time since last: 1006533792 ns, Reaching safepoint: 2087500 ns, At safepoint: 49667 ns, Total: 2137167 ns
[2022-09-04T16:50:55.703+0000][1][safepoint    ] Safepoint "Cleanup", Time since last: 1004046375 ns, Reaching safepoint: 2192500 ns, At safepoint: 57000 ns, Total: 2249500 ns
[2022-09-04T16:50:56.707+0000][1][safepoint    ] Safepoint "Cleanup", Time since last: 1003447834 ns, Reaching safepoint: 1000458 ns, At safepoint: 130209 ns, Total: 1130667 ns
[2022-09-04T16:50:57.440+0000][1][safepoint    ] Safepoint "RevokeBias", Time since last: 720994583 ns, Reaching safepoint: 2750709 ns, At safepoint: 8726791 ns, Total: 11477500 ns
[2022-09-04T16:50:57.490+0000][1][safepoint    ] Safepoint "RevokeBias", Time since last: 47660500 ns, Reaching safepoint: 2509167 ns, At safepoint: 329625 ns, Total: 2838792 ns
[2022-09-04T16:50:57.754+0000][1][safepoint    ] Safepoint "RevokeBias", Time since last: 253410667 ns, Reaching safepoint: 10431375 ns, At safepoint: 413000 ns, Total: 10844375 ns
[2022-09-04T16:50:57.854+0000][1][safepoint    ] Safepoint "RevokeBias", Time since last: 94219458 ns, Reaching safepoint: 5506792 ns, At safepoint: 125375 ns, Total: 5632167 ns
[2022-09-04T16:50:58.006+0000][1][safepoint    ] Safepoint "RevokeBias", Time since last: 149134333 ns, Reaching safepoint: 2390334 ns, At safepoint: 94000 ns, Total: 2484334 ns
[2022-09-04T16:50:59.011+0000][1][safepoint    ] Safepoint "Cleanup", Time since last: 1003560417 ns, Reaching safepoint: 1802541 ns, At safepoint: 41084 ns, Total: 1843625 ns
[2022-09-04T16:51:00.015+0000][1][safepoint    ] Safepoint "Cleanup", Time since last: 1002959167 ns, Reaching safepoint: 958500 ns, At safepoint: 28292 ns, Total: 986792 ns
[2022-09-04T16:51:01.019+0000][1][safepoint    ] Safepoint "Cleanup", Time since last: 1002069833 ns, Reaching safepoint: 1700417 ns, At safepoint: 36500 ns, Total: 1736917 ns
[2022-09-04T16:51:02.023+0000][1][safepoint    ] Safepoint "Cleanup", Time since last: 1002872958 ns, Reaching safepoint: 1876625 ns, At safepoint: 53792 ns, Total: 1930417 ns
[2022-09-04T16:51:03.032+0000][1][safepoint    ] Safepoint "Cleanup", Time since last: 1007690209 ns, Reaching safepoint: 901833 ns, At safepoint: 21292 ns, Total: 923125 ns
[2022-09-04T16:51:04.037+0000][1][safepoint    ] Safepoint "Cleanup", Time since last: 1001791417 ns, Reaching safepoint: 3240708 ns, At safepoint: 56667 ns, Total: 3297375 ns
[2022-09-04T16:51:05.041+0000][1][safepoint    ] Safepoint "Cleanup", Time since last: 1002609709 ns, Reaching safepoint: 1495875 ns, At safepoint: 96583 ns, Total: 1592458 ns
[2022-09-04T16:51:06.045+0000][1][safepoint    ] Safepoint "Cleanup", Time since last: 1002697334 ns, Reaching safepoint: 1363208 ns, At safepoint: 29875 ns, Total: 1393083 ns
[2022-09-04T16:51:07.051+0000][1][safepoint    ] Safepoint "Cleanup", Time since last: 1002434126 ns, Reaching safepoint: 2716791 ns, At safepoint: 75792 ns, Total: 2792583 ns
[2022-09-04T16:51:08.057+0000][1][safepoint    ] Safepoint "Cleanup", Time since last: 1005945292 ns, Reaching safepoint: 913333 ns, At safepoint: 22417 ns, Total: 935750 ns
[2022-09-04T16:51:09.061+0000][1][safepoint    ] Safepoint "Cleanup", Time since last: 1002429292 ns, Reaching safepoint: 1077375 ns, At safepoint: 28209 ns, Total: 1105584 ns
[2022-09-04T16:51:10.066+0000][1][safepoint    ] Safepoint "Cleanup", Time since last: 1004317292 ns, Reaching safepoint: 1053666 ns, At safepoint: 37625 ns, Total: 1091291 ns
[2022-09-04T16:51:11.070+0000][1][safepoint    ] Safepoint "Cleanup", Time since last: 1002752209 ns, Reaching safepoint: 1191709 ns, At safepoint: 49125 ns, Total: 1240834 ns
[2022-09-04T16:51:11.138+0000][1][safepoint    ] Safepoint "RevokeBias", Time since last: 66360375 ns, Reaching safepoint: 941958 ns, At safepoint: 234542 ns, Total: 1176500 ns
[2022-09-04T16:51:11.167+0000][1][safepoint    ] Safepoint "BulkRevokeBias", Time since last: 16302875 ns, Reaching safepoint: 3151500 ns, At safepoint: 9500208 ns, Total: 12651708 ns
[2022-09-04T16:51:11.274+0000][1][safepoint    ] Safepoint "RevokeBias", Time since last: 106739208 ns, Reaching safepoint: 747917 ns, At safepoint: 102458 ns, Total: 850375 ns
[2022-09-04T16:51:11.278+0000][1][safepoint    ] Safepoint "RevokeBias", Time since last: 2526167 ns, Reaching safepoint: 771417 ns, At safepoint: 85625 ns, Total: 857042 ns
[2022-09-04T16:51:11.333+0000][1][safepoint    ] Safepoint "RevokeBias", Time since last: 54506333 ns, Reaching safepoint: 635125 ns, At safepoint: 335125 ns, Total: 970250 ns
[2022-09-04T16:51:11.427+0000][1][safepoint    ] Safepoint "RevokeBias", Time since last: 92442042 ns, Reaching safepoint: 1007916 ns, At safepoint: 113709 ns, Total: 1121625 ns
[2022-09-04T16:51:12.434+0000][1][safepoint    ] Safepoint "Cleanup", Time since last: 1005035542 ns, Reaching safepoint: 1732750 ns, At safepoint: 42208 ns, Total: 1774958 ns
[2022-09-04T16:51:13.440+0000][1][safepoint    ] Safepoint "Cleanup", Time since last: 1004496834 ns, Reaching safepoint: 1526292 ns, At safepoint: 37250 ns, Total: 1563542 ns
[2022-09-04T16:51:14.446+0000][1][safepoint    ] Safepoint "Cleanup", Time since last: 1003597417 ns, Reaching safepoint: 2867166 ns, At safepoint: 69625 ns, Total: 2936791 ns
[2022-09-04T16:51:15.457+0000][1][safepoint    ] Safepoint "Cleanup", Time since last: 1009269168 ns, Reaching safepoint: 1570625 ns, At safepoint: 119541 ns, Total: 1690166 ns
[2022-09-04T16:51:16.463+0000][1][safepoint    ] Safepoint "Cleanup", Time since last: 1004112209 ns, Reaching safepoint: 1737333 ns, At safepoint: 47875 ns, Total: 1785208 ns
[2022-09-04T16:51:17.467+0000][1][safepoint    ] Safepoint "Cleanup", Time since last: 1002986334 ns, Reaching safepoint: 945084 ns, At safepoint: 15958 ns, Total: 961042 ns
[2022-09-04T16:51:17.676+0000][1][safepoint    ] Safepoint "RevokeBias", Time since last: 208287750 ns, Reaching safepoint: 677375 ns, At safepoint: 142583 ns, Total: 819958 ns
[2022-09-04T16:51:17.711+0000][1][safepoint    ] Safepoint "RevokeBias", Time since last: 33149334 ns, Reaching safepoint: 1214875 ns, At safepoint: 113083 ns, Total: 1327958 ns
[2022-09-04T16:51:18.717+0000][1][safepoint    ] Safepoint "Cleanup", Time since last: 1003816876 ns, Reaching safepoint: 2718541 ns, At safepoint: 71834 ns, Total: 2790375 ns
[2022-09-04T16:51:19.722+0000][1][safepoint    ] Safepoint "Cleanup", Time since last: 1004167875 ns, Reaching safepoint: 960333 ns, At safepoint: 22875 ns, Total: 983208 ns
[2022-09-04T16:51:20.734+0000][1][safepoint    ] Safepoint "Cleanup", Time since last: 1008836459 ns, Reaching safepoint: 2226042 ns, At safepoint: 67875 ns, Total: 2293917 ns
[2022-09-04T16:51:21.739+0000][1][safepoint    ] Safepoint "Cleanup", Time since last: 1003445834 ns, Reaching safepoint: 1573291 ns, At safepoint: 39375 ns, Total: 1612666 ns
[2022-09-04T16:51:22.742+0000][1][safepoint    ] Safepoint "Cleanup", Time since last: 1002569751 ns, Reaching safepoint: 1178166 ns, At safepoint: 25834 ns, Total: 1204000 ns
[2022-09-04T16:51:23.748+0000][1][safepoint    ] Safepoint "Cleanup", Time since last: 1002356667 ns, Reaching safepoint: 2713667 ns, At safepoint: 84041 ns, Total: 2797708 ns
[2022-09-04T16:51:24.755+0000][1][safepoint    ] Safepoint "Cleanup", Time since last: 1005819084 ns, Reaching safepoint: 1648333 ns, At safepoint: 41792 ns, Total: 1690125 ns
[2022-09-04T16:51:25.276+0000][1][safepoint    ] Safepoint "RevokeBias", Time since last: 519447209 ns, Reaching safepoint: 899416 ns, At safepoint: 128959 ns, Total: 1028375 ns
[2022-09-04T16:51:25.279+0000][1][safepoint    ] Safepoint "RevokeBias", Time since last: 2592625 ns, Reaching safepoint: 581625 ns, At safepoint: 104875 ns, Total: 686500 ns
[2022-09-04T16:51:25.302+0000][1][safepoint    ] Safepoint "RevokeBias", Time since last: 21263458 ns, Reaching safepoint: 1911625 ns, At safepoint: 150292 ns, Total: 2061917 ns
[2022-09-04T16:51:25.319+0000][1][safepoint    ] Safepoint "RevokeBias", Time since last: 15164750 ns, Reaching safepoint: 1942083 ns, At safepoint: 109792 ns, Total: 2051875 ns
[2022-09-04T16:51:26.324+0000][1][safepoint    ] Safepoint "Cleanup", Time since last: 1003205208 ns, Reaching safepoint: 1092292 ns, At safepoint: 23875 ns, Total: 1116167 ns
[2022-09-04T16:51:27.327+0000][1][safepoint    ] Safepoint "Cleanup", Time since last: 1002351001 ns, Reaching safepoint: 923541 ns, At safepoint: 22792 ns, Total: 946333 ns
[2022-09-04T16:51:28.331+0000][1][safepoint    ] Safepoint "Cleanup", Time since last: 1003249292 ns, Reaching safepoint: 1101750 ns, At safepoint: 22208 ns, Total: 1123958 ns
[2022-09-04T16:51:29.335+0000][1][safepoint    ] Safepoint "Cleanup", Time since last: 1002737126 ns, Reaching safepoint: 857958 ns, At safepoint: 22042 ns, Total: 880000 ns
[2022-09-04T16:51:30.340+0000][1][safepoint    ] Safepoint "Cleanup", Time since last: 1003901584 ns, Reaching safepoint: 881666 ns, At safepoint: 23917 ns, Total: 905583 ns
[2022-09-04T16:51:31.343+0000][1][safepoint    ] Safepoint "Cleanup", Time since last: 1001977667 ns, Reaching safepoint: 985083 ns, At safepoint: 34000 ns, Total: 1019083 ns
[2022-09-04T16:51:32.348+0000][1][safepoint    ] Safepoint "Cleanup", Time since last: 1003707292 ns, Reaching safepoint: 1419708 ns, At safepoint: 37584 ns, Total: 1457292 ns
[2022-09-04T16:51:33.353+0000][1][safepoint    ] Safepoint "Cleanup", Time since last: 1003861042 ns, Reaching safepoint: 1345958 ns, At safepoint: 80792 ns, Total: 1426750 ns
[2022-09-04T16:51:34.356+0000][1][safepoint    ] Safepoint "Cleanup", Time since last: 1002252084 ns, Reaching safepoint: 986708 ns, At safepoint: 43208 ns, Total: 1029916 ns
[2022-09-04T16:51:35.362+0000][1][safepoint    ] Safepoint "Cleanup", Time since last: 1002968042 ns, Reaching safepoint: 2066125 ns, At safepoint: 60625 ns, Total: 2126750 ns
[2022-09-04T16:51:36.368+0000][1][safepoint    ] Safepoint "Cleanup", Time since last: 1004081668 ns, Reaching safepoint: 1849625 ns, At safepoint: 51791 ns, Total: 1901416 ns
[2022-09-04T16:51:37.372+0000][1][safepoint    ] Safepoint "Cleanup", Time since last: 1003236209 ns, Reaching safepoint: 1177875 ns, At safepoint: 37125 ns, Total: 1215000 ns
[2022-09-04T16:51:38.376+0000][1][safepoint    ] Safepoint "Cleanup", Time since last: 1003106292 ns, Reaching safepoint: 865042 ns, At safepoint: 24375 ns, Total: 889417 ns
[2022-09-04T16:51:39.379+0000][1][safepoint    ] Safepoint "Cleanup", Time since last: 1001666084 ns, Reaching safepoint: 942250 ns, At safepoint: 21916 ns, Total: 964166 ns
[2022-09-04T16:51:40.381+0000][1][safepoint    ] Safepoint "Cleanup", Time since last: 1001569043 ns, Reaching safepoint: 1207333 ns, At safepoint: 26250 ns, Total: 1233583 ns
[2022-09-04T16:51:41.385+0000][1][safepoint    ] Safepoint "Cleanup", Time since last: 1001873625 ns, Reaching safepoint: 1808875 ns, At safepoint: 162834 ns, Total: 1971709 ns
[2022-09-04T16:51:42.391+0000][1][safepoint    ] Safepoint "Cleanup", Time since last: 1004710375 ns, Reaching safepoint: 1022834 ns, At safepoint: 26833 ns, Total: 1049667 ns
[2022-09-04T16:51:43.395+0000][1][safepoint    ] Safepoint "Cleanup", Time since last: 1003057542 ns, Reaching safepoint: 872792 ns, At safepoint: 22416 ns, Total: 895208 ns
[2022-09-04T16:51:44.399+0000][1][safepoint    ] Safepoint "Cleanup", Time since last: 1001661167 ns, Reaching safepoint: 2595667 ns, At safepoint: 64500 ns, Total: 2660167 ns
[2022-09-04T16:51:45.406+0000][1][safepoint    ] Safepoint "Cleanup", Time since last: 1004803792 ns, Reaching safepoint: 1681584 ns, At safepoint: 36291 ns, Total: 1717875 ns
[2022-09-04T16:51:46.414+0000][1][safepoint    ] Safepoint "Cleanup", Time since last: 1005155209 ns, Reaching safepoint: 2769917 ns, At safepoint: 70416 ns, Total: 2840333 ns
[2022-09-04T16:51:47.420+0000][1][safepoint    ] Safepoint "Cleanup", Time since last: 1004096334 ns, Reaching safepoint: 1938042 ns, At safepoint: 44958 ns, Total: 1983000 ns
[2022-09-04T16:51:48.429+0000][1][safepoint    ] Safepoint "Cleanup", Time since last: 1007922292 ns, Reaching safepoint: 1549709 ns, At safepoint: 34875 ns, Total: 1584584 ns
[2022-09-04T16:51:49.435+0000][1][safepoint    ] Safepoint "Cleanup", Time since last: 1005109959 ns, Reaching safepoint: 910291 ns, At safepoint: 20792 ns, Total: 931083 ns
[2022-09-04T16:51:50.440+0000][1][safepoint    ] Safepoint "Cleanup", Time since last: 1002178875 ns, Reaching safepoint: 2595250 ns, At safepoint: 82500 ns, Total: 2677750 ns
[2022-09-04T16:51:51.453+0000][1][safepoint    ] Safepoint "Cleanup", Time since last: 1007923751 ns, Reaching safepoint: 4718083 ns, At safepoint: 125000 ns, Total: 4843083 ns
[2022-09-04T16:51:52.462+0000][1][safepoint    ] Safepoint "Cleanup", Time since last: 1006042959 ns, Reaching safepoint: 3189833 ns, At safepoint: 87084 ns, Total: 3276917 ns
[2022-09-04T16:51:53.470+0000][1][safepoint    ] Safepoint "Cleanup", Time since last: 1006014375 ns, Reaching safepoint: 1881125 ns, At safepoint: 108583 ns, Total: 1989708 ns
[2022-09-04T16:51:54.477+0000][1][safepoint    ] Safepoint "Cleanup", Time since last: 1005429501 ns, Reaching safepoint: 1574833 ns, At safepoint: 38209 ns, Total: 1613042 ns
[2022-09-04T16:51:55.483+0000][1][safepoint    ] Safepoint "Cleanup", Time since last: 1003534792 ns, Reaching safepoint: 1724708 ns, At safepoint: 49042 ns, Total: 1773750 ns
[2022-09-04T16:51:56.491+0000][1][safepoint    ] Safepoint "Cleanup", Time since last: 1006936250 ns, Reaching safepoint: 1617375 ns, At safepoint: 53500 ns, Total: 1670875 ns
[2022-09-04T16:51:57.345+0000][1][gc,start     ] GC(36) Pause Young (Allocation Failure)
[2022-09-04T16:51:57.353+0000][1][gc,task      ] GC(36) Using 4 workers of 4 for evacuation
[2022-09-04T16:51:57.398+0000][1][gc,age       ] GC(36) Desired survivor size 8945664 bytes, new threshold 6 (max threshold 6)
[2022-09-04T16:51:57.401+0000][1][gc,age       ] GC(36) Age table with threshold 6 (max threshold 6)
[2022-09-04T16:51:57.402+0000][1][gc,age       ] GC(36) - age   1:     117216 bytes,     117216 total
[2022-09-04T16:51:57.403+0000][1][gc,age       ] GC(36) - age   2:       1928 bytes,     119144 total
[2022-09-04T16:51:57.405+0000][1][gc,age       ] GC(36) - age   3:         32 bytes,     119176 total
[2022-09-04T16:51:57.407+0000][1][gc,age       ] GC(36) - age   4:        712 bytes,     119888 total
[2022-09-04T16:51:57.408+0000][1][gc,age       ] GC(36) - age   5:       6184 bytes,     126072 total
[2022-09-04T16:51:57.409+0000][1][gc,age       ] GC(36) - age   6:        552 bytes,     126624 total
[2022-09-04T16:51:57.412+0000][1][gc,heap      ] GC(36) ParNew: 139812K->135K(157248K)
[2022-09-04T16:51:57.413+0000][1][gc,heap      ] GC(36) CMS: 67648K->67648K(349568K)
[2022-09-04T16:51:57.414+0000][1][gc,metaspace ] GC(36) Metaspace: 84966K->84966K(1126400K)
[2022-09-04T16:51:57.417+0000][1][gc           ] GC(36) Pause Young (Allocation Failure) 202M->66M(494M) 71.770ms
[2022-09-04T16:51:57.418+0000][1][gc,cpu       ] GC(36) User=0.08s Sys=0.04s Real=0.08s
[2022-09-04T16:51:57.419+0000][1][safepoint    ] Safepoint "GenCollectForAllocation", Time since last: 850213542 ns, Reaching safepoint: 2164625 ns, At safepoint: 75299750 ns, Total: 77464375 ns
[2022-09-04T16:51:58.423+0000][1][safepoint    ] Safepoint "Cleanup", Time since last: 1002288042 ns, Reaching safepoint: 1278750 ns, At safepoint: 46417 ns, Total: 1325167 ns
[2022-09-04T16:51:59.430+0000][1][safepoint    ] Safepoint "Cleanup", Time since last: 1003639709 ns, Reaching safepoint: 3433167 ns, At safepoint: 255208 ns, Total: 3688375 ns
[2022-09-04T16:52:00.439+0000][1][safepoint    ] Safepoint "Cleanup", Time since last: 1007075375 ns, Reaching safepoint: 2021917 ns, At safepoint: 157125 ns, Total: 2179042 ns
[2022-09-04T16:52:01.443+0000][1][safepoint    ] Safepoint "Cleanup", Time since last: 1001961292 ns, Reaching safepoint: 1861083 ns, At safepoint: 72542 ns, Total: 1933625 ns
[2022-09-04T16:52:02.450+0000][1][safepoint    ] Safepoint "Cleanup", Time since last: 1003197167 ns, Reaching safepoint: 3473333 ns, At safepoint: 95333 ns, Total: 3568666 ns
[2022-09-04T16:52:03.460+0000][1][safepoint    ] Safepoint "Cleanup", Time since last: 1006169834 ns, Reaching safepoint: 4469667 ns, At safepoint: 104000 ns, Total: 4573667 ns
[2022-09-04T16:52:04.468+0000][1][safepoint    ] Safepoint "Cleanup", Time since last: 1004706417 ns, Reaching safepoint: 2842625 ns, At safepoint: 79167 ns, Total: 2921792 ns
[2022-09-04T16:52:05.474+0000][1][safepoint    ] Safepoint "Cleanup", Time since last: 1003754917 ns, Reaching safepoint: 1766208 ns, At safepoint: 53125 ns, Total: 1819333 ns
[2022-09-04T16:52:06.479+0000][1][safepoint    ] Safepoint "Cleanup", Time since last: 1003144834 ns, Reaching safepoint: 1912667 ns, At safepoint: 58708 ns, Total: 1971375 ns
[2022-09-04T16:52:07.486+0000][1][safepoint    ] Safepoint "Cleanup", Time since last: 1004910250 ns, Reaching safepoint: 2825250 ns, At safepoint: 73417 ns, Total: 2898667 ns
[2022-09-04T16:52:08.493+0000][1][safepoint    ] Safepoint "Cleanup", Time since last: 1004539334 ns, Reaching safepoint: 1720500 ns, At safepoint: 44542 ns, Total: 1765042 ns
[2022-09-04T16:52:09.499+0000][1][safepoint    ] Safepoint "Cleanup", Time since last: 1003141542 ns, Reaching safepoint: 3275875 ns, At safepoint: 72208 ns, Total: 3348083 ns
[2022-09-04T16:52:10.505+0000][1][safepoint    ] Safepoint "Cleanup", Time since last: 1003960667 ns, Reaching safepoint: 1779959 ns, At safepoint: 57875 ns, Total: 1837834 ns
[2022-09-04T16:52:11.511+0000][1][safepoint    ] Safepoint "Cleanup", Time since last: 1002657917 ns, Reaching safepoint: 3387708 ns, At safepoint: 325333 ns, Total: 3713041 ns
[2022-09-04T16:52:12.517+0000][1][safepoint    ] Safepoint "Cleanup", Time since last: 1003456418 ns, Reaching safepoint: 1728125 ns, At safepoint: 56083 ns, Total: 1784208 ns
[2022-09-04T16:52:13.524+0000][1][safepoint    ] Safepoint "Cleanup", Time since last: 1002905500 ns, Reaching safepoint: 4412542 ns, At safepoint: 92875 ns, Total: 4505417 ns
[2022-09-04T16:52:14.534+0000][1][safepoint    ] Safepoint "Cleanup", Time since last: 1005694834 ns, Reaching safepoint: 3670792 ns, At safepoint: 88583 ns, Total: 3759375 ns
[2022-09-04T16:52:15.541+0000][1][safepoint    ] Safepoint "Cleanup", Time since last: 1005668625 ns, Reaching safepoint: 1616042 ns, At safepoint: 67250 ns, Total: 1683292 ns
[2022-09-04T16:52:16.555+0000][1][safepoint    ] Safepoint "Cleanup", Time since last: 1011318084 ns, Reaching safepoint: 2506875 ns, At safepoint: 84708 ns, Total: 2591583 ns
[2022-09-04T16:52:17.558+0000][1][safepoint    ] Safepoint "Cleanup", Time since last: 1002420209 ns, Reaching safepoint: 1242792 ns, At safepoint: 39375 ns, Total: 1282167 ns
[2022-09-04T16:52:18.561+0000][1][safepoint    ] Safepoint "Cleanup", Time since last: 1001366083 ns, Reaching safepoint: 1160500 ns, At safepoint: 34667 ns, Total: 1195167 ns
[2022-09-04T16:52:19.567+0000][1][safepoint    ] Safepoint "Cleanup", Time since last: 1002946167 ns, Reaching safepoint: 2951625 ns, At safepoint: 109667 ns, Total: 3061292 ns
[2022-09-04T16:52:20.577+0000][1][safepoint    ] Safepoint "Cleanup", Time since last: 1004352334 ns, Reaching safepoint: 5128625 ns, At safepoint: 124958 ns, Total: 5253583 ns
[2022-09-04T16:52:21.584+0000][1][safepoint    ] Safepoint "Cleanup", Time since last: 1005551042 ns, Reaching safepoint: 1658084 ns, At safepoint: 112375 ns, Total: 1770459 ns
[2022-09-04T16:52:22.591+0000][1][safepoint    ] Safepoint "Cleanup", Time since last: 1003130000 ns, Reaching safepoint: 4124750 ns, At safepoint: 62167 ns, Total: 4186917 ns
[2022-09-04T16:52:23.599+0000][1][safepoint    ] Safepoint "Cleanup", Time since last: 1003728042 ns, Reaching safepoint: 4156625 ns, At safepoint: 108750 ns, Total: 4265375 ns
[2022-09-04T16:52:24.605+0000][1][safepoint    ] Safepoint "Cleanup", Time since last: 1004490834 ns, Reaching safepoint: 1007500 ns, At safepoint: 67375 ns, Total: 1074875 ns
[2022-09-04T16:52:25.609+0000][1][safepoint    ] Safepoint "Cleanup", Time since last: 1001474958 ns, Reaching safepoint: 2844250 ns, At safepoint: 130459 ns, Total: 2974709 ns
[2022-09-04T16:52:26.615+0000][1][safepoint    ] Safepoint "Cleanup", Time since last: 1003259792 ns, Reaching safepoint: 2162708 ns, At safepoint: 50125 ns, Total: 2212833 ns
[2022-09-04T16:52:27.619+0000][1][safepoint    ] Safepoint "Cleanup", Time since last: 1002601917 ns, Reaching safepoint: 1996584 ns, At safepoint: 40708 ns, Total: 2037292 ns
[2022-09-04T16:52:28.625+0000][1][safepoint    ] Safepoint "Cleanup", Time since last: 1003362667 ns, Reaching safepoint: 2409625 ns, At safepoint: 47084 ns, Total: 2456709 ns
[2022-09-04T16:52:29.633+0000][1][safepoint    ] Safepoint "Cleanup", Time since last: 1004844917 ns, Reaching safepoint: 2691875 ns, At safepoint: 151833 ns, Total: 2843708 ns
[2022-09-04T16:52:30.641+0000][1][safepoint    ] Safepoint "Cleanup", Time since last: 1003978251 ns, Reaching safepoint: 3525083 ns, At safepoint: 232542 ns, Total: 3757625 ns
[2022-09-04T16:52:31.648+0000][1][safepoint    ] Safepoint "Cleanup", Time since last: 1005834250 ns, Reaching safepoint: 2122666 ns, At safepoint: 92834 ns, Total: 2215500 ns
[2022-09-04T16:52:32.653+0000][1][safepoint    ] Safepoint "Cleanup", Time since last: 1002822542 ns, Reaching safepoint: 1578333 ns, At safepoint: 38125 ns, Total: 1616458 ns
[2022-09-04T16:52:33.659+0000][1][safepoint    ] Safepoint "Cleanup", Time since last: 1004600709 ns, Reaching safepoint: 1750833 ns, At safepoint: 53542 ns, Total: 1804375 ns
[2022-09-04T16:52:34.667+0000][1][safepoint    ] Safepoint "Cleanup", Time since last: 1003362125 ns, Reaching safepoint: 4118209 ns, At safepoint: 98208 ns, Total: 4216417 ns
[2022-09-04T16:52:35.675+0000][1][safepoint    ] Safepoint "Cleanup", Time since last: 1004168626 ns, Reaching safepoint: 3784708 ns, At safepoint: 120958 ns, Total: 3905666 ns
[2022-09-04T16:52:36.682+0000][1][safepoint    ] Safepoint "Cleanup", Time since last: 1004707376 ns, Reaching safepoint: 2702250 ns, At safepoint: 102375 ns, Total: 2804625 ns
[2022-09-04T16:52:37.688+0000][1][safepoint    ] Safepoint "Cleanup", Time since last: 1005026500 ns, Reaching safepoint: 903209 ns, At safepoint: 35291 ns, Total: 938500 ns
[2022-09-04T16:52:38.694+0000][1][safepoint    ] Safepoint "Cleanup", Time since last: 1001941084 ns, Reaching safepoint: 3347333 ns, At safepoint: 82125 ns, Total: 3429458 ns
[2022-09-04T16:52:39.704+0000][1][safepoint    ] Safepoint "Cleanup", Time since last: 1009436293 ns, Reaching safepoint: 1419583 ns, At safepoint: 61750 ns, Total: 1481333 ns
[2022-09-04T16:52:40.708+0000][1][safepoint    ] Safepoint "Cleanup", Time since last: 1002481792 ns, Reaching safepoint: 1198417 ns, At safepoint: 39916 ns, Total: 1238333 ns
[2022-09-04T16:52:41.716+0000][1][safepoint    ] Safepoint "Cleanup", Time since last: 1002851293 ns, Reaching safepoint: 4657333 ns, At safepoint: 130667 ns, Total: 4788000 ns
[2022-09-04T16:52:42.724+0000][1][safepoint    ] Safepoint "Cleanup", Time since last: 1006000375 ns, Reaching safepoint: 1658750 ns, At safepoint: 48167 ns, Total: 1706917 ns
[2022-09-04T16:52:43.730+0000][1][safepoint    ] Safepoint "Cleanup", Time since last: 1002640250 ns, Reaching safepoint: 3473833 ns, At safepoint: 115334 ns, Total: 3589167 ns
[2022-09-04T16:52:44.739+0000][1][safepoint    ] Safepoint "Cleanup", Time since last: 1006275417 ns, Reaching safepoint: 3103500 ns, At safepoint: 104458 ns, Total: 3207958 ns
[2022-09-04T16:52:45.745+0000][1][safepoint    ] Safepoint "Cleanup", Time since last: 1002526209 ns, Reaching safepoint: 2640667 ns, At safepoint: 87541 ns, Total: 2728208 ns
[2022-09-04T16:52:46.751+0000][1][safepoint    ] Safepoint "Cleanup", Time since last: 1005167209 ns, Reaching safepoint: 1442584 ns, At safepoint: 53166 ns, Total: 1495750 ns
[2022-09-04T16:52:47.755+0000][1][safepoint    ] Safepoint "Cleanup", Time since last: 1002883626 ns, Reaching safepoint: 888250 ns, At safepoint: 23375 ns, Total: 911625 ns
[2022-09-04T16:52:48.758+0000][1][safepoint    ] Safepoint "Cleanup", Time since last: 1001819959 ns, Reaching safepoint: 837458 ns, At safepoint: 19417 ns, Total: 856875 ns
[2022-09-04T16:52:49.773+0000][1][safepoint    ] Safepoint "Cleanup", Time since last: 1013169583 ns, Reaching safepoint: 1770917 ns, At safepoint: 56458 ns, Total: 1827375 ns
[2022-09-04T16:52:50.777+0000][1][safepoint    ] Safepoint "Cleanup", Time since last: 1002985834 ns, Reaching safepoint: 1806875 ns, At safepoint: 44208 ns, Total: 1851083 ns
[2022-09-04T16:52:51.785+0000][1][safepoint    ] Safepoint "Cleanup", Time since last: 1004511459 ns, Reaching safepoint: 2968709 ns, At safepoint: 82375 ns, Total: 3051084 ns
[2022-09-04T16:52:52.791+0000][1][safepoint    ] Safepoint "Cleanup", Time since last: 1004625292 ns, Reaching safepoint: 968166 ns, At safepoint: 25500 ns, Total: 993666 ns
[2022-09-04T16:52:53.797+0000][1][safepoint    ] Safepoint "Cleanup", Time since last: 1002375043 ns, Reaching safepoint: 3878375 ns, At safepoint: 93458 ns, Total: 3971833 ns
[2022-09-04T16:52:54.802+0000][1][safepoint    ] Safepoint "Cleanup", Time since last: 1003512000 ns, Reaching safepoint: 1473667 ns, At safepoint: 40583 ns, Total: 1514250 ns
[2022-09-04T16:52:55.807+0000][1][safepoint    ] Safepoint "Cleanup", Time since last: 1003730043 ns, Reaching safepoint: 1325583 ns, At safepoint: 34875 ns, Total: 1360458 ns
[2022-09-04T16:52:56.812+0000][1][safepoint    ] Safepoint "Cleanup", Time since last: 1002377125 ns, Reaching safepoint: 2054625 ns, At safepoint: 71334 ns, Total: 2125959 ns
[2022-09-04T16:52:57.816+0000][1][safepoint    ] Safepoint "Cleanup", Time since last: 1003405875 ns, Reaching safepoint: 824750 ns, At safepoint: 21917 ns, Total: 846667 ns
[2022-09-04T16:52:58.819+0000][1][safepoint    ] Safepoint "Cleanup", Time since last: 1001909500 ns, Reaching safepoint: 893042 ns, At safepoint: 20750 ns, Total: 913792 ns
[2022-09-04T16:52:59.821+0000][1][safepoint    ] Safepoint "Cleanup", Time since last: 1001488209 ns, Reaching safepoint: 1165583 ns, At safepoint: 25833 ns, Total: 1191416 ns
[2022-09-04T16:53:00.826+0000][1][safepoint    ] Safepoint "Cleanup", Time since last: 1004094376 ns, Reaching safepoint: 813792 ns, At safepoint: 20875 ns, Total: 834667 ns
[2022-09-04T16:53:01.831+0000][1][safepoint    ] Safepoint "Cleanup", Time since last: 1003095541 ns, Reaching safepoint: 1883791 ns, At safepoint: 85584 ns, Total: 1969375 ns
[2022-09-04T16:53:02.835+0000][1][safepoint    ] Safepoint "Cleanup", Time since last: 1003237959 ns, Reaching safepoint: 921958 ns, At safepoint: 20333 ns, Total: 942291 ns
[2022-09-04T16:53:03.840+0000][1][safepoint    ] Safepoint "Cleanup", Time since last: 1003147792 ns, Reaching safepoint: 1476084 ns, At safepoint: 45625 ns, Total: 1521709 ns
[2022-09-04T16:53:05.112+0000][1][safepoint    ] Safepoint "Cleanup", Time since last: 1268873584 ns, Reaching safepoint: 3211041 ns, At safepoint: 198417 ns, Total: 3409458 ns
[2022-09-04T16:53:06.117+0000][1][safepoint    ] Safepoint "Cleanup", Time since last: 1004345542 ns, Reaching safepoint: 1036625 ns, At safepoint: 26792 ns, Total: 1063417 ns
[2022-09-04T16:53:07.123+0000][1][safepoint    ] Safepoint "Cleanup", Time since last: 1002268084 ns, Reaching safepoint: 2674125 ns, At safepoint: 65416 ns, Total: 2739541 ns
[2022-09-04T16:53:08.129+0000][1][safepoint    ] Safepoint "Cleanup", Time since last: 1005947959 ns, Reaching safepoint: 1048417 ns, At safepoint: 37958 ns, Total: 1086375 ns
[2022-09-04T16:53:09.132+0000][1][safepoint    ] Safepoint "Cleanup", Time since last: 1001866251 ns, Reaching safepoint: 1085625 ns, At safepoint: 27541 ns, Total: 1113166 ns
[2022-09-04T16:53:10.136+0000][1][safepoint    ] Safepoint "Cleanup", Time since last: 1002892917 ns, Reaching safepoint: 955792 ns, At safepoint: 23458 ns, Total: 979250 ns
[2022-09-04T16:53:11.139+0000][1][safepoint    ] Safepoint "Cleanup", Time since last: 1001346751 ns, Reaching safepoint: 1198417 ns, At safepoint: 27833 ns, Total: 1226250 ns
[2022-09-04T16:53:12.143+0000][1][safepoint    ] Safepoint "Cleanup", Time since last: 1003073750 ns, Reaching safepoint: 1211542 ns, At safepoint: 31875 ns, Total: 1243417 ns
[2022-09-04T16:53:13.149+0000][1][safepoint    ] Safepoint "Cleanup", Time since last: 1004487001 ns, Reaching safepoint: 984583 ns, At safepoint: 25542 ns, Total: 1010125 ns
[2022-09-04T16:53:14.153+0000][1][safepoint    ] Safepoint "Cleanup", Time since last: 1002889208 ns, Reaching safepoint: 908167 ns, At safepoint: 24500 ns, Total: 932667 ns
[2022-09-04T16:53:15.156+0000][1][safepoint    ] Safepoint "Cleanup", Time since last: 1001797417 ns, Reaching safepoint: 1201792 ns, At safepoint: 30375 ns, Total: 1232167 ns
[2022-09-04T16:53:16.160+0000][1][safepoint    ] Safepoint "Cleanup", Time since last: 1002811042 ns, Reaching safepoint: 1083083 ns, At safepoint: 26334 ns, Total: 1109417 ns
[2022-09-04T16:53:17.164+0000][1][safepoint    ] Safepoint "Cleanup", Time since last: 1002116833 ns, Reaching safepoint: 2440250 ns, At safepoint: 80250 ns, Total: 2520500 ns
[2022-09-04T16:53:18.169+0000][1][safepoint    ] Safepoint "Cleanup", Time since last: 1003700168 ns, Reaching safepoint: 802833 ns, At safepoint: 21875 ns, Total: 824708 ns
[2022-09-04T16:53:19.172+0000][1][safepoint    ] Safepoint "Cleanup", Time since last: 1002004917 ns, Reaching safepoint: 1288542 ns, At safepoint: 36625 ns, Total: 1325167 ns
[2022-09-04T16:53:20.175+0000][1][safepoint    ] Safepoint "Cleanup", Time since last: 1002404625 ns, Reaching safepoint: 994750 ns, At safepoint: 22250 ns, Total: 1017000 ns
[2022-09-04T16:53:21.180+0000][1][safepoint    ] Safepoint "Cleanup", Time since last: 1002899959 ns, Reaching safepoint: 1926125 ns, At safepoint: 41167 ns, Total: 1967292 ns
[2022-09-04T16:53:22.189+0000][1][safepoint    ] Safepoint "Cleanup", Time since last: 1007709792 ns, Reaching safepoint: 851417 ns, At safepoint: 49875 ns, Total: 901292 ns
[2022-09-04T16:53:23.191+0000][1][safepoint    ] Safepoint "Cleanup", Time since last: 1001696042 ns, Reaching safepoint: 838000 ns, At safepoint: 25500 ns, Total: 863500 ns
[2022-09-04T16:53:24.194+0000][1][safepoint    ] Safepoint "Cleanup", Time since last: 1001703292 ns, Reaching safepoint: 832416 ns, At safepoint: 22917 ns, Total: 855333 ns
[2022-09-04T16:53:25.196+0000][1][safepoint    ] Safepoint "Cleanup", Time since last: 1001274751 ns, Reaching safepoint: 889583 ns, At safepoint: 36833 ns, Total: 926416 ns
[2022-09-04T16:53:26.200+0000][1][safepoint    ] Safepoint "Cleanup", Time since last: 1002585709 ns, Reaching safepoint: 1262958 ns, At safepoint: 27292 ns, Total: 1290250 ns
[2022-09-04T16:53:27.208+0000][1][safepoint    ] Safepoint "Cleanup", Time since last: 1004305751 ns, Reaching safepoint: 3688416 ns, At safepoint: 105375 ns, Total: 3793791 ns
[2022-09-04T16:53:28.215+0000][1][safepoint    ] Safepoint "Cleanup", Time since last: 1005178917 ns, Reaching safepoint: 1638042 ns, At safepoint: 38958 ns, Total: 1677000 ns
[2022-09-04T16:53:29.219+0000][1][safepoint    ] Safepoint "Cleanup", Time since last: 1002380751 ns, Reaching safepoint: 1374000 ns, At safepoint: 31500 ns, Total: 1405500 ns
[2022-09-04T16:53:30.223+0000][1][safepoint    ] Safepoint "Cleanup", Time since last: 1002815042 ns, Reaching safepoint: 843875 ns, At safepoint: 22125 ns, Total: 866000 ns
[2022-09-04T16:53:31.223+0000][1][safepoint    ] Safepoint "Cleanup", Time since last: 1001441792 ns, Reaching safepoint: 2846291 ns, At safepoint: 126584 ns, Total: 2972875 ns
[2022-09-04T16:53:32.230+0000][1][safepoint    ] Safepoint "Cleanup", Time since last: 1005699542 ns, Reaching safepoint: 1468375 ns, At safepoint: 34291 ns, Total: 1502666 ns
[2022-09-04T16:53:33.233+0000][1][safepoint    ] Safepoint "Cleanup", Time since last: 1002226292 ns, Reaching safepoint: 1066042 ns, At safepoint: 26625 ns, Total: 1092667 ns
[2022-09-04T16:53:34.236+0000][1][safepoint    ] Safepoint "Cleanup", Time since last: 1002117417 ns, Reaching safepoint: 988667 ns, At safepoint: 21708 ns, Total: 1010375 ns
[2022-09-04T16:53:35.239+0000][1][safepoint    ] Safepoint "Cleanup", Time since last: 1001948792 ns, Reaching safepoint: 899875 ns, At safepoint: 24250 ns, Total: 924125 ns
[2022-09-04T16:53:36.242+0000][1][safepoint    ] Safepoint "Cleanup", Time since last: 1001910251 ns, Reaching safepoint: 875542 ns, At safepoint: 24000 ns, Total: 899542 ns
[2022-09-04T16:53:37.245+0000][1][safepoint    ] Safepoint "Cleanup", Time since last: 1001549458 ns, Reaching safepoint: 970375 ns, At safepoint: 29250 ns, Total: 999625 ns
[2022-09-04T16:53:38.247+0000][1][safepoint    ] Safepoint "Cleanup", Time since last: 1001832668 ns, Reaching safepoint: 870125 ns, At safepoint: 22291 ns, Total: 892416 ns
[2022-09-04T16:53:39.254+0000][1][safepoint    ] Safepoint "Cleanup", Time since last: 1005412917 ns, Reaching safepoint: 1188250 ns, At safepoint: 25292 ns, Total: 1213542 ns
[2022-09-04T16:53:40.257+0000][1][safepoint    ] Safepoint "Cleanup", Time since last: 1001771959 ns, Reaching safepoint: 846416 ns, At safepoint: 20959 ns, Total: 867375 ns
[2022-09-04T16:53:41.259+0000][1][safepoint    ] Safepoint "Cleanup", Time since last: 1001551250 ns, Reaching safepoint: 1053375 ns, At safepoint: 24792 ns, Total: 1078167 ns
[2022-09-04T16:53:42.262+0000][1][safepoint    ] Safepoint "Cleanup", Time since last: 1001594000 ns, Reaching safepoint: 868167 ns, At safepoint: 22625 ns, Total: 890792 ns
[2022-09-04T16:53:43.266+0000][1][safepoint    ] Safepoint "Cleanup", Time since last: 1003026792 ns, Reaching safepoint: 892209 ns, At safepoint: 76375 ns, Total: 968584 ns
[2022-09-04T16:53:44.269+0000][1][safepoint    ] Safepoint "Cleanup", Time since last: 1001774875 ns, Reaching safepoint: 1719083 ns, At safepoint: 30834 ns, Total: 1749917 ns
[2022-09-04T16:53:45.274+0000][1][safepoint    ] Safepoint "Cleanup", Time since last: 1003541209 ns, Reaching safepoint: 1139541 ns, At safepoint: 31417 ns, Total: 1170958 ns
[2022-09-04T16:53:46.280+0000][1][safepoint    ] Safepoint "Cleanup", Time since last: 1004543500 ns, Reaching safepoint: 1688417 ns, At safepoint: 46417 ns, Total: 1734834 ns
[2022-09-04T16:53:47.283+0000][1][safepoint    ] Safepoint "Cleanup", Time since last: 1002243208 ns, Reaching safepoint: 963542 ns, At safepoint: 22583 ns, Total: 986125 ns
[2022-09-04T16:53:48.288+0000][1][safepoint    ] Safepoint "Cleanup", Time since last: 1003601543 ns, Reaching safepoint: 993500 ns, At safepoint: 22500 ns, Total: 1016000 ns
[2022-09-04T16:53:49.292+0000][1][safepoint    ] Safepoint "Cleanup", Time since last: 1002693625 ns, Reaching safepoint: 1555875 ns, At safepoint: 37000 ns, Total: 1592875 ns
[2022-09-04T16:53:50.297+0000][1][safepoint    ] Safepoint "Cleanup", Time since last: 1003920459 ns, Reaching safepoint: 926167 ns, At safepoint: 23583 ns, Total: 949750 ns
[2022-09-04T16:53:51.302+0000][1][safepoint    ] Safepoint "Cleanup", Time since last: 1003386417 ns, Reaching safepoint: 1555583 ns, At safepoint: 37667 ns, Total: 1593250 ns
[2022-09-04T16:53:52.308+0000][1][safepoint    ] Safepoint "Cleanup", Time since last: 1003261834 ns, Reaching safepoint: 2470042 ns, At safepoint: 65500 ns, Total: 2535542 ns
[2022-09-04T16:53:53.315+0000][1][safepoint    ] Safepoint "Cleanup", Time since last: 1005379458 ns, Reaching safepoint: 1220792 ns, At safepoint: 28167 ns, Total: 1248959 ns
[2022-09-04T16:53:54.318+0000][1][safepoint    ] Safepoint "Cleanup", Time since last: 1002187000 ns, Reaching safepoint: 1355917 ns, At safepoint: 38333 ns, Total: 1394250 ns
[2022-09-04T16:53:55.321+0000][1][safepoint    ] Safepoint "Cleanup", Time since last: 1002241792 ns, Reaching safepoint: 1061167 ns, At safepoint: 23042 ns, Total: 1084209 ns
[2022-09-04T16:53:56.325+0000][1][safepoint    ] Safepoint "Cleanup", Time since last: 1001662833 ns, Reaching safepoint: 1440292 ns, At safepoint: 52375 ns, Total: 1492667 ns
[2022-09-04T16:53:57.333+0000][1][safepoint    ] Safepoint "Cleanup", Time since last: 1007073126 ns, Reaching safepoint: 1315916 ns, At safepoint: 34125 ns, Total: 1350041 ns
[2022-09-04T16:53:59.277+0000][1][safepoint    ] Safepoint "Cleanup", Time since last: 1943523376 ns, Reaching safepoint: 906459 ns, At safepoint: 19708 ns, Total: 926167 ns
[2022-09-04T16:54:00.280+0000][1][safepoint    ] Safepoint "Cleanup", Time since last: 1002003709 ns, Reaching safepoint: 866708 ns, At safepoint: 25792 ns, Total: 892500 ns
[2022-09-04T16:54:01.283+0000][1][safepoint    ] Safepoint "Cleanup", Time since last: 1001893124 ns, Reaching safepoint: 1400375 ns, At safepoint: 31250 ns, Total: 1431625 ns
[2022-09-04T16:54:02.286+0000][1][safepoint    ] Safepoint "Cleanup", Time since last: 1001813209 ns, Reaching safepoint: 1173292 ns, At safepoint: 32541 ns, Total: 1205833 ns
[2022-09-04T16:54:03.291+0000][1][safepoint    ] Safepoint "Cleanup", Time since last: 1004266084 ns, Reaching safepoint: 872417 ns, At safepoint: 22791 ns, Total: 895208 ns
[2022-09-04T16:54:04.294+0000][1][safepoint    ] Safepoint "Cleanup", Time since last: 1002211293 ns, Reaching safepoint: 938166 ns, At safepoint: 20584 ns, Total: 958750 ns
[2022-09-04T16:54:05.297+0000][1][safepoint    ] Safepoint "Cleanup", Time since last: 1001691208 ns, Reaching safepoint: 1152500 ns, At safepoint: 50834 ns, Total: 1203334 ns
[2022-09-04T16:54:06.300+0000][1][safepoint    ] Safepoint "Cleanup", Time since last: 1002592500 ns, Reaching safepoint: 892292 ns, At safepoint: 20917 ns, Total: 913209 ns
[2022-09-04T16:54:07.305+0000][1][safepoint    ] Safepoint "Cleanup", Time since last: 1002671750 ns, Reaching safepoint: 1423750 ns, At safepoint: 65833 ns, Total: 1489583 ns
[2022-09-04T16:54:08.309+0000][1][safepoint    ] Safepoint "Cleanup", Time since last: 1002605334 ns, Reaching safepoint: 1462834 ns, At safepoint: 80458 ns, Total: 1543292 ns
[2022-09-04T16:54:09.312+0000][1][safepoint    ] Safepoint "Cleanup", Time since last: 1002615417 ns, Reaching safepoint: 913375 ns, At safepoint: 24417 ns, Total: 937792 ns
[2022-09-04T16:54:10.315+0000][1][safepoint    ] Safepoint "Cleanup", Time since last: 1001909125 ns, Reaching safepoint: 1023084 ns, At safepoint: 28750 ns, Total: 1051834 ns
[2022-09-04T16:54:11.321+0000][1][safepoint    ] Safepoint "Cleanup", Time since last: 1004012333 ns, Reaching safepoint: 1555459 ns, At safepoint: 38333 ns, Total: 1593792 ns
[2022-09-04T16:54:12.326+0000][1][safepoint    ] Safepoint "Cleanup", Time since last: 1003664917 ns, Reaching safepoint: 1430125 ns, At safepoint: 37583 ns, Total: 1467708 ns
[2022-09-04T16:54:13.329+0000][1][safepoint    ] Safepoint "Cleanup", Time since last: 1002630834 ns, Reaching safepoint: 865084 ns, At safepoint: 24583 ns, Total: 889667 ns
[2022-09-04T16:54:14.332+0000][1][safepoint    ] Safepoint "Cleanup", Time since last: 1001933167 ns, Reaching safepoint: 868417 ns, At safepoint: 21208 ns, Total: 889625 ns
[2022-09-04T16:54:15.337+0000][1][safepoint    ] Safepoint "Cleanup", Time since last: 1003921959 ns, Reaching safepoint: 1026042 ns, At safepoint: 23750 ns, Total: 1049792 ns
[2022-09-04T16:54:16.341+0000][1][safepoint    ] Safepoint "Cleanup", Time since last: 1002560125 ns, Reaching safepoint: 1201917 ns, At safepoint: 27083 ns, Total: 1229000 ns
[2022-09-04T16:54:17.345+0000][1][safepoint    ] Safepoint "Cleanup", Time since last: 1002303167 ns, Reaching safepoint: 1831375 ns, At safepoint: 46334 ns, Total: 1877709 ns
[2022-09-04T16:54:18.350+0000][1][safepoint    ] Safepoint "Cleanup", Time since last: 1003055625 ns, Reaching safepoint: 1490000 ns, At safepoint: 37583 ns, Total: 1527583 ns
[2022-09-04T16:54:19.355+0000][1][safepoint    ] Safepoint "Cleanup", Time since last: 1003907751 ns, Reaching safepoint: 1641166 ns, At safepoint: 39375 ns, Total: 1680541 ns
[2022-09-04T16:54:20.359+0000][1][safepoint    ] Safepoint "Cleanup", Time since last: 1002670376 ns, Reaching safepoint: 1093458 ns, At safepoint: 25375 ns, Total: 1118833 ns
[2022-09-04T16:54:21.366+0000][1][safepoint    ] Safepoint "Cleanup", Time since last: 1002765792 ns, Reaching safepoint: 3426167 ns, At safepoint: 249875 ns, Total: 3676042 ns
[2022-09-04T16:54:22.372+0000][1][safepoint    ] Safepoint "Cleanup", Time since last: 1003121084 ns, Reaching safepoint: 2995042 ns, At safepoint: 78000 ns, Total: 3073042 ns
[2022-09-04T16:54:23.377+0000][1][safepoint    ] Safepoint "Cleanup", Time since last: 1004422917 ns, Reaching safepoint: 921583 ns, At safepoint: 23542 ns, Total: 945125 ns
[2022-09-04T16:54:24.382+0000][1][safepoint    ] Safepoint "Cleanup", Time since last: 1002813084 ns, Reaching safepoint: 1562458 ns, At safepoint: 38833 ns, Total: 1601291 ns
[2022-09-04T16:54:25.385+0000][1][safepoint    ] Safepoint "Cleanup", Time since last: 1002617501 ns, Reaching safepoint: 1099000 ns, At safepoint: 28583 ns, Total: 1127583 ns
[2022-09-04T16:54:26.389+0000][1][safepoint    ] Safepoint "Cleanup", Time since last: 1002740834 ns, Reaching safepoint: 1149167 ns, At safepoint: 22583 ns, Total: 1171750 ns
[2022-09-04T16:54:27.395+0000][1][safepoint    ] Safepoint "Cleanup", Time since last: 1002897500 ns, Reaching safepoint: 2684417 ns, At safepoint: 65250 ns, Total: 2749667 ns
[2022-09-04T16:54:28.400+0000][1][safepoint    ] Safepoint "Cleanup", Time since last: 1004138959 ns, Reaching safepoint: 832166 ns, At safepoint: 19584 ns, Total: 851750 ns
[2022-09-04T16:54:29.406+0000][1][safepoint    ] Safepoint "Cleanup", Time since last: 1001915459 ns, Reaching safepoint: 3785166 ns, At safepoint: 88584 ns, Total: 3873750 ns
[2022-09-04T16:54:30.412+0000][1][safepoint    ] Safepoint "Cleanup", Time since last: 1005767917 ns, Reaching safepoint: 956291 ns, At safepoint: 35125 ns, Total: 991416 ns
[2022-09-04T16:54:31.421+0000][1][safepoint    ] Safepoint "Cleanup", Time since last: 1005198834 ns, Reaching safepoint: 3784625 ns, At safepoint: 150417 ns, Total: 3935042 ns
[2022-09-04T16:54:32.429+0000][1][safepoint    ] Safepoint "Cleanup", Time since last: 1005283583 ns, Reaching safepoint: 2734917 ns, At safepoint: 76792 ns, Total: 2811709 ns
[2022-09-04T16:54:33.439+0000][1][safepoint    ] Safepoint "Cleanup", Time since last: 1005984500 ns, Reaching safepoint: 3501792 ns, At safepoint: 98542 ns, Total: 3600334 ns
[2022-09-04T16:54:34.446+0000][1][safepoint    ] Safepoint "Cleanup", Time since last: 1003964625 ns, Reaching safepoint: 3072500 ns, At safepoint: 75042 ns, Total: 3147542 ns
[2022-09-04T16:54:35.452+0000][1][safepoint    ] Safepoint "Cleanup", Time since last: 1004615084 ns, Reaching safepoint: 1224000 ns, At safepoint: 29875 ns, Total: 1253875 ns
[2022-09-04T16:54:36.456+0000][1][safepoint    ] Safepoint "Cleanup", Time since last: 1002825417 ns, Reaching safepoint: 1371541 ns, At safepoint: 30292 ns, Total: 1401833 ns
[2022-09-04T16:54:37.460+0000][1][safepoint    ] Safepoint "Cleanup", Time since last: 1002224125 ns, Reaching safepoint: 1295917 ns, At safepoint: 34250 ns, Total: 1330167 ns
[2022-09-04T16:54:38.465+0000][1][safepoint    ] Safepoint "Cleanup", Time since last: 1003645042 ns, Reaching safepoint: 1805375 ns, At safepoint: 82500 ns, Total: 1887875 ns
[2022-09-04T16:54:39.470+0000][1][safepoint    ] Safepoint "Cleanup", Time since last: 1003491376 ns, Reaching safepoint: 1643916 ns, At safepoint: 39209 ns, Total: 1683125 ns
[2022-09-04T16:54:40.476+0000][1][safepoint    ] Safepoint "Cleanup", Time since last: 1003351834 ns, Reaching safepoint: 2012291 ns, At safepoint: 93417 ns, Total: 2105708 ns
[2022-09-04T16:54:41.483+0000][1][safepoint    ] Safepoint "Cleanup", Time since last: 1005263959 ns, Reaching safepoint: 1994291 ns, At safepoint: 88000 ns, Total: 2082291 ns
[2022-09-04T16:54:42.490+0000][1][safepoint    ] Safepoint "Cleanup", Time since last: 1003424168 ns, Reaching safepoint: 2873083 ns, At safepoint: 70083 ns, Total: 2943166 ns
[2022-09-04T16:54:43.495+0000][1][safepoint    ] Safepoint "Cleanup", Time since last: 1004339001 ns, Reaching safepoint: 1426416 ns, At safepoint: 48709 ns, Total: 1475125 ns
[2022-09-04T16:54:44.501+0000][1][safepoint    ] Safepoint "Cleanup", Time since last: 1002533333 ns, Reaching safepoint: 2832792 ns, At safepoint: 97542 ns, Total: 2930334 ns
[2022-09-04T16:54:45.508+0000][1][safepoint    ] Safepoint "Cleanup", Time since last: 1006145417 ns, Reaching safepoint: 1398583 ns, At safepoint: 30959 ns, Total: 1429542 ns
[2022-09-04T16:54:46.513+0000][1][safepoint    ] Safepoint "Cleanup", Time since last: 1002350083 ns, Reaching safepoint: 2535959 ns, At safepoint: 79875 ns, Total: 2615834 ns
[2022-09-04T16:54:47.520+0000][1][safepoint    ] Safepoint "Cleanup", Time since last: 1003384167 ns, Reaching safepoint: 3266292 ns, At safepoint: 96583 ns, Total: 3362875 ns
[2022-09-04T16:54:48.532+0000][1][safepoint    ] Safepoint "Cleanup", Time since last: 1010439209 ns, Reaching safepoint: 1543291 ns, At safepoint: 72625 ns, Total: 1615916 ns
[2022-09-04T16:54:49.537+0000][1][safepoint    ] Safepoint "Cleanup", Time since last: 1003152668 ns, Reaching safepoint: 1396208 ns, At safepoint: 32208 ns, Total: 1428416 ns
[2022-09-04T16:54:50.540+0000][1][safepoint    ] Safepoint "Cleanup", Time since last: 1002559001 ns, Reaching safepoint: 894375 ns, At safepoint: 21083 ns, Total: 915458 ns
[2022-09-04T16:54:51.545+0000][1][safepoint    ] Safepoint "Cleanup", Time since last: 1002248209 ns, Reaching safepoint: 2216250 ns, At safepoint: 80750 ns, Total: 2297000 ns
[2022-09-04T16:54:52.550+0000][1][safepoint    ] Safepoint "Cleanup", Time since last: 1002924125 ns, Reaching safepoint: 2151750 ns, At safepoint: 79709 ns, Total: 2231459 ns
[2022-09-04T16:54:53.556+0000][1][safepoint    ] Safepoint "Cleanup", Time since last: 1003534208 ns, Reaching safepoint: 2611917 ns, At safepoint: 142875 ns, Total: 2754792 ns
[2022-09-04T16:54:54.563+0000][1][safepoint    ] Safepoint "Cleanup", Time since last: 1004695042 ns, Reaching safepoint: 2062417 ns, At safepoint: 74708 ns, Total: 2137125 ns
[2022-09-04T16:54:55.569+0000][1][safepoint    ] Safepoint "Cleanup", Time since last: 1003201459 ns, Reaching safepoint: 2747750 ns, At safepoint: 100167 ns, Total: 2847917 ns
[2022-09-04T16:54:56.579+0000][1][safepoint    ] Safepoint "Cleanup", Time since last: 1006125250 ns, Reaching safepoint: 3798084 ns, At safepoint: 217333 ns, Total: 4015417 ns
[2022-09-04T16:54:57.588+0000][1][safepoint    ] Safepoint "Cleanup", Time since last: 1004465417 ns, Reaching safepoint: 3947708 ns, At safepoint: 86959 ns, Total: 4034667 ns
[2022-09-04T16:54:58.595+0000][1][safepoint    ] Safepoint "Cleanup", Time since last: 1005927875 ns, Reaching safepoint: 1360459 ns, At safepoint: 32541 ns, Total: 1393000 ns
[2022-09-04T16:54:59.600+0000][1][safepoint    ] Safepoint "Cleanup", Time since last: 1002279084 ns, Reaching safepoint: 2573500 ns, At safepoint: 68958 ns, Total: 2642458 ns
[2022-09-04T16:55:00.604+0000][1][safepoint    ] Safepoint "Cleanup", Time since last: 1003052001 ns, Reaching safepoint: 1064792 ns, At safepoint: 22875 ns, Total: 1087667 ns
[2022-09-04T16:55:01.609+0000][1][safepoint    ] Safepoint "Cleanup", Time since last: 1002769416 ns, Reaching safepoint: 1773583 ns, At safepoint: 41334 ns, Total: 1814917 ns
[2022-09-04T16:55:02.612+0000][1][safepoint    ] Safepoint "Cleanup", Time since last: 1002932667 ns, Reaching safepoint: 1045583 ns, At safepoint: 24083 ns, Total: 1069666 ns
[2022-09-04T16:55:03.618+0000][1][safepoint    ] Safepoint "Cleanup", Time since last: 1003029543 ns, Reaching safepoint: 2159791 ns, At safepoint: 55709 ns, Total: 2215500 ns
[2022-09-04T16:55:04.623+0000][1][safepoint    ] Safepoint "Cleanup", Time since last: 1003497125 ns, Reaching safepoint: 2127833 ns, At safepoint: 56209 ns, Total: 2184042 ns
[2022-09-04T16:55:05.628+0000][1][safepoint    ] Safepoint "Cleanup", Time since last: 1003031917 ns, Reaching safepoint: 1039125 ns, At safepoint: 21542 ns, Total: 1060667 ns
[2022-09-04T16:55:06.631+0000][1][safepoint    ] Safepoint "Cleanup", Time since last: 1001987250 ns, Reaching safepoint: 1739583 ns, At safepoint: 64042 ns, Total: 1803625 ns
[2022-09-04T16:55:07.641+0000][1][safepoint    ] Safepoint "Cleanup", Time since last: 1007398126 ns, Reaching safepoint: 1951791 ns, At safepoint: 45459 ns, Total: 1997250 ns
[2022-09-04T16:55:08.648+0000][1][safepoint    ] Safepoint "Cleanup", Time since last: 1003908875 ns, Reaching safepoint: 3598167 ns, At safepoint: 116541 ns, Total: 3714708 ns
[2022-09-04T16:55:09.658+0000][1][safepoint    ] Safepoint "Cleanup", Time since last: 1006803959 ns, Reaching safepoint: 2919625 ns, At safepoint: 78542 ns, Total: 2998167 ns
[2022-09-04T16:55:10.663+0000][1][safepoint    ] Safepoint "Cleanup", Time since last: 1003784375 ns, Reaching safepoint: 969875 ns, At safepoint: 33250 ns, Total: 1003125 ns
[2022-09-04T16:55:11.668+0000][1][safepoint    ] Safepoint "Cleanup", Time since last: 1003542584 ns, Reaching safepoint: 1360542 ns, At safepoint: 31958 ns, Total: 1392500 ns
[2022-09-04T16:55:12.672+0000][1][safepoint    ] Safepoint "Cleanup", Time since last: 1002010959 ns, Reaching safepoint: 1726500 ns, At safepoint: 87167 ns, Total: 1813667 ns
[2022-09-04T16:55:13.678+0000][1][safepoint    ] Safepoint "Cleanup", Time since last: 1004100833 ns, Reaching safepoint: 2008042 ns, At safepoint: 289042 ns, Total: 2297084 ns
[2022-09-04T16:55:14.685+0000][1][safepoint    ] Safepoint "Cleanup", Time since last: 1005747417 ns, Reaching safepoint: 1465208 ns, At safepoint: 35250 ns, Total: 1500458 ns
[2022-09-04T16:55:15.691+0000][1][safepoint    ] Safepoint "Cleanup", Time since last: 1002366876 ns, Reaching safepoint: 3289666 ns, At safepoint: 60750 ns, Total: 3350416 ns
[2022-09-04T16:55:16.699+0000][1][safepoint    ] Safepoint "Cleanup", Time since last: 1004770959 ns, Reaching safepoint: 2908167 ns, At safepoint: 83375 ns, Total: 2991542 ns
[2022-09-04T16:55:17.705+0000][1][safepoint    ] Safepoint "Cleanup", Time since last: 1002735167 ns, Reaching safepoint: 3141833 ns, At safepoint: 373084 ns, Total: 3514917 ns
[2022-09-04T16:55:18.714+0000][1][safepoint    ] Safepoint "Cleanup", Time since last: 1004474417 ns, Reaching safepoint: 4000042 ns, At safepoint: 127750 ns, Total: 4127792 ns
[2022-09-04T16:55:19.721+0000][1][safepoint    ] Safepoint "Cleanup", Time since last: 1004973167 ns, Reaching safepoint: 2449250 ns, At safepoint: 69875 ns, Total: 2519125 ns
[2022-09-04T16:55:20.730+0000][1][safepoint    ] Safepoint "Cleanup", Time since last: 1005631042 ns, Reaching safepoint: 2832833 ns, At safepoint: 79958 ns, Total: 2912791 ns
[2022-09-04T16:55:21.736+0000][1][safepoint    ] Safepoint "Cleanup", Time since last: 1004063043 ns, Reaching safepoint: 2216541 ns, At safepoint: 56209 ns, Total: 2272750 ns
[2022-09-04T16:55:22.742+0000][1][safepoint    ] Safepoint "Cleanup", Time since last: 1004204208 ns, Reaching safepoint: 1995250 ns, At safepoint: 51750 ns, Total: 2047000 ns
[2022-09-04T16:55:23.747+0000][1][safepoint    ] Safepoint "Cleanup", Time since last: 1003412626 ns, Reaching safepoint: 1502333 ns, At safepoint: 38959 ns, Total: 1541292 ns
[2022-09-04T16:55:24.751+0000][1][safepoint    ] Safepoint "Cleanup", Time since last: 1002500000 ns, Reaching safepoint: 1459458 ns, At safepoint: 28834 ns, Total: 1488292 ns
[2022-09-04T16:55:25.757+0000][1][safepoint    ] Safepoint "Cleanup", Time since last: 1004315125 ns, Reaching safepoint: 1253959 ns, At safepoint: 60916 ns, Total: 1314875 ns
[2022-09-04T16:55:26.762+0000][1][safepoint    ] Safepoint "Cleanup", Time since last: 1003557084 ns, Reaching safepoint: 1186167 ns, At safepoint: 27125 ns, Total: 1213292 ns
[2022-09-04T16:55:27.766+0000][1][safepoint    ] Safepoint "Cleanup", Time since last: 1002733500 ns, Reaching safepoint: 1697250 ns, At safepoint: 41958 ns, Total: 1739208 ns
[2022-09-04T16:55:28.771+0000][1][safepoint    ] Safepoint "Cleanup", Time since last: 1003056876 ns, Reaching safepoint: 1681167 ns, At safepoint: 38583 ns, Total: 1719750 ns
[2022-09-04T16:55:29.791+0000][1][safepoint    ] Safepoint "Cleanup", Time since last: 1016923042 ns, Reaching safepoint: 2879167 ns, At safepoint: 93000 ns, Total: 2972167 ns
[2022-09-04T16:55:30.796+0000][1][safepoint    ] Safepoint "Cleanup", Time since last: 1003706250 ns, Reaching safepoint: 1140917 ns, At safepoint: 26500 ns, Total: 1167417 ns
[2022-09-04T16:55:31.798+0000][1][safepoint    ] Safepoint "Cleanup", Time since last: 1002025458 ns, Reaching safepoint: 1250291 ns, At safepoint: 57375 ns, Total: 1307666 ns
[2022-09-04T16:55:32.802+0000][1][safepoint    ] Safepoint "Cleanup", Time since last: 1002556709 ns, Reaching safepoint: 1438084 ns, At safepoint: 37375 ns, Total: 1475459 ns
[2022-09-04T16:55:33.807+0000][1][safepoint    ] Safepoint "Cleanup", Time since last: 1003672708 ns, Reaching safepoint: 915625 ns, At safepoint: 22584 ns, Total: 938209 ns
[2022-09-04T16:55:34.813+0000][1][safepoint    ] Safepoint "Cleanup", Time since last: 1004589250 ns, Reaching safepoint: 1198334 ns, At safepoint: 25250 ns, Total: 1223584 ns
[2022-09-04T16:55:35.817+0000][1][safepoint    ] Safepoint "Cleanup", Time since last: 1002216708 ns, Reaching safepoint: 1864750 ns, At safepoint: 45209 ns, Total: 1909959 ns
[2022-09-04T16:55:36.822+0000][1][safepoint    ] Safepoint "Cleanup", Time since last: 1003511542 ns, Reaching safepoint: 1537500 ns, At safepoint: 39125 ns, Total: 1576625 ns
[2022-09-04T16:55:37.828+0000][1][safepoint    ] Safepoint "Cleanup", Time since last: 1002568084 ns, Reaching safepoint: 3541625 ns, At safepoint: 86708 ns, Total: 3628333 ns
[2022-09-04T16:55:38.837+0000][1][safepoint    ] Safepoint "Cleanup", Time since last: 1005492917 ns, Reaching safepoint: 2385500 ns, At safepoint: 133208 ns, Total: 2518708 ns
[2022-09-04T16:55:39.842+0000][1][safepoint    ] Safepoint "Cleanup", Time since last: 1004398876 ns, Reaching safepoint: 1562667 ns, At safepoint: 37583 ns, Total: 1600250 ns
[2022-09-04T16:55:40.847+0000][1][safepoint    ] Safepoint "Cleanup", Time since last: 1003289667 ns, Reaching safepoint: 1028292 ns, At safepoint: 21166 ns, Total: 1049458 ns
[2022-09-04T16:55:41.852+0000][1][safepoint    ] Safepoint "Cleanup", Time since last: 1003527043 ns, Reaching safepoint: 1724166 ns, At safepoint: 56792 ns, Total: 1780958 ns
[2022-09-04T16:55:42.859+0000][1][safepoint    ] Safepoint "Cleanup", Time since last: 1003325875 ns, Reaching safepoint: 3784042 ns, At safepoint: 91875 ns, Total: 3875917 ns
[2022-09-04T16:55:44.320+0000][1][safepoint    ] Safepoint "Cleanup", Time since last: 1459129667 ns, Reaching safepoint: 1360584 ns, At safepoint: 46541 ns, Total: 1407125 ns
[2022-09-04T16:55:45.323+0000][1][safepoint    ] Safepoint "Cleanup", Time since last: 1002365334 ns, Reaching safepoint: 952292 ns, At safepoint: 21750 ns, Total: 974042 ns
[2022-09-04T16:55:46.326+0000][1][safepoint    ] Safepoint "Cleanup", Time since last: 1001834000 ns, Reaching safepoint: 1143292 ns, At safepoint: 23083 ns, Total: 1166375 ns
[2022-09-04T16:55:47.329+0000][1][safepoint    ] Safepoint "Cleanup", Time since last: 1001922918 ns, Reaching safepoint: 1031208 ns, At safepoint: 27375 ns, Total: 1058583 ns
[2022-09-04T16:55:48.333+0000][1][safepoint    ] Safepoint "Cleanup", Time since last: 1002123125 ns, Reaching safepoint: 1549959 ns, At safepoint: 35208 ns, Total: 1585167 ns
[2022-09-04T16:55:49.337+0000][1][safepoint    ] Safepoint "Cleanup", Time since last: 1003342709 ns, Reaching safepoint: 985833 ns, At safepoint: 23833 ns, Total: 1009666 ns
[2022-09-04T16:55:50.340+0000][1][safepoint    ] Safepoint "Cleanup", Time since last: 1002041459 ns, Reaching safepoint: 905125 ns, At safepoint: 23417 ns, Total: 928542 ns
[2022-09-04T16:55:51.343+0000][1][safepoint    ] Safepoint "Cleanup", Time since last: 1001741667 ns, Reaching safepoint: 832542 ns, At safepoint: 23041 ns, Total: 855583 ns
[2022-09-04T16:55:52.347+0000][1][safepoint    ] Safepoint "Cleanup", Time since last: 1002544334 ns, Reaching safepoint: 2007542 ns, At safepoint: 53583 ns, Total: 2061125 ns
[2022-09-04T16:55:53.352+0000][1][safepoint    ] Safepoint "Cleanup", Time since last: 1004203792 ns, Reaching safepoint: 1018834 ns, At safepoint: 31416 ns, Total: 1050250 ns
[2022-09-04T16:55:54.357+0000][1][safepoint    ] Safepoint "Cleanup", Time since last: 1002306668 ns, Reaching safepoint: 2119750 ns, At safepoint: 58166 ns, Total: 2177916 ns
[2022-09-04T16:55:55.364+0000][1][safepoint    ] Safepoint "Cleanup", Time since last: 1004620959 ns, Reaching safepoint: 2232167 ns, At safepoint: 103625 ns, Total: 2335792 ns
[2022-09-04T16:55:56.369+0000][1][safepoint    ] Safepoint "Cleanup", Time since last: 1003227875 ns, Reaching safepoint: 1789750 ns, At safepoint: 51583 ns, Total: 1841333 ns
[2022-09-04T16:55:57.375+0000][1][safepoint    ] Safepoint "Cleanup", Time since last: 1003936543 ns, Reaching safepoint: 2494291 ns, At safepoint: 57375 ns, Total: 2551666 ns
[2022-09-04T16:55:58.385+0000][1][safepoint    ] Safepoint "Cleanup", Time since last: 1007564209 ns, Reaching safepoint: 2262833 ns, At safepoint: 36334 ns, Total: 2299167 ns
[2022-09-04T16:55:59.395+0000][1][safepoint    ] Safepoint "Cleanup", Time since last: 1008368625 ns, Reaching safepoint: 1207834 ns, At safepoint: 40208 ns, Total: 1248042 ns
[2022-09-04T16:56:00.398+0000][1][safepoint    ] Safepoint "Cleanup", Time since last: 1001967959 ns, Reaching safepoint: 1282875 ns, At safepoint: 32333 ns, Total: 1315208 ns
[2022-09-04T16:56:01.401+0000][1][safepoint    ] Safepoint "Cleanup", Time since last: 1001933625 ns, Reaching safepoint: 1001875 ns, At safepoint: 48292 ns, Total: 1050167 ns
[2022-09-04T16:56:02.409+0000][1][safepoint    ] Safepoint "Cleanup", Time since last: 1005276292 ns, Reaching safepoint: 2619542 ns, At safepoint: 52041 ns, Total: 2671583 ns
[2022-09-04T16:56:03.416+0000][1][safepoint    ] Safepoint "Cleanup", Time since last: 1005981584 ns, Reaching safepoint: 778417 ns, At safepoint: 48625 ns, Total: 827042 ns
[2022-09-04T16:56:04.420+0000][1][safepoint    ] Safepoint "Cleanup", Time since last: 1003493042 ns, Reaching safepoint: 977375 ns, At safepoint: 36750 ns, Total: 1014125 ns
[2022-09-04T16:56:05.423+0000][1][safepoint    ] Safepoint "Cleanup", Time since last: 1001502792 ns, Reaching safepoint: 1316834 ns, At safepoint: 44791 ns, Total: 1361625 ns
[2022-09-04T16:56:06.429+0000][1][safepoint    ] Safepoint "Cleanup", Time since last: 1002536334 ns, Reaching safepoint: 2809667 ns, At safepoint: 107875 ns, Total: 2917542 ns
[2022-09-04T16:56:07.435+0000][1][safepoint    ] Safepoint "Cleanup", Time since last: 1005004583 ns, Reaching safepoint: 1353792 ns, At safepoint: 57250 ns, Total: 1411042 ns
[2022-09-04T16:56:08.440+0000][1][safepoint    ] Safepoint "Cleanup", Time since last: 1003480834 ns, Reaching safepoint: 1134625 ns, At safepoint: 27750 ns, Total: 1162375 ns
[2022-09-04T16:56:09.444+0000][1][safepoint    ] Safepoint "Cleanup", Time since last: 1003305042 ns, Reaching safepoint: 1145542 ns, At safepoint: 30083 ns, Total: 1175625 ns
[2022-09-04T16:56:10.448+0000][1][safepoint    ] Safepoint "Cleanup", Time since last: 1002928501 ns, Reaching safepoint: 1055625 ns, At safepoint: 28541 ns, Total: 1084166 ns
[2022-09-04T16:56:11.451+0000][1][safepoint    ] Safepoint "Cleanup", Time since last: 1001990542 ns, Reaching safepoint: 774084 ns, At safepoint: 22500 ns, Total: 796584 ns
[2022-09-04T16:56:12.457+0000][1][safepoint    ] Safepoint "Cleanup", Time since last: 1002623917 ns, Reaching safepoint: 3219708 ns, At safepoint: 94542 ns, Total: 3314250 ns
[2022-09-04T16:56:13.462+0000][1][safepoint    ] Safepoint "Cleanup", Time since last: 1003831125 ns, Reaching safepoint: 966042 ns, At safepoint: 25333 ns, Total: 991375 ns
[2022-09-04T16:56:14.471+0000][1][safepoint    ] Safepoint "Cleanup", Time since last: 1002839959 ns, Reaching safepoint: 4573250 ns, At safepoint: 1844875 ns, Total: 6418125 ns
[2022-09-04T16:56:15.477+0000][1][safepoint    ] Safepoint "Cleanup", Time since last: 1003262084 ns, Reaching safepoint: 2419000 ns, At safepoint: 68375 ns, Total: 2487375 ns
[2022-09-04T16:56:16.483+0000][1][safepoint    ] Safepoint "Cleanup", Time since last: 1004387084 ns, Reaching safepoint: 2246625 ns, At safepoint: 63375 ns, Total: 2310000 ns
[2022-09-04T16:56:17.490+0000][1][safepoint    ] Safepoint "Cleanup", Time since last: 1003031917 ns, Reaching safepoint: 3113625 ns, At safepoint: 71000 ns, Total: 3184625 ns
[2022-09-04T16:56:18.496+0000][1][safepoint    ] Safepoint "Cleanup", Time since last: 1005200792 ns, Reaching safepoint: 904083 ns, At safepoint: 20167 ns, Total: 924250 ns
[2022-09-04T16:56:19.499+0000][1][safepoint    ] Safepoint "Cleanup", Time since last: 1001663709 ns, Reaching safepoint: 1806792 ns, At safepoint: 45083 ns, Total: 1851875 ns
[2022-09-04T16:56:20.507+0000][1][safepoint    ] Safepoint "Cleanup", Time since last: 1005258042 ns, Reaching safepoint: 2265875 ns, At safepoint: 83792 ns, Total: 2349667 ns
[2022-09-04T16:56:21.514+0000][1][safepoint    ] Safepoint "Cleanup", Time since last: 1005949875 ns, Reaching safepoint: 773000 ns, At safepoint: 33417 ns, Total: 806417 ns
[2022-09-04T16:56:22.523+0000][1][safepoint    ] Safepoint "Cleanup", Time since last: 1005701459 ns, Reaching safepoint: 3567958 ns, At safepoint: 107500 ns, Total: 3675458 ns
[2022-09-04T16:56:23.533+0000][1][safepoint    ] Safepoint "Cleanup", Time since last: 1008738334 ns, Reaching safepoint: 1217083 ns, At safepoint: 30875 ns, Total: 1247958 ns
[2022-09-04T16:56:24.539+0000][1][safepoint    ] Safepoint "Cleanup", Time since last: 1002880917 ns, Reaching safepoint: 2922334 ns, At safepoint: 71125 ns, Total: 2993459 ns
[2022-09-04T16:56:25.547+0000][1][safepoint    ] Safepoint "Cleanup", Time since last: 1007547167 ns, Reaching safepoint: 967958 ns, At safepoint: 28333 ns, Total: 996291 ns
[2022-09-04T16:56:26.555+0000][1][safepoint    ] Safepoint "Cleanup", Time since last: 1003055043 ns, Reaching safepoint: 4169625 ns, At safepoint: 94916 ns, Total: 4264541 ns
[2022-09-04T16:56:27.568+0000][1][safepoint    ] Safepoint "Cleanup", Time since last: 1009642626 ns, Reaching safepoint: 3273541 ns, At safepoint: 93209 ns, Total: 3366750 ns
[2022-09-04T16:56:28.573+0000][1][safepoint    ] Safepoint "Cleanup", Time since last: 1003407459 ns, Reaching safepoint: 1908291 ns, At safepoint: 45959 ns, Total: 1954250 ns
[2022-09-04T16:56:29.582+0000][1][safepoint    ] Safepoint "Cleanup", Time since last: 1007038542 ns, Reaching safepoint: 1865958 ns, At safepoint: 48583 ns, Total: 1914541 ns
[2022-09-04T16:56:30.590+0000][1][safepoint    ] Safepoint "Cleanup", Time since last: 1004579209 ns, Reaching safepoint: 3567292 ns, At safepoint: 92333 ns, Total: 3659625 ns
[2022-09-04T16:56:31.599+0000][1][safepoint    ] Safepoint "Cleanup", Time since last: 1008364292 ns, Reaching safepoint: 855166 ns, At safepoint: 21209 ns, Total: 876375 ns
[2022-09-04T16:56:32.605+0000][1][safepoint    ] Safepoint "Cleanup", Time since last: 1001525458 ns, Reaching safepoint: 3734542 ns, At safepoint: 89875 ns, Total: 3824417 ns
[2022-09-04T16:56:33.612+0000][1][safepoint    ] Safepoint "Cleanup", Time since last: 1006269292 ns, Reaching safepoint: 1158042 ns, At safepoint: 27292 ns, Total: 1185334 ns
[2022-09-04T16:56:34.618+0000][1][safepoint    ] Safepoint "Cleanup", Time since last: 1002343250 ns, Reaching safepoint: 3132500 ns, At safepoint: 68917 ns, Total: 3201417 ns
[2022-09-04T16:56:35.626+0000][1][safepoint    ] Safepoint "Cleanup", Time since last: 1006462709 ns, Reaching safepoint: 1504625 ns, At safepoint: 38791 ns, Total: 1543416 ns
[2022-09-04T16:56:36.635+0000][1][safepoint    ] Safepoint "Cleanup", Time since last: 1003827751 ns, Reaching safepoint: 4141041 ns, At safepoint: 266625 ns, Total: 4407666 ns
[2022-09-04T16:56:37.645+0000][1][safepoint    ] Safepoint "Cleanup", Time since last: 1009892876 ns, Reaching safepoint: 1116375 ns, At safepoint: 61167 ns, Total: 1177542 ns
[2022-09-04T16:56:38.650+0000][1][safepoint    ] Safepoint "Cleanup", Time since last: 1003918250 ns, Reaching safepoint: 938875 ns, At safepoint: 25083 ns, Total: 963958 ns
[2022-09-04T16:56:39.654+0000][1][safepoint    ] Safepoint "Cleanup", Time since last: 1003420584 ns, Reaching safepoint: 1312875 ns, At safepoint: 27875 ns, Total: 1340750 ns
[2022-09-04T16:56:40.658+0000][1][safepoint    ] Safepoint "Cleanup", Time since last: 1002713084 ns, Reaching safepoint: 912292 ns, At safepoint: 23458 ns, Total: 935750 ns
[2022-09-04T16:56:41.661+0000][1][safepoint    ] Safepoint "Cleanup", Time since last: 1001584834 ns, Reaching safepoint: 832958 ns, At safepoint: 23625 ns, Total: 856583 ns
[2022-09-04T16:56:42.665+0000][1][safepoint    ] Safepoint "Cleanup", Time since last: 1002667834 ns, Reaching safepoint: 1753375 ns, At safepoint: 43125 ns, Total: 1796500 ns
[2022-09-04T16:56:43.670+0000][1][safepoint    ] Safepoint "Cleanup", Time since last: 1004300375 ns, Reaching safepoint: 894000 ns, At safepoint: 23750 ns, Total: 917750 ns
[2022-09-04T16:56:44.674+0000][1][safepoint    ] Safepoint "Cleanup", Time since last: 1003062668 ns, Reaching safepoint: 953791 ns, At safepoint: 22917 ns, Total: 976708 ns
[2022-09-04T16:56:45.680+0000][1][safepoint    ] Safepoint "Cleanup", Time since last: 1001830334 ns, Reaching safepoint: 3347333 ns, At safepoint: 306208 ns, Total: 3653541 ns
[2022-09-04T16:56:46.686+0000][1][safepoint    ] Safepoint "Cleanup", Time since last: 1003614668 ns, Reaching safepoint: 2246708 ns, At safepoint: 70667 ns, Total: 2317375 ns
[2022-09-04T16:56:47.690+0000][1][safepoint    ] Safepoint "Cleanup", Time since last: 1002979667 ns, Reaching safepoint: 1478958 ns, At safepoint: 30375 ns, Total: 1509333 ns
[2022-09-04T16:56:48.694+0000][1][safepoint    ] Safepoint "Cleanup", Time since last: 1002464084 ns, Reaching safepoint: 1330750 ns, At safepoint: 31500 ns, Total: 1362250 ns
[2022-09-04T16:56:49.698+0000][1][safepoint    ] Safepoint "Cleanup", Time since last: 1002622250 ns, Reaching safepoint: 1076459 ns, At safepoint: 26791 ns, Total: 1103250 ns
[2022-09-04T16:56:50.702+0000][1][safepoint    ] Safepoint "Cleanup", Time since last: 1002705042 ns, Reaching safepoint: 1821834 ns, At safepoint: 47041 ns, Total: 1868875 ns
[2022-09-04T16:56:51.706+0000][1][safepoint    ] Safepoint "Cleanup", Time since last: 1002742251 ns, Reaching safepoint: 1154708 ns, At safepoint: 31459 ns, Total: 1186167 ns
[2022-09-04T16:56:52.711+0000][1][safepoint    ] Safepoint "Cleanup", Time since last: 1003480500 ns, Reaching safepoint: 1572500 ns, At safepoint: 36000 ns, Total: 1608500 ns
[2022-09-04T16:56:53.716+0000][1][safepoint    ] Safepoint "Cleanup", Time since last: 1003007209 ns, Reaching safepoint: 1779292 ns, At safepoint: 44583 ns, Total: 1823875 ns
[2022-09-04T16:56:54.724+0000][1][safepoint    ] Safepoint "Cleanup", Time since last: 1002742125 ns, Reaching safepoint: 3656375 ns, At safepoint: 69875 ns, Total: 3726250 ns
[2022-09-04T16:56:55.731+0000][1][safepoint    ] Safepoint "Cleanup", Time since last: 1006461084 ns, Reaching safepoint: 2193917 ns, At safepoint: 99917 ns, Total: 2293834 ns
[2022-09-04T16:56:56.744+0000][1][safepoint    ] Safepoint "Cleanup", Time since last: 1010816458 ns, Reaching safepoint: 1698875 ns, At safepoint: 58000 ns, Total: 1756875 ns
[2022-09-04T16:56:57.750+0000][1][safepoint    ] Safepoint "Cleanup", Time since last: 1004256834 ns, Reaching safepoint: 1479167 ns, At safepoint: 42083 ns, Total: 1521250 ns
[2022-09-04T16:56:58.755+0000][1][safepoint    ] Safepoint "Cleanup", Time since last: 1003823459 ns, Reaching safepoint: 1105667 ns, At safepoint: 22250 ns, Total: 1127917 ns
[2022-09-04T16:56:59.776+0000][1][safepoint    ] Safepoint "Cleanup", Time since last: 1019522917 ns, Reaching safepoint: 1247541 ns, At safepoint: 32375 ns, Total: 1279916 ns
[2022-09-04T16:57:00.779+0000][1][safepoint    ] Safepoint "Cleanup", Time since last: 1002066001 ns, Reaching safepoint: 1753667 ns, At safepoint: 46166 ns, Total: 1799833 ns
[2022-09-04T16:57:01.782+0000][1][safepoint    ] Safepoint "Cleanup", Time since last: 1002510625 ns, Reaching safepoint: 793042 ns, At safepoint: 23000 ns, Total: 816042 ns
[2022-09-04T16:57:02.786+0000][1][safepoint    ] Safepoint "Cleanup", Time since last: 1002835292 ns, Reaching safepoint: 1139875 ns, At safepoint: 29208 ns, Total: 1169083 ns
[2022-09-04T16:57:03.789+0000][1][safepoint    ] Safepoint "Cleanup", Time since last: 1002008292 ns, Reaching safepoint: 1083084 ns, At safepoint: 99208 ns, Total: 1182292 ns
[2022-09-04T16:57:04.795+0000][1][safepoint    ] Safepoint "Cleanup", Time since last: 1003562001 ns, Reaching safepoint: 1776333 ns, At safepoint: 38250 ns, Total: 1814583 ns
[2022-09-04T16:57:05.804+0000][1][safepoint    ] Safepoint "Cleanup", Time since last: 1005189667 ns, Reaching safepoint: 3509583 ns, At safepoint: 83875 ns, Total: 3593458 ns
[2022-09-04T16:57:06.810+0000][1][safepoint    ] Safepoint "Cleanup", Time since last: 1004903376 ns, Reaching safepoint: 1095083 ns, At safepoint: 25750 ns, Total: 1120833 ns
[2022-09-04T16:57:07.819+0000][1][safepoint    ] Safepoint "Cleanup", Time since last: 1006890501 ns, Reaching safepoint: 2681041 ns, At safepoint: 68167 ns, Total: 2749208 ns
[2022-09-04T16:57:08.826+0000][1][safepoint    ] Safepoint "Cleanup", Time since last: 1005500709 ns, Reaching safepoint: 1505666 ns, At safepoint: 36750 ns, Total: 1542416 ns
[2022-09-04T16:57:09.832+0000][1][safepoint    ] Safepoint "Cleanup", Time since last: 1003739501 ns, Reaching safepoint: 1910875 ns, At safepoint: 38250 ns, Total: 1949125 ns
[2022-09-04T16:57:10.837+0000][1][safepoint    ] Safepoint "Cleanup", Time since last: 1003911292 ns, Reaching safepoint: 1142000 ns, At safepoint: 28292 ns, Total: 1170292 ns
[2022-09-04T16:57:11.840+0000][1][safepoint    ] Safepoint "Cleanup", Time since last: 1001774750 ns, Reaching safepoint: 1167584 ns, At safepoint: 25583 ns, Total: 1193167 ns
[2022-09-04T16:57:12.845+0000][1][safepoint    ] Safepoint "Cleanup", Time since last: 1002490792 ns, Reaching safepoint: 2313292 ns, At safepoint: 95916 ns, Total: 2409208 ns
[2022-09-04T16:57:13.851+0000][1][safepoint    ] Safepoint "Cleanup", Time since last: 1004110251 ns, Reaching safepoint: 1847250 ns, At safepoint: 65417 ns, Total: 1912667 ns
[2022-09-04T16:57:14.857+0000][1][safepoint    ] Safepoint "Cleanup", Time since last: 1005083708 ns, Reaching safepoint: 888084 ns, At safepoint: 56416 ns, Total: 944500 ns
[2022-09-04T16:57:15.860+0000][1][safepoint    ] Safepoint "Cleanup", Time since last: 1002013417 ns, Reaching safepoint: 1218917 ns, At safepoint: 41292 ns, Total: 1260209 ns
[2022-09-04T16:57:16.865+0000][1][safepoint    ] Safepoint "Cleanup", Time since last: 1003841625 ns, Reaching safepoint: 776625 ns, At safepoint: 23084 ns, Total: 799709 ns
[2022-09-04T16:57:17.873+0000][1][safepoint    ] Safepoint "Cleanup", Time since last: 1004431542 ns, Reaching safepoint: 3626125 ns, At safepoint: 110166 ns, Total: 3736291 ns
[2022-09-04T16:57:18.881+0000][1][safepoint    ] Safepoint "Cleanup", Time since last: 1006719751 ns, Reaching safepoint: 1400833 ns, At safepoint: 40875 ns, Total: 1441708 ns
[2022-09-04T16:57:19.889+0000][1][safepoint    ] Safepoint "Cleanup", Time since last: 1004931251 ns, Reaching safepoint: 2390666 ns, At safepoint: 56709 ns, Total: 2447375 ns
[2022-09-04T16:57:20.896+0000][1][safepoint    ] Safepoint "Cleanup", Time since last: 1003484250 ns, Reaching safepoint: 3203000 ns, At safepoint: 255792 ns, Total: 3458792 ns
[2022-09-04T16:57:21.903+0000][1][safepoint    ] Safepoint "Cleanup", Time since last: 1005688709 ns, Reaching safepoint: 2052541 ns, At safepoint: 201542 ns, Total: 2254083 ns
[2022-09-04T16:57:22.912+0000][1][safepoint    ] Safepoint "Cleanup", Time since last: 1005381792 ns, Reaching safepoint: 3173875 ns, At safepoint: 105459 ns, Total: 3279334 ns
[2022-09-04T16:57:23.921+0000][1][safepoint    ] Safepoint "Cleanup", Time since last: 1008217125 ns, Reaching safepoint: 1055958 ns, At safepoint: 25000 ns, Total: 1080958 ns
[2022-09-04T16:57:24.925+0000][1][safepoint    ] Safepoint "Cleanup", Time since last: 1002209792 ns, Reaching safepoint: 1394584 ns, At safepoint: 38416 ns, Total: 1433000 ns
[2022-09-04T16:57:25.931+0000][1][safepoint    ] Safepoint "Cleanup", Time since last: 1002834334 ns, Reaching safepoint: 2609209 ns, At safepoint: 47125 ns, Total: 2656334 ns
[2022-09-04T16:57:26.937+0000][1][safepoint    ] Safepoint "Cleanup", Time since last: 1005579125 ns, Reaching safepoint: 1108500 ns, At safepoint: 26292 ns, Total: 1134792 ns
[2022-09-04T16:57:27.940+0000][1][safepoint    ] Safepoint "Cleanup", Time since last: 1002345792 ns, Reaching safepoint: 853125 ns, At safepoint: 23042 ns, Total: 876167 ns
[2022-09-04T16:57:28.945+0000][1][safepoint    ] Safepoint "Cleanup", Time since last: 1003835333 ns, Reaching safepoint: 936959 ns, At safepoint: 20958 ns, Total: 957917 ns
[2022-09-04T16:57:29.951+0000][1][safepoint    ] Safepoint "Cleanup", Time since last: 1001932084 ns, Reaching safepoint: 3413167 ns, At safepoint: 84375 ns, Total: 3497542 ns
[2022-09-04T16:57:30.956+0000][1][safepoint    ] Safepoint "Cleanup", Time since last: 1004133417 ns, Reaching safepoint: 1439250 ns, At safepoint: 184958 ns, Total: 1624208 ns
[2022-09-04T16:57:31.961+0000][1][safepoint    ] Safepoint "Cleanup", Time since last: 1002441000 ns, Reaching safepoint: 1922625 ns, At safepoint: 58875 ns, Total: 1981500 ns
[2022-09-04T16:57:32.966+0000][1][safepoint    ] Safepoint "Cleanup", Time since last: 1004177875 ns, Reaching safepoint: 886292 ns, At safepoint: 24458 ns, Total: 910750 ns
[2022-09-04T16:57:33.969+0000][1][safepoint    ] Safepoint "Cleanup", Time since last: 1001903792 ns, Reaching safepoint: 1856708 ns, At safepoint: 46334 ns, Total: 1903042 ns
[2022-09-04T16:57:34.978+0000][1][safepoint    ] Safepoint "Cleanup", Time since last: 1004253417 ns, Reaching safepoint: 3828333 ns, At safepoint: 86625 ns, Total: 3914958 ns
[2022-09-04T16:57:35.984+0000][1][safepoint    ] Safepoint "Cleanup", Time since last: 1005182709 ns, Reaching safepoint: 1648167 ns, At safepoint: 41375 ns, Total: 1689542 ns
[2022-09-04T16:57:36.991+0000][1][safepoint    ] Safepoint "Cleanup", Time since last: 1003227084 ns, Reaching safepoint: 3357541 ns, At safepoint: 101375 ns, Total: 3458916 ns
[2022-09-04T16:57:37.997+0000][1][safepoint    ] Safepoint "Cleanup", Time since last: 1004411876 ns, Reaching safepoint: 921750 ns, At safepoint: 23791 ns, Total: 945541 ns
[2022-09-04T16:57:39.001+0000][1][safepoint    ] Safepoint "Cleanup", Time since last: 1003516209 ns, Reaching safepoint: 955417 ns, At safepoint: 20958 ns, Total: 976375 ns
[2022-09-04T16:57:40.004+0000][1][safepoint    ] Safepoint "Cleanup", Time since last: 1001546376 ns, Reaching safepoint: 1070708 ns, At safepoint: 29125 ns, Total: 1099833 ns
[2022-09-04T16:57:41.006+0000][1][safepoint    ] Safepoint "Cleanup", Time since last: 1001976084 ns, Reaching safepoint: 840416 ns, At safepoint: 22125 ns, Total: 862541 ns
[2022-09-04T16:57:42.011+0000][1][safepoint    ] Safepoint "Cleanup", Time since last: 1001966918 ns, Reaching safepoint: 2599916 ns, At safepoint: 68042 ns, Total: 2667958 ns
[2022-09-04T16:57:43.706+0000][1][safepoint    ] Safepoint "Cleanup", Time since last: 1692476501 ns, Reaching safepoint: 2201625 ns, At safepoint: 62458 ns, Total: 2264083 ns
[2022-09-04T16:57:44.714+0000][1][safepoint    ] Safepoint "Cleanup", Time since last: 1006138917 ns, Reaching safepoint: 1546625 ns, At safepoint: 37750 ns, Total: 1584375 ns
[2022-09-04T16:57:45.719+0000][1][safepoint    ] Safepoint "Cleanup", Time since last: 1002755001 ns, Reaching safepoint: 2647458 ns, At safepoint: 79833 ns, Total: 2727291 ns
[2022-09-04T16:57:46.728+0000][1][safepoint    ] Safepoint "Cleanup", Time since last: 1007185501 ns, Reaching safepoint: 1235167 ns, At safepoint: 31000 ns, Total: 1266167 ns
[2022-09-04T16:57:47.733+0000][1][safepoint    ] Safepoint "Cleanup", Time since last: 1002783458 ns, Reaching safepoint: 2768292 ns, At safepoint: 67500 ns, Total: 2835792 ns
[2022-09-04T16:57:48.738+0000][1][safepoint    ] Safepoint "Cleanup", Time since last: 1003787542 ns, Reaching safepoint: 910000 ns, At safepoint: 22125 ns, Total: 932125 ns
[2022-09-04T16:57:49.741+0000][1][safepoint    ] Safepoint "Cleanup", Time since last: 1001808542 ns, Reaching safepoint: 1323417 ns, At safepoint: 30917 ns, Total: 1354334 ns
[2022-09-04T16:57:50.745+0000][1][safepoint    ] Safepoint "Cleanup", Time since last: 1003045125 ns, Reaching safepoint: 1204833 ns, At safepoint: 27792 ns, Total: 1232625 ns
[2022-09-04T16:57:51.749+0000][1][safepoint    ] Safepoint "Cleanup", Time since last: 1002216167 ns, Reaching safepoint: 1228500 ns, At safepoint: 32459 ns, Total: 1260959 ns
[2022-09-04T16:57:52.754+0000][1][safepoint    ] Safepoint "Cleanup", Time since last: 1003943625 ns, Reaching safepoint: 1039208 ns, At safepoint: 22417 ns, Total: 1061625 ns
[2022-09-04T16:57:53.757+0000][1][safepoint    ] Safepoint "Cleanup", Time since last: 1002139417 ns, Reaching safepoint: 1202292 ns, At safepoint: 26333 ns, Total: 1228625 ns
[2022-09-04T16:57:54.772+0000][1][safepoint    ] Safepoint "Cleanup", Time since last: 1013034417 ns, Reaching safepoint: 1415542 ns, At safepoint: 32417 ns, Total: 1447959 ns
[2022-09-04T16:57:55.777+0000][1][safepoint    ] Safepoint "Cleanup", Time since last: 1004547167 ns, Reaching safepoint: 948125 ns, At safepoint: 23958 ns, Total: 972083 ns
[2022-09-04T16:57:56.780+0000][1][safepoint    ] Safepoint "Cleanup", Time since last: 1002141126 ns, Reaching safepoint: 942041 ns, At safepoint: 23542 ns, Total: 965583 ns
[2022-09-04T16:57:57.783+0000][1][safepoint    ] Safepoint "Cleanup", Time since last: 1002034417 ns, Reaching safepoint: 967167 ns, At safepoint: 26041 ns, Total: 993208 ns
[2022-09-04T16:57:58.790+0000][1][safepoint    ] Safepoint "Cleanup", Time since last: 1002686126 ns, Reaching safepoint: 4479333 ns, At safepoint: 42667 ns, Total: 4522000 ns
[2022-09-04T16:57:59.795+0000][1][safepoint    ] Safepoint "Cleanup", Time since last: 1002894625 ns, Reaching safepoint: 1313750 ns, At safepoint: 31250 ns, Total: 1345000 ns
[2022-09-04T16:58:00.798+0000][1][safepoint    ] Safepoint "Cleanup", Time since last: 1002104168 ns, Reaching safepoint: 1366333 ns, At safepoint: 25792 ns, Total: 1392125 ns
[2022-09-04T16:58:01.802+0000][1][safepoint    ] Safepoint "Cleanup", Time since last: 1001875874 ns, Reaching safepoint: 1673917 ns, At safepoint: 51833 ns, Total: 1725750 ns
[2022-09-04T16:58:02.807+0000][1][safepoint    ] Safepoint "Cleanup", Time since last: 1003614876 ns, Reaching safepoint: 1606000 ns, At safepoint: 39833 ns, Total: 1645833 ns
[2022-09-04T16:58:03.813+0000][1][safepoint    ] Safepoint "Cleanup", Time since last: 1004383917 ns, Reaching safepoint: 1886709 ns, At safepoint: 49958 ns, Total: 1936667 ns
[2022-09-04T16:58:04.819+0000][1][safepoint    ] Safepoint "Cleanup", Time since last: 1003412459 ns, Reaching safepoint: 2196583 ns, At safepoint: 65792 ns, Total: 2262375 ns
[2022-09-04T16:58:05.827+0000][1][safepoint    ] Safepoint "Cleanup", Time since last: 1004611167 ns, Reaching safepoint: 3061417 ns, At safepoint: 86125 ns, Total: 3147542 ns
[2022-09-04T16:58:06.833+0000][1][safepoint    ] Safepoint "Cleanup", Time since last: 1003792833 ns, Reaching safepoint: 2766500 ns, At safepoint: 86250 ns, Total: 2852750 ns
[2022-09-04T16:58:07.842+0000][1][safepoint    ] Safepoint "Cleanup", Time since last: 1004922209 ns, Reaching safepoint: 3413459 ns, At safepoint: 93333 ns, Total: 3506792 ns
[2022-09-04T16:58:08.852+0000][1][safepoint    ] Safepoint "Cleanup", Time since last: 1007595000 ns, Reaching safepoint: 2579542 ns, At safepoint: 67250 ns, Total: 2646792 ns
[2022-09-04T16:58:09.859+0000][1][safepoint    ] Safepoint "Cleanup", Time since last: 1003867626 ns, Reaching safepoint: 3193000 ns, At safepoint: 85583 ns, Total: 3278583 ns
[2022-09-04T16:58:10.866+0000][1][safepoint    ] Safepoint "Cleanup", Time since last: 1005840750 ns, Reaching safepoint: 1305959 ns, At safepoint: 32875 ns, Total: 1338834 ns
[2022-09-04T16:58:11.874+0000][1][safepoint    ] Safepoint "Cleanup", Time since last: 1004649042 ns, Reaching safepoint: 2928417 ns, At safepoint: 154041 ns, Total: 3082458 ns
[2022-09-04T16:58:12.880+0000][1][safepoint    ] Safepoint "Cleanup", Time since last: 1003636751 ns, Reaching safepoint: 2428708 ns, At safepoint: 57375 ns, Total: 2486083 ns
[2022-09-04T16:58:13.889+0000][1][safepoint    ] Safepoint "Cleanup", Time since last: 1004795626 ns, Reaching safepoint: 3366583 ns, At safepoint: 101250 ns, Total: 3467833 ns
[2022-09-04T16:58:14.896+0000][1][safepoint    ] Safepoint "Cleanup", Time since last: 1006527209 ns, Reaching safepoint: 1059625 ns, At safepoint: 26458 ns, Total: 1086083 ns
[2022-09-04T16:58:15.903+0000][1][safepoint    ] Safepoint "Cleanup", Time since last: 1004430750 ns, Reaching safepoint: 2728834 ns, At safepoint: 119375 ns, Total: 2848209 ns
[2022-09-04T16:58:16.909+0000][1][safepoint    ] Safepoint "Cleanup", Time since last: 1003557459 ns, Reaching safepoint: 2244375 ns, At safepoint: 59166 ns, Total: 2303541 ns
[2022-09-04T16:58:17.915+0000][1][safepoint    ] Safepoint "Cleanup", Time since last: 1004529417 ns, Reaching safepoint: 1302834 ns, At safepoint: 36458 ns, Total: 1339292 ns
[2022-09-04T16:58:18.920+0000][1][safepoint    ] Safepoint "Cleanup", Time since last: 1003764584 ns, Reaching safepoint: 1466083 ns, At safepoint: 34792 ns, Total: 1500875 ns
[2022-09-04T16:58:19.930+0000][1][safepoint    ] Safepoint "Cleanup", Time since last: 1005365125 ns, Reaching safepoint: 3830667 ns, At safepoint: 76625 ns, Total: 3907292 ns
[2022-09-04T16:58:20.938+0000][1][safepoint    ] Safepoint "Cleanup", Time since last: 1004141501 ns, Reaching safepoint: 3646958 ns, At safepoint: 91708 ns, Total: 3738666 ns
[2022-09-04T16:58:21.944+0000][1][safepoint    ] Safepoint "Cleanup", Time since last: 1005374834 ns, Reaching safepoint: 1243750 ns, At safepoint: 29375 ns, Total: 1273125 ns
[2022-09-04T16:58:22.947+0000][1][safepoint    ] Safepoint "Cleanup", Time since last: 1002081084 ns, Reaching safepoint: 975833 ns, At safepoint: 27334 ns, Total: 1003167 ns
[2022-09-04T16:58:23.965+0000][1][safepoint    ] Safepoint "Cleanup", Time since last: 1014314375 ns, Reaching safepoint: 3575625 ns, At safepoint: 87875 ns, Total: 3663500 ns
[2022-09-04T16:58:24.976+0000][1][safepoint    ] Safepoint "Cleanup", Time since last: 1007174125 ns, Reaching safepoint: 3688042 ns, At safepoint: 93625 ns, Total: 3781667 ns
[2022-09-04T16:58:25.985+0000][1][safepoint    ] Safepoint "Cleanup", Time since last: 1004912042 ns, Reaching safepoint: 3589209 ns, At safepoint: 124291 ns, Total: 3713500 ns
[2022-09-04T16:58:26.992+0000][1][safepoint    ] Safepoint "Cleanup", Time since last: 1004707334 ns, Reaching safepoint: 2344542 ns, At safepoint: 55458 ns, Total: 2400000 ns
[2022-09-04T16:58:27.998+0000][1][safepoint    ] Safepoint "Cleanup", Time since last: 1005063251 ns, Reaching safepoint: 798416 ns, At safepoint: 26000 ns, Total: 824416 ns
[2022-09-04T16:58:29.897+0000][1][safepoint    ] Safepoint "Cleanup", Time since last: 1897386168 ns, Reaching safepoint: 1279708 ns, At safepoint: 32458 ns, Total: 1312166 ns
[2022-09-04T16:58:30.904+0000][1][safepoint    ] Safepoint "Cleanup", Time since last: 1002975543 ns, Reaching safepoint: 4558125 ns, At safepoint: 84833 ns, Total: 4642958 ns
[2022-09-04T16:58:31.911+0000][1][safepoint    ] Safepoint "Cleanup", Time since last: 1005307125 ns, Reaching safepoint: 1948333 ns, At safepoint: 41417 ns, Total: 1989750 ns
[2022-09-04T16:58:32.918+0000][1][safepoint    ] Safepoint "Cleanup", Time since last: 1005567959 ns, Reaching safepoint: 1178833 ns, At safepoint: 30000 ns, Total: 1208833 ns
[2022-09-04T16:58:33.924+0000][1][safepoint    ] Safepoint "Cleanup", Time since last: 1004357792 ns, Reaching safepoint: 1158542 ns, At safepoint: 23792 ns, Total: 1182334 ns
[2022-09-04T16:58:34.936+0000][1][safepoint    ] Safepoint "Cleanup", Time since last: 1008229125 ns, Reaching safepoint: 4198917 ns, At safepoint: 97792 ns, Total: 4296709 ns
[2022-09-04T16:58:35.948+0000][1][safepoint    ] Safepoint "Cleanup", Time since last: 1007780042 ns, Reaching safepoint: 3660875 ns, At safepoint: 293208 ns, Total: 3954083 ns
[2022-09-04T16:58:36.957+0000][1][safepoint    ] Safepoint "Cleanup", Time since last: 1005627167 ns, Reaching safepoint: 3694834 ns, At safepoint: 94375 ns, Total: 3789209 ns
[2022-09-04T16:58:37.963+0000][1][safepoint    ] Safepoint "Cleanup", Time since last: 1005000208 ns, Reaching safepoint: 958209 ns, At safepoint: 26083 ns, Total: 984292 ns
[2022-09-04T16:58:38.981+0000][1][safepoint    ] Safepoint "Cleanup", Time since last: 1014560126 ns, Reaching safepoint: 3589000 ns, At safepoint: 87791 ns, Total: 3676791 ns
[2022-09-04T16:58:39.988+0000][1][safepoint    ] Safepoint "Cleanup", Time since last: 1005095542 ns, Reaching safepoint: 1554042 ns, At safepoint: 34417 ns, Total: 1588459 ns
[2022-09-04T16:58:40.993+0000][1][safepoint    ] Safepoint "Cleanup", Time since last: 1002906333 ns, Reaching safepoint: 1786459 ns, At safepoint: 43458 ns, Total: 1829917 ns
[2022-09-04T16:58:41.998+0000][1][safepoint    ] Safepoint "Cleanup", Time since last: 1003967334 ns, Reaching safepoint: 1191625 ns, At safepoint: 26667 ns, Total: 1218292 ns
[2022-09-04T16:58:43.001+0000][1][safepoint    ] Safepoint "Cleanup", Time since last: 1002212917 ns, Reaching safepoint: 834750 ns, At safepoint: 20708 ns, Total: 855458 ns
[2022-09-04T16:58:44.005+0000][1][safepoint    ] Safepoint "Cleanup", Time since last: 1001945376 ns, Reaching safepoint: 2334958 ns, At safepoint: 100208 ns, Total: 2435166 ns
[2022-09-04T16:58:44.147+0000][1][gc,start     ] GC(37) Pause Young (Allocation Failure)
[2022-09-04T16:58:44.152+0000][1][gc,task      ] GC(37) Using 4 workers of 4 for evacuation
[2022-09-04T16:58:44.195+0000][1][gc,age       ] GC(37) Desired survivor size 8945664 bytes, new threshold 6 (max threshold 6)
[2022-09-04T16:58:44.196+0000][1][gc,age       ] GC(37) Age table with threshold 6 (max threshold 6)
[2022-09-04T16:58:44.197+0000][1][gc,age       ] GC(37) - age   1:      10960 bytes,      10960 total
[2022-09-04T16:58:44.198+0000][1][gc,age       ] GC(37) - age   2:     110064 bytes,     121024 total
[2022-09-04T16:58:44.199+0000][1][gc,age       ] GC(37) - age   3:       1240 bytes,     122264 total
[2022-09-04T16:58:44.201+0000][1][gc,age       ] GC(37) - age   5:        712 bytes,     122976 total
[2022-09-04T16:58:44.202+0000][1][gc,age       ] GC(37) - age   6:       6184 bytes,     129160 total
[2022-09-04T16:58:44.205+0000][1][gc,heap      ] GC(37) ParNew: 139911K->166K(157248K)
[2022-09-04T16:58:44.206+0000][1][gc,heap      ] GC(37) CMS: 67648K->67649K(349568K)
[2022-09-04T16:58:44.207+0000][1][gc,metaspace ] GC(37) Metaspace: 84968K->84968K(1126400K)
[2022-09-04T16:58:44.210+0000][1][gc           ] GC(37) Pause Young (Allocation Failure) 202M->66M(494M) 63.007ms
[2022-09-04T16:58:44.211+0000][1][gc,cpu       ] GC(37) User=0.08s Sys=0.03s Real=0.07s
[2022-09-04T16:58:44.213+0000][1][safepoint    ] Safepoint "GenCollectForAllocation", Time since last: 139615584 ns, Reaching safepoint: 987250 ns, At safepoint: 66452875 ns, Total: 67440125 ns
[2022-09-04T16:58:45.218+0000][1][safepoint    ] Safepoint "Cleanup", Time since last: 1002210042 ns, Reaching safepoint: 3449875 ns, At safepoint: 88208 ns, Total: 3538083 ns
[2022-09-04T16:58:46.223+0000][1][safepoint    ] Safepoint "Cleanup", Time since last: 1003898417 ns, Reaching safepoint: 1076750 ns, At safepoint: 23709 ns, Total: 1100459 ns
[2022-09-04T16:58:47.229+0000][1][safepoint    ] Safepoint "Cleanup", Time since last: 1003199917 ns, Reaching safepoint: 2844958 ns, At safepoint: 64583 ns, Total: 2909541 ns
[2022-09-04T16:58:48.234+0000][1][safepoint    ] Safepoint "Cleanup", Time since last: 1003942793 ns, Reaching safepoint: 1115875 ns, At safepoint: 42583 ns, Total: 1158458 ns
[2022-09-04T16:58:49.240+0000][1][safepoint    ] Safepoint "Cleanup", Time since last: 1002943542 ns, Reaching safepoint: 2562208 ns, At safepoint: 73709 ns, Total: 2635917 ns
[2022-09-04T16:58:50.244+0000][1][safepoint    ] Safepoint "Cleanup", Time since last: 1002503250 ns, Reaching safepoint: 1683084 ns, At safepoint: 50083 ns, Total: 1733167 ns
[2022-09-04T16:58:51.247+0000][1][safepoint    ] Safepoint "Cleanup", Time since last: 1002332667 ns, Reaching safepoint: 856542 ns, At safepoint: 20333 ns, Total: 876875 ns
[2022-09-04T16:58:52.250+0000][1][safepoint    ] Safepoint "Cleanup", Time since last: 1001441126 ns, Reaching safepoint: 1194208 ns, At safepoint: 30333 ns, Total: 1224541 ns
[2022-09-04T16:58:53.255+0000][1][safepoint    ] Safepoint "Cleanup", Time since last: 1003298626 ns, Reaching safepoint: 1079166 ns, At safepoint: 23334 ns, Total: 1102500 ns
[2022-09-04T16:58:54.258+0000][1][safepoint    ] Safepoint "Cleanup", Time since last: 1001814375 ns, Reaching safepoint: 1308917 ns, At safepoint: 35083 ns, Total: 1344000 ns
[2022-09-04T16:58:55.262+0000][1][safepoint    ] Safepoint "Cleanup", Time since last: 1002660792 ns, Reaching safepoint: 1754042 ns, At safepoint: 50875 ns, Total: 1804917 ns
[2022-09-04T16:58:56.266+0000][1][safepoint    ] Safepoint "Cleanup", Time since last: 1003100834 ns, Reaching safepoint: 824583 ns, At safepoint: 22125 ns, Total: 846708 ns
[2022-09-04T16:58:57.270+0000][1][safepoint    ] Safepoint "Cleanup", Time since last: 1002518334 ns, Reaching safepoint: 898958 ns, At safepoint: 21500 ns, Total: 920458 ns
[2022-09-04T16:58:58.275+0000][1][safepoint    ] Safepoint "Cleanup", Time since last: 1004590667 ns, Reaching safepoint: 1208417 ns, At safepoint: 50417 ns, Total: 1258834 ns
[2022-09-04T16:58:59.279+0000][1][safepoint    ] Safepoint "Cleanup", Time since last: 1002224417 ns, Reaching safepoint: 1449542 ns, At safepoint: 88958 ns, Total: 1538500 ns
[2022-09-04T16:59:00.282+0000][1][safepoint    ] Safepoint "Cleanup", Time since last: 1001746084 ns, Reaching safepoint: 1356708 ns, At safepoint: 40667 ns, Total: 1397375 ns
[2022-09-04T16:59:01.287+0000][1][safepoint    ] Safepoint "Cleanup", Time since last: 1003659541 ns, Reaching safepoint: 1024167 ns, At safepoint: 26833 ns, Total: 1051000 ns
[2022-09-04T16:59:02.291+0000][1][safepoint    ] Safepoint "Cleanup", Time since last: 1002130042 ns, Reaching safepoint: 2460084 ns, At safepoint: 56833 ns, Total: 2516917 ns
[2022-09-04T16:59:03.297+0000][1][safepoint    ] Safepoint "Cleanup", Time since last: 1004448292 ns, Reaching safepoint: 1027500 ns, At safepoint: 20750 ns, Total: 1048250 ns
[2022-09-04T16:59:04.301+0000][1][safepoint    ] Safepoint "Cleanup", Time since last: 1002340376 ns, Reaching safepoint: 1358916 ns, At safepoint: 29209 ns, Total: 1388125 ns
[2022-09-04T16:59:05.304+0000][1][safepoint    ] Safepoint "Cleanup", Time since last: 1001554375 ns, Reaching safepoint: 1568458 ns, At safepoint: 37417 ns, Total: 1605875 ns
[2022-09-04T16:59:06.307+0000][1][safepoint    ] Safepoint "Cleanup", Time since last: 1002485251 ns, Reaching safepoint: 810458 ns, At safepoint: 20250 ns, Total: 830708 ns
[2022-09-04T16:59:07.310+0000][1][safepoint    ] Safepoint "Cleanup", Time since last: 1001456209 ns, Reaching safepoint: 1683791 ns, At safepoint: 42917 ns, Total: 1726708 ns
[2022-09-04T16:59:08.315+0000][1][safepoint    ] Safepoint "Cleanup", Time since last: 1003694167 ns, Reaching safepoint: 1080709 ns, At safepoint: 22291 ns, Total: 1103000 ns
[2022-09-04T16:59:09.321+0000][1][safepoint    ] Safepoint "Cleanup", Time since last: 1004261292 ns, Reaching safepoint: 1118500 ns, At safepoint: 32584 ns, Total: 1151084 ns
[2022-09-04T16:59:10.330+0000][1][safepoint    ] Safepoint "Cleanup", Time since last: 1004570958 ns, Reaching safepoint: 4689292 ns, At safepoint: 83083 ns, Total: 4772375 ns
[2022-09-04T16:59:11.337+0000][1][safepoint    ] Safepoint "Cleanup", Time since last: 1005034959 ns, Reaching safepoint: 1552000 ns, At safepoint: 48542 ns, Total: 1600542 ns
[2022-09-04T16:59:12.343+0000][1][safepoint    ] Safepoint "Cleanup", Time since last: 1002504375 ns, Reaching safepoint: 3614042 ns, At safepoint: 103292 ns, Total: 3717334 ns
[2022-09-04T16:59:13.353+0000][1][safepoint    ] Safepoint "Cleanup", Time since last: 1008355917 ns, Reaching safepoint: 1648917 ns, At safepoint: 64375 ns, Total: 1713292 ns
[2022-09-04T16:59:14.357+0000][1][safepoint    ] Safepoint "Cleanup", Time since last: 1002728500 ns, Reaching safepoint: 1446167 ns, At safepoint: 66541 ns, Total: 1512708 ns
[2022-09-04T16:59:15.364+0000][1][safepoint    ] Safepoint "Cleanup", Time since last: 1003072668 ns, Reaching safepoint: 3966500 ns, At safepoint: 155416 ns, Total: 4121916 ns
[2022-09-04T16:59:16.371+0000][1][safepoint    ] Safepoint "Cleanup", Time since last: 1006303001 ns, Reaching safepoint: 887500 ns, At safepoint: 23416 ns, Total: 910916 ns
[2022-09-04T16:59:17.376+0000][1][safepoint    ] Safepoint "Cleanup", Time since last: 1003513209 ns, Reaching safepoint: 1086292 ns, At safepoint: 31792 ns, Total: 1118084 ns
[2022-09-04T16:59:18.379+0000][1][safepoint    ] Safepoint "Cleanup", Time since last: 1002015208 ns, Reaching safepoint: 1051875 ns, At safepoint: 30875 ns, Total: 1082750 ns
[2022-09-04T16:59:19.383+0000][1][safepoint    ] Safepoint "Cleanup", Time since last: 1002984167 ns, Reaching safepoint: 1058542 ns, At safepoint: 43500 ns, Total: 1102042 ns
[2022-09-04T16:59:20.387+0000][1][safepoint    ] Safepoint "Cleanup", Time since last: 1001919334 ns, Reaching safepoint: 1479792 ns, At safepoint: 52666 ns, Total: 1532458 ns
[2022-09-04T16:59:21.391+0000][1][safepoint    ] Safepoint "Cleanup", Time since last: 1002398417 ns, Reaching safepoint: 1447792 ns, At safepoint: 52250 ns, Total: 1500042 ns
[2022-09-04T16:59:22.399+0000][1][safepoint    ] Safepoint "Cleanup", Time since last: 1004113709 ns, Reaching safepoint: 3836292 ns, At safepoint: 129125 ns, Total: 3965417 ns
[2022-09-04T16:59:23.410+0000][1][safepoint    ] Safepoint "Cleanup", Time since last: 1009443000 ns, Reaching safepoint: 2076917 ns, At safepoint: 49416 ns, Total: 2126333 ns
[2022-09-04T16:59:24.415+0000][1][safepoint    ] Safepoint "Cleanup", Time since last: 1003659084 ns, Reaching safepoint: 1354459 ns, At safepoint: 43416 ns, Total: 1397875 ns
[2022-09-04T16:59:25.425+0000][1][safepoint    ] Safepoint "Cleanup", Time since last: 1007269376 ns, Reaching safepoint: 2116791 ns, At safepoint: 67375 ns, Total: 2184166 ns
[2022-09-04T16:59:26.430+0000][1][safepoint    ] Safepoint "Cleanup", Time since last: 1004145043 ns, Reaching safepoint: 876708 ns, At safepoint: 23458 ns, Total: 900166 ns
[2022-09-04T16:59:27.434+0000][1][safepoint    ] Safepoint "Cleanup", Time since last: 1001604001 ns, Reaching safepoint: 2512541 ns, At safepoint: 78625 ns, Total: 2591166 ns
[2022-09-04T16:59:28.440+0000][1][safepoint    ] Safepoint "Cleanup", Time since last: 1005625876 ns, Reaching safepoint: 806000 ns, At safepoint: 20250 ns, Total: 826250 ns
[2022-09-04T16:59:29.443+0000][1][safepoint    ] Safepoint "Cleanup", Time since last: 1001615042 ns, Reaching safepoint: 806000 ns, At safepoint: 21583 ns, Total: 827583 ns
[2022-09-04T16:59:30.449+0000][1][safepoint    ] Safepoint "Cleanup", Time since last: 1005145667 ns, Reaching safepoint: 1105709 ns, At safepoint: 30666 ns, Total: 1136375 ns
[2022-09-04T16:59:31.464+0000][1][safepoint    ] Safepoint "Cleanup", Time since last: 1012722375 ns, Reaching safepoint: 2590709 ns, At safepoint: 85583 ns, Total: 2676292 ns
[2022-09-04T16:59:32.474+0000][1][safepoint    ] Safepoint "Cleanup", Time since last: 1007404500 ns, Reaching safepoint: 2425375 ns, At safepoint: 68250 ns, Total: 2493625 ns
[2022-09-04T16:59:33.484+0000][1][safepoint    ] Safepoint "Cleanup", Time since last: 1005755709 ns, Reaching safepoint: 3738292 ns, At safepoint: 74625 ns, Total: 3812917 ns
[2022-09-04T16:59:34.491+0000][1][safepoint    ] Safepoint "Cleanup", Time since last: 1004331834 ns, Reaching safepoint: 2470416 ns, At safepoint: 61917 ns, Total: 2532333 ns
[2022-09-04T16:59:35.499+0000][1][safepoint    ] Safepoint "Cleanup", Time since last: 1005236376 ns, Reaching safepoint: 2701541 ns, At safepoint: 65792 ns, Total: 2767333 ns
[2022-09-04T16:59:36.526+0000][1][safepoint    ] Safepoint "Cleanup", Time since last: 1025127667 ns, Reaching safepoint: 1925958 ns, At safepoint: 50250 ns, Total: 1976208 ns
[2022-09-04T16:59:37.530+0000][1][safepoint    ] Safepoint "Cleanup", Time since last: 1003244584 ns, Reaching safepoint: 1362500 ns, At safepoint: 35042 ns, Total: 1397542 ns
[2022-09-04T16:59:38.536+0000][1][safepoint    ] Safepoint "Cleanup", Time since last: 1003438250 ns, Reaching safepoint: 1895125 ns, At safepoint: 45209 ns, Total: 1940334 ns
[2022-09-04T16:59:39.541+0000][1][safepoint    ] Safepoint "Cleanup", Time since last: 1004105208 ns, Reaching safepoint: 1130875 ns, At safepoint: 30042 ns, Total: 1160917 ns
[2022-09-04T16:59:40.544+0000][1][safepoint    ] Safepoint "Cleanup", Time since last: 1001884084 ns, Reaching safepoint: 861333 ns, At safepoint: 23959 ns, Total: 885292 ns
[2022-09-04T16:59:41.546+0000][1][safepoint    ] Safepoint "Cleanup", Time since last: 1001557708 ns, Reaching safepoint: 852375 ns, At safepoint: 24959 ns, Total: 877334 ns
[2022-09-04T16:59:42.551+0000][1][safepoint    ] Safepoint "Cleanup", Time since last: 1001526459 ns, Reaching safepoint: 2846041 ns, At safepoint: 55750 ns, Total: 2901791 ns
[2022-09-04T16:59:43.560+0000][1][safepoint    ] Safepoint "Cleanup", Time since last: 1006816542 ns, Reaching safepoint: 2159750 ns, At safepoint: 71209 ns, Total: 2230959 ns
[2022-09-04T16:59:44.568+0000][1][safepoint    ] Safepoint "Cleanup", Time since last: 1004845334 ns, Reaching safepoint: 3634333 ns, At safepoint: 135000 ns, Total: 3769333 ns
[2022-09-04T16:59:45.577+0000][1][safepoint    ] Safepoint "Cleanup", Time since last: 1005990792 ns, Reaching safepoint: 2303417 ns, At safepoint: 81666 ns, Total: 2385083 ns
[2022-09-04T16:59:46.583+0000][1][safepoint    ] Safepoint "Cleanup", Time since last: 1003041959 ns, Reaching safepoint: 2962708 ns, At safepoint: 105167 ns, Total: 3067875 ns
[2022-09-04T16:59:47.590+0000][1][safepoint    ] Safepoint "Cleanup", Time since last: 1003746876 ns, Reaching safepoint: 3430708 ns, At safepoint: 159292 ns, Total: 3590000 ns
[2022-09-04T16:59:48.597+0000][1][safepoint    ] Safepoint "Cleanup", Time since last: 1006160042 ns, Reaching safepoint: 948791 ns, At safepoint: 33792 ns, Total: 982583 ns
[2022-09-04T16:59:49.604+0000][1][safepoint    ] Safepoint "Cleanup", Time since last: 1005510876 ns, Reaching safepoint: 1183875 ns, At safepoint: 44708 ns, Total: 1228583 ns
[2022-09-04T16:59:50.610+0000][1][safepoint    ] Safepoint "Cleanup", Time since last: 1002449750 ns, Reaching safepoint: 2851000 ns, At safepoint: 71459 ns, Total: 2922459 ns
[2022-09-04T16:59:51.617+0000][1][safepoint    ] Safepoint "Cleanup", Time since last: 1004822000 ns, Reaching safepoint: 2386459 ns, At safepoint: 106000 ns, Total: 2492459 ns
[2022-09-04T16:59:52.622+0000][1][safepoint    ] Safepoint "Cleanup", Time since last: 1003225625 ns, Reaching safepoint: 2375583 ns, At safepoint: 60834 ns, Total: 2436417 ns
[2022-09-04T16:59:53.630+0000][1][safepoint    ] Safepoint "Cleanup", Time since last: 1004738459 ns, Reaching safepoint: 2604916 ns, At safepoint: 69875 ns, Total: 2674791 ns
[2022-09-04T16:59:54.638+0000][1][safepoint    ] Safepoint "Cleanup", Time since last: 1006614667 ns, Reaching safepoint: 1792250 ns, At safepoint: 49625 ns, Total: 1841875 ns
[2022-09-04T16:59:55.645+0000][1][safepoint    ] Safepoint "Cleanup", Time since last: 1004369834 ns, Reaching safepoint: 2325667 ns, At safepoint: 84291 ns, Total: 2409958 ns
[2022-09-04T16:59:56.654+0000][1][safepoint    ] Safepoint "Cleanup", Time since last: 1006933668 ns, Reaching safepoint: 1539583 ns, At safepoint: 33958 ns, Total: 1573541 ns
[2022-09-04T16:59:57.661+0000][1][safepoint    ] Safepoint "Cleanup", Time since last: 1003341376 ns, Reaching safepoint: 3472291 ns, At safepoint: 87667 ns, Total: 3559958 ns
[2022-09-04T16:59:58.668+0000][1][safepoint    ] Safepoint "Cleanup", Time since last: 1006608292 ns, Reaching safepoint: 959667 ns, At safepoint: 24875 ns, Total: 984542 ns
[2022-09-04T16:59:59.678+0000][1][safepoint    ] Safepoint "Cleanup", Time since last: 1005448584 ns, Reaching safepoint: 3881250 ns, At safepoint: 104833 ns, Total: 3986083 ns
[2022-09-04T17:00:00.683+0000][1][safepoint    ] Safepoint "Cleanup", Time since last: 1004333167 ns, Reaching safepoint: 1159000 ns, At safepoint: 31625 ns, Total: 1190625 ns
[2022-09-04T17:00:01.687+0000][1][safepoint    ] Safepoint "Cleanup", Time since last: 1002417334 ns, Reaching safepoint: 2056583 ns, At safepoint: 57958 ns, Total: 2114541 ns
[2022-09-04T17:00:02.694+0000][1][safepoint    ] Safepoint "Cleanup", Time since last: 1005304168 ns, Reaching safepoint: 1865416 ns, At safepoint: 51292 ns, Total: 1916708 ns
[2022-09-04T17:00:03.700+0000][1][safepoint    ] Safepoint "Cleanup", Time since last: 1004416459 ns, Reaching safepoint: 1484458 ns, At safepoint: 40833 ns, Total: 1525291 ns
[2022-09-04T17:00:04.707+0000][1][safepoint    ] Safepoint "Cleanup", Time since last: 1005280876 ns, Reaching safepoint: 1470500 ns, At safepoint: 34791 ns, Total: 1505291 ns
[2022-09-04T17:00:05.715+0000][1][safepoint    ] Safepoint "Cleanup", Time since last: 1005127584 ns, Reaching safepoint: 2573209 ns, At safepoint: 258875 ns, Total: 2832084 ns
[2022-09-04T17:00:06.721+0000][1][safepoint    ] Safepoint "Cleanup", Time since last: 1003443500 ns, Reaching safepoint: 2495792 ns, At safepoint: 63125 ns, Total: 2558917 ns
[2022-09-04T17:00:07.728+0000][1][safepoint    ] Safepoint "Cleanup", Time since last: 1003952792 ns, Reaching safepoint: 2468542 ns, At safepoint: 67750 ns, Total: 2536292 ns
[2022-09-04T17:00:08.733+0000][1][safepoint    ] Safepoint "Cleanup", Time since last: 1003944958 ns, Reaching safepoint: 1034667 ns, At safepoint: 27125 ns, Total: 1061792 ns
[2022-09-04T17:00:09.736+0000][1][safepoint    ] Safepoint "Cleanup", Time since last: 1001992042 ns, Reaching safepoint: 1394500 ns, At safepoint: 38959 ns, Total: 1433459 ns
[2022-09-04T17:00:10.739+0000][1][safepoint    ] Safepoint "Cleanup", Time since last: 1002379708 ns, Reaching safepoint: 990500 ns, At safepoint: 25917 ns, Total: 1016417 ns
[2022-09-04T17:00:11.742+0000][1][safepoint    ] Safepoint "Cleanup", Time since last: 1001717209 ns, Reaching safepoint: 1083833 ns, At safepoint: 30750 ns, Total: 1114583 ns
[2022-09-04T17:00:12.746+0000][1][safepoint    ] Safepoint "Cleanup", Time since last: 1001975667 ns, Reaching safepoint: 1309084 ns, At safepoint: 31250 ns, Total: 1340334 ns
[2022-09-04T17:00:13.749+0000][1][safepoint    ] Safepoint "Cleanup", Time since last: 1002551208 ns, Reaching safepoint: 1156459 ns, At safepoint: 29000 ns, Total: 1185459 ns
[2022-09-04T17:00:14.754+0000][1][safepoint    ] Safepoint "Cleanup", Time since last: 1003731542 ns, Reaching safepoint: 1327708 ns, At safepoint: 33625 ns, Total: 1361333 ns
[2022-09-04T17:00:15.758+0000][1][safepoint    ] Safepoint "Cleanup", Time since last: 1002296876 ns, Reaching safepoint: 1258166 ns, At safepoint: 35875 ns, Total: 1294041 ns
[2022-09-04T17:00:16.760+0000][1][safepoint    ] Safepoint "Cleanup", Time since last: 1001433084 ns, Reaching safepoint: 923334 ns, At safepoint: 21000 ns, Total: 944334 ns
[2022-09-04T17:00:17.764+0000][1][safepoint    ] Safepoint "Cleanup", Time since last: 1001827667 ns, Reaching safepoint: 1861750 ns, At safepoint: 60125 ns, Total: 1921875 ns
[2022-09-04T17:00:18.770+0000][1][safepoint    ] Safepoint "Cleanup", Time since last: 1004875000 ns, Reaching safepoint: 773584 ns, At safepoint: 19416 ns, Total: 793000 ns
[2022-09-04T17:00:19.786+0000][1][safepoint    ] Safepoint "Cleanup", Time since last: 1015215376 ns, Reaching safepoint: 1112333 ns, At safepoint: 30333 ns, Total: 1142666 ns
[2022-09-04T17:00:20.791+0000][1][safepoint    ] Safepoint "Cleanup", Time since last: 1003605834 ns, Reaching safepoint: 961667 ns, At safepoint: 81291 ns, Total: 1042958 ns
[2022-09-04T17:00:21.796+0000][1][safepoint    ] Safepoint "Cleanup", Time since last: 1003149834 ns, Reaching safepoint: 1613709 ns, At safepoint: 37416 ns, Total: 1651125 ns
[2022-09-04T17:00:22.802+0000][1][safepoint    ] Safepoint "Cleanup", Time since last: 1005852334 ns, Reaching safepoint: 1014708 ns, At safepoint: 29375 ns, Total: 1044083 ns
[2022-09-04T17:00:23.811+0000][1][safepoint    ] Safepoint "Cleanup", Time since last: 1006531709 ns, Reaching safepoint: 1578167 ns, At safepoint: 43250 ns, Total: 1621417 ns
[2022-09-04T17:00:24.818+0000][1][safepoint    ] Safepoint "Cleanup", Time since last: 1005322959 ns, Reaching safepoint: 1798500 ns, At safepoint: 59500 ns, Total: 1858000 ns
[2022-09-04T17:00:25.825+0000][1][safepoint    ] Safepoint "Cleanup", Time since last: 1005654167 ns, Reaching safepoint: 1414250 ns, At safepoint: 34167 ns, Total: 1448417 ns
[2022-09-04T17:00:26.833+0000][1][safepoint    ] Safepoint "Cleanup", Time since last: 1005552875 ns, Reaching safepoint: 2024167 ns, At safepoint: 67250 ns, Total: 2091417 ns
[2022-09-04T17:00:27.838+0000][1][safepoint    ] Safepoint "Cleanup", Time since last: 1004129709 ns, Reaching safepoint: 1439166 ns, At safepoint: 37042 ns, Total: 1476208 ns
[2022-09-04T17:00:28.843+0000][1][safepoint    ] Safepoint "Cleanup", Time since last: 1003679750 ns, Reaching safepoint: 851584 ns, At safepoint: 60416 ns, Total: 912000 ns
[2022-09-04T17:00:29.848+0000][1][safepoint    ] Safepoint "Cleanup", Time since last: 1003376667 ns, Reaching safepoint: 2104000 ns, At safepoint: 95209 ns, Total: 2199209 ns
[2022-09-04T17:00:30.852+0000][1][safepoint    ] Safepoint "Cleanup", Time since last: 1002893584 ns, Reaching safepoint: 1196125 ns, At safepoint: 26375 ns, Total: 1222500 ns
[2022-09-04T17:00:31.855+0000][1][safepoint    ] Safepoint "Cleanup", Time since last: 1001780291 ns, Reaching safepoint: 1109708 ns, At safepoint: 30375 ns, Total: 1140083 ns
[2022-09-04T17:00:32.858+0000][1][safepoint    ] Safepoint "Cleanup", Time since last: 1001810751 ns, Reaching safepoint: 958083 ns, At safepoint: 23208 ns, Total: 981291 ns
[2022-09-04T17:00:33.861+0000][1][safepoint    ] Safepoint "Cleanup", Time since last: 1002255459 ns, Reaching safepoint: 1392000 ns, At safepoint: 35417 ns, Total: 1427417 ns
[2022-09-04T17:00:34.865+0000][1][safepoint    ] Safepoint "Cleanup", Time since last: 1002762500 ns, Reaching safepoint: 1159584 ns, At safepoint: 29958 ns, Total: 1189542 ns
[2022-09-04T17:00:35.871+0000][1][safepoint    ] Safepoint "Cleanup", Time since last: 1003755417 ns, Reaching safepoint: 1926625 ns, At safepoint: 80750 ns, Total: 2007375 ns
[2022-09-04T17:00:36.877+0000][1][safepoint    ] Safepoint "Cleanup", Time since last: 1003661834 ns, Reaching safepoint: 2232708 ns, At safepoint: 63584 ns, Total: 2296292 ns
[2022-09-04T17:00:37.882+0000][1][safepoint    ] Safepoint "Cleanup", Time since last: 1003908167 ns, Reaching safepoint: 1131500 ns, At safepoint: 30791 ns, Total: 1162291 ns
[2022-09-04T17:00:38.886+0000][1][safepoint    ] Safepoint "Cleanup", Time since last: 1002368334 ns, Reaching safepoint: 1152750 ns, At safepoint: 32083 ns, Total: 1184833 ns
[2022-09-04T17:00:39.889+0000][1][safepoint    ] Safepoint "Cleanup", Time since last: 1002448001 ns, Reaching safepoint: 1019875 ns, At safepoint: 26958 ns, Total: 1046833 ns
[2022-09-04T17:00:40.893+0000][1][safepoint    ] Safepoint "Cleanup", Time since last: 1002529126 ns, Reaching safepoint: 1359750 ns, At safepoint: 43625 ns, Total: 1403375 ns
[2022-09-04T17:00:41.897+0000][1][safepoint    ] Safepoint "Cleanup", Time since last: 1003061709 ns, Reaching safepoint: 1049750 ns, At safepoint: 62708 ns, Total: 1112458 ns
[2022-09-04T17:00:42.900+0000][1][safepoint    ] Safepoint "Cleanup", Time since last: 1001951167 ns, Reaching safepoint: 908750 ns, At safepoint: 26875 ns, Total: 935625 ns
[2022-09-04T17:00:43.907+0000][1][safepoint    ] Safepoint "Cleanup", Time since last: 1004192376 ns, Reaching safepoint: 2741208 ns, At safepoint: 64875 ns, Total: 2806083 ns
[2022-09-04T17:00:44.913+0000][1][safepoint    ] Safepoint "Cleanup", Time since last: 1004253042 ns, Reaching safepoint: 1162583 ns, At safepoint: 45875 ns, Total: 1208458 ns
[2022-09-04T17:00:45.921+0000][1][safepoint    ] Safepoint "Cleanup", Time since last: 1006064334 ns, Reaching safepoint: 1952625 ns, At safepoint: 46500 ns, Total: 1999125 ns
[2022-09-04T17:00:46.934+0000][1][safepoint    ] Safepoint "Cleanup", Time since last: 1009865626 ns, Reaching safepoint: 3039958 ns, At safepoint: 85667 ns, Total: 3125625 ns
[2022-09-04T17:00:47.940+0000][1][safepoint    ] Safepoint "Cleanup", Time since last: 1004671542 ns, Reaching safepoint: 1473791 ns, At safepoint: 39667 ns, Total: 1513458 ns
[2022-09-04T17:00:48.946+0000][1][safepoint    ] Safepoint "Cleanup", Time since last: 1004885709 ns, Reaching safepoint: 1676833 ns, At safepoint: 27209 ns, Total: 1704042 ns
[2022-09-04T17:00:49.953+0000][1][safepoint    ] Safepoint "Cleanup", Time since last: 1002476125 ns, Reaching safepoint: 3705042 ns, At safepoint: 88541 ns, Total: 3793583 ns
[2022-09-04T17:00:50.965+0000][1][safepoint    ] Safepoint "Cleanup", Time since last: 1008290626 ns, Reaching safepoint: 3658083 ns, At safepoint: 96500 ns, Total: 3754583 ns
[2022-09-04T17:00:51.969+0000][1][safepoint    ] Safepoint "Cleanup", Time since last: 1003391126 ns, Reaching safepoint: 1206750 ns, At safepoint: 52583 ns, Total: 1259333 ns
[2022-09-04T17:00:52.973+0000][1][safepoint    ] Safepoint "Cleanup", Time since last: 1002889667 ns, Reaching safepoint: 836834 ns, At safepoint: 24041 ns, Total: 860875 ns
[2022-09-04T17:00:53.979+0000][1][safepoint    ] Safepoint "Cleanup", Time since last: 1004072959 ns, Reaching safepoint: 1517208 ns, At safepoint: 44292 ns, Total: 1561500 ns
[2022-09-04T17:00:54.983+0000][1][safepoint    ] Safepoint "Cleanup", Time since last: 1002588625 ns, Reaching safepoint: 1183542 ns, At safepoint: 31625 ns, Total: 1215167 ns
[2022-09-04T17:00:55.986+0000][1][safepoint    ] Safepoint "Cleanup", Time since last: 1002073334 ns, Reaching safepoint: 1404083 ns, At safepoint: 35709 ns, Total: 1439792 ns
[2022-09-04T17:00:56.991+0000][1][safepoint    ] Safepoint "Cleanup", Time since last: 1002199167 ns, Reaching safepoint: 2632041 ns, At safepoint: 60459 ns, Total: 2692500 ns
[2022-09-04T17:00:57.996+0000][1][safepoint    ] Safepoint "Cleanup", Time since last: 1004299792 ns, Reaching safepoint: 831042 ns, At safepoint: 23541 ns, Total: 854583 ns
[2022-09-04T17:00:58.999+0000][1][safepoint    ] Safepoint "Cleanup", Time since last: 1001945167 ns, Reaching safepoint: 821375 ns, At safepoint: 20625 ns, Total: 842000 ns
[2022-09-04T17:01:00.002+0000][1][safepoint    ] Safepoint "Cleanup", Time since last: 1001192584 ns, Reaching safepoint: 1374125 ns, At safepoint: 33459 ns, Total: 1407584 ns
[2022-09-04T17:01:01.009+0000][1][safepoint    ] Safepoint "Cleanup", Time since last: 1003491000 ns, Reaching safepoint: 3619833 ns, At safepoint: 98959 ns, Total: 3718792 ns
[2022-09-04T17:01:02.014+0000][1][safepoint    ] Safepoint "Cleanup", Time since last: 1004804208 ns, Reaching safepoint: 984791 ns, At safepoint: 23792 ns, Total: 1008583 ns
[2022-09-04T17:01:03.018+0000][1][safepoint    ] Safepoint "Cleanup", Time since last: 1002329375 ns, Reaching safepoint: 874709 ns, At safepoint: 28291 ns, Total: 903000 ns
[2022-09-04T17:01:04.021+0000][1][safepoint    ] Safepoint "Cleanup", Time since last: 1002195084 ns, Reaching safepoint: 1332625 ns, At safepoint: 32542 ns, Total: 1365167 ns
[2022-09-04T17:01:05.026+0000][1][safepoint    ] Safepoint "Cleanup", Time since last: 1002871042 ns, Reaching safepoint: 1831875 ns, At safepoint: 41375 ns, Total: 1873250 ns
[2022-09-04T17:01:06.031+0000][1][safepoint    ] Safepoint "Cleanup", Time since last: 1003981917 ns, Reaching safepoint: 833292 ns, At safepoint: 23291 ns, Total: 856583 ns
[2022-09-04T17:01:07.036+0000][1][safepoint    ] Safepoint "Cleanup", Time since last: 1002978501 ns, Reaching safepoint: 2705375 ns, At safepoint: 68792 ns, Total: 2774167 ns
[2022-09-04T17:01:08.043+0000][1][safepoint    ] Safepoint "Cleanup", Time since last: 1005238292 ns, Reaching safepoint: 891125 ns, At safepoint: 21541 ns, Total: 912666 ns
[2022-09-04T17:01:09.046+0000][1][safepoint    ] Safepoint "Cleanup", Time since last: 1001645334 ns, Reaching safepoint: 1216500 ns, At safepoint: 54209 ns, Total: 1270709 ns
[2022-09-04T17:01:10.053+0000][1][safepoint    ] Safepoint "Cleanup", Time since last: 1006950583 ns, Reaching safepoint: 917375 ns, At safepoint: 23792 ns, Total: 941167 ns
[2022-09-04T17:01:11.060+0000][1][safepoint    ] Safepoint "Cleanup", Time since last: 1003758667 ns, Reaching safepoint: 2874542 ns, At safepoint: 80583 ns, Total: 2955125 ns
[2022-09-04T17:01:12.065+0000][1][safepoint    ] Safepoint "Cleanup", Time since last: 1003615084 ns, Reaching safepoint: 981792 ns, At safepoint: 26500 ns, Total: 1008292 ns
[2022-09-04T17:01:13.068+0000][1][safepoint    ] Safepoint "Cleanup", Time since last: 1002147042 ns, Reaching safepoint: 1222250 ns, At safepoint: 30166 ns, Total: 1252416 ns
[2022-09-04T17:01:14.073+0000][1][safepoint    ] Safepoint "Cleanup", Time since last: 1004340334 ns, Reaching safepoint: 945542 ns, At safepoint: 24083 ns, Total: 969625 ns
[2022-09-04T17:01:15.077+0000][1][safepoint    ] Safepoint "Cleanup", Time since last: 1001621334 ns, Reaching safepoint: 1444667 ns, At safepoint: 54333 ns, Total: 1499000 ns
[2022-09-04T17:01:16.081+0000][1][safepoint    ] Safepoint "Cleanup", Time since last: 1003202376 ns, Reaching safepoint: 848000 ns, At safepoint: 20541 ns, Total: 868541 ns
[2022-09-04T17:01:17.086+0000][1][safepoint    ] Safepoint "Cleanup", Time since last: 1001524376 ns, Reaching safepoint: 3689041 ns, At safepoint: 95375 ns, Total: 3784416 ns
[2022-09-04T17:01:18.092+0000][1][safepoint    ] Safepoint "Cleanup", Time since last: 1005677751 ns, Reaching safepoint: 805208 ns, At safepoint: 21959 ns, Total: 827167 ns
[2022-09-04T17:01:19.095+0000][1][safepoint    ] Safepoint "Cleanup", Time since last: 1001815417 ns, Reaching safepoint: 930416 ns, At safepoint: 48625 ns, Total: 979041 ns
[2022-09-04T17:01:20.100+0000][1][safepoint    ] Safepoint "Cleanup", Time since last: 1002425084 ns, Reaching safepoint: 2237542 ns, At safepoint: 30291 ns, Total: 2267833 ns
[2022-09-04T17:01:21.106+0000][1][safepoint    ] Safepoint "Cleanup", Time since last: 1002525626 ns, Reaching safepoint: 3105167 ns, At safepoint: 145416 ns, Total: 3250583 ns
[2022-09-04T17:01:22.113+0000][1][safepoint    ] Safepoint "Cleanup", Time since last: 1005974792 ns, Reaching safepoint: 826709 ns, At safepoint: 22666 ns, Total: 849375 ns
[2022-09-04T17:01:23.116+0000][1][safepoint    ] Safepoint "Cleanup", Time since last: 1002511918 ns, Reaching safepoint: 781875 ns, At safepoint: 24458 ns, Total: 806333 ns
[2022-09-04T17:01:24.121+0000][1][safepoint    ] Safepoint "Cleanup", Time since last: 1004161292 ns, Reaching safepoint: 923000 ns, At safepoint: 23833 ns, Total: 946833 ns
[2022-09-04T17:01:25.128+0000][1][safepoint    ] Safepoint "Cleanup", Time since last: 1004955668 ns, Reaching safepoint: 1991833 ns, At safepoint: 49250 ns, Total: 2041083 ns
[2022-09-04T17:01:26.133+0000][1][safepoint    ] Safepoint "Cleanup", Time since last: 1004115417 ns, Reaching safepoint: 1220625 ns, At safepoint: 24625 ns, Total: 1245250 ns
[2022-09-04T17:01:27.138+0000][1][safepoint    ] Safepoint "Cleanup", Time since last: 1003681959 ns, Reaching safepoint: 868542 ns, At safepoint: 27833 ns, Total: 896375 ns
[2022-09-04T17:01:28.145+0000][1][safepoint    ] Safepoint "Cleanup", Time since last: 1005987167 ns, Reaching safepoint: 814500 ns, At safepoint: 21292 ns, Total: 835792 ns
[2022-09-04T17:01:29.969+0000][1][safepoint    ] Safepoint "Cleanup", Time since last: 1820252251 ns, Reaching safepoint: 3867708 ns, At safepoint: 57292 ns, Total: 3925000 ns
[2022-09-04T17:01:30.964+0000][1][safepoint    ] Safepoint "RevokeBias", Time since last: 992652292 ns, Reaching safepoint: 1118500 ns, At safepoint: 1481958 ns, Total: 2600458 ns
[2022-09-04T17:01:30.984+0000][1][safepoint    ] Safepoint "RevokeBias", Time since last: 19249708 ns, Reaching safepoint: 828917 ns, At safepoint: 174625 ns, Total: 1003542 ns
[2022-09-04T17:01:31.088+0000][1][safepoint    ] Safepoint "RevokeBias", Time since last: 102743750 ns, Reaching safepoint: 900792 ns, At safepoint: 109458 ns, Total: 1010250 ns
[2022-09-04T17:01:31.148+0000][1][safepoint    ] Safepoint "RevokeBias", Time since last: 58429042 ns, Reaching safepoint: 1273000 ns, At safepoint: 241708 ns, Total: 1514708 ns
[2022-09-04T17:01:32.150+0000][1][safepoint    ] Safepoint "Cleanup", Time since last: 1001323416 ns, Reaching safepoint: 801209 ns, At safepoint: 27500 ns, Total: 828709 ns
[2022-09-04T17:01:33.153+0000][1][safepoint    ] Safepoint "Cleanup", Time since last: 1002096542 ns, Reaching safepoint: 1025208 ns, At safepoint: 21875 ns, Total: 1047083 ns
[2022-09-04T17:01:34.157+0000][1][safepoint    ] Safepoint "Cleanup", Time since last: 1003229667 ns, Reaching safepoint: 880292 ns, At safepoint: 21625 ns, Total: 901917 ns
[2022-09-04T17:01:35.161+0000][1][safepoint    ] Safepoint "Cleanup", Time since last: 1002261500 ns, Reaching safepoint: 920042 ns, At safepoint: 24083 ns, Total: 944125 ns
[2022-09-04T17:01:36.163+0000][1][safepoint    ] Safepoint "Cleanup", Time since last: 1001782543 ns, Reaching safepoint: 946791 ns, At safepoint: 25042 ns, Total: 971833 ns
[2022-09-04T17:01:37.167+0000][1][safepoint    ] Safepoint "Cleanup", Time since last: 1002157167 ns, Reaching safepoint: 1760000 ns, At safepoint: 42250 ns, Total: 1802250 ns
[2022-09-04T17:01:38.172+0000][1][safepoint    ] Safepoint "Cleanup", Time since last: 1004140500 ns, Reaching safepoint: 876500 ns, At safepoint: 18875 ns, Total: 895375 ns
[2022-09-04T17:01:39.176+0000][1][safepoint    ] Safepoint "Cleanup", Time since last: 1002970126 ns, Reaching safepoint: 881667 ns, At safepoint: 22916 ns, Total: 904583 ns
[2022-09-04T17:01:40.180+0000][1][safepoint    ] Safepoint "Cleanup", Time since last: 1002870417 ns, Reaching safepoint: 876334 ns, At safepoint: 23083 ns, Total: 899417 ns
[2022-09-04T17:01:41.184+0000][1][safepoint    ] Safepoint "Cleanup", Time since last: 1002208167 ns, Reaching safepoint: 1403334 ns, At safepoint: 33875 ns, Total: 1437209 ns
[2022-09-04T17:01:42.187+0000][1][safepoint    ] Safepoint "Cleanup", Time since last: 1002765208 ns, Reaching safepoint: 1018542 ns, At safepoint: 25833 ns, Total: 1044375 ns
[2022-09-04T17:01:43.190+0000][1][safepoint    ] Safepoint "Cleanup", Time since last: 1001799668 ns, Reaching safepoint: 866083 ns, At safepoint: 44208 ns, Total: 910291 ns
[2022-09-04T17:01:44.193+0000][1][safepoint    ] Safepoint "Cleanup", Time since last: 1001579667 ns, Reaching safepoint: 839042 ns, At safepoint: 21750 ns, Total: 860792 ns
[2022-09-04T17:01:45.879+0000][1][safepoint    ] Safepoint "Cleanup", Time since last: 1684432167 ns, Reaching safepoint: 1448542 ns, At safepoint: 88417 ns, Total: 1536959 ns
[2022-09-04T17:01:46.883+0000][1][safepoint    ] Safepoint "Cleanup", Time since last: 1003055125 ns, Reaching safepoint: 1296084 ns, At safepoint: 29791 ns, Total: 1325875 ns
[2022-09-04T17:01:47.891+0000][1][safepoint    ] Safepoint "Cleanup", Time since last: 1003862709 ns, Reaching safepoint: 3580625 ns, At safepoint: 93500 ns, Total: 3674125 ns
[2022-09-04T17:01:48.899+0000][1][safepoint    ] Safepoint "Cleanup", Time since last: 1006271251 ns, Reaching safepoint: 2482500 ns, At safepoint: 66208 ns, Total: 2548708 ns
[2022-09-04T17:01:49.908+0000][1][safepoint    ] Safepoint "Cleanup", Time since last: 1004539834 ns, Reaching safepoint: 3773041 ns, At safepoint: 99250 ns, Total: 3872291 ns
[2022-09-04T17:01:50.916+0000][1][safepoint    ] Safepoint "Cleanup", Time since last: 1007185959 ns, Reaching safepoint: 1450459 ns, At safepoint: 50666 ns, Total: 1501125 ns
[2022-09-04T17:01:51.921+0000][1][safepoint    ] Safepoint "Cleanup", Time since last: 1003848626 ns, Reaching safepoint: 1043750 ns, At safepoint: 26208 ns, Total: 1069958 ns
[2022-09-04T17:01:52.924+0000][1][safepoint    ] Safepoint "Cleanup", Time since last: 1002032792 ns, Reaching safepoint: 968917 ns, At safepoint: 27541 ns, Total: 996458 ns
[2022-09-04T17:01:53.928+0000][1][safepoint    ] Safepoint "Cleanup", Time since last: 1002439626 ns, Reaching safepoint: 1087917 ns, At safepoint: 20333 ns, Total: 1108250 ns
[2022-09-04T17:01:54.931+0000][1][safepoint    ] Safepoint "Cleanup", Time since last: 1001684417 ns, Reaching safepoint: 1288708 ns, At safepoint: 31625 ns, Total: 1320333 ns
[2022-09-04T17:01:55.937+0000][1][safepoint    ] Safepoint "Cleanup", Time since last: 1005267709 ns, Reaching safepoint: 1084667 ns, At safepoint: 24792 ns, Total: 1109459 ns
[2022-09-04T17:01:56.940+0000][1][safepoint    ] Safepoint "Cleanup", Time since last: 1001903250 ns, Reaching safepoint: 912042 ns, At safepoint: 20583 ns, Total: 932625 ns
[2022-09-04T17:01:57.946+0000][1][safepoint    ] Safepoint "Cleanup", Time since last: 1004211792 ns, Reaching safepoint: 1161459 ns, At safepoint: 34875 ns, Total: 1196334 ns
[2022-09-04T17:01:58.960+0000][1][safepoint    ] Safepoint "Cleanup", Time since last: 1013171875 ns, Reaching safepoint: 835958 ns, At safepoint: 29917 ns, Total: 865875 ns
[2022-09-04T17:01:59.968+0000][1][safepoint    ] Safepoint "Cleanup", Time since last: 1005115542 ns, Reaching safepoint: 3131542 ns, At safepoint: 109167 ns, Total: 3240709 ns
[2022-09-04T17:02:00.977+0000][1][safepoint    ] Safepoint "Cleanup", Time since last: 1007068625 ns, Reaching safepoint: 1755583 ns, At safepoint: 46500 ns, Total: 1802083 ns
[2022-09-04T17:02:01.983+0000][1][safepoint    ] Safepoint "Cleanup", Time since last: 1003696208 ns, Reaching safepoint: 2694959 ns, At safepoint: 68583 ns, Total: 2763542 ns
[2022-09-04T17:02:02.989+0000][1][safepoint    ] Safepoint "Cleanup", Time since last: 1005297292 ns, Reaching safepoint: 911875 ns, At safepoint: 25333 ns, Total: 937208 ns
[2022-09-04T17:02:03.992+0000][1][safepoint    ] Safepoint "Cleanup", Time since last: 1002052709 ns, Reaching safepoint: 1007125 ns, At safepoint: 26417 ns, Total: 1033542 ns
[2022-09-04T17:02:04.997+0000][1][safepoint    ] Safepoint "Cleanup", Time since last: 1002767959 ns, Reaching safepoint: 1828625 ns, At safepoint: 65750 ns, Total: 1894375 ns
[2022-09-04T17:02:06.328+0000][1][safepoint    ] Safepoint "Cleanup", Time since last: 1329701959 ns, Reaching safepoint: 1073916 ns, At safepoint: 36125 ns, Total: 1110041 ns
[2022-09-04T17:02:07.336+0000][1][safepoint    ] Safepoint "Cleanup", Time since last: 1007077251 ns, Reaching safepoint: 995458 ns, At safepoint: 30625 ns, Total: 1026083 ns
[2022-09-04T17:02:08.339+0000][1][safepoint    ] Safepoint "Cleanup", Time since last: 1002518667 ns, Reaching safepoint: 872500 ns, At safepoint: 21417 ns, Total: 893917 ns
[2022-09-04T17:02:09.343+0000][1][safepoint    ] Safepoint "Cleanup", Time since last: 1003337542 ns, Reaching safepoint: 826083 ns, At safepoint: 20417 ns, Total: 846500 ns
[2022-09-04T17:02:10.348+0000][1][safepoint    ] Safepoint "Cleanup", Time since last: 1003957875 ns, Reaching safepoint: 881625 ns, At safepoint: 24084 ns, Total: 905709 ns
[2022-09-04T17:02:11.353+0000][1][safepoint    ] Safepoint "Cleanup", Time since last: 1001712959 ns, Reaching safepoint: 2612666 ns, At safepoint: 66250 ns, Total: 2678916 ns
[2022-09-04T17:02:12.359+0000][1][safepoint    ] Safepoint "Cleanup", Time since last: 1003542084 ns, Reaching safepoint: 2299667 ns, At safepoint: 72375 ns, Total: 2372042 ns
[2022-09-04T17:02:13.364+0000][1][safepoint    ] Safepoint "Cleanup", Time since last: 1003646917 ns, Reaching safepoint: 1365417 ns, At safepoint: 38583 ns, Total: 1404000 ns
[2022-09-04T17:02:14.368+0000][1][safepoint    ] Safepoint "Cleanup", Time since last: 1003205584 ns, Reaching safepoint: 878625 ns, At safepoint: 30833 ns, Total: 909458 ns
[2022-09-04T17:02:15.373+0000][1][safepoint    ] Safepoint "Cleanup", Time since last: 1003709251 ns, Reaching safepoint: 1019166 ns, At safepoint: 23750 ns, Total: 1042916 ns
[2022-09-04T17:02:16.376+0000][1][safepoint    ] Safepoint "Cleanup", Time since last: 1002528542 ns, Reaching safepoint: 1109667 ns, At safepoint: 28292 ns, Total: 1137959 ns
[2022-09-04T17:02:17.380+0000][1][safepoint    ] Safepoint "Cleanup", Time since last: 1001837000 ns, Reaching safepoint: 2357792 ns, At safepoint: 79125 ns, Total: 2436917 ns
[2022-09-04T17:02:18.387+0000][1][safepoint    ] Safepoint "Cleanup", Time since last: 1005150542 ns, Reaching safepoint: 976542 ns, At safepoint: 25583 ns, Total: 1002125 ns
[2022-09-04T17:02:19.391+0000][1][safepoint    ] Safepoint "Cleanup", Time since last: 1003656667 ns, Reaching safepoint: 917500 ns, At safepoint: 26042 ns, Total: 943542 ns
[2022-09-04T17:02:20.395+0000][1][safepoint    ] Safepoint "Cleanup", Time since last: 1002799584 ns, Reaching safepoint: 819250 ns, At safepoint: 56625 ns, Total: 875875 ns
[2022-09-04T17:02:21.398+0000][1][safepoint    ] Safepoint "Cleanup", Time since last: 1001548042 ns, Reaching safepoint: 1047625 ns, At safepoint: 29708 ns, Total: 1077333 ns
[2022-09-04T17:02:22.403+0000][1][safepoint    ] Safepoint "Cleanup", Time since last: 1004247251 ns, Reaching safepoint: 1247833 ns, At safepoint: 30542 ns, Total: 1278375 ns
[2022-09-04T17:02:23.407+0000][1][safepoint    ] Safepoint "Cleanup", Time since last: 1002295125 ns, Reaching safepoint: 1588167 ns, At safepoint: 35083 ns, Total: 1623250 ns
[2022-09-04T17:02:24.414+0000][1][safepoint    ] Safepoint "Cleanup", Time since last: 1005788709 ns, Reaching safepoint: 1429750 ns, At safepoint: 35167 ns, Total: 1464917 ns
[2022-09-04T17:02:25.423+0000][1][safepoint    ] Safepoint "Cleanup", Time since last: 1007479042 ns, Reaching safepoint: 1434791 ns, At safepoint: 42375 ns, Total: 1477166 ns
[2022-09-04T17:02:26.432+0000][1][safepoint    ] Safepoint "Cleanup", Time since last: 1008135001 ns, Reaching safepoint: 904083 ns, At safepoint: 24625 ns, Total: 928708 ns
[2022-09-04T17:02:27.442+0000][1][safepoint    ] Safepoint "Cleanup", Time since last: 1006451876 ns, Reaching safepoint: 3507125 ns, At safepoint: 91375 ns, Total: 3598500 ns
[2022-09-04T17:02:28.456+0000][1][safepoint    ] Safepoint "Cleanup", Time since last: 1012225333 ns, Reaching safepoint: 1294875 ns, At safepoint: 28750 ns, Total: 1323625 ns
[2022-09-04T17:02:29.464+0000][1][safepoint    ] Safepoint "Cleanup", Time since last: 1005771376 ns, Reaching safepoint: 2698292 ns, At safepoint: 74583 ns, Total: 2772875 ns
[2022-09-04T17:02:30.474+0000][1][safepoint    ] Safepoint "Cleanup", Time since last: 1007271834 ns, Reaching safepoint: 1954875 ns, At safepoint: 76041 ns, Total: 2030916 ns
[2022-09-04T17:02:31.479+0000][1][safepoint    ] Safepoint "Cleanup", Time since last: 1004090792 ns, Reaching safepoint: 1437959 ns, At safepoint: 38375 ns, Total: 1476334 ns
[2022-09-04T17:02:32.485+0000][1][safepoint    ] Safepoint "Cleanup", Time since last: 1003240792 ns, Reaching safepoint: 3107041 ns, At safepoint: 61417 ns, Total: 3168458 ns
[2022-09-04T17:02:33.490+0000][1][safepoint    ] Safepoint "Cleanup", Time since last: 1003906667 ns, Reaching safepoint: 820959 ns, At safepoint: 22916 ns, Total: 843875 ns
[2022-09-04T17:02:34.495+0000][1][safepoint    ] Safepoint "Cleanup", Time since last: 1003533334 ns, Reaching safepoint: 1159792 ns, At safepoint: 30291 ns, Total: 1190083 ns
[2022-09-04T17:02:35.499+0000][1][safepoint    ] Safepoint "Cleanup", Time since last: 1002752001 ns, Reaching safepoint: 1517375 ns, At safepoint: 46667 ns, Total: 1564042 ns
[2022-09-04T17:02:36.504+0000][1][safepoint    ] Safepoint "Cleanup", Time since last: 1003250542 ns, Reaching safepoint: 1149791 ns, At safepoint: 26209 ns, Total: 1176000 ns
[2022-09-04T17:02:37.510+0000][1][safepoint    ] Safepoint "Cleanup", Time since last: 1002977333 ns, Reaching safepoint: 3595459 ns, At safepoint: 145166 ns, Total: 3740625 ns
[2022-09-04T17:02:38.517+0000][1][safepoint    ] Safepoint "Cleanup", Time since last: 1005692209 ns, Reaching safepoint: 1128834 ns, At safepoint: 31958 ns, Total: 1160792 ns
[2022-09-04T17:02:39.524+0000][1][safepoint    ] Safepoint "Cleanup", Time since last: 1003022625 ns, Reaching safepoint: 3631125 ns, At safepoint: 91209 ns, Total: 3722334 ns
[2022-09-04T17:02:40.532+0000][1][safepoint    ] Safepoint "Cleanup", Time since last: 1006269417 ns, Reaching safepoint: 2178083 ns, At safepoint: 45250 ns, Total: 2223333 ns
[2022-09-04T17:02:41.539+0000][1][safepoint    ] Safepoint "Cleanup", Time since last: 1003489876 ns, Reaching safepoint: 2847416 ns, At safepoint: 86584 ns, Total: 2934000 ns
[2022-09-04T17:02:42.546+0000][1][safepoint    ] Safepoint "Cleanup", Time since last: 1005218500 ns, Reaching safepoint: 2375125 ns, At safepoint: 77334 ns, Total: 2452459 ns
[2022-09-04T17:02:43.555+0000][1][safepoint    ] Safepoint "Cleanup", Time since last: 1007456292 ns, Reaching safepoint: 937416 ns, At safepoint: 24584 ns, Total: 962000 ns
[2022-09-04T17:02:44.561+0000][1][safepoint    ] Safepoint "Cleanup", Time since last: 1004255917 ns, Reaching safepoint: 1336833 ns, At safepoint: 21042 ns, Total: 1357875 ns
[2022-09-04T17:02:45.565+0000][1][safepoint    ] Safepoint "Cleanup", Time since last: 1002308667 ns, Reaching safepoint: 2120250 ns, At safepoint: 59583 ns, Total: 2179833 ns
[2022-09-04T17:02:46.572+0000][1][safepoint    ] Safepoint "Cleanup", Time since last: 1003214542 ns, Reaching safepoint: 3182292 ns, At safepoint: 72875 ns, Total: 3255167 ns
[2022-09-04T17:02:47.577+0000][1][safepoint    ] Safepoint "Cleanup", Time since last: 1003619417 ns, Reaching safepoint: 1965542 ns, At safepoint: 89708 ns, Total: 2055250 ns
[2022-09-04T17:02:48.582+0000][1][safepoint    ] Safepoint "Cleanup", Time since last: 1002819334 ns, Reaching safepoint: 2130125 ns, At safepoint: 63958 ns, Total: 2194083 ns
[2022-09-04T17:02:49.589+0000][1][safepoint    ] Safepoint "Cleanup", Time since last: 1004649918 ns, Reaching safepoint: 1873583 ns, At safepoint: 48875 ns, Total: 1922458 ns
[2022-09-04T17:02:50.597+0000][1][safepoint    ] Safepoint "Cleanup", Time since last: 1005626709 ns, Reaching safepoint: 2873791 ns, At safepoint: 162167 ns, Total: 3035958 ns
[2022-09-04T17:02:51.607+0000][1][safepoint    ] Safepoint "Cleanup", Time since last: 1006068542 ns, Reaching safepoint: 3453334 ns, At safepoint: 92041 ns, Total: 3545375 ns
[2022-09-04T17:02:52.616+0000][1][safepoint    ] Safepoint "Cleanup", Time since last: 1005833792 ns, Reaching safepoint: 2714834 ns, At safepoint: 66916 ns, Total: 2781750 ns
[2022-09-04T17:02:53.621+0000][1][safepoint    ] Safepoint "Cleanup", Time since last: 1003463792 ns, Reaching safepoint: 2103292 ns, At safepoint: 196625 ns, Total: 2299917 ns
[2022-09-04T17:02:54.626+0000][1][safepoint    ] Safepoint "Cleanup", Time since last: 1003336959 ns, Reaching safepoint: 1369667 ns, At safepoint: 34166 ns, Total: 1403833 ns
[2022-09-04T17:02:55.630+0000][1][safepoint    ] Safepoint "Cleanup", Time since last: 1003107209 ns, Reaching safepoint: 1043208 ns, At safepoint: 25334 ns, Total: 1068542 ns
[2022-09-04T17:02:56.634+0000][1][safepoint    ] Safepoint "Cleanup", Time since last: 1002642834 ns, Reaching safepoint: 896833 ns, At safepoint: 23917 ns, Total: 920750 ns
[2022-09-04T17:02:57.637+0000][1][safepoint    ] Safepoint "Cleanup", Time since last: 1002195417 ns, Reaching safepoint: 895416 ns, At safepoint: 21417 ns, Total: 916833 ns
[2022-09-04T17:02:58.644+0000][1][safepoint    ] Safepoint "Cleanup", Time since last: 1005039876 ns, Reaching safepoint: 1860625 ns, At safepoint: 45250 ns, Total: 1905875 ns
[2022-09-04T17:02:59.652+0000][1][safepoint    ] Safepoint "Cleanup", Time since last: 1003309250 ns, Reaching safepoint: 3940458 ns, At safepoint: 357500 ns, Total: 4297958 ns
[2022-09-04T17:03:00.659+0000][1][safepoint    ] Safepoint "Cleanup", Time since last: 1004796543 ns, Reaching safepoint: 2586291 ns, At safepoint: 109334 ns, Total: 2695625 ns
[2022-09-04T17:03:01.665+0000][1][safepoint    ] Safepoint "Cleanup", Time since last: 1004049707 ns, Reaching safepoint: 1721125 ns, At safepoint: 81000 ns, Total: 1802125 ns
[2022-09-04T17:03:02.672+0000][1][safepoint    ] Safepoint "Cleanup", Time since last: 1004484751 ns, Reaching safepoint: 2424708 ns, At safepoint: 192667 ns, Total: 2617375 ns
[2022-09-04T17:03:03.680+0000][1][safepoint    ] Safepoint "Cleanup", Time since last: 1003871625 ns, Reaching safepoint: 4178584 ns, At safepoint: 91166 ns, Total: 4269750 ns
[2022-09-04T17:03:04.688+0000][1][safepoint    ] Safepoint "Cleanup", Time since last: 1006555792 ns, Reaching safepoint: 1554167 ns, At safepoint: 66792 ns, Total: 1620959 ns
[2022-09-04T17:03:05.694+0000][1][safepoint    ] Safepoint "Cleanup", Time since last: 1003613000 ns, Reaching safepoint: 1801584 ns, At safepoint: 52291 ns, Total: 1853875 ns
[2022-09-04T17:03:06.705+0000][1][safepoint    ] Safepoint "Cleanup", Time since last: 1007835667 ns, Reaching safepoint: 3405417 ns, At safepoint: 96083 ns, Total: 3501500 ns
[2022-09-04T17:03:07.710+0000][1][safepoint    ] Safepoint "Cleanup", Time since last: 1003830626 ns, Reaching safepoint: 1000458 ns, At safepoint: 26209 ns, Total: 1026667 ns
[2022-09-04T17:03:08.714+0000][1][safepoint    ] Safepoint "Cleanup", Time since last: 1002076833 ns, Reaching safepoint: 2517584 ns, At safepoint: 56291 ns, Total: 2573875 ns
[2022-09-04T17:03:09.723+0000][1][safepoint    ] Safepoint "Cleanup", Time since last: 1006333959 ns, Reaching safepoint: 2080209 ns, At safepoint: 68916 ns, Total: 2149125 ns
[2022-09-04T17:03:10.727+0000][1][safepoint    ] Safepoint "Cleanup", Time since last: 1003755792 ns, Reaching safepoint: 846334 ns, At safepoint: 24083 ns, Total: 870417 ns
[2022-09-04T17:03:11.732+0000][1][safepoint    ] Safepoint "Cleanup", Time since last: 1002846709 ns, Reaching safepoint: 1917166 ns, At safepoint: 61000 ns, Total: 1978166 ns
[2022-09-04T17:03:12.738+0000][1][safepoint    ] Safepoint "Cleanup", Time since last: 1002686793 ns, Reaching safepoint: 2856500 ns, At safepoint: 75833 ns, Total: 2932333 ns
[2022-09-04T17:03:13.745+0000][1][safepoint    ] Safepoint "Cleanup", Time since last: 1004754042 ns, Reaching safepoint: 1755042 ns, At safepoint: 63333 ns, Total: 1818375 ns
[2022-09-04T17:03:14.749+0000][1][safepoint    ] Safepoint "Cleanup", Time since last: 1003132376 ns, Reaching safepoint: 1145166 ns, At safepoint: 26875 ns, Total: 1172041 ns
[2022-09-04T17:03:15.752+0000][1][safepoint    ] Safepoint "Cleanup", Time since last: 1001917501 ns, Reaching safepoint: 1341416 ns, At safepoint: 25875 ns, Total: 1367291 ns
[2022-09-04T17:03:16.755+0000][1][safepoint    ] Safepoint "Cleanup", Time since last: 1001992418 ns, Reaching safepoint: 1054625 ns, At safepoint: 29000 ns, Total: 1083625 ns
[2022-09-04T17:03:17.759+0000][1][safepoint    ] Safepoint "Cleanup", Time since last: 1002515667 ns, Reaching safepoint: 1399500 ns, At safepoint: 36083 ns, Total: 1435583 ns
[2022-09-04T17:03:18.763+0000][1][safepoint    ] Safepoint "Cleanup", Time since last: 1002765126 ns, Reaching safepoint: 1331458 ns, At safepoint: 27625 ns, Total: 1359083 ns
[2022-09-04T17:03:19.771+0000][1][safepoint    ] Safepoint "Cleanup", Time since last: 1006231959 ns, Reaching safepoint: 1508500 ns, At safepoint: 157041 ns, Total: 1665541 ns
[2022-09-04T17:03:20.774+0000][1][safepoint    ] Safepoint "Cleanup", Time since last: 1002374792 ns, Reaching safepoint: 857792 ns, At safepoint: 24167 ns, Total: 881959 ns
[2022-09-04T17:03:21.779+0000][1][safepoint    ] Safepoint "Cleanup", Time since last: 1001924500 ns, Reaching safepoint: 2392625 ns, At safepoint: 60042 ns, Total: 2452667 ns
[2022-09-04T17:03:22.784+0000][1][safepoint    ] Safepoint "Cleanup", Time since last: 1004290750 ns, Reaching safepoint: 1226167 ns, At safepoint: 32542 ns, Total: 1258709 ns
[2022-09-04T17:03:23.789+0000][1][safepoint    ] Safepoint "Cleanup", Time since last: 1003015459 ns, Reaching safepoint: 1166541 ns, At safepoint: 31375 ns, Total: 1197916 ns
[2022-09-04T17:03:24.791+0000][1][safepoint    ] Safepoint "Cleanup", Time since last: 1001988959 ns, Reaching safepoint: 926500 ns, At safepoint: 26000 ns, Total: 952500 ns
[2022-09-04T17:03:25.795+0000][1][safepoint    ] Safepoint "Cleanup", Time since last: 1002006709 ns, Reaching safepoint: 1102417 ns, At safepoint: 28166 ns, Total: 1130583 ns
[2022-09-04T17:03:26.799+0000][1][safepoint    ] Safepoint "Cleanup", Time since last: 1002379292 ns, Reaching safepoint: 1633084 ns, At safepoint: 43041 ns, Total: 1676125 ns
[2022-09-04T17:03:27.805+0000][1][safepoint    ] Safepoint "Cleanup", Time since last: 1003857709 ns, Reaching safepoint: 2713708 ns, At safepoint: 126292 ns, Total: 2840000 ns
[2022-09-04T17:03:28.810+0000][1][safepoint    ] Safepoint "Cleanup", Time since last: 1003361376 ns, Reaching safepoint: 1447458 ns, At safepoint: 59792 ns, Total: 1507250 ns
[2022-09-04T17:03:29.834+0000][1][safepoint    ] Safepoint "Cleanup", Time since last: 1022643125 ns, Reaching safepoint: 1275667 ns, At safepoint: 31458 ns, Total: 1307125 ns
[2022-09-04T17:03:30.839+0000][1][safepoint    ] Safepoint "Cleanup", Time since last: 1003002709 ns, Reaching safepoint: 1452083 ns, At safepoint: 54459 ns, Total: 1506542 ns
[2022-09-04T17:03:31.844+0000][1][safepoint    ] Safepoint "Cleanup", Time since last: 1002806333 ns, Reaching safepoint: 2623375 ns, At safepoint: 80000 ns, Total: 2703375 ns
[2022-09-04T17:03:32.849+0000][1][safepoint    ] Safepoint "Cleanup", Time since last: 1003768709 ns, Reaching safepoint: 1509041 ns, At safepoint: 59750 ns, Total: 1568791 ns
[2022-09-04T17:03:33.852+0000][1][safepoint    ] Safepoint "Cleanup", Time since last: 1002496584 ns, Reaching safepoint: 824292 ns, At safepoint: 25125 ns, Total: 849417 ns
[2022-09-04T17:03:35.391+0000][1][safepoint    ] Safepoint "Cleanup", Time since last: 1534894709 ns, Reaching safepoint: 3528416 ns, At safepoint: 77125 ns, Total: 3605541 ns
[2022-09-04T17:03:36.399+0000][1][safepoint    ] Safepoint "Cleanup", Time since last: 1006575126 ns, Reaching safepoint: 1144125 ns, At safepoint: 27333 ns, Total: 1171458 ns
[2022-09-04T17:03:37.407+0000][1][safepoint    ] Safepoint "Cleanup", Time since last: 1004802209 ns, Reaching safepoint: 3840833 ns, At safepoint: 70459 ns, Total: 3911292 ns
[2022-09-04T17:03:38.415+0000][1][safepoint    ] Safepoint "Cleanup", Time since last: 1006020167 ns, Reaching safepoint: 1103250 ns, At safepoint: 28333 ns, Total: 1131583 ns
[2022-09-04T17:03:39.423+0000][1][safepoint    ] Safepoint "Cleanup", Time since last: 1007380126 ns, Reaching safepoint: 1270291 ns, At safepoint: 32375 ns, Total: 1302666 ns
[2022-09-04T17:03:40.430+0000][1][safepoint    ] Safepoint "Cleanup", Time since last: 1003880334 ns, Reaching safepoint: 2637000 ns, At safepoint: 130292 ns, Total: 2767292 ns
[2022-09-04T17:03:41.441+0000][1][safepoint    ] Safepoint "Cleanup", Time since last: 1008760125 ns, Reaching safepoint: 2638167 ns, At safepoint: 94125 ns, Total: 2732292 ns
[2022-09-04T17:03:42.449+0000][1][safepoint    ] Safepoint "Cleanup", Time since last: 1005337125 ns, Reaching safepoint: 2313500 ns, At safepoint: 51000 ns, Total: 2364500 ns
[2022-09-04T17:03:43.455+0000][1][safepoint    ] Safepoint "Cleanup", Time since last: 1005097626 ns, Reaching safepoint: 1036458 ns, At safepoint: 38042 ns, Total: 1074500 ns
[2022-09-04T17:03:44.460+0000][1][safepoint    ] Safepoint "Cleanup", Time since last: 1002873875 ns, Reaching safepoint: 1423042 ns, At safepoint: 46125 ns, Total: 1469167 ns
[2022-09-04T17:03:45.463+0000][1][safepoint    ] Safepoint "Cleanup", Time since last: 1002772834 ns, Reaching safepoint: 1086292 ns, At safepoint: 26833 ns, Total: 1113125 ns
[2022-09-04T17:03:46.468+0000][1][safepoint    ] Safepoint "Cleanup", Time since last: 1002782084 ns, Reaching safepoint: 1436500 ns, At safepoint: 49041 ns, Total: 1485541 ns
[2022-09-04T17:03:47.473+0000][1][safepoint    ] Safepoint "Cleanup", Time since last: 1003081959 ns, Reaching safepoint: 2386625 ns, At safepoint: 82875 ns, Total: 2469500 ns
[2022-09-04T17:03:48.481+0000][1][safepoint    ] Safepoint "Cleanup", Time since last: 1005101501 ns, Reaching safepoint: 2786166 ns, At safepoint: 101917 ns, Total: 2888083 ns
[2022-09-04T17:03:49.489+0000][1][safepoint    ] Safepoint "Cleanup", Time since last: 1004682501 ns, Reaching safepoint: 2544583 ns, At safepoint: 131333 ns, Total: 2675916 ns
[2022-09-04T17:03:50.508+0000][1][safepoint    ] Safepoint "Cleanup", Time since last: 1016036751 ns, Reaching safepoint: 3640708 ns, At safepoint: 82042 ns, Total: 3722750 ns
[2022-09-04T17:03:51.517+0000][1][safepoint    ] Safepoint "Cleanup", Time since last: 1005998375 ns, Reaching safepoint: 2806375 ns, At safepoint: 103875 ns, Total: 2910250 ns
[2022-09-04T17:03:52.523+0000][1][safepoint    ] Safepoint "Cleanup", Time since last: 1003631792 ns, Reaching safepoint: 2369042 ns, At safepoint: 71583 ns, Total: 2440625 ns
[2022-09-04T17:03:53.547+0000][1][safepoint    ] Safepoint "Cleanup", Time since last: 1019826584 ns, Reaching safepoint: 3503667 ns, At safepoint: 90458 ns, Total: 3594125 ns
[2022-09-04T17:03:54.556+0000][1][safepoint    ] Safepoint "Cleanup", Time since last: 1005422584 ns, Reaching safepoint: 3541542 ns, At safepoint: 105333 ns, Total: 3646875 ns
[2022-09-04T17:03:55.565+0000][1][safepoint    ] Safepoint "Cleanup", Time since last: 1005527792 ns, Reaching safepoint: 3772875 ns, At safepoint: 106125 ns, Total: 3879000 ns
[2022-09-04T17:03:56.573+0000][1][safepoint    ] Safepoint "Cleanup", Time since last: 1006950292 ns, Reaching safepoint: 1163792 ns, At safepoint: 42250 ns, Total: 1206042 ns
[2022-09-04T17:03:57.580+0000][1][safepoint    ] Safepoint "Cleanup", Time since last: 1003068167 ns, Reaching safepoint: 3176333 ns, At safepoint: 72792 ns, Total: 3249125 ns
[2022-09-04T17:03:58.586+0000][1][safepoint    ] Safepoint "Cleanup", Time since last: 1005531667 ns, Reaching safepoint: 906792 ns, At safepoint: 26792 ns, Total: 933584 ns
[2022-09-04T17:03:59.593+0000][1][safepoint    ] Safepoint "Cleanup", Time since last: 1003663167 ns, Reaching safepoint: 3323875 ns, At safepoint: 68708 ns, Total: 3392583 ns
[2022-09-04T17:04:00.602+0000][1][safepoint    ] Safepoint "Cleanup", Time since last: 1005043375 ns, Reaching safepoint: 3869042 ns, At safepoint: 101792 ns, Total: 3970834 ns
[2022-09-04T17:04:01.612+0000][1][safepoint    ] Safepoint "Cleanup", Time since last: 1006005833 ns, Reaching safepoint: 3587833 ns, At safepoint: 95375 ns, Total: 3683208 ns
[2022-09-04T17:04:02.619+0000][1][safepoint    ] Safepoint "Cleanup", Time since last: 1003723626 ns, Reaching safepoint: 2675291 ns, At safepoint: 113584 ns, Total: 2788875 ns
[2022-09-04T17:04:03.626+0000][1][safepoint    ] Safepoint "Cleanup", Time since last: 1005411209 ns, Reaching safepoint: 2242458 ns, At safepoint: 53750 ns, Total: 2296208 ns
[2022-09-04T17:04:04.633+0000][1][safepoint    ] Safepoint "Cleanup", Time since last: 1003744125 ns, Reaching safepoint: 3293750 ns, At safepoint: 126375 ns, Total: 3420125 ns
[2022-09-04T17:04:05.640+0000][1][safepoint    ] Safepoint "Cleanup", Time since last: 1004366876 ns, Reaching safepoint: 2004583 ns, At safepoint: 600000 ns, Total: 2604583 ns
[2022-09-04T17:04:06.647+0000][1][safepoint    ] Safepoint "Cleanup", Time since last: 1003796042 ns, Reaching safepoint: 2984500 ns, At safepoint: 93667 ns, Total: 3078167 ns
[2022-09-04T17:04:07.656+0000][1][safepoint    ] Safepoint "Cleanup", Time since last: 1004871501 ns, Reaching safepoint: 3602750 ns, At safepoint: 188083 ns, Total: 3790833 ns
[2022-09-04T17:04:08.661+0000][1][safepoint    ] Safepoint "Cleanup", Time since last: 1003923875 ns, Reaching safepoint: 1015000 ns, At safepoint: 26834 ns, Total: 1041834 ns
[2022-09-04T17:04:09.667+0000][1][safepoint    ] Safepoint "Cleanup", Time since last: 1004739209 ns, Reaching safepoint: 1066958 ns, At safepoint: 26583 ns, Total: 1093541 ns
[2022-09-04T17:04:10.669+0000][1][safepoint    ] Safepoint "Cleanup", Time since last: 1001858834 ns, Reaching safepoint: 860917 ns, At safepoint: 33250 ns, Total: 894167 ns
[2022-09-04T17:04:11.675+0000][1][safepoint    ] Safepoint "Cleanup", Time since last: 1002412708 ns, Reaching safepoint: 3223625 ns, At safepoint: 101625 ns, Total: 3325250 ns
[2022-09-04T17:04:12.682+0000][1][safepoint    ] Safepoint "Cleanup", Time since last: 1005564543 ns, Reaching safepoint: 1575125 ns, At safepoint: 42083 ns, Total: 1617208 ns
[2022-09-04T17:04:13.687+0000][1][safepoint    ] Safepoint "Cleanup", Time since last: 1003304500 ns, Reaching safepoint: 1683792 ns, At safepoint: 38250 ns, Total: 1722042 ns
[2022-09-04T17:04:14.692+0000][1][safepoint    ] Safepoint "Cleanup", Time since last: 1002941501 ns, Reaching safepoint: 1915916 ns, At safepoint: 51959 ns, Total: 1967875 ns
[2022-09-04T17:04:15.700+0000][1][safepoint    ] Safepoint "Cleanup", Time since last: 1004499958 ns, Reaching safepoint: 2766500 ns, At safepoint: 126834 ns, Total: 2893334 ns
[2022-09-04T17:04:16.708+0000][1][safepoint    ] Safepoint "Cleanup", Time since last: 1004534209 ns, Reaching safepoint: 3444625 ns, At safepoint: 86416 ns, Total: 3531041 ns
[2022-09-04T17:04:17.718+0000][1][safepoint    ] Safepoint "Cleanup", Time since last: 1007573042 ns, Reaching safepoint: 3066459 ns, At safepoint: 68750 ns, Total: 3135209 ns
[2022-09-04T17:04:18.727+0000][1][safepoint    ] Safepoint "Cleanup", Time since last: 1004633875 ns, Reaching safepoint: 3767833 ns, At safepoint: 81459 ns, Total: 3849292 ns
[2022-09-04T17:04:19.735+0000][1][safepoint    ] Safepoint "Cleanup", Time since last: 1005486709 ns, Reaching safepoint: 2281083 ns, At safepoint: 59042 ns, Total: 2340125 ns
[2022-09-04T17:04:20.739+0000][1][safepoint    ] Safepoint "Cleanup", Time since last: 1003590250 ns, Reaching safepoint: 1051083 ns, At safepoint: 26750 ns, Total: 1077833 ns
[2022-09-04T17:04:21.744+0000][1][safepoint    ] Safepoint "Cleanup", Time since last: 1002522626 ns, Reaching safepoint: 2127167 ns, At safepoint: 77250 ns, Total: 2204417 ns
[2022-09-04T17:04:22.748+0000][1][safepoint    ] Safepoint "Cleanup", Time since last: 1003171583 ns, Reaching safepoint: 1040709 ns, At safepoint: 27250 ns, Total: 1067959 ns
[2022-09-04T17:04:23.754+0000][1][safepoint    ] Safepoint "Cleanup", Time since last: 1003658667 ns, Reaching safepoint: 1613583 ns, At safepoint: 41084 ns, Total: 1654667 ns
[2022-09-04T17:04:24.757+0000][1][safepoint    ] Safepoint "Cleanup", Time since last: 1002392750 ns, Reaching safepoint: 957625 ns, At safepoint: 27208 ns, Total: 984833 ns
[2022-09-04T17:04:25.761+0000][1][safepoint    ] Safepoint "Cleanup", Time since last: 1002154168 ns, Reaching safepoint: 1425250 ns, At safepoint: 35791 ns, Total: 1461041 ns
[2022-09-04T17:04:26.764+0000][1][safepoint    ] Safepoint "Cleanup", Time since last: 1002235334 ns, Reaching safepoint: 1358125 ns, At safepoint: 32792 ns, Total: 1390917 ns
[2022-09-04T17:04:27.769+0000][1][safepoint    ] Safepoint "Cleanup", Time since last: 1003203542 ns, Reaching safepoint: 1291583 ns, At safepoint: 31208 ns, Total: 1322791 ns
[2022-09-04T17:04:28.776+0000][1][safepoint    ] Safepoint "Cleanup", Time since last: 1004168376 ns, Reaching safepoint: 3071083 ns, At safepoint: 122500 ns, Total: 3193583 ns
[2022-09-04T17:04:30.242+0000][1][safepoint    ] Safepoint "Cleanup", Time since last: 1464341543 ns, Reaching safepoint: 1620416 ns, At safepoint: 40750 ns, Total: 1661166 ns
[2022-09-04T17:04:31.250+0000][1][safepoint    ] Safepoint "Cleanup", Time since last: 1002297959 ns, Reaching safepoint: 3578500 ns, At safepoint: 240750 ns, Total: 3819250 ns
[2022-09-04T17:04:32.257+0000][1][safepoint    ] Safepoint "Cleanup", Time since last: 1007221666 ns, Reaching safepoint: 1477917 ns, At safepoint: 37083 ns, Total: 1515000 ns
[2022-09-04T17:04:33.261+0000][1][safepoint    ] Safepoint "Cleanup", Time since last: 1003196209 ns, Reaching safepoint: 900083 ns, At safepoint: 24750 ns, Total: 924833 ns
[2022-09-04T17:04:34.266+0000][1][safepoint    ] Safepoint "Cleanup", Time since last: 1003876001 ns, Reaching safepoint: 1350167 ns, At safepoint: 33625 ns, Total: 1383792 ns
[2022-09-04T17:04:35.271+0000][1][safepoint    ] Safepoint "Cleanup", Time since last: 1004179917 ns, Reaching safepoint: 1004458 ns, At safepoint: 22167 ns, Total: 1026625 ns
[2022-09-04T17:04:36.275+0000][1][safepoint    ] Safepoint "Cleanup", Time since last: 1002768209 ns, Reaching safepoint: 935208 ns, At safepoint: 21958 ns, Total: 957166 ns
[2022-09-04T17:04:37.278+0000][1][safepoint    ] Safepoint "Cleanup", Time since last: 1002515709 ns, Reaching safepoint: 861917 ns, At safepoint: 35208 ns, Total: 897125 ns
[2022-09-04T17:04:38.283+0000][1][safepoint    ] Safepoint "Cleanup", Time since last: 1003356084 ns, Reaching safepoint: 995542 ns, At safepoint: 20875 ns, Total: 1016417 ns
[2022-09-04T17:04:39.286+0000][1][safepoint    ] Safepoint "Cleanup", Time since last: 1002106167 ns, Reaching safepoint: 837166 ns, At safepoint: 20542 ns, Total: 857708 ns
[2022-09-04T17:04:40.289+0000][1][safepoint    ] Safepoint "Cleanup", Time since last: 1002305917 ns, Reaching safepoint: 1232542 ns, At safepoint: 28000 ns, Total: 1260542 ns
[2022-09-04T17:04:41.294+0000][1][safepoint    ] Safepoint "Cleanup", Time since last: 1004035250 ns, Reaching safepoint: 1069750 ns, At safepoint: 26459 ns, Total: 1096209 ns
[2022-09-04T17:04:42.298+0000][1][safepoint    ] Safepoint "Cleanup", Time since last: 1003084167 ns, Reaching safepoint: 959625 ns, At safepoint: 129958 ns, Total: 1089583 ns
[2022-09-04T17:04:43.304+0000][1][safepoint    ] Safepoint "Cleanup", Time since last: 1004930209 ns, Reaching safepoint: 1028292 ns, At safepoint: 23541 ns, Total: 1051833 ns
[2022-09-04T17:04:44.309+0000][1][safepoint    ] Safepoint "Cleanup", Time since last: 1003661459 ns, Reaching safepoint: 1046250 ns, At safepoint: 23708 ns, Total: 1069958 ns
[2022-09-04T17:04:45.312+0000][1][safepoint    ] Safepoint "Cleanup", Time since last: 1002057043 ns, Reaching safepoint: 876541 ns, At safepoint: 24167 ns, Total: 900708 ns
[2022-09-04T17:04:46.316+0000][1][safepoint    ] Safepoint "Cleanup", Time since last: 1002737792 ns, Reaching safepoint: 876958 ns, At safepoint: 22292 ns, Total: 899250 ns
[2022-09-04T17:04:47.319+0000][1][safepoint    ] Safepoint "Cleanup", Time since last: 1001807542 ns, Reaching safepoint: 926917 ns, At safepoint: 24750 ns, Total: 951667 ns
[2022-09-04T17:04:48.322+0000][1][safepoint    ] Safepoint "Cleanup", Time since last: 1002719875 ns, Reaching safepoint: 1021500 ns, At safepoint: 23584 ns, Total: 1045084 ns
[2022-09-04T17:04:49.327+0000][1][safepoint    ] Safepoint "Cleanup", Time since last: 1003066542 ns, Reaching safepoint: 1123625 ns, At safepoint: 25166 ns, Total: 1148791 ns
[2022-09-04T17:04:50.332+0000][1][safepoint    ] Safepoint "Cleanup", Time since last: 1002048834 ns, Reaching safepoint: 2953459 ns, At safepoint: 91125 ns, Total: 3044584 ns
[2022-09-04T17:04:51.337+0000][1][safepoint    ] Safepoint "Cleanup", Time since last: 1004342167 ns, Reaching safepoint: 982541 ns, At safepoint: 23584 ns, Total: 1006125 ns
[2022-09-04T17:04:52.339+0000][1][safepoint    ] Safepoint "Cleanup", Time since last: 1001521584 ns, Reaching safepoint: 995625 ns, At safepoint: 36875 ns, Total: 1032500 ns
[2022-09-04T17:04:53.344+0000][1][safepoint    ] Safepoint "Cleanup", Time since last: 1003201083 ns, Reaching safepoint: 874209 ns, At safepoint: 27375 ns, Total: 901584 ns
[2022-09-04T17:04:54.348+0000][1][safepoint    ] Safepoint "Cleanup", Time since last: 1002554417 ns, Reaching safepoint: 2074167 ns, At safepoint: 69208 ns, Total: 2143375 ns
[2022-09-04T17:04:55.355+0000][1][safepoint    ] Safepoint "Cleanup", Time since last: 1005743417 ns, Reaching safepoint: 826042 ns, At safepoint: 26166 ns, Total: 852208 ns
[2022-09-04T17:04:56.358+0000][1][safepoint    ] Safepoint "Cleanup", Time since last: 1002373584 ns, Reaching safepoint: 863000 ns, At safepoint: 22833 ns, Total: 885833 ns
[2022-09-04T17:04:57.361+0000][1][safepoint    ] Safepoint "Cleanup", Time since last: 1001594293 ns, Reaching safepoint: 803333 ns, At safepoint: 22292 ns, Total: 825625 ns
[2022-09-04T17:04:58.363+0000][1][safepoint    ] Safepoint "Cleanup", Time since last: 1001819458 ns, Reaching safepoint: 848875 ns, At safepoint: 21667 ns, Total: 870542 ns
[2022-09-04T17:04:59.366+0000][1][safepoint    ] Safepoint "Cleanup", Time since last: 1002018209 ns, Reaching safepoint: 1116042 ns, At safepoint: 20083 ns, Total: 1136125 ns
[2022-09-04T17:05:00.372+0000][1][safepoint    ] Safepoint "Cleanup", Time since last: 1003778542 ns, Reaching safepoint: 1514792 ns, At safepoint: 39250 ns, Total: 1554042 ns
[2022-09-04T17:05:01.376+0000][1][safepoint    ] Safepoint "Cleanup", Time since last: 1003535250 ns, Reaching safepoint: 1021792 ns, At safepoint: 33250 ns, Total: 1055042 ns
[2022-09-04T17:05:02.379+0000][1][safepoint    ] Safepoint "Cleanup", Time since last: 1001575333 ns, Reaching safepoint: 1007584 ns, At safepoint: 28875 ns, Total: 1036459 ns
[2022-09-04T17:05:03.382+0000][1][safepoint    ] Safepoint "Cleanup", Time since last: 1002492792 ns, Reaching safepoint: 1065583 ns, At safepoint: 26917 ns, Total: 1092500 ns
[2022-09-04T17:05:04.386+0000][1][safepoint    ] Safepoint "Cleanup", Time since last: 1002759459 ns, Reaching safepoint: 1192625 ns, At safepoint: 31666 ns, Total: 1224291 ns
[2022-09-04T17:05:05.391+0000][1][safepoint    ] Safepoint "Cleanup", Time since last: 1003707917 ns, Reaching safepoint: 856500 ns, At safepoint: 21459 ns, Total: 877959 ns
[2022-09-04T17:05:07.267+0000][1][safepoint    ] Safepoint "Cleanup", Time since last: 1874628001 ns, Reaching safepoint: 1145416 ns, At safepoint: 33125 ns, Total: 1178541 ns
[2022-09-04T17:05:08.273+0000][1][safepoint    ] Safepoint "Cleanup", Time since last: 1005251876 ns, Reaching safepoint: 828667 ns, At safepoint: 60125 ns, Total: 888792 ns
[2022-09-04T17:05:09.276+0000][1][safepoint    ] Safepoint "Cleanup", Time since last: 1001860792 ns, Reaching safepoint: 886083 ns, At safepoint: 32583 ns, Total: 918666 ns
[2022-09-04T17:05:10.279+0000][1][safepoint    ] Safepoint "Cleanup", Time since last: 1001722001 ns, Reaching safepoint: 1654291 ns, At safepoint: 83459 ns, Total: 1737750 ns
[2022-09-04T17:05:11.283+0000][1][safepoint    ] Safepoint "Cleanup", Time since last: 1002696000 ns, Reaching safepoint: 846792 ns, At safepoint: 25000 ns, Total: 871792 ns
[2022-09-04T17:05:12.286+0000][1][safepoint    ] Safepoint "Cleanup", Time since last: 1001543792 ns, Reaching safepoint: 1444833 ns, At safepoint: 39084 ns, Total: 1483917 ns
[2022-09-04T17:05:13.290+0000][1][safepoint    ] Safepoint "Cleanup", Time since last: 1002825667 ns, Reaching safepoint: 1356708 ns, At safepoint: 31292 ns, Total: 1388000 ns
[2022-09-04T17:05:14.293+0000][1][safepoint    ] Safepoint "Cleanup", Time since last: 1002286042 ns, Reaching safepoint: 940375 ns, At safepoint: 20000 ns, Total: 960375 ns
[2022-09-04T17:05:15.296+0000][1][safepoint    ] Safepoint "Cleanup", Time since last: 1001559709 ns, Reaching safepoint: 1398375 ns, At safepoint: 31333 ns, Total: 1429708 ns
[2022-09-04T17:05:16.299+0000][1][safepoint    ] Safepoint "Cleanup", Time since last: 1001949167 ns, Reaching safepoint: 899875 ns, At safepoint: 24667 ns, Total: 924542 ns
[2022-09-04T17:05:17.302+0000][1][safepoint    ] Safepoint "Cleanup", Time since last: 1001662959 ns, Reaching safepoint: 1812083 ns, At safepoint: 48417 ns, Total: 1860500 ns
[2022-09-04T17:05:18.309+0000][1][safepoint    ] Safepoint "Cleanup", Time since last: 1005180000 ns, Reaching safepoint: 987959 ns, At safepoint: 21750 ns, Total: 1009709 ns
[2022-09-04T17:05:19.313+0000][1][safepoint    ] Safepoint "Cleanup", Time since last: 1003866708 ns, Reaching safepoint: 954417 ns, At safepoint: 22542 ns, Total: 976959 ns
[2022-09-04T17:05:20.318+0000][1][safepoint    ] Safepoint "Cleanup", Time since last: 1001685292 ns, Reaching safepoint: 2387875 ns, At safepoint: 74750 ns, Total: 2462625 ns
[2022-09-04T17:05:21.328+0000][1][safepoint    ] Safepoint "Cleanup", Time since last: 1009132959 ns, Reaching safepoint: 1362708 ns, At safepoint: 68125 ns, Total: 1430833 ns
[2022-09-04T17:05:22.334+0000][1][safepoint    ] Safepoint "Cleanup", Time since last: 1003471834 ns, Reaching safepoint: 1766333 ns, At safepoint: 97584 ns, Total: 1863917 ns
[2022-09-04T17:05:23.338+0000][1][safepoint    ] Safepoint "Cleanup", Time since last: 1003508750 ns, Reaching safepoint: 1111375 ns, At safepoint: 40250 ns, Total: 1151625 ns
[2022-09-04T17:05:24.345+0000][1][safepoint    ] Safepoint "Cleanup", Time since last: 1003399250 ns, Reaching safepoint: 3493667 ns, At safepoint: 129708 ns, Total: 3623375 ns
[2022-09-04T17:05:25.358+0000][1][safepoint    ] Safepoint "Cleanup", Time since last: 1007385334 ns, Reaching safepoint: 4871334 ns, At safepoint: 179250 ns, Total: 5050584 ns
[2022-09-04T17:05:27.317+0000][1][safepoint    ] Safepoint "Cleanup", Time since last: 1958649292 ns, Reaching safepoint: 958667 ns, At safepoint: 27667 ns, Total: 986334 ns
[2022-09-04T17:05:28.324+0000][1][safepoint    ] Safepoint "Cleanup", Time since last: 1005989708 ns, Reaching safepoint: 930000 ns, At safepoint: 23834 ns, Total: 953834 ns
[2022-09-04T17:05:29.329+0000][1][safepoint    ] Safepoint "Cleanup", Time since last: 1003568375 ns, Reaching safepoint: 1649459 ns, At safepoint: 44250 ns, Total: 1693709 ns
[2022-09-04T17:05:30.336+0000][1][safepoint    ] Safepoint "Cleanup", Time since last: 1004998458 ns, Reaching safepoint: 1763500 ns, At safepoint: 36542 ns, Total: 1800042 ns
[2022-09-04T17:05:31.269+0000][1][gc,start     ] GC(38) Pause Young (Allocation Failure)
[2022-09-04T17:05:31.273+0000][1][gc,task      ] GC(38) Using 4 workers of 4 for evacuation
[2022-09-04T17:05:31.317+0000][1][gc,age       ] GC(38) Desired survivor size 8945664 bytes, new threshold 6 (max threshold 6)
[2022-09-04T17:05:31.319+0000][1][gc,age       ] GC(38) Age table with threshold 6 (max threshold 6)
[2022-09-04T17:05:31.321+0000][1][gc,age       ] GC(38) - age   1:       8168 bytes,       8168 total
[2022-09-04T17:05:31.322+0000][1][gc,age       ] GC(38) - age   2:       3112 bytes,      11280 total
[2022-09-04T17:05:31.323+0000][1][gc,age       ] GC(38) - age   3:      74480 bytes,      85760 total
[2022-09-04T17:05:31.324+0000][1][gc,age       ] GC(38) - age   4:       1240 bytes,      87000 total
[2022-09-04T17:05:31.325+0000][1][gc,age       ] GC(38) - age   6:        712 bytes,      87712 total
[2022-09-04T17:05:31.328+0000][1][gc,heap      ] GC(38) ParNew: 139942K->139K(157248K)
[2022-09-04T17:05:31.329+0000][1][gc,heap      ] GC(38) CMS: 67649K->67655K(349568K)
[2022-09-04T17:05:31.330+0000][1][gc,metaspace ] GC(38) Metaspace: 84973K->84973K(1126400K)
[2022-09-04T17:05:31.332+0000][1][gc           ] GC(38) Pause Young (Allocation Failure) 202M->66M(494M) 64.130ms
[2022-09-04T17:05:31.333+0000][1][gc,cpu       ] GC(38) User=0.07s Sys=0.04s Real=0.06s
[2022-09-04T17:05:31.335+0000][1][safepoint    ] Safepoint "GenCollectForAllocation", Time since last: 929935250 ns, Reaching safepoint: 1495334 ns, At safepoint: 67349791 ns, Total: 68845125 ns
[2022-09-04T17:05:32.343+0000][1][safepoint    ] Safepoint "Cleanup", Time since last: 1003937750 ns, Reaching safepoint: 3758209 ns, At safepoint: 100166 ns, Total: 3858375 ns
[2022-09-04T17:05:33.354+0000][1][safepoint    ] Safepoint "Cleanup", Time since last: 1007643542 ns, Reaching safepoint: 3714709 ns, At safepoint: 90208 ns, Total: 3804917 ns
[2022-09-04T17:05:34.363+0000][1][safepoint    ] Safepoint "Cleanup", Time since last: 1007724542 ns, Reaching safepoint: 1244500 ns, At safepoint: 40875 ns, Total: 1285375 ns
[2022-09-04T17:05:35.370+0000][1][safepoint    ] Safepoint "Cleanup", Time since last: 1003495626 ns, Reaching safepoint: 3506958 ns, At safepoint: 33458 ns, Total: 3540416 ns
[2022-09-04T17:05:36.375+0000][1][safepoint    ] Safepoint "Cleanup", Time since last: 1003877209 ns, Reaching safepoint: 1153875 ns, At safepoint: 76667 ns, Total: 1230542 ns
[2022-09-04T17:05:37.379+0000][1][safepoint    ] Safepoint "Cleanup", Time since last: 1001646834 ns, Reaching safepoint: 1781708 ns, At safepoint: 65208 ns, Total: 1846916 ns
[2022-09-04T17:05:38.384+0000][1][safepoint    ] Safepoint "Cleanup", Time since last: 1004348751 ns, Reaching safepoint: 1056583 ns, At safepoint: 42334 ns, Total: 1098917 ns
[2022-09-04T17:05:39.390+0000][1][safepoint    ] Safepoint "Cleanup", Time since last: 1003104083 ns, Reaching safepoint: 2647500 ns, At safepoint: 65459 ns, Total: 2712959 ns
[2022-09-04T17:05:40.394+0000][1][safepoint    ] Safepoint "Cleanup", Time since last: 1003144500 ns, Reaching safepoint: 1020792 ns, At safepoint: 25833 ns, Total: 1046625 ns
[2022-09-04T17:05:41.397+0000][1][safepoint    ] Safepoint "Cleanup", Time since last: 1001709084 ns, Reaching safepoint: 888542 ns, At safepoint: 24166 ns, Total: 912708 ns
[2022-09-04T17:05:42.402+0000][1][safepoint    ] Safepoint "Cleanup", Time since last: 1002274251 ns, Reaching safepoint: 2283625 ns, At safepoint: 112166 ns, Total: 2395791 ns
[2022-09-04T17:05:43.409+0000][1][safepoint    ] Safepoint "Cleanup", Time since last: 1006714209 ns, Reaching safepoint: 916250 ns, At safepoint: 23209 ns, Total: 939459 ns
[2022-09-04T17:05:44.414+0000][1][safepoint    ] Safepoint "Cleanup", Time since last: 1002936625 ns, Reaching safepoint: 1767875 ns, At safepoint: 67208 ns, Total: 1835083 ns
[2022-09-04T17:05:45.425+0000][1][safepoint    ] Safepoint "Cleanup", Time since last: 1006557209 ns, Reaching safepoint: 3974709 ns, At safepoint: 207083 ns, Total: 4181792 ns
[2022-09-04T17:05:46.431+0000][1][safepoint    ] Safepoint "Cleanup", Time since last: 1005939917 ns, Reaching safepoint: 799417 ns, At safepoint: 23291 ns, Total: 822708 ns
[2022-09-04T17:05:47.435+0000][1][safepoint    ] Safepoint "Cleanup", Time since last: 1001568459 ns, Reaching safepoint: 1753042 ns, At safepoint: 55792 ns, Total: 1808834 ns
[2022-09-04T17:05:48.440+0000][1][safepoint    ] Safepoint "Cleanup", Time since last: 1003802750 ns, Reaching safepoint: 1391542 ns, At safepoint: 34208 ns, Total: 1425750 ns
[2022-09-04T17:05:49.446+0000][1][safepoint    ] Safepoint "Cleanup", Time since last: 1004178792 ns, Reaching safepoint: 1412417 ns, At safepoint: 30125 ns, Total: 1442542 ns
[2022-09-04T17:05:50.452+0000][1][safepoint    ] Safepoint "Cleanup", Time since last: 1002582917 ns, Reaching safepoint: 3218667 ns, At safepoint: 204166 ns, Total: 3422833 ns
[2022-09-04T17:05:51.461+0000][1][safepoint    ] Safepoint "Cleanup", Time since last: 1008486376 ns, Reaching safepoint: 1303416 ns, At safepoint: 33667 ns, Total: 1337083 ns
[2022-09-04T17:05:52.469+0000][1][safepoint    ] Safepoint "Cleanup", Time since last: 1003757751 ns, Reaching safepoint: 3416583 ns, At safepoint: 83667 ns, Total: 3500250 ns
[2022-09-04T17:05:53.478+0000][1][safepoint    ] Safepoint "Cleanup", Time since last: 1006243708 ns, Reaching safepoint: 3085209 ns, At safepoint: 81458 ns, Total: 3166667 ns
[2022-09-04T17:05:54.486+0000][1][safepoint    ] Safepoint "Cleanup", Time since last: 1004325042 ns, Reaching safepoint: 3825750 ns, At safepoint: 99125 ns, Total: 3924875 ns
[2022-09-04T17:05:55.493+0000][1][safepoint    ] Safepoint "Cleanup", Time since last: 1004432251 ns, Reaching safepoint: 2076750 ns, At safepoint: 55916 ns, Total: 2132666 ns
[2022-09-04T17:05:56.498+0000][1][safepoint    ] Safepoint "Cleanup", Time since last: 1004492459 ns, Reaching safepoint: 769334 ns, At safepoint: 20666 ns, Total: 790000 ns
[2022-09-04T17:05:57.504+0000][1][safepoint    ] Safepoint "Cleanup", Time since last: 1002304417 ns, Reaching safepoint: 2852667 ns, At safepoint: 82042 ns, Total: 2934709 ns
[2022-09-04T17:05:58.513+0000][1][safepoint    ] Safepoint "Cleanup", Time since last: 1007715833 ns, Reaching safepoint: 1568875 ns, At safepoint: 42042 ns, Total: 1610917 ns
[2022-09-04T17:06:00.483+0000][1][safepoint    ] Safepoint "Cleanup", Time since last: 1968806376 ns, Reaching safepoint: 1360083 ns, At safepoint: 37709 ns, Total: 1397792 ns
[2022-09-04T17:06:01.486+0000][1][safepoint    ] Safepoint "Cleanup", Time since last: 1002112125 ns, Reaching safepoint: 802917 ns, At safepoint: 21833 ns, Total: 824750 ns
[2022-09-04T17:06:02.491+0000][1][safepoint    ] Safepoint "Cleanup", Time since last: 1001615625 ns, Reaching safepoint: 3485625 ns, At safepoint: 97417 ns, Total: 3583042 ns
[2022-09-04T17:06:03.499+0000][1][safepoint    ] Safepoint "Cleanup", Time since last: 1005158376 ns, Reaching safepoint: 2503333 ns, At safepoint: 52292 ns, Total: 2555625 ns
[2022-09-04T17:06:04.504+0000][1][safepoint    ] Safepoint "Cleanup", Time since last: 1002837292 ns, Reaching safepoint: 2068666 ns, At safepoint: 97334 ns, Total: 2166000 ns
[2022-09-04T17:06:05.512+0000][1][safepoint    ] Safepoint "Cleanup", Time since last: 1005069459 ns, Reaching safepoint: 3620833 ns, At safepoint: 92042 ns, Total: 3712875 ns
[2022-09-04T17:06:06.520+0000][1][safepoint    ] Safepoint "Cleanup", Time since last: 1006353458 ns, Reaching safepoint: 975709 ns, At safepoint: 31208 ns, Total: 1006917 ns
[2022-09-04T17:06:07.526+0000][1][safepoint    ] Safepoint "Cleanup", Time since last: 1001716459 ns, Reaching safepoint: 3975208 ns, At safepoint: 106667 ns, Total: 4081875 ns
[2022-09-04T17:06:08.532+0000][1][safepoint    ] Safepoint "Cleanup", Time since last: 1005210500 ns, Reaching safepoint: 1003250 ns, At safepoint: 24917 ns, Total: 1028167 ns
[2022-09-04T17:06:09.538+0000][1][safepoint    ] Safepoint "Cleanup", Time since last: 1004185709 ns, Reaching safepoint: 1777125 ns, At safepoint: 71666 ns, Total: 1848791 ns
[2022-09-04T17:06:10.541+0000][1][safepoint    ] Safepoint "Cleanup", Time since last: 1002298001 ns, Reaching safepoint: 1255250 ns, At safepoint: 40417 ns, Total: 1295667 ns
[2022-09-04T17:06:11.545+0000][1][safepoint    ] Safepoint "Cleanup", Time since last: 1002797250 ns, Reaching safepoint: 845417 ns, At safepoint: 34541 ns, Total: 879958 ns
[2022-09-04T17:06:12.549+0000][1][safepoint    ] Safepoint "Cleanup", Time since last: 1002476043 ns, Reaching safepoint: 977000 ns, At safepoint: 25750 ns, Total: 1002750 ns
[2022-09-04T17:06:13.554+0000][1][safepoint    ] Safepoint "Cleanup", Time since last: 1001788625 ns, Reaching safepoint: 3833750 ns, At safepoint: 189000 ns, Total: 4022750 ns
[2022-09-04T17:06:14.564+0000][1][safepoint    ] Safepoint "Cleanup", Time since last: 1005500000 ns, Reaching safepoint: 3903334 ns, At safepoint: 197333 ns, Total: 4100667 ns
[2022-09-04T17:06:15.574+0000][1][safepoint    ] Safepoint "Cleanup", Time since last: 1006035667 ns, Reaching safepoint: 3815584 ns, At safepoint: 110375 ns, Total: 3925959 ns
[2022-09-04T17:06:16.583+0000][1][safepoint    ] Safepoint "Cleanup", Time since last: 1007185042 ns, Reaching safepoint: 1845625 ns, At safepoint: 53375 ns, Total: 1899000 ns
[2022-09-04T17:06:17.591+0000][1][safepoint    ] Safepoint "Cleanup", Time since last: 1003099750 ns, Reaching safepoint: 4029209 ns, At safepoint: 368875 ns, Total: 4398084 ns
[2022-09-04T17:06:18.605+0000][1][safepoint    ] Safepoint "Cleanup", Time since last: 1009632583 ns, Reaching safepoint: 4694125 ns, At safepoint: 174834 ns, Total: 4868959 ns
[2022-09-04T17:06:19.613+0000][1][safepoint    ] Safepoint "Cleanup", Time since last: 1006986334 ns, Reaching safepoint: 844291 ns, At safepoint: 30917 ns, Total: 875208 ns
[2022-09-04T17:06:20.618+0000][1][safepoint    ] Safepoint "Cleanup", Time since last: 1002779334 ns, Reaching safepoint: 2448541 ns, At safepoint: 87959 ns, Total: 2536500 ns
[2022-09-04T17:06:21.624+0000][1][safepoint    ] Safepoint "Cleanup", Time since last: 1004533959 ns, Reaching safepoint: 1559291 ns, At safepoint: 47667 ns, Total: 1606958 ns
[2022-09-04T17:06:22.628+0000][1][safepoint    ] Safepoint "Cleanup", Time since last: 1002605292 ns, Reaching safepoint: 911542 ns, At safepoint: 25666 ns, Total: 937208 ns
[2022-09-04T17:06:23.631+0000][1][safepoint    ] Safepoint "Cleanup", Time since last: 1001895959 ns, Reaching safepoint: 1337833 ns, At safepoint: 53375 ns, Total: 1391208 ns
[2022-09-04T17:06:24.638+0000][1][safepoint    ] Safepoint "Cleanup", Time since last: 1003525959 ns, Reaching safepoint: 2809334 ns, At safepoint: 108833 ns, Total: 2918167 ns
[2022-09-04T17:06:25.646+0000][1][safepoint    ] Safepoint "Cleanup", Time since last: 1004984209 ns, Reaching safepoint: 3576541 ns, At safepoint: 171709 ns, Total: 3748250 ns
[2022-09-04T17:06:26.654+0000][1][safepoint    ] Safepoint "Cleanup", Time since last: 1005878167 ns, Reaching safepoint: 2169917 ns, At safepoint: 98750 ns, Total: 2268667 ns
[2022-09-04T17:06:27.660+0000][1][safepoint    ] Safepoint "Cleanup", Time since last: 1004579792 ns, Reaching safepoint: 831291 ns, At safepoint: 22417 ns, Total: 853708 ns
[2022-09-04T17:06:28.663+0000][1][safepoint    ] Safepoint "Cleanup", Time since last: 1002330876 ns, Reaching safepoint: 767083 ns, At safepoint: 21208 ns, Total: 788291 ns
[2022-09-04T17:06:29.667+0000][1][safepoint    ] Safepoint "Cleanup", Time since last: 1002755209 ns, Reaching safepoint: 985792 ns, At safepoint: 29291 ns, Total: 1015083 ns
[2022-09-04T17:06:30.671+0000][1][safepoint    ] Safepoint "Cleanup", Time since last: 1002011918 ns, Reaching safepoint: 2003208 ns, At safepoint: 97375 ns, Total: 2100583 ns
[2022-09-04T17:06:31.675+0000][1][safepoint    ] Safepoint "Cleanup", Time since last: 1003597458 ns, Reaching safepoint: 1118500 ns, At safepoint: 55000 ns, Total: 1173500 ns
[2022-09-04T17:06:32.678+0000][1][safepoint    ] Safepoint "Cleanup", Time since last: 1001450333 ns, Reaching safepoint: 1070750 ns, At safepoint: 66459 ns, Total: 1137209 ns
[2022-09-04T17:06:33.687+0000][1][safepoint    ] Safepoint "Cleanup", Time since last: 1006573250 ns, Reaching safepoint: 2110500 ns, At safepoint: 65959 ns, Total: 2176459 ns
[2022-09-04T17:06:34.691+0000][1][safepoint    ] Safepoint "Cleanup", Time since last: 1003553708 ns, Reaching safepoint: 900917 ns, At safepoint: 26167 ns, Total: 927084 ns
[2022-09-04T17:06:35.695+0000][1][safepoint    ] Safepoint "Cleanup", Time since last: 1001979125 ns, Reaching safepoint: 2145792 ns, At safepoint: 71708 ns, Total: 2217500 ns
[2022-09-04T17:06:36.700+0000][1][safepoint    ] Safepoint "Cleanup", Time since last: 1003037584 ns, Reaching safepoint: 1481083 ns, At safepoint: 69084 ns, Total: 1550167 ns
[2022-09-04T17:06:37.704+0000][1][safepoint    ] Safepoint "Cleanup", Time since last: 1003304500 ns, Reaching safepoint: 926542 ns, At safepoint: 25625 ns, Total: 952167 ns
[2022-09-04T17:06:38.707+0000][1][safepoint    ] Safepoint "Cleanup", Time since last: 1001878542 ns, Reaching safepoint: 782667 ns, At safepoint: 50375 ns, Total: 833042 ns
[2022-09-04T17:06:39.710+0000][1][safepoint    ] Safepoint "Cleanup", Time since last: 1001526000 ns, Reaching safepoint: 1194125 ns, At safepoint: 38875 ns, Total: 1233000 ns
[2022-09-04T17:06:40.713+0000][1][safepoint    ] Safepoint "Cleanup", Time since last: 1001975084 ns, Reaching safepoint: 1503333 ns, At safepoint: 39834 ns, Total: 1543167 ns
[2022-09-04T17:06:41.717+0000][1][safepoint    ] Safepoint "Cleanup", Time since last: 1002742750 ns, Reaching safepoint: 1325833 ns, At safepoint: 34084 ns, Total: 1359917 ns
[2022-09-04T17:06:42.722+0000][1][safepoint    ] Safepoint "Cleanup", Time since last: 1003656750 ns, Reaching safepoint: 1015959 ns, At safepoint: 22375 ns, Total: 1038334 ns
[2022-09-04T17:06:43.726+0000][1][safepoint    ] Safepoint "Cleanup", Time since last: 1002207583 ns, Reaching safepoint: 1981542 ns, At safepoint: 73083 ns, Total: 2054625 ns
[2022-09-04T17:06:44.732+0000][1][safepoint    ] Safepoint "Cleanup", Time since last: 1003315543 ns, Reaching safepoint: 2459708 ns, At safepoint: 58875 ns, Total: 2518583 ns
[2022-09-04T17:06:45.740+0000][1][safepoint    ] Safepoint "Cleanup", Time since last: 1005767542 ns, Reaching safepoint: 1714375 ns, At safepoint: 44333 ns, Total: 1758708 ns
[2022-09-04T17:06:46.744+0000][1][safepoint    ] Safepoint "Cleanup", Time since last: 1003572793 ns, Reaching safepoint: 965166 ns, At safepoint: 27584 ns, Total: 992750 ns
[2022-09-04T17:06:47.752+0000][1][safepoint    ] Safepoint "Cleanup", Time since last: 1006504500 ns, Reaching safepoint: 954667 ns, At safepoint: 22125 ns, Total: 976792 ns
[2022-09-04T17:06:48.758+0000][1][safepoint    ] Safepoint "Cleanup", Time since last: 1005087208 ns, Reaching safepoint: 1621500 ns, At safepoint: 43875 ns, Total: 1665375 ns
[2022-09-04T17:06:49.764+0000][1][safepoint    ] Safepoint "Cleanup", Time since last: 1004289293 ns, Reaching safepoint: 969833 ns, At safepoint: 22125 ns, Total: 991958 ns
[2022-09-04T17:06:50.769+0000][1][safepoint    ] Safepoint "Cleanup", Time since last: 1003086875 ns, Reaching safepoint: 2064500 ns, At safepoint: 206375 ns, Total: 2270875 ns
[2022-09-04T17:06:51.774+0000][1][safepoint    ] Safepoint "Cleanup", Time since last: 1003989418 ns, Reaching safepoint: 1205916 ns, At safepoint: 29084 ns, Total: 1235000 ns
[2022-09-04T17:06:52.777+0000][1][safepoint    ] Safepoint "Cleanup", Time since last: 1001768708 ns, Reaching safepoint: 920417 ns, At safepoint: 23917 ns, Total: 944334 ns
[2022-09-04T17:06:53.783+0000][1][safepoint    ] Safepoint "Cleanup", Time since last: 1002953375 ns, Reaching safepoint: 2581959 ns, At safepoint: 72916 ns, Total: 2654875 ns
[2022-09-04T17:06:54.790+0000][1][safepoint    ] Safepoint "Cleanup", Time since last: 1005124542 ns, Reaching safepoint: 1916542 ns, At safepoint: 53417 ns, Total: 1969959 ns
[2022-09-04T17:06:55.797+0000][1][safepoint    ] Safepoint "Cleanup", Time since last: 1006778292 ns, Reaching safepoint: 910000 ns, At safepoint: 28042 ns, Total: 938042 ns
[2022-09-04T17:06:56.802+0000][1][safepoint    ] Safepoint "Cleanup", Time since last: 1004080500 ns, Reaching safepoint: 908417 ns, At safepoint: 23208 ns, Total: 931625 ns
[2022-09-04T17:06:57.807+0000][1][safepoint    ] Safepoint "Cleanup", Time since last: 1002720500 ns, Reaching safepoint: 2067334 ns, At safepoint: 51250 ns, Total: 2118584 ns
[2022-09-04T17:06:58.812+0000][1][safepoint    ] Safepoint "Cleanup", Time since last: 1003663584 ns, Reaching safepoint: 1244875 ns, At safepoint: 32458 ns, Total: 1277333 ns
[2022-09-04T17:07:00.637+0000][1][safepoint    ] Safepoint "Cleanup", Time since last: 1823555209 ns, Reaching safepoint: 1040125 ns, At safepoint: 27208 ns, Total: 1067333 ns
[2022-09-04T17:07:01.644+0000][1][safepoint    ] Safepoint "Cleanup", Time since last: 1005901709 ns, Reaching safepoint: 1799583 ns, At safepoint: 47084 ns, Total: 1846667 ns
[2022-09-04T17:07:02.650+0000][1][safepoint    ] Safepoint "Cleanup", Time since last: 1004368417 ns, Reaching safepoint: 1631250 ns, At safepoint: 46666 ns, Total: 1677916 ns
[2022-09-04T17:07:03.655+0000][1][safepoint    ] Safepoint "Cleanup", Time since last: 1003022543 ns, Reaching safepoint: 1454833 ns, At safepoint: 32375 ns, Total: 1487208 ns
[2022-09-04T17:07:04.658+0000][1][safepoint    ] Safepoint "Cleanup", Time since last: 1002932292 ns, Reaching safepoint: 776708 ns, At safepoint: 28209 ns, Total: 804917 ns
[2022-09-04T17:07:05.662+0000][1][safepoint    ] Safepoint "Cleanup", Time since last: 1002250834 ns, Reaching safepoint: 1686750 ns, At safepoint: 66583 ns, Total: 1753333 ns
[2022-09-04T17:07:06.670+0000][1][safepoint    ] Safepoint "Cleanup", Time since last: 1005596417 ns, Reaching safepoint: 1569542 ns, At safepoint: 38500 ns, Total: 1608042 ns
[2022-09-04T17:07:07.675+0000][1][safepoint    ] Safepoint "Cleanup", Time since last: 1003140042 ns, Reaching safepoint: 2288917 ns, At safepoint: 53958 ns, Total: 2342875 ns
[2022-09-04T17:07:08.680+0000][1][safepoint    ] Safepoint "Cleanup", Time since last: 1003304209 ns, Reaching safepoint: 1142916 ns, At safepoint: 33125 ns, Total: 1176041 ns
[2022-09-04T17:07:09.686+0000][1][safepoint    ] Safepoint "Cleanup", Time since last: 1002564543 ns, Reaching safepoint: 3420625 ns, At safepoint: 118333 ns, Total: 3538958 ns
[2022-09-04T17:07:10.691+0000][1][safepoint    ] Safepoint "Cleanup", Time since last: 1003940125 ns, Reaching safepoint: 1666709 ns, At safepoint: 46583 ns, Total: 1713292 ns
[2022-09-04T17:07:11.697+0000][1][safepoint    ] Safepoint "Cleanup", Time since last: 1003925834 ns, Reaching safepoint: 1895375 ns, At safepoint: 47583 ns, Total: 1942958 ns
[2022-09-04T17:07:12.703+0000][1][safepoint    ] Safepoint "Cleanup", Time since last: 1003137626 ns, Reaching safepoint: 2787166 ns, At safepoint: 76000 ns, Total: 2863166 ns
[2022-09-04T17:07:13.709+0000][1][safepoint    ] Safepoint "Cleanup", Time since last: 1003940542 ns, Reaching safepoint: 1941042 ns, At safepoint: 46542 ns, Total: 1987584 ns
[2022-09-04T17:07:14.716+0000][1][safepoint    ] Safepoint "Cleanup", Time since last: 1005007500 ns, Reaching safepoint: 1910125 ns, At safepoint: 60625 ns, Total: 1970750 ns
[2022-09-04T17:07:15.721+0000][1][safepoint    ] Safepoint "Cleanup", Time since last: 1002552376 ns, Reaching safepoint: 2405125 ns, At safepoint: 50250 ns, Total: 2455375 ns
[2022-09-04T17:07:16.725+0000][1][safepoint    ] Safepoint "Cleanup", Time since last: 1002957250 ns, Reaching safepoint: 936417 ns, At safepoint: 23000 ns, Total: 959417 ns
[2022-09-04T17:07:17.729+0000][1][safepoint    ] Safepoint "Cleanup", Time since last: 1002723000 ns, Reaching safepoint: 1526334 ns, At safepoint: 51708 ns, Total: 1578042 ns
[2022-09-04T17:07:18.735+0000][1][safepoint    ] Safepoint "Cleanup", Time since last: 1003175959 ns, Reaching safepoint: 2773208 ns, At safepoint: 93500 ns, Total: 2866708 ns
[2022-09-04T17:07:19.742+0000][1][safepoint    ] Safepoint "Cleanup", Time since last: 1004540792 ns, Reaching safepoint: 1712750 ns, At safepoint: 85584 ns, Total: 1798334 ns
[2022-09-04T17:07:20.748+0000][1][safepoint    ] Safepoint "Cleanup", Time since last: 1003851708 ns, Reaching safepoint: 1964459 ns, At safepoint: 54458 ns, Total: 2018917 ns
[2022-09-04T17:07:21.753+0000][1][safepoint    ] Safepoint "Cleanup", Time since last: 1002475334 ns, Reaching safepoint: 2681750 ns, At safepoint: 70125 ns, Total: 2751875 ns
[2022-09-04T17:07:22.758+0000][1][safepoint    ] Safepoint "Cleanup", Time since last: 1003415667 ns, Reaching safepoint: 1369250 ns, At safepoint: 27458 ns, Total: 1396708 ns
[2022-09-04T17:07:23.761+0000][1][safepoint    ] Safepoint "Cleanup", Time since last: 1002819793 ns, Reaching safepoint: 1049375 ns, At safepoint: 22041 ns, Total: 1071416 ns
[2022-09-04T17:07:24.764+0000][1][safepoint    ] Safepoint "Cleanup", Time since last: 1001830501 ns, Reaching safepoint: 1104208 ns, At safepoint: 23833 ns, Total: 1128041 ns
[2022-09-04T17:07:25.769+0000][1][safepoint    ] Safepoint "Cleanup", Time since last: 1003026584 ns, Reaching safepoint: 1054584 ns, At safepoint: 21916 ns, Total: 1076500 ns
[2022-09-04T17:07:26.772+0000][1][safepoint    ] Safepoint "Cleanup", Time since last: 1001639209 ns, Reaching safepoint: 1467417 ns, At safepoint: 40833 ns, Total: 1508250 ns
[2022-09-04T17:07:27.776+0000][1][safepoint    ] Safepoint "Cleanup", Time since last: 1002520042 ns, Reaching safepoint: 1667917 ns, At safepoint: 39458 ns, Total: 1707375 ns
[2022-09-04T17:07:28.783+0000][1][safepoint    ] Safepoint "Cleanup", Time since last: 1004244042 ns, Reaching safepoint: 2683709 ns, At safepoint: 77625 ns, Total: 2761334 ns
[2022-09-04T17:07:29.788+0000][1][safepoint    ] Safepoint "Cleanup", Time since last: 1004370667 ns, Reaching safepoint: 917166 ns, At safepoint: 33375 ns, Total: 950541 ns
[2022-09-04T17:07:30.794+0000][1][safepoint    ] Safepoint "Cleanup", Time since last: 1003495709 ns, Reaching safepoint: 2086459 ns, At safepoint: 72583 ns, Total: 2159042 ns
[2022-09-04T17:07:31.800+0000][1][safepoint    ] Safepoint "Cleanup", Time since last: 1003320041 ns, Reaching safepoint: 2597167 ns, At safepoint: 61875 ns, Total: 2659042 ns
[2022-09-04T17:07:32.805+0000][1][safepoint    ] Safepoint "Cleanup", Time since last: 1002892209 ns, Reaching safepoint: 1797291 ns, At safepoint: 51917 ns, Total: 1849208 ns
[2022-09-04T17:07:33.809+0000][1][safepoint    ] Safepoint "Cleanup", Time since last: 1003442625 ns, Reaching safepoint: 1321667 ns, At safepoint: 71167 ns, Total: 1392834 ns
[2022-09-04T17:07:34.813+0000][1][safepoint    ] Safepoint "Cleanup", Time since last: 1002208292 ns, Reaching safepoint: 1122292 ns, At safepoint: 25916 ns, Total: 1148208 ns
[2022-09-04T17:07:35.819+0000][1][safepoint    ] Safepoint "Cleanup", Time since last: 1005027084 ns, Reaching safepoint: 867333 ns, At safepoint: 24750 ns, Total: 892083 ns
[2022-09-04T17:07:36.821+0000][1][safepoint    ] Safepoint "Cleanup", Time since last: 1001545501 ns, Reaching safepoint: 961000 ns, At safepoint: 23458 ns, Total: 984458 ns
[2022-09-04T17:07:37.824+0000][1][safepoint    ] Safepoint "Cleanup", Time since last: 1001475626 ns, Reaching safepoint: 975458 ns, At safepoint: 23333 ns, Total: 998791 ns
[2022-09-04T17:07:38.828+0000][1][safepoint    ] Safepoint "Cleanup", Time since last: 1002251501 ns, Reaching safepoint: 1683583 ns, At safepoint: 40667 ns, Total: 1724250 ns
[2022-09-04T17:07:39.832+0000][1][safepoint    ] Safepoint "Cleanup", Time since last: 1003555542 ns, Reaching safepoint: 851542 ns, At safepoint: 21291 ns, Total: 872833 ns
[2022-09-04T17:07:40.838+0000][1][safepoint    ] Safepoint "Cleanup", Time since last: 1003471376 ns, Reaching safepoint: 2453166 ns, At safepoint: 76709 ns, Total: 2529875 ns
[2022-09-04T17:07:41.845+0000][1][safepoint    ] Safepoint "Cleanup", Time since last: 1003524000 ns, Reaching safepoint: 3215750 ns, At safepoint: 100834 ns, Total: 3316584 ns
[2022-09-04T17:07:42.852+0000][1][safepoint    ] Safepoint "Cleanup", Time since last: 1005578208 ns, Reaching safepoint: 1266584 ns, At safepoint: 32875 ns, Total: 1299459 ns
[2022-09-04T17:07:43.858+0000][1][safepoint    ] Safepoint "Cleanup", Time since last: 1002232375 ns, Reaching safepoint: 3281167 ns, At safepoint: 123291 ns, Total: 3404458 ns
[2022-09-04T17:07:44.869+0000][1][safepoint    ] Safepoint "Cleanup", Time since last: 1007785501 ns, Reaching safepoint: 3265958 ns, At safepoint: 70292 ns, Total: 3336250 ns
[2022-09-04T17:07:46.111+0000][1][safepoint    ] Safepoint "Cleanup", Time since last: 1241109251 ns, Reaching safepoint: 1218541 ns, At safepoint: 30042 ns, Total: 1248583 ns
[2022-09-04T17:07:47.115+0000][1][safepoint    ] Safepoint "Cleanup", Time since last: 1003447917 ns, Reaching safepoint: 835792 ns, At safepoint: 22208 ns, Total: 858000 ns
[2022-09-04T17:07:48.121+0000][1][safepoint    ] Safepoint "Cleanup", Time since last: 1005302584 ns, Reaching safepoint: 850625 ns, At safepoint: 23458 ns, Total: 874083 ns
[2022-09-04T17:07:49.124+0000][1][safepoint    ] Safepoint "Cleanup", Time since last: 1001665334 ns, Reaching safepoint: 1054667 ns, At safepoint: 28875 ns, Total: 1083542 ns
[2022-09-04T17:07:50.128+0000][1][safepoint    ] Safepoint "Cleanup", Time since last: 1002772333 ns, Reaching safepoint: 855084 ns, At safepoint: 24625 ns, Total: 879709 ns
[2022-09-04T17:07:51.131+0000][1][safepoint    ] Safepoint "Cleanup", Time since last: 1001928834 ns, Reaching safepoint: 1638416 ns, At safepoint: 34292 ns, Total: 1672708 ns
[2022-09-04T17:07:52.136+0000][1][safepoint    ] Safepoint "Cleanup", Time since last: 1003328292 ns, Reaching safepoint: 896125 ns, At safepoint: 21500 ns, Total: 917625 ns
[2022-09-04T17:07:53.138+0000][1][safepoint    ] Safepoint "Cleanup", Time since last: 1001666167 ns, Reaching safepoint: 1005125 ns, At safepoint: 139500 ns, Total: 1144625 ns
[2022-09-04T17:07:54.142+0000][1][safepoint    ] Safepoint "Cleanup", Time since last: 1002102459 ns, Reaching safepoint: 1088167 ns, At safepoint: 31416 ns, Total: 1119583 ns
[2022-09-04T17:07:55.146+0000][1][safepoint    ] Safepoint "Cleanup", Time since last: 1002605126 ns, Reaching safepoint: 1528292 ns, At safepoint: 53333 ns, Total: 1581625 ns
[2022-09-04T17:07:56.156+0000][1][safepoint    ] Safepoint "Cleanup", Time since last: 1007253125 ns, Reaching safepoint: 2677667 ns, At safepoint: 67250 ns, Total: 2744917 ns
[2022-09-04T17:07:57.162+0000][1][safepoint    ] Safepoint "Cleanup", Time since last: 1005153626 ns, Reaching safepoint: 1065041 ns, At safepoint: 42500 ns, Total: 1107541 ns
[2022-09-04T17:07:58.170+0000][1][safepoint    ] Safepoint "Cleanup", Time since last: 1006375042 ns, Reaching safepoint: 1231917 ns, At safepoint: 33833 ns, Total: 1265750 ns
[2022-09-04T17:07:59.174+0000][1][safepoint    ] Safepoint "Cleanup", Time since last: 1002390417 ns, Reaching safepoint: 1642959 ns, At safepoint: 37541 ns, Total: 1680500 ns
[2022-09-04T17:08:00.178+0000][1][safepoint    ] Safepoint "Cleanup", Time since last: 1002683918 ns, Reaching safepoint: 984583 ns, At safepoint: 20958 ns, Total: 1005541 ns
[2022-09-04T17:08:01.185+0000][1][safepoint    ] Safepoint "Cleanup", Time since last: 1006006709 ns, Reaching safepoint: 971917 ns, At safepoint: 26541 ns, Total: 998458 ns
[2022-09-04T17:08:02.188+0000][1][safepoint    ] Safepoint "Cleanup", Time since last: 1003153542 ns, Reaching safepoint: 899083 ns, At safepoint: 22709 ns, Total: 921792 ns
[2022-09-04T17:08:03.194+0000][1][safepoint    ] Safepoint "Cleanup", Time since last: 1004526958 ns, Reaching safepoint: 1652292 ns, At safepoint: 39000 ns, Total: 1691292 ns
[2022-09-04T17:08:04.201+0000][1][safepoint    ] Safepoint "Cleanup", Time since last: 1003449334 ns, Reaching safepoint: 2769417 ns, At safepoint: 65333 ns, Total: 2834750 ns
[2022-09-04T17:08:05.207+0000][1][safepoint    ] Safepoint "Cleanup", Time since last: 1004268375 ns, Reaching safepoint: 1878917 ns, At safepoint: 70042 ns, Total: 1948959 ns
[2022-09-04T17:08:06.212+0000][1][safepoint    ] Safepoint "Cleanup", Time since last: 1004040834 ns, Reaching safepoint: 883041 ns, At safepoint: 34292 ns, Total: 917333 ns
[2022-09-04T17:08:07.215+0000][1][safepoint    ] Safepoint "Cleanup", Time since last: 1002553000 ns, Reaching safepoint: 965750 ns, At safepoint: 38000 ns, Total: 1003750 ns
[2022-09-04T17:08:08.222+0000][1][safepoint    ] Safepoint "Cleanup", Time since last: 1005825542 ns, Reaching safepoint: 839750 ns, At safepoint: 20459 ns, Total: 860209 ns
[2022-09-04T17:08:09.226+0000][1][safepoint    ] Safepoint "Cleanup", Time since last: 1001985834 ns, Reaching safepoint: 1757791 ns, At safepoint: 134834 ns, Total: 1892625 ns
[2022-09-04T17:08:10.231+0000][1][safepoint    ] Safepoint "Cleanup", Time since last: 1003306958 ns, Reaching safepoint: 1330209 ns, At safepoint: 31750 ns, Total: 1361959 ns
[2022-09-04T17:08:11.236+0000][1][safepoint    ] Safepoint "Cleanup", Time since last: 1003413417 ns, Reaching safepoint: 1955250 ns, At safepoint: 65375 ns, Total: 2020625 ns
[2022-09-04T17:08:12.241+0000][1][safepoint    ] Safepoint "Cleanup", Time since last: 1003513667 ns, Reaching safepoint: 1378542 ns, At safepoint: 144958 ns, Total: 1523500 ns
[2022-09-04T17:08:13.244+0000][1][safepoint    ] Safepoint "Cleanup", Time since last: 1001783917 ns, Reaching safepoint: 838625 ns, At safepoint: 24834 ns, Total: 863459 ns
[2022-09-04T17:08:14.247+0000][1][safepoint    ] Safepoint "Cleanup", Time since last: 1001701417 ns, Reaching safepoint: 1509208 ns, At safepoint: 46333 ns, Total: 1555541 ns
[2022-09-04T17:08:15.251+0000][1][safepoint    ] Safepoint "Cleanup", Time since last: 1001504959 ns, Reaching safepoint: 1709667 ns, At safepoint: 266250 ns, Total: 1975917 ns
[2022-09-04T17:08:16.257+0000][1][safepoint    ] Safepoint "Cleanup", Time since last: 1004838334 ns, Reaching safepoint: 1209791 ns, At safepoint: 27209 ns, Total: 1237000 ns
[2022-09-04T17:08:17.259+0000][1][safepoint    ] Safepoint "Cleanup", Time since last: 1001811583 ns, Reaching safepoint: 903000 ns, At safepoint: 21042 ns, Total: 924042 ns
[2022-09-04T17:08:18.262+0000][1][safepoint    ] Safepoint "Cleanup", Time since last: 1001902709 ns, Reaching safepoint: 911042 ns, At safepoint: 23416 ns, Total: 934458 ns
[2022-09-04T17:08:19.265+0000][1][safepoint    ] Safepoint "Cleanup", Time since last: 1001991834 ns, Reaching safepoint: 1190625 ns, At safepoint: 100208 ns, Total: 1290833 ns
[2022-09-04T17:08:20.272+0000][1][safepoint    ] Safepoint "Cleanup", Time since last: 1003004251 ns, Reaching safepoint: 3039333 ns, At safepoint: 267209 ns, Total: 3306542 ns
[2022-09-04T17:08:21.278+0000][1][safepoint    ] Safepoint "Cleanup", Time since last: 1004613958 ns, Reaching safepoint: 1925375 ns, At safepoint: 135750 ns, Total: 2061125 ns
[2022-09-04T17:08:22.285+0000][1][safepoint    ] Safepoint "Cleanup", Time since last: 1005072418 ns, Reaching safepoint: 1085708 ns, At safepoint: 65833 ns, Total: 1151541 ns
[2022-09-04T17:08:23.288+0000][1][safepoint    ] Safepoint "Cleanup", Time since last: 1002707709 ns, Reaching safepoint: 1013458 ns, At safepoint: 27792 ns, Total: 1041250 ns
[2022-09-04T17:08:24.291+0000][1][safepoint    ] Safepoint "Cleanup", Time since last: 1001800042 ns, Reaching safepoint: 872083 ns, At safepoint: 32209 ns, Total: 904292 ns
[2022-09-04T17:08:25.295+0000][1][safepoint    ] Safepoint "Cleanup", Time since last: 1002084542 ns, Reaching safepoint: 1540958 ns, At safepoint: 37500 ns, Total: 1578458 ns
[2022-09-04T17:08:26.300+0000][1][safepoint    ] Safepoint "Cleanup", Time since last: 1003038126 ns, Reaching safepoint: 1729958 ns, At safepoint: 32208 ns, Total: 1762166 ns
[2022-09-04T17:08:27.304+0000][1][safepoint    ] Safepoint "Cleanup", Time since last: 1003614376 ns, Reaching safepoint: 1076625 ns, At safepoint: 31875 ns, Total: 1108500 ns
[2022-09-04T17:08:28.308+0000][1][safepoint    ] Safepoint "Cleanup", Time since last: 1003175584 ns, Reaching safepoint: 866125 ns, At safepoint: 23208 ns, Total: 889333 ns
[2022-09-04T17:08:29.313+0000][1][safepoint    ] Safepoint "Cleanup", Time since last: 1003300751 ns, Reaching safepoint: 1346208 ns, At safepoint: 31167 ns, Total: 1377375 ns
[2022-09-04T17:08:30.319+0000][1][safepoint    ] Safepoint "Cleanup", Time since last: 1005097333 ns, Reaching safepoint: 1207709 ns, At safepoint: 48333 ns, Total: 1256042 ns
[2022-09-04T17:08:31.275+0000][1][safepoint    ] Safepoint "Cleanup", Time since last: 1004590625 ns, Reaching safepoint: 1428458 ns, At safepoint: 36625 ns, Total: 1465083 ns
[2022-09-04T17:08:32.279+0000][1][safepoint    ] Safepoint "Cleanup", Time since last: 1002923417 ns, Reaching safepoint: 1333750 ns, At safepoint: 35000 ns, Total: 1368750 ns
[2022-09-04T17:08:33.283+0000][1][safepoint    ] Safepoint "Cleanup", Time since last: 1002685042 ns, Reaching safepoint: 1205958 ns, At safepoint: 34334 ns, Total: 1240292 ns
[2022-09-04T17:08:34.289+0000][1][safepoint    ] Safepoint "Cleanup", Time since last: 1003341084 ns, Reaching safepoint: 2434291 ns, At safepoint: 66500 ns, Total: 2500791 ns
[2022-09-04T17:08:35.296+0000][1][safepoint    ] Safepoint "Cleanup", Time since last: 1003838501 ns, Reaching safepoint: 2781333 ns, At safepoint: 55333 ns, Total: 2836666 ns
[2022-09-04T17:08:36.301+0000][1][safepoint    ] Safepoint "Cleanup", Time since last: 1004774459 ns, Reaching safepoint: 814209 ns, At safepoint: 25000 ns, Total: 839209 ns
[2022-09-04T17:08:37.304+0000][1][safepoint    ] Safepoint "Cleanup", Time since last: 1002076333 ns, Reaching safepoint: 1118167 ns, At safepoint: 29833 ns, Total: 1148000 ns
[2022-09-04T17:08:38.308+0000][1][safepoint    ] Safepoint "Cleanup", Time since last: 1002266834 ns, Reaching safepoint: 1098667 ns, At safepoint: 27833 ns, Total: 1126500 ns
[2022-09-04T17:08:39.311+0000][1][safepoint    ] Safepoint "Cleanup", Time since last: 1001911251 ns, Reaching safepoint: 1057500 ns, At safepoint: 24875 ns, Total: 1082375 ns
[2022-09-04T17:08:40.318+0000][1][safepoint    ] Safepoint "Cleanup", Time since last: 1005834958 ns, Reaching safepoint: 1019084 ns, At safepoint: 24083 ns, Total: 1043167 ns
[2022-09-04T17:08:41.322+0000][1][safepoint    ] Safepoint "Cleanup", Time since last: 1002459792 ns, Reaching safepoint: 1628000 ns, At safepoint: 38209 ns, Total: 1666209 ns
[2022-09-04T17:08:42.329+0000][1][safepoint    ] Safepoint "Cleanup", Time since last: 1005451292 ns, Reaching safepoint: 1407416 ns, At safepoint: 33625 ns, Total: 1441041 ns
[2022-09-04T17:08:43.332+0000][1][safepoint    ] Safepoint "Cleanup", Time since last: 1002335543 ns, Reaching safepoint: 824000 ns, At safepoint: 20958 ns, Total: 844958 ns
[2022-09-04T17:08:44.338+0000][1][safepoint    ] Safepoint "Cleanup", Time since last: 1002308167 ns, Reaching safepoint: 3477333 ns, At safepoint: 97459 ns, Total: 3574792 ns
[2022-09-04T17:08:45.347+0000][1][safepoint    ] Safepoint "Cleanup", Time since last: 1005288875 ns, Reaching safepoint: 3806959 ns, At safepoint: 92833 ns, Total: 3899792 ns
[2022-09-04T17:08:46.353+0000][1][safepoint    ] Safepoint "Cleanup", Time since last: 1005054084 ns, Reaching safepoint: 1484250 ns, At safepoint: 36166 ns, Total: 1520416 ns
[2022-09-04T17:08:47.357+0000][1][safepoint    ] Safepoint "Cleanup", Time since last: 1002631084 ns, Reaching safepoint: 1004500 ns, At safepoint: 23792 ns, Total: 1028292 ns
[2022-09-04T17:08:48.367+0000][1][safepoint    ] Safepoint "Cleanup", Time since last: 1007393292 ns, Reaching safepoint: 2291167 ns, At safepoint: 92250 ns, Total: 2383417 ns
[2022-09-04T17:08:49.379+0000][1][safepoint    ] Safepoint "Cleanup", Time since last: 1008053667 ns, Reaching safepoint: 3487333 ns, At safepoint: 127667 ns, Total: 3615000 ns
[2022-09-04T17:08:50.388+0000][1][safepoint    ] Safepoint "Cleanup", Time since last: 1004804625 ns, Reaching safepoint: 4002709 ns, At safepoint: 132333 ns, Total: 4135042 ns
[2022-09-04T17:08:51.396+0000][1][safepoint    ] Safepoint "Cleanup", Time since last: 1006847125 ns, Reaching safepoint: 1514209 ns, At safepoint: 35208 ns, Total: 1549417 ns
[2022-09-04T17:08:52.401+0000][1][safepoint    ] Safepoint "Cleanup", Time since last: 1003401001 ns, Reaching safepoint: 1434875 ns, At safepoint: 36125 ns, Total: 1471000 ns
[2022-09-04T17:08:53.406+0000][1][safepoint    ] Safepoint "Cleanup", Time since last: 1003650750 ns, Reaching safepoint: 1406625 ns, At safepoint: 36917 ns, Total: 1443542 ns
[2022-09-04T17:08:54.412+0000][1][safepoint    ] Safepoint "Cleanup", Time since last: 1003086834 ns, Reaching safepoint: 2834041 ns, At safepoint: 72959 ns, Total: 2907000 ns
[2022-09-04T17:08:55.422+0000][1][safepoint    ] Safepoint "Cleanup", Time since last: 1005983375 ns, Reaching safepoint: 3630750 ns, At safepoint: 111875 ns, Total: 3742625 ns
[2022-09-04T17:08:56.432+0000][1][safepoint    ] Safepoint "Cleanup", Time since last: 1009209459 ns, Reaching safepoint: 1273083 ns, At safepoint: 44959 ns, Total: 1318042 ns
[2022-09-04T17:08:57.436+0000][1][safepoint    ] Safepoint "Cleanup", Time since last: 1002322042 ns, Reaching safepoint: 1106250 ns, At safepoint: 30083 ns, Total: 1136333 ns
[2022-09-04T17:08:58.439+0000][1][safepoint    ] Safepoint "Cleanup", Time since last: 1002054625 ns, Reaching safepoint: 1107459 ns, At safepoint: 29875 ns, Total: 1137334 ns
[2022-09-04T17:08:59.446+0000][1][safepoint    ] Safepoint "Cleanup", Time since last: 1004004750 ns, Reaching safepoint: 3424209 ns, At safepoint: 148875 ns, Total: 3573084 ns
[2022-09-04T17:09:00.457+0000][1][safepoint    ] Safepoint "Cleanup", Time since last: 1008175500 ns, Reaching safepoint: 2002542 ns, At safepoint: 81166 ns, Total: 2083708 ns
[2022-09-04T17:09:01.465+0000][1][safepoint    ] Safepoint "Cleanup", Time since last: 1006788667 ns, Reaching safepoint: 1902750 ns, At safepoint: 44750 ns, Total: 1947500 ns
[2022-09-04T17:09:02.471+0000][1][safepoint    ] Safepoint "Cleanup", Time since last: 1005250209 ns, Reaching safepoint: 1223875 ns, At safepoint: 32250 ns, Total: 1256125 ns
[2022-09-04T17:09:03.476+0000][1][safepoint    ] Safepoint "Cleanup", Time since last: 1002981709 ns, Reaching safepoint: 1069458 ns, At safepoint: 41333 ns, Total: 1110791 ns
[2022-09-04T17:09:04.481+0000][1][safepoint    ] Safepoint "Cleanup", Time since last: 1002270126 ns, Reaching safepoint: 3032291 ns, At safepoint: 147125 ns, Total: 3179416 ns
[2022-09-04T17:09:05.493+0000][1][safepoint    ] Safepoint "Cleanup", Time since last: 1007166459 ns, Reaching safepoint: 4472042 ns, At safepoint: 94417 ns, Total: 4566459 ns
[2022-09-04T17:09:06.501+0000][1][safepoint    ] Safepoint "Cleanup", Time since last: 1006702417 ns, Reaching safepoint: 1555416 ns, At safepoint: 39750 ns, Total: 1595166 ns
[2022-09-04T17:09:07.505+0000][1][safepoint    ] Safepoint "Cleanup", Time since last: 1002140459 ns, Reaching safepoint: 1394417 ns, At safepoint: 49458 ns, Total: 1443875 ns
[2022-09-04T17:09:08.514+0000][1][safepoint    ] Safepoint "Cleanup", Time since last: 1006000459 ns, Reaching safepoint: 3656167 ns, At safepoint: 91916 ns, Total: 3748083 ns
[2022-09-04T17:09:09.525+0000][1][safepoint    ] Safepoint "Cleanup", Time since last: 1005488209 ns, Reaching safepoint: 4848042 ns, At safepoint: 116750 ns, Total: 4964792 ns
[2022-09-04T17:09:10.530+0000][1][safepoint    ] Safepoint "Cleanup", Time since last: 1003695917 ns, Reaching safepoint: 1329375 ns, At safepoint: 70083 ns, Total: 1399458 ns
[2022-09-04T17:09:11.536+0000][1][safepoint    ] Safepoint "Cleanup", Time since last: 1002755584 ns, Reaching safepoint: 3489708 ns, At safepoint: 95750 ns, Total: 3585458 ns
[2022-09-04T17:09:12.549+0000][1][safepoint    ] Safepoint "Cleanup", Time since last: 1008796251 ns, Reaching safepoint: 3507625 ns, At safepoint: 93333 ns, Total: 3600958 ns
[2022-09-04T17:09:13.558+0000][1][safepoint    ] Safepoint "Cleanup", Time since last: 1006874626 ns, Reaching safepoint: 2709250 ns, At safepoint: 75208 ns, Total: 2784458 ns
[2022-09-04T17:09:14.567+0000][1][safepoint    ] Safepoint "Cleanup", Time since last: 1004950376 ns, Reaching safepoint: 3523333 ns, At safepoint: 149833 ns, Total: 3673166 ns
[2022-09-04T17:09:15.576+0000][1][safepoint    ] Safepoint "Cleanup", Time since last: 1005161001 ns, Reaching safepoint: 3318583 ns, At safepoint: 77500 ns, Total: 3396083 ns
[2022-09-04T17:09:16.583+0000][1][safepoint    ] Safepoint "Cleanup", Time since last: 1006098000 ns, Reaching safepoint: 1667625 ns, At safepoint: 65084 ns, Total: 1732709 ns
[2022-09-04T17:09:17.587+0000][1][safepoint    ] Safepoint "Cleanup", Time since last: 1002461917 ns, Reaching safepoint: 1489750 ns, At safepoint: 38500 ns, Total: 1528250 ns
[2022-09-04T17:09:18.595+0000][1][safepoint    ] Safepoint "Cleanup", Time since last: 1005839667 ns, Reaching safepoint: 1404417 ns, At safepoint: 38291 ns, Total: 1442708 ns
[2022-09-04T17:09:19.602+0000][1][safepoint    ] Safepoint "Cleanup", Time since last: 1003666793 ns, Reaching safepoint: 3499000 ns, At safepoint: 90166 ns, Total: 3589166 ns
[2022-09-04T17:09:20.613+0000][1][safepoint    ] Safepoint "Cleanup", Time since last: 1007178501 ns, Reaching safepoint: 3620208 ns, At safepoint: 91042 ns, Total: 3711250 ns
[2022-09-04T17:09:21.625+0000][1][safepoint    ] Safepoint "Cleanup", Time since last: 1007078167 ns, Reaching safepoint: 5250792 ns, At safepoint: 151458 ns, Total: 5402250 ns
[2022-09-04T17:09:22.636+0000][1][safepoint    ] Safepoint "Cleanup", Time since last: 1008353584 ns, Reaching safepoint: 2033083 ns, At safepoint: 62833 ns, Total: 2095916 ns
[2022-09-04T17:09:23.645+0000][1][safepoint    ] Safepoint "Cleanup", Time since last: 1006109751 ns, Reaching safepoint: 2691958 ns, At safepoint: 87334 ns, Total: 2779292 ns
[2022-09-04T17:09:24.651+0000][1][safepoint    ] Safepoint "Cleanup", Time since last: 1004123250 ns, Reaching safepoint: 2449250 ns, At safepoint: 61917 ns, Total: 2511167 ns
[2022-09-04T17:09:25.658+0000][1][safepoint    ] Safepoint "Cleanup", Time since last: 1004545792 ns, Reaching safepoint: 2377458 ns, At safepoint: 74625 ns, Total: 2452083 ns
[2022-09-04T17:09:26.663+0000][1][safepoint    ] Safepoint "Cleanup", Time since last: 1003951417 ns, Reaching safepoint: 965167 ns, At safepoint: 24708 ns, Total: 989875 ns
[2022-09-04T17:09:27.667+0000][1][safepoint    ] Safepoint "Cleanup", Time since last: 1002328126 ns, Reaching safepoint: 1118791 ns, At safepoint: 27917 ns, Total: 1146708 ns
[2022-09-04T17:09:28.672+0000][1][safepoint    ] Safepoint "Cleanup", Time since last: 1002392334 ns, Reaching safepoint: 2914792 ns, At safepoint: 84875 ns, Total: 2999667 ns
[2022-09-04T17:09:29.680+0000][1][safepoint    ] Safepoint "Cleanup", Time since last: 1004737083 ns, Reaching safepoint: 2660792 ns, At safepoint: 63333 ns, Total: 2724125 ns
[2022-09-04T17:09:30.685+0000][1][safepoint    ] Safepoint "Cleanup", Time since last: 1004194209 ns, Reaching safepoint: 1397417 ns, At safepoint: 32417 ns, Total: 1429834 ns
[2022-09-04T17:09:31.689+0000][1][safepoint    ] Safepoint "Cleanup", Time since last: 1003249166 ns, Reaching safepoint: 1193125 ns, At safepoint: 30500 ns, Total: 1223625 ns
[2022-09-04T17:09:32.694+0000][1][safepoint    ] Safepoint "Cleanup", Time since last: 1002997542 ns, Reaching safepoint: 1365000 ns, At safepoint: 31750 ns, Total: 1396750 ns
[2022-09-04T17:09:33.697+0000][1][safepoint    ] Safepoint "Cleanup", Time since last: 1002453209 ns, Reaching safepoint: 1088000 ns, At safepoint: 21625 ns, Total: 1109625 ns
[2022-09-04T17:09:34.700+0000][1][safepoint    ] Safepoint "Cleanup", Time since last: 1001992125 ns, Reaching safepoint: 1167500 ns, At safepoint: 28625 ns, Total: 1196125 ns
[2022-09-04T17:09:35.704+0000][1][safepoint    ] Safepoint "Cleanup", Time since last: 1001940334 ns, Reaching safepoint: 1460292 ns, At safepoint: 36500 ns, Total: 1496792 ns
[2022-09-04T17:09:36.708+0000][1][safepoint    ] Safepoint "Cleanup", Time since last: 1002403500 ns, Reaching safepoint: 1392583 ns, At safepoint: 32250 ns, Total: 1424833 ns
[2022-09-04T17:09:37.711+0000][1][safepoint    ] Safepoint "Cleanup", Time since last: 1001920168 ns, Reaching safepoint: 1044875 ns, At safepoint: 23041 ns, Total: 1067916 ns
[2022-09-04T17:09:38.715+0000][1][safepoint    ] Safepoint "Cleanup", Time since last: 1003291126 ns, Reaching safepoint: 849250 ns, At safepoint: 21958 ns, Total: 871208 ns
[2022-09-04T17:09:39.725+0000][1][safepoint    ] Safepoint "Cleanup", Time since last: 1009087334 ns, Reaching safepoint: 1114333 ns, At safepoint: 27834 ns, Total: 1142167 ns
[2022-09-04T17:09:40.728+0000][1][safepoint    ] Safepoint "Cleanup", Time since last: 1001807083 ns, Reaching safepoint: 966542 ns, At safepoint: 26208 ns, Total: 992750 ns
[2022-09-04T17:09:41.734+0000][1][safepoint    ] Safepoint "Cleanup", Time since last: 1003781167 ns, Reaching safepoint: 2062000 ns, At safepoint: 46875 ns, Total: 2108875 ns
[2022-09-04T17:09:42.738+0000][1][safepoint    ] Safepoint "Cleanup", Time since last: 1003561834 ns, Reaching safepoint: 1148792 ns, At safepoint: 25375 ns, Total: 1174167 ns
[2022-09-04T17:09:43.743+0000][1][safepoint    ] Safepoint "Cleanup", Time since last: 1003162709 ns, Reaching safepoint: 1540791 ns, At safepoint: 38250 ns, Total: 1579041 ns
[2022-09-04T17:09:44.748+0000][1][safepoint    ] Safepoint "Cleanup", Time since last: 1003240543 ns, Reaching safepoint: 1604041 ns, At safepoint: 38000 ns, Total: 1642041 ns
[2022-09-04T17:09:45.759+0000][1][safepoint    ] Safepoint "Cleanup", Time since last: 1007682417 ns, Reaching safepoint: 2709584 ns, At safepoint: 61125 ns, Total: 2770709 ns
[2022-09-04T17:09:46.767+0000][1][safepoint    ] Safepoint "Cleanup", Time since last: 1005817084 ns, Reaching safepoint: 2620833 ns, At safepoint: 73167 ns, Total: 2694000 ns
[2022-09-04T17:09:47.773+0000][1][safepoint    ] Safepoint "Cleanup", Time since last: 1004726750 ns, Reaching safepoint: 939583 ns, At safepoint: 21875 ns, Total: 961458 ns
[2022-09-04T17:09:48.780+0000][1][safepoint    ] Safepoint "Cleanup", Time since last: 1003646293 ns, Reaching safepoint: 3077666 ns, At safepoint: 73000 ns, Total: 3150666 ns
[2022-09-04T17:09:49.785+0000][1][safepoint    ] Safepoint "Cleanup", Time since last: 1004325251 ns, Reaching safepoint: 1040791 ns, At safepoint: 27709 ns, Total: 1068500 ns
[2022-09-04T17:09:50.787+0000][1][safepoint    ] Safepoint "Cleanup", Time since last: 1001303875 ns, Reaching safepoint: 849792 ns, At safepoint: 25416 ns, Total: 875208 ns
[2022-09-04T17:09:51.792+0000][1][safepoint    ] Safepoint "Cleanup", Time since last: 1003720251 ns, Reaching safepoint: 1132000 ns, At safepoint: 27000 ns, Total: 1159000 ns
[2022-09-04T17:09:52.796+0000][1][safepoint    ] Safepoint "Cleanup", Time since last: 1002743917 ns, Reaching safepoint: 929500 ns, At safepoint: 27625 ns, Total: 957125 ns
[2022-09-04T17:09:53.800+0000][1][safepoint    ] Safepoint "Cleanup", Time since last: 1002375792 ns, Reaching safepoint: 2249709 ns, At safepoint: 70208 ns, Total: 2319917 ns
[2022-09-04T17:09:54.822+0000][1][safepoint    ] Safepoint "Cleanup", Time since last: 1019365334 ns, Reaching safepoint: 1963958 ns, At safepoint: 40333 ns, Total: 2004291 ns
[2022-09-04T17:09:55.828+0000][1][safepoint    ] Safepoint "Cleanup", Time since last: 1002656168 ns, Reaching safepoint: 3777041 ns, At safepoint: 69834 ns, Total: 3846875 ns
[2022-09-04T17:09:56.832+0000][1][safepoint    ] Safepoint "Cleanup", Time since last: 1002696792 ns, Reaching safepoint: 1036791 ns, At safepoint: 27334 ns, Total: 1064125 ns
[2022-09-04T17:09:57.836+0000][1][safepoint    ] Safepoint "Cleanup", Time since last: 1002249000 ns, Reaching safepoint: 1446084 ns, At safepoint: 31625 ns, Total: 1477709 ns
[2022-09-04T17:09:58.842+0000][1][safepoint    ] Safepoint "Cleanup", Time since last: 1004385875 ns, Reaching safepoint: 1946250 ns, At safepoint: 80667 ns, Total: 2026917 ns
[2022-09-04T17:09:59.848+0000][1][safepoint    ] Safepoint "Cleanup", Time since last: 1004142333 ns, Reaching safepoint: 1953000 ns, At safepoint: 29709 ns, Total: 1982709 ns
[2022-09-04T17:10:00.857+0000][1][safepoint    ] Safepoint "Cleanup", Time since last: 1007845334 ns, Reaching safepoint: 1051875 ns, At safepoint: 28708 ns, Total: 1080583 ns
[2022-09-04T17:10:01.865+0000][1][safepoint    ] Safepoint "Cleanup", Time since last: 1007002375 ns, Reaching safepoint: 1003250 ns, At safepoint: 40292 ns, Total: 1043542 ns
[2022-09-04T17:10:02.871+0000][1][safepoint    ] Safepoint "Cleanup", Time since last: 1005345000 ns, Reaching safepoint: 817875 ns, At safepoint: 29084 ns, Total: 846959 ns
[2022-09-04T17:10:03.883+0000][1][safepoint    ] Safepoint "Cleanup", Time since last: 1011613750 ns, Reaching safepoint: 951958 ns, At safepoint: 25750 ns, Total: 977708 ns
[2022-09-04T17:10:04.887+0000][1][safepoint    ] Safepoint "Cleanup", Time since last: 1002577751 ns, Reaching safepoint: 1123417 ns, At safepoint: 25083 ns, Total: 1148500 ns
[2022-09-04T17:10:05.891+0000][1][safepoint    ] Safepoint "Cleanup", Time since last: 1001984584 ns, Reaching safepoint: 2190333 ns, At safepoint: 73917 ns, Total: 2264250 ns
[2022-09-04T17:10:06.902+0000][1][safepoint    ] Safepoint "Cleanup", Time since last: 1008115625 ns, Reaching safepoint: 1894542 ns, At safepoint: 59417 ns, Total: 1953959 ns
[2022-09-04T17:10:07.911+0000][1][safepoint    ] Safepoint "Cleanup", Time since last: 1009045875 ns, Reaching safepoint: 893333 ns, At safepoint: 22459 ns, Total: 915792 ns
[2022-09-04T17:10:08.916+0000][1][safepoint    ] Safepoint "Cleanup", Time since last: 1001896750 ns, Reaching safepoint: 2498625 ns, At safepoint: 80875 ns, Total: 2579500 ns
[2022-09-04T17:10:09.922+0000][1][safepoint    ] Safepoint "Cleanup", Time since last: 1004494126 ns, Reaching safepoint: 1452541 ns, At safepoint: 26417 ns, Total: 1478958 ns
[2022-09-04T17:10:10.927+0000][1][safepoint    ] Safepoint "Cleanup", Time since last: 1003417625 ns, Reaching safepoint: 1874625 ns, At safepoint: 41875 ns, Total: 1916500 ns
[2022-09-04T17:10:11.933+0000][1][safepoint    ] Safepoint "Cleanup", Time since last: 1002999876 ns, Reaching safepoint: 2494292 ns, At safepoint: 85166 ns, Total: 2579458 ns
[2022-09-04T17:10:12.938+0000][1][safepoint    ] Safepoint "Cleanup", Time since last: 1004061751 ns, Reaching safepoint: 842541 ns, At safepoint: 22667 ns, Total: 865208 ns
[2022-09-04T17:10:13.940+0000][1][safepoint    ] Safepoint "Cleanup", Time since last: 1001709459 ns, Reaching safepoint: 947375 ns, At safepoint: 18042 ns, Total: 965417 ns
[2022-09-04T17:10:14.944+0000][1][safepoint    ] Safepoint "Cleanup", Time since last: 1002177750 ns, Reaching safepoint: 880583 ns, At safepoint: 22250 ns, Total: 902833 ns
[2022-09-04T17:10:15.947+0000][1][safepoint    ] Safepoint "Cleanup", Time since last: 1001538668 ns, Reaching safepoint: 1779583 ns, At safepoint: 41292 ns, Total: 1820875 ns
[2022-09-04T17:10:16.954+0000][1][safepoint    ] Safepoint "Cleanup", Time since last: 1004493125 ns, Reaching safepoint: 2896250 ns, At safepoint: 73667 ns, Total: 2969917 ns
[2022-09-04T17:10:17.962+0000][1][safepoint    ] Safepoint "Cleanup", Time since last: 1007035708 ns, Reaching safepoint: 860250 ns, At safepoint: 22375 ns, Total: 882625 ns
[2022-09-04T17:10:18.968+0000][1][safepoint    ] Safepoint "Cleanup", Time since last: 1001839334 ns, Reaching safepoint: 3228500 ns, At safepoint: 156167 ns, Total: 3384667 ns
[2022-09-04T17:10:19.739+0000][1][safepoint    ] Safepoint "RevokeBias", Time since last: 768683000 ns, Reaching safepoint: 1166375 ns, At safepoint: 1972792 ns, Total: 3139167 ns
[2022-09-04T17:10:19.771+0000][1][safepoint    ] Safepoint "RevokeBias", Time since last: 30278625 ns, Reaching safepoint: 872417 ns, At safepoint: 200750 ns, Total: 1073167 ns
[2022-09-04T17:10:19.935+0000][1][safepoint    ] Safepoint "RevokeBias", Time since last: 163506416 ns, Reaching safepoint: 1151709 ns, At safepoint: 184166 ns, Total: 1335875 ns
[2022-09-04T17:10:19.940+0000][1][safepoint    ] Safepoint "RevokeBias", Time since last: 3674584 ns, Reaching safepoint: 892125 ns, At safepoint: 109250 ns, Total: 1001375 ns
[2022-09-04T17:10:19.981+0000][1][safepoint    ] Safepoint "BulkRevokeBias", Time since last: 36896791 ns, Reaching safepoint: 716250 ns, At safepoint: 3455875 ns, Total: 4172125 ns
[2022-09-04T17:10:20.037+0000][1][safepoint    ] Safepoint "RevokeBias", Time since last: 54847042 ns, Reaching safepoint: 1093375 ns, At safepoint: 123667 ns, Total: 1217042 ns
[2022-09-04T17:10:20.069+0000][1][safepoint    ] Safepoint "RevokeBias", Time since last: 30339291 ns, Reaching safepoint: 864792 ns, At safepoint: 110542 ns, Total: 975334 ns
[2022-09-04T17:10:21.073+0000][1][safepoint    ] Safepoint "Cleanup", Time since last: 1002462792 ns, Reaching safepoint: 1419042 ns, At safepoint: 41375 ns, Total: 1460417 ns
[2022-09-04T17:10:22.077+0000][1][safepoint    ] Safepoint "Cleanup", Time since last: 1002975000 ns, Reaching safepoint: 1080625 ns, At safepoint: 27083 ns, Total: 1107708 ns
[2022-09-04T17:10:23.082+0000][1][safepoint    ] Safepoint "Cleanup", Time since last: 1004093418 ns, Reaching safepoint: 1180458 ns, At safepoint: 29917 ns, Total: 1210375 ns
[2022-09-04T17:10:24.087+0000][1][safepoint    ] Safepoint "Cleanup", Time since last: 1003283417 ns, Reaching safepoint: 1506083 ns, At safepoint: 36625 ns, Total: 1542708 ns
[2022-09-04T17:10:25.093+0000][1][safepoint    ] Safepoint "Cleanup", Time since last: 1002794709 ns, Reaching safepoint: 3017458 ns, At safepoint: 86625 ns, Total: 3104083 ns
[2022-09-04T17:10:26.099+0000][1][safepoint    ] Safepoint "Cleanup", Time since last: 1005693417 ns, Reaching safepoint: 824917 ns, At safepoint: 23500 ns, Total: 848417 ns
[2022-09-04T17:10:27.102+0000][1][safepoint    ] Safepoint "Cleanup", Time since last: 1001674667 ns, Reaching safepoint: 938792 ns, At safepoint: 24708 ns, Total: 963500 ns
[2022-09-04T17:10:28.105+0000][1][safepoint    ] Safepoint "Cleanup", Time since last: 1001905501 ns, Reaching safepoint: 1116250 ns, At safepoint: 335208 ns, Total: 1451458 ns
[2022-09-04T17:10:29.110+0000][1][safepoint    ] Safepoint "Cleanup", Time since last: 1004014875 ns, Reaching safepoint: 1228334 ns, At safepoint: 27583 ns, Total: 1255917 ns
[2022-09-04T17:10:30.116+0000][1][safepoint    ] Safepoint "Cleanup", Time since last: 1004094084 ns, Reaching safepoint: 967875 ns, At safepoint: 23083 ns, Total: 990958 ns
[2022-09-04T17:10:31.122+0000][1][safepoint    ] Safepoint "Cleanup", Time since last: 1003689209 ns, Reaching safepoint: 3029708 ns, At safepoint: 81459 ns, Total: 3111167 ns
[2022-09-04T17:10:32.131+0000][1][safepoint    ] Safepoint "Cleanup", Time since last: 1007037791 ns, Reaching safepoint: 1565625 ns, At safepoint: 81917 ns, Total: 1647542 ns
[2022-09-04T17:10:33.136+0000][1][safepoint    ] Safepoint "Cleanup", Time since last: 1004466500 ns, Reaching safepoint: 1214542 ns, At safepoint: 29958 ns, Total: 1244500 ns
[2022-09-04T17:10:33.825+0000][1][safepoint    ] Safepoint "RevokeBias", Time since last: 687109334 ns, Reaching safepoint: 912333 ns, At safepoint: 165959 ns, Total: 1078292 ns
[2022-09-04T17:10:33.829+0000][1][safepoint    ] Safepoint "RevokeBias", Time since last: 3670000 ns, Reaching safepoint: 551291 ns, At safepoint: 98125 ns, Total: 649416 ns
[2022-09-04T17:10:33.844+0000][1][safepoint    ] Safepoint "RevokeBias", Time since last: 14624209 ns, Reaching safepoint: 775458 ns, At safepoint: 108250 ns, Total: 883708 ns
[2022-09-04T17:10:33.857+0000][1][safepoint    ] Safepoint "RevokeBias", Time since last: 11343417 ns, Reaching safepoint: 1092875 ns, At safepoint: 109291 ns, Total: 1202166 ns
[2022-09-04T17:10:34.864+0000][1][safepoint    ] Safepoint "Cleanup", Time since last: 1006283543 ns, Reaching safepoint: 928000 ns, At safepoint: 21166 ns, Total: 949166 ns
[2022-09-04T17:10:35.869+0000][1][safepoint    ] Safepoint "Cleanup", Time since last: 1003474334 ns, Reaching safepoint: 1191292 ns, At safepoint: 29958 ns, Total: 1221250 ns
[2022-09-04T17:10:36.872+0000][1][safepoint    ] Safepoint "Cleanup", Time since last: 1001846542 ns, Reaching safepoint: 1066667 ns, At safepoint: 28250 ns, Total: 1094917 ns
[2022-09-04T17:10:37.326+0000][1][safepoint    ] Safepoint "RevokeBias", Time since last: 452937833 ns, Reaching safepoint: 803750 ns, At safepoint: 299209 ns, Total: 1102959 ns
[2022-09-04T17:10:37.329+0000][1][safepoint    ] Safepoint "RevokeBias", Time since last: 2806625 ns, Reaching safepoint: 755208 ns, At safepoint: 106792 ns, Total: 862000 ns
[2022-09-04T17:10:37.344+0000][1][safepoint    ] Safepoint "RevokeBias", Time since last: 13793500 ns, Reaching safepoint: 854291 ns, At safepoint: 105417 ns, Total: 959708 ns
[2022-09-04T17:10:37.352+0000][1][safepoint    ] Safepoint "RevokeBias", Time since last: 6931667 ns, Reaching safepoint: 619125 ns, At safepoint: 122416 ns, Total: 741541 ns
[2022-09-04T17:10:37.365+0000][1][safepoint    ] Safepoint "RevokeBias", Time since last: 11606084 ns, Reaching safepoint: 1015000 ns, At safepoint: 179541 ns, Total: 1194541 ns
[2022-09-04T17:10:38.373+0000][1][safepoint    ] Safepoint "Cleanup", Time since last: 1007392293 ns, Reaching safepoint: 953750 ns, At safepoint: 26083 ns, Total: 979833 ns
[2022-09-04T17:10:39.376+0000][1][safepoint    ] Safepoint "Cleanup", Time since last: 1001686625 ns, Reaching safepoint: 851500 ns, At safepoint: 20500 ns, Total: 872000 ns
[2022-09-04T17:10:40.380+0000][1][safepoint    ] Safepoint "Cleanup", Time since last: 1003116793 ns, Reaching safepoint: 803291 ns, At safepoint: 70709 ns, Total: 874000 ns
[2022-09-04T17:10:41.387+0000][1][safepoint    ] Safepoint "Cleanup", Time since last: 1003718500 ns, Reaching safepoint: 3522792 ns, At safepoint: 139291 ns, Total: 3662083 ns
[2022-09-04T17:10:42.396+0000][1][safepoint    ] Safepoint "Cleanup", Time since last: 1006062626 ns, Reaching safepoint: 2806958 ns, At safepoint: 76458 ns, Total: 2883416 ns
[2022-09-04T17:10:43.401+0000][1][safepoint    ] Safepoint "Cleanup", Time since last: 1004346668 ns, Reaching safepoint: 905458 ns, At safepoint: 22250 ns, Total: 927708 ns
[2022-09-04T17:10:44.405+0000][1][safepoint    ] Safepoint "Cleanup", Time since last: 1001692792 ns, Reaching safepoint: 2361167 ns, At safepoint: 69333 ns, Total: 2430500 ns
[2022-09-04T17:10:45.413+0000][1][safepoint    ] Safepoint "Cleanup", Time since last: 1004333251 ns, Reaching safepoint: 2856416 ns, At safepoint: 146959 ns, Total: 3003375 ns
[2022-09-04T17:10:45.714+0000][1][safepoint    ] Safepoint "RevokeBias", Time since last: 300382291 ns, Reaching safepoint: 1012625 ns, At safepoint: 137292 ns, Total: 1149917 ns
[2022-09-04T17:10:45.717+0000][1][safepoint    ] Safepoint "RevokeBias", Time since last: 2650125 ns, Reaching safepoint: 503000 ns, At safepoint: 107750 ns, Total: 610750 ns
[2022-09-04T17:10:45.736+0000][1][safepoint    ] Safepoint "RevokeBias", Time since last: 17594125 ns, Reaching safepoint: 1024375 ns, At safepoint: 168792 ns, Total: 1193167 ns
[2022-09-04T17:10:45.755+0000][1][safepoint    ] Safepoint "RevokeBias", Time since last: 16874083 ns, Reaching safepoint: 1792708 ns, At safepoint: 121250 ns, Total: 1913958 ns
[2022-09-04T17:10:46.759+0000][1][safepoint    ] Safepoint "Cleanup", Time since last: 1002065501 ns, Reaching safepoint: 1427250 ns, At safepoint: 105292 ns, Total: 1532542 ns
[2022-09-04T17:10:47.764+0000][1][safepoint    ] Safepoint "Cleanup", Time since last: 1002676083 ns, Reaching safepoint: 2123167 ns, At safepoint: 76917 ns, Total: 2200084 ns
[2022-09-04T17:10:48.769+0000][1][safepoint    ] Safepoint "Cleanup", Time since last: 1004313209 ns, Reaching safepoint: 1245041 ns, At safepoint: 41959 ns, Total: 1287000 ns
[2022-09-04T17:10:48.819+0000][1][safepoint    ] Safepoint "RevokeBias", Time since last: 48701916 ns, Reaching safepoint: 865334 ns, At safepoint: 137583 ns, Total: 1002917 ns
[2022-09-04T17:10:48.822+0000][1][safepoint    ] Safepoint "RevokeBias", Time since last: 2646333 ns, Reaching safepoint: 500875 ns, At safepoint: 78959 ns, Total: 579834 ns
[2022-09-04T17:10:48.835+0000][1][safepoint    ] Safepoint "RevokeBias", Time since last: 11721458 ns, Reaching safepoint: 820500 ns, At safepoint: 123833 ns, Total: 944333 ns
[2022-09-04T17:10:48.849+0000][1][safepoint    ] Safepoint "RevokeBias", Time since last: 12120334 ns, Reaching safepoint: 1884000 ns, At safepoint: 120416 ns, Total: 2004416 ns
[2022-09-04T17:10:49.854+0000][1][safepoint    ] Safepoint "Cleanup", Time since last: 1001841292 ns, Reaching safepoint: 3548042 ns, At safepoint: 99750 ns, Total: 3647792 ns
[2022-09-04T17:10:50.861+0000][1][safepoint    ] Safepoint "Cleanup", Time since last: 1005269042 ns, Reaching safepoint: 1610875 ns, At safepoint: 38209 ns, Total: 1649084 ns
[2022-09-04T17:10:51.866+0000][1][safepoint    ] Safepoint "Cleanup", Time since last: 1003663708 ns, Reaching safepoint: 1069292 ns, At safepoint: 25917 ns, Total: 1095209 ns
[2022-09-04T17:10:52.870+0000][1][safepoint    ] Safepoint "Cleanup", Time since last: 1002676042 ns, Reaching safepoint: 1293375 ns, At safepoint: 47333 ns, Total: 1340708 ns
[2022-09-04T17:10:53.895+0000][1][safepoint    ] Safepoint "Cleanup", Time since last: 1019843792 ns, Reaching safepoint: 4682209 ns, At safepoint: 289166 ns, Total: 4971375 ns
[2022-09-04T17:10:54.905+0000][1][safepoint    ] Safepoint "Cleanup", Time since last: 1007400459 ns, Reaching safepoint: 3031042 ns, At safepoint: 94833 ns, Total: 3125875 ns
[2022-09-04T17:10:55.915+0000][1][safepoint    ] Safepoint "Cleanup", Time since last: 1006127251 ns, Reaching safepoint: 3524750 ns, At safepoint: 93250 ns, Total: 3618000 ns
[2022-09-04T17:10:56.923+0000][1][safepoint    ] Safepoint "Cleanup", Time since last: 1006307083 ns, Reaching safepoint: 1639292 ns, At safepoint: 37625 ns, Total: 1676917 ns
[2022-09-04T17:10:57.929+0000][1][safepoint    ] Safepoint "Cleanup", Time since last: 1004525959 ns, Reaching safepoint: 1015375 ns, At safepoint: 28292 ns, Total: 1043667 ns
[2022-09-04T17:10:58.934+0000][1][safepoint    ] Safepoint "Cleanup", Time since last: 1002097625 ns, Reaching safepoint: 3020125 ns, At safepoint: 118042 ns, Total: 3138167 ns
[2022-09-04T17:10:59.944+0000][1][safepoint    ] Safepoint "Cleanup", Time since last: 1005013959 ns, Reaching safepoint: 5094250 ns, At safepoint: 119958 ns, Total: 5214208 ns
[2022-09-04T17:11:00.951+0000][1][safepoint    ] Safepoint "Cleanup", Time since last: 1003418250 ns, Reaching safepoint: 3700167 ns, At safepoint: 93500 ns, Total: 3793667 ns
[2022-09-04T17:11:01.960+0000][1][safepoint    ] Safepoint "Cleanup", Time since last: 1005636167 ns, Reaching safepoint: 3080458 ns, At safepoint: 49083 ns, Total: 3129541 ns
[2022-09-04T17:11:02.964+0000][1][safepoint    ] Safepoint "Cleanup", Time since last: 1003666376 ns, Reaching safepoint: 857208 ns, At safepoint: 20959 ns, Total: 878167 ns
[2022-09-04T17:11:03.967+0000][1][safepoint    ] Safepoint "Cleanup", Time since last: 1001680333 ns, Reaching safepoint: 1402459 ns, At safepoint: 35500 ns, Total: 1437959 ns
[2022-09-04T17:11:04.976+0000][1][safepoint    ] Safepoint "Cleanup", Time since last: 1005950750 ns, Reaching safepoint: 2819209 ns, At safepoint: 120083 ns, Total: 2939292 ns
[2022-09-04T17:11:05.981+0000][1][safepoint    ] Safepoint "Cleanup", Time since last: 1003625667 ns, Reaching safepoint: 848958 ns, At safepoint: 22042 ns, Total: 871000 ns
[2022-09-04T17:11:06.990+0000][1][safepoint    ] Safepoint "Cleanup", Time since last: 1004905751 ns, Reaching safepoint: 4382041 ns, At safepoint: 94834 ns, Total: 4476875 ns
[2022-09-04T17:11:07.996+0000][1][safepoint    ] Safepoint "Cleanup", Time since last: 1004567333 ns, Reaching safepoint: 1049875 ns, At safepoint: 25500 ns, Total: 1075375 ns
[2022-09-04T17:11:09.000+0000][1][safepoint    ] Safepoint "Cleanup", Time since last: 1003329626 ns, Reaching safepoint: 1453833 ns, At safepoint: 38250 ns, Total: 1492083 ns
[2022-09-04T17:11:10.007+0000][1][safepoint    ] Safepoint "Cleanup", Time since last: 1004201376 ns, Reaching safepoint: 1960625 ns, At safepoint: 50125 ns, Total: 2010750 ns
[2022-09-04T17:11:11.014+0000][1][safepoint    ] Safepoint "Cleanup", Time since last: 1003457167 ns, Reaching safepoint: 3748208 ns, At safepoint: 104000 ns, Total: 3852208 ns
[2022-09-04T17:11:12.022+0000][1][safepoint    ] Safepoint "Cleanup", Time since last: 1006447042 ns, Reaching safepoint: 1746375 ns, At safepoint: 42042 ns, Total: 1788417 ns
[2022-09-04T17:11:13.028+0000][1][safepoint    ] Safepoint "Cleanup", Time since last: 1004972084 ns, Reaching safepoint: 921166 ns, At safepoint: 23917 ns, Total: 945083 ns
[2022-09-04T17:11:14.031+0000][1][safepoint    ] Safepoint "Cleanup", Time since last: 1001722167 ns, Reaching safepoint: 1415750 ns, At safepoint: 37750 ns, Total: 1453500 ns
[2022-09-04T17:11:15.036+0000][1][safepoint    ] Safepoint "Cleanup", Time since last: 1002128542 ns, Reaching safepoint: 2782000 ns, At safepoint: 48792 ns, Total: 2830792 ns
[2022-09-04T17:11:16.044+0000][1][safepoint    ] Safepoint "Cleanup", Time since last: 1006228667 ns, Reaching safepoint: 1060334 ns, At safepoint: 30125 ns, Total: 1090459 ns
[2022-09-04T17:11:17.048+0000][1][safepoint    ] Safepoint "Cleanup", Time since last: 1002842458 ns, Reaching safepoint: 1199500 ns, At safepoint: 34042 ns, Total: 1233542 ns
[2022-09-04T17:11:18.915+0000][1][safepoint    ] Safepoint "Cleanup", Time since last: 1864038501 ns, Reaching safepoint: 3243875 ns, At safepoint: 370958 ns, Total: 3614833 ns
[2022-09-04T17:11:19.925+0000][1][safepoint    ] Safepoint "Cleanup", Time since last: 1006022292 ns, Reaching safepoint: 3884375 ns, At safepoint: 97417 ns, Total: 3981792 ns
[2022-09-04T17:11:20.934+0000][1][safepoint    ] Safepoint "Cleanup", Time since last: 1005897709 ns, Reaching safepoint: 3199458 ns, At safepoint: 76292 ns, Total: 3275750 ns
[2022-09-04T17:11:21.943+0000][1][safepoint    ] Safepoint "Cleanup", Time since last: 1004307584 ns, Reaching safepoint: 3944791 ns, At safepoint: 88834 ns, Total: 4033625 ns
[2022-09-04T17:11:22.950+0000][1][safepoint    ] Safepoint "Cleanup", Time since last: 1006495709 ns, Reaching safepoint: 810291 ns, At safepoint: 25375 ns, Total: 835666 ns
[2022-09-04T17:11:23.955+0000][1][safepoint    ] Safepoint "Cleanup", Time since last: 1001949167 ns, Reaching safepoint: 2488250 ns, At safepoint: 87250 ns, Total: 2575500 ns
[2022-09-04T17:11:24.987+0000][1][safepoint    ] Safepoint "Cleanup", Time since last: 1005127209 ns, Reaching safepoint: 15701000 ns, At safepoint: 1390833 ns, Total: 17091833 ns
[2022-09-04T17:11:26.012+0000][1][safepoint    ] Safepoint "Cleanup", Time since last: 1034000043 ns, Reaching safepoint: 1535875 ns, At safepoint: 35916 ns, Total: 1571791 ns
[2022-09-04T17:11:27.016+0000][1][safepoint    ] Safepoint "Cleanup", Time since last: 1003007667 ns, Reaching safepoint: 939292 ns, At safepoint: 37625 ns, Total: 976917 ns
[2022-09-04T17:11:28.020+0000][1][safepoint    ] Safepoint "Cleanup", Time since last: 1002613917 ns, Reaching safepoint: 706209 ns, At safepoint: 21666 ns, Total: 727875 ns
[2022-09-04T17:11:29.025+0000][1][safepoint    ] Safepoint "Cleanup", Time since last: 1001922751 ns, Reaching safepoint: 3125750 ns, At safepoint: 94250 ns, Total: 3220000 ns
[2022-09-04T17:11:30.036+0000][1][safepoint    ] Safepoint "Cleanup", Time since last: 1003786125 ns, Reaching safepoint: 7061750 ns, At safepoint: 68709 ns, Total: 7130459 ns
[2022-09-04T17:11:31.043+0000][1][safepoint    ] Safepoint "Cleanup", Time since last: 1002480083 ns, Reaching safepoint: 4243750 ns, At safepoint: 84084 ns, Total: 4327834 ns
[2022-09-04T17:11:32.050+0000][1][safepoint    ] Safepoint "Cleanup", Time since last: 1006069333 ns, Reaching safepoint: 1479750 ns, At safepoint: 93458 ns, Total: 1573208 ns
[2022-09-04T17:11:33.054+0000][1][safepoint    ] Safepoint "Cleanup", Time since last: 1002980251 ns, Reaching safepoint: 771875 ns, At safepoint: 21833 ns, Total: 793708 ns
[2022-09-04T17:11:34.057+0000][1][safepoint    ] Safepoint "Cleanup", Time since last: 1001779584 ns, Reaching safepoint: 1274041 ns, At safepoint: 33375 ns, Total: 1307416 ns
[2022-09-04T17:11:35.060+0000][1][safepoint    ] Safepoint "Cleanup", Time since last: 1002324626 ns, Reaching safepoint: 900667 ns, At safepoint: 20791 ns, Total: 921458 ns
[2022-09-04T17:11:36.063+0000][1][safepoint    ] Safepoint "Cleanup", Time since last: 1002055542 ns, Reaching safepoint: 810625 ns, At safepoint: 21000 ns, Total: 831625 ns
[2022-09-04T17:11:37.068+0000][1][safepoint    ] Safepoint "Cleanup", Time since last: 1002050709 ns, Reaching safepoint: 2781750 ns, At safepoint: 80292 ns, Total: 2862042 ns
[2022-09-04T17:11:38.076+0000][1][safepoint    ] Safepoint "Cleanup", Time since last: 1006777542 ns, Reaching safepoint: 886333 ns, At safepoint: 32500 ns, Total: 918833 ns
[2022-09-04T17:11:39.079+0000][1][safepoint    ] Safepoint "Cleanup", Time since last: 1002868668 ns, Reaching safepoint: 1022666 ns, At safepoint: 31375 ns, Total: 1054041 ns
[2022-09-04T17:11:40.082+0000][1][safepoint    ] Safepoint "Cleanup", Time since last: 1001708584 ns, Reaching safepoint: 1086750 ns, At safepoint: 38125 ns, Total: 1124875 ns
[2022-09-04T17:11:41.089+0000][1][safepoint    ] Safepoint "Cleanup", Time since last: 1002843584 ns, Reaching safepoint: 3329542 ns, At safepoint: 89250 ns, Total: 3418792 ns
[2022-09-04T17:11:42.096+0000][1][safepoint    ] Safepoint "Cleanup", Time since last: 1006341167 ns, Reaching safepoint: 1182416 ns, At safepoint: 31042 ns, Total: 1213458 ns
[2022-09-04T17:11:43.100+0000][1][safepoint    ] Safepoint "Cleanup", Time since last: 1003548834 ns, Reaching safepoint: 729083 ns, At safepoint: 20417 ns, Total: 749500 ns
[2022-09-04T17:11:44.104+0000][1][safepoint    ] Safepoint "Cleanup", Time since last: 1001665167 ns, Reaching safepoint: 1487208 ns, At safepoint: 39000 ns, Total: 1526208 ns
[2022-09-04T17:11:45.110+0000][1][safepoint    ] Safepoint "Cleanup", Time since last: 1003818334 ns, Reaching safepoint: 2679833 ns, At safepoint: 74834 ns, Total: 2754667 ns
[2022-09-04T17:11:46.115+0000][1][safepoint    ] Safepoint "Cleanup", Time since last: 1003399250 ns, Reaching safepoint: 1440084 ns, At safepoint: 35416 ns, Total: 1475500 ns
[2022-09-04T17:11:47.124+0000][1][safepoint    ] Safepoint "Cleanup", Time since last: 1007418917 ns, Reaching safepoint: 1268250 ns, At safepoint: 30042 ns, Total: 1298292 ns
[2022-09-04T17:11:48.127+0000][1][safepoint    ] Safepoint "Cleanup", Time since last: 1002563167 ns, Reaching safepoint: 900750 ns, At safepoint: 22167 ns, Total: 922917 ns
[2022-09-04T17:11:49.131+0000][1][safepoint    ] Safepoint "Cleanup", Time since last: 1002188500 ns, Reaching safepoint: 1251500 ns, At safepoint: 30834 ns, Total: 1282334 ns
[2022-09-04T17:11:50.136+0000][1][safepoint    ] Safepoint "Cleanup", Time since last: 1004033708 ns, Reaching safepoint: 1222875 ns, At safepoint: 33500 ns, Total: 1256375 ns
[2022-09-04T17:11:51.142+0000][1][safepoint    ] Safepoint "Cleanup", Time since last: 1003279793 ns, Reaching safepoint: 2730583 ns, At safepoint: 75708 ns, Total: 2806291 ns
[2022-09-04T17:11:52.149+0000][1][safepoint    ] Safepoint "Cleanup", Time since last: 1004094542 ns, Reaching safepoint: 2346125 ns, At safepoint: 61750 ns, Total: 2407875 ns
[2022-09-04T17:11:53.154+0000][1][safepoint    ] Safepoint "Cleanup", Time since last: 1004495376 ns, Reaching safepoint: 950042 ns, At safepoint: 21750 ns, Total: 971792 ns
[2022-09-04T17:11:54.158+0000][1][safepoint    ] Safepoint "Cleanup", Time since last: 1001968750 ns, Reaching safepoint: 1528875 ns, At safepoint: 184208 ns, Total: 1713083 ns
[2022-09-04T17:11:55.164+0000][1][safepoint    ] Safepoint "Cleanup", Time since last: 1002672251 ns, Reaching safepoint: 3137625 ns, At safepoint: 166000 ns, Total: 3303625 ns
[2022-09-04T17:11:56.170+0000][1][safepoint    ] Safepoint "Cleanup", Time since last: 1004444875 ns, Reaching safepoint: 1291625 ns, At safepoint: 31875 ns, Total: 1323500 ns
[2022-09-04T17:11:57.175+0000][1][safepoint    ] Safepoint "Cleanup", Time since last: 1002301751 ns, Reaching safepoint: 2685000 ns, At safepoint: 72042 ns, Total: 2757042 ns
[2022-09-04T17:11:58.182+0000][1][safepoint    ] Safepoint "Cleanup", Time since last: 1006430542 ns, Reaching safepoint: 860875 ns, At safepoint: 25666 ns, Total: 886541 ns
[2022-09-04T17:11:59.186+0000][1][safepoint    ] Safepoint "Cleanup", Time since last: 1002410876 ns, Reaching safepoint: 1161041 ns, At safepoint: 33167 ns, Total: 1194208 ns
[2022-09-04T17:12:00.189+0000][1][safepoint    ] Safepoint "Cleanup", Time since last: 1001967501 ns, Reaching safepoint: 1020791 ns, At safepoint: 33084 ns, Total: 1053875 ns
[2022-09-04T17:12:01.192+0000][1][safepoint    ] Safepoint "Cleanup", Time since last: 1002038542 ns, Reaching safepoint: 1597250 ns, At safepoint: 45083 ns, Total: 1642333 ns
[2022-09-04T17:12:02.195+0000][1][safepoint    ] Safepoint "Cleanup", Time since last: 1002393416 ns, Reaching safepoint: 1055917 ns, At safepoint: 49792 ns, Total: 1105709 ns
[2022-09-04T17:12:03.199+0000][1][safepoint    ] Safepoint "Cleanup", Time since last: 1002876417 ns, Reaching safepoint: 897708 ns, At safepoint: 21708 ns, Total: 919416 ns
[2022-09-04T17:12:04.202+0000][1][safepoint    ] Safepoint "Cleanup", Time since last: 1002588709 ns, Reaching safepoint: 1021625 ns, At safepoint: 23292 ns, Total: 1044917 ns
[2022-09-04T17:12:05.208+0000][1][safepoint    ] Safepoint "Cleanup", Time since last: 1004039792 ns, Reaching safepoint: 1732417 ns, At safepoint: 43833 ns, Total: 1776250 ns
[2022-09-04T17:12:06.213+0000][1][safepoint    ] Safepoint "Cleanup", Time since last: 1004428917 ns, Reaching safepoint: 879000 ns, At safepoint: 23417 ns, Total: 902417 ns
[2022-09-04T17:12:07.216+0000][1][safepoint    ] Safepoint "Cleanup", Time since last: 1001688709 ns, Reaching safepoint: 1247208 ns, At safepoint: 28125 ns, Total: 1275333 ns
[2022-09-04T17:12:08.220+0000][1][safepoint    ] Safepoint "Cleanup", Time since last: 1002336334 ns, Reaching safepoint: 831291 ns, At safepoint: 21917 ns, Total: 853208 ns
[2022-09-04T17:12:09.154+0000][1][gc,start     ] GC(39) Pause Young (Allocation Failure)
[2022-09-04T17:12:09.161+0000][1][gc,task      ] GC(39) Using 4 workers of 4 for evacuation
[2022-09-04T17:12:09.203+0000][1][gc,age       ] GC(39) Desired survivor size 8945664 bytes, new threshold 6 (max threshold 6)
[2022-09-04T17:12:09.205+0000][1][gc,age       ] GC(39) Age table with threshold 6 (max threshold 6)
[2022-09-04T17:12:09.206+0000][1][gc,age       ] GC(39) - age   1:      10600 bytes,      10600 total
[2022-09-04T17:12:09.207+0000][1][gc,age       ] GC(39) - age   2:       1448 bytes,      12048 total
[2022-09-04T17:12:09.208+0000][1][gc,age       ] GC(39) - age   3:       3112 bytes,      15160 total
[2022-09-04T17:12:09.209+0000][1][gc,age       ] GC(39) - age   4:      73968 bytes,      89128 total
[2022-09-04T17:12:09.210+0000][1][gc,age       ] GC(39) - age   5:       1240 bytes,      90368 total
[2022-09-04T17:12:09.213+0000][1][gc,heap      ] GC(39) ParNew: 139915K->109K(157248K)
[2022-09-04T17:12:09.215+0000][1][gc,heap      ] GC(39) CMS: 67655K->67656K(349568K)
[2022-09-04T17:12:09.216+0000][1][gc,metaspace ] GC(39) Metaspace: 85025K->85025K(1126400K)
[2022-09-04T17:12:09.218+0000][1][gc           ] GC(39) Pause Young (Allocation Failure) 202M->66M(494M) 65.139ms
[2022-09-04T17:12:09.219+0000][1][gc,cpu       ] GC(39) User=0.08s Sys=0.02s Real=0.07s
[2022-09-04T17:12:09.221+0000][1][safepoint    ] Safepoint "GenCollectForAllocation", Time since last: 931143667 ns, Reaching safepoint: 1388584 ns, At safepoint: 68834208 ns, Total: 70222792 ns
[2022-09-04T17:12:10.224+0000][1][safepoint    ] Safepoint "Cleanup", Time since last: 1001831667 ns, Reaching safepoint: 1356333 ns, At safepoint: 50750 ns, Total: 1407083 ns
[2022-09-04T17:12:11.228+0000][1][safepoint    ] Safepoint "Cleanup", Time since last: 1002172043 ns, Reaching safepoint: 1893708 ns, At safepoint: 40167 ns, Total: 1933875 ns
[2022-09-04T17:12:12.232+0000][1][safepoint    ] Safepoint "Cleanup", Time since last: 1002077333 ns, Reaching safepoint: 1986750 ns, At safepoint: 46334 ns, Total: 2033084 ns
[2022-09-04T17:12:13.238+0000][1][safepoint    ] Safepoint "Cleanup", Time since last: 1004744667 ns, Reaching safepoint: 848250 ns, At safepoint: 20917 ns, Total: 869167 ns
[2022-09-04T17:12:14.990+0000][1][safepoint    ] Safepoint "Cleanup", Time since last: 1750498042 ns, Reaching safepoint: 1062125 ns, At safepoint: 28000 ns, Total: 1090125 ns
[2022-09-04T17:12:15.997+0000][1][safepoint    ] Safepoint "Cleanup", Time since last: 1006142834 ns, Reaching safepoint: 1400333 ns, At safepoint: 29042 ns, Total: 1429375 ns
[2022-09-04T17:12:17.002+0000][1][safepoint    ] Safepoint "Cleanup", Time since last: 1003588459 ns, Reaching safepoint: 959833 ns, At safepoint: 27500 ns, Total: 987333 ns
[2022-09-04T17:12:18.005+0000][1][safepoint    ] Safepoint "Cleanup", Time since last: 1002197625 ns, Reaching safepoint: 847709 ns, At safepoint: 48208 ns, Total: 895917 ns
[2022-09-04T17:12:19.009+0000][1][safepoint    ] Safepoint "Cleanup", Time since last: 1001611626 ns, Reaching safepoint: 2770875 ns, At safepoint: 79666 ns, Total: 2850541 ns
[2022-09-04T17:12:20.019+0000][1][safepoint    ] Safepoint "Cleanup", Time since last: 1009064709 ns, Reaching safepoint: 1018167 ns, At safepoint: 27125 ns, Total: 1045292 ns
[2022-09-04T17:12:21.026+0000][1][safepoint    ] Safepoint "Cleanup", Time since last: 1003086584 ns, Reaching safepoint: 3729583 ns, At safepoint: 91750 ns, Total: 3821333 ns
[2022-09-04T17:12:22.032+0000][1][safepoint    ] Safepoint "Cleanup", Time since last: 1005024625 ns, Reaching safepoint: 1042209 ns, At safepoint: 23583 ns, Total: 1065792 ns
[2022-09-04T17:12:23.038+0000][1][safepoint    ] Safepoint "Cleanup", Time since last: 1004378834 ns, Reaching safepoint: 921458 ns, At safepoint: 20500 ns, Total: 941958 ns
[2022-09-04T17:12:24.041+0000][1][safepoint    ] Safepoint "Cleanup", Time since last: 1001818292 ns, Reaching safepoint: 1155542 ns, At safepoint: 35125 ns, Total: 1190667 ns
[2022-09-04T17:12:25.045+0000][1][safepoint    ] Safepoint "Cleanup", Time since last: 1002261126 ns, Reaching safepoint: 2060958 ns, At safepoint: 41250 ns, Total: 2102208 ns
[2022-09-04T17:12:26.051+0000][1][safepoint    ] Safepoint "Cleanup", Time since last: 1003168084 ns, Reaching safepoint: 2147041 ns, At safepoint: 41417 ns, Total: 2188458 ns
[2022-09-04T17:12:27.057+0000][1][safepoint    ] Safepoint "Cleanup", Time since last: 1003399917 ns, Reaching safepoint: 2910708 ns, At safepoint: 190834 ns, Total: 3101542 ns
[2022-09-04T17:12:28.063+0000][1][safepoint    ] Safepoint "Cleanup", Time since last: 1005375375 ns, Reaching safepoint: 906084 ns, At safepoint: 19500 ns, Total: 925584 ns
[2022-09-04T17:12:29.066+0000][1][safepoint    ] Safepoint "Cleanup", Time since last: 1001903417 ns, Reaching safepoint: 941333 ns, At safepoint: 39000 ns, Total: 980333 ns
[2022-09-04T17:12:30.069+0000][1][safepoint    ] Safepoint "Cleanup", Time since last: 1001710917 ns, Reaching safepoint: 791625 ns, At safepoint: 21667 ns, Total: 813292 ns
[2022-09-04T17:12:31.073+0000][1][safepoint    ] Safepoint "Cleanup", Time since last: 1001539417 ns, Reaching safepoint: 2947667 ns, At safepoint: 47708 ns, Total: 2995375 ns
[2022-09-04T17:12:32.080+0000][1][safepoint    ] Safepoint "Cleanup", Time since last: 1004915833 ns, Reaching safepoint: 1601333 ns, At safepoint: 42209 ns, Total: 1643542 ns
[2022-09-04T17:12:33.085+0000][1][safepoint    ] Safepoint "Cleanup", Time since last: 1004249042 ns, Reaching safepoint: 917958 ns, At safepoint: 22583 ns, Total: 940541 ns
[2022-09-04T17:12:34.261+0000][1][safepoint    ] Safepoint "Cleanup", Time since last: 1175777709 ns, Reaching safepoint: 783084 ns, At safepoint: 21791 ns, Total: 804875 ns
[2022-09-04T17:12:35.268+0000][1][safepoint    ] Safepoint "Cleanup", Time since last: 1005398084 ns, Reaching safepoint: 1228958 ns, At safepoint: 30500 ns, Total: 1259458 ns
[2022-09-04T17:12:36.271+0000][1][safepoint    ] Safepoint "Cleanup", Time since last: 1002007876 ns, Reaching safepoint: 843167 ns, At safepoint: 24166 ns, Total: 867333 ns
[2022-09-04T17:12:37.273+0000][1][safepoint    ] Safepoint "Cleanup", Time since last: 1001465834 ns, Reaching safepoint: 1025958 ns, At safepoint: 25375 ns, Total: 1051333 ns
[2022-09-04T17:12:38.277+0000][1][safepoint    ] Safepoint "Cleanup", Time since last: 1002936209 ns, Reaching safepoint: 816375 ns, At safepoint: 21709 ns, Total: 838084 ns
[2022-09-04T17:12:39.280+0000][1][safepoint    ] Safepoint "Cleanup", Time since last: 1001930083 ns, Reaching safepoint: 1315584 ns, At safepoint: 33000 ns, Total: 1348584 ns
[2022-09-04T17:12:40.284+0000][1][safepoint    ] Safepoint "Cleanup", Time since last: 1002466875 ns, Reaching safepoint: 825708 ns, At safepoint: 22125 ns, Total: 847833 ns
[2022-09-04T17:12:41.288+0000][1][safepoint    ] Safepoint "Cleanup", Time since last: 1002794751 ns, Reaching safepoint: 1175208 ns, At safepoint: 29375 ns, Total: 1204583 ns
[2022-09-04T17:12:42.291+0000][1][safepoint    ] Safepoint "Cleanup", Time since last: 1002661542 ns, Reaching safepoint: 821459 ns, At safepoint: 26291 ns, Total: 847750 ns
[2022-09-04T17:12:43.295+0000][1][safepoint    ] Safepoint "Cleanup", Time since last: 1002332001 ns, Reaching safepoint: 1070083 ns, At safepoint: 24000 ns, Total: 1094083 ns
[2022-09-04T17:12:44.298+0000][1][safepoint    ] Safepoint "Cleanup", Time since last: 1001783751 ns, Reaching safepoint: 1161291 ns, At safepoint: 27000 ns, Total: 1188291 ns
[2022-09-04T17:12:45.302+0000][1][safepoint    ] Safepoint "Cleanup", Time since last: 1003714168 ns, Reaching safepoint: 1027375 ns, At safepoint: 22875 ns, Total: 1050250 ns
[2022-09-04T17:12:46.306+0000][1][safepoint    ] Safepoint "Cleanup", Time since last: 1001770792 ns, Reaching safepoint: 1615833 ns, At safepoint: 39750 ns, Total: 1655583 ns
[2022-09-04T17:12:47.311+0000][1][safepoint    ] Safepoint "Cleanup", Time since last: 1003913042 ns, Reaching safepoint: 1204500 ns, At safepoint: 30875 ns, Total: 1235375 ns
[2022-09-04T17:12:48.318+0000][1][safepoint    ] Safepoint "Cleanup", Time since last: 1006564709 ns, Reaching safepoint: 945000 ns, At safepoint: 25500 ns, Total: 970500 ns
[2022-09-04T17:12:49.321+0000][1][safepoint    ] Safepoint "Cleanup", Time since last: 1002011167 ns, Reaching safepoint: 934708 ns, At safepoint: 24834 ns, Total: 959542 ns
[2022-09-04T17:12:50.326+0000][1][safepoint    ] Safepoint "Cleanup", Time since last: 1001823250 ns, Reaching safepoint: 2537500 ns, At safepoint: 62959 ns, Total: 2600459 ns
[2022-09-04T17:12:51.334+0000][1][safepoint    ] Safepoint "Cleanup", Time since last: 1005208167 ns, Reaching safepoint: 2615416 ns, At safepoint: 71250 ns, Total: 2686666 ns
[2022-09-04T17:12:52.339+0000][1][safepoint    ] Safepoint "Cleanup", Time since last: 1003873043 ns, Reaching safepoint: 802000 ns, At safepoint: 42708 ns, Total: 844708 ns
[2022-09-04T17:12:53.341+0000][1][safepoint    ] Safepoint "Cleanup", Time since last: 1001788875 ns, Reaching safepoint: 927959 ns, At safepoint: 25416 ns, Total: 953375 ns
[2022-09-04T17:12:54.345+0000][1][safepoint    ] Safepoint "Cleanup", Time since last: 1001927334 ns, Reaching safepoint: 1456875 ns, At safepoint: 37834 ns, Total: 1494709 ns
[2022-09-04T17:12:55.350+0000][1][safepoint    ] Safepoint "Cleanup", Time since last: 1003069208 ns, Reaching safepoint: 1934000 ns, At safepoint: 58667 ns, Total: 1992667 ns
[2022-09-04T17:12:56.357+0000][1][safepoint    ] Safepoint "Cleanup", Time since last: 1004661792 ns, Reaching safepoint: 2676542 ns, At safepoint: 89750 ns, Total: 2766292 ns
[2022-09-04T17:12:57.368+0000][1][safepoint    ] Safepoint "Cleanup", Time since last: 1007841250 ns, Reaching safepoint: 2409084 ns, At safepoint: 64000 ns, Total: 2473084 ns
[2022-09-04T17:12:58.375+0000][1][safepoint    ] Safepoint "Cleanup", Time since last: 1006578000 ns, Reaching safepoint: 1104500 ns, At safepoint: 28583 ns, Total: 1133083 ns
[2022-09-04T17:12:59.385+0000][1][safepoint    ] Safepoint "Cleanup", Time since last: 1006480834 ns, Reaching safepoint: 3016959 ns, At safepoint: 77833 ns, Total: 3094792 ns
[2022-09-04T17:13:00.392+0000][1][safepoint    ] Safepoint "Cleanup", Time since last: 1006036125 ns, Reaching safepoint: 868125 ns, At safepoint: 23500 ns, Total: 891625 ns
[2022-09-04T17:13:01.397+0000][1][safepoint    ] Safepoint "Cleanup", Time since last: 1002368376 ns, Reaching safepoint: 3062083 ns, At safepoint: 85375 ns, Total: 3147458 ns
[2022-09-04T17:13:02.406+0000][1][safepoint    ] Safepoint "Cleanup", Time since last: 1005438042 ns, Reaching safepoint: 3767750 ns, At safepoint: 103625 ns, Total: 3871375 ns
[2022-09-04T17:13:03.414+0000][1][safepoint    ] Safepoint "Cleanup", Time since last: 1006972292 ns, Reaching safepoint: 888084 ns, At safepoint: 26375 ns, Total: 914459 ns
[2022-09-04T17:13:04.418+0000][1][safepoint    ] Safepoint "Cleanup", Time since last: 1001841125 ns, Reaching safepoint: 2168500 ns, At safepoint: 49083 ns, Total: 2217583 ns
[2022-09-04T17:13:05.425+0000][1][safepoint    ] Safepoint "Cleanup", Time since last: 1004045834 ns, Reaching safepoint: 2905167 ns, At safepoint: 74666 ns, Total: 2979833 ns
[2022-09-04T17:13:06.470+0000][1][safepoint    ] Safepoint "RevokeBias", Time since last: 1043317668 ns, Reaching safepoint: 810125 ns, At safepoint: 1196000 ns, Total: 2006125 ns
[2022-09-04T17:13:06.540+0000][1][safepoint    ] Safepoint "RevokeBias", Time since last: 67940041 ns, Reaching safepoint: 1271042 ns, At safepoint: 193792 ns, Total: 1464834 ns
[2022-09-04T17:13:07.546+0000][1][safepoint    ] Safepoint "Cleanup", Time since last: 1004968333 ns, Reaching safepoint: 1565834 ns, At safepoint: 33875 ns, Total: 1599709 ns
[2022-09-04T17:13:08.551+0000][1][safepoint    ] Safepoint "Cleanup", Time since last: 1003986042 ns, Reaching safepoint: 919708 ns, At safepoint: 28084 ns, Total: 947792 ns
[2022-09-04T17:13:09.554+0000][1][safepoint    ] Safepoint "Cleanup", Time since last: 1001672042 ns, Reaching safepoint: 1341625 ns, At safepoint: 31416 ns, Total: 1373041 ns
[2022-09-04T17:13:10.559+0000][1][safepoint    ] Safepoint "Cleanup", Time since last: 1003262251 ns, Reaching safepoint: 1163708 ns, At safepoint: 24792 ns, Total: 1188500 ns
[2022-09-04T17:13:11.562+0000][1][safepoint    ] Safepoint "Cleanup", Time since last: 1001727417 ns, Reaching safepoint: 1499458 ns, At safepoint: 34375 ns, Total: 1533833 ns
[2022-09-04T17:13:12.567+0000][1][safepoint    ] Safepoint "Cleanup", Time since last: 1002084626 ns, Reaching safepoint: 3252917 ns, At safepoint: 132750 ns, Total: 3385667 ns
[2022-09-04T17:13:13.572+0000][1][safepoint    ] Safepoint "Cleanup", Time since last: 1003328875 ns, Reaching safepoint: 997000 ns, At safepoint: 25125 ns, Total: 1022125 ns
[2022-09-04T17:13:14.578+0000][1][safepoint    ] Safepoint "Cleanup", Time since last: 1002813501 ns, Reaching safepoint: 3133583 ns, At safepoint: 89458 ns, Total: 3223041 ns
[2022-09-04T17:13:15.592+0000][1][safepoint    ] Safepoint "Cleanup", Time since last: 1009983459 ns, Reaching safepoint: 4006000 ns, At safepoint: 70875 ns, Total: 4076875 ns
[2022-09-04T17:13:16.601+0000][1][safepoint    ] Safepoint "Cleanup", Time since last: 1005728042 ns, Reaching safepoint: 2964167 ns, At safepoint: 81416 ns, Total: 3045583 ns
[2022-09-04T17:13:17.610+0000][1][safepoint    ] Safepoint "Cleanup", Time since last: 1006527959 ns, Reaching safepoint: 2853000 ns, At safepoint: 110334 ns, Total: 2963334 ns
[2022-09-04T17:13:18.617+0000][1][safepoint    ] Safepoint "Cleanup", Time since last: 1005816417 ns, Reaching safepoint: 1402750 ns, At safepoint: 32291 ns, Total: 1435041 ns
[2022-09-04T17:13:19.624+0000][1][safepoint    ] Safepoint "Cleanup", Time since last: 1002618126 ns, Reaching safepoint: 3598208 ns, At safepoint: 105709 ns, Total: 3703917 ns
[2022-09-04T17:13:20.629+0000][1][safepoint    ] Safepoint "Cleanup", Time since last: 1004062208 ns, Reaching safepoint: 1611375 ns, At safepoint: 38000 ns, Total: 1649375 ns
[2022-09-04T17:13:21.635+0000][1][safepoint    ] Safepoint "Cleanup", Time since last: 1003264626 ns, Reaching safepoint: 2353375 ns, At safepoint: 136458 ns, Total: 2489833 ns
[2022-09-04T17:13:22.644+0000][1][safepoint    ] Safepoint "Cleanup", Time since last: 1005288959 ns, Reaching safepoint: 2968500 ns, At safepoint: 82875 ns, Total: 3051375 ns
[2022-09-04T17:13:23.650+0000][1][safepoint    ] Safepoint "Cleanup", Time since last: 1005394792 ns, Reaching safepoint: 1112959 ns, At safepoint: 53750 ns, Total: 1166709 ns
[2022-09-04T17:13:24.656+0000][1][safepoint    ] Safepoint "Cleanup", Time since last: 1004056833 ns, Reaching safepoint: 1514209 ns, At safepoint: 46416 ns, Total: 1560625 ns
[2022-09-04T17:13:25.632+0000][1][safepoint    ] Safepoint "RevokeBias", Time since last: 975657001 ns, Reaching safepoint: 932375 ns, At safepoint: 162750 ns, Total: 1095125 ns
[2022-09-04T17:13:25.637+0000][1][safepoint    ] Safepoint "RevokeBias", Time since last: 3881291 ns, Reaching safepoint: 458084 ns, At safepoint: 92166 ns, Total: 550250 ns
[2022-09-04T17:13:25.662+0000][1][safepoint    ] Safepoint "RevokeBias", Time since last: 24402417 ns, Reaching safepoint: 864375 ns, At safepoint: 144083 ns, Total: 1008458 ns
[2022-09-04T17:13:25.676+0000][1][safepoint    ] Safepoint "RevokeBias", Time since last: 11962625 ns, Reaching safepoint: 1413750 ns, At safepoint: 127375 ns, Total: 1541125 ns
[2022-09-04T17:13:26.684+0000][1][safepoint    ] Safepoint "Cleanup", Time since last: 1006588793 ns, Reaching safepoint: 2042958 ns, At safepoint: 45167 ns, Total: 2088125 ns
[2022-09-04T17:13:27.691+0000][1][safepoint    ] Safepoint "Cleanup", Time since last: 1005205042 ns, Reaching safepoint: 1553333 ns, At safepoint: 96167 ns, Total: 1649500 ns
[2022-09-04T17:13:28.695+0000][1][safepoint    ] Safepoint "Cleanup", Time since last: 1002539625 ns, Reaching safepoint: 1041959 ns, At safepoint: 40916 ns, Total: 1082875 ns
[2022-09-04T17:13:29.699+0000][1][safepoint    ] Safepoint "Cleanup", Time since last: 1001926542 ns, Reaching safepoint: 1688625 ns, At safepoint: 47625 ns, Total: 1736250 ns
[2022-09-04T17:13:30.703+0000][1][safepoint    ] Safepoint "Cleanup", Time since last: 1003059876 ns, Reaching safepoint: 958958 ns, At safepoint: 21917 ns, Total: 980875 ns
[2022-09-04T17:13:31.707+0000][1][safepoint    ] Safepoint "Cleanup", Time since last: 1001672416 ns, Reaching safepoint: 2991000 ns, At safepoint: 95250 ns, Total: 3086250 ns
[2022-09-04T17:13:32.711+0000][1][safepoint    ] Safepoint "Cleanup", Time since last: 1002535584 ns, Reaching safepoint: 1227875 ns, At safepoint: 46208 ns, Total: 1274083 ns
[2022-09-04T17:13:33.714+0000][1][safepoint    ] Safepoint "Cleanup", Time since last: 1002421501 ns, Reaching safepoint: 943916 ns, At safepoint: 28584 ns, Total: 972500 ns
[2022-09-04T17:13:34.718+0000][1][safepoint    ] Safepoint "Cleanup", Time since last: 1002286000 ns, Reaching safepoint: 1444833 ns, At safepoint: 36584 ns, Total: 1481417 ns
[2022-09-04T17:13:35.722+0000][1][safepoint    ] Safepoint "Cleanup", Time since last: 1003541000 ns, Reaching safepoint: 971125 ns, At safepoint: 41459 ns, Total: 1012584 ns
[2022-09-04T17:13:36.727+0000][1][safepoint    ] Safepoint "Cleanup", Time since last: 1003177750 ns, Reaching safepoint: 1003250 ns, At safepoint: 24375 ns, Total: 1027625 ns
[2022-09-04T17:13:37.731+0000][1][safepoint    ] Safepoint "Cleanup", Time since last: 1003283542 ns, Reaching safepoint: 1070250 ns, At safepoint: 32000 ns, Total: 1102250 ns
[2022-09-04T17:13:38.735+0000][1][safepoint    ] Safepoint "Cleanup", Time since last: 1002651667 ns, Reaching safepoint: 1044084 ns, At safepoint: 29041 ns, Total: 1073125 ns
[2022-09-04T17:13:39.739+0000][1][safepoint    ] Safepoint "Cleanup", Time since last: 1003690584 ns, Reaching safepoint: 908167 ns, At safepoint: 22583 ns, Total: 930750 ns
[2022-09-04T17:13:40.742+0000][1][safepoint    ] Safepoint "Cleanup", Time since last: 1001880959 ns, Reaching safepoint: 961208 ns, At safepoint: 42250 ns, Total: 1003458 ns
[2022-09-04T17:13:41.746+0000][1][safepoint    ] Safepoint "Cleanup", Time since last: 1001992751 ns, Reaching safepoint: 1802041 ns, At safepoint: 51875 ns, Total: 1853916 ns
[2022-09-04T17:13:42.751+0000][1][safepoint    ] Safepoint "Cleanup", Time since last: 1003744126 ns, Reaching safepoint: 1368625 ns, At safepoint: 34000 ns, Total: 1402625 ns
[2022-09-04T17:13:43.760+0000][1][safepoint    ] Safepoint "Cleanup", Time since last: 1007597000 ns, Reaching safepoint: 992292 ns, At safepoint: 24417 ns, Total: 1016709 ns
[2022-09-04T17:13:44.765+0000][1][safepoint    ] Safepoint "Cleanup", Time since last: 1001915334 ns, Reaching safepoint: 2874541 ns, At safepoint: 77167 ns, Total: 2951708 ns
[2022-09-04T17:13:45.773+0000][1][safepoint    ] Safepoint "Cleanup", Time since last: 1005180084 ns, Reaching safepoint: 3208041 ns, At safepoint: 70667 ns, Total: 3278708 ns
[2022-09-04T17:13:46.780+0000][1][safepoint    ] Safepoint "Cleanup", Time since last: 1005070917 ns, Reaching safepoint: 1732792 ns, At safepoint: 51958 ns, Total: 1784750 ns
[2022-09-04T17:13:47.787+0000][1][safepoint    ] Safepoint "Cleanup", Time since last: 1003670584 ns, Reaching safepoint: 3502542 ns, At safepoint: 105791 ns, Total: 3608333 ns
[2022-09-04T17:13:48.797+0000][1][safepoint    ] Safepoint "Cleanup", Time since last: 1007625834 ns, Reaching safepoint: 1753584 ns, At safepoint: 43833 ns, Total: 1797417 ns
[2022-09-04T17:13:49.802+0000][1][safepoint    ] Safepoint "Cleanup", Time since last: 1004109334 ns, Reaching safepoint: 1429708 ns, At safepoint: 41375 ns, Total: 1471083 ns
[2022-09-04T17:13:50.806+0000][1][safepoint    ] Safepoint "Cleanup", Time since last: 1002419250 ns, Reaching safepoint: 896709 ns, At safepoint: 28875 ns, Total: 925584 ns
[2022-09-04T17:13:51.814+0000][1][safepoint    ] Safepoint "Cleanup", Time since last: 1005443709 ns, Reaching safepoint: 2634791 ns, At safepoint: 72000 ns, Total: 2706791 ns
[2022-09-04T17:13:52.821+0000][1][safepoint    ] Safepoint "Cleanup", Time since last: 1004219417 ns, Reaching safepoint: 2366250 ns, At safepoint: 93459 ns, Total: 2459709 ns
[2022-09-04T17:13:53.826+0000][1][safepoint    ] Safepoint "Cleanup", Time since last: 1003829334 ns, Reaching safepoint: 1167625 ns, At safepoint: 27208 ns, Total: 1194833 ns
[2022-09-04T17:13:54.829+0000][1][safepoint    ] Safepoint "Cleanup", Time since last: 1002799209 ns, Reaching safepoint: 1011583 ns, At safepoint: 25292 ns, Total: 1036875 ns
[2022-09-04T17:13:55.834+0000][1][safepoint    ] Safepoint "Cleanup", Time since last: 1003173959 ns, Reaching safepoint: 921583 ns, At safepoint: 24125 ns, Total: 945708 ns
[2022-09-04T17:13:56.837+0000][1][safepoint    ] Safepoint "Cleanup", Time since last: 1002247375 ns, Reaching safepoint: 970542 ns, At safepoint: 34792 ns, Total: 1005334 ns
[2022-09-04T17:13:57.844+0000][1][safepoint    ] Safepoint "Cleanup", Time since last: 1005918500 ns, Reaching safepoint: 1601209 ns, At safepoint: 57416 ns, Total: 1658625 ns
[2022-09-04T17:13:58.852+0000][1][safepoint    ] Safepoint "Cleanup", Time since last: 1006403584 ns, Reaching safepoint: 1026958 ns, At safepoint: 24834 ns, Total: 1051792 ns
[2022-09-04T17:13:59.856+0000][1][safepoint    ] Safepoint "Cleanup", Time since last: 1002057583 ns, Reaching safepoint: 1795209 ns, At safepoint: 64708 ns, Total: 1859917 ns
[2022-09-04T17:14:00.861+0000][1][safepoint    ] Safepoint "Cleanup", Time since last: 1004764167 ns, Reaching safepoint: 943209 ns, At safepoint: 33916 ns, Total: 977125 ns
[2022-09-04T17:14:01.866+0000][1][safepoint    ] Safepoint "Cleanup", Time since last: 1002781625 ns, Reaching safepoint: 2053292 ns, At safepoint: 51000 ns, Total: 2104292 ns
[2022-09-04T17:14:02.876+0000][1][safepoint    ] Safepoint "Cleanup", Time since last: 1008430084 ns, Reaching safepoint: 2045166 ns, At safepoint: 74209 ns, Total: 2119375 ns
[2022-09-04T17:14:03.882+0000][1][safepoint    ] Safepoint "Cleanup", Time since last: 1004135708 ns, Reaching safepoint: 1059000 ns, At safepoint: 29792 ns, Total: 1088792 ns
[2022-09-04T17:14:04.887+0000][1][safepoint    ] Safepoint "Cleanup", Time since last: 1003665751 ns, Reaching safepoint: 1763958 ns, At safepoint: 98250 ns, Total: 1862208 ns
[2022-09-04T17:14:05.891+0000][1][safepoint    ] Safepoint "Cleanup", Time since last: 1002587042 ns, Reaching safepoint: 1599917 ns, At safepoint: 35291 ns, Total: 1635208 ns
[2022-09-04T17:14:06.895+0000][1][safepoint    ] Safepoint "Cleanup", Time since last: 1002401668 ns, Reaching safepoint: 1289125 ns, At safepoint: 55083 ns, Total: 1344208 ns
[2022-09-04T17:14:07.900+0000][1][safepoint    ] Safepoint "Cleanup", Time since last: 1003028334 ns, Reaching safepoint: 1428875 ns, At safepoint: 70583 ns, Total: 1499458 ns
[2022-09-04T17:14:08.905+0000][1][safepoint    ] Safepoint "Cleanup", Time since last: 1003972250 ns, Reaching safepoint: 1431042 ns, At safepoint: 67000 ns, Total: 1498042 ns
[2022-09-04T17:14:09.912+0000][1][safepoint    ] Safepoint "Cleanup", Time since last: 1003196876 ns, Reaching safepoint: 3718458 ns, At safepoint: 172917 ns, Total: 3891375 ns
[2022-09-04T17:14:10.919+0000][1][safepoint    ] Safepoint "Cleanup", Time since last: 1005258833 ns, Reaching safepoint: 1566959 ns, At safepoint: 181875 ns, Total: 1748834 ns
[2022-09-04T17:14:11.925+0000][1][safepoint    ] Safepoint "Cleanup", Time since last: 1002822167 ns, Reaching safepoint: 3036333 ns, At safepoint: 100959 ns, Total: 3137292 ns
[2022-09-04T17:14:12.931+0000][1][safepoint    ] Safepoint "Cleanup", Time since last: 1004785083 ns, Reaching safepoint: 1052584 ns, At safepoint: 28916 ns, Total: 1081500 ns
[2022-09-04T17:14:13.936+0000][1][safepoint    ] Safepoint "Cleanup", Time since last: 1003618709 ns, Reaching safepoint: 1307292 ns, At safepoint: 37292 ns, Total: 1344584 ns
[2022-09-04T17:14:14.944+0000][1][safepoint    ] Safepoint "Cleanup", Time since last: 1005216500 ns, Reaching safepoint: 2909542 ns, At safepoint: 68958 ns, Total: 2978500 ns
[2022-09-04T17:14:15.951+0000][1][safepoint    ] Safepoint "Cleanup", Time since last: 1003714084 ns, Reaching safepoint: 2934666 ns, At safepoint: 78792 ns, Total: 3013458 ns
[2022-09-04T17:14:16.959+0000][1][safepoint    ] Safepoint "Cleanup", Time since last: 1005382501 ns, Reaching safepoint: 2376416 ns, At safepoint: 91250 ns, Total: 2467666 ns
[2022-09-04T17:14:17.966+0000][1][safepoint    ] Safepoint "Cleanup", Time since last: 1006707501 ns, Reaching safepoint: 894875 ns, At safepoint: 25916 ns, Total: 920791 ns
[2022-09-04T17:14:18.970+0000][1][safepoint    ] Safepoint "Cleanup", Time since last: 1002010418 ns, Reaching safepoint: 1353208 ns, At safepoint: 32667 ns, Total: 1385875 ns
[2022-09-04T17:14:19.975+0000][1][safepoint    ] Safepoint "Cleanup", Time since last: 1003805333 ns, Reaching safepoint: 930417 ns, At safepoint: 22625 ns, Total: 953042 ns
[2022-09-04T17:14:20.980+0000][1][safepoint    ] Safepoint "Cleanup", Time since last: 1002028501 ns, Reaching safepoint: 2969916 ns, At safepoint: 76917 ns, Total: 3046833 ns
[2022-09-04T17:14:21.986+0000][1][safepoint    ] Safepoint "Cleanup", Time since last: 1004952709 ns, Reaching safepoint: 1180708 ns, At safepoint: 27500 ns, Total: 1208208 ns
[2022-09-04T17:14:22.990+0000][1][safepoint    ] Safepoint "Cleanup", Time since last: 1002953876 ns, Reaching safepoint: 940875 ns, At safepoint: 22708 ns, Total: 963583 ns
[2022-09-04T17:14:23.993+0000][1][safepoint    ] Safepoint "Cleanup", Time since last: 1002616334 ns, Reaching safepoint: 1001250 ns, At safepoint: 27000 ns, Total: 1028250 ns
[2022-09-04T17:14:25.000+0000][1][safepoint    ] Safepoint "Cleanup", Time since last: 1002131750 ns, Reaching safepoint: 3734333 ns, At safepoint: 212834 ns, Total: 3947167 ns
[2022-09-04T17:14:26.005+0000][1][safepoint    ] Safepoint "Cleanup", Time since last: 1004554250 ns, Reaching safepoint: 1411375 ns, At safepoint: 36875 ns, Total: 1448250 ns
[2022-09-04T17:14:27.013+0000][1][safepoint    ] Safepoint "Cleanup", Time since last: 1003944209 ns, Reaching safepoint: 3517458 ns, At safepoint: 77667 ns, Total: 3595125 ns
[2022-09-04T17:14:28.018+0000][1][safepoint    ] Safepoint "Cleanup", Time since last: 1004315334 ns, Reaching safepoint: 882083 ns, At safepoint: 45167 ns, Total: 927250 ns
[2022-09-04T17:14:29.022+0000][1][safepoint    ] Safepoint "Cleanup", Time since last: 1002146625 ns, Reaching safepoint: 1685125 ns, At safepoint: 176417 ns, Total: 1861542 ns
[2022-09-04T17:14:30.026+0000][1][safepoint    ] Safepoint "Cleanup", Time since last: 1002675667 ns, Reaching safepoint: 1309792 ns, At safepoint: 31792 ns, Total: 1341584 ns
[2022-09-04T17:14:31.030+0000][1][safepoint    ] Safepoint "Cleanup", Time since last: 1002367583 ns, Reaching safepoint: 1427375 ns, At safepoint: 34709 ns, Total: 1462084 ns
[2022-09-04T17:14:32.034+0000][1][safepoint    ] Safepoint "Cleanup", Time since last: 1002707500 ns, Reaching safepoint: 1244208 ns, At safepoint: 37583 ns, Total: 1281791 ns
[2022-09-04T17:14:33.047+0000][1][safepoint    ] Safepoint "Cleanup", Time since last: 1012907626 ns, Reaching safepoint: 945250 ns, At safepoint: 26625 ns, Total: 971875 ns
[2022-09-04T17:14:34.051+0000][1][safepoint    ] Safepoint "Cleanup", Time since last: 1001887958 ns, Reaching safepoint: 1363417 ns, At safepoint: 29542 ns, Total: 1392959 ns
[2022-09-04T17:14:35.055+0000][1][safepoint    ] Safepoint "Cleanup", Time since last: 1001681584 ns, Reaching safepoint: 2396333 ns, At safepoint: 182625 ns, Total: 2578958 ns
[2022-09-04T17:14:36.060+0000][1][safepoint    ] Safepoint "Cleanup", Time since last: 1003559750 ns, Reaching safepoint: 1409125 ns, At safepoint: 36750 ns, Total: 1445875 ns
[2022-09-04T17:14:37.064+0000][1][safepoint    ] Safepoint "Cleanup", Time since last: 1002287334 ns, Reaching safepoint: 1720792 ns, At safepoint: 45333 ns, Total: 1766125 ns
[2022-09-04T17:14:38.070+0000][1][safepoint    ] Safepoint "Cleanup", Time since last: 1005067042 ns, Reaching safepoint: 910584 ns, At safepoint: 22750 ns, Total: 933334 ns
[2022-09-04T17:14:39.073+0000][1][safepoint    ] Safepoint "Cleanup", Time since last: 1001602917 ns, Reaching safepoint: 1269667 ns, At safepoint: 38250 ns, Total: 1307917 ns
[2022-09-04T17:14:40.077+0000][1][safepoint    ] Safepoint "Cleanup", Time since last: 1003518500 ns, Reaching safepoint: 920708 ns, At safepoint: 21209 ns, Total: 941917 ns
[2022-09-04T17:14:41.083+0000][1][safepoint    ] Safepoint "Cleanup", Time since last: 1004882709 ns, Reaching safepoint: 1045666 ns, At safepoint: 30209 ns, Total: 1075875 ns
[2022-09-04T17:14:42.088+0000][1][safepoint    ] Safepoint "Cleanup", Time since last: 1003795667 ns, Reaching safepoint: 875916 ns, At safepoint: 21625 ns, Total: 897541 ns
[2022-09-04T17:14:43.091+0000][1][safepoint    ] Safepoint "Cleanup", Time since last: 1001602834 ns, Reaching safepoint: 844042 ns, At safepoint: 23708 ns, Total: 867750 ns
[2022-09-04T17:14:44.093+0000][1][safepoint    ] Safepoint "Cleanup", Time since last: 1001708251 ns, Reaching safepoint: 809125 ns, At safepoint: 23083 ns, Total: 832208 ns
[2022-09-04T17:14:45.098+0000][1][safepoint    ] Safepoint "Cleanup", Time since last: 1002195584 ns, Reaching safepoint: 2616875 ns, At safepoint: 67333 ns, Total: 2684208 ns
[2022-09-04T17:14:46.106+0000][1][safepoint    ] Safepoint "Cleanup", Time since last: 1005928126 ns, Reaching safepoint: 1725208 ns, At safepoint: 41292 ns, Total: 1766500 ns
[2022-09-04T17:14:47.111+0000][1][safepoint    ] Safepoint "Cleanup", Time since last: 1004036042 ns, Reaching safepoint: 1366458 ns, At safepoint: 34875 ns, Total: 1401333 ns
[2022-09-04T17:14:48.115+0000][1][safepoint    ] Safepoint "Cleanup", Time since last: 1003514751 ns, Reaching safepoint: 787375 ns, At safepoint: 23250 ns, Total: 810625 ns
[2022-09-04T17:14:49.723+0000][1][safepoint    ] Safepoint "Cleanup", Time since last: 1606587417 ns, Reaching safepoint: 1338875 ns, At safepoint: 35500 ns, Total: 1374375 ns
[2022-09-04T17:14:50.726+0000][1][safepoint    ] Safepoint "Cleanup", Time since last: 1001816167 ns, Reaching safepoint: 1119625 ns, At safepoint: 27708 ns, Total: 1147333 ns
[2022-09-04T17:14:51.730+0000][1][safepoint    ] Safepoint "Cleanup", Time since last: 1002670543 ns, Reaching safepoint: 1162250 ns, At safepoint: 29041 ns, Total: 1191291 ns
[2022-09-04T17:14:52.734+0000][1][safepoint    ] Safepoint "Cleanup", Time since last: 1001887751 ns, Reaching safepoint: 1412250 ns, At safepoint: 51791 ns, Total: 1464041 ns
[2022-09-04T17:14:53.737+0000][1][safepoint    ] Safepoint "Cleanup", Time since last: 1002904168 ns, Reaching safepoint: 901375 ns, At safepoint: 25333 ns, Total: 926708 ns
[2022-09-04T17:14:54.740+0000][1][safepoint    ] Safepoint "Cleanup", Time since last: 1001656500 ns, Reaching safepoint: 1257417 ns, At safepoint: 42917 ns, Total: 1300334 ns
[2022-09-04T17:14:55.745+0000][1][safepoint    ] Safepoint "Cleanup", Time since last: 1003515750 ns, Reaching safepoint: 1222583 ns, At safepoint: 28959 ns, Total: 1251542 ns
[2022-09-04T17:14:56.750+0000][1][safepoint    ] Safepoint "Cleanup", Time since last: 1003817750 ns, Reaching safepoint: 1122584 ns, At safepoint: 25583 ns, Total: 1148167 ns
[2022-09-04T17:14:57.755+0000][1][safepoint    ] Safepoint "Cleanup", Time since last: 1004068417 ns, Reaching safepoint: 1276000 ns, At safepoint: 34458 ns, Total: 1310458 ns
[2022-09-04T17:14:58.759+0000][1][safepoint    ] Safepoint "Cleanup", Time since last: 1003121043 ns, Reaching safepoint: 873458 ns, At safepoint: 51417 ns, Total: 924875 ns
[2022-09-04T17:14:59.764+0000][1][safepoint    ] Safepoint "Cleanup", Time since last: 1003488542 ns, Reaching safepoint: 862291 ns, At safepoint: 23625 ns, Total: 885916 ns
[2022-09-04T17:15:00.767+0000][1][safepoint    ] Safepoint "Cleanup", Time since last: 1001887709 ns, Reaching safepoint: 856792 ns, At safepoint: 20167 ns, Total: 876959 ns
[2022-09-04T17:15:01.769+0000][1][safepoint    ] Safepoint "Cleanup", Time since last: 1001960291 ns, Reaching safepoint: 1193000 ns, At safepoint: 46333 ns, Total: 1239333 ns
[2022-09-04T17:15:02.776+0000][1][safepoint    ] Safepoint "Cleanup", Time since last: 1005001209 ns, Reaching safepoint: 1485792 ns, At safepoint: 39541 ns, Total: 1525333 ns
[2022-09-04T17:15:03.780+0000][1][safepoint    ] Safepoint "Cleanup", Time since last: 1003028251 ns, Reaching safepoint: 898083 ns, At safepoint: 25500 ns, Total: 923583 ns
[2022-09-04T17:15:04.785+0000][1][safepoint    ] Safepoint "Cleanup", Time since last: 1003640709 ns, Reaching safepoint: 911625 ns, At safepoint: 28000 ns, Total: 939625 ns
[2022-09-04T17:15:05.787+0000][1][safepoint    ] Safepoint "Cleanup", Time since last: 1001711459 ns, Reaching safepoint: 830833 ns, At safepoint: 24125 ns, Total: 854958 ns
[2022-09-04T17:15:06.790+0000][1][safepoint    ] Safepoint "Cleanup", Time since last: 1001705042 ns, Reaching safepoint: 1537000 ns, At safepoint: 47000 ns, Total: 1584000 ns
[2022-09-04T17:15:07.794+0000][1][safepoint    ] Safepoint "Cleanup", Time since last: 1002470709 ns, Reaching safepoint: 1245250 ns, At safepoint: 32375 ns, Total: 1277625 ns
[2022-09-04T17:15:08.798+0000][1][safepoint    ] Safepoint "Cleanup", Time since last: 1002857459 ns, Reaching safepoint: 842916 ns, At safepoint: 25000 ns, Total: 867916 ns
[2022-09-04T17:15:09.800+0000][1][safepoint    ] Safepoint "Cleanup", Time since last: 1001732126 ns, Reaching safepoint: 803833 ns, At safepoint: 22917 ns, Total: 826750 ns
[2022-09-04T17:15:10.804+0000][1][safepoint    ] Safepoint "Cleanup", Time since last: 1001562000 ns, Reaching safepoint: 1555209 ns, At safepoint: 45416 ns, Total: 1600625 ns
[2022-09-04T17:15:11.811+0000][1][safepoint    ] Safepoint "Cleanup", Time since last: 1005316334 ns, Reaching safepoint: 1766667 ns, At safepoint: 46500 ns, Total: 1813167 ns
[2022-09-04T17:15:12.817+0000][1][safepoint    ] Safepoint "Cleanup", Time since last: 1003659834 ns, Reaching safepoint: 2437166 ns, At safepoint: 71584 ns, Total: 2508750 ns
[2022-09-04T17:15:13.824+0000][1][safepoint    ] Safepoint "Cleanup", Time since last: 1006207125 ns, Reaching safepoint: 933417 ns, At safepoint: 28708 ns, Total: 962125 ns
[2022-09-04T17:15:14.829+0000][1][safepoint    ] Safepoint "Cleanup", Time since last: 1002157334 ns, Reaching safepoint: 2772083 ns, At safepoint: 63500 ns, Total: 2835583 ns
[2022-09-04T17:15:15.834+0000][1][safepoint    ] Safepoint "Cleanup", Time since last: 1003523001 ns, Reaching safepoint: 1422583 ns, At safepoint: 32625 ns, Total: 1455208 ns
[2022-09-04T17:15:16.841+0000][1][safepoint    ] Safepoint "Cleanup", Time since last: 1004502626 ns, Reaching safepoint: 1924416 ns, At safepoint: 47959 ns, Total: 1972375 ns
[2022-09-04T17:15:17.847+0000][1][safepoint    ] Safepoint "Cleanup", Time since last: 1003406458 ns, Reaching safepoint: 2483125 ns, At safepoint: 131125 ns, Total: 2614250 ns
[2022-09-04T17:15:18.854+0000][1][safepoint    ] Safepoint "Cleanup", Time since last: 1006350001 ns, Reaching safepoint: 775458 ns, At safepoint: 23209 ns, Total: 798667 ns
[2022-09-04T17:15:19.859+0000][1][safepoint    ] Safepoint "Cleanup", Time since last: 1003850958 ns, Reaching safepoint: 1089875 ns, At safepoint: 25792 ns, Total: 1115667 ns
[2022-09-04T17:15:20.861+0000][1][safepoint    ] Safepoint "Cleanup", Time since last: 1001968917 ns, Reaching safepoint: 853667 ns, At safepoint: 23708 ns, Total: 877375 ns
[2022-09-04T17:15:21.872+0000][1][safepoint    ] Safepoint "Cleanup", Time since last: 1007303709 ns, Reaching safepoint: 2667292 ns, At safepoint: 68291 ns, Total: 2735583 ns
[2022-09-04T17:15:22.878+0000][1][safepoint    ] Safepoint "Cleanup", Time since last: 1005062917 ns, Reaching safepoint: 1449209 ns, At safepoint: 44875 ns, Total: 1494084 ns
[2022-09-04T17:15:23.882+0000][1][safepoint    ] Safepoint "Cleanup", Time since last: 1002609584 ns, Reaching safepoint: 1226625 ns, At safepoint: 44500 ns, Total: 1271125 ns
[2022-09-04T17:15:24.888+0000][1][safepoint    ] Safepoint "Cleanup", Time since last: 1002594500 ns, Reaching safepoint: 3147125 ns, At safepoint: 115417 ns, Total: 3262542 ns
[2022-09-04T17:15:25.899+0000][1][safepoint    ] Safepoint "Cleanup", Time since last: 1008012709 ns, Reaching safepoint: 2926375 ns, At safepoint: 77375 ns, Total: 3003750 ns
[2022-09-04T17:15:26.909+0000][1][safepoint    ] Safepoint "Cleanup", Time since last: 1008193458 ns, Reaching safepoint: 2269042 ns, At safepoint: 46917 ns, Total: 2315959 ns
[2022-09-04T17:15:27.915+0000][1][safepoint    ] Safepoint "Cleanup", Time since last: 1005190375 ns, Reaching safepoint: 881250 ns, At safepoint: 36375 ns, Total: 917625 ns
[2022-09-04T17:15:28.921+0000][1][safepoint    ] Safepoint "Cleanup", Time since last: 1003615542 ns, Reaching safepoint: 1446084 ns, At safepoint: 35166 ns, Total: 1481250 ns
[2022-09-04T17:15:29.925+0000][1][safepoint    ] Safepoint "Cleanup", Time since last: 1003223251 ns, Reaching safepoint: 935916 ns, At safepoint: 21334 ns, Total: 957250 ns
[2022-09-04T17:15:31.653+0000][1][safepoint    ] Safepoint "Cleanup", Time since last: 1726484959 ns, Reaching safepoint: 2515708 ns, At safepoint: 63500 ns, Total: 2579208 ns
[2022-09-04T17:15:32.056+0000][1][safepoint    ] Safepoint "RevokeBias", Time since last: 401608542 ns, Reaching safepoint: 803958 ns, At safepoint: 250292 ns, Total: 1054250 ns
[2022-09-04T17:15:32.063+0000][1][safepoint    ] Safepoint "RevokeBias", Time since last: 6478250 ns, Reaching safepoint: 521417 ns, At safepoint: 101625 ns, Total: 623042 ns
[2022-09-04T17:15:32.167+0000][1][safepoint    ] Safepoint "RevokeBias", Time since last: 103500208 ns, Reaching safepoint: 783125 ns, At safepoint: 110625 ns, Total: 893750 ns
[2022-09-04T17:15:32.239+0000][1][safepoint    ] Safepoint "RevokeBias", Time since last: 70701042 ns, Reaching safepoint: 1201125 ns, At safepoint: 107750 ns, Total: 1308875 ns
[2022-09-04T17:15:33.246+0000][1][safepoint    ] Safepoint "Cleanup", Time since last: 1005002958 ns, Reaching safepoint: 1212334 ns, At safepoint: 34166 ns, Total: 1246500 ns
[2022-09-04T17:15:34.249+0000][1][safepoint    ] Safepoint "Cleanup", Time since last: 1002775709 ns, Reaching safepoint: 1074375 ns, At safepoint: 28459 ns, Total: 1102834 ns
[2022-09-04T17:15:35.253+0000][1][safepoint    ] Safepoint "Cleanup", Time since last: 1002708083 ns, Reaching safepoint: 1080459 ns, At safepoint: 28791 ns, Total: 1109250 ns
[2022-09-04T17:15:36.256+0000][1][safepoint    ] Safepoint "Cleanup", Time since last: 1002284751 ns, Reaching safepoint: 900458 ns, At safepoint: 24000 ns, Total: 924458 ns
[2022-09-04T17:15:37.259+0000][1][safepoint    ] Safepoint "Cleanup", Time since last: 1001466959 ns, Reaching safepoint: 906917 ns, At safepoint: 25916 ns, Total: 932833 ns
[2022-09-04T17:15:38.262+0000][1][safepoint    ] Safepoint "Cleanup", Time since last: 1002053042 ns, Reaching safepoint: 903959 ns, At safepoint: 26416 ns, Total: 930375 ns
[2022-09-04T17:15:39.265+0000][1][safepoint    ] Safepoint "Cleanup", Time since last: 1002181543 ns, Reaching safepoint: 1114125 ns, At safepoint: 22416 ns, Total: 1136541 ns
[2022-09-04T17:15:40.269+0000][1][safepoint    ] Safepoint "Cleanup", Time since last: 1002490792 ns, Reaching safepoint: 1061834 ns, At safepoint: 25500 ns, Total: 1087334 ns
[2022-09-04T17:15:41.272+0000][1][safepoint    ] Safepoint "Cleanup", Time since last: 1002573625 ns, Reaching safepoint: 1039875 ns, At safepoint: 24417 ns, Total: 1064292 ns
[2022-09-04T17:15:42.275+0000][1][safepoint    ] Safepoint "Cleanup", Time since last: 1001724792 ns, Reaching safepoint: 948333 ns, At safepoint: 23875 ns, Total: 972208 ns
[2022-09-04T17:15:43.279+0000][1][safepoint    ] Safepoint "Cleanup", Time since last: 1002582834 ns, Reaching safepoint: 900834 ns, At safepoint: 52458 ns, Total: 953292 ns
[2022-09-04T17:15:44.283+0000][1][safepoint    ] Safepoint "Cleanup", Time since last: 1002856792 ns, Reaching safepoint: 1069250 ns, At safepoint: 50333 ns, Total: 1119583 ns
[2022-09-04T17:15:45.286+0000][1][safepoint    ] Safepoint "Cleanup", Time since last: 1002770459 ns, Reaching safepoint: 1095459 ns, At safepoint: 25333 ns, Total: 1120792 ns
[2022-09-04T17:15:46.292+0000][1][safepoint    ] Safepoint "Cleanup", Time since last: 1004214167 ns, Reaching safepoint: 1431583 ns, At safepoint: 33750 ns, Total: 1465333 ns
[2022-09-04T17:15:47.296+0000][1][safepoint    ] Safepoint "Cleanup", Time since last: 1002390334 ns, Reaching safepoint: 1233958 ns, At safepoint: 30709 ns, Total: 1264667 ns
[2022-09-04T17:15:48.299+0000][1][safepoint    ] Safepoint "Cleanup", Time since last: 1002323875 ns, Reaching safepoint: 873084 ns, At safepoint: 23416 ns, Total: 896500 ns
[2022-09-04T17:15:49.304+0000][1][safepoint    ] Safepoint "Cleanup", Time since last: 1003615751 ns, Reaching safepoint: 1168166 ns, At safepoint: 36834 ns, Total: 1205000 ns
[2022-09-04T17:15:50.315+0000][1][safepoint    ] Safepoint "Cleanup", Time since last: 1009830917 ns, Reaching safepoint: 1107417 ns, At safepoint: 27291 ns, Total: 1134708 ns
[2022-09-04T17:15:51.320+0000][1][safepoint    ] Safepoint "Cleanup", Time since last: 1002347126 ns, Reaching safepoint: 3097791 ns, At safepoint: 82417 ns, Total: 3180208 ns
[2022-09-04T17:15:52.326+0000][1][safepoint    ] Safepoint "Cleanup", Time since last: 1004705459 ns, Reaching safepoint: 904542 ns, At safepoint: 25916 ns, Total: 930458 ns
[2022-09-04T17:15:53.329+0000][1][safepoint    ] Safepoint "Cleanup", Time since last: 1002018751 ns, Reaching safepoint: 1011208 ns, At safepoint: 21833 ns, Total: 1033041 ns
[2022-09-04T17:15:54.332+0000][1][safepoint    ] Safepoint "Cleanup", Time since last: 1001897167 ns, Reaching safepoint: 1469875 ns, At safepoint: 65375 ns, Total: 1535250 ns
[2022-09-04T17:15:55.339+0000][1][safepoint    ] Safepoint "Cleanup", Time since last: 1005818876 ns, Reaching safepoint: 1123292 ns, At safepoint: 26125 ns, Total: 1149417 ns
[2022-09-04T17:15:56.346+0000][1][safepoint    ] Safepoint "Cleanup", Time since last: 1005352125 ns, Reaching safepoint: 953292 ns, At safepoint: 20458 ns, Total: 973750 ns
[2022-09-04T17:15:57.349+0000][1][safepoint    ] Safepoint "Cleanup", Time since last: 1001790792 ns, Reaching safepoint: 1107542 ns, At safepoint: 24042 ns, Total: 1131584 ns
[2022-09-04T17:15:58.357+0000][1][safepoint    ] Safepoint "Cleanup", Time since last: 1006819708 ns, Reaching safepoint: 1160542 ns, At safepoint: 28208 ns, Total: 1188750 ns
[2022-09-04T17:15:59.360+0000][1][safepoint    ] Safepoint "Cleanup", Time since last: 1002373501 ns, Reaching safepoint: 1101375 ns, At safepoint: 26625 ns, Total: 1128000 ns
[2022-09-04T17:16:00.364+0000][1][safepoint    ] Safepoint "Cleanup", Time since last: 1003318584 ns, Reaching safepoint: 948000 ns, At safepoint: 23833 ns, Total: 971833 ns
[2022-09-04T17:16:01.369+0000][1][safepoint    ] Safepoint "Cleanup", Time since last: 1002391958 ns, Reaching safepoint: 2775709 ns, At safepoint: 70125 ns, Total: 2845834 ns
[2022-09-04T17:16:02.375+0000][1][safepoint    ] Safepoint "Cleanup", Time since last: 1003521792 ns, Reaching safepoint: 1789250 ns, At safepoint: 48333 ns, Total: 1837583 ns
[2022-09-04T17:16:03.380+0000][1][safepoint    ] Safepoint "Cleanup", Time since last: 1003470709 ns, Reaching safepoint: 2082041 ns, At safepoint: 50125 ns, Total: 2132166 ns
[2022-09-04T17:16:04.386+0000][1][safepoint    ] Safepoint "Cleanup", Time since last: 1004488543 ns, Reaching safepoint: 914791 ns, At safepoint: 24750 ns, Total: 939541 ns
[2022-09-04T17:16:05.397+0000][1][safepoint    ] Safepoint "Cleanup", Time since last: 1006929792 ns, Reaching safepoint: 4009500 ns, At safepoint: 104375 ns, Total: 4113875 ns
[2022-09-04T17:16:06.404+0000][1][safepoint    ] Safepoint "Cleanup", Time since last: 1005716876 ns, Reaching safepoint: 1135292 ns, At safepoint: 30958 ns, Total: 1166250 ns
[2022-09-04T17:16:07.412+0000][1][safepoint    ] Safepoint "Cleanup", Time since last: 1006676209 ns, Reaching safepoint: 1305833 ns, At safepoint: 47417 ns, Total: 1353250 ns
[2022-09-04T17:16:08.416+0000][1][safepoint    ] Safepoint "Cleanup", Time since last: 1003213625 ns, Reaching safepoint: 1134417 ns, At safepoint: 33375 ns, Total: 1167792 ns
[2022-09-04T17:16:10.086+0000][1][safepoint    ] Safepoint "Cleanup", Time since last: 1668984084 ns, Reaching safepoint: 961125 ns, At safepoint: 24833 ns, Total: 985958 ns
[2022-09-04T17:16:11.094+0000][1][safepoint    ] Safepoint "Cleanup", Time since last: 1006912959 ns, Reaching safepoint: 889834 ns, At safepoint: 21541 ns, Total: 911375 ns
[2022-09-04T17:16:12.098+0000][1][safepoint    ] Safepoint "Cleanup", Time since last: 1002275501 ns, Reaching safepoint: 1653708 ns, At safepoint: 40500 ns, Total: 1694208 ns
[2022-09-04T17:16:13.102+0000][1][safepoint    ] Safepoint "Cleanup", Time since last: 1002788209 ns, Reaching safepoint: 908458 ns, At safepoint: 22250 ns, Total: 930708 ns
[2022-09-04T17:16:14.104+0000][1][safepoint    ] Safepoint "Cleanup", Time since last: 1001758001 ns, Reaching safepoint: 761375 ns, At safepoint: 21250 ns, Total: 782625 ns
[2022-09-04T17:16:15.110+0000][1][safepoint    ] Safepoint "Cleanup", Time since last: 1002295542 ns, Reaching safepoint: 3323000 ns, At safepoint: 87458 ns, Total: 3410458 ns
[2022-09-04T17:16:16.117+0000][1][safepoint    ] Safepoint "Cleanup", Time since last: 1003970417 ns, Reaching safepoint: 3025000 ns, At safepoint: 105667 ns, Total: 3130667 ns
[2022-09-04T17:16:17.123+0000][1][safepoint    ] Safepoint "Cleanup", Time since last: 1003800542 ns, Reaching safepoint: 2677542 ns, At safepoint: 61541 ns, Total: 2739083 ns
[2022-09-04T17:16:18.129+0000][1][safepoint    ] Safepoint "Cleanup", Time since last: 1004271126 ns, Reaching safepoint: 851625 ns, At safepoint: 23500 ns, Total: 875125 ns
[2022-09-04T17:16:19.132+0000][1][safepoint    ] Safepoint "Cleanup", Time since last: 1002154417 ns, Reaching safepoint: 984833 ns, At safepoint: 29459 ns, Total: 1014292 ns
[2022-09-04T17:16:20.136+0000][1][safepoint    ] Safepoint "Cleanup", Time since last: 1003226208 ns, Reaching safepoint: 1201000 ns, At safepoint: 60375 ns, Total: 1261375 ns
[2022-09-04T17:16:21.142+0000][1][safepoint    ] Safepoint "Cleanup", Time since last: 1004495501 ns, Reaching safepoint: 1603833 ns, At safepoint: 43709 ns, Total: 1647542 ns
[2022-09-04T17:16:22.149+0000][1][safepoint    ] Safepoint "Cleanup", Time since last: 1003510167 ns, Reaching safepoint: 2713541 ns, At safepoint: 64542 ns, Total: 2778083 ns
[2022-09-04T17:16:23.155+0000][1][safepoint    ] Safepoint "Cleanup", Time since last: 1005816584 ns, Reaching safepoint: 822667 ns, At safepoint: 20916 ns, Total: 843583 ns
[2022-09-04T17:16:24.159+0000][1][safepoint    ] Safepoint "Cleanup", Time since last: 1002001626 ns, Reaching safepoint: 1149250 ns, At safepoint: 41250 ns, Total: 1190500 ns
[2022-09-04T17:16:25.165+0000][1][safepoint    ] Safepoint "Cleanup", Time since last: 1002807459 ns, Reaching safepoint: 3288041 ns, At safepoint: 107250 ns, Total: 3395291 ns
[2022-09-04T17:16:26.171+0000][1][safepoint    ] Safepoint "Cleanup", Time since last: 1004294501 ns, Reaching safepoint: 1677416 ns, At safepoint: 36417 ns, Total: 1713833 ns
[2022-09-04T17:16:27.176+0000][1][safepoint    ] Safepoint "Cleanup", Time since last: 1003258459 ns, Reaching safepoint: 1623333 ns, At safepoint: 47792 ns, Total: 1671125 ns
[2022-09-04T17:16:28.181+0000][1][safepoint    ] Safepoint "Cleanup", Time since last: 1004154292 ns, Reaching safepoint: 843750 ns, At safepoint: 19583 ns, Total: 863333 ns
[2022-09-04T17:16:29.184+0000][1][safepoint    ] Safepoint "Cleanup", Time since last: 1002559167 ns, Reaching safepoint: 790667 ns, At safepoint: 32167 ns, Total: 822834 ns
[2022-09-04T17:16:30.187+0000][1][safepoint    ] Safepoint "Cleanup", Time since last: 1001831709 ns, Reaching safepoint: 1283000 ns, At safepoint: 49666 ns, Total: 1332666 ns
[2022-09-04T17:16:31.190+0000][1][safepoint    ] Safepoint "Cleanup", Time since last: 1002105917 ns, Reaching safepoint: 1099417 ns, At safepoint: 26708 ns, Total: 1126125 ns
[2022-09-04T17:16:32.193+0000][1][safepoint    ] Safepoint "Cleanup", Time since last: 1001598876 ns, Reaching safepoint: 1091250 ns, At safepoint: 54125 ns, Total: 1145375 ns
[2022-09-04T17:16:33.197+0000][1][safepoint    ] Safepoint "Cleanup", Time since last: 1003056833 ns, Reaching safepoint: 854125 ns, At safepoint: 23625 ns, Total: 877750 ns
[2022-09-04T17:16:34.201+0000][1][safepoint    ] Safepoint "Cleanup", Time since last: 1003577334 ns, Reaching safepoint: 860542 ns, At safepoint: 23250 ns, Total: 883792 ns
[2022-09-04T17:16:35.980+0000][1][safepoint    ] Safepoint "Cleanup", Time since last: 1777174251 ns, Reaching safepoint: 1235208 ns, At safepoint: 29625 ns, Total: 1264833 ns
[2022-09-04T17:16:36.987+0000][1][safepoint    ] Safepoint "Cleanup", Time since last: 1002826709 ns, Reaching safepoint: 4056792 ns, At safepoint: 166291 ns, Total: 4223083 ns
[2022-09-04T17:16:37.993+0000][1][safepoint    ] Safepoint "Cleanup", Time since last: 1005580959 ns, Reaching safepoint: 907625 ns, At safepoint: 22625 ns, Total: 930250 ns
[2022-09-04T17:16:38.996+0000][1][safepoint    ] Safepoint "Cleanup", Time since last: 1001817417 ns, Reaching safepoint: 1336542 ns, At safepoint: 32042 ns, Total: 1368584 ns
[2022-09-04T17:16:40.001+0000][1][safepoint    ] Safepoint "Cleanup", Time since last: 1002745625 ns, Reaching safepoint: 1494250 ns, At safepoint: 36125 ns, Total: 1530375 ns
[2022-09-04T17:16:41.008+0000][1][safepoint    ] Safepoint "Cleanup", Time since last: 1004276125 ns, Reaching safepoint: 2834250 ns, At safepoint: 138250 ns, Total: 2972500 ns
[2022-09-04T17:16:42.013+0000][1][safepoint    ] Safepoint "Cleanup", Time since last: 1003643126 ns, Reaching safepoint: 1413875 ns, At safepoint: 36083 ns, Total: 1449958 ns
[2022-09-04T17:16:43.017+0000][1][safepoint    ] Safepoint "Cleanup", Time since last: 1003210042 ns, Reaching safepoint: 937500 ns, At safepoint: 26875 ns, Total: 964375 ns
[2022-09-04T17:16:44.020+0000][1][safepoint    ] Safepoint "Cleanup", Time since last: 1001805543 ns, Reaching safepoint: 1235500 ns, At safepoint: 32291 ns, Total: 1267791 ns
[2022-09-04T17:16:45.038+0000][1][safepoint    ] Safepoint "Cleanup", Time since last: 1002316834 ns, Reaching safepoint: 10345458 ns, At safepoint: 599084 ns, Total: 10944542 ns
[2022-09-04T17:16:46.049+0000][1][safepoint    ] Safepoint "Cleanup", Time since last: 1015048042 ns, Reaching safepoint: 923042 ns, At safepoint: 26125 ns, Total: 949167 ns
[2022-09-04T17:16:47.054+0000][1][safepoint    ] Safepoint "Cleanup", Time since last: 1001882417 ns, Reaching safepoint: 3022083 ns, At safepoint: 75250 ns, Total: 3097333 ns
[2022-09-04T17:16:48.062+0000][1][safepoint    ] Safepoint "Cleanup", Time since last: 1006938125 ns, Reaching safepoint: 934667 ns, At safepoint: 22667 ns, Total: 957334 ns
[2022-09-04T17:16:49.066+0000][1][safepoint    ] Safepoint "Cleanup", Time since last: 1002362625 ns, Reaching safepoint: 1358542 ns, At safepoint: 40000 ns, Total: 1398542 ns
[2022-09-04T17:16:50.070+0000][1][safepoint    ] Safepoint "Cleanup", Time since last: 1002466000 ns, Reaching safepoint: 1243542 ns, At safepoint: 28333 ns, Total: 1271875 ns
[2022-09-04T17:16:51.074+0000][1][safepoint    ] Safepoint "Cleanup", Time since last: 1001701001 ns, Reaching safepoint: 2865167 ns, At safepoint: 77166 ns, Total: 2942333 ns
[2022-09-04T17:16:52.081+0000][1][safepoint    ] Safepoint "Cleanup", Time since last: 1004161542 ns, Reaching safepoint: 2490875 ns, At safepoint: 85334 ns, Total: 2576209 ns
[2022-09-04T17:16:53.087+0000][1][safepoint    ] Safepoint "Cleanup", Time since last: 1005143417 ns, Reaching safepoint: 1072083 ns, At safepoint: 32709 ns, Total: 1104792 ns
[2022-09-04T17:16:54.091+0000][1][safepoint    ] Safepoint "Cleanup", Time since last: 1002784833 ns, Reaching safepoint: 1242000 ns, At safepoint: 33334 ns, Total: 1275334 ns
[2022-09-04T17:16:55.097+0000][1][safepoint    ] Safepoint "Cleanup", Time since last: 1003280334 ns, Reaching safepoint: 2423041 ns, At safepoint: 72209 ns, Total: 2495250 ns
[2022-09-04T17:16:56.103+0000][1][safepoint    ] Safepoint "Cleanup", Time since last: 1004682958 ns, Reaching safepoint: 897167 ns, At safepoint: 22042 ns, Total: 919209 ns
[2022-09-04T17:16:57.106+0000][1][safepoint    ] Safepoint "Cleanup", Time since last: 1002016417 ns, Reaching safepoint: 1129708 ns, At safepoint: 30958 ns, Total: 1160666 ns
[2022-09-04T17:16:58.112+0000][1][safepoint    ] Safepoint "Cleanup", Time since last: 1004935543 ns, Reaching safepoint: 936416 ns, At safepoint: 22709 ns, Total: 959125 ns
[2022-09-04T17:16:59.115+0000][1][safepoint    ] Safepoint "Cleanup", Time since last: 1002080542 ns, Reaching safepoint: 897000 ns, At safepoint: 25875 ns, Total: 922875 ns
[2022-09-04T17:17:00.120+0000][1][safepoint    ] Safepoint "Cleanup", Time since last: 1003023834 ns, Reaching safepoint: 1571333 ns, At safepoint: 37500 ns, Total: 1608833 ns
[2022-09-04T17:17:01.123+0000][1][safepoint    ] Safepoint "Cleanup", Time since last: 1002101667 ns, Reaching safepoint: 1536000 ns, At safepoint: 25500 ns, Total: 1561500 ns
[2022-09-04T17:17:02.126+0000][1][safepoint    ] Safepoint "Cleanup", Time since last: 1001917167 ns, Reaching safepoint: 1397958 ns, At safepoint: 31917 ns, Total: 1429875 ns
[2022-09-04T17:17:03.130+0000][1][safepoint    ] Safepoint "Cleanup", Time since last: 1003087250 ns, Reaching safepoint: 861917 ns, At safepoint: 21083 ns, Total: 883000 ns
[2022-09-04T17:17:04.133+0000][1][safepoint    ] Safepoint "Cleanup", Time since last: 1001920209 ns, Reaching safepoint: 784458 ns, At safepoint: 21542 ns, Total: 806000 ns
[2022-09-04T17:17:05.141+0000][1][safepoint    ] Safepoint "Cleanup", Time since last: 1005018250 ns, Reaching safepoint: 2822417 ns, At safepoint: 72042 ns, Total: 2894459 ns
[2022-09-04T17:17:06.146+0000][1][safepoint    ] Safepoint "Cleanup", Time since last: 1004117375 ns, Reaching safepoint: 1231375 ns, At safepoint: 24625 ns, Total: 1256000 ns
[2022-09-04T17:17:07.150+0000][1][safepoint    ] Safepoint "Cleanup", Time since last: 1001540292 ns, Reaching safepoint: 2579625 ns, At safepoint: 136584 ns, Total: 2716209 ns
[2022-09-04T17:17:08.158+0000][1][safepoint    ] Safepoint "Cleanup", Time since last: 1006761250 ns, Reaching safepoint: 864167 ns, At safepoint: 46250 ns, Total: 910417 ns
[2022-09-04T17:17:09.161+0000][1][safepoint    ] Safepoint "Cleanup", Time since last: 1002081667 ns, Reaching safepoint: 885583 ns, At safepoint: 24542 ns, Total: 910125 ns
[2022-09-04T17:17:10.164+0000][1][safepoint    ] Safepoint "Cleanup", Time since last: 1002111542 ns, Reaching safepoint: 1069333 ns, At safepoint: 78167 ns, Total: 1147500 ns
[2022-09-04T17:17:11.168+0000][1][safepoint    ] Safepoint "Cleanup", Time since last: 1002539667 ns, Reaching safepoint: 1478834 ns, At safepoint: 51291 ns, Total: 1530125 ns
[2022-09-04T17:17:12.173+0000][1][safepoint    ] Safepoint "Cleanup", Time since last: 1003359459 ns, Reaching safepoint: 1422708 ns, At safepoint: 33042 ns, Total: 1455750 ns
[2022-09-04T17:17:13.177+0000][1][safepoint    ] Safepoint "Cleanup", Time since last: 1002669792 ns, Reaching safepoint: 952042 ns, At safepoint: 27125 ns, Total: 979167 ns
[2022-09-04T17:17:14.181+0000][1][safepoint    ] Safepoint "Cleanup", Time since last: 1003725334 ns, Reaching safepoint: 955333 ns, At safepoint: 30875 ns, Total: 986208 ns
[2022-09-04T17:17:15.185+0000][1][safepoint    ] Safepoint "Cleanup", Time since last: 1002217125 ns, Reaching safepoint: 1455625 ns, At safepoint: 69000 ns, Total: 1524625 ns
[2022-09-04T17:17:16.190+0000][1][safepoint    ] Safepoint "Cleanup", Time since last: 1002588584 ns, Reaching safepoint: 2218500 ns, At safepoint: 129750 ns, Total: 2348250 ns
[2022-09-04T17:17:17.195+0000][1][safepoint    ] Safepoint "Cleanup", Time since last: 1003579001 ns, Reaching safepoint: 1651916 ns, At safepoint: 39292 ns, Total: 1691208 ns
[2022-09-04T17:17:18.199+0000][1][safepoint    ] Safepoint "Cleanup", Time since last: 1002724001 ns, Reaching safepoint: 1020833 ns, At safepoint: 94208 ns, Total: 1115041 ns
[2022-09-04T17:17:19.204+0000][1][safepoint    ] Safepoint "Cleanup", Time since last: 1004012834 ns, Reaching safepoint: 826250 ns, At safepoint: 22792 ns, Total: 849042 ns
[2022-09-04T17:17:20.207+0000][1][safepoint    ] Safepoint "Cleanup", Time since last: 1001849834 ns, Reaching safepoint: 991625 ns, At safepoint: 25916 ns, Total: 1017541 ns
[2022-09-04T17:17:21.210+0000][1][safepoint    ] Safepoint "Cleanup", Time since last: 1002430251 ns, Reaching safepoint: 993666 ns, At safepoint: 26667 ns, Total: 1020333 ns
[2022-09-04T17:17:22.216+0000][1][safepoint    ] Safepoint "Cleanup", Time since last: 1003591584 ns, Reaching safepoint: 1960083 ns, At safepoint: 50958 ns, Total: 2011041 ns
[2022-09-04T17:17:23.220+0000][1][safepoint    ] Safepoint "Cleanup", Time since last: 1003249751 ns, Reaching safepoint: 1138458 ns, At safepoint: 34167 ns, Total: 1172625 ns
[2022-09-04T17:17:24.226+0000][1][safepoint    ] Safepoint "Cleanup", Time since last: 1004034250 ns, Reaching safepoint: 1041625 ns, At safepoint: 39709 ns, Total: 1081334 ns
[2022-09-04T17:17:25.229+0000][1][safepoint    ] Safepoint "Cleanup", Time since last: 1002372334 ns, Reaching safepoint: 953458 ns, At safepoint: 25542 ns, Total: 979000 ns
[2022-09-04T17:17:26.232+0000][1][safepoint    ] Safepoint "Cleanup", Time since last: 1002434042 ns, Reaching safepoint: 838875 ns, At safepoint: 22875 ns, Total: 861750 ns
[2022-09-04T17:17:27.236+0000][1][safepoint    ] Safepoint "Cleanup", Time since last: 1002499959 ns, Reaching safepoint: 1124166 ns, At safepoint: 25000 ns, Total: 1149166 ns
[2022-09-04T17:17:28.239+0000][1][safepoint    ] Safepoint "Cleanup", Time since last: 1002071667 ns, Reaching safepoint: 1082625 ns, At safepoint: 26959 ns, Total: 1109584 ns
[2022-09-04T17:17:29.242+0000][1][safepoint    ] Safepoint "Cleanup", Time since last: 1001931417 ns, Reaching safepoint: 1061708 ns, At safepoint: 31250 ns, Total: 1092958 ns
[2022-09-04T17:17:30.247+0000][1][safepoint    ] Safepoint "Cleanup", Time since last: 1002692584 ns, Reaching safepoint: 2159417 ns, At safepoint: 63875 ns, Total: 2223292 ns
[2022-09-04T17:17:32.203+0000][1][safepoint    ] Safepoint "Cleanup", Time since last: 1955229000 ns, Reaching safepoint: 1554209 ns, At safepoint: 49750 ns, Total: 1603959 ns
[2022-09-04T17:17:33.209+0000][1][safepoint    ] Safepoint "Cleanup", Time since last: 1004518500 ns, Reaching safepoint: 1181708 ns, At safepoint: 34000 ns, Total: 1215708 ns
[2022-09-04T17:17:34.214+0000][1][safepoint    ] Safepoint "Cleanup", Time since last: 1003223501 ns, Reaching safepoint: 1450500 ns, At safepoint: 32792 ns, Total: 1483292 ns
[2022-09-04T17:17:35.216+0000][1][safepoint    ] Safepoint "Cleanup", Time since last: 1001890208 ns, Reaching safepoint: 870959 ns, At safepoint: 24916 ns, Total: 895875 ns
[2022-09-04T17:17:36.219+0000][1][safepoint    ] Safepoint "Cleanup", Time since last: 1002011584 ns, Reaching safepoint: 961584 ns, At safepoint: 24916 ns, Total: 986500 ns
[2022-09-04T17:17:37.222+0000][1][safepoint    ] Safepoint "Cleanup", Time since last: 1001810001 ns, Reaching safepoint: 857625 ns, At safepoint: 27666 ns, Total: 885291 ns
[2022-09-04T17:17:38.225+0000][1][safepoint    ] Safepoint "Cleanup", Time since last: 1002468876 ns, Reaching safepoint: 842291 ns, At safepoint: 22459 ns, Total: 864750 ns
[2022-09-04T17:17:39.229+0000][1][safepoint    ] Safepoint "Cleanup", Time since last: 1002658375 ns, Reaching safepoint: 949834 ns, At safepoint: 24166 ns, Total: 974000 ns
[2022-09-04T17:17:40.234+0000][1][safepoint    ] Safepoint "Cleanup", Time since last: 1002140042 ns, Reaching safepoint: 2205250 ns, At safepoint: 78292 ns, Total: 2283542 ns
[2022-09-04T17:17:41.238+0000][1][safepoint    ] Safepoint "Cleanup", Time since last: 1003162334 ns, Reaching safepoint: 830458 ns, At safepoint: 24875 ns, Total: 855333 ns
[2022-09-04T17:17:42.244+0000][1][safepoint    ] Safepoint "Cleanup", Time since last: 1005404876 ns, Reaching safepoint: 865458 ns, At safepoint: 51833 ns, Total: 917291 ns
[2022-09-04T17:17:43.252+0000][1][safepoint    ] Safepoint "Cleanup", Time since last: 1007112834 ns, Reaching safepoint: 936542 ns, At safepoint: 25625 ns, Total: 962167 ns
[2022-09-04T17:17:44.254+0000][1][safepoint    ] Safepoint "Cleanup", Time since last: 1001613542 ns, Reaching safepoint: 862833 ns, At safepoint: 26125 ns, Total: 888958 ns
[2022-09-04T17:17:45.258+0000][1][safepoint    ] Safepoint "Cleanup", Time since last: 1001737417 ns, Reaching safepoint: 1554084 ns, At safepoint: 57000 ns, Total: 1611084 ns
[2022-09-04T17:17:46.266+0000][1][safepoint    ] Safepoint "Cleanup", Time since last: 1006821209 ns, Reaching safepoint: 1624916 ns, At safepoint: 173542 ns, Total: 1798458 ns
[2022-09-04T17:17:47.272+0000][1][safepoint    ] Safepoint "Cleanup", Time since last: 1003913334 ns, Reaching safepoint: 2044708 ns, At safepoint: 58000 ns, Total: 2102708 ns
[2022-09-04T17:17:48.280+0000][1][safepoint    ] Safepoint "Cleanup", Time since last: 1006534376 ns, Reaching safepoint: 846750 ns, At safepoint: 24375 ns, Total: 871125 ns
[2022-09-04T17:17:49.284+0000][1][safepoint    ] Safepoint "Cleanup", Time since last: 1003455917 ns, Reaching safepoint: 878791 ns, At safepoint: 33667 ns, Total: 912458 ns
[2022-09-04T17:17:50.289+0000][1][safepoint    ] Safepoint "Cleanup", Time since last: 1002190501 ns, Reaching safepoint: 1783500 ns, At safepoint: 610458 ns, Total: 2393958 ns
[2022-09-04T17:17:51.293+0000][1][safepoint    ] Safepoint "Cleanup", Time since last: 1002836000 ns, Reaching safepoint: 889500 ns, At safepoint: 23709 ns, Total: 913209 ns
[2022-09-04T17:17:52.297+0000][1][safepoint    ] Safepoint "Cleanup", Time since last: 1002348625 ns, Reaching safepoint: 2001334 ns, At safepoint: 56375 ns, Total: 2057709 ns
[2022-09-04T17:17:53.304+0000][1][safepoint    ] Safepoint "Cleanup", Time since last: 1004917125 ns, Reaching safepoint: 2024750 ns, At safepoint: 162875 ns, Total: 2187625 ns
[2022-09-04T17:17:54.310+0000][1][safepoint    ] Safepoint "Cleanup", Time since last: 1004776750 ns, Reaching safepoint: 1312500 ns, At safepoint: 40584 ns, Total: 1353084 ns
[2022-09-04T17:17:55.316+0000][1][safepoint    ] Safepoint "Cleanup", Time since last: 1004029584 ns, Reaching safepoint: 1769416 ns, At safepoint: 75709 ns, Total: 1845125 ns
[2022-09-04T17:17:56.321+0000][1][safepoint    ] Safepoint "Cleanup", Time since last: 1004330958 ns, Reaching safepoint: 1076334 ns, At safepoint: 24708 ns, Total: 1101042 ns
[2022-09-04T17:17:57.325+0000][1][safepoint    ] Safepoint "Cleanup", Time since last: 1002008959 ns, Reaching safepoint: 1423167 ns, At safepoint: 30916 ns, Total: 1454083 ns
[2022-09-04T17:17:58.329+0000][1][safepoint    ] Safepoint "Cleanup", Time since last: 1002599876 ns, Reaching safepoint: 952166 ns, At safepoint: 25084 ns, Total: 977250 ns
[2022-09-04T17:17:59.332+0000][1][safepoint    ] Safepoint "Cleanup", Time since last: 1003070292 ns, Reaching safepoint: 820542 ns, At safepoint: 25291 ns, Total: 845833 ns
[2022-09-04T17:18:00.337+0000][1][safepoint    ] Safepoint "Cleanup", Time since last: 1003537667 ns, Reaching safepoint: 864917 ns, At safepoint: 22958 ns, Total: 887875 ns
[2022-09-04T17:18:01.340+0000][1][safepoint    ] Safepoint "Cleanup", Time since last: 1002144292 ns, Reaching safepoint: 926750 ns, At safepoint: 25750 ns, Total: 952500 ns
[2022-09-04T17:18:02.343+0000][1][safepoint    ] Safepoint "Cleanup", Time since last: 1001387542 ns, Reaching safepoint: 1774584 ns, At safepoint: 68541 ns, Total: 1843125 ns
[2022-09-04T17:18:03.347+0000][1][safepoint    ] Safepoint "Cleanup", Time since last: 1002841584 ns, Reaching safepoint: 906792 ns, At safepoint: 89625 ns, Total: 996417 ns
[2022-09-04T17:18:04.351+0000][1][safepoint    ] Safepoint "Cleanup", Time since last: 1003153084 ns, Reaching safepoint: 1332166 ns, At safepoint: 115667 ns, Total: 1447833 ns
[2022-09-04T17:18:05.357+0000][1][safepoint    ] Safepoint "Cleanup", Time since last: 1004675917 ns, Reaching safepoint: 1334625 ns, At safepoint: 29333 ns, Total: 1363958 ns
[2022-09-04T17:18:06.362+0000][1][safepoint    ] Safepoint "Cleanup", Time since last: 1002579793 ns, Reaching safepoint: 1945250 ns, At safepoint: 75041 ns, Total: 2020291 ns
[2022-09-04T17:18:07.368+0000][1][safepoint    ] Safepoint "Cleanup", Time since last: 1005058209 ns, Reaching safepoint: 959333 ns, At safepoint: 24834 ns, Total: 984167 ns
[2022-09-04T17:18:08.373+0000][1][safepoint    ] Safepoint "Cleanup", Time since last: 1003940709 ns, Reaching safepoint: 1117916 ns, At safepoint: 29792 ns, Total: 1147708 ns
[2022-09-04T17:18:09.377+0000][1][safepoint    ] Safepoint "Cleanup", Time since last: 1002866917 ns, Reaching safepoint: 1054875 ns, At safepoint: 25750 ns, Total: 1080625 ns
[2022-09-04T17:18:10.385+0000][1][safepoint    ] Safepoint "Cleanup", Time since last: 1006594000 ns, Reaching safepoint: 1373750 ns, At safepoint: 33417 ns, Total: 1407167 ns
[2022-09-04T17:18:11.392+0000][1][safepoint    ] Safepoint "Cleanup", Time since last: 1006096084 ns, Reaching safepoint: 887167 ns, At safepoint: 23666 ns, Total: 910833 ns
[2022-09-04T17:18:11.793+0000][1][safepoint    ] Safepoint "RevokeBias", Time since last: 398041584 ns, Reaching safepoint: 905000 ns, At safepoint: 1872750 ns, Total: 2777750 ns
[2022-09-04T17:18:11.803+0000][1][safepoint    ] Safepoint "RevokeBias", Time since last: 9102542 ns, Reaching safepoint: 556416 ns, At safepoint: 189625 ns, Total: 746041 ns
[2022-09-04T17:18:11.894+0000][1][safepoint    ] Safepoint "RevokeBias", Time since last: 90384000 ns, Reaching safepoint: 889459 ns, At safepoint: 110291 ns, Total: 999750 ns
[2022-09-04T17:18:11.991+0000][1][safepoint    ] Safepoint "RevokeBias", Time since last: 93323834 ns, Reaching safepoint: 2641166 ns, At safepoint: 1317417 ns, Total: 3958583 ns
[2022-09-04T17:18:13.026+0000][1][safepoint    ] Safepoint "Cleanup", Time since last: 1033366667 ns, Reaching safepoint: 989250 ns, At safepoint: 23625 ns, Total: 1012875 ns
[2022-09-04T17:18:14.029+0000][1][safepoint    ] Safepoint "Cleanup", Time since last: 1002026501 ns, Reaching safepoint: 1389833 ns, At safepoint: 41125 ns, Total: 1430958 ns
[2022-09-04T17:18:15.033+0000][1][safepoint    ] Safepoint "Cleanup", Time since last: 1002586459 ns, Reaching safepoint: 956875 ns, At safepoint: 43208 ns, Total: 1000083 ns
[2022-09-04T17:18:16.037+0000][1][safepoint    ] Safepoint "Cleanup", Time since last: 1002213834 ns, Reaching safepoint: 2355583 ns, At safepoint: 72667 ns, Total: 2428250 ns
[2022-09-04T17:18:17.044+0000][1][safepoint    ] Safepoint "Cleanup", Time since last: 1005084834 ns, Reaching safepoint: 1411750 ns, At safepoint: 22750 ns, Total: 1434500 ns
[2022-09-04T17:18:17.107+0000][1][safepoint    ] Safepoint "RevokeBias", Time since last: 62223500 ns, Reaching safepoint: 731916 ns, At safepoint: 158334 ns, Total: 890250 ns
[2022-09-04T17:18:17.118+0000][1][safepoint    ] Safepoint "BulkRevokeBias", Time since last: 6498833 ns, Reaching safepoint: 508542 ns, At safepoint: 3844375 ns, Total: 4352917 ns
[2022-09-04T17:18:17.256+0000][1][safepoint    ] Safepoint "RevokeBias", Time since last: 137238541 ns, Reaching safepoint: 806500 ns, At safepoint: 110084 ns, Total: 916584 ns
[2022-09-04T17:18:17.272+0000][1][safepoint    ] Safepoint "RevokeBias", Time since last: 15237541 ns, Reaching safepoint: 675250 ns, At safepoint: 130167 ns, Total: 805417 ns
[2022-09-04T17:18:17.336+0000][1][safepoint    ] Safepoint "RevokeBias", Time since last: 62103625 ns, Reaching safepoint: 1724333 ns, At safepoint: 116459 ns, Total: 1840792 ns
[2022-09-04T17:18:18.340+0000][1][safepoint    ] Safepoint "Cleanup", Time since last: 1003064250 ns, Reaching safepoint: 999542 ns, At safepoint: 31208 ns, Total: 1030750 ns
[2022-09-04T17:18:19.343+0000][1][safepoint    ] Safepoint "Cleanup", Time since last: 1002222251 ns, Reaching safepoint: 920750 ns, At safepoint: 26833 ns, Total: 947583 ns
[2022-09-04T17:18:20.351+0000][1][safepoint    ] Safepoint "Cleanup", Time since last: 1003001834 ns, Reaching safepoint: 4102042 ns, At safepoint: 134416 ns, Total: 4236458 ns
[2022-09-04T17:18:21.363+0000][1][safepoint    ] Safepoint "Cleanup", Time since last: 1011842251 ns, Reaching safepoint: 818416 ns, At safepoint: 51292 ns, Total: 869708 ns
[2022-09-04T17:18:22.366+0000][1][safepoint    ] Safepoint "Cleanup", Time since last: 1001624501 ns, Reaching safepoint: 942083 ns, At safepoint: 22792 ns, Total: 964875 ns
[2022-09-04T17:18:23.373+0000][1][safepoint    ] Safepoint "Cleanup", Time since last: 1005760750 ns, Reaching safepoint: 1011042 ns, At safepoint: 27708 ns, Total: 1038750 ns
[2022-09-04T17:18:23.671+0000][1][safepoint    ] Safepoint "RevokeBias", Time since last: 296955709 ns, Reaching safepoint: 981250 ns, At safepoint: 109458 ns, Total: 1090708 ns
[2022-09-04T17:18:23.675+0000][1][safepoint    ] Safepoint "RevokeBias", Time since last: 3905000 ns, Reaching safepoint: 454375 ns, At safepoint: 99250 ns, Total: 553625 ns
[2022-09-04T17:18:23.699+0000][1][safepoint    ] Safepoint "RevokeBias", Time since last: 22199417 ns, Reaching safepoint: 1694125 ns, At safepoint: 157125 ns, Total: 1851250 ns
[2022-09-04T17:18:23.714+0000][1][safepoint    ] Safepoint "RevokeBias", Time since last: 13162250 ns, Reaching safepoint: 1037958 ns, At safepoint: 118042 ns, Total: 1156000 ns
[2022-09-04T17:18:24.718+0000][1][safepoint    ] Safepoint "Cleanup", Time since last: 1003502167 ns, Reaching safepoint: 1104666 ns, At safepoint: 29167 ns, Total: 1133833 ns
[2022-09-04T17:18:25.722+0000][1][safepoint    ] Safepoint "Cleanup", Time since last: 1002172542 ns, Reaching safepoint: 1978750 ns, At safepoint: 55042 ns, Total: 2033792 ns
[2022-09-04T17:18:26.729+0000][1][safepoint    ] Safepoint "Cleanup", Time since last: 1004959709 ns, Reaching safepoint: 1122166 ns, At safepoint: 28375 ns, Total: 1150541 ns
[2022-09-04T17:18:27.733+0000][1][safepoint    ] Safepoint "Cleanup", Time since last: 1002899001 ns, Reaching safepoint: 1124625 ns, At safepoint: 27041 ns, Total: 1151666 ns
[2022-09-04T17:18:28.737+0000][1][safepoint    ] Safepoint "Cleanup", Time since last: 1002785751 ns, Reaching safepoint: 1285667 ns, At safepoint: 38000 ns, Total: 1323667 ns
[2022-09-04T17:18:29.740+0000][1][safepoint    ] Safepoint "Cleanup", Time since last: 1002202208 ns, Reaching safepoint: 967167 ns, At safepoint: 30000 ns, Total: 997167 ns
[2022-09-04T17:18:30.578+0000][1][safepoint    ] Safepoint "RevokeBias", Time since last: 836800917 ns, Reaching safepoint: 916583 ns, At safepoint: 130500 ns, Total: 1047083 ns
[2022-09-04T17:18:30.581+0000][1][safepoint    ] Safepoint "RevokeBias", Time since last: 2452209 ns, Reaching safepoint: 533041 ns, At safepoint: 87167 ns, Total: 620208 ns
[2022-09-04T17:18:30.595+0000][1][safepoint    ] Safepoint "RevokeBias", Time since last: 13130333 ns, Reaching safepoint: 774625 ns, At safepoint: 104042 ns, Total: 878667 ns
[2022-09-04T17:18:30.604+0000][1][safepoint    ] Safepoint "RevokeBias", Time since last: 7282167 ns, Reaching safepoint: 1852625 ns, At safepoint: 237083 ns, Total: 2089708 ns
[2022-09-04T17:18:31.607+0000][1][safepoint    ] Safepoint "Cleanup", Time since last: 1002344125 ns, Reaching safepoint: 921666 ns, At safepoint: 25459 ns, Total: 947125 ns
[2022-09-04T17:18:32.610+0000][1][safepoint    ] Safepoint "Cleanup", Time since last: 1002582625 ns, Reaching safepoint: 938917 ns, At safepoint: 23708 ns, Total: 962625 ns
[2022-09-04T17:18:33.515+0000][1][safepoint    ] Safepoint "RevokeBias", Time since last: 903354876 ns, Reaching safepoint: 814000 ns, At safepoint: 184750 ns, Total: 998750 ns
[2022-09-04T17:18:33.518+0000][1][safepoint    ] Safepoint "RevokeBias", Time since last: 2356458 ns, Reaching safepoint: 781000 ns, At safepoint: 160292 ns, Total: 941292 ns
[2022-09-04T17:18:33.530+0000][1][safepoint    ] Safepoint "RevokeBias", Time since last: 11037833 ns, Reaching safepoint: 797417 ns, At safepoint: 114583 ns, Total: 912000 ns
[2022-09-04T17:18:33.540+0000][1][safepoint    ] Safepoint "RevokeBias", Time since last: 8615958 ns, Reaching safepoint: 1156584 ns, At safepoint: 123291 ns, Total: 1279875 ns
[2022-09-04T17:18:34.575+0000][1][safepoint    ] Safepoint "Cleanup", Time since last: 1034436292 ns, Reaching safepoint: 932667 ns, At safepoint: 64708 ns, Total: 997375 ns
[2022-09-04T17:18:35.581+0000][1][safepoint    ] Safepoint "Cleanup", Time since last: 1003341501 ns, Reaching safepoint: 1775333 ns, At safepoint: 44167 ns, Total: 1819500 ns
[2022-09-04T17:18:36.584+0000][1][safepoint    ] Safepoint "Cleanup", Time since last: 1002537250 ns, Reaching safepoint: 1166125 ns, At safepoint: 44000 ns, Total: 1210125 ns
[2022-09-04T17:18:37.588+0000][1][safepoint    ] Safepoint "Cleanup", Time since last: 1002014876 ns, Reaching safepoint: 1468458 ns, At safepoint: 36208 ns, Total: 1504666 ns
[2022-09-04T17:18:38.595+0000][1][safepoint    ] Safepoint "Cleanup", Time since last: 1005383251 ns, Reaching safepoint: 1789958 ns, At safepoint: 50334 ns, Total: 1840292 ns
[2022-09-04T17:18:39.598+0000][1][safepoint    ] Safepoint "Cleanup", Time since last: 1002296458 ns, Reaching safepoint: 1104709 ns, At safepoint: 29875 ns, Total: 1134584 ns
[2022-09-04T17:18:40.603+0000][1][safepoint    ] Safepoint "Cleanup", Time since last: 1003848709 ns, Reaching safepoint: 1033791 ns, At safepoint: 28084 ns, Total: 1061875 ns
[2022-09-04T17:18:41.608+0000][1][safepoint    ] Safepoint "Cleanup", Time since last: 1003703583 ns, Reaching safepoint: 1140042 ns, At safepoint: 40000 ns, Total: 1180042 ns
[2022-09-04T17:18:42.612+0000][1][safepoint    ] Safepoint "Cleanup", Time since last: 1002092584 ns, Reaching safepoint: 1138500 ns, At safepoint: 33292 ns, Total: 1171792 ns
[2022-09-04T17:18:43.615+0000][1][safepoint    ] Safepoint "Cleanup", Time since last: 1002003250 ns, Reaching safepoint: 1603500 ns, At safepoint: 47167 ns, Total: 1650667 ns
[2022-09-04T17:18:44.622+0000][1][safepoint    ] Safepoint "Cleanup", Time since last: 1005490584 ns, Reaching safepoint: 1161458 ns, At safepoint: 30000 ns, Total: 1191458 ns
[2022-09-04T17:18:45.626+0000][1][safepoint    ] Safepoint "Cleanup", Time since last: 1003160709 ns, Reaching safepoint: 897291 ns, At safepoint: 22167 ns, Total: 919458 ns
[2022-09-04T17:18:46.630+0000][1][safepoint    ] Safepoint "Cleanup", Time since last: 1003537375 ns, Reaching safepoint: 839917 ns, At safepoint: 21667 ns, Total: 861584 ns
[2022-09-04T17:18:47.634+0000][1][safepoint    ] Safepoint "Cleanup", Time since last: 1001793500 ns, Reaching safepoint: 1385959 ns, At safepoint: 26250 ns, Total: 1412209 ns
[2022-09-04T17:18:48.638+0000][1][safepoint    ] Safepoint "Cleanup", Time since last: 1003549625 ns, Reaching safepoint: 1112875 ns, At safepoint: 54292 ns, Total: 1167167 ns
[2022-09-04T17:18:49.574+0000][1][gc,start     ] GC(40) Pause Young (Allocation Failure)
[2022-09-04T17:18:49.580+0000][1][gc,task      ] GC(40) Using 4 workers of 4 for evacuation
[2022-09-04T17:18:49.623+0000][1][gc,age       ] GC(40) Desired survivor size 8945664 bytes, new threshold 6 (max threshold 6)
[2022-09-04T17:18:49.624+0000][1][gc,age       ] GC(40) Age table with threshold 6 (max threshold 6)
[2022-09-04T17:18:49.642+0000][1][gc,age       ] GC(40) - age   1:      12720 bytes,      12720 total
[2022-09-04T17:18:49.643+0000][1][gc,age       ] GC(40) - age   2:       3208 bytes,      15928 total
[2022-09-04T17:18:49.644+0000][1][gc,age       ] GC(40) - age   3:        848 bytes,      16776 total
[2022-09-04T17:18:49.645+0000][1][gc,age       ] GC(40) - age   4:       2960 bytes,      19736 total
[2022-09-04T17:18:49.646+0000][1][gc,age       ] GC(40) - age   5:      73904 bytes,      93640 total
[2022-09-04T17:18:49.647+0000][1][gc,age       ] GC(40) - age   6:       1240 bytes,      94880 total
[2022-09-04T17:18:49.650+0000][1][gc,heap      ] GC(40) ParNew: 139885K->132K(157248K)
[2022-09-04T17:18:49.651+0000][1][gc,heap      ] GC(40) CMS: 67656K->67656K(349568K)
[2022-09-04T17:18:49.652+0000][1][gc,metaspace ] GC(40) Metaspace: 85058K->85058K(1126400K)
[2022-09-04T17:18:49.654+0000][1][gc           ] GC(40) Pause Young (Allocation Failure) 202M->66M(494M) 80.982ms
[2022-09-04T17:18:49.655+0000][1][gc,cpu       ] GC(40) User=0.08s Sys=0.03s Real=0.08s
[2022-09-04T17:18:49.657+0000][1][safepoint    ] Safepoint "GenCollectForAllocation", Time since last: 932544250 ns, Reaching safepoint: 1580334 ns, At safepoint: 84438708 ns, Total: 86019042 ns
[2022-09-04T17:18:50.662+0000][1][safepoint    ] Safepoint "Cleanup", Time since last: 1001302917 ns, Reaching safepoint: 2981500 ns, At safepoint: 133375 ns, Total: 3114875 ns
[2022-09-04T17:18:51.667+0000][1][safepoint    ] Safepoint "Cleanup", Time since last: 1004106251 ns, Reaching safepoint: 1154375 ns, At safepoint: 45666 ns, Total: 1200041 ns
[2022-09-04T17:18:52.670+0000][1][safepoint    ] Safepoint "Cleanup", Time since last: 1002416209 ns, Reaching safepoint: 1429000 ns, At safepoint: 41625 ns, Total: 1470625 ns
[2022-09-04T17:18:53.562+0000][1][safepoint    ] Safepoint "RevokeBias", Time since last: 890440334 ns, Reaching safepoint: 754416 ns, At safepoint: 149750 ns, Total: 904166 ns
[2022-09-04T17:18:53.627+0000][1][safepoint    ] Safepoint "RevokeBias", Time since last: 64364959 ns, Reaching safepoint: 1096708 ns, At safepoint: 122792 ns, Total: 1219500 ns
[2022-09-04T17:18:54.632+0000][1][safepoint    ] Safepoint "Cleanup", Time since last: 1003065625 ns, Reaching safepoint: 1463875 ns, At safepoint: 28917 ns, Total: 1492792 ns
[2022-09-04T17:18:55.640+0000][1][safepoint    ] Safepoint "Cleanup", Time since last: 1005863625 ns, Reaching safepoint: 2124042 ns, At safepoint: 55250 ns, Total: 2179292 ns
[2022-09-04T17:18:56.647+0000][1][safepoint    ] Safepoint "Cleanup", Time since last: 1005113126 ns, Reaching safepoint: 1890916 ns, At safepoint: 84167 ns, Total: 1975083 ns
[2022-09-04T17:18:57.656+0000][1][safepoint    ] Safepoint "Cleanup", Time since last: 1007724709 ns, Reaching safepoint: 1360708 ns, At safepoint: 31583 ns, Total: 1392291 ns
[2022-09-04T17:18:58.662+0000][1][safepoint    ] Safepoint "Cleanup", Time since last: 1002509751 ns, Reaching safepoint: 3337875 ns, At safepoint: 90000 ns, Total: 3427875 ns
[2022-09-04T17:18:59.668+0000][1][safepoint    ] Safepoint "Cleanup", Time since last: 1004529209 ns, Reaching safepoint: 1176750 ns, At safepoint: 27958 ns, Total: 1204708 ns
[2022-09-04T17:19:00.673+0000][1][safepoint    ] Safepoint "Cleanup", Time since last: 1002641501 ns, Reaching safepoint: 2908708 ns, At safepoint: 56292 ns, Total: 2965000 ns
[2022-09-04T17:19:01.677+0000][1][safepoint    ] Safepoint "Cleanup", Time since last: 1003029082 ns, Reaching safepoint: 1084167 ns, At safepoint: 23583 ns, Total: 1107750 ns
[2022-09-04T17:19:02.681+0000][1][safepoint    ] Safepoint "Cleanup", Time since last: 1002732001 ns, Reaching safepoint: 903916 ns, At safepoint: 24625 ns, Total: 928541 ns
[2022-09-04T17:19:03.685+0000][1][safepoint    ] Safepoint "Cleanup", Time since last: 1003006459 ns, Reaching safepoint: 1323334 ns, At safepoint: 42250 ns, Total: 1365584 ns
[2022-09-04T17:19:04.689+0000][1][safepoint    ] Safepoint "Cleanup", Time since last: 1002760958 ns, Reaching safepoint: 904084 ns, At safepoint: 94458 ns, Total: 998542 ns
[2022-09-04T17:19:05.692+0000][1][safepoint    ] Safepoint "Cleanup", Time since last: 1001812126 ns, Reaching safepoint: 1230916 ns, At safepoint: 50334 ns, Total: 1281250 ns
[2022-09-04T17:19:06.695+0000][1][safepoint    ] Safepoint "Cleanup", Time since last: 1001982292 ns, Reaching safepoint: 1445125 ns, At safepoint: 35625 ns, Total: 1480750 ns
[2022-09-04T17:19:07.699+0000][1][safepoint    ] Safepoint "Cleanup", Time since last: 1002160167 ns, Reaching safepoint: 955250 ns, At safepoint: 58833 ns, Total: 1014083 ns
[2022-09-04T17:19:08.703+0000][1][safepoint    ] Safepoint "Cleanup", Time since last: 1002921501 ns, Reaching safepoint: 1515625 ns, At safepoint: 79666 ns, Total: 1595291 ns
[2022-09-04T17:19:09.707+0000][1][safepoint    ] Safepoint "Cleanup", Time since last: 1002682834 ns, Reaching safepoint: 975625 ns, At safepoint: 43167 ns, Total: 1018792 ns
[2022-09-04T17:19:10.710+0000][1][safepoint    ] Safepoint "Cleanup", Time since last: 1001650875 ns, Reaching safepoint: 979000 ns, At safepoint: 112834 ns, Total: 1091834 ns
[2022-09-04T17:19:11.713+0000][1][safepoint    ] Safepoint "Cleanup", Time since last: 1002397833 ns, Reaching safepoint: 958417 ns, At safepoint: 26750 ns, Total: 985167 ns
[2022-09-04T17:19:12.716+0000][1][safepoint    ] Safepoint "Cleanup", Time since last: 1001705292 ns, Reaching safepoint: 978000 ns, At safepoint: 25000 ns, Total: 1003000 ns
[2022-09-04T17:19:13.719+0000][1][safepoint    ] Safepoint "Cleanup", Time since last: 1002142626 ns, Reaching safepoint: 969166 ns, At safepoint: 19917 ns, Total: 989083 ns
[2022-09-04T17:19:14.843+0000][1][safepoint    ] Safepoint "Cleanup", Time since last: 1122878084 ns, Reaching safepoint: 853583 ns, At safepoint: 22500 ns, Total: 876083 ns
[2022-09-04T17:19:15.849+0000][1][safepoint    ] Safepoint "Cleanup", Time since last: 1002644959 ns, Reaching safepoint: 3613250 ns, At safepoint: 142625 ns, Total: 3755875 ns
[2022-09-04T17:19:16.859+0000][1][safepoint    ] Safepoint "Cleanup", Time since last: 1008429917 ns, Reaching safepoint: 1698750 ns, At safepoint: 48042 ns, Total: 1746792 ns
[2022-09-04T17:19:17.865+0000][1][safepoint    ] Safepoint "Cleanup", Time since last: 1005057459 ns, Reaching safepoint: 891708 ns, At safepoint: 24042 ns, Total: 915750 ns
[2022-09-04T17:19:18.886+0000][1][safepoint    ] Safepoint "Cleanup", Time since last: 1018231792 ns, Reaching safepoint: 2758167 ns, At safepoint: 68958 ns, Total: 2827125 ns
[2022-09-04T17:19:19.894+0000][1][safepoint    ] Safepoint "Cleanup", Time since last: 1006109750 ns, Reaching safepoint: 1579417 ns, At safepoint: 56792 ns, Total: 1636209 ns
[2022-09-04T17:19:20.899+0000][1][safepoint    ] Safepoint "Cleanup", Time since last: 1003382959 ns, Reaching safepoint: 1460041 ns, At safepoint: 54667 ns, Total: 1514708 ns
[2022-09-04T17:19:21.904+0000][1][safepoint    ] Safepoint "Cleanup", Time since last: 1004079375 ns, Reaching safepoint: 1023667 ns, At safepoint: 26208 ns, Total: 1049875 ns
[2022-09-04T17:19:22.908+0000][1][safepoint    ] Safepoint "Cleanup", Time since last: 1003000626 ns, Reaching safepoint: 947125 ns, At safepoint: 26333 ns, Total: 973458 ns
[2022-09-04T17:19:23.488+0000][1][safepoint    ] Safepoint "RevokeBias", Time since last: 578781875 ns, Reaching safepoint: 1196375 ns, At safepoint: 226917 ns, Total: 1423292 ns
[2022-09-04T17:19:23.496+0000][1][safepoint    ] Safepoint "RevokeBias", Time since last: 7493250 ns, Reaching safepoint: 575292 ns, At safepoint: 144041 ns, Total: 719333 ns
[2022-09-04T17:19:23.604+0000][1][safepoint    ] Safepoint "RevokeBias", Time since last: 106364917 ns, Reaching safepoint: 749583 ns, At safepoint: 103709 ns, Total: 853292 ns
[2022-09-04T17:19:23.639+0000][1][safepoint    ] Safepoint "RevokeBias", Time since last: 33997541 ns, Reaching safepoint: 1092459 ns, At safepoint: 116208 ns, Total: 1208667 ns
[2022-09-04T17:19:24.643+0000][1][safepoint    ] Safepoint "Cleanup", Time since last: 1002810042 ns, Reaching safepoint: 1451709 ns, At safepoint: 28541 ns, Total: 1480250 ns
[2022-09-04T17:19:25.647+0000][1][safepoint    ] Safepoint "Cleanup", Time since last: 1002023001 ns, Reaching safepoint: 1880291 ns, At safepoint: 57625 ns, Total: 1937916 ns
[2022-09-04T17:19:26.653+0000][1][safepoint    ] Safepoint "Cleanup", Time since last: 1004123209 ns, Reaching safepoint: 2230167 ns, At safepoint: 60917 ns, Total: 2291084 ns
[2022-09-04T17:19:27.660+0000][1][safepoint    ] Safepoint "Cleanup", Time since last: 1005017333 ns, Reaching safepoint: 1900625 ns, At safepoint: 53375 ns, Total: 1954000 ns
[2022-09-04T17:19:28.668+0000][1][safepoint    ] Safepoint "Cleanup", Time since last: 1003944418 ns, Reaching safepoint: 3785958 ns, At safepoint: 232083 ns, Total: 4018041 ns
[2022-09-04T17:19:29.674+0000][1][safepoint    ] Safepoint "Cleanup", Time since last: 1004204834 ns, Reaching safepoint: 1106583 ns, At safepoint: 24417 ns, Total: 1131000 ns
[2022-09-04T17:19:30.678+0000][1][safepoint    ] Safepoint "Cleanup", Time since last: 1002994167 ns, Reaching safepoint: 1316834 ns, At safepoint: 46833 ns, Total: 1363667 ns
[2022-09-04T17:19:31.681+0000][1][safepoint    ] Safepoint "Cleanup", Time since last: 1002039667 ns, Reaching safepoint: 1004333 ns, At safepoint: 25667 ns, Total: 1030000 ns
[2022-09-04T17:19:32.683+0000][1][safepoint    ] Safepoint "Cleanup", Time since last: 1001711083 ns, Reaching safepoint: 1028167 ns, At safepoint: 25792 ns, Total: 1053959 ns
[2022-09-04T17:19:33.687+0000][1][safepoint    ] Safepoint "Cleanup", Time since last: 1002190250 ns, Reaching safepoint: 1374250 ns, At safepoint: 34500 ns, Total: 1408750 ns
[2022-09-04T17:19:34.690+0000][1][safepoint    ] Safepoint "Cleanup", Time since last: 1002466459 ns, Reaching safepoint: 967750 ns, At safepoint: 41542 ns, Total: 1009292 ns
[2022-09-04T17:19:35.696+0000][1][safepoint    ] Safepoint "Cleanup", Time since last: 1004681459 ns, Reaching safepoint: 940250 ns, At safepoint: 25958 ns, Total: 966208 ns
[2022-09-04T17:19:36.699+0000][1][safepoint    ] Safepoint "Cleanup", Time since last: 1001849125 ns, Reaching safepoint: 921792 ns, At safepoint: 22042 ns, Total: 943834 ns
[2022-09-04T17:19:37.702+0000][1][safepoint    ] Safepoint "Cleanup", Time since last: 1002081334 ns, Reaching safepoint: 1067541 ns, At safepoint: 34959 ns, Total: 1102500 ns
[2022-09-04T17:19:38.707+0000][1][safepoint    ] Safepoint "Cleanup", Time since last: 1003497625 ns, Reaching safepoint: 1343958 ns, At safepoint: 39334 ns, Total: 1383292 ns
[2022-09-04T17:19:39.712+0000][1][safepoint    ] Safepoint "Cleanup", Time since last: 1004200959 ns, Reaching safepoint: 912125 ns, At safepoint: 24041 ns, Total: 936166 ns
[2022-09-04T17:19:40.715+0000][1][safepoint    ] Safepoint "Cleanup", Time since last: 1001493959 ns, Reaching safepoint: 901042 ns, At safepoint: 23291 ns, Total: 924333 ns
[2022-09-04T17:19:41.718+0000][1][safepoint    ] Safepoint "Cleanup", Time since last: 1002878834 ns, Reaching safepoint: 969167 ns, At safepoint: 34750 ns, Total: 1003917 ns
[2022-09-04T17:19:42.722+0000][1][safepoint    ] Safepoint "Cleanup", Time since last: 1002207167 ns, Reaching safepoint: 903667 ns, At safepoint: 31000 ns, Total: 934667 ns
[2022-09-04T17:19:43.725+0000][1][safepoint    ] Safepoint "Cleanup", Time since last: 1002206292 ns, Reaching safepoint: 858666 ns, At safepoint: 22167 ns, Total: 880833 ns
[2022-09-04T17:19:44.729+0000][1][safepoint    ] Safepoint "Cleanup", Time since last: 1003568251 ns, Reaching safepoint: 964291 ns, At safepoint: 23709 ns, Total: 988000 ns
[2022-09-04T17:19:45.733+0000][1][safepoint    ] Safepoint "Cleanup", Time since last: 1002718792 ns, Reaching safepoint: 1094041 ns, At safepoint: 27584 ns, Total: 1121625 ns
[2022-09-04T17:19:46.736+0000][1][safepoint    ] Safepoint "Cleanup", Time since last: 1001968125 ns, Reaching safepoint: 1134334 ns, At safepoint: 27166 ns, Total: 1161500 ns
[2022-09-04T17:19:47.741+0000][1][safepoint    ] Safepoint "Cleanup", Time since last: 1003678334 ns, Reaching safepoint: 1021708 ns, At safepoint: 24959 ns, Total: 1046667 ns
[2022-09-04T17:19:48.745+0000][1][safepoint    ] Safepoint "Cleanup", Time since last: 1003407250 ns, Reaching safepoint: 902708 ns, At safepoint: 21917 ns, Total: 924625 ns
[2022-09-04T17:19:49.748+0000][1][safepoint    ] Safepoint "Cleanup", Time since last: 1002162292 ns, Reaching safepoint: 965125 ns, At safepoint: 23792 ns, Total: 988917 ns
[2022-09-04T17:19:50.754+0000][1][safepoint    ] Safepoint "Cleanup", Time since last: 1004385625 ns, Reaching safepoint: 1328542 ns, At safepoint: 35583 ns, Total: 1364125 ns
[2022-09-04T17:19:51.759+0000][1][safepoint    ] Safepoint "Cleanup", Time since last: 1003345459 ns, Reaching safepoint: 1215250 ns, At safepoint: 60125 ns, Total: 1275375 ns
[2022-09-04T17:19:52.762+0000][1][safepoint    ] Safepoint "Cleanup", Time since last: 1002244792 ns, Reaching safepoint: 1120334 ns, At safepoint: 29166 ns, Total: 1149500 ns
[2022-09-04T17:19:53.766+0000][1][safepoint    ] Safepoint "Cleanup", Time since last: 1002977126 ns, Reaching safepoint: 1099125 ns, At safepoint: 28500 ns, Total: 1127625 ns
[2022-09-04T17:19:54.769+0000][1][safepoint    ] Safepoint "Cleanup", Time since last: 1002259709 ns, Reaching safepoint: 926625 ns, At safepoint: 22166 ns, Total: 948791 ns
[2022-09-04T17:19:55.773+0000][1][safepoint    ] Safepoint "Cleanup", Time since last: 1001931418 ns, Reaching safepoint: 1132333 ns, At safepoint: 29625 ns, Total: 1161958 ns
[2022-09-04T17:19:56.776+0000][1][safepoint    ] Safepoint "Cleanup", Time since last: 1002078209 ns, Reaching safepoint: 1232208 ns, At safepoint: 32583 ns, Total: 1264791 ns
[2022-09-04T17:19:57.780+0000][1][safepoint    ] Safepoint "Cleanup", Time since last: 1002950834 ns, Reaching safepoint: 1211875 ns, At safepoint: 25625 ns, Total: 1237500 ns
[2022-09-04T17:19:58.785+0000][1][safepoint    ] Safepoint "Cleanup", Time since last: 1004126376 ns, Reaching safepoint: 968375 ns, At safepoint: 21416 ns, Total: 989791 ns
[2022-09-04T17:19:59.789+0000][1][safepoint    ] Safepoint "Cleanup", Time since last: 1003237876 ns, Reaching safepoint: 850875 ns, At safepoint: 22250 ns, Total: 873125 ns
[2022-09-04T17:20:00.793+0000][1][safepoint    ] Safepoint "Cleanup", Time since last: 1002346917 ns, Reaching safepoint: 903667 ns, At safepoint: 22916 ns, Total: 926583 ns
[2022-09-04T17:20:01.795+0000][1][safepoint    ] Safepoint "Cleanup", Time since last: 1002687958 ns, Reaching safepoint: 948250 ns, At safepoint: 21958 ns, Total: 970208 ns
[2022-09-04T17:20:02.798+0000][1][safepoint    ] Safepoint "Cleanup", Time since last: 1001826459 ns, Reaching safepoint: 1191084 ns, At safepoint: 32250 ns, Total: 1223334 ns
[2022-09-04T17:20:03.803+0000][1][safepoint    ] Safepoint "Cleanup", Time since last: 1003654458 ns, Reaching safepoint: 945084 ns, At safepoint: 49583 ns, Total: 994667 ns
[2022-09-04T17:20:04.808+0000][1][safepoint    ] Safepoint "Cleanup", Time since last: 1003142417 ns, Reaching safepoint: 1472292 ns, At safepoint: 39625 ns, Total: 1511917 ns
[2022-09-04T17:20:05.811+0000][1][safepoint    ] Safepoint "Cleanup", Time since last: 1002501875 ns, Reaching safepoint: 1022125 ns, At safepoint: 35875 ns, Total: 1058000 ns
[2022-09-04T17:20:06.814+0000][1][safepoint    ] Safepoint "Cleanup", Time since last: 1001921834 ns, Reaching safepoint: 1130417 ns, At safepoint: 28333 ns, Total: 1158750 ns
[2022-09-04T17:20:07.819+0000][1][safepoint    ] Safepoint "Cleanup", Time since last: 1003475167 ns, Reaching safepoint: 1130459 ns, At safepoint: 33958 ns, Total: 1164417 ns
[2022-09-04T17:20:08.822+0000][1][safepoint    ] Safepoint "Cleanup", Time since last: 1002366959 ns, Reaching safepoint: 918958 ns, At safepoint: 40792 ns, Total: 959750 ns
[2022-09-04T17:20:09.826+0000][1][safepoint    ] Safepoint "Cleanup", Time since last: 1002497209 ns, Reaching safepoint: 880833 ns, At safepoint: 22708 ns, Total: 903541 ns
[2022-09-04T17:20:10.828+0000][1][safepoint    ] Safepoint "Cleanup", Time since last: 1001522751 ns, Reaching safepoint: 961166 ns, At safepoint: 19417 ns, Total: 980583 ns
[2022-09-04T17:20:11.831+0000][1][safepoint    ] Safepoint "Cleanup", Time since last: 1002023542 ns, Reaching safepoint: 953209 ns, At safepoint: 26041 ns, Total: 979250 ns
[2022-09-04T17:20:12.835+0000][1][safepoint    ] Safepoint "Cleanup", Time since last: 1002362834 ns, Reaching safepoint: 1739833 ns, At safepoint: 65042 ns, Total: 1804875 ns
[2022-09-04T17:20:13.840+0000][1][safepoint    ] Safepoint "Cleanup", Time since last: 1003588167 ns, Reaching safepoint: 1211042 ns, At safepoint: 36166 ns, Total: 1247208 ns
[2022-09-04T17:20:14.847+0000][1][safepoint    ] Safepoint "Cleanup", Time since last: 1005797918 ns, Reaching safepoint: 1210416 ns, At safepoint: 51667 ns, Total: 1262083 ns
[2022-09-04T17:20:15.853+0000][1][safepoint    ] Safepoint "Cleanup", Time since last: 1003210334 ns, Reaching safepoint: 2184541 ns, At safepoint: 76375 ns, Total: 2260916 ns
[2022-09-04T17:20:16.859+0000][1][safepoint    ] Safepoint "Cleanup", Time since last: 1004254959 ns, Reaching safepoint: 2163625 ns, At safepoint: 87292 ns, Total: 2250917 ns
[2022-09-04T17:20:17.864+0000][1][safepoint    ] Safepoint "Cleanup", Time since last: 1003791875 ns, Reaching safepoint: 1309542 ns, At safepoint: 37792 ns, Total: 1347334 ns
[2022-09-04T17:20:18.872+0000][1][safepoint    ] Safepoint "Cleanup", Time since last: 1003536167 ns, Reaching safepoint: 3827125 ns, At safepoint: 133333 ns, Total: 3960458 ns
[2022-09-04T17:20:19.879+0000][1][safepoint    ] Safepoint "Cleanup", Time since last: 1005772917 ns, Reaching safepoint: 1114917 ns, At safepoint: 35750 ns, Total: 1150667 ns
[2022-09-04T17:20:20.883+0000][1][safepoint    ] Safepoint "Cleanup", Time since last: 1001853417 ns, Reaching safepoint: 2248834 ns, At safepoint: 59083 ns, Total: 2307917 ns
[2022-09-04T17:20:21.894+0000][1][safepoint    ] Safepoint "Cleanup", Time since last: 1009189250 ns, Reaching safepoint: 1919667 ns, At safepoint: 84167 ns, Total: 2003834 ns
[2022-09-04T17:20:22.905+0000][1][safepoint    ] Safepoint "Cleanup", Time since last: 1009777708 ns, Reaching safepoint: 989375 ns, At safepoint: 33709 ns, Total: 1023084 ns
[2022-09-04T17:20:23.910+0000][1][safepoint    ] Safepoint "Cleanup", Time since last: 1003417000 ns, Reaching safepoint: 2003625 ns, At safepoint: 43459 ns, Total: 2047084 ns
[2022-09-04T17:20:24.918+0000][1][safepoint    ] Safepoint "Cleanup", Time since last: 1003500500 ns, Reaching safepoint: 4086875 ns, At safepoint: 179417 ns, Total: 4266292 ns
[2022-09-04T17:20:25.923+0000][1][safepoint    ] Safepoint "Cleanup", Time since last: 1003407667 ns, Reaching safepoint: 1535042 ns, At safepoint: 43125 ns, Total: 1578167 ns
[2022-09-04T17:20:26.929+0000][1][safepoint    ] Safepoint "Cleanup", Time since last: 1003908542 ns, Reaching safepoint: 1565041 ns, At safepoint: 46917 ns, Total: 1611958 ns
[2022-09-04T17:20:27.932+0000][1][safepoint    ] Safepoint "Cleanup", Time since last: 1002537209 ns, Reaching safepoint: 928458 ns, At safepoint: 22625 ns, Total: 951083 ns
[2022-09-04T17:20:28.936+0000][1][safepoint    ] Safepoint "Cleanup", Time since last: 1002342584 ns, Reaching safepoint: 1562000 ns, At safepoint: 59167 ns, Total: 1621167 ns
[2022-09-04T17:20:29.943+0000][1][safepoint    ] Safepoint "Cleanup", Time since last: 1003225292 ns, Reaching safepoint: 3426666 ns, At safepoint: 183917 ns, Total: 3610583 ns
[2022-09-04T17:20:30.949+0000][1][safepoint    ] Safepoint "Cleanup", Time since last: 1003510209 ns, Reaching safepoint: 2279375 ns, At safepoint: 138833 ns, Total: 2418208 ns
[2022-09-04T17:20:31.954+0000][1][safepoint    ] Safepoint "Cleanup", Time since last: 1004086791 ns, Reaching safepoint: 1204584 ns, At safepoint: 30625 ns, Total: 1235209 ns
[2022-09-04T17:20:32.961+0000][1][safepoint    ] Safepoint "Cleanup", Time since last: 1006110834 ns, Reaching safepoint: 951416 ns, At safepoint: 22917 ns, Total: 974333 ns
[2022-09-04T17:20:33.964+0000][1][safepoint    ] Safepoint "Cleanup", Time since last: 1001901792 ns, Reaching safepoint: 1082417 ns, At safepoint: 23666 ns, Total: 1106083 ns
[2022-09-04T17:20:34.968+0000][1][safepoint    ] Safepoint "Cleanup", Time since last: 1002265001 ns, Reaching safepoint: 1151167 ns, At safepoint: 29000 ns, Total: 1180167 ns
[2022-09-04T17:20:35.971+0000][1][safepoint    ] Safepoint "Cleanup", Time since last: 1002549958 ns, Reaching safepoint: 933167 ns, At safepoint: 27667 ns, Total: 960834 ns
[2022-09-04T17:20:36.975+0000][1][safepoint    ] Safepoint "Cleanup", Time since last: 1002174084 ns, Reaching safepoint: 1747625 ns, At safepoint: 48666 ns, Total: 1796291 ns
[2022-09-04T17:20:37.983+0000][1][safepoint    ] Safepoint "Cleanup", Time since last: 1006590959 ns, Reaching safepoint: 827917 ns, At safepoint: 21625 ns, Total: 849542 ns
[2022-09-04T17:20:38.988+0000][1][safepoint    ] Safepoint "Cleanup", Time since last: 1003959583 ns, Reaching safepoint: 1533875 ns, At safepoint: 40834 ns, Total: 1574709 ns
[2022-09-04T17:20:39.995+0000][1][safepoint    ] Safepoint "Cleanup", Time since last: 1006028292 ns, Reaching safepoint: 1121667 ns, At safepoint: 29916 ns, Total: 1151583 ns
[2022-09-04T17:20:41.001+0000][1][safepoint    ] Safepoint "Cleanup", Time since last: 1004198834 ns, Reaching safepoint: 1608042 ns, At safepoint: 60500 ns, Total: 1668542 ns
[2022-09-04T17:20:42.005+0000][1][safepoint    ] Safepoint "Cleanup", Time since last: 1002481834 ns, Reaching safepoint: 1245833 ns, At safepoint: 28708 ns, Total: 1274541 ns
[2022-09-04T17:20:43.010+0000][1][safepoint    ] Safepoint "Cleanup", Time since last: 1003745042 ns, Reaching safepoint: 1308167 ns, At safepoint: 48792 ns, Total: 1356959 ns
[2022-09-04T17:20:44.015+0000][1][safepoint    ] Safepoint "Cleanup", Time since last: 1004161000 ns, Reaching safepoint: 1279084 ns, At safepoint: 33125 ns, Total: 1312209 ns
[2022-09-04T17:20:45.020+0000][1][safepoint    ] Safepoint "Cleanup", Time since last: 1002278458 ns, Reaching safepoint: 2175459 ns, At safepoint: 85833 ns, Total: 2261292 ns
[2022-09-04T17:20:46.027+0000][1][safepoint    ] Safepoint "Cleanup", Time since last: 1005532167 ns, Reaching safepoint: 1130125 ns, At safepoint: 52500 ns, Total: 1182625 ns
[2022-09-04T17:20:47.035+0000][1][safepoint    ] Safepoint "Cleanup", Time since last: 1003320084 ns, Reaching safepoint: 4474958 ns, At safepoint: 83667 ns, Total: 4558625 ns
[2022-09-04T17:20:48.041+0000][1][safepoint    ] Safepoint "Cleanup", Time since last: 1004978042 ns, Reaching safepoint: 995583 ns, At safepoint: 22250 ns, Total: 1017833 ns
[2022-09-04T17:20:49.044+0000][1][safepoint    ] Safepoint "Cleanup", Time since last: 1001883918 ns, Reaching safepoint: 1319791 ns, At safepoint: 32042 ns, Total: 1351833 ns
[2022-09-04T17:20:50.047+0000][1][safepoint    ] Safepoint "Cleanup", Time since last: 1002417667 ns, Reaching safepoint: 862417 ns, At safepoint: 21166 ns, Total: 883583 ns
[2022-09-04T17:20:51.053+0000][1][safepoint    ] Safepoint "Cleanup", Time since last: 1003038834 ns, Reaching safepoint: 2670084 ns, At safepoint: 58125 ns, Total: 2728209 ns
[2022-09-04T17:20:52.059+0000][1][safepoint    ] Safepoint "Cleanup", Time since last: 1004643083 ns, Reaching safepoint: 1100000 ns, At safepoint: 31042 ns, Total: 1131042 ns
[2022-09-04T17:20:53.062+0000][1][safepoint    ] Safepoint "Cleanup", Time since last: 1002035751 ns, Reaching safepoint: 848416 ns, At safepoint: 24667 ns, Total: 873083 ns
[2022-09-04T17:20:54.065+0000][1][safepoint    ] Safepoint "Cleanup", Time since last: 1002163500 ns, Reaching safepoint: 999209 ns, At safepoint: 24000 ns, Total: 1023209 ns
[2022-09-04T17:20:55.071+0000][1][safepoint    ] Safepoint "Cleanup", Time since last: 1004595958 ns, Reaching safepoint: 1733459 ns, At safepoint: 60250 ns, Total: 1793709 ns
[2022-09-04T17:20:56.075+0000][1][safepoint    ] Safepoint "Cleanup", Time since last: 1002946917 ns, Reaching safepoint: 1093875 ns, At safepoint: 26917 ns, Total: 1120792 ns
[2022-09-04T17:20:57.084+0000][1][safepoint    ] Safepoint "Cleanup", Time since last: 1006183000 ns, Reaching safepoint: 2026167 ns, At safepoint: 88541 ns, Total: 2114708 ns
[2022-09-04T17:20:58.088+0000][1][safepoint    ] Safepoint "Cleanup", Time since last: 1003687251 ns, Reaching safepoint: 998125 ns, At safepoint: 25250 ns, Total: 1023375 ns
[2022-09-04T17:20:59.092+0000][1][safepoint    ] Safepoint "Cleanup", Time since last: 1002963459 ns, Reaching safepoint: 967666 ns, At safepoint: 23500 ns, Total: 991166 ns
[2022-09-04T17:21:00.097+0000][1][safepoint    ] Safepoint "Cleanup", Time since last: 1003226334 ns, Reaching safepoint: 1827917 ns, At safepoint: 65583 ns, Total: 1893500 ns
[2022-09-04T17:21:01.105+0000][1][safepoint    ] Safepoint "Cleanup", Time since last: 1006303584 ns, Reaching safepoint: 1720917 ns, At safepoint: 56500 ns, Total: 1777417 ns
[2022-09-04T17:21:02.109+0000][1][safepoint    ] Safepoint "Cleanup", Time since last: 1003153541 ns, Reaching safepoint: 986875 ns, At safepoint: 22167 ns, Total: 1009042 ns
[2022-09-04T17:21:03.113+0000][1][safepoint    ] Safepoint "Cleanup", Time since last: 1002870958 ns, Reaching safepoint: 1009625 ns, At safepoint: 23709 ns, Total: 1033334 ns
[2022-09-04T17:21:04.116+0000][1][safepoint    ] Safepoint "Cleanup", Time since last: 1001889167 ns, Reaching safepoint: 1132542 ns, At safepoint: 24458 ns, Total: 1157000 ns
[2022-09-04T17:21:05.122+0000][1][safepoint    ] Safepoint "Cleanup", Time since last: 1003395584 ns, Reaching safepoint: 2587541 ns, At safepoint: 72042 ns, Total: 2659583 ns
[2022-09-04T17:21:06.127+0000][1][safepoint    ] Safepoint "Cleanup", Time since last: 1004154834 ns, Reaching safepoint: 1156750 ns, At safepoint: 28750 ns, Total: 1185500 ns
[2022-09-04T17:21:07.132+0000][1][safepoint    ] Safepoint "Cleanup", Time since last: 1002186334 ns, Reaching safepoint: 2577708 ns, At safepoint: 136375 ns, Total: 2714083 ns
[2022-09-04T17:21:08.138+0000][1][safepoint    ] Safepoint "Cleanup", Time since last: 1004917667 ns, Reaching safepoint: 1122375 ns, At safepoint: 27958 ns, Total: 1150333 ns
[2022-09-04T17:21:09.142+0000][1][safepoint    ] Safepoint "Cleanup", Time since last: 1002420543 ns, Reaching safepoint: 1129583 ns, At safepoint: 29542 ns, Total: 1159125 ns
[2022-09-04T17:21:10.149+0000][1][safepoint    ] Safepoint "Cleanup", Time since last: 1003998958 ns, Reaching safepoint: 2850375 ns, At safepoint: 160250 ns, Total: 3010625 ns
[2022-09-04T17:21:11.154+0000][1][safepoint    ] Safepoint "Cleanup", Time since last: 1004295126 ns, Reaching safepoint: 1508333 ns, At safepoint: 45250 ns, Total: 1553583 ns
[2022-09-04T17:21:12.158+0000][1][safepoint    ] Safepoint "Cleanup", Time since last: 1002661209 ns, Reaching safepoint: 910667 ns, At safepoint: 25458 ns, Total: 936125 ns
[2022-09-04T17:21:13.162+0000][1][safepoint    ] Safepoint "Cleanup", Time since last: 1002532709 ns, Reaching safepoint: 1152791 ns, At safepoint: 31334 ns, Total: 1184125 ns
[2022-09-04T17:21:14.165+0000][1][safepoint    ] Safepoint "Cleanup", Time since last: 1002257125 ns, Reaching safepoint: 1120375 ns, At safepoint: 30000 ns, Total: 1150375 ns
[2022-09-04T17:21:15.170+0000][1][safepoint    ] Safepoint "Cleanup", Time since last: 1002297917 ns, Reaching safepoint: 2645000 ns, At safepoint: 66417 ns, Total: 2711417 ns
[2022-09-04T17:21:16.177+0000][1][safepoint    ] Safepoint "Cleanup", Time since last: 1005391917 ns, Reaching safepoint: 1687584 ns, At safepoint: 52833 ns, Total: 1740417 ns
[2022-09-04T17:21:17.182+0000][1][safepoint    ] Safepoint "Cleanup", Time since last: 1003161625 ns, Reaching safepoint: 1588542 ns, At safepoint: 181792 ns, Total: 1770334 ns
[2022-09-04T17:21:18.188+0000][1][safepoint    ] Safepoint "Cleanup", Time since last: 1004673917 ns, Reaching safepoint: 1005083 ns, At safepoint: 23167 ns, Total: 1028250 ns
[2022-09-04T17:21:19.191+0000][1][safepoint    ] Safepoint "Cleanup", Time since last: 1002301959 ns, Reaching safepoint: 947666 ns, At safepoint: 25000 ns, Total: 972666 ns
[2022-09-04T17:21:20.195+0000][1][safepoint    ] Safepoint "Cleanup", Time since last: 1002501626 ns, Reaching safepoint: 1205375 ns, At safepoint: 33583 ns, Total: 1238958 ns
[2022-09-04T17:21:21.199+0000][1][safepoint    ] Safepoint "Cleanup", Time since last: 1003043459 ns, Reaching safepoint: 984167 ns, At safepoint: 26708 ns, Total: 1010875 ns
[2022-09-04T17:21:22.204+0000][1][safepoint    ] Safepoint "Cleanup", Time since last: 1002758375 ns, Reaching safepoint: 2040167 ns, At safepoint: 325375 ns, Total: 2365542 ns
[2022-09-04T17:21:23.208+0000][1][safepoint    ] Safepoint "Cleanup", Time since last: 1002877167 ns, Reaching safepoint: 1052792 ns, At safepoint: 27583 ns, Total: 1080375 ns
[2022-09-04T17:21:24.211+0000][1][safepoint    ] Safepoint "Cleanup", Time since last: 1001999292 ns, Reaching safepoint: 888125 ns, At safepoint: 24125 ns, Total: 912250 ns
[2022-09-04T17:21:25.214+0000][1][safepoint    ] Safepoint "Cleanup", Time since last: 1001463209 ns, Reaching safepoint: 1479417 ns, At safepoint: 39958 ns, Total: 1519375 ns
[2022-09-04T17:21:26.217+0000][1][safepoint    ] Safepoint "Cleanup", Time since last: 1002048084 ns, Reaching safepoint: 950500 ns, At safepoint: 20667 ns, Total: 971167 ns
[2022-09-04T17:21:27.220+0000][1][safepoint    ] Safepoint "Cleanup", Time since last: 1001901000 ns, Reaching safepoint: 1000459 ns, At safepoint: 23708 ns, Total: 1024167 ns
[2022-09-04T17:21:28.226+0000][1][safepoint    ] Safepoint "Cleanup", Time since last: 1004716542 ns, Reaching safepoint: 981333 ns, At safepoint: 22250 ns, Total: 1003583 ns
[2022-09-04T17:21:29.231+0000][1][safepoint    ] Safepoint "Cleanup", Time since last: 1004568709 ns, Reaching safepoint: 1218125 ns, At safepoint: 29167 ns, Total: 1247292 ns
[2022-09-04T17:21:30.235+0000][1][safepoint    ] Safepoint "Cleanup", Time since last: 1002003584 ns, Reaching safepoint: 1317625 ns, At safepoint: 194625 ns, Total: 1512250 ns
[2022-09-04T17:21:31.240+0000][1][safepoint    ] Safepoint "Cleanup", Time since last: 1002691500 ns, Reaching safepoint: 1852042 ns, At safepoint: 79125 ns, Total: 1931167 ns
[2022-09-04T17:21:32.244+0000][1][safepoint    ] Safepoint "Cleanup", Time since last: 1003268917 ns, Reaching safepoint: 1154958 ns, At safepoint: 28250 ns, Total: 1183208 ns
[2022-09-04T17:21:33.249+0000][1][safepoint    ] Safepoint "Cleanup", Time since last: 1003445792 ns, Reaching safepoint: 957292 ns, At safepoint: 26500 ns, Total: 983792 ns
[2022-09-04T17:21:34.252+0000][1][safepoint    ] Safepoint "Cleanup", Time since last: 1002394500 ns, Reaching safepoint: 1058709 ns, At safepoint: 73916 ns, Total: 1132625 ns
[2022-09-04T17:21:35.256+0000][1][safepoint    ] Safepoint "Cleanup", Time since last: 1002134209 ns, Reaching safepoint: 1455208 ns, At safepoint: 36042 ns, Total: 1491250 ns
[2022-09-04T17:21:36.262+0000][1][safepoint    ] Safepoint "Cleanup", Time since last: 1005617292 ns, Reaching safepoint: 889584 ns, At safepoint: 23875 ns, Total: 913459 ns
[2022-09-04T17:21:37.265+0000][1][safepoint    ] Safepoint "Cleanup", Time since last: 1001792958 ns, Reaching safepoint: 846667 ns, At safepoint: 56417 ns, Total: 903084 ns
[2022-09-04T17:21:38.270+0000][1][safepoint    ] Safepoint "Cleanup", Time since last: 1004493500 ns, Reaching safepoint: 889750 ns, At safepoint: 31667 ns, Total: 921417 ns
[2022-09-04T17:21:39.275+0000][1][safepoint    ] Safepoint "Cleanup", Time since last: 1002816875 ns, Reaching safepoint: 1319167 ns, At safepoint: 38125 ns, Total: 1357292 ns
[2022-09-04T17:21:40.278+0000][1][safepoint    ] Safepoint "Cleanup", Time since last: 1001484625 ns, Reaching safepoint: 1956375 ns, At safepoint: 70084 ns, Total: 2026459 ns
[2022-09-04T17:21:41.282+0000][1][safepoint    ] Safepoint "Cleanup", Time since last: 1002234625 ns, Reaching safepoint: 1965250 ns, At safepoint: 55209 ns, Total: 2020459 ns
[2022-09-04T17:21:42.288+0000][1][safepoint    ] Safepoint "Cleanup", Time since last: 1003149667 ns, Reaching safepoint: 2599000 ns, At safepoint: 40750 ns, Total: 2639750 ns
[2022-09-04T17:21:43.294+0000][1][safepoint    ] Safepoint "Cleanup", Time since last: 1004931709 ns, Reaching safepoint: 945000 ns, At safepoint: 23375 ns, Total: 968375 ns
[2022-09-04T17:21:44.299+0000][1][safepoint    ] Safepoint "Cleanup", Time since last: 1002672750 ns, Reaching safepoint: 1834333 ns, At safepoint: 61375 ns, Total: 1895708 ns
[2022-09-04T17:21:45.305+0000][1][safepoint    ] Safepoint "Cleanup", Time since last: 1004807959 ns, Reaching safepoint: 1377084 ns, At safepoint: 63166 ns, Total: 1440250 ns
[2022-09-04T17:21:46.310+0000][1][safepoint    ] Safepoint "Cleanup", Time since last: 1003659459 ns, Reaching safepoint: 1263708 ns, At safepoint: 30084 ns, Total: 1293792 ns
[2022-09-04T17:21:47.315+0000][1][safepoint    ] Safepoint "Cleanup", Time since last: 1001985083 ns, Reaching safepoint: 2845542 ns, At safepoint: 91458 ns, Total: 2937000 ns
[2022-09-04T17:21:48.321+0000][1][safepoint    ] Safepoint "Cleanup", Time since last: 1004794834 ns, Reaching safepoint: 878834 ns, At safepoint: 23708 ns, Total: 902542 ns
[2022-09-04T17:21:49.323+0000][1][safepoint    ] Safepoint "Cleanup", Time since last: 1001614625 ns, Reaching safepoint: 874875 ns, At safepoint: 23417 ns, Total: 898292 ns
[2022-09-04T17:21:50.328+0000][1][safepoint    ] Safepoint "Cleanup", Time since last: 1003660251 ns, Reaching safepoint: 977625 ns, At safepoint: 57875 ns, Total: 1035500 ns
[2022-09-04T17:21:51.332+0000][1][safepoint    ] Safepoint "Cleanup", Time since last: 1001951583 ns, Reaching safepoint: 1811917 ns, At safepoint: 54750 ns, Total: 1866667 ns
[2022-09-04T17:21:52.339+0000][1][safepoint    ] Safepoint "Cleanup", Time since last: 1005890126 ns, Reaching safepoint: 1916208 ns, At safepoint: 67708 ns, Total: 1983916 ns
[2022-09-04T17:21:53.348+0000][1][safepoint    ] Safepoint "Cleanup", Time since last: 1006532459 ns, Reaching safepoint: 2034875 ns, At safepoint: 125708 ns, Total: 2160583 ns
[2022-09-04T17:21:54.355+0000][1][safepoint    ] Safepoint "Cleanup", Time since last: 1005211959 ns, Reaching safepoint: 1804625 ns, At safepoint: 53292 ns, Total: 1857917 ns
[2022-09-04T17:21:55.361+0000][1][safepoint    ] Safepoint "Cleanup", Time since last: 1003643292 ns, Reaching safepoint: 2396250 ns, At safepoint: 163500 ns, Total: 2559750 ns
[2022-09-04T17:21:56.371+0000][1][safepoint    ] Safepoint "Cleanup", Time since last: 1008712042 ns, Reaching safepoint: 1266625 ns, At safepoint: 59250 ns, Total: 1325875 ns
[2022-09-04T17:21:57.377+0000][1][safepoint    ] Safepoint "Cleanup", Time since last: 1003726917 ns, Reaching safepoint: 2193209 ns, At safepoint: 76125 ns, Total: 2269334 ns
[2022-09-04T17:21:58.381+0000][1][safepoint    ] Safepoint "Cleanup", Time since last: 1002896667 ns, Reaching safepoint: 992708 ns, At safepoint: 35625 ns, Total: 1028333 ns
[2022-09-04T17:21:59.388+0000][1][safepoint    ] Safepoint "Cleanup", Time since last: 1003245292 ns, Reaching safepoint: 3035792 ns, At safepoint: 181750 ns, Total: 3217542 ns
[2022-09-04T17:22:00.392+0000][1][safepoint    ] Safepoint "Cleanup", Time since last: 1002977250 ns, Reaching safepoint: 956709 ns, At safepoint: 32875 ns, Total: 989584 ns
[2022-09-04T17:22:01.395+0000][1][safepoint    ] Safepoint "Cleanup", Time since last: 1003887041 ns, Reaching safepoint: 1055167 ns, At safepoint: 46958 ns, Total: 1102125 ns
[2022-09-04T17:22:02.401+0000][1][safepoint    ] Safepoint "Cleanup", Time since last: 1001933292 ns, Reaching safepoint: 3084792 ns, At safepoint: 82250 ns, Total: 3167042 ns
[2022-09-04T17:22:03.407+0000][1][safepoint    ] Safepoint "Cleanup", Time since last: 1003285125 ns, Reaching safepoint: 2647625 ns, At safepoint: 83333 ns, Total: 2730958 ns
[2022-09-04T17:22:04.416+0000][1][safepoint    ] Safepoint "Cleanup", Time since last: 1006037918 ns, Reaching safepoint: 3108250 ns, At safepoint: 124125 ns, Total: 3232375 ns
[2022-09-04T17:22:05.421+0000][1][safepoint    ] Safepoint "Cleanup", Time since last: 1004142167 ns, Reaching safepoint: 1009916 ns, At safepoint: 25125 ns, Total: 1035041 ns
[2022-09-04T17:22:06.425+0000][1][safepoint    ] Safepoint "Cleanup", Time since last: 1002052584 ns, Reaching safepoint: 2226875 ns, At safepoint: 61250 ns, Total: 2288125 ns
[2022-09-04T17:22:07.430+0000][1][safepoint    ] Safepoint "Cleanup", Time since last: 1003700959 ns, Reaching safepoint: 1062250 ns, At safepoint: 24292 ns, Total: 1086542 ns
[2022-09-04T17:22:08.435+0000][1][safepoint    ] Safepoint "Cleanup", Time since last: 1004071084 ns, Reaching safepoint: 962583 ns, At safepoint: 27708 ns, Total: 990291 ns
[2022-09-04T17:22:09.440+0000][1][safepoint    ] Safepoint "Cleanup", Time since last: 1002845667 ns, Reaching safepoint: 2400667 ns, At safepoint: 77375 ns, Total: 2478042 ns
[2022-09-04T17:22:10.446+0000][1][safepoint    ] Safepoint "Cleanup", Time since last: 1004387417 ns, Reaching safepoint: 1032042 ns, At safepoint: 26083 ns, Total: 1058125 ns
[2022-09-04T17:22:11.451+0000][1][safepoint    ] Safepoint "Cleanup", Time since last: 1002971876 ns, Reaching safepoint: 2270208 ns, At safepoint: 57667 ns, Total: 2327875 ns
[2022-09-04T17:22:12.458+0000][1][safepoint    ] Safepoint "Cleanup", Time since last: 1004616917 ns, Reaching safepoint: 1808750 ns, At safepoint: 65875 ns, Total: 1874625 ns
[2022-09-04T17:22:13.462+0000][1][safepoint    ] Safepoint "Cleanup", Time since last: 1003406750 ns, Reaching safepoint: 1102417 ns, At safepoint: 30042 ns, Total: 1132459 ns
[2022-09-04T17:22:14.726+0000][1][safepoint    ] Safepoint "Cleanup", Time since last: 1262651542 ns, Reaching safepoint: 990958 ns, At safepoint: 68125 ns, Total: 1059083 ns
[2022-09-04T17:22:15.733+0000][1][safepoint    ] Safepoint "Cleanup", Time since last: 1002587459 ns, Reaching safepoint: 3333042 ns, At safepoint: 246000 ns, Total: 3579042 ns
[2022-09-04T17:22:16.740+0000][1][safepoint    ] Safepoint "Cleanup", Time since last: 1006521250 ns, Reaching safepoint: 1413167 ns, At safepoint: 37917 ns, Total: 1451084 ns
[2022-09-04T17:22:17.746+0000][1][safepoint    ] Safepoint "Cleanup", Time since last: 1003709667 ns, Reaching safepoint: 2258083 ns, At safepoint: 84042 ns, Total: 2342125 ns
[2022-09-04T17:22:18.669+0000][1][safepoint    ] Safepoint "BulkRevokeBias", Time since last: 917321333 ns, Reaching safepoint: 903209 ns, At safepoint: 4765541 ns, Total: 5668750 ns
[2022-09-04T17:22:18.680+0000][1][safepoint    ] Safepoint "RevokeBias", Time since last: 9406917 ns, Reaching safepoint: 717000 ns, At safepoint: 344375 ns, Total: 1061375 ns
[2022-09-04T17:22:18.885+0000][1][safepoint    ] Safepoint "RevokeBias", Time since last: 203804959 ns, Reaching safepoint: 1870791 ns, At safepoint: 129875 ns, Total: 2000666 ns
[2022-09-04T17:22:19.100+0000][1][safepoint    ] Safepoint "RevokeBias", Time since last: 210176750 ns, Reaching safepoint: 3901042 ns, At safepoint: 125125 ns, Total: 4026167 ns
[2022-09-04T17:22:20.104+0000][1][safepoint    ] Safepoint "Cleanup", Time since last: 1003097667 ns, Reaching safepoint: 1356917 ns, At safepoint: 23708 ns, Total: 1380625 ns
[2022-09-04T17:22:21.110+0000][1][safepoint    ] Safepoint "Cleanup", Time since last: 1003358542 ns, Reaching safepoint: 2482834 ns, At safepoint: 49125 ns, Total: 2531959 ns
[2022-09-04T17:22:22.117+0000][1][safepoint    ] Safepoint "Cleanup", Time since last: 1005718458 ns, Reaching safepoint: 1050209 ns, At safepoint: 30791 ns, Total: 1081000 ns
[2022-09-04T17:22:23.121+0000][1][safepoint    ] Safepoint "Cleanup", Time since last: 1003079293 ns, Reaching safepoint: 917833 ns, At safepoint: 24583 ns, Total: 942416 ns
[2022-09-04T17:22:24.124+0000][1][safepoint    ] Safepoint "Cleanup", Time since last: 1002189042 ns, Reaching safepoint: 1122250 ns, At safepoint: 33375 ns, Total: 1155625 ns
[2022-09-04T17:22:25.128+0000][1][safepoint    ] Safepoint "Cleanup", Time since last: 1002470376 ns, Reaching safepoint: 957458 ns, At safepoint: 30709 ns, Total: 988167 ns
[2022-09-04T17:22:25.179+0000][1][safepoint    ] Safepoint "RevokeBias", Time since last: 47655083 ns, Reaching safepoint: 3359167 ns, At safepoint: 329916 ns, Total: 3689083 ns
[2022-09-04T17:22:25.182+0000][1][safepoint    ] Safepoint "RevokeBias", Time since last: 2361500 ns, Reaching safepoint: 727917 ns, At safepoint: 112542 ns, Total: 840459 ns
[2022-09-04T17:22:25.214+0000][1][safepoint    ] Safepoint "RevokeBias", Time since last: 28660250 ns, Reaching safepoint: 2341541 ns, At safepoint: 417209 ns, Total: 2758750 ns
[2022-09-04T17:22:25.242+0000][1][safepoint    ] Safepoint "RevokeBias", Time since last: 24182791 ns, Reaching safepoint: 4236417 ns, At safepoint: 121125 ns, Total: 4357542 ns
[2022-09-04T17:22:26.245+0000][1][safepoint    ] Safepoint "Cleanup", Time since last: 1001934167 ns, Reaching safepoint: 916917 ns, At safepoint: 28375 ns, Total: 945292 ns
[2022-09-04T17:22:27.248+0000][1][safepoint    ] Safepoint "Cleanup", Time since last: 1002217500 ns, Reaching safepoint: 945042 ns, At safepoint: 25167 ns, Total: 970209 ns
[2022-09-04T17:22:28.254+0000][1][safepoint    ] Safepoint "Cleanup", Time since last: 1005399250 ns, Reaching safepoint: 847000 ns, At safepoint: 28042 ns, Total: 875042 ns
[2022-09-04T17:22:29.262+0000][1][safepoint    ] Safepoint "Cleanup", Time since last: 1006264708 ns, Reaching safepoint: 927792 ns, At safepoint: 62708 ns, Total: 990500 ns
[2022-09-04T17:22:30.265+0000][1][safepoint    ] Safepoint "Cleanup", Time since last: 1002509543 ns, Reaching safepoint: 1047916 ns, At safepoint: 31667 ns, Total: 1079583 ns
[2022-09-04T17:22:31.270+0000][1][safepoint    ] Safepoint "Cleanup", Time since last: 1003154084 ns, Reaching safepoint: 1448083 ns, At safepoint: 46583 ns, Total: 1494666 ns
[2022-09-04T17:22:31.859+0000][1][safepoint    ] Safepoint "RevokeBias", Time since last: 587926834 ns, Reaching safepoint: 1239708 ns, At safepoint: 102167 ns, Total: 1341875 ns
[2022-09-04T17:22:31.862+0000][1][safepoint    ] Safepoint "RevokeBias", Time since last: 1940750 ns, Reaching safepoint: 474041 ns, At safepoint: 178209 ns, Total: 652250 ns
[2022-09-04T17:22:31.878+0000][1][safepoint    ] Safepoint "RevokeBias", Time since last: 14589000 ns, Reaching safepoint: 883333 ns, At safepoint: 104750 ns, Total: 988083 ns
[2022-09-04T17:22:31.887+0000][1][safepoint    ] Safepoint "RevokeBias", Time since last: 8557750 ns, Reaching safepoint: 1104875 ns, At safepoint: 139583 ns, Total: 1244458 ns
[2022-09-04T17:22:32.890+0000][1][safepoint    ] Safepoint "Cleanup", Time since last: 1001888251 ns, Reaching safepoint: 1093583 ns, At safepoint: 43167 ns, Total: 1136750 ns
[2022-09-04T17:22:33.903+0000][1][safepoint    ] Safepoint "Cleanup", Time since last: 1010684250 ns, Reaching safepoint: 1458542 ns, At safepoint: 37667 ns, Total: 1496209 ns
[2022-09-04T17:22:34.908+0000][1][safepoint    ] Safepoint "Cleanup", Time since last: 1003999167 ns, Reaching safepoint: 1203500 ns, At safepoint: 29000 ns, Total: 1232500 ns
[2022-09-04T17:22:35.830+0000][1][safepoint    ] Safepoint "RevokeBias", Time since last: 920862959 ns, Reaching safepoint: 946833 ns, At safepoint: 119292 ns, Total: 1066125 ns
[2022-09-04T17:22:35.833+0000][1][safepoint    ] Safepoint "RevokeBias", Time since last: 2302625 ns, Reaching safepoint: 584500 ns, At safepoint: 112458 ns, Total: 696958 ns
[2022-09-04T17:22:35.869+0000][1][safepoint    ] Safepoint "RevokeBias", Time since last: 34781833 ns, Reaching safepoint: 948417 ns, At safepoint: 145417 ns, Total: 1093834 ns
[2022-09-04T17:22:35.889+0000][1][safepoint    ] Safepoint "RevokeBias", Time since last: 18539250 ns, Reaching safepoint: 1913583 ns, At safepoint: 131417 ns, Total: 2045000 ns
[2022-09-04T17:22:36.921+0000][1][safepoint    ] Safepoint "Cleanup", Time since last: 1030861042 ns, Reaching safepoint: 1336292 ns, At safepoint: 31583 ns, Total: 1367875 ns
[2022-09-04T17:22:37.925+0000][1][safepoint    ] Safepoint "Cleanup", Time since last: 1002328667 ns, Reaching safepoint: 936667 ns, At safepoint: 23958 ns, Total: 960625 ns
[2022-09-04T17:22:38.929+0000][1][safepoint    ] Safepoint "Cleanup", Time since last: 1002997250 ns, Reaching safepoint: 1133667 ns, At safepoint: 103875 ns, Total: 1237542 ns
[2022-09-04T17:22:39.934+0000][1][safepoint    ] Safepoint "Cleanup", Time since last: 1002174626 ns, Reaching safepoint: 2650041 ns, At safepoint: 68834 ns, Total: 2718875 ns
[2022-09-04T17:22:40.940+0000][1][safepoint    ] Safepoint "Cleanup", Time since last: 1005323250 ns, Reaching safepoint: 1050500 ns, At safepoint: 26250 ns, Total: 1076750 ns
[2022-09-04T17:22:41.944+0000][1][safepoint    ] Safepoint "Cleanup", Time since last: 1002958959 ns, Reaching safepoint: 1199042 ns, At safepoint: 32166 ns, Total: 1231208 ns
[2022-09-04T17:22:42.951+0000][1][safepoint    ] Safepoint "Cleanup", Time since last: 1005547084 ns, Reaching safepoint: 830958 ns, At safepoint: 24542 ns, Total: 855500 ns
[2022-09-04T17:22:43.954+0000][1][safepoint    ] Safepoint "Cleanup", Time since last: 1002298001 ns, Reaching safepoint: 1001250 ns, At safepoint: 52166 ns, Total: 1053416 ns
[2022-09-04T17:22:44.958+0000][1][safepoint    ] Safepoint "Cleanup", Time since last: 1002294834 ns, Reaching safepoint: 1296458 ns, At safepoint: 45792 ns, Total: 1342250 ns
[2022-09-04T17:22:45.961+0000][1][safepoint    ] Safepoint "Cleanup", Time since last: 1002117459 ns, Reaching safepoint: 1235500 ns, At safepoint: 40708 ns, Total: 1276208 ns
[2022-09-04T17:22:46.966+0000][1][safepoint    ] Safepoint "Cleanup", Time since last: 1002010042 ns, Reaching safepoint: 2215875 ns, At safepoint: 69625 ns, Total: 2285500 ns
[2022-09-04T17:22:47.971+0000][1][safepoint    ] Safepoint "Cleanup", Time since last: 1004125834 ns, Reaching safepoint: 867583 ns, At safepoint: 25250 ns, Total: 892833 ns
[2022-09-04T17:22:48.978+0000][1][safepoint    ] Safepoint "Cleanup", Time since last: 1003791876 ns, Reaching safepoint: 3972667 ns, At safepoint: 92666 ns, Total: 4065333 ns
[2022-09-04T17:22:49.986+0000][1][safepoint    ] Safepoint "Cleanup", Time since last: 1006600042 ns, Reaching safepoint: 1235709 ns, At safepoint: 38458 ns, Total: 1274167 ns
[2022-09-04T17:22:50.991+0000][1][safepoint    ] Safepoint "Cleanup", Time since last: 1003213417 ns, Reaching safepoint: 1628584 ns, At safepoint: 50958 ns, Total: 1679542 ns
[2022-09-04T17:22:52.001+0000][1][safepoint    ] Safepoint "Cleanup", Time since last: 1007319875 ns, Reaching safepoint: 2544667 ns, At safepoint: 77833 ns, Total: 2622500 ns
[2022-09-04T17:22:53.007+0000][1][safepoint    ] Safepoint "Cleanup", Time since last: 1004987001 ns, Reaching safepoint: 1047292 ns, At safepoint: 36291 ns, Total: 1083583 ns
[2022-09-04T17:22:54.014+0000][1][safepoint    ] Safepoint "Cleanup", Time since last: 1004416251 ns, Reaching safepoint: 2009625 ns, At safepoint: 72666 ns, Total: 2082291 ns
[2022-09-04T17:22:55.020+0000][1][safepoint    ] Safepoint "Cleanup", Time since last: 1004255626 ns, Reaching safepoint: 1584958 ns, At safepoint: 43917 ns, Total: 1628875 ns
[2022-09-04T17:22:56.024+0000][1][safepoint    ] Safepoint "Cleanup", Time since last: 1003255375 ns, Reaching safepoint: 1135459 ns, At safepoint: 29500 ns, Total: 1164959 ns
[2022-09-04T17:22:57.032+0000][1][safepoint    ] Safepoint "Cleanup", Time since last: 1004602208 ns, Reaching safepoint: 3507709 ns, At safepoint: 90875 ns, Total: 3598584 ns
[2022-09-04T17:22:58.039+0000][1][safepoint    ] Safepoint "Cleanup", Time since last: 1005894500 ns, Reaching safepoint: 1028584 ns, At safepoint: 23625 ns, Total: 1052209 ns
[2022-09-04T17:22:59.042+0000][1][safepoint    ] Safepoint "Cleanup", Time since last: 1001821208 ns, Reaching safepoint: 1064167 ns, At safepoint: 27292 ns, Total: 1091459 ns
[2022-09-04T17:23:00.045+0000][1][safepoint    ] Safepoint "Cleanup", Time since last: 1002012292 ns, Reaching safepoint: 961333 ns, At safepoint: 27500 ns, Total: 988833 ns
[2022-09-04T17:23:01.050+0000][1][safepoint    ] Safepoint "Cleanup", Time since last: 1001986292 ns, Reaching safepoint: 2807584 ns, At safepoint: 121708 ns, Total: 2929292 ns
[2022-09-04T17:23:02.054+0000][1][safepoint    ] Safepoint "Cleanup", Time since last: 1003229708 ns, Reaching safepoint: 1045709 ns, At safepoint: 55166 ns, Total: 1100875 ns
[2022-09-04T17:23:03.057+0000][1][safepoint    ] Safepoint "Cleanup", Time since last: 1001997501 ns, Reaching safepoint: 919041 ns, At safepoint: 22459 ns, Total: 941500 ns
[2022-09-04T17:23:04.060+0000][1][safepoint    ] Safepoint "Cleanup", Time since last: 1002040958 ns, Reaching safepoint: 1149625 ns, At safepoint: 31459 ns, Total: 1181084 ns
[2022-09-04T17:23:05.064+0000][1][safepoint    ] Safepoint "Cleanup", Time since last: 1002929917 ns, Reaching safepoint: 1189500 ns, At safepoint: 28708 ns, Total: 1218208 ns
[2022-09-04T17:23:06.129+0000][1][safepoint    ] Safepoint "Cleanup", Time since last: 1062911251 ns, Reaching safepoint: 2335416 ns, At safepoint: 114250 ns, Total: 2449666 ns
[2022-09-04T17:23:07.138+0000][1][safepoint    ] Safepoint "Cleanup", Time since last: 1007064251 ns, Reaching safepoint: 1278792 ns, At safepoint: 32833 ns, Total: 1311625 ns
[2022-09-04T17:23:08.144+0000][1][safepoint    ] Safepoint "Cleanup", Time since last: 1005272334 ns, Reaching safepoint: 938083 ns, At safepoint: 22792 ns, Total: 960875 ns
[2022-09-04T17:23:09.148+0000][1][safepoint    ] Safepoint "Cleanup", Time since last: 1002096042 ns, Reaching safepoint: 1365458 ns, At safepoint: 31750 ns, Total: 1397208 ns
[2022-09-04T17:23:10.152+0000][1][safepoint    ] Safepoint "Cleanup", Time since last: 1003362084 ns, Reaching safepoint: 1333542 ns, At safepoint: 42000 ns, Total: 1375542 ns
[2022-09-04T17:23:11.157+0000][1][safepoint    ] Safepoint "Cleanup", Time since last: 1002699334 ns, Reaching safepoint: 2245583 ns, At safepoint: 109375 ns, Total: 2354958 ns
[2022-09-04T17:23:12.161+0000][1][safepoint    ] Safepoint "Cleanup", Time since last: 1002830042 ns, Reaching safepoint: 902333 ns, At safepoint: 28292 ns, Total: 930625 ns
[2022-09-04T17:23:13.164+0000][1][safepoint    ] Safepoint "Cleanup", Time since last: 1001882250 ns, Reaching safepoint: 939459 ns, At safepoint: 25541 ns, Total: 965000 ns
[2022-09-04T17:23:14.168+0000][1][safepoint    ] Safepoint "Cleanup", Time since last: 1002757751 ns, Reaching safepoint: 1086458 ns, At safepoint: 30167 ns, Total: 1116625 ns
[2022-09-04T17:23:15.171+0000][1][safepoint    ] Safepoint "Cleanup", Time since last: 1002759834 ns, Reaching safepoint: 868083 ns, At safepoint: 24208 ns, Total: 892291 ns
[2022-09-04T17:23:16.176+0000][1][safepoint    ] Safepoint "Cleanup", Time since last: 1001850376 ns, Reaching safepoint: 2606875 ns, At safepoint: 61000 ns, Total: 2667875 ns
[2022-09-04T17:23:17.180+0000][1][safepoint    ] Safepoint "Cleanup", Time since last: 1002572875 ns, Reaching safepoint: 1072500 ns, At safepoint: 45917 ns, Total: 1118417 ns
[2022-09-04T17:23:18.185+0000][1][safepoint    ] Safepoint "Cleanup", Time since last: 1004273084 ns, Reaching safepoint: 1147542 ns, At safepoint: 30791 ns, Total: 1178333 ns
[2022-09-04T17:23:19.188+0000][1][safepoint    ] Safepoint "Cleanup", Time since last: 1001815542 ns, Reaching safepoint: 1047542 ns, At safepoint: 50917 ns, Total: 1098459 ns
[2022-09-04T17:23:20.191+0000][1][safepoint    ] Safepoint "Cleanup", Time since last: 1002048500 ns, Reaching safepoint: 967708 ns, At safepoint: 26875 ns, Total: 994583 ns
[2022-09-04T17:23:21.195+0000][1][safepoint    ] Safepoint "Cleanup", Time since last: 1003024501 ns, Reaching safepoint: 1189167 ns, At safepoint: 60375 ns, Total: 1249542 ns
[2022-09-04T17:23:22.198+0000][1][safepoint    ] Safepoint "Cleanup", Time since last: 1002044500 ns, Reaching safepoint: 856042 ns, At safepoint: 25666 ns, Total: 881708 ns
[2022-09-04T17:23:23.203+0000][1][safepoint    ] Safepoint "Cleanup", Time since last: 1003714126 ns, Reaching safepoint: 923792 ns, At safepoint: 20333 ns, Total: 944125 ns
[2022-09-04T17:23:24.206+0000][1][safepoint    ] Safepoint "Cleanup", Time since last: 1002169709 ns, Reaching safepoint: 1121125 ns, At safepoint: 31958 ns, Total: 1153083 ns
[2022-09-04T17:23:25.209+0000][1][safepoint    ] Safepoint "Cleanup", Time since last: 1001998167 ns, Reaching safepoint: 1199584 ns, At safepoint: 30416 ns, Total: 1230000 ns
[2022-09-04T17:23:26.213+0000][1][safepoint    ] Safepoint "Cleanup", Time since last: 1002423376 ns, Reaching safepoint: 986208 ns, At safepoint: 23250 ns, Total: 1009458 ns
[2022-09-04T17:23:27.216+0000][1][safepoint    ] Safepoint "Cleanup", Time since last: 1002319584 ns, Reaching safepoint: 1191875 ns, At safepoint: 28917 ns, Total: 1220792 ns
[2022-09-04T17:23:28.220+0000][1][safepoint    ] Safepoint "Cleanup", Time since last: 1002288750 ns, Reaching safepoint: 939125 ns, At safepoint: 24083 ns, Total: 963208 ns
[2022-09-04T17:23:29.222+0000][1][safepoint    ] Safepoint "Cleanup", Time since last: 1001777501 ns, Reaching safepoint: 977000 ns, At safepoint: 24250 ns, Total: 1001250 ns
[2022-09-04T17:23:30.225+0000][1][safepoint    ] Safepoint "Cleanup", Time since last: 1001429334 ns, Reaching safepoint: 932083 ns, At safepoint: 22333 ns, Total: 954416 ns
[2022-09-04T17:23:31.229+0000][1][safepoint    ] Safepoint "Cleanup", Time since last: 1001919542 ns, Reaching safepoint: 1785625 ns, At safepoint: 38584 ns, Total: 1824209 ns
[2022-09-04T17:23:32.254+0000][1][safepoint    ] Safepoint "Cleanup", Time since last: 1004521041 ns, Reaching safepoint: 1100417 ns, At safepoint: 31791 ns, Total: 1132208 ns
[2022-09-04T17:23:33.257+0000][1][safepoint    ] Safepoint "Cleanup", Time since last: 1002039792 ns, Reaching safepoint: 874042 ns, At safepoint: 28542 ns, Total: 902584 ns
[2022-09-04T17:23:34.260+0000][1][safepoint    ] Safepoint "Cleanup", Time since last: 1001819125 ns, Reaching safepoint: 881667 ns, At safepoint: 25292 ns, Total: 906959 ns
[2022-09-04T17:23:36.163+0000][1][safepoint    ] Safepoint "Cleanup", Time since last: 1900841000 ns, Reaching safepoint: 2116459 ns, At safepoint: 85541 ns, Total: 2202000 ns
[2022-09-04T17:23:37.168+0000][1][safepoint    ] Safepoint "Cleanup", Time since last: 1003343168 ns, Reaching safepoint: 1794500 ns, At safepoint: 76166 ns, Total: 1870666 ns
[2022-09-04T17:23:38.173+0000][1][safepoint    ] Safepoint "Cleanup", Time since last: 1003401126 ns, Reaching safepoint: 1034416 ns, At safepoint: 47375 ns, Total: 1081791 ns
[2022-09-04T17:23:39.176+0000][1][safepoint    ] Safepoint "Cleanup", Time since last: 1001832709 ns, Reaching safepoint: 905667 ns, At safepoint: 83208 ns, Total: 988875 ns
[2022-09-04T17:23:40.178+0000][1][safepoint    ] Safepoint "Cleanup", Time since last: 1001858501 ns, Reaching safepoint: 816750 ns, At safepoint: 63500 ns, Total: 880250 ns
[2022-09-04T17:23:41.183+0000][1][safepoint    ] Safepoint "Cleanup", Time since last: 1001916959 ns, Reaching safepoint: 2717583 ns, At safepoint: 150125 ns, Total: 2867708 ns
[2022-09-04T17:23:42.189+0000][1][safepoint    ] Safepoint "Cleanup", Time since last: 1005419125 ns, Reaching safepoint: 798459 ns, At safepoint: 23208 ns, Total: 821667 ns
[2022-09-04T17:23:43.195+0000][1][safepoint    ] Safepoint "Cleanup", Time since last: 1005217792 ns, Reaching safepoint: 960375 ns, At safepoint: 21167 ns, Total: 981542 ns
[2022-09-04T17:23:44.199+0000][1][safepoint    ] Safepoint "Cleanup", Time since last: 1001982500 ns, Reaching safepoint: 1133084 ns, At safepoint: 29500 ns, Total: 1162584 ns
[2022-09-04T17:23:45.204+0000][1][safepoint    ] Safepoint "Cleanup", Time since last: 1003809958 ns, Reaching safepoint: 1116584 ns, At safepoint: 38041 ns, Total: 1154625 ns
[2022-09-04T17:23:46.207+0000][1][safepoint    ] Safepoint "Cleanup", Time since last: 1002250334 ns, Reaching safepoint: 1270459 ns, At safepoint: 29666 ns, Total: 1300125 ns
[2022-09-04T17:23:47.210+0000][1][safepoint    ] Safepoint "Cleanup", Time since last: 1001965626 ns, Reaching safepoint: 1110958 ns, At safepoint: 33333 ns, Total: 1144291 ns
[2022-09-04T17:23:48.215+0000][1][safepoint    ] Safepoint "Cleanup", Time since last: 1003345418 ns, Reaching safepoint: 907000 ns, At safepoint: 38666 ns, Total: 945666 ns
[2022-09-04T17:23:49.217+0000][1][safepoint    ] Safepoint "Cleanup", Time since last: 1001716001 ns, Reaching safepoint: 977500 ns, At safepoint: 27625 ns, Total: 1005125 ns
[2022-09-04T17:23:50.221+0000][1][safepoint    ] Safepoint "Cleanup", Time since last: 1002807792 ns, Reaching safepoint: 925833 ns, At safepoint: 43333 ns, Total: 969166 ns
[2022-09-04T17:23:51.226+0000][1][safepoint    ] Safepoint "Cleanup", Time since last: 1003946459 ns, Reaching safepoint: 876042 ns, At safepoint: 22625 ns, Total: 898667 ns
[2022-09-04T17:23:52.228+0000][1][safepoint    ] Safepoint "Cleanup", Time since last: 1001583542 ns, Reaching safepoint: 947583 ns, At safepoint: 20542 ns, Total: 968125 ns
[2022-09-04T17:23:53.231+0000][1][safepoint    ] Safepoint "Cleanup", Time since last: 1001864584 ns, Reaching safepoint: 940542 ns, At safepoint: 23000 ns, Total: 963542 ns
[2022-09-04T17:23:54.234+0000][1][safepoint    ] Safepoint "Cleanup", Time since last: 1001911042 ns, Reaching safepoint: 918250 ns, At safepoint: 32666 ns, Total: 950916 ns
[2022-09-04T17:23:55.237+0000][1][safepoint    ] Safepoint "Cleanup", Time since last: 1001752918 ns, Reaching safepoint: 1032666 ns, At safepoint: 28334 ns, Total: 1061000 ns
[2022-09-04T17:23:56.240+0000][1][safepoint    ] Safepoint "Cleanup", Time since last: 1002121042 ns, Reaching safepoint: 1059625 ns, At safepoint: 31041 ns, Total: 1090666 ns
[2022-09-04T17:23:57.244+0000][1][safepoint    ] Safepoint "Cleanup", Time since last: 1002347959 ns, Reaching safepoint: 1097459 ns, At safepoint: 26791 ns, Total: 1124250 ns
[2022-09-04T17:23:58.247+0000][1][safepoint    ] Safepoint "Cleanup", Time since last: 1002354001 ns, Reaching safepoint: 910958 ns, At safepoint: 33833 ns, Total: 944791 ns
[2022-09-04T17:23:59.251+0000][1][safepoint    ] Safepoint "Cleanup", Time since last: 1002976084 ns, Reaching safepoint: 958792 ns, At safepoint: 23916 ns, Total: 982708 ns
[2022-09-04T17:24:00.254+0000][1][safepoint    ] Safepoint "Cleanup", Time since last: 1002424834 ns, Reaching safepoint: 953375 ns, At safepoint: 35584 ns, Total: 988959 ns
[2022-09-04T17:24:01.261+0000][1][safepoint    ] Safepoint "Cleanup", Time since last: 1004491333 ns, Reaching safepoint: 1699750 ns, At safepoint: 70042 ns, Total: 1769792 ns
[2022-09-04T17:24:02.273+0000][1][safepoint    ] Safepoint "Cleanup", Time since last: 1002615417 ns, Reaching safepoint: 1146750 ns, At safepoint: 56625 ns, Total: 1203375 ns
[2022-09-04T17:24:03.275+0000][1][safepoint    ] Safepoint "Cleanup", Time since last: 1001744000 ns, Reaching safepoint: 986709 ns, At safepoint: 24000 ns, Total: 1010709 ns
[2022-09-04T17:24:04.284+0000][1][safepoint    ] Safepoint "Cleanup", Time since last: 1007277917 ns, Reaching safepoint: 932083 ns, At safepoint: 64042 ns, Total: 996125 ns
[2022-09-04T17:24:05.287+0000][1][safepoint    ] Safepoint "Cleanup", Time since last: 1002762250 ns, Reaching safepoint: 952625 ns, At safepoint: 31250 ns, Total: 983875 ns
[2022-09-04T17:24:06.291+0000][1][safepoint    ] Safepoint "Cleanup", Time since last: 1002541501 ns, Reaching safepoint: 937958 ns, At safepoint: 37792 ns, Total: 975750 ns
[2022-09-04T17:24:07.297+0000][1][safepoint    ] Safepoint "Cleanup", Time since last: 1002777000 ns, Reaching safepoint: 2676125 ns, At safepoint: 706125 ns, Total: 3382250 ns
[2022-09-04T17:24:08.304+0000][1][safepoint    ] Safepoint "Cleanup", Time since last: 1006258542 ns, Reaching safepoint: 1005875 ns, At safepoint: 26875 ns, Total: 1032750 ns
[2022-09-04T17:24:09.309+0000][1][safepoint    ] Safepoint "Cleanup", Time since last: 1003306043 ns, Reaching safepoint: 875583 ns, At safepoint: 30208 ns, Total: 905791 ns
[2022-09-04T17:24:10.311+0000][1][safepoint    ] Safepoint "Cleanup", Time since last: 1001781917 ns, Reaching safepoint: 975959 ns, At safepoint: 26333 ns, Total: 1002292 ns
[2022-09-04T17:24:11.315+0000][1][safepoint    ] Safepoint "Cleanup", Time since last: 1001811876 ns, Reaching safepoint: 1277666 ns, At safepoint: 34709 ns, Total: 1312375 ns
[2022-09-04T17:24:12.318+0000][1][safepoint    ] Safepoint "Cleanup", Time since last: 1002670250 ns, Reaching safepoint: 1075042 ns, At safepoint: 28458 ns, Total: 1103500 ns
[2022-09-04T17:24:13.322+0000][1][safepoint    ] Safepoint "Cleanup", Time since last: 1002682792 ns, Reaching safepoint: 901959 ns, At safepoint: 22916 ns, Total: 924875 ns
[2022-09-04T17:24:14.326+0000][1][safepoint    ] Safepoint "Cleanup", Time since last: 1003253167 ns, Reaching safepoint: 949625 ns, At safepoint: 22834 ns, Total: 972459 ns
[2022-09-04T17:24:15.330+0000][1][safepoint    ] Safepoint "Cleanup", Time since last: 1003310167 ns, Reaching safepoint: 949666 ns, At safepoint: 25334 ns, Total: 975000 ns
[2022-09-04T17:24:16.335+0000][1][safepoint    ] Safepoint "Cleanup", Time since last: 1003277834 ns, Reaching safepoint: 860916 ns, At safepoint: 21959 ns, Total: 882875 ns
[2022-09-04T17:24:17.339+0000][1][safepoint    ] Safepoint "Cleanup", Time since last: 1002976208 ns, Reaching safepoint: 1698250 ns, At safepoint: 68125 ns, Total: 1766375 ns
[2022-09-04T17:24:18.347+0000][1][safepoint    ] Safepoint "Cleanup", Time since last: 1006398334 ns, Reaching safepoint: 956500 ns, At safepoint: 23334 ns, Total: 979834 ns
[2022-09-04T17:24:19.350+0000][1][safepoint    ] Safepoint "Cleanup", Time since last: 1002329042 ns, Reaching safepoint: 1133625 ns, At safepoint: 28416 ns, Total: 1162041 ns
[2022-09-04T17:24:20.354+0000][1][safepoint    ] Safepoint "Cleanup", Time since last: 1002749876 ns, Reaching safepoint: 870542 ns, At safepoint: 24375 ns, Total: 894917 ns
[2022-09-04T17:24:21.357+0000][1][safepoint    ] Safepoint "Cleanup", Time since last: 1002598167 ns, Reaching safepoint: 1034750 ns, At safepoint: 27458 ns, Total: 1062208 ns
[2022-09-04T17:24:22.362+0000][1][safepoint    ] Safepoint "Cleanup", Time since last: 1003310376 ns, Reaching safepoint: 1133916 ns, At safepoint: 57084 ns, Total: 1191000 ns
[2022-09-04T17:24:23.367+0000][1][safepoint    ] Safepoint "Cleanup", Time since last: 1004150333 ns, Reaching safepoint: 886917 ns, At safepoint: 21667 ns, Total: 908584 ns
[2022-09-04T17:24:24.372+0000][1][safepoint    ] Safepoint "Cleanup", Time since last: 1003290917 ns, Reaching safepoint: 1141000 ns, At safepoint: 46250 ns, Total: 1187250 ns
[2022-09-04T17:24:25.375+0000][1][safepoint    ] Safepoint "Cleanup", Time since last: 1001973542 ns, Reaching safepoint: 1109042 ns, At safepoint: 49250 ns, Total: 1158292 ns
[2022-09-04T17:24:26.381+0000][1][safepoint    ] Safepoint "Cleanup", Time since last: 1004882083 ns, Reaching safepoint: 964584 ns, At safepoint: 34791 ns, Total: 999375 ns
[2022-09-04T17:24:27.389+0000][1][safepoint    ] Safepoint "Cleanup", Time since last: 1006993376 ns, Reaching safepoint: 1133917 ns, At safepoint: 27541 ns, Total: 1161458 ns
[2022-09-04T17:24:28.396+0000][1][safepoint    ] Safepoint "Cleanup", Time since last: 1006243834 ns, Reaching safepoint: 1222542 ns, At safepoint: 45208 ns, Total: 1267750 ns
[2022-09-04T17:24:29.402+0000][1][safepoint    ] Safepoint "Cleanup", Time since last: 1004575167 ns, Reaching safepoint: 1114042 ns, At safepoint: 28333 ns, Total: 1142375 ns
[2022-09-04T17:24:30.405+0000][1][safepoint    ] Safepoint "Cleanup", Time since last: 1002192501 ns, Reaching safepoint: 1092583 ns, At safepoint: 44625 ns, Total: 1137208 ns
[2022-09-04T17:24:31.411+0000][1][safepoint    ] Safepoint "Cleanup", Time since last: 1003596875 ns, Reaching safepoint: 1165459 ns, At safepoint: 27958 ns, Total: 1193417 ns
[2022-09-04T17:24:32.414+0000][1][safepoint    ] Safepoint "Cleanup", Time since last: 1002365042 ns, Reaching safepoint: 932125 ns, At safepoint: 25500 ns, Total: 957625 ns
[2022-09-04T17:24:33.419+0000][1][safepoint    ] Safepoint "Cleanup", Time since last: 1001608667 ns, Reaching safepoint: 2532083 ns, At safepoint: 96750 ns, Total: 2628833 ns
[2022-09-04T17:24:34.427+0000][1][safepoint    ] Safepoint "Cleanup", Time since last: 1006725459 ns, Reaching safepoint: 1848750 ns, At safepoint: 63959 ns, Total: 1912709 ns
[2022-09-04T17:24:35.437+0000][1][safepoint    ] Safepoint "Cleanup", Time since last: 1007755208 ns, Reaching safepoint: 2250875 ns, At safepoint: 58959 ns, Total: 2309834 ns
[2022-09-04T17:24:36.442+0000][1][safepoint    ] Safepoint "Cleanup", Time since last: 1002860542 ns, Reaching safepoint: 1631750 ns, At safepoint: 47083 ns, Total: 1678833 ns
[2022-09-04T17:24:37.447+0000][1][safepoint    ] Safepoint "Cleanup", Time since last: 1003070876 ns, Reaching safepoint: 2028666 ns, At safepoint: 70709 ns, Total: 2099375 ns
[2022-09-04T17:24:38.452+0000][1][safepoint    ] Safepoint "Cleanup", Time since last: 1004284584 ns, Reaching safepoint: 1250958 ns, At safepoint: 34458 ns, Total: 1285416 ns
[2022-09-04T17:24:39.456+0000][1][safepoint    ] Safepoint "Cleanup", Time since last: 1002487501 ns, Reaching safepoint: 1380583 ns, At safepoint: 36542 ns, Total: 1417125 ns
[2022-09-04T17:24:40.461+0000][1][safepoint    ] Safepoint "Cleanup", Time since last: 1003386167 ns, Reaching safepoint: 952917 ns, At safepoint: 23500 ns, Total: 976417 ns
[2022-09-04T17:24:41.466+0000][1][safepoint    ] Safepoint "Cleanup", Time since last: 1003412083 ns, Reaching safepoint: 1696084 ns, At safepoint: 45583 ns, Total: 1741667 ns
[2022-09-04T17:24:42.473+0000][1][safepoint    ] Safepoint "Cleanup", Time since last: 1004426834 ns, Reaching safepoint: 2104250 ns, At safepoint: 64750 ns, Total: 2169000 ns
[2022-09-04T17:24:43.478+0000][1][safepoint    ] Safepoint "Cleanup", Time since last: 1004641792 ns, Reaching safepoint: 1049333 ns, At safepoint: 28750 ns, Total: 1078083 ns
[2022-09-04T17:24:44.485+0000][1][safepoint    ] Safepoint "Cleanup", Time since last: 1002927001 ns, Reaching safepoint: 3725208 ns, At safepoint: 105667 ns, Total: 3830875 ns
[2022-09-04T17:24:45.491+0000][1][safepoint    ] Safepoint "Cleanup", Time since last: 1003436250 ns, Reaching safepoint: 2212292 ns, At safepoint: 74750 ns, Total: 2287042 ns
[2022-09-04T17:24:46.497+0000][1][safepoint    ] Safepoint "Cleanup", Time since last: 1005235167 ns, Reaching safepoint: 1144125 ns, At safepoint: 29167 ns, Total: 1173292 ns
[2022-09-04T17:24:47.504+0000][1][safepoint    ] Safepoint "Cleanup", Time since last: 1004324625 ns, Reaching safepoint: 1910500 ns, At safepoint: 122959 ns, Total: 2033459 ns
[2022-09-04T17:24:48.513+0000][1][safepoint    ] Safepoint "Cleanup", Time since last: 1007138375 ns, Reaching safepoint: 2089667 ns, At safepoint: 69125 ns, Total: 2158792 ns
[2022-09-04T17:24:49.521+0000][1][safepoint    ] Safepoint "Cleanup", Time since last: 1005552458 ns, Reaching safepoint: 2965334 ns, At safepoint: 97625 ns, Total: 3062959 ns
[2022-09-04T17:24:50.532+0000][1][safepoint    ] Safepoint "Cleanup", Time since last: 1009737125 ns, Reaching safepoint: 1194375 ns, At safepoint: 31334 ns, Total: 1225709 ns
[2022-09-04T17:24:51.538+0000][1][safepoint    ] Safepoint "Cleanup", Time since last: 1003360875 ns, Reaching safepoint: 2360500 ns, At safepoint: 59625 ns, Total: 2420125 ns
[2022-09-04T17:24:52.548+0000][1][safepoint    ] Safepoint "Cleanup", Time since last: 1007485834 ns, Reaching safepoint: 2759375 ns, At safepoint: 87375 ns, Total: 2846750 ns
[2022-09-04T17:24:53.554+0000][1][safepoint    ] Safepoint "Cleanup", Time since last: 1004749875 ns, Reaching safepoint: 1129875 ns, At safepoint: 26584 ns, Total: 1156459 ns
[2022-09-04T17:24:54.558+0000][1][safepoint    ] Safepoint "Cleanup", Time since last: 1002442084 ns, Reaching safepoint: 1596375 ns, At safepoint: 57416 ns, Total: 1653791 ns
[2022-09-04T17:24:55.566+0000][1][safepoint    ] Safepoint "Cleanup", Time since last: 1006636709 ns, Reaching safepoint: 1068708 ns, At safepoint: 99167 ns, Total: 1167875 ns
[2022-09-04T17:24:56.571+0000][1][safepoint    ] Safepoint "Cleanup", Time since last: 1001864667 ns, Reaching safepoint: 2323250 ns, At safepoint: 205750 ns, Total: 2529000 ns
[2022-09-04T17:24:57.577+0000][1][safepoint    ] Safepoint "Cleanup", Time since last: 1004369792 ns, Reaching safepoint: 2102125 ns, At safepoint: 140792 ns, Total: 2242917 ns
[2022-09-04T17:24:58.587+0000][1][safepoint    ] Safepoint "Cleanup", Time since last: 1006933459 ns, Reaching safepoint: 2641916 ns, At safepoint: 85709 ns, Total: 2727625 ns
[2022-09-04T17:24:59.591+0000][1][safepoint    ] Safepoint "Cleanup", Time since last: 1003395167 ns, Reaching safepoint: 1073375 ns, At safepoint: 32333 ns, Total: 1105708 ns
[2022-09-04T17:25:00.595+0000][1][safepoint    ] Safepoint "Cleanup", Time since last: 1002906459 ns, Reaching safepoint: 1095042 ns, At safepoint: 32458 ns, Total: 1127500 ns
[2022-09-04T17:25:01.603+0000][1][safepoint    ] Safepoint "Cleanup", Time since last: 1005627708 ns, Reaching safepoint: 2083750 ns, At safepoint: 71042 ns, Total: 2154792 ns
[2022-09-04T17:25:02.607+0000][1][safepoint    ] Safepoint "Cleanup", Time since last: 1003014292 ns, Reaching safepoint: 1234291 ns, At safepoint: 51000 ns, Total: 1285291 ns
[2022-09-04T17:25:03.614+0000][1][safepoint    ] Safepoint "Cleanup", Time since last: 1004757001 ns, Reaching safepoint: 2417292 ns, At safepoint: 74791 ns, Total: 2492083 ns
[2022-09-04T17:25:04.619+0000][1][safepoint    ] Safepoint "Cleanup", Time since last: 1002911667 ns, Reaching safepoint: 1166459 ns, At safepoint: 29708 ns, Total: 1196167 ns
[2022-09-04T17:25:05.622+0000][1][safepoint    ] Safepoint "Cleanup", Time since last: 1001946667 ns, Reaching safepoint: 1108292 ns, At safepoint: 28708 ns, Total: 1137000 ns
[2022-09-04T17:25:06.628+0000][1][safepoint    ] Safepoint "Cleanup", Time since last: 1004105334 ns, Reaching safepoint: 2619958 ns, At safepoint: 72959 ns, Total: 2692917 ns
[2022-09-04T17:25:07.638+0000][1][safepoint    ] Safepoint "Cleanup", Time since last: 1006129208 ns, Reaching safepoint: 3338959 ns, At safepoint: 88708 ns, Total: 3427667 ns
[2022-09-04T17:25:08.646+0000][1][safepoint    ] Safepoint "Cleanup", Time since last: 1007031709 ns, Reaching safepoint: 1230583 ns, At safepoint: 30375 ns, Total: 1260958 ns
[2022-09-04T17:25:09.651+0000][1][safepoint    ] Safepoint "Cleanup", Time since last: 1003181751 ns, Reaching safepoint: 1139958 ns, At safepoint: 30792 ns, Total: 1170750 ns
[2022-09-04T17:25:10.663+0000][1][safepoint    ] Safepoint "Cleanup", Time since last: 1011348667 ns, Reaching safepoint: 859250 ns, At safepoint: 21500 ns, Total: 880750 ns
[2022-09-04T17:25:11.666+0000][1][safepoint    ] Safepoint "Cleanup", Time since last: 1001605834 ns, Reaching safepoint: 1845833 ns, At safepoint: 53042 ns, Total: 1898875 ns
[2022-09-04T17:25:12.671+0000][1][safepoint    ] Safepoint "Cleanup", Time since last: 1003907084 ns, Reaching safepoint: 1150875 ns, At safepoint: 30791 ns, Total: 1181666 ns
[2022-09-04T17:25:13.677+0000][1][safepoint    ] Safepoint "Cleanup", Time since last: 1003596834 ns, Reaching safepoint: 2196083 ns, At safepoint: 96042 ns, Total: 2292125 ns
[2022-09-04T17:25:14.685+0000][1][safepoint    ] Safepoint "Cleanup", Time since last: 1006157792 ns, Reaching safepoint: 1000292 ns, At safepoint: 21708 ns, Total: 1022000 ns
[2022-09-04T17:25:15.688+0000][1][safepoint    ] Safepoint "Cleanup", Time since last: 1002744334 ns, Reaching safepoint: 862833 ns, At safepoint: 20625 ns, Total: 883458 ns
[2022-09-04T17:25:16.691+0000][1][safepoint    ] Safepoint "Cleanup", Time since last: 1001654501 ns, Reaching safepoint: 1179875 ns, At safepoint: 32833 ns, Total: 1212708 ns
[2022-09-04T17:25:17.694+0000][1][safepoint    ] Safepoint "Cleanup", Time since last: 1001886792 ns, Reaching safepoint: 954500 ns, At safepoint: 21084 ns, Total: 975584 ns
[2022-09-04T17:25:18.698+0000][1][safepoint    ] Safepoint "Cleanup", Time since last: 1003240042 ns, Reaching safepoint: 1036291 ns, At safepoint: 65250 ns, Total: 1101541 ns
[2022-09-04T17:25:19.703+0000][1][safepoint    ] Safepoint "Cleanup", Time since last: 1002912209 ns, Reaching safepoint: 1862667 ns, At safepoint: 65667 ns, Total: 1928334 ns
[2022-09-04T17:25:20.707+0000][1][safepoint    ] Safepoint "Cleanup", Time since last: 1002469833 ns, Reaching safepoint: 1300334 ns, At safepoint: 31916 ns, Total: 1332250 ns
[2022-09-04T17:25:21.710+0000][1][safepoint    ] Safepoint "Cleanup", Time since last: 1002134168 ns, Reaching safepoint: 1311541 ns, At safepoint: 30000 ns, Total: 1341541 ns
[2022-09-04T17:25:22.714+0000][1][safepoint    ] Safepoint "Cleanup", Time since last: 1002069167 ns, Reaching safepoint: 1100084 ns, At safepoint: 29208 ns, Total: 1129292 ns
[2022-09-04T17:25:23.717+0000][1][safepoint    ] Safepoint "Cleanup", Time since last: 1002415167 ns, Reaching safepoint: 1200500 ns, At safepoint: 68000 ns, Total: 1268500 ns
[2022-09-04T17:25:24.721+0000][1][safepoint    ] Safepoint "Cleanup", Time since last: 1002313959 ns, Reaching safepoint: 1156750 ns, At safepoint: 31333 ns, Total: 1188083 ns
[2022-09-04T17:25:25.724+0000][1][safepoint    ] Safepoint "Cleanup", Time since last: 1002177167 ns, Reaching safepoint: 1298792 ns, At safepoint: 29208 ns, Total: 1328000 ns
[2022-09-04T17:25:27.329+0000][1][safepoint    ] Safepoint "Cleanup", Time since last: 1603966293 ns, Reaching safepoint: 789708 ns, At safepoint: 27459 ns, Total: 817167 ns
[2022-09-04T17:25:28.332+0000][1][safepoint    ] Safepoint "Cleanup", Time since last: 1001763167 ns, Reaching safepoint: 872208 ns, At safepoint: 24458 ns, Total: 896666 ns
[2022-09-04T17:25:29.335+0000][1][safepoint    ] Safepoint "Cleanup", Time since last: 1002674959 ns, Reaching safepoint: 1108292 ns, At safepoint: 30250 ns, Total: 1138542 ns
[2022-09-04T17:25:30.338+0000][1][safepoint    ] Safepoint "Cleanup", Time since last: 1002015709 ns, Reaching safepoint: 847875 ns, At safepoint: 21500 ns, Total: 869375 ns
[2022-09-04T17:25:31.342+0000][1][safepoint    ] Safepoint "Cleanup", Time since last: 1001641625 ns, Reaching safepoint: 1783792 ns, At safepoint: 89875 ns, Total: 1873667 ns
[2022-09-04T17:25:31.346+0000][1][gc,start     ] GC(41) Pause Young (Allocation Failure)
[2022-09-04T17:25:31.351+0000][1][gc,task      ] GC(41) Using 4 workers of 4 for evacuation
[2022-09-04T17:25:31.394+0000][1][gc,age       ] GC(41) Desired survivor size 8945664 bytes, new threshold 6 (max threshold 6)
[2022-09-04T17:25:31.395+0000][1][gc,age       ] GC(41) Age table with threshold 6 (max threshold 6)
[2022-09-04T17:25:31.396+0000][1][gc,age       ] GC(41) - age   1:      11008 bytes,      11008 total
[2022-09-04T17:25:31.398+0000][1][gc,age       ] GC(41) - age   2:       3488 bytes,      14496 total
[2022-09-04T17:25:31.399+0000][1][gc,age       ] GC(41) - age   3:       3208 bytes,      17704 total
[2022-09-04T17:25:31.400+0000][1][gc,age       ] GC(41) - age   4:        848 bytes,      18552 total
[2022-09-04T17:25:31.401+0000][1][gc,age       ] GC(41) - age   5:       2960 bytes,      21512 total
[2022-09-04T17:25:31.402+0000][1][gc,age       ] GC(41) - age   6:      73904 bytes,      95416 total
[2022-09-04T17:25:31.405+0000][1][gc,heap      ] GC(41) ParNew: 139908K->118K(157248K)
[2022-09-04T17:25:31.406+0000][1][gc,heap      ] GC(41) CMS: 67656K->67657K(349568K)
[2022-09-04T17:25:31.407+0000][1][gc,metaspace ] GC(41) Metaspace: 85085K->85085K(1128448K)
[2022-09-04T17:25:31.410+0000][1][gc           ] GC(41) Pause Young (Allocation Failure) 202M->66M(494M) 64.608ms
[2022-09-04T17:25:31.412+0000][1][gc,cpu       ] GC(41) User=0.07s Sys=0.03s Real=0.07s
[2022-09-04T17:25:31.413+0000][1][safepoint    ] Safepoint "GenCollectForAllocation", Time since last: 2180791 ns, Reaching safepoint: 1249584 ns, At safepoint: 68181583 ns, Total: 69431167 ns
[2022-09-04T17:25:32.416+0000][1][safepoint    ] Safepoint "Cleanup", Time since last: 1001873417 ns, Reaching safepoint: 1090416 ns, At safepoint: 32709 ns, Total: 1123125 ns
[2022-09-04T17:25:33.423+0000][1][safepoint    ] Safepoint "Cleanup", Time since last: 1005553750 ns, Reaching safepoint: 1556625 ns, At safepoint: 66083 ns, Total: 1622708 ns
[2022-09-04T17:25:34.427+0000][1][safepoint    ] Safepoint "Cleanup", Time since last: 1002313293 ns, Reaching safepoint: 1228541 ns, At safepoint: 56000 ns, Total: 1284541 ns
[2022-09-04T17:25:35.431+0000][1][safepoint    ] Safepoint "Cleanup", Time since last: 1002577834 ns, Reaching safepoint: 1524250 ns, At safepoint: 61292 ns, Total: 1585542 ns
[2022-09-04T17:25:36.436+0000][1][safepoint    ] Safepoint "Cleanup", Time since last: 1003998417 ns, Reaching safepoint: 884125 ns, At safepoint: 25833 ns, Total: 909958 ns
[2022-09-04T17:25:37.440+0000][1][safepoint    ] Safepoint "Cleanup", Time since last: 1001927876 ns, Reaching safepoint: 1849500 ns, At safepoint: 87125 ns, Total: 1936625 ns
[2022-09-04T17:25:38.447+0000][1][safepoint    ] Safepoint "Cleanup", Time since last: 1005767542 ns, Reaching safepoint: 806583 ns, At safepoint: 23167 ns, Total: 829750 ns
[2022-09-04T17:25:39.449+0000][1][safepoint    ] Safepoint "Cleanup", Time since last: 1001779209 ns, Reaching safepoint: 912166 ns, At safepoint: 26250 ns, Total: 938416 ns
[2022-09-04T17:25:40.453+0000][1][safepoint    ] Safepoint "Cleanup", Time since last: 1002399792 ns, Reaching safepoint: 1178542 ns, At safepoint: 48625 ns, Total: 1227167 ns
[2022-09-04T17:25:41.457+0000][1][safepoint    ] Safepoint "Cleanup", Time since last: 1002959167 ns, Reaching safepoint: 1104625 ns, At safepoint: 28417 ns, Total: 1133042 ns
[2022-09-04T17:25:42.461+0000][1][safepoint    ] Safepoint "Cleanup", Time since last: 1002531417 ns, Reaching safepoint: 1820417 ns, At safepoint: 95208 ns, Total: 1915625 ns
[2022-09-04T17:25:43.467+0000][1][safepoint    ] Safepoint "Cleanup", Time since last: 1004223584 ns, Reaching safepoint: 904292 ns, At safepoint: 29041 ns, Total: 933333 ns
[2022-09-04T17:25:44.470+0000][1][safepoint    ] Safepoint "Cleanup", Time since last: 1002368751 ns, Reaching safepoint: 1028958 ns, At safepoint: 23458 ns, Total: 1052416 ns
[2022-09-04T17:25:45.475+0000][1][safepoint    ] Safepoint "Cleanup", Time since last: 1002144084 ns, Reaching safepoint: 2500250 ns, At safepoint: 73917 ns, Total: 2574167 ns
[2022-09-04T17:25:46.482+0000][1][safepoint    ] Safepoint "Cleanup", Time since last: 1005941792 ns, Reaching safepoint: 1073333 ns, At safepoint: 26334 ns, Total: 1099667 ns
[2022-09-04T17:25:47.486+0000][1][safepoint    ] Safepoint "Cleanup", Time since last: 1001927292 ns, Reaching safepoint: 2540417 ns, At safepoint: 63875 ns, Total: 2604292 ns
[2022-09-04T17:25:48.492+0000][1][safepoint    ] Safepoint "Cleanup", Time since last: 1004119792 ns, Reaching safepoint: 1083083 ns, At safepoint: 104667 ns, Total: 1187750 ns
[2022-09-04T17:25:49.497+0000][1][safepoint    ] Safepoint "Cleanup", Time since last: 1002214750 ns, Reaching safepoint: 2975292 ns, At safepoint: 83083 ns, Total: 3058375 ns
[2022-09-04T17:25:50.501+0000][1][safepoint    ] Safepoint "Cleanup", Time since last: 1002776001 ns, Reaching safepoint: 1011041 ns, At safepoint: 27709 ns, Total: 1038750 ns
[2022-09-04T17:25:51.505+0000][1][safepoint    ] Safepoint "Cleanup", Time since last: 1002088375 ns, Reaching safepoint: 2326625 ns, At safepoint: 86417 ns, Total: 2413042 ns
[2022-09-04T17:25:52.510+0000][1][safepoint    ] Safepoint "Cleanup", Time since last: 1003326792 ns, Reaching safepoint: 1162333 ns, At safepoint: 41375 ns, Total: 1203708 ns
[2022-09-04T17:25:53.518+0000][1][safepoint    ] Safepoint "Cleanup", Time since last: 1006811459 ns, Reaching safepoint: 1055375 ns, At safepoint: 24500 ns, Total: 1079875 ns
[2022-09-04T17:25:54.520+0000][1][safepoint    ] Safepoint "Cleanup", Time since last: 1001682501 ns, Reaching safepoint: 971125 ns, At safepoint: 31791 ns, Total: 1002916 ns
[2022-09-04T17:25:55.523+0000][1][safepoint    ] Safepoint "Cleanup", Time since last: 1001715292 ns, Reaching safepoint: 1352375 ns, At safepoint: 38667 ns, Total: 1391042 ns
[2022-09-04T17:25:56.528+0000][1][safepoint    ] Safepoint "Cleanup", Time since last: 1003634459 ns, Reaching safepoint: 1227041 ns, At safepoint: 25667 ns, Total: 1252708 ns
[2022-09-04T17:25:57.532+0000][1][safepoint    ] Safepoint "Cleanup", Time since last: 1002066792 ns, Reaching safepoint: 1804667 ns, At safepoint: 104875 ns, Total: 1909542 ns
[2022-09-04T17:25:58.537+0000][1][safepoint    ] Safepoint "Cleanup", Time since last: 1003236209 ns, Reaching safepoint: 1635416 ns, At safepoint: 35875 ns, Total: 1671291 ns
[2022-09-04T17:25:59.542+0000][1][safepoint    ] Safepoint "Cleanup", Time since last: 1002548793 ns, Reaching safepoint: 2066000 ns, At safepoint: 64708 ns, Total: 2130708 ns
[2022-09-04T17:26:00.548+0000][1][safepoint    ] Safepoint "Cleanup", Time since last: 1005723292 ns, Reaching safepoint: 803708 ns, At safepoint: 22500 ns, Total: 826208 ns
[2022-09-04T17:26:01.552+0000][1][safepoint    ] Safepoint "Cleanup", Time since last: 1001320209 ns, Reaching safepoint: 1668625 ns, At safepoint: 60083 ns, Total: 1728708 ns
[2022-09-04T17:26:03.072+0000][1][safepoint    ] Safepoint "Cleanup", Time since last: 1518818126 ns, Reaching safepoint: 980708 ns, At safepoint: 23959 ns, Total: 1004667 ns
[2022-09-04T17:26:04.075+0000][1][safepoint    ] Safepoint "Cleanup", Time since last: 1001970833 ns, Reaching safepoint: 1089750 ns, At safepoint: 26834 ns, Total: 1116584 ns
[2022-09-04T17:26:05.078+0000][1][safepoint    ] Safepoint "Cleanup", Time since last: 1001987375 ns, Reaching safepoint: 968375 ns, At safepoint: 49292 ns, Total: 1017667 ns
[2022-09-04T17:26:06.083+0000][1][safepoint    ] Safepoint "Cleanup", Time since last: 1004088334 ns, Reaching safepoint: 1113416 ns, At safepoint: 31209 ns, Total: 1144625 ns
[2022-09-04T17:26:07.088+0000][1][safepoint    ] Safepoint "Cleanup", Time since last: 1002070917 ns, Reaching safepoint: 2136500 ns, At safepoint: 236583 ns, Total: 2373083 ns
[2022-09-04T17:26:08.094+0000][1][safepoint    ] Safepoint "Cleanup", Time since last: 1005692167 ns, Reaching safepoint: 868584 ns, At safepoint: 25375 ns, Total: 893959 ns
[2022-09-04T17:26:09.098+0000][1][safepoint    ] Safepoint "Cleanup", Time since last: 1002477750 ns, Reaching safepoint: 1123250 ns, At safepoint: 27625 ns, Total: 1150875 ns
[2022-09-04T17:26:10.102+0000][1][safepoint    ] Safepoint "Cleanup", Time since last: 1002736501 ns, Reaching safepoint: 1160083 ns, At safepoint: 26792 ns, Total: 1186875 ns
[2022-09-04T17:26:11.109+0000][1][safepoint    ] Safepoint "Cleanup", Time since last: 1004806458 ns, Reaching safepoint: 2115042 ns, At safepoint: 82375 ns, Total: 2197417 ns
[2022-09-04T17:26:12.120+0000][1][safepoint    ] Safepoint "Cleanup", Time since last: 1009918376 ns, Reaching safepoint: 1476666 ns, At safepoint: 56042 ns, Total: 1532708 ns
[2022-09-04T17:26:13.124+0000][1][safepoint    ] Safepoint "Cleanup", Time since last: 1002970084 ns, Reaching safepoint: 934541 ns, At safepoint: 29750 ns, Total: 964291 ns
[2022-09-04T17:26:14.131+0000][1][safepoint    ] Safepoint "Cleanup", Time since last: 1005030709 ns, Reaching safepoint: 1098584 ns, At safepoint: 29333 ns, Total: 1127917 ns
[2022-09-04T17:26:15.135+0000][1][safepoint    ] Safepoint "Cleanup", Time since last: 1003036334 ns, Reaching safepoint: 1293791 ns, At safepoint: 32000 ns, Total: 1325791 ns
[2022-09-04T17:26:16.139+0000][1][safepoint    ] Safepoint "Cleanup", Time since last: 1002162584 ns, Reaching safepoint: 1798084 ns, At safepoint: 49416 ns, Total: 1847500 ns
[2022-09-04T17:26:17.144+0000][1][safepoint    ] Safepoint "Cleanup", Time since last: 1003069126 ns, Reaching safepoint: 2148333 ns, At safepoint: 69667 ns, Total: 2218000 ns
[2022-09-04T17:26:18.151+0000][1][safepoint    ] Safepoint "Cleanup", Time since last: 1005489208 ns, Reaching safepoint: 876667 ns, At safepoint: 21083 ns, Total: 897750 ns
[2022-09-04T17:26:19.153+0000][1][safepoint    ] Safepoint "Cleanup", Time since last: 1001849876 ns, Reaching safepoint: 971625 ns, At safepoint: 25792 ns, Total: 997417 ns
[2022-09-04T17:26:20.157+0000][1][safepoint    ] Safepoint "Cleanup", Time since last: 1001811042 ns, Reaching safepoint: 1208500 ns, At safepoint: 33000 ns, Total: 1241500 ns
[2022-09-04T17:26:21.162+0000][1][safepoint    ] Safepoint "Cleanup", Time since last: 1002921167 ns, Reaching safepoint: 2386000 ns, At safepoint: 139792 ns, Total: 2525792 ns
[2022-09-04T17:26:22.575+0000][1][safepoint    ] Safepoint "Cleanup", Time since last: 1411930584 ns, Reaching safepoint: 1505625 ns, At safepoint: 35291 ns, Total: 1540916 ns
[2022-09-04T17:26:23.580+0000][1][safepoint    ] Safepoint "Cleanup", Time since last: 1003811126 ns, Reaching safepoint: 842958 ns, At safepoint: 27458 ns, Total: 870416 ns
[2022-09-04T17:26:24.585+0000][1][safepoint    ] Safepoint "Cleanup", Time since last: 1003764334 ns, Reaching safepoint: 932959 ns, At safepoint: 29333 ns, Total: 962292 ns
[2022-09-04T17:26:25.588+0000][1][safepoint    ] Safepoint "Cleanup", Time since last: 1001815917 ns, Reaching safepoint: 977750 ns, At safepoint: 24625 ns, Total: 1002375 ns
[2022-09-04T17:26:26.590+0000][1][safepoint    ] Safepoint "Cleanup", Time since last: 1001811584 ns, Reaching safepoint: 867708 ns, At safepoint: 36500 ns, Total: 904208 ns
[2022-09-04T17:26:27.594+0000][1][safepoint    ] Safepoint "Cleanup", Time since last: 1001324834 ns, Reaching safepoint: 1695042 ns, At safepoint: 81333 ns, Total: 1776375 ns
[2022-09-04T17:26:28.600+0000][1][safepoint    ] Safepoint "Cleanup", Time since last: 1005245375 ns, Reaching safepoint: 957375 ns, At safepoint: 27250 ns, Total: 984625 ns
[2022-09-04T17:26:29.605+0000][1][safepoint    ] Safepoint "Cleanup", Time since last: 1003857834 ns, Reaching safepoint: 976709 ns, At safepoint: 29416 ns, Total: 1006125 ns
[2022-09-04T17:26:30.610+0000][1][safepoint    ] Safepoint "Cleanup", Time since last: 1002965251 ns, Reaching safepoint: 1922125 ns, At safepoint: 62500 ns, Total: 1984625 ns
[2022-09-04T17:26:31.614+0000][1][safepoint    ] Safepoint "Cleanup", Time since last: 1004769916 ns, Reaching safepoint: 988292 ns, At safepoint: 31208 ns, Total: 1019500 ns
[2022-09-04T17:26:32.618+0000][1][safepoint    ] Safepoint "Cleanup", Time since last: 1002697959 ns, Reaching safepoint: 1278250 ns, At safepoint: 28375 ns, Total: 1306625 ns
[2022-09-04T17:26:33.623+0000][1][safepoint    ] Safepoint "Cleanup", Time since last: 1003798584 ns, Reaching safepoint: 1255250 ns, At safepoint: 70625 ns, Total: 1325875 ns
[2022-09-04T17:26:34.627+0000][1][safepoint    ] Safepoint "Cleanup", Time since last: 1003034000 ns, Reaching safepoint: 896125 ns, At safepoint: 24917 ns, Total: 921042 ns
[2022-09-04T17:26:35.630+0000][1][safepoint    ] Safepoint "Cleanup", Time since last: 1001642959 ns, Reaching safepoint: 1636583 ns, At safepoint: 46959 ns, Total: 1683542 ns
[2022-09-04T17:26:36.634+0000][1][safepoint    ] Safepoint "Cleanup", Time since last: 1002546375 ns, Reaching safepoint: 1313625 ns, At safepoint: 35542 ns, Total: 1349167 ns
[2022-09-04T17:26:37.639+0000][1][safepoint    ] Safepoint "Cleanup", Time since last: 1002743458 ns, Reaching safepoint: 1761667 ns, At safepoint: 42667 ns, Total: 1804334 ns
[2022-09-04T17:26:38.644+0000][1][safepoint    ] Safepoint "Cleanup", Time since last: 1004392875 ns, Reaching safepoint: 1260750 ns, At safepoint: 29584 ns, Total: 1290334 ns
[2022-09-04T17:26:39.647+0000][1][safepoint    ] Safepoint "Cleanup", Time since last: 1001849500 ns, Reaching safepoint: 842750 ns, At safepoint: 22083 ns, Total: 864833 ns
[2022-09-04T17:26:40.656+0000][1][safepoint    ] Safepoint "Cleanup", Time since last: 1008429043 ns, Reaching safepoint: 955833 ns, At safepoint: 52208 ns, Total: 1008041 ns
[2022-09-04T17:26:41.663+0000][1][safepoint    ] Safepoint "Cleanup", Time since last: 1004262292 ns, Reaching safepoint: 2006292 ns, At safepoint: 69333 ns, Total: 2075625 ns
[2022-09-04T17:26:42.680+0000][1][safepoint    ] Safepoint "Cleanup", Time since last: 1016083209 ns, Reaching safepoint: 1277000 ns, At safepoint: 145709 ns, Total: 1422709 ns
[2022-09-04T17:26:43.685+0000][1][safepoint    ] Safepoint "Cleanup", Time since last: 1003343542 ns, Reaching safepoint: 980083 ns, At safepoint: 27750 ns, Total: 1007833 ns
[2022-09-04T17:26:44.688+0000][1][safepoint    ] Safepoint "Cleanup", Time since last: 1001876126 ns, Reaching safepoint: 1501625 ns, At safepoint: 45333 ns, Total: 1546958 ns
[2022-09-04T17:26:45.692+0000][1][safepoint    ] Safepoint "Cleanup", Time since last: 1001879875 ns, Reaching safepoint: 1521292 ns, At safepoint: 84500 ns, Total: 1605792 ns
[2022-09-04T17:26:46.696+0000][1][safepoint    ] Safepoint "Cleanup", Time since last: 1003909875 ns, Reaching safepoint: 917250 ns, At safepoint: 25709 ns, Total: 942959 ns
[2022-09-04T17:26:47.699+0000][1][safepoint    ] Safepoint "Cleanup", Time since last: 1001651042 ns, Reaching safepoint: 1302292 ns, At safepoint: 42916 ns, Total: 1345208 ns
[2022-09-04T17:26:48.703+0000][1][safepoint    ] Safepoint "Cleanup", Time since last: 1002711584 ns, Reaching safepoint: 1317250 ns, At safepoint: 31167 ns, Total: 1348417 ns
[2022-09-04T17:26:49.706+0000][1][safepoint    ] Safepoint "Cleanup", Time since last: 1002060584 ns, Reaching safepoint: 939875 ns, At safepoint: 19958 ns, Total: 959833 ns
[2022-09-04T17:26:50.709+0000][1][safepoint    ] Safepoint "Cleanup", Time since last: 1001959042 ns, Reaching safepoint: 1069458 ns, At safepoint: 27084 ns, Total: 1096542 ns
[2022-09-04T17:26:51.712+0000][1][safepoint    ] Safepoint "Cleanup", Time since last: 1001698917 ns, Reaching safepoint: 867625 ns, At safepoint: 23375 ns, Total: 891000 ns
[2022-09-04T17:26:52.716+0000][1][safepoint    ] Safepoint "Cleanup", Time since last: 1002890792 ns, Reaching safepoint: 870667 ns, At safepoint: 21666 ns, Total: 892333 ns
[2022-09-04T17:26:53.720+0000][1][safepoint    ] Safepoint "Cleanup", Time since last: 1003111209 ns, Reaching safepoint: 859458 ns, At safepoint: 21334 ns, Total: 880792 ns
[2022-09-04T17:26:54.723+0000][1][safepoint    ] Safepoint "Cleanup", Time since last: 1002596417 ns, Reaching safepoint: 1014833 ns, At safepoint: 25375 ns, Total: 1040208 ns
[2022-09-04T17:26:55.726+0000][1][safepoint    ] Safepoint "Cleanup", Time since last: 1001561834 ns, Reaching safepoint: 1028250 ns, At safepoint: 26333 ns, Total: 1054583 ns
[2022-09-04T17:26:56.731+0000][1][safepoint    ] Safepoint "Cleanup", Time since last: 1003520376 ns, Reaching safepoint: 878750 ns, At safepoint: 26083 ns, Total: 904833 ns
[2022-09-04T17:26:57.734+0000][1][safepoint    ] Safepoint "Cleanup", Time since last: 1002142667 ns, Reaching safepoint: 1110542 ns, At safepoint: 30667 ns, Total: 1141209 ns
[2022-09-04T17:26:58.738+0000][1][safepoint    ] Safepoint "Cleanup", Time since last: 1002716209 ns, Reaching safepoint: 1053291 ns, At safepoint: 33667 ns, Total: 1086958 ns
[2022-09-04T17:26:59.741+0000][1][safepoint    ] Safepoint "Cleanup", Time since last: 1002557584 ns, Reaching safepoint: 933916 ns, At safepoint: 22375 ns, Total: 956291 ns
[2022-09-04T17:27:00.744+0000][1][safepoint    ] Safepoint "Cleanup", Time since last: 1001990292 ns, Reaching safepoint: 882084 ns, At safepoint: 25916 ns, Total: 908000 ns
[2022-09-04T17:27:01.747+0000][1][safepoint    ] Safepoint "Cleanup", Time since last: 1002527125 ns, Reaching safepoint: 1138625 ns, At safepoint: 27833 ns, Total: 1166458 ns
[2022-09-04T17:27:02.752+0000][1][safepoint    ] Safepoint "Cleanup", Time since last: 1003677001 ns, Reaching safepoint: 957125 ns, At safepoint: 23208 ns, Total: 980333 ns
[2022-09-04T17:27:03.757+0000][1][safepoint    ] Safepoint "Cleanup", Time since last: 1002352959 ns, Reaching safepoint: 2205708 ns, At safepoint: 86000 ns, Total: 2291708 ns
[2022-09-04T17:27:04.766+0000][1][safepoint    ] Safepoint "Cleanup", Time since last: 1007727626 ns, Reaching safepoint: 994250 ns, At safepoint: 24375 ns, Total: 1018625 ns
[2022-09-04T17:27:05.769+0000][1][safepoint    ] Safepoint "Cleanup", Time since last: 1001949125 ns, Reaching safepoint: 1277750 ns, At safepoint: 35417 ns, Total: 1313167 ns
[2022-09-04T17:27:06.774+0000][1][safepoint    ] Safepoint "Cleanup", Time since last: 1003567292 ns, Reaching safepoint: 1170792 ns, At safepoint: 36125 ns, Total: 1206917 ns
[2022-09-04T17:27:07.781+0000][1][safepoint    ] Safepoint "Cleanup", Time since last: 1004745959 ns, Reaching safepoint: 2492583 ns, At safepoint: 133125 ns, Total: 2625708 ns
[2022-09-04T17:27:08.788+0000][1][safepoint    ] Safepoint "Cleanup", Time since last: 1005534875 ns, Reaching safepoint: 1174584 ns, At safepoint: 26875 ns, Total: 1201459 ns
[2022-09-04T17:27:09.792+0000][1][safepoint    ] Safepoint "Cleanup", Time since last: 1002830375 ns, Reaching safepoint: 1156750 ns, At safepoint: 31917 ns, Total: 1188667 ns
[2022-09-04T17:27:10.795+0000][1][safepoint    ] Safepoint "Cleanup", Time since last: 1002516959 ns, Reaching safepoint: 800375 ns, At safepoint: 23333 ns, Total: 823708 ns
[2022-09-04T17:27:11.798+0000][1][safepoint    ] Safepoint "Cleanup", Time since last: 1002073042 ns, Reaching safepoint: 908000 ns, At safepoint: 23750 ns, Total: 931750 ns
[2022-09-04T17:27:12.801+0000][1][safepoint    ] Safepoint "Cleanup", Time since last: 1002359167 ns, Reaching safepoint: 893084 ns, At safepoint: 19166 ns, Total: 912250 ns
[2022-09-04T17:27:13.806+0000][1][safepoint    ] Safepoint "Cleanup", Time since last: 1001899584 ns, Reaching safepoint: 2351667 ns, At safepoint: 60791 ns, Total: 2412458 ns
[2022-09-04T17:27:14.810+0000][1][safepoint    ] Safepoint "Cleanup", Time since last: 1003346584 ns, Reaching safepoint: 1163084 ns, At safepoint: 33333 ns, Total: 1196417 ns
[2022-09-04T17:27:15.815+0000][1][safepoint    ] Safepoint "Cleanup", Time since last: 1003236875 ns, Reaching safepoint: 1292584 ns, At safepoint: 32333 ns, Total: 1324917 ns
[2022-09-04T17:27:16.818+0000][1][safepoint    ] Safepoint "Cleanup", Time since last: 1002062542 ns, Reaching safepoint: 1055875 ns, At safepoint: 39625 ns, Total: 1095500 ns
[2022-09-04T17:27:17.822+0000][1][safepoint    ] Safepoint "Cleanup", Time since last: 1001854834 ns, Reaching safepoint: 2279625 ns, At safepoint: 71167 ns, Total: 2350792 ns
[2022-09-04T17:27:18.831+0000][1][safepoint    ] Safepoint "Cleanup", Time since last: 1005713750 ns, Reaching safepoint: 3147583 ns, At safepoint: 89917 ns, Total: 3237500 ns
[2022-09-04T17:27:19.843+0000][1][safepoint    ] Safepoint "Cleanup", Time since last: 1008032126 ns, Reaching safepoint: 4047708 ns, At safepoint: 212625 ns, Total: 4260333 ns
[2022-09-04T17:27:20.850+0000][1][safepoint    ] Safepoint "Cleanup", Time since last: 1005349209 ns, Reaching safepoint: 1299333 ns, At safepoint: 29833 ns, Total: 1329166 ns
[2022-09-04T17:27:21.854+0000][1][safepoint    ] Safepoint "Cleanup", Time since last: 1002846001 ns, Reaching safepoint: 1301250 ns, At safepoint: 85292 ns, Total: 1386542 ns
[2022-09-04T17:27:22.860+0000][1][safepoint    ] Safepoint "Cleanup", Time since last: 1004884583 ns, Reaching safepoint: 1151375 ns, At safepoint: 27875 ns, Total: 1179250 ns
[2022-09-04T17:27:23.866+0000][1][safepoint    ] Safepoint "Cleanup", Time since last: 1003191293 ns, Reaching safepoint: 1995083 ns, At safepoint: 67625 ns, Total: 2062708 ns
[2022-09-04T17:27:24.873+0000][1][safepoint    ] Safepoint "Cleanup", Time since last: 1004754084 ns, Reaching safepoint: 2819083 ns, At safepoint: 99458 ns, Total: 2918541 ns
[2022-09-04T17:27:25.879+0000][1][safepoint    ] Safepoint "Cleanup", Time since last: 1004647876 ns, Reaching safepoint: 856000 ns, At safepoint: 26250 ns, Total: 882250 ns
[2022-09-04T17:27:26.882+0000][1][safepoint    ] Safepoint "Cleanup", Time since last: 1001605792 ns, Reaching safepoint: 1131208 ns, At safepoint: 27042 ns, Total: 1158250 ns
[2022-09-04T17:27:27.887+0000][1][safepoint    ] Safepoint "Cleanup", Time since last: 1004139000 ns, Reaching safepoint: 1273959 ns, At safepoint: 48916 ns, Total: 1322875 ns
[2022-09-04T17:27:28.897+0000][1][safepoint    ] Safepoint "Cleanup", Time since last: 1008058918 ns, Reaching safepoint: 1766208 ns, At safepoint: 56583 ns, Total: 1822791 ns
[2022-09-04T17:27:29.902+0000][1][safepoint    ] Safepoint "Cleanup", Time since last: 1004696792 ns, Reaching safepoint: 923459 ns, At safepoint: 24625 ns, Total: 948084 ns
[2022-09-04T17:27:30.906+0000][1][safepoint    ] Safepoint "Cleanup", Time since last: 1002457542 ns, Reaching safepoint: 1141500 ns, At safepoint: 33000 ns, Total: 1174500 ns
[2022-09-04T17:27:31.911+0000][1][safepoint    ] Safepoint "Cleanup", Time since last: 1004632917 ns, Reaching safepoint: 1070375 ns, At safepoint: 29916 ns, Total: 1100291 ns
[2022-09-04T17:27:32.917+0000][1][safepoint    ] Safepoint "Cleanup", Time since last: 1003298001 ns, Reaching safepoint: 2084917 ns, At safepoint: 176416 ns, Total: 2261333 ns
[2022-09-04T17:27:33.923+0000][1][safepoint    ] Safepoint "Cleanup", Time since last: 1005014917 ns, Reaching safepoint: 1226792 ns, At safepoint: 33417 ns, Total: 1260209 ns
[2022-09-04T17:27:34.928+0000][1][safepoint    ] Safepoint "Cleanup", Time since last: 1002763500 ns, Reaching safepoint: 2092500 ns, At safepoint: 99334 ns, Total: 2191834 ns
[2022-09-04T17:27:35.933+0000][1][safepoint    ] Safepoint "Cleanup", Time since last: 1003475208 ns, Reaching safepoint: 1242959 ns, At safepoint: 33750 ns, Total: 1276709 ns
[2022-09-04T17:27:36.937+0000][1][safepoint    ] Safepoint "Cleanup", Time since last: 1002566917 ns, Reaching safepoint: 2002375 ns, At safepoint: 61250 ns, Total: 2063625 ns
[2022-09-04T17:27:37.942+0000][1][safepoint    ] Safepoint "Cleanup", Time since last: 1003641917 ns, Reaching safepoint: 1029167 ns, At safepoint: 26833 ns, Total: 1056000 ns
[2022-09-04T17:27:38.947+0000][1][safepoint    ] Safepoint "Cleanup", Time since last: 1002197500 ns, Reaching safepoint: 2268334 ns, At safepoint: 110500 ns, Total: 2378834 ns
[2022-09-04T17:27:39.952+0000][1][safepoint    ] Safepoint "Cleanup", Time since last: 1004010459 ns, Reaching safepoint: 1165416 ns, At safepoint: 28334 ns, Total: 1193750 ns
[2022-09-04T17:27:40.957+0000][1][safepoint    ] Safepoint "Cleanup", Time since last: 1004105833 ns, Reaching safepoint: 1084709 ns, At safepoint: 25416 ns, Total: 1110125 ns
[2022-09-04T17:27:41.960+0000][1][safepoint    ] Safepoint "Cleanup", Time since last: 1001852876 ns, Reaching safepoint: 1052375 ns, At safepoint: 30125 ns, Total: 1082500 ns
[2022-09-04T17:27:42.964+0000][1][safepoint    ] Safepoint "Cleanup", Time since last: 1002496959 ns, Reaching safepoint: 1063416 ns, At safepoint: 25375 ns, Total: 1088791 ns
[2022-09-04T17:27:43.967+0000][1][safepoint    ] Safepoint "Cleanup", Time since last: 1002130792 ns, Reaching safepoint: 947667 ns, At safepoint: 27167 ns, Total: 974834 ns
[2022-09-04T17:27:44.971+0000][1][safepoint    ] Safepoint "Cleanup", Time since last: 1003007250 ns, Reaching safepoint: 1491834 ns, At safepoint: 72625 ns, Total: 1564459 ns
[2022-09-04T17:27:45.976+0000][1][safepoint    ] Safepoint "Cleanup", Time since last: 1003904792 ns, Reaching safepoint: 958833 ns, At safepoint: 25333 ns, Total: 984166 ns
[2022-09-04T17:27:46.981+0000][1][safepoint    ] Safepoint "Cleanup", Time since last: 1004261501 ns, Reaching safepoint: 1079583 ns, At safepoint: 28250 ns, Total: 1107833 ns
[2022-09-04T17:27:47.987+0000][1][safepoint    ] Safepoint "Cleanup", Time since last: 1004263167 ns, Reaching safepoint: 869834 ns, At safepoint: 22416 ns, Total: 892250 ns
[2022-09-04T17:30:08.076+0000][1][safepoint    ] Safepoint "Cleanup", Time since last: 140089923063 ns, Reaching safepoint: 1156834 ns, At safepoint: 27125 ns, Total: 1183959 ns
[2022-09-04T17:31:00.844+0000][1][safepoint    ] Safepoint "RevokeBias", Time since last: 52764858275 ns, Reaching safepoint: 2353666 ns, At safepoint: 428584 ns, Total: 2782250 ns
[2022-09-04T17:31:00.855+0000][1][safepoint    ] Safepoint "RevokeBias", Time since last: 10116291 ns, Reaching safepoint: 872292 ns, At safepoint: 209125 ns, Total: 1081417 ns
[2022-09-04T17:31:00.982+0000][1][safepoint    ] Safepoint "RevokeBias", Time since last: 125370542 ns, Reaching safepoint: 1484750 ns, At safepoint: 143458 ns, Total: 1628208 ns
[2022-09-04T17:31:01.051+0000][1][safepoint    ] Safepoint "RevokeBias", Time since last: 66649458 ns, Reaching safepoint: 2189917 ns, At safepoint: 246125 ns, Total: 2436042 ns
[2022-09-04T17:31:02.056+0000][1][safepoint    ] Safepoint "Cleanup", Time since last: 1004961416 ns, Reaching safepoint: 1038333 ns, At safepoint: 25334 ns, Total: 1063667 ns
[2022-09-04T17:31:03.059+0000][1][safepoint    ] Safepoint "Cleanup", Time since last: 1002001875 ns, Reaching safepoint: 990375 ns, At safepoint: 25792 ns, Total: 1016167 ns
[2022-09-04T17:31:04.062+0000][1][safepoint    ] Safepoint "Cleanup", Time since last: 1001914000 ns, Reaching safepoint: 981584 ns, At safepoint: 24958 ns, Total: 1006542 ns
[2022-09-04T17:31:05.067+0000][1][safepoint    ] Safepoint "Cleanup", Time since last: 1001688251 ns, Reaching safepoint: 2571750 ns, At safepoint: 73833 ns, Total: 2645583 ns
[2022-09-04T17:31:06.074+0000][1][safepoint    ] Safepoint "Cleanup", Time since last: 1006508000 ns, Reaching safepoint: 1085209 ns, At safepoint: 26500 ns, Total: 1111709 ns
[2022-09-04T17:31:06.924+0000][1][safepoint    ] Safepoint "RevokeBias", Time since last: 843324542 ns, Reaching safepoint: 3474958 ns, At safepoint: 1938958 ns, Total: 5413916 ns
[2022-09-04T17:31:06.936+0000][1][safepoint    ] Safepoint "RevokeBias", Time since last: 12645709 ns, Reaching safepoint: 668666 ns, At safepoint: 96042 ns, Total: 764708 ns
[2022-09-04T17:31:07.103+0000][1][safepoint    ] Safepoint "RevokeBias", Time since last: 161775709 ns, Reaching safepoint: 5044166 ns, At safepoint: 130709 ns, Total: 5174875 ns
[2022-09-04T17:31:07.180+0000][1][safepoint    ] Safepoint "RevokeBias", Time since last: 75351208 ns, Reaching safepoint: 1247333 ns, At safepoint: 301000 ns, Total: 1548333 ns
[2022-09-04T17:31:08.183+0000][1][safepoint    ] Safepoint "Cleanup", Time since last: 1002122626 ns, Reaching safepoint: 903916 ns, At safepoint: 70084 ns, Total: 974000 ns
[2022-09-04T17:31:09.187+0000][1][safepoint    ] Safepoint "Cleanup", Time since last: 1002364042 ns, Reaching safepoint: 886167 ns, At safepoint: 22375 ns, Total: 908542 ns
[2022-09-04T17:31:10.190+0000][1][safepoint    ] Safepoint "Cleanup", Time since last: 1002595792 ns, Reaching safepoint: 1133708 ns, At safepoint: 31667 ns, Total: 1165375 ns
[2022-09-04T17:31:11.194+0000][1][safepoint    ] Safepoint "Cleanup", Time since last: 1002714500 ns, Reaching safepoint: 880417 ns, At safepoint: 21041 ns, Total: 901458 ns
[2022-09-04T17:31:12.198+0000][1][safepoint    ] Safepoint "Cleanup", Time since last: 1001698668 ns, Reaching safepoint: 2351625 ns, At safepoint: 99666 ns, Total: 2451291 ns
[2022-09-04T17:31:13.202+0000][1][safepoint    ] Safepoint "Cleanup", Time since last: 1003247709 ns, Reaching safepoint: 1043667 ns, At safepoint: 27750 ns, Total: 1071417 ns
[2022-09-04T17:31:14.205+0000][1][safepoint    ] Safepoint "Cleanup", Time since last: 1001846959 ns, Reaching safepoint: 996708 ns, At safepoint: 25583 ns, Total: 1022291 ns
[2022-09-04T17:31:15.209+0000][1][safepoint    ] Safepoint "Cleanup", Time since last: 1002326709 ns, Reaching safepoint: 987208 ns, At safepoint: 34375 ns, Total: 1021583 ns
[2022-09-04T17:31:17.110+0000][1][safepoint    ] Safepoint "Cleanup", Time since last: 1899332293 ns, Reaching safepoint: 1697708 ns, At safepoint: 57209 ns, Total: 1754917 ns
[2022-09-04T17:31:18.113+0000][1][safepoint    ] Safepoint "Cleanup", Time since last: 1002681500 ns, Reaching safepoint: 909083 ns, At safepoint: 21417 ns, Total: 930500 ns
[2022-09-04T17:31:19.116+0000][1][safepoint    ] Safepoint "Cleanup", Time since last: 1001811834 ns, Reaching safepoint: 897500 ns, At safepoint: 27208 ns, Total: 924708 ns
[2022-09-04T17:31:20.121+0000][1][safepoint    ] Safepoint "Cleanup", Time since last: 1002170626 ns, Reaching safepoint: 2311791 ns, At safepoint: 83334 ns, Total: 2395125 ns
[2022-09-04T17:31:21.128+0000][1][safepoint    ] Safepoint "Cleanup", Time since last: 1006674917 ns, Reaching safepoint: 1168875 ns, At safepoint: 33708 ns, Total: 1202583 ns
[2022-09-04T17:31:22.132+0000][1][safepoint    ] Safepoint "Cleanup", Time since last: 1002587126 ns, Reaching safepoint: 1092750 ns, At safepoint: 28583 ns, Total: 1121333 ns
[2022-09-04T17:31:23.136+0000][1][safepoint    ] Safepoint "Cleanup", Time since last: 1002362751 ns, Reaching safepoint: 1011500 ns, At safepoint: 26333 ns, Total: 1037833 ns
[2022-09-04T17:31:24.139+0000][1][safepoint    ] Safepoint "Cleanup", Time since last: 1002703250 ns, Reaching safepoint: 890375 ns, At safepoint: 44750 ns, Total: 935125 ns
[2022-09-04T17:31:25.145+0000][1][safepoint    ] Safepoint "Cleanup", Time since last: 1002090251 ns, Reaching safepoint: 3701958 ns, At safepoint: 72917 ns, Total: 3774875 ns
[2022-09-04T17:31:26.153+0000][1][safepoint    ] Safepoint "Cleanup", Time since last: 1005826875 ns, Reaching safepoint: 1863542 ns, At safepoint: 62667 ns, Total: 1926209 ns
[2022-09-04T17:31:27.158+0000][1][safepoint    ] Safepoint "Cleanup", Time since last: 1002986583 ns, Reaching safepoint: 2476292 ns, At safepoint: 97167 ns, Total: 2573459 ns
[2022-09-04T17:31:28.163+0000][1][safepoint    ] Safepoint "Cleanup", Time since last: 1003395750 ns, Reaching safepoint: 793292 ns, At safepoint: 23917 ns, Total: 817209 ns
[2022-09-04T17:31:29.168+0000][1][safepoint    ] Safepoint "Cleanup", Time since last: 1004490250 ns, Reaching safepoint: 1229583 ns, At safepoint: 36375 ns, Total: 1265958 ns
[2022-09-04T17:31:30.172+0000][1][safepoint    ] Safepoint "Cleanup", Time since last: 1002592376 ns, Reaching safepoint: 1106625 ns, At safepoint: 27750 ns, Total: 1134375 ns
[2022-09-04T17:31:31.177+0000][1][safepoint    ] Safepoint "Cleanup", Time since last: 1003826584 ns, Reaching safepoint: 1344791 ns, At safepoint: 32000 ns, Total: 1376791 ns
[2022-09-04T17:31:32.186+0000][1][safepoint    ] Safepoint "Cleanup", Time since last: 1003095667 ns, Reaching safepoint: 6076542 ns, At safepoint: 154292 ns, Total: 6230834 ns
[2022-09-04T17:31:33.194+0000][1][safepoint    ] Safepoint "Cleanup", Time since last: 1007086792 ns, Reaching safepoint: 912708 ns, At safepoint: 22083 ns, Total: 934791 ns
[2022-09-04T17:31:34.197+0000][1][safepoint    ] Safepoint "Cleanup", Time since last: 1001621209 ns, Reaching safepoint: 1144958 ns, At safepoint: 54584 ns, Total: 1199542 ns
[2022-09-04T17:31:35.202+0000][1][safepoint    ] Safepoint "Cleanup", Time since last: 1003610959 ns, Reaching safepoint: 812541 ns, At safepoint: 29959 ns, Total: 842500 ns
[2022-09-04T17:31:36.205+0000][1][safepoint    ] Safepoint "Cleanup", Time since last: 1001479667 ns, Reaching safepoint: 1392250 ns, At safepoint: 28291 ns, Total: 1420541 ns
[2022-09-04T17:31:37.209+0000][1][safepoint    ] Safepoint "Cleanup", Time since last: 1003211418 ns, Reaching safepoint: 980541 ns, At safepoint: 21167 ns, Total: 1001708 ns
[2022-09-04T17:31:38.215+0000][1][safepoint    ] Safepoint "Cleanup", Time since last: 1005747375 ns, Reaching safepoint: 886584 ns, At safepoint: 25583 ns, Total: 912167 ns
[2022-09-04T17:31:39.220+0000][1][safepoint    ] Safepoint "Cleanup", Time since last: 1003405126 ns, Reaching safepoint: 1141208 ns, At safepoint: 30958 ns, Total: 1172166 ns
[2022-09-04T17:31:40.223+0000][1][safepoint    ] Safepoint "Cleanup", Time since last: 1002274834 ns, Reaching safepoint: 1152833 ns, At safepoint: 30000 ns, Total: 1182833 ns
[2022-09-04T17:31:41.228+0000][1][safepoint    ] Safepoint "Cleanup", Time since last: 1003709501 ns, Reaching safepoint: 1226333 ns, At safepoint: 35084 ns, Total: 1261417 ns
[2022-09-04T17:31:42.232+0000][1][safepoint    ] Safepoint "Cleanup", Time since last: 1002796083 ns, Reaching safepoint: 1084125 ns, At safepoint: 38292 ns, Total: 1122417 ns
[2022-09-04T17:31:43.236+0000][1][safepoint    ] Safepoint "Cleanup", Time since last: 1002326209 ns, Reaching safepoint: 960291 ns, At safepoint: 22459 ns, Total: 982750 ns
[2022-09-04T17:31:44.240+0000][1][safepoint    ] Safepoint "Cleanup", Time since last: 1003107625 ns, Reaching safepoint: 1039917 ns, At safepoint: 23833 ns, Total: 1063750 ns
[2022-09-04T17:31:45.245+0000][1][safepoint    ] Safepoint "Cleanup", Time since last: 1004496917 ns, Reaching safepoint: 864209 ns, At safepoint: 23208 ns, Total: 887417 ns
[2022-09-04T17:31:46.248+0000][1][safepoint    ] Safepoint "Cleanup", Time since last: 1001744501 ns, Reaching safepoint: 1018708 ns, At safepoint: 29042 ns, Total: 1047750 ns
[2022-09-04T17:31:47.252+0000][1][safepoint    ] Safepoint "Cleanup", Time since last: 1002450333 ns, Reaching safepoint: 1686959 ns, At safepoint: 201083 ns, Total: 1888042 ns
[2022-09-04T17:31:48.256+0000][1][safepoint    ] Safepoint "Cleanup", Time since last: 1002161792 ns, Reaching safepoint: 1090250 ns, At safepoint: 31709 ns, Total: 1121959 ns
[2022-09-04T17:31:49.260+0000][1][safepoint    ] Safepoint "Cleanup", Time since last: 1003322667 ns, Reaching safepoint: 1186166 ns, At safepoint: 35834 ns, Total: 1222000 ns
[2022-09-04T17:31:50.266+0000][1][safepoint    ] Safepoint "Cleanup", Time since last: 1003279958 ns, Reaching safepoint: 2226917 ns, At safepoint: 53083 ns, Total: 2280000 ns
[2022-09-04T17:31:51.271+0000][1][safepoint    ] Safepoint "Cleanup", Time since last: 1003062918 ns, Reaching safepoint: 2389666 ns, At safepoint: 87500 ns, Total: 2477166 ns
[2022-09-04T17:31:52.279+0000][1][safepoint    ] Safepoint "Cleanup", Time since last: 1006618251 ns, Reaching safepoint: 1117916 ns, At safepoint: 28459 ns, Total: 1146375 ns
[2022-09-04T17:31:53.288+0000][1][safepoint    ] Safepoint "Cleanup", Time since last: 1007496292 ns, Reaching safepoint: 1024250 ns, At safepoint: 30792 ns, Total: 1055042 ns
[2022-09-04T17:31:54.293+0000][1][safepoint    ] Safepoint "Cleanup", Time since last: 1003137458 ns, Reaching safepoint: 1955542 ns, At safepoint: 43333 ns, Total: 1998875 ns
[2022-09-04T17:31:55.299+0000][1][safepoint    ] Safepoint "Cleanup", Time since last: 1004386376 ns, Reaching safepoint: 2094667 ns, At safepoint: 76333 ns, Total: 2171000 ns
[2022-09-04T17:31:56.304+0000][1][safepoint    ] Safepoint "Cleanup", Time since last: 1003766625 ns, Reaching safepoint: 1405875 ns, At safepoint: 83459 ns, Total: 1489334 ns
[2022-09-04T17:31:57.308+0000][1][safepoint    ] Safepoint "Cleanup", Time since last: 1002696709 ns, Reaching safepoint: 1126625 ns, At safepoint: 28416 ns, Total: 1155041 ns
[2022-09-04T17:31:58.312+0000][1][safepoint    ] Safepoint "Cleanup", Time since last: 1001950834 ns, Reaching safepoint: 1317000 ns, At safepoint: 30500 ns, Total: 1347500 ns
[2022-09-04T17:31:59.316+0000][1][safepoint    ] Safepoint "Cleanup", Time since last: 1003403209 ns, Reaching safepoint: 898541 ns, At safepoint: 23375 ns, Total: 921916 ns
[2022-09-04T17:32:00.319+0000][1][safepoint    ] Safepoint "Cleanup", Time since last: 1002042959 ns, Reaching safepoint: 1161709 ns, At safepoint: 32958 ns, Total: 1194667 ns
[2022-09-04T17:32:01.328+0000][1][safepoint    ] Safepoint "Cleanup", Time since last: 1004158584 ns, Reaching safepoint: 4009083 ns, At safepoint: 195875 ns, Total: 4204958 ns
[2022-09-04T17:32:02.336+0000][1][safepoint    ] Safepoint "Cleanup", Time since last: 1006023958 ns, Reaching safepoint: 2088709 ns, At safepoint: 43708 ns, Total: 2132417 ns
[2022-09-04T17:32:03.340+0000][1][safepoint    ] Safepoint "Cleanup", Time since last: 1003312250 ns, Reaching safepoint: 889375 ns, At safepoint: 23500 ns, Total: 912875 ns
[2022-09-04T17:32:04.344+0000][1][safepoint    ] Safepoint "Cleanup", Time since last: 1002691834 ns, Reaching safepoint: 822792 ns, At safepoint: 23208 ns, Total: 846000 ns
[2022-09-04T17:32:05.347+0000][1][safepoint    ] Safepoint "Cleanup", Time since last: 1001551751 ns, Reaching safepoint: 1871500 ns, At safepoint: 104750 ns, Total: 1976250 ns
[2022-09-04T17:32:06.416+0000][1][safepoint    ] Safepoint "Cleanup", Time since last: 1066732875 ns, Reaching safepoint: 1768625 ns, At safepoint: 72209 ns, Total: 1840834 ns
[2022-09-04T17:32:07.421+0000][1][safepoint    ] Safepoint "Cleanup", Time since last: 1004118583 ns, Reaching safepoint: 1127875 ns, At safepoint: 27500 ns, Total: 1155375 ns
[2022-09-04T17:32:08.428+0000][1][safepoint    ] Safepoint "Cleanup", Time since last: 1005082084 ns, Reaching safepoint: 1942334 ns, At safepoint: 36166 ns, Total: 1978500 ns
[2022-09-04T17:32:09.433+0000][1][safepoint    ] Safepoint "Cleanup", Time since last: 1003834501 ns, Reaching safepoint: 1014583 ns, At safepoint: 24375 ns, Total: 1038958 ns
[2022-09-04T17:32:10.438+0000][1][safepoint    ] Safepoint "Cleanup", Time since last: 1002332042 ns, Reaching safepoint: 2862458 ns, At safepoint: 71334 ns, Total: 2933792 ns
[2022-09-04T17:32:11.448+0000][1][safepoint    ] Safepoint "Cleanup", Time since last: 1007114417 ns, Reaching safepoint: 2872708 ns, At safepoint: 56584 ns, Total: 2929292 ns
[2022-09-04T17:32:12.456+0000][1][safepoint    ] Safepoint "Cleanup", Time since last: 1005174833 ns, Reaching safepoint: 2400584 ns, At safepoint: 55916 ns, Total: 2456500 ns
[2022-09-04T17:32:13.463+0000][1][safepoint    ] Safepoint "Cleanup", Time since last: 1006309084 ns, Reaching safepoint: 934542 ns, At safepoint: 37875 ns, Total: 972417 ns
[2022-09-04T17:32:14.027+0000][1][gc,start     ] GC(42) Pause Young (Allocation Failure)
[2022-09-04T17:32:14.032+0000][1][gc,task      ] GC(42) Using 4 workers of 4 for evacuation
[2022-09-04T17:32:14.076+0000][1][gc,age       ] GC(42) Desired survivor size 8945664 bytes, new threshold 6 (max threshold 6)
[2022-09-04T17:32:14.078+0000][1][gc,age       ] GC(42) Age table with threshold 6 (max threshold 6)
[2022-09-04T17:32:14.079+0000][1][gc,age       ] GC(42) - age   1:       9408 bytes,       9408 total
[2022-09-04T17:32:14.081+0000][1][gc,age       ] GC(42) - age   2:       3888 bytes,      13296 total
[2022-09-04T17:32:14.082+0000][1][gc,age       ] GC(42) - age   3:       3272 bytes,      16568 total
[2022-09-04T17:32:14.083+0000][1][gc,age       ] GC(42) - age   4:       3208 bytes,      19776 total
[2022-09-04T17:32:14.084+0000][1][gc,age       ] GC(42) - age   5:        848 bytes,      20624 total
[2022-09-04T17:32:14.086+0000][1][gc,age       ] GC(42) - age   6:       2960 bytes,      23584 total
[2022-09-04T17:32:14.089+0000][1][gc,heap      ] GC(42) ParNew: 139894K->89K(157248K)
[2022-09-04T17:32:14.090+0000][1][gc,heap      ] GC(42) CMS: 67657K->67730K(349568K)
[2022-09-04T17:32:14.091+0000][1][gc,metaspace ] GC(42) Metaspace: 85102K->85102K(1128448K)
[2022-09-04T17:32:14.093+0000][1][gc           ] GC(42) Pause Young (Allocation Failure) 202M->66M(494M) 66.623ms
[2022-09-04T17:32:14.094+0000][1][gc,cpu       ] GC(42) User=0.08s Sys=0.02s Real=0.07s
[2022-09-04T17:32:14.095+0000][1][safepoint    ] Safepoint "GenCollectForAllocation", Time since last: 561191917 ns, Reaching safepoint: 1131875 ns, At safepoint: 69776542 ns, Total: 70908417 ns
[2022-09-04T17:32:15.099+0000][1][safepoint    ] Safepoint "Cleanup", Time since last: 1002396833 ns, Reaching safepoint: 1105042 ns, At safepoint: 36292 ns, Total: 1141334 ns
[2022-09-04T17:32:16.104+0000][1][safepoint    ] Safepoint "Cleanup", Time since last: 1003495833 ns, Reaching safepoint: 1134292 ns, At safepoint: 31792 ns, Total: 1166084 ns
[2022-09-04T17:32:17.107+0000][1][safepoint    ] Safepoint "Cleanup", Time since last: 1002435250 ns, Reaching safepoint: 1326250 ns, At safepoint: 38042 ns, Total: 1364292 ns
[2022-09-04T17:32:18.110+0000][1][safepoint    ] Safepoint "Cleanup", Time since last: 1002102500 ns, Reaching safepoint: 944167 ns, At safepoint: 48958 ns, Total: 993125 ns
[2022-09-04T17:32:19.114+0000][1][safepoint    ] Safepoint "Cleanup", Time since last: 1002154084 ns, Reaching safepoint: 1018584 ns, At safepoint: 36833 ns, Total: 1055417 ns
[2022-09-04T17:32:20.117+0000][1][safepoint    ] Safepoint "Cleanup", Time since last: 1001924167 ns, Reaching safepoint: 1190875 ns, At safepoint: 27292 ns, Total: 1218167 ns
[2022-09-04T17:32:21.121+0000][1][safepoint    ] Safepoint "Cleanup", Time since last: 1002898834 ns, Reaching safepoint: 897166 ns, At safepoint: 25167 ns, Total: 922333 ns
[2022-09-04T17:32:22.124+0000][1][safepoint    ] Safepoint "Cleanup", Time since last: 1002555917 ns, Reaching safepoint: 924083 ns, At safepoint: 25584 ns, Total: 949667 ns
[2022-09-04T17:32:23.128+0000][1][safepoint    ] Safepoint "Cleanup", Time since last: 1003333334 ns, Reaching safepoint: 884333 ns, At safepoint: 25417 ns, Total: 909750 ns
[2022-09-04T17:32:24.131+0000][1][safepoint    ] Safepoint "Cleanup", Time since last: 1001675167 ns, Reaching safepoint: 1045333 ns, At safepoint: 34875 ns, Total: 1080208 ns
[2022-09-04T17:32:25.134+0000][1][safepoint    ] Safepoint "Cleanup", Time since last: 1001871625 ns, Reaching safepoint: 1149834 ns, At safepoint: 33458 ns, Total: 1183292 ns
[2022-09-04T17:32:26.141+0000][1][safepoint    ] Safepoint "Cleanup", Time since last: 1003010334 ns, Reaching safepoint: 3423333 ns, At safepoint: 137875 ns, Total: 3561208 ns
[2022-09-04T17:32:27.145+0000][1][safepoint    ] Safepoint "Cleanup", Time since last: 1003549917 ns, Reaching safepoint: 998834 ns, At safepoint: 25250 ns, Total: 1024084 ns
[2022-09-04T17:32:28.149+0000][1][safepoint    ] Safepoint "Cleanup", Time since last: 1003272375 ns, Reaching safepoint: 829584 ns, At safepoint: 21500 ns, Total: 851084 ns
[2022-09-04T17:32:29.152+0000][1][safepoint    ] Safepoint "Cleanup", Time since last: 1001891208 ns, Reaching safepoint: 843959 ns, At safepoint: 27000 ns, Total: 870959 ns
[2022-09-04T17:32:30.156+0000][1][safepoint    ] Safepoint "Cleanup", Time since last: 1003111334 ns, Reaching safepoint: 1092500 ns, At safepoint: 25166 ns, Total: 1117666 ns
[2022-09-04T17:32:31.160+0000][1][safepoint    ] Safepoint "Cleanup", Time since last: 1002086209 ns, Reaching safepoint: 1595042 ns, At safepoint: 74708 ns, Total: 1669750 ns
[2022-09-04T17:32:32.166+0000][1][safepoint    ] Safepoint "Cleanup", Time since last: 1003655250 ns, Reaching safepoint: 3101500 ns, At safepoint: 82042 ns, Total: 3183542 ns
[2022-09-04T17:32:33.173+0000][1][safepoint    ] Safepoint "Cleanup", Time since last: 1005962792 ns, Reaching safepoint: 1133125 ns, At safepoint: 26833 ns, Total: 1159958 ns
[2022-09-04T17:32:34.176+0000][1][safepoint    ] Safepoint "Cleanup", Time since last: 1002084000 ns, Reaching safepoint: 1082500 ns, At safepoint: 42084 ns, Total: 1124584 ns
[2022-09-04T17:32:35.180+0000][1][safepoint    ] Safepoint "Cleanup", Time since last: 1002726500 ns, Reaching safepoint: 1221584 ns, At safepoint: 32166 ns, Total: 1253750 ns
[2022-09-04T17:32:36.184+0000][1][safepoint    ] Safepoint "Cleanup", Time since last: 1002536626 ns, Reaching safepoint: 975208 ns, At safepoint: 38250 ns, Total: 1013458 ns
[2022-09-04T17:32:37.188+0000][1][safepoint    ] Safepoint "Cleanup", Time since last: 1002160334 ns, Reaching safepoint: 1654208 ns, At safepoint: 54292 ns, Total: 1708500 ns
[2022-09-04T17:32:38.191+0000][1][safepoint    ] Safepoint "Cleanup", Time since last: 1002129417 ns, Reaching safepoint: 910458 ns, At safepoint: 27917 ns, Total: 938375 ns
[2022-09-04T17:32:39.194+0000][1][safepoint    ] Safepoint "Cleanup", Time since last: 1002267501 ns, Reaching safepoint: 953166 ns, At safepoint: 23125 ns, Total: 976291 ns
[2022-09-04T17:32:40.197+0000][1][safepoint    ] Safepoint "Cleanup", Time since last: 1001793334 ns, Reaching safepoint: 1187792 ns, At safepoint: 27916 ns, Total: 1215708 ns
[2022-09-04T17:32:41.200+0000][1][safepoint    ] Safepoint "Cleanup", Time since last: 1001793959 ns, Reaching safepoint: 1319208 ns, At safepoint: 31250 ns, Total: 1350458 ns
[2022-09-04T17:32:42.204+0000][1][safepoint    ] Safepoint "Cleanup", Time since last: 1003112043 ns, Reaching safepoint: 1130208 ns, At safepoint: 28625 ns, Total: 1158833 ns
[2022-09-04T17:32:43.208+0000][1][safepoint    ] Safepoint "Cleanup", Time since last: 1002237042 ns, Reaching safepoint: 862542 ns, At safepoint: 23291 ns, Total: 885833 ns
[2022-09-04T17:32:44.211+0000][1][safepoint    ] Safepoint "Cleanup", Time since last: 1002101209 ns, Reaching safepoint: 1045459 ns, At safepoint: 27791 ns, Total: 1073250 ns
[2022-09-04T17:32:45.216+0000][1][safepoint    ] Safepoint "Cleanup", Time since last: 1003104501 ns, Reaching safepoint: 2082666 ns, At safepoint: 169917 ns, Total: 2252583 ns
[2022-09-04T17:32:46.223+0000][1][safepoint    ] Safepoint "Cleanup", Time since last: 1006310459 ns, Reaching safepoint: 973625 ns, At safepoint: 38667 ns, Total: 1012292 ns
[2022-09-04T17:32:47.228+0000][1][safepoint    ] Safepoint "Cleanup", Time since last: 1003667500 ns, Reaching safepoint: 874958 ns, At safepoint: 21584 ns, Total: 896542 ns
[2022-09-04T17:32:48.231+0000][1][safepoint    ] Safepoint "Cleanup", Time since last: 1002058292 ns, Reaching safepoint: 880042 ns, At safepoint: 22166 ns, Total: 902208 ns
[2022-09-04T17:32:49.234+0000][1][safepoint    ] Safepoint "Cleanup", Time since last: 1001687084 ns, Reaching safepoint: 872208 ns, At safepoint: 24750 ns, Total: 896958 ns
[2022-09-04T17:32:50.237+0000][1][safepoint    ] Safepoint "Cleanup", Time since last: 1002735334 ns, Reaching safepoint: 1041917 ns, At safepoint: 31041 ns, Total: 1072958 ns
[2022-09-04T17:32:51.241+0000][1][safepoint    ] Safepoint "Cleanup", Time since last: 1002452626 ns, Reaching safepoint: 1171708 ns, At safepoint: 29584 ns, Total: 1201292 ns
[2022-09-04T17:32:52.245+0000][1][safepoint    ] Safepoint "Cleanup", Time since last: 1003368208 ns, Reaching safepoint: 1063834 ns, At safepoint: 29541 ns, Total: 1093375 ns
[2022-09-04T17:32:53.250+0000][1][safepoint    ] Safepoint "Cleanup", Time since last: 1003317418 ns, Reaching safepoint: 986458 ns, At safepoint: 25292 ns, Total: 1011750 ns
[2022-09-04T17:32:54.255+0000][1][safepoint    ] Safepoint "Cleanup", Time since last: 1003762000 ns, Reaching safepoint: 944708 ns, At safepoint: 29250 ns, Total: 973958 ns
[2022-09-04T17:32:55.258+0000][1][safepoint    ] Safepoint "Cleanup", Time since last: 1002641751 ns, Reaching safepoint: 1070417 ns, At safepoint: 51625 ns, Total: 1122042 ns
[2022-09-04T17:32:56.262+0000][1][safepoint    ] Safepoint "Cleanup", Time since last: 1002433792 ns, Reaching safepoint: 1083541 ns, At safepoint: 31667 ns, Total: 1115208 ns
[2022-09-04T17:32:57.265+0000][1][safepoint    ] Safepoint "Cleanup", Time since last: 1002022375 ns, Reaching safepoint: 946250 ns, At safepoint: 24875 ns, Total: 971125 ns
[2022-09-04T17:32:58.269+0000][1][safepoint    ] Safepoint "Cleanup", Time since last: 1002989418 ns, Reaching safepoint: 951083 ns, At safepoint: 21583 ns, Total: 972666 ns
[2022-09-04T17:32:59.271+0000][1][safepoint    ] Safepoint "Cleanup", Time since last: 1001536751 ns, Reaching safepoint: 895791 ns, At safepoint: 22875 ns, Total: 918666 ns
[2022-09-04T17:33:00.274+0000][1][safepoint    ] Safepoint "Cleanup", Time since last: 1001949459 ns, Reaching safepoint: 1063250 ns, At safepoint: 27375 ns, Total: 1090625 ns
[2022-09-04T17:33:01.279+0000][1][safepoint    ] Safepoint "Cleanup", Time since last: 1002992917 ns, Reaching safepoint: 1991167 ns, At safepoint: 78083 ns, Total: 2069250 ns
[2022-09-04T17:33:02.286+0000][1][safepoint    ] Safepoint "Cleanup", Time since last: 1004586833 ns, Reaching safepoint: 1405709 ns, At safepoint: 29333 ns, Total: 1435042 ns
[2022-09-04T17:33:03.290+0000][1][safepoint    ] Safepoint "Cleanup", Time since last: 1003027792 ns, Reaching safepoint: 983583 ns, At safepoint: 22167 ns, Total: 1005750 ns
[2022-09-04T17:33:04.293+0000][1][safepoint    ] Safepoint "Cleanup", Time since last: 1001765834 ns, Reaching safepoint: 1259042 ns, At safepoint: 30500 ns, Total: 1289542 ns
[2022-09-04T17:33:05.298+0000][1][safepoint    ] Safepoint "Cleanup", Time since last: 1002254333 ns, Reaching safepoint: 2313709 ns, At safepoint: 69250 ns, Total: 2382959 ns
[2022-09-04T17:33:06.384+0000][1][safepoint    ] Safepoint "Cleanup", Time since last: 1083395667 ns, Reaching safepoint: 2663958 ns, At safepoint: 79042 ns, Total: 2743000 ns
[2022-09-04T17:33:07.389+0000][1][safepoint    ] Safepoint "Cleanup", Time since last: 1003656334 ns, Reaching safepoint: 861041 ns, At safepoint: 46584 ns, Total: 907625 ns
[2022-09-04T17:33:08.394+0000][1][safepoint    ] Safepoint "Cleanup", Time since last: 1002800375 ns, Reaching safepoint: 2849333 ns, At safepoint: 80917 ns, Total: 2930250 ns
[2022-09-04T17:33:09.403+0000][1][safepoint    ] Safepoint "Cleanup", Time since last: 1006915501 ns, Reaching safepoint: 1311958 ns, At safepoint: 31750 ns, Total: 1343708 ns
[2022-09-04T17:33:10.408+0000][1][safepoint    ] Safepoint "Cleanup", Time since last: 1003473125 ns, Reaching safepoint: 1890084 ns, At safepoint: 87916 ns, Total: 1978000 ns
[2022-09-04T17:33:11.415+0000][1][safepoint    ] Safepoint "Cleanup", Time since last: 1005153668 ns, Reaching safepoint: 1808833 ns, At safepoint: 63292 ns, Total: 1872125 ns
[2022-09-04T17:33:12.242+0000][1][safepoint    ] Safepoint "RevokeBias", Time since last: 825260000 ns, Reaching safepoint: 1944000 ns, At safepoint: 255542 ns, Total: 2199542 ns
[2022-09-04T17:33:12.315+0000][1][safepoint    ] Safepoint "RevokeBias", Time since last: 71052041 ns, Reaching safepoint: 1253042 ns, At safepoint: 111000 ns, Total: 1364042 ns
[2022-09-04T17:33:13.318+0000][1][safepoint    ] Safepoint "Cleanup", Time since last: 1002531542 ns, Reaching safepoint: 867083 ns, At safepoint: 31042 ns, Total: 898125 ns
[2022-09-04T17:33:14.321+0000][1][safepoint    ] Safepoint "Cleanup", Time since last: 1001844709 ns, Reaching safepoint: 1246167 ns, At safepoint: 30125 ns, Total: 1276292 ns
[2022-09-04T17:33:15.328+0000][1][safepoint    ] Safepoint "Cleanup", Time since last: 1004393625 ns, Reaching safepoint: 2235792 ns, At safepoint: 83500 ns, Total: 2319292 ns
[2022-09-04T17:33:16.332+0000][1][safepoint    ] Safepoint "Cleanup", Time since last: 1002258167 ns, Reaching safepoint: 1253000 ns, At safepoint: 29375 ns, Total: 1282375 ns
[2022-09-04T17:33:17.336+0000][1][safepoint    ] Safepoint "Cleanup", Time since last: 1002764125 ns, Reaching safepoint: 1175875 ns, At safepoint: 40250 ns, Total: 1216125 ns
[2022-09-04T17:33:18.339+0000][1][safepoint    ] Safepoint "Cleanup", Time since last: 1002267251 ns, Reaching safepoint: 1052000 ns, At safepoint: 24708 ns, Total: 1076708 ns
[2022-09-04T17:33:19.342+0000][1][safepoint    ] Safepoint "Cleanup", Time since last: 1001811667 ns, Reaching safepoint: 1401917 ns, At safepoint: 44750 ns, Total: 1446667 ns
[2022-09-04T17:33:20.347+0000][1][safepoint    ] Safepoint "Cleanup", Time since last: 1002951792 ns, Reaching safepoint: 1659959 ns, At safepoint: 52833 ns, Total: 1712792 ns
[2022-09-04T17:33:21.352+0000][1][safepoint    ] Safepoint "Cleanup", Time since last: 1003717042 ns, Reaching safepoint: 1770250 ns, At safepoint: 50125 ns, Total: 1820375 ns
[2022-09-04T17:33:22.358+0000][1][safepoint    ] Safepoint "Cleanup", Time since last: 1003094792 ns, Reaching safepoint: 2520042 ns, At safepoint: 71541 ns, Total: 2591583 ns
[2022-09-04T17:33:23.367+0000][1][safepoint    ] Safepoint "Cleanup", Time since last: 1007801584 ns, Reaching safepoint: 887709 ns, At safepoint: 25916 ns, Total: 913625 ns
[2022-09-04T17:33:24.370+0000][1][safepoint    ] Safepoint "Cleanup", Time since last: 1001749251 ns, Reaching safepoint: 1729916 ns, At safepoint: 97584 ns, Total: 1827500 ns
[2022-09-04T17:33:25.379+0000][1][safepoint    ] Safepoint "Cleanup", Time since last: 1004975834 ns, Reaching safepoint: 3362541 ns, At safepoint: 108959 ns, Total: 3471500 ns
[2022-09-04T17:33:26.387+0000][1][safepoint    ] Safepoint "Cleanup", Time since last: 1006764917 ns, Reaching safepoint: 1244125 ns, At safepoint: 27250 ns, Total: 1271375 ns
[2022-09-04T17:33:27.392+0000][1][safepoint    ] Safepoint "Cleanup", Time since last: 1002179167 ns, Reaching safepoint: 3179250 ns, At safepoint: 113792 ns, Total: 3293042 ns
[2022-09-04T17:33:28.399+0000][1][safepoint    ] Safepoint "Cleanup", Time since last: 1006164542 ns, Reaching safepoint: 913666 ns, At safepoint: 23042 ns, Total: 936708 ns
[2022-09-04T17:33:29.404+0000][1][safepoint    ] Safepoint "Cleanup", Time since last: 1002006834 ns, Reaching safepoint: 2473458 ns, At safepoint: 88459 ns, Total: 2561917 ns
[2022-09-04T17:33:30.412+0000][1][safepoint    ] Safepoint "Cleanup", Time since last: 1005149750 ns, Reaching safepoint: 2386833 ns, At safepoint: 74375 ns, Total: 2461208 ns
[2022-09-04T17:33:31.418+0000][1][safepoint    ] Safepoint "Cleanup", Time since last: 1004020834 ns, Reaching safepoint: 2101750 ns, At safepoint: 61542 ns, Total: 2163292 ns
[2022-09-04T17:33:32.426+0000][1][safepoint    ] Safepoint "Cleanup", Time since last: 1007808708 ns, Reaching safepoint: 1607708 ns, At safepoint: 53584 ns, Total: 1661292 ns
[2022-09-04T17:33:34.289+0000][1][safepoint    ] Safepoint "Cleanup", Time since last: 1861263876 ns, Reaching safepoint: 1137875 ns, At safepoint: 26166 ns, Total: 1164041 ns
[2022-09-04T17:33:35.294+0000][1][safepoint    ] Safepoint "Cleanup", Time since last: 1004824751 ns, Reaching safepoint: 836083 ns, At safepoint: 20833 ns, Total: 856916 ns
[2022-09-04T17:33:36.300+0000][1][safepoint    ] Safepoint "Cleanup", Time since last: 1004266084 ns, Reaching safepoint: 989292 ns, At safepoint: 22583 ns, Total: 1011875 ns
[2022-09-04T17:33:37.304+0000][1][safepoint    ] Safepoint "Cleanup", Time since last: 1003174042 ns, Reaching safepoint: 872167 ns, At safepoint: 42958 ns, Total: 915125 ns
[2022-09-04T17:33:38.306+0000][1][safepoint    ] Safepoint "Cleanup", Time since last: 1001751417 ns, Reaching safepoint: 764125 ns, At safepoint: 121000 ns, Total: 885125 ns
[2022-09-04T17:33:39.310+0000][1][safepoint    ] Safepoint "Cleanup", Time since last: 1002174209 ns, Reaching safepoint: 1978959 ns, At safepoint: 61583 ns, Total: 2040542 ns
[2022-09-04T17:33:40.317+0000][1][safepoint    ] Safepoint "Cleanup", Time since last: 1004874334 ns, Reaching safepoint: 2052375 ns, At safepoint: 63958 ns, Total: 2116333 ns
[2022-09-04T17:33:41.325+0000][1][safepoint    ] Safepoint "Cleanup", Time since last: 1004230459 ns, Reaching safepoint: 3055208 ns, At safepoint: 81292 ns, Total: 3136500 ns
[2022-09-04T17:33:42.331+0000][1][safepoint    ] Safepoint "Cleanup", Time since last: 1004548292 ns, Reaching safepoint: 1116042 ns, At safepoint: 29083 ns, Total: 1145125 ns
[2022-09-04T17:33:43.334+0000][1][safepoint    ] Safepoint "Cleanup", Time since last: 1002326334 ns, Reaching safepoint: 836917 ns, At safepoint: 21041 ns, Total: 857958 ns
[2022-09-04T17:33:44.339+0000][1][safepoint    ] Safepoint "Cleanup", Time since last: 1002959126 ns, Reaching safepoint: 2575791 ns, At safepoint: 64792 ns, Total: 2640583 ns
[2022-09-04T17:33:45.346+0000][1][safepoint    ] Safepoint "Cleanup", Time since last: 1003770375 ns, Reaching safepoint: 2409625 ns, At safepoint: 80125 ns, Total: 2489750 ns
[2022-09-04T17:33:46.356+0000][1][safepoint    ] Safepoint "Cleanup", Time since last: 1007220376 ns, Reaching safepoint: 2723000 ns, At safepoint: 87292 ns, Total: 2810292 ns
[2022-09-04T17:33:47.361+0000][1][safepoint    ] Safepoint "Cleanup", Time since last: 1004638667 ns, Reaching safepoint: 966666 ns, At safepoint: 24084 ns, Total: 990750 ns
[2022-09-04T17:33:48.368+0000][1][safepoint    ] Safepoint "Cleanup", Time since last: 1006102500 ns, Reaching safepoint: 910584 ns, At safepoint: 23958 ns, Total: 934542 ns
[2022-09-04T17:33:49.375+0000][1][safepoint    ] Safepoint "Cleanup", Time since last: 1005114667 ns, Reaching safepoint: 1097625 ns, At safepoint: 35292 ns, Total: 1132917 ns
[2022-09-04T17:33:50.384+0000][1][safepoint    ] Safepoint "Cleanup", Time since last: 1007305500 ns, Reaching safepoint: 1946667 ns, At safepoint: 73750 ns, Total: 2020417 ns
[2022-09-04T17:33:51.391+0000][1][safepoint    ] Safepoint "Cleanup", Time since last: 1003505334 ns, Reaching safepoint: 3120041 ns, At safepoint: 85500 ns, Total: 3205541 ns
[2022-09-04T17:33:52.395+0000][1][safepoint    ] Safepoint "Cleanup", Time since last: 1003139667 ns, Reaching safepoint: 1650792 ns, At safepoint: 56333 ns, Total: 1707125 ns
[2022-09-04T17:33:53.402+0000][1][safepoint    ] Safepoint "Cleanup", Time since last: 1004758584 ns, Reaching safepoint: 1623167 ns, At safepoint: 43250 ns, Total: 1666417 ns
[2022-09-04T17:33:54.408+0000][1][safepoint    ] Safepoint "Cleanup", Time since last: 1003186625 ns, Reaching safepoint: 2526834 ns, At safepoint: 74833 ns, Total: 2601667 ns
[2022-09-04T17:33:55.415+0000][1][safepoint    ] Safepoint "Cleanup", Time since last: 1005160917 ns, Reaching safepoint: 2192542 ns, At safepoint: 99792 ns, Total: 2292334 ns
[2022-09-04T17:33:56.424+0000][1][safepoint    ] Safepoint "Cleanup", Time since last: 1007882500 ns, Reaching safepoint: 850500 ns, At safepoint: 27542 ns, Total: 878042 ns
[2022-09-04T17:33:57.428+0000][1][safepoint    ] Safepoint "Cleanup", Time since last: 1002271667 ns, Reaching safepoint: 1459250 ns, At safepoint: 49917 ns, Total: 1509167 ns
[2022-09-04T17:33:58.438+0000][1][safepoint    ] Safepoint "Cleanup", Time since last: 1008917833 ns, Reaching safepoint: 1003959 ns, At safepoint: 25958 ns, Total: 1029917 ns
[2022-09-04T17:33:59.441+0000][1][safepoint    ] Safepoint "Cleanup", Time since last: 1002890334 ns, Reaching safepoint: 911083 ns, At safepoint: 23834 ns, Total: 934917 ns
[2022-09-04T17:34:00.444+0000][1][safepoint    ] Safepoint "Cleanup", Time since last: 1001636667 ns, Reaching safepoint: 1267666 ns, At safepoint: 29709 ns, Total: 1297375 ns
[2022-09-04T17:34:01.448+0000][1][safepoint    ] Safepoint "Cleanup", Time since last: 1002268499 ns, Reaching safepoint: 2328042 ns, At safepoint: 76500 ns, Total: 2404542 ns
