[2022-09-04T03:46:55.048+0000][1][gc] Using Concurrent Mark Sweep
[2022-09-04T03:46:55.054+0000][1][gc,heap,coops] Heap address: 0x00000000e0000000, size: 512 MB, Compressed Oops mode: 32-bit
[2022-09-04T03:46:55.688+0000][1][safepoint    ] Safepoint "EnableBiasedLocking", Time since last: 442541334 ns, Reaching safepoint: 3533333 ns, At safepoint: 2636125 ns, Total: 6169458 ns
[2022-09-04T03:46:55.721+0000][1][safepoint    ] Safepoint "RevokeBias", Time since last: 28702625 ns, Reaching safepoint: 747417 ns, At safepoint: 3605791 ns, Total: 4353208 ns
[2022-09-04T03:46:55.896+0000][1][safepoint    ] Safepoint "Deoptimize", Time since last: 170124959 ns, Reaching safepoint: 1969792 ns, At safepoint: 3555875 ns, Total: 5525667 ns
[2022-09-04T03:46:56.642+0000][1][safepoint    ] Safepoint "Deoptimize", Time since last: 743081292 ns, Reaching safepoint: 2289833 ns, At safepoint: 157750 ns, Total: 2447583 ns
[2022-09-04T03:46:56.651+0000][1][safepoint    ] Safepoint "Deoptimize", Time since last: 8829667 ns, Reaching safepoint: 91625 ns, At safepoint: 140708 ns, Total: 232333 ns
[2022-09-04T03:46:56.843+0000][1][safepoint    ] Safepoint "Deoptimize", Time since last: 191984708 ns, Reaching safepoint: 113250 ns, At safepoint: 246792 ns, Total: 360042 ns
[2022-09-04T03:46:57.846+0000][1][safepoint    ] Safepoint "Cleanup", Time since last: 1001697001 ns, Reaching safepoint: 1236083 ns, At safepoint: 95833 ns, Total: 1331916 ns
[2022-09-04T03:46:58.815+0000][1][safepoint    ] Safepoint "Deoptimize", Time since last: 967173000 ns, Reaching safepoint: 1074500 ns, At safepoint: 326208 ns, Total: 1400708 ns
[2022-09-04T03:46:59.131+0000][1][safepoint    ] Safepoint "Deoptimize", Time since last: 315816042 ns, Reaching safepoint: 483750 ns, At safepoint: 354792 ns, Total: 838542 ns
[2022-09-04T03:47:00.134+0000][1][safepoint    ] Safepoint "Cleanup", Time since last: 1001658875 ns, Reaching safepoint: 1256500 ns, At safepoint: 14875 ns, Total: 1271375 ns
[2022-09-04T03:47:00.547+0000][1][safepoint    ] Safepoint "Deoptimize", Time since last: 411919584 ns, Reaching safepoint: 380541 ns, At safepoint: 573834 ns, Total: 954375 ns
[2022-09-04T03:47:00.958+0000][1][safepoint    ] Safepoint "Deoptimize", Time since last: 409336792 ns, Reaching safepoint: 865541 ns, At safepoint: 458917 ns, Total: 1324458 ns
[2022-09-04T03:47:01.960+0000][1][safepoint    ] Safepoint "Cleanup", Time since last: 1001776292 ns, Reaching safepoint: 431417 ns, At safepoint: 41292 ns, Total: 472709 ns
[2022-09-04T03:47:02.620+0000][1][safepoint    ] Safepoint "RevokeBias", Time since last: 659280375 ns, Reaching safepoint: 482083 ns, At safepoint: 642125 ns, Total: 1124208 ns
[2022-09-04T03:47:03.356+0000][1][safepoint    ] Safepoint "Deoptimize", Time since last: 734151042 ns, Reaching safepoint: 881667 ns, At safepoint: 566208 ns, Total: 1447875 ns
[2022-09-04T03:47:04.012+0000][1][safepoint    ] Safepoint "Deoptimize", Time since last: 653127500 ns, Reaching safepoint: 1909750 ns, At safepoint: 636875 ns, Total: 2546625 ns
[2022-09-04T03:47:04.016+0000][1][safepoint    ] Safepoint "Deoptimize", Time since last: 3114875 ns, Reaching safepoint: 190167 ns, At safepoint: 537542 ns, Total: 727709 ns
[2022-09-04T03:47:04.233+0000][1][safepoint    ] Safepoint "Deoptimize", Time since last: 216552083 ns, Reaching safepoint: 516292 ns, At safepoint: 670125 ns, Total: 1186417 ns
[2022-09-04T03:47:04.263+0000][1][safepoint    ] Safepoint "Deoptimize", Time since last: 28599000 ns, Reaching safepoint: 290083 ns, At safepoint: 715500 ns, Total: 1005583 ns
[2022-09-04T03:47:04.342+0000][1][safepoint    ] Safepoint "RevokeBias", Time since last: 77858334 ns, Reaching safepoint: 637875 ns, At safepoint: 194541 ns, Total: 832416 ns
[2022-09-04T03:47:04.347+0000][1][safepoint    ] Safepoint "RevokeBias", Time since last: 4240042 ns, Reaching safepoint: 636667 ns, At safepoint: 138833 ns, Total: 775500 ns
[2022-09-04T03:47:04.349+0000][1][safepoint    ] Safepoint "RevokeBias", Time since last: 1472750 ns, Reaching safepoint: 370458 ns, At safepoint: 119542 ns, Total: 490000 ns
[2022-09-04T03:47:04.354+0000][1][safepoint    ] Safepoint "RevokeBias", Time since last: 5156542 ns, Reaching safepoint: 120916 ns, At safepoint: 243917 ns, Total: 364833 ns
[2022-09-04T03:47:04.356+0000][1][safepoint    ] Safepoint "RevokeBias", Time since last: 1454292 ns, Reaching safepoint: 140583 ns, At safepoint: 105667 ns, Total: 246250 ns
[2022-09-04T03:47:04.358+0000][1][safepoint    ] Safepoint "RevokeBias", Time since last: 1031000 ns, Reaching safepoint: 730875 ns, At safepoint: 144291 ns, Total: 875166 ns
[2022-09-04T03:47:04.360+0000][1][safepoint    ] Safepoint "RevokeBias", Time since last: 1591250 ns, Reaching safepoint: 303375 ns, At safepoint: 116542 ns, Total: 419917 ns
[2022-09-04T03:47:04.402+0000][1][safepoint    ] Safepoint "Deoptimize", Time since last: 40907125 ns, Reaching safepoint: 474292 ns, At safepoint: 604708 ns, Total: 1079000 ns
[2022-09-04T03:47:04.471+0000][1][safepoint    ] Safepoint "Deoptimize", Time since last: 68788917 ns, Reaching safepoint: 330083 ns, At safepoint: 669583 ns, Total: 999666 ns
[2022-09-04T03:47:05.474+0000][1][safepoint    ] Safepoint "Cleanup", Time since last: 1001369126 ns, Reaching safepoint: 946500 ns, At safepoint: 14542 ns, Total: 961042 ns
[2022-09-04T03:47:06.477+0000][1][safepoint    ] Safepoint "Cleanup", Time since last: 1002496458 ns, Reaching safepoint: 580625 ns, At safepoint: 18584 ns, Total: 599209 ns
[2022-09-04T03:47:06.537+0000][1][safepoint    ] Safepoint "Deoptimize", Time since last: 58721291 ns, Reaching safepoint: 524542 ns, At safepoint: 1168667 ns, Total: 1693209 ns
[2022-09-04T03:47:06.595+0000][1][safepoint    ] Safepoint "Deoptimize", Time since last: 56231916 ns, Reaching safepoint: 246667 ns, At safepoint: 1518875 ns, Total: 1765542 ns
[2022-09-04T03:47:07.610+0000][1][safepoint    ] Safepoint "Cleanup", Time since last: 1003397042 ns, Reaching safepoint: 6850084 ns, At safepoint: 878791 ns, Total: 7728875 ns
[2022-09-04T03:47:08.633+0000][1][safepoint    ] Safepoint "Cleanup", Time since last: 1024672001 ns, Reaching safepoint: 1463291 ns, At safepoint: 29792 ns, Total: 1493083 ns
[2022-09-04T03:47:08.732+0000][1][safepoint    ] Safepoint "RevokeBias", Time since last: 97602208 ns, Reaching safepoint: 194084 ns, At safepoint: 1789041 ns, Total: 1983125 ns
[2022-09-04T03:47:09.736+0000][1][safepoint    ] Safepoint "Cleanup", Time since last: 1001782751 ns, Reaching safepoint: 1543583 ns, At safepoint: 45750 ns, Total: 1589333 ns
[2022-09-04T03:47:10.229+0000][1][gc,start     ] GC(0) Pause Young (Allocation Failure)
[2022-09-04T03:47:10.239+0000][1][gc,task      ] GC(0) Using 4 workers of 4 for evacuation
[2022-09-04T03:47:10.305+0000][1][gc,age       ] GC(0) Desired survivor size 8945664 bytes, new threshold 1 (max threshold 6)
[2022-09-04T03:47:10.307+0000][1][gc,age       ] GC(0) Age table with threshold 1 (max threshold 6)
[2022-09-04T03:47:10.308+0000][1][gc,age       ] GC(0) - age   1:    9969664 bytes,    9969664 total
[2022-09-04T03:47:10.311+0000][1][gc,heap      ] GC(0) ParNew: 139776K->9842K(157248K)
[2022-09-04T03:47:10.312+0000][1][gc,heap      ] GC(0) CMS: 0K->0K(349568K)
[2022-09-04T03:47:10.314+0000][1][gc,metaspace ] GC(0) Metaspace: 17047K->17047K(1064960K)
[2022-09-04T03:47:10.316+0000][1][gc           ] GC(0) Pause Young (Allocation Failure) 136M->9M(494M) 86.862ms
[2022-09-04T03:47:10.317+0000][1][gc,cpu       ] GC(0) User=0.19s Sys=0.04s Real=0.09s
[2022-09-04T03:47:10.318+0000][1][safepoint    ] Safepoint "GenCollectForAllocation", Time since last: 491894334 ns, Reaching safepoint: 891000 ns, At safepoint: 90003958 ns, Total: 90894958 ns
[2022-09-04T03:47:10.330+0000][1][safepoint    ] Safepoint "BulkRevokeBias", Time since last: 10232333 ns, Reaching safepoint: 715209 ns, At safepoint: 754791 ns, Total: 1470000 ns
[2022-09-04T03:47:10.334+0000][1][safepoint    ] Safepoint "RevokeBias", Time since last: 3361709 ns, Reaching safepoint: 551291 ns, At safepoint: 432167 ns, Total: 983458 ns
[2022-09-04T03:47:10.339+0000][1][safepoint    ] Safepoint "RevokeBias", Time since last: 4242167 ns, Reaching safepoint: 433666 ns, At safepoint: 232959 ns, Total: 666625 ns
[2022-09-04T03:47:10.344+0000][1][safepoint    ] Safepoint "RevokeBias", Time since last: 4104916 ns, Reaching safepoint: 486709 ns, At safepoint: 253541 ns, Total: 740250 ns
[2022-09-04T03:47:10.347+0000][1][safepoint    ] Safepoint "RevokeBias", Time since last: 2448917 ns, Reaching safepoint: 288417 ns, At safepoint: 208292 ns, Total: 496709 ns
[2022-09-04T03:47:10.349+0000][1][safepoint    ] Safepoint "RevokeBias", Time since last: 1177708 ns, Reaching safepoint: 403417 ns, At safepoint: 306208 ns, Total: 709625 ns
[2022-09-04T03:47:10.352+0000][1][safepoint    ] Safepoint "RevokeBias", Time since last: 2262583 ns, Reaching safepoint: 291375 ns, At safepoint: 181625 ns, Total: 473000 ns
[2022-09-04T03:47:10.353+0000][1][safepoint    ] Safepoint "RevokeBias", Time since last: 1106500 ns, Reaching safepoint: 298750 ns, At safepoint: 187542 ns, Total: 486292 ns
[2022-09-04T03:47:10.355+0000][1][safepoint    ] Safepoint "RevokeBias", Time since last: 1433083 ns, Reaching safepoint: 348167 ns, At safepoint: 287917 ns, Total: 636084 ns
[2022-09-04T03:47:10.358+0000][1][safepoint    ] Safepoint "RevokeBias", Time since last: 1678541 ns, Reaching safepoint: 475709 ns, At safepoint: 344458 ns, Total: 820167 ns
[2022-09-04T03:47:10.363+0000][1][safepoint    ] Safepoint "RevokeBias", Time since last: 3835250 ns, Reaching safepoint: 756333 ns, At safepoint: 201709 ns, Total: 958042 ns
[2022-09-04T03:47:10.365+0000][1][safepoint    ] Safepoint "RevokeBias", Time since last: 1459166 ns, Reaching safepoint: 291292 ns, At safepoint: 192917 ns, Total: 484209 ns
[2022-09-04T03:47:10.372+0000][1][safepoint    ] Safepoint "RevokeBias", Time since last: 6661958 ns, Reaching safepoint: 309208 ns, At safepoint: 230834 ns, Total: 540042 ns
[2022-09-04T03:47:10.374+0000][1][safepoint    ] Safepoint "RevokeBias", Time since last: 1780041 ns, Reaching safepoint: 462875 ns, At safepoint: 196709 ns, Total: 659584 ns
[2022-09-04T03:47:10.378+0000][1][safepoint    ] Safepoint "RevokeBias", Time since last: 2508250 ns, Reaching safepoint: 684166 ns, At safepoint: 298125 ns, Total: 982291 ns
[2022-09-04T03:47:10.380+0000][1][safepoint    ] Safepoint "RevokeBias", Time since last: 1790084 ns, Reaching safepoint: 306166 ns, At safepoint: 245584 ns, Total: 551750 ns
[2022-09-04T03:47:10.383+0000][1][safepoint    ] Safepoint "RevokeBias", Time since last: 2516291 ns, Reaching safepoint: 396250 ns, At safepoint: 171917 ns, Total: 568167 ns
[2022-09-04T03:47:10.385+0000][1][safepoint    ] Safepoint "RevokeBias", Time since last: 1545458 ns, Reaching safepoint: 547000 ns, At safepoint: 185750 ns, Total: 732750 ns
[2022-09-04T03:47:10.389+0000][1][safepoint    ] Safepoint "RevokeBias", Time since last: 3362625 ns, Reaching safepoint: 309417 ns, At safepoint: 197292 ns, Total: 506709 ns
[2022-09-04T03:47:10.392+0000][1][safepoint    ] Safepoint "RevokeBias", Time since last: 1876333 ns, Reaching safepoint: 273875 ns, At safepoint: 197083 ns, Total: 470958 ns
[2022-09-04T03:47:10.395+0000][1][safepoint    ] Safepoint "RevokeBias", Time since last: 2655917 ns, Reaching safepoint: 478208 ns, At safepoint: 275375 ns, Total: 753583 ns
[2022-09-04T03:47:10.403+0000][1][safepoint    ] Safepoint "RevokeBias", Time since last: 7071875 ns, Reaching safepoint: 686417 ns, At safepoint: 299500 ns, Total: 985917 ns
[2022-09-04T03:47:10.407+0000][1][safepoint    ] Safepoint "RevokeBias", Time since last: 2828417 ns, Reaching safepoint: 508750 ns, At safepoint: 214416 ns, Total: 723166 ns
[2022-09-04T03:47:10.409+0000][1][safepoint    ] Safepoint "RevokeBias", Time since last: 1656084 ns, Reaching safepoint: 300958 ns, At safepoint: 179833 ns, Total: 480791 ns
[2022-09-04T03:47:10.415+0000][1][safepoint    ] Safepoint "RevokeBias", Time since last: 5314250 ns, Reaching safepoint: 324584 ns, At safepoint: 232750 ns, Total: 557334 ns
[2022-09-04T03:47:10.417+0000][1][safepoint    ] Safepoint "RevokeBias", Time since last: 1546583 ns, Reaching safepoint: 287083 ns, At safepoint: 198042 ns, Total: 485125 ns
[2022-09-04T03:47:10.422+0000][1][safepoint    ] Safepoint "RevokeBias", Time since last: 3921500 ns, Reaching safepoint: 725208 ns, At safepoint: 223334 ns, Total: 948542 ns
[2022-09-04T03:47:10.429+0000][1][safepoint    ] Safepoint "RevokeBias", Time since last: 6900000 ns, Reaching safepoint: 284750 ns, At safepoint: 309458 ns, Total: 594208 ns
[2022-09-04T03:47:10.431+0000][1][safepoint    ] Safepoint "RevokeBias", Time since last: 1552667 ns, Reaching safepoint: 318791 ns, At safepoint: 224167 ns, Total: 542958 ns
[2022-09-04T03:47:10.435+0000][1][safepoint    ] Safepoint "RevokeBias", Time since last: 2850875 ns, Reaching safepoint: 312500 ns, At safepoint: 232042 ns, Total: 544542 ns
[2022-09-04T03:47:10.437+0000][1][safepoint    ] Safepoint "RevokeBias", Time since last: 1493666 ns, Reaching safepoint: 322792 ns, At safepoint: 175000 ns, Total: 497792 ns
[2022-09-04T03:47:10.440+0000][1][safepoint    ] Safepoint "RevokeBias", Time since last: 2772750 ns, Reaching safepoint: 415792 ns, At safepoint: 210541 ns, Total: 626333 ns
[2022-09-04T03:47:10.442+0000][1][safepoint    ] Safepoint "RevokeBias", Time since last: 1331084 ns, Reaching safepoint: 410958 ns, At safepoint: 261000 ns, Total: 671958 ns
[2022-09-04T03:47:10.445+0000][1][safepoint    ] Safepoint "RevokeBias", Time since last: 2348958 ns, Reaching safepoint: 643334 ns, At safepoint: 216000 ns, Total: 859334 ns
[2022-09-04T03:47:10.449+0000][1][safepoint    ] Safepoint "RevokeBias", Time since last: 3150333 ns, Reaching safepoint: 676875 ns, At safepoint: 204792 ns, Total: 881667 ns
[2022-09-04T03:47:10.453+0000][1][safepoint    ] Safepoint "RevokeBias", Time since last: 3481041 ns, Reaching safepoint: 269250 ns, At safepoint: 236459 ns, Total: 505709 ns
[2022-09-04T03:47:10.457+0000][1][safepoint    ] Safepoint "RevokeBias", Time since last: 2953125 ns, Reaching safepoint: 274750 ns, At safepoint: 244541 ns, Total: 519291 ns
[2022-09-04T03:47:10.460+0000][1][safepoint    ] Safepoint "RevokeBias", Time since last: 2521667 ns, Reaching safepoint: 285417 ns, At safepoint: 244916 ns, Total: 530333 ns
[2022-09-04T03:47:10.461+0000][1][safepoint    ] Safepoint "RevokeBias", Time since last: 1030750 ns, Reaching safepoint: 269292 ns, At safepoint: 214708 ns, Total: 484000 ns
[2022-09-04T03:47:10.473+0000][1][safepoint    ] Safepoint "BulkRevokeBias", Time since last: 10600917 ns, Reaching safepoint: 502708 ns, At safepoint: 592209 ns, Total: 1094917 ns
[2022-09-04T03:47:10.476+0000][1][safepoint    ] Safepoint "BulkRevokeBias", Time since last: 1835291 ns, Reaching safepoint: 447375 ns, At safepoint: 316625 ns, Total: 764000 ns
[2022-09-04T03:47:10.523+0000][1][safepoint    ] Safepoint "RevokeBias", Time since last: 47130667 ns, Reaching safepoint: 424042 ns, At safepoint: 69458 ns, Total: 493500 ns
[2022-09-04T03:47:10.575+0000][1][safepoint    ] Safepoint "RevokeBias", Time since last: 51340333 ns, Reaching safepoint: 199459 ns, At safepoint: 86041 ns, Total: 285500 ns
[2022-09-04T03:47:10.611+0000][1][safepoint    ] Safepoint "Deoptimize", Time since last: 35173542 ns, Reaching safepoint: 219583 ns, At safepoint: 1301875 ns, Total: 1521458 ns
[2022-09-04T03:47:10.704+0000][1][safepoint    ] Safepoint "Deoptimize", Time since last: 90573334 ns, Reaching safepoint: 473375 ns, At safepoint: 1093166 ns, Total: 1566541 ns
[2022-09-04T03:47:10.710+0000][1][safepoint    ] Safepoint "Deoptimize", Time since last: 4815875 ns, Reaching safepoint: 142917 ns, At safepoint: 1050667 ns, Total: 1193584 ns
[2022-09-04T03:47:11.318+0000][1][safepoint    ] Safepoint "Deoptimize", Time since last: 606160542 ns, Reaching safepoint: 768041 ns, At safepoint: 984125 ns, Total: 1752166 ns
[2022-09-04T03:47:12.321+0000][1][safepoint    ] Safepoint "Cleanup", Time since last: 1001894834 ns, Reaching safepoint: 1212375 ns, At safepoint: 25292 ns, Total: 1237667 ns
[2022-09-04T03:47:12.784+0000][1][gc,start     ] GC(1) Pause Young (Allocation Failure)
[2022-09-04T03:47:12.786+0000][1][gc,task      ] GC(1) Using 4 workers of 4 for evacuation
[2022-09-04T03:47:12.998+0000][1][gc,age       ] GC(1) Desired survivor size 8945664 bytes, new threshold 6 (max threshold 6)
[2022-09-04T03:47:13.001+0000][1][gc,age       ] GC(1) Age table with threshold 6 (max threshold 6)
[2022-09-04T03:47:13.002+0000][1][gc,age       ] GC(1) - age   1:    2646944 bytes,    2646944 total
[2022-09-04T03:47:13.003+0000][1][gc,heap      ] GC(1) ParNew: 149618K->5472K(157248K)
[2022-09-04T03:47:13.004+0000][1][gc,heap      ] GC(1) CMS: 0K->10477K(349568K)
[2022-09-04T03:47:13.005+0000][1][gc,metaspace ] GC(1) Metaspace: 19481K->19481K(1067008K)
[2022-09-04T03:47:13.007+0000][1][gc           ] GC(1) Pause Young (Allocation Failure) 146M->15M(494M) 222.238ms
[2022-09-04T03:47:13.008+0000][1][gc,cpu       ] GC(1) User=0.81s Sys=0.02s Real=0.23s
[2022-09-04T03:47:13.009+0000][1][safepoint    ] Safepoint "GenCollectForAllocation", Time since last: 462909792 ns, Reaching safepoint: 675875 ns, At safepoint: 224312041 ns, Total: 224987916 ns
[2022-09-04T03:47:13.018+0000][1][safepoint    ] Safepoint "RevokeBias", Time since last: 6309834 ns, Reaching safepoint: 2476833 ns, At safepoint: 200750 ns, Total: 2677583 ns
[2022-09-04T03:47:13.024+0000][1][safepoint    ] Safepoint "RevokeBias", Time since last: 4015167 ns, Reaching safepoint: 1922833 ns, At safepoint: 761958 ns, Total: 2684791 ns
[2022-09-04T03:47:13.027+0000][1][safepoint    ] Safepoint "RevokeBias", Time since last: 1995500 ns, Reaching safepoint: 562584 ns, At safepoint: 320916 ns, Total: 883500 ns
[2022-09-04T03:47:13.030+0000][1][safepoint    ] Safepoint "RevokeBias", Time since last: 1531084 ns, Reaching safepoint: 879541 ns, At safepoint: 264792 ns, Total: 1144333 ns
[2022-09-04T03:47:13.033+0000][1][safepoint    ] Safepoint "RevokeBias", Time since last: 2446375 ns, Reaching safepoint: 682833 ns, At safepoint: 283917 ns, Total: 966750 ns
[2022-09-04T03:47:13.036+0000][1][safepoint    ] Safepoint "RevokeBias", Time since last: 1700167 ns, Reaching safepoint: 862375 ns, At safepoint: 322083 ns, Total: 1184458 ns
[2022-09-04T03:47:13.039+0000][1][safepoint    ] Safepoint "RevokeBias", Time since last: 2486667 ns, Reaching safepoint: 461083 ns, At safepoint: 249792 ns, Total: 710875 ns
[2022-09-04T03:47:13.042+0000][1][safepoint    ] Safepoint "RevokeBias", Time since last: 1960500 ns, Reaching safepoint: 492833 ns, At safepoint: 297958 ns, Total: 790791 ns
[2022-09-04T03:47:13.045+0000][1][safepoint    ] Safepoint "RevokeBias", Time since last: 2401750 ns, Reaching safepoint: 698000 ns, At safepoint: 253042 ns, Total: 951042 ns
[2022-09-04T03:47:13.048+0000][1][safepoint    ] Safepoint "RevokeBias", Time since last: 1686958 ns, Reaching safepoint: 272959 ns, At safepoint: 252750 ns, Total: 525709 ns
[2022-09-04T03:47:13.051+0000][1][safepoint    ] Safepoint "RevokeBias", Time since last: 2163250 ns, Reaching safepoint: 799791 ns, At safepoint: 544709 ns, Total: 1344500 ns
[2022-09-04T03:47:13.054+0000][1][safepoint    ] Safepoint "RevokeBias", Time since last: 1722833 ns, Reaching safepoint: 492375 ns, At safepoint: 233042 ns, Total: 725417 ns
[2022-09-04T03:47:13.057+0000][1][safepoint    ] Safepoint "RevokeBias", Time since last: 2498750 ns, Reaching safepoint: 484583 ns, At safepoint: 741292 ns, Total: 1225875 ns
[2022-09-04T03:47:13.062+0000][1][safepoint    ] Safepoint "RevokeBias", Time since last: 4207291 ns, Reaching safepoint: 286209 ns, At safepoint: 263708 ns, Total: 549917 ns
[2022-09-04T03:47:13.067+0000][1][safepoint    ] Safepoint "RevokeBias", Time since last: 4052708 ns, Reaching safepoint: 404625 ns, At safepoint: 199167 ns, Total: 603792 ns
[2022-09-04T03:47:13.071+0000][1][safepoint    ] Safepoint "RevokeBias", Time since last: 3320125 ns, Reaching safepoint: 402167 ns, At safepoint: 252666 ns, Total: 654833 ns
[2022-09-04T03:47:13.784+0000][1][safepoint    ] Safepoint "RevokeBias", Time since last: 712493876 ns, Reaching safepoint: 696750 ns, At safepoint: 167500 ns, Total: 864250 ns
[2022-09-04T03:47:14.160+0000][1][safepoint    ] Safepoint "RevokeBias", Time since last: 375255750 ns, Reaching safepoint: 548458 ns, At safepoint: 175959 ns, Total: 724417 ns
[2022-09-04T03:47:15.101+0000][1][safepoint    ] Safepoint "CollectForMetadataAllocation", Time since last: 939014042 ns, Reaching safepoint: 1184166 ns, At safepoint: 579625 ns, Total: 1763791 ns
[2022-09-04T03:47:15.134+0000][1][safepoint    ] Safepoint "Deoptimize", Time since last: 31585167 ns, Reaching safepoint: 397125 ns, At safepoint: 972583 ns, Total: 1369708 ns
[2022-09-04T03:47:15.444+0000][1][safepoint    ] Safepoint "Deoptimize", Time since last: 308861876 ns, Reaching safepoint: 577000 ns, At safepoint: 1245958 ns, Total: 1822958 ns
[2022-09-04T03:47:15.591+0000][1][gc,start     ] GC(2) Pause Young (Allocation Failure)
[2022-09-04T03:47:15.593+0000][1][gc,task      ] GC(2) Using 4 workers of 4 for evacuation
[2022-09-04T03:47:15.625+0000][1][gc,age       ] GC(2) Desired survivor size 8945664 bytes, new threshold 6 (max threshold 6)
[2022-09-04T03:47:15.627+0000][1][gc,age       ] GC(2) Age table with threshold 6 (max threshold 6)
[2022-09-04T03:47:15.628+0000][1][gc,age       ] GC(2) - age   1:    4045520 bytes,    4045520 total
[2022-09-04T03:47:15.629+0000][1][gc,age       ] GC(2) - age   2:    1679440 bytes,    5724960 total
[2022-09-04T03:47:15.631+0000][1][gc,heap      ] GC(2) ParNew: 145248K->6589K(157248K)
[2022-09-04T03:47:15.632+0000][1][gc,heap      ] GC(2) CMS: 10477K->10477K(349568K)
[2022-09-04T03:47:15.633+0000][1][gc,metaspace ] GC(2) Metaspace: 20561K->20561K(1069056K)
[2022-09-04T03:47:15.635+0000][1][gc           ] GC(2) Pause Young (Allocation Failure) 152M->16M(494M) 43.859ms
[2022-09-04T03:47:15.636+0000][1][gc,cpu       ] GC(2) User=0.08s Sys=0.00s Real=0.05s
[2022-09-04T03:47:15.637+0000][1][safepoint    ] Safepoint "GenCollectForAllocation", Time since last: 145721125 ns, Reaching safepoint: 494250 ns, At safepoint: 46758083 ns, Total: 47252333 ns
[2022-09-04T03:47:15.643+0000][1][safepoint    ] Safepoint "BulkRevokeBias", Time since last: 4014084 ns, Reaching safepoint: 767416 ns, At safepoint: 509542 ns, Total: 1276958 ns
[2022-09-04T03:47:15.648+0000][1][gc,start     ] GC(3) Pause Initial Mark
[2022-09-04T03:47:15.662+0000][1][gc           ] GC(3) Pause Initial Mark 19M->19M(494M) 14.381ms
[2022-09-04T03:47:15.664+0000][1][gc,cpu       ] GC(3) User=0.04s Sys=0.01s Real=0.01s
[2022-09-04T03:47:15.666+0000][1][safepoint    ] Safepoint "CMS_Initial_Mark", Time since last: 4385958 ns, Reaching safepoint: 456459 ns, At safepoint: 18025458 ns, Total: 18481917 ns
[2022-09-04T03:47:15.667+0000][1][gc           ] GC(3) Concurrent Mark
[2022-09-04T03:47:15.674+0000][1][safepoint    ] Safepoint "RevokeBias", Time since last: 2167750 ns, Reaching safepoint: 6504875 ns, At safepoint: 172417 ns, Total: 6677292 ns
[2022-09-04T03:47:15.683+0000][1][safepoint    ] Safepoint "RevokeBias", Time since last: 6051541 ns, Reaching safepoint: 2740500 ns, At safepoint: 179250 ns, Total: 2919750 ns
[2022-09-04T03:47:15.689+0000][1][safepoint    ] Safepoint "RevokeBias", Time since last: 5310792 ns, Reaching safepoint: 500875 ns, At safepoint: 192958 ns, Total: 693833 ns
[2022-09-04T03:47:15.693+0000][1][safepoint    ] Safepoint "RevokeBias", Time since last: 2461709 ns, Reaching safepoint: 628791 ns, At safepoint: 165584 ns, Total: 794375 ns
[2022-09-04T03:47:15.696+0000][1][safepoint    ] Safepoint "RevokeBias", Time since last: 2834375 ns, Reaching safepoint: 612625 ns, At safepoint: 164833 ns, Total: 777458 ns
[2022-09-04T03:47:15.699+0000][1][safepoint    ] Safepoint "RevokeBias", Time since last: 1936750 ns, Reaching safepoint: 390750 ns, At safepoint: 158417 ns, Total: 549167 ns
[2022-09-04T03:47:15.701+0000][1][safepoint    ] Safepoint "RevokeBias", Time since last: 1387500 ns, Reaching safepoint: 486125 ns, At safepoint: 235125 ns, Total: 721250 ns
[2022-09-04T03:47:15.706+0000][1][safepoint    ] Safepoint "RevokeBias", Time since last: 3481458 ns, Reaching safepoint: 1058792 ns, At safepoint: 180083 ns, Total: 1238875 ns
[2022-09-04T03:47:15.708+0000][1][safepoint    ] Safepoint "RevokeBias", Time since last: 1985500 ns, Reaching safepoint: 459625 ns, At safepoint: 220583 ns, Total: 680208 ns
[2022-09-04T03:47:15.712+0000][1][safepoint    ] Safepoint "RevokeBias", Time since last: 2173834 ns, Reaching safepoint: 1342166 ns, At safepoint: 277209 ns, Total: 1619375 ns
[2022-09-04T03:47:15.719+0000][1][safepoint    ] Safepoint "RevokeBias", Time since last: 6100708 ns, Reaching safepoint: 554542 ns, At safepoint: 326250 ns, Total: 880792 ns
[2022-09-04T03:47:15.723+0000][1][safepoint    ] Safepoint "RevokeBias", Time since last: 3527541 ns, Reaching safepoint: 539084 ns, At safepoint: 215791 ns, Total: 754875 ns
[2022-09-04T03:47:15.727+0000][1][safepoint    ] Safepoint "RevokeBias", Time since last: 3078500 ns, Reaching safepoint: 410250 ns, At safepoint: 279709 ns, Total: 689959 ns
[2022-09-04T03:47:15.735+0000][1][safepoint    ] Safepoint "RevokeBias", Time since last: 7088583 ns, Reaching safepoint: 340292 ns, At safepoint: 173833 ns, Total: 514125 ns
[2022-09-04T03:47:15.737+0000][1][safepoint    ] Safepoint "RevokeBias", Time since last: 1320583 ns, Reaching safepoint: 554792 ns, At safepoint: 138333 ns, Total: 693125 ns
[2022-09-04T03:47:15.739+0000][1][safepoint    ] Safepoint "RevokeBias", Time since last: 1833834 ns, Reaching safepoint: 310833 ns, At safepoint: 178708 ns, Total: 489541 ns
[2022-09-04T03:47:15.741+0000][1][safepoint    ] Safepoint "RevokeBias", Time since last: 1330750 ns, Reaching safepoint: 464250 ns, At safepoint: 215000 ns, Total: 679250 ns
[2022-09-04T03:47:15.776+0000][1][gc           ] GC(3) Concurrent Mark 108.235ms
[2022-09-04T03:47:15.777+0000][1][gc,cpu       ] GC(3) User=0.21s Sys=0.02s Real=0.11s
[2022-09-04T03:47:15.779+0000][1][gc           ] GC(3) Concurrent Preclean
[2022-09-04T03:47:15.787+0000][1][gc           ] GC(3) Concurrent Preclean 7.455ms
[2022-09-04T03:47:15.788+0000][1][gc,cpu       ] GC(3) User=0.02s Sys=0.00s Real=0.01s
[2022-09-04T03:47:15.790+0000][1][gc           ] GC(3) Concurrent Abortable Preclean
[2022-09-04T03:47:16.816+0000][1][safepoint    ] Safepoint "Cleanup", Time since last: 1062173501 ns, Reaching safepoint: 9891333 ns, At safepoint: 762209 ns, Total: 10653542 ns
[2022-09-04T03:47:17.118+0000][1][safepoint    ] Safepoint "CollectForMetadataAllocation", Time since last: 302272583 ns, Reaching safepoint: 479333 ns, At safepoint: 1178125 ns, Total: 1657458 ns
[2022-09-04T03:47:17.525+0000][1][gc           ] GC(3) Concurrent Abortable Preclean 1735.115ms
[2022-09-04T03:47:17.528+0000][1][gc,cpu       ] GC(3) User=3.76s Sys=0.63s Real=1.74s
[2022-09-04T03:47:17.533+0000][1][gc,start     ] GC(3) Pause Remark
[2022-09-04T03:47:17.706+0000][1][gc           ] GC(3) Pause Remark 122M->122M(494M) 173.974ms
[2022-09-04T03:47:17.708+0000][1][gc,cpu       ] GC(3) User=0.53s Sys=0.03s Real=0.18s
[2022-09-04T03:47:17.709+0000][1][safepoint    ] Safepoint "CMS_Final_Remark", Time since last: 412606792 ns, Reaching safepoint: 1215125 ns, At safepoint: 177893334 ns, Total: 179108459 ns
[2022-09-04T03:47:17.713+0000][1][gc           ] GC(3) Concurrent Sweep
[2022-09-04T03:47:17.745+0000][1][gc           ] GC(3) Concurrent Sweep 31.880ms
[2022-09-04T03:47:17.746+0000][1][gc,cpu       ] GC(3) User=0.07s Sys=0.01s Real=0.04s
[2022-09-04T03:47:17.751+0000][1][gc           ] GC(3) Concurrent Reset
[2022-09-04T03:47:17.754+0000][1][gc           ] GC(3) Concurrent Reset 3.403ms
[2022-09-04T03:47:17.755+0000][1][gc,cpu       ] GC(3) User=0.01s Sys=0.00s Real=0.01s
[2022-09-04T03:47:17.757+0000][1][gc,heap      ] GC(3) Old: 10477K->10471K(349568K)
[2022-09-04T03:47:18.119+0000][1][gc,start     ] GC(4) Pause Young (Allocation Failure)
[2022-09-04T03:47:18.123+0000][1][gc,task      ] GC(4) Using 4 workers of 4 for evacuation
[2022-09-04T03:47:18.155+0000][1][gc,age       ] GC(4) Desired survivor size 8945664 bytes, new threshold 6 (max threshold 6)
[2022-09-04T03:47:18.156+0000][1][gc,age       ] GC(4) Age table with threshold 6 (max threshold 6)
[2022-09-04T03:47:18.158+0000][1][gc,age       ] GC(4) - age   1:    1390496 bytes,    1390496 total
[2022-09-04T03:47:18.159+0000][1][gc,age       ] GC(4) - age   2:    3146800 bytes,    4537296 total
[2022-09-04T03:47:18.160+0000][1][gc,age       ] GC(4) - age   3:    1679200 bytes,    6216496 total
[2022-09-04T03:47:18.162+0000][1][gc,heap      ] GC(4) ParNew: 146365K->6970K(157248K)
[2022-09-04T03:47:18.163+0000][1][gc,heap      ] GC(4) CMS: 10471K->10471K(349568K)
[2022-09-04T03:47:18.164+0000][1][gc,metaspace ] GC(4) Metaspace: 20815K->20815K(1069056K)
[2022-09-04T03:47:18.167+0000][1][gc           ] GC(4) Pause Young (Allocation Failure) 153M->17M(494M) 47.372ms
[2022-09-04T03:47:18.167+0000][1][gc,cpu       ] GC(4) User=0.08s Sys=0.02s Real=0.05s
[2022-09-04T03:47:18.169+0000][1][safepoint    ] Safepoint "GenCollectForAllocation", Time since last: 406807000 ns, Reaching safepoint: 2474958 ns, At safepoint: 49994500 ns, Total: 52469458 ns
[2022-09-04T03:47:18.180+0000][1][safepoint    ] Safepoint "RevokeBias", Time since last: 9657792 ns, Reaching safepoint: 775750 ns, At safepoint: 813333 ns, Total: 1589083 ns
[2022-09-04T03:47:18.183+0000][1][safepoint    ] Safepoint "RevokeBias", Time since last: 2129167 ns, Reaching safepoint: 670375 ns, At safepoint: 203042 ns, Total: 873417 ns
[2022-09-04T03:47:18.190+0000][1][safepoint    ] Safepoint "RevokeBias", Time since last: 6084500 ns, Reaching safepoint: 671833 ns, At safepoint: 234708 ns, Total: 906541 ns
[2022-09-04T03:47:18.194+0000][1][safepoint    ] Safepoint "RevokeBias", Time since last: 2760459 ns, Reaching safepoint: 721500 ns, At safepoint: 543125 ns, Total: 1264625 ns
[2022-09-04T03:47:18.197+0000][1][safepoint    ] Safepoint "RevokeBias", Time since last: 2085958 ns, Reaching safepoint: 239958 ns, At safepoint: 179667 ns, Total: 419625 ns
[2022-09-04T03:47:18.198+0000][1][safepoint    ] Safepoint "RevokeBias", Time since last: 972667 ns, Reaching safepoint: 327833 ns, At safepoint: 255875 ns, Total: 583708 ns
[2022-09-04T03:47:18.201+0000][1][safepoint    ] Safepoint "RevokeBias", Time since last: 1468458 ns, Reaching safepoint: 792000 ns, At safepoint: 165584 ns, Total: 957584 ns
[2022-09-04T03:47:18.203+0000][1][safepoint    ] Safepoint "RevokeBias", Time since last: 1474250 ns, Reaching safepoint: 326375 ns, At safepoint: 192541 ns, Total: 518916 ns
[2022-09-04T03:47:18.690+0000][1][safepoint    ] Safepoint "RevokeBias", Time since last: 486834209 ns, Reaching safepoint: 887791 ns, At safepoint: 148959 ns, Total: 1036750 ns
[2022-09-04T03:47:18.697+0000][1][safepoint    ] Safepoint "RevokeBias", Time since last: 6239375 ns, Reaching safepoint: 401958 ns, At safepoint: 78375 ns, Total: 480333 ns
[2022-09-04T03:47:19.697+0000][1][gc,start     ] GC(5) Pause Young (Allocation Failure)
[2022-09-04T03:47:19.701+0000][1][gc,task      ] GC(5) Using 4 workers of 4 for evacuation
[2022-09-04T03:47:19.733+0000][1][gc,age       ] GC(5) Desired survivor size 8945664 bytes, new threshold 6 (max threshold 6)
[2022-09-04T03:47:19.734+0000][1][gc,age       ] GC(5) Age table with threshold 6 (max threshold 6)
[2022-09-04T03:47:19.736+0000][1][gc,age       ] GC(5) - age   1:    1209000 bytes,    1209000 total
[2022-09-04T03:47:19.737+0000][1][gc,age       ] GC(5) - age   2:     951704 bytes,    2160704 total
[2022-09-04T03:47:19.738+0000][1][gc,age       ] GC(5) - age   3:    3145616 bytes,    5306320 total
[2022-09-04T03:47:19.739+0000][1][gc,age       ] GC(5) - age   4:    1679200 bytes,    6985520 total
[2022-09-04T03:47:19.740+0000][1][gc,heap      ] GC(5) ParNew: 146746K->8572K(157248K)
[2022-09-04T03:47:19.741+0000][1][gc,heap      ] GC(5) CMS: 10471K->10471K(349568K)
[2022-09-04T03:47:19.742+0000][1][gc,metaspace ] GC(5) Metaspace: 21888K->21888K(1069056K)
[2022-09-04T03:47:19.744+0000][1][gc           ] GC(5) Pause Young (Allocation Failure) 153M->18M(494M) 46.584ms
[2022-09-04T03:47:19.745+0000][1][gc,cpu       ] GC(5) User=0.14s Sys=0.01s Real=0.04s
[2022-09-04T03:47:19.746+0000][1][safepoint    ] Safepoint "GenCollectForAllocation", Time since last: 998616334 ns, Reaching safepoint: 1280000 ns, At safepoint: 48850542 ns, Total: 50130542 ns
[2022-09-04T03:47:19.749+0000][1][safepoint    ] Safepoint "BulkRevokeBias", Time since last: 2146541 ns, Reaching safepoint: 442792 ns, At safepoint: 895167 ns, Total: 1337959 ns
[2022-09-04T03:47:19.753+0000][1][safepoint    ] Safepoint "BulkRevokeBias", Time since last: 2670166 ns, Reaching safepoint: 552250 ns, At safepoint: 296542 ns, Total: 848792 ns
[2022-09-04T03:47:20.745+0000][1][gc,start     ] GC(6) Pause Young (Allocation Failure)
[2022-09-04T03:47:20.747+0000][1][gc,task      ] GC(6) Using 4 workers of 4 for evacuation
[2022-09-04T03:47:20.799+0000][1][gc,age       ] GC(6) Desired survivor size 8945664 bytes, new threshold 6 (max threshold 6)
[2022-09-04T03:47:20.800+0000][1][gc,age       ] GC(6) Age table with threshold 6 (max threshold 6)
[2022-09-04T03:47:20.801+0000][1][gc,age       ] GC(6) - age   1:    1643240 bytes,    1643240 total
[2022-09-04T03:47:20.803+0000][1][gc,age       ] GC(6) - age   2:    1006008 bytes,    2649248 total
[2022-09-04T03:47:20.804+0000][1][gc,age       ] GC(6) - age   3:     951416 bytes,    3600664 total
[2022-09-04T03:47:20.805+0000][1][gc,age       ] GC(6) - age   4:    3145640 bytes,    6746304 total
[2022-09-04T03:47:20.806+0000][1][gc,age       ] GC(6) - age   5:    1678968 bytes,    8425272 total
[2022-09-04T03:47:20.808+0000][1][gc,heap      ] GC(6) ParNew: 148348K->11453K(157248K)
[2022-09-04T03:47:20.809+0000][1][gc,heap      ] GC(6) CMS: 10471K->10471K(349568K)
[2022-09-04T03:47:20.810+0000][1][gc,metaspace ] GC(6) Metaspace: 21928K->21928K(1069056K)
[2022-09-04T03:47:20.812+0000][1][gc           ] GC(6) Pause Young (Allocation Failure) 155M->21M(494M) 66.595ms
[2022-09-04T03:47:20.813+0000][1][gc,cpu       ] GC(6) User=0.15s Sys=0.00s Real=0.06s
[2022-09-04T03:47:20.814+0000][1][safepoint    ] Safepoint "GenCollectForAllocation", Time since last: 990724709 ns, Reaching safepoint: 1271833 ns, At safepoint: 69414917 ns, Total: 70686750 ns
[2022-09-04T03:47:21.136+0000][1][safepoint    ] Safepoint "RevokeBias", Time since last: 320785667 ns, Reaching safepoint: 737375 ns, At safepoint: 92208 ns, Total: 829583 ns
[2022-09-04T03:47:21.140+0000][1][safepoint    ] Safepoint "RevokeBias", Time since last: 2969250 ns, Reaching safepoint: 922500 ns, At safepoint: 199875 ns, Total: 1122375 ns
[2022-09-04T03:47:21.143+0000][1][safepoint    ] Safepoint "RevokeBias", Time since last: 2701042 ns, Reaching safepoint: 309375 ns, At safepoint: 82166 ns, Total: 391541 ns
[2022-09-04T03:47:21.939+0000][1][gc,start     ] GC(7) Pause Young (Allocation Failure)
[2022-09-04T03:47:21.941+0000][1][gc,task      ] GC(7) Using 4 workers of 4 for evacuation
[2022-09-04T03:47:21.973+0000][1][gc,age       ] GC(7) Desired survivor size 8945664 bytes, new threshold 6 (max threshold 6)
[2022-09-04T03:47:21.974+0000][1][gc,age       ] GC(7) Age table with threshold 6 (max threshold 6)
[2022-09-04T03:47:21.976+0000][1][gc,age       ] GC(7) - age   1:    1243416 bytes,    1243416 total
[2022-09-04T03:47:21.977+0000][1][gc,age       ] GC(7) - age   2:     277128 bytes,    1520544 total
[2022-09-04T03:47:21.978+0000][1][gc,age       ] GC(7) - age   3:    1006008 bytes,    2526552 total
[2022-09-04T03:47:21.979+0000][1][gc,age       ] GC(7) - age   4:     951136 bytes,    3477688 total
[2022-09-04T03:47:21.980+0000][1][gc,age       ] GC(7) - age   5:    3145592 bytes,    6623280 total
[2022-09-04T03:47:21.982+0000][1][gc,age       ] GC(7) - age   6:    1678864 bytes,    8302144 total
[2022-09-04T03:47:21.983+0000][1][gc,heap      ] GC(7) ParNew: 151229K->13662K(157248K)
[2022-09-04T03:47:21.984+0000][1][gc,heap      ] GC(7) CMS: 10471K->10471K(349568K)
[2022-09-04T03:47:21.985+0000][1][gc,metaspace ] GC(7) Metaspace: 22141K->22141K(1069056K)
[2022-09-04T03:47:21.987+0000][1][gc           ] GC(7) Pause Young (Allocation Failure) 157M->23M(494M) 47.705ms
[2022-09-04T03:47:21.988+0000][1][gc,cpu       ] GC(7) User=0.10s Sys=0.00s Real=0.05s
[2022-09-04T03:47:21.989+0000][1][safepoint    ] Safepoint "GenCollectForAllocation", Time since last: 795441126 ns, Reaching safepoint: 736458 ns, At safepoint: 49768542 ns, Total: 50505000 ns
[2022-09-04T03:47:22.992+0000][1][safepoint    ] Safepoint "Cleanup", Time since last: 1001658167 ns, Reaching safepoint: 874500 ns, At safepoint: 33667 ns, Total: 908167 ns
[2022-09-04T03:47:23.996+0000][1][safepoint    ] Safepoint "Cleanup", Time since last: 1002854875 ns, Reaching safepoint: 1592167 ns, At safepoint: 30458 ns, Total: 1622625 ns
[2022-09-04T03:47:24.137+0000][1][safepoint    ] Safepoint "RevokeBias", Time since last: 140373333 ns, Reaching safepoint: 457000 ns, At safepoint: 98167 ns, Total: 555167 ns
[2022-09-04T03:47:24.140+0000][1][safepoint    ] Safepoint "BulkRevokeBias", Time since last: 2396250 ns, Reaching safepoint: 115375 ns, At safepoint: 608750 ns, Total: 724125 ns
[2022-09-04T03:47:24.920+0000][1][gc,start     ] GC(8) Pause Young (Allocation Failure)
[2022-09-04T03:47:24.921+0000][1][gc,task      ] GC(8) Using 4 workers of 4 for evacuation
[2022-09-04T03:47:24.964+0000][1][gc,age       ] GC(8) Desired survivor size 8945664 bytes, new threshold 6 (max threshold 6)
[2022-09-04T03:47:24.966+0000][1][gc,age       ] GC(8) Age table with threshold 6 (max threshold 6)
[2022-09-04T03:47:24.967+0000][1][gc,age       ] GC(8) - age   1:    2194704 bytes,    2194704 total
[2022-09-04T03:47:24.969+0000][1][gc,age       ] GC(8) - age   2:     428112 bytes,    2622816 total
[2022-09-04T03:47:24.970+0000][1][gc,age       ] GC(8) - age   3:     276264 bytes,    2899080 total
[2022-09-04T03:47:24.971+0000][1][gc,age       ] GC(8) - age   4:     994128 bytes,    3893208 total
[2022-09-04T03:47:24.973+0000][1][gc,age       ] GC(8) - age   5:     944464 bytes,    4837672 total
[2022-09-04T03:47:24.974+0000][1][gc,age       ] GC(8) - age   6:    3122416 bytes,    7960088 total
[2022-09-04T03:47:24.976+0000][1][gc,heap      ] GC(8) ParNew: 153438K->9984K(157248K)
[2022-09-04T03:47:24.977+0000][1][gc,heap      ] GC(8) CMS: 10471K->12130K(349568K)
[2022-09-04T03:47:24.978+0000][1][gc,metaspace ] GC(8) Metaspace: 27669K->27669K(1075200K)
[2022-09-04T03:47:24.979+0000][1][gc           ] GC(8) Pause Young (Allocation Failure) 160M->21M(494M) 59.863ms
[2022-09-04T03:47:24.980+0000][1][gc,cpu       ] GC(8) User=0.14s Sys=0.01s Real=0.06s
[2022-09-04T03:47:24.982+0000][1][safepoint    ] Safepoint "GenCollectForAllocation", Time since last: 778645042 ns, Reaching safepoint: 750458 ns, At safepoint: 62078709 ns, Total: 62829167 ns
[2022-09-04T03:47:25.026+0000][1][safepoint    ] Safepoint "Deoptimize", Time since last: 42404375 ns, Reaching safepoint: 227625 ns, At safepoint: 1572708 ns, Total: 1800333 ns
[2022-09-04T03:47:26.028+0000][1][safepoint    ] Safepoint "Cleanup", Time since last: 1001403334 ns, Reaching safepoint: 1116375 ns, At safepoint: 28167 ns, Total: 1144542 ns
[2022-09-04T03:47:27.031+0000][1][safepoint    ] Safepoint "Cleanup", Time since last: 1001587667 ns, Reaching safepoint: 686208 ns, At safepoint: 26125 ns, Total: 712333 ns
[2022-09-04T03:47:28.034+0000][1][safepoint    ] Safepoint "Cleanup", Time since last: 1001840459 ns, Reaching safepoint: 1246167 ns, At safepoint: 30625 ns, Total: 1276792 ns
[2022-09-04T03:47:29.753+0000][1][safepoint    ] Safepoint "Deoptimize", Time since last: 1718187292 ns, Reaching safepoint: 336250 ns, At safepoint: 1313041 ns, Total: 1649291 ns
[2022-09-04T03:47:30.757+0000][1][safepoint    ] Safepoint "Cleanup", Time since last: 1001760126 ns, Reaching safepoint: 1307083 ns, At safepoint: 32542 ns, Total: 1339625 ns
[2022-09-04T03:47:31.761+0000][1][safepoint    ] Safepoint "Cleanup", Time since last: 1003948375 ns, Reaching safepoint: 531000 ns, At safepoint: 27834 ns, Total: 558834 ns
[2022-09-04T03:47:32.216+0000][1][safepoint    ] Safepoint "RevokeBias", Time since last: 454748000 ns, Reaching safepoint: 216542 ns, At safepoint: 400166 ns, Total: 616708 ns
[2022-09-04T03:47:33.106+0000][1][gc,start     ] GC(9) Pause Young (Allocation Failure)
[2022-09-04T03:47:33.107+0000][1][gc,task      ] GC(9) Using 4 workers of 4 for evacuation
[2022-09-04T03:47:33.286+0000][1][gc,age       ] GC(9) Desired survivor size 8945664 bytes, new threshold 1 (max threshold 6)
[2022-09-04T03:47:33.288+0000][1][gc,age       ] GC(9) Age table with threshold 1 (max threshold 6)
[2022-09-04T03:47:33.291+0000][1][gc,age       ] GC(9) - age   1:   13223240 bytes,   13223240 total
[2022-09-04T03:47:33.300+0000][1][gc,age       ] GC(9) - age   2:    2037200 bytes,   15260440 total
[2022-09-04T03:47:33.303+0000][1][gc,age       ] GC(9) - age   3:     421480 bytes,   15681920 total
[2022-09-04T03:47:33.306+0000][1][gc,age       ] GC(9) - age   4:     276072 bytes,   15957992 total
[2022-09-04T03:47:33.309+0000][1][gc,age       ] GC(9) - age   5:     990968 bytes,   16948960 total
[2022-09-04T03:47:33.310+0000][1][gc,age       ] GC(9) - age   6:     942000 bytes,   17890960 total
[2022-09-04T03:47:33.312+0000][1][gc,heap      ] GC(9) ParNew: 149760K->17472K(157248K)
[2022-09-04T03:47:33.313+0000][1][gc,heap      ] GC(9) CMS: 12130K->22907K(349568K)
[2022-09-04T03:47:33.315+0000][1][gc,metaspace ] GC(9) Metaspace: 29179K->29179K(1077248K)
[2022-09-04T03:47:33.316+0000][1][gc           ] GC(9) Pause Young (Allocation Failure) 158M->39M(494M) 210.689ms
[2022-09-04T03:47:33.317+0000][1][gc,cpu       ] GC(9) User=0.66s Sys=0.01s Real=0.21s
[2022-09-04T03:47:33.319+0000][1][safepoint    ] Safepoint "GenCollectForAllocation", Time since last: 888507709 ns, Reaching safepoint: 518292 ns, At safepoint: 213593000 ns, Total: 214111292 ns
[2022-09-04T03:47:34.329+0000][1][safepoint    ] Safepoint "Cleanup", Time since last: 1009452167 ns, Reaching safepoint: 616625 ns, At safepoint: 55583 ns, Total: 672208 ns
[2022-09-04T03:47:35.009+0000][1][safepoint    ] Safepoint "RevokeBias", Time since last: 679155959 ns, Reaching safepoint: 594208 ns, At safepoint: 237667 ns, Total: 831875 ns
[2022-09-04T03:47:36.056+0000][1][safepoint    ] Safepoint "Cleanup", Time since last: 1006165167 ns, Reaching safepoint: 34155167 ns, At safepoint: 2453541 ns, Total: 36608708 ns
[2022-09-04T03:47:37.107+0000][1][safepoint    ] Safepoint "Cleanup", Time since last: 1052889209 ns, Reaching safepoint: 2009667 ns, At safepoint: 43000 ns, Total: 2052667 ns
[2022-09-04T03:47:38.030+0000][1][safepoint    ] Safepoint "CollectForMetadataAllocation", Time since last: 921751750 ns, Reaching safepoint: 712292 ns, At safepoint: 689042 ns, Total: 1401334 ns
[2022-09-04T03:47:38.118+0000][1][safepoint    ] Safepoint "CollectForMetadataAllocation", Time since last: 87721958 ns, Reaching safepoint: 348000 ns, At safepoint: 199000 ns, Total: 547000 ns
[2022-09-04T03:47:38.204+0000][1][safepoint    ] Safepoint "CollectForMetadataAllocation", Time since last: 85585000 ns, Reaching safepoint: 358250 ns, At safepoint: 156875 ns, Total: 515125 ns
[2022-09-04T03:47:38.364+0000][1][safepoint    ] Safepoint "CollectForMetadataAllocation", Time since last: 159458625 ns, Reaching safepoint: 217125 ns, At safepoint: 154792 ns, Total: 371917 ns
[2022-09-04T03:47:39.060+0000][1][gc,start     ] GC(10) Pause Young (Allocation Failure)
[2022-09-04T03:47:39.065+0000][1][gc,task      ] GC(10) Using 4 workers of 4 for evacuation
[2022-09-04T03:47:39.289+0000][1][gc,age       ] GC(10) Desired survivor size 8945664 bytes, new threshold 6 (max threshold 6)
[2022-09-04T03:47:39.291+0000][1][gc,age       ] GC(10) Age table with threshold 6 (max threshold 6)
[2022-09-04T03:47:39.292+0000][1][gc,age       ] GC(10) - age   1:    7840200 bytes,    7840200 total
[2022-09-04T03:47:39.296+0000][1][gc,heap      ] GC(10) ParNew: 157248K->17472K(157248K)
[2022-09-04T03:47:39.297+0000][1][gc,heap      ] GC(10) CMS: 22907K->40865K(349568K)
[2022-09-04T03:47:39.298+0000][1][gc,metaspace ] GC(10) Metaspace: 34809K->34809K(1081344K)
[2022-09-04T03:47:39.300+0000][1][gc           ] GC(10) Pause Young (Allocation Failure) 175M->56M(494M) 239.881ms
[2022-09-04T03:47:39.301+0000][1][gc,cpu       ] GC(10) User=0.81s Sys=0.03s Real=0.24s
[2022-09-04T03:47:39.302+0000][1][safepoint    ] Safepoint "GenCollectForAllocation", Time since last: 694430584 ns, Reaching safepoint: 531625 ns, At safepoint: 243287500 ns, Total: 243819125 ns
[2022-09-04T03:47:39.315+0000][1][gc,start     ] GC(11) Pause Initial Mark
[2022-09-04T03:47:39.352+0000][1][gc           ] GC(11) Pause Initial Mark 59M->59M(494M) 37.372ms
[2022-09-04T03:47:39.353+0000][1][gc,cpu       ] GC(11) User=0.08s Sys=0.00s Real=0.04s
[2022-09-04T03:47:39.358+0000][1][safepoint    ] Safepoint "CMS_Initial_Mark", Time since last: 10361375 ns, Reaching safepoint: 1134875 ns, At safepoint: 43202583 ns, Total: 44337458 ns
[2022-09-04T03:47:39.365+0000][1][gc           ] GC(11) Concurrent Mark
[2022-09-04T03:47:39.658+0000][1][gc           ] GC(11) Concurrent Mark 293.007ms
[2022-09-04T03:47:39.659+0000][1][gc,cpu       ] GC(11) User=1.05s Sys=0.00s Real=0.30s
[2022-09-04T03:47:39.661+0000][1][gc           ] GC(11) Concurrent Preclean
[2022-09-04T03:47:39.672+0000][1][gc           ] GC(11) Concurrent Preclean 11.511ms
[2022-09-04T03:47:39.674+0000][1][gc,cpu       ] GC(11) User=0.02s Sys=0.01s Real=0.01s
[2022-09-04T03:47:39.675+0000][1][gc           ] GC(11) Concurrent Abortable Preclean
[2022-09-04T03:47:39.917+0000][1][safepoint    ] Safepoint "CollectForMetadataAllocation", Time since last: 557749917 ns, Reaching safepoint: 1585208 ns, At safepoint: 171209 ns, Total: 1756417 ns
[2022-09-04T03:47:40.925+0000][1][safepoint    ] Safepoint "Cleanup", Time since last: 1003981708 ns, Reaching safepoint: 4443459 ns, At safepoint: 17875 ns, Total: 4461334 ns
[2022-09-04T03:47:41.176+0000][1][safepoint    ] Safepoint "CollectForMetadataAllocation", Time since last: 250500583 ns, Reaching safepoint: 669042 ns, At safepoint: 154333 ns, Total: 823375 ns
[2022-09-04T03:47:41.387+0000][1][safepoint    ] Safepoint "CollectForMetadataAllocation", Time since last: 209904875 ns, Reaching safepoint: 500625 ns, At safepoint: 165750 ns, Total: 666375 ns
[2022-09-04T03:47:41.595+0000][1][safepoint    ] Safepoint "CollectForMetadataAllocation", Time since last: 207369000 ns, Reaching safepoint: 541709 ns, At safepoint: 140500 ns, Total: 682209 ns
[2022-09-04T03:47:41.815+0000][1][safepoint    ] Safepoint "CollectForMetadataAllocation", Time since last: 219137750 ns, Reaching safepoint: 469292 ns, At safepoint: 196458 ns, Total: 665750 ns
[2022-09-04T03:47:41.891+0000][1][safepoint    ] Safepoint "CollectForMetadataAllocation", Time since last: 76069333 ns, Reaching safepoint: 350459 ns, At safepoint: 154500 ns, Total: 504959 ns
[2022-09-04T03:47:41.991+0000][1][safepoint    ] Safepoint "CollectForMetadataAllocation", Time since last: 99101291 ns, Reaching safepoint: 384084 ns, At safepoint: 145791 ns, Total: 529875 ns
[2022-09-04T03:47:42.096+0000][1][safepoint    ] Safepoint "CollectForMetadataAllocation", Time since last: 104447042 ns, Reaching safepoint: 364375 ns, At safepoint: 190125 ns, Total: 554500 ns
[2022-09-04T03:47:42.206+0000][1][safepoint    ] Safepoint "CollectForMetadataAllocation", Time since last: 109653208 ns, Reaching safepoint: 397375 ns, At safepoint: 179584 ns, Total: 576959 ns
[2022-09-04T03:47:42.339+0000][1][safepoint    ] Safepoint "CollectForMetadataAllocation", Time since last: 131926166 ns, Reaching safepoint: 393709 ns, At safepoint: 245541 ns, Total: 639250 ns
[2022-09-04T03:47:42.406+0000][1][safepoint    ] Safepoint "CollectForMetadataAllocation", Time since last: 66377750 ns, Reaching safepoint: 211667 ns, At safepoint: 157583 ns, Total: 369250 ns
[2022-09-04T03:47:42.542+0000][1][safepoint    ] Safepoint "CollectForMetadataAllocation", Time since last: 135551792 ns, Reaching safepoint: 381417 ns, At safepoint: 157833 ns, Total: 539250 ns
[2022-09-04T03:47:42.580+0000][1][safepoint    ] Safepoint "RevokeBias", Time since last: 36753834 ns, Reaching safepoint: 424166 ns, At safepoint: 1559625 ns, Total: 1983791 ns
[2022-09-04T03:47:42.593+0000][1][safepoint    ] Safepoint "Deoptimize", Time since last: 10009125 ns, Reaching safepoint: 143125 ns, At safepoint: 2009292 ns, Total: 2152417 ns
[2022-09-04T03:47:42.654+0000][1][safepoint    ] Safepoint "CollectForMetadataAllocation", Time since last: 61256958 ns, Reaching safepoint: 372334 ns, At safepoint: 168708 ns, Total: 541042 ns
[2022-09-04T03:47:42.851+0000][1][safepoint    ] Safepoint "CollectForMetadataAllocation", Time since last: 196117417 ns, Reaching safepoint: 788416 ns, At safepoint: 171209 ns, Total: 959625 ns
[2022-09-04T03:47:43.014+0000][1][safepoint    ] Safepoint "CollectForMetadataAllocation", Time since last: 161384666 ns, Reaching safepoint: 520375 ns, At safepoint: 142667 ns, Total: 663042 ns
[2022-09-04T03:47:43.128+0000][1][safepoint    ] Safepoint "CollectForMetadataAllocation", Time since last: 114332083 ns, Reaching safepoint: 415375 ns, At safepoint: 163500 ns, Total: 578875 ns
[2022-09-04T03:47:43.258+0000][1][safepoint    ] Safepoint "CollectForMetadataAllocation", Time since last: 127293209 ns, Reaching safepoint: 2248583 ns, At safepoint: 157375 ns, Total: 2405958 ns
[2022-09-04T03:47:43.462+0000][1][safepoint    ] Safepoint "CollectForMetadataAllocation", Time since last: 203486167 ns, Reaching safepoint: 559333 ns, At safepoint: 185000 ns, Total: 744333 ns
[2022-09-04T03:47:43.599+0000][1][safepoint    ] Safepoint "CollectForMetadataAllocation", Time since last: 136042375 ns, Reaching safepoint: 213792 ns, At safepoint: 237250 ns, Total: 451042 ns
[2022-09-04T03:47:43.756+0000][1][safepoint    ] Safepoint "CollectForMetadataAllocation", Time since last: 156261958 ns, Reaching safepoint: 386042 ns, At safepoint: 168583 ns, Total: 554625 ns
[2022-09-04T03:47:43.905+0000][1][safepoint    ] Safepoint "CollectForMetadataAllocation", Time since last: 148522751 ns, Reaching safepoint: 352208 ns, At safepoint: 155250 ns, Total: 507458 ns
[2022-09-04T03:47:44.013+0000][1][safepoint    ] Safepoint "CollectForMetadataAllocation", Time since last: 107329417 ns, Reaching safepoint: 387041 ns, At safepoint: 169125 ns, Total: 556166 ns
[2022-09-04T03:47:44.140+0000][1][safepoint    ] Safepoint "CollectForMetadataAllocation", Time since last: 126994875 ns, Reaching safepoint: 637334 ns, At safepoint: 174458 ns, Total: 811792 ns
[2022-09-04T03:47:44.303+0000][1][safepoint    ] Safepoint "CollectForMetadataAllocation", Time since last: 161728208 ns, Reaching safepoint: 734500 ns, At safepoint: 168042 ns, Total: 902542 ns
[2022-09-04T03:47:44.452+0000][1][safepoint    ] Safepoint "CollectForMetadataAllocation", Time since last: 148651875 ns, Reaching safepoint: 493792 ns, At safepoint: 245250 ns, Total: 739042 ns
[2022-09-04T03:47:44.586+0000][1][safepoint    ] Safepoint "CollectForMetadataAllocation", Time since last: 133059917 ns, Reaching safepoint: 556833 ns, At safepoint: 181042 ns, Total: 737875 ns
[2022-09-04T03:47:44.720+0000][1][gc           ] GC(11) Concurrent Abortable Preclean 5044.458ms
[2022-09-04T03:47:44.721+0000][1][gc,cpu       ] GC(11) User=16.90s Sys=0.11s Real=5.04s
[2022-09-04T03:47:44.725+0000][1][gc,start     ] GC(11) Pause Remark
[2022-09-04T03:47:44.970+0000][1][gc           ] GC(11) Pause Remark 163M->163M(494M) 244.994ms
[2022-09-04T03:47:44.971+0000][1][gc,cpu       ] GC(11) User=0.80s Sys=0.02s Real=0.25s
[2022-09-04T03:47:44.976+0000][1][safepoint    ] Safepoint "CMS_Final_Remark", Time since last: 136451875 ns, Reaching safepoint: 1462166 ns, At safepoint: 252000667 ns, Total: 253462833 ns
[2022-09-04T03:47:44.978+0000][1][gc           ] GC(11) Concurrent Sweep
[2022-09-04T03:47:45.111+0000][1][gc           ] GC(11) Concurrent Sweep 133.701ms
[2022-09-04T03:47:45.113+0000][1][gc,cpu       ] GC(11) User=0.52s Sys=0.01s Real=0.13s
[2022-09-04T03:47:45.116+0000][1][gc           ] GC(11) Concurrent Reset
[2022-09-04T03:47:45.127+0000][1][gc           ] GC(11) Concurrent Reset 11.181ms
[2022-09-04T03:47:45.129+0000][1][gc,cpu       ] GC(11) User=0.05s Sys=0.00s Real=0.01s
[2022-09-04T03:47:45.132+0000][1][gc,heap      ] GC(11) Old: 40865K->40699K(349568K)
[2022-09-04T03:47:45.982+0000][1][safepoint    ] Safepoint "Cleanup", Time since last: 1001525876 ns, Reaching safepoint: 3885041 ns, At safepoint: 42625 ns, Total: 3927666 ns
[2022-09-04T03:47:46.067+0000][1][safepoint    ] Safepoint "RevokeBias", Time since last: 85288375 ns, Reaching safepoint: 307625 ns, At safepoint: 306167 ns, Total: 613792 ns
[2022-09-04T03:47:46.072+0000][1][safepoint    ] Safepoint "RevokeBias", Time since last: 3878500 ns, Reaching safepoint: 468833 ns, At safepoint: 263250 ns, Total: 732083 ns
