[2022-09-04T01:46:50.158+0000][1][gc] Using Concurrent Mark Sweep
[2022-09-04T01:46:50.162+0000][1][gc,heap,coops] Heap address: 0x00000000e0000000, size: 512 MB, Compressed Oops mode: 32-bit
[2022-09-04T01:46:50.789+0000][1][safepoint    ] Safepoint "EnableBiasedLocking", Time since last: 444838084 ns, Reaching safepoint: 8623583 ns, At safepoint: 1333792 ns, Total: 9957375 ns
[2022-09-04T01:46:50.824+0000][1][safepoint    ] Safepoint "RevokeBias", Time since last: 31738417 ns, Reaching safepoint: 561125 ns, At safepoint: 2761666 ns, Total: 3322791 ns
[2022-09-04T01:46:51.010+0000][1][safepoint    ] Safepoint "Deoptimize", Time since last: 180632250 ns, Reaching safepoint: 1845042 ns, At safepoint: 3847000 ns, Total: 5692042 ns
[2022-09-04T01:46:51.808+0000][1][safepoint    ] Safepoint "Deoptimize", Time since last: 797220459 ns, Reaching safepoint: 613000 ns, At safepoint: 167083 ns, Total: 780083 ns
[2022-09-04T01:46:51.818+0000][1][safepoint    ] Safepoint "Deoptimize", Time since last: 9303625 ns, Reaching safepoint: 70959 ns, At safepoint: 194125 ns, Total: 265084 ns
[2022-09-04T01:46:52.021+0000][1][safepoint    ] Safepoint "Deoptimize", Time since last: 202898750 ns, Reaching safepoint: 113666 ns, At safepoint: 223000 ns, Total: 336666 ns
[2022-09-04T01:46:53.026+0000][1][safepoint    ] Safepoint "Cleanup", Time since last: 1002044084 ns, Reaching safepoint: 3190250 ns, At safepoint: 36917 ns, Total: 3227167 ns
[2022-09-04T01:46:54.011+0000][1][safepoint    ] Safepoint "Deoptimize", Time since last: 984061000 ns, Reaching safepoint: 844667 ns, At safepoint: 313208 ns, Total: 1157875 ns
[2022-09-04T01:46:54.420+0000][1][safepoint    ] Safepoint "Deoptimize", Time since last: 408000500 ns, Reaching safepoint: 680959 ns, At safepoint: 376875 ns, Total: 1057834 ns
[2022-09-04T01:46:55.423+0000][1][safepoint    ] Safepoint "Cleanup", Time since last: 1001537792 ns, Reaching safepoint: 1422500 ns, At safepoint: 27542 ns, Total: 1450042 ns
[2022-09-04T01:46:55.765+0000][1][safepoint    ] Safepoint "Deoptimize", Time since last: 340776375 ns, Reaching safepoint: 239750 ns, At safepoint: 470875 ns, Total: 710625 ns
[2022-09-04T01:46:56.154+0000][1][safepoint    ] Safepoint "Deoptimize", Time since last: 387776542 ns, Reaching safepoint: 514916 ns, At safepoint: 531959 ns, Total: 1046875 ns
[2022-09-04T01:46:57.156+0000][1][safepoint    ] Safepoint "Cleanup", Time since last: 1002266250 ns, Reaching safepoint: 394917 ns, At safepoint: 28708 ns, Total: 423625 ns
[2022-09-04T01:46:58.159+0000][1][safepoint    ] Safepoint "Cleanup", Time since last: 1001585126 ns, Reaching safepoint: 664333 ns, At safepoint: 31125 ns, Total: 695458 ns
[2022-09-04T01:46:58.614+0000][1][safepoint    ] Safepoint "Deoptimize", Time since last: 454039917 ns, Reaching safepoint: 663208 ns, At safepoint: 621917 ns, Total: 1285125 ns
[2022-09-04T01:46:59.373+0000][1][safepoint    ] Safepoint "Deoptimize", Time since last: 756963583 ns, Reaching safepoint: 1057917 ns, At safepoint: 675417 ns, Total: 1733334 ns
[2022-09-04T01:46:59.376+0000][1][safepoint    ] Safepoint "Deoptimize", Time since last: 3106666 ns, Reaching safepoint: 89250 ns, At safepoint: 650875 ns, Total: 740125 ns
[2022-09-04T01:46:59.565+0000][1][safepoint    ] Safepoint "Deoptimize", Time since last: 187085792 ns, Reaching safepoint: 496250 ns, At safepoint: 643584 ns, Total: 1139834 ns
[2022-09-04T01:46:59.583+0000][1][safepoint    ] Safepoint "Deoptimize", Time since last: 17645333 ns, Reaching safepoint: 244208 ns, At safepoint: 632959 ns, Total: 877167 ns
[2022-09-04T01:46:59.668+0000][1][safepoint    ] Safepoint "RevokeBias", Time since last: 84603291 ns, Reaching safepoint: 224667 ns, At safepoint: 143250 ns, Total: 367917 ns
[2022-09-04T01:46:59.674+0000][1][safepoint    ] Safepoint "RevokeBias", Time since last: 5592500 ns, Reaching safepoint: 170667 ns, At safepoint: 108666 ns, Total: 279333 ns
[2022-09-04T01:46:59.677+0000][1][safepoint    ] Safepoint "RevokeBias", Time since last: 2070250 ns, Reaching safepoint: 386375 ns, At safepoint: 103167 ns, Total: 489542 ns
[2022-09-04T01:46:59.679+0000][1][safepoint    ] Safepoint "RevokeBias", Time since last: 2351542 ns, Reaching safepoint: 157666 ns, At safepoint: 212000 ns, Total: 369666 ns
[2022-09-04T01:46:59.717+0000][1][safepoint    ] Safepoint "Deoptimize", Time since last: 36438542 ns, Reaching safepoint: 488625 ns, At safepoint: 611292 ns, Total: 1099917 ns
[2022-09-04T01:46:59.794+0000][1][safepoint    ] Safepoint "Deoptimize", Time since last: 76151166 ns, Reaching safepoint: 478209 ns, At safepoint: 613833 ns, Total: 1092042 ns
[2022-09-04T01:47:00.797+0000][1][safepoint    ] Safepoint "Cleanup", Time since last: 1001607375 ns, Reaching safepoint: 833917 ns, At safepoint: 23250 ns, Total: 857167 ns
[2022-09-04T01:47:01.667+0000][1][safepoint    ] Safepoint "Deoptimize", Time since last: 869371584 ns, Reaching safepoint: 528417 ns, At safepoint: 718791 ns, Total: 1247208 ns
[2022-09-04T01:47:01.718+0000][1][safepoint    ] Safepoint "Deoptimize", Time since last: 48664250 ns, Reaching safepoint: 218209 ns, At safepoint: 2143166 ns, Total: 2361375 ns
[2022-09-04T01:47:02.735+0000][1][safepoint    ] Safepoint "Cleanup", Time since last: 1002636209 ns, Reaching safepoint: 11385000 ns, At safepoint: 597708 ns, Total: 11982708 ns
[2022-09-04T01:47:03.770+0000][1][safepoint    ] Safepoint "Cleanup", Time since last: 1035644668 ns, Reaching safepoint: 1429500 ns, At safepoint: 24250 ns, Total: 1453750 ns
[2022-09-04T01:47:04.166+0000][1][safepoint    ] Safepoint "RevokeBias", Time since last: 392053500 ns, Reaching safepoint: 2364583 ns, At safepoint: 1661208 ns, Total: 4025791 ns
[2022-09-04T01:47:05.169+0000][1][safepoint    ] Safepoint "Cleanup", Time since last: 1002540459 ns, Reaching safepoint: 912625 ns, At safepoint: 36375 ns, Total: 949000 ns
[2022-09-04T01:47:05.515+0000][1][safepoint    ] Safepoint "Deoptimize", Time since last: 343361500 ns, Reaching safepoint: 629833 ns, At safepoint: 1367083 ns, Total: 1996916 ns
[2022-09-04T01:47:05.524+0000][1][gc,start     ] GC(0) Pause Young (Allocation Failure)
[2022-09-04T01:47:05.536+0000][1][gc,task      ] GC(0) Using 4 workers of 4 for evacuation
[2022-09-04T01:47:05.603+0000][1][gc,age       ] GC(0) Desired survivor size 8945664 bytes, new threshold 1 (max threshold 6)
[2022-09-04T01:47:05.605+0000][1][gc,age       ] GC(0) Age table with threshold 1 (max threshold 6)
[2022-09-04T01:47:05.606+0000][1][gc,age       ] GC(0) - age   1:   10048872 bytes,   10048872 total
[2022-09-04T01:47:05.609+0000][1][gc,heap      ] GC(0) ParNew: 139776K->9923K(157248K)
[2022-09-04T01:47:05.611+0000][1][gc,heap      ] GC(0) CMS: 0K->0K(349568K)
[2022-09-04T01:47:05.612+0000][1][gc,metaspace ] GC(0) Metaspace: 17176K->17176K(1064960K)
[2022-09-04T01:47:05.614+0000][1][gc           ] GC(0) Pause Young (Allocation Failure) 136M->9M(494M) 89.630ms
[2022-09-04T01:47:05.615+0000][1][gc,cpu       ] GC(0) User=0.19s Sys=0.02s Real=0.09s
[2022-09-04T01:47:05.617+0000][1][safepoint    ] Safepoint "GenCollectForAllocation", Time since last: 8851500 ns, Reaching safepoint: 253209 ns, At safepoint: 92904666 ns, Total: 93157875 ns
[2022-09-04T01:47:05.632+0000][1][safepoint    ] Safepoint "BulkRevokeBias", Time since last: 13210209 ns, Reaching safepoint: 953208 ns, At safepoint: 794208 ns, Total: 1747416 ns
[2022-09-04T01:47:05.634+0000][1][safepoint    ] Safepoint "RevokeBias", Time since last: 1748875 ns, Reaching safepoint: 685584 ns, At safepoint: 480875 ns, Total: 1166459 ns
[2022-09-04T01:47:05.641+0000][1][safepoint    ] Safepoint "RevokeBias", Time since last: 5339708 ns, Reaching safepoint: 1142208 ns, At safepoint: 362750 ns, Total: 1504958 ns
[2022-09-04T01:47:05.644+0000][1][safepoint    ] Safepoint "RevokeBias", Time since last: 2046875 ns, Reaching safepoint: 235834 ns, At safepoint: 257833 ns, Total: 493667 ns
[2022-09-04T01:47:05.649+0000][1][safepoint    ] Safepoint "RevokeBias", Time since last: 4663333 ns, Reaching safepoint: 480042 ns, At safepoint: 342542 ns, Total: 822584 ns
[2022-09-04T01:47:05.653+0000][1][safepoint    ] Safepoint "RevokeBias", Time since last: 3027583 ns, Reaching safepoint: 313250 ns, At safepoint: 231167 ns, Total: 544417 ns
[2022-09-04T01:47:05.656+0000][1][safepoint    ] Safepoint "RevokeBias", Time since last: 2062083 ns, Reaching safepoint: 388417 ns, At safepoint: 259250 ns, Total: 647667 ns
[2022-09-04T01:47:05.659+0000][1][safepoint    ] Safepoint "RevokeBias", Time since last: 2548333 ns, Reaching safepoint: 492125 ns, At safepoint: 384875 ns, Total: 877000 ns
[2022-09-04T01:47:05.661+0000][1][safepoint    ] Safepoint "RevokeBias", Time since last: 1564250 ns, Reaching safepoint: 245375 ns, At safepoint: 371792 ns, Total: 617167 ns
[2022-09-04T01:47:05.665+0000][1][safepoint    ] Safepoint "RevokeBias", Time since last: 3128958 ns, Reaching safepoint: 408583 ns, At safepoint: 381542 ns, Total: 790125 ns
[2022-09-04T01:47:05.667+0000][1][safepoint    ] Safepoint "RevokeBias", Time since last: 1293958 ns, Reaching safepoint: 249709 ns, At safepoint: 233250 ns, Total: 482959 ns
[2022-09-04T01:47:05.668+0000][1][safepoint    ] Safepoint "RevokeBias", Time since last: 883541 ns, Reaching safepoint: 443000 ns, At safepoint: 244000 ns, Total: 687000 ns
[2022-09-04T01:47:05.671+0000][1][safepoint    ] Safepoint "RevokeBias", Time since last: 1525084 ns, Reaching safepoint: 510750 ns, At safepoint: 226500 ns, Total: 737250 ns
[2022-09-04T01:47:05.673+0000][1][safepoint    ] Safepoint "RevokeBias", Time since last: 2030791 ns, Reaching safepoint: 232209 ns, At safepoint: 243250 ns, Total: 475459 ns
[2022-09-04T01:47:05.675+0000][1][safepoint    ] Safepoint "RevokeBias", Time since last: 1317583 ns, Reaching safepoint: 310083 ns, At safepoint: 282542 ns, Total: 592625 ns
[2022-09-04T01:47:05.678+0000][1][safepoint    ] Safepoint "RevokeBias", Time since last: 1734208 ns, Reaching safepoint: 647459 ns, At safepoint: 222083 ns, Total: 869542 ns
[2022-09-04T01:47:05.680+0000][1][safepoint    ] Safepoint "RevokeBias", Time since last: 1760083 ns, Reaching safepoint: 276167 ns, At safepoint: 198417 ns, Total: 474584 ns
[2022-09-04T01:47:05.683+0000][1][safepoint    ] Safepoint "RevokeBias", Time since last: 2844458 ns, Reaching safepoint: 331583 ns, At safepoint: 232000 ns, Total: 563583 ns
[2022-09-04T01:47:05.685+0000][1][safepoint    ] Safepoint "RevokeBias", Time since last: 1325667 ns, Reaching safepoint: 392000 ns, At safepoint: 207208 ns, Total: 599208 ns
[2022-09-04T01:47:05.688+0000][1][safepoint    ] Safepoint "RevokeBias", Time since last: 2001375 ns, Reaching safepoint: 250000 ns, At safepoint: 219667 ns, Total: 469667 ns
[2022-09-04T01:47:05.690+0000][1][safepoint    ] Safepoint "RevokeBias", Time since last: 1659667 ns, Reaching safepoint: 331291 ns, At safepoint: 258792 ns, Total: 590083 ns
[2022-09-04T01:47:05.693+0000][1][safepoint    ] Safepoint "RevokeBias", Time since last: 2327917 ns, Reaching safepoint: 285333 ns, At safepoint: 184250 ns, Total: 469583 ns
[2022-09-04T01:47:05.694+0000][1][safepoint    ] Safepoint "RevokeBias", Time since last: 1022417 ns, Reaching safepoint: 321583 ns, At safepoint: 155000 ns, Total: 476583 ns
[2022-09-04T01:47:05.697+0000][1][safepoint    ] Safepoint "RevokeBias", Time since last: 1933542 ns, Reaching safepoint: 352708 ns, At safepoint: 178042 ns, Total: 530750 ns
[2022-09-04T01:47:05.698+0000][1][safepoint    ] Safepoint "RevokeBias", Time since last: 986458 ns, Reaching safepoint: 358542 ns, At safepoint: 162875 ns, Total: 521417 ns
[2022-09-04T01:47:05.700+0000][1][safepoint    ] Safepoint "RevokeBias", Time since last: 1374375 ns, Reaching safepoint: 357416 ns, At safepoint: 268500 ns, Total: 625916 ns
[2022-09-04T01:47:05.702+0000][1][safepoint    ] Safepoint "RevokeBias", Time since last: 1079959 ns, Reaching safepoint: 122791 ns, At safepoint: 116500 ns, Total: 239291 ns
[2022-09-04T01:47:05.704+0000][1][safepoint    ] Safepoint "RevokeBias", Time since last: 850917 ns, Reaching safepoint: 542292 ns, At safepoint: 516791 ns, Total: 1059083 ns
[2022-09-04T01:47:05.705+0000][1][safepoint    ] Safepoint "RevokeBias", Time since last: 900750 ns, Reaching safepoint: 784500 ns, At safepoint: 190417 ns, Total: 974917 ns
[2022-09-04T01:47:05.708+0000][1][safepoint    ] Safepoint "RevokeBias", Time since last: 1771125 ns, Reaching safepoint: 575250 ns, At safepoint: 212417 ns, Total: 787667 ns
[2022-09-04T01:47:05.711+0000][1][safepoint    ] Safepoint "RevokeBias", Time since last: 2356541 ns, Reaching safepoint: 806875 ns, At safepoint: 231542 ns, Total: 1038417 ns
[2022-09-04T01:47:05.714+0000][1][safepoint    ] Safepoint "RevokeBias", Time since last: 1244417 ns, Reaching safepoint: 936708 ns, At safepoint: 208708 ns, Total: 1145416 ns
[2022-09-04T01:47:05.716+0000][1][safepoint    ] Safepoint "RevokeBias", Time since last: 1921667 ns, Reaching safepoint: 510167 ns, At safepoint: 170458 ns, Total: 680625 ns
[2022-09-04T01:47:05.719+0000][1][safepoint    ] Safepoint "RevokeBias", Time since last: 1857333 ns, Reaching safepoint: 317792 ns, At safepoint: 209417 ns, Total: 527209 ns
[2022-09-04T01:47:05.725+0000][1][safepoint    ] Safepoint "RevokeBias", Time since last: 5789791 ns, Reaching safepoint: 607875 ns, At safepoint: 185584 ns, Total: 793459 ns
[2022-09-04T01:47:05.730+0000][1][safepoint    ] Safepoint "RevokeBias", Time since last: 4479708 ns, Reaching safepoint: 219250 ns, At safepoint: 279750 ns, Total: 499000 ns
[2022-09-04T01:47:05.734+0000][1][safepoint    ] Safepoint "RevokeBias", Time since last: 3134875 ns, Reaching safepoint: 315208 ns, At safepoint: 199459 ns, Total: 514667 ns
[2022-09-04T01:47:05.736+0000][1][safepoint    ] Safepoint "RevokeBias", Time since last: 1566333 ns, Reaching safepoint: 265542 ns, At safepoint: 216750 ns, Total: 482292 ns
[2022-09-04T01:47:05.738+0000][1][safepoint    ] Safepoint "RevokeBias", Time since last: 1744042 ns, Reaching safepoint: 229250 ns, At safepoint: 227416 ns, Total: 456666 ns
[2022-09-04T01:47:05.740+0000][1][safepoint    ] Safepoint "RevokeBias", Time since last: 1139750 ns, Reaching safepoint: 291584 ns, At safepoint: 199208 ns, Total: 490792 ns
[2022-09-04T01:47:05.742+0000][1][safepoint    ] Safepoint "BulkRevokeBias", Time since last: 1222375 ns, Reaching safepoint: 355875 ns, At safepoint: 458000 ns, Total: 813875 ns
[2022-09-04T01:47:05.744+0000][1][safepoint    ] Safepoint "BulkRevokeBias", Time since last: 1340083 ns, Reaching safepoint: 230125 ns, At safepoint: 308292 ns, Total: 538417 ns
[2022-09-04T01:47:05.754+0000][1][safepoint    ] Safepoint "RevokeBias", Time since last: 10095208 ns, Reaching safepoint: 384459 ns, At safepoint: 70541 ns, Total: 455000 ns
[2022-09-04T01:47:05.816+0000][1][safepoint    ] Safepoint "Deoptimize", Time since last: 60079250 ns, Reaching safepoint: 279000 ns, At safepoint: 909375 ns, Total: 1188375 ns
[2022-09-04T01:47:05.820+0000][1][safepoint    ] Safepoint "Deoptimize", Time since last: 3879042 ns, Reaching safepoint: 78208 ns, At safepoint: 743209 ns, Total: 821417 ns
[2022-09-04T01:47:06.435+0000][1][safepoint    ] Safepoint "Deoptimize", Time since last: 612451208 ns, Reaching safepoint: 922542 ns, At safepoint: 972708 ns, Total: 1895250 ns
[2022-09-04T01:47:06.480+0000][1][safepoint    ] Safepoint "RevokeBias", Time since last: 45126209 ns, Reaching safepoint: 365083 ns, At safepoint: 59292 ns, Total: 424375 ns
[2022-09-04T01:47:07.483+0000][1][safepoint    ] Safepoint "Cleanup", Time since last: 1001550458 ns, Reaching safepoint: 1298209 ns, At safepoint: 29333 ns, Total: 1327542 ns
[2022-09-04T01:47:07.981+0000][1][gc,start     ] GC(1) Pause Young (Allocation Failure)
[2022-09-04T01:47:07.983+0000][1][gc,task      ] GC(1) Using 4 workers of 4 for evacuation
[2022-09-04T01:47:08.139+0000][1][gc,age       ] GC(1) Desired survivor size 8945664 bytes, new threshold 6 (max threshold 6)
[2022-09-04T01:47:08.140+0000][1][gc,age       ] GC(1) Age table with threshold 6 (max threshold 6)
[2022-09-04T01:47:08.142+0000][1][gc,age       ] GC(1) - age   1:    2755864 bytes,    2755864 total
[2022-09-04T01:47:08.143+0000][1][gc,heap      ] GC(1) ParNew: 149699K->5545K(157248K)
[2022-09-04T01:47:08.144+0000][1][gc,heap      ] GC(1) CMS: 0K->10568K(349568K)
[2022-09-04T01:47:08.145+0000][1][gc,metaspace ] GC(1) Metaspace: 19360K->19360K(1067008K)
[2022-09-04T01:47:08.147+0000][1][gc           ] GC(1) Pause Young (Allocation Failure) 146M->15M(494M) 165.806ms
[2022-09-04T01:47:08.148+0000][1][gc,cpu       ] GC(1) User=0.50s Sys=0.05s Real=0.17s
[2022-09-04T01:47:08.150+0000][1][safepoint    ] Safepoint "GenCollectForAllocation", Time since last: 497263167 ns, Reaching safepoint: 473208 ns, At safepoint: 169433209 ns, Total: 169906417 ns
[2022-09-04T01:47:08.161+0000][1][safepoint    ] Safepoint "RevokeBias", Time since last: 10133416 ns, Reaching safepoint: 501875 ns, At safepoint: 494250 ns, Total: 996125 ns
[2022-09-04T01:47:08.168+0000][1][safepoint    ] Safepoint "RevokeBias", Time since last: 2517709 ns, Reaching safepoint: 3656750 ns, At safepoint: 480583 ns, Total: 4137333 ns
[2022-09-04T01:47:08.179+0000][1][safepoint    ] Safepoint "RevokeBias", Time since last: 8371167 ns, Reaching safepoint: 2360708 ns, At safepoint: 290708 ns, Total: 2651416 ns
[2022-09-04T01:47:08.184+0000][1][safepoint    ] Safepoint "RevokeBias", Time since last: 4494917 ns, Reaching safepoint: 284708 ns, At safepoint: 160125 ns, Total: 444833 ns
[2022-09-04T01:47:08.189+0000][1][safepoint    ] Safepoint "RevokeBias", Time since last: 4535917 ns, Reaching safepoint: 436292 ns, At safepoint: 237750 ns, Total: 674042 ns
[2022-09-04T01:47:08.191+0000][1][safepoint    ] Safepoint "RevokeBias", Time since last: 1266375 ns, Reaching safepoint: 611333 ns, At safepoint: 244125 ns, Total: 855458 ns
[2022-09-04T01:47:08.194+0000][1][safepoint    ] Safepoint "RevokeBias", Time since last: 1689917 ns, Reaching safepoint: 490500 ns, At safepoint: 169625 ns, Total: 660125 ns
[2022-09-04T01:47:08.196+0000][1][safepoint    ] Safepoint "RevokeBias", Time since last: 1542000 ns, Reaching safepoint: 654875 ns, At safepoint: 273666 ns, Total: 928541 ns
[2022-09-04T01:47:08.199+0000][1][safepoint    ] Safepoint "RevokeBias", Time since last: 2068500 ns, Reaching safepoint: 656875 ns, At safepoint: 201125 ns, Total: 858000 ns
[2022-09-04T01:47:08.202+0000][1][safepoint    ] Safepoint "RevokeBias", Time since last: 1324000 ns, Reaching safepoint: 948250 ns, At safepoint: 684500 ns, Total: 1632750 ns
[2022-09-04T01:47:08.210+0000][1][safepoint    ] Safepoint "RevokeBias", Time since last: 4959834 ns, Reaching safepoint: 2430875 ns, At safepoint: 226250 ns, Total: 2657125 ns
[2022-09-04T01:47:08.212+0000][1][safepoint    ] Safepoint "RevokeBias", Time since last: 1798750 ns, Reaching safepoint: 813791 ns, At safepoint: 210667 ns, Total: 1024458 ns
[2022-09-04T01:47:08.216+0000][1][safepoint    ] Safepoint "RevokeBias", Time since last: 2765667 ns, Reaching safepoint: 321291 ns, At safepoint: 191375 ns, Total: 512666 ns
[2022-09-04T01:47:08.219+0000][1][safepoint    ] Safepoint "RevokeBias", Time since last: 2526417 ns, Reaching safepoint: 380417 ns, At safepoint: 153958 ns, Total: 534375 ns
[2022-09-04T01:47:08.222+0000][1][safepoint    ] Safepoint "RevokeBias", Time since last: 2192500 ns, Reaching safepoint: 445042 ns, At safepoint: 187791 ns, Total: 632833 ns
[2022-09-04T01:47:08.787+0000][1][safepoint    ] Safepoint "RevokeBias", Time since last: 564334001 ns, Reaching safepoint: 706208 ns, At safepoint: 79458 ns, Total: 785666 ns
[2022-09-04T01:47:08.967+0000][1][safepoint    ] Safepoint "RevokeBias", Time since last: 178997334 ns, Reaching safepoint: 835041 ns, At safepoint: 97375 ns, Total: 932416 ns
[2022-09-04T01:47:09.838+0000][1][safepoint    ] Safepoint "Deoptimize", Time since last: 869894542 ns, Reaching safepoint: 678875 ns, At safepoint: 1194625 ns, Total: 1873500 ns
[2022-09-04T01:47:10.071+0000][1][safepoint    ] Safepoint "CollectForMetadataAllocation", Time since last: 231433917 ns, Reaching safepoint: 473375 ns, At safepoint: 556375 ns, Total: 1029750 ns
[2022-09-04T01:47:10.093+0000][1][safepoint    ] Safepoint "Deoptimize", Time since last: 20942750 ns, Reaching safepoint: 332667 ns, At safepoint: 1123792 ns, Total: 1456459 ns
[2022-09-04T01:47:10.152+0000][1][gc,start     ] GC(2) Pause Initial Mark
[2022-09-04T01:47:10.348+0000][1][gc           ] GC(2) Pause Initial Mark 146M->146M(494M) 195.579ms
[2022-09-04T01:47:10.351+0000][1][gc,cpu       ] GC(2) User=0.75s Sys=0.00s Real=0.20s
[2022-09-04T01:47:10.352+0000][1][safepoint    ] Safepoint "CMS_Initial_Mark", Time since last: 57875833 ns, Reaching safepoint: 453458 ns, At safepoint: 200613542 ns, Total: 201067000 ns
[2022-09-04T01:47:10.357+0000][1][gc           ] GC(2) Concurrent Mark
[2022-09-04T01:47:10.436+0000][1][gc           ] GC(2) Concurrent Mark 79.689ms
[2022-09-04T01:47:10.438+0000][1][gc,cpu       ] GC(2) User=0.29s Sys=0.01s Real=0.08s
[2022-09-04T01:47:10.440+0000][1][gc           ] GC(2) Concurrent Preclean
[2022-09-04T01:47:10.453+0000][1][gc           ] GC(2) Concurrent Preclean 12.946ms
[2022-09-04T01:47:10.454+0000][1][gc,cpu       ] GC(2) User=0.05s Sys=0.00s Real=0.01s
[2022-09-04T01:47:10.456+0000][1][gc           ] GC(2) Concurrent Abortable Preclean
[2022-09-04T01:47:10.482+0000][1][gc,start     ] GC(3) Pause Young (Allocation Failure)
[2022-09-04T01:47:10.484+0000][1][gc,task      ] GC(3) Using 4 workers of 4 for evacuation
[2022-09-04T01:47:10.509+0000][1][gc,age       ] GC(3) Desired survivor size 8945664 bytes, new threshold 6 (max threshold 6)
[2022-09-04T01:47:10.511+0000][1][gc,age       ] GC(3) Age table with threshold 6 (max threshold 6)
[2022-09-04T01:47:10.512+0000][1][gc,age       ] GC(3) - age   1:    3455904 bytes,    3455904 total
[2022-09-04T01:47:10.513+0000][1][gc,age       ] GC(3) - age   2:    1569360 bytes,    5025264 total
[2022-09-04T01:47:10.514+0000][1][gc,heap      ] GC(3) ParNew: 145321K->6151K(157248K)
[2022-09-04T01:47:10.516+0000][1][gc,heap      ] GC(3) CMS: 10568K->10568K(349568K)
[2022-09-04T01:47:10.517+0000][1][gc,metaspace ] GC(3) Metaspace: 20420K->20420K(1069056K)
[2022-09-04T01:47:10.518+0000][1][gc           ] GC(3) Pause Young (Allocation Failure) 152M->16M(494M) 35.765ms
[2022-09-04T01:47:10.519+0000][1][gc,cpu       ] GC(3) User=0.10s Sys=0.00s Real=0.04s
[2022-09-04T01:47:10.520+0000][1][safepoint    ] Safepoint "GenCollectForAllocation", Time since last: 129578000 ns, Reaching safepoint: 590333 ns, At safepoint: 37865625 ns, Total: 38455958 ns
[2022-09-04T01:47:10.524+0000][1][safepoint    ] Safepoint "BulkRevokeBias", Time since last: 2568417 ns, Reaching safepoint: 441458 ns, At safepoint: 404042 ns, Total: 845500 ns
[2022-09-04T01:47:10.527+0000][1][safepoint    ] Safepoint "RevokeBias", Time since last: 2555542 ns, Reaching safepoint: 585083 ns, At safepoint: 135167 ns, Total: 720250 ns
[2022-09-04T01:47:10.532+0000][1][safepoint    ] Safepoint "RevokeBias", Time since last: 1381875 ns, Reaching safepoint: 3086083 ns, At safepoint: 177583 ns, Total: 3263666 ns
[2022-09-04T01:47:10.534+0000][1][safepoint    ] Safepoint "RevokeBias", Time since last: 2029834 ns, Reaching safepoint: 329416 ns, At safepoint: 182125 ns, Total: 511541 ns
[2022-09-04T01:47:10.536+0000][1][safepoint    ] Safepoint "RevokeBias", Time since last: 1257834 ns, Reaching safepoint: 312166 ns, At safepoint: 140625 ns, Total: 452791 ns
[2022-09-04T01:47:10.539+0000][1][safepoint    ] Safepoint "RevokeBias", Time since last: 2316834 ns, Reaching safepoint: 361500 ns, At safepoint: 141333 ns, Total: 502833 ns
[2022-09-04T01:47:10.543+0000][1][safepoint    ] Safepoint "RevokeBias", Time since last: 1375042 ns, Reaching safepoint: 2865916 ns, At safepoint: 262959 ns, Total: 3128875 ns
[2022-09-04T01:47:10.547+0000][1][safepoint    ] Safepoint "RevokeBias", Time since last: 1818333 ns, Reaching safepoint: 1415833 ns, At safepoint: 124375 ns, Total: 1540208 ns
[2022-09-04T01:47:10.549+0000][1][safepoint    ] Safepoint "RevokeBias", Time since last: 1636834 ns, Reaching safepoint: 246541 ns, At safepoint: 116917 ns, Total: 363458 ns
[2022-09-04T01:47:10.552+0000][1][safepoint    ] Safepoint "RevokeBias", Time since last: 2152417 ns, Reaching safepoint: 700250 ns, At safepoint: 185458 ns, Total: 885708 ns
[2022-09-04T01:47:10.555+0000][1][safepoint    ] Safepoint "RevokeBias", Time since last: 2635667 ns, Reaching safepoint: 296291 ns, At safepoint: 123459 ns, Total: 419750 ns
[2022-09-04T01:47:10.557+0000][1][safepoint    ] Safepoint "RevokeBias", Time since last: 1896708 ns, Reaching safepoint: 478750 ns, At safepoint: 188292 ns, Total: 667042 ns
[2022-09-04T01:47:10.560+0000][1][safepoint    ] Safepoint "RevokeBias", Time since last: 2536625 ns, Reaching safepoint: 267166 ns, At safepoint: 212959 ns, Total: 480125 ns
[2022-09-04T01:47:10.563+0000][1][safepoint    ] Safepoint "RevokeBias", Time since last: 2260958 ns, Reaching safepoint: 305292 ns, At safepoint: 150000 ns, Total: 455292 ns
[2022-09-04T01:47:10.566+0000][1][safepoint    ] Safepoint "RevokeBias", Time since last: 2488375 ns, Reaching safepoint: 333083 ns, At safepoint: 124333 ns, Total: 457416 ns
[2022-09-04T01:47:10.569+0000][1][safepoint    ] Safepoint "RevokeBias", Time since last: 2255875 ns, Reaching safepoint: 501584 ns, At safepoint: 144916 ns, Total: 646500 ns
[2022-09-04T01:47:10.576+0000][1][safepoint    ] Safepoint "RevokeBias", Time since last: 6053167 ns, Reaching safepoint: 998125 ns, At safepoint: 164208 ns, Total: 1162333 ns
[2022-09-04T01:47:10.579+0000][1][safepoint    ] Safepoint "RevokeBias", Time since last: 1583917 ns, Reaching safepoint: 936125 ns, At safepoint: 144375 ns, Total: 1080500 ns
[2022-09-04T01:47:10.582+0000][1][safepoint    ] Safepoint "RevokeBias", Time since last: 2627417 ns, Reaching safepoint: 342875 ns, At safepoint: 146500 ns, Total: 489375 ns
[2022-09-04T01:47:10.585+0000][1][safepoint    ] Safepoint "RevokeBias", Time since last: 2557416 ns, Reaching safepoint: 223542 ns, At safepoint: 107750 ns, Total: 331292 ns
[2022-09-04T01:47:11.060+0000][1][safepoint    ] Safepoint "CollectForMetadataAllocation", Time since last: 474185084 ns, Reaching safepoint: 857125 ns, At safepoint: 171583 ns, Total: 1028708 ns
[2022-09-04T01:47:11.321+0000][1][gc           ] GC(2) Concurrent Abortable Preclean 864.635ms
[2022-09-04T01:47:11.323+0000][1][gc,cpu       ] GC(2) User=2.76s Sys=0.07s Real=0.86s
[2022-09-04T01:47:11.326+0000][1][gc,start     ] GC(2) Pause Remark
[2022-09-04T01:47:11.477+0000][1][gc           ] GC(2) Pause Remark 110M->110M(494M) 150.689ms
[2022-09-04T01:47:11.478+0000][1][gc,cpu       ] GC(2) User=0.45s Sys=0.01s Real=0.15s
[2022-09-04T01:47:11.480+0000][1][safepoint    ] Safepoint "CMS_Final_Remark", Time since last: 265623417 ns, Reaching safepoint: 509250 ns, At safepoint: 153842917 ns, Total: 154352167 ns
[2022-09-04T01:47:11.482+0000][1][gc           ] GC(2) Concurrent Sweep
[2022-09-04T01:47:11.508+0000][1][gc           ] GC(2) Concurrent Sweep 26.956ms
[2022-09-04T01:47:11.510+0000][1][gc,cpu       ] GC(2) User=0.09s Sys=0.00s Real=0.03s
[2022-09-04T01:47:11.515+0000][1][gc           ] GC(2) Concurrent Reset
[2022-09-04T01:47:11.519+0000][1][gc           ] GC(2) Concurrent Reset 4.297ms
[2022-09-04T01:47:11.520+0000][1][gc,cpu       ] GC(2) User=0.02s Sys=0.00s Real=0.01s
[2022-09-04T01:47:11.522+0000][1][gc,heap      ] GC(2) Old: 10568K->10562K(349568K)
[2022-09-04T01:47:12.112+0000][1][gc,start     ] GC(4) Pause Young (Allocation Failure)
[2022-09-04T01:47:12.114+0000][1][gc,task      ] GC(4) Using 4 workers of 4 for evacuation
[2022-09-04T01:47:12.142+0000][1][gc,age       ] GC(4) Desired survivor size 8945664 bytes, new threshold 6 (max threshold 6)
[2022-09-04T01:47:12.143+0000][1][gc,age       ] GC(4) Age table with threshold 6 (max threshold 6)
[2022-09-04T01:47:12.144+0000][1][gc,age       ] GC(4) - age   1:    1478144 bytes,    1478144 total
[2022-09-04T01:47:12.146+0000][1][gc,age       ] GC(4) - age   2:    3146088 bytes,    4624232 total
[2022-09-04T01:47:12.147+0000][1][gc,age       ] GC(4) - age   3:    1569144 bytes,    6193376 total
[2022-09-04T01:47:12.148+0000][1][gc,heap      ] GC(4) ParNew: 145927K->7556K(157248K)
[2022-09-04T01:47:12.149+0000][1][gc,heap      ] GC(4) CMS: 10562K->10562K(349568K)
[2022-09-04T01:47:12.150+0000][1][gc,metaspace ] GC(4) Metaspace: 20681K->20681K(1069056K)
[2022-09-04T01:47:12.152+0000][1][gc           ] GC(4) Pause Young (Allocation Failure) 152M->17M(494M) 39.745ms
[2022-09-04T01:47:12.153+0000][1][gc,cpu       ] GC(4) User=0.08s Sys=0.00s Real=0.04s
[2022-09-04T01:47:12.154+0000][1][safepoint    ] Safepoint "GenCollectForAllocation", Time since last: 628759833 ns, Reaching safepoint: 3187375 ns, At safepoint: 42206125 ns, Total: 45393500 ns
[2022-09-04T01:47:12.158+0000][1][safepoint    ] Safepoint "RevokeBias", Time since last: 3526250 ns, Reaching safepoint: 511750 ns, At safepoint: 253125 ns, Total: 764875 ns
[2022-09-04T01:47:12.160+0000][1][safepoint    ] Safepoint "RevokeBias", Time since last: 1682084 ns, Reaching safepoint: 231125 ns, At safepoint: 148583 ns, Total: 379708 ns
[2022-09-04T01:47:12.163+0000][1][safepoint    ] Safepoint "RevokeBias", Time since last: 1937667 ns, Reaching safepoint: 290375 ns, At safepoint: 145916 ns, Total: 436291 ns
[2022-09-04T01:47:12.165+0000][1][safepoint    ] Safepoint "RevokeBias", Time since last: 1158625 ns, Reaching safepoint: 637500 ns, At safepoint: 132709 ns, Total: 770209 ns
[2022-09-04T01:47:12.167+0000][1][safepoint    ] Safepoint "RevokeBias", Time since last: 2079375 ns, Reaching safepoint: 324916 ns, At safepoint: 195709 ns, Total: 520625 ns
[2022-09-04T01:47:12.176+0000][1][safepoint    ] Safepoint "RevokeBias", Time since last: 7923791 ns, Reaching safepoint: 262875 ns, At safepoint: 163042 ns, Total: 425917 ns
[2022-09-04T01:47:12.178+0000][1][safepoint    ] Safepoint "RevokeBias", Time since last: 2164167 ns, Reaching safepoint: 447375 ns, At safepoint: 157000 ns, Total: 604375 ns
[2022-09-04T01:47:12.187+0000][1][safepoint    ] Safepoint "RevokeBias", Time since last: 7818791 ns, Reaching safepoint: 561792 ns, At safepoint: 201750 ns, Total: 763542 ns
[2022-09-04T01:47:12.719+0000][1][safepoint    ] Safepoint "RevokeBias", Time since last: 531658208 ns, Reaching safepoint: 747959 ns, At safepoint: 82666 ns, Total: 830625 ns
[2022-09-04T01:47:12.726+0000][1][safepoint    ] Safepoint "RevokeBias", Time since last: 6119417 ns, Reaching safepoint: 282375 ns, At safepoint: 67167 ns, Total: 349542 ns
[2022-09-04T01:47:13.675+0000][1][gc,start     ] GC(5) Pause Young (Allocation Failure)
[2022-09-04T01:47:13.678+0000][1][gc,task      ] GC(5) Using 4 workers of 4 for evacuation
[2022-09-04T01:47:13.710+0000][1][gc,age       ] GC(5) Desired survivor size 8945664 bytes, new threshold 6 (max threshold 6)
[2022-09-04T01:47:13.711+0000][1][gc,age       ] GC(5) Age table with threshold 6 (max threshold 6)
[2022-09-04T01:47:13.712+0000][1][gc,age       ] GC(5) - age   1:    1531584 bytes,    1531584 total
[2022-09-04T01:47:13.714+0000][1][gc,age       ] GC(5) - age   2:     951576 bytes,    2483160 total
[2022-09-04T01:47:13.715+0000][1][gc,age       ] GC(5) - age   3:    3144904 bytes,    5628064 total
[2022-09-04T01:47:13.716+0000][1][gc,age       ] GC(5) - age   4:    1569120 bytes,    7197184 total
[2022-09-04T01:47:13.717+0000][1][gc,heap      ] GC(5) ParNew: 147332K->9532K(157248K)
[2022-09-04T01:47:13.718+0000][1][gc,heap      ] GC(5) CMS: 10562K->10562K(349568K)
[2022-09-04T01:47:13.719+0000][1][gc,metaspace ] GC(5) Metaspace: 21763K->21763K(1069056K)
[2022-09-04T01:47:13.720+0000][1][gc           ] GC(5) Pause Young (Allocation Failure) 154M->19M(494M) 44.926ms
[2022-09-04T01:47:13.721+0000][1][gc,cpu       ] GC(5) User=0.10s Sys=0.01s Real=0.04s
[2022-09-04T01:47:13.723+0000][1][safepoint    ] Safepoint "GenCollectForAllocation", Time since last: 948665959 ns, Reaching safepoint: 866000 ns, At safepoint: 47119833 ns, Total: 47985833 ns
[2022-09-04T01:47:13.728+0000][1][safepoint    ] Safepoint "BulkRevokeBias", Time since last: 5003583 ns, Reaching safepoint: 321625 ns, At safepoint: 345084 ns, Total: 666709 ns
[2022-09-04T01:47:13.730+0000][1][safepoint    ] Safepoint "BulkRevokeBias", Time since last: 1272291 ns, Reaching safepoint: 256459 ns, At safepoint: 258250 ns, Total: 514709 ns
[2022-09-04T01:47:14.761+0000][1][safepoint    ] Safepoint "Cleanup", Time since last: 1001809292 ns, Reaching safepoint: 23469541 ns, At safepoint: 1529875 ns, Total: 24999416 ns
[2022-09-04T01:47:15.721+0000][1][gc,start     ] GC(6) Pause Young (Allocation Failure)
[2022-09-04T01:47:15.726+0000][1][gc,task      ] GC(6) Using 4 workers of 4 for evacuation
[2022-09-04T01:47:15.775+0000][1][gc,age       ] GC(6) Desired survivor size 8945664 bytes, new threshold 6 (max threshold 6)
[2022-09-04T01:47:15.777+0000][1][gc,age       ] GC(6) Age table with threshold 6 (max threshold 6)
[2022-09-04T01:47:15.778+0000][1][gc,age       ] GC(6) - age   1:    2021064 bytes,    2021064 total
[2022-09-04T01:47:15.779+0000][1][gc,age       ] GC(6) - age   2:    1006064 bytes,    3027128 total
[2022-09-04T01:47:15.780+0000][1][gc,age       ] GC(6) - age   3:     951288 bytes,    3978416 total
[2022-09-04T01:47:15.781+0000][1][gc,age       ] GC(6) - age   4:    3144904 bytes,    7123320 total
[2022-09-04T01:47:15.783+0000][1][gc,age       ] GC(6) - age   5:    1568784 bytes,    8692104 total
[2022-09-04T01:47:15.786+0000][1][gc,heap      ] GC(6) ParNew: 149308K->11345K(157248K)
[2022-09-04T01:47:15.787+0000][1][gc,heap      ] GC(6) CMS: 10562K->10562K(349568K)
[2022-09-04T01:47:15.788+0000][1][gc,metaspace ] GC(6) Metaspace: 21803K->21803K(1069056K)
[2022-09-04T01:47:15.792+0000][1][gc           ] GC(6) Pause Young (Allocation Failure) 156M->21M(494M) 70.521ms
[2022-09-04T01:47:15.792+0000][1][gc,cpu       ] GC(6) User=0.13s Sys=0.02s Real=0.07s
[2022-09-04T01:47:15.794+0000][1][safepoint    ] Safepoint "GenCollectForAllocation", Time since last: 962851584 ns, Reaching safepoint: 608584 ns, At safepoint: 73474916 ns, Total: 74083500 ns
[2022-09-04T01:47:16.129+0000][1][safepoint    ] Safepoint "RevokeBias", Time since last: 333729125 ns, Reaching safepoint: 376417 ns, At safepoint: 1336833 ns, Total: 1713250 ns
[2022-09-04T01:47:16.133+0000][1][safepoint    ] Safepoint "RevokeBias", Time since last: 3618250 ns, Reaching safepoint: 214750 ns, At safepoint: 139125 ns, Total: 353875 ns
[2022-09-04T01:47:16.136+0000][1][safepoint    ] Safepoint "RevokeBias", Time since last: 2205500 ns, Reaching safepoint: 163750 ns, At safepoint: 55000 ns, Total: 218750 ns
[2022-09-04T01:47:16.138+0000][1][safepoint    ] Safepoint "RevokeBias", Time since last: 2232084 ns, Reaching safepoint: 373750 ns, At safepoint: 57583 ns, Total: 431333 ns
[2022-09-04T01:47:16.918+0000][1][gc,start     ] GC(7) Pause Young (Allocation Failure)
[2022-09-04T01:47:16.920+0000][1][gc,task      ] GC(7) Using 4 workers of 4 for evacuation
[2022-09-04T01:47:16.948+0000][1][gc,age       ] GC(7) Desired survivor size 8945664 bytes, new threshold 6 (max threshold 6)
[2022-09-04T01:47:16.949+0000][1][gc,age       ] GC(7) Age table with threshold 6 (max threshold 6)
[2022-09-04T01:47:16.950+0000][1][gc,age       ] GC(7) - age   1:    1379704 bytes,    1379704 total
[2022-09-04T01:47:16.951+0000][1][gc,age       ] GC(7) - age   2:     277608 bytes,    1657312 total
[2022-09-04T01:47:16.953+0000][1][gc,age       ] GC(7) - age   3:    1006064 bytes,    2663376 total
[2022-09-04T01:47:16.954+0000][1][gc,age       ] GC(7) - age   4:     951008 bytes,    3614384 total
[2022-09-04T01:47:16.955+0000][1][gc,age       ] GC(7) - age   5:    3144928 bytes,    6759312 total
[2022-09-04T01:47:16.956+0000][1][gc,age       ] GC(7) - age   6:    1568856 bytes,    8328168 total
[2022-09-04T01:47:16.957+0000][1][gc,heap      ] GC(7) ParNew: 151121K->11980K(157248K)
[2022-09-04T01:47:16.958+0000][1][gc,heap      ] GC(7) CMS: 10562K->10562K(349568K)
[2022-09-04T01:47:16.960+0000][1][gc,metaspace ] GC(7) Metaspace: 22014K->22014K(1069056K)
[2022-09-04T01:47:16.961+0000][1][gc           ] GC(7) Pause Young (Allocation Failure) 157M->22M(494M) 42.759ms
[2022-09-04T01:47:16.962+0000][1][gc,cpu       ] GC(7) User=0.10s Sys=0.01s Real=0.04s
[2022-09-04T01:47:16.963+0000][1][safepoint    ] Safepoint "GenCollectForAllocation", Time since last: 779303500 ns, Reaching safepoint: 467209 ns, At safepoint: 45024125 ns, Total: 45491334 ns
[2022-09-04T01:47:17.966+0000][1][safepoint    ] Safepoint "Cleanup", Time since last: 1002557750 ns, Reaching safepoint: 832084 ns, At safepoint: 32375 ns, Total: 864459 ns
[2022-09-04T01:47:18.970+0000][1][safepoint    ] Safepoint "Cleanup", Time since last: 1001641542 ns, Reaching safepoint: 1752000 ns, At safepoint: 30500 ns, Total: 1782500 ns
[2022-09-04T01:47:19.025+0000][1][safepoint    ] Safepoint "RevokeBias", Time since last: 54354375 ns, Reaching safepoint: 399458 ns, At safepoint: 75834 ns, Total: 475292 ns
[2022-09-04T01:47:19.027+0000][1][safepoint    ] Safepoint "RevokeBias", Time since last: 2094875 ns, Reaching safepoint: 112625 ns, At safepoint: 49250 ns, Total: 161875 ns
[2022-09-04T01:47:19.854+0000][1][safepoint    ] Safepoint "Deoptimize", Time since last: 824383792 ns, Reaching safepoint: 611416 ns, At safepoint: 1955750 ns, Total: 2567166 ns
[2022-09-04T01:47:20.275+0000][1][gc,start     ] GC(8) Pause Young (Allocation Failure)
[2022-09-04T01:47:20.277+0000][1][gc,task      ] GC(8) Using 4 workers of 4 for evacuation
[2022-09-04T01:47:20.337+0000][1][gc,age       ] GC(8) Desired survivor size 8945664 bytes, new threshold 6 (max threshold 6)
[2022-09-04T01:47:20.338+0000][1][gc,age       ] GC(8) Age table with threshold 6 (max threshold 6)
[2022-09-04T01:47:20.340+0000][1][gc,age       ] GC(8) - age   1:    3148848 bytes,    3148848 total
[2022-09-04T01:47:20.341+0000][1][gc,age       ] GC(8) - age   2:     430408 bytes,    3579256 total
[2022-09-04T01:47:20.343+0000][1][gc,age       ] GC(8) - age   3:     277320 bytes,    3856576 total
[2022-09-04T01:47:20.344+0000][1][gc,age       ] GC(8) - age   4:    1002968 bytes,    4859544 total
[2022-09-04T01:47:20.345+0000][1][gc,age       ] GC(8) - age   5:     947920 bytes,    5807464 total
[2022-09-04T01:47:20.346+0000][1][gc,age       ] GC(8) - age   6:    3130872 bytes,    8938336 total
[2022-09-04T01:47:20.348+0000][1][gc,heap      ] GC(8) ParNew: 151756K->12144K(157248K)
[2022-09-04T01:47:20.349+0000][1][gc,heap      ] GC(8) CMS: 10562K->12112K(349568K)
[2022-09-04T01:47:20.350+0000][1][gc,metaspace ] GC(8) Metaspace: 28044K->28044K(1075200K)
[2022-09-04T01:47:20.352+0000][1][gc           ] GC(8) Pause Young (Allocation Failure) 158M->23M(494M) 77.170ms
[2022-09-04T01:47:20.353+0000][1][gc,cpu       ] GC(8) User=0.20s Sys=0.01s Real=0.08s
[2022-09-04T01:47:20.354+0000][1][safepoint    ] Safepoint "GenCollectForAllocation", Time since last: 420040167 ns, Reaching safepoint: 964125 ns, At safepoint: 79256667 ns, Total: 80220792 ns
[2022-09-04T01:47:21.364+0000][1][safepoint    ] Safepoint "Cleanup", Time since last: 1008370750 ns, Reaching safepoint: 1019417 ns, At safepoint: 61958 ns, Total: 1081375 ns
[2022-09-04T01:47:22.366+0000][1][safepoint    ] Safepoint "Cleanup", Time since last: 1001863417 ns, Reaching safepoint: 901959 ns, At safepoint: 15875 ns, Total: 917834 ns
[2022-09-04T01:47:23.371+0000][1][safepoint    ] Safepoint "Cleanup", Time since last: 1003414750 ns, Reaching safepoint: 1132084 ns, At safepoint: 27250 ns, Total: 1159334 ns
[2022-09-04T01:47:24.379+0000][1][safepoint    ] Safepoint "Cleanup", Time since last: 1004789292 ns, Reaching safepoint: 3599208 ns, At safepoint: 23958 ns, Total: 3623166 ns
[2022-09-04T01:47:24.993+0000][1][safepoint    ] Safepoint "Deoptimize", Time since last: 611909626 ns, Reaching safepoint: 386166 ns, At safepoint: 1764917 ns, Total: 2151083 ns
[2022-09-04T01:47:26.058+0000][1][safepoint    ] Safepoint "Cleanup", Time since last: 1063835167 ns, Reaching safepoint: 641625 ns, At safepoint: 29000 ns, Total: 670625 ns
[2022-09-04T01:47:27.061+0000][1][safepoint    ] Safepoint "Cleanup", Time since last: 1002021001 ns, Reaching safepoint: 603375 ns, At safepoint: 24625 ns, Total: 628000 ns
[2022-09-04T01:47:27.975+0000][1][gc,start     ] GC(9) Pause Young (Allocation Failure)
[2022-09-04T01:47:27.976+0000][1][gc,task      ] GC(9) Using 4 workers of 4 for evacuation
[2022-09-04T01:47:28.181+0000][1][gc,age       ] GC(9) Desired survivor size 8945664 bytes, new threshold 1 (max threshold 6)
[2022-09-04T01:47:28.183+0000][1][gc,age       ] GC(9) Age table with threshold 1 (max threshold 6)
[2022-09-04T01:47:28.184+0000][1][gc,age       ] GC(9) - age   1:   12379256 bytes,   12379256 total
[2022-09-04T01:47:28.185+0000][1][gc,age       ] GC(9) - age   2:    2856832 bytes,   15236088 total
[2022-09-04T01:47:28.186+0000][1][gc,age       ] GC(9) - age   3:     428016 bytes,   15664104 total
[2022-09-04T01:47:28.188+0000][1][gc,age       ] GC(9) - age   4:     277320 bytes,   15941424 total
[2022-09-04T01:47:28.190+0000][1][gc,age       ] GC(9) - age   5:    1002440 bytes,   16943864 total
[2022-09-04T01:47:28.190+0000][1][gc,age       ] GC(9) - age   6:     947424 bytes,   17891288 total
[2022-09-04T01:47:28.191+0000][1][gc,heap      ] GC(9) ParNew: 151920K->17472K(157248K)
[2022-09-04T01:47:28.193+0000][1][gc,heap      ] GC(9) CMS: 12112K->21796K(349568K)
[2022-09-04T01:47:28.194+0000][1][gc,metaspace ] GC(9) Metaspace: 29061K->29061K(1077248K)
[2022-09-04T01:47:28.195+0000][1][gc           ] GC(9) Pause Young (Allocation Failure) 160M->38M(494M) 220.305ms
[2022-09-04T01:47:28.196+0000][1][gc,cpu       ] GC(9) User=0.74s Sys=0.01s Real=0.23s
[2022-09-04T01:47:28.197+0000][1][safepoint    ] Safepoint "GenCollectForAllocation", Time since last: 913562708 ns, Reaching safepoint: 290667 ns, At safepoint: 222423000 ns, Total: 222713667 ns
[2022-09-04T01:47:29.198+0000][1][safepoint    ] Safepoint "Cleanup", Time since last: 1000981126 ns, Reaching safepoint: 444333 ns, At safepoint: 29083 ns, Total: 473416 ns
[2022-09-04T01:47:29.230+0000][1][safepoint    ] Safepoint "RevokeBias", Time since last: 31082625 ns, Reaching safepoint: 171625 ns, At safepoint: 538334 ns, Total: 709959 ns
[2022-09-04T01:47:29.858+0000][1][safepoint    ] Safepoint "RevokeBias", Time since last: 626678667 ns, Reaching safepoint: 788625 ns, At safepoint: 195458 ns, Total: 984083 ns
[2022-09-04T01:47:30.861+0000][1][safepoint    ] Safepoint "Cleanup", Time since last: 1001704084 ns, Reaching safepoint: 1214458 ns, At safepoint: 47208 ns, Total: 1261666 ns
[2022-09-04T01:47:31.751+0000][1][safepoint    ] Safepoint "CollectForMetadataAllocation", Time since last: 888961584 ns, Reaching safepoint: 647042 ns, At safepoint: 367500 ns, Total: 1014542 ns
[2022-09-04T01:47:31.839+0000][1][safepoint    ] Safepoint "CollectForMetadataAllocation", Time since last: 87394708 ns, Reaching safepoint: 293500 ns, At safepoint: 186084 ns, Total: 479584 ns
[2022-09-04T01:47:31.927+0000][1][safepoint    ] Safepoint "CollectForMetadataAllocation", Time since last: 88290958 ns, Reaching safepoint: 92708 ns, At safepoint: 359834 ns, Total: 452542 ns
[2022-09-04T01:47:32.092+0000][1][safepoint    ] Safepoint "CollectForMetadataAllocation", Time since last: 163937541 ns, Reaching safepoint: 306042 ns, At safepoint: 283792 ns, Total: 589834 ns
[2022-09-04T01:47:32.199+0000][1][gc,start     ] GC(10) Pause Initial Mark
[2022-09-04T01:47:32.397+0000][1][gc           ] GC(10) Pause Initial Mark 128M->128M(494M) 197.317ms
[2022-09-04T01:47:32.398+0000][1][gc,cpu       ] GC(10) User=0.73s Sys=0.00s Real=0.20s
[2022-09-04T01:47:32.400+0000][1][safepoint    ] Safepoint "CMS_Initial_Mark", Time since last: 106634458 ns, Reaching safepoint: 351708 ns, At safepoint: 200752792 ns, Total: 201104500 ns
[2022-09-04T01:47:32.401+0000][1][gc           ] GC(10) Concurrent Mark
[2022-09-04T01:47:32.555+0000][1][gc           ] GC(10) Concurrent Mark 153.775ms
[2022-09-04T01:47:32.556+0000][1][gc,cpu       ] GC(10) User=0.59s Sys=0.00s Real=0.16s
[2022-09-04T01:47:32.558+0000][1][gc           ] GC(10) Concurrent Preclean
[2022-09-04T01:47:32.569+0000][1][gc           ] GC(10) Concurrent Preclean 11.033ms
[2022-09-04T01:47:32.570+0000][1][gc,cpu       ] GC(10) User=0.04s Sys=0.00s Real=0.01s
[2022-09-04T01:47:32.572+0000][1][gc           ] GC(10) Concurrent Abortable Preclean
[2022-09-04T01:47:32.840+0000][1][gc,start     ] GC(11) Pause Young (Allocation Failure)
[2022-09-04T01:47:32.842+0000][1][gc,task      ] GC(11) Using 4 workers of 4 for evacuation
[2022-09-04T01:47:33.030+0000][1][gc,age       ] GC(11) Desired survivor size 8945664 bytes, new threshold 6 (max threshold 6)
[2022-09-04T01:47:33.032+0000][1][gc,age       ] GC(11) Age table with threshold 6 (max threshold 6)
[2022-09-04T01:47:33.033+0000][1][gc,age       ] GC(11) - age   1:    8400888 bytes,    8400888 total
[2022-09-04T01:47:33.034+0000][1][gc,heap      ] GC(11) ParNew: 157248K->17472K(157248K)
[2022-09-04T01:47:33.037+0000][1][gc,heap      ] GC(11) CMS: 21796K->40286K(349568K)
[2022-09-04T01:47:33.038+0000][1][gc,metaspace ] GC(11) Metaspace: 34751K->34751K(1081344K)
[2022-09-04T01:47:33.039+0000][1][gc           ] GC(11) Pause Young (Allocation Failure) 174M->56M(494M) 199.164ms
[2022-09-04T01:47:33.040+0000][1][gc,cpu       ] GC(11) User=0.69s Sys=0.02s Real=0.20s
[2022-09-04T01:47:33.046+0000][1][safepoint    ] Safepoint "GenCollectForAllocation", Time since last: 439527667 ns, Reaching safepoint: 440583 ns, At safepoint: 205879209 ns, Total: 206319792 ns
[2022-09-04T01:47:33.831+0000][1][safepoint    ] Safepoint "CollectForMetadataAllocation", Time since last: 781281709 ns, Reaching safepoint: 2597916 ns, At safepoint: 1111584 ns, Total: 3709500 ns
[2022-09-04T01:47:34.837+0000][1][safepoint    ] Safepoint "Cleanup", Time since last: 1005283125 ns, Reaching safepoint: 1169750 ns, At safepoint: 40750 ns, Total: 1210500 ns
[2022-09-04T01:47:35.414+0000][1][safepoint    ] Safepoint "CollectForMetadataAllocation", Time since last: 576404125 ns, Reaching safepoint: 550250 ns, At safepoint: 328375 ns, Total: 878625 ns
[2022-09-04T01:47:35.627+0000][1][safepoint    ] Safepoint "CollectForMetadataAllocation", Time since last: 211118000 ns, Reaching safepoint: 444250 ns, At safepoint: 1042875 ns, Total: 1487125 ns
[2022-09-04T01:47:35.892+0000][1][safepoint    ] Safepoint "CollectForMetadataAllocation", Time since last: 265034500 ns, Reaching safepoint: 498625 ns, At safepoint: 170500 ns, Total: 669125 ns
[2022-09-04T01:47:36.034+0000][1][safepoint    ] Safepoint "CollectForMetadataAllocation", Time since last: 141258709 ns, Reaching safepoint: 488041 ns, At safepoint: 106625 ns, Total: 594666 ns
[2022-09-04T01:47:36.132+0000][1][safepoint    ] Safepoint "CollectForMetadataAllocation", Time since last: 97035459 ns, Reaching safepoint: 513041 ns, At safepoint: 195792 ns, Total: 708833 ns
[2022-09-04T01:47:36.233+0000][1][safepoint    ] Safepoint "CollectForMetadataAllocation", Time since last: 100428375 ns, Reaching safepoint: 432000 ns, At safepoint: 269125 ns, Total: 701125 ns
[2022-09-04T01:47:36.346+0000][1][safepoint    ] Safepoint "CollectForMetadataAllocation", Time since last: 112583625 ns, Reaching safepoint: 510792 ns, At safepoint: 231500 ns, Total: 742292 ns
[2022-09-04T01:47:36.489+0000][1][safepoint    ] Safepoint "CollectForMetadataAllocation", Time since last: 141680292 ns, Reaching safepoint: 345916 ns, At safepoint: 164667 ns, Total: 510583 ns
[2022-09-04T01:47:36.585+0000][1][safepoint    ] Safepoint "CollectForMetadataAllocation", Time since last: 96178833 ns, Reaching safepoint: 366917 ns, At safepoint: 117875 ns, Total: 484792 ns
[2022-09-04T01:47:36.689+0000][1][gc           ] GC(10) Concurrent Abortable Preclean 4117.302ms
[2022-09-04T01:47:36.691+0000][1][gc,cpu       ] GC(10) User=12.09s Sys=0.81s Real=4.12s
[2022-09-04T01:47:36.694+0000][1][gc,start     ] GC(10) Pause Remark
[2022-09-04T01:47:36.846+0000][1][gc           ] GC(10) Pause Remark 127M->127M(494M) 152.017ms
[2022-09-04T01:47:36.847+0000][1][gc,cpu       ] GC(10) User=0.41s Sys=0.02s Real=0.16s
[2022-09-04T01:47:36.849+0000][1][safepoint    ] Safepoint "CMS_Final_Remark", Time since last: 107142750 ns, Reaching safepoint: 779417 ns, At safepoint: 156006750 ns, Total: 156786167 ns
[2022-09-04T01:47:36.851+0000][1][gc           ] GC(10) Concurrent Sweep
[2022-09-04T01:47:36.916+0000][1][safepoint    ] Safepoint "CollectForMetadataAllocation", Time since last: 64333708 ns, Reaching safepoint: 2093542 ns, At safepoint: 57291 ns, Total: 2150833 ns
[2022-09-04T01:47:36.926+0000][1][safepoint    ] Safepoint "CollectForMetadataAllocation", Time since last: 10269750 ns, Reaching safepoint: 256792 ns, At safepoint: 221917 ns, Total: 478709 ns
[2022-09-04T01:47:36.963+0000][1][gc           ] GC(10) Concurrent Sweep 111.108ms
[2022-09-04T01:47:36.964+0000][1][gc,cpu       ] GC(10) User=0.22s Sys=0.00s Real=0.11s
[2022-09-04T01:47:36.966+0000][1][gc           ] GC(10) Concurrent Reset
[2022-09-04T01:47:36.968+0000][1][gc           ] GC(10) Concurrent Reset 1.946ms
[2022-09-04T01:47:36.970+0000][1][gc,cpu       ] GC(10) User=0.00s Sys=0.00s Real=0.00s
[2022-09-04T01:47:36.972+0000][1][gc,heap      ] GC(10) Old: 21796K->40185K(349568K)
[2022-09-04T01:47:37.175+0000][1][safepoint    ] Safepoint "RevokeBias", Time since last: 246465750 ns, Reaching safepoint: 501917 ns, At safepoint: 1506125 ns, Total: 2008042 ns
[2022-09-04T01:47:37.187+0000][1][safepoint    ] Safepoint "Deoptimize", Time since last: 10270416 ns, Reaching safepoint: 180459 ns, At safepoint: 1815791 ns, Total: 1996250 ns
[2022-09-04T01:47:38.189+0000][1][safepoint    ] Safepoint "Cleanup", Time since last: 1001058167 ns, Reaching safepoint: 1058500 ns, At safepoint: 26500 ns, Total: 1085000 ns
[2022-09-04T01:47:39.192+0000][1][safepoint    ] Safepoint "Cleanup", Time since last: 1001439667 ns, Reaching safepoint: 1366959 ns, At safepoint: 21458 ns, Total: 1388417 ns
[2022-09-04T01:47:40.195+0000][1][safepoint    ] Safepoint "Cleanup", Time since last: 1001803917 ns, Reaching safepoint: 1200500 ns, At safepoint: 31209 ns, Total: 1231709 ns
[2022-09-04T01:47:41.197+0000][1][safepoint    ] Safepoint "Cleanup", Time since last: 1001575208 ns, Reaching safepoint: 457584 ns, At safepoint: 29583 ns, Total: 487167 ns
[2022-09-04T01:47:44.758+0000][1][safepoint    ] Safepoint "BulkRevokeBias", Time since last: 3559297252 ns, Reaching safepoint: 494583 ns, At safepoint: 924250 ns, Total: 1418833 ns
[2022-09-04T01:47:44.761+0000][1][safepoint    ] Safepoint "RevokeBias", Time since last: 2653417 ns, Reaching safepoint: 336458 ns, At safepoint: 347542 ns, Total: 684000 ns
[2022-09-04T01:47:44.763+0000][1][safepoint    ] Safepoint "RevokeBias", Time since last: 1724500 ns, Reaching safepoint: 334041 ns, At safepoint: 160875 ns, Total: 494916 ns
[2022-09-04T01:47:44.765+0000][1][safepoint    ] Safepoint "RevokeBias", Time since last: 1149042 ns, Reaching safepoint: 383792 ns, At safepoint: 176583 ns, Total: 560375 ns
[2022-09-04T01:47:44.767+0000][1][safepoint    ] Safepoint "RevokeBias", Time since last: 1506833 ns, Reaching safepoint: 256292 ns, At safepoint: 197292 ns, Total: 453584 ns
[2022-09-04T01:47:44.769+0000][1][safepoint    ] Safepoint "RevokeBias", Time since last: 1242625 ns, Reaching safepoint: 335791 ns, At safepoint: 221042 ns, Total: 556833 ns
[2022-09-04T01:47:44.771+0000][1][safepoint    ] Safepoint "RevokeBias", Time since last: 1346625 ns, Reaching safepoint: 273083 ns, At safepoint: 157500 ns, Total: 430583 ns
[2022-09-04T01:47:44.772+0000][1][safepoint    ] Safepoint "RevokeBias", Time since last: 1171709 ns, Reaching safepoint: 282583 ns, At safepoint: 166417 ns, Total: 449000 ns
[2022-09-04T01:47:44.774+0000][1][safepoint    ] Safepoint "RevokeBias", Time since last: 1168208 ns, Reaching safepoint: 289583 ns, At safepoint: 200125 ns, Total: 489708 ns
[2022-09-04T01:47:44.776+0000][1][safepoint    ] Safepoint "RevokeBias", Time since last: 1470125 ns, Reaching safepoint: 226292 ns, At safepoint: 178625 ns, Total: 404917 ns
[2022-09-04T01:47:44.778+0000][1][safepoint    ] Safepoint "RevokeBias", Time since last: 1292000 ns, Reaching safepoint: 233875 ns, At safepoint: 169125 ns, Total: 403000 ns
[2022-09-04T01:47:44.779+0000][1][safepoint    ] Safepoint "RevokeBias", Time since last: 1130708 ns, Reaching safepoint: 269459 ns, At safepoint: 158083 ns, Total: 427542 ns
[2022-09-04T01:47:44.781+0000][1][safepoint    ] Safepoint "RevokeBias", Time since last: 1123083 ns, Reaching safepoint: 342125 ns, At safepoint: 165292 ns, Total: 507417 ns
[2022-09-04T01:47:44.782+0000][1][safepoint    ] Safepoint "RevokeBias", Time since last: 1295458 ns, Reaching safepoint: 251375 ns, At safepoint: 160834 ns, Total: 412209 ns
[2022-09-04T01:47:44.785+0000][1][safepoint    ] Safepoint "RevokeBias", Time since last: 1783833 ns, Reaching safepoint: 249417 ns, At safepoint: 174583 ns, Total: 424000 ns
[2022-09-04T01:47:44.786+0000][1][safepoint    ] Safepoint "RevokeBias", Time since last: 1214625 ns, Reaching safepoint: 352833 ns, At safepoint: 158542 ns, Total: 511375 ns
[2022-09-04T01:47:44.790+0000][1][safepoint    ] Safepoint "RevokeBias", Time since last: 3139958 ns, Reaching safepoint: 255625 ns, At safepoint: 191500 ns, Total: 447125 ns
[2022-09-04T01:47:44.792+0000][1][safepoint    ] Safepoint "RevokeBias", Time since last: 1348084 ns, Reaching safepoint: 228166 ns, At safepoint: 176709 ns, Total: 404875 ns
[2022-09-04T01:47:44.793+0000][1][safepoint    ] Safepoint "RevokeBias", Time since last: 1192791 ns, Reaching safepoint: 217792 ns, At safepoint: 155042 ns, Total: 372834 ns
[2022-09-04T01:47:44.795+0000][1][safepoint    ] Safepoint "RevokeBias", Time since last: 1239291 ns, Reaching safepoint: 223000 ns, At safepoint: 177584 ns, Total: 400584 ns
[2022-09-04T01:47:44.797+0000][1][safepoint    ] Safepoint "RevokeBias", Time since last: 1430958 ns, Reaching safepoint: 228625 ns, At safepoint: 158083 ns, Total: 386708 ns
[2022-09-04T01:47:44.799+0000][1][safepoint    ] Safepoint "BulkRevokeBias", Time since last: 1493542 ns, Reaching safepoint: 217708 ns, At safepoint: 591542 ns, Total: 809250 ns
[2022-09-04T01:47:44.802+0000][1][safepoint    ] Safepoint "RevokeBias", Time since last: 2783208 ns, Reaching safepoint: 243084 ns, At safepoint: 167666 ns, Total: 410750 ns
[2022-09-04T01:47:44.804+0000][1][safepoint    ] Safepoint "RevokeBias", Time since last: 1065250 ns, Reaching safepoint: 262959 ns, At safepoint: 171625 ns, Total: 434584 ns
[2022-09-04T01:47:44.931+0000][1][safepoint    ] Safepoint "RevokeBias", Time since last: 127286875 ns, Reaching safepoint: 371958 ns, At safepoint: 95000 ns, Total: 466958 ns
[2022-09-04T01:47:44.936+0000][1][safepoint    ] Safepoint "RevokeBias", Time since last: 4050250 ns, Reaching safepoint: 162209 ns, At safepoint: 71625 ns, Total: 233834 ns
[2022-09-04T01:47:44.937+0000][1][safepoint    ] Safepoint "RevokeBias", Time since last: 1303250 ns, Reaching safepoint: 136166 ns, At safepoint: 69792 ns, Total: 205958 ns
[2022-09-04T01:47:44.939+0000][1][safepoint    ] Safepoint "RevokeBias", Time since last: 1200750 ns, Reaching safepoint: 134667 ns, At safepoint: 62500 ns, Total: 197167 ns
[2022-09-04T01:47:44.941+0000][1][safepoint    ] Safepoint "RevokeBias", Time since last: 1948291 ns, Reaching safepoint: 205959 ns, At safepoint: 59666 ns, Total: 265625 ns
[2022-09-04T01:47:44.943+0000][1][safepoint    ] Safepoint "RevokeBias", Time since last: 2340000 ns, Reaching safepoint: 140084 ns, At safepoint: 58458 ns, Total: 198542 ns
[2022-09-04T01:47:44.945+0000][1][safepoint    ] Safepoint "RevokeBias", Time since last: 1201583 ns, Reaching safepoint: 124625 ns, At safepoint: 92625 ns, Total: 217250 ns
[2022-09-04T01:47:44.946+0000][1][safepoint    ] Safepoint "RevokeBias", Time since last: 1357584 ns, Reaching safepoint: 132291 ns, At safepoint: 56625 ns, Total: 188916 ns
[2022-09-04T01:47:44.948+0000][1][safepoint    ] Safepoint "RevokeBias", Time since last: 1131709 ns, Reaching safepoint: 157000 ns, At safepoint: 54833 ns, Total: 211833 ns
[2022-09-04T01:47:44.949+0000][1][safepoint    ] Safepoint "RevokeBias", Time since last: 1459625 ns, Reaching safepoint: 122083 ns, At safepoint: 54917 ns, Total: 177000 ns
[2022-09-04T01:47:44.951+0000][1][safepoint    ] Safepoint "RevokeBias", Time since last: 1817708 ns, Reaching safepoint: 141625 ns, At safepoint: 56209 ns, Total: 197834 ns
[2022-09-04T01:47:44.954+0000][1][safepoint    ] Safepoint "RevokeBias", Time since last: 1960250 ns, Reaching safepoint: 141750 ns, At safepoint: 57166 ns, Total: 198916 ns
[2022-09-04T01:47:46.334+0000][1][gc,start     ] GC(12) Pause Young (Allocation Failure)
[2022-09-04T01:47:46.338+0000][1][gc,task      ] GC(12) Using 4 workers of 4 for evacuation
[2022-09-04T01:47:46.414+0000][1][gc,age       ] GC(12) Desired survivor size 8945664 bytes, new threshold 2 (max threshold 6)
[2022-09-04T01:47:46.415+0000][1][gc,age       ] GC(12) Age table with threshold 2 (max threshold 6)
[2022-09-04T01:47:46.417+0000][1][gc,age       ] GC(12) - age   1:    4689328 bytes,    4689328 total
[2022-09-04T01:47:46.418+0000][1][gc,age       ] GC(12) - age   2:    8310776 bytes,   13000104 total
[2022-09-04T01:47:46.422+0000][1][gc,heap      ] GC(12) ParNew: 157248K->15493K(157248K)
[2022-09-04T01:47:46.423+0000][1][gc,heap      ] GC(12) CMS: 40185K->40185K(349568K)
[2022-09-04T01:47:46.424+0000][1][gc,metaspace ] GC(12) Metaspace: 45677K->45677K(1091584K)
[2022-09-04T01:47:46.426+0000][1][gc           ] GC(12) Pause Young (Allocation Failure) 192M->54M(494M) 92.543ms
[2022-09-04T01:47:46.427+0000][1][gc,cpu       ] GC(12) User=0.24s Sys=0.01s Real=0.10s
[2022-09-04T01:47:46.431+0000][1][safepoint    ] Safepoint "GenCollectForAllocation", Time since last: 1378528209 ns, Reaching safepoint: 1350209 ns, At safepoint: 97739916 ns, Total: 99090125 ns
[2022-09-04T01:47:46.797+0000][1][safepoint    ] Safepoint "RevokeBias", Time since last: 365160250 ns, Reaching safepoint: 363167 ns, At safepoint: 87958 ns, Total: 451125 ns
[2022-09-04T01:47:46.799+0000][1][safepoint    ] Safepoint "RevokeBias", Time since last: 2259375 ns, Reaching safepoint: 164334 ns, At safepoint: 64750 ns, Total: 229084 ns
[2022-09-04T01:47:47.853+0000][1][safepoint    ] Safepoint "ICBufferFull", Time since last: 1051980084 ns, Reaching safepoint: 1315416 ns, At safepoint: 40584 ns, Total: 1356000 ns
[2022-09-04T01:47:48.264+0000][1][safepoint    ] Safepoint "RevokeBias", Time since last: 410459333 ns, Reaching safepoint: 365083 ns, At safepoint: 211167 ns, Total: 576250 ns
[2022-09-04T01:47:48.293+0000][1][safepoint    ] Safepoint "RevokeBias", Time since last: 28763750 ns, Reaching safepoint: 166833 ns, At safepoint: 182709 ns, Total: 349542 ns
[2022-09-04T01:47:48.514+0000][1][safepoint    ] Safepoint "RevokeBias", Time since last: 220784333 ns, Reaching safepoint: 457542 ns, At safepoint: 79292 ns, Total: 536834 ns
[2022-09-04T01:47:49.291+0000][1][safepoint    ] Safepoint "RevokeBias", Time since last: 774104833 ns, Reaching safepoint: 2124459 ns, At safepoint: 259125 ns, Total: 2383584 ns
[2022-09-04T01:47:49.295+0000][1][safepoint    ] Safepoint "RevokeBias", Time since last: 2947000 ns, Reaching safepoint: 914708 ns, At safepoint: 131958 ns, Total: 1046666 ns
[2022-09-04T01:47:49.299+0000][1][safepoint    ] Safepoint "RevokeBias", Time since last: 3554292 ns, Reaching safepoint: 442042 ns, At safepoint: 225666 ns, Total: 667708 ns
[2022-09-04T01:47:49.560+0000][1][safepoint    ] Safepoint "RevokeBias", Time since last: 260149334 ns, Reaching safepoint: 653166 ns, At safepoint: 305459 ns, Total: 958625 ns
[2022-09-04T01:47:49.565+0000][1][safepoint    ] Safepoint "RevokeBias", Time since last: 3787250 ns, Reaching safepoint: 698833 ns, At safepoint: 307125 ns, Total: 1005958 ns
[2022-09-04T01:47:49.570+0000][1][safepoint    ] Safepoint "RevokeBias", Time since last: 4661708 ns, Reaching safepoint: 765667 ns, At safepoint: 148167 ns, Total: 913834 ns
[2022-09-04T01:47:49.578+0000][1][safepoint    ] Safepoint "RevokeBias", Time since last: 6914583 ns, Reaching safepoint: 913542 ns, At safepoint: 143083 ns, Total: 1056625 ns
[2022-09-04T01:47:49.584+0000][1][safepoint    ] Safepoint "RevokeBias", Time since last: 4976417 ns, Reaching safepoint: 811916 ns, At safepoint: 267959 ns, Total: 1079875 ns
[2022-09-04T01:47:49.592+0000][1][safepoint    ] Safepoint "RevokeBias", Time since last: 6630833 ns, Reaching safepoint: 826583 ns, At safepoint: 257084 ns, Total: 1083667 ns
[2022-09-04T01:47:49.602+0000][1][safepoint    ] Safepoint "RevokeBias", Time since last: 9210750 ns, Reaching safepoint: 618125 ns, At safepoint: 237625 ns, Total: 855750 ns
[2022-09-04T01:47:49.606+0000][1][safepoint    ] Safepoint "RevokeBias", Time since last: 3108833 ns, Reaching safepoint: 435542 ns, At safepoint: 236083 ns, Total: 671625 ns
[2022-09-04T01:47:49.611+0000][1][safepoint    ] Safepoint "RevokeBias", Time since last: 4134625 ns, Reaching safepoint: 427667 ns, At safepoint: 222291 ns, Total: 649958 ns
[2022-09-04T01:47:49.613+0000][1][safepoint    ] Safepoint "RevokeBias", Time since last: 2128667 ns, Reaching safepoint: 500208 ns, At safepoint: 208084 ns, Total: 708292 ns
[2022-09-04T01:47:49.635+0000][1][safepoint    ] Safepoint "RevokeBias", Time since last: 21382041 ns, Reaching safepoint: 437459 ns, At safepoint: 200458 ns, Total: 637917 ns
[2022-09-04T01:47:49.640+0000][1][safepoint    ] Safepoint "RevokeBias", Time since last: 3168625 ns, Reaching safepoint: 642792 ns, At safepoint: 248041 ns, Total: 890833 ns
[2022-09-04T01:47:49.644+0000][1][safepoint    ] Safepoint "RevokeBias", Time since last: 1814750 ns, Reaching safepoint: 2368084 ns, At safepoint: 236833 ns, Total: 2604917 ns
[2022-09-04T01:47:49.647+0000][1][safepoint    ] Safepoint "RevokeBias", Time since last: 2170875 ns, Reaching safepoint: 239042 ns, At safepoint: 224333 ns, Total: 463375 ns
[2022-09-04T01:47:49.649+0000][1][safepoint    ] Safepoint "RevokeBias", Time since last: 1865500 ns, Reaching safepoint: 192458 ns, At safepoint: 228292 ns, Total: 420750 ns
[2022-09-04T01:47:49.651+0000][1][safepoint    ] Safepoint "RevokeBias", Time since last: 1444250 ns, Reaching safepoint: 164500 ns, At safepoint: 209792 ns, Total: 374292 ns
[2022-09-04T01:47:49.653+0000][1][safepoint    ] Safepoint "RevokeBias", Time since last: 1585791 ns, Reaching safepoint: 304459 ns, At safepoint: 244875 ns, Total: 549334 ns
[2022-09-04T01:47:49.655+0000][1][safepoint    ] Safepoint "RevokeBias", Time since last: 1497291 ns, Reaching safepoint: 159209 ns, At safepoint: 209875 ns, Total: 369084 ns
[2022-09-04T01:47:49.657+0000][1][safepoint    ] Safepoint "BulkRevokeBias", Time since last: 1317625 ns, Reaching safepoint: 198541 ns, At safepoint: 721292 ns, Total: 919833 ns
[2022-09-04T01:47:49.662+0000][1][safepoint    ] Safepoint "RevokeBias", Time since last: 4437500 ns, Reaching safepoint: 286458 ns, At safepoint: 244750 ns, Total: 531208 ns
[2022-09-04T01:47:49.669+0000][1][safepoint    ] Safepoint "RevokeBias", Time since last: 6081375 ns, Reaching safepoint: 486250 ns, At safepoint: 224000 ns, Total: 710250 ns
[2022-09-04T01:47:49.673+0000][1][safepoint    ] Safepoint "RevokeBias", Time since last: 1973500 ns, Reaching safepoint: 2356417 ns, At safepoint: 136208 ns, Total: 2492625 ns
[2022-09-04T01:47:49.675+0000][1][safepoint    ] Safepoint "RevokeBias", Time since last: 1248542 ns, Reaching safepoint: 555500 ns, At safepoint: 231875 ns, Total: 787375 ns
[2022-09-04T01:47:49.680+0000][1][safepoint    ] Safepoint "RevokeBias", Time since last: 2759125 ns, Reaching safepoint: 2313042 ns, At safepoint: 134333 ns, Total: 2447375 ns
[2022-09-04T01:47:49.683+0000][1][safepoint    ] Safepoint "RevokeBias", Time since last: 2145208 ns, Reaching safepoint: 481834 ns, At safepoint: 160791 ns, Total: 642625 ns
[2022-09-04T01:47:49.686+0000][1][safepoint    ] Safepoint "RevokeBias", Time since last: 2607667 ns, Reaching safepoint: 248667 ns, At safepoint: 171791 ns, Total: 420458 ns
[2022-09-04T01:47:49.689+0000][1][safepoint    ] Safepoint "RevokeBias", Time since last: 2249000 ns, Reaching safepoint: 463959 ns, At safepoint: 278375 ns, Total: 742334 ns
[2022-09-04T01:47:49.692+0000][1][safepoint    ] Safepoint "RevokeBias", Time since last: 2120458 ns, Reaching safepoint: 343375 ns, At safepoint: 205667 ns, Total: 549042 ns
[2022-09-04T01:47:49.694+0000][1][safepoint    ] Safepoint "RevokeBias", Time since last: 1308333 ns, Reaching safepoint: 473333 ns, At safepoint: 304459 ns, Total: 777792 ns
[2022-09-04T01:47:49.696+0000][1][safepoint    ] Safepoint "RevokeBias", Time since last: 1532250 ns, Reaching safepoint: 240541 ns, At safepoint: 229750 ns, Total: 470291 ns
[2022-09-04T01:47:49.700+0000][1][safepoint    ] Safepoint "RevokeBias", Time since last: 3361334 ns, Reaching safepoint: 533166 ns, At safepoint: 230209 ns, Total: 763375 ns
[2022-09-04T01:47:49.704+0000][1][safepoint    ] Safepoint "RevokeBias", Time since last: 3609750 ns, Reaching safepoint: 422958 ns, At safepoint: 208833 ns, Total: 631791 ns
[2022-09-04T01:47:49.707+0000][1][safepoint    ] Safepoint "RevokeBias", Time since last: 2585542 ns, Reaching safepoint: 342042 ns, At safepoint: 209875 ns, Total: 551917 ns
[2022-09-04T01:47:49.714+0000][1][safepoint    ] Safepoint "RevokeBias", Time since last: 5575291 ns, Reaching safepoint: 484625 ns, At safepoint: 272917 ns, Total: 757542 ns
[2022-09-04T01:47:49.726+0000][1][safepoint    ] Safepoint "RevokeBias", Time since last: 11242334 ns, Reaching safepoint: 536625 ns, At safepoint: 283541 ns, Total: 820166 ns
[2022-09-04T01:47:49.730+0000][1][safepoint    ] Safepoint "RevokeBias", Time since last: 3990625 ns, Reaching safepoint: 360834 ns, At safepoint: 246375 ns, Total: 607209 ns
[2022-09-04T01:47:49.735+0000][1][safepoint    ] Safepoint "RevokeBias", Time since last: 3261500 ns, Reaching safepoint: 682916 ns, At safepoint: 169042 ns, Total: 851958 ns
[2022-09-04T01:47:49.739+0000][1][safepoint    ] Safepoint "BulkRevokeBias", Time since last: 3988583 ns, Reaching safepoint: 406250 ns, At safepoint: 430834 ns, Total: 837084 ns
[2022-09-04T01:47:49.789+0000][1][safepoint    ] Safepoint "RevokeBias", Time since last: 44346375 ns, Reaching safepoint: 4932000 ns, At safepoint: 304875 ns, Total: 5236875 ns
[2022-09-04T01:47:49.800+0000][1][safepoint    ] Safepoint "RevokeBias", Time since last: 7982416 ns, Reaching safepoint: 2342709 ns, At safepoint: 258541 ns, Total: 2601250 ns
[2022-09-04T01:47:49.929+0000][1][safepoint    ] Safepoint "RevokeBias", Time since last: 108054459 ns, Reaching safepoint: 11943958 ns, At safepoint: 5314542 ns, Total: 17258500 ns
[2022-09-04T01:47:50.819+0000][1][safepoint    ] Safepoint "RevokeBias", Time since last: 891823542 ns, Reaching safepoint: 2211083 ns, At safepoint: 158583 ns, Total: 2369666 ns
[2022-09-04T01:47:51.509+0000][1][safepoint    ] Safepoint "RevokeBias", Time since last: 688472251 ns, Reaching safepoint: 624458 ns, At safepoint: 589500 ns, Total: 1213958 ns
[2022-09-04T01:47:51.901+0000][1][safepoint    ] Safepoint "RevokeBias", Time since last: 391848334 ns, Reaching safepoint: 617166 ns, At safepoint: 65875 ns, Total: 683041 ns
[2022-09-04T01:47:51.904+0000][1][safepoint    ] Safepoint "RevokeBias", Time since last: 2407084 ns, Reaching safepoint: 228958 ns, At safepoint: 51958 ns, Total: 280916 ns
[2022-09-04T01:47:51.906+0000][1][safepoint    ] Safepoint "RevokeBias", Time since last: 2264375 ns, Reaching safepoint: 161250 ns, At safepoint: 50959 ns, Total: 212209 ns
[2022-09-04T01:47:52.909+0000][1][safepoint    ] Safepoint "Cleanup", Time since last: 1001200833 ns, Reaching safepoint: 1703167 ns, At safepoint: 49625 ns, Total: 1752792 ns
[2022-09-04T01:47:53.912+0000][1][safepoint    ] Safepoint "Cleanup", Time since last: 1002239626 ns, Reaching safepoint: 561208 ns, At safepoint: 37958 ns, Total: 599166 ns
[2022-09-04T01:47:54.476+0000][1][safepoint    ] Safepoint "RevokeBias", Time since last: 562121084 ns, Reaching safepoint: 1377750 ns, At safepoint: 156708 ns, Total: 1534458 ns
[2022-09-04T01:47:54.513+0000][1][gc,start     ] GC(13) Pause Young (Allocation Failure)
[2022-09-04T01:47:54.516+0000][1][gc,task      ] GC(13) Using 4 workers of 4 for evacuation
[2022-09-04T01:47:54.679+0000][1][gc,age       ] GC(13) Desired survivor size 8945664 bytes, new threshold 6 (max threshold 6)
[2022-09-04T01:47:54.681+0000][1][gc,age       ] GC(13) Age table with threshold 6 (max threshold 6)
[2022-09-04T01:47:54.682+0000][1][gc,age       ] GC(13) - age   1:    3974504 bytes,    3974504 total
[2022-09-04T01:47:54.683+0000][1][gc,age       ] GC(13) - age   2:    4388392 bytes,    8362896 total
[2022-09-04T01:47:54.686+0000][1][gc,heap      ] GC(13) ParNew: 155269K->11243K(157248K)
[2022-09-04T01:47:54.687+0000][1][gc,heap      ] GC(13) CMS: 40185K->48309K(349568K)
[2022-09-04T01:47:54.688+0000][1][gc,metaspace ] GC(13) Metaspace: 56553K->56553K(1101824K)
[2022-09-04T01:47:54.691+0000][1][gc           ] GC(13) Pause Young (Allocation Failure) 190M->58M(494M) 178.283ms
[2022-09-04T01:47:54.692+0000][1][gc,cpu       ] GC(13) User=0.52s Sys=0.03s Real=0.18s
[2022-09-04T01:47:54.693+0000][1][safepoint    ] Safepoint "GenCollectForAllocation", Time since last: 35529542 ns, Reaching safepoint: 231833 ns, At safepoint: 181506667 ns, Total: 181738500 ns
[2022-09-04T01:47:55.697+0000][1][safepoint    ] Safepoint "Cleanup", Time since last: 1001861834 ns, Reaching safepoint: 1814833 ns, At safepoint: 30250 ns, Total: 1845083 ns
[2022-09-04T01:47:56.428+0000][1][safepoint    ] Safepoint "RevokeBias", Time since last: 728764459 ns, Reaching safepoint: 2512250 ns, At safepoint: 291500 ns, Total: 2803750 ns
[2022-09-04T01:47:56.431+0000][1][safepoint    ] Safepoint "RevokeBias", Time since last: 2582666 ns, Reaching safepoint: 102834 ns, At safepoint: 294958 ns, Total: 397792 ns
[2022-09-04T01:47:56.434+0000][1][safepoint    ] Safepoint "RevokeBias", Time since last: 2711417 ns, Reaching safepoint: 131125 ns, At safepoint: 155708 ns, Total: 286833 ns
[2022-09-04T01:47:56.454+0000][1][safepoint    ] Safepoint "RevokeBias", Time since last: 19325000 ns, Reaching safepoint: 202208 ns, At safepoint: 176667 ns, Total: 378875 ns
[2022-09-04T01:47:57.326+0000][1][safepoint    ] Safepoint "RevokeBias", Time since last: 871350000 ns, Reaching safepoint: 909834 ns, At safepoint: 70666 ns, Total: 980500 ns
[2022-09-04T01:47:57.624+0000][1][safepoint    ] Safepoint "Deoptimize", Time since last: 294817251 ns, Reaching safepoint: 348916 ns, At safepoint: 1920250 ns, Total: 2269166 ns
[2022-09-04T01:47:58.282+0000][1][safepoint    ] Safepoint "RevokeBias", Time since last: 657158751 ns, Reaching safepoint: 819458 ns, At safepoint: 83292 ns, Total: 902750 ns
[2022-09-04T01:47:58.284+0000][1][safepoint    ] Safepoint "RevokeBias", Time since last: 1966666 ns, Reaching safepoint: 153250 ns, At safepoint: 100375 ns, Total: 253625 ns
[2022-09-04T01:47:58.286+0000][1][safepoint    ] Safepoint "RevokeBias", Time since last: 1604500 ns, Reaching safepoint: 139084 ns, At safepoint: 58125 ns, Total: 197209 ns
[2022-09-04T01:47:58.287+0000][1][safepoint    ] Safepoint "RevokeBias", Time since last: 1543500 ns, Reaching safepoint: 176541 ns, At safepoint: 45375 ns, Total: 221916 ns
[2022-09-04T01:47:58.290+0000][1][safepoint    ] Safepoint "BulkRevokeBias", Time since last: 1603542 ns, Reaching safepoint: 147625 ns, At safepoint: 1333833 ns, Total: 1481458 ns
[2022-09-04T01:47:58.669+0000][1][safepoint    ] Safepoint "RevokeBias", Time since last: 377705500 ns, Reaching safepoint: 862875 ns, At safepoint: 366834 ns, Total: 1229709 ns
[2022-09-04T01:47:58.672+0000][1][safepoint    ] Safepoint "RevokeBias", Time since last: 1700166 ns, Reaching safepoint: 592625 ns, At safepoint: 519375 ns, Total: 1112000 ns
[2022-09-04T01:47:58.678+0000][1][safepoint    ] Safepoint "RevokeBias", Time since last: 4229875 ns, Reaching safepoint: 972542 ns, At safepoint: 279292 ns, Total: 1251834 ns
[2022-09-04T01:47:58.708+0000][1][safepoint    ] Safepoint "CollectForMetadataAllocation", Time since last: 29017041 ns, Reaching safepoint: 600375 ns, At safepoint: 589334 ns, Total: 1189709 ns
[2022-09-04T01:47:59.106+0000][1][safepoint    ] Safepoint "CollectForMetadataAllocation", Time since last: 394702792 ns, Reaching safepoint: 2699500 ns, At safepoint: 444000 ns, Total: 3143500 ns
[2022-09-04T01:47:59.214+0000][1][safepoint    ] Safepoint "CollectForMetadataAllocation", Time since last: 107973875 ns, Reaching safepoint: 264833 ns, At safepoint: 240792 ns, Total: 505625 ns
[2022-09-04T01:47:59.342+0000][1][safepoint    ] Safepoint "CollectForMetadataAllocation", Time since last: 126914000 ns, Reaching safepoint: 367791 ns, At safepoint: 242584 ns, Total: 610375 ns
[2022-09-04T01:47:59.434+0000][1][safepoint    ] Safepoint "CollectForMetadataAllocation", Time since last: 91822625 ns, Reaching safepoint: 141208 ns, At safepoint: 374583 ns, Total: 515791 ns
[2022-09-04T01:47:59.525+0000][1][safepoint    ] Safepoint "RevokeBias", Time since last: 90244376 ns, Reaching safepoint: 338708 ns, At safepoint: 69042 ns, Total: 407750 ns
[2022-09-04T01:47:59.635+0000][1][safepoint    ] Safepoint "CollectForMetadataAllocation", Time since last: 109365875 ns, Reaching safepoint: 352791 ns, At safepoint: 270334 ns, Total: 623125 ns
[2022-09-04T01:47:59.688+0000][1][safepoint    ] Safepoint "RevokeBias", Time since last: 52018000 ns, Reaching safepoint: 509583 ns, At safepoint: 219833 ns, Total: 729416 ns
[2022-09-04T01:47:59.938+0000][1][safepoint    ] Safepoint "CollectForMetadataAllocation", Time since last: 250036542 ns, Reaching safepoint: 423125 ns, At safepoint: 156708 ns, Total: 579833 ns
[2022-09-04T01:48:00.111+0000][1][safepoint    ] Safepoint "CollectForMetadataAllocation", Time since last: 172195417 ns, Reaching safepoint: 310792 ns, At safepoint: 265125 ns, Total: 575917 ns
[2022-09-04T01:48:00.243+0000][1][safepoint    ] Safepoint "CollectForMetadataAllocation", Time since last: 131255708 ns, Reaching safepoint: 285042 ns, At safepoint: 157375 ns, Total: 442417 ns
[2022-09-04T01:48:00.337+0000][1][safepoint    ] Safepoint "CollectForMetadataAllocation", Time since last: 94149292 ns, Reaching safepoint: 381291 ns, At safepoint: 163250 ns, Total: 544541 ns
[2022-09-04T01:48:00.505+0000][1][safepoint    ] Safepoint "CollectForMetadataAllocation", Time since last: 167526500 ns, Reaching safepoint: 503459 ns, At safepoint: 151666 ns, Total: 655125 ns
[2022-09-04T01:48:00.604+0000][1][safepoint    ] Safepoint "CollectForMetadataAllocation", Time since last: 98004125 ns, Reaching safepoint: 216709 ns, At safepoint: 194083 ns, Total: 410792 ns
[2022-09-04T01:48:00.697+0000][1][gc,start     ] GC(14) Pause Initial Mark
[2022-09-04T01:48:00.801+0000][1][gc           ] GC(14) Pause Initial Mark 166M->166M(494M) 103.785ms
[2022-09-04T01:48:00.803+0000][1][gc,cpu       ] GC(14) User=0.38s Sys=0.00s Real=0.10s
[2022-09-04T01:48:00.804+0000][1][safepoint    ] Safepoint "CMS_Initial_Mark", Time since last: 92681500 ns, Reaching safepoint: 364708 ns, At safepoint: 107234334 ns, Total: 107599042 ns
[2022-09-04T01:48:00.806+0000][1][gc           ] GC(14) Concurrent Mark
[2022-09-04T01:48:00.825+0000][1][safepoint    ] Safepoint "CollectForMetadataAllocation", Time since last: 20213208 ns, Reaching safepoint: 486250 ns, At safepoint: 155083 ns, Total: 641333 ns
[2022-09-04T01:48:00.857+0000][1][safepoint    ] Safepoint "CollectForMetadataAllocation", Time since last: 31412667 ns, Reaching safepoint: 313167 ns, At safepoint: 239583 ns, Total: 552750 ns
[2022-09-04T01:48:00.885+0000][1][safepoint    ] Safepoint "Deoptimize", Time since last: 25962333 ns, Reaching safepoint: 334875 ns, At safepoint: 1444042 ns, Total: 1778917 ns
[2022-09-04T01:48:00.942+0000][1][safepoint    ] Safepoint "CollectForMetadataAllocation", Time since last: 56379709 ns, Reaching safepoint: 307583 ns, At safepoint: 188167 ns, Total: 495750 ns
[2022-09-04T01:48:01.088+0000][1][safepoint    ] Safepoint "CollectForMetadataAllocation", Time since last: 145991333 ns, Reaching safepoint: 542208 ns, At safepoint: 159792 ns, Total: 702000 ns
[2022-09-04T01:48:01.134+0000][1][gc           ] GC(14) Concurrent Mark 328.204ms
[2022-09-04T01:48:01.135+0000][1][gc,cpu       ] GC(14) User=0.70s Sys=0.01s Real=0.33s
[2022-09-04T01:48:01.137+0000][1][gc           ] GC(14) Concurrent Preclean
[2022-09-04T01:48:01.154+0000][1][gc           ] GC(14) Concurrent Preclean 17.347ms
[2022-09-04T01:48:01.156+0000][1][gc,cpu       ] GC(14) User=0.04s Sys=0.00s Real=0.02s
[2022-09-04T01:48:01.157+0000][1][gc           ] GC(14) Concurrent Abortable Preclean
[2022-09-04T01:48:01.192+0000][1][safepoint    ] Safepoint "CollectForMetadataAllocation", Time since last: 103383375 ns, Reaching safepoint: 488917 ns, At safepoint: 149791 ns, Total: 638708 ns
[2022-09-04T01:48:01.268+0000][1][safepoint    ] Safepoint "RevokeBias", Time since last: 74426459 ns, Reaching safepoint: 885958 ns, At safepoint: 307833 ns, Total: 1193791 ns
[2022-09-04T01:48:01.276+0000][1][safepoint    ] Safepoint "RevokeBias", Time since last: 7207625 ns, Reaching safepoint: 246750 ns, At safepoint: 147125 ns, Total: 393875 ns
[2022-09-04T01:48:01.287+0000][1][safepoint    ] Safepoint "RevokeBias", Time since last: 10926500 ns, Reaching safepoint: 184542 ns, At safepoint: 210250 ns, Total: 394792 ns
[2022-09-04T01:48:01.294+0000][1][safepoint    ] Safepoint "RevokeBias", Time since last: 6896208 ns, Reaching safepoint: 467834 ns, At safepoint: 156416 ns, Total: 624250 ns
[2022-09-04T01:48:01.313+0000][1][safepoint    ] Safepoint "RevokeBias", Time since last: 17748000 ns, Reaching safepoint: 446292 ns, At safepoint: 144542 ns, Total: 590834 ns
[2022-09-04T01:48:01.320+0000][1][safepoint    ] Safepoint "RevokeBias", Time since last: 6657708 ns, Reaching safepoint: 191542 ns, At safepoint: 146583 ns, Total: 338125 ns
[2022-09-04T01:48:01.327+0000][1][safepoint    ] Safepoint "RevokeBias", Time since last: 4557333 ns, Reaching safepoint: 2430334 ns, At safepoint: 201041 ns, Total: 2631375 ns
[2022-09-04T01:48:01.331+0000][1][safepoint    ] Safepoint "RevokeBias", Time since last: 3240709 ns, Reaching safepoint: 271833 ns, At safepoint: 150167 ns, Total: 422000 ns
[2022-09-04T01:48:01.343+0000][1][safepoint    ] Safepoint "RevokeBias", Time since last: 11671250 ns, Reaching safepoint: 260333 ns, At safepoint: 161500 ns, Total: 421833 ns
[2022-09-04T01:48:01.358+0000][1][safepoint    ] Safepoint "RevokeBias", Time since last: 14956250 ns, Reaching safepoint: 486000 ns, At safepoint: 157083 ns, Total: 643083 ns
[2022-09-04T01:48:01.362+0000][1][safepoint    ] Safepoint "RevokeBias", Time since last: 3696375 ns, Reaching safepoint: 332084 ns, At safepoint: 153041 ns, Total: 485125 ns
[2022-09-04T01:48:01.383+0000][1][safepoint    ] Safepoint "Deoptimize", Time since last: 18214250 ns, Reaching safepoint: 360667 ns, At safepoint: 1513542 ns, Total: 1874209 ns
[2022-09-04T01:48:01.480+0000][1][safepoint    ] Safepoint "RevokeBias", Time since last: 96350083 ns, Reaching safepoint: 718250 ns, At safepoint: 184000 ns, Total: 902250 ns
[2022-09-04T01:48:01.482+0000][1][safepoint    ] Safepoint "RevokeBias", Time since last: 1570250 ns, Reaching safepoint: 309833 ns, At safepoint: 121084 ns, Total: 430917 ns
[2022-09-04T01:48:01.484+0000][1][safepoint    ] Safepoint "RevokeBias", Time since last: 1539500 ns, Reaching safepoint: 717083 ns, At safepoint: 253583 ns, Total: 970666 ns
[2022-09-04T01:48:01.486+0000][1][safepoint    ] Safepoint "RevokeBias", Time since last: 1236375 ns, Reaching safepoint: 209042 ns, At safepoint: 177917 ns, Total: 386959 ns
[2022-09-04T01:48:01.488+0000][1][safepoint    ] Safepoint "RevokeBias", Time since last: 1262458 ns, Reaching safepoint: 202667 ns, At safepoint: 132583 ns, Total: 335250 ns
[2022-09-04T01:48:01.491+0000][1][safepoint    ] Safepoint "RevokeBias", Time since last: 1318250 ns, Reaching safepoint: 2040292 ns, At safepoint: 210541 ns, Total: 2250833 ns
[2022-09-04T01:48:01.493+0000][1][safepoint    ] Safepoint "RevokeBias", Time since last: 1156959 ns, Reaching safepoint: 664166 ns, At safepoint: 161042 ns, Total: 825208 ns
[2022-09-04T01:48:01.495+0000][1][safepoint    ] Safepoint "RevokeBias", Time since last: 1049833 ns, Reaching safepoint: 579834 ns, At safepoint: 212416 ns, Total: 792250 ns
[2022-09-04T01:48:01.533+0000][1][safepoint    ] Safepoint "CollectForMetadataAllocation", Time since last: 37777834 ns, Reaching safepoint: 363666 ns, At safepoint: 189250 ns, Total: 552916 ns
[2022-09-04T01:48:01.932+0000][1][safepoint    ] Safepoint "CollectForMetadataAllocation", Time since last: 398185834 ns, Reaching safepoint: 751917 ns, At safepoint: 178708 ns, Total: 930625 ns
[2022-09-04T01:48:02.045+0000][1][safepoint    ] Safepoint "CollectForMetadataAllocation", Time since last: 112145917 ns, Reaching safepoint: 509083 ns, At safepoint: 175917 ns, Total: 685000 ns
[2022-09-04T01:48:02.190+0000][1][safepoint    ] Safepoint "CollectForMetadataAllocation", Time since last: 144349666 ns, Reaching safepoint: 364042 ns, At safepoint: 96000 ns, Total: 460042 ns
[2022-09-04T01:48:02.348+0000][1][safepoint    ] Safepoint "Deoptimize", Time since last: 155588625 ns, Reaching safepoint: 774667 ns, At safepoint: 1768542 ns, Total: 2543209 ns
[2022-09-04T01:48:02.596+0000][1][safepoint    ] Safepoint "CollectForMetadataAllocation", Time since last: 247444958 ns, Reaching safepoint: 791167 ns, At safepoint: 130083 ns, Total: 921250 ns
[2022-09-04T01:48:02.682+0000][1][safepoint    ] Safepoint "RevokeBias", Time since last: 84759417 ns, Reaching safepoint: 365333 ns, At safepoint: 252042 ns, Total: 617375 ns
[2022-09-04T01:48:03.354+0000][1][safepoint    ] Safepoint "CollectForMetadataAllocation", Time since last: 671663250 ns, Reaching safepoint: 401125 ns, At safepoint: 195875 ns, Total: 597000 ns
[2022-09-04T01:48:03.421+0000][1][safepoint    ] Safepoint "RevokeBias", Time since last: 65884625 ns, Reaching safepoint: 545125 ns, At safepoint: 144708 ns, Total: 689833 ns
[2022-09-04T01:48:03.484+0000][1][safepoint    ] Safepoint "RevokeBias", Time since last: 63417292 ns, Reaching safepoint: 245208 ns, At safepoint: 67500 ns, Total: 312708 ns
[2022-09-04T01:48:03.487+0000][1][safepoint    ] Safepoint "RevokeBias", Time since last: 1765917 ns, Reaching safepoint: 532333 ns, At safepoint: 127042 ns, Total: 659375 ns
[2022-09-04T01:48:03.489+0000][1][safepoint    ] Safepoint "RevokeBias", Time since last: 2081042 ns, Reaching safepoint: 166125 ns, At safepoint: 83583 ns, Total: 249708 ns
[2022-09-04T01:48:03.491+0000][1][safepoint    ] Safepoint "RevokeBias", Time since last: 1738542 ns, Reaching safepoint: 132708 ns, At safepoint: 76500 ns, Total: 209208 ns
[2022-09-04T01:48:03.503+0000][1][safepoint    ] Safepoint "RevokeBias", Time since last: 11780250 ns, Reaching safepoint: 238708 ns, At safepoint: 89625 ns, Total: 328333 ns
[2022-09-04T01:48:03.506+0000][1][safepoint    ] Safepoint "RevokeBias", Time since last: 2226000 ns, Reaching safepoint: 568917 ns, At safepoint: 92667 ns, Total: 661584 ns
[2022-09-04T01:48:03.511+0000][1][safepoint    ] Safepoint "RevokeBias", Time since last: 3928666 ns, Reaching safepoint: 568500 ns, At safepoint: 101709 ns, Total: 670209 ns
[2022-09-04T01:48:03.514+0000][1][safepoint    ] Safepoint "RevokeBias", Time since last: 2509541 ns, Reaching safepoint: 603250 ns, At safepoint: 114459 ns, Total: 717709 ns
[2022-09-04T01:48:03.516+0000][1][safepoint    ] Safepoint "RevokeBias", Time since last: 1609250 ns, Reaching safepoint: 342708 ns, At safepoint: 114958 ns, Total: 457666 ns
[2022-09-04T01:48:03.521+0000][1][safepoint    ] Safepoint "RevokeBias", Time since last: 4496334 ns, Reaching safepoint: 469375 ns, At safepoint: 98875 ns, Total: 568250 ns
[2022-09-04T01:48:03.528+0000][1][safepoint    ] Safepoint "RevokeBias", Time since last: 6679666 ns, Reaching safepoint: 397334 ns, At safepoint: 88083 ns, Total: 485417 ns
[2022-09-04T01:48:03.530+0000][1][safepoint    ] Safepoint "RevokeBias", Time since last: 1820667 ns, Reaching safepoint: 312083 ns, At safepoint: 78125 ns, Total: 390208 ns
[2022-09-04T01:48:03.537+0000][1][safepoint    ] Safepoint "RevokeBias", Time since last: 6450625 ns, Reaching safepoint: 225208 ns, At safepoint: 188167 ns, Total: 413375 ns
[2022-09-04T01:48:03.566+0000][1][safepoint    ] Safepoint "RevokeBias", Time since last: 28581500 ns, Reaching safepoint: 337083 ns, At safepoint: 92459 ns, Total: 429542 ns
[2022-09-04T01:48:03.569+0000][1][safepoint    ] Safepoint "RevokeBias", Time since last: 2673250 ns, Reaching safepoint: 229458 ns, At safepoint: 80583 ns, Total: 310041 ns
[2022-09-04T01:48:03.763+0000][1][safepoint    ] Safepoint "RevokeBias", Time since last: 192860334 ns, Reaching safepoint: 687917 ns, At safepoint: 115208 ns, Total: 803125 ns
[2022-09-04T01:48:03.767+0000][1][safepoint    ] Safepoint "RevokeBias", Time since last: 3627333 ns, Reaching safepoint: 416667 ns, At safepoint: 104500 ns, Total: 521167 ns
[2022-09-04T01:48:03.785+0000][1][safepoint    ] Safepoint "RevokeBias", Time since last: 17858250 ns, Reaching safepoint: 346625 ns, At safepoint: 106083 ns, Total: 452708 ns
[2022-09-04T01:48:03.789+0000][1][safepoint    ] Safepoint "RevokeBias", Time since last: 3283917 ns, Reaching safepoint: 287500 ns, At safepoint: 91083 ns, Total: 378583 ns
[2022-09-04T01:48:03.814+0000][1][safepoint    ] Safepoint "RevokeBias", Time since last: 24307792 ns, Reaching safepoint: 573250 ns, At safepoint: 102583 ns, Total: 675833 ns
[2022-09-04T01:48:03.827+0000][1][safepoint    ] Safepoint "RevokeBias", Time since last: 13028417 ns, Reaching safepoint: 270875 ns, At safepoint: 77708 ns, Total: 348583 ns
[2022-09-04T01:48:03.844+0000][1][safepoint    ] Safepoint "RevokeBias", Time since last: 16621334 ns, Reaching safepoint: 262958 ns, At safepoint: 116000 ns, Total: 378958 ns
[2022-09-04T01:48:03.850+0000][1][safepoint    ] Safepoint "RevokeBias", Time since last: 5181875 ns, Reaching safepoint: 401833 ns, At safepoint: 165417 ns, Total: 567250 ns
[2022-09-04T01:48:03.852+0000][1][safepoint    ] Safepoint "RevokeBias", Time since last: 1560750 ns, Reaching safepoint: 499792 ns, At safepoint: 97166 ns, Total: 596958 ns
[2022-09-04T01:48:03.855+0000][1][safepoint    ] Safepoint "RevokeBias", Time since last: 1697042 ns, Reaching safepoint: 528000 ns, At safepoint: 113583 ns, Total: 641583 ns
[2022-09-04T01:48:03.943+0000][1][safepoint    ] Safepoint "RevokeBias", Time since last: 87721084 ns, Reaching safepoint: 551000 ns, At safepoint: 94375 ns, Total: 645375 ns
[2022-09-04T01:48:03.956+0000][1][safepoint    ] Safepoint "RevokeBias", Time since last: 12123541 ns, Reaching safepoint: 397584 ns, At safepoint: 252125 ns, Total: 649709 ns
[2022-09-04T01:48:03.959+0000][1][safepoint    ] Safepoint "RevokeBias", Time since last: 2517208 ns, Reaching safepoint: 922792 ns, At safepoint: 178291 ns, Total: 1101083 ns
[2022-09-04T01:48:03.976+0000][1][safepoint    ] Safepoint "CollectForMetadataAllocation", Time since last: 16066459 ns, Reaching safepoint: 611375 ns, At safepoint: 219458 ns, Total: 830833 ns
[2022-09-04T01:48:04.009+0000][1][safepoint    ] Safepoint "RevokeBias", Time since last: 31896500 ns, Reaching safepoint: 399333 ns, At safepoint: 102417 ns, Total: 501750 ns
[2022-09-04T01:48:04.028+0000][1][safepoint    ] Safepoint "RevokeBias", Time since last: 18640917 ns, Reaching safepoint: 323541 ns, At safepoint: 211250 ns, Total: 534791 ns
[2022-09-04T01:48:04.059+0000][1][gc,start     ] GC(15) Pause Young (Allocation Failure)
[2022-09-04T01:48:04.061+0000][1][gc,task      ] GC(15) Using 4 workers of 4 for evacuation
[2022-09-04T01:48:04.158+0000][1][gc           ] GC(14) Concurrent Abortable Preclean 3000.827ms
[2022-09-04T01:48:04.160+0000][1][gc,cpu       ] GC(14) User=8.45s Sys=0.16s Real=3.00s
[2022-09-04T01:48:04.167+0000][1][gc,age       ] GC(15) Desired survivor size 8945664 bytes, new threshold 2 (max threshold 6)
[2022-09-04T01:48:04.168+0000][1][gc,age       ] GC(15) Age table with threshold 2 (max threshold 6)
[2022-09-04T01:48:04.169+0000][1][gc,age       ] GC(15) - age   1:    5717976 bytes,    5717976 total
[2022-09-04T01:48:04.170+0000][1][gc,age       ] GC(15) - age   2:    3790280 bytes,    9508256 total
[2022-09-04T01:48:04.171+0000][1][gc,age       ] GC(15) - age   3:    4343248 bytes,   13851504 total
[2022-09-04T01:48:04.172+0000][1][gc,heap      ] GC(15) ParNew: 151019K->15637K(157248K)
[2022-09-04T01:48:04.173+0000][1][gc,heap      ] GC(15) CMS: 48309K->48309K(349568K)
[2022-09-04T01:48:04.174+0000][1][gc,metaspace ] GC(15) Metaspace: 70408K->70408K(1114112K)
[2022-09-04T01:48:04.175+0000][1][gc           ] GC(15) Pause Young (Allocation Failure) 194M->62M(494M) 116.006ms
[2022-09-04T01:48:04.176+0000][1][gc,cpu       ] GC(15) User=0.38s Sys=0.01s Real=0.12s
[2022-09-04T01:48:04.177+0000][1][safepoint    ] Safepoint "GenCollectForAllocation", Time since last: 31169542 ns, Reaching safepoint: 303333 ns, At safepoint: 117827667 ns, Total: 118131000 ns
[2022-09-04T01:48:04.187+0000][1][gc,start     ] GC(14) Pause Remark
[2022-09-04T01:48:04.304+0000][1][gc           ] GC(14) Pause Remark 62M->62M(494M) 117.469ms
[2022-09-04T01:48:04.306+0000][1][gc,cpu       ] GC(14) User=0.32s Sys=0.02s Real=0.12s
[2022-09-04T01:48:04.312+0000][1][safepoint    ] Safepoint "CMS_Final_Remark", Time since last: 1666583 ns, Reaching safepoint: 7729667 ns, At safepoint: 125294542 ns, Total: 133024209 ns
[2022-09-04T01:48:04.314+0000][1][gc           ] GC(14) Concurrent Sweep
[2022-09-04T01:48:04.404+0000][1][safepoint    ] Safepoint "RevokeBias", Time since last: 88061542 ns, Reaching safepoint: 3438875 ns, At safepoint: 108916 ns, Total: 3547791 ns
[2022-09-04T01:48:04.411+0000][1][safepoint    ] Safepoint "RevokeBias", Time since last: 7070417 ns, Reaching safepoint: 249667 ns, At safepoint: 91875 ns, Total: 341542 ns
[2022-09-04T01:48:04.414+0000][1][safepoint    ] Safepoint "RevokeBias", Time since last: 3305875 ns, Reaching safepoint: 150666 ns, At safepoint: 81542 ns, Total: 232208 ns
[2022-09-04T01:48:04.459+0000][1][safepoint    ] Safepoint "RevokeBias", Time since last: 43505750 ns, Reaching safepoint: 411000 ns, At safepoint: 92833 ns, Total: 503833 ns
[2022-09-04T01:48:04.461+0000][1][safepoint    ] Safepoint "RevokeBias", Time since last: 1859209 ns, Reaching safepoint: 604375 ns, At safepoint: 82166 ns, Total: 686541 ns
[2022-09-04T01:48:04.470+0000][1][gc           ] GC(14) Concurrent Sweep 155.825ms
[2022-09-04T01:48:04.472+0000][1][gc,cpu       ] GC(14) User=0.43s Sys=0.02s Real=0.16s
[2022-09-04T01:48:04.474+0000][1][gc           ] GC(14) Concurrent Reset
[2022-09-04T01:48:04.477+0000][1][gc           ] GC(14) Concurrent Reset 2.418ms
[2022-09-04T01:48:04.478+0000][1][gc,cpu       ] GC(14) User=0.01s Sys=0.00s Real=0.01s
[2022-09-04T01:48:04.480+0000][1][gc,heap      ] GC(14) Old: 48309K->47973K(349568K)
[2022-09-04T01:48:04.498+0000][1][safepoint    ] Safepoint "RevokeBias", Time since last: 36189125 ns, Reaching safepoint: 412542 ns, At safepoint: 93042 ns, Total: 505584 ns
[2022-09-04T01:48:04.500+0000][1][safepoint    ] Safepoint "RevokeBias", Time since last: 1713833 ns, Reaching safepoint: 229375 ns, At safepoint: 78083 ns, Total: 307458 ns
[2022-09-04T01:48:04.545+0000][1][safepoint    ] Safepoint "RevokeBias", Time since last: 44825334 ns, Reaching safepoint: 335166 ns, At safepoint: 98125 ns, Total: 433291 ns
[2022-09-04T01:48:04.603+0000][1][safepoint    ] Safepoint "BulkRevokeBias", Time since last: 57001792 ns, Reaching safepoint: 432292 ns, At safepoint: 707458 ns, Total: 1139750 ns
[2022-09-04T01:48:05.119+0000][1][safepoint    ] Safepoint "RevokeBias", Time since last: 514852583 ns, Reaching safepoint: 1309083 ns, At safepoint: 143125 ns, Total: 1452208 ns
[2022-09-04T01:48:05.130+0000][1][safepoint    ] Safepoint "RevokeBias", Time since last: 9701042 ns, Reaching safepoint: 583625 ns, At safepoint: 241917 ns, Total: 825542 ns
[2022-09-04T01:48:05.144+0000][1][safepoint    ] Safepoint "RevokeBias", Time since last: 14136708 ns, Reaching safepoint: 401083 ns, At safepoint: 168792 ns, Total: 569875 ns
[2022-09-04T01:48:05.476+0000][1][safepoint    ] Safepoint "RevokeBias", Time since last: 330855917 ns, Reaching safepoint: 813291 ns, At safepoint: 174959 ns, Total: 988250 ns
[2022-09-04T01:48:05.484+0000][1][safepoint    ] Safepoint "RevokeBias", Time since last: 7179458 ns, Reaching safepoint: 741042 ns, At safepoint: 115750 ns, Total: 856792 ns
[2022-09-04T01:48:05.488+0000][1][safepoint    ] Safepoint "RevokeBias", Time since last: 3245708 ns, Reaching safepoint: 475000 ns, At safepoint: 99917 ns, Total: 574917 ns
[2022-09-04T01:48:05.866+0000][1][safepoint    ] Safepoint "RevokeBias", Time since last: 368217125 ns, Reaching safepoint: 5456083 ns, At safepoint: 1826500 ns, Total: 7282583 ns
[2022-09-04T01:48:05.920+0000][1][safepoint    ] Safepoint "RevokeBias", Time since last: 52222417 ns, Reaching safepoint: 4261167 ns, At safepoint: 98916 ns, Total: 4360083 ns
[2022-09-04T01:48:05.926+0000][1][safepoint    ] Safepoint "RevokeBias", Time since last: 5458792 ns, Reaching safepoint: 439500 ns, At safepoint: 77792 ns, Total: 517292 ns
[2022-09-04T01:48:06.650+0000][1][safepoint    ] Safepoint "RevokeBias", Time since last: 713800458 ns, Reaching safepoint: 8571250 ns, At safepoint: 1723834 ns, Total: 10295084 ns
[2022-09-04T01:48:06.665+0000][1][safepoint    ] Safepoint "RevokeBias", Time since last: 9384041 ns, Reaching safepoint: 4702209 ns, At safepoint: 836333 ns, Total: 5538542 ns
[2022-09-04T01:48:06.709+0000][1][safepoint    ] Safepoint "RevokeBias", Time since last: 7173250 ns, Reaching safepoint: 35748500 ns, At safepoint: 155208 ns, Total: 35903708 ns
[2022-09-04T01:48:06.720+0000][1][safepoint    ] Safepoint "RevokeBias", Time since last: 6961000 ns, Reaching safepoint: 4748125 ns, At safepoint: 274917 ns, Total: 5023042 ns
[2022-09-04T01:48:06.729+0000][1][safepoint    ] Safepoint "RevokeBias", Time since last: 3557458 ns, Reaching safepoint: 3769709 ns, At safepoint: 1011791 ns, Total: 4781500 ns
[2022-09-04T01:48:06.781+0000][1][safepoint    ] Safepoint "RevokeBias", Time since last: 42200875 ns, Reaching safepoint: 9569792 ns, At safepoint: 377250 ns, Total: 9947042 ns
[2022-09-04T01:48:06.824+0000][1][safepoint    ] Safepoint "RevokeBias", Time since last: 20078958 ns, Reaching safepoint: 23311375 ns, At safepoint: 189375 ns, Total: 23500750 ns
[2022-09-04T01:48:06.856+0000][1][safepoint    ] Safepoint "RevokeBias", Time since last: 26137334 ns, Reaching safepoint: 4837083 ns, At safepoint: 585250 ns, Total: 5422333 ns
[2022-09-04T01:48:06.870+0000][1][safepoint    ] Safepoint "RevokeBias", Time since last: 9892083 ns, Reaching safepoint: 3970375 ns, At safepoint: 117584 ns, Total: 4087959 ns
[2022-09-04T01:48:06.920+0000][1][safepoint    ] Safepoint "RevokeBias", Time since last: 41805625 ns, Reaching safepoint: 6914750 ns, At safepoint: 1025541 ns, Total: 7940291 ns
[2022-09-04T01:48:07.261+0000][1][safepoint    ] Safepoint "RevokeBias", Time since last: 340269834 ns, Reaching safepoint: 928458 ns, At safepoint: 71834 ns, Total: 1000292 ns
[2022-09-04T01:48:07.263+0000][1][safepoint    ] Safepoint "RevokeBias", Time since last: 1409166 ns, Reaching safepoint: 646959 ns, At safepoint: 166041 ns, Total: 813000 ns
[2022-09-04T01:48:07.287+0000][1][safepoint    ] Safepoint "RevokeBias", Time since last: 23189417 ns, Reaching safepoint: 970917 ns, At safepoint: 138666 ns, Total: 1109583 ns
[2022-09-04T01:48:07.446+0000][1][safepoint    ] Safepoint "RevokeBias", Time since last: 157064375 ns, Reaching safepoint: 1013709 ns, At safepoint: 647958 ns, Total: 1661667 ns
[2022-09-04T01:48:07.579+0000][1][safepoint    ] Safepoint "RevokeBias", Time since last: 131070458 ns, Reaching safepoint: 1256125 ns, At safepoint: 35459 ns, Total: 1291584 ns
[2022-09-04T01:48:07.582+0000][1][safepoint    ] Safepoint "RevokeBias", Time since last: 3138291 ns, Reaching safepoint: 402000 ns, At safepoint: 28459 ns, Total: 430459 ns
[2022-09-04T01:48:07.667+0000][1][safepoint    ] Safepoint "RevokeBias", Time since last: 84168166 ns, Reaching safepoint: 949167 ns, At safepoint: 43125 ns, Total: 992292 ns
[2022-09-04T01:48:07.819+0000][1][safepoint    ] Safepoint "RevokeBias", Time since last: 151227417 ns, Reaching safepoint: 723500 ns, At safepoint: 137708 ns, Total: 861208 ns
[2022-09-04T01:48:07.927+0000][1][safepoint    ] Safepoint "RevokeBias", Time since last: 106368125 ns, Reaching safepoint: 1063584 ns, At safepoint: 39916 ns, Total: 1103500 ns
[2022-09-04T01:48:07.933+0000][1][safepoint    ] Safepoint "RevokeBias", Time since last: 6127792 ns, Reaching safepoint: 527708 ns, At safepoint: 36334 ns, Total: 564042 ns
[2022-09-04T01:48:07.936+0000][1][safepoint    ] Safepoint "RevokeBias", Time since last: 2023875 ns, Reaching safepoint: 901541 ns, At safepoint: 32084 ns, Total: 933625 ns
[2022-09-04T01:48:07.941+0000][1][safepoint    ] Safepoint "RevokeBias", Time since last: 3807125 ns, Reaching safepoint: 378916 ns, At safepoint: 34375 ns, Total: 413291 ns
[2022-09-04T01:48:07.956+0000][1][safepoint    ] Safepoint "RevokeBias", Time since last: 14666417 ns, Reaching safepoint: 421125 ns, At safepoint: 34583 ns, Total: 455708 ns
[2022-09-04T01:48:07.960+0000][1][safepoint    ] Safepoint "RevokeBias", Time since last: 3589250 ns, Reaching safepoint: 405959 ns, At safepoint: 44333 ns, Total: 450292 ns
[2022-09-04T01:48:08.004+0000][1][safepoint    ] Safepoint "RevokeBias", Time since last: 43362875 ns, Reaching safepoint: 653667 ns, At safepoint: 46708 ns, Total: 700375 ns
[2022-09-04T01:48:08.008+0000][1][safepoint    ] Safepoint "RevokeBias", Time since last: 3383250 ns, Reaching safepoint: 697917 ns, At safepoint: 31833 ns, Total: 729750 ns
[2022-09-04T01:48:08.304+0000][1][safepoint    ] Safepoint "Deoptimize", Time since last: 293026792 ns, Reaching safepoint: 605541 ns, At safepoint: 2340000 ns, Total: 2945541 ns
[2022-09-04T01:48:08.666+0000][1][safepoint    ] Safepoint "RevokeBias", Time since last: 360505251 ns, Reaching safepoint: 1020375 ns, At safepoint: 67875 ns, Total: 1088250 ns
[2022-09-04T01:48:08.669+0000][1][safepoint    ] Safepoint "RevokeBias", Time since last: 2783208 ns, Reaching safepoint: 458042 ns, At safepoint: 31083 ns, Total: 489125 ns
[2022-09-04T01:48:08.736+0000][1][safepoint    ] Safepoint "RevokeBias", Time since last: 66247833 ns, Reaching safepoint: 393542 ns, At safepoint: 85167 ns, Total: 478709 ns
[2022-09-04T01:48:08.738+0000][1][safepoint    ] Safepoint "RevokeBias", Time since last: 1708166 ns, Reaching safepoint: 362875 ns, At safepoint: 25959 ns, Total: 388834 ns
[2022-09-04T01:48:08.739+0000][1][safepoint    ] Safepoint "RevokeBias", Time since last: 1272958 ns, Reaching safepoint: 444750 ns, At safepoint: 27500 ns, Total: 472250 ns
[2022-09-04T01:48:08.742+0000][1][safepoint    ] Safepoint "RevokeBias", Time since last: 2695333 ns, Reaching safepoint: 270417 ns, At safepoint: 24417 ns, Total: 294834 ns
[2022-09-04T01:48:08.810+0000][1][safepoint    ] Safepoint "RevokeBias", Time since last: 66586416 ns, Reaching safepoint: 481167 ns, At safepoint: 32958 ns, Total: 514125 ns
[2022-09-04T01:48:08.812+0000][1][safepoint    ] Safepoint "RevokeBias", Time since last: 2069709 ns, Reaching safepoint: 285166 ns, At safepoint: 27167 ns, Total: 312333 ns
[2022-09-04T01:48:08.813+0000][1][safepoint    ] Safepoint "RevokeBias", Time since last: 1186500 ns, Reaching safepoint: 297417 ns, At safepoint: 23333 ns, Total: 320750 ns
[2022-09-04T01:48:08.816+0000][1][safepoint    ] Safepoint "RevokeBias", Time since last: 2636417 ns, Reaching safepoint: 288666 ns, At safepoint: 31417 ns, Total: 320083 ns
[2022-09-04T01:48:08.870+0000][1][safepoint    ] Safepoint "RevokeBias", Time since last: 53146167 ns, Reaching safepoint: 779791 ns, At safepoint: 47167 ns, Total: 826958 ns
[2022-09-04T01:48:08.938+0000][1][safepoint    ] Safepoint "RevokeBias", Time since last: 66555667 ns, Reaching safepoint: 580458 ns, At safepoint: 40458 ns, Total: 620916 ns
[2022-09-04T01:48:08.941+0000][1][safepoint    ] Safepoint "RevokeBias", Time since last: 3141584 ns, Reaching safepoint: 360250 ns, At safepoint: 47416 ns, Total: 407666 ns
[2022-09-04T01:48:08.943+0000][1][safepoint    ] Safepoint "RevokeBias", Time since last: 1680875 ns, Reaching safepoint: 345834 ns, At safepoint: 61666 ns, Total: 407500 ns
[2022-09-04T01:48:08.947+0000][1][safepoint    ] Safepoint "RevokeBias", Time since last: 3571834 ns, Reaching safepoint: 444916 ns, At safepoint: 45417 ns, Total: 490333 ns
[2022-09-04T01:48:08.949+0000][1][safepoint    ] Safepoint "RevokeBias", Time since last: 1539208 ns, Reaching safepoint: 449292 ns, At safepoint: 62167 ns, Total: 511459 ns
[2022-09-04T01:48:08.953+0000][1][safepoint    ] Safepoint "RevokeBias", Time since last: 2630625 ns, Reaching safepoint: 1036291 ns, At safepoint: 63500 ns, Total: 1099791 ns
[2022-09-04T01:48:08.957+0000][1][safepoint    ] Safepoint "RevokeBias", Time since last: 3930167 ns, Reaching safepoint: 386667 ns, At safepoint: 66333 ns, Total: 453000 ns
[2022-09-04T01:48:08.960+0000][1][safepoint    ] Safepoint "RevokeBias", Time since last: 2194792 ns, Reaching safepoint: 296916 ns, At safepoint: 43834 ns, Total: 340750 ns
[2022-09-04T01:48:09.567+0000][1][safepoint    ] Safepoint "RevokeBias", Time since last: 606308292 ns, Reaching safepoint: 367041 ns, At safepoint: 52625 ns, Total: 419666 ns
[2022-09-04T01:48:09.574+0000][1][safepoint    ] Safepoint "RevokeBias", Time since last: 6541125 ns, Reaching safepoint: 608709 ns, At safepoint: 654416 ns, Total: 1263125 ns
[2022-09-04T01:48:09.658+0000][1][safepoint    ] Safepoint "RevokeBias", Time since last: 82820250 ns, Reaching safepoint: 751584 ns, At safepoint: 26750 ns, Total: 778334 ns
[2022-09-04T01:48:09.665+0000][1][safepoint    ] Safepoint "RevokeBias", Time since last: 7007541 ns, Reaching safepoint: 371250 ns, At safepoint: 32750 ns, Total: 404000 ns
[2022-09-04T01:48:09.671+0000][1][safepoint    ] Safepoint "RevokeBias", Time since last: 4823250 ns, Reaching safepoint: 438667 ns, At safepoint: 32167 ns, Total: 470834 ns
[2022-09-04T01:48:09.680+0000][1][safepoint    ] Safepoint "RevokeBias", Time since last: 8652583 ns, Reaching safepoint: 576958 ns, At safepoint: 28334 ns, Total: 605292 ns
[2022-09-04T01:48:09.698+0000][1][safepoint    ] Safepoint "RevokeBias", Time since last: 18112625 ns, Reaching safepoint: 257208 ns, At safepoint: 25875 ns, Total: 283083 ns
[2022-09-04T01:48:09.732+0000][1][safepoint    ] Safepoint "RevokeBias", Time since last: 32798833 ns, Reaching safepoint: 466084 ns, At safepoint: 30333 ns, Total: 496417 ns
[2022-09-04T01:48:09.847+0000][1][safepoint    ] Safepoint "RevokeBias", Time since last: 114217208 ns, Reaching safepoint: 847459 ns, At safepoint: 39166 ns, Total: 886625 ns
[2022-09-04T01:48:09.859+0000][1][safepoint    ] Safepoint "RevokeBias", Time since last: 11409667 ns, Reaching safepoint: 298417 ns, At safepoint: 84916 ns, Total: 383333 ns
[2022-09-04T01:48:10.293+0000][1][safepoint    ] Safepoint "RevokeBias", Time since last: 433444709 ns, Reaching safepoint: 786083 ns, At safepoint: 38334 ns, Total: 824417 ns
[2022-09-04T01:48:10.295+0000][1][safepoint    ] Safepoint "RevokeBias", Time since last: 1935708 ns, Reaching safepoint: 586583 ns, At safepoint: 36167 ns, Total: 622750 ns
[2022-09-04T01:48:10.361+0000][1][safepoint    ] Safepoint "RevokeBias", Time since last: 64861833 ns, Reaching safepoint: 565459 ns, At safepoint: 39625 ns, Total: 605084 ns
[2022-09-04T01:48:10.560+0000][1][safepoint    ] Safepoint "RevokeBias", Time since last: 198333583 ns, Reaching safepoint: 487000 ns, At safepoint: 31708 ns, Total: 518708 ns
[2022-09-04T01:48:10.564+0000][1][safepoint    ] Safepoint "BulkRevokeBias", Time since last: 2133834 ns, Reaching safepoint: 292500 ns, At safepoint: 1566750 ns, Total: 1859250 ns
[2022-09-04T01:48:10.565+0000][1][safepoint    ] Safepoint "RevokeBias", Time since last: 1351166 ns, Reaching safepoint: 322834 ns, At safepoint: 41291 ns, Total: 364125 ns
[2022-09-04T01:48:10.569+0000][1][safepoint    ] Safepoint "RevokeBias", Time since last: 2790750 ns, Reaching safepoint: 343375 ns, At safepoint: 27584 ns, Total: 370959 ns
[2022-09-04T01:48:10.646+0000][1][safepoint    ] Safepoint "RevokeBias", Time since last: 77104000 ns, Reaching safepoint: 330375 ns, At safepoint: 76625 ns, Total: 407000 ns
[2022-09-04T01:48:10.903+0000][1][safepoint    ] Safepoint "RevokeBias", Time since last: 256350500 ns, Reaching safepoint: 717792 ns, At safepoint: 72083 ns, Total: 789875 ns
[2022-09-04T01:48:11.404+0000][1][safepoint    ] Safepoint "RevokeBias", Time since last: 500211125 ns, Reaching safepoint: 514917 ns, At safepoint: 31292 ns, Total: 546209 ns
[2022-09-04T01:48:11.441+0000][1][safepoint    ] Safepoint "RevokeBias", Time since last: 36355916 ns, Reaching safepoint: 393834 ns, At safepoint: 84125 ns, Total: 477959 ns
[2022-09-04T01:48:11.443+0000][1][safepoint    ] Safepoint "RevokeBias", Time since last: 1639458 ns, Reaching safepoint: 476000 ns, At safepoint: 76458 ns, Total: 552458 ns
[2022-09-04T01:48:11.444+0000][1][safepoint    ] Safepoint "RevokeBias", Time since last: 936250 ns, Reaching safepoint: 215625 ns, At safepoint: 140709 ns, Total: 356334 ns
[2022-09-04T01:48:11.449+0000][1][safepoint    ] Safepoint "RevokeBias", Time since last: 3818041 ns, Reaching safepoint: 495875 ns, At safepoint: 85417 ns, Total: 581292 ns
[2022-09-04T01:48:11.467+0000][1][safepoint    ] Safepoint "RevokeBias", Time since last: 17345958 ns, Reaching safepoint: 567542 ns, At safepoint: 184708 ns, Total: 752250 ns
[2022-09-04T01:48:11.469+0000][1][safepoint    ] Safepoint "RevokeBias", Time since last: 1370709 ns, Reaching safepoint: 883791 ns, At safepoint: 167459 ns, Total: 1051250 ns
[2022-09-04T01:48:12.471+0000][1][safepoint    ] Safepoint "Cleanup", Time since last: 1001157958 ns, Reaching safepoint: 607709 ns, At safepoint: 41375 ns, Total: 649084 ns
[2022-09-04T01:48:13.475+0000][1][safepoint    ] Safepoint "Cleanup", Time since last: 1001691875 ns, Reaching safepoint: 1698167 ns, At safepoint: 70667 ns, Total: 1768834 ns
[2022-09-04T01:48:13.967+0000][1][safepoint    ] Safepoint "RevokeBias", Time since last: 491869041 ns, Reaching safepoint: 956667 ns, At safepoint: 59458 ns, Total: 1016125 ns
[2022-09-04T01:48:13.992+0000][1][safepoint    ] Safepoint "BulkRevokeBias", Time since last: 22536042 ns, Reaching safepoint: 679083 ns, At safepoint: 1064750 ns, Total: 1743833 ns
[2022-09-04T01:48:14.004+0000][1][safepoint    ] Safepoint "RevokeBias", Time since last: 11712084 ns, Reaching safepoint: 737208 ns, At safepoint: 254958 ns, Total: 992166 ns
[2022-09-04T01:48:14.010+0000][1][safepoint    ] Safepoint "RevokeBias", Time since last: 5462792 ns, Reaching safepoint: 463833 ns, At safepoint: 174125 ns, Total: 637958 ns
[2022-09-04T01:48:14.013+0000][1][safepoint    ] Safepoint "RevokeBias", Time since last: 1729750 ns, Reaching safepoint: 458584 ns, At safepoint: 75708 ns, Total: 534292 ns
[2022-09-04T01:48:14.019+0000][1][safepoint    ] Safepoint "RevokeBias", Time since last: 5856917 ns, Reaching safepoint: 370375 ns, At safepoint: 31750 ns, Total: 402125 ns
[2022-09-04T01:48:14.214+0000][1][safepoint    ] Safepoint "Deoptimize", Time since last: 192029250 ns, Reaching safepoint: 605917 ns, At safepoint: 1938166 ns, Total: 2544083 ns
[2022-09-04T01:48:14.259+0000][1][safepoint    ] Safepoint "RevokeBias", Time since last: 45141042 ns, Reaching safepoint: 322208 ns, At safepoint: 75792 ns, Total: 398000 ns
[2022-09-04T01:48:14.326+0000][1][safepoint    ] Safepoint "RevokeBias", Time since last: 66553542 ns, Reaching safepoint: 454541 ns, At safepoint: 31542 ns, Total: 486083 ns
[2022-09-04T01:48:14.330+0000][1][safepoint    ] Safepoint "RevokeBias", Time since last: 3489542 ns, Reaching safepoint: 303875 ns, At safepoint: 72375 ns, Total: 376250 ns
[2022-09-04T01:48:14.370+0000][1][safepoint    ] Safepoint "RevokeBias", Time since last: 38780000 ns, Reaching safepoint: 454875 ns, At safepoint: 545166 ns, Total: 1000041 ns
[2022-09-04T01:48:14.545+0000][1][safepoint    ] Safepoint "RevokeBias", Time since last: 174283334 ns, Reaching safepoint: 502625 ns, At safepoint: 103250 ns, Total: 605875 ns
[2022-09-04T01:48:14.561+0000][1][safepoint    ] Safepoint "RevokeBias", Time since last: 15811791 ns, Reaching safepoint: 451542 ns, At safepoint: 96375 ns, Total: 547917 ns
[2022-09-04T01:48:14.564+0000][1][safepoint    ] Safepoint "RevokeBias", Time since last: 3052292 ns, Reaching safepoint: 245125 ns, At safepoint: 121458 ns, Total: 366583 ns
[2022-09-04T01:48:14.567+0000][1][safepoint    ] Safepoint "RevokeBias", Time since last: 1472083 ns, Reaching safepoint: 637584 ns, At safepoint: 73000 ns, Total: 710584 ns
[2022-09-04T01:48:14.570+0000][1][safepoint    ] Safepoint "RevokeBias", Time since last: 1909000 ns, Reaching safepoint: 854750 ns, At safepoint: 92750 ns, Total: 947500 ns
[2022-09-04T01:48:14.571+0000][1][safepoint    ] Safepoint "RevokeBias", Time since last: 1289833 ns, Reaching safepoint: 349958 ns, At safepoint: 77375 ns, Total: 427333 ns
[2022-09-04T01:48:14.573+0000][1][safepoint    ] Safepoint "RevokeBias", Time since last: 1215750 ns, Reaching safepoint: 478667 ns, At safepoint: 92542 ns, Total: 571209 ns
[2022-09-04T01:48:14.575+0000][1][safepoint    ] Safepoint "RevokeBias", Time since last: 1298000 ns, Reaching safepoint: 501625 ns, At safepoint: 79208 ns, Total: 580833 ns
[2022-09-04T01:48:14.578+0000][1][safepoint    ] Safepoint "RevokeBias", Time since last: 2351000 ns, Reaching safepoint: 437667 ns, At safepoint: 79500 ns, Total: 517167 ns
[2022-09-04T01:48:14.579+0000][1][safepoint    ] Safepoint "RevokeBias", Time since last: 985083 ns, Reaching safepoint: 459708 ns, At safepoint: 83417 ns, Total: 543125 ns
[2022-09-04T01:48:14.581+0000][1][safepoint    ] Safepoint "RevokeBias", Time since last: 1091375 ns, Reaching safepoint: 417792 ns, At safepoint: 71541 ns, Total: 489333 ns
[2022-09-04T01:48:14.582+0000][1][safepoint    ] Safepoint "RevokeBias", Time since last: 997167 ns, Reaching safepoint: 371083 ns, At safepoint: 111875 ns, Total: 482958 ns
[2022-09-04T01:48:14.586+0000][1][safepoint    ] Safepoint "RevokeBias", Time since last: 3009959 ns, Reaching safepoint: 480291 ns, At safepoint: 73125 ns, Total: 553416 ns
[2022-09-04T01:48:14.589+0000][1][safepoint    ] Safepoint "RevokeBias", Time since last: 3023792 ns, Reaching safepoint: 301167 ns, At safepoint: 64166 ns, Total: 365333 ns
[2022-09-04T01:48:14.592+0000][1][safepoint    ] Safepoint "RevokeBias", Time since last: 1972500 ns, Reaching safepoint: 312792 ns, At safepoint: 74583 ns, Total: 387375 ns
[2022-09-04T01:48:14.594+0000][1][safepoint    ] Safepoint "RevokeBias", Time since last: 2072750 ns, Reaching safepoint: 475542 ns, At safepoint: 174458 ns, Total: 650000 ns
[2022-09-04T01:48:14.597+0000][1][safepoint    ] Safepoint "RevokeBias", Time since last: 1868875 ns, Reaching safepoint: 380334 ns, At safepoint: 69625 ns, Total: 449959 ns
[2022-09-04T01:48:14.601+0000][1][safepoint    ] Safepoint "RevokeBias", Time since last: 3921083 ns, Reaching safepoint: 490583 ns, At safepoint: 77625 ns, Total: 568208 ns
[2022-09-04T01:48:15.040+0000][1][safepoint    ] Safepoint "RevokeBias", Time since last: 438233459 ns, Reaching safepoint: 658250 ns, At safepoint: 38167 ns, Total: 696417 ns
[2022-09-04T01:48:15.112+0000][1][safepoint    ] Safepoint "Deoptimize", Time since last: 68942791 ns, Reaching safepoint: 631709 ns, At safepoint: 2574083 ns, Total: 3205792 ns
[2022-09-04T01:48:15.166+0000][1][safepoint    ] Safepoint "RevokeBias", Time since last: 53337125 ns, Reaching safepoint: 397125 ns, At safepoint: 70542 ns, Total: 467667 ns
[2022-09-04T01:48:15.232+0000][1][safepoint    ] Safepoint "RevokeBias", Time since last: 64794041 ns, Reaching safepoint: 424542 ns, At safepoint: 348208 ns, Total: 772750 ns
[2022-09-04T01:48:15.240+0000][1][safepoint    ] Safepoint "RevokeBias", Time since last: 8081209 ns, Reaching safepoint: 359416 ns, At safepoint: 64542 ns, Total: 423958 ns
[2022-09-04T01:48:15.261+0000][1][safepoint    ] Safepoint "RevokeBias", Time since last: 20241917 ns, Reaching safepoint: 437958 ns, At safepoint: 77333 ns, Total: 515291 ns
[2022-09-04T01:48:15.290+0000][1][safepoint    ] Safepoint "RevokeBias", Time since last: 28353667 ns, Reaching safepoint: 471708 ns, At safepoint: 87292 ns, Total: 559000 ns
[2022-09-04T01:48:15.293+0000][1][safepoint    ] Safepoint "RevokeBias", Time since last: 2395417 ns, Reaching safepoint: 405791 ns, At safepoint: 71667 ns, Total: 477458 ns
[2022-09-04T01:48:15.295+0000][1][safepoint    ] Safepoint "RevokeBias", Time since last: 2156417 ns, Reaching safepoint: 202791 ns, At safepoint: 72167 ns, Total: 274958 ns
[2022-09-04T01:48:15.297+0000][1][safepoint    ] Safepoint "RevokeBias", Time since last: 1714083 ns, Reaching safepoint: 220875 ns, At safepoint: 62875 ns, Total: 283750 ns
[2022-09-04T01:48:15.302+0000][1][safepoint    ] Safepoint "RevokeBias", Time since last: 5041500 ns, Reaching safepoint: 227667 ns, At safepoint: 68667 ns, Total: 296334 ns
[2022-09-04T01:48:15.304+0000][1][safepoint    ] Safepoint "RevokeBias", Time since last: 1495791 ns, Reaching safepoint: 368042 ns, At safepoint: 101875 ns, Total: 469917 ns
[2022-09-04T01:48:15.306+0000][1][safepoint    ] Safepoint "RevokeBias", Time since last: 958583 ns, Reaching safepoint: 358667 ns, At safepoint: 85958 ns, Total: 444625 ns
[2022-09-04T01:48:15.308+0000][1][safepoint    ] Safepoint "RevokeBias", Time since last: 1432209 ns, Reaching safepoint: 212416 ns, At safepoint: 99792 ns, Total: 312208 ns
[2022-09-04T01:48:15.326+0000][1][safepoint    ] Safepoint "RevokeBias", Time since last: 17705667 ns, Reaching safepoint: 443875 ns, At safepoint: 85708 ns, Total: 529583 ns
[2022-09-04T01:48:15.328+0000][1][safepoint    ] Safepoint "RevokeBias", Time since last: 1998708 ns, Reaching safepoint: 411834 ns, At safepoint: 76250 ns, Total: 488084 ns
[2022-09-04T01:48:15.330+0000][1][safepoint    ] Safepoint "RevokeBias", Time since last: 1562166 ns, Reaching safepoint: 373792 ns, At safepoint: 83750 ns, Total: 457542 ns
[2022-09-04T01:48:15.333+0000][1][safepoint    ] Safepoint "RevokeBias", Time since last: 2387625 ns, Reaching safepoint: 237708 ns, At safepoint: 126417 ns, Total: 364125 ns
[2022-09-04T01:48:15.336+0000][1][safepoint    ] Safepoint "RevokeBias", Time since last: 2162042 ns, Reaching safepoint: 380333 ns, At safepoint: 81542 ns, Total: 461875 ns
[2022-09-04T01:48:15.345+0000][1][safepoint    ] Safepoint "RevokeBias", Time since last: 8816916 ns, Reaching safepoint: 438750 ns, At safepoint: 84625 ns, Total: 523375 ns
[2022-09-04T01:48:15.347+0000][1][safepoint    ] Safepoint "RevokeBias", Time since last: 1767459 ns, Reaching safepoint: 420041 ns, At safepoint: 74084 ns, Total: 494125 ns
[2022-09-04T01:48:15.349+0000][1][safepoint    ] Safepoint "RevokeBias", Time since last: 1078625 ns, Reaching safepoint: 406000 ns, At safepoint: 72875 ns, Total: 478875 ns
[2022-09-04T01:48:15.351+0000][1][safepoint    ] Safepoint "RevokeBias", Time since last: 1194291 ns, Reaching safepoint: 471167 ns, At safepoint: 196708 ns, Total: 667875 ns
[2022-09-04T01:48:15.361+0000][1][safepoint    ] Safepoint "RevokeBias", Time since last: 9681709 ns, Reaching safepoint: 368625 ns, At safepoint: 77958 ns, Total: 446583 ns
[2022-09-04T01:48:15.363+0000][1][safepoint    ] Safepoint "RevokeBias", Time since last: 1463875 ns, Reaching safepoint: 454625 ns, At safepoint: 66000 ns, Total: 520625 ns
[2022-09-04T01:48:15.365+0000][1][safepoint    ] Safepoint "RevokeBias", Time since last: 1436625 ns, Reaching safepoint: 318833 ns, At safepoint: 71250 ns, Total: 390083 ns
[2022-09-04T01:48:15.366+0000][1][safepoint    ] Safepoint "RevokeBias", Time since last: 1063459 ns, Reaching safepoint: 345208 ns, At safepoint: 57208 ns, Total: 402416 ns
[2022-09-04T01:48:15.368+0000][1][safepoint    ] Safepoint "RevokeBias", Time since last: 958625 ns, Reaching safepoint: 300834 ns, At safepoint: 95541 ns, Total: 396375 ns
[2022-09-04T01:48:15.379+0000][1][safepoint    ] Safepoint "RevokeBias", Time since last: 11430084 ns, Reaching safepoint: 391833 ns, At safepoint: 89917 ns, Total: 481750 ns
[2022-09-04T01:48:15.385+0000][1][safepoint    ] Safepoint "RevokeBias", Time since last: 5441916 ns, Reaching safepoint: 325625 ns, At safepoint: 77875 ns, Total: 403500 ns
[2022-09-04T01:48:15.389+0000][1][safepoint    ] Safepoint "RevokeBias", Time since last: 3400375 ns, Reaching safepoint: 358292 ns, At safepoint: 70167 ns, Total: 428459 ns
[2022-09-04T01:48:15.391+0000][1][safepoint    ] Safepoint "RevokeBias", Time since last: 1303166 ns, Reaching safepoint: 492334 ns, At safepoint: 72166 ns, Total: 564500 ns
[2022-09-04T01:48:15.393+0000][1][safepoint    ] Safepoint "RevokeBias", Time since last: 1156459 ns, Reaching safepoint: 716333 ns, At safepoint: 64917 ns, Total: 781250 ns
[2022-09-04T01:48:15.394+0000][1][safepoint    ] Safepoint "RevokeBias", Time since last: 1011000 ns, Reaching safepoint: 269916 ns, At safepoint: 58667 ns, Total: 328583 ns
[2022-09-04T01:48:15.396+0000][1][safepoint    ] Safepoint "RevokeBias", Time since last: 1087083 ns, Reaching safepoint: 428625 ns, At safepoint: 83584 ns, Total: 512209 ns
[2022-09-04T01:48:15.397+0000][1][safepoint    ] Safepoint "RevokeBias", Time since last: 966500 ns, Reaching safepoint: 482000 ns, At safepoint: 58875 ns, Total: 540875 ns
[2022-09-04T01:48:15.399+0000][1][safepoint    ] Safepoint "RevokeBias", Time since last: 809583 ns, Reaching safepoint: 527875 ns, At safepoint: 60875 ns, Total: 588750 ns
[2022-09-04T01:48:15.400+0000][1][safepoint    ] Safepoint "RevokeBias", Time since last: 801542 ns, Reaching safepoint: 690750 ns, At safepoint: 81250 ns, Total: 772000 ns
[2022-09-04T01:48:15.402+0000][1][safepoint    ] Safepoint "RevokeBias", Time since last: 804416 ns, Reaching safepoint: 322875 ns, At safepoint: 220417 ns, Total: 543292 ns
[2022-09-04T01:48:15.405+0000][1][safepoint    ] Safepoint "RevokeBias", Time since last: 3021042 ns, Reaching safepoint: 288458 ns, At safepoint: 58125 ns, Total: 346583 ns
[2022-09-04T01:48:15.407+0000][1][safepoint    ] Safepoint "RevokeBias", Time since last: 1084708 ns, Reaching safepoint: 386834 ns, At safepoint: 157916 ns, Total: 544750 ns
[2022-09-04T01:48:15.408+0000][1][safepoint    ] Safepoint "RevokeBias", Time since last: 1031542 ns, Reaching safepoint: 559167 ns, At safepoint: 67750 ns, Total: 626917 ns
[2022-09-04T01:48:15.411+0000][1][safepoint    ] Safepoint "BulkRevokeBias", Time since last: 1727500 ns, Reaching safepoint: 330791 ns, At safepoint: 1102875 ns, Total: 1433666 ns
[2022-09-04T01:48:15.731+0000][1][safepoint    ] Safepoint "RevokeBias", Time since last: 319473917 ns, Reaching safepoint: 450584 ns, At safepoint: 67458 ns, Total: 518042 ns
[2022-09-04T01:48:15.734+0000][1][safepoint    ] Safepoint "RevokeBias", Time since last: 2474292 ns, Reaching safepoint: 194875 ns, At safepoint: 57333 ns, Total: 252208 ns
[2022-09-04T01:48:15.866+0000][1][safepoint    ] Safepoint "RevokeBias", Time since last: 131757625 ns, Reaching safepoint: 411708 ns, At safepoint: 128667 ns, Total: 540375 ns
[2022-09-04T01:48:15.896+0000][1][safepoint    ] Safepoint "RevokeBias", Time since last: 29448417 ns, Reaching safepoint: 389708 ns, At safepoint: 130333 ns, Total: 520041 ns
[2022-09-04T01:48:15.899+0000][1][safepoint    ] Safepoint "RevokeBias", Time since last: 2490625 ns, Reaching safepoint: 302084 ns, At safepoint: 113708 ns, Total: 415792 ns
[2022-09-04T01:48:15.902+0000][1][safepoint    ] Safepoint "RevokeBias", Time since last: 1917375 ns, Reaching safepoint: 368125 ns, At safepoint: 115875 ns, Total: 484000 ns
[2022-09-04T01:48:15.904+0000][1][safepoint    ] Safepoint "RevokeBias", Time since last: 1541875 ns, Reaching safepoint: 183500 ns, At safepoint: 192667 ns, Total: 376167 ns
[2022-09-04T01:48:15.905+0000][1][safepoint    ] Safepoint "RevokeBias", Time since last: 1068958 ns, Reaching safepoint: 333250 ns, At safepoint: 256917 ns, Total: 590167 ns
[2022-09-04T01:48:15.907+0000][1][safepoint    ] Safepoint "RevokeBias", Time since last: 1034541 ns, Reaching safepoint: 393834 ns, At safepoint: 97458 ns, Total: 491292 ns
[2022-09-04T01:48:15.908+0000][1][safepoint    ] Safepoint "RevokeBias", Time since last: 1178958 ns, Reaching safepoint: 302917 ns, At safepoint: 99542 ns, Total: 402459 ns
[2022-09-04T01:48:15.911+0000][1][safepoint    ] Safepoint "RevokeBias", Time since last: 1586375 ns, Reaching safepoint: 395791 ns, At safepoint: 350875 ns, Total: 746666 ns
[2022-09-04T01:48:15.912+0000][1][safepoint    ] Safepoint "RevokeBias", Time since last: 1440209 ns, Reaching safepoint: 198833 ns, At safepoint: 100417 ns, Total: 299250 ns
[2022-09-04T01:48:15.915+0000][1][safepoint    ] Safepoint "RevokeBias", Time since last: 1520458 ns, Reaching safepoint: 447375 ns, At safepoint: 151583 ns, Total: 598958 ns
[2022-09-04T01:48:15.916+0000][1][safepoint    ] Safepoint "RevokeBias", Time since last: 1529000 ns, Reaching safepoint: 181584 ns, At safepoint: 93583 ns, Total: 275167 ns
[2022-09-04T01:48:15.918+0000][1][safepoint    ] Safepoint "RevokeBias", Time since last: 1261458 ns, Reaching safepoint: 288000 ns, At safepoint: 94750 ns, Total: 382750 ns
[2022-09-04T01:48:15.920+0000][1][safepoint    ] Safepoint "RevokeBias", Time since last: 1379125 ns, Reaching safepoint: 229750 ns, At safepoint: 96375 ns, Total: 326125 ns
[2022-09-04T01:48:15.922+0000][1][safepoint    ] Safepoint "RevokeBias", Time since last: 1854084 ns, Reaching safepoint: 180416 ns, At safepoint: 100500 ns, Total: 280916 ns
[2022-09-04T01:48:15.923+0000][1][safepoint    ] Safepoint "RevokeBias", Time since last: 1145500 ns, Reaching safepoint: 177167 ns, At safepoint: 85458 ns, Total: 262625 ns
[2022-09-04T01:48:15.925+0000][1][safepoint    ] Safepoint "RevokeBias", Time since last: 1914000 ns, Reaching safepoint: 182417 ns, At safepoint: 96500 ns, Total: 278917 ns
[2022-09-04T01:48:15.927+0000][1][safepoint    ] Safepoint "RevokeBias", Time since last: 1132917 ns, Reaching safepoint: 183708 ns, At safepoint: 126625 ns, Total: 310333 ns
[2022-09-04T01:48:15.928+0000][1][safepoint    ] Safepoint "RevokeBias", Time since last: 1108750 ns, Reaching safepoint: 215042 ns, At safepoint: 93041 ns, Total: 308083 ns
[2022-09-04T01:48:15.930+0000][1][safepoint    ] Safepoint "RevokeBias", Time since last: 895209 ns, Reaching safepoint: 182291 ns, At safepoint: 171834 ns, Total: 354125 ns
[2022-09-04T01:48:15.932+0000][1][safepoint    ] Safepoint "BulkRevokeBias", Time since last: 985166 ns, Reaching safepoint: 227125 ns, At safepoint: 1154709 ns, Total: 1381834 ns
[2022-09-04T01:48:16.523+0000][1][safepoint    ] Safepoint "RevokeBias", Time since last: 590091875 ns, Reaching safepoint: 1066083 ns, At safepoint: 129417 ns, Total: 1195500 ns
[2022-09-04T01:48:16.868+0000][1][safepoint    ] Safepoint "RevokeBias", Time since last: 344099667 ns, Reaching safepoint: 789458 ns, At safepoint: 94042 ns, Total: 883500 ns
[2022-09-04T01:48:16.963+0000][1][safepoint    ] Safepoint "RevokeBias", Time since last: 94253750 ns, Reaching safepoint: 850833 ns, At safepoint: 97000 ns, Total: 947833 ns
[2022-09-04T01:48:16.966+0000][1][safepoint    ] Safepoint "RevokeBias", Time since last: 1724125 ns, Reaching safepoint: 820375 ns, At safepoint: 80250 ns, Total: 900625 ns
[2022-09-04T01:48:16.969+0000][1][safepoint    ] Safepoint "RevokeBias", Time since last: 1407459 ns, Reaching safepoint: 1151583 ns, At safepoint: 81958 ns, Total: 1233541 ns
[2022-09-04T01:48:17.074+0000][1][safepoint    ] Safepoint "RevokeBias", Time since last: 104263125 ns, Reaching safepoint: 877250 ns, At safepoint: 104709 ns, Total: 981959 ns
[2022-09-04T01:48:17.307+0000][1][safepoint    ] Safepoint "RevokeBias", Time since last: 232447125 ns, Reaching safepoint: 420666 ns, At safepoint: 84625 ns, Total: 505291 ns
[2022-09-04T01:48:17.395+0000][1][safepoint    ] Safepoint "RevokeBias", Time since last: 87289292 ns, Reaching safepoint: 359875 ns, At safepoint: 71500 ns, Total: 431375 ns
[2022-09-04T01:48:17.404+0000][1][safepoint    ] Safepoint "RevokeBias", Time since last: 8715167 ns, Reaching safepoint: 265750 ns, At safepoint: 27375 ns, Total: 293125 ns
[2022-09-04T01:48:17.464+0000][1][safepoint    ] Safepoint "RevokeBias", Time since last: 60082125 ns, Reaching safepoint: 380166 ns, At safepoint: 73250 ns, Total: 453416 ns
[2022-09-04T01:48:17.476+0000][1][safepoint    ] Safepoint "RevokeBias", Time since last: 11548084 ns, Reaching safepoint: 244208 ns, At safepoint: 72542 ns, Total: 316750 ns
[2022-09-04T01:48:17.534+0000][1][safepoint    ] Safepoint "RevokeBias", Time since last: 57544041 ns, Reaching safepoint: 328542 ns, At safepoint: 68000 ns, Total: 396542 ns
[2022-09-04T01:48:17.645+0000][1][safepoint    ] Safepoint "RevokeBias", Time since last: 110683000 ns, Reaching safepoint: 274834 ns, At safepoint: 127791 ns, Total: 402625 ns
[2022-09-04T01:48:17.658+0000][1][safepoint    ] Safepoint "RevokeBias", Time since last: 12871334 ns, Reaching safepoint: 266333 ns, At safepoint: 70208 ns, Total: 336541 ns
[2022-09-04T01:48:17.743+0000][1][safepoint    ] Safepoint "RevokeBias", Time since last: 84126500 ns, Reaching safepoint: 427209 ns, At safepoint: 75583 ns, Total: 502792 ns
[2022-09-04T01:48:17.756+0000][1][safepoint    ] Safepoint "RevokeBias", Time since last: 13187417 ns, Reaching safepoint: 256916 ns, At safepoint: 71042 ns, Total: 327958 ns
[2022-09-04T01:48:17.779+0000][1][safepoint    ] Safepoint "RevokeBias", Time since last: 21595625 ns, Reaching safepoint: 311250 ns, At safepoint: 299667 ns, Total: 610917 ns
[2022-09-04T01:48:17.784+0000][1][safepoint    ] Safepoint "RevokeBias", Time since last: 4220375 ns, Reaching safepoint: 504375 ns, At safepoint: 365166 ns, Total: 869541 ns
[2022-09-04T01:48:17.795+0000][1][safepoint    ] Safepoint "RevokeBias", Time since last: 10268792 ns, Reaching safepoint: 519500 ns, At safepoint: 122375 ns, Total: 641875 ns
[2022-09-04T01:48:17.820+0000][1][safepoint    ] Safepoint "RevokeBias", Time since last: 24792625 ns, Reaching safepoint: 261667 ns, At safepoint: 92250 ns, Total: 353917 ns
[2022-09-04T01:48:17.823+0000][1][safepoint    ] Safepoint "RevokeBias", Time since last: 2722583 ns, Reaching safepoint: 483875 ns, At safepoint: 69708 ns, Total: 553583 ns
[2022-09-04T01:48:17.843+0000][1][safepoint    ] Safepoint "RevokeBias", Time since last: 19593542 ns, Reaching safepoint: 357667 ns, At safepoint: 82666 ns, Total: 440333 ns
[2022-09-04T01:48:17.973+0000][1][safepoint    ] Safepoint "RevokeBias", Time since last: 129042917 ns, Reaching safepoint: 849208 ns, At safepoint: 93000 ns, Total: 942208 ns
[2022-09-04T01:48:17.976+0000][1][safepoint    ] Safepoint "RevokeBias", Time since last: 2601584 ns, Reaching safepoint: 636250 ns, At safepoint: 75458 ns, Total: 711708 ns
[2022-09-04T01:48:17.979+0000][1][safepoint    ] Safepoint "RevokeBias", Time since last: 1754792 ns, Reaching safepoint: 300291 ns, At safepoint: 71792 ns, Total: 372083 ns
[2022-09-04T01:48:17.987+0000][1][safepoint    ] Safepoint "RevokeBias", Time since last: 7685500 ns, Reaching safepoint: 309708 ns, At safepoint: 147834 ns, Total: 457542 ns
[2022-09-04T01:48:17.997+0000][1][safepoint    ] Safepoint "RevokeBias", Time since last: 9842791 ns, Reaching safepoint: 655917 ns, At safepoint: 71750 ns, Total: 727667 ns
[2022-09-04T01:48:18.000+0000][1][safepoint    ] Safepoint "RevokeBias", Time since last: 2747250 ns, Reaching safepoint: 434042 ns, At safepoint: 69625 ns, Total: 503667 ns
[2022-09-04T01:48:18.145+0000][1][safepoint    ] Safepoint "RevokeBias", Time since last: 144016666 ns, Reaching safepoint: 436084 ns, At safepoint: 34083 ns, Total: 470167 ns
[2022-09-04T01:48:18.272+0000][1][safepoint    ] Safepoint "RevokeBias", Time since last: 126893250 ns, Reaching safepoint: 314000 ns, At safepoint: 76167 ns, Total: 390167 ns
[2022-09-04T01:48:18.275+0000][1][safepoint    ] Safepoint "RevokeBias", Time since last: 2060541 ns, Reaching safepoint: 201959 ns, At safepoint: 145958 ns, Total: 347917 ns
[2022-09-04T01:48:18.339+0000][1][safepoint    ] Safepoint "Deoptimize", Time since last: 62359792 ns, Reaching safepoint: 498917 ns, At safepoint: 1802125 ns, Total: 2301042 ns
[2022-09-04T01:48:18.475+0000][1][safepoint    ] Safepoint "RevokeBias", Time since last: 134578125 ns, Reaching safepoint: 704916 ns, At safepoint: 75875 ns, Total: 780791 ns
[2022-09-04T01:48:18.482+0000][1][safepoint    ] Safepoint "RevokeBias", Time since last: 6717000 ns, Reaching safepoint: 271125 ns, At safepoint: 81625 ns, Total: 352750 ns
[2022-09-04T01:48:18.503+0000][1][safepoint    ] Safepoint "RevokeBias", Time since last: 20546959 ns, Reaching safepoint: 338791 ns, At safepoint: 83167 ns, Total: 421958 ns
[2022-09-04T01:48:18.981+0000][1][safepoint    ] Safepoint "RevokeBias", Time since last: 477604125 ns, Reaching safepoint: 391042 ns, At safepoint: 85583 ns, Total: 476625 ns
[2022-09-04T01:48:19.985+0000][1][safepoint    ] Safepoint "Cleanup", Time since last: 1002935501 ns, Reaching safepoint: 976250 ns, At safepoint: 70000 ns, Total: 1046250 ns
[2022-09-04T01:48:20.989+0000][1][safepoint    ] Safepoint "Cleanup", Time since last: 1003392583 ns, Reaching safepoint: 617792 ns, At safepoint: 18917 ns, Total: 636709 ns
[2022-09-04T01:48:24.897+0000][1][safepoint    ] Safepoint "RevokeBias", Time since last: 3907544377 ns, Reaching safepoint: 498916 ns, At safepoint: 131375 ns, Total: 630291 ns
[2022-09-04T01:48:24.909+0000][1][safepoint    ] Safepoint "RevokeBias", Time since last: 11738000 ns, Reaching safepoint: 359459 ns, At safepoint: 139750 ns, Total: 499209 ns
[2022-09-04T01:48:24.917+0000][1][safepoint    ] Safepoint "RevokeBias", Time since last: 6769500 ns, Reaching safepoint: 501708 ns, At safepoint: 158000 ns, Total: 659708 ns
[2022-09-04T01:48:24.983+0000][1][safepoint    ] Safepoint "RevokeBias", Time since last: 65498417 ns, Reaching safepoint: 603500 ns, At safepoint: 43916 ns, Total: 647416 ns
[2022-09-04T01:48:24.985+0000][1][safepoint    ] Safepoint "RevokeBias", Time since last: 1856250 ns, Reaching safepoint: 311417 ns, At safepoint: 39583 ns, Total: 351000 ns
[2022-09-04T01:48:25.010+0000][1][safepoint    ] Safepoint "RevokeBias", Time since last: 24016250 ns, Reaching safepoint: 520667 ns, At safepoint: 321250 ns, Total: 841917 ns
[2022-09-04T01:48:25.015+0000][1][safepoint    ] Safepoint "RevokeBias", Time since last: 4940667 ns, Reaching safepoint: 212416 ns, At safepoint: 63625 ns, Total: 276041 ns
[2022-09-04T01:48:25.028+0000][1][safepoint    ] Safepoint "Deoptimize", Time since last: 10378459 ns, Reaching safepoint: 490041 ns, At safepoint: 1912459 ns, Total: 2402500 ns
[2022-09-04T01:48:25.107+0000][1][safepoint    ] Safepoint "RevokeBias", Time since last: 78315916 ns, Reaching safepoint: 319667 ns, At safepoint: 143000 ns, Total: 462667 ns
[2022-09-04T01:48:25.133+0000][1][safepoint    ] Safepoint "RevokeBias", Time since last: 26068375 ns, Reaching safepoint: 425542 ns, At safepoint: 56250 ns, Total: 481792 ns
[2022-09-04T01:48:25.195+0000][1][safepoint    ] Safepoint "BulkRevokeBias", Time since last: 60029875 ns, Reaching safepoint: 874541 ns, At safepoint: 1387500 ns, Total: 2262041 ns
[2022-09-04T01:48:25.210+0000][1][safepoint    ] Safepoint "RevokeBias", Time since last: 14422792 ns, Reaching safepoint: 483333 ns, At safepoint: 42875 ns, Total: 526208 ns
[2022-09-04T01:48:25.224+0000][1][safepoint    ] Safepoint "RevokeBias", Time since last: 13646917 ns, Reaching safepoint: 261375 ns, At safepoint: 82625 ns, Total: 344000 ns
[2022-09-04T01:48:25.234+0000][1][safepoint    ] Safepoint "RevokeBias", Time since last: 9707542 ns, Reaching safepoint: 274041 ns, At safepoint: 84084 ns, Total: 358125 ns
[2022-09-04T01:48:26.239+0000][1][safepoint    ] Safepoint "Cleanup", Time since last: 1003856667 ns, Reaching safepoint: 442375 ns, At safepoint: 21792 ns, Total: 464167 ns
[2022-09-04T01:48:27.242+0000][1][safepoint    ] Safepoint "Cleanup", Time since last: 1001802375 ns, Reaching safepoint: 903000 ns, At safepoint: 91292 ns, Total: 994292 ns
[2022-09-04T01:48:36.853+0000][1][safepoint    ] Safepoint "RevokeBias", Time since last: 9610518004 ns, Reaching safepoint: 766583 ns, At safepoint: 125625 ns, Total: 892208 ns
[2022-09-04T01:48:37.858+0000][1][safepoint    ] Safepoint "Cleanup", Time since last: 1003716084 ns, Reaching safepoint: 1637459 ns, At safepoint: 78041 ns, Total: 1715500 ns
[2022-09-04T01:48:38.864+0000][1][safepoint    ] Safepoint "Cleanup", Time since last: 1004186459 ns, Reaching safepoint: 1880458 ns, At safepoint: 135709 ns, Total: 2016167 ns
[2022-09-04T01:48:45.701+0000][1][gc,start     ] GC(16) Pause Young (Allocation Failure)
[2022-09-04T01:48:45.706+0000][1][gc,task      ] GC(16) Using 4 workers of 4 for evacuation
[2022-09-04T01:48:45.837+0000][1][gc,age       ] GC(16) Desired survivor size 8945664 bytes, new threshold 2 (max threshold 6)
[2022-09-04T01:48:45.838+0000][1][gc,age       ] GC(16) Age table with threshold 2 (max threshold 6)
[2022-09-04T01:48:45.840+0000][1][gc,age       ] GC(16) - age   1:    5217168 bytes,    5217168 total
[2022-09-04T01:48:45.841+0000][1][gc,age       ] GC(16) - age   2:    5450352 bytes,   10667520 total
[2022-09-04T01:48:45.844+0000][1][gc,heap      ] GC(16) ParNew: 155413K->14555K(157248K)
[2022-09-04T01:48:45.845+0000][1][gc,heap      ] GC(16) CMS: 47973K->56066K(349568K)
[2022-09-04T01:48:45.846+0000][1][gc,metaspace ] GC(16) Metaspace: 81409K->81409K(1124352K)
[2022-09-04T01:48:45.848+0000][1][gc           ] GC(16) Pause Young (Allocation Failure) 198M->68M(494M) 147.672ms
[2022-09-04T01:48:45.849+0000][1][gc,cpu       ] GC(16) User=0.42s Sys=0.02s Real=0.15s
[2022-09-04T01:48:45.850+0000][1][safepoint    ] Safepoint "GenCollectForAllocation", Time since last: 6834026545 ns, Reaching safepoint: 1125500 ns, At safepoint: 150938041 ns, Total: 152063541 ns
[2022-09-04T01:48:45.967+0000][1][safepoint    ] Safepoint "RevokeBias", Time since last: 116163959 ns, Reaching safepoint: 489833 ns, At safepoint: 302167 ns, Total: 792000 ns
[2022-09-04T01:48:46.971+0000][1][safepoint    ] Safepoint "Cleanup", Time since last: 1002172167 ns, Reaching safepoint: 1627333 ns, At safepoint: 166000 ns, Total: 1793333 ns
[2022-09-04T01:48:50.979+0000][1][safepoint    ] Safepoint "Cleanup", Time since last: 4006094960 ns, Reaching safepoint: 1227292 ns, At safepoint: 41583 ns, Total: 1268875 ns
[2022-09-04T01:48:54.987+0000][1][safepoint    ] Safepoint "Cleanup", Time since last: 4006586627 ns, Reaching safepoint: 1757875 ns, At safepoint: 68042 ns, Total: 1825917 ns
[2022-09-04T01:48:56.995+0000][1][safepoint    ] Safepoint "Cleanup", Time since last: 2005388043 ns, Reaching safepoint: 2435625 ns, At safepoint: 54291 ns, Total: 2489916 ns
[2022-09-04T01:49:07.021+0000][1][safepoint    ] Safepoint "Cleanup", Time since last: 10024766296 ns, Reaching safepoint: 877667 ns, At safepoint: 22458 ns, Total: 900125 ns
[2022-09-04T01:49:10.024+0000][1][safepoint    ] Safepoint "Cleanup", Time since last: 3002754418 ns, Reaching safepoint: 584125 ns, At safepoint: 22000 ns, Total: 606125 ns
[2022-09-04T01:49:12.028+0000][1][safepoint    ] Safepoint "Cleanup", Time since last: 2002667043 ns, Reaching safepoint: 1210541 ns, At safepoint: 57250 ns, Total: 1267791 ns
[2022-09-04T01:49:13.032+0000][1][safepoint    ] Safepoint "Cleanup", Time since last: 1003036043 ns, Reaching safepoint: 790958 ns, At safepoint: 24042 ns, Total: 815000 ns
[2022-09-04T01:49:18.039+0000][1][safepoint    ] Safepoint "Cleanup", Time since last: 5004630627 ns, Reaching safepoint: 2602333 ns, At safepoint: 80459 ns, Total: 2682792 ns
[2022-09-04T01:49:24.048+0000][1][safepoint    ] Safepoint "Cleanup", Time since last: 6005478503 ns, Reaching safepoint: 3360625 ns, At safepoint: 97958 ns, Total: 3458583 ns
[2022-09-04T01:49:37.057+0000][1][safepoint    ] Safepoint "Cleanup", Time since last: 13006751714 ns, Reaching safepoint: 2738417 ns, At safepoint: 203541 ns, Total: 2941958 ns
[2022-09-04T01:49:42.070+0000][1][safepoint    ] Safepoint "Cleanup", Time since last: 5010222545 ns, Reaching safepoint: 2675291 ns, At safepoint: 71250 ns, Total: 2746541 ns
[2022-09-04T01:49:44.078+0000][1][safepoint    ] Safepoint "Cleanup", Time since last: 2003745959 ns, Reaching safepoint: 4233209 ns, At safepoint: 90125 ns, Total: 4323334 ns
[2022-09-04T01:49:45.093+0000][1][safepoint    ] Safepoint "Cleanup", Time since last: 1006218917 ns, Reaching safepoint: 8988375 ns, At safepoint: 91333 ns, Total: 9079708 ns
[2022-09-04T01:49:46.100+0000][1][safepoint    ] Safepoint "Cleanup", Time since last: 1005096334 ns, Reaching safepoint: 1450625 ns, At safepoint: 60833 ns, Total: 1511458 ns
[2022-09-04T01:49:50.107+0000][1][safepoint    ] Safepoint "Cleanup", Time since last: 4003561294 ns, Reaching safepoint: 3062667 ns, At safepoint: 139041 ns, Total: 3201708 ns
[2022-09-04T01:49:56.116+0000][1][safepoint    ] Safepoint "Cleanup", Time since last: 6007807295 ns, Reaching safepoint: 1465958 ns, At safepoint: 36750 ns, Total: 1502708 ns
[2022-09-04T01:50:07.133+0000][1][safepoint    ] Safepoint "Cleanup", Time since last: 11015616380 ns, Reaching safepoint: 1036208 ns, At safepoint: 24458 ns, Total: 1060666 ns
[2022-09-04T01:50:09.136+0000][1][safepoint    ] Safepoint "Cleanup", Time since last: 2002732668 ns, Reaching safepoint: 785208 ns, At safepoint: 21125 ns, Total: 806333 ns
[2022-09-04T01:50:12.140+0000][1][safepoint    ] Safepoint "Cleanup", Time since last: 3002455627 ns, Reaching safepoint: 1035458 ns, At safepoint: 26834 ns, Total: 1062292 ns
[2022-09-04T01:50:15.144+0000][1][safepoint    ] Safepoint "Cleanup", Time since last: 3003048334 ns, Reaching safepoint: 1163250 ns, At safepoint: 28917 ns, Total: 1192167 ns
[2022-09-04T01:50:17.149+0000][1][safepoint    ] Safepoint "Cleanup", Time since last: 2004390584 ns, Reaching safepoint: 837209 ns, At safepoint: 22875 ns, Total: 860084 ns
[2022-09-04T01:50:20.152+0000][1][safepoint    ] Safepoint "Cleanup", Time since last: 3002199501 ns, Reaching safepoint: 775583 ns, At safepoint: 23750 ns, Total: 799333 ns
[2022-09-04T01:50:21.156+0000][1][safepoint    ] Safepoint "Cleanup", Time since last: 1002340334 ns, Reaching safepoint: 1288500 ns, At safepoint: 40042 ns, Total: 1328542 ns
[2022-09-04T01:50:37.178+0000][1][safepoint    ] Safepoint "Cleanup", Time since last: 16021431632 ns, Reaching safepoint: 1188250 ns, At safepoint: 31041 ns, Total: 1219291 ns
[2022-09-04T01:50:38.182+0000][1][safepoint    ] Safepoint "Cleanup", Time since last: 1002605417 ns, Reaching safepoint: 838917 ns, At safepoint: 22625 ns, Total: 861542 ns
[2022-09-04T01:50:52.199+0000][1][safepoint    ] Safepoint "Cleanup", Time since last: 14016258340 ns, Reaching safepoint: 1441208 ns, At safepoint: 37167 ns, Total: 1478375 ns
[2022-09-04T01:51:02.173+0000][1][safepoint    ] Safepoint "RevokeBias", Time since last: 9970957921 ns, Reaching safepoint: 1037000 ns, At safepoint: 1874959 ns, Total: 2911959 ns
[2022-09-04T01:51:02.187+0000][1][safepoint    ] Safepoint "RevokeBias", Time since last: 12896791 ns, Reaching safepoint: 381000 ns, At safepoint: 110917 ns, Total: 491917 ns
[2022-09-04T01:51:02.208+0000][1][safepoint    ] Safepoint "RevokeBias", Time since last: 19247500 ns, Reaching safepoint: 961500 ns, At safepoint: 1003167 ns, Total: 1964667 ns
[2022-09-04T01:51:02.221+0000][1][safepoint    ] Safepoint "RevokeBias", Time since last: 12809666 ns, Reaching safepoint: 508000 ns, At safepoint: 108250 ns, Total: 616250 ns
[2022-09-04T01:51:02.872+0000][1][safepoint    ] Safepoint "RevokeBias", Time since last: 647467542 ns, Reaching safepoint: 2646709 ns, At safepoint: 554291 ns, Total: 3201000 ns
[2022-09-04T01:51:02.876+0000][1][safepoint    ] Safepoint "RevokeBias", Time since last: 3797625 ns, Reaching safepoint: 631375 ns, At safepoint: 134417 ns, Total: 765792 ns
[2022-09-04T01:51:02.884+0000][1][safepoint    ] Safepoint "RevokeBias", Time since last: 6810708 ns, Reaching safepoint: 477292 ns, At safepoint: 116625 ns, Total: 593917 ns
[2022-09-04T01:51:02.888+0000][1][safepoint    ] Safepoint "RevokeBias", Time since last: 3382292 ns, Reaching safepoint: 534625 ns, At safepoint: 109083 ns, Total: 643708 ns
[2022-09-04T01:51:02.891+0000][1][safepoint    ] Safepoint "RevokeBias", Time since last: 2518583 ns, Reaching safepoint: 447334 ns, At safepoint: 104750 ns, Total: 552084 ns
[2022-09-04T01:51:02.895+0000][1][safepoint    ] Safepoint "RevokeBias", Time since last: 3771708 ns, Reaching safepoint: 570917 ns, At safepoint: 97291 ns, Total: 668208 ns
[2022-09-04T01:51:02.995+0000][1][safepoint    ] Safepoint "RevokeBias", Time since last: 98335834 ns, Reaching safepoint: 1248500 ns, At safepoint: 135458 ns, Total: 1383958 ns
[2022-09-04T01:51:03.008+0000][1][safepoint    ] Safepoint "RevokeBias", Time since last: 11445292 ns, Reaching safepoint: 437625 ns, At safepoint: 999541 ns, Total: 1437166 ns
[2022-09-04T01:51:03.017+0000][1][safepoint    ] Safepoint "RevokeBias", Time since last: 8904459 ns, Reaching safepoint: 506375 ns, At safepoint: 96917 ns, Total: 603292 ns
[2022-09-04T01:51:03.022+0000][1][safepoint    ] Safepoint "RevokeBias", Time since last: 4175125 ns, Reaching safepoint: 659041 ns, At safepoint: 101917 ns, Total: 760958 ns
[2022-09-04T01:51:03.027+0000][1][safepoint    ] Safepoint "RevokeBias", Time since last: 3821333 ns, Reaching safepoint: 410417 ns, At safepoint: 175542 ns, Total: 585959 ns
[2022-09-04T01:51:03.031+0000][1][safepoint    ] Safepoint "RevokeBias", Time since last: 4042500 ns, Reaching safepoint: 458958 ns, At safepoint: 121333 ns, Total: 580291 ns
[2022-09-04T01:51:03.196+0000][1][safepoint    ] Safepoint "RevokeBias", Time since last: 163195667 ns, Reaching safepoint: 1291625 ns, At safepoint: 265833 ns, Total: 1557458 ns
[2022-09-04T01:51:03.305+0000][1][safepoint    ] Safepoint "RevokeBias", Time since last: 107894125 ns, Reaching safepoint: 1157292 ns, At safepoint: 101792 ns, Total: 1259084 ns
[2022-09-04T01:51:03.323+0000][1][safepoint    ] Safepoint "RevokeBias", Time since last: 16378500 ns, Reaching safepoint: 894041 ns, At safepoint: 122709 ns, Total: 1016750 ns
[2022-09-04T01:51:03.328+0000][1][safepoint    ] Safepoint "RevokeBias", Time since last: 4485625 ns, Reaching safepoint: 451500 ns, At safepoint: 95958 ns, Total: 547458 ns
[2022-09-04T01:51:03.342+0000][1][safepoint    ] Safepoint "RevokeBias", Time since last: 13735167 ns, Reaching safepoint: 432166 ns, At safepoint: 158875 ns, Total: 591041 ns
[2022-09-04T01:51:03.734+0000][1][safepoint    ] Safepoint "RevokeBias", Time since last: 390315292 ns, Reaching safepoint: 1078125 ns, At safepoint: 201459 ns, Total: 1279584 ns
[2022-09-04T01:51:03.982+0000][1][safepoint    ] Safepoint "RevokeBias", Time since last: 246275875 ns, Reaching safepoint: 1844875 ns, At safepoint: 89291 ns, Total: 1934166 ns
[2022-09-04T01:51:04.159+0000][1][safepoint    ] Safepoint "RevokeBias", Time since last: 176621084 ns, Reaching safepoint: 534875 ns, At safepoint: 93625 ns, Total: 628500 ns
[2022-09-04T01:51:04.287+0000][1][safepoint    ] Safepoint "RevokeBias", Time since last: 127095083 ns, Reaching safepoint: 1097833 ns, At safepoint: 93292 ns, Total: 1191125 ns
[2022-09-04T01:51:04.435+0000][1][safepoint    ] Safepoint "RevokeBias", Time since last: 147006042 ns, Reaching safepoint: 916625 ns, At safepoint: 104625 ns, Total: 1021250 ns
[2022-09-04T01:51:04.456+0000][1][safepoint    ] Safepoint "RevokeBias", Time since last: 20227167 ns, Reaching safepoint: 516750 ns, At safepoint: 94708 ns, Total: 611458 ns
[2022-09-04T01:51:04.460+0000][1][safepoint    ] Safepoint "RevokeBias", Time since last: 2863333 ns, Reaching safepoint: 403459 ns, At safepoint: 84000 ns, Total: 487459 ns
[2022-09-04T01:51:04.469+0000][1][safepoint    ] Safepoint "RevokeBias", Time since last: 8685708 ns, Reaching safepoint: 339833 ns, At safepoint: 101709 ns, Total: 441542 ns
[2022-09-04T01:51:04.482+0000][1][safepoint    ] Safepoint "RevokeBias", Time since last: 13244708 ns, Reaching safepoint: 410667 ns, At safepoint: 77541 ns, Total: 488208 ns
[2022-09-04T01:51:04.486+0000][1][safepoint    ] Safepoint "RevokeBias", Time since last: 3376500 ns, Reaching safepoint: 286500 ns, At safepoint: 78000 ns, Total: 364500 ns
[2022-09-04T01:51:04.488+0000][1][safepoint    ] Safepoint "RevokeBias", Time since last: 1938042 ns, Reaching safepoint: 261750 ns, At safepoint: 74167 ns, Total: 335917 ns
[2022-09-04T01:51:04.523+0000][1][safepoint    ] Safepoint "RevokeBias", Time since last: 33749291 ns, Reaching safepoint: 580167 ns, At safepoint: 190000 ns, Total: 770167 ns
[2022-09-04T01:51:04.532+0000][1][safepoint    ] Safepoint "RevokeBias", Time since last: 8844500 ns, Reaching safepoint: 387792 ns, At safepoint: 107666 ns, Total: 495458 ns
[2022-09-04T01:51:04.539+0000][1][safepoint    ] Safepoint "RevokeBias", Time since last: 5459875 ns, Reaching safepoint: 800084 ns, At safepoint: 839875 ns, Total: 1639959 ns
[2022-09-04T01:51:04.542+0000][1][safepoint    ] Safepoint "RevokeBias", Time since last: 1807458 ns, Reaching safepoint: 588958 ns, At safepoint: 355542 ns, Total: 944500 ns
[2022-09-04T01:51:04.553+0000][1][safepoint    ] Safepoint "RevokeBias", Time since last: 10262958 ns, Reaching safepoint: 617875 ns, At safepoint: 98834 ns, Total: 716709 ns
[2022-09-04T01:51:04.570+0000][1][safepoint    ] Safepoint "RevokeBias", Time since last: 16130416 ns, Reaching safepoint: 576000 ns, At safepoint: 147250 ns, Total: 723250 ns
[2022-09-04T01:51:04.573+0000][1][safepoint    ] Safepoint "RevokeBias", Time since last: 1853625 ns, Reaching safepoint: 776709 ns, At safepoint: 175708 ns, Total: 952417 ns
[2022-09-04T01:51:04.575+0000][1][safepoint    ] Safepoint "RevokeBias", Time since last: 2123042 ns, Reaching safepoint: 274458 ns, At safepoint: 72167 ns, Total: 346625 ns
[2022-09-04T01:51:04.584+0000][1][safepoint    ] Safepoint "RevokeBias", Time since last: 8414791 ns, Reaching safepoint: 371042 ns, At safepoint: 97375 ns, Total: 468417 ns
[2022-09-04T01:51:04.651+0000][1][safepoint    ] Safepoint "RevokeBias", Time since last: 66315667 ns, Reaching safepoint: 683833 ns, At safepoint: 106708 ns, Total: 790541 ns
[2022-09-04T01:51:04.656+0000][1][safepoint    ] Safepoint "RevokeBias", Time since last: 4408042 ns, Reaching safepoint: 621875 ns, At safepoint: 105667 ns, Total: 727542 ns
[2022-09-04T01:51:04.664+0000][1][safepoint    ] Safepoint "RevokeBias", Time since last: 7206958 ns, Reaching safepoint: 668125 ns, At safepoint: 110958 ns, Total: 779083 ns
[2022-09-04T01:51:04.668+0000][1][safepoint    ] Safepoint "RevokeBias", Time since last: 2937500 ns, Reaching safepoint: 456292 ns, At safepoint: 81083 ns, Total: 537375 ns
[2022-09-04T01:51:04.793+0000][1][safepoint    ] Safepoint "RevokeBias", Time since last: 123536792 ns, Reaching safepoint: 1903250 ns, At safepoint: 103042 ns, Total: 2006292 ns
[2022-09-04T01:51:04.798+0000][1][safepoint    ] Safepoint "RevokeBias", Time since last: 2903791 ns, Reaching safepoint: 1256042 ns, At safepoint: 432917 ns, Total: 1688959 ns
[2022-09-04T01:51:04.834+0000][1][safepoint    ] Safepoint "RevokeBias", Time since last: 34801583 ns, Reaching safepoint: 650833 ns, At safepoint: 100709 ns, Total: 751542 ns
[2022-09-04T01:51:04.835+0000][1][safepoint    ] Safepoint "RevokeBias", Time since last: 1146000 ns, Reaching safepoint: 374708 ns, At safepoint: 78917 ns, Total: 453625 ns
[2022-09-04T01:51:04.878+0000][1][safepoint    ] Safepoint "RevokeBias", Time since last: 41871000 ns, Reaching safepoint: 620916 ns, At safepoint: 97334 ns, Total: 718250 ns
[2022-09-04T01:51:04.910+0000][1][safepoint    ] Safepoint "RevokeBias", Time since last: 31785375 ns, Reaching safepoint: 332041 ns, At safepoint: 122417 ns, Total: 454458 ns
[2022-09-04T01:51:04.920+0000][1][safepoint    ] Safepoint "RevokeBias", Time since last: 9522792 ns, Reaching safepoint: 747000 ns, At safepoint: 104000 ns, Total: 851000 ns
[2022-09-04T01:51:05.811+0000][1][safepoint    ] Safepoint "RevokeBias", Time since last: 888464833 ns, Reaching safepoint: 2443333 ns, At safepoint: 358584 ns, Total: 2801917 ns
[2022-09-04T01:51:06.818+0000][1][safepoint    ] Safepoint "Cleanup", Time since last: 1005465542 ns, Reaching safepoint: 978458 ns, At safepoint: 32042 ns, Total: 1010500 ns
[2022-09-04T01:51:07.823+0000][1][safepoint    ] Safepoint "Cleanup", Time since last: 1003657708 ns, Reaching safepoint: 1109500 ns, At safepoint: 73042 ns, Total: 1182542 ns
[2022-09-04T01:51:08.831+0000][1][safepoint    ] Safepoint "Cleanup", Time since last: 1005409167 ns, Reaching safepoint: 3196542 ns, At safepoint: 95000 ns, Total: 3291542 ns
[2022-09-04T01:51:09.356+0000][1][safepoint    ] Safepoint "RevokeBias", Time since last: 522739042 ns, Reaching safepoint: 1402375 ns, At safepoint: 432333 ns, Total: 1834708 ns
[2022-09-04T01:51:09.377+0000][1][safepoint    ] Safepoint "RevokeBias", Time since last: 20022125 ns, Reaching safepoint: 944125 ns, At safepoint: 367417 ns, Total: 1311542 ns
[2022-09-04T01:51:09.389+0000][1][safepoint    ] Safepoint "RevokeBias", Time since last: 10806250 ns, Reaching safepoint: 912583 ns, At safepoint: 125459 ns, Total: 1038042 ns
[2022-09-04T01:51:09.398+0000][1][safepoint    ] Safepoint "RevokeBias", Time since last: 8214083 ns, Reaching safepoint: 1068292 ns, At safepoint: 136750 ns, Total: 1205042 ns
[2022-09-04T01:51:09.401+0000][1][safepoint    ] Safepoint "RevokeBias", Time since last: 2422125 ns, Reaching safepoint: 397791 ns, At safepoint: 86584 ns, Total: 484375 ns
[2022-09-04T01:51:09.405+0000][1][safepoint    ] Safepoint "RevokeBias", Time since last: 3334958 ns, Reaching safepoint: 360000 ns, At safepoint: 76833 ns, Total: 436833 ns
[2022-09-04T01:51:09.472+0000][1][safepoint    ] Safepoint "RevokeBias", Time since last: 65911417 ns, Reaching safepoint: 707958 ns, At safepoint: 142292 ns, Total: 850250 ns
[2022-09-04T01:51:09.475+0000][1][safepoint    ] Safepoint "RevokeBias", Time since last: 2919625 ns, Reaching safepoint: 358375 ns, At safepoint: 96083 ns, Total: 454458 ns
[2022-09-04T01:51:09.484+0000][1][safepoint    ] Safepoint "RevokeBias", Time since last: 8022250 ns, Reaching safepoint: 597750 ns, At safepoint: 102459 ns, Total: 700209 ns
[2022-09-04T01:51:10.486+0000][1][safepoint    ] Safepoint "Cleanup", Time since last: 1001368750 ns, Reaching safepoint: 926917 ns, At safepoint: 23750 ns, Total: 950667 ns
[2022-09-04T01:51:11.490+0000][1][safepoint    ] Safepoint "Cleanup", Time since last: 1002651917 ns, Reaching safepoint: 783167 ns, At safepoint: 25041 ns, Total: 808208 ns
[2022-09-04T01:51:12.492+0000][1][safepoint    ] Safepoint "Cleanup", Time since last: 1001571917 ns, Reaching safepoint: 804125 ns, At safepoint: 21625 ns, Total: 825750 ns
[2022-09-04T01:51:13.496+0000][1][safepoint    ] Safepoint "Cleanup", Time since last: 1001812459 ns, Reaching safepoint: 1535625 ns, At safepoint: 89167 ns, Total: 1624792 ns
[2022-09-04T01:51:14.499+0000][1][safepoint    ] Safepoint "Cleanup", Time since last: 1002577542 ns, Reaching safepoint: 858958 ns, At safepoint: 20959 ns, Total: 879917 ns
[2022-09-04T01:51:15.504+0000][1][safepoint    ] Safepoint "Cleanup", Time since last: 1003475625 ns, Reaching safepoint: 1520917 ns, At safepoint: 34791 ns, Total: 1555708 ns
[2022-09-04T01:51:16.512+0000][1][safepoint    ] Safepoint "Cleanup", Time since last: 1007244376 ns, Reaching safepoint: 763958 ns, At safepoint: 20000 ns, Total: 783958 ns
[2022-09-04T01:51:17.515+0000][1][safepoint    ] Safepoint "Cleanup", Time since last: 1001639292 ns, Reaching safepoint: 972375 ns, At safepoint: 21125 ns, Total: 993500 ns
[2022-09-04T01:51:18.518+0000][1][safepoint    ] Safepoint "Cleanup", Time since last: 1001635209 ns, Reaching safepoint: 1533417 ns, At safepoint: 36792 ns, Total: 1570209 ns
[2022-09-04T01:51:19.522+0000][1][safepoint    ] Safepoint "Cleanup", Time since last: 1002552125 ns, Reaching safepoint: 1070083 ns, At safepoint: 23125 ns, Total: 1093208 ns
[2022-09-04T01:51:20.526+0000][1][safepoint    ] Safepoint "Cleanup", Time since last: 1002859959 ns, Reaching safepoint: 1676834 ns, At safepoint: 70541 ns, Total: 1747375 ns
[2022-09-04T01:51:21.530+0000][1][safepoint    ] Safepoint "Cleanup", Time since last: 1003450917 ns, Reaching safepoint: 768667 ns, At safepoint: 21042 ns, Total: 789709 ns
[2022-09-04T01:51:22.537+0000][1][safepoint    ] Safepoint "Cleanup", Time since last: 1005171000 ns, Reaching safepoint: 1349125 ns, At safepoint: 41000 ns, Total: 1390125 ns
[2022-09-04T01:51:23.542+0000][1][safepoint    ] Safepoint "Cleanup", Time since last: 1003283084 ns, Reaching safepoint: 1519875 ns, At safepoint: 43917 ns, Total: 1563792 ns
[2022-09-04T01:51:24.549+0000][1][safepoint    ] Safepoint "Cleanup", Time since last: 1003774833 ns, Reaching safepoint: 2717292 ns, At safepoint: 96667 ns, Total: 2813959 ns
[2022-09-04T01:51:25.556+0000][1][safepoint    ] Safepoint "Cleanup", Time since last: 1005069209 ns, Reaching safepoint: 2371875 ns, At safepoint: 75750 ns, Total: 2447625 ns
[2022-09-04T01:51:26.565+0000][1][safepoint    ] Safepoint "Cleanup", Time since last: 1008157458 ns, Reaching safepoint: 808625 ns, At safepoint: 19875 ns, Total: 828500 ns
[2022-09-04T01:51:27.570+0000][1][safepoint    ] Safepoint "Cleanup", Time since last: 1004643584 ns, Reaching safepoint: 812334 ns, At safepoint: 19875 ns, Total: 832209 ns
[2022-09-04T01:51:28.574+0000][1][safepoint    ] Safepoint "Cleanup", Time since last: 1002693083 ns, Reaching safepoint: 1147542 ns, At safepoint: 31875 ns, Total: 1179417 ns
[2022-09-04T01:51:29.579+0000][1][safepoint    ] Safepoint "Cleanup", Time since last: 1003643417 ns, Reaching safepoint: 1242917 ns, At safepoint: 27833 ns, Total: 1270750 ns
[2022-09-04T01:51:30.582+0000][1][safepoint    ] Safepoint "Cleanup", Time since last: 1001844584 ns, Reaching safepoint: 1153917 ns, At safepoint: 30583 ns, Total: 1184500 ns
[2022-09-04T01:51:31.585+0000][1][safepoint    ] Safepoint "Cleanup", Time since last: 1002392917 ns, Reaching safepoint: 766500 ns, At safepoint: 20000 ns, Total: 786500 ns
[2022-09-04T01:51:32.590+0000][1][safepoint    ] Safepoint "Cleanup", Time since last: 1003050126 ns, Reaching safepoint: 1265958 ns, At safepoint: 28750 ns, Total: 1294708 ns
[2022-09-04T01:51:33.593+0000][1][safepoint    ] Safepoint "Cleanup", Time since last: 1002082584 ns, Reaching safepoint: 1389875 ns, At safepoint: 36875 ns, Total: 1426750 ns
[2022-09-04T01:51:33.796+0000][1][safepoint    ] Safepoint "RevokeBias", Time since last: 201526750 ns, Reaching safepoint: 1310958 ns, At safepoint: 209500 ns, Total: 1520458 ns
[2022-09-04T01:51:33.801+0000][1][safepoint    ] Safepoint "RevokeBias", Time since last: 2807375 ns, Reaching safepoint: 1362625 ns, At safepoint: 429584 ns, Total: 1792209 ns
[2022-09-04T01:51:34.807+0000][1][safepoint    ] Safepoint "Cleanup", Time since last: 1004359292 ns, Reaching safepoint: 1501750 ns, At safepoint: 34000 ns, Total: 1535750 ns
[2022-09-04T01:51:35.814+0000][1][safepoint    ] Safepoint "Cleanup", Time since last: 1003978791 ns, Reaching safepoint: 2721667 ns, At safepoint: 289458 ns, Total: 3011125 ns
[2022-09-04T01:51:37.684+0000][1][safepoint    ] Safepoint "Cleanup", Time since last: 1868143168 ns, Reaching safepoint: 1851083 ns, At safepoint: 39875 ns, Total: 1890958 ns
[2022-09-04T01:51:38.689+0000][1][safepoint    ] Safepoint "Cleanup", Time since last: 1004430126 ns, Reaching safepoint: 1181500 ns, At safepoint: 32208 ns, Total: 1213708 ns
[2022-09-04T01:51:41.695+0000][1][safepoint    ] Safepoint "Cleanup", Time since last: 3004385626 ns, Reaching safepoint: 939709 ns, At safepoint: 21916 ns, Total: 961625 ns
[2022-09-04T01:51:48.704+0000][1][safepoint    ] Safepoint "Cleanup", Time since last: 7008273004 ns, Reaching safepoint: 1166583 ns, At safepoint: 29125 ns, Total: 1195708 ns
[2022-09-04T01:51:57.711+0000][1][safepoint    ] Safepoint "Cleanup", Time since last: 9005844838 ns, Reaching safepoint: 1307500 ns, At safepoint: 50083 ns, Total: 1357583 ns
[2022-09-04T01:51:58.717+0000][1][safepoint    ] Safepoint "Cleanup", Time since last: 1003258667 ns, Reaching safepoint: 2273000 ns, At safepoint: 57292 ns, Total: 2330292 ns
[2022-09-04T01:51:59.724+0000][1][safepoint    ] Safepoint "Cleanup", Time since last: 1003193959 ns, Reaching safepoint: 3251375 ns, At safepoint: 107291 ns, Total: 3358666 ns
[2022-09-04T01:52:00.729+0000][1][safepoint    ] Safepoint "Cleanup", Time since last: 1003948959 ns, Reaching safepoint: 1425667 ns, At safepoint: 35583 ns, Total: 1461250 ns
[2022-09-04T01:52:01.734+0000][1][safepoint    ] Safepoint "Cleanup", Time since last: 1004085542 ns, Reaching safepoint: 869417 ns, At safepoint: 22125 ns, Total: 891542 ns
[2022-09-04T01:52:02.740+0000][1][safepoint    ] Safepoint "Cleanup", Time since last: 1004207792 ns, Reaching safepoint: 1287833 ns, At safepoint: 53584 ns, Total: 1341417 ns
[2022-09-04T01:52:03.745+0000][1][safepoint    ] Safepoint "Cleanup", Time since last: 1004726542 ns, Reaching safepoint: 1028708 ns, At safepoint: 22625 ns, Total: 1051333 ns
[2022-09-04T01:52:04.749+0000][1][safepoint    ] Safepoint "Cleanup", Time since last: 1002459751 ns, Reaching safepoint: 918125 ns, At safepoint: 22458 ns, Total: 940583 ns
[2022-09-04T01:52:05.752+0000][1][safepoint    ] Safepoint "Cleanup", Time since last: 1002703124 ns, Reaching safepoint: 845750 ns, At safepoint: 24709 ns, Total: 870459 ns
[2022-09-04T01:52:06.758+0000][1][safepoint    ] Safepoint "Cleanup", Time since last: 1004562084 ns, Reaching safepoint: 1048791 ns, At safepoint: 23417 ns, Total: 1072208 ns
[2022-09-04T01:52:07.766+0000][1][safepoint    ] Safepoint "Cleanup", Time since last: 1004175917 ns, Reaching safepoint: 3829167 ns, At safepoint: 87250 ns, Total: 3916417 ns
[2022-09-04T01:52:08.777+0000][1][safepoint    ] Safepoint "Cleanup", Time since last: 1009906000 ns, Reaching safepoint: 1526625 ns, At safepoint: 42292 ns, Total: 1568917 ns
[2022-09-04T01:52:09.786+0000][1][safepoint    ] Safepoint "Cleanup", Time since last: 1005844959 ns, Reaching safepoint: 3133791 ns, At safepoint: 189625 ns, Total: 3323416 ns
[2022-09-04T01:52:10.793+0000][1][safepoint    ] Safepoint "Cleanup", Time since last: 1004411876 ns, Reaching safepoint: 1832833 ns, At safepoint: 52084 ns, Total: 1884917 ns
[2022-09-04T01:52:11.798+0000][1][safepoint    ] Safepoint "Cleanup", Time since last: 1003973375 ns, Reaching safepoint: 1089875 ns, At safepoint: 49542 ns, Total: 1139417 ns
[2022-09-04T01:52:12.806+0000][1][safepoint    ] Safepoint "Cleanup", Time since last: 1006488334 ns, Reaching safepoint: 1539958 ns, At safepoint: 39000 ns, Total: 1578958 ns
[2022-09-04T01:52:13.816+0000][1][safepoint    ] Safepoint "Cleanup", Time since last: 1007644459 ns, Reaching safepoint: 2328375 ns, At safepoint: 77666 ns, Total: 2406041 ns
[2022-09-04T01:52:14.822+0000][1][safepoint    ] Safepoint "Cleanup", Time since last: 1004463501 ns, Reaching safepoint: 1734041 ns, At safepoint: 44834 ns, Total: 1778875 ns
[2022-09-04T01:52:15.827+0000][1][safepoint    ] Safepoint "Cleanup", Time since last: 1003642167 ns, Reaching safepoint: 867542 ns, At safepoint: 21291 ns, Total: 888833 ns
[2022-09-04T01:52:16.831+0000][1][safepoint    ] Safepoint "Cleanup", Time since last: 1003562709 ns, Reaching safepoint: 1115625 ns, At safepoint: 26000 ns, Total: 1141625 ns
[2022-09-04T01:52:17.835+0000][1][safepoint    ] Safepoint "Cleanup", Time since last: 1003132126 ns, Reaching safepoint: 972833 ns, At safepoint: 24667 ns, Total: 997500 ns
[2022-09-04T01:52:18.844+0000][1][safepoint    ] Safepoint "Cleanup", Time since last: 1007174083 ns, Reaching safepoint: 1176917 ns, At safepoint: 33167 ns, Total: 1210084 ns
[2022-09-04T01:52:19.847+0000][1][safepoint    ] Safepoint "Cleanup", Time since last: 1002270709 ns, Reaching safepoint: 873583 ns, At safepoint: 24292 ns, Total: 897875 ns
[2022-09-04T01:52:20.851+0000][1][safepoint    ] Safepoint "Cleanup", Time since last: 1001938208 ns, Reaching safepoint: 1586250 ns, At safepoint: 33417 ns, Total: 1619667 ns
[2022-09-04T01:52:21.855+0000][1][safepoint    ] Safepoint "Cleanup", Time since last: 1002529376 ns, Reaching safepoint: 1461666 ns, At safepoint: 38042 ns, Total: 1499708 ns
[2022-09-04T01:52:22.862+0000][1][safepoint    ] Safepoint "Cleanup", Time since last: 1003515834 ns, Reaching safepoint: 3384333 ns, At safepoint: 87458 ns, Total: 3471791 ns
[2022-09-04T01:52:23.872+0000][1][safepoint    ] Safepoint "Cleanup", Time since last: 1006818042 ns, Reaching safepoint: 3604125 ns, At safepoint: 92209 ns, Total: 3696334 ns
[2022-09-04T01:52:25.785+0000][1][safepoint    ] Safepoint "Cleanup", Time since last: 1909920251 ns, Reaching safepoint: 3060833 ns, At safepoint: 74583 ns, Total: 3135416 ns
[2022-09-04T01:52:26.792+0000][1][safepoint    ] Safepoint "Cleanup", Time since last: 1005582043 ns, Reaching safepoint: 971708 ns, At safepoint: 34750 ns, Total: 1006458 ns
[2022-09-04T01:52:27.794+0000][1][safepoint    ] Safepoint "Cleanup", Time since last: 1001832750 ns, Reaching safepoint: 908000 ns, At safepoint: 25334 ns, Total: 933334 ns
[2022-09-04T01:52:28.801+0000][1][safepoint    ] Safepoint "Cleanup", Time since last: 1004722708 ns, Reaching safepoint: 1556000 ns, At safepoint: 38084 ns, Total: 1594084 ns
[2022-09-04T01:52:29.809+0000][1][safepoint    ] Safepoint "Cleanup", Time since last: 1004105834 ns, Reaching safepoint: 3643083 ns, At safepoint: 92000 ns, Total: 3735083 ns
[2022-09-04T01:52:30.816+0000][1][safepoint    ] Safepoint "Cleanup", Time since last: 1005281084 ns, Reaching safepoint: 2254583 ns, At safepoint: 47375 ns, Total: 2301958 ns
[2022-09-04T01:52:31.824+0000][1][safepoint    ] Safepoint "Cleanup", Time since last: 1006905792 ns, Reaching safepoint: 1053250 ns, At safepoint: 26750 ns, Total: 1080000 ns
[2022-09-04T01:52:32.831+0000][1][safepoint    ] Safepoint "Cleanup", Time since last: 1005245876 ns, Reaching safepoint: 1745333 ns, At safepoint: 43667 ns, Total: 1789000 ns
[2022-09-04T01:52:33.835+0000][1][safepoint    ] Safepoint "Cleanup", Time since last: 1002766084 ns, Reaching safepoint: 1221375 ns, At safepoint: 87291 ns, Total: 1308666 ns
[2022-09-04T01:52:34.841+0000][1][safepoint    ] Safepoint "Cleanup", Time since last: 1001894334 ns, Reaching safepoint: 3482333 ns, At safepoint: 105875 ns, Total: 3588208 ns
[2022-09-04T01:52:35.849+0000][1][safepoint    ] Safepoint "Cleanup", Time since last: 1005397667 ns, Reaching safepoint: 2373333 ns, At safepoint: 69542 ns, Total: 2442875 ns
[2022-09-04T01:52:36.856+0000][1][safepoint    ] Safepoint "Cleanup", Time since last: 1006228500 ns, Reaching safepoint: 1090042 ns, At safepoint: 23333 ns, Total: 1113375 ns
[2022-09-04T01:52:37.862+0000][1][safepoint    ] Safepoint "Cleanup", Time since last: 1002818376 ns, Reaching safepoint: 3061875 ns, At safepoint: 89417 ns, Total: 3151292 ns
[2022-09-04T01:52:38.871+0000][1][safepoint    ] Safepoint "Cleanup", Time since last: 1005678792 ns, Reaching safepoint: 3028958 ns, At safepoint: 75208 ns, Total: 3104166 ns
[2022-09-04T01:52:39.881+0000][1][safepoint    ] Safepoint "Cleanup", Time since last: 1006762834 ns, Reaching safepoint: 3728500 ns, At safepoint: 86042 ns, Total: 3814542 ns
[2022-09-04T01:52:40.889+0000][1][safepoint    ] Safepoint "Cleanup", Time since last: 1005445959 ns, Reaching safepoint: 2506958 ns, At safepoint: 90500 ns, Total: 2597458 ns
[2022-09-04T01:52:41.895+0000][1][safepoint    ] Safepoint "Cleanup", Time since last: 1004631375 ns, Reaching safepoint: 1279459 ns, At safepoint: 31041 ns, Total: 1310500 ns
[2022-09-04T01:52:42.903+0000][1][safepoint    ] Safepoint "Cleanup", Time since last: 1004141334 ns, Reaching safepoint: 3535000 ns, At safepoint: 92584 ns, Total: 3627584 ns
[2022-09-04T01:52:43.915+0000][1][safepoint    ] Safepoint "Cleanup", Time since last: 1008149500 ns, Reaching safepoint: 3614500 ns, At safepoint: 96292 ns, Total: 3710792 ns
[2022-09-04T01:52:44.928+0000][1][safepoint    ] Safepoint "Cleanup", Time since last: 1009292417 ns, Reaching safepoint: 3554708 ns, At safepoint: 108750 ns, Total: 3663458 ns
[2022-09-04T01:52:45.940+0000][1][safepoint    ] Safepoint "Cleanup", Time since last: 1008589501 ns, Reaching safepoint: 3434708 ns, At safepoint: 94917 ns, Total: 3529625 ns
[2022-09-04T01:52:46.951+0000][1][safepoint    ] Safepoint "Cleanup", Time since last: 1009797417 ns, Reaching safepoint: 1021458 ns, At safepoint: 28209 ns, Total: 1049667 ns
[2022-09-04T01:52:47.956+0000][1][safepoint    ] Safepoint "Cleanup", Time since last: 1003767875 ns, Reaching safepoint: 1171208 ns, At safepoint: 27417 ns, Total: 1198625 ns
[2022-09-04T01:52:48.959+0000][1][safepoint    ] Safepoint "Cleanup", Time since last: 1002045292 ns, Reaching safepoint: 1360125 ns, At safepoint: 33375 ns, Total: 1393500 ns
[2022-09-04T01:52:49.969+0000][1][safepoint    ] Safepoint "Cleanup", Time since last: 1006119417 ns, Reaching safepoint: 3607792 ns, At safepoint: 92500 ns, Total: 3700292 ns
[2022-09-04T01:52:50.979+0000][1][safepoint    ] Safepoint "Cleanup", Time since last: 1006047959 ns, Reaching safepoint: 3589750 ns, At safepoint: 86041 ns, Total: 3675791 ns
[2022-09-04T01:52:51.985+0000][1][safepoint    ] Safepoint "Cleanup", Time since last: 1005293459 ns, Reaching safepoint: 1005209 ns, At safepoint: 23625 ns, Total: 1028834 ns
[2022-09-04T01:52:52.990+0000][1][safepoint    ] Safepoint "Cleanup", Time since last: 1003637833 ns, Reaching safepoint: 1707417 ns, At safepoint: 41292 ns, Total: 1748709 ns
[2022-09-04T01:52:53.996+0000][1][safepoint    ] Safepoint "Cleanup", Time since last: 1003018042 ns, Reaching safepoint: 2741458 ns, At safepoint: 58042 ns, Total: 2799500 ns
[2022-09-04T01:52:55.005+0000][1][safepoint    ] Safepoint "Cleanup", Time since last: 1004669459 ns, Reaching safepoint: 3699583 ns, At safepoint: 90208 ns, Total: 3789791 ns
[2022-09-04T01:52:56.015+0000][1][safepoint    ] Safepoint "Cleanup", Time since last: 1006519792 ns, Reaching safepoint: 3299000 ns, At safepoint: 73667 ns, Total: 3372667 ns
[2022-09-04T01:52:57.022+0000][1][safepoint    ] Safepoint "Cleanup", Time since last: 1004093292 ns, Reaching safepoint: 3344084 ns, At safepoint: 148000 ns, Total: 3492084 ns
[2022-09-04T01:52:58.032+0000][1][safepoint    ] Safepoint "Cleanup", Time since last: 1005505708 ns, Reaching safepoint: 3741667 ns, At safepoint: 100833 ns, Total: 3842500 ns
[2022-09-04T01:52:59.040+0000][1][safepoint    ] Safepoint "Cleanup", Time since last: 1005780334 ns, Reaching safepoint: 2438750 ns, At safepoint: 67209 ns, Total: 2505959 ns
[2022-09-04T01:53:00.047+0000][1][safepoint    ] Safepoint "Cleanup", Time since last: 1003755917 ns, Reaching safepoint: 3012083 ns, At safepoint: 63250 ns, Total: 3075333 ns
[2022-09-04T01:53:01.061+0000][1][safepoint    ] Safepoint "Cleanup", Time since last: 1012443542 ns, Reaching safepoint: 1455750 ns, At safepoint: 36375 ns, Total: 1492125 ns
[2022-09-04T01:53:02.064+0000][1][safepoint    ] Safepoint "Cleanup", Time since last: 1002717542 ns, Reaching safepoint: 944250 ns, At safepoint: 22000 ns, Total: 966250 ns
[2022-09-04T01:53:03.071+0000][1][safepoint    ] Safepoint "Cleanup", Time since last: 1005403251 ns, Reaching safepoint: 1525167 ns, At safepoint: 41625 ns, Total: 1566792 ns
[2022-09-04T01:53:04.076+0000][1][safepoint    ] Safepoint "Cleanup", Time since last: 1003446458 ns, Reaching safepoint: 1524959 ns, At safepoint: 46250 ns, Total: 1571209 ns
[2022-09-04T01:53:05.081+0000][1][safepoint    ] Safepoint "Cleanup", Time since last: 1004346166 ns, Reaching safepoint: 1248917 ns, At safepoint: 40000 ns, Total: 1288917 ns
[2022-09-04T01:53:06.087+0000][1][safepoint    ] Safepoint "Cleanup", Time since last: 1003462542 ns, Reaching safepoint: 2365167 ns, At safepoint: 88708 ns, Total: 2453875 ns
[2022-09-04T01:53:07.092+0000][1][safepoint    ] Safepoint "Cleanup", Time since last: 1003992125 ns, Reaching safepoint: 1434417 ns, At safepoint: 34542 ns, Total: 1468959 ns
[2022-09-04T01:53:15.100+0000][1][safepoint    ] Safepoint "Cleanup", Time since last: 8005253837 ns, Reaching safepoint: 2529500 ns, At safepoint: 95375 ns, Total: 2624875 ns
[2022-09-04T01:53:16.107+0000][1][safepoint    ] Safepoint "Cleanup", Time since last: 1003841875 ns, Reaching safepoint: 2551250 ns, At safepoint: 60125 ns, Total: 2611375 ns
[2022-09-04T01:53:17.113+0000][1][safepoint    ] Safepoint "Cleanup", Time since last: 1004943209 ns, Reaching safepoint: 1074209 ns, At safepoint: 33250 ns, Total: 1107459 ns
[2022-09-04T01:53:18.118+0000][1][safepoint    ] Safepoint "Cleanup", Time since last: 1002380833 ns, Reaching safepoint: 2927875 ns, At safepoint: 87959 ns, Total: 3015834 ns
[2022-09-04T01:53:19.123+0000][1][safepoint    ] Safepoint "Cleanup", Time since last: 1003678542 ns, Reaching safepoint: 968000 ns, At safepoint: 24125 ns, Total: 992125 ns
[2022-09-04T01:53:20.126+0000][1][safepoint    ] Safepoint "Cleanup", Time since last: 1001733834 ns, Reaching safepoint: 1508791 ns, At safepoint: 42834 ns, Total: 1551625 ns
[2022-09-04T01:53:21.130+0000][1][safepoint    ] Safepoint "Cleanup", Time since last: 1003144708 ns, Reaching safepoint: 1134875 ns, At safepoint: 25625 ns, Total: 1160500 ns
[2022-09-04T01:53:22.134+0000][1][safepoint    ] Safepoint "Cleanup", Time since last: 1002174293 ns, Reaching safepoint: 1307083 ns, At safepoint: 30083 ns, Total: 1337166 ns
[2022-09-04T01:53:23.139+0000][1][safepoint    ] Safepoint "Cleanup", Time since last: 1003644584 ns, Reaching safepoint: 1265708 ns, At safepoint: 57459 ns, Total: 1323167 ns
[2022-09-04T01:53:24.143+0000][1][safepoint    ] Safepoint "Cleanup", Time since last: 1002977750 ns, Reaching safepoint: 873375 ns, At safepoint: 21917 ns, Total: 895292 ns
[2022-09-04T01:53:25.146+0000][1][safepoint    ] Safepoint "Cleanup", Time since last: 1001616334 ns, Reaching safepoint: 1446583 ns, At safepoint: 36333 ns, Total: 1482916 ns
[2022-09-04T01:53:26.151+0000][1][safepoint    ] Safepoint "Cleanup", Time since last: 1004025626 ns, Reaching safepoint: 1524542 ns, At safepoint: 35500 ns, Total: 1560042 ns
[2022-09-04T01:53:27.155+0000][1][safepoint    ] Safepoint "Cleanup", Time since last: 1002935042 ns, Reaching safepoint: 1049083 ns, At safepoint: 23000 ns, Total: 1072083 ns
[2022-09-04T01:53:28.159+0000][1][safepoint    ] Safepoint "Cleanup", Time since last: 1003154626 ns, Reaching safepoint: 853083 ns, At safepoint: 30542 ns, Total: 883625 ns
[2022-09-04T01:53:29.162+0000][1][safepoint    ] Safepoint "Cleanup", Time since last: 1002121667 ns, Reaching safepoint: 822916 ns, At safepoint: 25417 ns, Total: 848333 ns
[2022-09-04T01:53:30.165+0000][1][safepoint    ] Safepoint "Cleanup", Time since last: 1001498500 ns, Reaching safepoint: 1018084 ns, At safepoint: 22916 ns, Total: 1041000 ns
[2022-09-04T01:53:31.168+0000][1][safepoint    ] Safepoint "Cleanup", Time since last: 1002111293 ns, Reaching safepoint: 867833 ns, At safepoint: 21000 ns, Total: 888833 ns
[2022-09-04T01:53:32.171+0000][1][safepoint    ] Safepoint "Cleanup", Time since last: 1001693375 ns, Reaching safepoint: 1280334 ns, At safepoint: 32250 ns, Total: 1312584 ns
[2022-09-04T01:53:33.176+0000][1][safepoint    ] Safepoint "Cleanup", Time since last: 1002592459 ns, Reaching safepoint: 2354083 ns, At safepoint: 88042 ns, Total: 2442125 ns
[2022-09-04T01:53:34.183+0000][1][safepoint    ] Safepoint "Cleanup", Time since last: 1003219417 ns, Reaching safepoint: 3311291 ns, At safepoint: 84959 ns, Total: 3396250 ns
[2022-09-04T01:53:35.188+0000][1][safepoint    ] Safepoint "Cleanup", Time since last: 1004230750 ns, Reaching safepoint: 917875 ns, At safepoint: 23875 ns, Total: 941750 ns
[2022-09-04T01:53:36.196+0000][1][safepoint    ] Safepoint "Cleanup", Time since last: 1004962542 ns, Reaching safepoint: 2944625 ns, At safepoint: 80291 ns, Total: 3024916 ns
[2022-09-04T01:53:37.202+0000][1][safepoint    ] Safepoint "Cleanup", Time since last: 1004666793 ns, Reaching safepoint: 1739458 ns, At safepoint: 44292 ns, Total: 1783750 ns
[2022-09-04T01:53:38.209+0000][1][safepoint    ] Safepoint "Cleanup", Time since last: 1003452083 ns, Reaching safepoint: 3246125 ns, At safepoint: 71959 ns, Total: 3318084 ns
[2022-09-04T01:53:39.371+0000][1][safepoint    ] Safepoint "Cleanup", Time since last: 1158388792 ns, Reaching safepoint: 2897042 ns, At safepoint: 105416 ns, Total: 3002458 ns
[2022-09-04T01:53:40.376+0000][1][safepoint    ] Safepoint "Cleanup", Time since last: 1003869876 ns, Reaching safepoint: 1290375 ns, At safepoint: 34375 ns, Total: 1324750 ns
[2022-09-04T01:53:41.381+0000][1][safepoint    ] Safepoint "Cleanup", Time since last: 1004462625 ns, Reaching safepoint: 809209 ns, At safepoint: 23291 ns, Total: 832500 ns
[2022-09-04T01:53:42.386+0000][1][safepoint    ] Safepoint "Cleanup", Time since last: 1002714376 ns, Reaching safepoint: 1684166 ns, At safepoint: 44875 ns, Total: 1729041 ns
[2022-09-04T01:53:43.390+0000][1][safepoint    ] Safepoint "Cleanup", Time since last: 1003110376 ns, Reaching safepoint: 1535208 ns, At safepoint: 38292 ns, Total: 1573500 ns
[2022-09-04T01:53:44.394+0000][1][safepoint    ] Safepoint "Cleanup", Time since last: 1002812500 ns, Reaching safepoint: 1269500 ns, At safepoint: 75834 ns, Total: 1345334 ns
[2022-09-04T01:53:45.400+0000][1][safepoint    ] Safepoint "Cleanup", Time since last: 1002527750 ns, Reaching safepoint: 3027083 ns, At safepoint: 140959 ns, Total: 3168042 ns
[2022-09-04T01:53:46.407+0000][1][safepoint    ] Safepoint "Cleanup", Time since last: 1006505500 ns, Reaching safepoint: 898209 ns, At safepoint: 38041 ns, Total: 936250 ns
[2022-09-04T01:53:47.413+0000][1][safepoint    ] Safepoint "Cleanup", Time since last: 1001695292 ns, Reaching safepoint: 3883292 ns, At safepoint: 122875 ns, Total: 4006167 ns
[2022-09-04T01:53:48.421+0000][1][safepoint    ] Safepoint "Cleanup", Time since last: 1006378584 ns, Reaching safepoint: 1182208 ns, At safepoint: 27667 ns, Total: 1209875 ns
[2022-09-04T01:53:49.429+0000][1][safepoint    ] Safepoint "Cleanup", Time since last: 1006355792 ns, Reaching safepoint: 1473500 ns, At safepoint: 65083 ns, Total: 1538583 ns
[2022-09-04T01:53:50.437+0000][1][safepoint    ] Safepoint "Cleanup", Time since last: 1006715584 ns, Reaching safepoint: 1708375 ns, At safepoint: 98500 ns, Total: 1806875 ns
[2022-09-04T01:53:51.442+0000][1][safepoint    ] Safepoint "Cleanup", Time since last: 1003025084 ns, Reaching safepoint: 1454542 ns, At safepoint: 36875 ns, Total: 1491417 ns
[2022-09-04T01:53:52.445+0000][1][safepoint    ] Safepoint "Cleanup", Time since last: 1001941250 ns, Reaching safepoint: 1509083 ns, At safepoint: 53125 ns, Total: 1562208 ns
[2022-09-04T01:53:53.450+0000][1][safepoint    ] Safepoint "Cleanup", Time since last: 1003991251 ns, Reaching safepoint: 1289083 ns, At safepoint: 45584 ns, Total: 1334667 ns
[2022-09-04T01:53:54.454+0000][1][safepoint    ] Safepoint "Cleanup", Time since last: 1002291542 ns, Reaching safepoint: 1039458 ns, At safepoint: 27375 ns, Total: 1066833 ns
[2022-09-04T01:53:55.461+0000][1][safepoint    ] Safepoint "Cleanup", Time since last: 1002950376 ns, Reaching safepoint: 3444458 ns, At safepoint: 230333 ns, Total: 3674791 ns
[2022-09-04T01:53:56.467+0000][1][safepoint    ] Safepoint "Cleanup", Time since last: 1005672417 ns, Reaching safepoint: 789125 ns, At safepoint: 21625 ns, Total: 810750 ns
[2022-09-04T01:53:57.470+0000][1][safepoint    ] Safepoint "Cleanup", Time since last: 1001873876 ns, Reaching safepoint: 1316625 ns, At safepoint: 39125 ns, Total: 1355750 ns
[2022-09-04T01:53:58.473+0000][1][safepoint    ] Safepoint "Cleanup", Time since last: 1002133417 ns, Reaching safepoint: 781792 ns, At safepoint: 20083 ns, Total: 801875 ns
[2022-09-04T01:53:59.629+0000][1][safepoint    ] Safepoint "Cleanup", Time since last: 1155156584 ns, Reaching safepoint: 854000 ns, At safepoint: 21708 ns, Total: 875708 ns
[2022-09-04T01:54:00.633+0000][1][safepoint    ] Safepoint "Cleanup", Time since last: 1002552751 ns, Reaching safepoint: 1033166 ns, At safepoint: 27959 ns, Total: 1061125 ns
[2022-09-04T01:54:01.638+0000][1][safepoint    ] Safepoint "Cleanup", Time since last: 1004086417 ns, Reaching safepoint: 984750 ns, At safepoint: 25500 ns, Total: 1010250 ns
[2022-09-04T01:54:02.641+0000][1][safepoint    ] Safepoint "Cleanup", Time since last: 1001878375 ns, Reaching safepoint: 977042 ns, At safepoint: 23792 ns, Total: 1000834 ns
[2022-09-04T01:54:03.644+0000][1][safepoint    ] Safepoint "Cleanup", Time since last: 1001806583 ns, Reaching safepoint: 1437334 ns, At safepoint: 52125 ns, Total: 1489459 ns
[2022-09-04T01:54:04.649+0000][1][safepoint    ] Safepoint "Cleanup", Time since last: 1004009209 ns, Reaching safepoint: 1336541 ns, At safepoint: 29209 ns, Total: 1365750 ns
[2022-09-04T01:54:05.653+0000][1][safepoint    ] Safepoint "Cleanup", Time since last: 1002429666 ns, Reaching safepoint: 910667 ns, At safepoint: 19708 ns, Total: 930375 ns
[2022-09-04T01:54:06.657+0000][1][safepoint    ] Safepoint "Cleanup", Time since last: 1003384626 ns, Reaching safepoint: 907292 ns, At safepoint: 20958 ns, Total: 928250 ns
[2022-09-04T01:54:07.661+0000][1][safepoint    ] Safepoint "Cleanup", Time since last: 1002757959 ns, Reaching safepoint: 907375 ns, At safepoint: 20958 ns, Total: 928333 ns
[2022-09-04T01:54:08.668+0000][1][safepoint    ] Safepoint "Cleanup", Time since last: 1003816626 ns, Reaching safepoint: 3378708 ns, At safepoint: 133208 ns, Total: 3511916 ns
[2022-09-04T01:54:09.675+0000][1][safepoint    ] Safepoint "Cleanup", Time since last: 1005777167 ns, Reaching safepoint: 1512542 ns, At safepoint: 36208 ns, Total: 1548750 ns
[2022-09-04T01:54:10.679+0000][1][safepoint    ] Safepoint "Cleanup", Time since last: 1003096001 ns, Reaching safepoint: 926333 ns, At safepoint: 33542 ns, Total: 959875 ns
[2022-09-04T01:54:11.682+0000][1][safepoint    ] Safepoint "Cleanup", Time since last: 1001517792 ns, Reaching safepoint: 859958 ns, At safepoint: 31834 ns, Total: 891792 ns
[2022-09-04T01:54:12.684+0000][1][safepoint    ] Safepoint "Cleanup", Time since last: 1001504375 ns, Reaching safepoint: 801292 ns, At safepoint: 21041 ns, Total: 822333 ns
[2022-09-04T01:54:13.688+0000][1][safepoint    ] Safepoint "Cleanup", Time since last: 1002378459 ns, Reaching safepoint: 1540625 ns, At safepoint: 28834 ns, Total: 1569459 ns
[2022-09-04T01:54:14.693+0000][1][safepoint    ] Safepoint "Cleanup", Time since last: 1003234208 ns, Reaching safepoint: 1445667 ns, At safepoint: 44250 ns, Total: 1489917 ns
[2022-09-04T01:54:15.698+0000][1][safepoint    ] Safepoint "Cleanup", Time since last: 1004133876 ns, Reaching safepoint: 1297791 ns, At safepoint: 32250 ns, Total: 1330041 ns
[2022-09-04T01:54:16.703+0000][1][safepoint    ] Safepoint "Cleanup", Time since last: 1003513084 ns, Reaching safepoint: 786958 ns, At safepoint: 23334 ns, Total: 810292 ns
[2022-09-04T01:54:17.705+0000][1][safepoint    ] Safepoint "Cleanup", Time since last: 1001770709 ns, Reaching safepoint: 756500 ns, At safepoint: 20958 ns, Total: 777458 ns
[2022-09-04T01:54:18.709+0000][1][safepoint    ] Safepoint "Cleanup", Time since last: 1002209834 ns, Reaching safepoint: 1399833 ns, At safepoint: 36792 ns, Total: 1436625 ns
[2022-09-04T01:54:19.714+0000][1][safepoint    ] Safepoint "Cleanup", Time since last: 1004266625 ns, Reaching safepoint: 955000 ns, At safepoint: 21750 ns, Total: 976750 ns
[2022-09-04T01:54:20.717+0000][1][safepoint    ] Safepoint "Cleanup", Time since last: 1001921126 ns, Reaching safepoint: 916541 ns, At safepoint: 21917 ns, Total: 938458 ns
[2022-09-04T01:54:21.720+0000][1][safepoint    ] Safepoint "Cleanup", Time since last: 1002019834 ns, Reaching safepoint: 1043833 ns, At safepoint: 28750 ns, Total: 1072583 ns
[2022-09-04T01:54:22.184+0000][1][gc,start     ] GC(17) Pause Young (Allocation Failure)
[2022-09-04T01:54:22.190+0000][1][gc,task      ] GC(17) Using 4 workers of 4 for evacuation
[2022-09-04T01:54:22.287+0000][1][gc,age       ] GC(17) Desired survivor size 8945664 bytes, new threshold 6 (max threshold 6)
[2022-09-04T01:54:22.289+0000][1][gc,age       ] GC(17) Age table with threshold 6 (max threshold 6)
[2022-09-04T01:54:22.290+0000][1][gc,age       ] GC(17) - age   1:     446768 bytes,     446768 total
[2022-09-04T01:54:22.291+0000][1][gc,age       ] GC(17) - age   2:    4917992 bytes,    5364760 total
[2022-09-04T01:54:22.294+0000][1][gc,heap      ] GC(17) ParNew: 154331K->11451K(157248K)
[2022-09-04T01:54:22.295+0000][1][gc,heap      ] GC(17) CMS: 56066K->61578K(349568K)
[2022-09-04T01:54:22.297+0000][1][gc,metaspace ] GC(17) Metaspace: 81932K->81932K(1124352K)
[2022-09-04T01:54:22.299+0000][1][gc           ] GC(17) Pause Young (Allocation Failure) 205M->71M(494M) 115.312ms
[2022-09-04T01:54:22.300+0000][1][gc,cpu       ] GC(17) User=0.28s Sys=0.04s Real=0.11s
[2022-09-04T01:54:22.302+0000][1][safepoint    ] Safepoint "GenCollectForAllocation", Time since last: 461352209 ns, Reaching safepoint: 1399958 ns, At safepoint: 118764208 ns, Total: 120164166 ns
[2022-09-04T01:54:23.310+0000][1][safepoint    ] Safepoint "Cleanup", Time since last: 1003512876 ns, Reaching safepoint: 4333750 ns, At safepoint: 87167 ns, Total: 4420917 ns
[2022-09-04T01:54:24.320+0000][1][safepoint    ] Safepoint "Cleanup", Time since last: 1007676375 ns, Reaching safepoint: 2247250 ns, At safepoint: 122458 ns, Total: 2369708 ns
[2022-09-04T01:54:25.330+0000][1][safepoint    ] Safepoint "Cleanup", Time since last: 1007125876 ns, Reaching safepoint: 3368833 ns, At safepoint: 356125 ns, Total: 3724958 ns
[2022-09-04T01:54:26.340+0000][1][safepoint    ] Safepoint "Cleanup", Time since last: 1008526834 ns, Reaching safepoint: 982667 ns, At safepoint: 54958 ns, Total: 1037625 ns
[2022-09-04T01:54:27.348+0000][1][safepoint    ] Safepoint "Cleanup", Time since last: 1003573834 ns, Reaching safepoint: 3635583 ns, At safepoint: 302917 ns, Total: 3938500 ns
[2022-09-04T01:54:28.354+0000][1][safepoint    ] Safepoint "Cleanup", Time since last: 1004066042 ns, Reaching safepoint: 2544417 ns, At safepoint: 127375 ns, Total: 2671792 ns
[2022-09-04T01:54:29.361+0000][1][safepoint    ] Safepoint "Cleanup", Time since last: 1003479417 ns, Reaching safepoint: 3069083 ns, At safepoint: 99125 ns, Total: 3168208 ns
[2022-09-04T01:54:30.367+0000][1][safepoint    ] Safepoint "Cleanup", Time since last: 1003945042 ns, Reaching safepoint: 2396875 ns, At safepoint: 134750 ns, Total: 2531625 ns
[2022-09-04T01:54:31.377+0000][1][safepoint    ] Safepoint "Cleanup", Time since last: 1008937209 ns, Reaching safepoint: 854042 ns, At safepoint: 19041 ns, Total: 873083 ns
[2022-09-04T01:54:32.380+0000][1][safepoint    ] Safepoint "Cleanup", Time since last: 1001663251 ns, Reaching safepoint: 943708 ns, At safepoint: 27292 ns, Total: 971000 ns
[2022-09-04T01:54:33.384+0000][1][safepoint    ] Safepoint "Cleanup", Time since last: 1002169834 ns, Reaching safepoint: 1620708 ns, At safepoint: 72417 ns, Total: 1693125 ns
[2022-09-04T01:54:34.388+0000][1][safepoint    ] Safepoint "Cleanup", Time since last: 1002842417 ns, Reaching safepoint: 1556791 ns, At safepoint: 39709 ns, Total: 1596500 ns
[2022-09-04T01:54:35.392+0000][1][safepoint    ] Safepoint "Cleanup", Time since last: 1003434625 ns, Reaching safepoint: 1196708 ns, At safepoint: 26750 ns, Total: 1223458 ns
[2022-09-04T01:54:36.396+0000][1][safepoint    ] Safepoint "Cleanup", Time since last: 1003190667 ns, Reaching safepoint: 786292 ns, At safepoint: 18958 ns, Total: 805250 ns
[2022-09-04T01:54:37.400+0000][1][safepoint    ] Safepoint "Cleanup", Time since last: 1001633626 ns, Reaching safepoint: 2430750 ns, At safepoint: 62583 ns, Total: 2493333 ns
[2022-09-04T01:54:38.404+0000][1][safepoint    ] Safepoint "Cleanup", Time since last: 1002433375 ns, Reaching safepoint: 780792 ns, At safepoint: 23083 ns, Total: 803875 ns
[2022-09-04T01:54:39.411+0000][1][safepoint    ] Safepoint "Cleanup", Time since last: 1003822751 ns, Reaching safepoint: 3525583 ns, At safepoint: 120709 ns, Total: 3646292 ns
[2022-09-04T01:54:40.426+0000][1][safepoint    ] Safepoint "Cleanup", Time since last: 1013523375 ns, Reaching safepoint: 1358542 ns, At safepoint: 31625 ns, Total: 1390167 ns
[2022-09-04T01:54:41.430+0000][1][safepoint    ] Safepoint "Cleanup", Time since last: 1003275500 ns, Reaching safepoint: 895875 ns, At safepoint: 19750 ns, Total: 915625 ns
[2022-09-04T01:54:42.435+0000][1][safepoint    ] Safepoint "Cleanup", Time since last: 1003486376 ns, Reaching safepoint: 1017041 ns, At safepoint: 24125 ns, Total: 1041166 ns
[2022-09-04T01:54:43.771+0000][1][safepoint    ] Safepoint "Cleanup", Time since last: 1334823834 ns, Reaching safepoint: 857625 ns, At safepoint: 21292 ns, Total: 878917 ns
[2022-09-04T01:54:44.776+0000][1][safepoint    ] Safepoint "Cleanup", Time since last: 1001861542 ns, Reaching safepoint: 3632250 ns, At safepoint: 87917 ns, Total: 3720167 ns
[2022-09-04T01:54:45.786+0000][1][safepoint    ] Safepoint "Cleanup", Time since last: 1005677917 ns, Reaching safepoint: 3619625 ns, At safepoint: 75417 ns, Total: 3695042 ns
[2022-09-04T01:54:46.798+0000][1][safepoint    ] Safepoint "Cleanup", Time since last: 1011264833 ns, Reaching safepoint: 926542 ns, At safepoint: 35583 ns, Total: 962125 ns
[2022-09-04T01:54:47.801+0000][1][safepoint    ] Safepoint "Cleanup", Time since last: 1001945168 ns, Reaching safepoint: 1366000 ns, At safepoint: 35458 ns, Total: 1401458 ns
[2022-09-04T01:54:48.804+0000][1][safepoint    ] Safepoint "Cleanup", Time since last: 1002178292 ns, Reaching safepoint: 818500 ns, At safepoint: 27958 ns, Total: 846458 ns
[2022-09-04T01:54:49.811+0000][1][safepoint    ] Safepoint "Cleanup", Time since last: 1003044501 ns, Reaching safepoint: 3412625 ns, At safepoint: 99000 ns, Total: 3511625 ns
[2022-09-04T01:54:50.821+0000][1][safepoint    ] Safepoint "Cleanup", Time since last: 1006836584 ns, Reaching safepoint: 3003791 ns, At safepoint: 79167 ns, Total: 3082958 ns
[2022-09-04T01:54:51.828+0000][1][safepoint    ] Safepoint "Cleanup", Time since last: 1005173334 ns, Reaching safepoint: 2093166 ns, At safepoint: 180834 ns, Total: 2274000 ns
[2022-09-04T01:54:52.836+0000][1][safepoint    ] Safepoint "Cleanup", Time since last: 1004734334 ns, Reaching safepoint: 3361791 ns, At safepoint: 83167 ns, Total: 3444958 ns
[2022-09-04T01:54:53.842+0000][1][safepoint    ] Safepoint "Cleanup", Time since last: 1005342459 ns, Reaching safepoint: 921083 ns, At safepoint: 26792 ns, Total: 947875 ns
[2022-09-04T01:54:54.849+0000][1][safepoint    ] Safepoint "Cleanup", Time since last: 1001995667 ns, Reaching safepoint: 4825458 ns, At safepoint: 104542 ns, Total: 4930000 ns
[2022-09-04T01:54:55.855+0000][1][safepoint    ] Safepoint "Cleanup", Time since last: 1004029500 ns, Reaching safepoint: 1560542 ns, At safepoint: 57333 ns, Total: 1617875 ns
[2022-09-04T01:54:56.869+0000][1][safepoint    ] Safepoint "Cleanup", Time since last: 1012440126 ns, Reaching safepoint: 1201708 ns, At safepoint: 30292 ns, Total: 1232000 ns
[2022-09-04T01:54:57.878+0000][1][safepoint    ] Safepoint "Cleanup", Time since last: 1005570792 ns, Reaching safepoint: 3285250 ns, At safepoint: 97000 ns, Total: 3382250 ns
[2022-09-04T01:54:58.893+0000][1][safepoint    ] Safepoint "Cleanup", Time since last: 1009437376 ns, Reaching safepoint: 4028750 ns, At safepoint: 219458 ns, Total: 4248208 ns
[2022-09-04T01:54:59.901+0000][1][safepoint    ] Safepoint "Cleanup", Time since last: 1006613584 ns, Reaching safepoint: 2871125 ns, At safepoint: 123625 ns, Total: 2994750 ns
[2022-09-04T01:55:00.911+0000][1][safepoint    ] Safepoint "Cleanup", Time since last: 1006761917 ns, Reaching safepoint: 3524791 ns, At safepoint: 94042 ns, Total: 3618833 ns
[2022-09-04T01:55:01.923+0000][1][safepoint    ] Safepoint "Cleanup", Time since last: 1007850709 ns, Reaching safepoint: 3411042 ns, At safepoint: 102333 ns, Total: 3513375 ns
[2022-09-04T01:55:03.744+0000][1][safepoint    ] Safepoint "Cleanup", Time since last: 1819991126 ns, Reaching safepoint: 1369917 ns, At safepoint: 24875 ns, Total: 1394792 ns
[2022-09-04T01:55:04.750+0000][1][safepoint    ] Safepoint "Cleanup", Time since last: 1003043083 ns, Reaching safepoint: 2879459 ns, At safepoint: 112500 ns, Total: 2991959 ns
[2022-09-04T01:55:05.755+0000][1][safepoint    ] Safepoint "Cleanup", Time since last: 1004219416 ns, Reaching safepoint: 1144333 ns, At safepoint: 27667 ns, Total: 1172000 ns
[2022-09-04T01:55:06.763+0000][1][safepoint    ] Safepoint "Cleanup", Time since last: 1004794417 ns, Reaching safepoint: 3711500 ns, At safepoint: 35292 ns, Total: 3746792 ns
[2022-09-04T01:55:07.770+0000][1][safepoint    ] Safepoint "Cleanup", Time since last: 1006164792 ns, Reaching safepoint: 1018125 ns, At safepoint: 38875 ns, Total: 1057000 ns
[2022-09-04T01:55:08.775+0000][1][safepoint    ] Safepoint "Cleanup", Time since last: 1001827709 ns, Reaching safepoint: 2949541 ns, At safepoint: 139667 ns, Total: 3089208 ns
[2022-09-04T01:55:09.783+0000][1][safepoint    ] Safepoint "Cleanup", Time since last: 1005312917 ns, Reaching safepoint: 2303458 ns, At safepoint: 166250 ns, Total: 2469708 ns
[2022-09-04T01:55:10.790+0000][1][safepoint    ] Safepoint "Cleanup", Time since last: 1005531293 ns, Reaching safepoint: 1119250 ns, At safepoint: 43375 ns, Total: 1162625 ns
[2022-09-04T01:55:11.795+0000][1][safepoint    ] Safepoint "Cleanup", Time since last: 1004134583 ns, Reaching safepoint: 1480667 ns, At safepoint: 51292 ns, Total: 1531959 ns
[2022-09-04T01:55:12.800+0000][1][safepoint    ] Safepoint "Cleanup", Time since last: 1003274250 ns, Reaching safepoint: 1351875 ns, At safepoint: 53750 ns, Total: 1405625 ns
[2022-09-04T01:55:13.803+0000][1][safepoint    ] Safepoint "Cleanup", Time since last: 1001904167 ns, Reaching safepoint: 1151375 ns, At safepoint: 27084 ns, Total: 1178459 ns
[2022-09-04T01:55:14.811+0000][1][safepoint    ] Safepoint "Cleanup", Time since last: 1004374667 ns, Reaching safepoint: 3540166 ns, At safepoint: 139417 ns, Total: 3679583 ns
[2022-09-04T01:55:15.823+0000][1][safepoint    ] Safepoint "Cleanup", Time since last: 1008035917 ns, Reaching safepoint: 3832709 ns, At safepoint: 150750 ns, Total: 3983459 ns
[2022-09-04T01:55:16.831+0000][1][safepoint    ] Safepoint "Cleanup", Time since last: 1006207583 ns, Reaching safepoint: 1423417 ns, At safepoint: 32125 ns, Total: 1455542 ns
[2022-09-04T01:55:17.838+0000][1][safepoint    ] Safepoint "Cleanup", Time since last: 1003988959 ns, Reaching safepoint: 2574750 ns, At safepoint: 120750 ns, Total: 2695500 ns
[2022-09-04T01:55:18.843+0000][1][safepoint    ] Safepoint "Cleanup", Time since last: 1003842625 ns, Reaching safepoint: 1645834 ns, At safepoint: 50750 ns, Total: 1696584 ns
[2022-09-04T01:55:19.849+0000][1][safepoint    ] Safepoint "Cleanup", Time since last: 1003012084 ns, Reaching safepoint: 2443708 ns, At safepoint: 76083 ns, Total: 2519791 ns
[2022-09-04T01:55:20.854+0000][1][safepoint    ] Safepoint "Cleanup", Time since last: 1003655292 ns, Reaching safepoint: 1775750 ns, At safepoint: 100792 ns, Total: 1876542 ns
[2022-09-04T01:55:21.865+0000][1][safepoint    ] Safepoint "Cleanup", Time since last: 1008054375 ns, Reaching safepoint: 2862125 ns, At safepoint: 196875 ns, Total: 3059000 ns
[2022-09-04T01:55:22.870+0000][1][safepoint    ] Safepoint "Cleanup", Time since last: 1004134459 ns, Reaching safepoint: 846125 ns, At safepoint: 19209 ns, Total: 865334 ns
[2022-09-04T01:55:23.888+0000][1][safepoint    ] Safepoint "Cleanup", Time since last: 1015712417 ns, Reaching safepoint: 1635166 ns, At safepoint: 59042 ns, Total: 1694208 ns
[2022-09-04T01:55:24.893+0000][1][safepoint    ] Safepoint "Cleanup", Time since last: 1002625459 ns, Reaching safepoint: 2735583 ns, At safepoint: 63000 ns, Total: 2798583 ns
[2022-09-04T01:55:25.900+0000][1][safepoint    ] Safepoint "Cleanup", Time since last: 1004013126 ns, Reaching safepoint: 2304041 ns, At safepoint: 67917 ns, Total: 2371958 ns
[2022-09-04T01:55:26.906+0000][1][safepoint    ] Safepoint "Cleanup", Time since last: 1005165376 ns, Reaching safepoint: 1428500 ns, At safepoint: 29083 ns, Total: 1457583 ns
[2022-09-04T01:55:27.916+0000][1][safepoint    ] Safepoint "Cleanup", Time since last: 1006917834 ns, Reaching safepoint: 2428208 ns, At safepoint: 65833 ns, Total: 2494041 ns
[2022-09-04T01:55:28.923+0000][1][safepoint    ] Safepoint "Cleanup", Time since last: 1003890168 ns, Reaching safepoint: 2962458 ns, At safepoint: 82625 ns, Total: 3045083 ns
[2022-09-04T01:55:29.930+0000][1][safepoint    ] Safepoint "Cleanup", Time since last: 1004906209 ns, Reaching safepoint: 2667333 ns, At safepoint: 87125 ns, Total: 2754458 ns
[2022-09-04T01:55:30.939+0000][1][safepoint    ] Safepoint "Cleanup", Time since last: 1005015209 ns, Reaching safepoint: 3938875 ns, At safepoint: 179291 ns, Total: 4118166 ns
[2022-09-04T01:55:31.949+0000][1][safepoint    ] Safepoint "Cleanup", Time since last: 1007607876 ns, Reaching safepoint: 2246500 ns, At safepoint: 65083 ns, Total: 2311583 ns
[2022-09-04T01:55:32.954+0000][1][safepoint    ] Safepoint "Cleanup", Time since last: 1003312167 ns, Reaching safepoint: 1465209 ns, At safepoint: 45125 ns, Total: 1510334 ns
[2022-09-04T01:55:33.960+0000][1][safepoint    ] Safepoint "Cleanup", Time since last: 1004344417 ns, Reaching safepoint: 1120875 ns, At safepoint: 32458 ns, Total: 1153333 ns
[2022-09-04T01:55:34.964+0000][1][safepoint    ] Safepoint "Cleanup", Time since last: 1001955792 ns, Reaching safepoint: 2765042 ns, At safepoint: 110875 ns, Total: 2875917 ns
[2022-09-04T01:55:35.971+0000][1][safepoint    ] Safepoint "Cleanup", Time since last: 1003809084 ns, Reaching safepoint: 1976666 ns, At safepoint: 80500 ns, Total: 2057166 ns
[2022-09-04T01:55:36.976+0000][1][safepoint    ] Safepoint "Cleanup", Time since last: 1004759584 ns, Reaching safepoint: 1110917 ns, At safepoint: 24875 ns, Total: 1135792 ns
[2022-09-04T01:55:37.980+0000][1][safepoint    ] Safepoint "Cleanup", Time since last: 1002210625 ns, Reaching safepoint: 1348084 ns, At safepoint: 41541 ns, Total: 1389625 ns
[2022-09-04T01:55:38.984+0000][1][safepoint    ] Safepoint "Cleanup", Time since last: 1002114667 ns, Reaching safepoint: 1934959 ns, At safepoint: 63000 ns, Total: 1997959 ns
[2022-09-04T01:55:39.993+0000][1][safepoint    ] Safepoint "Cleanup", Time since last: 1005232125 ns, Reaching safepoint: 3793792 ns, At safepoint: 153750 ns, Total: 3947542 ns
[2022-09-04T01:55:40.998+0000][1][safepoint    ] Safepoint "Cleanup", Time since last: 1002880250 ns, Reaching safepoint: 1397875 ns, At safepoint: 31334 ns, Total: 1429209 ns
[2022-09-04T01:55:42.002+0000][1][safepoint    ] Safepoint "Cleanup", Time since last: 1002723458 ns, Reaching safepoint: 1686792 ns, At safepoint: 99375 ns, Total: 1786167 ns
[2022-09-04T01:55:43.007+0000][1][safepoint    ] Safepoint "Cleanup", Time since last: 1003018001 ns, Reaching safepoint: 1438333 ns, At safepoint: 46458 ns, Total: 1484791 ns
[2022-09-04T01:55:44.012+0000][1][safepoint    ] Safepoint "Cleanup", Time since last: 1002278792 ns, Reaching safepoint: 2642167 ns, At safepoint: 65000 ns, Total: 2707167 ns
[2022-09-04T01:55:45.021+0000][1][safepoint    ] Safepoint "Cleanup", Time since last: 1007421376 ns, Reaching safepoint: 1633875 ns, At safepoint: 45416 ns, Total: 1679291 ns
[2022-09-04T01:55:46.029+0000][1][safepoint    ] Safepoint "Cleanup", Time since last: 1004197126 ns, Reaching safepoint: 3566583 ns, At safepoint: 99292 ns, Total: 3665875 ns
[2022-09-04T01:55:47.034+0000][1][safepoint    ] Safepoint "Cleanup", Time since last: 1004492250 ns, Reaching safepoint: 1237292 ns, At safepoint: 25125 ns, Total: 1262417 ns
[2022-09-04T01:55:48.043+0000][1][safepoint    ] Safepoint "Cleanup", Time since last: 1004686417 ns, Reaching safepoint: 3733208 ns, At safepoint: 104750 ns, Total: 3837958 ns
[2022-09-04T01:55:49.274+0000][1][safepoint    ] Safepoint "Cleanup", Time since last: 1230543418 ns, Reaching safepoint: 888666 ns, At safepoint: 20584 ns, Total: 909250 ns
[2022-09-04T01:55:50.281+0000][1][safepoint    ] Safepoint "Cleanup", Time since last: 1005439917 ns, Reaching safepoint: 869750 ns, At safepoint: 23500 ns, Total: 893250 ns
[2022-09-04T01:55:51.285+0000][1][safepoint    ] Safepoint "Cleanup", Time since last: 1003809334 ns, Reaching safepoint: 829416 ns, At safepoint: 24334 ns, Total: 853750 ns
[2022-09-04T01:55:52.311+0000][1][safepoint    ] Safepoint "Cleanup", Time since last: 1022261000 ns, Reaching safepoint: 3513083 ns, At safepoint: 79209 ns, Total: 3592292 ns
[2022-09-04T01:55:53.319+0000][1][safepoint    ] Safepoint "Cleanup", Time since last: 1005543084 ns, Reaching safepoint: 2414750 ns, At safepoint: 58833 ns, Total: 2473583 ns
[2022-09-04T01:55:54.327+0000][1][safepoint    ] Safepoint "Cleanup", Time since last: 1003524334 ns, Reaching safepoint: 3626000 ns, At safepoint: 104166 ns, Total: 3730166 ns
[2022-09-04T01:55:55.333+0000][1][safepoint    ] Safepoint "Cleanup", Time since last: 1004861751 ns, Reaching safepoint: 1996458 ns, At safepoint: 41875 ns, Total: 2038333 ns
[2022-09-04T01:55:56.339+0000][1][safepoint    ] Safepoint "Cleanup", Time since last: 1005086001 ns, Reaching safepoint: 849333 ns, At safepoint: 40625 ns, Total: 889958 ns
[2022-09-04T01:55:57.345+0000][1][safepoint    ] Safepoint "Cleanup", Time since last: 1002246042 ns, Reaching safepoint: 3570917 ns, At safepoint: 241583 ns, Total: 3812500 ns
[2022-09-04T01:55:58.355+0000][1][safepoint    ] Safepoint "Cleanup", Time since last: 1005929917 ns, Reaching safepoint: 3731334 ns, At safepoint: 79625 ns, Total: 3810959 ns
[2022-09-04T01:55:59.367+0000][1][safepoint    ] Safepoint "Cleanup", Time since last: 1007352417 ns, Reaching safepoint: 3966166 ns, At safepoint: 83917 ns, Total: 4050083 ns
[2022-09-04T01:56:00.371+0000][1][safepoint    ] Safepoint "Cleanup", Time since last: 1003684709 ns, Reaching safepoint: 783625 ns, At safepoint: 21917 ns, Total: 805542 ns
[2022-09-04T01:56:01.375+0000][1][safepoint    ] Safepoint "Cleanup", Time since last: 1003083917 ns, Reaching safepoint: 871125 ns, At safepoint: 24083 ns, Total: 895208 ns
[2022-09-04T01:56:02.379+0000][1][safepoint    ] Safepoint "Cleanup", Time since last: 1002376667 ns, Reaching safepoint: 1702417 ns, At safepoint: 48458 ns, Total: 1750875 ns
[2022-09-04T01:56:03.390+0000][1][safepoint    ] Safepoint "Cleanup", Time since last: 1009934792 ns, Reaching safepoint: 1211334 ns, At safepoint: 29583 ns, Total: 1240917 ns
[2022-09-04T01:56:04.393+0000][1][safepoint    ] Safepoint "Cleanup", Time since last: 1001842834 ns, Reaching safepoint: 1129375 ns, At safepoint: 22041 ns, Total: 1151416 ns
[2022-09-04T01:56:05.308+0000][1][safepoint    ] Safepoint "RevokeBias", Time since last: 912445250 ns, Reaching safepoint: 1158583 ns, At safepoint: 1054625 ns, Total: 2213208 ns
[2022-09-04T01:56:05.444+0000][1][safepoint    ] Safepoint "RevokeBias", Time since last: 135387625 ns, Reaching safepoint: 645334 ns, At safepoint: 165666 ns, Total: 811000 ns
[2022-09-04T01:56:05.450+0000][1][safepoint    ] Safepoint "RevokeBias", Time since last: 5020542 ns, Reaching safepoint: 549125 ns, At safepoint: 114708 ns, Total: 663833 ns
[2022-09-04T01:56:05.507+0000][1][safepoint    ] Safepoint "RevokeBias", Time since last: 56778917 ns, Reaching safepoint: 704042 ns, At safepoint: 115583 ns, Total: 819625 ns
[2022-09-04T01:56:05.516+0000][1][safepoint    ] Safepoint "RevokeBias", Time since last: 8320625 ns, Reaching safepoint: 497458 ns, At safepoint: 99334 ns, Total: 596792 ns
[2022-09-04T01:56:05.540+0000][1][safepoint    ] Safepoint "RevokeBias", Time since last: 23568333 ns, Reaching safepoint: 495625 ns, At safepoint: 99625 ns, Total: 595250 ns
[2022-09-04T01:56:05.543+0000][1][safepoint    ] Safepoint "RevokeBias", Time since last: 2836250 ns, Reaching safepoint: 295625 ns, At safepoint: 75625 ns, Total: 371250 ns
[2022-09-04T01:56:05.547+0000][1][safepoint    ] Safepoint "RevokeBias", Time since last: 2872625 ns, Reaching safepoint: 425167 ns, At safepoint: 71708 ns, Total: 496875 ns
[2022-09-04T01:56:05.549+0000][1][safepoint    ] Safepoint "RevokeBias", Time since last: 1637250 ns, Reaching safepoint: 354750 ns, At safepoint: 68125 ns, Total: 422875 ns
[2022-09-04T01:56:05.560+0000][1][safepoint    ] Safepoint "RevokeBias", Time since last: 10433833 ns, Reaching safepoint: 502334 ns, At safepoint: 107458 ns, Total: 609792 ns
[2022-09-04T01:56:05.602+0000][1][safepoint    ] Safepoint "RevokeBias", Time since last: 41606333 ns, Reaching safepoint: 784209 ns, At safepoint: 126041 ns, Total: 910250 ns
[2022-09-04T01:56:05.610+0000][1][safepoint    ] Safepoint "RevokeBias", Time since last: 7506417 ns, Reaching safepoint: 471917 ns, At safepoint: 82791 ns, Total: 554708 ns
[2022-09-04T01:56:05.623+0000][1][safepoint    ] Safepoint "RevokeBias", Time since last: 11751834 ns, Reaching safepoint: 674125 ns, At safepoint: 111375 ns, Total: 785500 ns
[2022-09-04T01:56:06.135+0000][1][safepoint    ] Safepoint "RevokeBias", Time since last: 510547667 ns, Reaching safepoint: 1352333 ns, At safepoint: 202125 ns, Total: 1554458 ns
[2022-09-04T01:56:07.139+0000][1][safepoint    ] Safepoint "Cleanup", Time since last: 1002300125 ns, Reaching safepoint: 1199292 ns, At safepoint: 22292 ns, Total: 1221584 ns
[2022-09-04T01:56:08.142+0000][1][safepoint    ] Safepoint "Cleanup", Time since last: 1002973459 ns, Reaching safepoint: 884666 ns, At safepoint: 17959 ns, Total: 902625 ns
[2022-09-04T01:56:09.146+0000][1][safepoint    ] Safepoint "Cleanup", Time since last: 1003044583 ns, Reaching safepoint: 838875 ns, At safepoint: 30667 ns, Total: 869542 ns
[2022-09-04T01:56:10.150+0000][1][safepoint    ] Safepoint "Cleanup", Time since last: 1001602042 ns, Reaching safepoint: 1483959 ns, At safepoint: 51708 ns, Total: 1535667 ns
[2022-09-04T01:56:11.153+0000][1][safepoint    ] Safepoint "Cleanup", Time since last: 1002407709 ns, Reaching safepoint: 1014958 ns, At safepoint: 30583 ns, Total: 1045541 ns
[2022-09-04T01:56:12.156+0000][1][safepoint    ] Safepoint "Cleanup", Time since last: 1001620418 ns, Reaching safepoint: 881208 ns, At safepoint: 55583 ns, Total: 936791 ns
[2022-09-04T01:56:13.158+0000][1][safepoint    ] Safepoint "Cleanup", Time since last: 1001781292 ns, Reaching safepoint: 934584 ns, At safepoint: 22083 ns, Total: 956667 ns
[2022-09-04T01:56:14.163+0000][1][safepoint    ] Safepoint "Cleanup", Time since last: 1003066667 ns, Reaching safepoint: 1436583 ns, At safepoint: 33209 ns, Total: 1469792 ns
[2022-09-04T01:56:15.167+0000][1][safepoint    ] Safepoint "Cleanup", Time since last: 1003312750 ns, Reaching safepoint: 1094750 ns, At safepoint: 27792 ns, Total: 1122542 ns
[2022-09-04T01:56:16.172+0000][1][safepoint    ] Safepoint "Cleanup", Time since last: 1003268417 ns, Reaching safepoint: 1723292 ns, At safepoint: 51666 ns, Total: 1774958 ns
[2022-09-04T01:56:17.178+0000][1][safepoint    ] Safepoint "Cleanup", Time since last: 1004801126 ns, Reaching safepoint: 1117625 ns, At safepoint: 30167 ns, Total: 1147792 ns
[2022-09-04T01:56:18.183+0000][1][safepoint    ] Safepoint "Cleanup", Time since last: 1002700625 ns, Reaching safepoint: 1471125 ns, At safepoint: 70125 ns, Total: 1541250 ns
[2022-09-04T01:56:19.187+0000][1][safepoint    ] Safepoint "Cleanup", Time since last: 1003900084 ns, Reaching safepoint: 822417 ns, At safepoint: 41708 ns, Total: 864125 ns
[2022-09-04T01:56:20.190+0000][1][safepoint    ] Safepoint "Cleanup", Time since last: 1001611167 ns, Reaching safepoint: 869667 ns, At safepoint: 29666 ns, Total: 899333 ns
[2022-09-04T01:56:21.192+0000][1][safepoint    ] Safepoint "Cleanup", Time since last: 1001465001 ns, Reaching safepoint: 821042 ns, At safepoint: 21916 ns, Total: 842958 ns
[2022-09-04T01:56:22.198+0000][1][safepoint    ] Safepoint "Cleanup", Time since last: 1003081001 ns, Reaching safepoint: 2456916 ns, At safepoint: 69250 ns, Total: 2526166 ns
[2022-09-04T01:56:23.203+0000][1][safepoint    ] Safepoint "Cleanup", Time since last: 1004399084 ns, Reaching safepoint: 1124583 ns, At safepoint: 35167 ns, Total: 1159750 ns
[2022-09-04T01:56:24.207+0000][1][safepoint    ] Safepoint "Cleanup", Time since last: 1002145959 ns, Reaching safepoint: 1246542 ns, At safepoint: 43625 ns, Total: 1290167 ns
[2022-09-04T01:56:25.211+0000][1][safepoint    ] Safepoint "Cleanup", Time since last: 1002281125 ns, Reaching safepoint: 2121792 ns, At safepoint: 72208 ns, Total: 2194000 ns
[2022-09-04T01:56:26.222+0000][1][safepoint    ] Safepoint "Cleanup", Time since last: 1008461334 ns, Reaching safepoint: 2393000 ns, At safepoint: 53375 ns, Total: 2446375 ns
[2022-09-04T01:56:27.227+0000][1][safepoint    ] Safepoint "Cleanup", Time since last: 1003716834 ns, Reaching safepoint: 1005166 ns, At safepoint: 21750 ns, Total: 1026916 ns
[2022-09-04T01:56:28.232+0000][1][safepoint    ] Safepoint "Cleanup", Time since last: 1004046084 ns, Reaching safepoint: 847209 ns, At safepoint: 20000 ns, Total: 867209 ns
[2022-09-04T01:56:29.237+0000][1][safepoint    ] Safepoint "Cleanup", Time since last: 1003733292 ns, Reaching safepoint: 1126000 ns, At safepoint: 26250 ns, Total: 1152250 ns
[2022-09-04T01:56:30.243+0000][1][safepoint    ] Safepoint "Cleanup", Time since last: 1002466958 ns, Reaching safepoint: 3433417 ns, At safepoint: 92667 ns, Total: 3526084 ns
[2022-09-04T01:56:31.248+0000][1][safepoint    ] Safepoint "Cleanup", Time since last: 1004967167 ns, Reaching safepoint: 883875 ns, At safepoint: 40125 ns, Total: 924000 ns
[2022-09-04T01:56:32.254+0000][1][safepoint    ] Safepoint "Cleanup", Time since last: 1004331334 ns, Reaching safepoint: 1521666 ns, At safepoint: 32750 ns, Total: 1554416 ns
[2022-09-04T01:56:33.260+0000][1][safepoint    ] Safepoint "Cleanup", Time since last: 1004652959 ns, Reaching safepoint: 782542 ns, At safepoint: 22375 ns, Total: 804917 ns
[2022-09-04T01:56:34.266+0000][1][safepoint    ] Safepoint "Cleanup", Time since last: 1004197459 ns, Reaching safepoint: 2347500 ns, At safepoint: 84333 ns, Total: 2431833 ns
[2022-09-04T01:56:35.275+0000][1][safepoint    ] Safepoint "Cleanup", Time since last: 1006967708 ns, Reaching safepoint: 1614458 ns, At safepoint: 42667 ns, Total: 1657125 ns
[2022-09-04T01:56:36.281+0000][1][safepoint    ] Safepoint "Cleanup", Time since last: 1003999209 ns, Reaching safepoint: 2399416 ns, At safepoint: 79084 ns, Total: 2478500 ns
[2022-09-04T01:56:37.288+0000][1][safepoint    ] Safepoint "Cleanup", Time since last: 1006148417 ns, Reaching safepoint: 1060417 ns, At safepoint: 25333 ns, Total: 1085750 ns
[2022-09-04T01:56:38.294+0000][1][safepoint    ] Safepoint "Cleanup", Time since last: 1004181292 ns, Reaching safepoint: 1807542 ns, At safepoint: 44083 ns, Total: 1851625 ns
[2022-09-04T01:56:39.300+0000][1][safepoint    ] Safepoint "Cleanup", Time since last: 1003860042 ns, Reaching safepoint: 1347667 ns, At safepoint: 32375 ns, Total: 1380042 ns
[2022-09-04T01:56:40.305+0000][1][safepoint    ] Safepoint "Cleanup", Time since last: 1002606917 ns, Reaching safepoint: 2895042 ns, At safepoint: 75500 ns, Total: 2970542 ns
[2022-09-04T01:56:41.312+0000][1][safepoint    ] Safepoint "Cleanup", Time since last: 1005642875 ns, Reaching safepoint: 960625 ns, At safepoint: 21083 ns, Total: 981708 ns
[2022-09-04T01:56:42.316+0000][1][safepoint    ] Safepoint "Cleanup", Time since last: 1002881501 ns, Reaching safepoint: 1002917 ns, At safepoint: 31708 ns, Total: 1034625 ns
[2022-09-04T01:56:43.321+0000][1][safepoint    ] Safepoint "Cleanup", Time since last: 1004379709 ns, Reaching safepoint: 1095458 ns, At safepoint: 24500 ns, Total: 1119958 ns
[2022-09-04T01:56:44.326+0000][1][safepoint    ] Safepoint "Cleanup", Time since last: 1004199167 ns, Reaching safepoint: 857167 ns, At safepoint: 31625 ns, Total: 888792 ns
[2022-09-04T01:56:45.333+0000][1][safepoint    ] Safepoint "Cleanup", Time since last: 1003264250 ns, Reaching safepoint: 3365250 ns, At safepoint: 76459 ns, Total: 3441709 ns
[2022-09-04T01:56:46.340+0000][1][safepoint    ] Safepoint "Cleanup", Time since last: 1005775167 ns, Reaching safepoint: 945000 ns, At safepoint: 26917 ns, Total: 971917 ns
[2022-09-04T01:56:47.342+0000][1][safepoint    ] Safepoint "Cleanup", Time since last: 1001635667 ns, Reaching safepoint: 848750 ns, At safepoint: 20208 ns, Total: 868958 ns
[2022-09-04T01:56:48.345+0000][1][safepoint    ] Safepoint "Cleanup", Time since last: 1002038750 ns, Reaching safepoint: 1082667 ns, At safepoint: 29208 ns, Total: 1111875 ns
[2022-09-04T01:56:49.349+0000][1][safepoint    ] Safepoint "Cleanup", Time since last: 1001939543 ns, Reaching safepoint: 1238083 ns, At safepoint: 26333 ns, Total: 1264416 ns
[2022-09-04T01:56:50.356+0000][1][safepoint    ] Safepoint "Cleanup", Time since last: 1005074792 ns, Reaching safepoint: 2280500 ns, At safepoint: 58334 ns, Total: 2338834 ns
[2022-09-04T01:56:51.363+0000][1][safepoint    ] Safepoint "Cleanup", Time since last: 1006660709 ns, Reaching safepoint: 828958 ns, At safepoint: 20417 ns, Total: 849375 ns
[2022-09-04T01:56:52.367+0000][1][safepoint    ] Safepoint "Cleanup", Time since last: 1001695292 ns, Reaching safepoint: 1472583 ns, At safepoint: 49333 ns, Total: 1521916 ns
[2022-09-04T01:56:53.372+0000][1][safepoint    ] Safepoint "Cleanup", Time since last: 1004244418 ns, Reaching safepoint: 1399083 ns, At safepoint: 31000 ns, Total: 1430083 ns
[2022-09-04T01:56:54.376+0000][1][safepoint    ] Safepoint "Cleanup", Time since last: 1002155209 ns, Reaching safepoint: 1161416 ns, At safepoint: 21125 ns, Total: 1182541 ns
[2022-09-04T01:56:55.380+0000][1][safepoint    ] Safepoint "Cleanup", Time since last: 1002102043 ns, Reaching safepoint: 2469083 ns, At safepoint: 67000 ns, Total: 2536083 ns
[2022-09-04T01:56:56.385+0000][1][safepoint    ] Safepoint "Cleanup", Time since last: 1003494375 ns, Reaching safepoint: 807834 ns, At safepoint: 46166 ns, Total: 854000 ns
[2022-09-04T01:56:57.393+0000][1][safepoint    ] Safepoint "Cleanup", Time since last: 1005026167 ns, Reaching safepoint: 2917084 ns, At safepoint: 71458 ns, Total: 2988542 ns
[2022-09-04T01:56:58.398+0000][1][safepoint    ] Safepoint "Cleanup", Time since last: 1003911959 ns, Reaching safepoint: 1225167 ns, At safepoint: 23541 ns, Total: 1248708 ns
[2022-09-04T01:56:59.401+0000][1][safepoint    ] Safepoint "Cleanup", Time since last: 1002171292 ns, Reaching safepoint: 925334 ns, At safepoint: 21708 ns, Total: 947042 ns
[2022-09-04T01:57:00.405+0000][1][safepoint    ] Safepoint "Cleanup", Time since last: 1002845042 ns, Reaching safepoint: 887292 ns, At safepoint: 18292 ns, Total: 905584 ns
[2022-09-04T01:57:01.407+0000][1][safepoint    ] Safepoint "Cleanup", Time since last: 1001658958 ns, Reaching safepoint: 782834 ns, At safepoint: 19291 ns, Total: 802125 ns
[2022-09-04T01:57:02.410+0000][1][safepoint    ] Safepoint "Cleanup", Time since last: 1001888876 ns, Reaching safepoint: 1086875 ns, At safepoint: 27542 ns, Total: 1114417 ns
[2022-09-04T01:57:03.416+0000][1][safepoint    ] Safepoint "Cleanup", Time since last: 1001927875 ns, Reaching safepoint: 3745833 ns, At safepoint: 81875 ns, Total: 3827708 ns
[2022-09-04T01:57:04.424+0000][1][safepoint    ] Safepoint "Cleanup", Time since last: 1007371334 ns, Reaching safepoint: 960167 ns, At safepoint: 20750 ns, Total: 980917 ns
[2022-09-04T01:57:05.429+0000][1][safepoint    ] Safepoint "Cleanup", Time since last: 1001732458 ns, Reaching safepoint: 3143000 ns, At safepoint: 71666 ns, Total: 3214666 ns
[2022-09-04T01:57:06.440+0000][1][safepoint    ] Safepoint "Cleanup", Time since last: 1010056167 ns, Reaching safepoint: 854334 ns, At safepoint: 22375 ns, Total: 876709 ns
[2022-09-04T01:57:07.445+0000][1][safepoint    ] Safepoint "Cleanup", Time since last: 1001925542 ns, Reaching safepoint: 3187542 ns, At safepoint: 157916 ns, Total: 3345458 ns
[2022-09-04T01:57:08.451+0000][1][safepoint    ] Safepoint "Cleanup", Time since last: 1003975751 ns, Reaching safepoint: 1765458 ns, At safepoint: 37500 ns, Total: 1802958 ns
[2022-09-04T01:57:09.458+0000][1][safepoint    ] Safepoint "Cleanup", Time since last: 1003219167 ns, Reaching safepoint: 3544709 ns, At safepoint: 145500 ns, Total: 3690209 ns
[2022-09-04T01:57:10.465+0000][1][safepoint    ] Safepoint "Cleanup", Time since last: 1005343667 ns, Reaching safepoint: 1585875 ns, At safepoint: 64291 ns, Total: 1650166 ns
[2022-09-04T01:57:11.469+0000][1][safepoint    ] Safepoint "Cleanup", Time since last: 1003149793 ns, Reaching safepoint: 855791 ns, At safepoint: 22709 ns, Total: 878500 ns
[2022-09-04T01:57:12.472+0000][1][safepoint    ] Safepoint "Cleanup", Time since last: 1001893125 ns, Reaching safepoint: 938958 ns, At safepoint: 21500 ns, Total: 960458 ns
[2022-09-04T01:57:13.478+0000][1][safepoint    ] Safepoint "Cleanup", Time since last: 1003797292 ns, Reaching safepoint: 2448917 ns, At safepoint: 87458 ns, Total: 2536375 ns
[2022-09-04T01:57:14.484+0000][1][safepoint    ] Safepoint "Cleanup", Time since last: 1005075043 ns, Reaching safepoint: 785250 ns, At safepoint: 20583 ns, Total: 805833 ns
[2022-09-04T01:57:15.489+0000][1][safepoint    ] Safepoint "Cleanup", Time since last: 1002848459 ns, Reaching safepoint: 1922708 ns, At safepoint: 66958 ns, Total: 1989666 ns
[2022-09-04T01:57:16.493+0000][1][safepoint    ] Safepoint "Cleanup", Time since last: 1003547043 ns, Reaching safepoint: 1042250 ns, At safepoint: 20708 ns, Total: 1062958 ns
[2022-09-04T01:57:17.497+0000][1][safepoint    ] Safepoint "Cleanup", Time since last: 1002792917 ns, Reaching safepoint: 1317958 ns, At safepoint: 33084 ns, Total: 1351042 ns
[2022-09-04T01:57:18.502+0000][1][safepoint    ] Safepoint "Cleanup", Time since last: 1003151167 ns, Reaching safepoint: 1199792 ns, At safepoint: 32791 ns, Total: 1232583 ns
[2022-09-04T01:57:19.506+0000][1][safepoint    ] Safepoint "Cleanup", Time since last: 1003302334 ns, Reaching safepoint: 1113583 ns, At safepoint: 25084 ns, Total: 1138667 ns
[2022-09-04T01:57:20.510+0000][1][safepoint    ] Safepoint "Cleanup", Time since last: 1002841834 ns, Reaching safepoint: 1253208 ns, At safepoint: 32042 ns, Total: 1285250 ns
[2022-09-04T01:57:21.514+0000][1][safepoint    ] Safepoint "Cleanup", Time since last: 1002897833 ns, Reaching safepoint: 849959 ns, At safepoint: 48541 ns, Total: 898500 ns
[2022-09-04T01:57:22.517+0000][1][safepoint    ] Safepoint "Cleanup", Time since last: 1001679959 ns, Reaching safepoint: 1156750 ns, At safepoint: 28042 ns, Total: 1184792 ns
[2022-09-04T01:57:23.521+0000][1][safepoint    ] Safepoint "Cleanup", Time since last: 1002730917 ns, Reaching safepoint: 1103208 ns, At safepoint: 24042 ns, Total: 1127250 ns
[2022-09-04T01:57:24.525+0000][1][safepoint    ] Safepoint "Cleanup", Time since last: 1001964084 ns, Reaching safepoint: 1951833 ns, At safepoint: 50542 ns, Total: 2002375 ns
[2022-09-04T01:57:25.531+0000][1][safepoint    ] Safepoint "Cleanup", Time since last: 1003498375 ns, Reaching safepoint: 2840084 ns, At safepoint: 59041 ns, Total: 2899125 ns
[2022-09-04T01:57:26.539+0000][1][safepoint    ] Safepoint "Cleanup", Time since last: 1005908376 ns, Reaching safepoint: 1385083 ns, At safepoint: 43208 ns, Total: 1428291 ns
[2022-09-04T01:57:27.543+0000][1][safepoint    ] Safepoint "Cleanup", Time since last: 1003028876 ns, Reaching safepoint: 1487333 ns, At safepoint: 32417 ns, Total: 1519750 ns
[2022-09-04T01:57:28.547+0000][1][safepoint    ] Safepoint "Cleanup", Time since last: 1002721875 ns, Reaching safepoint: 1297375 ns, At safepoint: 31375 ns, Total: 1328750 ns
[2022-09-04T01:57:29.552+0000][1][safepoint    ] Safepoint "Cleanup", Time since last: 1002134667 ns, Reaching safepoint: 2734167 ns, At safepoint: 67583 ns, Total: 2801750 ns
[2022-09-04T01:57:30.558+0000][1][safepoint    ] Safepoint "Cleanup", Time since last: 1004969168 ns, Reaching safepoint: 805291 ns, At safepoint: 20875 ns, Total: 826166 ns
[2022-09-04T01:57:31.561+0000][1][safepoint    ] Safepoint "Cleanup", Time since last: 1001504126 ns, Reaching safepoint: 1089083 ns, At safepoint: 25458 ns, Total: 1114541 ns
[2022-09-04T01:57:32.565+0000][1][safepoint    ] Safepoint "Cleanup", Time since last: 1002733043 ns, Reaching safepoint: 1665875 ns, At safepoint: 89708 ns, Total: 1755583 ns
[2022-09-04T01:57:33.568+0000][1][safepoint    ] Safepoint "Cleanup", Time since last: 1002624667 ns, Reaching safepoint: 845042 ns, At safepoint: 20916 ns, Total: 865958 ns
[2022-09-04T01:57:34.572+0000][1][safepoint    ] Safepoint "Cleanup", Time since last: 1001792418 ns, Reaching safepoint: 1388583 ns, At safepoint: 36917 ns, Total: 1425500 ns
[2022-09-04T01:57:35.576+0000][1][safepoint    ] Safepoint "Cleanup", Time since last: 1002531249 ns, Reaching safepoint: 1572792 ns, At safepoint: 38750 ns, Total: 1611542 ns
[2022-09-04T01:57:36.584+0000][1][safepoint    ] Safepoint "Cleanup", Time since last: 1006019875 ns, Reaching safepoint: 1363959 ns, At safepoint: 33041 ns, Total: 1397000 ns
[2022-09-04T01:57:37.587+0000][1][safepoint    ] Safepoint "Cleanup", Time since last: 1002961917 ns, Reaching safepoint: 903375 ns, At safepoint: 20250 ns, Total: 923625 ns
[2022-09-04T01:57:38.590+0000][1][safepoint    ] Safepoint "Cleanup", Time since last: 1001449042 ns, Reaching safepoint: 1400625 ns, At safepoint: 32375 ns, Total: 1433000 ns
[2022-09-04T01:57:39.596+0000][1][safepoint    ] Safepoint "Cleanup", Time since last: 1002356459 ns, Reaching safepoint: 2828542 ns, At safepoint: 65208 ns, Total: 2893750 ns
[2022-09-04T01:57:40.602+0000][1][safepoint    ] Safepoint "Cleanup", Time since last: 1003779001 ns, Reaching safepoint: 2584458 ns, At safepoint: 101542 ns, Total: 2686000 ns
[2022-09-04T01:57:41.606+0000][1][safepoint    ] Safepoint "Cleanup", Time since last: 1002988709 ns, Reaching safepoint: 835250 ns, At safepoint: 23583 ns, Total: 858833 ns
[2022-09-04T01:57:42.077+0000][1][safepoint    ] Safepoint "RevokeBias", Time since last: 468637958 ns, Reaching safepoint: 1295042 ns, At safepoint: 773375 ns, Total: 2068417 ns
[2022-09-04T01:57:42.089+0000][1][safepoint    ] Safepoint "RevokeBias", Time since last: 11771083 ns, Reaching safepoint: 434375 ns, At safepoint: 121292 ns, Total: 555667 ns
[2022-09-04T01:57:42.106+0000][1][safepoint    ] Safepoint "RevokeBias", Time since last: 16424042 ns, Reaching safepoint: 855292 ns, At safepoint: 213625 ns, Total: 1068917 ns
[2022-09-04T01:57:42.125+0000][1][safepoint    ] Safepoint "RevokeBias", Time since last: 17065708 ns, Reaching safepoint: 894667 ns, At safepoint: 131166 ns, Total: 1025833 ns
[2022-09-04T01:57:42.613+0000][1][safepoint    ] Safepoint "RevokeBias", Time since last: 487865959 ns, Reaching safepoint: 891333 ns, At safepoint: 120750 ns, Total: 1012083 ns
[2022-09-04T01:57:42.625+0000][1][safepoint    ] Safepoint "RevokeBias", Time since last: 11277500 ns, Reaching safepoint: 649375 ns, At safepoint: 100292 ns, Total: 749667 ns
[2022-09-04T01:57:42.628+0000][1][safepoint    ] Safepoint "RevokeBias", Time since last: 2139666 ns, Reaching safepoint: 462209 ns, At safepoint: 90375 ns, Total: 552584 ns
[2022-09-04T01:57:42.642+0000][1][safepoint    ] Safepoint "RevokeBias", Time since last: 12461166 ns, Reaching safepoint: 1052792 ns, At safepoint: 109250 ns, Total: 1162042 ns
[2022-09-04T01:57:42.649+0000][1][safepoint    ] Safepoint "RevokeBias", Time since last: 6540292 ns, Reaching safepoint: 529208 ns, At safepoint: 92542 ns, Total: 621750 ns
[2022-09-04T01:57:42.652+0000][1][safepoint    ] Safepoint "RevokeBias", Time since last: 2600875 ns, Reaching safepoint: 377166 ns, At safepoint: 84959 ns, Total: 462125 ns
[2022-09-04T01:57:42.654+0000][1][safepoint    ] Safepoint "RevokeBias", Time since last: 1489375 ns, Reaching safepoint: 472875 ns, At safepoint: 84000 ns, Total: 556875 ns
[2022-09-04T01:57:42.657+0000][1][safepoint    ] Safepoint "RevokeBias", Time since last: 2262375 ns, Reaching safepoint: 357583 ns, At safepoint: 75958 ns, Total: 433541 ns
[2022-09-04T01:57:42.658+0000][1][safepoint    ] Safepoint "RevokeBias", Time since last: 1038459 ns, Reaching safepoint: 363208 ns, At safepoint: 119625 ns, Total: 482833 ns
[2022-09-04T01:57:42.660+0000][1][safepoint    ] Safepoint "RevokeBias", Time since last: 1309167 ns, Reaching safepoint: 361083 ns, At safepoint: 83208 ns, Total: 444291 ns
[2022-09-04T01:57:42.663+0000][1][safepoint    ] Safepoint "RevokeBias", Time since last: 1963334 ns, Reaching safepoint: 724375 ns, At safepoint: 84000 ns, Total: 808375 ns
[2022-09-04T01:57:42.665+0000][1][safepoint    ] Safepoint "RevokeBias", Time since last: 1371458 ns, Reaching safepoint: 547792 ns, At safepoint: 85166 ns, Total: 632958 ns
[2022-09-04T01:57:42.668+0000][1][safepoint    ] Safepoint "RevokeBias", Time since last: 2539542 ns, Reaching safepoint: 470542 ns, At safepoint: 85208 ns, Total: 555750 ns
[2022-09-04T01:57:42.673+0000][1][safepoint    ] Safepoint "RevokeBias", Time since last: 4035792 ns, Reaching safepoint: 613541 ns, At safepoint: 98167 ns, Total: 711708 ns
[2022-09-04T01:57:42.922+0000][1][safepoint    ] Safepoint "RevokeBias", Time since last: 248692459 ns, Reaching safepoint: 1068208 ns, At safepoint: 99417 ns, Total: 1167625 ns
[2022-09-04T01:57:42.942+0000][1][safepoint    ] Safepoint "RevokeBias", Time since last: 18483291 ns, Reaching safepoint: 815459 ns, At safepoint: 117041 ns, Total: 932500 ns
[2022-09-04T01:57:42.946+0000][1][safepoint    ] Safepoint "RevokeBias", Time since last: 2970250 ns, Reaching safepoint: 591959 ns, At safepoint: 108958 ns, Total: 700917 ns
[2022-09-04T01:57:43.143+0000][1][safepoint    ] Safepoint "RevokeBias", Time since last: 195965167 ns, Reaching safepoint: 1094291 ns, At safepoint: 194834 ns, Total: 1289125 ns
[2022-09-04T01:57:43.512+0000][1][safepoint    ] Safepoint "RevokeBias", Time since last: 367968750 ns, Reaching safepoint: 927000 ns, At safepoint: 94708 ns, Total: 1021708 ns
[2022-09-04T01:57:43.774+0000][1][safepoint    ] Safepoint "RevokeBias", Time since last: 260667959 ns, Reaching safepoint: 912333 ns, At safepoint: 124958 ns, Total: 1037291 ns
[2022-09-04T01:57:43.967+0000][1][safepoint    ] Safepoint "RevokeBias", Time since last: 192423292 ns, Reaching safepoint: 1069542 ns, At safepoint: 103458 ns, Total: 1173000 ns
[2022-09-04T01:57:44.094+0000][1][safepoint    ] Safepoint "RevokeBias", Time since last: 126131875 ns, Reaching safepoint: 816042 ns, At safepoint: 117583 ns, Total: 933625 ns
[2022-09-04T01:57:44.104+0000][1][safepoint    ] Safepoint "RevokeBias", Time since last: 9064333 ns, Reaching safepoint: 571000 ns, At safepoint: 114917 ns, Total: 685917 ns
[2022-09-04T01:57:44.108+0000][1][safepoint    ] Safepoint "RevokeBias", Time since last: 3022917 ns, Reaching safepoint: 813750 ns, At safepoint: 132291 ns, Total: 946041 ns
[2022-09-04T01:57:44.118+0000][1][safepoint    ] Safepoint "RevokeBias", Time since last: 9067917 ns, Reaching safepoint: 619708 ns, At safepoint: 111375 ns, Total: 731083 ns
[2022-09-04T01:57:44.131+0000][1][safepoint    ] Safepoint "RevokeBias", Time since last: 12959917 ns, Reaching safepoint: 715958 ns, At safepoint: 113709 ns, Total: 829667 ns
[2022-09-04T01:57:44.134+0000][1][safepoint    ] Safepoint "RevokeBias", Time since last: 1996500 ns, Reaching safepoint: 360000 ns, At safepoint: 81541 ns, Total: 441541 ns
[2022-09-04T01:57:44.173+0000][1][safepoint    ] Safepoint "RevokeBias", Time since last: 38440334 ns, Reaching safepoint: 943583 ns, At safepoint: 93375 ns, Total: 1036958 ns
[2022-09-04T01:57:44.179+0000][1][safepoint    ] Safepoint "RevokeBias", Time since last: 4243583 ns, Reaching safepoint: 831167 ns, At safepoint: 105667 ns, Total: 936834 ns
[2022-09-04T01:57:44.182+0000][1][safepoint    ] Safepoint "RevokeBias", Time since last: 3015375 ns, Reaching safepoint: 601041 ns, At safepoint: 201250 ns, Total: 802291 ns
[2022-09-04T01:57:44.188+0000][1][safepoint    ] Safepoint "RevokeBias", Time since last: 4471292 ns, Reaching safepoint: 640833 ns, At safepoint: 142125 ns, Total: 782958 ns
[2022-09-04T01:57:44.190+0000][1][safepoint    ] Safepoint "RevokeBias", Time since last: 1583250 ns, Reaching safepoint: 1168834 ns, At safepoint: 99500 ns, Total: 1268334 ns
[2022-09-04T01:57:44.202+0000][1][safepoint    ] Safepoint "RevokeBias", Time since last: 9076000 ns, Reaching safepoint: 1627417 ns, At safepoint: 460416 ns, Total: 2087833 ns
[2022-09-04T01:57:44.205+0000][1][safepoint    ] Safepoint "RevokeBias", Time since last: 2149584 ns, Reaching safepoint: 1139125 ns, At safepoint: 164708 ns, Total: 1303833 ns
[2022-09-04T01:57:44.223+0000][1][safepoint    ] Safepoint "RevokeBias", Time since last: 13925000 ns, Reaching safepoint: 3411500 ns, At safepoint: 539042 ns, Total: 3950542 ns
[2022-09-04T01:57:44.228+0000][1][safepoint    ] Safepoint "RevokeBias", Time since last: 3228416 ns, Reaching safepoint: 1332875 ns, At safepoint: 811250 ns, Total: 2144125 ns
[2022-09-04T01:57:44.305+0000][1][safepoint    ] Safepoint "BulkRevokeBias", Time since last: 72032209 ns, Reaching safepoint: 1366625 ns, At safepoint: 3122541 ns, Total: 4489166 ns
[2022-09-04T01:57:44.358+0000][1][safepoint    ] Safepoint "RevokeBias", Time since last: 51113709 ns, Reaching safepoint: 1553958 ns, At safepoint: 198708 ns, Total: 1752666 ns
[2022-09-04T01:57:44.365+0000][1][safepoint    ] Safepoint "RevokeBias", Time since last: 5674875 ns, Reaching safepoint: 1274042 ns, At safepoint: 143000 ns, Total: 1417042 ns
[2022-09-04T01:57:44.396+0000][1][safepoint    ] Safepoint "RevokeBias", Time since last: 29274583 ns, Reaching safepoint: 1469500 ns, At safepoint: 120042 ns, Total: 1589542 ns
[2022-09-04T01:57:44.413+0000][1][safepoint    ] Safepoint "RevokeBias", Time since last: 16032250 ns, Reaching safepoint: 1003125 ns, At safepoint: 118250 ns, Total: 1121375 ns
[2022-09-04T01:57:44.664+0000][1][safepoint    ] Safepoint "RevokeBias", Time since last: 249501292 ns, Reaching safepoint: 1433041 ns, At safepoint: 119917 ns, Total: 1552958 ns
[2022-09-04T01:57:44.667+0000][1][safepoint    ] Safepoint "RevokeBias", Time since last: 2541750 ns, Reaching safepoint: 398458 ns, At safepoint: 92167 ns, Total: 490625 ns
[2022-09-04T01:57:44.711+0000][1][safepoint    ] Safepoint "RevokeBias", Time since last: 43679833 ns, Reaching safepoint: 702500 ns, At safepoint: 114250 ns, Total: 816750 ns
[2022-09-04T01:57:44.747+0000][1][safepoint    ] Safepoint "RevokeBias", Time since last: 35124625 ns, Reaching safepoint: 530875 ns, At safepoint: 103334 ns, Total: 634209 ns
[2022-09-04T01:57:44.758+0000][1][safepoint    ] Safepoint "RevokeBias", Time since last: 10348541 ns, Reaching safepoint: 438084 ns, At safepoint: 84291 ns, Total: 522375 ns
[2022-09-04T01:57:44.766+0000][1][safepoint    ] Safepoint "RevokeBias", Time since last: 6946167 ns, Reaching safepoint: 511583 ns, At safepoint: 75292 ns, Total: 586875 ns
[2022-09-04T01:57:44.785+0000][1][safepoint    ] Safepoint "RevokeBias", Time since last: 18269292 ns, Reaching safepoint: 597958 ns, At safepoint: 118333 ns, Total: 716291 ns
[2022-09-04T01:57:45.790+0000][1][safepoint    ] Safepoint "Cleanup", Time since last: 1004468126 ns, Reaching safepoint: 1035250 ns, At safepoint: 35833 ns, Total: 1071083 ns
[2022-09-04T01:57:46.796+0000][1][safepoint    ] Safepoint "Cleanup", Time since last: 1005141167 ns, Reaching safepoint: 1084084 ns, At safepoint: 30208 ns, Total: 1114292 ns
[2022-09-04T01:57:47.732+0000][1][safepoint    ] Safepoint "RevokeBias", Time since last: 934331376 ns, Reaching safepoint: 767083 ns, At safepoint: 102708 ns, Total: 869791 ns
[2022-09-04T01:57:47.740+0000][1][safepoint    ] Safepoint "RevokeBias", Time since last: 8007709 ns, Reaching safepoint: 398333 ns, At safepoint: 121875 ns, Total: 520208 ns
[2022-09-04T01:57:47.748+0000][1][safepoint    ] Safepoint "RevokeBias", Time since last: 6667167 ns, Reaching safepoint: 656791 ns, At safepoint: 98459 ns, Total: 755250 ns
[2022-09-04T01:57:47.760+0000][1][safepoint    ] Safepoint "RevokeBias", Time since last: 11821666 ns, Reaching safepoint: 824584 ns, At safepoint: 168208 ns, Total: 992792 ns
[2022-09-04T01:57:47.763+0000][1][safepoint    ] Safepoint "RevokeBias", Time since last: 1825917 ns, Reaching safepoint: 461875 ns, At safepoint: 83333 ns, Total: 545208 ns
[2022-09-04T01:57:47.770+0000][1][safepoint    ] Safepoint "RevokeBias", Time since last: 6403042 ns, Reaching safepoint: 738791 ns, At safepoint: 91209 ns, Total: 830000 ns
[2022-09-04T01:57:47.778+0000][1][safepoint    ] Safepoint "RevokeBias", Time since last: 6896250 ns, Reaching safepoint: 793916 ns, At safepoint: 98750 ns, Total: 892666 ns
[2022-09-04T01:57:47.780+0000][1][safepoint    ] Safepoint "RevokeBias", Time since last: 2098209 ns, Reaching safepoint: 494000 ns, At safepoint: 91291 ns, Total: 585291 ns
[2022-09-04T01:57:47.791+0000][1][safepoint    ] Safepoint "RevokeBias", Time since last: 9598750 ns, Reaching safepoint: 622500 ns, At safepoint: 117792 ns, Total: 740292 ns
[2022-09-04T01:57:48.796+0000][1][safepoint    ] Safepoint "Cleanup", Time since last: 1001389500 ns, Reaching safepoint: 3969209 ns, At safepoint: 84666 ns, Total: 4053875 ns
[2022-09-04T01:57:49.808+0000][1][safepoint    ] Safepoint "Cleanup", Time since last: 1007870709 ns, Reaching safepoint: 3692500 ns, At safepoint: 118750 ns, Total: 3811250 ns
[2022-09-04T01:57:50.818+0000][1][safepoint    ] Safepoint "Cleanup", Time since last: 1005958459 ns, Reaching safepoint: 3671375 ns, At safepoint: 111958 ns, Total: 3783333 ns
[2022-09-04T01:57:51.825+0000][1][safepoint    ] Safepoint "Cleanup", Time since last: 1005420542 ns, Reaching safepoint: 1995792 ns, At safepoint: 45167 ns, Total: 2040959 ns
[2022-09-04T01:57:52.831+0000][1][safepoint    ] Safepoint "Cleanup", Time since last: 1003710917 ns, Reaching safepoint: 1682958 ns, At safepoint: 44875 ns, Total: 1727833 ns
[2022-09-04T01:57:53.838+0000][1][safepoint    ] Safepoint "Cleanup", Time since last: 1003455626 ns, Reaching safepoint: 3678041 ns, At safepoint: 80375 ns, Total: 3758416 ns
[2022-09-04T01:57:54.844+0000][1][safepoint    ] Safepoint "Cleanup", Time since last: 1004195459 ns, Reaching safepoint: 2139667 ns, At safepoint: 40625 ns, Total: 2180292 ns
[2022-09-04T01:57:55.851+0000][1][safepoint    ] Safepoint "Cleanup", Time since last: 1002769500 ns, Reaching safepoint: 4002209 ns, At safepoint: 88916 ns, Total: 4091125 ns
[2022-09-04T01:57:56.859+0000][1][safepoint    ] Safepoint "Cleanup", Time since last: 1006678084 ns, Reaching safepoint: 1231334 ns, At safepoint: 25333 ns, Total: 1256667 ns
[2022-09-04T01:57:57.868+0000][1][safepoint    ] Safepoint "Cleanup", Time since last: 1005627292 ns, Reaching safepoint: 3391250 ns, At safepoint: 79750 ns, Total: 3471000 ns
[2022-09-04T01:57:58.874+0000][1][safepoint    ] Safepoint "Cleanup", Time since last: 1005034042 ns, Reaching safepoint: 1085667 ns, At safepoint: 22458 ns, Total: 1108125 ns
[2022-09-04T01:57:59.883+0000][1][safepoint    ] Safepoint "Cleanup", Time since last: 1005512376 ns, Reaching safepoint: 3150458 ns, At safepoint: 214750 ns, Total: 3365208 ns
[2022-09-04T01:58:00.895+0000][1][safepoint    ] Safepoint "Cleanup", Time since last: 1007350875 ns, Reaching safepoint: 4142625 ns, At safepoint: 95167 ns, Total: 4237792 ns
[2022-09-04T01:58:01.902+0000][1][safepoint    ] Safepoint "Cleanup", Time since last: 1005612917 ns, Reaching safepoint: 1259292 ns, At safepoint: 27708 ns, Total: 1287000 ns
[2022-09-04T01:58:02.908+0000][1][safepoint    ] Safepoint "Cleanup", Time since last: 1002421042 ns, Reaching safepoint: 3871042 ns, At safepoint: 89667 ns, Total: 3960709 ns
[2022-09-04T01:58:03.918+0000][1][safepoint    ] Safepoint "Cleanup", Time since last: 1005774500 ns, Reaching safepoint: 3903875 ns, At safepoint: 101000 ns, Total: 4004875 ns
[2022-09-04T01:58:04.928+0000][1][safepoint    ] Safepoint "Cleanup", Time since last: 1006297626 ns, Reaching safepoint: 3945208 ns, At safepoint: 92333 ns, Total: 4037541 ns
[2022-09-04T01:58:05.936+0000][1][safepoint    ] Safepoint "Cleanup", Time since last: 1004142001 ns, Reaching safepoint: 4249416 ns, At safepoint: 77375 ns, Total: 4326791 ns
[2022-09-04T01:58:06.944+0000][1][safepoint    ] Safepoint "Cleanup", Time since last: 1007405459 ns, Reaching safepoint: 1121875 ns, At safepoint: 48625 ns, Total: 1170500 ns
[2022-09-04T01:58:07.948+0000][1][safepoint    ] Safepoint "Cleanup", Time since last: 1001854834 ns, Reaching safepoint: 2160833 ns, At safepoint: 36792 ns, Total: 2197625 ns
[2022-09-04T01:58:08.952+0000][1][safepoint    ] Safepoint "Cleanup", Time since last: 1002918750 ns, Reaching safepoint: 937959 ns, At safepoint: 20708 ns, Total: 958667 ns
[2022-09-04T01:58:09.957+0000][1][safepoint    ] Safepoint "Cleanup", Time since last: 1003434209 ns, Reaching safepoint: 1622000 ns, At safepoint: 35291 ns, Total: 1657291 ns
[2022-09-04T01:58:10.961+0000][1][safepoint    ] Safepoint "Cleanup", Time since last: 1002313251 ns, Reaching safepoint: 1003292 ns, At safepoint: 26958 ns, Total: 1030250 ns
[2022-09-04T01:58:11.968+0000][1][safepoint    ] Safepoint "Cleanup", Time since last: 1005131209 ns, Reaching safepoint: 2219458 ns, At safepoint: 69000 ns, Total: 2288458 ns
[2022-09-04T01:58:12.977+0000][1][safepoint    ] Safepoint "Cleanup", Time since last: 1004280792 ns, Reaching safepoint: 4716042 ns, At safepoint: 92833 ns, Total: 4808875 ns
[2022-09-04T01:58:13.174+0000][1][safepoint    ] Safepoint "RevokeBias", Time since last: 195633250 ns, Reaching safepoint: 941167 ns, At safepoint: 133708 ns, Total: 1074875 ns
[2022-09-04T01:58:13.177+0000][1][safepoint    ] Safepoint "RevokeBias", Time since last: 2562459 ns, Reaching safepoint: 854666 ns, At safepoint: 110125 ns, Total: 964791 ns
[2022-09-04T01:58:14.188+0000][1][safepoint    ] Safepoint "Cleanup", Time since last: 1004122834 ns, Reaching safepoint: 5542917 ns, At safepoint: 251291 ns, Total: 5794208 ns
[2022-09-04T01:58:15.199+0000][1][safepoint    ] Safepoint "Cleanup", Time since last: 1009513293 ns, Reaching safepoint: 1848541 ns, At safepoint: 63875 ns, Total: 1912416 ns
[2022-09-04T01:58:16.206+0000][1][safepoint    ] Safepoint "Cleanup", Time since last: 1003878209 ns, Reaching safepoint: 3023333 ns, At safepoint: 81209 ns, Total: 3104542 ns
[2022-09-04T01:58:17.212+0000][1][safepoint    ] Safepoint "Cleanup", Time since last: 1005559959 ns, Reaching safepoint: 1138750 ns, At safepoint: 28375 ns, Total: 1167125 ns
[2022-09-04T01:58:18.216+0000][1][safepoint    ] Safepoint "Cleanup", Time since last: 1002259792 ns, Reaching safepoint: 1298500 ns, At safepoint: 33666 ns, Total: 1332166 ns
[2022-09-04T01:58:19.686+0000][1][safepoint    ] Safepoint "Cleanup", Time since last: 1469368418 ns, Reaching safepoint: 894583 ns, At safepoint: 23958 ns, Total: 918541 ns
[2022-09-04T01:58:20.691+0000][1][safepoint    ] Safepoint "Cleanup", Time since last: 1003629876 ns, Reaching safepoint: 964292 ns, At safepoint: 24541 ns, Total: 988833 ns
[2022-09-04T01:58:21.694+0000][1][safepoint    ] Safepoint "Cleanup", Time since last: 1001856834 ns, Reaching safepoint: 1020250 ns, At safepoint: 24792 ns, Total: 1045042 ns
[2022-09-04T01:58:22.698+0000][1][safepoint    ] Safepoint "Cleanup", Time since last: 1002947625 ns, Reaching safepoint: 1071167 ns, At safepoint: 27250 ns, Total: 1098417 ns
[2022-09-04T01:58:23.701+0000][1][safepoint    ] Safepoint "Cleanup", Time since last: 1002005042 ns, Reaching safepoint: 1035417 ns, At safepoint: 24875 ns, Total: 1060292 ns
[2022-09-04T01:58:24.705+0000][1][safepoint    ] Safepoint "Cleanup", Time since last: 1002739750 ns, Reaching safepoint: 1343292 ns, At safepoint: 31000 ns, Total: 1374292 ns
[2022-09-04T01:58:25.709+0000][1][safepoint    ] Safepoint "Cleanup", Time since last: 1002859125 ns, Reaching safepoint: 1221500 ns, At safepoint: 24459 ns, Total: 1245959 ns
[2022-09-04T01:58:26.713+0000][1][safepoint    ] Safepoint "Cleanup", Time since last: 1002857458 ns, Reaching safepoint: 1122834 ns, At safepoint: 27250 ns, Total: 1150084 ns
[2022-09-04T01:58:27.717+0000][1][safepoint    ] Safepoint "Cleanup", Time since last: 1002365875 ns, Reaching safepoint: 1063625 ns, At safepoint: 24625 ns, Total: 1088250 ns
[2022-09-04T01:58:28.720+0000][1][safepoint    ] Safepoint "Cleanup", Time since last: 1001999167 ns, Reaching safepoint: 1062167 ns, At safepoint: 21292 ns, Total: 1083459 ns
[2022-09-04T01:58:29.724+0000][1][safepoint    ] Safepoint "Cleanup", Time since last: 1002677667 ns, Reaching safepoint: 1484500 ns, At safepoint: 31417 ns, Total: 1515917 ns
[2022-09-04T01:58:30.728+0000][1][safepoint    ] Safepoint "Cleanup", Time since last: 1002796125 ns, Reaching safepoint: 864333 ns, At safepoint: 22709 ns, Total: 887042 ns
[2022-09-04T01:58:31.731+0000][1][safepoint    ] Safepoint "Cleanup", Time since last: 1002301917 ns, Reaching safepoint: 1053500 ns, At safepoint: 23583 ns, Total: 1077083 ns
[2022-09-04T01:58:32.735+0000][1][safepoint    ] Safepoint "Cleanup", Time since last: 1003039292 ns, Reaching safepoint: 1024417 ns, At safepoint: 20667 ns, Total: 1045084 ns
[2022-09-04T01:58:33.740+0000][1][safepoint    ] Safepoint "Cleanup", Time since last: 1002117792 ns, Reaching safepoint: 2523541 ns, At safepoint: 40875 ns, Total: 2564416 ns
[2022-09-04T01:58:34.743+0000][1][safepoint    ] Safepoint "Cleanup", Time since last: 1002165376 ns, Reaching safepoint: 1372167 ns, At safepoint: 26291 ns, Total: 1398458 ns
[2022-09-04T01:58:35.749+0000][1][safepoint    ] Safepoint "Cleanup", Time since last: 1003668416 ns, Reaching safepoint: 2230750 ns, At safepoint: 51917 ns, Total: 2282667 ns
[2022-09-04T01:58:36.757+0000][1][safepoint    ] Safepoint "Cleanup", Time since last: 1006791667 ns, Reaching safepoint: 1319042 ns, At safepoint: 26042 ns, Total: 1345084 ns
[2022-09-04T01:58:37.761+0000][1][safepoint    ] Safepoint "Cleanup", Time since last: 1002362083 ns, Reaching safepoint: 1293167 ns, At safepoint: 20583 ns, Total: 1313750 ns
[2022-09-04T01:58:38.766+0000][1][safepoint    ] Safepoint "Cleanup", Time since last: 1003370668 ns, Reaching safepoint: 1979291 ns, At safepoint: 90250 ns, Total: 2069541 ns
[2022-09-04T01:58:39.776+0000][1][safepoint    ] Safepoint "Cleanup", Time since last: 1006154042 ns, Reaching safepoint: 3747042 ns, At safepoint: 487250 ns, Total: 4234292 ns
[2022-09-04T01:58:40.786+0000][1][safepoint    ] Safepoint "Cleanup", Time since last: 1005916459 ns, Reaching safepoint: 3866083 ns, At safepoint: 179167 ns, Total: 4045250 ns
[2022-09-04T01:58:41.796+0000][1][safepoint    ] Safepoint "Cleanup", Time since last: 1008436625 ns, Reaching safepoint: 1231500 ns, At safepoint: 26000 ns, Total: 1257500 ns
[2022-09-04T01:58:42.801+0000][1][safepoint    ] Safepoint "Cleanup", Time since last: 1004189001 ns, Reaching safepoint: 938167 ns, At safepoint: 20000 ns, Total: 958167 ns
[2022-09-04T01:58:43.808+0000][1][safepoint    ] Safepoint "Cleanup", Time since last: 1001674292 ns, Reaching safepoint: 4758958 ns, At safepoint: 105667 ns, Total: 4864625 ns
[2022-09-04T01:58:44.829+0000][1][safepoint    ] Safepoint "Cleanup", Time since last: 1018275208 ns, Reaching safepoint: 2981042 ns, At safepoint: 67625 ns, Total: 3048667 ns
[2022-09-04T01:58:45.834+0000][1][safepoint    ] Safepoint "Cleanup", Time since last: 1003849459 ns, Reaching safepoint: 1200917 ns, At safepoint: 28000 ns, Total: 1228917 ns
[2022-09-04T01:58:46.839+0000][1][safepoint    ] Safepoint "Cleanup", Time since last: 1002381167 ns, Reaching safepoint: 1924791 ns, At safepoint: 45750 ns, Total: 1970541 ns
[2022-09-04T01:58:47.845+0000][1][safepoint    ] Safepoint "Cleanup", Time since last: 1003369834 ns, Reaching safepoint: 3479792 ns, At safepoint: 66917 ns, Total: 3546709 ns
[2022-09-04T01:58:48.850+0000][1][safepoint    ] Safepoint "Cleanup", Time since last: 1003621042 ns, Reaching safepoint: 1392125 ns, At safepoint: 28583 ns, Total: 1420708 ns
[2022-09-04T01:58:49.857+0000][1][safepoint    ] Safepoint "Cleanup", Time since last: 1002854376 ns, Reaching safepoint: 3862875 ns, At safepoint: 86916 ns, Total: 3949791 ns
[2022-09-04T01:58:50.868+0000][1][safepoint    ] Safepoint "Cleanup", Time since last: 1007027917 ns, Reaching safepoint: 4026209 ns, At safepoint: 91125 ns, Total: 4117334 ns
[2022-09-04T01:58:51.875+0000][1][safepoint    ] Safepoint "Cleanup", Time since last: 1005238500 ns, Reaching safepoint: 1146375 ns, At safepoint: 23458 ns, Total: 1169833 ns
[2022-09-04T01:58:52.882+0000][1][safepoint    ] Safepoint "Cleanup", Time since last: 1005857793 ns, Reaching safepoint: 1033500 ns, At safepoint: 28083 ns, Total: 1061583 ns
[2022-09-04T01:58:53.887+0000][1][safepoint    ] Safepoint "Cleanup", Time since last: 1001692292 ns, Reaching safepoint: 3864875 ns, At safepoint: 98208 ns, Total: 3963083 ns
[2022-09-04T01:58:54.897+0000][1][safepoint    ] Safepoint "Cleanup", Time since last: 1005648084 ns, Reaching safepoint: 3825459 ns, At safepoint: 303791 ns, Total: 4129250 ns
[2022-09-04T01:58:55.906+0000][1][safepoint    ] Safepoint "Cleanup", Time since last: 1005766501 ns, Reaching safepoint: 2919666 ns, At safepoint: 76459 ns, Total: 2996125 ns
[2022-09-04T01:58:56.915+0000][1][safepoint    ] Safepoint "Cleanup", Time since last: 1005406542 ns, Reaching safepoint: 3345000 ns, At safepoint: 74875 ns, Total: 3419875 ns
[2022-09-04T01:58:57.922+0000][1][safepoint    ] Safepoint "Cleanup", Time since last: 1005527834 ns, Reaching safepoint: 1345458 ns, At safepoint: 31708 ns, Total: 1377166 ns
[2022-09-04T01:58:58.930+0000][1][safepoint    ] Safepoint "Cleanup", Time since last: 1006684459 ns, Reaching safepoint: 1667250 ns, At safepoint: 39917 ns, Total: 1707167 ns
[2022-09-04T01:58:59.939+0000][1][safepoint    ] Safepoint "Cleanup", Time since last: 1004494834 ns, Reaching safepoint: 4341875 ns, At safepoint: 238916 ns, Total: 4580791 ns
[2022-09-04T01:59:01.891+0000][1][safepoint    ] Safepoint "Cleanup", Time since last: 1950521918 ns, Reaching safepoint: 1517458 ns, At safepoint: 35042 ns, Total: 1552500 ns
[2022-09-04T01:59:02.896+0000][1][safepoint    ] Safepoint "Cleanup", Time since last: 1003439750 ns, Reaching safepoint: 915209 ns, At safepoint: 32083 ns, Total: 947292 ns
[2022-09-04T01:59:03.899+0000][1][safepoint    ] Safepoint "Cleanup", Time since last: 1002515126 ns, Reaching safepoint: 1184458 ns, At safepoint: 25167 ns, Total: 1209625 ns
[2022-09-04T01:59:04.906+0000][1][safepoint    ] Safepoint "Cleanup", Time since last: 1003058500 ns, Reaching safepoint: 3319958 ns, At safepoint: 80959 ns, Total: 3400917 ns
[2022-09-04T01:59:05.912+0000][1][safepoint    ] Safepoint "Cleanup", Time since last: 1003736125 ns, Reaching safepoint: 2385000 ns, At safepoint: 56083 ns, Total: 2441083 ns
[2022-09-04T01:59:06.920+0000][1][safepoint    ] Safepoint "Cleanup", Time since last: 1005920334 ns, Reaching safepoint: 2044542 ns, At safepoint: 43166 ns, Total: 2087708 ns
[2022-09-04T01:59:07.925+0000][1][safepoint    ] Safepoint "Cleanup", Time since last: 1004344084 ns, Reaching safepoint: 924084 ns, At safepoint: 19958 ns, Total: 944042 ns
[2022-09-04T01:59:08.930+0000][1][safepoint    ] Safepoint "Cleanup", Time since last: 1003505709 ns, Reaching safepoint: 1404875 ns, At safepoint: 30541 ns, Total: 1435416 ns
[2022-09-04T01:59:09.937+0000][1][safepoint    ] Safepoint "Cleanup", Time since last: 1004738042 ns, Reaching safepoint: 1707125 ns, At safepoint: 58250 ns, Total: 1765375 ns
[2022-09-04T01:59:10.943+0000][1][safepoint    ] Safepoint "Cleanup", Time since last: 1003178834 ns, Reaching safepoint: 2783292 ns, At safepoint: 86333 ns, Total: 2869625 ns
[2022-09-04T01:59:11.952+0000][1][safepoint    ] Safepoint "Cleanup", Time since last: 1007544501 ns, Reaching safepoint: 1428333 ns, At safepoint: 36167 ns, Total: 1464500 ns
[2022-09-04T01:59:12.957+0000][1][safepoint    ] Safepoint "Cleanup", Time since last: 1003862167 ns, Reaching safepoint: 1249417 ns, At safepoint: 42208 ns, Total: 1291625 ns
[2022-09-04T01:59:13.960+0000][1][safepoint    ] Safepoint "Cleanup", Time since last: 1002135500 ns, Reaching safepoint: 1150417 ns, At safepoint: 22333 ns, Total: 1172750 ns
[2022-09-04T01:59:14.965+0000][1][safepoint    ] Safepoint "Cleanup", Time since last: 1001807834 ns, Reaching safepoint: 2800375 ns, At safepoint: 108667 ns, Total: 2909042 ns
[2022-09-04T01:59:15.972+0000][1][safepoint    ] Safepoint "Cleanup", Time since last: 1003794709 ns, Reaching safepoint: 2737625 ns, At safepoint: 78916 ns, Total: 2816541 ns
[2022-09-04T01:59:16.979+0000][1][safepoint    ] Safepoint "Cleanup", Time since last: 1004836501 ns, Reaching safepoint: 2780875 ns, At safepoint: 85791 ns, Total: 2866666 ns
[2022-09-04T01:59:17.986+0000][1][safepoint    ] Safepoint "Cleanup", Time since last: 1003771584 ns, Reaching safepoint: 2490500 ns, At safepoint: 95667 ns, Total: 2586167 ns
[2022-09-04T01:59:18.992+0000][1][safepoint    ] Safepoint "Cleanup", Time since last: 1004243792 ns, Reaching safepoint: 1841958 ns, At safepoint: 54250 ns, Total: 1896208 ns
[2022-09-04T01:59:19.998+0000][1][safepoint    ] Safepoint "Cleanup", Time since last: 1003780376 ns, Reaching safepoint: 2218208 ns, At safepoint: 75000 ns, Total: 2293208 ns
[2022-09-04T01:59:21.004+0000][1][safepoint    ] Safepoint "Cleanup", Time since last: 1003916959 ns, Reaching safepoint: 2142792 ns, At safepoint: 51416 ns, Total: 2194208 ns
[2022-09-04T01:59:22.010+0000][1][safepoint    ] Safepoint "Cleanup", Time since last: 1005445501 ns, Reaching safepoint: 976375 ns, At safepoint: 21333 ns, Total: 997708 ns
[2022-09-04T01:59:23.015+0000][1][safepoint    ] Safepoint "Cleanup", Time since last: 1003561792 ns, Reaching safepoint: 901750 ns, At safepoint: 21667 ns, Total: 923417 ns
[2022-09-04T01:59:24.018+0000][1][safepoint    ] Safepoint "Cleanup", Time since last: 1002617251 ns, Reaching safepoint: 946750 ns, At safepoint: 19916 ns, Total: 966666 ns
[2022-09-04T01:59:25.026+0000][1][safepoint    ] Safepoint "Cleanup", Time since last: 1003014959 ns, Reaching safepoint: 3891375 ns, At safepoint: 87833 ns, Total: 3979208 ns
[2022-09-04T01:59:26.035+0000][1][safepoint    ] Safepoint "Cleanup", Time since last: 1006218542 ns, Reaching safepoint: 2764500 ns, At safepoint: 81167 ns, Total: 2845667 ns
[2022-09-04T01:59:27.043+0000][1][safepoint    ] Safepoint "Cleanup", Time since last: 1004305209 ns, Reaching safepoint: 3837458 ns, At safepoint: 421042 ns, Total: 4258500 ns
[2022-09-04T01:59:28.051+0000][1][safepoint    ] Safepoint "Cleanup", Time since last: 1006176875 ns, Reaching safepoint: 1549584 ns, At safepoint: 37083 ns, Total: 1586667 ns
[2022-09-04T01:59:29.056+0000][1][safepoint    ] Safepoint "Cleanup", Time since last: 1003029751 ns, Reaching safepoint: 1701000 ns, At safepoint: 39166 ns, Total: 1740166 ns
[2022-09-04T01:59:30.062+0000][1][safepoint    ] Safepoint "Cleanup", Time since last: 1003150834 ns, Reaching safepoint: 3120375 ns, At safepoint: 58542 ns, Total: 3178917 ns
[2022-09-04T01:59:31.071+0000][1][safepoint    ] Safepoint "Cleanup", Time since last: 1006772875 ns, Reaching safepoint: 2540375 ns, At safepoint: 121834 ns, Total: 2662209 ns
[2022-09-04T01:59:32.077+0000][1][safepoint    ] Safepoint "Cleanup", Time since last: 1004596708 ns, Reaching safepoint: 1364417 ns, At safepoint: 30292 ns, Total: 1394709 ns
[2022-09-04T01:59:33.081+0000][1][safepoint    ] Safepoint "Cleanup", Time since last: 1002004834 ns, Reaching safepoint: 1316458 ns, At safepoint: 28000 ns, Total: 1344458 ns
[2022-09-04T01:59:34.084+0000][1][safepoint    ] Safepoint "Cleanup", Time since last: 1002054500 ns, Reaching safepoint: 1010709 ns, At safepoint: 45583 ns, Total: 1056292 ns
[2022-09-04T01:59:35.086+0000][1][safepoint    ] Safepoint "Cleanup", Time since last: 1001391625 ns, Reaching safepoint: 1058125 ns, At safepoint: 25250 ns, Total: 1083375 ns
[2022-09-04T01:59:36.089+0000][1][safepoint    ] Safepoint "Cleanup", Time since last: 1001726626 ns, Reaching safepoint: 1487083 ns, At safepoint: 36375 ns, Total: 1523458 ns
[2022-09-04T01:59:37.093+0000][1][safepoint    ] Safepoint "Cleanup", Time since last: 1002872250 ns, Reaching safepoint: 1246667 ns, At safepoint: 25292 ns, Total: 1271959 ns
[2022-09-04T01:59:38.901+0000][1][safepoint    ] Safepoint "Cleanup", Time since last: 1807050876 ns, Reaching safepoint: 939625 ns, At safepoint: 36125 ns, Total: 975750 ns
[2022-09-04T01:59:39.910+0000][1][safepoint    ] Safepoint "Cleanup", Time since last: 1004468625 ns, Reaching safepoint: 3914500 ns, At safepoint: 105333 ns, Total: 4019833 ns
[2022-09-04T01:59:40.921+0000][1][safepoint    ] Safepoint "Cleanup", Time since last: 1007250043 ns, Reaching safepoint: 3336208 ns, At safepoint: 156000 ns, Total: 3492208 ns
[2022-09-04T01:59:41.931+0000][1][safepoint    ] Safepoint "Cleanup", Time since last: 1005689792 ns, Reaching safepoint: 4428208 ns, At safepoint: 89125 ns, Total: 4517333 ns
[2022-09-04T01:59:42.939+0000][1][safepoint    ] Safepoint "Cleanup", Time since last: 1004953876 ns, Reaching safepoint: 3582542 ns, At safepoint: 75916 ns, Total: 3658458 ns
[2022-09-04T01:59:43.920+0000][1][gc,start     ] GC(18) Pause Young (Allocation Failure)
[2022-09-04T01:59:43.931+0000][1][gc,task      ] GC(18) Using 4 workers of 4 for evacuation
[2022-09-04T01:59:43.986+0000][1][gc,age       ] GC(18) Desired survivor size 8945664 bytes, new threshold 6 (max threshold 6)
[2022-09-04T01:59:43.987+0000][1][gc,age       ] GC(18) Age table with threshold 6 (max threshold 6)
[2022-09-04T01:59:43.989+0000][1][gc,age       ] GC(18) - age   1:     404464 bytes,     404464 total
[2022-09-04T01:59:43.990+0000][1][gc,age       ] GC(18) - age   2:     207840 bytes,     612304 total
[2022-09-04T01:59:43.992+0000][1][gc,age       ] GC(18) - age   3:    4916504 bytes,    5528808 total
[2022-09-04T01:59:43.995+0000][1][gc,heap      ] GC(18) ParNew: 151227K->6031K(157248K)
[2022-09-04T01:59:43.996+0000][1][gc,heap      ] GC(18) CMS: 61578K->61578K(349568K)
[2022-09-04T01:59:43.997+0000][1][gc,metaspace ] GC(18) Metaspace: 82190K->82190K(1124352K)
[2022-09-04T01:59:43.999+0000][1][gc           ] GC(18) Pause Young (Allocation Failure) 207M->66M(494M) 80.237ms
[2022-09-04T01:59:44.000+0000][1][gc,cpu       ] GC(18) User=0.13s Sys=0.03s Real=0.08s
[2022-09-04T01:59:44.002+0000][1][safepoint    ] Safepoint "GenCollectForAllocation", Time since last: 974352459 ns, Reaching safepoint: 3831958 ns, At safepoint: 84559584 ns, Total: 88391542 ns
[2022-09-04T01:59:45.009+0000][1][safepoint    ] Safepoint "Cleanup", Time since last: 1001769792 ns, Reaching safepoint: 4456000 ns, At safepoint: 131958 ns, Total: 4587958 ns
[2022-09-04T01:59:46.019+0000][1][safepoint    ] Safepoint "Cleanup", Time since last: 1008433751 ns, Reaching safepoint: 1890166 ns, At safepoint: 126334 ns, Total: 2016500 ns
[2022-09-04T01:59:47.026+0000][1][safepoint    ] Safepoint "Cleanup", Time since last: 1004453334 ns, Reaching safepoint: 2814250 ns, At safepoint: 94375 ns, Total: 2908625 ns
[2022-09-04T01:59:48.033+0000][1][safepoint    ] Safepoint "Cleanup", Time since last: 1003918625 ns, Reaching safepoint: 2946333 ns, At safepoint: 95750 ns, Total: 3042083 ns
[2022-09-04T01:59:49.043+0000][1][safepoint    ] Safepoint "Cleanup", Time since last: 1009135917 ns, Reaching safepoint: 868959 ns, At safepoint: 22833 ns, Total: 891792 ns
[2022-09-04T01:59:50.048+0000][1][safepoint    ] Safepoint "Cleanup", Time since last: 1001783084 ns, Reaching safepoint: 2862125 ns, At safepoint: 60208 ns, Total: 2922333 ns
[2022-09-04T01:59:51.055+0000][1][safepoint    ] Safepoint "Cleanup", Time since last: 1005219417 ns, Reaching safepoint: 1874875 ns, At safepoint: 80042 ns, Total: 1954917 ns
[2022-09-04T01:59:52.061+0000][1][safepoint    ] Safepoint "Cleanup", Time since last: 1003505251 ns, Reaching safepoint: 1837250 ns, At safepoint: 80458 ns, Total: 1917708 ns
[2022-09-04T01:59:53.068+0000][1][safepoint    ] Safepoint "Cleanup", Time since last: 1004877417 ns, Reaching safepoint: 2629500 ns, At safepoint: 83625 ns, Total: 2713125 ns
[2022-09-04T01:59:54.078+0000][1][safepoint    ] Safepoint "Cleanup", Time since last: 1008883751 ns, Reaching safepoint: 928083 ns, At safepoint: 24458 ns, Total: 952541 ns
[2022-09-04T01:59:55.084+0000][1][safepoint    ] Safepoint "Cleanup", Time since last: 1002315459 ns, Reaching safepoint: 3738000 ns, At safepoint: 90500 ns, Total: 3828500 ns
[2022-09-04T01:59:56.092+0000][1][safepoint    ] Safepoint "Cleanup", Time since last: 1004665001 ns, Reaching safepoint: 3016083 ns, At safepoint: 82500 ns, Total: 3098583 ns
[2022-09-04T01:59:57.102+0000][1][safepoint    ] Safepoint "Cleanup", Time since last: 1007167209 ns, Reaching safepoint: 2619041 ns, At safepoint: 44084 ns, Total: 2663125 ns
[2022-09-04T01:59:58.107+0000][1][safepoint    ] Safepoint "Cleanup", Time since last: 1003184083 ns, Reaching safepoint: 2291334 ns, At safepoint: 104666 ns, Total: 2396000 ns
[2022-09-04T01:59:59.111+0000][1][safepoint    ] Safepoint "Cleanup", Time since last: 1002199209 ns, Reaching safepoint: 987709 ns, At safepoint: 20291 ns, Total: 1008000 ns
[2022-09-04T02:00:00.114+0000][1][safepoint    ] Safepoint "Cleanup", Time since last: 1001836917 ns, Reaching safepoint: 1595084 ns, At safepoint: 134500 ns, Total: 1729584 ns
[2022-09-04T02:00:01.119+0000][1][safepoint    ] Safepoint "Cleanup", Time since last: 1003470792 ns, Reaching safepoint: 1729083 ns, At safepoint: 44042 ns, Total: 1773125 ns
[2022-09-04T02:00:02.124+0000][1][safepoint    ] Safepoint "Cleanup", Time since last: 1003276500 ns, Reaching safepoint: 1229417 ns, At safepoint: 27750 ns, Total: 1257167 ns
[2022-09-04T02:00:04.121+0000][1][safepoint    ] Safepoint "Cleanup", Time since last: 1995231876 ns, Reaching safepoint: 1666792 ns, At safepoint: 65375 ns, Total: 1732167 ns
[2022-09-04T02:00:05.125+0000][1][safepoint    ] Safepoint "Cleanup", Time since last: 1003058874 ns, Reaching safepoint: 1373750 ns, At safepoint: 27084 ns, Total: 1400834 ns
[2022-09-04T02:00:06.129+0000][1][safepoint    ] Safepoint "Cleanup", Time since last: 1001585375 ns, Reaching safepoint: 1445042 ns, At safepoint: 30708 ns, Total: 1475750 ns
[2022-09-04T02:00:07.133+0000][1][safepoint    ] Safepoint "Cleanup", Time since last: 1003114584 ns, Reaching safepoint: 1016583 ns, At safepoint: 27000 ns, Total: 1043583 ns
[2022-09-04T02:00:08.136+0000][1][safepoint    ] Safepoint "Cleanup", Time since last: 1001768917 ns, Reaching safepoint: 1387709 ns, At safepoint: 27166 ns, Total: 1414875 ns
[2022-09-04T02:00:09.140+0000][1][safepoint    ] Safepoint "Cleanup", Time since last: 1003284376 ns, Reaching safepoint: 1172458 ns, At safepoint: 51583 ns, Total: 1224041 ns
[2022-09-04T02:00:10.144+0000][1][safepoint    ] Safepoint "Cleanup", Time since last: 1001691043 ns, Reaching safepoint: 1443208 ns, At safepoint: 66292 ns, Total: 1509500 ns
[2022-09-04T02:00:11.150+0000][1][safepoint    ] Safepoint "Cleanup", Time since last: 1004819667 ns, Reaching safepoint: 1202375 ns, At safepoint: 27833 ns, Total: 1230208 ns
[2022-09-04T02:00:12.153+0000][1][safepoint    ] Safepoint "Cleanup", Time since last: 1002683417 ns, Reaching safepoint: 864625 ns, At safepoint: 22542 ns, Total: 887167 ns
[2022-09-04T02:00:13.156+0000][1][safepoint    ] Safepoint "Cleanup", Time since last: 1001621834 ns, Reaching safepoint: 1090458 ns, At safepoint: 23000 ns, Total: 1113458 ns
[2022-09-04T02:00:14.159+0000][1][safepoint    ] Safepoint "Cleanup", Time since last: 1001609417 ns, Reaching safepoint: 1402042 ns, At safepoint: 37500 ns, Total: 1439542 ns
[2022-09-04T02:00:15.162+0000][1][safepoint    ] Safepoint "Cleanup", Time since last: 1002403959 ns, Reaching safepoint: 985625 ns, At safepoint: 21375 ns, Total: 1007000 ns
[2022-09-04T02:00:16.166+0000][1][safepoint    ] Safepoint "Cleanup", Time since last: 1001838208 ns, Reaching safepoint: 1610542 ns, At safepoint: 37667 ns, Total: 1648209 ns
[2022-09-04T02:00:17.171+0000][1][safepoint    ] Safepoint "Cleanup", Time since last: 1004254875 ns, Reaching safepoint: 952750 ns, At safepoint: 23625 ns, Total: 976375 ns
[2022-09-04T02:00:18.178+0000][1][safepoint    ] Safepoint "Cleanup", Time since last: 1005693334 ns, Reaching safepoint: 1484958 ns, At safepoint: 34917 ns, Total: 1519875 ns
[2022-09-04T02:00:19.185+0000][1][safepoint    ] Safepoint "Cleanup", Time since last: 1005318501 ns, Reaching safepoint: 1042125 ns, At safepoint: 22750 ns, Total: 1064875 ns
[2022-09-04T02:00:20.188+0000][1][safepoint    ] Safepoint "Cleanup", Time since last: 1001720208 ns, Reaching safepoint: 1155292 ns, At safepoint: 22667 ns, Total: 1177959 ns
[2022-09-04T02:00:21.191+0000][1][safepoint    ] Safepoint "Cleanup", Time since last: 1001982083 ns, Reaching safepoint: 1508292 ns, At safepoint: 33458 ns, Total: 1541750 ns
[2022-09-04T02:00:22.197+0000][1][safepoint    ] Safepoint "Cleanup", Time since last: 1004430459 ns, Reaching safepoint: 1220459 ns, At safepoint: 29333 ns, Total: 1249792 ns
[2022-09-04T02:00:23.202+0000][1][safepoint    ] Safepoint "Cleanup", Time since last: 1002987167 ns, Reaching safepoint: 1695625 ns, At safepoint: 38042 ns, Total: 1733667 ns
[2022-09-04T02:00:24.207+0000][1][safepoint    ] Safepoint "Cleanup", Time since last: 1004276542 ns, Reaching safepoint: 1267792 ns, At safepoint: 24708 ns, Total: 1292500 ns
[2022-09-04T02:00:25.213+0000][1][safepoint    ] Safepoint "Cleanup", Time since last: 1004036584 ns, Reaching safepoint: 1700583 ns, At safepoint: 40792 ns, Total: 1741375 ns
[2022-09-04T02:00:26.359+0000][1][safepoint    ] Safepoint "Cleanup", Time since last: 1145515459 ns, Reaching safepoint: 832083 ns, At safepoint: 50875 ns, Total: 882958 ns
[2022-09-04T02:00:27.363+0000][1][safepoint    ] Safepoint "Cleanup", Time since last: 1002281292 ns, Reaching safepoint: 1720583 ns, At safepoint: 32667 ns, Total: 1753250 ns
[2022-09-04T02:00:28.371+0000][1][safepoint    ] Safepoint "Cleanup", Time since last: 1005636709 ns, Reaching safepoint: 1628250 ns, At safepoint: 55750 ns, Total: 1684000 ns
[2022-09-04T02:00:29.374+0000][1][safepoint    ] Safepoint "Cleanup", Time since last: 1002429792 ns, Reaching safepoint: 1168958 ns, At safepoint: 21667 ns, Total: 1190625 ns
[2022-09-04T02:00:30.378+0000][1][safepoint    ] Safepoint "Cleanup", Time since last: 1002465542 ns, Reaching safepoint: 1596959 ns, At safepoint: 37708 ns, Total: 1634667 ns
[2022-09-04T02:00:31.384+0000][1][safepoint    ] Safepoint "Cleanup", Time since last: 1004375584 ns, Reaching safepoint: 871000 ns, At safepoint: 19541 ns, Total: 890541 ns
[2022-09-04T02:00:32.387+0000][1][safepoint    ] Safepoint "Cleanup", Time since last: 1002912793 ns, Reaching safepoint: 972583 ns, At safepoint: 21542 ns, Total: 994125 ns
[2022-09-04T02:00:33.393+0000][1][safepoint    ] Safepoint "Cleanup", Time since last: 1001685000 ns, Reaching safepoint: 3646792 ns, At safepoint: 88166 ns, Total: 3734958 ns
[2022-09-04T02:00:34.399+0000][1][safepoint    ] Safepoint "Cleanup", Time since last: 1005213834 ns, Reaching safepoint: 931708 ns, At safepoint: 19584 ns, Total: 951292 ns
[2022-09-04T02:00:35.405+0000][1][safepoint    ] Safepoint "Cleanup", Time since last: 1002258916 ns, Reaching safepoint: 2595584 ns, At safepoint: 139708 ns, Total: 2735292 ns
[2022-09-04T02:00:36.411+0000][1][safepoint    ] Safepoint "Cleanup", Time since last: 1004833417 ns, Reaching safepoint: 920708 ns, At safepoint: 20084 ns, Total: 940792 ns
[2022-09-04T02:00:37.415+0000][1][safepoint    ] Safepoint "Cleanup", Time since last: 1001815334 ns, Reaching safepoint: 1852583 ns, At safepoint: 48500 ns, Total: 1901083 ns
[2022-09-04T02:00:38.422+0000][1][safepoint    ] Safepoint "Cleanup", Time since last: 1006142334 ns, Reaching safepoint: 1328833 ns, At safepoint: 27208 ns, Total: 1356041 ns
[2022-09-04T02:00:39.425+0000][1][safepoint    ] Safepoint "Cleanup", Time since last: 1002079334 ns, Reaching safepoint: 1114750 ns, At safepoint: 25542 ns, Total: 1140292 ns
[2022-09-04T02:00:40.433+0000][1][safepoint    ] Safepoint "Cleanup", Time since last: 1005840959 ns, Reaching safepoint: 2144541 ns, At safepoint: 50334 ns, Total: 2194875 ns
[2022-09-04T02:00:41.438+0000][1][safepoint    ] Safepoint "Cleanup", Time since last: 1003965792 ns, Reaching safepoint: 857750 ns, At safepoint: 23792 ns, Total: 881542 ns
[2022-09-04T02:00:42.442+0000][1][safepoint    ] Safepoint "Cleanup", Time since last: 1001310667 ns, Reaching safepoint: 2100833 ns, At safepoint: 50167 ns, Total: 2151000 ns
[2022-09-04T02:00:43.449+0000][1][safepoint    ] Safepoint "Cleanup", Time since last: 1002868417 ns, Reaching safepoint: 4019916 ns, At safepoint: 80542 ns, Total: 4100458 ns
[2022-09-04T02:00:44.456+0000][1][safepoint    ] Safepoint "Cleanup", Time since last: 1006353709 ns, Reaching safepoint: 966250 ns, At safepoint: 19792 ns, Total: 986042 ns
[2022-09-04T02:00:45.461+0000][1][safepoint    ] Safepoint "Cleanup", Time since last: 1002037875 ns, Reaching safepoint: 3200042 ns, At safepoint: 89916 ns, Total: 3289958 ns
[2022-09-04T02:00:46.468+0000][1][safepoint    ] Safepoint "Cleanup", Time since last: 1005287793 ns, Reaching safepoint: 952208 ns, At safepoint: 24667 ns, Total: 976875 ns
[2022-09-04T02:00:47.471+0000][1][safepoint    ] Safepoint "Cleanup", Time since last: 1002148875 ns, Reaching safepoint: 1297500 ns, At safepoint: 25333 ns, Total: 1322833 ns
[2022-09-04T02:00:48.475+0000][1][safepoint    ] Safepoint "Cleanup", Time since last: 1002683293 ns, Reaching safepoint: 934583 ns, At safepoint: 21542 ns, Total: 956125 ns
[2022-09-04T02:00:49.478+0000][1][safepoint    ] Safepoint "Cleanup", Time since last: 1002074458 ns, Reaching safepoint: 1498417 ns, At safepoint: 45625 ns, Total: 1544042 ns
[2022-09-04T02:00:50.484+0000][1][safepoint    ] Safepoint "Cleanup", Time since last: 1004355875 ns, Reaching safepoint: 1257167 ns, At safepoint: 30042 ns, Total: 1287209 ns
[2022-09-04T02:00:51.489+0000][1][safepoint    ] Safepoint "Cleanup", Time since last: 1004583167 ns, Reaching safepoint: 843958 ns, At safepoint: 21167 ns, Total: 865125 ns
[2022-09-04T02:00:52.494+0000][1][safepoint    ] Safepoint "Cleanup", Time since last: 1002734959 ns, Reaching safepoint: 1740875 ns, At safepoint: 38750 ns, Total: 1779625 ns
[2022-09-04T02:00:53.108+0000][1][safepoint    ] Safepoint "RevokeBias", Time since last: 612397625 ns, Reaching safepoint: 649500 ns, At safepoint: 1447917 ns, Total: 2097417 ns
[2022-09-04T02:00:53.119+0000][1][safepoint    ] Safepoint "RevokeBias", Time since last: 10385333 ns, Reaching safepoint: 589917 ns, At safepoint: 98125 ns, Total: 688042 ns
[2022-09-04T02:00:53.133+0000][1][safepoint    ] Safepoint "RevokeBias", Time since last: 12984083 ns, Reaching safepoint: 753292 ns, At safepoint: 119833 ns, Total: 873125 ns
[2022-09-04T02:00:53.145+0000][1][safepoint    ] Safepoint "RevokeBias", Time since last: 10014375 ns, Reaching safepoint: 1392042 ns, At safepoint: 337958 ns, Total: 1730000 ns
[2022-09-04T02:00:53.567+0000][1][safepoint    ] Safepoint "RevokeBias", Time since last: 420908834 ns, Reaching safepoint: 1048166 ns, At safepoint: 260625 ns, Total: 1308791 ns
[2022-09-04T02:00:53.570+0000][1][safepoint    ] Safepoint "RevokeBias", Time since last: 2007084 ns, Reaching safepoint: 511708 ns, At safepoint: 81333 ns, Total: 593041 ns
[2022-09-04T02:00:53.576+0000][1][safepoint    ] Safepoint "RevokeBias", Time since last: 5198875 ns, Reaching safepoint: 405500 ns, At safepoint: 69000 ns, Total: 474500 ns
[2022-09-04T02:00:53.578+0000][1][safepoint    ] Safepoint "RevokeBias", Time since last: 1834042 ns, Reaching safepoint: 573208 ns, At safepoint: 78417 ns, Total: 651625 ns
[2022-09-04T02:00:53.583+0000][1][safepoint    ] Safepoint "BulkRevokeBias", Time since last: 1405333 ns, Reaching safepoint: 609667 ns, At safepoint: 3195875 ns, Total: 3805542 ns
[2022-09-04T02:00:53.602+0000][1][safepoint    ] Safepoint "RevokeBias", Time since last: 18168042 ns, Reaching safepoint: 674708 ns, At safepoint: 92167 ns, Total: 766875 ns
[2022-09-04T02:00:53.605+0000][1][safepoint    ] Safepoint "RevokeBias", Time since last: 2106416 ns, Reaching safepoint: 513750 ns, At safepoint: 92500 ns, Total: 606250 ns
[2022-09-04T02:00:53.609+0000][1][safepoint    ] Safepoint "BulkRevokeBias", Time since last: 1214459 ns, Reaching safepoint: 453416 ns, At safepoint: 2704375 ns, Total: 3157791 ns
[2022-09-04T02:00:53.612+0000][1][safepoint    ] Safepoint "RevokeBias", Time since last: 2198459 ns, Reaching safepoint: 602250 ns, At safepoint: 87333 ns, Total: 689583 ns
[2022-09-04T02:00:53.621+0000][1][safepoint    ] Safepoint "RevokeBias", Time since last: 8156375 ns, Reaching safepoint: 641208 ns, At safepoint: 89542 ns, Total: 730750 ns
[2022-09-04T02:00:53.848+0000][1][safepoint    ] Safepoint "RevokeBias", Time since last: 225357583 ns, Reaching safepoint: 992709 ns, At safepoint: 105000 ns, Total: 1097709 ns
[2022-09-04T02:00:53.868+0000][1][safepoint    ] Safepoint "RevokeBias", Time since last: 19105416 ns, Reaching safepoint: 791334 ns, At safepoint: 125000 ns, Total: 916334 ns
[2022-09-04T02:00:53.871+0000][1][safepoint    ] Safepoint "RevokeBias", Time since last: 3013083 ns, Reaching safepoint: 624375 ns, At safepoint: 104708 ns, Total: 729083 ns
[2022-09-04T02:00:54.144+0000][1][safepoint    ] Safepoint "RevokeBias", Time since last: 271201042 ns, Reaching safepoint: 1059125 ns, At safepoint: 134959 ns, Total: 1194084 ns
[2022-09-04T02:00:54.422+0000][1][safepoint    ] Safepoint "RevokeBias", Time since last: 276651375 ns, Reaching safepoint: 1615208 ns, At safepoint: 98833 ns, Total: 1714041 ns
[2022-09-04T02:00:54.623+0000][1][safepoint    ] Safepoint "RevokeBias", Time since last: 200364417 ns, Reaching safepoint: 790375 ns, At safepoint: 98708 ns, Total: 889083 ns
[2022-09-04T02:00:54.758+0000][1][safepoint    ] Safepoint "RevokeBias", Time since last: 133930334 ns, Reaching safepoint: 942417 ns, At safepoint: 96708 ns, Total: 1039125 ns
[2022-09-04T02:00:54.903+0000][1][safepoint    ] Safepoint "RevokeBias", Time since last: 143896750 ns, Reaching safepoint: 739000 ns, At safepoint: 109625 ns, Total: 848625 ns
[2022-09-04T02:00:54.910+0000][1][safepoint    ] Safepoint "RevokeBias", Time since last: 6852958 ns, Reaching safepoint: 518084 ns, At safepoint: 86500 ns, Total: 604584 ns
[2022-09-04T02:00:54.914+0000][1][safepoint    ] Safepoint "RevokeBias", Time since last: 2607416 ns, Reaching safepoint: 544250 ns, At safepoint: 88917 ns, Total: 633167 ns
[2022-09-04T02:00:54.921+0000][1][safepoint    ] Safepoint "RevokeBias", Time since last: 6910625 ns, Reaching safepoint: 478208 ns, At safepoint: 88292 ns, Total: 566500 ns
[2022-09-04T02:00:54.932+0000][1][safepoint    ] Safepoint "RevokeBias", Time since last: 9962833 ns, Reaching safepoint: 818042 ns, At safepoint: 166667 ns, Total: 984709 ns
[2022-09-04T02:00:54.936+0000][1][safepoint    ] Safepoint "RevokeBias", Time since last: 2753250 ns, Reaching safepoint: 560708 ns, At safepoint: 181833 ns, Total: 742541 ns
[2022-09-04T02:00:54.976+0000][1][safepoint    ] Safepoint "RevokeBias", Time since last: 39546834 ns, Reaching safepoint: 988291 ns, At safepoint: 104792 ns, Total: 1093083 ns
[2022-09-04T02:00:54.985+0000][1][safepoint    ] Safepoint "RevokeBias", Time since last: 7920125 ns, Reaching safepoint: 503667 ns, At safepoint: 220750 ns, Total: 724417 ns
[2022-09-04T02:00:54.990+0000][1][safepoint    ] Safepoint "RevokeBias", Time since last: 4197875 ns, Reaching safepoint: 637708 ns, At safepoint: 364292 ns, Total: 1002000 ns
[2022-09-04T02:00:54.993+0000][1][safepoint    ] Safepoint "RevokeBias", Time since last: 1525875 ns, Reaching safepoint: 611833 ns, At safepoint: 301750 ns, Total: 913583 ns
[2022-09-04T02:00:55.006+0000][1][safepoint    ] Safepoint "RevokeBias", Time since last: 12040792 ns, Reaching safepoint: 971333 ns, At safepoint: 111417 ns, Total: 1082750 ns
[2022-09-04T02:00:55.019+0000][1][safepoint    ] Safepoint "RevokeBias", Time since last: 12374166 ns, Reaching safepoint: 944084 ns, At safepoint: 149666 ns, Total: 1093750 ns
[2022-09-04T02:00:55.022+0000][1][safepoint    ] Safepoint "RevokeBias", Time since last: 2350875 ns, Reaching safepoint: 474542 ns, At safepoint: 130458 ns, Total: 605000 ns
[2022-09-04T02:00:55.024+0000][1][safepoint    ] Safepoint "RevokeBias", Time since last: 1636042 ns, Reaching safepoint: 503958 ns, At safepoint: 85917 ns, Total: 589875 ns
[2022-09-04T02:00:55.032+0000][1][safepoint    ] Safepoint "RevokeBias", Time since last: 7232458 ns, Reaching safepoint: 548584 ns, At safepoint: 107916 ns, Total: 656500 ns
[2022-09-04T02:00:55.080+0000][1][safepoint    ] Safepoint "RevokeBias", Time since last: 46281334 ns, Reaching safepoint: 803791 ns, At safepoint: 196667 ns, Total: 1000458 ns
[2022-09-04T02:00:55.084+0000][1][safepoint    ] Safepoint "RevokeBias", Time since last: 3219958 ns, Reaching safepoint: 666417 ns, At safepoint: 111458 ns, Total: 777875 ns
[2022-09-04T02:00:55.090+0000][1][safepoint    ] Safepoint "RevokeBias", Time since last: 5692542 ns, Reaching safepoint: 776667 ns, At safepoint: 111250 ns, Total: 887917 ns
[2022-09-04T02:00:55.094+0000][1][safepoint    ] Safepoint "RevokeBias", Time since last: 3306666 ns, Reaching safepoint: 596667 ns, At safepoint: 85792 ns, Total: 682459 ns
[2022-09-04T02:00:55.169+0000][1][safepoint    ] Safepoint "RevokeBias", Time since last: 74103166 ns, Reaching safepoint: 1185167 ns, At safepoint: 118667 ns, Total: 1303834 ns
[2022-09-04T02:00:55.173+0000][1][safepoint    ] Safepoint "RevokeBias", Time since last: 2470750 ns, Reaching safepoint: 878916 ns, At safepoint: 90042 ns, Total: 968958 ns
[2022-09-04T02:00:55.241+0000][1][safepoint    ] Safepoint "RevokeBias", Time since last: 67120125 ns, Reaching safepoint: 1191375 ns, At safepoint: 104583 ns, Total: 1295958 ns
[2022-09-04T02:00:55.243+0000][1][safepoint    ] Safepoint "RevokeBias", Time since last: 1264209 ns, Reaching safepoint: 671458 ns, At safepoint: 85375 ns, Total: 756833 ns
[2022-09-04T02:00:55.288+0000][1][safepoint    ] Safepoint "RevokeBias", Time since last: 43979958 ns, Reaching safepoint: 838000 ns, At safepoint: 104500 ns, Total: 942500 ns
[2022-09-04T02:00:55.321+0000][1][safepoint    ] Safepoint "RevokeBias", Time since last: 32172834 ns, Reaching safepoint: 606708 ns, At safepoint: 100542 ns, Total: 707250 ns
[2022-09-04T02:00:55.330+0000][1][safepoint    ] Safepoint "RevokeBias", Time since last: 8358166 ns, Reaching safepoint: 817250 ns, At safepoint: 122542 ns, Total: 939792 ns
[2022-09-04T02:00:56.184+0000][1][safepoint    ] Safepoint "RevokeBias", Time since last: 849099709 ns, Reaching safepoint: 4135542 ns, At safepoint: 456125 ns, Total: 4591667 ns
[2022-09-04T02:00:57.194+0000][1][safepoint    ] Safepoint "Cleanup", Time since last: 1005816708 ns, Reaching safepoint: 4074417 ns, At safepoint: 154292 ns, Total: 4228709 ns
[2022-09-04T02:00:58.203+0000][1][safepoint    ] Safepoint "Cleanup", Time since last: 1006949209 ns, Reaching safepoint: 1713666 ns, At safepoint: 46542 ns, Total: 1760208 ns
[2022-09-04T02:00:59.207+0000][1][safepoint    ] Safepoint "Cleanup", Time since last: 1002863167 ns, Reaching safepoint: 944083 ns, At safepoint: 44292 ns, Total: 988375 ns
[2022-09-04T02:01:00.212+0000][1][safepoint    ] Safepoint "Cleanup", Time since last: 1003634625 ns, Reaching safepoint: 1497709 ns, At safepoint: 36666 ns, Total: 1534375 ns
[2022-09-04T02:01:01.217+0000][1][safepoint    ] Safepoint "Cleanup", Time since last: 1002914168 ns, Reaching safepoint: 2077375 ns, At safepoint: 69958 ns, Total: 2147333 ns
[2022-09-04T02:01:02.225+0000][1][safepoint    ] Safepoint "Cleanup", Time since last: 1006439125 ns, Reaching safepoint: 1067709 ns, At safepoint: 44083 ns, Total: 1111792 ns
[2022-09-04T02:01:03.230+0000][1][safepoint    ] Safepoint "Cleanup", Time since last: 1003736167 ns, Reaching safepoint: 1877917 ns, At safepoint: 70083 ns, Total: 1948000 ns
[2022-09-04T02:01:04.236+0000][1][safepoint    ] Safepoint "Cleanup", Time since last: 1004193959 ns, Reaching safepoint: 1478417 ns, At safepoint: 43791 ns, Total: 1522208 ns
[2022-09-04T02:01:05.240+0000][1][safepoint    ] Safepoint "Cleanup", Time since last: 1003082834 ns, Reaching safepoint: 1285042 ns, At safepoint: 34416 ns, Total: 1319458 ns
[2022-09-04T02:01:06.246+0000][1][safepoint    ] Safepoint "Cleanup", Time since last: 1001742459 ns, Reaching safepoint: 4116667 ns, At safepoint: 173958 ns, Total: 4290625 ns
[2022-09-04T02:01:07.252+0000][1][safepoint    ] Safepoint "Cleanup", Time since last: 1004905834 ns, Reaching safepoint: 1232958 ns, At safepoint: 38000 ns, Total: 1270958 ns
[2022-09-04T02:01:09.218+0000][1][safepoint    ] Safepoint "Cleanup", Time since last: 1962725043 ns, Reaching safepoint: 2593958 ns, At safepoint: 68083 ns, Total: 2662041 ns
[2022-09-04T02:01:10.226+0000][1][safepoint    ] Safepoint "Cleanup", Time since last: 1003430168 ns, Reaching safepoint: 4188916 ns, At safepoint: 92875 ns, Total: 4281791 ns
[2022-09-04T02:01:11.232+0000][1][safepoint    ] Safepoint "Cleanup", Time since last: 1005737292 ns, Reaching safepoint: 1024125 ns, At safepoint: 23167 ns, Total: 1047292 ns
[2022-09-04T02:01:12.235+0000][1][safepoint    ] Safepoint "Cleanup", Time since last: 1001943751 ns, Reaching safepoint: 959541 ns, At safepoint: 24750 ns, Total: 984291 ns
[2022-09-04T02:01:13.238+0000][1][safepoint    ] Safepoint "Cleanup", Time since last: 1001407167 ns, Reaching safepoint: 1055917 ns, At safepoint: 24125 ns, Total: 1080042 ns
[2022-09-04T02:01:14.241+0000][1][safepoint    ] Safepoint "Cleanup", Time since last: 1002108167 ns, Reaching safepoint: 1147542 ns, At safepoint: 31375 ns, Total: 1178917 ns
[2022-09-04T02:01:15.244+0000][1][safepoint    ] Safepoint "Cleanup", Time since last: 1001632375 ns, Reaching safepoint: 1707167 ns, At safepoint: 43750 ns, Total: 1750917 ns
[2022-09-04T02:01:16.250+0000][1][safepoint    ] Safepoint "Cleanup", Time since last: 1002654750 ns, Reaching safepoint: 3235375 ns, At safepoint: 93500 ns, Total: 3328875 ns
[2022-09-04T02:01:17.257+0000][1][safepoint    ] Safepoint "Cleanup", Time since last: 1005922043 ns, Reaching safepoint: 929750 ns, At safepoint: 19666 ns, Total: 949416 ns
[2022-09-04T02:01:18.260+0000][1][safepoint    ] Safepoint "Cleanup", Time since last: 1001384459 ns, Reaching safepoint: 1257208 ns, At safepoint: 51125 ns, Total: 1308333 ns
[2022-09-04T02:01:19.267+0000][1][safepoint    ] Safepoint "Cleanup", Time since last: 1006320168 ns, Reaching safepoint: 989416 ns, At safepoint: 23125 ns, Total: 1012541 ns
[2022-09-04T02:01:20.272+0000][1][safepoint    ] Safepoint "Cleanup", Time since last: 1002705792 ns, Reaching safepoint: 1712792 ns, At safepoint: 38125 ns, Total: 1750917 ns
[2022-09-04T02:01:20.916+0000][1][safepoint    ] Safepoint "RevokeBias", Time since last: 642687542 ns, Reaching safepoint: 1190708 ns, At safepoint: 482542 ns, Total: 1673250 ns
[2022-09-04T02:01:21.125+0000][1][safepoint    ] Safepoint "RevokeBias", Time since last: 208020417 ns, Reaching safepoint: 843041 ns, At safepoint: 99584 ns, Total: 942625 ns
[2022-09-04T02:01:21.128+0000][1][safepoint    ] Safepoint "RevokeBias", Time since last: 2477375 ns, Reaching safepoint: 556125 ns, At safepoint: 77791 ns, Total: 633916 ns
[2022-09-04T02:01:21.132+0000][1][safepoint    ] Safepoint "RevokeBias", Time since last: 3358292 ns, Reaching safepoint: 584083 ns, At safepoint: 170084 ns, Total: 754167 ns
[2022-09-04T02:01:21.135+0000][1][safepoint    ] Safepoint "RevokeBias", Time since last: 1879375 ns, Reaching safepoint: 466458 ns, At safepoint: 123792 ns, Total: 590250 ns
[2022-09-04T02:01:21.137+0000][1][safepoint    ] Safepoint "RevokeBias", Time since last: 1249500 ns, Reaching safepoint: 435500 ns, At safepoint: 69875 ns, Total: 505375 ns
[2022-09-04T02:01:21.140+0000][1][safepoint    ] Safepoint "RevokeBias", Time since last: 2661125 ns, Reaching safepoint: 597916 ns, At safepoint: 72834 ns, Total: 670750 ns
[2022-09-04T02:01:21.153+0000][1][safepoint    ] Safepoint "RevokeBias", Time since last: 12480333 ns, Reaching safepoint: 797792 ns, At safepoint: 98208 ns, Total: 896000 ns
[2022-09-04T02:01:21.156+0000][1][safepoint    ] Safepoint "RevokeBias", Time since last: 2427792 ns, Reaching safepoint: 570250 ns, At safepoint: 104125 ns, Total: 674375 ns
[2022-09-04T02:01:21.158+0000][1][safepoint    ] Safepoint "RevokeBias", Time since last: 1067833 ns, Reaching safepoint: 506875 ns, At safepoint: 67875 ns, Total: 574750 ns
[2022-09-04T02:01:21.160+0000][1][safepoint    ] Safepoint "RevokeBias", Time since last: 1242208 ns, Reaching safepoint: 350875 ns, At safepoint: 64209 ns, Total: 415084 ns
[2022-09-04T02:01:21.161+0000][1][safepoint    ] Safepoint "RevokeBias", Time since last: 1008208 ns, Reaching safepoint: 511167 ns, At safepoint: 73500 ns, Total: 584667 ns
[2022-09-04T02:01:21.163+0000][1][safepoint    ] Safepoint "RevokeBias", Time since last: 1472958 ns, Reaching safepoint: 453625 ns, At safepoint: 71917 ns, Total: 525542 ns
[2022-09-04T02:01:21.166+0000][1][safepoint    ] Safepoint "RevokeBias", Time since last: 2537208 ns, Reaching safepoint: 438625 ns, At safepoint: 71917 ns, Total: 510542 ns
[2022-09-04T02:01:21.306+0000][1][safepoint    ] Safepoint "RevokeBias", Time since last: 138178708 ns, Reaching safepoint: 1014584 ns, At safepoint: 153583 ns, Total: 1168167 ns
[2022-09-04T02:01:21.338+0000][1][safepoint    ] Safepoint "RevokeBias", Time since last: 31012042 ns, Reaching safepoint: 835375 ns, At safepoint: 121541 ns, Total: 956916 ns
[2022-09-04T02:01:21.342+0000][1][safepoint    ] Safepoint "RevokeBias", Time since last: 3630000 ns, Reaching safepoint: 529667 ns, At safepoint: 104958 ns, Total: 634625 ns
[2022-09-04T02:01:21.504+0000][1][safepoint    ] Safepoint "RevokeBias", Time since last: 160298167 ns, Reaching safepoint: 1251333 ns, At safepoint: 145875 ns, Total: 1397208 ns
[2022-09-04T02:01:21.730+0000][1][safepoint    ] Safepoint "RevokeBias", Time since last: 225235875 ns, Reaching safepoint: 1380500 ns, At safepoint: 98042 ns, Total: 1478542 ns
[2022-09-04T02:01:21.930+0000][1][safepoint    ] Safepoint "RevokeBias", Time since last: 198709709 ns, Reaching safepoint: 740041 ns, At safepoint: 100375 ns, Total: 840416 ns
[2022-09-04T02:01:22.053+0000][1][safepoint    ] Safepoint "RevokeBias", Time since last: 122227917 ns, Reaching safepoint: 896167 ns, At safepoint: 114125 ns, Total: 1010292 ns
[2022-09-04T02:01:22.191+0000][1][safepoint    ] Safepoint "RevokeBias", Time since last: 136183791 ns, Reaching safepoint: 1128709 ns, At safepoint: 125083 ns, Total: 1253792 ns
[2022-09-04T02:01:22.196+0000][1][safepoint    ] Safepoint "RevokeBias", Time since last: 4117417 ns, Reaching safepoint: 807250 ns, At safepoint: 117250 ns, Total: 924500 ns
[2022-09-04T02:01:22.204+0000][1][safepoint    ] Safepoint "RevokeBias", Time since last: 7993333 ns, Reaching safepoint: 734833 ns, At safepoint: 133500 ns, Total: 868333 ns
[2022-09-04T02:01:22.224+0000][1][safepoint    ] Safepoint "RevokeBias", Time since last: 19015959 ns, Reaching safepoint: 878958 ns, At safepoint: 119917 ns, Total: 998875 ns
[2022-09-04T02:01:22.227+0000][1][safepoint    ] Safepoint "RevokeBias", Time since last: 2138041 ns, Reaching safepoint: 550750 ns, At safepoint: 90209 ns, Total: 640959 ns
[2022-09-04T02:01:22.274+0000][1][safepoint    ] Safepoint "BulkRevokeBias", Time since last: 42689833 ns, Reaching safepoint: 775958 ns, At safepoint: 2838917 ns, Total: 3614875 ns
[2022-09-04T02:01:22.283+0000][1][safepoint    ] Safepoint "RevokeBias", Time since last: 8955667 ns, Reaching safepoint: 697458 ns, At safepoint: 113792 ns, Total: 811250 ns
[2022-09-04T02:01:22.294+0000][1][safepoint    ] Safepoint "RevokeBias", Time since last: 9001333 ns, Reaching safepoint: 918917 ns, At safepoint: 443666 ns, Total: 1362583 ns
[2022-09-04T02:01:22.297+0000][1][safepoint    ] Safepoint "RevokeBias", Time since last: 2185709 ns, Reaching safepoint: 974875 ns, At safepoint: 215708 ns, Total: 1190583 ns
[2022-09-04T02:01:22.301+0000][1][safepoint    ] Safepoint "RevokeBias", Time since last: 1295625 ns, Reaching safepoint: 2052667 ns, At safepoint: 240750 ns, Total: 2293417 ns
[2022-09-04T02:01:22.310+0000][1][safepoint    ] Safepoint "RevokeBias", Time since last: 8680208 ns, Reaching safepoint: 953500 ns, At safepoint: 125750 ns, Total: 1079250 ns
[2022-09-04T02:01:22.325+0000][1][safepoint    ] Safepoint "RevokeBias", Time since last: 13884083 ns, Reaching safepoint: 1012334 ns, At safepoint: 119958 ns, Total: 1132292 ns
[2022-09-04T02:01:22.330+0000][1][safepoint    ] Safepoint "RevokeBias", Time since last: 3177917 ns, Reaching safepoint: 1076833 ns, At safepoint: 218042 ns, Total: 1294875 ns
[2022-09-04T02:01:22.333+0000][1][safepoint    ] Safepoint "RevokeBias", Time since last: 2240750 ns, Reaching safepoint: 486666 ns, At safepoint: 271417 ns, Total: 758083 ns
[2022-09-04T02:01:22.344+0000][1][safepoint    ] Safepoint "RevokeBias", Time since last: 10164375 ns, Reaching safepoint: 485917 ns, At safepoint: 156125 ns, Total: 642042 ns
[2022-09-04T02:01:22.413+0000][1][safepoint    ] Safepoint "RevokeBias", Time since last: 67742791 ns, Reaching safepoint: 1036584 ns, At safepoint: 111708 ns, Total: 1148292 ns
[2022-09-04T02:01:22.416+0000][1][safepoint    ] Safepoint "RevokeBias", Time since last: 3011083 ns, Reaching safepoint: 543209 ns, At safepoint: 112541 ns, Total: 655750 ns
[2022-09-04T02:01:22.423+0000][1][safepoint    ] Safepoint "RevokeBias", Time since last: 5377417 ns, Reaching safepoint: 960542 ns, At safepoint: 116000 ns, Total: 1076542 ns
[2022-09-04T02:01:22.429+0000][1][safepoint    ] Safepoint "RevokeBias", Time since last: 4917875 ns, Reaching safepoint: 917041 ns, At safepoint: 126792 ns, Total: 1043833 ns
[2022-09-04T02:01:22.730+0000][1][safepoint    ] Safepoint "RevokeBias", Time since last: 291448709 ns, Reaching safepoint: 7321958 ns, At safepoint: 1875333 ns, Total: 9197291 ns
[2022-09-04T02:01:22.757+0000][1][safepoint    ] Safepoint "RevokeBias", Time since last: 26269834 ns, Reaching safepoint: 1439250 ns, At safepoint: 245458 ns, Total: 1684708 ns
[2022-09-04T02:01:22.989+0000][1][safepoint    ] Safepoint "RevokeBias", Time since last: 230807458 ns, Reaching safepoint: 1225709 ns, At safepoint: 108708 ns, Total: 1334417 ns
[2022-09-04T02:01:22.993+0000][1][safepoint    ] Safepoint "RevokeBias", Time since last: 2803458 ns, Reaching safepoint: 366959 ns, At safepoint: 79208 ns, Total: 446167 ns
[2022-09-04T02:01:23.046+0000][1][safepoint    ] Safepoint "RevokeBias", Time since last: 52037542 ns, Reaching safepoint: 700625 ns, At safepoint: 95458 ns, Total: 796083 ns
[2022-09-04T02:01:23.109+0000][1][safepoint    ] Safepoint "RevokeBias", Time since last: 62433000 ns, Reaching safepoint: 1164417 ns, At safepoint: 100708 ns, Total: 1265125 ns
[2022-09-04T02:01:23.166+0000][1][safepoint    ] Safepoint "RevokeBias", Time since last: 55764875 ns, Reaching safepoint: 657250 ns, At safepoint: 104875 ns, Total: 762125 ns
[2022-09-04T02:01:23.766+0000][1][safepoint    ] Safepoint "RevokeBias", Time since last: 598962209 ns, Reaching safepoint: 1150250 ns, At safepoint: 110125 ns, Total: 1260375 ns
[2022-09-04T02:01:24.769+0000][1][safepoint    ] Safepoint "Cleanup", Time since last: 1002242167 ns, Reaching safepoint: 916458 ns, At safepoint: 41417 ns, Total: 957875 ns
[2022-09-04T02:01:25.773+0000][1][safepoint    ] Safepoint "Cleanup", Time since last: 1002989292 ns, Reaching safepoint: 997167 ns, At safepoint: 29125 ns, Total: 1026292 ns
[2022-09-04T02:01:26.783+0000][1][safepoint    ] Safepoint "Cleanup", Time since last: 1007171875 ns, Reaching safepoint: 2823083 ns, At safepoint: 64709 ns, Total: 2887792 ns
[2022-09-04T02:01:27.793+0000][1][safepoint    ] Safepoint "Cleanup", Time since last: 1004612125 ns, Reaching safepoint: 4510667 ns, At safepoint: 112208 ns, Total: 4622875 ns
[2022-09-04T02:01:28.801+0000][1][safepoint    ] Safepoint "Cleanup", Time since last: 1003747042 ns, Reaching safepoint: 4678209 ns, At safepoint: 139625 ns, Total: 4817834 ns
[2022-09-04T02:01:29.808+0000][1][safepoint    ] Safepoint "Cleanup", Time since last: 1004793167 ns, Reaching safepoint: 2288292 ns, At safepoint: 60333 ns, Total: 2348625 ns
[2022-09-04T02:01:30.818+0000][1][safepoint    ] Safepoint "Cleanup", Time since last: 1006042084 ns, Reaching safepoint: 3779541 ns, At safepoint: 114709 ns, Total: 3894250 ns
[2022-09-04T02:01:31.827+0000][1][safepoint    ] Safepoint "Cleanup", Time since last: 1006953459 ns, Reaching safepoint: 1621208 ns, At safepoint: 44958 ns, Total: 1666166 ns
[2022-09-04T02:01:32.833+0000][1][safepoint    ] Safepoint "Cleanup", Time since last: 1002639376 ns, Reaching safepoint: 3317708 ns, At safepoint: 152875 ns, Total: 3470583 ns
[2022-09-04T02:01:33.843+0000][1][safepoint    ] Safepoint "Cleanup", Time since last: 1004889376 ns, Reaching safepoint: 4717541 ns, At safepoint: 375375 ns, Total: 5092916 ns
[2022-09-04T02:01:34.849+0000][1][safepoint    ] Safepoint "Cleanup", Time since last: 1004764626 ns, Reaching safepoint: 1109750 ns, At safepoint: 27583 ns, Total: 1137333 ns
[2022-09-04T02:01:35.852+0000][1][safepoint    ] Safepoint "Cleanup", Time since last: 1002634083 ns, Reaching safepoint: 891333 ns, At safepoint: 20792 ns, Total: 912125 ns
[2022-09-04T02:01:36.258+0000][1][safepoint    ] Safepoint "RevokeBias", Time since last: 403221500 ns, Reaching safepoint: 1357625 ns, At safepoint: 1224375 ns, Total: 2582000 ns
[2022-09-04T02:01:36.267+0000][1][safepoint    ] Safepoint "RevokeBias", Time since last: 7527875 ns, Reaching safepoint: 1124042 ns, At safepoint: 311750 ns, Total: 1435792 ns
[2022-09-04T02:01:36.335+0000][1][safepoint    ] Safepoint "RevokeBias", Time since last: 66953416 ns, Reaching safepoint: 885125 ns, At safepoint: 128709 ns, Total: 1013834 ns
[2022-09-04T02:01:36.339+0000][1][safepoint    ] Safepoint "RevokeBias", Time since last: 3944291 ns, Reaching safepoint: 543542 ns, At safepoint: 191333 ns, Total: 734875 ns
[2022-09-04T02:01:36.351+0000][1][safepoint    ] Safepoint "RevokeBias", Time since last: 10955084 ns, Reaching safepoint: 627000 ns, At safepoint: 98625 ns, Total: 725625 ns
[2022-09-04T02:01:36.372+0000][1][safepoint    ] Safepoint "RevokeBias", Time since last: 19852041 ns, Reaching safepoint: 701917 ns, At safepoint: 114333 ns, Total: 816250 ns
[2022-09-04T02:01:36.415+0000][1][safepoint    ] Safepoint "RevokeBias", Time since last: 41618500 ns, Reaching safepoint: 1657750 ns, At safepoint: 131917 ns, Total: 1789667 ns
[2022-09-04T02:01:37.418+0000][1][safepoint    ] Safepoint "Cleanup", Time since last: 1001963251 ns, Reaching safepoint: 1036583 ns, At safepoint: 22208 ns, Total: 1058791 ns
[2022-09-04T02:01:38.421+0000][1][safepoint    ] Safepoint "Cleanup", Time since last: 1001986209 ns, Reaching safepoint: 938833 ns, At safepoint: 20292 ns, Total: 959125 ns
[2022-09-04T02:01:39.441+0000][1][safepoint    ] Safepoint "Cleanup", Time since last: 1017034709 ns, Reaching safepoint: 2212542 ns, At safepoint: 67125 ns, Total: 2279667 ns
[2022-09-04T02:01:40.445+0000][1][safepoint    ] Safepoint "Cleanup", Time since last: 1002757292 ns, Reaching safepoint: 1424791 ns, At safepoint: 30959 ns, Total: 1455750 ns
[2022-09-04T02:01:41.448+0000][1][safepoint    ] Safepoint "Cleanup", Time since last: 1002696000 ns, Reaching safepoint: 926542 ns, At safepoint: 19625 ns, Total: 946167 ns
[2022-09-04T02:01:42.454+0000][1][safepoint    ] Safepoint "Cleanup", Time since last: 1004023209 ns, Reaching safepoint: 1450041 ns, At safepoint: 34500 ns, Total: 1484541 ns
[2022-09-04T02:01:43.459+0000][1][safepoint    ] Safepoint "Cleanup", Time since last: 1003785917 ns, Reaching safepoint: 1309834 ns, At safepoint: 33625 ns, Total: 1343459 ns
[2022-09-04T02:01:44.462+0000][1][safepoint    ] Safepoint "Cleanup", Time since last: 1002204209 ns, Reaching safepoint: 1041083 ns, At safepoint: 27417 ns, Total: 1068500 ns
[2022-09-04T02:01:45.468+0000][1][safepoint    ] Safepoint "Cleanup", Time since last: 1002517750 ns, Reaching safepoint: 2648833 ns, At safepoint: 56875 ns, Total: 2705708 ns
[2022-09-04T02:01:46.473+0000][1][safepoint    ] Safepoint "Cleanup", Time since last: 1004652501 ns, Reaching safepoint: 959917 ns, At safepoint: 23250 ns, Total: 983167 ns
[2022-09-04T02:01:47.476+0000][1][safepoint    ] Safepoint "Cleanup", Time since last: 1002456417 ns, Reaching safepoint: 844916 ns, At safepoint: 23167 ns, Total: 868083 ns
[2022-09-04T02:01:48.481+0000][1][safepoint    ] Safepoint "Cleanup", Time since last: 1003914417 ns, Reaching safepoint: 1020250 ns, At safepoint: 30292 ns, Total: 1050542 ns
[2022-09-04T02:01:49.487+0000][1][safepoint    ] Safepoint "Cleanup", Time since last: 1004531042 ns, Reaching safepoint: 960333 ns, At safepoint: 23209 ns, Total: 983542 ns
[2022-09-04T02:01:50.490+0000][1][safepoint    ] Safepoint "Cleanup", Time since last: 1001989708 ns, Reaching safepoint: 855834 ns, At safepoint: 19458 ns, Total: 875292 ns
[2022-09-04T02:01:51.493+0000][1][safepoint    ] Safepoint "Cleanup", Time since last: 1001814001 ns, Reaching safepoint: 993958 ns, At safepoint: 23417 ns, Total: 1017375 ns
[2022-09-04T02:01:51.531+0000][1][safepoint    ] Safepoint "RevokeBias", Time since last: 37348000 ns, Reaching safepoint: 1087166 ns, At safepoint: 96125 ns, Total: 1183291 ns
[2022-09-04T02:01:51.534+0000][1][safepoint    ] Safepoint "RevokeBias", Time since last: 1711542 ns, Reaching safepoint: 1191833 ns, At safepoint: 88917 ns, Total: 1280750 ns
[2022-09-04T02:01:52.538+0000][1][safepoint    ] Safepoint "Cleanup", Time since last: 1002408917 ns, Reaching safepoint: 1378500 ns, At safepoint: 30750 ns, Total: 1409250 ns
[2022-09-04T02:01:53.541+0000][1][safepoint    ] Safepoint "Cleanup", Time since last: 1002137209 ns, Reaching safepoint: 984417 ns, At safepoint: 28208 ns, Total: 1012625 ns
[2022-09-04T02:01:54.544+0000][1][safepoint    ] Safepoint "Cleanup", Time since last: 1001953000 ns, Reaching safepoint: 927250 ns, At safepoint: 25500 ns, Total: 952750 ns
[2022-09-04T02:01:55.548+0000][1][safepoint    ] Safepoint "Cleanup", Time since last: 1001975751 ns, Reaching safepoint: 1763875 ns, At safepoint: 31792 ns, Total: 1795667 ns
[2022-09-04T02:01:56.553+0000][1][safepoint    ] Safepoint "Cleanup", Time since last: 1004098083 ns, Reaching safepoint: 964959 ns, At safepoint: 22625 ns, Total: 987584 ns
[2022-09-04T02:01:57.556+0000][1][safepoint    ] Safepoint "Cleanup", Time since last: 1001868625 ns, Reaching safepoint: 1021584 ns, At safepoint: 25375 ns, Total: 1046959 ns
[2022-09-04T02:01:58.562+0000][1][safepoint    ] Safepoint "Cleanup", Time since last: 1004972750 ns, Reaching safepoint: 1120167 ns, At safepoint: 24583 ns, Total: 1144750 ns
[2022-09-04T02:01:59.567+0000][1][safepoint    ] Safepoint "Cleanup", Time since last: 1003403417 ns, Reaching safepoint: 1323875 ns, At safepoint: 27958 ns, Total: 1351833 ns
[2022-09-04T02:02:00.570+0000][1][safepoint    ] Safepoint "Cleanup", Time since last: 1002094501 ns, Reaching safepoint: 917375 ns, At safepoint: 20667 ns, Total: 938042 ns
[2022-09-04T02:02:01.572+0000][1][safepoint    ] Safepoint "Cleanup", Time since last: 1001730083 ns, Reaching safepoint: 882209 ns, At safepoint: 21458 ns, Total: 903667 ns
[2022-09-04T02:02:02.577+0000][1][safepoint    ] Safepoint "Cleanup", Time since last: 1003227126 ns, Reaching safepoint: 933583 ns, At safepoint: 39625 ns, Total: 973208 ns
[2022-09-04T02:02:03.581+0000][1][safepoint    ] Safepoint "Cleanup", Time since last: 1001552542 ns, Reaching safepoint: 2990083 ns, At safepoint: 93417 ns, Total: 3083500 ns
[2022-09-04T02:02:04.586+0000][1][safepoint    ] Safepoint "Cleanup", Time since last: 1003612251 ns, Reaching safepoint: 970291 ns, At safepoint: 24625 ns, Total: 994916 ns
[2022-09-04T02:02:05.589+0000][1][safepoint    ] Safepoint "Cleanup", Time since last: 1001878084 ns, Reaching safepoint: 2113250 ns, At safepoint: 52666 ns, Total: 2165916 ns
[2022-09-04T02:02:06.596+0000][1][safepoint    ] Safepoint "Cleanup", Time since last: 1005546626 ns, Reaching safepoint: 1301875 ns, At safepoint: 29250 ns, Total: 1331125 ns
[2022-09-04T02:02:07.602+0000][1][safepoint    ] Safepoint "Cleanup", Time since last: 1005013709 ns, Reaching safepoint: 1168041 ns, At safepoint: 21292 ns, Total: 1189333 ns
[2022-09-04T02:02:08.606+0000][1][safepoint    ] Safepoint "Cleanup", Time since last: 1001701542 ns, Reaching safepoint: 1456583 ns, At safepoint: 28792 ns, Total: 1485375 ns
[2022-09-04T02:02:09.609+0000][1][safepoint    ] Safepoint "Cleanup", Time since last: 1002472001 ns, Reaching safepoint: 1193583 ns, At safepoint: 22500 ns, Total: 1216083 ns
[2022-09-04T02:02:10.614+0000][1][safepoint    ] Safepoint "Cleanup", Time since last: 1002865084 ns, Reaching safepoint: 1491416 ns, At safepoint: 28084 ns, Total: 1519500 ns
[2022-09-04T02:02:11.617+0000][1][safepoint    ] Safepoint "Cleanup", Time since last: 1002690709 ns, Reaching safepoint: 882666 ns, At safepoint: 20917 ns, Total: 903583 ns
[2022-09-04T02:02:12.620+0000][1][safepoint    ] Safepoint "Cleanup", Time since last: 1001616667 ns, Reaching safepoint: 937667 ns, At safepoint: 24291 ns, Total: 961958 ns
[2022-09-04T02:02:13.623+0000][1][safepoint    ] Safepoint "Cleanup", Time since last: 1001768543 ns, Reaching safepoint: 957916 ns, At safepoint: 19625 ns, Total: 977541 ns
[2022-09-04T02:02:14.625+0000][1][safepoint    ] Safepoint "Cleanup", Time since last: 1001464709 ns, Reaching safepoint: 874250 ns, At safepoint: 19625 ns, Total: 893875 ns
[2022-09-04T02:02:15.628+0000][1][safepoint    ] Safepoint "Cleanup", Time since last: 1001702917 ns, Reaching safepoint: 1337542 ns, At safepoint: 32000 ns, Total: 1369542 ns
[2022-09-04T02:02:16.633+0000][1][safepoint    ] Safepoint "Cleanup", Time since last: 1004293292 ns, Reaching safepoint: 1023917 ns, At safepoint: 31541 ns, Total: 1055458 ns
[2022-09-04T02:02:17.637+0000][1][safepoint    ] Safepoint "Cleanup", Time since last: 1001921084 ns, Reaching safepoint: 1245042 ns, At safepoint: 29083 ns, Total: 1274125 ns
[2022-09-04T02:02:18.641+0000][1][safepoint    ] Safepoint "Cleanup", Time since last: 1002421167 ns, Reaching safepoint: 1999709 ns, At safepoint: 93458 ns, Total: 2093167 ns
[2022-09-04T02:02:19.646+0000][1][safepoint    ] Safepoint "Cleanup", Time since last: 1002716625 ns, Reaching safepoint: 1684834 ns, At safepoint: 29125 ns, Total: 1713959 ns
[2022-09-04T02:02:20.648+0000][1][safepoint    ] Safepoint "Cleanup", Time since last: 1001605584 ns, Reaching safepoint: 886041 ns, At safepoint: 60500 ns, Total: 946541 ns
[2022-09-04T02:02:21.651+0000][1][safepoint    ] Safepoint "Cleanup", Time since last: 1001940667 ns, Reaching safepoint: 938167 ns, At safepoint: 22667 ns, Total: 960834 ns
[2022-09-04T02:02:22.656+0000][1][safepoint    ] Safepoint "Cleanup", Time since last: 1003133375 ns, Reaching safepoint: 1726417 ns, At safepoint: 70292 ns, Total: 1796709 ns
[2022-09-04T02:02:23.663+0000][1][safepoint    ] Safepoint "Cleanup", Time since last: 1005166000 ns, Reaching safepoint: 1441917 ns, At safepoint: 36666 ns, Total: 1478583 ns
[2022-09-04T02:02:24.666+0000][1][safepoint    ] Safepoint "Cleanup", Time since last: 1002482292 ns, Reaching safepoint: 1428250 ns, At safepoint: 31667 ns, Total: 1459917 ns
[2022-09-04T02:02:25.670+0000][1][safepoint    ] Safepoint "Cleanup", Time since last: 1002381584 ns, Reaching safepoint: 1053250 ns, At safepoint: 22833 ns, Total: 1076083 ns
[2022-09-04T02:02:26.674+0000][1][safepoint    ] Safepoint "Cleanup", Time since last: 1002931126 ns, Reaching safepoint: 919750 ns, At safepoint: 22125 ns, Total: 941875 ns
[2022-09-04T02:02:27.679+0000][1][safepoint    ] Safepoint "Cleanup", Time since last: 1003524375 ns, Reaching safepoint: 1212167 ns, At safepoint: 29167 ns, Total: 1241334 ns
[2022-09-04T02:02:28.684+0000][1][safepoint    ] Safepoint "Cleanup", Time since last: 1004052042 ns, Reaching safepoint: 899166 ns, At safepoint: 22000 ns, Total: 921166 ns
[2022-09-04T02:02:29.687+0000][1][safepoint    ] Safepoint "Cleanup", Time since last: 1002524209 ns, Reaching safepoint: 781834 ns, At safepoint: 22125 ns, Total: 803959 ns
[2022-09-04T02:02:30.692+0000][1][safepoint    ] Safepoint "Cleanup", Time since last: 1003422458 ns, Reaching safepoint: 1715875 ns, At safepoint: 84334 ns, Total: 1800209 ns
[2022-09-04T02:02:31.699+0000][1][safepoint    ] Safepoint "Cleanup", Time since last: 1005833792 ns, Reaching safepoint: 1422458 ns, At safepoint: 34250 ns, Total: 1456708 ns
[2022-09-04T02:02:32.704+0000][1][safepoint    ] Safepoint "Cleanup", Time since last: 1003710167 ns, Reaching safepoint: 919625 ns, At safepoint: 50542 ns, Total: 970167 ns
[2022-09-04T02:02:33.709+0000][1][safepoint    ] Safepoint "Cleanup", Time since last: 1003692750 ns, Reaching safepoint: 1626917 ns, At safepoint: 39792 ns, Total: 1666709 ns
[2022-09-04T02:02:34.713+0000][1][safepoint    ] Safepoint "Cleanup", Time since last: 1002905625 ns, Reaching safepoint: 892417 ns, At safepoint: 24583 ns, Total: 917000 ns
[2022-09-04T02:02:35.716+0000][1][safepoint    ] Safepoint "Cleanup", Time since last: 1001819292 ns, Reaching safepoint: 1220583 ns, At safepoint: 29583 ns, Total: 1250166 ns
[2022-09-04T02:02:36.720+0000][1][safepoint    ] Safepoint "Cleanup", Time since last: 1002607834 ns, Reaching safepoint: 833500 ns, At safepoint: 23834 ns, Total: 857334 ns
[2022-09-04T02:02:37.722+0000][1][safepoint    ] Safepoint "Cleanup", Time since last: 1001768917 ns, Reaching safepoint: 841791 ns, At safepoint: 22042 ns, Total: 863833 ns
[2022-09-04T02:02:38.725+0000][1][safepoint    ] Safepoint "Cleanup", Time since last: 1002145584 ns, Reaching safepoint: 916583 ns, At safepoint: 20792 ns, Total: 937375 ns
[2022-09-04T02:02:39.728+0000][1][safepoint    ] Safepoint "Cleanup", Time since last: 1001381084 ns, Reaching safepoint: 869458 ns, At safepoint: 15500 ns, Total: 884958 ns
[2022-09-04T02:02:40.735+0000][1][safepoint    ] Safepoint "Cleanup", Time since last: 1003029167 ns, Reaching safepoint: 3751792 ns, At safepoint: 97625 ns, Total: 3849417 ns
[2022-09-04T02:02:41.741+0000][1][safepoint    ] Safepoint "Cleanup", Time since last: 1005951917 ns, Reaching safepoint: 923083 ns, At safepoint: 23584 ns, Total: 946667 ns
[2022-09-04T02:02:42.747+0000][1][safepoint    ] Safepoint "Cleanup", Time since last: 1003954792 ns, Reaching safepoint: 1285791 ns, At safepoint: 32959 ns, Total: 1318750 ns
[2022-09-04T02:02:43.751+0000][1][safepoint    ] Safepoint "Cleanup", Time since last: 1002640709 ns, Reaching safepoint: 2001125 ns, At safepoint: 49958 ns, Total: 2051083 ns
[2022-09-04T02:02:44.757+0000][1][safepoint    ] Safepoint "Cleanup", Time since last: 1004231750 ns, Reaching safepoint: 901917 ns, At safepoint: 21625 ns, Total: 923542 ns
[2022-09-04T02:02:45.764+0000][1][safepoint    ] Safepoint "Cleanup", Time since last: 1005084251 ns, Reaching safepoint: 2103666 ns, At safepoint: 54042 ns, Total: 2157708 ns
[2022-09-04T02:02:46.775+0000][1][safepoint    ] Safepoint "Cleanup", Time since last: 1009005292 ns, Reaching safepoint: 2542875 ns, At safepoint: 65250 ns, Total: 2608125 ns
[2022-09-04T02:02:47.786+0000][1][safepoint    ] Safepoint "Cleanup", Time since last: 1008867834 ns, Reaching safepoint: 1571167 ns, At safepoint: 46583 ns, Total: 1617750 ns
[2022-09-04T02:02:48.790+0000][1][safepoint    ] Safepoint "Cleanup", Time since last: 1002882959 ns, Reaching safepoint: 902750 ns, At safepoint: 33541 ns, Total: 936291 ns
[2022-09-04T02:02:49.792+0000][1][safepoint    ] Safepoint "Cleanup", Time since last: 1001723959 ns, Reaching safepoint: 1003750 ns, At safepoint: 21625 ns, Total: 1025375 ns
[2022-09-04T02:02:50.798+0000][1][safepoint    ] Safepoint "Cleanup", Time since last: 1002777876 ns, Reaching safepoint: 2439333 ns, At safepoint: 66333 ns, Total: 2505666 ns
[2022-09-04T02:02:51.805+0000][1][safepoint    ] Safepoint "Cleanup", Time since last: 1005678459 ns, Reaching safepoint: 1578125 ns, At safepoint: 39458 ns, Total: 1617583 ns
[2022-09-04T02:02:52.811+0000][1][safepoint    ] Safepoint "Cleanup", Time since last: 1004202334 ns, Reaching safepoint: 2157542 ns, At safepoint: 62125 ns, Total: 2219667 ns
[2022-09-04T02:02:53.833+0000][1][safepoint    ] Safepoint "Cleanup", Time since last: 1019513875 ns, Reaching safepoint: 1626459 ns, At safepoint: 73916 ns, Total: 1700375 ns
[2022-09-04T02:02:54.837+0000][1][safepoint    ] Safepoint "Cleanup", Time since last: 1003367709 ns, Reaching safepoint: 860042 ns, At safepoint: 55542 ns, Total: 915584 ns
[2022-09-04T02:02:55.843+0000][1][safepoint    ] Safepoint "Cleanup", Time since last: 1002307500 ns, Reaching safepoint: 3938000 ns, At safepoint: 105167 ns, Total: 4043167 ns
[2022-09-04T02:02:56.853+0000][1][safepoint    ] Safepoint "Cleanup", Time since last: 1006574500 ns, Reaching safepoint: 2873250 ns, At safepoint: 100792 ns, Total: 2974042 ns
[2022-09-04T02:02:57.861+0000][1][safepoint    ] Safepoint "Cleanup", Time since last: 1006121375 ns, Reaching safepoint: 1519209 ns, At safepoint: 64083 ns, Total: 1583292 ns
[2022-09-04T02:02:58.864+0000][1][safepoint    ] Safepoint "Cleanup", Time since last: 1002123959 ns, Reaching safepoint: 1447583 ns, At safepoint: 66625 ns, Total: 1514208 ns
[2022-09-04T02:02:59.868+0000][1][safepoint    ] Safepoint "Cleanup", Time since last: 1003223084 ns, Reaching safepoint: 879833 ns, At safepoint: 26084 ns, Total: 905917 ns
[2022-09-04T02:03:00.872+0000][1][safepoint    ] Safepoint "Cleanup", Time since last: 1002414250 ns, Reaching safepoint: 1004500 ns, At safepoint: 24833 ns, Total: 1029333 ns
[2022-09-04T02:03:01.880+0000][1][safepoint    ] Safepoint "Cleanup", Time since last: 1006525626 ns, Reaching safepoint: 1366417 ns, At safepoint: 47750 ns, Total: 1414167 ns
[2022-09-04T02:03:02.886+0000][1][safepoint    ] Safepoint "Cleanup", Time since last: 1004251833 ns, Reaching safepoint: 1570459 ns, At safepoint: 40416 ns, Total: 1610875 ns
[2022-09-04T02:03:03.891+0000][1][safepoint    ] Safepoint "Cleanup", Time since last: 1002928501 ns, Reaching safepoint: 2542917 ns, At safepoint: 66333 ns, Total: 2609250 ns
[2022-09-04T02:03:04.896+0000][1][safepoint    ] Safepoint "Cleanup", Time since last: 1004137167 ns, Reaching safepoint: 916292 ns, At safepoint: 26083 ns, Total: 942375 ns
[2022-09-04T02:03:05.901+0000][1][safepoint    ] Safepoint "Cleanup", Time since last: 1002258042 ns, Reaching safepoint: 2402250 ns, At safepoint: 129167 ns, Total: 2531417 ns
[2022-09-04T02:03:06.908+0000][1][safepoint    ] Safepoint "Cleanup", Time since last: 1004765792 ns, Reaching safepoint: 2490083 ns, At safepoint: 78208 ns, Total: 2568291 ns
[2022-09-04T02:03:07.114+0000][1][safepoint    ] Safepoint "RevokeBias", Time since last: 204839500 ns, Reaching safepoint: 1324875 ns, At safepoint: 50417 ns, Total: 1375292 ns
[2022-09-04T02:03:07.146+0000][1][safepoint    ] Safepoint "RevokeBias", Time since last: 31657167 ns, Reaching safepoint: 501916 ns, At safepoint: 30709 ns, Total: 532625 ns
[2022-09-04T02:03:08.151+0000][1][safepoint    ] Safepoint "Cleanup", Time since last: 1002926792 ns, Reaching safepoint: 1951708 ns, At safepoint: 40500 ns, Total: 1992208 ns
[2022-09-04T02:03:09.156+0000][1][safepoint    ] Safepoint "Cleanup", Time since last: 1002799167 ns, Reaching safepoint: 1524500 ns, At safepoint: 33542 ns, Total: 1558042 ns
[2022-09-04T02:03:10.161+0000][1][safepoint    ] Safepoint "Cleanup", Time since last: 1004293834 ns, Reaching safepoint: 1082167 ns, At safepoint: 25416 ns, Total: 1107583 ns
[2022-09-04T02:03:11.169+0000][1][safepoint    ] Safepoint "Cleanup", Time since last: 1005574209 ns, Reaching safepoint: 2541833 ns, At safepoint: 75000 ns, Total: 2616833 ns
[2022-09-04T02:03:12.175+0000][1][safepoint    ] Safepoint "Cleanup", Time since last: 1004824334 ns, Reaching safepoint: 1105250 ns, At safepoint: 26584 ns, Total: 1131834 ns
[2022-09-04T02:03:13.180+0000][1][safepoint    ] Safepoint "Cleanup", Time since last: 1003328375 ns, Reaching safepoint: 943833 ns, At safepoint: 25375 ns, Total: 969208 ns
[2022-09-04T02:03:14.182+0000][1][safepoint    ] Safepoint "Cleanup", Time since last: 1001595584 ns, Reaching safepoint: 845667 ns, At safepoint: 23083 ns, Total: 868750 ns
[2022-09-04T02:03:15.185+0000][1][safepoint    ] Safepoint "Cleanup", Time since last: 1001689792 ns, Reaching safepoint: 1015500 ns, At safepoint: 28334 ns, Total: 1043834 ns
[2022-09-04T02:03:16.190+0000][1][safepoint    ] Safepoint "Cleanup", Time since last: 1003927542 ns, Reaching safepoint: 1511041 ns, At safepoint: 36125 ns, Total: 1547166 ns
[2022-09-04T02:03:17.198+0000][1][safepoint    ] Safepoint "Cleanup", Time since last: 1005977001 ns, Reaching safepoint: 1294875 ns, At safepoint: 37042 ns, Total: 1331917 ns
[2022-09-04T02:03:18.202+0000][1][safepoint    ] Safepoint "Cleanup", Time since last: 1003565667 ns, Reaching safepoint: 925416 ns, At safepoint: 26792 ns, Total: 952208 ns
[2022-09-04T02:03:19.206+0000][1][safepoint    ] Safepoint "Cleanup", Time since last: 1002707834 ns, Reaching safepoint: 950458 ns, At safepoint: 21042 ns, Total: 971500 ns
[2022-09-04T02:03:20.211+0000][1][safepoint    ] Safepoint "Cleanup", Time since last: 1003836292 ns, Reaching safepoint: 1595708 ns, At safepoint: 45250 ns, Total: 1640958 ns
[2022-09-04T02:03:21.215+0000][1][safepoint    ] Safepoint "Cleanup", Time since last: 1003080709 ns, Reaching safepoint: 1107334 ns, At safepoint: 25458 ns, Total: 1132792 ns
[2022-09-04T02:03:22.221+0000][1][safepoint    ] Safepoint "Cleanup", Time since last: 1002543250 ns, Reaching safepoint: 3161709 ns, At safepoint: 70041 ns, Total: 3231750 ns
[2022-09-04T02:03:23.232+0000][1][safepoint    ] Safepoint "Cleanup", Time since last: 1009645501 ns, Reaching safepoint: 1471500 ns, At safepoint: 38750 ns, Total: 1510250 ns
[2022-09-04T02:03:24.236+0000][1][safepoint    ] Safepoint "Cleanup", Time since last: 1002570292 ns, Reaching safepoint: 1296625 ns, At safepoint: 35417 ns, Total: 1332042 ns
[2022-09-04T02:03:25.240+0000][1][safepoint    ] Safepoint "Cleanup", Time since last: 1002891083 ns, Reaching safepoint: 1000417 ns, At safepoint: 27000 ns, Total: 1027417 ns
[2022-09-04T02:03:26.244+0000][1][safepoint    ] Safepoint "Cleanup", Time since last: 1002373501 ns, Reaching safepoint: 1161875 ns, At safepoint: 25291 ns, Total: 1187166 ns
[2022-09-04T02:03:27.251+0000][1][safepoint    ] Safepoint "Cleanup", Time since last: 1004259459 ns, Reaching safepoint: 3051167 ns, At safepoint: 72750 ns, Total: 3123917 ns
[2022-09-04T02:03:28.259+0000][1][safepoint    ] Safepoint "Cleanup", Time since last: 1006491375 ns, Reaching safepoint: 1643375 ns, At safepoint: 36042 ns, Total: 1679417 ns
[2022-09-04T02:03:29.269+0000][1][safepoint    ] Safepoint "Cleanup", Time since last: 1007623375 ns, Reaching safepoint: 2378042 ns, At safepoint: 141625 ns, Total: 2519667 ns
[2022-09-04T02:03:30.280+0000][1][safepoint    ] Safepoint "Cleanup", Time since last: 1007909875 ns, Reaching safepoint: 2483542 ns, At safepoint: 63667 ns, Total: 2547209 ns
[2022-09-04T02:03:31.288+0000][1][safepoint    ] Safepoint "Cleanup", Time since last: 1006782834 ns, Reaching safepoint: 1455375 ns, At safepoint: 36791 ns, Total: 1492166 ns
[2022-09-04T02:03:32.293+0000][1][safepoint    ] Safepoint "Cleanup", Time since last: 1003427626 ns, Reaching safepoint: 1325458 ns, At safepoint: 29625 ns, Total: 1355083 ns
[2022-09-04T02:03:33.299+0000][1][safepoint    ] Safepoint "Cleanup", Time since last: 1002918167 ns, Reaching safepoint: 2686334 ns, At safepoint: 137541 ns, Total: 2823875 ns
[2022-09-04T02:03:34.309+0000][1][safepoint    ] Safepoint "Cleanup", Time since last: 1006149209 ns, Reaching safepoint: 3877708 ns, At safepoint: 86750 ns, Total: 3964458 ns
[2022-09-04T02:03:35.315+0000][1][safepoint    ] Safepoint "Cleanup", Time since last: 1005148459 ns, Reaching safepoint: 1051958 ns, At safepoint: 22875 ns, Total: 1074833 ns
[2022-09-04T02:03:36.321+0000][1][safepoint    ] Safepoint "Cleanup", Time since last: 1005429209 ns, Reaching safepoint: 866625 ns, At safepoint: 31458 ns, Total: 898083 ns
[2022-09-04T02:03:37.329+0000][1][safepoint    ] Safepoint "Cleanup", Time since last: 1003516043 ns, Reaching safepoint: 3720208 ns, At safepoint: 144083 ns, Total: 3864291 ns
[2022-09-04T02:03:38.335+0000][1][safepoint    ] Safepoint "Cleanup", Time since last: 1005579667 ns, Reaching safepoint: 1133875 ns, At safepoint: 27917 ns, Total: 1161792 ns
[2022-09-04T02:03:39.341+0000][1][safepoint    ] Safepoint "Cleanup", Time since last: 1003920167 ns, Reaching safepoint: 1967167 ns, At safepoint: 51792 ns, Total: 2018959 ns
[2022-09-04T02:03:40.348+0000][1][safepoint    ] Safepoint "Cleanup", Time since last: 1002522833 ns, Reaching safepoint: 3957459 ns, At safepoint: 79541 ns, Total: 4037000 ns
[2022-09-04T02:03:41.354+0000][1][safepoint    ] Safepoint "Cleanup", Time since last: 1004721876 ns, Reaching safepoint: 1188583 ns, At safepoint: 35750 ns, Total: 1224333 ns
[2022-09-04T02:03:42.360+0000][1][safepoint    ] Safepoint "Cleanup", Time since last: 1002662542 ns, Reaching safepoint: 3120917 ns, At safepoint: 70167 ns, Total: 3191084 ns
[2022-09-04T02:03:43.366+0000][1][safepoint    ] Safepoint "Cleanup", Time since last: 1003986208 ns, Reaching safepoint: 2642584 ns, At safepoint: 71666 ns, Total: 2714250 ns
[2022-09-04T02:03:44.373+0000][1][safepoint    ] Safepoint "Cleanup", Time since last: 1003518334 ns, Reaching safepoint: 3160917 ns, At safepoint: 100917 ns, Total: 3261834 ns
[2022-09-04T02:03:45.382+0000][1][safepoint    ] Safepoint "Cleanup", Time since last: 1005286250 ns, Reaching safepoint: 3934875 ns, At safepoint: 95042 ns, Total: 4029917 ns
[2022-09-04T02:03:46.390+0000][1][safepoint    ] Safepoint "Cleanup", Time since last: 1006892500 ns, Reaching safepoint: 826125 ns, At safepoint: 22875 ns, Total: 849000 ns
[2022-09-04T02:03:47.396+0000][1][safepoint    ] Safepoint "Cleanup", Time since last: 1001781251 ns, Reaching safepoint: 3804416 ns, At safepoint: 90667 ns, Total: 3895083 ns
[2022-09-04T02:03:48.403+0000][1][safepoint    ] Safepoint "Cleanup", Time since last: 1005802709 ns, Reaching safepoint: 1217541 ns, At safepoint: 27292 ns, Total: 1244833 ns
[2022-09-04T02:03:49.189+0000][1][safepoint    ] Safepoint "RevokeBias", Time since last: 785959959 ns, Reaching safepoint: 652125 ns, At safepoint: 99917 ns, Total: 752042 ns
[2022-09-04T02:03:49.193+0000][1][safepoint    ] Safepoint "RevokeBias", Time since last: 3096458 ns, Reaching safepoint: 483250 ns, At safepoint: 93417 ns, Total: 576667 ns
[2022-09-04T02:03:50.196+0000][1][safepoint    ] Safepoint "Cleanup", Time since last: 1001984167 ns, Reaching safepoint: 1063666 ns, At safepoint: 22042 ns, Total: 1085708 ns
[2022-09-04T02:03:51.200+0000][1][safepoint    ] Safepoint "Cleanup", Time since last: 1001646709 ns, Reaching safepoint: 1685583 ns, At safepoint: 34417 ns, Total: 1720000 ns
[2022-09-04T02:03:52.205+0000][1][safepoint    ] Safepoint "Cleanup", Time since last: 1002647042 ns, Reaching safepoint: 2943000 ns, At safepoint: 59750 ns, Total: 3002750 ns
[2022-09-04T02:03:53.213+0000][1][safepoint    ] Safepoint "Cleanup", Time since last: 1005338667 ns, Reaching safepoint: 2354042 ns, At safepoint: 100375 ns, Total: 2454417 ns
[2022-09-04T02:03:54.218+0000][1][safepoint    ] Safepoint "Cleanup", Time since last: 1003459375 ns, Reaching safepoint: 1480875 ns, At safepoint: 32459 ns, Total: 1513334 ns
[2022-09-04T02:03:55.223+0000][1][safepoint    ] Safepoint "Cleanup", Time since last: 1003504542 ns, Reaching safepoint: 1109791 ns, At safepoint: 26167 ns, Total: 1135958 ns
[2022-09-04T02:03:56.227+0000][1][safepoint    ] Safepoint "Cleanup", Time since last: 1002057709 ns, Reaching safepoint: 2275875 ns, At safepoint: 75292 ns, Total: 2351167 ns
[2022-09-04T02:03:57.235+0000][1][safepoint    ] Safepoint "Cleanup", Time since last: 1004414542 ns, Reaching safepoint: 3732791 ns, At safepoint: 112584 ns, Total: 3845375 ns
[2022-09-04T02:03:58.243+0000][1][safepoint    ] Safepoint "Cleanup", Time since last: 1005762250 ns, Reaching safepoint: 1434209 ns, At safepoint: 41041 ns, Total: 1475250 ns
[2022-09-04T02:03:59.252+0000][1][safepoint    ] Safepoint "Cleanup", Time since last: 1004788792 ns, Reaching safepoint: 4429417 ns, At safepoint: 58917 ns, Total: 4488334 ns
[2022-09-04T02:04:00.258+0000][1][safepoint    ] Safepoint "Cleanup", Time since last: 1004121167 ns, Reaching safepoint: 1695333 ns, At safepoint: 45750 ns, Total: 1741083 ns
[2022-09-04T02:04:01.264+0000][1][safepoint    ] Safepoint "Cleanup", Time since last: 1002901126 ns, Reaching safepoint: 3624333 ns, At safepoint: 97375 ns, Total: 3721708 ns
[2022-09-04T02:04:02.271+0000][1][safepoint    ] Safepoint "Cleanup", Time since last: 1004722792 ns, Reaching safepoint: 1807917 ns, At safepoint: 60958 ns, Total: 1868875 ns
[2022-09-04T02:04:03.275+0000][1][safepoint    ] Safepoint "Cleanup", Time since last: 1002975084 ns, Reaching safepoint: 1057542 ns, At safepoint: 33250 ns, Total: 1090792 ns
[2022-09-04T02:04:04.280+0000][1][safepoint    ] Safepoint "Cleanup", Time since last: 1002857833 ns, Reaching safepoint: 1665084 ns, At safepoint: 41583 ns, Total: 1706667 ns
[2022-09-04T02:04:05.283+0000][1][safepoint    ] Safepoint "Cleanup", Time since last: 1003046708 ns, Reaching safepoint: 1212792 ns, At safepoint: 61208 ns, Total: 1274000 ns
[2022-09-04T02:04:06.288+0000][1][safepoint    ] Safepoint "Cleanup", Time since last: 1003228292 ns, Reaching safepoint: 1628208 ns, At safepoint: 45584 ns, Total: 1673792 ns
[2022-09-04T02:04:07.295+0000][1][safepoint    ] Safepoint "Cleanup", Time since last: 1002359500 ns, Reaching safepoint: 3596084 ns, At safepoint: 105333 ns, Total: 3701417 ns
[2022-09-04T02:04:08.203+0000][1][gc,start     ] GC(19) Pause Young (Allocation Failure)
[2022-09-04T02:04:08.211+0000][1][gc,task      ] GC(19) Using 4 workers of 4 for evacuation
[2022-09-04T02:04:08.263+0000][1][gc,age       ] GC(19) Desired survivor size 8945664 bytes, new threshold 6 (max threshold 6)
[2022-09-04T02:04:08.264+0000][1][gc,age       ] GC(19) Age table with threshold 6 (max threshold 6)
[2022-09-04T02:04:08.266+0000][1][gc,age       ] GC(19) - age   1:     492056 bytes,     492056 total
[2022-09-04T02:04:08.267+0000][1][gc,age       ] GC(19) - age   2:     156968 bytes,     649024 total
[2022-09-04T02:04:08.268+0000][1][gc,age       ] GC(19) - age   3:     140688 bytes,     789712 total
[2022-09-04T02:04:08.269+0000][1][gc,age       ] GC(19) - age   4:    4695440 bytes,    5485152 total
[2022-09-04T02:04:08.272+0000][1][gc,heap      ] GC(19) ParNew: 145807K->6958K(157248K)
[2022-09-04T02:04:08.274+0000][1][gc,heap      ] GC(19) CMS: 61578K->61578K(349568K)
[2022-09-04T02:04:08.275+0000][1][gc,metaspace ] GC(19) Metaspace: 82482K->82482K(1124352K)
[2022-09-04T02:04:08.277+0000][1][gc           ] GC(19) Pause Young (Allocation Failure) 202M->66M(494M) 74.701ms
[2022-09-04T02:04:08.279+0000][1][gc,cpu       ] GC(19) User=0.11s Sys=0.03s Real=0.08s
[2022-09-04T02:04:08.280+0000][1][safepoint    ] Safepoint "GenCollectForAllocation", Time since last: 904989625 ns, Reaching safepoint: 2106292 ns, At safepoint: 78602500 ns, Total: 80708792 ns
[2022-09-04T02:04:09.286+0000][1][safepoint    ] Safepoint "Cleanup", Time since last: 1003330042 ns, Reaching safepoint: 2651500 ns, At safepoint: 66083 ns, Total: 2717583 ns
[2022-09-04T02:04:10.293+0000][1][safepoint    ] Safepoint "Cleanup", Time since last: 1005412126 ns, Reaching safepoint: 1258708 ns, At safepoint: 27125 ns, Total: 1285833 ns
[2022-09-04T02:04:11.297+0000][1][safepoint    ] Safepoint "Cleanup", Time since last: 1003070959 ns, Reaching safepoint: 1134292 ns, At safepoint: 38000 ns, Total: 1172292 ns
[2022-09-04T02:04:12.314+0000][1][safepoint    ] Safepoint "Cleanup", Time since last: 1016158209 ns, Reaching safepoint: 1131208 ns, At safepoint: 27083 ns, Total: 1158291 ns
[2022-09-04T02:04:13.318+0000][1][safepoint    ] Safepoint "Cleanup", Time since last: 1002000459 ns, Reaching safepoint: 1290625 ns, At safepoint: 39167 ns, Total: 1329792 ns
[2022-09-04T02:04:13.690+0000][1][safepoint    ] Safepoint "RevokeBias", Time since last: 369611625 ns, Reaching safepoint: 1886625 ns, At safepoint: 257792 ns, Total: 2144417 ns
[2022-09-04T02:04:13.699+0000][1][safepoint    ] Safepoint "RevokeBias", Time since last: 8271416 ns, Reaching safepoint: 594542 ns, At safepoint: 129500 ns, Total: 724042 ns
[2022-09-04T02:04:14.702+0000][1][safepoint    ] Safepoint "Cleanup", Time since last: 1002310417 ns, Reaching safepoint: 960333 ns, At safepoint: 21750 ns, Total: 982083 ns
[2022-09-04T02:04:15.707+0000][1][safepoint    ] Safepoint "Cleanup", Time since last: 1002902084 ns, Reaching safepoint: 1847917 ns, At safepoint: 42917 ns, Total: 1890834 ns
[2022-09-04T02:04:16.713+0000][1][safepoint    ] Safepoint "Cleanup", Time since last: 1005107917 ns, Reaching safepoint: 1544333 ns, At safepoint: 48000 ns, Total: 1592333 ns
[2022-09-04T02:04:17.717+0000][1][safepoint    ] Safepoint "Cleanup", Time since last: 1002359834 ns, Reaching safepoint: 1382875 ns, At safepoint: 39833 ns, Total: 1422708 ns
[2022-09-04T02:04:18.722+0000][1][safepoint    ] Safepoint "Cleanup", Time since last: 1003234084 ns, Reaching safepoint: 1606500 ns, At safepoint: 76333 ns, Total: 1682833 ns
[2022-09-04T02:04:19.728+0000][1][safepoint    ] Safepoint "Cleanup", Time since last: 1003435792 ns, Reaching safepoint: 2688709 ns, At safepoint: 66875 ns, Total: 2755584 ns
[2022-09-04T02:04:20.733+0000][1][safepoint    ] Safepoint "Cleanup", Time since last: 1003567834 ns, Reaching safepoint: 806000 ns, At safepoint: 21416 ns, Total: 827416 ns
[2022-09-04T02:04:21.736+0000][1][safepoint    ] Safepoint "Cleanup", Time since last: 1001737042 ns, Reaching safepoint: 1210417 ns, At safepoint: 27542 ns, Total: 1237959 ns
[2022-09-04T02:04:22.739+0000][1][safepoint    ] Safepoint "Cleanup", Time since last: 1002423417 ns, Reaching safepoint: 1147750 ns, At safepoint: 26333 ns, Total: 1174083 ns
[2022-09-04T02:04:23.745+0000][1][safepoint    ] Safepoint "Cleanup", Time since last: 1001988709 ns, Reaching safepoint: 4010667 ns, At safepoint: 117166 ns, Total: 4127833 ns
[2022-09-04T02:04:24.752+0000][1][safepoint    ] Safepoint "Cleanup", Time since last: 1004913626 ns, Reaching safepoint: 1269417 ns, At safepoint: 25208 ns, Total: 1294625 ns
[2022-09-04T02:04:25.758+0000][1][safepoint    ] Safepoint "Cleanup", Time since last: 1004390667 ns, Reaching safepoint: 1702792 ns, At safepoint: 44541 ns, Total: 1747333 ns
[2022-09-04T02:04:26.765+0000][1][safepoint    ] Safepoint "Cleanup", Time since last: 1006126917 ns, Reaching safepoint: 1250667 ns, At safepoint: 30375 ns, Total: 1281042 ns
[2022-09-04T02:04:27.773+0000][1][safepoint    ] Safepoint "Cleanup", Time since last: 1005087626 ns, Reaching safepoint: 3118875 ns, At safepoint: 79166 ns, Total: 3198041 ns
[2022-09-04T02:04:28.779+0000][1][safepoint    ] Safepoint "Cleanup", Time since last: 1004144167 ns, Reaching safepoint: 1339875 ns, At safepoint: 32084 ns, Total: 1371959 ns
[2022-09-04T02:04:29.785+0000][1][safepoint    ] Safepoint "Cleanup", Time since last: 1002690625 ns, Reaching safepoint: 3682250 ns, At safepoint: 97542 ns, Total: 3779792 ns
[2022-09-04T02:04:30.795+0000][1][safepoint    ] Safepoint "Cleanup", Time since last: 1006056792 ns, Reaching safepoint: 3639333 ns, At safepoint: 89500 ns, Total: 3728833 ns
[2022-09-04T02:04:31.809+0000][1][safepoint    ] Safepoint "Cleanup", Time since last: 1012425168 ns, Reaching safepoint: 1722583 ns, At safepoint: 43958 ns, Total: 1766541 ns
[2022-09-04T02:04:32.816+0000][1][safepoint    ] Safepoint "Cleanup", Time since last: 1003442626 ns, Reaching safepoint: 2793500 ns, At safepoint: 81208 ns, Total: 2874708 ns
[2022-09-04T02:04:33.824+0000][1][safepoint    ] Safepoint "Cleanup", Time since last: 1005803209 ns, Reaching safepoint: 2495625 ns, At safepoint: 144208 ns, Total: 2639833 ns
[2022-09-04T02:04:34.828+0000][1][safepoint    ] Safepoint "RevokeBias", Time since last: 1003092959 ns, Reaching safepoint: 1070583 ns, At safepoint: 115542 ns, Total: 1186125 ns
[2022-09-04T02:04:34.832+0000][1][safepoint    ] Safepoint "RevokeBias", Time since last: 2601917 ns, Reaching safepoint: 485000 ns, At safepoint: 100000 ns, Total: 585000 ns
[2022-09-04T02:04:35.841+0000][1][safepoint    ] Safepoint "Cleanup", Time since last: 1005576500 ns, Reaching safepoint: 4433041 ns, At safepoint: 113292 ns, Total: 4546333 ns
[2022-09-04T02:04:36.850+0000][1][safepoint    ] Safepoint "Cleanup", Time since last: 1006116542 ns, Reaching safepoint: 2675083 ns, At safepoint: 69334 ns, Total: 2744417 ns
[2022-09-04T02:04:37.859+0000][1][safepoint    ] Safepoint "Cleanup", Time since last: 1005057042 ns, Reaching safepoint: 3950041 ns, At safepoint: 92375 ns, Total: 4042416 ns
[2022-09-04T02:04:38.868+0000][1][safepoint    ] Safepoint "Cleanup", Time since last: 1004969668 ns, Reaching safepoint: 3156375 ns, At safepoint: 73666 ns, Total: 3230041 ns
[2022-09-04T02:04:39.876+0000][1][safepoint    ] Safepoint "Cleanup", Time since last: 1004511251 ns, Reaching safepoint: 3613833 ns, At safepoint: 127542 ns, Total: 3741375 ns
[2022-09-04T02:04:40.888+0000][1][safepoint    ] Safepoint "Cleanup", Time since last: 1008264042 ns, Reaching safepoint: 3604958 ns, At safepoint: 144792 ns, Total: 3749750 ns
[2022-09-04T02:04:41.894+0000][1][safepoint    ] Safepoint "Cleanup", Time since last: 1005432334 ns, Reaching safepoint: 915083 ns, At safepoint: 25000 ns, Total: 940083 ns
[2022-09-04T02:04:42.899+0000][1][safepoint    ] Safepoint "Cleanup", Time since last: 1001674334 ns, Reaching safepoint: 3510958 ns, At safepoint: 83625 ns, Total: 3594583 ns
[2022-09-04T02:04:43.908+0000][1][safepoint    ] Safepoint "Cleanup", Time since last: 1004351542 ns, Reaching safepoint: 3833167 ns, At safepoint: 347042 ns, Total: 4180209 ns
[2022-09-04T02:04:44.914+0000][1][safepoint    ] Safepoint "Cleanup", Time since last: 1004772958 ns, Reaching safepoint: 1252625 ns, At safepoint: 44959 ns, Total: 1297584 ns
[2022-09-04T02:04:45.918+0000][1][safepoint    ] Safepoint "Cleanup", Time since last: 1002572709 ns, Reaching safepoint: 1693500 ns, At safepoint: 40458 ns, Total: 1733958 ns
[2022-09-04T02:04:46.924+0000][1][safepoint    ] Safepoint "Cleanup", Time since last: 1003905334 ns, Reaching safepoint: 1643083 ns, At safepoint: 40667 ns, Total: 1683750 ns
[2022-09-04T02:04:47.931+0000][1][safepoint    ] Safepoint "Cleanup", Time since last: 1002618834 ns, Reaching safepoint: 4729875 ns, At safepoint: 107250 ns, Total: 4837125 ns
[2022-09-04T02:04:48.939+0000][1][safepoint    ] Safepoint "Cleanup", Time since last: 1005405167 ns, Reaching safepoint: 1669166 ns, At safepoint: 45375 ns, Total: 1714541 ns
[2022-09-04T02:04:49.946+0000][1][safepoint    ] Safepoint "Cleanup", Time since last: 1002749043 ns, Reaching safepoint: 4323541 ns, At safepoint: 103125 ns, Total: 4426666 ns
[2022-09-04T02:04:50.954+0000][1][safepoint    ] Safepoint "Cleanup", Time since last: 1004451417 ns, Reaching safepoint: 3907209 ns, At safepoint: 94541 ns, Total: 4001750 ns
[2022-09-04T02:04:51.965+0000][1][safepoint    ] Safepoint "Cleanup", Time since last: 1006252251 ns, Reaching safepoint: 4912292 ns, At safepoint: 100625 ns, Total: 5012917 ns
[2022-09-04T02:04:52.975+0000][1][safepoint    ] Safepoint "Cleanup", Time since last: 1006469917 ns, Reaching safepoint: 2751583 ns, At safepoint: 122000 ns, Total: 2873583 ns
[2022-09-04T02:04:53.985+0000][1][safepoint    ] Safepoint "Cleanup", Time since last: 1006660292 ns, Reaching safepoint: 3096750 ns, At safepoint: 75833 ns, Total: 3172583 ns
[2022-09-04T02:04:54.990+0000][1][safepoint    ] Safepoint "Cleanup", Time since last: 1004251793 ns, Reaching safepoint: 1061958 ns, At safepoint: 25667 ns, Total: 1087625 ns
[2022-09-04T02:04:55.878+0000][1][safepoint    ] Safepoint "RevokeBias", Time since last: 885905417 ns, Reaching safepoint: 1654333 ns, At safepoint: 346750 ns, Total: 2001083 ns
[2022-09-04T02:04:55.885+0000][1][safepoint    ] Safepoint "RevokeBias", Time since last: 5824583 ns, Reaching safepoint: 976000 ns, At safepoint: 356917 ns, Total: 1332917 ns
[2022-09-04T02:04:56.891+0000][1][safepoint    ] Safepoint "Cleanup", Time since last: 1002467709 ns, Reaching safepoint: 3308458 ns, At safepoint: 103834 ns, Total: 3412292 ns
[2022-09-04T02:04:57.898+0000][1][safepoint    ] Safepoint "Cleanup", Time since last: 1005353125 ns, Reaching safepoint: 1515000 ns, At safepoint: 36333 ns, Total: 1551333 ns
[2022-09-04T02:04:58.905+0000][1][safepoint    ] Safepoint "Cleanup", Time since last: 1003275792 ns, Reaching safepoint: 3769709 ns, At safepoint: 85958 ns, Total: 3855667 ns
[2022-09-04T02:04:59.914+0000][1][safepoint    ] Safepoint "Cleanup", Time since last: 1004911626 ns, Reaching safepoint: 3671250 ns, At safepoint: 90000 ns, Total: 3761250 ns
[2022-09-04T02:05:00.926+0000][1][safepoint    ] Safepoint "Cleanup", Time since last: 1008585750 ns, Reaching safepoint: 3502833 ns, At safepoint: 150959 ns, Total: 3653792 ns
[2022-09-04T02:05:01.939+0000][1][safepoint    ] Safepoint "Cleanup", Time since last: 1009004375 ns, Reaching safepoint: 3742917 ns, At safepoint: 102333 ns, Total: 3845250 ns
[2022-09-04T02:05:02.947+0000][1][safepoint    ] Safepoint "Cleanup", Time since last: 1006831167 ns, Reaching safepoint: 1188792 ns, At safepoint: 48333 ns, Total: 1237125 ns
[2022-09-04T02:05:03.952+0000][1][safepoint    ] Safepoint "Cleanup", Time since last: 1002366959 ns, Reaching safepoint: 2470167 ns, At safepoint: 68042 ns, Total: 2538209 ns
[2022-09-04T02:05:04.957+0000][1][safepoint    ] Safepoint "Cleanup", Time since last: 1004407958 ns, Reaching safepoint: 877834 ns, At safepoint: 20500 ns, Total: 898334 ns
[2022-09-04T02:05:05.962+0000][1][safepoint    ] Safepoint "Cleanup", Time since last: 1002133083 ns, Reaching safepoint: 3071000 ns, At safepoint: 76417 ns, Total: 3147417 ns
[2022-09-04T02:05:06.972+0000][1][safepoint    ] Safepoint "Cleanup", Time since last: 1005763459 ns, Reaching safepoint: 3888875 ns, At safepoint: 78250 ns, Total: 3967125 ns
[2022-09-04T02:05:07.979+0000][1][safepoint    ] Safepoint "Cleanup", Time since last: 1005100334 ns, Reaching safepoint: 1979500 ns, At safepoint: 55041 ns, Total: 2034541 ns
[2022-09-04T02:05:08.986+0000][1][safepoint    ] Safepoint "Cleanup", Time since last: 1003485876 ns, Reaching safepoint: 3671250 ns, At safepoint: 257291 ns, Total: 3928541 ns
[2022-09-04T02:05:09.995+0000][1][safepoint    ] Safepoint "Cleanup", Time since last: 1005309126 ns, Reaching safepoint: 3110791 ns, At safepoint: 73542 ns, Total: 3184333 ns
[2022-09-04T02:05:11.002+0000][1][safepoint    ] Safepoint "Cleanup", Time since last: 1005768376 ns, Reaching safepoint: 1596875 ns, At safepoint: 42458 ns, Total: 1639333 ns
[2022-09-04T02:05:12.006+0000][1][safepoint    ] Safepoint "Cleanup", Time since last: 1003045417 ns, Reaching safepoint: 814875 ns, At safepoint: 20625 ns, Total: 835500 ns
[2022-09-04T02:05:13.008+0000][1][safepoint    ] Safepoint "Cleanup", Time since last: 1001356917 ns, Reaching safepoint: 851292 ns, At safepoint: 21375 ns, Total: 872667 ns
[2022-09-04T02:05:14.016+0000][1][safepoint    ] Safepoint "Cleanup", Time since last: 1004789084 ns, Reaching safepoint: 3064666 ns, At safepoint: 85875 ns, Total: 3150541 ns
[2022-09-04T02:05:15.024+0000][1][safepoint    ] Safepoint "Cleanup", Time since last: 1006863751 ns, Reaching safepoint: 931667 ns, At safepoint: 23000 ns, Total: 954667 ns
[2022-09-04T02:05:16.029+0000][1][safepoint    ] Safepoint "Cleanup", Time since last: 1003804958 ns, Reaching safepoint: 1077667 ns, At safepoint: 25458 ns, Total: 1103125 ns
[2022-09-04T02:05:17.033+0000][1][safepoint    ] Safepoint "Cleanup", Time since last: 1002928334 ns, Reaching safepoint: 1136834 ns, At safepoint: 28166 ns, Total: 1165000 ns
[2022-09-04T02:05:18.036+0000][1][safepoint    ] Safepoint "Cleanup", Time since last: 1001946084 ns, Reaching safepoint: 888375 ns, At safepoint: 21458 ns, Total: 909833 ns
[2022-09-04T02:05:19.040+0000][1][safepoint    ] Safepoint "Cleanup", Time since last: 1002388126 ns, Reaching safepoint: 1619250 ns, At safepoint: 47833 ns, Total: 1667083 ns
[2022-09-04T02:05:20.047+0000][1][safepoint    ] Safepoint "Cleanup", Time since last: 1003063626 ns, Reaching safepoint: 3778833 ns, At safepoint: 81542 ns, Total: 3860375 ns
[2022-09-04T02:05:21.058+0000][1][safepoint    ] Safepoint "Cleanup", Time since last: 1010107083 ns, Reaching safepoint: 1283042 ns, At safepoint: 28042 ns, Total: 1311084 ns
[2022-09-04T02:05:22.065+0000][1][safepoint    ] Safepoint "Cleanup", Time since last: 1002809500 ns, Reaching safepoint: 3692000 ns, At safepoint: 96209 ns, Total: 3788209 ns
[2022-09-04T02:05:23.073+0000][1][safepoint    ] Safepoint "Cleanup", Time since last: 1006762042 ns, Reaching safepoint: 1421375 ns, At safepoint: 33708 ns, Total: 1455083 ns
[2022-09-04T02:05:24.078+0000][1][safepoint    ] Safepoint "Cleanup", Time since last: 1002751334 ns, Reaching safepoint: 2531125 ns, At safepoint: 59750 ns, Total: 2590875 ns
[2022-09-04T02:05:25.083+0000][1][safepoint    ] Safepoint "Cleanup", Time since last: 1003779875 ns, Reaching safepoint: 1113167 ns, At safepoint: 27500 ns, Total: 1140667 ns
[2022-09-04T02:05:26.087+0000][1][safepoint    ] Safepoint "Cleanup", Time since last: 1001949709 ns, Reaching safepoint: 1474041 ns, At safepoint: 32500 ns, Total: 1506541 ns
[2022-09-04T02:05:27.091+0000][1][safepoint    ] Safepoint "Cleanup", Time since last: 1003266543 ns, Reaching safepoint: 922875 ns, At safepoint: 20500 ns, Total: 943375 ns
[2022-09-04T02:05:28.094+0000][1][safepoint    ] Safepoint "Cleanup", Time since last: 1001823625 ns, Reaching safepoint: 1040000 ns, At safepoint: 31292 ns, Total: 1071292 ns
[2022-09-04T02:05:29.097+0000][1][safepoint    ] Safepoint "Cleanup", Time since last: 1002132167 ns, Reaching safepoint: 844708 ns, At safepoint: 23209 ns, Total: 867917 ns
[2022-09-04T02:05:30.101+0000][1][safepoint    ] Safepoint "Cleanup", Time since last: 1001868792 ns, Reaching safepoint: 2006250 ns, At safepoint: 55166 ns, Total: 2061416 ns
[2022-09-04T02:05:31.105+0000][1][safepoint    ] Safepoint "Cleanup", Time since last: 1003307876 ns, Reaching safepoint: 1252042 ns, At safepoint: 31791 ns, Total: 1283833 ns
[2022-09-04T02:05:32.111+0000][1][safepoint    ] Safepoint "Cleanup", Time since last: 1003404417 ns, Reaching safepoint: 1844542 ns, At safepoint: 46708 ns, Total: 1891250 ns
[2022-09-04T02:05:33.117+0000][1][safepoint    ] Safepoint "Cleanup", Time since last: 1005042418 ns, Reaching safepoint: 1052666 ns, At safepoint: 21917 ns, Total: 1074583 ns
[2022-09-04T02:05:34.122+0000][1][safepoint    ] Safepoint "Cleanup", Time since last: 1002785084 ns, Reaching safepoint: 2049916 ns, At safepoint: 50500 ns, Total: 2100416 ns
[2022-09-04T02:05:35.127+0000][1][safepoint    ] Safepoint "Cleanup", Time since last: 1004125751 ns, Reaching safepoint: 886416 ns, At safepoint: 27709 ns, Total: 914125 ns
[2022-09-04T02:05:36.129+0000][1][safepoint    ] Safepoint "Cleanup", Time since last: 1001491208 ns, Reaching safepoint: 1058417 ns, At safepoint: 22875 ns, Total: 1081292 ns
[2022-09-04T02:05:37.134+0000][1][safepoint    ] Safepoint "Cleanup", Time since last: 1003881125 ns, Reaching safepoint: 1649167 ns, At safepoint: 40167 ns, Total: 1689334 ns
[2022-09-04T02:05:38.139+0000][1][safepoint    ] Safepoint "Cleanup", Time since last: 1002482542 ns, Reaching safepoint: 1750458 ns, At safepoint: 36250 ns, Total: 1786708 ns
[2022-09-04T02:05:39.145+0000][1][safepoint    ] Safepoint "Cleanup", Time since last: 1005177584 ns, Reaching safepoint: 949375 ns, At safepoint: 24458 ns, Total: 973833 ns
[2022-09-04T02:05:40.148+0000][1][safepoint    ] Safepoint "Cleanup", Time since last: 1002402084 ns, Reaching safepoint: 872000 ns, At safepoint: 19917 ns, Total: 891917 ns
[2022-09-04T02:05:41.151+0000][1][safepoint    ] Safepoint "Cleanup", Time since last: 1001609709 ns, Reaching safepoint: 929000 ns, At safepoint: 22916 ns, Total: 951916 ns
[2022-09-04T02:05:42.154+0000][1][safepoint    ] Safepoint "Cleanup", Time since last: 1001940668 ns, Reaching safepoint: 907208 ns, At safepoint: 22333 ns, Total: 929541 ns
[2022-09-04T02:05:43.157+0000][1][safepoint    ] Safepoint "Cleanup", Time since last: 1002578751 ns, Reaching safepoint: 941333 ns, At safepoint: 23500 ns, Total: 964833 ns
[2022-09-04T02:05:44.165+0000][1][safepoint    ] Safepoint "Cleanup", Time since last: 1006880042 ns, Reaching safepoint: 1398000 ns, At safepoint: 29792 ns, Total: 1427792 ns
[2022-09-04T02:05:45.171+0000][1][safepoint    ] Safepoint "Cleanup", Time since last: 1004287459 ns, Reaching safepoint: 889791 ns, At safepoint: 21125 ns, Total: 910916 ns
[2022-09-04T02:05:46.179+0000][1][safepoint    ] Safepoint "Cleanup", Time since last: 1006567917 ns, Reaching safepoint: 1363667 ns, At safepoint: 48208 ns, Total: 1411875 ns
[2022-09-04T02:05:47.187+0000][1][safepoint    ] Safepoint "Cleanup", Time since last: 1007205751 ns, Reaching safepoint: 944125 ns, At safepoint: 21583 ns, Total: 965708 ns
[2022-09-04T02:05:48.190+0000][1][safepoint    ] Safepoint "Cleanup", Time since last: 1001695501 ns, Reaching safepoint: 1023916 ns, At safepoint: 24375 ns, Total: 1048291 ns
[2022-09-04T02:05:49.194+0000][1][safepoint    ] Safepoint "Cleanup", Time since last: 1002972918 ns, Reaching safepoint: 1157791 ns, At safepoint: 30709 ns, Total: 1188500 ns
[2022-09-04T02:05:50.197+0000][1][safepoint    ] Safepoint "Cleanup", Time since last: 1002024250 ns, Reaching safepoint: 1454500 ns, At safepoint: 28250 ns, Total: 1482750 ns
[2022-09-04T02:05:51.201+0000][1][safepoint    ] Safepoint "Cleanup", Time since last: 1002946250 ns, Reaching safepoint: 918542 ns, At safepoint: 23750 ns, Total: 942292 ns
[2022-09-04T02:05:52.205+0000][1][safepoint    ] Safepoint "Cleanup", Time since last: 1002249459 ns, Reaching safepoint: 1701125 ns, At safepoint: 38958 ns, Total: 1740083 ns
[2022-09-04T02:05:53.210+0000][1][safepoint    ] Safepoint "Cleanup", Time since last: 1002703709 ns, Reaching safepoint: 2238458 ns, At safepoint: 51750 ns, Total: 2290208 ns
[2022-09-04T02:05:54.215+0000][1][safepoint    ] Safepoint "Cleanup", Time since last: 1003283293 ns, Reaching safepoint: 1724333 ns, At safepoint: 37042 ns, Total: 1761375 ns
[2022-09-04T02:05:55.219+0000][1][safepoint    ] Safepoint "Cleanup", Time since last: 1002654167 ns, Reaching safepoint: 850583 ns, At safepoint: 20958 ns, Total: 871541 ns
[2022-09-04T02:05:56.222+0000][1][safepoint    ] Safepoint "Cleanup", Time since last: 1002632751 ns, Reaching safepoint: 939500 ns, At safepoint: 22833 ns, Total: 962333 ns
[2022-09-04T02:05:57.226+0000][1][safepoint    ] Safepoint "Cleanup", Time since last: 1002543126 ns, Reaching safepoint: 1245750 ns, At safepoint: 26875 ns, Total: 1272625 ns
[2022-09-04T02:05:58.231+0000][1][safepoint    ] Safepoint "Cleanup", Time since last: 1002997834 ns, Reaching safepoint: 1429250 ns, At safepoint: 33375 ns, Total: 1462625 ns
[2022-09-04T02:05:59.237+0000][1][safepoint    ] Safepoint "Cleanup", Time since last: 1004377625 ns, Reaching safepoint: 1544375 ns, At safepoint: 39458 ns, Total: 1583833 ns
[2022-09-04T02:06:00.240+0000][1][safepoint    ] Safepoint "Cleanup", Time since last: 1002578126 ns, Reaching safepoint: 901666 ns, At safepoint: 65292 ns, Total: 966958 ns
[2022-09-04T02:06:01.244+0000][1][safepoint    ] Safepoint "Cleanup", Time since last: 1002700459 ns, Reaching safepoint: 1393375 ns, At safepoint: 26875 ns, Total: 1420250 ns
[2022-09-04T02:06:02.248+0000][1][safepoint    ] Safepoint "Cleanup", Time since last: 1002621542 ns, Reaching safepoint: 1503125 ns, At safepoint: 36417 ns, Total: 1539542 ns
[2022-09-04T02:06:03.254+0000][1][safepoint    ] Safepoint "Cleanup", Time since last: 1004977459 ns, Reaching safepoint: 893791 ns, At safepoint: 21709 ns, Total: 915500 ns
[2022-09-04T02:06:04.281+0000][1][safepoint    ] Safepoint "Cleanup", Time since last: 1023890833 ns, Reaching safepoint: 2368584 ns, At safepoint: 77333 ns, Total: 2445917 ns
[2022-09-04T02:06:05.289+0000][1][safepoint    ] Safepoint "Cleanup", Time since last: 1007761292 ns, Reaching safepoint: 881958 ns, At safepoint: 20708 ns, Total: 902666 ns
[2022-09-04T02:06:06.296+0000][1][safepoint    ] Safepoint "Cleanup", Time since last: 1006266709 ns, Reaching safepoint: 886917 ns, At safepoint: 29125 ns, Total: 916042 ns
[2022-09-04T02:06:07.302+0000][1][safepoint    ] Safepoint "Cleanup", Time since last: 1004298667 ns, Reaching safepoint: 1246708 ns, At safepoint: 32292 ns, Total: 1279000 ns
[2022-09-04T02:06:08.307+0000][1][safepoint    ] Safepoint "Cleanup", Time since last: 1002855375 ns, Reaching safepoint: 2024459 ns, At safepoint: 52625 ns, Total: 2077084 ns
[2022-09-04T02:06:09.528+0000][1][safepoint    ] Safepoint "Cleanup", Time since last: 1217203875 ns, Reaching safepoint: 3762042 ns, At safepoint: 93542 ns, Total: 3855584 ns
[2022-09-04T02:06:10.534+0000][1][safepoint    ] Safepoint "Cleanup", Time since last: 1004559833 ns, Reaching safepoint: 1391834 ns, At safepoint: 43916 ns, Total: 1435750 ns
[2022-09-04T02:06:11.539+0000][1][safepoint    ] Safepoint "Cleanup", Time since last: 1004370918 ns, Reaching safepoint: 1164625 ns, At safepoint: 42041 ns, Total: 1206666 ns
[2022-09-04T02:06:12.543+0000][1][safepoint    ] Safepoint "Cleanup", Time since last: 1002120376 ns, Reaching safepoint: 934250 ns, At safepoint: 31791 ns, Total: 966041 ns
[2022-09-04T02:06:13.545+0000][1][safepoint    ] Safepoint "Cleanup", Time since last: 1001913834 ns, Reaching safepoint: 978084 ns, At safepoint: 26583 ns, Total: 1004667 ns
[2022-09-04T02:06:14.549+0000][1][safepoint    ] Safepoint "Cleanup", Time since last: 1001915625 ns, Reaching safepoint: 1417292 ns, At safepoint: 34750 ns, Total: 1452042 ns
[2022-09-04T02:06:15.555+0000][1][safepoint    ] Safepoint "Cleanup", Time since last: 1004580959 ns, Reaching safepoint: 1399416 ns, At safepoint: 36834 ns, Total: 1436250 ns
[2022-09-04T02:06:16.563+0000][1][safepoint    ] Safepoint "Cleanup", Time since last: 1007086417 ns, Reaching safepoint: 861708 ns, At safepoint: 31792 ns, Total: 893500 ns
[2022-09-04T02:06:17.566+0000][1][safepoint    ] Safepoint "Cleanup", Time since last: 1001588042 ns, Reaching safepoint: 1224708 ns, At safepoint: 26334 ns, Total: 1251042 ns
[2022-09-04T02:06:18.570+0000][1][safepoint    ] Safepoint "Cleanup", Time since last: 1003355959 ns, Reaching safepoint: 930875 ns, At safepoint: 21666 ns, Total: 952541 ns
[2022-09-04T02:06:19.575+0000][1][safepoint    ] Safepoint "Cleanup", Time since last: 1003399459 ns, Reaching safepoint: 1338833 ns, At safepoint: 31417 ns, Total: 1370250 ns
[2022-09-04T02:06:20.580+0000][1][safepoint    ] Safepoint "Cleanup", Time since last: 1004342834 ns, Reaching safepoint: 1124375 ns, At safepoint: 29125 ns, Total: 1153500 ns
[2022-09-04T02:06:21.601+0000][1][safepoint    ] Safepoint "Cleanup", Time since last: 1019476584 ns, Reaching safepoint: 1132500 ns, At safepoint: 48750 ns, Total: 1181250 ns
[2022-09-04T02:06:22.604+0000][1][safepoint    ] Safepoint "Cleanup", Time since last: 1002067625 ns, Reaching safepoint: 1194875 ns, At safepoint: 26667 ns, Total: 1221542 ns
[2022-09-04T02:06:23.609+0000][1][safepoint    ] Safepoint "Cleanup", Time since last: 1002926084 ns, Reaching safepoint: 1989625 ns, At safepoint: 41250 ns, Total: 2030875 ns
[2022-09-04T02:06:24.613+0000][1][safepoint    ] Safepoint "Cleanup", Time since last: 1002742875 ns, Reaching safepoint: 1545458 ns, At safepoint: 35375 ns, Total: 1580833 ns
[2022-09-04T02:06:25.617+0000][1][safepoint    ] Safepoint "Cleanup", Time since last: 1002273668 ns, Reaching safepoint: 1032125 ns, At safepoint: 33208 ns, Total: 1065333 ns
[2022-09-04T02:06:25.854+0000][1][safepoint    ] Safepoint "RevokeBias", Time since last: 236471125 ns, Reaching safepoint: 778083 ns, At safepoint: 95875 ns, Total: 873958 ns
[2022-09-04T02:06:25.856+0000][1][safepoint    ] Safepoint "RevokeBias", Time since last: 1432125 ns, Reaching safepoint: 432834 ns, At safepoint: 80583 ns, Total: 513417 ns
[2022-09-04T02:06:25.877+0000][1][safepoint    ] Safepoint "RevokeBias", Time since last: 20269708 ns, Reaching safepoint: 1061375 ns, At safepoint: 94750 ns, Total: 1156125 ns
[2022-09-04T02:06:25.892+0000][1][safepoint    ] Safepoint "RevokeBias", Time since last: 13672334 ns, Reaching safepoint: 586958 ns, At safepoint: 96000 ns, Total: 682958 ns
[2022-09-04T02:06:25.900+0000][1][safepoint    ] Safepoint "RevokeBias", Time since last: 7582708 ns, Reaching safepoint: 506750 ns, At safepoint: 98459 ns, Total: 605209 ns
[2022-09-04T02:06:25.923+0000][1][safepoint    ] Safepoint "RevokeBias", Time since last: 22283291 ns, Reaching safepoint: 719709 ns, At safepoint: 95916 ns, Total: 815625 ns
[2022-09-04T02:06:25.933+0000][1][safepoint    ] Safepoint "RevokeBias", Time since last: 9169125 ns, Reaching safepoint: 721917 ns, At safepoint: 91375 ns, Total: 813292 ns
[2022-09-04T02:06:25.960+0000][1][safepoint    ] Safepoint "RevokeBias", Time since last: 26172542 ns, Reaching safepoint: 504708 ns, At safepoint: 161792 ns, Total: 666500 ns
[2022-09-04T02:06:25.962+0000][1][safepoint    ] Safepoint "RevokeBias", Time since last: 1955708 ns, Reaching safepoint: 425250 ns, At safepoint: 76500 ns, Total: 501750 ns
[2022-09-04T02:06:25.970+0000][1][safepoint    ] Safepoint "RevokeBias", Time since last: 7367375 ns, Reaching safepoint: 545958 ns, At safepoint: 90584 ns, Total: 636542 ns
[2022-09-04T02:06:26.935+0000][1][safepoint    ] Safepoint "RevokeBias", Time since last: 959155125 ns, Reaching safepoint: 4534750 ns, At safepoint: 453542 ns, Total: 4988292 ns
[2022-09-04T02:06:26.943+0000][1][safepoint    ] Safepoint "RevokeBias", Time since last: 5055625 ns, Reaching safepoint: 2500292 ns, At safepoint: 346000 ns, Total: 2846292 ns
[2022-09-04T02:06:26.949+0000][1][safepoint    ] Safepoint "RevokeBias", Time since last: 5377500 ns, Reaching safepoint: 996541 ns, At safepoint: 272834 ns, Total: 1269375 ns
[2022-09-04T02:06:27.954+0000][1][safepoint    ] Safepoint "Cleanup", Time since last: 1004255208 ns, Reaching safepoint: 859667 ns, At safepoint: 32792 ns, Total: 892459 ns
[2022-09-04T02:06:28.959+0000][1][safepoint    ] Safepoint "Cleanup", Time since last: 1003488334 ns, Reaching safepoint: 1497583 ns, At safepoint: 44750 ns, Total: 1542333 ns
[2022-09-04T02:06:29.964+0000][1][safepoint    ] Safepoint "Cleanup", Time since last: 1003399375 ns, Reaching safepoint: 849042 ns, At safepoint: 47875 ns, Total: 896917 ns
[2022-09-04T02:06:30.967+0000][1][safepoint    ] Safepoint "Cleanup", Time since last: 1001426167 ns, Reaching safepoint: 1502000 ns, At safepoint: 76167 ns, Total: 1578167 ns
[2022-09-04T02:06:31.975+0000][1][safepoint    ] Safepoint "Cleanup", Time since last: 1003886417 ns, Reaching safepoint: 4237167 ns, At safepoint: 333833 ns, Total: 4571000 ns
[2022-09-04T02:06:32.984+0000][1][safepoint    ] Safepoint "Cleanup", Time since last: 1005968709 ns, Reaching safepoint: 2662041 ns, At safepoint: 79792 ns, Total: 2741833 ns
[2022-09-04T02:06:33.990+0000][1][safepoint    ] Safepoint "Cleanup", Time since last: 1004228042 ns, Reaching safepoint: 1555625 ns, At safepoint: 44584 ns, Total: 1600209 ns
[2022-09-04T02:06:34.995+0000][1][safepoint    ] Safepoint "Cleanup", Time since last: 1002864833 ns, Reaching safepoint: 1986084 ns, At safepoint: 53750 ns, Total: 2039834 ns
[2022-09-04T02:06:36.001+0000][1][safepoint    ] Safepoint "Cleanup", Time since last: 1004022458 ns, Reaching safepoint: 3114041 ns, At safepoint: 80000 ns, Total: 3194041 ns
[2022-09-04T02:06:37.008+0000][1][safepoint    ] Safepoint "Cleanup", Time since last: 1005445042 ns, Reaching safepoint: 1541792 ns, At safepoint: 45000 ns, Total: 1586792 ns
[2022-09-04T02:06:38.016+0000][1][safepoint    ] Safepoint "Cleanup", Time since last: 1004591542 ns, Reaching safepoint: 3264000 ns, At safepoint: 80125 ns, Total: 3344125 ns
[2022-09-04T02:06:39.023+0000][1][safepoint    ] Safepoint "Cleanup", Time since last: 1004451417 ns, Reaching safepoint: 2190042 ns, At safepoint: 73417 ns, Total: 2263459 ns
[2022-09-04T02:06:40.028+0000][1][safepoint    ] Safepoint "Cleanup", Time since last: 1004039583 ns, Reaching safepoint: 960834 ns, At safepoint: 29833 ns, Total: 990667 ns
[2022-09-04T02:06:41.035+0000][1][safepoint    ] Safepoint "Cleanup", Time since last: 1004734792 ns, Reaching safepoint: 1656709 ns, At safepoint: 43708 ns, Total: 1700417 ns
[2022-09-04T02:06:42.040+0000][1][safepoint    ] Safepoint "Cleanup", Time since last: 1004516834 ns, Reaching safepoint: 1371416 ns, At safepoint: 57875 ns, Total: 1429291 ns
[2022-09-04T02:06:43.045+0000][1][safepoint    ] Safepoint "Cleanup", Time since last: 1003157876 ns, Reaching safepoint: 1096167 ns, At safepoint: 30041 ns, Total: 1126208 ns
[2022-09-04T02:06:44.051+0000][1][safepoint    ] Safepoint "Cleanup", Time since last: 1002981001 ns, Reaching safepoint: 3117958 ns, At safepoint: 86458 ns, Total: 3204416 ns
[2022-09-04T02:06:45.058+0000][1][safepoint    ] Safepoint "Cleanup", Time since last: 1005550709 ns, Reaching safepoint: 1444000 ns, At safepoint: 39959 ns, Total: 1483959 ns
[2022-09-04T02:06:46.066+0000][1][safepoint    ] Safepoint "Cleanup", Time since last: 1003842167 ns, Reaching safepoint: 3600541 ns, At safepoint: 374375 ns, Total: 3974916 ns
[2022-09-04T02:06:47.073+0000][1][safepoint    ] Safepoint "Cleanup", Time since last: 1005655626 ns, Reaching safepoint: 1252792 ns, At safepoint: 34666 ns, Total: 1287458 ns
[2022-09-04T02:06:48.077+0000][1][safepoint    ] Safepoint "Cleanup", Time since last: 1002712917 ns, Reaching safepoint: 1219000 ns, At safepoint: 29375 ns, Total: 1248375 ns
[2022-09-04T02:06:49.080+0000][1][safepoint    ] Safepoint "Cleanup", Time since last: 1002570501 ns, Reaching safepoint: 830458 ns, At safepoint: 20625 ns, Total: 851083 ns
[2022-09-04T02:06:50.084+0000][1][safepoint    ] Safepoint "Cleanup", Time since last: 1002903876 ns, Reaching safepoint: 1071833 ns, At safepoint: 25792 ns, Total: 1097625 ns
[2022-09-04T02:06:51.087+0000][1][safepoint    ] Safepoint "Cleanup", Time since last: 1002107542 ns, Reaching safepoint: 1111916 ns, At safepoint: 28875 ns, Total: 1140791 ns
[2022-09-04T02:06:52.090+0000][1][safepoint    ] Safepoint "Cleanup", Time since last: 1002163793 ns, Reaching safepoint: 874500 ns, At safepoint: 22041 ns, Total: 896541 ns
[2022-09-04T02:06:53.094+0000][1][safepoint    ] Safepoint "Cleanup", Time since last: 1002192917 ns, Reaching safepoint: 1069042 ns, At safepoint: 27625 ns, Total: 1096667 ns
[2022-09-04T02:06:54.098+0000][1][safepoint    ] Safepoint "Cleanup", Time since last: 1002420792 ns, Reaching safepoint: 2015625 ns, At safepoint: 59625 ns, Total: 2075250 ns
[2022-09-04T02:06:55.104+0000][1][safepoint    ] Safepoint "Cleanup", Time since last: 1004973876 ns, Reaching safepoint: 1162208 ns, At safepoint: 30625 ns, Total: 1192833 ns
[2022-09-04T02:06:56.108+0000][1][safepoint    ] Safepoint "Cleanup", Time since last: 1002162667 ns, Reaching safepoint: 1031500 ns, At safepoint: 21292 ns, Total: 1052792 ns
[2022-09-04T02:06:57.111+0000][1][safepoint    ] Safepoint "Cleanup", Time since last: 1001922084 ns, Reaching safepoint: 1255208 ns, At safepoint: 28333 ns, Total: 1283541 ns
[2022-09-04T02:06:58.116+0000][1][safepoint    ] Safepoint "Cleanup", Time since last: 1002422959 ns, Reaching safepoint: 2525542 ns, At safepoint: 81916 ns, Total: 2607458 ns
[2022-09-04T02:06:59.121+0000][1][safepoint    ] Safepoint "Cleanup", Time since last: 1003317209 ns, Reaching safepoint: 1758125 ns, At safepoint: 45125 ns, Total: 1803250 ns
[2022-09-04T02:07:00.127+0000][1][safepoint    ] Safepoint "Cleanup", Time since last: 1004265126 ns, Reaching safepoint: 1381250 ns, At safepoint: 33583 ns, Total: 1414833 ns
[2022-09-04T02:07:01.132+0000][1][safepoint    ] Safepoint "Cleanup", Time since last: 1004078501 ns, Reaching safepoint: 1193875 ns, At safepoint: 26625 ns, Total: 1220500 ns
[2022-09-04T02:07:02.138+0000][1][safepoint    ] Safepoint "Cleanup", Time since last: 1004716542 ns, Reaching safepoint: 1641083 ns, At safepoint: 48208 ns, Total: 1689291 ns
[2022-09-04T02:07:03.143+0000][1][safepoint    ] Safepoint "Cleanup", Time since last: 1003098793 ns, Reaching safepoint: 1372500 ns, At safepoint: 45666 ns, Total: 1418166 ns
[2022-09-04T02:07:04.148+0000][1][safepoint    ] Safepoint "Cleanup", Time since last: 1002931876 ns, Reaching safepoint: 2239583 ns, At safepoint: 62833 ns, Total: 2302416 ns
[2022-09-04T02:07:05.154+0000][1][safepoint    ] Safepoint "Cleanup", Time since last: 1004695583 ns, Reaching safepoint: 956875 ns, At safepoint: 29417 ns, Total: 986292 ns
[2022-09-04T02:07:06.156+0000][1][safepoint    ] Safepoint "Cleanup", Time since last: 1001464250 ns, Reaching safepoint: 1140084 ns, At safepoint: 35583 ns, Total: 1175667 ns
[2022-09-04T02:07:07.161+0000][1][safepoint    ] Safepoint "Cleanup", Time since last: 1003080084 ns, Reaching safepoint: 1167916 ns, At safepoint: 27000 ns, Total: 1194916 ns
[2022-09-04T02:07:08.164+0000][1][safepoint    ] Safepoint "Cleanup", Time since last: 1002448918 ns, Reaching safepoint: 986416 ns, At safepoint: 42542 ns, Total: 1028958 ns
[2022-09-04T02:07:09.168+0000][1][safepoint    ] Safepoint "Cleanup", Time since last: 1002415167 ns, Reaching safepoint: 1052500 ns, At safepoint: 39042 ns, Total: 1091542 ns
[2022-09-04T02:07:10.175+0000][1][safepoint    ] Safepoint "Cleanup", Time since last: 1005260709 ns, Reaching safepoint: 2479583 ns, At safepoint: 67125 ns, Total: 2546708 ns
[2022-09-04T02:07:11.182+0000][1][safepoint    ] Safepoint "Cleanup", Time since last: 1004439917 ns, Reaching safepoint: 1853917 ns, At safepoint: 45916 ns, Total: 1899833 ns
[2022-09-04T02:07:12.187+0000][1][safepoint    ] Safepoint "Cleanup", Time since last: 1003968084 ns, Reaching safepoint: 950500 ns, At safepoint: 23959 ns, Total: 974459 ns
[2022-09-04T02:07:13.189+0000][1][safepoint    ] Safepoint "Cleanup", Time since last: 1001926083 ns, Reaching safepoint: 939125 ns, At safepoint: 24959 ns, Total: 964084 ns
[2022-09-04T02:07:14.193+0000][1][safepoint    ] Safepoint "Cleanup", Time since last: 1002777875 ns, Reaching safepoint: 1086833 ns, At safepoint: 25250 ns, Total: 1112083 ns
[2022-09-04T02:07:15.197+0000][1][safepoint    ] Safepoint "Cleanup", Time since last: 1001840043 ns, Reaching safepoint: 1503500 ns, At safepoint: 42916 ns, Total: 1546416 ns
[2022-09-04T02:07:16.204+0000][1][safepoint    ] Safepoint "Cleanup", Time since last: 1002540334 ns, Reaching safepoint: 4074125 ns, At safepoint: 149083 ns, Total: 4223208 ns
[2022-09-04T02:07:17.213+0000][1][safepoint    ] Safepoint "Cleanup", Time since last: 1007639043 ns, Reaching safepoint: 1700083 ns, At safepoint: 38292 ns, Total: 1738375 ns
[2022-09-04T02:07:18.217+0000][1][safepoint    ] Safepoint "Cleanup", Time since last: 1002925250 ns, Reaching safepoint: 847625 ns, At safepoint: 20250 ns, Total: 867875 ns
[2022-09-04T02:07:19.220+0000][1][safepoint    ] Safepoint "Cleanup", Time since last: 1002560667 ns, Reaching safepoint: 852500 ns, At safepoint: 28459 ns, Total: 880959 ns
[2022-09-04T02:07:20.224+0000][1][safepoint    ] Safepoint "Cleanup", Time since last: 1002456583 ns, Reaching safepoint: 935000 ns, At safepoint: 22000 ns, Total: 957000 ns
[2022-09-04T02:07:21.228+0000][1][safepoint    ] Safepoint "Cleanup", Time since last: 1002998751 ns, Reaching safepoint: 971417 ns, At safepoint: 22000 ns, Total: 993417 ns
[2022-09-04T02:07:22.236+0000][1][safepoint    ] Safepoint "Cleanup", Time since last: 1005916208 ns, Reaching safepoint: 2409750 ns, At safepoint: 65792 ns, Total: 2475542 ns
[2022-09-04T02:07:23.249+0000][1][safepoint    ] Safepoint "Cleanup", Time since last: 1011982625 ns, Reaching safepoint: 893834 ns, At safepoint: 22541 ns, Total: 916375 ns
[2022-09-04T02:07:24.253+0000][1][safepoint    ] Safepoint "Cleanup", Time since last: 1002537168 ns, Reaching safepoint: 1407875 ns, At safepoint: 64875 ns, Total: 1472750 ns
[2022-09-04T02:07:25.258+0000][1][safepoint    ] Safepoint "Cleanup", Time since last: 1004594583 ns, Reaching safepoint: 920667 ns, At safepoint: 68250 ns, Total: 988917 ns
[2022-09-04T02:07:26.263+0000][1][safepoint    ] Safepoint "Cleanup", Time since last: 1002923126 ns, Reaching safepoint: 1247791 ns, At safepoint: 29084 ns, Total: 1276875 ns
[2022-09-04T02:07:27.272+0000][1][safepoint    ] Safepoint "Cleanup", Time since last: 1007314875 ns, Reaching safepoint: 2159542 ns, At safepoint: 57000 ns, Total: 2216542 ns
[2022-09-04T02:07:28.278+0000][1][safepoint    ] Safepoint "Cleanup", Time since last: 1004790584 ns, Reaching safepoint: 998541 ns, At safepoint: 26000 ns, Total: 1024541 ns
[2022-09-04T02:07:29.285+0000][1][safepoint    ] Safepoint "Cleanup", Time since last: 1003846709 ns, Reaching safepoint: 2533292 ns, At safepoint: 213958 ns, Total: 2747250 ns
[2022-09-04T02:07:30.291+0000][1][safepoint    ] Safepoint "Cleanup", Time since last: 1004973584 ns, Reaching safepoint: 1411208 ns, At safepoint: 37125 ns, Total: 1448333 ns
[2022-09-04T02:07:31.298+0000][1][safepoint    ] Safepoint "Cleanup", Time since last: 1005801084 ns, Reaching safepoint: 974167 ns, At safepoint: 29208 ns, Total: 1003375 ns
[2022-09-04T02:07:32.302+0000][1][safepoint    ] Safepoint "Cleanup", Time since last: 1002852959 ns, Reaching safepoint: 1329791 ns, At safepoint: 31584 ns, Total: 1361375 ns
[2022-09-04T02:07:33.308+0000][1][safepoint    ] Safepoint "Cleanup", Time since last: 1004365792 ns, Reaching safepoint: 1610833 ns, At safepoint: 37209 ns, Total: 1648042 ns
[2022-09-04T02:07:34.317+0000][1][safepoint    ] Safepoint "Cleanup", Time since last: 1005306375 ns, Reaching safepoint: 3142333 ns, At safepoint: 84334 ns, Total: 3226667 ns
[2022-09-04T02:07:35.322+0000][1][safepoint    ] Safepoint "Cleanup", Time since last: 1004927374 ns, Reaching safepoint: 876167 ns, At safepoint: 94667 ns, Total: 970834 ns
[2022-09-04T02:07:36.325+0000][1][safepoint    ] Safepoint "Cleanup", Time since last: 1002004458 ns, Reaching safepoint: 868459 ns, At safepoint: 22166 ns, Total: 890625 ns
[2022-09-04T02:07:37.331+0000][1][safepoint    ] Safepoint "Cleanup", Time since last: 1002352209 ns, Reaching safepoint: 3810959 ns, At safepoint: 94166 ns, Total: 3905125 ns
[2022-09-04T02:07:38.337+0000][1][safepoint    ] Safepoint "Cleanup", Time since last: 1005134584 ns, Reaching safepoint: 944250 ns, At safepoint: 21083 ns, Total: 965333 ns
[2022-09-04T02:07:39.513+0000][1][safepoint    ] Safepoint "Cleanup", Time since last: 1173753959 ns, Reaching safepoint: 1802625 ns, At safepoint: 45500 ns, Total: 1848125 ns
[2022-09-04T02:07:40.518+0000][1][safepoint    ] Safepoint "Cleanup", Time since last: 1004306626 ns, Reaching safepoint: 842708 ns, At safepoint: 21667 ns, Total: 864375 ns
[2022-09-04T02:07:41.523+0000][1][safepoint    ] Safepoint "Cleanup", Time since last: 1004278209 ns, Reaching safepoint: 924416 ns, At safepoint: 21459 ns, Total: 945875 ns
[2022-09-04T02:07:42.530+0000][1][safepoint    ] Safepoint "Cleanup", Time since last: 1005186250 ns, Reaching safepoint: 914750 ns, At safepoint: 23292 ns, Total: 938042 ns
[2022-09-04T02:07:43.534+0000][1][safepoint    ] Safepoint "Cleanup", Time since last: 1003311792 ns, Reaching safepoint: 1466333 ns, At safepoint: 34792 ns, Total: 1501125 ns
[2022-09-04T02:07:44.539+0000][1][safepoint    ] Safepoint "Cleanup", Time since last: 1002864084 ns, Reaching safepoint: 1293916 ns, At safepoint: 34334 ns, Total: 1328250 ns
[2022-09-04T02:07:45.542+0000][1][safepoint    ] Safepoint "Cleanup", Time since last: 1002749625 ns, Reaching safepoint: 902333 ns, At safepoint: 30667 ns, Total: 933000 ns
[2022-09-04T02:07:46.545+0000][1][safepoint    ] Safepoint "Cleanup", Time since last: 1001655959 ns, Reaching safepoint: 840750 ns, At safepoint: 21167 ns, Total: 861917 ns
[2022-09-04T02:07:47.549+0000][1][safepoint    ] Safepoint "Cleanup", Time since last: 1002327250 ns, Reaching safepoint: 1415667 ns, At safepoint: 31250 ns, Total: 1446917 ns
[2022-09-04T02:07:48.556+0000][1][safepoint    ] Safepoint "Cleanup", Time since last: 1005828875 ns, Reaching safepoint: 1120500 ns, At safepoint: 29459 ns, Total: 1149959 ns
[2022-09-04T02:07:49.559+0000][1][safepoint    ] Safepoint "Cleanup", Time since last: 1002134583 ns, Reaching safepoint: 1399750 ns, At safepoint: 31209 ns, Total: 1430959 ns
[2022-09-04T02:07:50.568+0000][1][safepoint    ] Safepoint "Cleanup", Time since last: 1007175834 ns, Reaching safepoint: 1431000 ns, At safepoint: 37958 ns, Total: 1468958 ns
[2022-09-04T02:07:51.581+0000][1][safepoint    ] Safepoint "Cleanup", Time since last: 1012732292 ns, Reaching safepoint: 898208 ns, At safepoint: 23750 ns, Total: 921958 ns
[2022-09-04T02:07:52.586+0000][1][safepoint    ] Safepoint "Cleanup", Time since last: 1002443751 ns, Reaching safepoint: 1647916 ns, At safepoint: 43000 ns, Total: 1690916 ns
[2022-09-04T02:07:53.590+0000][1][safepoint    ] Safepoint "Cleanup", Time since last: 1002536459 ns, Reaching safepoint: 2135625 ns, At safepoint: 62792 ns, Total: 2198417 ns
[2022-09-04T02:07:54.595+0000][1][safepoint    ] Safepoint "Cleanup", Time since last: 1003003125 ns, Reaching safepoint: 1628250 ns, At safepoint: 37375 ns, Total: 1665625 ns
[2022-09-04T02:07:55.598+0000][1][safepoint    ] Safepoint "Cleanup", Time since last: 1002515126 ns, Reaching safepoint: 1017417 ns, At safepoint: 20708 ns, Total: 1038125 ns
[2022-09-04T02:07:56.602+0000][1][safepoint    ] Safepoint "Cleanup", Time since last: 1002241334 ns, Reaching safepoint: 1048125 ns, At safepoint: 21791 ns, Total: 1069916 ns
[2022-09-04T02:07:57.605+0000][1][safepoint    ] Safepoint "Cleanup", Time since last: 1001954793 ns, Reaching safepoint: 1346458 ns, At safepoint: 118542 ns, Total: 1465000 ns
[2022-09-04T02:07:58.608+0000][1][safepoint    ] Safepoint "Cleanup", Time since last: 1001999667 ns, Reaching safepoint: 946791 ns, At safepoint: 23250 ns, Total: 970041 ns
[2022-09-04T02:07:59.612+0000][1][safepoint    ] Safepoint "Cleanup", Time since last: 1001650292 ns, Reaching safepoint: 1669500 ns, At safepoint: 38500 ns, Total: 1708000 ns
[2022-09-04T02:08:00.616+0000][1][safepoint    ] Safepoint "Cleanup", Time since last: 1003209043 ns, Reaching safepoint: 917750 ns, At safepoint: 24958 ns, Total: 942708 ns
[2022-09-04T02:08:01.620+0000][1][safepoint    ] Safepoint "Cleanup", Time since last: 1003011542 ns, Reaching safepoint: 881542 ns, At safepoint: 23583 ns, Total: 905125 ns
[2022-09-04T02:08:02.623+0000][1][safepoint    ] Safepoint "Cleanup", Time since last: 1001915876 ns, Reaching safepoint: 1048041 ns, At safepoint: 23209 ns, Total: 1071250 ns
[2022-09-04T02:08:03.626+0000][1][safepoint    ] Safepoint "Cleanup", Time since last: 1002323917 ns, Reaching safepoint: 1190166 ns, At safepoint: 77584 ns, Total: 1267750 ns
[2022-09-04T02:08:04.629+0000][1][safepoint    ] Safepoint "Cleanup", Time since last: 1001803542 ns, Reaching safepoint: 1177125 ns, At safepoint: 29458 ns, Total: 1206583 ns
[2022-09-04T02:08:05.632+0000][1][safepoint    ] Safepoint "Cleanup", Time since last: 1001977292 ns, Reaching safepoint: 864666 ns, At safepoint: 22209 ns, Total: 886875 ns
[2022-09-04T02:08:06.634+0000][1][safepoint    ] Safepoint "Cleanup", Time since last: 1001701917 ns, Reaching safepoint: 923333 ns, At safepoint: 21542 ns, Total: 944875 ns
[2022-09-04T02:08:07.637+0000][1][safepoint    ] Safepoint "Cleanup", Time since last: 1002078375 ns, Reaching safepoint: 917875 ns, At safepoint: 21792 ns, Total: 939667 ns
[2022-09-04T02:08:09.566+0000][1][safepoint    ] Safepoint "Cleanup", Time since last: 1922905251 ns, Reaching safepoint: 6017958 ns, At safepoint: 87209 ns, Total: 6105167 ns
[2022-09-04T02:08:10.573+0000][1][safepoint    ] Safepoint "Cleanup", Time since last: 1003238083 ns, Reaching safepoint: 2533834 ns, At safepoint: 132875 ns, Total: 2666709 ns
[2022-09-04T02:08:11.580+0000][1][safepoint    ] Safepoint "Cleanup", Time since last: 1006099917 ns, Reaching safepoint: 1288042 ns, At safepoint: 36791 ns, Total: 1324833 ns
[2022-09-04T02:08:12.584+0000][1][safepoint    ] Safepoint "Cleanup", Time since last: 1002848376 ns, Reaching safepoint: 1056791 ns, At safepoint: 27167 ns, Total: 1083958 ns
[2022-09-04T02:08:13.591+0000][1][safepoint    ] Safepoint "Cleanup", Time since last: 1006188167 ns, Reaching safepoint: 1352084 ns, At safepoint: 41416 ns, Total: 1393500 ns
[2022-09-04T02:08:14.595+0000][1][safepoint    ] Safepoint "Cleanup", Time since last: 1003003626 ns, Reaching safepoint: 930041 ns, At safepoint: 22834 ns, Total: 952875 ns
[2022-09-04T02:08:15.598+0000][1][safepoint    ] Safepoint "Cleanup", Time since last: 1001623792 ns, Reaching safepoint: 832416 ns, At safepoint: 24167 ns, Total: 856583 ns
[2022-09-04T02:08:16.600+0000][1][safepoint    ] Safepoint "Cleanup", Time since last: 1001946376 ns, Reaching safepoint: 845458 ns, At safepoint: 21375 ns, Total: 866833 ns
[2022-09-04T02:08:17.604+0000][1][safepoint    ] Safepoint "Cleanup", Time since last: 1002649250 ns, Reaching safepoint: 922875 ns, At safepoint: 27500 ns, Total: 950375 ns
[2022-09-04T02:08:18.611+0000][1][safepoint    ] Safepoint "Cleanup", Time since last: 1001734334 ns, Reaching safepoint: 3812792 ns, At safepoint: 591125 ns, Total: 4403917 ns
[2022-09-04T02:08:19.617+0000][1][safepoint    ] Safepoint "Cleanup", Time since last: 1006186417 ns, Reaching safepoint: 913125 ns, At safepoint: 19583 ns, Total: 932708 ns
[2022-09-04T02:08:20.620+0000][1][safepoint    ] Safepoint "Cleanup", Time since last: 1001759459 ns, Reaching safepoint: 947667 ns, At safepoint: 34583 ns, Total: 982250 ns
[2022-09-04T02:08:21.624+0000][1][safepoint    ] Safepoint "Cleanup", Time since last: 1003108251 ns, Reaching safepoint: 851541 ns, At safepoint: 21250 ns, Total: 872791 ns
[2022-09-04T02:08:22.628+0000][1][safepoint    ] Safepoint "Cleanup", Time since last: 1002502959 ns, Reaching safepoint: 1180334 ns, At safepoint: 50750 ns, Total: 1231084 ns
[2022-09-04T02:08:23.634+0000][1][safepoint    ] Safepoint "Cleanup", Time since last: 1002874792 ns, Reaching safepoint: 2966083 ns, At safepoint: 69792 ns, Total: 3035875 ns
[2022-09-04T02:08:24.639+0000][1][safepoint    ] Safepoint "Cleanup", Time since last: 1004561792 ns, Reaching safepoint: 1112458 ns, At safepoint: 27958 ns, Total: 1140416 ns
[2022-09-04T02:08:25.643+0000][1][safepoint    ] Safepoint "Cleanup", Time since last: 1002201334 ns, Reaching safepoint: 1064667 ns, At safepoint: 25250 ns, Total: 1089917 ns
[2022-09-04T02:08:26.646+0000][1][safepoint    ] Safepoint "Cleanup", Time since last: 1002600292 ns, Reaching safepoint: 1076833 ns, At safepoint: 24875 ns, Total: 1101708 ns
[2022-09-04T02:08:27.650+0000][1][safepoint    ] Safepoint "Cleanup", Time since last: 1002069168 ns, Reaching safepoint: 1171791 ns, At safepoint: 25834 ns, Total: 1197625 ns
[2022-09-04T02:08:28.655+0000][1][safepoint    ] Safepoint "Cleanup", Time since last: 1003710417 ns, Reaching safepoint: 1871208 ns, At safepoint: 49208 ns, Total: 1920416 ns
[2022-09-04T02:08:29.660+0000][1][safepoint    ] Safepoint "Cleanup", Time since last: 1004065584 ns, Reaching safepoint: 873125 ns, At safepoint: 20000 ns, Total: 893125 ns
[2022-09-04T02:08:30.663+0000][1][safepoint    ] Safepoint "Cleanup", Time since last: 1002276959 ns, Reaching safepoint: 854625 ns, At safepoint: 21708 ns, Total: 876333 ns
[2022-09-04T02:08:31.666+0000][1][safepoint    ] Safepoint "Cleanup", Time since last: 1001764709 ns, Reaching safepoint: 933958 ns, At safepoint: 23167 ns, Total: 957125 ns
[2022-09-04T02:08:32.670+0000][1][safepoint    ] Safepoint "Cleanup", Time since last: 1002985542 ns, Reaching safepoint: 1080667 ns, At safepoint: 27042 ns, Total: 1107709 ns
[2022-09-04T02:08:33.679+0000][1][safepoint    ] Safepoint "Cleanup", Time since last: 1004399750 ns, Reaching safepoint: 3879083 ns, At safepoint: 85042 ns, Total: 3964125 ns
[2022-09-04T02:08:34.686+0000][1][safepoint    ] Safepoint "Cleanup", Time since last: 1006028209 ns, Reaching safepoint: 1338583 ns, At safepoint: 28750 ns, Total: 1367333 ns
[2022-09-04T02:08:35.689+0000][1][safepoint    ] Safepoint "Cleanup", Time since last: 1002130750 ns, Reaching safepoint: 823083 ns, At safepoint: 20042 ns, Total: 843125 ns
[2022-09-04T02:08:37.311+0000][1][safepoint    ] Safepoint "Cleanup", Time since last: 1618624918 ns, Reaching safepoint: 3852666 ns, At safepoint: 41334 ns, Total: 3894000 ns
[2022-09-04T02:08:38.319+0000][1][safepoint    ] Safepoint "Cleanup", Time since last: 1003599292 ns, Reaching safepoint: 3542750 ns, At safepoint: 94375 ns, Total: 3637125 ns
[2022-09-04T02:08:39.328+0000][1][safepoint    ] Safepoint "Cleanup", Time since last: 1005453583 ns, Reaching safepoint: 3403042 ns, At safepoint: 99917 ns, Total: 3502959 ns
[2022-09-04T02:08:40.337+0000][1][safepoint    ] Safepoint "Cleanup", Time since last: 1005784167 ns, Reaching safepoint: 3647667 ns, At safepoint: 244375 ns, Total: 3892042 ns
[2022-09-04T02:08:41.343+0000][1][safepoint    ] Safepoint "Cleanup", Time since last: 1004467542 ns, Reaching safepoint: 1033416 ns, At safepoint: 46042 ns, Total: 1079458 ns
[2022-09-04T02:08:42.346+0000][1][safepoint    ] Safepoint "Cleanup", Time since last: 1002059167 ns, Reaching safepoint: 994334 ns, At safepoint: 50000 ns, Total: 1044334 ns
[2022-09-04T02:08:43.352+0000][1][safepoint    ] Safepoint "Cleanup", Time since last: 1004426625 ns, Reaching safepoint: 1411250 ns, At safepoint: 35542 ns, Total: 1446792 ns
[2022-09-04T02:08:44.357+0000][1][safepoint    ] Safepoint "Cleanup", Time since last: 1001816459 ns, Reaching safepoint: 2884291 ns, At safepoint: 72000 ns, Total: 2956291 ns
[2022-09-04T02:08:45.365+0000][1][safepoint    ] Safepoint "Cleanup", Time since last: 1004334251 ns, Reaching safepoint: 3569208 ns, At safepoint: 83292 ns, Total: 3652500 ns
[2022-09-04T02:08:46.370+0000][1][safepoint    ] Safepoint "Cleanup", Time since last: 1005189209 ns, Reaching safepoint: 804458 ns, At safepoint: 34458 ns, Total: 838916 ns
[2022-09-04T02:08:47.375+0000][1][safepoint    ] Safepoint "Cleanup", Time since last: 1002776626 ns, Reaching safepoint: 1901750 ns, At safepoint: 67333 ns, Total: 1969083 ns
[2022-09-04T02:08:48.380+0000][1][safepoint    ] Safepoint "Cleanup", Time since last: 1002978250 ns, Reaching safepoint: 1965917 ns, At safepoint: 41375 ns, Total: 2007292 ns
[2022-09-04T02:08:49.387+0000][1][safepoint    ] Safepoint "Cleanup", Time since last: 1002340042 ns, Reaching safepoint: 3949417 ns, At safepoint: 268458 ns, Total: 4217875 ns
[2022-09-04T02:08:50.393+0000][1][safepoint    ] Safepoint "Cleanup", Time since last: 1004920376 ns, Reaching safepoint: 1164916 ns, At safepoint: 28459 ns, Total: 1193375 ns
[2022-09-04T02:08:51.398+0000][1][safepoint    ] Safepoint "Cleanup", Time since last: 1003776000 ns, Reaching safepoint: 852459 ns, At safepoint: 31125 ns, Total: 883584 ns
[2022-09-04T02:08:52.401+0000][1][safepoint    ] Safepoint "Cleanup", Time since last: 1002163667 ns, Reaching safepoint: 1506416 ns, At safepoint: 66959 ns, Total: 1573375 ns
[2022-09-04T02:08:53.409+0000][1][safepoint    ] Safepoint "Cleanup", Time since last: 1001762459 ns, Reaching safepoint: 5419916 ns, At safepoint: 248625 ns, Total: 5668541 ns
[2022-09-04T02:08:54.416+0000][1][safepoint    ] Safepoint "Cleanup", Time since last: 1005781751 ns, Reaching safepoint: 1217916 ns, At safepoint: 25792 ns, Total: 1243708 ns
[2022-09-04T02:08:55.425+0000][1][safepoint    ] Safepoint "Cleanup", Time since last: 1004665292 ns, Reaching safepoint: 4820667 ns, At safepoint: 146250 ns, Total: 4966917 ns
[2022-09-04T02:08:56.433+0000][1][safepoint    ] Safepoint "Cleanup", Time since last: 1006815750 ns, Reaching safepoint: 998584 ns, At safepoint: 38166 ns, Total: 1036750 ns
[2022-09-04T02:08:57.439+0000][1][safepoint    ] Safepoint "Cleanup", Time since last: 1001892667 ns, Reaching safepoint: 3209000 ns, At safepoint: 164209 ns, Total: 3373209 ns
[2022-09-04T02:08:58.443+0000][1][safepoint    ] Safepoint "Cleanup", Time since last: 1003070250 ns, Reaching safepoint: 1531209 ns, At safepoint: 58333 ns, Total: 1589542 ns
[2022-09-04T02:08:59.451+0000][1][safepoint    ] Safepoint "Cleanup", Time since last: 1004051959 ns, Reaching safepoint: 3357083 ns, At safepoint: 916792 ns, Total: 4273875 ns
[2022-09-04T02:09:00.459+0000][1][safepoint    ] Safepoint "Cleanup", Time since last: 1005435292 ns, Reaching safepoint: 1558250 ns, At safepoint: 34500 ns, Total: 1592750 ns
[2022-09-04T02:09:01.462+0000][1][safepoint    ] Safepoint "Cleanup", Time since last: 1002669084 ns, Reaching safepoint: 1043666 ns, At safepoint: 25542 ns, Total: 1069208 ns
[2022-09-04T02:09:02.466+0000][1][safepoint    ] Safepoint "Cleanup", Time since last: 1002002084 ns, Reaching safepoint: 1595792 ns, At safepoint: 39291 ns, Total: 1635083 ns
[2022-09-04T02:09:03.471+0000][1][safepoint    ] Safepoint "Cleanup", Time since last: 1003665459 ns, Reaching safepoint: 1494625 ns, At safepoint: 31125 ns, Total: 1525750 ns
[2022-09-04T02:09:04.477+0000][1][safepoint    ] Safepoint "Cleanup", Time since last: 1004013959 ns, Reaching safepoint: 1728333 ns, At safepoint: 31542 ns, Total: 1759875 ns
[2022-09-04T02:09:05.482+0000][1][safepoint    ] Safepoint "Cleanup", Time since last: 1002186083 ns, Reaching safepoint: 2711875 ns, At safepoint: 88125 ns, Total: 2800000 ns
[2022-09-04T02:09:06.486+0000][1][safepoint    ] Safepoint "Cleanup", Time since last: 1003716500 ns, Reaching safepoint: 1171750 ns, At safepoint: 44792 ns, Total: 1216542 ns
[2022-09-04T02:09:07.489+0000][1][safepoint    ] Safepoint "Cleanup", Time since last: 1001509459 ns, Reaching safepoint: 828166 ns, At safepoint: 18375 ns, Total: 846541 ns
[2022-09-04T02:09:08.492+0000][1][safepoint    ] Safepoint "Cleanup", Time since last: 1002713834 ns, Reaching safepoint: 857208 ns, At safepoint: 18917 ns, Total: 876125 ns
[2022-09-04T02:09:09.496+0000][1][safepoint    ] Safepoint "Cleanup", Time since last: 1002115917 ns, Reaching safepoint: 1697959 ns, At safepoint: 40000 ns, Total: 1737959 ns
[2022-09-04T02:09:10.500+0000][1][safepoint    ] Safepoint "Cleanup", Time since last: 1002955458 ns, Reaching safepoint: 817542 ns, At safepoint: 23042 ns, Total: 840584 ns
[2022-09-04T02:09:11.504+0000][1][safepoint    ] Safepoint "Cleanup", Time since last: 1002714875 ns, Reaching safepoint: 837209 ns, At safepoint: 21791 ns, Total: 859000 ns
[2022-09-04T02:09:12.507+0000][1][safepoint    ] Safepoint "Cleanup", Time since last: 1002383501 ns, Reaching safepoint: 869916 ns, At safepoint: 20584 ns, Total: 890500 ns
[2022-09-04T02:09:13.523+0000][1][safepoint    ] Safepoint "Cleanup", Time since last: 1014645208 ns, Reaching safepoint: 1844834 ns, At safepoint: 49750 ns, Total: 1894584 ns
[2022-09-04T02:09:14.530+0000][1][safepoint    ] Safepoint "Cleanup", Time since last: 1005500584 ns, Reaching safepoint: 1244541 ns, At safepoint: 29834 ns, Total: 1274375 ns
[2022-09-04T02:09:15.537+0000][1][safepoint    ] Safepoint "Cleanup", Time since last: 1002333625 ns, Reaching safepoint: 3671417 ns, At safepoint: 473625 ns, Total: 4145042 ns
[2022-09-04T02:09:17.424+0000][1][safepoint    ] Safepoint "Cleanup", Time since last: 1886043042 ns, Reaching safepoint: 899500 ns, At safepoint: 24167 ns, Total: 923667 ns
[2022-09-04T02:09:18.427+0000][1][safepoint    ] Safepoint "Cleanup", Time since last: 1002432042 ns, Reaching safepoint: 879292 ns, At safepoint: 20458 ns, Total: 899750 ns
[2022-09-04T02:09:19.432+0000][1][safepoint    ] Safepoint "Cleanup", Time since last: 1003688042 ns, Reaching safepoint: 883000 ns, At safepoint: 20834 ns, Total: 903834 ns
[2022-09-04T02:09:20.435+0000][1][safepoint    ] Safepoint "Cleanup", Time since last: 1002958125 ns, Reaching safepoint: 928708 ns, At safepoint: 20834 ns, Total: 949542 ns
[2022-09-04T02:09:21.438+0000][1][safepoint    ] Safepoint "Cleanup", Time since last: 1001482000 ns, Reaching safepoint: 1110542 ns, At safepoint: 28792 ns, Total: 1139334 ns
[2022-09-04T02:09:22.443+0000][1][safepoint    ] Safepoint "Cleanup", Time since last: 1002789542 ns, Reaching safepoint: 1656666 ns, At safepoint: 46084 ns, Total: 1702750 ns
[2022-09-04T02:09:23.449+0000][1][safepoint    ] Safepoint "Cleanup", Time since last: 1003634042 ns, Reaching safepoint: 3083833 ns, At safepoint: 71500 ns, Total: 3155333 ns
[2022-09-04T02:09:24.457+0000][1][safepoint    ] Safepoint "Cleanup", Time since last: 1005409292 ns, Reaching safepoint: 1687584 ns, At safepoint: 43250 ns, Total: 1730834 ns
[2022-09-04T02:09:25.465+0000][1][safepoint    ] Safepoint "Cleanup", Time since last: 1005391959 ns, Reaching safepoint: 2965541 ns, At safepoint: 66792 ns, Total: 3032333 ns
[2022-09-04T02:09:26.470+0000][1][safepoint    ] Safepoint "Cleanup", Time since last: 1004136834 ns, Reaching safepoint: 771458 ns, At safepoint: 21917 ns, Total: 793375 ns
[2022-09-04T02:09:27.473+0000][1][safepoint    ] Safepoint "Cleanup", Time since last: 1002327375 ns, Reaching safepoint: 871875 ns, At safepoint: 24458 ns, Total: 896333 ns
[2022-09-04T02:09:28.476+0000][1][safepoint    ] Safepoint "Cleanup", Time since last: 1002094251 ns, Reaching safepoint: 889292 ns, At safepoint: 21250 ns, Total: 910542 ns
[2022-09-04T02:09:29.481+0000][1][safepoint    ] Safepoint "Cleanup", Time since last: 1003495625 ns, Reaching safepoint: 1295250 ns, At safepoint: 32292 ns, Total: 1327542 ns
[2022-09-04T02:09:30.484+0000][1][safepoint    ] Safepoint "Cleanup", Time since last: 1002005667 ns, Reaching safepoint: 963000 ns, At safepoint: 19542 ns, Total: 982542 ns
[2022-09-04T02:09:31.488+0000][1][safepoint    ] Safepoint "Cleanup", Time since last: 1003270250 ns, Reaching safepoint: 767000 ns, At safepoint: 20667 ns, Total: 787667 ns
[2022-09-04T02:09:32.492+0000][1][safepoint    ] Safepoint "Cleanup", Time since last: 1003128709 ns, Reaching safepoint: 1267333 ns, At safepoint: 27458 ns, Total: 1294791 ns
[2022-09-04T02:09:33.497+0000][1][safepoint    ] Safepoint "Cleanup", Time since last: 1003003834 ns, Reaching safepoint: 1445708 ns, At safepoint: 44459 ns, Total: 1490167 ns
[2022-09-04T02:09:34.500+0000][1][safepoint    ] Safepoint "Cleanup", Time since last: 1002063250 ns, Reaching safepoint: 1311833 ns, At safepoint: 52542 ns, Total: 1364375 ns
[2022-09-04T02:09:35.506+0000][1][safepoint    ] Safepoint "Cleanup", Time since last: 1002645792 ns, Reaching safepoint: 2947333 ns, At safepoint: 48583 ns, Total: 2995916 ns
[2022-09-04T02:09:36.511+0000][1][safepoint    ] Safepoint "Cleanup", Time since last: 1004543126 ns, Reaching safepoint: 735166 ns, At safepoint: 23625 ns, Total: 758791 ns
[2022-09-04T02:09:37.514+0000][1][safepoint    ] Safepoint "Cleanup", Time since last: 1001969251 ns, Reaching safepoint: 816375 ns, At safepoint: 20792 ns, Total: 837167 ns
[2022-09-04T02:09:38.517+0000][1][safepoint    ] Safepoint "Cleanup", Time since last: 1002639292 ns, Reaching safepoint: 1050958 ns, At safepoint: 25500 ns, Total: 1076458 ns
[2022-09-04T02:09:39.523+0000][1][safepoint    ] Safepoint "Cleanup", Time since last: 1001707376 ns, Reaching safepoint: 3721833 ns, At safepoint: 156042 ns, Total: 3877875 ns
[2022-09-04T02:09:40.534+0000][1][safepoint    ] Safepoint "Cleanup", Time since last: 1008186583 ns, Reaching safepoint: 2344667 ns, At safepoint: 151333 ns, Total: 2496000 ns
[2022-09-04T02:09:41.538+0000][1][safepoint    ] Safepoint "Cleanup", Time since last: 1003558668 ns, Reaching safepoint: 810166 ns, At safepoint: 21042 ns, Total: 831208 ns
[2022-09-04T02:09:42.541+0000][1][safepoint    ] Safepoint "Cleanup", Time since last: 1002554792 ns, Reaching safepoint: 925000 ns, At safepoint: 23375 ns, Total: 948375 ns
[2022-09-04T02:09:43.547+0000][1][safepoint    ] Safepoint "Cleanup", Time since last: 1003744792 ns, Reaching safepoint: 1788542 ns, At safepoint: 77666 ns, Total: 1866208 ns
[2022-09-04T02:09:44.553+0000][1][safepoint    ] Safepoint "Cleanup", Time since last: 1004790668 ns, Reaching safepoint: 1108916 ns, At safepoint: 24625 ns, Total: 1133541 ns
[2022-09-04T02:09:45.560+0000][1][safepoint    ] Safepoint "Cleanup", Time since last: 1003018834 ns, Reaching safepoint: 4072500 ns, At safepoint: 95667 ns, Total: 4168167 ns
[2022-09-04T02:09:46.569+0000][1][safepoint    ] Safepoint "Cleanup", Time since last: 1007979625 ns, Reaching safepoint: 836750 ns, At safepoint: 21417 ns, Total: 858167 ns
[2022-09-04T02:09:47.572+0000][1][safepoint    ] Safepoint "Cleanup", Time since last: 1001575584 ns, Reaching safepoint: 1007250 ns, At safepoint: 23458 ns, Total: 1030708 ns
[2022-09-04T02:09:47.726+0000][1][safepoint    ] Safepoint "RevokeBias", Time since last: 150557167 ns, Reaching safepoint: 1568208 ns, At safepoint: 2459625 ns, Total: 4027833 ns
[2022-09-04T02:09:47.731+0000][1][safepoint    ] Safepoint "RevokeBias", Time since last: 4108833 ns, Reaching safepoint: 532542 ns, At safepoint: 182917 ns, Total: 715459 ns
[2022-09-04T02:09:47.791+0000][1][safepoint    ] Safepoint "RevokeBias", Time since last: 52853333 ns, Reaching safepoint: 6092125 ns, At safepoint: 461459 ns, Total: 6553584 ns
[2022-09-04T02:09:48.526+0000][1][safepoint    ] Safepoint "RevokeBias", Time since last: 727945958 ns, Reaching safepoint: 7094500 ns, At safepoint: 144542 ns, Total: 7239042 ns
[2022-09-04T02:09:48.532+0000][1][safepoint    ] Safepoint "RevokeBias", Time since last: 5114583 ns, Reaching safepoint: 732584 ns, At safepoint: 119333 ns, Total: 851917 ns
[2022-09-04T02:09:48.551+0000][1][safepoint    ] Safepoint "RevokeBias", Time since last: 17904292 ns, Reaching safepoint: 794625 ns, At safepoint: 238208 ns, Total: 1032833 ns
[2022-09-04T02:09:48.555+0000][1][safepoint    ] Safepoint "RevokeBias", Time since last: 4016292 ns, Reaching safepoint: 665791 ns, At safepoint: 111750 ns, Total: 777541 ns
[2022-09-04T02:09:48.562+0000][1][safepoint    ] Safepoint "RevokeBias", Time since last: 6205709 ns, Reaching safepoint: 617250 ns, At safepoint: 201958 ns, Total: 819208 ns
[2022-09-04T02:09:48.571+0000][1][safepoint    ] Safepoint "RevokeBias", Time since last: 3878750 ns, Reaching safepoint: 4060000 ns, At safepoint: 341542 ns, Total: 4401542 ns
[2022-09-04T02:09:48.575+0000][1][safepoint    ] Safepoint "RevokeBias", Time since last: 3709250 ns, Reaching safepoint: 651291 ns, At safepoint: 178209 ns, Total: 829500 ns
[2022-09-04T02:09:48.580+0000][1][safepoint    ] Safepoint "RevokeBias", Time since last: 3884875 ns, Reaching safepoint: 526125 ns, At safepoint: 91541 ns, Total: 617666 ns
[2022-09-04T02:09:48.582+0000][1][safepoint    ] Safepoint "RevokeBias", Time since last: 2082084 ns, Reaching safepoint: 649916 ns, At safepoint: 100250 ns, Total: 750166 ns
[2022-09-04T02:09:48.586+0000][1][safepoint    ] Safepoint "RevokeBias", Time since last: 2953584 ns, Reaching safepoint: 652708 ns, At safepoint: 115042 ns, Total: 767750 ns
[2022-09-04T02:09:48.590+0000][1][safepoint    ] Safepoint "RevokeBias", Time since last: 3123958 ns, Reaching safepoint: 695375 ns, At safepoint: 178292 ns, Total: 873667 ns
[2022-09-04T02:09:48.594+0000][1][safepoint    ] Safepoint "RevokeBias", Time since last: 2850583 ns, Reaching safepoint: 607042 ns, At safepoint: 96750 ns, Total: 703792 ns
[2022-09-04T02:09:48.607+0000][1][safepoint    ] Safepoint "RevokeBias", Time since last: 10215416 ns, Reaching safepoint: 2917792 ns, At safepoint: 121250 ns, Total: 3039042 ns
[2022-09-04T02:09:48.888+0000][1][safepoint    ] Safepoint "RevokeBias", Time since last: 279753750 ns, Reaching safepoint: 1042458 ns, At safepoint: 92792 ns, Total: 1135250 ns
[2022-09-04T02:09:48.902+0000][1][safepoint    ] Safepoint "RevokeBias", Time since last: 13707500 ns, Reaching safepoint: 639833 ns, At safepoint: 152250 ns, Total: 792083 ns
[2022-09-04T02:09:48.906+0000][1][safepoint    ] Safepoint "RevokeBias", Time since last: 3358334 ns, Reaching safepoint: 488041 ns, At safepoint: 84042 ns, Total: 572083 ns
[2022-09-04T02:09:49.107+0000][1][safepoint    ] Safepoint "RevokeBias", Time since last: 199033292 ns, Reaching safepoint: 1265916 ns, At safepoint: 319417 ns, Total: 1585333 ns
[2022-09-04T02:09:49.318+0000][1][safepoint    ] Safepoint "RevokeBias", Time since last: 209810209 ns, Reaching safepoint: 1161416 ns, At safepoint: 87084 ns, Total: 1248500 ns
[2022-09-04T02:09:49.504+0000][1][safepoint    ] Safepoint "RevokeBias", Time since last: 185277041 ns, Reaching safepoint: 698084 ns, At safepoint: 90791 ns, Total: 788875 ns
[2022-09-04T02:09:49.617+0000][1][safepoint    ] Safepoint "RevokeBias", Time since last: 111445000 ns, Reaching safepoint: 995459 ns, At safepoint: 95500 ns, Total: 1090959 ns
[2022-09-04T02:09:49.731+0000][1][safepoint    ] Safepoint "RevokeBias", Time since last: 113325541 ns, Reaching safepoint: 794167 ns, At safepoint: 121833 ns, Total: 916000 ns
[2022-09-04T02:09:49.737+0000][1][safepoint    ] Safepoint "RevokeBias", Time since last: 5534250 ns, Reaching safepoint: 714167 ns, At safepoint: 104583 ns, Total: 818750 ns
[2022-09-04T02:09:49.747+0000][1][safepoint    ] Safepoint "RevokeBias", Time since last: 9123584 ns, Reaching safepoint: 511083 ns, At safepoint: 88125 ns, Total: 599208 ns
[2022-09-04T02:09:49.767+0000][1][safepoint    ] Safepoint "RevokeBias", Time since last: 19533333 ns, Reaching safepoint: 612959 ns, At safepoint: 89208 ns, Total: 702167 ns
[2022-09-04T02:09:49.770+0000][1][safepoint    ] Safepoint "RevokeBias", Time since last: 2373792 ns, Reaching safepoint: 467875 ns, At safepoint: 81708 ns, Total: 549583 ns
[2022-09-04T02:09:49.813+0000][1][safepoint    ] Safepoint "RevokeBias", Time since last: 42018042 ns, Reaching safepoint: 855041 ns, At safepoint: 120292 ns, Total: 975333 ns
[2022-09-04T02:09:49.824+0000][1][safepoint    ] Safepoint "RevokeBias", Time since last: 10008792 ns, Reaching safepoint: 889708 ns, At safepoint: 99375 ns, Total: 989083 ns
[2022-09-04T02:09:49.832+0000][1][safepoint    ] Safepoint "RevokeBias", Time since last: 6149125 ns, Reaching safepoint: 1029583 ns, At safepoint: 489250 ns, Total: 1518833 ns
[2022-09-04T02:09:49.835+0000][1][safepoint    ] Safepoint "RevokeBias", Time since last: 2140000 ns, Reaching safepoint: 653959 ns, At safepoint: 392291 ns, Total: 1046250 ns
[2022-09-04T02:09:49.846+0000][1][safepoint    ] Safepoint "RevokeBias", Time since last: 10490542 ns, Reaching safepoint: 653250 ns, At safepoint: 102542 ns, Total: 755792 ns
[2022-09-04T02:09:49.863+0000][1][safepoint    ] Safepoint "RevokeBias", Time since last: 15660292 ns, Reaching safepoint: 844500 ns, At safepoint: 134541 ns, Total: 979041 ns
[2022-09-04T02:09:49.865+0000][1][safepoint    ] Safepoint "RevokeBias", Time since last: 1757084 ns, Reaching safepoint: 423166 ns, At safepoint: 87167 ns, Total: 510333 ns
[2022-09-04T02:09:49.867+0000][1][safepoint    ] Safepoint "RevokeBias", Time since last: 1640000 ns, Reaching safepoint: 418750 ns, At safepoint: 97750 ns, Total: 516500 ns
[2022-09-04T02:09:49.875+0000][1][safepoint    ] Safepoint "RevokeBias", Time since last: 6781917 ns, Reaching safepoint: 480458 ns, At safepoint: 89875 ns, Total: 570333 ns
[2022-09-04T02:09:49.917+0000][1][safepoint    ] Safepoint "RevokeBias", Time since last: 41457917 ns, Reaching safepoint: 597541 ns, At safepoint: 108750 ns, Total: 706291 ns
[2022-09-04T02:09:49.923+0000][1][safepoint    ] Safepoint "RevokeBias", Time since last: 5306584 ns, Reaching safepoint: 424291 ns, At safepoint: 78000 ns, Total: 502291 ns
[2022-09-04T02:09:49.928+0000][1][safepoint    ] Safepoint "RevokeBias", Time since last: 4306792 ns, Reaching safepoint: 611500 ns, At safepoint: 73625 ns, Total: 685125 ns
[2022-09-04T02:09:49.932+0000][1][safepoint    ] Safepoint "RevokeBias", Time since last: 3360208 ns, Reaching safepoint: 729625 ns, At safepoint: 80125 ns, Total: 809750 ns
[2022-09-04T02:09:50.010+0000][1][gc,start     ] GC(20) Pause Young (Allocation Failure)
[2022-09-04T02:09:50.013+0000][1][gc,task      ] GC(20) Using 4 workers of 4 for evacuation
[2022-09-04T02:09:50.067+0000][1][gc,age       ] GC(20) Desired survivor size 8945664 bytes, new threshold 6 (max threshold 6)
[2022-09-04T02:09:50.068+0000][1][gc,age       ] GC(20) Age table with threshold 6 (max threshold 6)
[2022-09-04T02:09:50.070+0000][1][gc,age       ] GC(20) - age   1:     426280 bytes,     426280 total
[2022-09-04T02:09:50.071+0000][1][gc,age       ] GC(20) - age   2:     250632 bytes,     676912 total
[2022-09-04T02:09:50.072+0000][1][gc,age       ] GC(20) - age   3:     114840 bytes,     791752 total
[2022-09-04T02:09:50.073+0000][1][gc,age       ] GC(20) - age   4:     115232 bytes,     906984 total
[2022-09-04T02:09:50.074+0000][1][gc,age       ] GC(20) - age   5:    6923648 bytes,    7830632 total
[2022-09-04T02:09:50.077+0000][1][gc,heap      ] GC(20) ParNew: 146734K->9125K(157248K)
[2022-09-04T02:09:50.079+0000][1][gc,heap      ] GC(20) CMS: 61578K->61578K(349568K)
[2022-09-04T02:09:50.080+0000][1][gc,metaspace ] GC(20) Metaspace: 82676K->82676K(1124352K)
[2022-09-04T02:09:50.082+0000][1][gc           ] GC(20) Pause Young (Allocation Failure) 203M->69M(494M) 72.946ms
[2022-09-04T02:09:50.084+0000][1][gc,cpu       ] GC(20) User=0.13s Sys=0.03s Real=0.07s
[2022-09-04T02:09:50.085+0000][1][safepoint    ] Safepoint "GenCollectForAllocation", Time since last: 76183834 ns, Reaching safepoint: 846625 ns, At safepoint: 76204791 ns, Total: 77051416 ns
[2022-09-04T02:09:50.127+0000][1][safepoint    ] Safepoint "RevokeBias", Time since last: 40665542 ns, Reaching safepoint: 1076917 ns, At safepoint: 241916 ns, Total: 1318833 ns
[2022-09-04T02:09:50.137+0000][1][safepoint    ] Safepoint "RevokeBias", Time since last: 9025542 ns, Reaching safepoint: 831792 ns, At safepoint: 111250 ns, Total: 943042 ns
[2022-09-04T02:09:50.180+0000][1][safepoint    ] Safepoint "RevokeBias", Time since last: 41804416 ns, Reaching safepoint: 884417 ns, At safepoint: 110167 ns, Total: 994584 ns
[2022-09-04T02:09:50.182+0000][1][safepoint    ] Safepoint "RevokeBias", Time since last: 1833416 ns, Reaching safepoint: 543209 ns, At safepoint: 128500 ns, Total: 671709 ns
[2022-09-04T02:09:50.226+0000][1][safepoint    ] Safepoint "RevokeBias", Time since last: 42276291 ns, Reaching safepoint: 940917 ns, At safepoint: 107292 ns, Total: 1048209 ns
[2022-09-04T02:09:50.259+0000][1][safepoint    ] Safepoint "RevokeBias", Time since last: 32594291 ns, Reaching safepoint: 601917 ns, At safepoint: 134250 ns, Total: 736167 ns
[2022-09-04T02:09:50.275+0000][1][safepoint    ] Safepoint "BulkRevokeBias", Time since last: 12852458 ns, Reaching safepoint: 609709 ns, At safepoint: 2574916 ns, Total: 3184625 ns
[2022-09-04T02:09:50.304+0000][1][safepoint    ] Safepoint "RevokeBias", Time since last: 28689542 ns, Reaching safepoint: 718292 ns, At safepoint: 103000 ns, Total: 821292 ns
[2022-09-04T02:09:50.307+0000][1][safepoint    ] Safepoint "RevokeBias", Time since last: 2093958 ns, Reaching safepoint: 450625 ns, At safepoint: 84500 ns, Total: 535125 ns
[2022-09-04T02:09:50.449+0000][1][safepoint    ] Safepoint "BulkRevokeBias", Time since last: 139315958 ns, Reaching safepoint: 931417 ns, At safepoint: 1829875 ns, Total: 2761292 ns
[2022-09-04T02:09:50.618+0000][1][safepoint    ] Safepoint "BulkRevokeBias", Time since last: 165139917 ns, Reaching safepoint: 1134500 ns, At safepoint: 2506375 ns, Total: 3640875 ns
[2022-09-04T02:09:50.638+0000][1][safepoint    ] Safepoint "BulkRevokeBias", Time since last: 17706167 ns, Reaching safepoint: 646375 ns, At safepoint: 1831000 ns, Total: 2477375 ns
[2022-09-04T02:09:50.727+0000][1][safepoint    ] Safepoint "RevokeBias", Time since last: 88369500 ns, Reaching safepoint: 779500 ns, At safepoint: 162166 ns, Total: 941666 ns
[2022-09-04T02:09:50.770+0000][1][safepoint    ] Safepoint "RevokeBias", Time since last: 41711750 ns, Reaching safepoint: 722000 ns, At safepoint: 105834 ns, Total: 827834 ns
[2022-09-04T02:09:50.902+0000][1][safepoint    ] Safepoint "RevokeBias", Time since last: 131184916 ns, Reaching safepoint: 957792 ns, At safepoint: 109792 ns, Total: 1067584 ns
[2022-09-04T02:09:51.020+0000][1][safepoint    ] Safepoint "RevokeBias", Time since last: 116560250 ns, Reaching safepoint: 953250 ns, At safepoint: 167625 ns, Total: 1120875 ns
[2022-09-04T02:09:51.146+0000][1][safepoint    ] Safepoint "RevokeBias", Time since last: 125484958 ns, Reaching safepoint: 948792 ns, At safepoint: 102708 ns, Total: 1051500 ns
[2022-09-04T02:09:51.470+0000][1][safepoint    ] Safepoint "RevokeBias", Time since last: 322544750 ns, Reaching safepoint: 774250 ns, At safepoint: 126125 ns, Total: 900375 ns
[2022-09-04T02:09:51.473+0000][1][safepoint    ] Safepoint "RevokeBias", Time since last: 2822500 ns, Reaching safepoint: 596459 ns, At safepoint: 81041 ns, Total: 677500 ns
[2022-09-04T02:09:51.475+0000][1][safepoint    ] Safepoint "RevokeBias", Time since last: 1405792 ns, Reaching safepoint: 504750 ns, At safepoint: 69750 ns, Total: 574500 ns
[2022-09-04T02:09:51.545+0000][1][safepoint    ] Safepoint "RevokeBias", Time since last: 68998583 ns, Reaching safepoint: 736875 ns, At safepoint: 101167 ns, Total: 838042 ns
[2022-09-04T02:09:52.550+0000][1][safepoint    ] Safepoint "Cleanup", Time since last: 1002584167 ns, Reaching safepoint: 1855750 ns, At safepoint: 107125 ns, Total: 1962875 ns
[2022-09-04T02:09:53.555+0000][1][safepoint    ] Safepoint "Cleanup", Time since last: 1004338542 ns, Reaching safepoint: 789875 ns, At safepoint: 32834 ns, Total: 822709 ns
[2022-09-04T02:09:54.562+0000][1][safepoint    ] Safepoint "Cleanup", Time since last: 1005312833 ns, Reaching safepoint: 2014167 ns, At safepoint: 46958 ns, Total: 2061125 ns
[2022-09-04T02:09:55.571+0000][1][safepoint    ] Safepoint "Cleanup", Time since last: 1004258251 ns, Reaching safepoint: 3981542 ns, At safepoint: 75625 ns, Total: 4057167 ns
[2022-09-04T02:09:56.578+0000][1][safepoint    ] Safepoint "Cleanup", Time since last: 1006133292 ns, Reaching safepoint: 794541 ns, At safepoint: 19209 ns, Total: 813750 ns
[2022-09-04T02:09:57.583+0000][1][safepoint    ] Safepoint "Cleanup", Time since last: 1002395459 ns, Reaching safepoint: 3362541 ns, At safepoint: 101209 ns, Total: 3463750 ns
[2022-09-04T02:09:58.588+0000][1][safepoint    ] Safepoint "Cleanup", Time since last: 1003210542 ns, Reaching safepoint: 1314083 ns, At safepoint: 32375 ns, Total: 1346458 ns
[2022-09-04T02:09:59.594+0000][1][safepoint    ] Safepoint "Cleanup", Time since last: 1002373292 ns, Reaching safepoint: 3177458 ns, At safepoint: 80084 ns, Total: 3257542 ns
[2022-09-04T02:10:00.601+0000][1][safepoint    ] Safepoint "Cleanup", Time since last: 1005929750 ns, Reaching safepoint: 1328292 ns, At safepoint: 31042 ns, Total: 1359334 ns
[2022-09-04T02:10:01.604+0000][1][safepoint    ] Safepoint "Cleanup", Time since last: 1002730625 ns, Reaching safepoint: 877417 ns, At safepoint: 24750 ns, Total: 902167 ns
[2022-09-04T02:10:02.607+0000][1][safepoint    ] Safepoint "Cleanup", Time since last: 1001811625 ns, Reaching safepoint: 1115667 ns, At safepoint: 25833 ns, Total: 1141500 ns
[2022-09-04T02:10:03.614+0000][1][safepoint    ] Safepoint "Cleanup", Time since last: 1004505959 ns, Reaching safepoint: 1601792 ns, At safepoint: 39875 ns, Total: 1641667 ns
[2022-09-04T02:10:04.619+0000][1][safepoint    ] Safepoint "Cleanup", Time since last: 1004134959 ns, Reaching safepoint: 1141083 ns, At safepoint: 27208 ns, Total: 1168291 ns
[2022-09-04T02:10:05.624+0000][1][safepoint    ] Safepoint "Cleanup", Time since last: 1003035125 ns, Reaching safepoint: 1650500 ns, At safepoint: 40583 ns, Total: 1691083 ns
[2022-09-04T02:10:06.629+0000][1][safepoint    ] Safepoint "Cleanup", Time since last: 1005086251 ns, Reaching safepoint: 824625 ns, At safepoint: 32000 ns, Total: 856625 ns
[2022-09-04T02:10:07.633+0000][1][safepoint    ] Safepoint "Cleanup", Time since last: 1001772959 ns, Reaching safepoint: 1408791 ns, At safepoint: 76584 ns, Total: 1485375 ns
[2022-09-04T02:10:08.637+0000][1][safepoint    ] Safepoint "Cleanup", Time since last: 1002473167 ns, Reaching safepoint: 1994958 ns, At safepoint: 40667 ns, Total: 2035625 ns
[2022-09-04T02:10:08.754+0000][1][safepoint    ] Safepoint "RevokeBias", Time since last: 114644958 ns, Reaching safepoint: 2356000 ns, At safepoint: 172459 ns, Total: 2528459 ns
[2022-09-04T02:10:09.762+0000][1][safepoint    ] Safepoint "Cleanup", Time since last: 1004234458 ns, Reaching safepoint: 3350709 ns, At safepoint: 82875 ns, Total: 3433584 ns
[2022-09-04T02:10:10.773+0000][1][safepoint    ] Safepoint "Cleanup", Time since last: 1009042250 ns, Reaching safepoint: 1400500 ns, At safepoint: 31250 ns, Total: 1431750 ns
[2022-09-04T02:10:11.783+0000][1][safepoint    ] Safepoint "Cleanup", Time since last: 1008237876 ns, Reaching safepoint: 2347000 ns, At safepoint: 88791 ns, Total: 2435791 ns
[2022-09-04T02:10:12.791+0000][1][safepoint    ] Safepoint "Cleanup", Time since last: 1006665126 ns, Reaching safepoint: 1290625 ns, At safepoint: 33083 ns, Total: 1323708 ns
[2022-09-04T02:10:13.799+0000][1][safepoint    ] Safepoint "Cleanup", Time since last: 1004271709 ns, Reaching safepoint: 3081625 ns, At safepoint: 87250 ns, Total: 3168875 ns
[2022-09-04T02:10:14.805+0000][1][safepoint    ] Safepoint "Cleanup", Time since last: 1005528542 ns, Reaching safepoint: 850125 ns, At safepoint: 25625 ns, Total: 875750 ns
[2022-09-04T02:10:15.808+0000][1][safepoint    ] Safepoint "Cleanup", Time since last: 1001445626 ns, Reaching safepoint: 1050041 ns, At safepoint: 27750 ns, Total: 1077791 ns
[2022-09-04T02:10:16.811+0000][1][safepoint    ] Safepoint "Cleanup", Time since last: 1002160917 ns, Reaching safepoint: 1473417 ns, At safepoint: 40292 ns, Total: 1513709 ns
[2022-09-04T02:10:17.816+0000][1][safepoint    ] Safepoint "Cleanup", Time since last: 1003366375 ns, Reaching safepoint: 1271709 ns, At safepoint: 39208 ns, Total: 1310917 ns
[2022-09-04T02:10:18.819+0000][1][safepoint    ] Safepoint "Cleanup", Time since last: 1001702500 ns, Reaching safepoint: 939542 ns, At safepoint: 24375 ns, Total: 963917 ns
[2022-09-04T02:10:19.125+0000][1][safepoint    ] Safepoint "RevokeBias", Time since last: 305193333 ns, Reaching safepoint: 974334 ns, At safepoint: 111000 ns, Total: 1085334 ns
[2022-09-04T02:10:19.128+0000][1][safepoint    ] Safepoint "RevokeBias", Time since last: 2488500 ns, Reaching safepoint: 739208 ns, At safepoint: 84125 ns, Total: 823333 ns
[2022-09-04T02:10:20.133+0000][1][safepoint    ] Safepoint "Cleanup", Time since last: 1003126001 ns, Reaching safepoint: 1317375 ns, At safepoint: 34250 ns, Total: 1351625 ns
[2022-09-04T02:10:20.470+0000][1][safepoint    ] Safepoint "RevokeBias", Time since last: 336433083 ns, Reaching safepoint: 813625 ns, At safepoint: 154958 ns, Total: 968583 ns
[2022-09-04T02:10:20.473+0000][1][safepoint    ] Safepoint "RevokeBias", Time since last: 2216209 ns, Reaching safepoint: 811125 ns, At safepoint: 217375 ns, Total: 1028500 ns
[2022-09-04T02:10:20.475+0000][1][safepoint    ] Safepoint "RevokeBias", Time since last: 1289875 ns, Reaching safepoint: 617458 ns, At safepoint: 104792 ns, Total: 722250 ns
[2022-09-04T02:10:21.477+0000][1][safepoint    ] Safepoint "Cleanup", Time since last: 1001049709 ns, Reaching safepoint: 844958 ns, At safepoint: 20833 ns, Total: 865791 ns
[2022-09-04T02:10:22.483+0000][1][safepoint    ] Safepoint "Cleanup", Time since last: 1004393542 ns, Reaching safepoint: 1312084 ns, At safepoint: 30958 ns, Total: 1343042 ns
[2022-09-04T02:10:23.486+0000][1][safepoint    ] Safepoint "Cleanup", Time since last: 1002062251 ns, Reaching safepoint: 1177708 ns, At safepoint: 27458 ns, Total: 1205166 ns
[2022-09-04T02:10:24.490+0000][1][safepoint    ] Safepoint "Cleanup", Time since last: 1001886584 ns, Reaching safepoint: 1349917 ns, At safepoint: 32208 ns, Total: 1382125 ns
[2022-09-04T02:10:25.494+0000][1][safepoint    ] Safepoint "Cleanup", Time since last: 1002570001 ns, Reaching safepoint: 2040666 ns, At safepoint: 47375 ns, Total: 2088041 ns
[2022-09-04T02:10:26.498+0000][1][safepoint    ] Safepoint "Cleanup", Time since last: 1002901417 ns, Reaching safepoint: 858584 ns, At safepoint: 22375 ns, Total: 880959 ns
[2022-09-04T02:10:27.503+0000][1][safepoint    ] Safepoint "Cleanup", Time since last: 1003627417 ns, Reaching safepoint: 887833 ns, At safepoint: 22000 ns, Total: 909833 ns
[2022-09-04T02:10:28.505+0000][1][safepoint    ] Safepoint "Cleanup", Time since last: 1001514751 ns, Reaching safepoint: 822791 ns, At safepoint: 22417 ns, Total: 845208 ns
[2022-09-04T02:10:29.509+0000][1][safepoint    ] Safepoint "Cleanup", Time since last: 1001499250 ns, Reaching safepoint: 2706542 ns, At safepoint: 61792 ns, Total: 2768334 ns
[2022-09-04T02:10:30.515+0000][1][safepoint    ] Safepoint "Cleanup", Time since last: 1003979500 ns, Reaching safepoint: 1972417 ns, At safepoint: 50500 ns, Total: 2022917 ns
[2022-09-04T02:10:31.525+0000][1][safepoint    ] Safepoint "Cleanup", Time since last: 1008508875 ns, Reaching safepoint: 868625 ns, At safepoint: 22542 ns, Total: 891167 ns
[2022-09-04T02:10:32.527+0000][1][safepoint    ] Safepoint "Cleanup", Time since last: 1001450209 ns, Reaching safepoint: 892417 ns, At safepoint: 24208 ns, Total: 916625 ns
[2022-09-04T02:10:33.530+0000][1][safepoint    ] Safepoint "Cleanup", Time since last: 1002346375 ns, Reaching safepoint: 882709 ns, At safepoint: 35708 ns, Total: 918417 ns
[2022-09-04T02:10:34.534+0000][1][safepoint    ] Safepoint "Cleanup", Time since last: 1002005709 ns, Reaching safepoint: 1323458 ns, At safepoint: 33000 ns, Total: 1356458 ns
[2022-09-04T02:10:35.539+0000][1][safepoint    ] Safepoint "Cleanup", Time since last: 1002833791 ns, Reaching safepoint: 2698542 ns, At safepoint: 68125 ns, Total: 2766667 ns
[2022-09-04T02:10:36.544+0000][1][safepoint    ] Safepoint "Cleanup", Time since last: 1003907959 ns, Reaching safepoint: 995791 ns, At safepoint: 25000 ns, Total: 1020791 ns
[2022-09-04T02:10:37.548+0000][1][safepoint    ] Safepoint "Cleanup", Time since last: 1002941126 ns, Reaching safepoint: 1206875 ns, At safepoint: 28375 ns, Total: 1235250 ns
[2022-09-04T02:10:38.552+0000][1][safepoint    ] Safepoint "Cleanup", Time since last: 1003789209 ns, Reaching safepoint: 937125 ns, At safepoint: 23541 ns, Total: 960666 ns
[2022-09-04T02:10:39.790+0000][1][safepoint    ] Safepoint "Cleanup", Time since last: 1236184959 ns, Reaching safepoint: 1254167 ns, At safepoint: 35000 ns, Total: 1289167 ns
[2022-09-04T02:10:40.797+0000][1][safepoint    ] Safepoint "Cleanup", Time since last: 1003685751 ns, Reaching safepoint: 3258125 ns, At safepoint: 99875 ns, Total: 3358000 ns
[2022-09-04T02:10:41.804+0000][1][safepoint    ] Safepoint "Cleanup", Time since last: 1006135792 ns, Reaching safepoint: 875625 ns, At safepoint: 21583 ns, Total: 897208 ns
[2022-09-04T02:10:42.809+0000][1][safepoint    ] Safepoint "Cleanup", Time since last: 1003917709 ns, Reaching safepoint: 1066000 ns, At safepoint: 21875 ns, Total: 1087875 ns
[2022-09-04T02:10:43.815+0000][1][safepoint    ] Safepoint "Cleanup", Time since last: 1004218792 ns, Reaching safepoint: 1405125 ns, At safepoint: 36083 ns, Total: 1441208 ns
[2022-09-04T02:10:44.819+0000][1][safepoint    ] Safepoint "Cleanup", Time since last: 1003674251 ns, Reaching safepoint: 788625 ns, At safepoint: 63875 ns, Total: 852500 ns
[2022-09-04T02:10:45.291+0000][1][safepoint    ] Safepoint "RevokeBias", Time since last: 470377542 ns, Reaching safepoint: 1349416 ns, At safepoint: 143042 ns, Total: 1492458 ns
[2022-09-04T02:10:45.304+0000][1][safepoint    ] Safepoint "RevokeBias", Time since last: 12519333 ns, Reaching safepoint: 785250 ns, At safepoint: 121375 ns, Total: 906625 ns
[2022-09-04T02:10:45.344+0000][1][safepoint    ] Safepoint "RevokeBias", Time since last: 36764292 ns, Reaching safepoint: 2287417 ns, At safepoint: 424166 ns, Total: 2711583 ns
[2022-09-04T02:10:45.791+0000][1][safepoint    ] Safepoint "RevokeBias", Time since last: 445260584 ns, Reaching safepoint: 1327542 ns, At safepoint: 114375 ns, Total: 1441917 ns
[2022-09-04T02:10:45.798+0000][1][safepoint    ] Safepoint "RevokeBias", Time since last: 6629125 ns, Reaching safepoint: 641166 ns, At safepoint: 121084 ns, Total: 762250 ns
[2022-09-04T02:10:45.807+0000][1][safepoint    ] Safepoint "RevokeBias", Time since last: 7973916 ns, Reaching safepoint: 844917 ns, At safepoint: 152042 ns, Total: 996959 ns
[2022-09-04T02:10:45.812+0000][1][safepoint    ] Safepoint "RevokeBias", Time since last: 3610041 ns, Reaching safepoint: 867750 ns, At safepoint: 132000 ns, Total: 999750 ns
[2022-09-04T02:10:45.817+0000][1][safepoint    ] Safepoint "RevokeBias", Time since last: 4183459 ns, Reaching safepoint: 1058208 ns, At safepoint: 121750 ns, Total: 1179958 ns
[2022-09-04T02:10:45.823+0000][1][safepoint    ] Safepoint "RevokeBias", Time since last: 5325375 ns, Reaching safepoint: 775708 ns, At safepoint: 217959 ns, Total: 993667 ns
[2022-09-04T02:10:45.866+0000][1][safepoint    ] Safepoint "RevokeBias", Time since last: 41027250 ns, Reaching safepoint: 1078916 ns, At safepoint: 176334 ns, Total: 1255250 ns
[2022-09-04T02:10:45.871+0000][1][safepoint    ] Safepoint "RevokeBias", Time since last: 4007458 ns, Reaching safepoint: 775625 ns, At safepoint: 162417 ns, Total: 938042 ns
[2022-09-04T02:10:45.882+0000][1][safepoint    ] Safepoint "RevokeBias", Time since last: 10536416 ns, Reaching safepoint: 826542 ns, At safepoint: 174750 ns, Total: 1001292 ns
[2022-09-04T02:10:45.886+0000][1][safepoint    ] Safepoint "RevokeBias", Time since last: 3606167 ns, Reaching safepoint: 645375 ns, At safepoint: 120416 ns, Total: 765791 ns
[2022-09-04T02:10:45.890+0000][1][safepoint    ] Safepoint "RevokeBias", Time since last: 2544334 ns, Reaching safepoint: 1047291 ns, At safepoint: 318292 ns, Total: 1365583 ns
[2022-09-04T02:10:45.895+0000][1][safepoint    ] Safepoint "RevokeBias", Time since last: 3738625 ns, Reaching safepoint: 930542 ns, At safepoint: 249666 ns, Total: 1180208 ns
[2022-09-04T02:10:45.903+0000][1][safepoint    ] Safepoint "RevokeBias", Time since last: 4827125 ns, Reaching safepoint: 3136000 ns, At safepoint: 142750 ns, Total: 3278750 ns
[2022-09-04T02:10:46.097+0000][1][safepoint    ] Safepoint "RevokeBias", Time since last: 193014917 ns, Reaching safepoint: 888417 ns, At safepoint: 103083 ns, Total: 991500 ns
[2022-09-04T02:10:46.106+0000][1][safepoint    ] Safepoint "RevokeBias", Time since last: 7605417 ns, Reaching safepoint: 742625 ns, At safepoint: 119291 ns, Total: 861916 ns
[2022-09-04T02:10:46.110+0000][1][safepoint    ] Safepoint "RevokeBias", Time since last: 3371000 ns, Reaching safepoint: 589000 ns, At safepoint: 99250 ns, Total: 688250 ns
[2022-09-04T02:10:46.277+0000][1][safepoint    ] Safepoint "RevokeBias", Time since last: 166325667 ns, Reaching safepoint: 1001125 ns, At safepoint: 141083 ns, Total: 1142208 ns
[2022-09-04T02:10:46.515+0000][1][safepoint    ] Safepoint "RevokeBias", Time since last: 235068751 ns, Reaching safepoint: 1974083 ns, At safepoint: 94333 ns, Total: 2068416 ns
[2022-09-04T02:10:46.706+0000][1][safepoint    ] Safepoint "RevokeBias", Time since last: 190185125 ns, Reaching safepoint: 790667 ns, At safepoint: 111667 ns, Total: 902334 ns
[2022-09-04T02:10:46.743+0000][1][safepoint    ] Safepoint "RevokeBias", Time since last: 36068833 ns, Reaching safepoint: 1457375 ns, At safepoint: 146542 ns, Total: 1603917 ns
[2022-09-04T02:10:46.817+0000][1][safepoint    ] Safepoint "RevokeBias", Time since last: 71979541 ns, Reaching safepoint: 1558167 ns, At safepoint: 145000 ns, Total: 1703167 ns
[2022-09-04T02:10:46.919+0000][1][safepoint    ] Safepoint "RevokeBias", Time since last: 100893125 ns, Reaching safepoint: 1011667 ns, At safepoint: 104416 ns, Total: 1116083 ns
[2022-09-04T02:10:46.930+0000][1][safepoint    ] Safepoint "RevokeBias", Time since last: 10439959 ns, Reaching safepoint: 503875 ns, At safepoint: 101500 ns, Total: 605375 ns
[2022-09-04T02:10:46.952+0000][1][safepoint    ] Safepoint "RevokeBias", Time since last: 20964000 ns, Reaching safepoint: 623583 ns, At safepoint: 105125 ns, Total: 728708 ns
[2022-09-04T02:10:46.955+0000][1][safepoint    ] Safepoint "RevokeBias", Time since last: 2709917 ns, Reaching safepoint: 625041 ns, At safepoint: 191459 ns, Total: 816500 ns
[2022-09-04T02:10:46.993+0000][1][safepoint    ] Safepoint "RevokeBias", Time since last: 36835333 ns, Reaching safepoint: 788625 ns, At safepoint: 106042 ns, Total: 894667 ns
[2022-09-04T02:10:47.002+0000][1][safepoint    ] Safepoint "RevokeBias", Time since last: 7596458 ns, Reaching safepoint: 832708 ns, At safepoint: 111792 ns, Total: 944500 ns
[2022-09-04T02:10:47.007+0000][1][safepoint    ] Safepoint "RevokeBias", Time since last: 4203500 ns, Reaching safepoint: 828583 ns, At safepoint: 447625 ns, Total: 1276208 ns
[2022-09-04T02:10:47.010+0000][1][safepoint    ] Safepoint "RevokeBias", Time since last: 1494125 ns, Reaching safepoint: 613042 ns, At safepoint: 453708 ns, Total: 1066750 ns
[2022-09-04T02:10:47.019+0000][1][safepoint    ] Safepoint "RevokeBias", Time since last: 7913292 ns, Reaching safepoint: 853625 ns, At safepoint: 331083 ns, Total: 1184708 ns
[2022-09-04T02:10:47.030+0000][1][safepoint    ] Safepoint "RevokeBias", Time since last: 10774750 ns, Reaching safepoint: 909042 ns, At safepoint: 110792 ns, Total: 1019834 ns
[2022-09-04T02:10:47.036+0000][1][safepoint    ] Safepoint "RevokeBias", Time since last: 4575500 ns, Reaching safepoint: 616083 ns, At safepoint: 122667 ns, Total: 738750 ns
[2022-09-04T02:10:47.038+0000][1][safepoint    ] Safepoint "RevokeBias", Time since last: 1815375 ns, Reaching safepoint: 392041 ns, At safepoint: 74792 ns, Total: 466833 ns
[2022-09-04T02:10:47.046+0000][1][safepoint    ] Safepoint "RevokeBias", Time since last: 6874500 ns, Reaching safepoint: 508500 ns, At safepoint: 86625 ns, Total: 595125 ns
[2022-09-04T02:10:47.088+0000][1][safepoint    ] Safepoint "RevokeBias", Time since last: 41614459 ns, Reaching safepoint: 1126291 ns, At safepoint: 101000 ns, Total: 1227291 ns
[2022-09-04T02:10:47.092+0000][1][safepoint    ] Safepoint "RevokeBias", Time since last: 3544875 ns, Reaching safepoint: 462917 ns, At safepoint: 79500 ns, Total: 542417 ns
[2022-09-04T02:10:47.098+0000][1][safepoint    ] Safepoint "RevokeBias", Time since last: 4430958 ns, Reaching safepoint: 762667 ns, At safepoint: 114583 ns, Total: 877250 ns
[2022-09-04T02:10:47.102+0000][1][safepoint    ] Safepoint "RevokeBias", Time since last: 3356917 ns, Reaching safepoint: 584167 ns, At safepoint: 82000 ns, Total: 666167 ns
[2022-09-04T02:10:47.255+0000][1][safepoint    ] Safepoint "RevokeBias", Time since last: 152676291 ns, Reaching safepoint: 925584 ns, At safepoint: 111750 ns, Total: 1037334 ns
[2022-09-04T02:10:47.258+0000][1][safepoint    ] Safepoint "RevokeBias", Time since last: 2151750 ns, Reaching safepoint: 378625 ns, At safepoint: 72416 ns, Total: 451041 ns
[2022-09-04T02:10:47.300+0000][1][safepoint    ] Safepoint "RevokeBias", Time since last: 40553459 ns, Reaching safepoint: 1645791 ns, At safepoint: 107375 ns, Total: 1753166 ns
[2022-09-04T02:10:47.309+0000][1][safepoint    ] Safepoint "RevokeBias", Time since last: 7964084 ns, Reaching safepoint: 755791 ns, At safepoint: 200750 ns, Total: 956541 ns
[2022-09-04T02:10:47.332+0000][1][safepoint    ] Safepoint "RevokeBias", Time since last: 21521334 ns, Reaching safepoint: 823250 ns, At safepoint: 108875 ns, Total: 932125 ns
[2022-09-04T02:10:47.345+0000][1][safepoint    ] Safepoint "RevokeBias", Time since last: 12221125 ns, Reaching safepoint: 634833 ns, At safepoint: 107208 ns, Total: 742041 ns
[2022-09-04T02:10:47.362+0000][1][safepoint    ] Safepoint "RevokeBias", Time since last: 15711625 ns, Reaching safepoint: 866750 ns, At safepoint: 245167 ns, Total: 1111917 ns
[2022-09-04T02:10:47.371+0000][1][safepoint    ] Safepoint "RevokeBias", Time since last: 8535708 ns, Reaching safepoint: 649959 ns, At safepoint: 101291 ns, Total: 751250 ns
[2022-09-04T02:10:47.521+0000][1][safepoint    ] Safepoint "RevokeBias", Time since last: 148539417 ns, Reaching safepoint: 1073583 ns, At safepoint: 108709 ns, Total: 1182292 ns
[2022-09-04T02:10:47.525+0000][1][safepoint    ] Safepoint "RevokeBias", Time since last: 3478250 ns, Reaching safepoint: 637041 ns, At safepoint: 92250 ns, Total: 729291 ns
[2022-09-04T02:10:47.527+0000][1][safepoint    ] Safepoint "RevokeBias", Time since last: 2007667 ns, Reaching safepoint: 614208 ns, At safepoint: 89792 ns, Total: 704000 ns
[2022-09-04T02:10:47.530+0000][1][safepoint    ] Safepoint "RevokeBias", Time since last: 1285000 ns, Reaching safepoint: 650125 ns, At safepoint: 86750 ns, Total: 736875 ns
[2022-09-04T02:10:47.534+0000][1][safepoint    ] Safepoint "RevokeBias", Time since last: 2531083 ns, Reaching safepoint: 2306334 ns, At safepoint: 120666 ns, Total: 2427000 ns
[2022-09-04T02:10:47.538+0000][1][safepoint    ] Safepoint "RevokeBias", Time since last: 2385042 ns, Reaching safepoint: 579208 ns, At safepoint: 106000 ns, Total: 685208 ns
[2022-09-04T02:10:47.540+0000][1][safepoint    ] Safepoint "RevokeBias", Time since last: 1966667 ns, Reaching safepoint: 523083 ns, At safepoint: 115000 ns, Total: 638083 ns
[2022-09-04T02:10:47.542+0000][1][safepoint    ] Safepoint "RevokeBias", Time since last: 1514000 ns, Reaching safepoint: 450000 ns, At safepoint: 266709 ns, Total: 716709 ns
[2022-09-04T02:10:47.546+0000][1][safepoint    ] Safepoint "RevokeBias", Time since last: 3309083 ns, Reaching safepoint: 535875 ns, At safepoint: 198083 ns, Total: 733958 ns
[2022-09-04T02:10:47.554+0000][1][safepoint    ] Safepoint "RevokeBias", Time since last: 6235709 ns, Reaching safepoint: 709041 ns, At safepoint: 150834 ns, Total: 859875 ns
[2022-09-04T02:10:47.556+0000][1][safepoint    ] Safepoint "RevokeBias", Time since last: 1991833 ns, Reaching safepoint: 589375 ns, At safepoint: 167875 ns, Total: 757250 ns
[2022-09-04T02:10:47.560+0000][1][safepoint    ] Safepoint "RevokeBias", Time since last: 2712500 ns, Reaching safepoint: 606792 ns, At safepoint: 104125 ns, Total: 710917 ns
[2022-09-04T02:10:47.563+0000][1][safepoint    ] Safepoint "RevokeBias", Time since last: 2092500 ns, Reaching safepoint: 737375 ns, At safepoint: 114833 ns, Total: 852208 ns
[2022-09-04T02:10:47.565+0000][1][safepoint    ] Safepoint "RevokeBias", Time since last: 1455500 ns, Reaching safepoint: 588458 ns, At safepoint: 147417 ns, Total: 735875 ns
[2022-09-04T02:10:47.568+0000][1][safepoint    ] Safepoint "RevokeBias", Time since last: 2124417 ns, Reaching safepoint: 576541 ns, At safepoint: 119542 ns, Total: 696083 ns
[2022-09-04T02:10:47.687+0000][1][safepoint    ] Safepoint "RevokeBias", Time since last: 118683958 ns, Reaching safepoint: 1026875 ns, At safepoint: 111417 ns, Total: 1138292 ns
[2022-09-04T02:10:47.695+0000][1][safepoint    ] Safepoint "RevokeBias", Time since last: 7002375 ns, Reaching safepoint: 818583 ns, At safepoint: 86042 ns, Total: 904625 ns
[2022-09-04T02:10:47.699+0000][1][safepoint    ] Safepoint "RevokeBias", Time since last: 2644958 ns, Reaching safepoint: 577625 ns, At safepoint: 100417 ns, Total: 678042 ns
[2022-09-04T02:10:47.835+0000][1][safepoint    ] Safepoint "RevokeBias", Time since last: 135420000 ns, Reaching safepoint: 1161792 ns, At safepoint: 140708 ns, Total: 1302500 ns
[2022-09-04T02:10:48.085+0000][1][safepoint    ] Safepoint "RevokeBias", Time since last: 248442417 ns, Reaching safepoint: 1495667 ns, At safepoint: 106541 ns, Total: 1602208 ns
[2022-09-04T02:10:48.265+0000][1][safepoint    ] Safepoint "RevokeBias", Time since last: 178482959 ns, Reaching safepoint: 771708 ns, At safepoint: 204000 ns, Total: 975708 ns
[2022-09-04T02:10:48.390+0000][1][safepoint    ] Safepoint "RevokeBias", Time since last: 124041875 ns, Reaching safepoint: 1242750 ns, At safepoint: 110375 ns, Total: 1353125 ns
[2022-09-04T02:10:48.418+0000][1][safepoint    ] Safepoint "RevokeBias", Time since last: 27086417 ns, Reaching safepoint: 674833 ns, At safepoint: 111417 ns, Total: 786250 ns
[2022-09-04T02:10:48.421+0000][1][safepoint    ] Safepoint "RevokeBias", Time since last: 2406000 ns, Reaching safepoint: 551625 ns, At safepoint: 163291 ns, Total: 714916 ns
[2022-09-04T02:10:48.428+0000][1][safepoint    ] Safepoint "RevokeBias", Time since last: 6150042 ns, Reaching safepoint: 564500 ns, At safepoint: 107542 ns, Total: 672042 ns
[2022-09-04T02:10:48.443+0000][1][safepoint    ] Safepoint "RevokeBias", Time since last: 13742666 ns, Reaching safepoint: 673250 ns, At safepoint: 102500 ns, Total: 775750 ns
[2022-09-04T02:10:48.445+0000][1][safepoint    ] Safepoint "RevokeBias", Time since last: 2120584 ns, Reaching safepoint: 408041 ns, At safepoint: 80709 ns, Total: 488750 ns
[2022-09-04T02:10:48.463+0000][1][safepoint    ] Safepoint "RevokeBias", Time since last: 16823000 ns, Reaching safepoint: 1048000 ns, At safepoint: 207167 ns, Total: 1255167 ns
[2022-09-04T02:10:48.474+0000][1][safepoint    ] Safepoint "RevokeBias", Time since last: 9556666 ns, Reaching safepoint: 738042 ns, At safepoint: 114375 ns, Total: 852417 ns
[2022-09-04T02:10:48.481+0000][1][safepoint    ] Safepoint "RevokeBias", Time since last: 5712375 ns, Reaching safepoint: 879417 ns, At safepoint: 403250 ns, Total: 1282667 ns
[2022-09-04T02:10:48.485+0000][1][safepoint    ] Safepoint "RevokeBias", Time since last: 3541291 ns, Reaching safepoint: 1006250 ns, At safepoint: 178667 ns, Total: 1184917 ns
[2022-09-04T02:10:48.491+0000][1][safepoint    ] Safepoint "RevokeBias", Time since last: 3929750 ns, Reaching safepoint: 1585083 ns, At safepoint: 335667 ns, Total: 1920750 ns
[2022-09-04T02:10:48.502+0000][1][safepoint    ] Safepoint "RevokeBias", Time since last: 9610125 ns, Reaching safepoint: 1039292 ns, At safepoint: 112708 ns, Total: 1152000 ns
[2022-09-04T02:10:48.505+0000][1][safepoint    ] Safepoint "RevokeBias", Time since last: 2164958 ns, Reaching safepoint: 457125 ns, At safepoint: 97125 ns, Total: 554250 ns
[2022-09-04T02:10:48.507+0000][1][safepoint    ] Safepoint "RevokeBias", Time since last: 1572459 ns, Reaching safepoint: 472958 ns, At safepoint: 88208 ns, Total: 561166 ns
[2022-09-04T02:10:48.516+0000][1][safepoint    ] Safepoint "RevokeBias", Time since last: 8659000 ns, Reaching safepoint: 678750 ns, At safepoint: 103875 ns, Total: 782625 ns
[2022-09-04T02:10:48.567+0000][1][safepoint    ] Safepoint "RevokeBias", Time since last: 49586084 ns, Reaching safepoint: 1222875 ns, At safepoint: 117666 ns, Total: 1340541 ns
[2022-09-04T02:10:48.580+0000][1][safepoint    ] Safepoint "RevokeBias", Time since last: 12186917 ns, Reaching safepoint: 629458 ns, At safepoint: 213250 ns, Total: 842708 ns
[2022-09-04T02:10:48.590+0000][1][safepoint    ] Safepoint "BulkRevokeBias", Time since last: 6787542 ns, Reaching safepoint: 959458 ns, At safepoint: 2312375 ns, Total: 3271833 ns
[2022-09-04T02:10:48.752+0000][1][safepoint    ] Safepoint "RevokeBias", Time since last: 159526792 ns, Reaching safepoint: 1709125 ns, At safepoint: 111958 ns, Total: 1821083 ns
[2022-09-04T02:10:48.754+0000][1][safepoint    ] Safepoint "RevokeBias", Time since last: 1455250 ns, Reaching safepoint: 447750 ns, At safepoint: 84459 ns, Total: 532209 ns
[2022-09-04T02:10:48.799+0000][1][safepoint    ] Safepoint "RevokeBias", Time since last: 44004375 ns, Reaching safepoint: 798083 ns, At safepoint: 101625 ns, Total: 899708 ns
[2022-09-04T02:10:48.821+0000][1][safepoint    ] Safepoint "RevokeBias", Time since last: 21693958 ns, Reaching safepoint: 576292 ns, At safepoint: 116958 ns, Total: 693250 ns
[2022-09-04T02:10:48.824+0000][1][safepoint    ] Safepoint "RevokeBias", Time since last: 2696542 ns, Reaching safepoint: 475792 ns, At safepoint: 106875 ns, Total: 582667 ns
[2022-09-04T02:10:48.832+0000][1][safepoint    ] Safepoint "RevokeBias", Time since last: 6574083 ns, Reaching safepoint: 807083 ns, At safepoint: 127125 ns, Total: 934208 ns
[2022-09-04T02:10:48.851+0000][1][safepoint    ] Safepoint "RevokeBias", Time since last: 18690959 ns, Reaching safepoint: 785541 ns, At safepoint: 97834 ns, Total: 883375 ns
[2022-09-04T02:10:48.854+0000][1][safepoint    ] Safepoint "RevokeBias", Time since last: 2181916 ns, Reaching safepoint: 802375 ns, At safepoint: 101542 ns, Total: 903917 ns
[2022-09-04T02:10:49.343+0000][1][safepoint    ] Safepoint "RevokeBias", Time since last: 487458792 ns, Reaching safepoint: 950000 ns, At safepoint: 96875 ns, Total: 1046875 ns
[2022-09-04T02:10:50.349+0000][1][safepoint    ] Safepoint "Cleanup", Time since last: 1002672292 ns, Reaching safepoint: 2967292 ns, At safepoint: 127041 ns, Total: 3094333 ns
[2022-09-04T02:10:51.364+0000][1][safepoint    ] Safepoint "Cleanup", Time since last: 1014014793 ns, Reaching safepoint: 766291 ns, At safepoint: 35000 ns, Total: 801291 ns
[2022-09-04T02:10:52.368+0000][1][safepoint    ] Safepoint "Cleanup", Time since last: 1001700834 ns, Reaching safepoint: 2225167 ns, At safepoint: 64416 ns, Total: 2289583 ns
[2022-09-04T02:10:53.372+0000][1][safepoint    ] Safepoint "Cleanup", Time since last: 1003386168 ns, Reaching safepoint: 1246375 ns, At safepoint: 28666 ns, Total: 1275041 ns
[2022-09-04T02:10:54.376+0000][1][safepoint    ] Safepoint "Cleanup", Time since last: 1001808792 ns, Reaching safepoint: 1830334 ns, At safepoint: 44583 ns, Total: 1874917 ns
[2022-09-04T02:10:55.382+0000][1][safepoint    ] Safepoint "Cleanup", Time since last: 1004476250 ns, Reaching safepoint: 1431042 ns, At safepoint: 39667 ns, Total: 1470709 ns
[2022-09-04T02:10:56.386+0000][1][safepoint    ] Safepoint "Cleanup", Time since last: 1002870667 ns, Reaching safepoint: 789833 ns, At safepoint: 18917 ns, Total: 808750 ns
[2022-09-04T02:10:57.390+0000][1][safepoint    ] Safepoint "Cleanup", Time since last: 1002952459 ns, Reaching safepoint: 1496875 ns, At safepoint: 39625 ns, Total: 1536500 ns
[2022-09-04T02:10:58.393+0000][1][safepoint    ] Safepoint "Cleanup", Time since last: 1002173875 ns, Reaching safepoint: 753834 ns, At safepoint: 18791 ns, Total: 772625 ns
[2022-09-04T02:10:59.398+0000][1][safepoint    ] Safepoint "Cleanup", Time since last: 1001990126 ns, Reaching safepoint: 2798916 ns, At safepoint: 72125 ns, Total: 2871041 ns
[2022-09-04T02:11:00.405+0000][1][safepoint    ] Safepoint "Cleanup", Time since last: 1005664918 ns, Reaching safepoint: 1284333 ns, At safepoint: 33250 ns, Total: 1317583 ns
[2022-09-04T02:11:01.409+0000][1][safepoint    ] Safepoint "Cleanup", Time since last: 1002833875 ns, Reaching safepoint: 854667 ns, At safepoint: 20833 ns, Total: 875500 ns
[2022-09-04T02:11:01.550+0000][1][safepoint    ] Safepoint "BulkRevokeBias", Time since last: 137920167 ns, Reaching safepoint: 1037708 ns, At safepoint: 2451500 ns, Total: 3489208 ns
[2022-09-04T02:11:01.610+0000][1][safepoint    ] Safepoint "RevokeBias", Time since last: 58089250 ns, Reaching safepoint: 1519917 ns, At safepoint: 96542 ns, Total: 1616459 ns
[2022-09-04T02:11:01.616+0000][1][safepoint    ] Safepoint "RevokeBias", Time since last: 5290458 ns, Reaching safepoint: 590458 ns, At safepoint: 92167 ns, Total: 682625 ns
[2022-09-04T02:11:01.623+0000][1][safepoint    ] Safepoint "RevokeBias", Time since last: 6265333 ns, Reaching safepoint: 904709 ns, At safepoint: 104875 ns, Total: 1009584 ns
[2022-09-04T02:11:02.627+0000][1][safepoint    ] Safepoint "Cleanup", Time since last: 1002077292 ns, Reaching safepoint: 1502958 ns, At safepoint: 35167 ns, Total: 1538125 ns
[2022-09-04T02:11:03.633+0000][1][safepoint    ] Safepoint "Cleanup", Time since last: 1004857500 ns, Reaching safepoint: 1442625 ns, At safepoint: 40209 ns, Total: 1482834 ns
[2022-09-04T02:11:04.637+0000][1][safepoint    ] Safepoint "Cleanup", Time since last: 1002994292 ns, Reaching safepoint: 1264542 ns, At safepoint: 29666 ns, Total: 1294208 ns
[2022-09-04T02:11:05.641+0000][1][safepoint    ] Safepoint "Cleanup", Time since last: 1003008833 ns, Reaching safepoint: 983083 ns, At safepoint: 23792 ns, Total: 1006875 ns
[2022-09-04T02:11:06.644+0000][1][safepoint    ] Safepoint "Cleanup", Time since last: 1001977709 ns, Reaching safepoint: 952167 ns, At safepoint: 35625 ns, Total: 987792 ns
[2022-09-04T02:11:07.648+0000][1][safepoint    ] Safepoint "Cleanup", Time since last: 1002717625 ns, Reaching safepoint: 1022417 ns, At safepoint: 24750 ns, Total: 1047167 ns
[2022-09-04T02:11:08.651+0000][1][safepoint    ] Safepoint "Cleanup", Time since last: 1002417833 ns, Reaching safepoint: 980167 ns, At safepoint: 20792 ns, Total: 1000959 ns
[2022-09-04T02:11:09.656+0000][1][safepoint    ] Safepoint "Cleanup", Time since last: 1003642084 ns, Reaching safepoint: 986291 ns, At safepoint: 21542 ns, Total: 1007833 ns
[2022-09-04T02:11:10.659+0000][1][safepoint    ] Safepoint "Cleanup", Time since last: 1002540417 ns, Reaching safepoint: 849583 ns, At safepoint: 23334 ns, Total: 872917 ns
[2022-09-04T02:11:11.665+0000][1][safepoint    ] Safepoint "Cleanup", Time since last: 1004770917 ns, Reaching safepoint: 888750 ns, At safepoint: 23917 ns, Total: 912667 ns
[2022-09-04T02:11:12.668+0000][1][safepoint    ] Safepoint "Cleanup", Time since last: 1001913917 ns, Reaching safepoint: 821833 ns, At safepoint: 38333 ns, Total: 860166 ns
[2022-09-04T02:11:13.673+0000][1][safepoint    ] Safepoint "Cleanup", Time since last: 1004547918 ns, Reaching safepoint: 912125 ns, At safepoint: 22750 ns, Total: 934875 ns
[2022-09-04T02:11:14.676+0000][1][safepoint    ] Safepoint "Cleanup", Time since last: 1001922542 ns, Reaching safepoint: 797458 ns, At safepoint: 20167 ns, Total: 817625 ns
[2022-09-04T02:11:15.681+0000][1][safepoint    ] Safepoint "Cleanup", Time since last: 1003802875 ns, Reaching safepoint: 958834 ns, At safepoint: 25750 ns, Total: 984584 ns
[2022-09-04T02:11:16.300+0000][1][safepoint    ] Safepoint "RevokeBias", Time since last: 617467833 ns, Reaching safepoint: 1152375 ns, At safepoint: 248542 ns, Total: 1400917 ns
[2022-09-04T02:11:17.309+0000][1][safepoint    ] Safepoint "Cleanup", Time since last: 1005388084 ns, Reaching safepoint: 3600625 ns, At safepoint: 92250 ns, Total: 3692875 ns
[2022-09-04T02:11:17.855+0000][1][safepoint    ] Safepoint "RevokeBias", Time since last: 544194667 ns, Reaching safepoint: 1374000 ns, At safepoint: 321958 ns, Total: 1695958 ns
[2022-09-04T02:11:18.861+0000][1][safepoint    ] Safepoint "Cleanup", Time since last: 1004603084 ns, Reaching safepoint: 1463583 ns, At safepoint: 49500 ns, Total: 1513083 ns
[2022-09-04T02:11:19.868+0000][1][safepoint    ] Safepoint "Cleanup", Time since last: 1004032167 ns, Reaching safepoint: 2919375 ns, At safepoint: 108334 ns, Total: 3027709 ns
[2022-09-04T02:11:20.875+0000][1][safepoint    ] Safepoint "Cleanup", Time since last: 1004626208 ns, Reaching safepoint: 2674375 ns, At safepoint: 117334 ns, Total: 2791709 ns
[2022-09-04T02:11:21.881+0000][1][safepoint    ] Safepoint "Cleanup", Time since last: 1005143583 ns, Reaching safepoint: 882042 ns, At safepoint: 30542 ns, Total: 912584 ns
[2022-09-04T02:11:22.887+0000][1][safepoint    ] Safepoint "Cleanup", Time since last: 1002760917 ns, Reaching safepoint: 2494167 ns, At safepoint: 46041 ns, Total: 2540208 ns
[2022-09-04T02:11:23.891+0000][1][safepoint    ] Safepoint "Cleanup", Time since last: 1002504751 ns, Reaching safepoint: 2096958 ns, At safepoint: 43875 ns, Total: 2140833 ns
[2022-09-04T02:11:24.896+0000][1][safepoint    ] Safepoint "Cleanup", Time since last: 1002683459 ns, Reaching safepoint: 1547833 ns, At safepoint: 38042 ns, Total: 1585875 ns
[2022-09-04T02:11:25.905+0000][1][safepoint    ] Safepoint "Cleanup", Time since last: 1005291417 ns, Reaching safepoint: 3746458 ns, At safepoint: 106084 ns, Total: 3852542 ns
[2022-09-04T02:11:26.918+0000][1][safepoint    ] Safepoint "Cleanup", Time since last: 1006606792 ns, Reaching safepoint: 4416958 ns, At safepoint: 670625 ns, Total: 5087583 ns
[2022-09-04T02:11:27.934+0000][1][safepoint    ] Safepoint "Cleanup", Time since last: 1013966667 ns, Reaching safepoint: 3359334 ns, At safepoint: 252666 ns, Total: 3612000 ns
[2022-09-04T02:11:28.941+0000][1][safepoint    ] Safepoint "Cleanup", Time since last: 1004710668 ns, Reaching safepoint: 2207333 ns, At safepoint: 74792 ns, Total: 2282125 ns
[2022-09-04T02:11:29.946+0000][1][safepoint    ] Safepoint "Cleanup", Time since last: 1003332125 ns, Reaching safepoint: 2035208 ns, At safepoint: 55209 ns, Total: 2090417 ns
[2022-09-04T02:11:30.955+0000][1][safepoint    ] Safepoint "Cleanup", Time since last: 1004866750 ns, Reaching safepoint: 3615292 ns, At safepoint: 125416 ns, Total: 3740708 ns
[2022-09-04T02:11:31.962+0000][1][safepoint    ] Safepoint "Cleanup", Time since last: 1005162001 ns, Reaching safepoint: 1654667 ns, At safepoint: 58875 ns, Total: 1713542 ns
[2022-09-04T02:11:32.970+0000][1][safepoint    ] Safepoint "Cleanup", Time since last: 1003235958 ns, Reaching safepoint: 4669667 ns, At safepoint: 89417 ns, Total: 4759084 ns
[2022-09-04T02:11:34.194+0000][1][safepoint    ] Safepoint "Cleanup", Time since last: 1221915542 ns, Reaching safepoint: 2066417 ns, At safepoint: 43041 ns, Total: 2109458 ns
[2022-09-04T02:11:35.199+0000][1][safepoint    ] Safepoint "Cleanup", Time since last: 1004225583 ns, Reaching safepoint: 1407584 ns, At safepoint: 35916 ns, Total: 1443500 ns
[2022-09-04T02:11:36.204+0000][1][safepoint    ] Safepoint "Cleanup", Time since last: 1003189626 ns, Reaching safepoint: 1229166 ns, At safepoint: 35209 ns, Total: 1264375 ns
[2022-09-04T02:11:37.209+0000][1][safepoint    ] Safepoint "Cleanup", Time since last: 1003640500 ns, Reaching safepoint: 1378167 ns, At safepoint: 34250 ns, Total: 1412417 ns
[2022-09-04T02:11:38.213+0000][1][safepoint    ] Safepoint "Cleanup", Time since last: 1002791292 ns, Reaching safepoint: 879417 ns, At safepoint: 28291 ns, Total: 907708 ns
[2022-09-04T02:11:39.215+0000][1][safepoint    ] Safepoint "Cleanup", Time since last: 1001638501 ns, Reaching safepoint: 1126083 ns, At safepoint: 47750 ns, Total: 1173833 ns
[2022-09-04T02:11:40.223+0000][1][safepoint    ] Safepoint "Cleanup", Time since last: 1004964542 ns, Reaching safepoint: 2545000 ns, At safepoint: 56125 ns, Total: 2601125 ns
[2022-09-04T02:11:41.230+0000][1][safepoint    ] Safepoint "Cleanup", Time since last: 1005115876 ns, Reaching safepoint: 1883333 ns, At safepoint: 133167 ns, Total: 2016500 ns
[2022-09-04T02:11:42.239+0000][1][safepoint    ] Safepoint "Cleanup", Time since last: 1006296500 ns, Reaching safepoint: 2460875 ns, At safepoint: 97542 ns, Total: 2558417 ns
[2022-09-04T02:11:43.244+0000][1][safepoint    ] Safepoint "Cleanup", Time since last: 1004398084 ns, Reaching safepoint: 907833 ns, At safepoint: 23042 ns, Total: 930875 ns
[2022-09-04T02:11:44.248+0000][1][safepoint    ] Safepoint "Cleanup", Time since last: 1002031125 ns, Reaching safepoint: 1890083 ns, At safepoint: 60292 ns, Total: 1950375 ns
[2022-09-04T02:11:45.254+0000][1][safepoint    ] Safepoint "Cleanup", Time since last: 1003030667 ns, Reaching safepoint: 2807209 ns, At safepoint: 72666 ns, Total: 2879875 ns
[2022-09-04T02:11:46.263+0000][1][safepoint    ] Safepoint "Cleanup", Time since last: 1007444126 ns, Reaching safepoint: 1506750 ns, At safepoint: 33375 ns, Total: 1540125 ns
[2022-09-04T02:11:47.272+0000][1][safepoint    ] Safepoint "Cleanup", Time since last: 1007590125 ns, Reaching safepoint: 1486125 ns, At safepoint: 38167 ns, Total: 1524292 ns
[2022-09-04T02:11:48.276+0000][1][safepoint    ] Safepoint "Cleanup", Time since last: 1002894250 ns, Reaching safepoint: 786375 ns, At safepoint: 20750 ns, Total: 807125 ns
[2022-09-04T02:11:49.280+0000][1][safepoint    ] Safepoint "Cleanup", Time since last: 1002749543 ns, Reaching safepoint: 1240250 ns, At safepoint: 29291 ns, Total: 1269541 ns
[2022-09-04T02:11:50.286+0000][1][safepoint    ] Safepoint "Cleanup", Time since last: 1004114751 ns, Reaching safepoint: 1838166 ns, At safepoint: 44167 ns, Total: 1882333 ns
[2022-09-04T02:11:51.294+0000][1][safepoint    ] Safepoint "Cleanup", Time since last: 1007191167 ns, Reaching safepoint: 821750 ns, At safepoint: 70417 ns, Total: 892167 ns
[2022-09-04T02:11:52.304+0000][1][safepoint    ] Safepoint "Cleanup", Time since last: 1008569084 ns, Reaching safepoint: 1088291 ns, At safepoint: 29500 ns, Total: 1117791 ns
[2022-09-04T02:11:53.313+0000][1][safepoint    ] Safepoint "Cleanup", Time since last: 1004687917 ns, Reaching safepoint: 4626167 ns, At safepoint: 139708 ns, Total: 4765875 ns
[2022-09-04T02:11:54.321+0000][1][safepoint    ] Safepoint "Cleanup", Time since last: 1006057209 ns, Reaching safepoint: 1425375 ns, At safepoint: 40292 ns, Total: 1465667 ns
[2022-09-04T02:11:55.327+0000][1][safepoint    ] Safepoint "Cleanup", Time since last: 1002585834 ns, Reaching safepoint: 3367041 ns, At safepoint: 87459 ns, Total: 3454500 ns
[2022-09-04T02:11:56.333+0000][1][safepoint    ] Safepoint "Cleanup", Time since last: 1005669334 ns, Reaching safepoint: 815916 ns, At safepoint: 22459 ns, Total: 838375 ns
[2022-09-04T02:11:57.338+0000][1][safepoint    ] Safepoint "Cleanup", Time since last: 1002297708 ns, Reaching safepoint: 2707375 ns, At safepoint: 72417 ns, Total: 2779792 ns
[2022-09-04T02:11:58.343+0000][1][safepoint    ] Safepoint "Cleanup", Time since last: 1003400251 ns, Reaching safepoint: 1295583 ns, At safepoint: 27708 ns, Total: 1323291 ns
[2022-09-04T02:11:59.348+0000][1][safepoint    ] Safepoint "Cleanup", Time since last: 1002774167 ns, Reaching safepoint: 2290084 ns, At safepoint: 80875 ns, Total: 2370959 ns
[2022-09-04T02:12:00.353+0000][1][safepoint    ] Safepoint "Cleanup", Time since last: 1002901084 ns, Reaching safepoint: 1968875 ns, At safepoint: 74833 ns, Total: 2043708 ns
[2022-09-04T02:12:01.360+0000][1][safepoint    ] Safepoint "Cleanup", Time since last: 1005559167 ns, Reaching safepoint: 805458 ns, At safepoint: 22292 ns, Total: 827750 ns
[2022-09-04T02:12:02.366+0000][1][safepoint    ] Safepoint "Cleanup", Time since last: 1004353375 ns, Reaching safepoint: 1614417 ns, At safepoint: 38417 ns, Total: 1652834 ns
[2022-09-04T02:12:03.376+0000][1][safepoint    ] Safepoint "Cleanup", Time since last: 1008525250 ns, Reaching safepoint: 1398125 ns, At safepoint: 42875 ns, Total: 1441000 ns
[2022-09-04T02:12:04.380+0000][1][safepoint    ] Safepoint "Cleanup", Time since last: 1003352667 ns, Reaching safepoint: 961250 ns, At safepoint: 28542 ns, Total: 989792 ns
[2022-09-04T02:12:05.384+0000][1][safepoint    ] Safepoint "Cleanup", Time since last: 1001713666 ns, Reaching safepoint: 2636000 ns, At safepoint: 65459 ns, Total: 2701459 ns
[2022-09-04T02:12:06.391+0000][1][safepoint    ] Safepoint "Cleanup", Time since last: 1006870417 ns, Reaching safepoint: 783083 ns, At safepoint: 22167 ns, Total: 805250 ns
[2022-09-04T02:12:07.398+0000][1][safepoint    ] Safepoint "Cleanup", Time since last: 1003520209 ns, Reaching safepoint: 2679750 ns, At safepoint: 77250 ns, Total: 2757000 ns
[2022-09-04T02:12:08.405+0000][1][safepoint    ] Safepoint "Cleanup", Time since last: 1006330375 ns, Reaching safepoint: 960292 ns, At safepoint: 33458 ns, Total: 993750 ns
[2022-09-04T02:12:10.006+0000][1][safepoint    ] Safepoint "Cleanup", Time since last: 1600323126 ns, Reaching safepoint: 857416 ns, At safepoint: 21959 ns, Total: 879375 ns
[2022-09-04T02:12:11.009+0000][1][safepoint    ] Safepoint "Cleanup", Time since last: 1001774375 ns, Reaching safepoint: 1084125 ns, At safepoint: 28417 ns, Total: 1112542 ns
[2022-09-04T02:12:12.014+0000][1][safepoint    ] Safepoint "Cleanup", Time since last: 1002524459 ns, Reaching safepoint: 2417333 ns, At safepoint: 135250 ns, Total: 2552583 ns
[2022-09-04T02:12:13.019+0000][1][safepoint    ] Safepoint "Cleanup", Time since last: 1003759542 ns, Reaching safepoint: 1296875 ns, At safepoint: 25875 ns, Total: 1322750 ns
[2022-09-04T02:12:14.024+0000][1][safepoint    ] Safepoint "Cleanup", Time since last: 1002104376 ns, Reaching safepoint: 2611000 ns, At safepoint: 74666 ns, Total: 2685666 ns
[2022-09-04T02:12:15.033+0000][1][safepoint    ] Safepoint "Cleanup", Time since last: 1005088376 ns, Reaching safepoint: 3252333 ns, At safepoint: 191417 ns, Total: 3443750 ns
[2022-09-04T02:12:16.041+0000][1][safepoint    ] Safepoint "Cleanup", Time since last: 1006308709 ns, Reaching safepoint: 1548541 ns, At safepoint: 100667 ns, Total: 1649208 ns
[2022-09-04T02:12:17.047+0000][1][safepoint    ] Safepoint "Cleanup", Time since last: 1004453584 ns, Reaching safepoint: 1518958 ns, At safepoint: 39375 ns, Total: 1558333 ns
[2022-09-04T02:12:18.052+0000][1][safepoint    ] Safepoint "Cleanup", Time since last: 1003475709 ns, Reaching safepoint: 1888708 ns, At safepoint: 64000 ns, Total: 1952708 ns
[2022-09-04T02:12:19.071+0000][1][safepoint    ] Safepoint "Cleanup", Time since last: 1017730209 ns, Reaching safepoint: 943000 ns, At safepoint: 20833 ns, Total: 963833 ns
[2022-09-04T02:12:20.076+0000][1][safepoint    ] Safepoint "Cleanup", Time since last: 1001597751 ns, Reaching safepoint: 3712708 ns, At safepoint: 112167 ns, Total: 3824875 ns
[2022-09-04T02:12:21.083+0000][1][safepoint    ] Safepoint "Cleanup", Time since last: 1005619542 ns, Reaching safepoint: 842167 ns, At safepoint: 24750 ns, Total: 866917 ns
[2022-09-04T02:12:22.086+0000][1][safepoint    ] Safepoint "Cleanup", Time since last: 1002343000 ns, Reaching safepoint: 1326459 ns, At safepoint: 32750 ns, Total: 1359209 ns
[2022-09-04T02:12:23.090+0000][1][safepoint    ] Safepoint "Cleanup", Time since last: 1002663875 ns, Reaching safepoint: 844792 ns, At safepoint: 20208 ns, Total: 865000 ns
[2022-09-04T02:12:24.094+0000][1][safepoint    ] Safepoint "Cleanup", Time since last: 1001586959 ns, Reaching safepoint: 2805250 ns, At safepoint: 63542 ns, Total: 2868792 ns
[2022-09-04T02:12:25.102+0000][1][safepoint    ] Safepoint "Cleanup", Time since last: 1004994333 ns, Reaching safepoint: 2499250 ns, At safepoint: 57500 ns, Total: 2556750 ns
[2022-09-04T02:12:26.109+0000][1][safepoint    ] Safepoint "Cleanup", Time since last: 1003976251 ns, Reaching safepoint: 2476958 ns, At safepoint: 125375 ns, Total: 2602333 ns
[2022-09-04T02:12:27.117+0000][1][safepoint    ] Safepoint "Cleanup", Time since last: 1007469209 ns, Reaching safepoint: 1450833 ns, At safepoint: 45167 ns, Total: 1496000 ns
[2022-09-04T02:12:28.122+0000][1][safepoint    ] Safepoint "Cleanup", Time since last: 1002655167 ns, Reaching safepoint: 1581125 ns, At safepoint: 38000 ns, Total: 1619125 ns
[2022-09-04T02:12:29.127+0000][1][safepoint    ] Safepoint "Cleanup", Time since last: 1003706084 ns, Reaching safepoint: 1508625 ns, At safepoint: 47875 ns, Total: 1556500 ns
[2022-09-04T02:12:30.132+0000][1][safepoint    ] Safepoint "Cleanup", Time since last: 1002059875 ns, Reaching safepoint: 2469542 ns, At safepoint: 97792 ns, Total: 2567334 ns
[2022-09-04T02:12:31.879+0000][1][safepoint    ] Safepoint "Cleanup", Time since last: 1744043209 ns, Reaching safepoint: 3350792 ns, At safepoint: 91166 ns, Total: 3441958 ns
[2022-09-04T02:12:32.888+0000][1][safepoint    ] Safepoint "Cleanup", Time since last: 1005628292 ns, Reaching safepoint: 2995917 ns, At safepoint: 170500 ns, Total: 3166417 ns
[2022-09-04T02:12:33.896+0000][1][safepoint    ] Safepoint "Cleanup", Time since last: 1004903417 ns, Reaching safepoint: 3332834 ns, At safepoint: 132041 ns, Total: 3464875 ns
[2022-09-04T02:12:34.903+0000][1][safepoint    ] Safepoint "Cleanup", Time since last: 1005800084 ns, Reaching safepoint: 840000 ns, At safepoint: 23458 ns, Total: 863458 ns
[2022-09-04T02:12:35.909+0000][1][safepoint    ] Safepoint "Cleanup", Time since last: 1003260417 ns, Reaching safepoint: 3528958 ns, At safepoint: 99959 ns, Total: 3628917 ns
[2022-09-04T02:12:36.920+0000][1][safepoint    ] Safepoint "Cleanup", Time since last: 1008226208 ns, Reaching safepoint: 2305042 ns, At safepoint: 51458 ns, Total: 2356500 ns
[2022-09-04T02:12:37.929+0000][1][safepoint    ] Safepoint "Cleanup", Time since last: 1004534001 ns, Reaching safepoint: 4461416 ns, At safepoint: 99459 ns, Total: 4560875 ns
[2022-09-04T02:12:38.936+0000][1][safepoint    ] Safepoint "Cleanup", Time since last: 1006394334 ns, Reaching safepoint: 867416 ns, At safepoint: 22334 ns, Total: 889750 ns
[2022-09-04T02:12:39.943+0000][1][safepoint    ] Safepoint "Cleanup", Time since last: 1002449833 ns, Reaching safepoint: 3904500 ns, At safepoint: 114500 ns, Total: 4019000 ns
[2022-09-04T02:12:40.950+0000][1][safepoint    ] Safepoint "Cleanup", Time since last: 1003632501 ns, Reaching safepoint: 3167042 ns, At safepoint: 98041 ns, Total: 3265083 ns
[2022-09-04T02:12:41.958+0000][1][safepoint    ] Safepoint "Cleanup", Time since last: 1005232417 ns, Reaching safepoint: 2768542 ns, At safepoint: 77167 ns, Total: 2845709 ns
[2022-09-04T02:12:42.963+0000][1][safepoint    ] Safepoint "Cleanup", Time since last: 1004534834 ns, Reaching safepoint: 843875 ns, At safepoint: 27333 ns, Total: 871208 ns
[2022-09-04T02:12:43.967+0000][1][safepoint    ] Safepoint "Cleanup", Time since last: 1001469959 ns, Reaching safepoint: 2274416 ns, At safepoint: 338375 ns, Total: 2612791 ns
[2022-09-04T02:12:44.974+0000][1][safepoint    ] Safepoint "Cleanup", Time since last: 1002983043 ns, Reaching safepoint: 3536125 ns, At safepoint: 84166 ns, Total: 3620291 ns
[2022-09-04T02:12:45.981+0000][1][safepoint    ] Safepoint "Cleanup", Time since last: 1004351501 ns, Reaching safepoint: 3169125 ns, At safepoint: 69625 ns, Total: 3238750 ns
[2022-09-04T02:12:46.989+0000][1][safepoint    ] Safepoint "Cleanup", Time since last: 1004610750 ns, Reaching safepoint: 2848292 ns, At safepoint: 68666 ns, Total: 2916958 ns
[2022-09-04T02:12:47.997+0000][1][safepoint    ] Safepoint "Cleanup", Time since last: 1006555293 ns, Reaching safepoint: 1526916 ns, At safepoint: 61875 ns, Total: 1588791 ns
[2022-09-04T02:12:49.004+0000][1][safepoint    ] Safepoint "Cleanup", Time since last: 1005638959 ns, Reaching safepoint: 848125 ns, At safepoint: 21625 ns, Total: 869750 ns
[2022-09-04T02:12:50.007+0000][1][safepoint    ] Safepoint "Cleanup", Time since last: 1001852667 ns, Reaching safepoint: 1946625 ns, At safepoint: 63250 ns, Total: 2009875 ns
[2022-09-04T02:12:51.017+0000][1][safepoint    ] Safepoint "Cleanup", Time since last: 1006554542 ns, Reaching safepoint: 2680542 ns, At safepoint: 334958 ns, Total: 3015500 ns
[2022-09-04T02:12:52.029+0000][1][safepoint    ] Safepoint "Cleanup", Time since last: 1008003959 ns, Reaching safepoint: 3597584 ns, At safepoint: 102375 ns, Total: 3699959 ns
[2022-09-04T02:12:53.039+0000][1][safepoint    ] Safepoint "Cleanup", Time since last: 1006930542 ns, Reaching safepoint: 2951458 ns, At safepoint: 84208 ns, Total: 3035666 ns
[2022-09-04T02:12:54.065+0000][1][safepoint    ] Safepoint "Cleanup", Time since last: 1023932584 ns, Reaching safepoint: 2387167 ns, At safepoint: 120583 ns, Total: 2507750 ns
[2022-09-04T02:12:55.071+0000][1][safepoint    ] Safepoint "Cleanup", Time since last: 1004124209 ns, Reaching safepoint: 1451625 ns, At safepoint: 38375 ns, Total: 1490000 ns
[2022-09-04T02:12:56.079+0000][1][safepoint    ] Safepoint "Cleanup", Time since last: 1003672042 ns, Reaching safepoint: 4839708 ns, At safepoint: 118042 ns, Total: 4957750 ns
[2022-09-04T02:12:57.104+0000][1][safepoint    ] Safepoint "Cleanup", Time since last: 1022330251 ns, Reaching safepoint: 2439250 ns, At safepoint: 66583 ns, Total: 2505833 ns
[2022-09-04T02:12:58.111+0000][1][safepoint    ] Safepoint "Cleanup", Time since last: 1005226625 ns, Reaching safepoint: 1261459 ns, At safepoint: 25333 ns, Total: 1286792 ns
[2022-09-04T02:12:59.114+0000][1][safepoint    ] Safepoint "Cleanup", Time since last: 1002363876 ns, Reaching safepoint: 854208 ns, At safepoint: 21583 ns, Total: 875791 ns
[2022-09-04T02:13:00.117+0000][1][safepoint    ] Safepoint "Cleanup", Time since last: 1002417126 ns, Reaching safepoint: 1077875 ns, At safepoint: 22541 ns, Total: 1100416 ns
[2022-09-04T02:13:01.120+0000][1][safepoint    ] Safepoint "Cleanup", Time since last: 1001763918 ns, Reaching safepoint: 1286666 ns, At safepoint: 34000 ns, Total: 1320666 ns
[2022-09-04T02:13:02.126+0000][1][safepoint    ] Safepoint "Cleanup", Time since last: 1002906376 ns, Reaching safepoint: 2892875 ns, At safepoint: 88583 ns, Total: 2981458 ns
[2022-09-04T02:13:03.133+0000][1][safepoint    ] Safepoint "Cleanup", Time since last: 1005314209 ns, Reaching safepoint: 1451291 ns, At safepoint: 38750 ns, Total: 1490041 ns
[2022-09-04T02:13:04.138+0000][1][safepoint    ] Safepoint "Cleanup", Time since last: 1002427376 ns, Reaching safepoint: 2411667 ns, At safepoint: 55250 ns, Total: 2466917 ns
[2022-09-04T02:13:05.144+0000][1][safepoint    ] Safepoint "Cleanup", Time since last: 1003882792 ns, Reaching safepoint: 1972666 ns, At safepoint: 104750 ns, Total: 2077416 ns
[2022-09-04T02:13:06.151+0000][1][safepoint    ] Safepoint "Cleanup", Time since last: 1004734167 ns, Reaching safepoint: 2626416 ns, At safepoint: 66167 ns, Total: 2692583 ns
[2022-09-04T02:13:07.158+0000][1][safepoint    ] Safepoint "Cleanup", Time since last: 1005377667 ns, Reaching safepoint: 1283667 ns, At safepoint: 30916 ns, Total: 1314583 ns
[2022-09-04T02:13:08.168+0000][1][safepoint    ] Safepoint "Cleanup", Time since last: 1006560751 ns, Reaching safepoint: 3242875 ns, At safepoint: 144208 ns, Total: 3387083 ns
[2022-09-04T02:13:09.176+0000][1][safepoint    ] Safepoint "Cleanup", Time since last: 1007760709 ns, Reaching safepoint: 941083 ns, At safepoint: 20917 ns, Total: 962000 ns
[2022-09-04T02:13:10.181+0000][1][safepoint    ] Safepoint "Cleanup", Time since last: 1001877542 ns, Reaching safepoint: 3034000 ns, At safepoint: 64375 ns, Total: 3098375 ns
[2022-09-04T02:13:11.189+0000][1][safepoint    ] Safepoint "Cleanup", Time since last: 1004644501 ns, Reaching safepoint: 2651833 ns, At safepoint: 71083 ns, Total: 2722916 ns
[2022-09-04T02:13:12.194+0000][1][safepoint    ] Safepoint "Cleanup", Time since last: 1004190709 ns, Reaching safepoint: 783959 ns, At safepoint: 21458 ns, Total: 805417 ns
[2022-09-04T02:13:13.198+0000][1][safepoint    ] Safepoint "Cleanup", Time since last: 1003842125 ns, Reaching safepoint: 832584 ns, At safepoint: 21375 ns, Total: 853959 ns
[2022-09-04T02:13:14.202+0000][1][safepoint    ] Safepoint "Cleanup", Time since last: 1002520500 ns, Reaching safepoint: 1252833 ns, At safepoint: 31084 ns, Total: 1283917 ns
[2022-09-04T02:13:15.210+0000][1][safepoint    ] Safepoint "Cleanup", Time since last: 1003529375 ns, Reaching safepoint: 4117917 ns, At safepoint: 77667 ns, Total: 4195584 ns
[2022-09-04T02:13:16.216+0000][1][safepoint    ] Safepoint "Cleanup", Time since last: 1004358292 ns, Reaching safepoint: 1857833 ns, At safepoint: 46250 ns, Total: 1904083 ns
[2022-09-04T02:13:17.226+0000][1][safepoint    ] Safepoint "Cleanup", Time since last: 1005833667 ns, Reaching safepoint: 3403417 ns, At safepoint: 227875 ns, Total: 3631292 ns
[2022-09-04T02:13:18.233+0000][1][safepoint    ] Safepoint "Cleanup", Time since last: 1006132584 ns, Reaching safepoint: 1355208 ns, At safepoint: 39917 ns, Total: 1395125 ns
[2022-09-04T02:13:19.237+0000][1][safepoint    ] Safepoint "Cleanup", Time since last: 1002934959 ns, Reaching safepoint: 903750 ns, At safepoint: 23708 ns, Total: 927458 ns
[2022-09-04T02:13:20.243+0000][1][safepoint    ] Safepoint "Cleanup", Time since last: 1002079000 ns, Reaching safepoint: 3342250 ns, At safepoint: 131500 ns, Total: 3473750 ns
[2022-09-04T02:13:21.251+0000][1][safepoint    ] Safepoint "Cleanup", Time since last: 1006649459 ns, Reaching safepoint: 1606125 ns, At safepoint: 33625 ns, Total: 1639750 ns
[2022-09-04T02:13:23.130+0000][1][safepoint    ] Safepoint "Cleanup", Time since last: 1878293543 ns, Reaching safepoint: 1023166 ns, At safepoint: 21709 ns, Total: 1044875 ns
[2022-09-04T02:13:24.134+0000][1][safepoint    ] Safepoint "Cleanup", Time since last: 1002496084 ns, Reaching safepoint: 864916 ns, At safepoint: 52292 ns, Total: 917208 ns
[2022-09-04T02:13:25.138+0000][1][safepoint    ] Safepoint "Cleanup", Time since last: 1002394959 ns, Reaching safepoint: 1665083 ns, At safepoint: 37792 ns, Total: 1702875 ns
[2022-09-04T02:13:26.142+0000][1][safepoint    ] Safepoint "Cleanup", Time since last: 1002725167 ns, Reaching safepoint: 1537333 ns, At safepoint: 35875 ns, Total: 1573208 ns
[2022-09-04T02:13:27.148+0000][1][safepoint    ] Safepoint "Cleanup", Time since last: 1004018876 ns, Reaching safepoint: 1373375 ns, At safepoint: 35541 ns, Total: 1408916 ns
[2022-09-04T02:13:28.153+0000][1][safepoint    ] Safepoint "Cleanup", Time since last: 1004006376 ns, Reaching safepoint: 1068708 ns, At safepoint: 24125 ns, Total: 1092833 ns
[2022-09-04T02:13:29.155+0000][1][safepoint    ] Safepoint "Cleanup", Time since last: 1001595292 ns, Reaching safepoint: 1006459 ns, At safepoint: 23958 ns, Total: 1030417 ns
[2022-09-04T02:13:30.162+0000][1][safepoint    ] Safepoint "Cleanup", Time since last: 1004407125 ns, Reaching safepoint: 2694250 ns, At safepoint: 74917 ns, Total: 2769167 ns
[2022-09-04T02:13:31.169+0000][1][safepoint    ] Safepoint "Cleanup", Time since last: 1005490084 ns, Reaching safepoint: 792833 ns, At safepoint: 21584 ns, Total: 814417 ns
[2022-09-04T02:13:32.173+0000][1][safepoint    ] Safepoint "Cleanup", Time since last: 1001773333 ns, Reaching safepoint: 2393709 ns, At safepoint: 65458 ns, Total: 2459167 ns
[2022-09-04T02:13:32.552+0000][1][gc,start     ] GC(21) Pause Young (Allocation Failure)
[2022-09-04T02:13:32.558+0000][1][gc,task      ] GC(21) Using 4 workers of 4 for evacuation
[2022-09-04T02:13:32.609+0000][1][gc,age       ] GC(21) Desired survivor size 8945664 bytes, new threshold 6 (max threshold 6)
[2022-09-04T02:13:32.610+0000][1][gc,age       ] GC(21) Age table with threshold 6 (max threshold 6)
[2022-09-04T02:13:32.612+0000][1][gc,age       ] GC(21) - age   1:     608496 bytes,     608496 total
[2022-09-04T02:13:32.613+0000][1][gc,age       ] GC(21) - age   2:     104440 bytes,     712936 total
[2022-09-04T02:13:32.614+0000][1][gc,age       ] GC(21) - age   3:     132072 bytes,     845008 total
[2022-09-04T02:13:32.615+0000][1][gc,age       ] GC(21) - age   4:     107752 bytes,     952760 total
[2022-09-04T02:13:32.616+0000][1][gc,age       ] GC(21) - age   5:     114800 bytes,    1067560 total
[2022-09-04T02:13:32.617+0000][1][gc,age       ] GC(21) - age   6:    4656672 bytes,    5724232 total
[2022-09-04T02:13:32.621+0000][1][gc,heap      ] GC(21) ParNew: 148901K->7076K(157248K)
[2022-09-04T02:13:32.622+0000][1][gc,heap      ] GC(21) CMS: 61578K->61578K(349568K)
[2022-09-04T02:13:32.623+0000][1][gc,metaspace ] GC(21) Metaspace: 82938K->82938K(1124352K)
[2022-09-04T02:13:32.625+0000][1][gc           ] GC(21) Pause Young (Allocation Failure) 205M->67M(494M) 73.582ms
[2022-09-04T02:13:32.627+0000][1][gc,cpu       ] GC(21) User=0.13s Sys=0.02s Real=0.08s
[2022-09-04T02:13:32.628+0000][1][safepoint    ] Safepoint "GenCollectForAllocation", Time since last: 376577000 ns, Reaching safepoint: 1480125 ns, At safepoint: 77457459 ns, Total: 78937584 ns
[2022-09-04T02:13:33.634+0000][1][safepoint    ] Safepoint "Cleanup", Time since last: 1003776583 ns, Reaching safepoint: 1372584 ns, At safepoint: 31916 ns, Total: 1404500 ns
[2022-09-04T02:13:34.637+0000][1][safepoint    ] Safepoint "Cleanup", Time since last: 1002325543 ns, Reaching safepoint: 1171458 ns, At safepoint: 34375 ns, Total: 1205833 ns
[2022-09-04T02:13:35.641+0000][1][safepoint    ] Safepoint "Cleanup", Time since last: 1002681417 ns, Reaching safepoint: 1339541 ns, At safepoint: 35417 ns, Total: 1374958 ns
[2022-09-04T02:13:36.645+0000][1][safepoint    ] Safepoint "Cleanup", Time since last: 1002847042 ns, Reaching safepoint: 1122667 ns, At safepoint: 62417 ns, Total: 1185084 ns
[2022-09-04T02:13:36.763+0000][1][safepoint    ] Safepoint "RevokeBias", Time since last: 114653333 ns, Reaching safepoint: 972333 ns, At safepoint: 1630209 ns, Total: 2602542 ns
[2022-09-04T02:13:36.772+0000][1][safepoint    ] Safepoint "RevokeBias", Time since last: 9266500 ns, Reaching safepoint: 531250 ns, At safepoint: 128833 ns, Total: 660083 ns
[2022-09-04T02:13:36.886+0000][1][safepoint    ] Safepoint "RevokeBias", Time since last: 110873750 ns, Reaching safepoint: 1948583 ns, At safepoint: 785125 ns, Total: 2733708 ns
[2022-09-04T02:13:37.492+0000][1][safepoint    ] Safepoint "RevokeBias", Time since last: 604442001 ns, Reaching safepoint: 1108416 ns, At safepoint: 166625 ns, Total: 1275041 ns
[2022-09-04T02:13:37.495+0000][1][safepoint    ] Safepoint "RevokeBias", Time since last: 2312292 ns, Reaching safepoint: 566000 ns, At safepoint: 97125 ns, Total: 663125 ns
[2022-09-04T02:13:37.500+0000][1][safepoint    ] Safepoint "RevokeBias", Time since last: 4721792 ns, Reaching safepoint: 709000 ns, At safepoint: 149916 ns, Total: 858916 ns
[2022-09-04T02:13:37.504+0000][1][safepoint    ] Safepoint "RevokeBias", Time since last: 2662917 ns, Reaching safepoint: 677542 ns, At safepoint: 97708 ns, Total: 775250 ns
[2022-09-04T02:13:37.533+0000][1][safepoint    ] Safepoint "RevokeBias", Time since last: 27990083 ns, Reaching safepoint: 1157542 ns, At safepoint: 108000 ns, Total: 1265542 ns
[2022-09-04T02:13:37.536+0000][1][safepoint    ] Safepoint "RevokeBias", Time since last: 2587292 ns, Reaching safepoint: 453541 ns, At safepoint: 99875 ns, Total: 553416 ns
[2022-09-04T02:13:37.540+0000][1][safepoint    ] Safepoint "RevokeBias", Time since last: 2891667 ns, Reaching safepoint: 882833 ns, At safepoint: 96500 ns, Total: 979333 ns
[2022-09-04T02:13:37.545+0000][1][safepoint    ] Safepoint "RevokeBias", Time since last: 4045250 ns, Reaching safepoint: 665709 ns, At safepoint: 99250 ns, Total: 764959 ns
[2022-09-04T02:13:37.765+0000][1][safepoint    ] Safepoint "RevokeBias", Time since last: 219055208 ns, Reaching safepoint: 1285708 ns, At safepoint: 107542 ns, Total: 1393250 ns
[2022-09-04T02:13:37.781+0000][1][safepoint    ] Safepoint "RevokeBias", Time since last: 15052042 ns, Reaching safepoint: 878458 ns, At safepoint: 182500 ns, Total: 1060958 ns
[2022-09-04T02:13:37.787+0000][1][safepoint    ] Safepoint "RevokeBias", Time since last: 4545458 ns, Reaching safepoint: 560292 ns, At safepoint: 162000 ns, Total: 722292 ns
[2022-09-04T02:13:37.984+0000][1][safepoint    ] Safepoint "RevokeBias", Time since last: 196306125 ns, Reaching safepoint: 880375 ns, At safepoint: 195292 ns, Total: 1075667 ns
[2022-09-04T02:13:38.239+0000][1][safepoint    ] Safepoint "RevokeBias", Time since last: 253286625 ns, Reaching safepoint: 1176667 ns, At safepoint: 163750 ns, Total: 1340417 ns
[2022-09-04T02:13:38.442+0000][1][safepoint    ] Safepoint "RevokeBias", Time since last: 202684625 ns, Reaching safepoint: 748458 ns, At safepoint: 86583 ns, Total: 835041 ns
[2022-09-04T02:13:38.559+0000][1][safepoint    ] Safepoint "RevokeBias", Time since last: 115596209 ns, Reaching safepoint: 1096541 ns, At safepoint: 115500 ns, Total: 1212041 ns
[2022-09-04T02:13:38.673+0000][1][safepoint    ] Safepoint "RevokeBias", Time since last: 112503459 ns, Reaching safepoint: 1199000 ns, At safepoint: 166166 ns, Total: 1365166 ns
[2022-09-04T02:13:38.677+0000][1][safepoint    ] Safepoint "RevokeBias", Time since last: 3474375 ns, Reaching safepoint: 808667 ns, At safepoint: 109917 ns, Total: 918584 ns
[2022-09-04T02:13:38.691+0000][1][safepoint    ] Safepoint "RevokeBias", Time since last: 12931042 ns, Reaching safepoint: 1109416 ns, At safepoint: 133542 ns, Total: 1242958 ns
[2022-09-04T02:13:38.720+0000][1][safepoint    ] Safepoint "RevokeBias", Time since last: 27344458 ns, Reaching safepoint: 625167 ns, At safepoint: 100167 ns, Total: 725334 ns
[2022-09-04T02:13:38.723+0000][1][safepoint    ] Safepoint "RevokeBias", Time since last: 2683666 ns, Reaching safepoint: 465584 ns, At safepoint: 81750 ns, Total: 547334 ns
[2022-09-04T02:13:38.739+0000][1][safepoint    ] Safepoint "RevokeBias", Time since last: 14646875 ns, Reaching safepoint: 1515958 ns, At safepoint: 126542 ns, Total: 1642500 ns
[2022-09-04T02:13:38.753+0000][1][safepoint    ] Safepoint "RevokeBias", Time since last: 12132583 ns, Reaching safepoint: 1217292 ns, At safepoint: 120875 ns, Total: 1338167 ns
[2022-09-04T02:13:38.760+0000][1][safepoint    ] Safepoint "RevokeBias", Time since last: 6579375 ns, Reaching safepoint: 904458 ns, At safepoint: 416583 ns, Total: 1321041 ns
[2022-09-04T02:13:38.763+0000][1][safepoint    ] Safepoint "RevokeBias", Time since last: 1770584 ns, Reaching safepoint: 751708 ns, At safepoint: 440625 ns, Total: 1192333 ns
[2022-09-04T02:13:38.777+0000][1][safepoint    ] Safepoint "RevokeBias", Time since last: 12759542 ns, Reaching safepoint: 1091708 ns, At safepoint: 131625 ns, Total: 1223333 ns
[2022-09-04T02:13:38.796+0000][1][safepoint    ] Safepoint "RevokeBias", Time since last: 17516792 ns, Reaching safepoint: 1138583 ns, At safepoint: 121583 ns, Total: 1260166 ns
[2022-09-04T02:13:38.799+0000][1][safepoint    ] Safepoint "RevokeBias", Time since last: 1939250 ns, Reaching safepoint: 877334 ns, At safepoint: 89416 ns, Total: 966750 ns
[2022-09-04T02:13:38.801+0000][1][safepoint    ] Safepoint "RevokeBias", Time since last: 1801292 ns, Reaching safepoint: 551500 ns, At safepoint: 99125 ns, Total: 650625 ns
[2022-09-04T02:13:38.810+0000][1][safepoint    ] Safepoint "RevokeBias", Time since last: 7585292 ns, Reaching safepoint: 697333 ns, At safepoint: 108292 ns, Total: 805625 ns
[2022-09-04T02:13:38.886+0000][1][safepoint    ] Safepoint "RevokeBias", Time since last: 74541166 ns, Reaching safepoint: 1257375 ns, At safepoint: 132084 ns, Total: 1389459 ns
[2022-09-04T02:13:38.890+0000][1][safepoint    ] Safepoint "RevokeBias", Time since last: 3981083 ns, Reaching safepoint: 546292 ns, At safepoint: 101375 ns, Total: 647667 ns
[2022-09-04T02:13:38.898+0000][1][safepoint    ] Safepoint "RevokeBias", Time since last: 6434041 ns, Reaching safepoint: 1021584 ns, At safepoint: 146291 ns, Total: 1167875 ns
[2022-09-04T02:13:38.904+0000][1][safepoint    ] Safepoint "RevokeBias", Time since last: 4967500 ns, Reaching safepoint: 751209 ns, At safepoint: 112083 ns, Total: 863292 ns
[2022-09-04T02:13:39.002+0000][1][safepoint    ] Safepoint "RevokeBias", Time since last: 96237708 ns, Reaching safepoint: 1731625 ns, At safepoint: 121709 ns, Total: 1853334 ns
[2022-09-04T02:13:39.008+0000][1][safepoint    ] Safepoint "RevokeBias", Time since last: 4056666 ns, Reaching safepoint: 1743625 ns, At safepoint: 121209 ns, Total: 1864834 ns
[2022-09-04T02:13:39.115+0000][1][safepoint    ] Safepoint "RevokeBias", Time since last: 104406041 ns, Reaching safepoint: 2518542 ns, At safepoint: 134083 ns, Total: 2652625 ns
[2022-09-04T02:13:39.119+0000][1][safepoint    ] Safepoint "RevokeBias", Time since last: 2572459 ns, Reaching safepoint: 1432916 ns, At safepoint: 143292 ns, Total: 1576208 ns
[2022-09-04T02:13:39.171+0000][1][safepoint    ] Safepoint "RevokeBias", Time since last: 51180042 ns, Reaching safepoint: 990708 ns, At safepoint: 106667 ns, Total: 1097375 ns
[2022-09-04T02:13:39.204+0000][1][safepoint    ] Safepoint "RevokeBias", Time since last: 27773333 ns, Reaching safepoint: 5095750 ns, At safepoint: 168167 ns, Total: 5263917 ns
[2022-09-04T02:13:39.221+0000][1][safepoint    ] Safepoint "RevokeBias", Time since last: 15933333 ns, Reaching safepoint: 863917 ns, At safepoint: 98500 ns, Total: 962417 ns
[2022-09-04T02:13:40.228+0000][1][safepoint    ] Safepoint "Cleanup", Time since last: 1004563750 ns, Reaching safepoint: 1947125 ns, At safepoint: 46209 ns, Total: 1993334 ns
[2022-09-04T02:13:41.236+0000][1][safepoint    ] Safepoint "Cleanup", Time since last: 1006422458 ns, Reaching safepoint: 1415334 ns, At safepoint: 39500 ns, Total: 1454834 ns
[2022-09-04T02:13:42.116+0000][1][safepoint    ] Safepoint "RevokeBias", Time since last: 879060250 ns, Reaching safepoint: 1410833 ns, At safepoint: 198000 ns, Total: 1608833 ns
[2022-09-04T02:13:42.123+0000][1][safepoint    ] Safepoint "RevokeBias", Time since last: 5097375 ns, Reaching safepoint: 841084 ns, At safepoint: 170500 ns, Total: 1011584 ns
[2022-09-04T02:13:42.134+0000][1][safepoint    ] Safepoint "RevokeBias", Time since last: 10663666 ns, Reaching safepoint: 1108917 ns, At safepoint: 137667 ns, Total: 1246584 ns
[2022-09-04T02:13:42.137+0000][1][safepoint    ] Safepoint "RevokeBias", Time since last: 2114708 ns, Reaching safepoint: 750542 ns, At safepoint: 168125 ns, Total: 918667 ns
[2022-09-04T02:13:42.151+0000][1][safepoint    ] Safepoint "RevokeBias", Time since last: 12666000 ns, Reaching safepoint: 687833 ns, At safepoint: 96542 ns, Total: 784375 ns
[2022-09-04T02:13:42.159+0000][1][safepoint    ] Safepoint "RevokeBias", Time since last: 6203583 ns, Reaching safepoint: 1494375 ns, At safepoint: 127333 ns, Total: 1621708 ns
[2022-09-04T02:13:43.161+0000][1][safepoint    ] Safepoint "Cleanup", Time since last: 1001221043 ns, Reaching safepoint: 826083 ns, At safepoint: 23292 ns, Total: 849375 ns
[2022-09-04T02:13:44.163+0000][1][safepoint    ] Safepoint "Cleanup", Time since last: 1001319417 ns, Reaching safepoint: 782875 ns, At safepoint: 20875 ns, Total: 803750 ns
[2022-09-04T02:13:45.166+0000][1][safepoint    ] Safepoint "Cleanup", Time since last: 1001441209 ns, Reaching safepoint: 1337750 ns, At safepoint: 55458 ns, Total: 1393208 ns
[2022-09-04T02:13:46.169+0000][1][safepoint    ] Safepoint "Cleanup", Time since last: 1001971334 ns, Reaching safepoint: 756000 ns, At safepoint: 22583 ns, Total: 778583 ns
[2022-09-04T02:13:47.171+0000][1][safepoint    ] Safepoint "Cleanup", Time since last: 1001651876 ns, Reaching safepoint: 841416 ns, At safepoint: 21792 ns, Total: 863208 ns
[2022-09-04T02:13:48.174+0000][1][safepoint    ] Safepoint "Cleanup", Time since last: 1001703542 ns, Reaching safepoint: 931875 ns, At safepoint: 41625 ns, Total: 973500 ns
[2022-09-04T02:13:49.176+0000][1][safepoint    ] Safepoint "Cleanup", Time since last: 1001580042 ns, Reaching safepoint: 835084 ns, At safepoint: 22208 ns, Total: 857292 ns
[2022-09-04T02:13:50.180+0000][1][safepoint    ] Safepoint "Cleanup", Time since last: 1002018417 ns, Reaching safepoint: 1635167 ns, At safepoint: 45625 ns, Total: 1680792 ns
[2022-09-04T02:13:51.184+0000][1][safepoint    ] Safepoint "Cleanup", Time since last: 1003433458 ns, Reaching safepoint: 1167917 ns, At safepoint: 29875 ns, Total: 1197792 ns
[2022-09-04T02:13:52.190+0000][1][safepoint    ] Safepoint "Cleanup", Time since last: 1002792292 ns, Reaching safepoint: 2496250 ns, At safepoint: 62334 ns, Total: 2558584 ns
[2022-09-04T02:13:53.196+0000][1][safepoint    ] Safepoint "Cleanup", Time since last: 1004817708 ns, Reaching safepoint: 851709 ns, At safepoint: 22375 ns, Total: 874084 ns
[2022-09-04T02:13:54.201+0000][1][safepoint    ] Safepoint "Cleanup", Time since last: 1003912500 ns, Reaching safepoint: 1936959 ns, At safepoint: 48583 ns, Total: 1985542 ns
[2022-09-04T02:13:55.207+0000][1][safepoint    ] Safepoint "Cleanup", Time since last: 1004071834 ns, Reaching safepoint: 1678416 ns, At safepoint: 29459 ns, Total: 1707875 ns
[2022-09-04T02:13:56.213+0000][1][safepoint    ] Safepoint "Cleanup", Time since last: 1004096625 ns, Reaching safepoint: 1555792 ns, At safepoint: 41125 ns, Total: 1596917 ns
[2022-09-04T02:13:57.218+0000][1][safepoint    ] Safepoint "Cleanup", Time since last: 1003278042 ns, Reaching safepoint: 1559375 ns, At safepoint: 39542 ns, Total: 1598917 ns
[2022-09-04T02:13:58.221+0000][1][safepoint    ] Safepoint "Cleanup", Time since last: 1002943208 ns, Reaching safepoint: 748667 ns, At safepoint: 22417 ns, Total: 771084 ns
[2022-09-04T02:13:59.227+0000][1][safepoint    ] Safepoint "Cleanup", Time since last: 1004006959 ns, Reaching safepoint: 1855000 ns, At safepoint: 48708 ns, Total: 1903708 ns
[2022-09-04T02:14:00.232+0000][1][safepoint    ] Safepoint "Cleanup", Time since last: 1003470709 ns, Reaching safepoint: 1168291 ns, At safepoint: 27459 ns, Total: 1195750 ns
[2022-09-04T02:14:01.237+0000][1][safepoint    ] Safepoint "Cleanup", Time since last: 1002206292 ns, Reaching safepoint: 3010042 ns, At safepoint: 72500 ns, Total: 3082542 ns
[2022-09-04T02:14:02.247+0000][1][safepoint    ] Safepoint "Cleanup", Time since last: 1006355833 ns, Reaching safepoint: 3207500 ns, At safepoint: 81375 ns, Total: 3288875 ns
[2022-09-04T02:14:03.253+0000][1][safepoint    ] Safepoint "Cleanup", Time since last: 1005114751 ns, Reaching safepoint: 1167958 ns, At safepoint: 34042 ns, Total: 1202000 ns
[2022-09-04T02:14:04.260+0000][1][safepoint    ] Safepoint "Cleanup", Time since last: 1005334000 ns, Reaching safepoint: 1724750 ns, At safepoint: 53000 ns, Total: 1777750 ns
[2022-09-04T02:14:05.264+0000][1][safepoint    ] Safepoint "Cleanup", Time since last: 1003099667 ns, Reaching safepoint: 1131708 ns, At safepoint: 27792 ns, Total: 1159500 ns
[2022-09-04T02:14:05.556+0000][1][safepoint    ] Safepoint "RevokeBias", Time since last: 290616666 ns, Reaching safepoint: 686084 ns, At safepoint: 100208 ns, Total: 786292 ns
[2022-09-04T02:14:05.560+0000][1][safepoint    ] Safepoint "RevokeBias", Time since last: 3567333 ns, Reaching safepoint: 401167 ns, At safepoint: 97667 ns, Total: 498834 ns
[2022-09-04T02:14:05.570+0000][1][safepoint    ] Safepoint "BulkRevokeBias", Time since last: 7375583 ns, Reaching safepoint: 621208 ns, At safepoint: 2246625 ns, Total: 2867833 ns
[2022-09-04T02:14:05.701+0000][1][safepoint    ] Safepoint "RevokeBias", Time since last: 129673667 ns, Reaching safepoint: 971625 ns, At safepoint: 117042 ns, Total: 1088667 ns
[2022-09-04T02:14:05.704+0000][1][safepoint    ] Safepoint "RevokeBias", Time since last: 2193666 ns, Reaching safepoint: 431209 ns, At safepoint: 77500 ns, Total: 508709 ns
[2022-09-04T02:14:05.707+0000][1][safepoint    ] Safepoint "RevokeBias", Time since last: 3162875 ns, Reaching safepoint: 536166 ns, At safepoint: 146084 ns, Total: 682250 ns
[2022-09-04T02:14:05.711+0000][1][safepoint    ] Safepoint "RevokeBias", Time since last: 2105625 ns, Reaching safepoint: 899375 ns, At safepoint: 113208 ns, Total: 1012583 ns
[2022-09-04T02:14:05.713+0000][1][safepoint    ] Safepoint "RevokeBias", Time since last: 1682042 ns, Reaching safepoint: 632750 ns, At safepoint: 121083 ns, Total: 753833 ns
[2022-09-04T02:14:05.717+0000][1][safepoint    ] Safepoint "RevokeBias", Time since last: 2638500 ns, Reaching safepoint: 1037708 ns, At safepoint: 94250 ns, Total: 1131958 ns
[2022-09-04T02:14:05.743+0000][1][safepoint    ] Safepoint "RevokeBias", Time since last: 25804875 ns, Reaching safepoint: 609250 ns, At safepoint: 95375 ns, Total: 704625 ns
[2022-09-04T02:14:05.748+0000][1][safepoint    ] Safepoint "RevokeBias", Time since last: 2904500 ns, Reaching safepoint: 1535792 ns, At safepoint: 547750 ns, Total: 2083542 ns
[2022-09-04T02:14:05.751+0000][1][safepoint    ] Safepoint "RevokeBias", Time since last: 2425250 ns, Reaching safepoint: 404667 ns, At safepoint: 80333 ns, Total: 485000 ns
[2022-09-04T02:14:05.755+0000][1][safepoint    ] Safepoint "RevokeBias", Time since last: 3038708 ns, Reaching safepoint: 482209 ns, At safepoint: 107166 ns, Total: 589375 ns
[2022-09-04T02:14:05.757+0000][1][safepoint    ] Safepoint "RevokeBias", Time since last: 1176542 ns, Reaching safepoint: 648542 ns, At safepoint: 81166 ns, Total: 729708 ns
[2022-09-04T02:14:05.759+0000][1][safepoint    ] Safepoint "RevokeBias", Time since last: 1987042 ns, Reaching safepoint: 511208 ns, At safepoint: 83584 ns, Total: 594792 ns
[2022-09-04T02:14:05.765+0000][1][safepoint    ] Safepoint "RevokeBias", Time since last: 4229125 ns, Reaching safepoint: 946500 ns, At safepoint: 203666 ns, Total: 1150166 ns
[2022-09-04T02:14:05.871+0000][1][safepoint    ] Safepoint "RevokeBias", Time since last: 105616750 ns, Reaching safepoint: 836167 ns, At safepoint: 95542 ns, Total: 931709 ns
[2022-09-04T02:14:05.881+0000][1][safepoint    ] Safepoint "RevokeBias", Time since last: 8493500 ns, Reaching safepoint: 1202125 ns, At safepoint: 133458 ns, Total: 1335583 ns
[2022-09-04T02:14:05.884+0000][1][safepoint    ] Safepoint "RevokeBias", Time since last: 2036708 ns, Reaching safepoint: 638875 ns, At safepoint: 101917 ns, Total: 740792 ns
[2022-09-04T02:14:06.011+0000][1][safepoint    ] Safepoint "RevokeBias", Time since last: 126440917 ns, Reaching safepoint: 965042 ns, At safepoint: 177000 ns, Total: 1142042 ns
[2022-09-04T02:14:06.231+0000][1][safepoint    ] Safepoint "RevokeBias", Time since last: 217849125 ns, Reaching safepoint: 1680833 ns, At safepoint: 102917 ns, Total: 1783750 ns
[2022-09-04T02:14:06.514+0000][1][safepoint    ] Safepoint "RevokeBias", Time since last: 282392458 ns, Reaching safepoint: 752500 ns, At safepoint: 99125 ns, Total: 851625 ns
[2022-09-04T02:14:06.625+0000][1][safepoint    ] Safepoint "BulkRevokeBias", Time since last: 107328084 ns, Reaching safepoint: 1227625 ns, At safepoint: 2038750 ns, Total: 3266375 ns
[2022-09-04T02:14:06.745+0000][1][safepoint    ] Safepoint "RevokeBias", Time since last: 118281041 ns, Reaching safepoint: 1300334 ns, At safepoint: 142708 ns, Total: 1443042 ns
[2022-09-04T02:14:06.749+0000][1][safepoint    ] Safepoint "RevokeBias", Time since last: 3287750 ns, Reaching safepoint: 1002083 ns, At safepoint: 103334 ns, Total: 1105417 ns
[2022-09-04T02:14:06.759+0000][1][safepoint    ] Safepoint "RevokeBias", Time since last: 8604875 ns, Reaching safepoint: 545083 ns, At safepoint: 134042 ns, Total: 679125 ns
[2022-09-04T02:14:06.770+0000][1][safepoint    ] Safepoint "RevokeBias", Time since last: 11069125 ns, Reaching safepoint: 553958 ns, At safepoint: 110333 ns, Total: 664291 ns
[2022-09-04T02:14:06.773+0000][1][safepoint    ] Safepoint "RevokeBias", Time since last: 2458084 ns, Reaching safepoint: 383500 ns, At safepoint: 79958 ns, Total: 463458 ns
[2022-09-04T02:14:06.789+0000][1][safepoint    ] Safepoint "RevokeBias", Time since last: 15067667 ns, Reaching safepoint: 923083 ns, At safepoint: 112167 ns, Total: 1035250 ns
[2022-09-04T02:14:06.801+0000][1][safepoint    ] Safepoint "RevokeBias", Time since last: 10572041 ns, Reaching safepoint: 1364667 ns, At safepoint: 137500 ns, Total: 1502167 ns
[2022-09-04T02:14:06.810+0000][1][safepoint    ] Safepoint "RevokeBias", Time since last: 6442917 ns, Reaching safepoint: 1508416 ns, At safepoint: 540292 ns, Total: 2048708 ns
[2022-09-04T02:14:06.813+0000][1][safepoint    ] Safepoint "RevokeBias", Time since last: 2172583 ns, Reaching safepoint: 795292 ns, At safepoint: 388167 ns, Total: 1183459 ns
[2022-09-04T02:14:06.829+0000][1][safepoint    ] Safepoint "RevokeBias", Time since last: 14273541 ns, Reaching safepoint: 996417 ns, At safepoint: 281208 ns, Total: 1277625 ns
[2022-09-04T02:14:06.841+0000][1][safepoint    ] Safepoint "RevokeBias", Time since last: 10745875 ns, Reaching safepoint: 1792292 ns, At safepoint: 117917 ns, Total: 1910209 ns
[2022-09-04T02:14:06.844+0000][1][safepoint    ] Safepoint "RevokeBias", Time since last: 2220666 ns, Reaching safepoint: 838917 ns, At safepoint: 175333 ns, Total: 1014250 ns
[2022-09-04T02:14:06.849+0000][1][safepoint    ] Safepoint "RevokeBias", Time since last: 3324167 ns, Reaching safepoint: 740333 ns, At safepoint: 110417 ns, Total: 850750 ns
[2022-09-04T02:14:06.857+0000][1][safepoint    ] Safepoint "RevokeBias", Time since last: 6997958 ns, Reaching safepoint: 848792 ns, At safepoint: 111083 ns, Total: 959875 ns
[2022-09-04T02:14:06.902+0000][1][safepoint    ] Safepoint "RevokeBias", Time since last: 44450167 ns, Reaching safepoint: 1067583 ns, At safepoint: 155000 ns, Total: 1222583 ns
[2022-09-04T02:14:06.907+0000][1][safepoint    ] Safepoint "BulkRevokeBias", Time since last: 2372084 ns, Reaching safepoint: 447750 ns, At safepoint: 2466875 ns, Total: 2914625 ns
[2022-09-04T02:14:06.916+0000][1][safepoint    ] Safepoint "RevokeBias", Time since last: 6880041 ns, Reaching safepoint: 892875 ns, At safepoint: 257292 ns, Total: 1150167 ns
[2022-09-04T02:14:06.922+0000][1][safepoint    ] Safepoint "RevokeBias", Time since last: 5066792 ns, Reaching safepoint: 888375 ns, At safepoint: 99958 ns, Total: 988333 ns
[2022-09-04T02:14:07.040+0000][1][safepoint    ] Safepoint "RevokeBias", Time since last: 117437125 ns, Reaching safepoint: 1192375 ns, At safepoint: 179708 ns, Total: 1372083 ns
[2022-09-04T02:14:07.043+0000][1][safepoint    ] Safepoint "RevokeBias", Time since last: 2128667 ns, Reaching safepoint: 851875 ns, At safepoint: 92167 ns, Total: 944042 ns
[2022-09-04T02:14:07.070+0000][1][safepoint    ] Safepoint "RevokeBias", Time since last: 25261958 ns, Reaching safepoint: 1024542 ns, At safepoint: 95625 ns, Total: 1120167 ns
[2022-09-04T02:14:07.072+0000][1][safepoint    ] Safepoint "RevokeBias", Time since last: 1248625 ns, Reaching safepoint: 462416 ns, At safepoint: 71542 ns, Total: 533958 ns
[2022-09-04T02:14:07.119+0000][1][safepoint    ] Safepoint "RevokeBias", Time since last: 47093125 ns, Reaching safepoint: 480958 ns, At safepoint: 92625 ns, Total: 573583 ns
[2022-09-04T02:14:07.149+0000][1][safepoint    ] Safepoint "RevokeBias", Time since last: 28677792 ns, Reaching safepoint: 665542 ns, At safepoint: 107500 ns, Total: 773042 ns
[2022-09-04T02:14:07.160+0000][1][safepoint    ] Safepoint "RevokeBias", Time since last: 10067208 ns, Reaching safepoint: 868917 ns, At safepoint: 116041 ns, Total: 984958 ns
[2022-09-04T02:14:08.167+0000][1][safepoint    ] Safepoint "Cleanup", Time since last: 1005950876 ns, Reaching safepoint: 1064833 ns, At safepoint: 38209 ns, Total: 1103042 ns
[2022-09-04T02:14:09.172+0000][1][safepoint    ] Safepoint "Cleanup", Time since last: 1002249958 ns, Reaching safepoint: 2492167 ns, At safepoint: 74500 ns, Total: 2566667 ns
[2022-09-04T02:14:10.177+0000][1][safepoint    ] Safepoint "Cleanup", Time since last: 1002600751 ns, Reaching safepoint: 2962250 ns, At safepoint: 146000 ns, Total: 3108250 ns
[2022-09-04T02:14:11.185+0000][1][safepoint    ] Safepoint "Cleanup", Time since last: 1004752667 ns, Reaching safepoint: 2854125 ns, At safepoint: 87708 ns, Total: 2941833 ns
[2022-09-04T02:14:12.191+0000][1][safepoint    ] Safepoint "Cleanup", Time since last: 1005047292 ns, Reaching safepoint: 919000 ns, At safepoint: 21334 ns, Total: 940334 ns
[2022-09-04T02:14:13.194+0000][1][safepoint    ] Safepoint "Cleanup", Time since last: 1002113375 ns, Reaching safepoint: 786083 ns, At safepoint: 24625 ns, Total: 810708 ns
[2022-09-04T02:14:14.199+0000][1][safepoint    ] Safepoint "Cleanup", Time since last: 1001788709 ns, Reaching safepoint: 2619083 ns, At safepoint: 131834 ns, Total: 2750917 ns
[2022-09-04T02:14:15.205+0000][1][safepoint    ] Safepoint "Cleanup", Time since last: 1004867542 ns, Reaching safepoint: 1815958 ns, At safepoint: 51084 ns, Total: 1867042 ns
[2022-09-04T02:14:16.212+0000][1][safepoint    ] Safepoint "Cleanup", Time since last: 1003622750 ns, Reaching safepoint: 3062958 ns, At safepoint: 74625 ns, Total: 3137583 ns
[2022-09-04T02:14:16.976+0000][1][safepoint    ] Safepoint "BulkRevokeBias", Time since last: 761222876 ns, Reaching safepoint: 795000 ns, At safepoint: 1768458 ns, Total: 2563458 ns
[2022-09-04T02:14:16.982+0000][1][safepoint    ] Safepoint "RevokeBias", Time since last: 5250250 ns, Reaching safepoint: 516083 ns, At safepoint: 102417 ns, Total: 618500 ns
[2022-09-04T02:14:16.994+0000][1][safepoint    ] Safepoint "RevokeBias", Time since last: 11750750 ns, Reaching safepoint: 729417 ns, At safepoint: 125375 ns, Total: 854792 ns
[2022-09-04T02:14:17.113+0000][1][safepoint    ] Safepoint "RevokeBias", Time since last: 116948625 ns, Reaching safepoint: 1015583 ns, At safepoint: 256959 ns, Total: 1272542 ns
[2022-09-04T02:14:17.115+0000][1][safepoint    ] Safepoint "RevokeBias", Time since last: 1932916 ns, Reaching safepoint: 391625 ns, At safepoint: 81834 ns, Total: 473459 ns
[2022-09-04T02:14:17.117+0000][1][safepoint    ] Safepoint "RevokeBias", Time since last: 1691666 ns, Reaching safepoint: 493542 ns, At safepoint: 94375 ns, Total: 587917 ns
[2022-09-04T02:14:17.119+0000][1][safepoint    ] Safepoint "RevokeBias", Time since last: 1304417 ns, Reaching safepoint: 457208 ns, At safepoint: 92750 ns, Total: 549958 ns
[2022-09-04T02:14:17.121+0000][1][safepoint    ] Safepoint "RevokeBias", Time since last: 1230708 ns, Reaching safepoint: 454209 ns, At safepoint: 72541 ns, Total: 526750 ns
[2022-09-04T02:14:17.124+0000][1][safepoint    ] Safepoint "RevokeBias", Time since last: 1713459 ns, Reaching safepoint: 1243041 ns, At safepoint: 91917 ns, Total: 1334958 ns
[2022-09-04T02:14:17.137+0000][1][safepoint    ] Safepoint "RevokeBias", Time since last: 11935250 ns, Reaching safepoint: 1093625 ns, At safepoint: 111333 ns, Total: 1204958 ns
[2022-09-04T02:14:17.141+0000][1][safepoint    ] Safepoint "RevokeBias", Time since last: 3444542 ns, Reaching safepoint: 491042 ns, At safepoint: 85250 ns, Total: 576292 ns
[2022-09-04T02:14:17.144+0000][1][safepoint    ] Safepoint "RevokeBias", Time since last: 2429875 ns, Reaching safepoint: 349958 ns, At safepoint: 66125 ns, Total: 416083 ns
[2022-09-04T02:14:17.146+0000][1][safepoint    ] Safepoint "RevokeBias", Time since last: 1116542 ns, Reaching safepoint: 536666 ns, At safepoint: 69125 ns, Total: 605791 ns
[2022-09-04T02:14:17.147+0000][1][safepoint    ] Safepoint "RevokeBias", Time since last: 1335917 ns, Reaching safepoint: 332958 ns, At safepoint: 89917 ns, Total: 422875 ns
[2022-09-04T02:14:17.149+0000][1][safepoint    ] Safepoint "RevokeBias", Time since last: 1425750 ns, Reaching safepoint: 435083 ns, At safepoint: 72584 ns, Total: 507667 ns
[2022-09-04T02:14:17.152+0000][1][safepoint    ] Safepoint "RevokeBias", Time since last: 1751291 ns, Reaching safepoint: 454500 ns, At safepoint: 63875 ns, Total: 518375 ns
[2022-09-04T02:14:17.154+0000][1][safepoint    ] Safepoint "RevokeBias", Time since last: 2214500 ns, Reaching safepoint: 505750 ns, At safepoint: 105084 ns, Total: 610834 ns
[2022-09-04T02:14:17.272+0000][1][safepoint    ] Safepoint "RevokeBias", Time since last: 116627083 ns, Reaching safepoint: 877667 ns, At safepoint: 102000 ns, Total: 979667 ns
[2022-09-04T02:14:17.287+0000][1][safepoint    ] Safepoint "RevokeBias", Time since last: 13815833 ns, Reaching safepoint: 965083 ns, At safepoint: 135709 ns, Total: 1100792 ns
[2022-09-04T02:14:17.290+0000][1][safepoint    ] Safepoint "RevokeBias", Time since last: 2050708 ns, Reaching safepoint: 500500 ns, At safepoint: 99000 ns, Total: 599500 ns
[2022-09-04T02:14:17.403+0000][1][safepoint    ] Safepoint "RevokeBias", Time since last: 111840542 ns, Reaching safepoint: 1069666 ns, At safepoint: 141584 ns, Total: 1211250 ns
[2022-09-04T02:14:17.646+0000][1][safepoint    ] Safepoint "RevokeBias", Time since last: 241603958 ns, Reaching safepoint: 1235417 ns, At safepoint: 242750 ns, Total: 1478167 ns
[2022-09-04T02:14:17.826+0000][1][safepoint    ] Safepoint "RevokeBias", Time since last: 179338583 ns, Reaching safepoint: 660917 ns, At safepoint: 88708 ns, Total: 749625 ns
[2022-09-04T02:14:17.864+0000][1][safepoint    ] Safepoint "RevokeBias", Time since last: 36000584 ns, Reaching safepoint: 1679125 ns, At safepoint: 111250 ns, Total: 1790375 ns
[2022-09-04T02:14:17.937+0000][1][safepoint    ] Safepoint "RevokeBias", Time since last: 72583416 ns, Reaching safepoint: 921292 ns, At safepoint: 100583 ns, Total: 1021875 ns
[2022-09-04T02:14:18.044+0000][1][safepoint    ] Safepoint "RevokeBias", Time since last: 105376000 ns, Reaching safepoint: 882042 ns, At safepoint: 116958 ns, Total: 999000 ns
[2022-09-04T02:14:18.065+0000][1][safepoint    ] Safepoint "RevokeBias", Time since last: 20693000 ns, Reaching safepoint: 543875 ns, At safepoint: 96959 ns, Total: 640834 ns
[2022-09-04T02:14:18.080+0000][1][safepoint    ] Safepoint "RevokeBias", Time since last: 13890375 ns, Reaching safepoint: 723291 ns, At safepoint: 108500 ns, Total: 831791 ns
[2022-09-04T02:14:18.083+0000][1][safepoint    ] Safepoint "RevokeBias", Time since last: 2957667 ns, Reaching safepoint: 453833 ns, At safepoint: 101167 ns, Total: 555000 ns
[2022-09-04T02:14:18.104+0000][1][safepoint    ] Safepoint "BulkRevokeBias", Time since last: 18367625 ns, Reaching safepoint: 820708 ns, At safepoint: 1980417 ns, Total: 2801125 ns
[2022-09-04T02:14:18.113+0000][1][safepoint    ] Safepoint "RevokeBias", Time since last: 8011792 ns, Reaching safepoint: 757000 ns, At safepoint: 130625 ns, Total: 887625 ns
[2022-09-04T02:14:18.119+0000][1][safepoint    ] Safepoint "RevokeBias", Time since last: 4352208 ns, Reaching safepoint: 810708 ns, At safepoint: 456709 ns, Total: 1267417 ns
[2022-09-04T02:14:18.121+0000][1][safepoint    ] Safepoint "RevokeBias", Time since last: 1416750 ns, Reaching safepoint: 621250 ns, At safepoint: 379916 ns, Total: 1001166 ns
[2022-09-04T02:14:18.124+0000][1][safepoint    ] Safepoint "RevokeBias", Time since last: 1518000 ns, Reaching safepoint: 1072334 ns, At safepoint: 143250 ns, Total: 1215584 ns
[2022-09-04T02:14:18.129+0000][1][safepoint    ] Safepoint "RevokeBias", Time since last: 3831291 ns, Reaching safepoint: 703000 ns, At safepoint: 111250 ns, Total: 814250 ns
[2022-09-04T02:14:18.139+0000][1][safepoint    ] Safepoint "RevokeBias", Time since last: 8486000 ns, Reaching safepoint: 1196459 ns, At safepoint: 591500 ns, Total: 1787959 ns
[2022-09-04T02:14:18.141+0000][1][safepoint    ] Safepoint "RevokeBias", Time since last: 1680500 ns, Reaching safepoint: 507833 ns, At safepoint: 110125 ns, Total: 617958 ns
[2022-09-04T02:14:18.143+0000][1][safepoint    ] Safepoint "RevokeBias", Time since last: 1296042 ns, Reaching safepoint: 381333 ns, At safepoint: 81667 ns, Total: 463000 ns
[2022-09-04T02:14:18.151+0000][1][safepoint    ] Safepoint "RevokeBias", Time since last: 7275333 ns, Reaching safepoint: 684458 ns, At safepoint: 102709 ns, Total: 787167 ns
[2022-09-04T02:14:18.191+0000][1][safepoint    ] Safepoint "RevokeBias", Time since last: 39589000 ns, Reaching safepoint: 642208 ns, At safepoint: 275708 ns, Total: 917916 ns
[2022-09-04T02:14:18.194+0000][1][safepoint    ] Safepoint "RevokeBias", Time since last: 2168834 ns, Reaching safepoint: 400625 ns, At safepoint: 93166 ns, Total: 493791 ns
[2022-09-04T02:14:18.202+0000][1][safepoint    ] Safepoint "RevokeBias", Time since last: 5785584 ns, Reaching safepoint: 1700416 ns, At safepoint: 855667 ns, Total: 2556083 ns
[2022-09-04T02:14:18.208+0000][1][safepoint    ] Safepoint "RevokeBias", Time since last: 4120833 ns, Reaching safepoint: 927917 ns, At safepoint: 132667 ns, Total: 1060584 ns
[2022-09-04T02:14:18.369+0000][1][safepoint    ] Safepoint "RevokeBias", Time since last: 160355916 ns, Reaching safepoint: 980959 ns, At safepoint: 136500 ns, Total: 1117459 ns
[2022-09-04T02:14:18.371+0000][1][safepoint    ] Safepoint "RevokeBias", Time since last: 1372833 ns, Reaching safepoint: 370750 ns, At safepoint: 69250 ns, Total: 440000 ns
[2022-09-04T02:14:18.407+0000][1][safepoint    ] Safepoint "RevokeBias", Time since last: 35832250 ns, Reaching safepoint: 591917 ns, At safepoint: 98916 ns, Total: 690833 ns
[2022-09-04T02:14:18.424+0000][1][safepoint    ] Safepoint "RevokeBias", Time since last: 15038209 ns, Reaching safepoint: 930000 ns, At safepoint: 103583 ns, Total: 1033583 ns
[2022-09-04T02:14:18.461+0000][1][safepoint    ] Safepoint "RevokeBias", Time since last: 35674250 ns, Reaching safepoint: 1222667 ns, At safepoint: 112875 ns, Total: 1335542 ns
[2022-09-04T02:14:18.467+0000][1][safepoint    ] Safepoint "RevokeBias", Time since last: 5240041 ns, Reaching safepoint: 722209 ns, At safepoint: 101958 ns, Total: 824167 ns
[2022-09-04T02:14:18.476+0000][1][safepoint    ] Safepoint "RevokeBias", Time since last: 8027542 ns, Reaching safepoint: 790583 ns, At safepoint: 113000 ns, Total: 903583 ns
[2022-09-04T02:14:19.479+0000][1][safepoint    ] Safepoint "Cleanup", Time since last: 1002106292 ns, Reaching safepoint: 1335209 ns, At safepoint: 36291 ns, Total: 1371500 ns
[2022-09-04T02:14:20.288+0000][1][safepoint    ] Safepoint "RevokeBias", Time since last: 806864792 ns, Reaching safepoint: 1459709 ns, At safepoint: 216333 ns, Total: 1676042 ns
[2022-09-04T02:14:20.294+0000][1][safepoint    ] Safepoint "RevokeBias", Time since last: 5308917 ns, Reaching safepoint: 1018500 ns, At safepoint: 263708 ns, Total: 1282208 ns
[2022-09-04T02:14:20.310+0000][1][safepoint    ] Safepoint "RevokeBias", Time since last: 14825333 ns, Reaching safepoint: 1190084 ns, At safepoint: 183750 ns, Total: 1373834 ns
[2022-09-04T02:14:20.324+0000][1][safepoint    ] Safepoint "RevokeBias", Time since last: 12709166 ns, Reaching safepoint: 917792 ns, At safepoint: 135208 ns, Total: 1053000 ns
[2022-09-04T02:14:20.334+0000][1][safepoint    ] Safepoint "RevokeBias", Time since last: 8858250 ns, Reaching safepoint: 967459 ns, At safepoint: 112250 ns, Total: 1079709 ns
[2022-09-04T02:14:21.337+0000][1][safepoint    ] Safepoint "Cleanup", Time since last: 1001651042 ns, Reaching safepoint: 895042 ns, At safepoint: 35666 ns, Total: 930708 ns
[2022-09-04T02:14:22.343+0000][1][safepoint    ] Safepoint "Cleanup", Time since last: 1002187126 ns, Reaching safepoint: 3650291 ns, At safepoint: 171250 ns, Total: 3821541 ns
[2022-09-04T02:14:23.352+0000][1][safepoint    ] Safepoint "Cleanup", Time since last: 1005444792 ns, Reaching safepoint: 3587834 ns, At safepoint: 85875 ns, Total: 3673709 ns
[2022-09-04T02:14:24.359+0000][1][safepoint    ] Safepoint "Cleanup", Time since last: 1003819459 ns, Reaching safepoint: 3092500 ns, At safepoint: 65250 ns, Total: 3157750 ns
[2022-09-04T02:14:25.366+0000][1][safepoint    ] Safepoint "Cleanup", Time since last: 1004704458 ns, Reaching safepoint: 2662792 ns, At safepoint: 78125 ns, Total: 2740917 ns
[2022-09-04T02:14:26.372+0000][1][safepoint    ] Safepoint "Cleanup", Time since last: 1004675834 ns, Reaching safepoint: 865667 ns, At safepoint: 20333 ns, Total: 886000 ns
[2022-09-04T02:14:27.379+0000][1][safepoint    ] Safepoint "Cleanup", Time since last: 1003025584 ns, Reaching safepoint: 4052166 ns, At safepoint: 90375 ns, Total: 4142541 ns
[2022-09-04T02:14:28.385+0000][1][safepoint    ] Safepoint "Cleanup", Time since last: 1004919626 ns, Reaching safepoint: 1220583 ns, At safepoint: 30917 ns, Total: 1251500 ns
[2022-09-04T02:14:29.390+0000][1][safepoint    ] Safepoint "Cleanup", Time since last: 1002354709 ns, Reaching safepoint: 2488541 ns, At safepoint: 60084 ns, Total: 2548625 ns
[2022-09-04T02:14:30.397+0000][1][safepoint    ] Safepoint "Cleanup", Time since last: 1005260250 ns, Reaching safepoint: 1263917 ns, At safepoint: 27667 ns, Total: 1291584 ns
[2022-09-04T02:14:31.401+0000][1][safepoint    ] Safepoint "Cleanup", Time since last: 1003124083 ns, Reaching safepoint: 880042 ns, At safepoint: 26333 ns, Total: 906375 ns
[2022-09-04T02:14:32.404+0000][1][safepoint    ] Safepoint "Cleanup", Time since last: 1001802959 ns, Reaching safepoint: 1195083 ns, At safepoint: 32459 ns, Total: 1227542 ns
[2022-09-04T02:14:33.410+0000][1][safepoint    ] Safepoint "Cleanup", Time since last: 1002289209 ns, Reaching safepoint: 3279375 ns, At safepoint: 70416 ns, Total: 3349791 ns
[2022-09-04T02:14:34.415+0000][1][safepoint    ] Safepoint "Cleanup", Time since last: 1004402417 ns, Reaching safepoint: 1326042 ns, At safepoint: 34375 ns, Total: 1360417 ns
[2022-09-04T02:14:35.418+0000][1][safepoint    ] Safepoint "Cleanup", Time since last: 1002138792 ns, Reaching safepoint: 1335250 ns, At safepoint: 33250 ns, Total: 1368500 ns
[2022-09-04T02:14:36.423+0000][1][safepoint    ] Safepoint "Cleanup", Time since last: 1004462333 ns, Reaching safepoint: 822542 ns, At safepoint: 28792 ns, Total: 851334 ns
[2022-09-04T02:14:37.429+0000][1][safepoint    ] Safepoint "Cleanup", Time since last: 1002461292 ns, Reaching safepoint: 2632875 ns, At safepoint: 70708 ns, Total: 2703583 ns
[2022-09-04T02:14:38.435+0000][1][safepoint    ] Safepoint "Cleanup", Time since last: 1004401501 ns, Reaching safepoint: 1823458 ns, At safepoint: 46167 ns, Total: 1869625 ns
[2022-09-04T02:14:40.225+0000][1][safepoint    ] Safepoint "Cleanup", Time since last: 1787087709 ns, Reaching safepoint: 2717292 ns, At safepoint: 76500 ns, Total: 2793792 ns
[2022-09-04T02:14:41.235+0000][1][safepoint    ] Safepoint "Cleanup", Time since last: 1008337833 ns, Reaching safepoint: 1585292 ns, At safepoint: 39500 ns, Total: 1624792 ns
[2022-09-04T02:14:42.242+0000][1][safepoint    ] Safepoint "Cleanup", Time since last: 1004792459 ns, Reaching safepoint: 2485875 ns, At safepoint: 94333 ns, Total: 2580208 ns
[2022-09-04T02:14:43.247+0000][1][safepoint    ] Safepoint "Cleanup", Time since last: 1003839042 ns, Reaching safepoint: 779250 ns, At safepoint: 22125 ns, Total: 801375 ns
[2022-09-04T02:14:44.253+0000][1][safepoint    ] Safepoint "Cleanup", Time since last: 1002828834 ns, Reaching safepoint: 3278708 ns, At safepoint: 234917 ns, Total: 3513625 ns
[2022-09-04T02:14:45.259+0000][1][safepoint    ] Safepoint "Cleanup", Time since last: 1004528501 ns, Reaching safepoint: 1285541 ns, At safepoint: 75542 ns, Total: 1361083 ns
[2022-09-04T02:14:46.264+0000][1][safepoint    ] Safepoint "Cleanup", Time since last: 1002330125 ns, Reaching safepoint: 2312292 ns, At safepoint: 82417 ns, Total: 2394709 ns
[2022-09-04T02:14:47.271+0000][1][safepoint    ] Safepoint "Cleanup", Time since last: 1006673875 ns, Reaching safepoint: 837709 ns, At safepoint: 21666 ns, Total: 859375 ns
[2022-09-04T02:14:47.424+0000][1][safepoint    ] Safepoint "RevokeBias", Time since last: 150890792 ns, Reaching safepoint: 1250375 ns, At safepoint: 150083 ns, Total: 1400458 ns
[2022-09-04T02:14:47.429+0000][1][safepoint    ] Safepoint "RevokeBias", Time since last: 3237959 ns, Reaching safepoint: 1831791 ns, At safepoint: 222709 ns, Total: 2054500 ns
[2022-09-04T02:14:48.433+0000][1][safepoint    ] Safepoint "Cleanup", Time since last: 1002758917 ns, Reaching safepoint: 935000 ns, At safepoint: 26416 ns, Total: 961416 ns
[2022-09-04T02:14:49.435+0000][1][safepoint    ] Safepoint "Cleanup", Time since last: 1001691959 ns, Reaching safepoint: 883750 ns, At safepoint: 24417 ns, Total: 908167 ns
[2022-09-04T02:14:50.440+0000][1][safepoint    ] Safepoint "Cleanup", Time since last: 1003116000 ns, Reaching safepoint: 1842875 ns, At safepoint: 40959 ns, Total: 1883834 ns
[2022-09-04T02:14:51.445+0000][1][safepoint    ] Safepoint "Cleanup", Time since last: 1003885000 ns, Reaching safepoint: 818334 ns, At safepoint: 25083 ns, Total: 843417 ns
[2022-09-04T02:14:52.450+0000][1][safepoint    ] Safepoint "Cleanup", Time since last: 1002731375 ns, Reaching safepoint: 2088459 ns, At safepoint: 76625 ns, Total: 2165084 ns
[2022-09-04T02:14:53.467+0000][1][safepoint    ] Safepoint "Cleanup", Time since last: 1011096292 ns, Reaching safepoint: 5996333 ns, At safepoint: 39209 ns, Total: 6035542 ns
[2022-09-04T02:14:54.475+0000][1][safepoint    ] Safepoint "Cleanup", Time since last: 1006344833 ns, Reaching safepoint: 1777709 ns, At safepoint: 41625 ns, Total: 1819334 ns
[2022-09-04T02:14:55.482+0000][1][safepoint    ] Safepoint "Cleanup", Time since last: 1004165042 ns, Reaching safepoint: 2203375 ns, At safepoint: 46375 ns, Total: 2249750 ns
[2022-09-04T02:14:56.488+0000][1][safepoint    ] Safepoint "Cleanup", Time since last: 1005652417 ns, Reaching safepoint: 835583 ns, At safepoint: 19959 ns, Total: 855542 ns
[2022-09-04T02:14:57.507+0000][1][safepoint    ] Safepoint "Cleanup", Time since last: 1017656625 ns, Reaching safepoint: 1245208 ns, At safepoint: 60250 ns, Total: 1305458 ns
[2022-09-04T02:14:58.513+0000][1][safepoint    ] Safepoint "Cleanup", Time since last: 1004843459 ns, Reaching safepoint: 883167 ns, At safepoint: 21958 ns, Total: 905125 ns
[2022-09-04T02:14:59.532+0000][1][safepoint    ] Safepoint "Cleanup", Time since last: 1017336876 ns, Reaching safepoint: 1453916 ns, At safepoint: 80584 ns, Total: 1534500 ns
[2022-09-04T02:15:00.535+0000][1][safepoint    ] Safepoint "Cleanup", Time since last: 1002308334 ns, Reaching safepoint: 867333 ns, At safepoint: 24583 ns, Total: 891916 ns
[2022-09-04T02:15:01.538+0000][1][safepoint    ] Safepoint "Cleanup", Time since last: 1001714209 ns, Reaching safepoint: 1260583 ns, At safepoint: 33834 ns, Total: 1294417 ns
[2022-09-04T02:15:02.542+0000][1][safepoint    ] Safepoint "Cleanup", Time since last: 1002776000 ns, Reaching safepoint: 1311959 ns, At safepoint: 34125 ns, Total: 1346084 ns
[2022-09-04T02:15:03.548+0000][1][safepoint    ] Safepoint "Cleanup", Time since last: 1003685125 ns, Reaching safepoint: 1947167 ns, At safepoint: 108250 ns, Total: 2055417 ns
[2022-09-04T02:15:04.553+0000][1][safepoint    ] Safepoint "Cleanup", Time since last: 1004612833 ns, Reaching safepoint: 1016292 ns, At safepoint: 40334 ns, Total: 1056626 ns
[2022-09-04T02:15:05.559+0000][1][safepoint    ] Safepoint "Cleanup", Time since last: 1002414458 ns, Reaching safepoint: 3159500 ns, At safepoint: 249291 ns, Total: 3408791 ns
[2022-09-04T02:15:06.567+0000][1][safepoint    ] Safepoint "Cleanup", Time since last: 1006987626 ns, Reaching safepoint: 1168708 ns, At safepoint: 34375 ns, Total: 1203083 ns
[2022-09-04T02:15:07.572+0000][1][safepoint    ] Safepoint "Cleanup", Time since last: 1003471501 ns, Reaching safepoint: 1162791 ns, At safepoint: 21709 ns, Total: 1184500 ns
[2022-09-04T02:15:09.139+0000][1][safepoint    ] Safepoint "Cleanup", Time since last: 1566269167 ns, Reaching safepoint: 1407375 ns, At safepoint: 31750 ns, Total: 1439125 ns
[2022-09-04T02:15:10.143+0000][1][safepoint    ] Safepoint "Cleanup", Time since last: 1002507251 ns, Reaching safepoint: 1012625 ns, At safepoint: 27458 ns, Total: 1040083 ns
[2022-09-04T02:15:11.147+0000][1][safepoint    ] Safepoint "Cleanup", Time since last: 1002975042 ns, Reaching safepoint: 1220875 ns, At safepoint: 38917 ns, Total: 1259792 ns
[2022-09-04T02:15:12.153+0000][1][safepoint    ] Safepoint "Cleanup", Time since last: 1005057667 ns, Reaching safepoint: 960458 ns, At safepoint: 20833 ns, Total: 981291 ns
[2022-09-04T02:15:13.156+0000][1][safepoint    ] Safepoint "Cleanup", Time since last: 1001977376 ns, Reaching safepoint: 945542 ns, At safepoint: 41833 ns, Total: 987375 ns
[2022-09-04T02:15:14.164+0000][1][safepoint    ] Safepoint "Cleanup", Time since last: 1006684959 ns, Reaching safepoint: 1318041 ns, At safepoint: 30459 ns, Total: 1348500 ns
[2022-09-04T02:15:15.170+0000][1][safepoint    ] Safepoint "Cleanup", Time since last: 1003525125 ns, Reaching safepoint: 1745584 ns, At safepoint: 63250 ns, Total: 1808834 ns
[2022-09-04T02:15:16.176+0000][1][safepoint    ] Safepoint "Cleanup", Time since last: 1005632583 ns, Reaching safepoint: 1146292 ns, At safepoint: 33417 ns, Total: 1179709 ns
[2022-09-04T02:15:17.182+0000][1][safepoint    ] Safepoint "Cleanup", Time since last: 1002506125 ns, Reaching safepoint: 2614209 ns, At safepoint: 79625 ns, Total: 2693834 ns
[2022-09-04T02:15:18.188+0000][1][safepoint    ] Safepoint "Cleanup", Time since last: 1005342208 ns, Reaching safepoint: 910167 ns, At safepoint: 42458 ns, Total: 952625 ns
[2022-09-04T02:15:19.191+0000][1][safepoint    ] Safepoint "Cleanup", Time since last: 1002221084 ns, Reaching safepoint: 761792 ns, At safepoint: 26583 ns, Total: 788375 ns
[2022-09-04T02:15:20.193+0000][1][safepoint    ] Safepoint "Cleanup", Time since last: 1001494084 ns, Reaching safepoint: 752125 ns, At safepoint: 20625 ns, Total: 772750 ns
[2022-09-04T02:15:21.197+0000][1][safepoint    ] Safepoint "Cleanup", Time since last: 1002436000 ns, Reaching safepoint: 1197459 ns, At safepoint: 29958 ns, Total: 1227417 ns
[2022-09-04T02:15:22.203+0000][1][safepoint    ] Safepoint "Cleanup", Time since last: 1004642292 ns, Reaching safepoint: 1748625 ns, At safepoint: 125334 ns, Total: 1873959 ns
[2022-09-04T02:15:23.209+0000][1][safepoint    ] Safepoint "Cleanup", Time since last: 1004521917 ns, Reaching safepoint: 1080541 ns, At safepoint: 30459 ns, Total: 1111000 ns
[2022-09-04T02:15:24.215+0000][1][safepoint    ] Safepoint "Cleanup", Time since last: 1003310417 ns, Reaching safepoint: 2198250 ns, At safepoint: 74542 ns, Total: 2272792 ns
[2022-09-04T02:15:25.221+0000][1][safepoint    ] Safepoint "Cleanup", Time since last: 1004672125 ns, Reaching safepoint: 1464208 ns, At safepoint: 37917 ns, Total: 1502125 ns
[2022-09-04T02:15:26.224+0000][1][safepoint    ] Safepoint "Cleanup", Time since last: 1002012126 ns, Reaching safepoint: 1204708 ns, At safepoint: 38625 ns, Total: 1243333 ns
[2022-09-04T02:15:27.230+0000][1][safepoint    ] Safepoint "Cleanup", Time since last: 1002596500 ns, Reaching safepoint: 3304250 ns, At safepoint: 60959 ns, Total: 3365209 ns
[2022-09-04T02:15:28.238+0000][1][safepoint    ] Safepoint "Cleanup", Time since last: 1006792750 ns, Reaching safepoint: 1092708 ns, At safepoint: 30542 ns, Total: 1123250 ns
[2022-09-04T02:15:29.242+0000][1][safepoint    ] Safepoint "Cleanup", Time since last: 1002625334 ns, Reaching safepoint: 1101542 ns, At safepoint: 27708 ns, Total: 1129250 ns
[2022-09-04T02:15:30.246+0000][1][safepoint    ] Safepoint "Cleanup", Time since last: 1003115959 ns, Reaching safepoint: 878875 ns, At safepoint: 27166 ns, Total: 906041 ns
[2022-09-04T02:15:31.251+0000][1][safepoint    ] Safepoint "Cleanup", Time since last: 1003769501 ns, Reaching safepoint: 1975292 ns, At safepoint: 87458 ns, Total: 2062750 ns
[2022-09-04T02:15:32.259+0000][1][safepoint    ] Safepoint "Cleanup", Time since last: 1004999584 ns, Reaching safepoint: 2024625 ns, At safepoint: 59375 ns, Total: 2084000 ns
[2022-09-04T02:15:33.299+0000][1][safepoint    ] Safepoint "Cleanup", Time since last: 1025350792 ns, Reaching safepoint: 9385000 ns, At safepoint: 318750 ns, Total: 9703750 ns
[2022-09-04T02:15:34.314+0000][1][safepoint    ] Safepoint "Cleanup", Time since last: 1017260084 ns, Reaching safepoint: 3327375 ns, At safepoint: 97541 ns, Total: 3424916 ns
[2022-09-04T02:15:35.322+0000][1][safepoint    ] Safepoint "Cleanup", Time since last: 1004008001 ns, Reaching safepoint: 4193666 ns, At safepoint: 96459 ns, Total: 4290125 ns
[2022-09-04T02:15:36.331+0000][1][safepoint    ] Safepoint "Cleanup", Time since last: 1007543250 ns, Reaching safepoint: 1080458 ns, At safepoint: 36292 ns, Total: 1116750 ns
[2022-09-04T02:15:37.337+0000][1][safepoint    ] Safepoint "Cleanup", Time since last: 1002262834 ns, Reaching safepoint: 3735333 ns, At safepoint: 105834 ns, Total: 3841167 ns
[2022-09-04T02:15:38.344+0000][1][safepoint    ] Safepoint "Cleanup", Time since last: 1005443417 ns, Reaching safepoint: 1408333 ns, At safepoint: 58375 ns, Total: 1466708 ns
[2022-09-04T02:15:39.350+0000][1][safepoint    ] Safepoint "Cleanup", Time since last: 1002204584 ns, Reaching safepoint: 3972458 ns, At safepoint: 49417 ns, Total: 4021875 ns
[2022-09-04T02:15:40.542+0000][1][safepoint    ] Safepoint "Cleanup", Time since last: 1191914250 ns, Reaching safepoint: 799542 ns, At safepoint: 19000 ns, Total: 818542 ns
[2022-09-04T02:15:41.547+0000][1][safepoint    ] Safepoint "Cleanup", Time since last: 1003593667 ns, Reaching safepoint: 766667 ns, At safepoint: 22375 ns, Total: 789042 ns
[2022-09-04T02:15:42.550+0000][1][safepoint    ] Safepoint "Cleanup", Time since last: 1001787000 ns, Reaching safepoint: 1604000 ns, At safepoint: 58500 ns, Total: 1662500 ns
[2022-09-04T02:15:43.555+0000][1][safepoint    ] Safepoint "Cleanup", Time since last: 1004217584 ns, Reaching safepoint: 845917 ns, At safepoint: 21625 ns, Total: 867542 ns
[2022-09-04T02:15:44.559+0000][1][safepoint    ] Safepoint "Cleanup", Time since last: 1002472750 ns, Reaching safepoint: 1139500 ns, At safepoint: 28209 ns, Total: 1167709 ns
[2022-09-04T02:15:45.564+0000][1][safepoint    ] Safepoint "Cleanup", Time since last: 1002377000 ns, Reaching safepoint: 2048167 ns, At safepoint: 48125 ns, Total: 2096292 ns
[2022-09-04T02:15:46.573+0000][1][safepoint    ] Safepoint "Cleanup", Time since last: 1008601250 ns, Reaching safepoint: 1198584 ns, At safepoint: 23833 ns, Total: 1222417 ns
[2022-09-04T02:15:47.576+0000][1][safepoint    ] Safepoint "Cleanup", Time since last: 1001820584 ns, Reaching safepoint: 967250 ns, At safepoint: 24583 ns, Total: 991833 ns
[2022-09-04T02:15:48.465+0000][1][safepoint    ] Safepoint "RevokeBias", Time since last: 886570875 ns, Reaching safepoint: 939667 ns, At safepoint: 1688708 ns, Total: 2628375 ns
[2022-09-04T02:15:48.467+0000][1][safepoint    ] Safepoint "RevokeBias", Time since last: 1449334 ns, Reaching safepoint: 397000 ns, At safepoint: 118208 ns, Total: 515208 ns
[2022-09-04T02:15:48.501+0000][1][safepoint    ] Safepoint "RevokeBias", Time since last: 33389959 ns, Reaching safepoint: 572500 ns, At safepoint: 90500 ns, Total: 663000 ns
[2022-09-04T02:15:48.511+0000][1][safepoint    ] Safepoint "RevokeBias", Time since last: 9087833 ns, Reaching safepoint: 402333 ns, At safepoint: 114542 ns, Total: 516875 ns
[2022-09-04T02:15:48.556+0000][1][safepoint    ] Safepoint "RevokeBias", Time since last: 44282792 ns, Reaching safepoint: 653250 ns, At safepoint: 181916 ns, Total: 835166 ns
[2022-09-04T02:15:48.614+0000][1][safepoint    ] Safepoint "RevokeBias", Time since last: 56784000 ns, Reaching safepoint: 566209 ns, At safepoint: 104083 ns, Total: 670292 ns
[2022-09-04T02:15:48.617+0000][1][safepoint    ] Safepoint "RevokeBias", Time since last: 3044083 ns, Reaching safepoint: 529834 ns, At safepoint: 83750 ns, Total: 613584 ns
[2022-09-04T02:15:48.677+0000][1][safepoint    ] Safepoint "RevokeBias", Time since last: 58942250 ns, Reaching safepoint: 739791 ns, At safepoint: 139209 ns, Total: 879000 ns
[2022-09-04T02:15:49.412+0000][1][safepoint    ] Safepoint "RevokeBias", Time since last: 732506875 ns, Reaching safepoint: 2358417 ns, At safepoint: 219166 ns, Total: 2577583 ns
[2022-09-04T02:15:49.420+0000][1][safepoint    ] Safepoint "RevokeBias", Time since last: 6671334 ns, Reaching safepoint: 707416 ns, At safepoint: 120167 ns, Total: 827583 ns
[2022-09-04T02:15:49.429+0000][1][safepoint    ] Safepoint "RevokeBias", Time since last: 8901833 ns, Reaching safepoint: 667459 ns, At safepoint: 99416 ns, Total: 766875 ns
[2022-09-04T02:15:50.432+0000][1][safepoint    ] Safepoint "Cleanup", Time since last: 1001612959 ns, Reaching safepoint: 921750 ns, At safepoint: 32250 ns, Total: 954000 ns
[2022-09-04T02:15:51.435+0000][1][safepoint    ] Safepoint "Cleanup", Time since last: 1002535876 ns, Reaching safepoint: 975666 ns, At safepoint: 24709 ns, Total: 1000375 ns
[2022-09-04T02:15:52.439+0000][1][safepoint    ] Safepoint "Cleanup", Time since last: 1002346500 ns, Reaching safepoint: 1125208 ns, At safepoint: 42209 ns, Total: 1167417 ns
[2022-09-04T02:15:53.443+0000][1][safepoint    ] Safepoint "Cleanup", Time since last: 1002627875 ns, Reaching safepoint: 1736084 ns, At safepoint: 49375 ns, Total: 1785459 ns
[2022-09-04T02:15:54.448+0000][1][safepoint    ] Safepoint "Cleanup", Time since last: 1002913125 ns, Reaching safepoint: 1516250 ns, At safepoint: 75750 ns, Total: 1592000 ns
[2022-09-04T02:15:55.454+0000][1][safepoint    ] Safepoint "Cleanup", Time since last: 1002682709 ns, Reaching safepoint: 3327750 ns, At safepoint: 74375 ns, Total: 3402125 ns
[2022-09-04T02:15:56.461+0000][1][safepoint    ] Safepoint "Cleanup", Time since last: 1006697625 ns, Reaching safepoint: 755459 ns, At safepoint: 19333 ns, Total: 774792 ns
[2022-09-04T02:15:57.465+0000][1][safepoint    ] Safepoint "Cleanup", Time since last: 1001847167 ns, Reaching safepoint: 1312042 ns, At safepoint: 77250 ns, Total: 1389292 ns
[2022-09-04T02:15:58.469+0000][1][safepoint    ] Safepoint "Cleanup", Time since last: 1003091417 ns, Reaching safepoint: 872208 ns, At safepoint: 23167 ns, Total: 895375 ns
[2022-09-04T02:15:59.473+0000][1][safepoint    ] Safepoint "Cleanup", Time since last: 1002747125 ns, Reaching safepoint: 1691250 ns, At safepoint: 55959 ns, Total: 1747209 ns
[2022-09-04T02:16:00.481+0000][1][safepoint    ] Safepoint "Cleanup", Time since last: 1006897709 ns, Reaching safepoint: 716125 ns, At safepoint: 20708 ns, Total: 736833 ns
[2022-09-04T02:16:01.484+0000][1][safepoint    ] Safepoint "Cleanup", Time since last: 1002743334 ns, Reaching safepoint: 789333 ns, At safepoint: 21000 ns, Total: 810333 ns
[2022-09-04T02:16:02.487+0000][1][safepoint    ] Safepoint "Cleanup", Time since last: 1001680001 ns, Reaching safepoint: 1246541 ns, At safepoint: 34042 ns, Total: 1280583 ns
[2022-09-04T02:16:03.491+0000][1][safepoint    ] Safepoint "Cleanup", Time since last: 1002411042 ns, Reaching safepoint: 1371708 ns, At safepoint: 32750 ns, Total: 1404458 ns
[2022-09-04T02:16:04.495+0000][1][safepoint    ] Safepoint "Cleanup", Time since last: 1002992709 ns, Reaching safepoint: 975458 ns, At safepoint: 24917 ns, Total: 1000375 ns
[2022-09-04T02:16:05.499+0000][1][safepoint    ] Safepoint "Cleanup", Time since last: 1002223167 ns, Reaching safepoint: 1480375 ns, At safepoint: 37250 ns, Total: 1517625 ns
[2022-09-04T02:16:06.503+0000][1][safepoint    ] Safepoint "Cleanup", Time since last: 1003530625 ns, Reaching safepoint: 773042 ns, At safepoint: 21000 ns, Total: 794042 ns
[2022-09-04T02:16:07.507+0000][1][safepoint    ] Safepoint "Cleanup", Time since last: 1002202500 ns, Reaching safepoint: 950667 ns, At safepoint: 24458 ns, Total: 975125 ns
[2022-09-04T02:16:08.510+0000][1][safepoint    ] Safepoint "Cleanup", Time since last: 1001801459 ns, Reaching safepoint: 2008458 ns, At safepoint: 50667 ns, Total: 2059125 ns
[2022-09-04T02:16:09.515+0000][1][safepoint    ] Safepoint "Cleanup", Time since last: 1002218834 ns, Reaching safepoint: 2533083 ns, At safepoint: 97750 ns, Total: 2630833 ns
[2022-09-04T02:16:10.520+0000][1][safepoint    ] Safepoint "Cleanup", Time since last: 1003896334 ns, Reaching safepoint: 942417 ns, At safepoint: 20625 ns, Total: 963042 ns
[2022-09-04T02:16:11.525+0000][1][safepoint    ] Safepoint "Cleanup", Time since last: 1003783917 ns, Reaching safepoint: 1307833 ns, At safepoint: 37000 ns, Total: 1344833 ns
[2022-09-04T02:16:12.529+0000][1][safepoint    ] Safepoint "Cleanup", Time since last: 1002442209 ns, Reaching safepoint: 985542 ns, At safepoint: 30166 ns, Total: 1015708 ns
[2022-09-04T02:16:13.531+0000][1][safepoint    ] Safepoint "Cleanup", Time since last: 1001419251 ns, Reaching safepoint: 1304333 ns, At safepoint: 30042 ns, Total: 1334375 ns
[2022-09-04T02:16:14.535+0000][1][safepoint    ] Safepoint "Cleanup", Time since last: 1002241750 ns, Reaching safepoint: 839125 ns, At safepoint: 54750 ns, Total: 893875 ns
[2022-09-04T02:16:15.474+0000][1][gc,start     ] GC(22) Pause Young (Allocation Failure)
[2022-09-04T02:16:15.480+0000][1][gc,task      ] GC(22) Using 4 workers of 4 for evacuation
[2022-09-04T02:16:15.557+0000][1][gc,age       ] GC(22) Desired survivor size 8945664 bytes, new threshold 6 (max threshold 6)
[2022-09-04T02:16:15.559+0000][1][gc,age       ] GC(22) Age table with threshold 6 (max threshold 6)
[2022-09-04T02:16:15.560+0000][1][gc,age       ] GC(22) - age   1:     373984 bytes,     373984 total
[2022-09-04T02:16:15.561+0000][1][gc,age       ] GC(22) - age   2:     353888 bytes,     727872 total
[2022-09-04T02:16:15.563+0000][1][gc,age       ] GC(22) - age   3:     103064 bytes,     830936 total
[2022-09-04T02:16:15.564+0000][1][gc,age       ] GC(22) - age   4:     131280 bytes,     962216 total
[2022-09-04T02:16:15.565+0000][1][gc,age       ] GC(22) - age   5:      83104 bytes,    1045320 total
[2022-09-04T02:16:15.566+0000][1][gc,age       ] GC(22) - age   6:     114800 bytes,    1160120 total
[2022-09-04T02:16:15.569+0000][1][gc,heap      ] GC(22) ParNew: 146852K->3377K(157248K)
[2022-09-04T02:16:15.570+0000][1][gc,heap      ] GC(22) CMS: 61578K->66172K(349568K)
[2022-09-04T02:16:15.572+0000][1][gc,metaspace ] GC(22) Metaspace: 83215K->83215K(1126400K)
[2022-09-04T02:16:15.574+0000][1][gc           ] GC(22) Pause Young (Allocation Failure) 203M->67M(494M) 100.988ms
[2022-09-04T02:16:15.577+0000][1][gc,cpu       ] GC(22) User=0.19s Sys=0.05s Real=0.10s
[2022-09-04T02:16:15.578+0000][1][safepoint    ] Safepoint "GenCollectForAllocation", Time since last: 936262959 ns, Reaching safepoint: 1590542 ns, At safepoint: 106046625 ns, Total: 107637167 ns
[2022-09-04T02:16:16.581+0000][1][safepoint    ] Safepoint "Cleanup", Time since last: 1001179875 ns, Reaching safepoint: 977417 ns, At safepoint: 28875 ns, Total: 1006292 ns
[2022-09-04T02:16:17.586+0000][1][safepoint    ] Safepoint "Cleanup", Time since last: 1002173167 ns, Reaching safepoint: 2623125 ns, At safepoint: 128458 ns, Total: 2751583 ns
[2022-09-04T02:16:18.591+0000][1][safepoint    ] Safepoint "Cleanup", Time since last: 1004782126 ns, Reaching safepoint: 712042 ns, At safepoint: 31958 ns, Total: 744000 ns
[2022-09-04T02:16:19.595+0000][1][safepoint    ] Safepoint "Cleanup", Time since last: 1001547334 ns, Reaching safepoint: 2680541 ns, At safepoint: 65459 ns, Total: 2746000 ns
[2022-09-04T02:16:20.599+0000][1][safepoint    ] Safepoint "Cleanup", Time since last: 1002443042 ns, Reaching safepoint: 885875 ns, At safepoint: 24125 ns, Total: 910000 ns
[2022-09-04T02:16:21.602+0000][1][safepoint    ] Safepoint "Cleanup", Time since last: 1002236167 ns, Reaching safepoint: 1200792 ns, At safepoint: 33625 ns, Total: 1234417 ns
[2022-09-04T02:16:22.606+0000][1][safepoint    ] Safepoint "Cleanup", Time since last: 1002015542 ns, Reaching safepoint: 1641416 ns, At safepoint: 44709 ns, Total: 1686125 ns
[2022-09-04T02:16:23.610+0000][1][safepoint    ] Safepoint "Cleanup", Time since last: 1002670292 ns, Reaching safepoint: 1230750 ns, At safepoint: 35250 ns, Total: 1266000 ns
[2022-09-04T02:16:24.613+0000][1][safepoint    ] Safepoint "Cleanup", Time since last: 1002468042 ns, Reaching safepoint: 1001875 ns, At safepoint: 92250 ns, Total: 1094125 ns
[2022-09-04T02:16:25.617+0000][1][safepoint    ] Safepoint "Cleanup", Time since last: 1002801501 ns, Reaching safepoint: 1152750 ns, At safepoint: 31458 ns, Total: 1184208 ns
[2022-09-04T02:16:26.621+0000][1][safepoint    ] Safepoint "Cleanup", Time since last: 1002440709 ns, Reaching safepoint: 947791 ns, At safepoint: 21625 ns, Total: 969416 ns
[2022-09-04T02:16:27.629+0000][1][safepoint    ] Safepoint "Cleanup", Time since last: 1007087751 ns, Reaching safepoint: 937042 ns, At safepoint: 21708 ns, Total: 958750 ns
[2022-09-04T02:16:28.633+0000][1][safepoint    ] Safepoint "Cleanup", Time since last: 1002625584 ns, Reaching safepoint: 1518083 ns, At safepoint: 32875 ns, Total: 1550958 ns
[2022-09-04T02:16:29.654+0000][1][safepoint    ] Safepoint "Cleanup", Time since last: 1020135375 ns, Reaching safepoint: 883917 ns, At safepoint: 25708 ns, Total: 909625 ns
[2022-09-04T02:16:30.659+0000][1][safepoint    ] Safepoint "Cleanup", Time since last: 1004290834 ns, Reaching safepoint: 796584 ns, At safepoint: 18916 ns, Total: 815500 ns
[2022-09-04T02:16:31.662+0000][1][safepoint    ] Safepoint "Cleanup", Time since last: 1002040001 ns, Reaching safepoint: 1103875 ns, At safepoint: 26750 ns, Total: 1130625 ns
[2022-09-04T02:16:32.667+0000][1][safepoint    ] Safepoint "Cleanup", Time since last: 1002964250 ns, Reaching safepoint: 1369417 ns, At safepoint: 33083 ns, Total: 1402500 ns
[2022-09-04T02:16:33.670+0000][1][safepoint    ] Safepoint "Cleanup", Time since last: 1002464084 ns, Reaching safepoint: 740292 ns, At safepoint: 21583 ns, Total: 761875 ns
[2022-09-04T02:16:34.674+0000][1][safepoint    ] Safepoint "Cleanup", Time since last: 1002184959 ns, Reaching safepoint: 1289375 ns, At safepoint: 39250 ns, Total: 1328625 ns
[2022-09-04T02:16:35.679+0000][1][safepoint    ] Safepoint "Cleanup", Time since last: 1003144833 ns, Reaching safepoint: 2574250 ns, At safepoint: 65750 ns, Total: 2640000 ns
[2022-09-04T02:16:36.687+0000][1][safepoint    ] Safepoint "Cleanup", Time since last: 1006838709 ns, Reaching safepoint: 892791 ns, At safepoint: 22334 ns, Total: 915125 ns
[2022-09-04T02:16:37.692+0000][1][safepoint    ] Safepoint "Cleanup", Time since last: 1003691167 ns, Reaching safepoint: 919291 ns, At safepoint: 23959 ns, Total: 943250 ns
[2022-09-04T02:16:38.694+0000][1][safepoint    ] Safepoint "Cleanup", Time since last: 1002149500 ns, Reaching safepoint: 693167 ns, At safepoint: 18625 ns, Total: 711792 ns
[2022-09-04T02:16:39.698+0000][1][safepoint    ] Safepoint "Cleanup", Time since last: 1002922917 ns, Reaching safepoint: 797500 ns, At safepoint: 21042 ns, Total: 818542 ns
[2022-09-04T02:16:40.700+0000][1][safepoint    ] Safepoint "Cleanup", Time since last: 1001414375 ns, Reaching safepoint: 810083 ns, At safepoint: 20667 ns, Total: 830750 ns
[2022-09-04T02:16:41.708+0000][1][safepoint    ] Safepoint "Cleanup", Time since last: 1004765417 ns, Reaching safepoint: 2440792 ns, At safepoint: 58042 ns, Total: 2498834 ns
[2022-09-04T02:16:42.716+0000][1][safepoint    ] Safepoint "Cleanup", Time since last: 1004765333 ns, Reaching safepoint: 3225917 ns, At safepoint: 81583 ns, Total: 3307500 ns
[2022-09-04T02:16:43.722+0000][1][safepoint    ] Safepoint "Cleanup", Time since last: 1005017876 ns, Reaching safepoint: 873917 ns, At safepoint: 64916 ns, Total: 938833 ns
[2022-09-04T02:16:44.733+0000][1][safepoint    ] Safepoint "Cleanup", Time since last: 1009057084 ns, Reaching safepoint: 1735083 ns, At safepoint: 184959 ns, Total: 1920042 ns
[2022-09-04T02:16:45.737+0000][1][safepoint    ] Safepoint "Cleanup", Time since last: 1003664500 ns, Reaching safepoint: 998000 ns, At safepoint: 24209 ns, Total: 1022209 ns
[2022-09-04T02:16:47.428+0000][1][safepoint    ] Safepoint "Cleanup", Time since last: 1690106167 ns, Reaching safepoint: 934833 ns, At safepoint: 29834 ns, Total: 964667 ns
[2022-09-04T02:16:48.432+0000][1][safepoint    ] Safepoint "Cleanup", Time since last: 1002197250 ns, Reaching safepoint: 858458 ns, At safepoint: 24042 ns, Total: 882500 ns
[2022-09-04T02:16:49.435+0000][1][safepoint    ] Safepoint "Cleanup", Time since last: 1001946167 ns, Reaching safepoint: 1534084 ns, At safepoint: 40500 ns, Total: 1574584 ns
[2022-09-04T02:16:50.439+0000][1][safepoint    ] Safepoint "Cleanup", Time since last: 1002513250 ns, Reaching safepoint: 1449833 ns, At safepoint: 35959 ns, Total: 1485792 ns
[2022-09-04T02:16:51.443+0000][1][safepoint    ] Safepoint "Cleanup", Time since last: 1002538959 ns, Reaching safepoint: 967666 ns, At safepoint: 25042 ns, Total: 992708 ns
[2022-09-04T02:16:52.446+0000][1][safepoint    ] Safepoint "Cleanup", Time since last: 1002100334 ns, Reaching safepoint: 1579791 ns, At safepoint: 41000 ns, Total: 1620791 ns
[2022-09-04T02:16:53.454+0000][1][safepoint    ] Safepoint "Cleanup", Time since last: 1003413668 ns, Reaching safepoint: 3941166 ns, At safepoint: 104000 ns, Total: 4045166 ns
[2022-09-04T02:16:54.460+0000][1][safepoint    ] Safepoint "Cleanup", Time since last: 1004848334 ns, Reaching safepoint: 938667 ns, At safepoint: 23708 ns, Total: 962375 ns
[2022-09-04T02:16:55.463+0000][1][safepoint    ] Safepoint "Cleanup", Time since last: 1001970459 ns, Reaching safepoint: 1880708 ns, At safepoint: 47292 ns, Total: 1928000 ns
[2022-09-04T02:16:56.468+0000][1][safepoint    ] Safepoint "Cleanup", Time since last: 1003503875 ns, Reaching safepoint: 854417 ns, At safepoint: 21792 ns, Total: 876209 ns
[2022-09-04T02:16:57.472+0000][1][safepoint    ] Safepoint "Cleanup", Time since last: 1003191375 ns, Reaching safepoint: 1375625 ns, At safepoint: 29625 ns, Total: 1405250 ns
[2022-09-04T02:16:58.476+0000][1][safepoint    ] Safepoint "Cleanup", Time since last: 1002341126 ns, Reaching safepoint: 928125 ns, At safepoint: 35208 ns, Total: 963333 ns
[2022-09-04T02:16:59.480+0000][1][safepoint    ] Safepoint "Cleanup", Time since last: 1001869209 ns, Reaching safepoint: 2251625 ns, At safepoint: 83458 ns, Total: 2335083 ns
[2022-09-04T02:17:00.486+0000][1][safepoint    ] Safepoint "Cleanup", Time since last: 1004861584 ns, Reaching safepoint: 1474833 ns, At safepoint: 42584 ns, Total: 1517417 ns
[2022-09-04T02:17:01.492+0000][1][safepoint    ] Safepoint "Cleanup", Time since last: 1005005375 ns, Reaching safepoint: 840542 ns, At safepoint: 21916 ns, Total: 862458 ns
[2022-09-04T02:17:02.498+0000][1][safepoint    ] Safepoint "Cleanup", Time since last: 1004228584 ns, Reaching safepoint: 1152875 ns, At safepoint: 47917 ns, Total: 1200792 ns
[2022-09-04T02:17:03.504+0000][1][safepoint    ] Safepoint "Cleanup", Time since last: 1005096292 ns, Reaching safepoint: 831125 ns, At safepoint: 32917 ns, Total: 864042 ns
[2022-09-04T02:17:04.508+0000][1][safepoint    ] Safepoint "Cleanup", Time since last: 1003139917 ns, Reaching safepoint: 857375 ns, At safepoint: 23041 ns, Total: 880416 ns
[2022-09-04T02:17:05.512+0000][1][safepoint    ] Safepoint "Cleanup", Time since last: 1001855542 ns, Reaching safepoint: 2587833 ns, At safepoint: 107334 ns, Total: 2695167 ns
[2022-09-04T02:17:06.516+0000][1][safepoint    ] Safepoint "Cleanup", Time since last: 1003836833 ns, Reaching safepoint: 998542 ns, At safepoint: 31167 ns, Total: 1029709 ns
[2022-09-04T02:17:07.523+0000][1][safepoint    ] Safepoint "Cleanup", Time since last: 1004851417 ns, Reaching safepoint: 1411375 ns, At safepoint: 35792 ns, Total: 1447167 ns
[2022-09-04T02:17:08.529+0000][1][safepoint    ] Safepoint "Cleanup", Time since last: 1005169208 ns, Reaching safepoint: 1378042 ns, At safepoint: 36500 ns, Total: 1414542 ns
[2022-09-04T02:17:09.536+0000][1][safepoint    ] Safepoint "Cleanup", Time since last: 1003493167 ns, Reaching safepoint: 3154084 ns, At safepoint: 71000 ns, Total: 3225084 ns
[2022-09-04T02:17:09.820+0000][1][safepoint    ] Safepoint "RevokeBias", Time since last: 282623125 ns, Reaching safepoint: 1015541 ns, At safepoint: 730500 ns, Total: 1746041 ns
[2022-09-04T02:17:10.824+0000][1][safepoint    ] Safepoint "Cleanup", Time since last: 1003125959 ns, Reaching safepoint: 764917 ns, At safepoint: 21042 ns, Total: 785959 ns
[2022-09-04T02:17:11.829+0000][1][safepoint    ] Safepoint "Cleanup", Time since last: 1003932958 ns, Reaching safepoint: 720709 ns, At safepoint: 35166 ns, Total: 755875 ns
[2022-09-04T02:17:12.833+0000][1][safepoint    ] Safepoint "Cleanup", Time since last: 1001817251 ns, Reaching safepoint: 2255000 ns, At safepoint: 94375 ns, Total: 2349375 ns
[2022-09-04T02:17:13.837+0000][1][safepoint    ] Safepoint "Cleanup", Time since last: 1003414459 ns, Reaching safepoint: 657833 ns, At safepoint: 24208 ns, Total: 682041 ns
[2022-09-04T02:17:14.840+0000][1][safepoint    ] Safepoint "Cleanup", Time since last: 1001551584 ns, Reaching safepoint: 875375 ns, At safepoint: 22083 ns, Total: 897458 ns
[2022-09-04T02:17:15.844+0000][1][safepoint    ] Safepoint "Cleanup", Time since last: 1002996668 ns, Reaching safepoint: 1530875 ns, At safepoint: 55875 ns, Total: 1586750 ns
[2022-09-04T02:17:16.850+0000][1][safepoint    ] Safepoint "Cleanup", Time since last: 1004514167 ns, Reaching safepoint: 906000 ns, At safepoint: 72666 ns, Total: 978666 ns
[2022-09-04T02:17:17.854+0000][1][safepoint    ] Safepoint "Cleanup", Time since last: 1002256584 ns, Reaching safepoint: 1720334 ns, At safepoint: 90750 ns, Total: 1811084 ns
[2022-09-04T02:17:18.858+0000][1][safepoint    ] Safepoint "Cleanup", Time since last: 1002994750 ns, Reaching safepoint: 749000 ns, At safepoint: 38333 ns, Total: 787333 ns
[2022-09-04T02:17:19.861+0000][1][safepoint    ] Safepoint "Cleanup", Time since last: 1001530042 ns, Reaching safepoint: 1984084 ns, At safepoint: 66750 ns, Total: 2050834 ns
[2022-09-04T02:17:20.866+0000][1][safepoint    ] Safepoint "Cleanup", Time since last: 1003679000 ns, Reaching safepoint: 755459 ns, At safepoint: 19916 ns, Total: 775375 ns
[2022-09-04T02:17:21.872+0000][1][safepoint    ] Safepoint "Cleanup", Time since last: 1005524084 ns, Reaching safepoint: 1111167 ns, At safepoint: 41541 ns, Total: 1152708 ns
[2022-09-04T02:17:22.879+0000][1][safepoint    ] Safepoint "Cleanup", Time since last: 1004265501 ns, Reaching safepoint: 2029958 ns, At safepoint: 58334 ns, Total: 2088292 ns
[2022-09-04T02:17:23.885+0000][1][safepoint    ] Safepoint "Cleanup", Time since last: 1004977750 ns, Reaching safepoint: 789625 ns, At safepoint: 119250 ns, Total: 908875 ns
[2022-09-04T02:17:24.890+0000][1][safepoint    ] Safepoint "Cleanup", Time since last: 1003293751 ns, Reaching safepoint: 2131083 ns, At safepoint: 48958 ns, Total: 2180041 ns
[2022-09-04T02:17:25.899+0000][1][safepoint    ] Safepoint "Cleanup", Time since last: 1008083667 ns, Reaching safepoint: 1300000 ns, At safepoint: 69959 ns, Total: 1369959 ns
[2022-09-04T02:17:26.907+0000][1][safepoint    ] Safepoint "Cleanup", Time since last: 1006267209 ns, Reaching safepoint: 852833 ns, At safepoint: 23333 ns, Total: 876166 ns
[2022-09-04T02:17:27.910+0000][1][safepoint    ] Safepoint "Cleanup", Time since last: 1002078626 ns, Reaching safepoint: 1256708 ns, At safepoint: 56875 ns, Total: 1313583 ns
[2022-09-04T02:17:28.916+0000][1][safepoint    ] Safepoint "Cleanup", Time since last: 1005182292 ns, Reaching safepoint: 899708 ns, At safepoint: 27084 ns, Total: 926792 ns
[2022-09-04T02:17:29.922+0000][1][safepoint    ] Safepoint "Cleanup", Time since last: 1002268709 ns, Reaching safepoint: 2998875 ns, At safepoint: 155041 ns, Total: 3153916 ns
[2022-09-04T02:17:30.928+0000][1][safepoint    ] Safepoint "Cleanup", Time since last: 1005160376 ns, Reaching safepoint: 835208 ns, At safepoint: 20292 ns, Total: 855500 ns
[2022-09-04T02:17:31.931+0000][1][safepoint    ] Safepoint "Cleanup", Time since last: 1002378542 ns, Reaching safepoint: 761208 ns, At safepoint: 18834 ns, Total: 780042 ns
[2022-09-04T02:17:32.936+0000][1][safepoint    ] Safepoint "Cleanup", Time since last: 1001531708 ns, Reaching safepoint: 3808625 ns, At safepoint: 109250 ns, Total: 3917875 ns
[2022-09-04T02:17:33.942+0000][1][safepoint    ] Safepoint "Cleanup", Time since last: 1004328334 ns, Reaching safepoint: 1229834 ns, At safepoint: 31833 ns, Total: 1261667 ns
[2022-09-04T02:17:34.947+0000][1][safepoint    ] Safepoint "Cleanup", Time since last: 1002586292 ns, Reaching safepoint: 2843583 ns, At safepoint: 109209 ns, Total: 2952792 ns
[2022-09-04T02:17:35.955+0000][1][safepoint    ] Safepoint "Cleanup", Time since last: 1004640000 ns, Reaching safepoint: 3080416 ns, At safepoint: 78917 ns, Total: 3159333 ns
[2022-09-04T02:17:36.962+0000][1][safepoint    ] Safepoint "Cleanup", Time since last: 1006394125 ns, Reaching safepoint: 1030334 ns, At safepoint: 26416 ns, Total: 1056750 ns
[2022-09-04T02:17:37.968+0000][1][safepoint    ] Safepoint "Cleanup", Time since last: 1002653417 ns, Reaching safepoint: 2939709 ns, At safepoint: 52125 ns, Total: 2991834 ns
[2022-09-04T02:17:38.972+0000][1][safepoint    ] Safepoint "Cleanup", Time since last: 1003405750 ns, Reaching safepoint: 732834 ns, At safepoint: 21500 ns, Total: 754334 ns
[2022-09-04T02:17:39.977+0000][1][safepoint    ] Safepoint "Cleanup", Time since last: 1002922625 ns, Reaching safepoint: 1735375 ns, At safepoint: 40792 ns, Total: 1776167 ns
[2022-09-04T02:17:40.980+0000][1][safepoint    ] Safepoint "Cleanup", Time since last: 1003034709 ns, Reaching safepoint: 827166 ns, At safepoint: 18875 ns, Total: 846041 ns
[2022-09-04T02:17:41.984+0000][1][safepoint    ] Safepoint "Cleanup", Time since last: 1002207834 ns, Reaching safepoint: 1263792 ns, At safepoint: 28208 ns, Total: 1292000 ns
[2022-09-04T02:17:42.989+0000][1][safepoint    ] Safepoint "Cleanup", Time since last: 1002323376 ns, Reaching safepoint: 2570166 ns, At safepoint: 54709 ns, Total: 2624875 ns
[2022-09-04T02:17:43.997+0000][1][safepoint    ] Safepoint "Cleanup", Time since last: 1006624667 ns, Reaching safepoint: 1163500 ns, At safepoint: 29000 ns, Total: 1192500 ns
[2022-09-04T02:17:45.007+0000][1][safepoint    ] Safepoint "Cleanup", Time since last: 1006733667 ns, Reaching safepoint: 3187583 ns, At safepoint: 100084 ns, Total: 3287667 ns
[2022-09-04T02:17:46.016+0000][1][safepoint    ] Safepoint "Cleanup", Time since last: 1005550875 ns, Reaching safepoint: 3309667 ns, At safepoint: 92833 ns, Total: 3402500 ns
[2022-09-04T02:17:47.024+0000][1][safepoint    ] Safepoint "Cleanup", Time since last: 1007206167 ns, Reaching safepoint: 1018083 ns, At safepoint: 25709 ns, Total: 1043792 ns
[2022-09-04T02:17:48.032+0000][1][safepoint    ] Safepoint "Cleanup", Time since last: 1003501584 ns, Reaching safepoint: 4251291 ns, At safepoint: 181417 ns, Total: 4432708 ns
[2022-09-04T02:17:49.040+0000][1][safepoint    ] Safepoint "Cleanup", Time since last: 1007003292 ns, Reaching safepoint: 803167 ns, At safepoint: 21791 ns, Total: 824958 ns
[2022-09-04T02:17:50.044+0000][1][safepoint    ] Safepoint "Cleanup", Time since last: 1002146376 ns, Reaching safepoint: 1885542 ns, At safepoint: 54041 ns, Total: 1939583 ns
[2022-09-04T02:17:51.049+0000][1][safepoint    ] Safepoint "Cleanup", Time since last: 1004032001 ns, Reaching safepoint: 989583 ns, At safepoint: 28375 ns, Total: 1017958 ns
[2022-09-04T02:17:52.054+0000][1][safepoint    ] Safepoint "Cleanup", Time since last: 1003855542 ns, Reaching safepoint: 1070875 ns, At safepoint: 27959 ns, Total: 1098834 ns
[2022-09-04T02:17:53.057+0000][1][safepoint    ] Safepoint "Cleanup", Time since last: 1002076792 ns, Reaching safepoint: 963333 ns, At safepoint: 24000 ns, Total: 987333 ns
[2022-09-04T02:17:54.995+0000][1][safepoint    ] Safepoint "Cleanup", Time since last: 1936524334 ns, Reaching safepoint: 1210292 ns, At safepoint: 43458 ns, Total: 1253750 ns
[2022-09-04T02:17:56.002+0000][1][safepoint    ] Safepoint "Cleanup", Time since last: 1004192959 ns, Reaching safepoint: 2641625 ns, At safepoint: 86042 ns, Total: 2727667 ns
[2022-09-04T02:17:57.008+0000][1][safepoint    ] Safepoint "Cleanup", Time since last: 1005310125 ns, Reaching safepoint: 868000 ns, At safepoint: 25125 ns, Total: 893125 ns
[2022-09-04T02:17:58.013+0000][1][safepoint    ] Safepoint "Cleanup", Time since last: 1001879709 ns, Reaching safepoint: 3583667 ns, At safepoint: 136416 ns, Total: 3720083 ns
[2022-09-04T02:17:59.020+0000][1][safepoint    ] Safepoint "Cleanup", Time since last: 1004876918 ns, Reaching safepoint: 1426625 ns, At safepoint: 35125 ns, Total: 1461750 ns
[2022-09-04T02:18:00.025+0000][1][safepoint    ] Safepoint "Cleanup", Time since last: 1002960667 ns, Reaching safepoint: 2721708 ns, At safepoint: 83917 ns, Total: 2805625 ns
[2022-09-04T02:18:01.032+0000][1][safepoint    ] Safepoint "Cleanup", Time since last: 1005328833 ns, Reaching safepoint: 996875 ns, At safepoint: 26417 ns, Total: 1023292 ns
[2022-09-04T02:18:02.036+0000][1][safepoint    ] Safepoint "Cleanup", Time since last: 1002698667 ns, Reaching safepoint: 1003292 ns, At safepoint: 26875 ns, Total: 1030167 ns
[2022-09-04T02:18:03.039+0000][1][safepoint    ] Safepoint "Cleanup", Time since last: 1002149584 ns, Reaching safepoint: 923166 ns, At safepoint: 48917 ns, Total: 972083 ns
[2022-09-04T02:18:04.047+0000][1][safepoint    ] Safepoint "Cleanup", Time since last: 1007488084 ns, Reaching safepoint: 765542 ns, At safepoint: 32041 ns, Total: 797583 ns
[2022-09-04T02:18:05.050+0000][1][safepoint    ] Safepoint "Cleanup", Time since last: 1002130626 ns, Reaching safepoint: 1084875 ns, At safepoint: 25458 ns, Total: 1110333 ns
[2022-09-04T02:18:06.053+0000][1][safepoint    ] Safepoint "Cleanup", Time since last: 1001734584 ns, Reaching safepoint: 1535541 ns, At safepoint: 34459 ns, Total: 1570000 ns
[2022-09-04T02:18:07.059+0000][1][safepoint    ] Safepoint "Cleanup", Time since last: 1004570167 ns, Reaching safepoint: 803208 ns, At safepoint: 20833 ns, Total: 824041 ns
[2022-09-04T02:18:08.064+0000][1][safepoint    ] Safepoint "Cleanup", Time since last: 1001777084 ns, Reaching safepoint: 3200292 ns, At safepoint: 164292 ns, Total: 3364584 ns
[2022-09-04T02:18:09.069+0000][1][safepoint    ] Safepoint "Cleanup", Time since last: 1004112583 ns, Reaching safepoint: 898292 ns, At safepoint: 40917 ns, Total: 939209 ns
[2022-09-04T02:18:10.808+0000][1][safepoint    ] Safepoint "Cleanup", Time since last: 1738130417 ns, Reaching safepoint: 870667 ns, At safepoint: 25541 ns, Total: 896208 ns
[2022-09-04T02:18:11.815+0000][1][safepoint    ] Safepoint "Cleanup", Time since last: 1006384543 ns, Reaching safepoint: 892291 ns, At safepoint: 37625 ns, Total: 929916 ns
[2022-09-04T02:18:12.819+0000][1][safepoint    ] Safepoint "Cleanup", Time since last: 1002279501 ns, Reaching safepoint: 939083 ns, At safepoint: 21542 ns, Total: 960625 ns
[2022-09-04T02:18:13.822+0000][1][safepoint    ] Safepoint "Cleanup", Time since last: 1002233084 ns, Reaching safepoint: 851666 ns, At safepoint: 22792 ns, Total: 874458 ns
[2022-09-04T02:18:14.827+0000][1][safepoint    ] Safepoint "Cleanup", Time since last: 1004168875 ns, Reaching safepoint: 869500 ns, At safepoint: 21167 ns, Total: 890667 ns
[2022-09-04T02:18:15.832+0000][1][safepoint    ] Safepoint "Cleanup", Time since last: 1003808251 ns, Reaching safepoint: 1486333 ns, At safepoint: 79875 ns, Total: 1566208 ns
[2022-09-04T02:18:16.837+0000][1][safepoint    ] Safepoint "Cleanup", Time since last: 1003785292 ns, Reaching safepoint: 942125 ns, At safepoint: 54167 ns, Total: 996292 ns
[2022-09-04T02:18:17.841+0000][1][safepoint    ] Safepoint "Cleanup", Time since last: 1001743625 ns, Reaching safepoint: 1797875 ns, At safepoint: 57334 ns, Total: 1855209 ns
[2022-09-04T02:18:18.847+0000][1][safepoint    ] Safepoint "Cleanup", Time since last: 1003199375 ns, Reaching safepoint: 3441792 ns, At safepoint: 115291 ns, Total: 3557083 ns
[2022-09-04T02:18:19.853+0000][1][safepoint    ] Safepoint "Cleanup", Time since last: 1003391542 ns, Reaching safepoint: 1966250 ns, At safepoint: 62167 ns, Total: 2028417 ns
[2022-09-04T02:18:20.863+0000][1][safepoint    ] Safepoint "Cleanup", Time since last: 1008003792 ns, Reaching safepoint: 1811250 ns, At safepoint: 57500 ns, Total: 1868750 ns
[2022-09-04T02:18:21.870+0000][1][safepoint    ] Safepoint "Cleanup", Time since last: 1005283417 ns, Reaching safepoint: 1756334 ns, At safepoint: 69375 ns, Total: 1825709 ns
[2022-09-04T02:18:22.879+0000][1][safepoint    ] Safepoint "Cleanup", Time since last: 1007139250 ns, Reaching safepoint: 2389209 ns, At safepoint: 77208 ns, Total: 2466417 ns
[2022-09-04T02:18:23.886+0000][1][safepoint    ] Safepoint "Cleanup", Time since last: 1004389125 ns, Reaching safepoint: 1744875 ns, At safepoint: 55042 ns, Total: 1799917 ns
[2022-09-04T02:18:24.890+0000][1][safepoint    ] Safepoint "Cleanup", Time since last: 1003088917 ns, Reaching safepoint: 1574542 ns, At safepoint: 44083 ns, Total: 1618625 ns
[2022-09-04T02:18:25.895+0000][1][safepoint    ] Safepoint "Cleanup", Time since last: 1002344292 ns, Reaching safepoint: 1984417 ns, At safepoint: 68000 ns, Total: 2052417 ns
[2022-09-04T02:18:26.900+0000][1][safepoint    ] Safepoint "Cleanup", Time since last: 1004591417 ns, Reaching safepoint: 971417 ns, At safepoint: 26667 ns, Total: 998084 ns
[2022-09-04T02:18:27.905+0000][1][safepoint    ] Safepoint "Cleanup", Time since last: 1003127542 ns, Reaching safepoint: 1496750 ns, At safepoint: 57333 ns, Total: 1554083 ns
[2022-09-04T02:18:28.914+0000][1][safepoint    ] Safepoint "Cleanup", Time since last: 1006701209 ns, Reaching safepoint: 2020708 ns, At safepoint: 102375 ns, Total: 2123083 ns
[2022-09-04T02:18:29.919+0000][1][safepoint    ] Safepoint "Cleanup", Time since last: 1003024376 ns, Reaching safepoint: 1907666 ns, At safepoint: 91417 ns, Total: 1999083 ns
[2022-09-04T02:18:30.926+0000][1][safepoint    ] Safepoint "Cleanup", Time since last: 1004687084 ns, Reaching safepoint: 2048291 ns, At safepoint: 50417 ns, Total: 2098708 ns
[2022-09-04T02:18:31.933+0000][1][safepoint    ] Safepoint "Cleanup", Time since last: 1004582834 ns, Reaching safepoint: 2360458 ns, At safepoint: 153584 ns, Total: 2514042 ns
[2022-09-04T02:18:32.941+0000][1][safepoint    ] Safepoint "Cleanup", Time since last: 1005251708 ns, Reaching safepoint: 2788292 ns, At safepoint: 75958 ns, Total: 2864250 ns
[2022-09-04T02:18:33.948+0000][1][safepoint    ] Safepoint "Cleanup", Time since last: 1005115001 ns, Reaching safepoint: 2073875 ns, At safepoint: 189667 ns, Total: 2263542 ns
[2022-09-04T02:18:34.954+0000][1][safepoint    ] Safepoint "Cleanup", Time since last: 1004713083 ns, Reaching safepoint: 992834 ns, At safepoint: 29791 ns, Total: 1022625 ns
[2022-09-04T02:18:35.959+0000][1][safepoint    ] Safepoint "Cleanup", Time since last: 1001930000 ns, Reaching safepoint: 3286959 ns, At safepoint: 65708 ns, Total: 3352667 ns
[2022-09-04T02:18:36.970+0000][1][safepoint    ] Safepoint "Cleanup", Time since last: 1009116417 ns, Reaching safepoint: 2079250 ns, At safepoint: 181917 ns, Total: 2261167 ns
[2022-09-04T02:18:37.979+0000][1][safepoint    ] Safepoint "Cleanup", Time since last: 1006143500 ns, Reaching safepoint: 2470042 ns, At safepoint: 67750 ns, Total: 2537792 ns
[2022-09-04T02:18:38.984+0000][1][safepoint    ] Safepoint "Cleanup", Time since last: 1003593584 ns, Reaching safepoint: 1699083 ns, At safepoint: 50167 ns, Total: 1749250 ns
[2022-09-04T02:18:39.988+0000][1][safepoint    ] Safepoint "Cleanup", Time since last: 1003094792 ns, Reaching safepoint: 813916 ns, At safepoint: 21417 ns, Total: 835333 ns
[2022-09-04T02:18:40.993+0000][1][safepoint    ] Safepoint "Cleanup", Time since last: 1003135501 ns, Reaching safepoint: 1079083 ns, At safepoint: 24917 ns, Total: 1104000 ns
[2022-09-04T02:18:42.003+0000][1][safepoint    ] Safepoint "Cleanup", Time since last: 1002526250 ns, Reaching safepoint: 7297583 ns, At safepoint: 134875 ns, Total: 7432458 ns
[2022-09-04T02:18:43.009+0000][1][safepoint    ] Safepoint "Cleanup", Time since last: 1005116084 ns, Reaching safepoint: 1703542 ns, At safepoint: 46917 ns, Total: 1750459 ns
[2022-09-04T02:18:44.014+0000][1][safepoint    ] Safepoint "Cleanup", Time since last: 1003428792 ns, Reaching safepoint: 1072750 ns, At safepoint: 23541 ns, Total: 1096291 ns
[2022-09-04T02:18:45.019+0000][1][safepoint    ] Safepoint "Cleanup", Time since last: 1003533959 ns, Reaching safepoint: 1764459 ns, At safepoint: 43083 ns, Total: 1807542 ns
[2022-09-04T02:18:46.027+0000][1][safepoint    ] Safepoint "Cleanup", Time since last: 1003260292 ns, Reaching safepoint: 4265583 ns, At safepoint: 628834 ns, Total: 4894417 ns
[2022-09-04T02:18:47.034+0000][1][safepoint    ] Safepoint "Cleanup", Time since last: 1006017167 ns, Reaching safepoint: 872416 ns, At safepoint: 26959 ns, Total: 899375 ns
[2022-09-04T02:18:48.487+0000][1][safepoint    ] Safepoint "Cleanup", Time since last: 1451317792 ns, Reaching safepoint: 1021000 ns, At safepoint: 27667 ns, Total: 1048667 ns
[2022-09-04T02:18:49.492+0000][1][safepoint    ] Safepoint "Cleanup", Time since last: 1003753375 ns, Reaching safepoint: 1222084 ns, At safepoint: 28125 ns, Total: 1250209 ns
[2022-09-04T02:18:50.496+0000][1][safepoint    ] Safepoint "Cleanup", Time since last: 1003979167 ns, Reaching safepoint: 838916 ns, At safepoint: 21334 ns, Total: 860250 ns
[2022-09-04T02:18:51.500+0000][1][safepoint    ] Safepoint "Cleanup", Time since last: 1002810750 ns, Reaching safepoint: 829209 ns, At safepoint: 19750 ns, Total: 848959 ns
[2022-09-04T02:18:52.503+0000][1][safepoint    ] Safepoint "Cleanup", Time since last: 1002098375 ns, Reaching safepoint: 811417 ns, At safepoint: 21416 ns, Total: 832833 ns
[2022-09-04T02:18:53.507+0000][1][safepoint    ] Safepoint "Cleanup", Time since last: 1001518959 ns, Reaching safepoint: 1885084 ns, At safepoint: 47666 ns, Total: 1932750 ns
[2022-09-04T02:18:54.511+0000][1][safepoint    ] Safepoint "Cleanup", Time since last: 1002890042 ns, Reaching safepoint: 1396500 ns, At safepoint: 32459 ns, Total: 1428959 ns
[2022-09-04T02:18:55.515+0000][1][safepoint    ] Safepoint "Cleanup", Time since last: 1002292584 ns, Reaching safepoint: 1389875 ns, At safepoint: 38833 ns, Total: 1428708 ns
[2022-09-04T02:18:56.521+0000][1][safepoint    ] Safepoint "Cleanup", Time since last: 1005882542 ns, Reaching safepoint: 933250 ns, At safepoint: 24125 ns, Total: 957375 ns
[2022-09-04T02:18:57.525+0000][1][safepoint    ] Safepoint "Cleanup", Time since last: 1002615250 ns, Reaching safepoint: 1122167 ns, At safepoint: 40958 ns, Total: 1163125 ns
[2022-09-04T02:18:58.529+0000][1][safepoint    ] Safepoint "Cleanup", Time since last: 1003023209 ns, Reaching safepoint: 1000084 ns, At safepoint: 23791 ns, Total: 1023875 ns
[2022-09-04T02:18:59.534+0000][1][safepoint    ] Safepoint "Cleanup", Time since last: 1002615251 ns, Reaching safepoint: 1789708 ns, At safepoint: 42625 ns, Total: 1832333 ns
[2022-09-04T02:19:00.538+0000][1][safepoint    ] Safepoint "Cleanup", Time since last: 1003402667 ns, Reaching safepoint: 865667 ns, At safepoint: 22375 ns, Total: 888042 ns
[2022-09-04T02:19:01.543+0000][1][safepoint    ] Safepoint "Cleanup", Time since last: 1004027084 ns, Reaching safepoint: 816708 ns, At safepoint: 19958 ns, Total: 836666 ns
[2022-09-04T02:19:02.545+0000][1][safepoint    ] Safepoint "Cleanup", Time since last: 1001607751 ns, Reaching safepoint: 912667 ns, At safepoint: 47500 ns, Total: 960167 ns
[2022-09-04T02:19:03.550+0000][1][safepoint    ] Safepoint "Cleanup", Time since last: 1003414167 ns, Reaching safepoint: 811291 ns, At safepoint: 20792 ns, Total: 832083 ns
[2022-09-04T02:19:04.556+0000][1][safepoint    ] Safepoint "Cleanup", Time since last: 1004559042 ns, Reaching safepoint: 1393792 ns, At safepoint: 34250 ns, Total: 1428042 ns
[2022-09-04T02:19:05.561+0000][1][safepoint    ] Safepoint "Cleanup", Time since last: 1002364249 ns, Reaching safepoint: 2889625 ns, At safepoint: 53167 ns, Total: 2942792 ns
[2022-09-04T02:19:07.272+0000][1][safepoint    ] Safepoint "Cleanup", Time since last: 1709787459 ns, Reaching safepoint: 1304917 ns, At safepoint: 39458 ns, Total: 1344375 ns
[2022-09-04T02:19:08.278+0000][1][safepoint    ] Safepoint "Cleanup", Time since last: 1003751126 ns, Reaching safepoint: 2547250 ns, At safepoint: 110166 ns, Total: 2657416 ns
[2022-09-04T02:19:09.282+0000][1][safepoint    ] Safepoint "Cleanup", Time since last: 1003284251 ns, Reaching safepoint: 857541 ns, At safepoint: 28084 ns, Total: 885625 ns
[2022-09-04T02:19:10.287+0000][1][safepoint    ] Safepoint "Cleanup", Time since last: 1004184000 ns, Reaching safepoint: 719292 ns, At safepoint: 20250 ns, Total: 739542 ns
[2022-09-04T02:19:11.291+0000][1][safepoint    ] Safepoint "Cleanup", Time since last: 1002359084 ns, Reaching safepoint: 950291 ns, At safepoint: 62709 ns, Total: 1013000 ns
[2022-09-04T02:19:12.305+0000][1][safepoint    ] Safepoint "Cleanup", Time since last: 1012887334 ns, Reaching safepoint: 1390333 ns, At safepoint: 52208 ns, Total: 1442541 ns
[2022-09-04T02:19:13.312+0000][1][safepoint    ] Safepoint "Cleanup", Time since last: 1005115209 ns, Reaching safepoint: 1550375 ns, At safepoint: 58083 ns, Total: 1608458 ns
[2022-09-04T02:19:14.316+0000][1][safepoint    ] Safepoint "Cleanup", Time since last: 1002920334 ns, Reaching safepoint: 1008959 ns, At safepoint: 37541 ns, Total: 1046500 ns
[2022-09-04T02:19:15.323+0000][1][safepoint    ] Safepoint "Cleanup", Time since last: 1004153459 ns, Reaching safepoint: 2706958 ns, At safepoint: 96625 ns, Total: 2803583 ns
[2022-09-04T02:19:16.329+0000][1][safepoint    ] Safepoint "Cleanup", Time since last: 1005619292 ns, Reaching safepoint: 917459 ns, At safepoint: 57041 ns, Total: 974500 ns
[2022-09-04T02:19:17.332+0000][1][safepoint    ] Safepoint "Cleanup", Time since last: 1001894959 ns, Reaching safepoint: 803625 ns, At safepoint: 20167 ns, Total: 823792 ns
[2022-09-04T02:19:18.336+0000][1][safepoint    ] Safepoint "Cleanup", Time since last: 1001480584 ns, Reaching safepoint: 2492958 ns, At safepoint: 92500 ns, Total: 2585458 ns
[2022-09-04T02:19:19.342+0000][1][safepoint    ] Safepoint "Cleanup", Time since last: 1004201376 ns, Reaching safepoint: 1310666 ns, At safepoint: 30125 ns, Total: 1340791 ns
[2022-09-04T02:19:19.373+0000][1][safepoint    ] Safepoint "RevokeBias", Time since last: 30572625 ns, Reaching safepoint: 561709 ns, At safepoint: 92750 ns, Total: 654459 ns
[2022-09-04T02:19:19.375+0000][1][safepoint    ] Safepoint "RevokeBias", Time since last: 1294583 ns, Reaching safepoint: 343083 ns, At safepoint: 129834 ns, Total: 472917 ns
[2022-09-04T02:19:19.401+0000][1][safepoint    ] Safepoint "RevokeBias", Time since last: 25862833 ns, Reaching safepoint: 555708 ns, At safepoint: 97834 ns, Total: 653542 ns
[2022-09-04T02:19:19.409+0000][1][safepoint    ] Safepoint "RevokeBias", Time since last: 7549166 ns, Reaching safepoint: 418709 ns, At safepoint: 86375 ns, Total: 505084 ns
[2022-09-04T02:19:19.444+0000][1][safepoint    ] Safepoint "RevokeBias", Time since last: 34599000 ns, Reaching safepoint: 529500 ns, At safepoint: 101000 ns, Total: 630500 ns
[2022-09-04T02:19:19.453+0000][1][safepoint    ] Safepoint "RevokeBias", Time since last: 7846791 ns, Reaching safepoint: 585000 ns, At safepoint: 93084 ns, Total: 678084 ns
[2022-09-04T02:19:19.460+0000][1][safepoint    ] Safepoint "RevokeBias", Time since last: 6433416 ns, Reaching safepoint: 593709 ns, At safepoint: 75916 ns, Total: 669625 ns
[2022-09-04T02:19:19.473+0000][1][safepoint    ] Safepoint "RevokeBias", Time since last: 11907792 ns, Reaching safepoint: 833917 ns, At safepoint: 95791 ns, Total: 929708 ns
[2022-09-04T02:19:19.502+0000][1][safepoint    ] Safepoint "RevokeBias", Time since last: 28361584 ns, Reaching safepoint: 616583 ns, At safepoint: 92875 ns, Total: 709458 ns
[2022-09-04T02:19:19.505+0000][1][safepoint    ] Safepoint "RevokeBias", Time since last: 2318917 ns, Reaching safepoint: 521333 ns, At safepoint: 66958 ns, Total: 588291 ns
[2022-09-04T02:19:20.338+0000][1][safepoint    ] Safepoint "RevokeBias", Time since last: 830292584 ns, Reaching safepoint: 2267083 ns, At safepoint: 265750 ns, Total: 2532833 ns
[2022-09-04T02:19:20.350+0000][1][safepoint    ] Safepoint "RevokeBias", Time since last: 11901542 ns, Reaching safepoint: 739667 ns, At safepoint: 144250 ns, Total: 883917 ns
[2022-09-04T02:19:21.354+0000][1][safepoint    ] Safepoint "Cleanup", Time since last: 1003035792 ns, Reaching safepoint: 831625 ns, At safepoint: 29667 ns, Total: 861292 ns
[2022-09-04T02:19:22.357+0000][1][safepoint    ] Safepoint "Cleanup", Time since last: 1001858458 ns, Reaching safepoint: 1209459 ns, At safepoint: 36375 ns, Total: 1245834 ns
[2022-09-04T02:19:23.368+0000][1][safepoint    ] Safepoint "Cleanup", Time since last: 1007601125 ns, Reaching safepoint: 2822708 ns, At safepoint: 75792 ns, Total: 2898500 ns
[2022-09-04T02:19:24.375+0000][1][safepoint    ] Safepoint "Cleanup", Time since last: 1005661292 ns, Reaching safepoint: 992417 ns, At safepoint: 23292 ns, Total: 1015709 ns
[2022-09-04T02:19:25.380+0000][1][safepoint    ] Safepoint "Cleanup", Time since last: 1003100792 ns, Reaching safepoint: 2264000 ns, At safepoint: 81708 ns, Total: 2345708 ns
[2022-09-04T02:19:26.386+0000][1][safepoint    ] Safepoint "Cleanup", Time since last: 1005205292 ns, Reaching safepoint: 740125 ns, At safepoint: 19417 ns, Total: 759542 ns
[2022-09-04T02:19:27.390+0000][1][safepoint    ] Safepoint "Cleanup", Time since last: 1002650584 ns, Reaching safepoint: 940208 ns, At safepoint: 24958 ns, Total: 965166 ns
[2022-09-04T02:19:28.393+0000][1][safepoint    ] Safepoint "Cleanup", Time since last: 1002249251 ns, Reaching safepoint: 1156542 ns, At safepoint: 27875 ns, Total: 1184417 ns
[2022-09-04T02:19:29.396+0000][1][safepoint    ] Safepoint "Cleanup", Time since last: 1002216625 ns, Reaching safepoint: 737833 ns, At safepoint: 19709 ns, Total: 757542 ns
[2022-09-04T02:19:30.402+0000][1][safepoint    ] Safepoint "Cleanup", Time since last: 1003735084 ns, Reaching safepoint: 1686750 ns, At safepoint: 145541 ns, Total: 1832291 ns
[2022-09-04T02:19:31.407+0000][1][safepoint    ] Safepoint "Cleanup", Time since last: 1004291251 ns, Reaching safepoint: 721666 ns, At safepoint: 18750 ns, Total: 740416 ns
[2022-09-04T02:19:32.410+0000][1][safepoint    ] Safepoint "Cleanup", Time since last: 1002481167 ns, Reaching safepoint: 970542 ns, At safepoint: 25125 ns, Total: 995667 ns
[2022-09-04T02:19:33.416+0000][1][safepoint    ] Safepoint "Cleanup", Time since last: 1003268084 ns, Reaching safepoint: 2766000 ns, At safepoint: 120375 ns, Total: 2886375 ns
[2022-09-04T02:19:34.421+0000][1][safepoint    ] Safepoint "Cleanup", Time since last: 1003604584 ns, Reaching safepoint: 1021125 ns, At safepoint: 30041 ns, Total: 1051166 ns
[2022-09-04T02:19:35.427+0000][1][safepoint    ] Safepoint "Cleanup", Time since last: 1003291125 ns, Reaching safepoint: 2568708 ns, At safepoint: 77834 ns, Total: 2646542 ns
[2022-09-04T02:19:36.432+0000][1][safepoint    ] Safepoint "Cleanup", Time since last: 1005088500 ns, Reaching safepoint: 752375 ns, At safepoint: 22375 ns, Total: 774750 ns
[2022-09-04T02:19:37.436+0000][1][safepoint    ] Safepoint "Cleanup", Time since last: 1002446376 ns, Reaching safepoint: 824625 ns, At safepoint: 27500 ns, Total: 852125 ns
[2022-09-04T02:19:38.441+0000][1][safepoint    ] Safepoint "Cleanup", Time since last: 1004191083 ns, Reaching safepoint: 1388875 ns, At safepoint: 35709 ns, Total: 1424584 ns
[2022-09-04T02:19:39.445+0000][1][safepoint    ] Safepoint "Cleanup", Time since last: 1002622542 ns, Reaching safepoint: 708500 ns, At safepoint: 18875 ns, Total: 727375 ns
[2022-09-04T02:19:40.448+0000][1][safepoint    ] Safepoint "Cleanup", Time since last: 1001731125 ns, Reaching safepoint: 1221834 ns, At safepoint: 28166 ns, Total: 1250000 ns
[2022-09-04T02:19:41.451+0000][1][safepoint    ] Safepoint "Cleanup", Time since last: 1002801626 ns, Reaching safepoint: 832583 ns, At safepoint: 23583 ns, Total: 856166 ns
[2022-09-04T02:19:42.455+0000][1][safepoint    ] Safepoint "Cleanup", Time since last: 1002107418 ns, Reaching safepoint: 1476708 ns, At safepoint: 43375 ns, Total: 1520083 ns
[2022-09-04T02:19:43.459+0000][1][safepoint    ] Safepoint "Cleanup", Time since last: 1002867792 ns, Reaching safepoint: 1531458 ns, At safepoint: 40875 ns, Total: 1572333 ns
[2022-09-04T02:19:44.463+0000][1][safepoint    ] Safepoint "Cleanup", Time since last: 1002819543 ns, Reaching safepoint: 676625 ns, At safepoint: 21250 ns, Total: 697875 ns
[2022-09-04T02:19:45.466+0000][1][safepoint    ] Safepoint "Cleanup", Time since last: 1001603208 ns, Reaching safepoint: 1187125 ns, At safepoint: 33084 ns, Total: 1220209 ns
[2022-09-04T02:19:46.471+0000][1][safepoint    ] Safepoint "Cleanup", Time since last: 1004748875 ns, Reaching safepoint: 791250 ns, At safepoint: 19750 ns, Total: 811000 ns
[2022-09-04T02:19:47.474+0000][1][safepoint    ] Safepoint "Cleanup", Time since last: 1001568126 ns, Reaching safepoint: 1059625 ns, At safepoint: 27500 ns, Total: 1087125 ns
[2022-09-04T02:19:48.478+0000][1][safepoint    ] Safepoint "Cleanup", Time since last: 1003513750 ns, Reaching safepoint: 823000 ns, At safepoint: 18917 ns, Total: 841917 ns
[2022-09-04T02:19:49.481+0000][1][safepoint    ] Safepoint "Cleanup", Time since last: 1001830292 ns, Reaching safepoint: 875042 ns, At safepoint: 26875 ns, Total: 901917 ns
[2022-09-04T02:19:50.487+0000][1][safepoint    ] Safepoint "Cleanup", Time since last: 1003825875 ns, Reaching safepoint: 1729833 ns, At safepoint: 48459 ns, Total: 1778292 ns
[2022-09-04T02:19:51.491+0000][1][safepoint    ] Safepoint "Cleanup", Time since last: 1003842542 ns, Reaching safepoint: 806542 ns, At safepoint: 22250 ns, Total: 828792 ns
[2022-09-04T02:19:52.494+0000][1][safepoint    ] Safepoint "Cleanup", Time since last: 1001488792 ns, Reaching safepoint: 723625 ns, At safepoint: 18708 ns, Total: 742333 ns
[2022-09-04T02:19:53.496+0000][1][safepoint    ] Safepoint "Cleanup", Time since last: 1001458584 ns, Reaching safepoint: 801458 ns, At safepoint: 23875 ns, Total: 825333 ns
[2022-09-04T02:19:54.498+0000][1][safepoint    ] Safepoint "Cleanup", Time since last: 1001665834 ns, Reaching safepoint: 661333 ns, At safepoint: 38792 ns, Total: 700125 ns
[2022-09-04T02:19:55.502+0000][1][safepoint    ] Safepoint "Cleanup", Time since last: 1001614167 ns, Reaching safepoint: 1858709 ns, At safepoint: 60375 ns, Total: 1919084 ns
[2022-09-04T02:19:56.508+0000][1][safepoint    ] Safepoint "Cleanup", Time since last: 1005738333 ns, Reaching safepoint: 748709 ns, At safepoint: 19083 ns, Total: 767792 ns
[2022-09-04T02:19:57.513+0000][1][safepoint    ] Safepoint "Cleanup", Time since last: 1003461917 ns, Reaching safepoint: 872125 ns, At safepoint: 20667 ns, Total: 892792 ns
[2022-09-04T02:19:58.518+0000][1][safepoint    ] Safepoint "Cleanup", Time since last: 1002945334 ns, Reaching safepoint: 2086208 ns, At safepoint: 63833 ns, Total: 2150041 ns
[2022-09-04T02:19:59.522+0000][1][safepoint    ] Safepoint "Cleanup", Time since last: 1003427417 ns, Reaching safepoint: 762834 ns, At safepoint: 41208 ns, Total: 804042 ns
[2022-09-04T02:20:00.573+0000][1][safepoint    ] Safepoint "Cleanup", Time since last: 1050747501 ns, Reaching safepoint: 696500 ns, At safepoint: 21416 ns, Total: 717916 ns
[2022-09-04T02:20:01.576+0000][1][safepoint    ] Safepoint "Cleanup", Time since last: 1001314626 ns, Reaching safepoint: 832541 ns, At safepoint: 25167 ns, Total: 857708 ns
[2022-09-04T02:20:02.580+0000][1][safepoint    ] Safepoint "Cleanup", Time since last: 1002861834 ns, Reaching safepoint: 1395625 ns, At safepoint: 72250 ns, Total: 1467875 ns
[2022-09-04T02:20:03.584+0000][1][safepoint    ] Safepoint "Cleanup", Time since last: 1003568292 ns, Reaching safepoint: 771708 ns, At safepoint: 20792 ns, Total: 792500 ns
[2022-09-04T02:20:04.588+0000][1][safepoint    ] Safepoint "Cleanup", Time since last: 1002477084 ns, Reaching safepoint: 705000 ns, At safepoint: 19291 ns, Total: 724291 ns
[2022-09-04T02:20:05.589+0000][1][safepoint    ] Safepoint "Cleanup", Time since last: 1001590376 ns, Reaching safepoint: 764791 ns, At safepoint: 23000 ns, Total: 787791 ns
[2022-09-04T02:20:06.592+0000][1][safepoint    ] Safepoint "Cleanup", Time since last: 1001727459 ns, Reaching safepoint: 782375 ns, At safepoint: 22292 ns, Total: 804667 ns
[2022-09-04T02:20:07.597+0000][1][safepoint    ] Safepoint "Cleanup", Time since last: 1004065625 ns, Reaching safepoint: 1020667 ns, At safepoint: 26375 ns, Total: 1047042 ns
[2022-09-04T02:20:08.599+0000][1][safepoint    ] Safepoint "Cleanup", Time since last: 1001520542 ns, Reaching safepoint: 889500 ns, At safepoint: 24667 ns, Total: 914167 ns
[2022-09-04T02:20:09.602+0000][1][safepoint    ] Safepoint "Cleanup", Time since last: 1001979417 ns, Reaching safepoint: 828167 ns, At safepoint: 22833 ns, Total: 851000 ns
[2022-09-04T02:20:10.605+0000][1][safepoint    ] Safepoint "Cleanup", Time since last: 1001635042 ns, Reaching safepoint: 1315333 ns, At safepoint: 44500 ns, Total: 1359833 ns
[2022-09-04T02:20:11.609+0000][1][safepoint    ] Safepoint "Cleanup", Time since last: 1003406709 ns, Reaching safepoint: 772959 ns, At safepoint: 20666 ns, Total: 793625 ns
[2022-09-04T02:20:12.613+0000][1][safepoint    ] Safepoint "Cleanup", Time since last: 1002898792 ns, Reaching safepoint: 881875 ns, At safepoint: 24209 ns, Total: 906084 ns
[2022-09-04T02:20:13.617+0000][1][safepoint    ] Safepoint "Cleanup", Time since last: 1002056083 ns, Reaching safepoint: 2002875 ns, At safepoint: 48959 ns, Total: 2051834 ns
[2022-09-04T02:20:14.621+0000][1][safepoint    ] Safepoint "Cleanup", Time since last: 1003171500 ns, Reaching safepoint: 705542 ns, At safepoint: 22958 ns, Total: 728500 ns
[2022-09-04T02:20:15.623+0000][1][safepoint    ] Safepoint "Cleanup", Time since last: 1001383876 ns, Reaching safepoint: 760666 ns, At safepoint: 23334 ns, Total: 784000 ns
[2022-09-04T02:20:16.626+0000][1][safepoint    ] Safepoint "Cleanup", Time since last: 1001875792 ns, Reaching safepoint: 824125 ns, At safepoint: 23083 ns, Total: 847208 ns
[2022-09-04T02:20:17.629+0000][1][safepoint    ] Safepoint "Cleanup", Time since last: 1002615834 ns, Reaching safepoint: 754542 ns, At safepoint: 22458 ns, Total: 777000 ns
[2022-09-04T02:20:18.633+0000][1][safepoint    ] Safepoint "Cleanup", Time since last: 1002307209 ns, Reaching safepoint: 1169583 ns, At safepoint: 31417 ns, Total: 1201000 ns
[2022-09-04T02:20:19.636+0000][1][safepoint    ] Safepoint "Cleanup", Time since last: 1002447709 ns, Reaching safepoint: 1028625 ns, At safepoint: 31833 ns, Total: 1060458 ns
[2022-09-04T02:20:20.641+0000][1][safepoint    ] Safepoint "Cleanup", Time since last: 1002936376 ns, Reaching safepoint: 1420333 ns, At safepoint: 34250 ns, Total: 1454583 ns
[2022-09-04T02:20:21.649+0000][1][safepoint    ] Safepoint "Cleanup", Time since last: 1007271750 ns, Reaching safepoint: 1070542 ns, At safepoint: 25333 ns, Total: 1095875 ns
[2022-09-04T02:20:22.658+0000][1][safepoint    ] Safepoint "Cleanup", Time since last: 1006483251 ns, Reaching safepoint: 2042041 ns, At safepoint: 53792 ns, Total: 2095833 ns
[2022-09-04T02:20:23.664+0000][1][safepoint    ] Safepoint "Cleanup", Time since last: 1004107042 ns, Reaching safepoint: 1609500 ns, At safepoint: 44792 ns, Total: 1654292 ns
[2022-09-04T02:20:24.670+0000][1][safepoint    ] Safepoint "Cleanup", Time since last: 1006107500 ns, Reaching safepoint: 755125 ns, At safepoint: 20500 ns, Total: 775625 ns
[2022-09-04T02:20:25.676+0000][1][safepoint    ] Safepoint "Cleanup", Time since last: 1003920001 ns, Reaching safepoint: 1476542 ns, At safepoint: 38625 ns, Total: 1515167 ns
[2022-09-04T02:20:26.683+0000][1][safepoint    ] Safepoint "Cleanup", Time since last: 1005745292 ns, Reaching safepoint: 866958 ns, At safepoint: 19708 ns, Total: 886666 ns
[2022-09-04T02:20:27.687+0000][1][safepoint    ] Safepoint "Cleanup", Time since last: 1003677959 ns, Reaching safepoint: 881792 ns, At safepoint: 25792 ns, Total: 907584 ns
[2022-09-04T02:20:28.692+0000][1][safepoint    ] Safepoint "Cleanup", Time since last: 1002084083 ns, Reaching safepoint: 2257875 ns, At safepoint: 55625 ns, Total: 2313500 ns
[2022-09-04T02:20:29.698+0000][1][safepoint    ] Safepoint "Cleanup", Time since last: 1005116584 ns, Reaching safepoint: 1011792 ns, At safepoint: 26875 ns, Total: 1038667 ns
[2022-09-04T02:20:30.702+0000][1][safepoint    ] Safepoint "Cleanup", Time since last: 1003524334 ns, Reaching safepoint: 932666 ns, At safepoint: 24334 ns, Total: 957000 ns
[2022-09-04T02:20:31.706+0000][1][safepoint    ] Safepoint "Cleanup", Time since last: 1002416458 ns, Reaching safepoint: 1715125 ns, At safepoint: 89250 ns, Total: 1804375 ns
[2022-09-04T02:20:32.711+0000][1][safepoint    ] Safepoint "Cleanup", Time since last: 1003541876 ns, Reaching safepoint: 1309917 ns, At safepoint: 34375 ns, Total: 1344292 ns
[2022-09-04T02:20:33.715+0000][1][safepoint    ] Safepoint "Cleanup", Time since last: 1002556167 ns, Reaching safepoint: 1151500 ns, At safepoint: 30875 ns, Total: 1182375 ns
[2022-09-04T02:20:34.718+0000][1][safepoint    ] Safepoint "Cleanup", Time since last: 1002220042 ns, Reaching safepoint: 958833 ns, At safepoint: 25959 ns, Total: 984792 ns
[2022-09-04T02:20:36.685+0000][1][safepoint    ] Safepoint "Cleanup", Time since last: 1965535167 ns, Reaching safepoint: 1268250 ns, At safepoint: 40125 ns, Total: 1308375 ns
[2022-09-04T02:20:37.689+0000][1][safepoint    ] Safepoint "Cleanup", Time since last: 1002714125 ns, Reaching safepoint: 1101167 ns, At safepoint: 27708 ns, Total: 1128875 ns
[2022-09-04T02:20:38.694+0000][1][safepoint    ] Safepoint "Cleanup", Time since last: 1002846875 ns, Reaching safepoint: 2296250 ns, At safepoint: 59834 ns, Total: 2356084 ns
[2022-09-04T02:20:39.698+0000][1][safepoint    ] Safepoint "Cleanup", Time since last: 1003184292 ns, Reaching safepoint: 1148958 ns, At safepoint: 38792 ns, Total: 1187750 ns
[2022-09-04T02:20:40.706+0000][1][safepoint    ] Safepoint "Cleanup", Time since last: 1004776834 ns, Reaching safepoint: 2622291 ns, At safepoint: 85917 ns, Total: 2708208 ns
[2022-09-04T02:20:41.712+0000][1][safepoint    ] Safepoint "Cleanup", Time since last: 1004724292 ns, Reaching safepoint: 1341375 ns, At safepoint: 41500 ns, Total: 1382875 ns
[2022-09-04T02:20:42.715+0000][1][safepoint    ] Safepoint "Cleanup", Time since last: 1002602459 ns, Reaching safepoint: 939583 ns, At safepoint: 57750 ns, Total: 997333 ns
[2022-09-04T02:20:43.718+0000][1][safepoint    ] Safepoint "Cleanup", Time since last: 1001699126 ns, Reaching safepoint: 882833 ns, At safepoint: 25750 ns, Total: 908583 ns
[2022-09-04T02:20:44.720+0000][1][safepoint    ] Safepoint "Cleanup", Time since last: 1001632667 ns, Reaching safepoint: 777584 ns, At safepoint: 19708 ns, Total: 797292 ns
[2022-09-04T02:20:45.724+0000][1][safepoint    ] Safepoint "Cleanup", Time since last: 1001814334 ns, Reaching safepoint: 2008667 ns, At safepoint: 80916 ns, Total: 2089583 ns
[2022-09-04T02:20:46.295+0000][1][safepoint    ] Safepoint "RevokeBias", Time since last: 569315125 ns, Reaching safepoint: 990500 ns, At safepoint: 141125 ns, Total: 1131625 ns
[2022-09-04T02:20:47.313+0000][1][safepoint    ] Safepoint "Cleanup", Time since last: 1015295709 ns, Reaching safepoint: 2843959 ns, At safepoint: 86916 ns, Total: 2930875 ns
[2022-09-04T02:20:48.319+0000][1][safepoint    ] Safepoint "Cleanup", Time since last: 1003643626 ns, Reaching safepoint: 2508208 ns, At safepoint: 57833 ns, Total: 2566041 ns
[2022-09-04T02:20:49.327+0000][1][safepoint    ] Safepoint "Cleanup", Time since last: 1007404543 ns, Reaching safepoint: 847000 ns, At safepoint: 18958 ns, Total: 865958 ns
[2022-09-04T02:20:50.331+0000][1][safepoint    ] Safepoint "Cleanup", Time since last: 1001767750 ns, Reaching safepoint: 1362625 ns, At safepoint: 36292 ns, Total: 1398917 ns
[2022-09-04T02:20:51.335+0000][1][safepoint    ] Safepoint "Cleanup", Time since last: 1003076126 ns, Reaching safepoint: 841458 ns, At safepoint: 24000 ns, Total: 865458 ns
[2022-09-04T02:20:52.337+0000][1][safepoint    ] Safepoint "Cleanup", Time since last: 1001863167 ns, Reaching safepoint: 954125 ns, At safepoint: 25042 ns, Total: 979167 ns
[2022-09-04T02:20:53.341+0000][1][safepoint    ] Safepoint "Cleanup", Time since last: 1002742625 ns, Reaching safepoint: 1158000 ns, At safepoint: 72125 ns, Total: 1230125 ns
[2022-09-04T02:20:54.345+0000][1][safepoint    ] Safepoint "Cleanup", Time since last: 1002336042 ns, Reaching safepoint: 862584 ns, At safepoint: 40833 ns, Total: 903417 ns
[2022-09-04T02:20:55.351+0000][1][safepoint    ] Safepoint "Cleanup", Time since last: 1003033875 ns, Reaching safepoint: 3282750 ns, At safepoint: 83584 ns, Total: 3366334 ns
[2022-09-04T02:20:56.357+0000][1][safepoint    ] Safepoint "Cleanup", Time since last: 1005363750 ns, Reaching safepoint: 761542 ns, At safepoint: 19542 ns, Total: 781084 ns
[2022-09-04T02:20:57.365+0000][1][safepoint    ] Safepoint "Cleanup", Time since last: 1003232750 ns, Reaching safepoint: 4031500 ns, At safepoint: 82125 ns, Total: 4113625 ns
[2022-09-04T02:20:58.370+0000][1][safepoint    ] Safepoint "Cleanup", Time since last: 1004432334 ns, Reaching safepoint: 800542 ns, At safepoint: 21291 ns, Total: 821833 ns
[2022-09-04T02:20:59.375+0000][1][safepoint    ] Safepoint "Cleanup", Time since last: 1001755459 ns, Reaching safepoint: 3364250 ns, At safepoint: 91042 ns, Total: 3455292 ns
[2022-09-04T02:21:00.384+0000][1][safepoint    ] Safepoint "Cleanup", Time since last: 1007789250 ns, Reaching safepoint: 1060458 ns, At safepoint: 35042 ns, Total: 1095500 ns
[2022-09-04T02:21:01.388+0000][1][safepoint    ] Safepoint "Cleanup", Time since last: 1003048042 ns, Reaching safepoint: 790792 ns, At safepoint: 19917 ns, Total: 810709 ns
[2022-09-04T02:21:02.393+0000][1][safepoint    ] Safepoint "Cleanup", Time since last: 1004286250 ns, Reaching safepoint: 860250 ns, At safepoint: 21250 ns, Total: 881500 ns
[2022-09-04T02:21:03.398+0000][1][safepoint    ] Safepoint "Cleanup", Time since last: 1002931792 ns, Reaching safepoint: 1973834 ns, At safepoint: 94666 ns, Total: 2068500 ns
[2022-09-04T02:21:04.402+0000][1][safepoint    ] Safepoint "Cleanup", Time since last: 1003685376 ns, Reaching safepoint: 724208 ns, At safepoint: 55458 ns, Total: 779666 ns
[2022-09-04T02:21:05.405+0000][1][safepoint    ] Safepoint "Cleanup", Time since last: 1001380084 ns, Reaching safepoint: 880292 ns, At safepoint: 23666 ns, Total: 903958 ns
[2022-09-04T02:21:06.408+0000][1][safepoint    ] Safepoint "Cleanup", Time since last: 1002076167 ns, Reaching safepoint: 846334 ns, At safepoint: 31625 ns, Total: 877959 ns
[2022-09-04T02:21:07.413+0000][1][safepoint    ] Safepoint "Cleanup", Time since last: 1002474834 ns, Reaching safepoint: 3094125 ns, At safepoint: 115083 ns, Total: 3209208 ns
[2022-09-04T02:21:08.424+0000][1][safepoint    ] Safepoint "Cleanup", Time since last: 1009382500 ns, Reaching safepoint: 968542 ns, At safepoint: 31625 ns, Total: 1000167 ns
[2022-09-04T02:21:09.429+0000][1][safepoint    ] Safepoint "Cleanup", Time since last: 1002443459 ns, Reaching safepoint: 2724833 ns, At safepoint: 69542 ns, Total: 2794375 ns
[2022-09-04T02:21:11.179+0000][1][safepoint    ] Safepoint "Cleanup", Time since last: 1749375626 ns, Reaching safepoint: 865708 ns, At safepoint: 25792 ns, Total: 891500 ns
[2022-09-04T02:21:12.183+0000][1][safepoint    ] Safepoint "Cleanup", Time since last: 1002639375 ns, Reaching safepoint: 947625 ns, At safepoint: 28375 ns, Total: 976000 ns
[2022-09-04T02:21:13.187+0000][1][safepoint    ] Safepoint "Cleanup", Time since last: 1002709084 ns, Reaching safepoint: 1019250 ns, At safepoint: 21542 ns, Total: 1040792 ns
[2022-09-04T02:21:14.190+0000][1][safepoint    ] Safepoint "Cleanup", Time since last: 1002135458 ns, Reaching safepoint: 825959 ns, At safepoint: 21125 ns, Total: 847084 ns
[2022-09-04T02:21:15.195+0000][1][safepoint    ] Safepoint "Cleanup", Time since last: 1002408917 ns, Reaching safepoint: 2920125 ns, At safepoint: 70500 ns, Total: 2990625 ns
[2022-09-04T02:21:16.202+0000][1][safepoint    ] Safepoint "Cleanup", Time since last: 1005353917 ns, Reaching safepoint: 1843042 ns, At safepoint: 47000 ns, Total: 1890042 ns
[2022-09-04T02:21:17.208+0000][1][safepoint    ] Safepoint "Cleanup", Time since last: 1003933792 ns, Reaching safepoint: 2197875 ns, At safepoint: 81417 ns, Total: 2279292 ns
[2022-09-04T02:21:18.214+0000][1][safepoint    ] Safepoint "Cleanup", Time since last: 1004649208 ns, Reaching safepoint: 990709 ns, At safepoint: 29166 ns, Total: 1019875 ns
[2022-09-04T02:21:19.219+0000][1][safepoint    ] Safepoint "Cleanup", Time since last: 1004336959 ns, Reaching safepoint: 961250 ns, At safepoint: 20958 ns, Total: 982208 ns
[2022-09-04T02:21:20.222+0000][1][safepoint    ] Safepoint "Cleanup", Time since last: 1001658293 ns, Reaching safepoint: 1131541 ns, At safepoint: 29709 ns, Total: 1161250 ns
[2022-09-04T02:21:21.227+0000][1][safepoint    ] Safepoint "Cleanup", Time since last: 1002631375 ns, Reaching safepoint: 1613167 ns, At safepoint: 51791 ns, Total: 1664958 ns
[2022-09-04T02:21:22.236+0000][1][safepoint    ] Safepoint "Cleanup", Time since last: 1007590584 ns, Reaching safepoint: 1467750 ns, At safepoint: 39000 ns, Total: 1506750 ns
[2022-09-04T02:21:23.242+0000][1][safepoint    ] Safepoint "Cleanup", Time since last: 1004188876 ns, Reaching safepoint: 2457250 ns, At safepoint: 93958 ns, Total: 2551208 ns
[2022-09-04T02:21:24.251+0000][1][safepoint    ] Safepoint "Cleanup", Time since last: 1007625084 ns, Reaching safepoint: 1219333 ns, At safepoint: 36709 ns, Total: 1256042 ns
[2022-09-04T02:21:25.256+0000][1][safepoint    ] Safepoint "Cleanup", Time since last: 1003359833 ns, Reaching safepoint: 1658459 ns, At safepoint: 38833 ns, Total: 1697292 ns
[2022-09-04T02:21:26.264+0000][1][safepoint    ] Safepoint "Cleanup", Time since last: 1005780251 ns, Reaching safepoint: 1727875 ns, At safepoint: 52833 ns, Total: 1780708 ns
[2022-09-04T02:21:27.274+0000][1][safepoint    ] Safepoint "Cleanup", Time since last: 1006011750 ns, Reaching safepoint: 3793084 ns, At safepoint: 134000 ns, Total: 3927084 ns
[2022-09-04T02:21:28.927+0000][1][safepoint    ] Safepoint "Cleanup", Time since last: 1651283500 ns, Reaching safepoint: 1455625 ns, At safepoint: 60209 ns, Total: 1515834 ns
[2022-09-04T02:21:29.936+0000][1][safepoint    ] Safepoint "Cleanup", Time since last: 1002697334 ns, Reaching safepoint: 3297875 ns, At safepoint: 624750 ns, Total: 3922625 ns
[2022-09-04T02:21:30.949+0000][1][safepoint    ] Safepoint "Cleanup", Time since last: 1013272958 ns, Reaching safepoint: 2699000 ns, At safepoint: 79792 ns, Total: 2778792 ns
[2022-09-04T02:21:31.957+0000][1][safepoint    ] Safepoint "Cleanup", Time since last: 1003862417 ns, Reaching safepoint: 3953167 ns, At safepoint: 104167 ns, Total: 4057334 ns
[2022-09-04T02:21:32.966+0000][1][safepoint    ] Safepoint "Cleanup", Time since last: 1005655500 ns, Reaching safepoint: 2919000 ns, At safepoint: 94042 ns, Total: 3013042 ns
[2022-09-04T02:21:33.973+0000][1][safepoint    ] Safepoint "Cleanup", Time since last: 1004554584 ns, Reaching safepoint: 2428541 ns, At safepoint: 72042 ns, Total: 2500583 ns
[2022-09-04T02:21:34.982+0000][1][safepoint    ] Safepoint "Cleanup", Time since last: 1004075209 ns, Reaching safepoint: 4857583 ns, At safepoint: 60708 ns, Total: 4918291 ns
[2022-09-04T02:21:35.988+0000][1][safepoint    ] Safepoint "Cleanup", Time since last: 1003203084 ns, Reaching safepoint: 2771708 ns, At safepoint: 89167 ns, Total: 2860875 ns
[2022-09-04T02:21:36.995+0000][1][safepoint    ] Safepoint "Cleanup", Time since last: 1005568084 ns, Reaching safepoint: 1341458 ns, At safepoint: 34458 ns, Total: 1375916 ns
[2022-09-04T02:21:38.001+0000][1][safepoint    ] Safepoint "Cleanup", Time since last: 1004188126 ns, Reaching safepoint: 1455000 ns, At safepoint: 38583 ns, Total: 1493583 ns
[2022-09-04T02:21:39.007+0000][1][safepoint    ] Safepoint "Cleanup", Time since last: 1003250042 ns, Reaching safepoint: 3229000 ns, At safepoint: 89875 ns, Total: 3318875 ns
[2022-09-04T02:21:40.013+0000][1][safepoint    ] Safepoint "Cleanup", Time since last: 1003862042 ns, Reaching safepoint: 1501709 ns, At safepoint: 48458 ns, Total: 1550167 ns
[2022-09-04T02:21:41.017+0000][1][safepoint    ] Safepoint "Cleanup", Time since last: 1003577001 ns, Reaching safepoint: 745708 ns, At safepoint: 20333 ns, Total: 766041 ns
[2022-09-04T02:21:42.022+0000][1][safepoint    ] Safepoint "Cleanup", Time since last: 1004088459 ns, Reaching safepoint: 1260458 ns, At safepoint: 49709 ns, Total: 1310167 ns
[2022-09-04T02:21:43.026+0000][1][safepoint    ] Safepoint "Cleanup", Time since last: 1002576084 ns, Reaching safepoint: 989125 ns, At safepoint: 22833 ns, Total: 1011958 ns
[2022-09-04T02:21:44.030+0000][1][safepoint    ] Safepoint "Cleanup", Time since last: 1001916250 ns, Reaching safepoint: 2447584 ns, At safepoint: 43041 ns, Total: 2490625 ns
[2022-09-04T02:21:45.034+0000][1][safepoint    ] Safepoint "Cleanup", Time since last: 1001989834 ns, Reaching safepoint: 1752792 ns, At safepoint: 55042 ns, Total: 1807834 ns
[2022-09-04T02:21:46.038+0000][1][safepoint    ] Safepoint "Cleanup", Time since last: 1002231542 ns, Reaching safepoint: 1522250 ns, At safepoint: 39250 ns, Total: 1561500 ns
[2022-09-04T02:21:47.046+0000][1][safepoint    ] Safepoint "Cleanup", Time since last: 1006188208 ns, Reaching safepoint: 2359167 ns, At safepoint: 98583 ns, Total: 2457750 ns
[2022-09-04T02:21:48.055+0000][1][safepoint    ] Safepoint "Cleanup", Time since last: 1006506084 ns, Reaching safepoint: 1465875 ns, At safepoint: 51792 ns, Total: 1517667 ns
[2022-09-04T02:21:49.062+0000][1][safepoint    ] Safepoint "Cleanup", Time since last: 1005825209 ns, Reaching safepoint: 1378583 ns, At safepoint: 38875 ns, Total: 1417458 ns
[2022-09-04T02:21:50.066+0000][1][safepoint    ] Safepoint "Cleanup", Time since last: 1002395042 ns, Reaching safepoint: 1677084 ns, At safepoint: 48083 ns, Total: 1725167 ns
[2022-09-04T02:21:51.182+0000][1][safepoint    ] Safepoint "Cleanup", Time since last: 1115300834 ns, Reaching safepoint: 996708 ns, At safepoint: 46250 ns, Total: 1042958 ns
[2022-09-04T02:21:52.189+0000][1][safepoint    ] Safepoint "Cleanup", Time since last: 1005323292 ns, Reaching safepoint: 1353042 ns, At safepoint: 34667 ns, Total: 1387709 ns
[2022-09-04T02:21:53.193+0000][1][safepoint    ] Safepoint "Cleanup", Time since last: 1002897833 ns, Reaching safepoint: 770209 ns, At safepoint: 19958 ns, Total: 790167 ns
[2022-09-04T02:21:54.195+0000][1][safepoint    ] Safepoint "Cleanup", Time since last: 1001800709 ns, Reaching safepoint: 712750 ns, At safepoint: 26042 ns, Total: 738792 ns
[2022-09-04T02:21:55.199+0000][1][safepoint    ] Safepoint "Cleanup", Time since last: 1003499250 ns, Reaching safepoint: 743792 ns, At safepoint: 20291 ns, Total: 764083 ns
[2022-09-04T02:21:56.203+0000][1][safepoint    ] Safepoint "Cleanup", Time since last: 1001430376 ns, Reaching safepoint: 2134708 ns, At safepoint: 62292 ns, Total: 2197000 ns
[2022-09-04T02:21:57.208+0000][1][safepoint    ] Safepoint "Cleanup", Time since last: 1004108500 ns, Reaching safepoint: 1071875 ns, At safepoint: 28084 ns, Total: 1099959 ns
[2022-09-04T02:21:58.213+0000][1][safepoint    ] Safepoint "Cleanup", Time since last: 1002688792 ns, Reaching safepoint: 1569041 ns, At safepoint: 40292 ns, Total: 1609333 ns
[2022-09-04T02:21:59.217+0000][1][safepoint    ] Safepoint "Cleanup", Time since last: 1002861626 ns, Reaching safepoint: 1101041 ns, At safepoint: 27834 ns, Total: 1128875 ns
[2022-09-04T02:22:00.220+0000][1][safepoint    ] Safepoint "Cleanup", Time since last: 1002901042 ns, Reaching safepoint: 918500 ns, At safepoint: 27916 ns, Total: 946416 ns
[2022-09-04T02:22:01.225+0000][1][safepoint    ] Safepoint "Cleanup", Time since last: 1002974543 ns, Reaching safepoint: 1384291 ns, At safepoint: 37084 ns, Total: 1421375 ns
[2022-09-04T02:22:02.232+0000][1][safepoint    ] Safepoint "Cleanup", Time since last: 1004230167 ns, Reaching safepoint: 2486083 ns, At safepoint: 90917 ns, Total: 2577000 ns
[2022-09-04T02:22:03.238+0000][1][safepoint    ] Safepoint "Cleanup", Time since last: 1005369792 ns, Reaching safepoint: 1257458 ns, At safepoint: 35792 ns, Total: 1293250 ns
[2022-09-04T02:22:04.244+0000][1][safepoint    ] Safepoint "Cleanup", Time since last: 1003548250 ns, Reaching safepoint: 2072084 ns, At safepoint: 66708 ns, Total: 2138792 ns
[2022-09-04T02:22:05.248+0000][1][safepoint    ] Safepoint "Cleanup", Time since last: 1003499875 ns, Reaching safepoint: 720042 ns, At safepoint: 22625 ns, Total: 742667 ns
[2022-09-04T02:22:06.251+0000][1][safepoint    ] Safepoint "Cleanup", Time since last: 1001610292 ns, Reaching safepoint: 1742291 ns, At safepoint: 43125 ns, Total: 1785416 ns
[2022-09-04T02:22:07.259+0000][1][safepoint    ] Safepoint "Cleanup", Time since last: 1004903376 ns, Reaching safepoint: 2721458 ns, At safepoint: 68083 ns, Total: 2789541 ns
[2022-09-04T02:22:08.268+0000][1][safepoint    ] Safepoint "Cleanup", Time since last: 1008220751 ns, Reaching safepoint: 1324792 ns, At safepoint: 36708 ns, Total: 1361500 ns
[2022-09-04T02:22:09.272+0000][1][safepoint    ] Safepoint "Cleanup", Time since last: 1002834042 ns, Reaching safepoint: 1325417 ns, At safepoint: 39208 ns, Total: 1364625 ns
[2022-09-04T02:22:10.276+0000][1][safepoint    ] Safepoint "Cleanup", Time since last: 1002457001 ns, Reaching safepoint: 1011708 ns, At safepoint: 38458 ns, Total: 1050166 ns
[2022-09-04T02:22:11.396+0000][1][safepoint    ] Safepoint "Cleanup", Time since last: 1119129959 ns, Reaching safepoint: 763167 ns, At safepoint: 20791 ns, Total: 783958 ns
[2022-09-04T02:22:12.400+0000][1][safepoint    ] Safepoint "Cleanup", Time since last: 1002691376 ns, Reaching safepoint: 1114375 ns, At safepoint: 78167 ns, Total: 1192542 ns
[2022-09-04T02:22:13.409+0000][1][safepoint    ] Safepoint "Cleanup", Time since last: 1005583250 ns, Reaching safepoint: 3294250 ns, At safepoint: 164750 ns, Total: 3459000 ns
[2022-09-04T02:22:14.414+0000][1][safepoint    ] Safepoint "Cleanup", Time since last: 1004273709 ns, Reaching safepoint: 993458 ns, At safepoint: 25834 ns, Total: 1019292 ns
[2022-09-04T02:22:15.419+0000][1][safepoint    ] Safepoint "Cleanup", Time since last: 1002318750 ns, Reaching safepoint: 2426417 ns, At safepoint: 72416 ns, Total: 2498833 ns
[2022-09-04T02:22:16.423+0000][1][safepoint    ] Safepoint "Cleanup", Time since last: 1003857667 ns, Reaching safepoint: 669250 ns, At safepoint: 21042 ns, Total: 690292 ns
[2022-09-04T02:22:17.426+0000][1][safepoint    ] Safepoint "Cleanup", Time since last: 1001925459 ns, Reaching safepoint: 859625 ns, At safepoint: 23750 ns, Total: 883375 ns
[2022-09-04T02:22:18.429+0000][1][safepoint    ] Safepoint "Cleanup", Time since last: 1001641375 ns, Reaching safepoint: 1157667 ns, At safepoint: 29042 ns, Total: 1186709 ns
[2022-09-04T02:22:19.433+0000][1][safepoint    ] Safepoint "Cleanup", Time since last: 1002898792 ns, Reaching safepoint: 847958 ns, At safepoint: 22792 ns, Total: 870750 ns
[2022-09-04T02:22:20.435+0000][1][safepoint    ] Safepoint "Cleanup", Time since last: 1001490917 ns, Reaching safepoint: 832292 ns, At safepoint: 20791 ns, Total: 853083 ns
[2022-09-04T02:22:21.438+0000][1][safepoint    ] Safepoint "Cleanup", Time since last: 1001730084 ns, Reaching safepoint: 738917 ns, At safepoint: 72458 ns, Total: 811375 ns
[2022-09-04T02:22:22.440+0000][1][safepoint    ] Safepoint "Cleanup", Time since last: 1001905584 ns, Reaching safepoint: 788625 ns, At safepoint: 32542 ns, Total: 821167 ns
[2022-09-04T02:22:23.444+0000][1][safepoint    ] Safepoint "Cleanup", Time since last: 1002595292 ns, Reaching safepoint: 1122208 ns, At safepoint: 24834 ns, Total: 1147042 ns
[2022-09-04T02:22:24.448+0000][1][safepoint    ] Safepoint "Cleanup", Time since last: 1002146708 ns, Reaching safepoint: 1178959 ns, At safepoint: 29666 ns, Total: 1208625 ns
[2022-09-04T02:22:25.453+0000][1][safepoint    ] Safepoint "Cleanup", Time since last: 1004293709 ns, Reaching safepoint: 1467292 ns, At safepoint: 40458 ns, Total: 1507750 ns
[2022-09-04T02:22:26.457+0000][1][safepoint    ] Safepoint "Cleanup", Time since last: 1003256084 ns, Reaching safepoint: 782208 ns, At safepoint: 27042 ns, Total: 809250 ns
[2022-09-04T02:22:27.460+0000][1][safepoint    ] Safepoint "Cleanup", Time since last: 1001743875 ns, Reaching safepoint: 1261750 ns, At safepoint: 40500 ns, Total: 1302250 ns
[2022-09-04T02:22:28.464+0000][1][safepoint    ] Safepoint "Cleanup", Time since last: 1002690084 ns, Reaching safepoint: 1224209 ns, At safepoint: 31708 ns, Total: 1255917 ns
[2022-09-04T02:22:29.468+0000][1][safepoint    ] Safepoint "Cleanup", Time since last: 1002660584 ns, Reaching safepoint: 1015916 ns, At safepoint: 26209 ns, Total: 1042125 ns
[2022-09-04T02:22:30.471+0000][1][safepoint    ] Safepoint "Cleanup", Time since last: 1001847584 ns, Reaching safepoint: 922416 ns, At safepoint: 28750 ns, Total: 951166 ns
[2022-09-04T02:22:31.477+0000][1][safepoint    ] Safepoint "Cleanup", Time since last: 1005195292 ns, Reaching safepoint: 852750 ns, At safepoint: 23292 ns, Total: 876042 ns
[2022-09-04T02:22:32.480+0000][1][safepoint    ] Safepoint "Cleanup", Time since last: 1001434709 ns, Reaching safepoint: 1302291 ns, At safepoint: 33084 ns, Total: 1335375 ns
[2022-09-04T02:22:33.484+0000][1][safepoint    ] Safepoint "Cleanup", Time since last: 1003109750 ns, Reaching safepoint: 1342875 ns, At safepoint: 31959 ns, Total: 1374834 ns
[2022-09-04T02:22:34.488+0000][1][safepoint    ] Safepoint "Cleanup", Time since last: 1003314375 ns, Reaching safepoint: 767917 ns, At safepoint: 21583 ns, Total: 789500 ns
[2022-09-04T02:22:35.493+0000][1][safepoint    ] Safepoint "Cleanup", Time since last: 1003952917 ns, Reaching safepoint: 1107083 ns, At safepoint: 33917 ns, Total: 1141000 ns
[2022-09-04T02:22:36.498+0000][1][safepoint    ] Safepoint "Cleanup", Time since last: 1004328292 ns, Reaching safepoint: 743000 ns, At safepoint: 19625 ns, Total: 762625 ns
[2022-09-04T02:22:37.502+0000][1][safepoint    ] Safepoint "Cleanup", Time since last: 1002104584 ns, Reaching safepoint: 1007875 ns, At safepoint: 24500 ns, Total: 1032375 ns
[2022-09-04T02:22:38.505+0000][1][safepoint    ] Safepoint "Cleanup", Time since last: 1001866000 ns, Reaching safepoint: 1491125 ns, At safepoint: 39917 ns, Total: 1531042 ns
[2022-09-04T02:22:39.511+0000][1][safepoint    ] Safepoint "Cleanup", Time since last: 1004402251 ns, Reaching safepoint: 1308041 ns, At safepoint: 38417 ns, Total: 1346458 ns
[2022-09-04T02:22:41.389+0000][1][safepoint    ] Safepoint "Cleanup", Time since last: 1877168334 ns, Reaching safepoint: 681583 ns, At safepoint: 53917 ns, Total: 735500 ns
[2022-09-04T02:22:42.392+0000][1][safepoint    ] Safepoint "Cleanup", Time since last: 1001780792 ns, Reaching safepoint: 1207417 ns, At safepoint: 28583 ns, Total: 1236000 ns
[2022-09-04T02:22:43.396+0000][1][safepoint    ] Safepoint "Cleanup", Time since last: 1002151709 ns, Reaching safepoint: 1742708 ns, At safepoint: 96042 ns, Total: 1838750 ns
[2022-09-04T02:22:44.400+0000][1][safepoint    ] Safepoint "Cleanup", Time since last: 1003336626 ns, Reaching safepoint: 901708 ns, At safepoint: 27167 ns, Total: 928875 ns
[2022-09-04T02:22:45.402+0000][1][safepoint    ] Safepoint "Cleanup", Time since last: 1001963208 ns, Reaching safepoint: 660375 ns, At safepoint: 19792 ns, Total: 680167 ns
[2022-09-04T02:22:46.406+0000][1][safepoint    ] Safepoint "Cleanup", Time since last: 1003297334 ns, Reaching safepoint: 674416 ns, At safepoint: 21334 ns, Total: 695750 ns
[2022-09-04T02:22:47.413+0000][1][safepoint    ] Safepoint "Cleanup", Time since last: 1003436792 ns, Reaching safepoint: 2672250 ns, At safepoint: 71458 ns, Total: 2743708 ns
[2022-09-04T02:22:48.420+0000][1][safepoint    ] Safepoint "Cleanup", Time since last: 1005251167 ns, Reaching safepoint: 1982250 ns, At safepoint: 39125 ns, Total: 2021375 ns
[2022-09-04T02:22:49.429+0000][1][safepoint    ] Safepoint "Cleanup", Time since last: 1007255418 ns, Reaching safepoint: 1440208 ns, At safepoint: 37458 ns, Total: 1477666 ns
[2022-09-04T02:22:50.432+0000][1][safepoint    ] Safepoint "Cleanup", Time since last: 1002921001 ns, Reaching safepoint: 698791 ns, At safepoint: 41375 ns, Total: 740166 ns
[2022-09-04T02:22:51.435+0000][1][safepoint    ] Safepoint "Cleanup", Time since last: 1001854626 ns, Reaching safepoint: 675333 ns, At safepoint: 18375 ns, Total: 693708 ns
[2022-09-04T02:22:52.438+0000][1][safepoint    ] Safepoint "Cleanup", Time since last: 1001465584 ns, Reaching safepoint: 1170000 ns, At safepoint: 97000 ns, Total: 1267000 ns
[2022-09-04T02:22:53.444+0000][1][safepoint    ] Safepoint "Cleanup", Time since last: 1003434084 ns, Reaching safepoint: 2822833 ns, At safepoint: 130834 ns, Total: 2953667 ns
[2022-09-04T02:22:54.451+0000][1][safepoint    ] Safepoint "Cleanup", Time since last: 1005891167 ns, Reaching safepoint: 892750 ns, At safepoint: 17250 ns, Total: 910000 ns
[2022-09-04T02:22:55.454+0000][1][safepoint    ] Safepoint "Cleanup", Time since last: 1001920500 ns, Reaching safepoint: 1102042 ns, At safepoint: 40708 ns, Total: 1142750 ns
[2022-09-04T02:22:56.457+0000][1][safepoint    ] Safepoint "Cleanup", Time since last: 1002620876 ns, Reaching safepoint: 790250 ns, At safepoint: 21875 ns, Total: 812125 ns
[2022-09-04T02:22:57.461+0000][1][safepoint    ] Safepoint "Cleanup", Time since last: 1001876625 ns, Reaching safepoint: 1294875 ns, At safepoint: 39125 ns, Total: 1334000 ns
[2022-09-04T02:22:58.455+0000][1][gc,start     ] GC(23) Pause Young (Allocation Failure)
[2022-09-04T02:22:58.462+0000][1][gc,task      ] GC(23) Using 4 workers of 4 for evacuation
[2022-09-04T02:22:58.514+0000][1][gc,age       ] GC(23) Desired survivor size 8945664 bytes, new threshold 6 (max threshold 6)
[2022-09-04T02:22:58.515+0000][1][gc,age       ] GC(23) Age table with threshold 6 (max threshold 6)
[2022-09-04T02:22:58.517+0000][1][gc,age       ] GC(23) - age   1:      28648 bytes,      28648 total
[2022-09-04T02:22:58.518+0000][1][gc,age       ] GC(23) - age   2:     350240 bytes,     378888 total
[2022-09-04T02:22:58.519+0000][1][gc,age       ] GC(23) - age   3:     353720 bytes,     732608 total
[2022-09-04T02:22:58.520+0000][1][gc,age       ] GC(23) - age   4:     102936 bytes,     835544 total
[2022-09-04T02:22:58.521+0000][1][gc,age       ] GC(23) - age   5:     131128 bytes,     966672 total
[2022-09-04T02:22:58.522+0000][1][gc,age       ] GC(23) - age   6:      83072 bytes,    1049744 total
[2022-09-04T02:22:58.525+0000][1][gc,heap      ] GC(23) ParNew: 143153K->1409K(157248K)
[2022-09-04T02:22:58.527+0000][1][gc,heap      ] GC(23) CMS: 66172K->66284K(349568K)
[2022-09-04T02:22:58.528+0000][1][gc,metaspace ] GC(23) Metaspace: 83284K->83284K(1126400K)
[2022-09-04T02:22:58.530+0000][1][gc           ] GC(23) Pause Young (Allocation Failure) 204M->66M(494M) 75.351ms
[2022-09-04T02:22:58.532+0000][1][gc,cpu       ] GC(23) User=0.10s Sys=0.03s Real=0.08s
[2022-09-04T02:22:58.533+0000][1][safepoint    ] Safepoint "GenCollectForAllocation", Time since last: 992173584 ns, Reaching safepoint: 1418583 ns, At safepoint: 78734834 ns, Total: 80153417 ns
[2022-09-04T02:22:59.535+0000][1][safepoint    ] Safepoint "Cleanup", Time since last: 1001222208 ns, Reaching safepoint: 1343167 ns, At safepoint: 36000 ns, Total: 1379167 ns
[2022-09-04T02:23:00.539+0000][1][safepoint    ] Safepoint "Cleanup", Time since last: 1002687667 ns, Reaching safepoint: 863375 ns, At safepoint: 29084 ns, Total: 892459 ns
[2022-09-04T02:23:01.543+0000][1][safepoint    ] Safepoint "Cleanup", Time since last: 1003135500 ns, Reaching safepoint: 763750 ns, At safepoint: 23042 ns, Total: 786792 ns
[2022-09-04T02:23:02.547+0000][1][safepoint    ] Safepoint "Cleanup", Time since last: 1001698917 ns, Reaching safepoint: 2498583 ns, At safepoint: 96500 ns, Total: 2595083 ns
[2022-09-04T02:23:03.553+0000][1][safepoint    ] Safepoint "Cleanup", Time since last: 1003263667 ns, Reaching safepoint: 2196542 ns, At safepoint: 64375 ns, Total: 2260917 ns
[2022-09-04T02:23:04.561+0000][1][safepoint    ] Safepoint "Cleanup", Time since last: 1006820959 ns, Reaching safepoint: 1439000 ns, At safepoint: 39541 ns, Total: 1478541 ns
[2022-09-04T02:23:05.564+0000][1][safepoint    ] Safepoint "Cleanup", Time since last: 1002291959 ns, Reaching safepoint: 959125 ns, At safepoint: 22708 ns, Total: 981833 ns
[2022-09-04T02:23:06.567+0000][1][safepoint    ] Safepoint "Cleanup", Time since last: 1002159376 ns, Reaching safepoint: 814166 ns, At safepoint: 23167 ns, Total: 837333 ns
[2022-09-04T02:23:07.570+0000][1][safepoint    ] Safepoint "Cleanup", Time since last: 1001989542 ns, Reaching safepoint: 1346625 ns, At safepoint: 32875 ns, Total: 1379500 ns
[2022-09-04T02:23:08.574+0000][1][safepoint    ] Safepoint "Cleanup", Time since last: 1002242042 ns, Reaching safepoint: 898292 ns, At safepoint: 25000 ns, Total: 923292 ns
[2022-09-04T02:23:09.578+0000][1][safepoint    ] Safepoint "Cleanup", Time since last: 1002078376 ns, Reaching safepoint: 2692833 ns, At safepoint: 59500 ns, Total: 2752333 ns
[2022-09-04T02:23:11.559+0000][1][safepoint    ] Safepoint "Cleanup", Time since last: 1980240626 ns, Reaching safepoint: 752333 ns, At safepoint: 23167 ns, Total: 775500 ns
[2022-09-04T02:23:12.566+0000][1][safepoint    ] Safepoint "Cleanup", Time since last: 1002949542 ns, Reaching safepoint: 3162708 ns, At safepoint: 74417 ns, Total: 3237125 ns
[2022-09-04T02:23:13.575+0000][1][safepoint    ] Safepoint "Cleanup", Time since last: 1007072125 ns, Reaching safepoint: 2522875 ns, At safepoint: 119792 ns, Total: 2642667 ns
[2022-09-04T02:23:14.580+0000][1][safepoint    ] Safepoint "Cleanup", Time since last: 1003989751 ns, Reaching safepoint: 702458 ns, At safepoint: 21208 ns, Total: 723666 ns
[2022-09-04T02:23:15.583+0000][1][safepoint    ] Safepoint "Cleanup", Time since last: 1001705167 ns, Reaching safepoint: 963042 ns, At safepoint: 30125 ns, Total: 993167 ns
[2022-09-04T02:23:16.585+0000][1][safepoint    ] Safepoint "Cleanup", Time since last: 1001835167 ns, Reaching safepoint: 920959 ns, At safepoint: 25250 ns, Total: 946209 ns
[2022-09-04T02:23:17.589+0000][1][safepoint    ] Safepoint "Cleanup", Time since last: 1002096625 ns, Reaching safepoint: 1071292 ns, At safepoint: 25875 ns, Total: 1097167 ns
[2022-09-04T02:23:18.592+0000][1][safepoint    ] Safepoint "Cleanup", Time since last: 1002153375 ns, Reaching safepoint: 923500 ns, At safepoint: 24167 ns, Total: 947667 ns
[2022-09-04T02:23:19.594+0000][1][safepoint    ] Safepoint "Cleanup", Time since last: 1001828250 ns, Reaching safepoint: 746834 ns, At safepoint: 19083 ns, Total: 765917 ns
[2022-09-04T02:23:20.596+0000][1][safepoint    ] Safepoint "Cleanup", Time since last: 1001356542 ns, Reaching safepoint: 695708 ns, At safepoint: 26375 ns, Total: 722083 ns
[2022-09-04T02:23:21.600+0000][1][safepoint    ] Safepoint "Cleanup", Time since last: 1002919793 ns, Reaching safepoint: 801416 ns, At safepoint: 24959 ns, Total: 826375 ns
[2022-09-04T02:23:22.603+0000][1][safepoint    ] Safepoint "Cleanup", Time since last: 1002072625 ns, Reaching safepoint: 1085417 ns, At safepoint: 38166 ns, Total: 1123583 ns
[2022-09-04T02:23:23.607+0000][1][safepoint    ] Safepoint "Cleanup", Time since last: 1002286001 ns, Reaching safepoint: 1399750 ns, At safepoint: 36917 ns, Total: 1436667 ns
[2022-09-04T02:23:24.611+0000][1][safepoint    ] Safepoint "Cleanup", Time since last: 1002510792 ns, Reaching safepoint: 922625 ns, At safepoint: 23458 ns, Total: 946083 ns
[2022-09-04T02:23:25.614+0000][1][safepoint    ] Safepoint "Cleanup", Time since last: 1002517042 ns, Reaching safepoint: 883542 ns, At safepoint: 23792 ns, Total: 907334 ns
[2022-09-04T02:23:26.621+0000][1][safepoint    ] Safepoint "Cleanup", Time since last: 1006388583 ns, Reaching safepoint: 878584 ns, At safepoint: 21958 ns, Total: 900542 ns
[2022-09-04T02:23:27.625+0000][1][safepoint    ] Safepoint "Cleanup", Time since last: 1002549417 ns, Reaching safepoint: 1067584 ns, At safepoint: 27458 ns, Total: 1095042 ns
[2022-09-04T02:23:28.631+0000][1][safepoint    ] Safepoint "Cleanup", Time since last: 1004914000 ns, Reaching safepoint: 820584 ns, At safepoint: 22416 ns, Total: 843000 ns
[2022-09-04T02:23:29.634+0000][1][safepoint    ] Safepoint "Cleanup", Time since last: 1002646126 ns, Reaching safepoint: 1027375 ns, At safepoint: 27750 ns, Total: 1055125 ns
[2022-09-04T02:23:30.638+0000][1][safepoint    ] Safepoint "Cleanup", Time since last: 1003144584 ns, Reaching safepoint: 661458 ns, At safepoint: 52667 ns, Total: 714125 ns
[2022-09-04T02:23:31.640+0000][1][safepoint    ] Safepoint "Cleanup", Time since last: 1001480000 ns, Reaching safepoint: 767292 ns, At safepoint: 22625 ns, Total: 789917 ns
[2022-09-04T02:23:32.645+0000][1][safepoint    ] Safepoint "Cleanup", Time since last: 1003467792 ns, Reaching safepoint: 737625 ns, At safepoint: 21125 ns, Total: 758750 ns
[2022-09-04T02:23:33.647+0000][1][safepoint    ] Safepoint "Cleanup", Time since last: 1001332584 ns, Reaching safepoint: 842041 ns, At safepoint: 24917 ns, Total: 866958 ns
[2022-09-04T02:23:34.655+0000][1][safepoint    ] Safepoint "Cleanup", Time since last: 1006730001 ns, Reaching safepoint: 883791 ns, At safepoint: 45000 ns, Total: 928791 ns
[2022-09-04T02:23:35.672+0000][1][safepoint    ] Safepoint "Cleanup", Time since last: 1017308750 ns, Reaching safepoint: 773750 ns, At safepoint: 25250 ns, Total: 799000 ns
[2022-09-04T02:23:36.679+0000][1][safepoint    ] Safepoint "Cleanup", Time since last: 1005287834 ns, Reaching safepoint: 1159667 ns, At safepoint: 29750 ns, Total: 1189417 ns
[2022-09-04T02:23:37.686+0000][1][safepoint    ] Safepoint "Cleanup", Time since last: 1006094584 ns, Reaching safepoint: 715333 ns, At safepoint: 20458 ns, Total: 735791 ns
[2022-09-04T02:23:38.691+0000][1][safepoint    ] Safepoint "Cleanup", Time since last: 1002874501 ns, Reaching safepoint: 2376333 ns, At safepoint: 66458 ns, Total: 2442791 ns
[2022-09-04T02:23:39.698+0000][1][safepoint    ] Safepoint "Cleanup", Time since last: 1005448418 ns, Reaching safepoint: 1303250 ns, At safepoint: 35750 ns, Total: 1339000 ns
[2022-09-04T02:23:41.604+0000][1][safepoint    ] Safepoint "Cleanup", Time since last: 1905501876 ns, Reaching safepoint: 933500 ns, At safepoint: 20666 ns, Total: 954166 ns
[2022-09-04T02:23:42.607+0000][1][safepoint    ] Safepoint "Cleanup", Time since last: 1001781501 ns, Reaching safepoint: 1257250 ns, At safepoint: 31583 ns, Total: 1288833 ns
[2022-09-04T02:23:43.613+0000][1][safepoint    ] Safepoint "Cleanup", Time since last: 1005066125 ns, Reaching safepoint: 898959 ns, At safepoint: 21708 ns, Total: 920667 ns
[2022-09-04T02:23:44.617+0000][1][safepoint    ] Safepoint "Cleanup", Time since last: 1002504042 ns, Reaching safepoint: 808167 ns, At safepoint: 21042 ns, Total: 829209 ns
[2022-09-04T02:23:45.620+0000][1][safepoint    ] Safepoint "Cleanup", Time since last: 1002703458 ns, Reaching safepoint: 1094042 ns, At safepoint: 28292 ns, Total: 1122334 ns
[2022-09-04T02:23:46.624+0000][1][safepoint    ] Safepoint "Cleanup", Time since last: 1002144959 ns, Reaching safepoint: 1259666 ns, At safepoint: 90209 ns, Total: 1349875 ns
[2022-09-04T02:23:47.627+0000][1][safepoint    ] Safepoint "Cleanup", Time since last: 1001765750 ns, Reaching safepoint: 1050750 ns, At safepoint: 22958 ns, Total: 1073708 ns
[2022-09-04T02:23:48.629+0000][1][safepoint    ] Safepoint "Cleanup", Time since last: 1001764001 ns, Reaching safepoint: 770708 ns, At safepoint: 22209 ns, Total: 792917 ns
[2022-09-04T02:23:49.632+0000][1][safepoint    ] Safepoint "Cleanup", Time since last: 1001426083 ns, Reaching safepoint: 924459 ns, At safepoint: 22500 ns, Total: 946959 ns
[2022-09-04T02:23:50.634+0000][1][safepoint    ] Safepoint "Cleanup", Time since last: 1001818625 ns, Reaching safepoint: 972875 ns, At safepoint: 27042 ns, Total: 999917 ns
[2022-09-04T02:23:51.638+0000][1][safepoint    ] Safepoint "Cleanup", Time since last: 1002057000 ns, Reaching safepoint: 1122584 ns, At safepoint: 31583 ns, Total: 1154167 ns
[2022-09-04T02:23:52.642+0000][1][safepoint    ] Safepoint "Cleanup", Time since last: 1001950625 ns, Reaching safepoint: 2541459 ns, At safepoint: 75708 ns, Total: 2617167 ns
[2022-09-04T02:23:53.650+0000][1][safepoint    ] Safepoint "Cleanup", Time since last: 1006903542 ns, Reaching safepoint: 1049250 ns, At safepoint: 33167 ns, Total: 1082417 ns
[2022-09-04T02:23:54.653+0000][1][safepoint    ] Safepoint "Cleanup", Time since last: 1001727917 ns, Reaching safepoint: 1344000 ns, At safepoint: 36625 ns, Total: 1380625 ns
[2022-09-04T02:23:55.662+0000][1][safepoint    ] Safepoint "Cleanup", Time since last: 1007196917 ns, Reaching safepoint: 1309667 ns, At safepoint: 28792 ns, Total: 1338459 ns
[2022-09-04T02:23:56.667+0000][1][safepoint    ] Safepoint "Cleanup", Time since last: 1004242958 ns, Reaching safepoint: 971500 ns, At safepoint: 22959 ns, Total: 994459 ns
[2022-09-04T02:23:57.672+0000][1][safepoint    ] Safepoint "Cleanup", Time since last: 1003020584 ns, Reaching safepoint: 1455666 ns, At safepoint: 45542 ns, Total: 1501208 ns
[2022-09-04T02:23:58.679+0000][1][safepoint    ] Safepoint "Cleanup", Time since last: 1006721500 ns, Reaching safepoint: 1002625 ns, At safepoint: 26500 ns, Total: 1029125 ns
[2022-09-04T02:23:59.683+0000][1][safepoint    ] Safepoint "Cleanup", Time since last: 1002944459 ns, Reaching safepoint: 789125 ns, At safepoint: 21000 ns, Total: 810125 ns
[2022-09-04T02:24:00.687+0000][1][safepoint    ] Safepoint "Cleanup", Time since last: 1002976334 ns, Reaching safepoint: 998333 ns, At safepoint: 28959 ns, Total: 1027292 ns
[2022-09-04T02:24:01.691+0000][1][safepoint    ] Safepoint "Cleanup", Time since last: 1002507792 ns, Reaching safepoint: 928125 ns, At safepoint: 24916 ns, Total: 953041 ns
[2022-09-04T02:24:02.694+0000][1][safepoint    ] Safepoint "Cleanup", Time since last: 1002180543 ns, Reaching safepoint: 1648416 ns, At safepoint: 39750 ns, Total: 1688166 ns
[2022-09-04T02:24:03.699+0000][1][safepoint    ] Safepoint "Cleanup", Time since last: 1004086542 ns, Reaching safepoint: 899584 ns, At safepoint: 24666 ns, Total: 924250 ns
[2022-09-04T02:24:04.702+0000][1][safepoint    ] Safepoint "Cleanup", Time since last: 1001891543 ns, Reaching safepoint: 990416 ns, At safepoint: 23125 ns, Total: 1013541 ns
[2022-09-04T02:24:05.707+0000][1][safepoint    ] Safepoint "Cleanup", Time since last: 1002103416 ns, Reaching safepoint: 2285167 ns, At safepoint: 84958 ns, Total: 2370125 ns
[2022-09-04T02:24:06.714+0000][1][safepoint    ] Safepoint "Cleanup", Time since last: 1005729959 ns, Reaching safepoint: 1100750 ns, At safepoint: 28042 ns, Total: 1128792 ns
[2022-09-04T02:24:07.719+0000][1][safepoint    ] Safepoint "Cleanup", Time since last: 1003471500 ns, Reaching safepoint: 1423250 ns, At safepoint: 44500 ns, Total: 1467750 ns
[2022-09-04T02:24:08.726+0000][1][safepoint    ] Safepoint "Cleanup", Time since last: 1005618167 ns, Reaching safepoint: 1977542 ns, At safepoint: 65417 ns, Total: 2042959 ns
[2022-09-04T02:24:09.732+0000][1][safepoint    ] Safepoint "Cleanup", Time since last: 1004320542 ns, Reaching safepoint: 1135500 ns, At safepoint: 110583 ns, Total: 1246083 ns
[2022-09-04T02:24:11.726+0000][1][safepoint    ] Safepoint "Cleanup", Time since last: 1993030376 ns, Reaching safepoint: 1314250 ns, At safepoint: 34500 ns, Total: 1348750 ns
[2022-09-04T02:24:12.730+0000][1][safepoint    ] Safepoint "Cleanup", Time since last: 1002377751 ns, Reaching safepoint: 1211708 ns, At safepoint: 30083 ns, Total: 1241791 ns
[2022-09-04T02:24:13.733+0000][1][safepoint    ] Safepoint "Cleanup", Time since last: 1002671793 ns, Reaching safepoint: 931208 ns, At safepoint: 23750 ns, Total: 954958 ns
[2022-09-04T02:24:14.736+0000][1][safepoint    ] Safepoint "Cleanup", Time since last: 1001614209 ns, Reaching safepoint: 941000 ns, At safepoint: 23708 ns, Total: 964708 ns
[2022-09-04T02:24:15.740+0000][1][safepoint    ] Safepoint "Cleanup", Time since last: 1002509917 ns, Reaching safepoint: 1299625 ns, At safepoint: 35625 ns, Total: 1335250 ns
[2022-09-04T02:24:16.744+0000][1][safepoint    ] Safepoint "Cleanup", Time since last: 1003624959 ns, Reaching safepoint: 855250 ns, At safepoint: 22583 ns, Total: 877833 ns
[2022-09-04T02:24:17.426+0000][1][safepoint    ] Safepoint "RevokeBias", Time since last: 673080501 ns, Reaching safepoint: 3271625 ns, At safepoint: 5276750 ns, Total: 8548375 ns
[2022-09-04T02:24:18.434+0000][1][safepoint    ] Safepoint "Cleanup", Time since last: 1007091500 ns, Reaching safepoint: 991083 ns, At safepoint: 27792 ns, Total: 1018875 ns
[2022-09-04T02:24:19.438+0000][1][safepoint    ] Safepoint "Cleanup", Time since last: 1003003709 ns, Reaching safepoint: 1246625 ns, At safepoint: 31792 ns, Total: 1278417 ns
[2022-09-04T02:24:20.441+0000][1][safepoint    ] Safepoint "Cleanup", Time since last: 1002166417 ns, Reaching safepoint: 828416 ns, At safepoint: 21875 ns, Total: 850291 ns
[2022-09-04T02:24:21.444+0000][1][safepoint    ] Safepoint "Cleanup", Time since last: 1001573376 ns, Reaching safepoint: 793333 ns, At safepoint: 21125 ns, Total: 814458 ns
[2022-09-04T02:24:22.449+0000][1][safepoint    ] Safepoint "Cleanup", Time since last: 1002433834 ns, Reaching safepoint: 2761792 ns, At safepoint: 67416 ns, Total: 2829208 ns
[2022-09-04T02:24:23.454+0000][1][safepoint    ] Safepoint "Cleanup", Time since last: 1003507543 ns, Reaching safepoint: 1889500 ns, At safepoint: 51625 ns, Total: 1941125 ns
[2022-09-04T02:24:24.459+0000][1][safepoint    ] Safepoint "Cleanup", Time since last: 1003420042 ns, Reaching safepoint: 1102708 ns, At safepoint: 29375 ns, Total: 1132083 ns
[2022-09-04T02:24:25.463+0000][1][safepoint    ] Safepoint "Cleanup", Time since last: 1001925375 ns, Reaching safepoint: 2159084 ns, At safepoint: 89333 ns, Total: 2248417 ns
[2022-09-04T02:24:26.468+0000][1][safepoint    ] Safepoint "Cleanup", Time since last: 1004015876 ns, Reaching safepoint: 762083 ns, At safepoint: 23208 ns, Total: 785291 ns
[2022-09-04T02:24:27.471+0000][1][safepoint    ] Safepoint "Cleanup", Time since last: 1002217584 ns, Reaching safepoint: 1129792 ns, At safepoint: 30250 ns, Total: 1160042 ns
[2022-09-04T02:24:28.475+0000][1][safepoint    ] Safepoint "Cleanup", Time since last: 1002347875 ns, Reaching safepoint: 1169792 ns, At safepoint: 28667 ns, Total: 1198459 ns
[2022-09-04T02:24:29.480+0000][1][safepoint    ] Safepoint "Cleanup", Time since last: 1002170458 ns, Reaching safepoint: 2363042 ns, At safepoint: 75458 ns, Total: 2438500 ns
[2022-09-04T02:24:30.486+0000][1][safepoint    ] Safepoint "Cleanup", Time since last: 1004940834 ns, Reaching safepoint: 1167875 ns, At safepoint: 28375 ns, Total: 1196250 ns
[2022-09-04T02:24:31.491+0000][1][safepoint    ] Safepoint "Cleanup", Time since last: 1004265126 ns, Reaching safepoint: 757166 ns, At safepoint: 59542 ns, Total: 816708 ns
[2022-09-04T02:24:32.497+0000][1][safepoint    ] Safepoint "Cleanup", Time since last: 1005446417 ns, Reaching safepoint: 734583 ns, At safepoint: 20084 ns, Total: 754667 ns
[2022-09-04T02:24:33.499+0000][1][safepoint    ] Safepoint "Cleanup", Time since last: 1001289084 ns, Reaching safepoint: 831625 ns, At safepoint: 21666 ns, Total: 853291 ns
[2022-09-04T02:24:34.504+0000][1][safepoint    ] Safepoint "Cleanup", Time since last: 1003400542 ns, Reaching safepoint: 1656417 ns, At safepoint: 40375 ns, Total: 1696792 ns
[2022-09-04T02:24:35.510+0000][1][safepoint    ] Safepoint "Cleanup", Time since last: 1004123208 ns, Reaching safepoint: 1695042 ns, At safepoint: 49458 ns, Total: 1744500 ns
[2022-09-04T02:24:36.513+0000][1][safepoint    ] Safepoint "Cleanup", Time since last: 1002967709 ns, Reaching safepoint: 750542 ns, At safepoint: 19833 ns, Total: 770375 ns
[2022-09-04T02:24:37.518+0000][1][safepoint    ] Safepoint "Cleanup", Time since last: 1003031417 ns, Reaching safepoint: 979000 ns, At safepoint: 26000 ns, Total: 1005000 ns
[2022-09-04T02:24:38.522+0000][1][safepoint    ] Safepoint "Cleanup", Time since last: 1002968709 ns, Reaching safepoint: 1152083 ns, At safepoint: 28459 ns, Total: 1180542 ns
[2022-09-04T02:24:39.531+0000][1][safepoint    ] Safepoint "Cleanup", Time since last: 1006578875 ns, Reaching safepoint: 2544375 ns, At safepoint: 89042 ns, Total: 2633417 ns
[2022-09-04T02:24:40.540+0000][1][safepoint    ] Safepoint "Cleanup", Time since last: 1006682834 ns, Reaching safepoint: 2456000 ns, At safepoint: 59583 ns, Total: 2515583 ns
[2022-09-04T02:24:41.546+0000][1][safepoint    ] Safepoint "Cleanup", Time since last: 1004583459 ns, Reaching safepoint: 906666 ns, At safepoint: 24542 ns, Total: 931208 ns
[2022-09-04T02:24:42.549+0000][1][safepoint    ] Safepoint "Cleanup", Time since last: 1001860542 ns, Reaching safepoint: 1558500 ns, At safepoint: 47084 ns, Total: 1605584 ns
[2022-09-04T02:24:43.553+0000][1][safepoint    ] Safepoint "Cleanup", Time since last: 1003396875 ns, Reaching safepoint: 823292 ns, At safepoint: 16958 ns, Total: 840250 ns
[2022-09-04T02:24:44.558+0000][1][safepoint    ] Safepoint "Cleanup", Time since last: 1003464459 ns, Reaching safepoint: 802000 ns, At safepoint: 20667 ns, Total: 822667 ns
[2022-09-04T02:24:45.564+0000][1][safepoint    ] Safepoint "Cleanup", Time since last: 1003105167 ns, Reaching safepoint: 2683125 ns, At safepoint: 134958 ns, Total: 2818083 ns
[2022-09-04T02:24:47.428+0000][1][safepoint    ] Safepoint "Cleanup", Time since last: 1862298584 ns, Reaching safepoint: 1903042 ns, At safepoint: 46500 ns, Total: 1949542 ns
[2022-09-04T02:24:48.432+0000][1][safepoint    ] Safepoint "Cleanup", Time since last: 1003443292 ns, Reaching safepoint: 912167 ns, At safepoint: 25708 ns, Total: 937875 ns
[2022-09-04T02:24:49.438+0000][1][safepoint    ] Safepoint "Cleanup", Time since last: 1002482667 ns, Reaching safepoint: 3277292 ns, At safepoint: 86750 ns, Total: 3364042 ns
[2022-09-04T02:24:50.444+0000][1][safepoint    ] Safepoint "Cleanup", Time since last: 1004767167 ns, Reaching safepoint: 1583250 ns, At safepoint: 42875 ns, Total: 1626125 ns
[2022-09-04T02:24:51.448+0000][1][safepoint    ] Safepoint "Cleanup", Time since last: 1002929251 ns, Reaching safepoint: 804916 ns, At safepoint: 24834 ns, Total: 829750 ns
[2022-09-04T02:24:52.451+0000][1][safepoint    ] Safepoint "Cleanup", Time since last: 1001940792 ns, Reaching safepoint: 1396375 ns, At safepoint: 36583 ns, Total: 1432958 ns
[2022-09-04T02:24:53.456+0000][1][safepoint    ] Safepoint "Cleanup", Time since last: 1002461334 ns, Reaching safepoint: 2152625 ns, At safepoint: 61292 ns, Total: 2213917 ns
[2022-09-04T02:24:54.463+0000][1][safepoint    ] Safepoint "Cleanup", Time since last: 1004824583 ns, Reaching safepoint: 1481500 ns, At safepoint: 52209 ns, Total: 1533709 ns
[2022-09-04T02:24:55.467+0000][1][safepoint    ] Safepoint "Cleanup", Time since last: 1002948542 ns, Reaching safepoint: 1762875 ns, At safepoint: 67250 ns, Total: 1830125 ns
[2022-09-04T02:24:56.476+0000][1][safepoint    ] Safepoint "Cleanup", Time since last: 1007540167 ns, Reaching safepoint: 770583 ns, At safepoint: 20542 ns, Total: 791125 ns
[2022-09-04T02:24:57.479+0000][1][safepoint    ] Safepoint "Cleanup", Time since last: 1001655875 ns, Reaching safepoint: 1221209 ns, At safepoint: 28833 ns, Total: 1250042 ns
[2022-09-04T02:24:58.486+0000][1][safepoint    ] Safepoint "Cleanup", Time since last: 1006295042 ns, Reaching safepoint: 791000 ns, At safepoint: 23584 ns, Total: 814584 ns
[2022-09-04T02:24:59.492+0000][1][safepoint    ] Safepoint "Cleanup", Time since last: 1004485750 ns, Reaching safepoint: 2150833 ns, At safepoint: 63959 ns, Total: 2214792 ns
[2022-09-04T02:25:00.497+0000][1][safepoint    ] Safepoint "Cleanup", Time since last: 1003646625 ns, Reaching safepoint: 850500 ns, At safepoint: 20959 ns, Total: 871459 ns
[2022-09-04T02:25:01.500+0000][1][safepoint    ] Safepoint "Cleanup", Time since last: 1001940458 ns, Reaching safepoint: 787959 ns, At safepoint: 21666 ns, Total: 809625 ns
[2022-09-04T02:25:02.503+0000][1][safepoint    ] Safepoint "Cleanup", Time since last: 1001653042 ns, Reaching safepoint: 1513292 ns, At safepoint: 35667 ns, Total: 1548959 ns
[2022-09-04T02:25:03.509+0000][1][safepoint    ] Safepoint "Cleanup", Time since last: 1003973125 ns, Reaching safepoint: 2338709 ns, At safepoint: 57000 ns, Total: 2395709 ns
[2022-09-04T02:25:04.516+0000][1][safepoint    ] Safepoint "Cleanup", Time since last: 1005632292 ns, Reaching safepoint: 1325958 ns, At safepoint: 35250 ns, Total: 1361208 ns
[2022-09-04T02:25:05.528+0000][1][safepoint    ] Safepoint "Cleanup", Time since last: 1009002500 ns, Reaching safepoint: 2995625 ns, At safepoint: 84583 ns, Total: 3080208 ns
[2022-09-04T02:25:06.534+0000][1][safepoint    ] Safepoint "Cleanup", Time since last: 1004959667 ns, Reaching safepoint: 824542 ns, At safepoint: 21208 ns, Total: 845750 ns
[2022-09-04T02:25:07.537+0000][1][safepoint    ] Safepoint "Cleanup", Time since last: 1001709459 ns, Reaching safepoint: 1478167 ns, At safepoint: 38875 ns, Total: 1517042 ns
[2022-09-04T02:25:08.543+0000][1][safepoint    ] Safepoint "Cleanup", Time since last: 1004509834 ns, Reaching safepoint: 1074125 ns, At safepoint: 31708 ns, Total: 1105833 ns
[2022-09-04T02:25:09.547+0000][1][safepoint    ] Safepoint "Cleanup", Time since last: 1003529292 ns, Reaching safepoint: 1357709 ns, At safepoint: 35166 ns, Total: 1392875 ns
[2022-09-04T02:25:10.551+0000][1][safepoint    ] Safepoint "Cleanup", Time since last: 1002483042 ns, Reaching safepoint: 1121875 ns, At safepoint: 30584 ns, Total: 1152459 ns
[2022-09-04T02:25:11.555+0000][1][safepoint    ] Safepoint "Cleanup", Time since last: 1002575833 ns, Reaching safepoint: 902375 ns, At safepoint: 25042 ns, Total: 927417 ns
[2022-09-04T02:25:12.560+0000][1][safepoint    ] Safepoint "Cleanup", Time since last: 1002036292 ns, Reaching safepoint: 2833042 ns, At safepoint: 76208 ns, Total: 2909250 ns
[2022-09-04T02:25:13.570+0000][1][safepoint    ] Safepoint "Cleanup", Time since last: 1006591792 ns, Reaching safepoint: 3346084 ns, At safepoint: 92750 ns, Total: 3438834 ns
[2022-09-04T02:25:14.576+0000][1][safepoint    ] Safepoint "Cleanup", Time since last: 1005617209 ns, Reaching safepoint: 733750 ns, At safepoint: 48791 ns, Total: 782541 ns
[2022-09-04T02:25:15.579+0000][1][safepoint    ] Safepoint "Cleanup", Time since last: 1001431209 ns, Reaching safepoint: 1476458 ns, At safepoint: 38667 ns, Total: 1515125 ns
[2022-09-04T02:25:16.582+0000][1][safepoint    ] Safepoint "Cleanup", Time since last: 1002702292 ns, Reaching safepoint: 827042 ns, At safepoint: 21125 ns, Total: 848167 ns
[2022-09-04T02:25:17.585+0000][1][safepoint    ] Safepoint "Cleanup", Time since last: 1001717709 ns, Reaching safepoint: 1018208 ns, At safepoint: 27292 ns, Total: 1045500 ns
[2022-09-04T02:25:18.590+0000][1][safepoint    ] Safepoint "Cleanup", Time since last: 1002012834 ns, Reaching safepoint: 2308166 ns, At safepoint: 60084 ns, Total: 2368250 ns
[2022-09-04T02:25:19.596+0000][1][safepoint    ] Safepoint "Cleanup", Time since last: 1003551583 ns, Reaching safepoint: 2335792 ns, At safepoint: 680750 ns, Total: 3016542 ns
[2022-09-04T02:25:20.603+0000][1][safepoint    ] Safepoint "Cleanup", Time since last: 1005546250 ns, Reaching safepoint: 1045417 ns, At safepoint: 33375 ns, Total: 1078792 ns
[2022-09-04T02:25:21.607+0000][1][safepoint    ] Safepoint "Cleanup", Time since last: 1002702292 ns, Reaching safepoint: 1051042 ns, At safepoint: 25625 ns, Total: 1076667 ns
[2022-09-04T02:25:22.610+0000][1][safepoint    ] Safepoint "Cleanup", Time since last: 1002168125 ns, Reaching safepoint: 943292 ns, At safepoint: 23708 ns, Total: 967000 ns
[2022-09-04T02:25:23.614+0000][1][safepoint    ] Safepoint "Cleanup", Time since last: 1002460209 ns, Reaching safepoint: 1396792 ns, At safepoint: 36333 ns, Total: 1433125 ns
[2022-09-04T02:25:24.617+0000][1][safepoint    ] Safepoint "Cleanup", Time since last: 1002236167 ns, Reaching safepoint: 1309084 ns, At safepoint: 24916 ns, Total: 1334000 ns
[2022-09-04T02:25:25.630+0000][1][safepoint    ] Safepoint "Cleanup", Time since last: 1011195751 ns, Reaching safepoint: 1383875 ns, At safepoint: 36208 ns, Total: 1420083 ns
[2022-09-04T02:25:26.634+0000][1][safepoint    ] Safepoint "Cleanup", Time since last: 1003738459 ns, Reaching safepoint: 832167 ns, At safepoint: 22125 ns, Total: 854292 ns
[2022-09-04T02:25:27.638+0000][1][safepoint    ] Safepoint "Cleanup", Time since last: 1001943459 ns, Reaching safepoint: 1312791 ns, At safepoint: 31750 ns, Total: 1344541 ns
[2022-09-04T02:25:28.643+0000][1][safepoint    ] Safepoint "Cleanup", Time since last: 1004154626 ns, Reaching safepoint: 1041333 ns, At safepoint: 24292 ns, Total: 1065625 ns
[2022-09-04T02:25:29.648+0000][1][safepoint    ] Safepoint "Cleanup", Time since last: 1002291500 ns, Reaching safepoint: 2961667 ns, At safepoint: 82583 ns, Total: 3044250 ns
[2022-09-04T02:25:30.656+0000][1][safepoint    ] Safepoint "Cleanup", Time since last: 1006217501 ns, Reaching safepoint: 1254125 ns, At safepoint: 27750 ns, Total: 1281875 ns
[2022-09-04T02:25:31.661+0000][1][safepoint    ] Safepoint "Cleanup", Time since last: 1004234125 ns, Reaching safepoint: 1047708 ns, At safepoint: 25792 ns, Total: 1073500 ns
[2022-09-04T02:25:32.665+0000][1][safepoint    ] Safepoint "Cleanup", Time since last: 1002576959 ns, Reaching safepoint: 937958 ns, At safepoint: 23709 ns, Total: 961667 ns
[2022-09-04T02:25:33.669+0000][1][safepoint    ] Safepoint "Cleanup", Time since last: 1001877458 ns, Reaching safepoint: 2279084 ns, At safepoint: 57208 ns, Total: 2336292 ns
[2022-09-04T02:25:34.673+0000][1][safepoint    ] Safepoint "Cleanup", Time since last: 1002892542 ns, Reaching safepoint: 841709 ns, At safepoint: 22041 ns, Total: 863750 ns
[2022-09-04T02:25:35.676+0000][1][safepoint    ] Safepoint "Cleanup", Time since last: 1002575333 ns, Reaching safepoint: 1125667 ns, At safepoint: 29750 ns, Total: 1155417 ns
[2022-09-04T02:25:36.679+0000][1][safepoint    ] Safepoint "Cleanup", Time since last: 1002404000 ns, Reaching safepoint: 963834 ns, At safepoint: 21583 ns, Total: 985417 ns
[2022-09-04T02:25:37.684+0000][1][safepoint    ] Safepoint "Cleanup", Time since last: 1003681375 ns, Reaching safepoint: 899667 ns, At safepoint: 20792 ns, Total: 920459 ns
[2022-09-04T02:25:38.687+0000][1][safepoint    ] Safepoint "Cleanup", Time since last: 1001745583 ns, Reaching safepoint: 1301167 ns, At safepoint: 35333 ns, Total: 1336500 ns
[2022-09-04T02:25:39.691+0000][1][safepoint    ] Safepoint "Cleanup", Time since last: 1002884251 ns, Reaching safepoint: 1021708 ns, At safepoint: 27250 ns, Total: 1048958 ns
[2022-09-04T02:25:40.695+0000][1][safepoint    ] Safepoint "Cleanup", Time since last: 1002978792 ns, Reaching safepoint: 1432959 ns, At safepoint: 37750 ns, Total: 1470709 ns
[2022-09-04T02:25:41.853+0000][1][safepoint    ] Safepoint "Cleanup", Time since last: 1155306125 ns, Reaching safepoint: 2366250 ns, At safepoint: 87792 ns, Total: 2454042 ns
[2022-09-04T02:25:42.862+0000][1][safepoint    ] Safepoint "Cleanup", Time since last: 1005051459 ns, Reaching safepoint: 3132083 ns, At safepoint: 118833 ns, Total: 3250916 ns
[2022-09-04T02:25:43.869+0000][1][safepoint    ] Safepoint "Cleanup", Time since last: 1004527168 ns, Reaching safepoint: 2452958 ns, At safepoint: 82292 ns, Total: 2535250 ns
[2022-09-04T02:25:44.875+0000][1][safepoint    ] Safepoint "Cleanup", Time since last: 1005780625 ns, Reaching safepoint: 1112708 ns, At safepoint: 28084 ns, Total: 1140792 ns
[2022-09-04T02:25:45.879+0000][1][safepoint    ] Safepoint "Cleanup", Time since last: 1001729917 ns, Reaching safepoint: 1368375 ns, At safepoint: 38750 ns, Total: 1407125 ns
[2022-09-04T02:25:46.883+0000][1][safepoint    ] Safepoint "Cleanup", Time since last: 1002796292 ns, Reaching safepoint: 1349833 ns, At safepoint: 26459 ns, Total: 1376292 ns
[2022-09-04T02:25:47.890+0000][1][safepoint    ] Safepoint "Cleanup", Time since last: 1003225792 ns, Reaching safepoint: 3351500 ns, At safepoint: 93125 ns, Total: 3444625 ns
[2022-09-04T02:25:48.898+0000][1][safepoint    ] Safepoint "Cleanup", Time since last: 1004810084 ns, Reaching safepoint: 3393083 ns, At safepoint: 185917 ns, Total: 3579000 ns
[2022-09-04T02:25:49.905+0000][1][safepoint    ] Safepoint "Cleanup", Time since last: 1003554667 ns, Reaching safepoint: 3564375 ns, At safepoint: 107333 ns, Total: 3671708 ns
[2022-09-04T02:25:50.912+0000][1][safepoint    ] Safepoint "Cleanup", Time since last: 1004222292 ns, Reaching safepoint: 2827000 ns, At safepoint: 96584 ns, Total: 2923584 ns
[2022-09-04T02:25:51.926+0000][1][safepoint    ] Safepoint "Cleanup", Time since last: 1009597875 ns, Reaching safepoint: 3629125 ns, At safepoint: 118250 ns, Total: 3747375 ns
[2022-09-04T02:25:52.935+0000][1][safepoint    ] Safepoint "Cleanup", Time since last: 1007397667 ns, Reaching safepoint: 2199084 ns, At safepoint: 64500 ns, Total: 2263584 ns
[2022-09-04T02:25:53.946+0000][1][safepoint    ] Safepoint "Cleanup", Time since last: 1007750250 ns, Reaching safepoint: 3316042 ns, At safepoint: 123625 ns, Total: 3439667 ns
[2022-09-04T02:25:54.953+0000][1][safepoint    ] Safepoint "Cleanup", Time since last: 1004658750 ns, Reaching safepoint: 2123750 ns, At safepoint: 51625 ns, Total: 2175375 ns
[2022-09-04T02:25:55.959+0000][1][safepoint    ] Safepoint "Cleanup", Time since last: 1003379376 ns, Reaching safepoint: 2608958 ns, At safepoint: 65833 ns, Total: 2674791 ns
[2022-09-04T02:25:56.965+0000][1][safepoint    ] Safepoint "Cleanup", Time since last: 1004536001 ns, Reaching safepoint: 1125083 ns, At safepoint: 26750 ns, Total: 1151833 ns
[2022-09-04T02:25:57.970+0000][1][safepoint    ] Safepoint "Cleanup", Time since last: 1003921417 ns, Reaching safepoint: 1224625 ns, At safepoint: 32500 ns, Total: 1257125 ns
[2022-09-04T02:25:58.975+0000][1][safepoint    ] Safepoint "Cleanup", Time since last: 1003750709 ns, Reaching safepoint: 1419167 ns, At safepoint: 35125 ns, Total: 1454292 ns
[2022-09-04T02:25:59.982+0000][1][safepoint    ] Safepoint "Cleanup", Time since last: 1004219542 ns, Reaching safepoint: 2719000 ns, At safepoint: 88708 ns, Total: 2807708 ns
[2022-09-04T02:26:00.988+0000][1][safepoint    ] Safepoint "Cleanup", Time since last: 1003580709 ns, Reaching safepoint: 1508000 ns, At safepoint: 52542 ns, Total: 1560542 ns
[2022-09-04T02:26:01.995+0000][1][safepoint    ] Safepoint "Cleanup", Time since last: 1003651459 ns, Reaching safepoint: 3651041 ns, At safepoint: 94375 ns, Total: 3745416 ns
[2022-09-04T02:26:03.003+0000][1][safepoint    ] Safepoint "Cleanup", Time since last: 1006184084 ns, Reaching safepoint: 1932042 ns, At safepoint: 48375 ns, Total: 1980417 ns
[2022-09-04T02:26:04.011+0000][1][safepoint    ] Safepoint "Cleanup", Time since last: 1003765334 ns, Reaching safepoint: 3667291 ns, At safepoint: 87125 ns, Total: 3754416 ns
[2022-09-04T02:26:05.018+0000][1][safepoint    ] Safepoint "Cleanup", Time since last: 1006297501 ns, Reaching safepoint: 1004333 ns, At safepoint: 25958 ns, Total: 1030291 ns
[2022-09-04T02:26:06.021+0000][1][safepoint    ] Safepoint "Cleanup", Time since last: 1002097292 ns, Reaching safepoint: 1411334 ns, At safepoint: 57541 ns, Total: 1468875 ns
[2022-09-04T02:26:07.027+0000][1][safepoint    ] Safepoint "Cleanup", Time since last: 1003601584 ns, Reaching safepoint: 2124875 ns, At safepoint: 59875 ns, Total: 2184750 ns
[2022-09-04T02:26:08.037+0000][1][safepoint    ] Safepoint "Cleanup", Time since last: 1006476375 ns, Reaching safepoint: 3218917 ns, At safepoint: 80542 ns, Total: 3299459 ns
[2022-09-04T02:26:09.056+0000][1][safepoint    ] Safepoint "Cleanup", Time since last: 1018185584 ns, Reaching safepoint: 1077250 ns, At safepoint: 29791 ns, Total: 1107041 ns
[2022-09-04T02:26:10.061+0000][1][safepoint    ] Safepoint "Cleanup", Time since last: 1003445959 ns, Reaching safepoint: 1318417 ns, At safepoint: 36291 ns, Total: 1354708 ns
[2022-09-04T02:26:11.876+0000][1][safepoint    ] Safepoint "Cleanup", Time since last: 1812226793 ns, Reaching safepoint: 3136500 ns, At safepoint: 71917 ns, Total: 3208417 ns
[2022-09-04T02:26:12.882+0000][1][safepoint    ] Safepoint "Cleanup", Time since last: 1004769000 ns, Reaching safepoint: 897000 ns, At safepoint: 21167 ns, Total: 918167 ns
[2022-09-04T02:26:13.887+0000][1][safepoint    ] Safepoint "Cleanup", Time since last: 1001715209 ns, Reaching safepoint: 3446958 ns, At safepoint: 84417 ns, Total: 3531375 ns
[2022-09-04T02:26:14.894+0000][1][safepoint    ] Safepoint "Cleanup", Time since last: 1005178875 ns, Reaching safepoint: 1079417 ns, At safepoint: 29000 ns, Total: 1108417 ns
[2022-09-04T02:26:15.898+0000][1][safepoint    ] Safepoint "Cleanup", Time since last: 1001712000 ns, Reaching safepoint: 2690542 ns, At safepoint: 75750 ns, Total: 2766292 ns
[2022-09-04T02:26:16.908+0000][1][safepoint    ] Safepoint "Cleanup", Time since last: 1008853042 ns, Reaching safepoint: 1010792 ns, At safepoint: 28583 ns, Total: 1039375 ns
[2022-09-04T02:26:17.915+0000][1][safepoint    ] Safepoint "Cleanup", Time since last: 1002174167 ns, Reaching safepoint: 4475167 ns, At safepoint: 131292 ns, Total: 4606459 ns
[2022-09-04T02:26:18.921+0000][1][safepoint    ] Safepoint "Cleanup", Time since last: 1004909167 ns, Reaching safepoint: 942083 ns, At safepoint: 21833 ns, Total: 963916 ns
[2022-09-04T02:26:19.927+0000][1][safepoint    ] Safepoint "Cleanup", Time since last: 1002958209 ns, Reaching safepoint: 3616083 ns, At safepoint: 83125 ns, Total: 3699208 ns
[2022-09-04T02:26:20.932+0000][1][safepoint    ] Safepoint "Cleanup", Time since last: 1003547001 ns, Reaching safepoint: 754417 ns, At safepoint: 21041 ns, Total: 775458 ns
[2022-09-04T02:26:21.934+0000][1][safepoint    ] Safepoint "Cleanup", Time since last: 1001684959 ns, Reaching safepoint: 837833 ns, At safepoint: 24292 ns, Total: 862125 ns
[2022-09-04T02:26:22.939+0000][1][safepoint    ] Safepoint "Cleanup", Time since last: 1001980626 ns, Reaching safepoint: 3088291 ns, At safepoint: 81584 ns, Total: 3169875 ns
[2022-09-04T02:26:23.947+0000][1][safepoint    ] Safepoint "Cleanup", Time since last: 1004947583 ns, Reaching safepoint: 2684084 ns, At safepoint: 120500 ns, Total: 2804584 ns
[2022-09-04T02:26:24.952+0000][1][safepoint    ] Safepoint "Cleanup", Time since last: 1004085209 ns, Reaching safepoint: 818666 ns, At safepoint: 22584 ns, Total: 841250 ns
[2022-09-04T02:26:25.959+0000][1][safepoint    ] Safepoint "Cleanup", Time since last: 1002445625 ns, Reaching safepoint: 4291417 ns, At safepoint: 97291 ns, Total: 4388708 ns
[2022-09-04T02:26:26.965+0000][1][safepoint    ] Safepoint "Cleanup", Time since last: 1005360001 ns, Reaching safepoint: 1122417 ns, At safepoint: 28625 ns, Total: 1151042 ns
[2022-09-04T02:26:27.971+0000][1][safepoint    ] Safepoint "Cleanup", Time since last: 1004024208 ns, Reaching safepoint: 1273625 ns, At safepoint: 30292 ns, Total: 1303917 ns
[2022-09-04T02:26:28.978+0000][1][safepoint    ] Safepoint "Cleanup", Time since last: 1004253167 ns, Reaching safepoint: 2527625 ns, At safepoint: 97958 ns, Total: 2625583 ns
[2022-09-04T02:26:29.986+0000][1][safepoint    ] Safepoint "Cleanup", Time since last: 1006211959 ns, Reaching safepoint: 1743875 ns, At safepoint: 60875 ns, Total: 1804750 ns
[2022-09-04T02:26:30.991+0000][1][safepoint    ] Safepoint "Cleanup", Time since last: 1004022959 ns, Reaching safepoint: 1307167 ns, At safepoint: 32833 ns, Total: 1340000 ns
[2022-09-04T02:26:32.000+0000][1][safepoint    ] Safepoint "Cleanup", Time since last: 1006841792 ns, Reaching safepoint: 2454500 ns, At safepoint: 68375 ns, Total: 2522875 ns
[2022-09-04T02:26:33.007+0000][1][safepoint    ] Safepoint "Cleanup", Time since last: 1005157126 ns, Reaching safepoint: 1190166 ns, At safepoint: 34417 ns, Total: 1224583 ns
[2022-09-04T02:26:34.010+0000][1][safepoint    ] Safepoint "Cleanup", Time since last: 1002230626 ns, Reaching safepoint: 881625 ns, At safepoint: 23291 ns, Total: 904916 ns
[2022-09-04T02:26:35.013+0000][1][safepoint    ] Safepoint "Cleanup", Time since last: 1002486876 ns, Reaching safepoint: 868958 ns, At safepoint: 26000 ns, Total: 894958 ns
[2022-09-04T02:26:36.019+0000][1][safepoint    ] Safepoint "Cleanup", Time since last: 1002999791 ns, Reaching safepoint: 3163500 ns, At safepoint: 290709 ns, Total: 3454209 ns
[2022-09-04T02:26:37.037+0000][1][safepoint    ] Safepoint "Cleanup", Time since last: 1015117917 ns, Reaching safepoint: 2366291 ns, At safepoint: 75000 ns, Total: 2441291 ns
[2022-09-04T02:26:38.046+0000][1][safepoint    ] Safepoint "Cleanup", Time since last: 1005719584 ns, Reaching safepoint: 2917083 ns, At safepoint: 163625 ns, Total: 3080708 ns
[2022-09-04T02:26:39.055+0000][1][safepoint    ] Safepoint "Cleanup", Time since last: 1007760001 ns, Reaching safepoint: 1756167 ns, At safepoint: 41833 ns, Total: 1798000 ns
[2022-09-04T02:26:40.064+0000][1][safepoint    ] Safepoint "Cleanup", Time since last: 1005962000 ns, Reaching safepoint: 2161709 ns, At safepoint: 439583 ns, Total: 2601292 ns
[2022-09-04T02:26:41.068+0000][1][safepoint    ] Safepoint "Cleanup", Time since last: 1003195167 ns, Reaching safepoint: 748584 ns, At safepoint: 20250 ns, Total: 768834 ns
[2022-09-04T02:26:42.072+0000][1][safepoint    ] Safepoint "Cleanup", Time since last: 1001707542 ns, Reaching safepoint: 2927083 ns, At safepoint: 75042 ns, Total: 3002125 ns
[2022-09-04T02:26:43.080+0000][1][safepoint    ] Safepoint "Cleanup", Time since last: 1005351292 ns, Reaching safepoint: 2366667 ns, At safepoint: 77666 ns, Total: 2444333 ns
[2022-09-04T02:26:44.085+0000][1][safepoint    ] Safepoint "Cleanup", Time since last: 1004370834 ns, Reaching safepoint: 802542 ns, At safepoint: 21541 ns, Total: 824083 ns
[2022-09-04T02:26:45.088+0000][1][safepoint    ] Safepoint "Cleanup", Time since last: 1001867043 ns, Reaching safepoint: 863958 ns, At safepoint: 25042 ns, Total: 889000 ns
[2022-09-04T02:26:46.092+0000][1][safepoint    ] Safepoint "Cleanup", Time since last: 1001623208 ns, Reaching safepoint: 2650917 ns, At safepoint: 83667 ns, Total: 2734584 ns
[2022-09-04T02:26:47.097+0000][1][safepoint    ] Safepoint "Cleanup", Time since last: 1003410833 ns, Reaching safepoint: 1232500 ns, At safepoint: 32292 ns, Total: 1264792 ns
[2022-09-04T02:26:48.101+0000][1][safepoint    ] Safepoint "Cleanup", Time since last: 1002669376 ns, Reaching safepoint: 839416 ns, At safepoint: 25917 ns, Total: 865333 ns
[2022-09-04T02:26:49.103+0000][1][safepoint    ] Safepoint "Cleanup", Time since last: 1001713417 ns, Reaching safepoint: 957750 ns, At safepoint: 24333 ns, Total: 982083 ns
[2022-09-04T02:26:50.333+0000][1][safepoint    ] Safepoint "Cleanup", Time since last: 1224643709 ns, Reaching safepoint: 4697625 ns, At safepoint: 99917 ns, Total: 4797542 ns
[2022-09-04T02:26:51.339+0000][1][safepoint    ] Safepoint "Cleanup", Time since last: 1004985167 ns, Reaching safepoint: 752917 ns, At safepoint: 20625 ns, Total: 773542 ns
[2022-09-04T02:26:52.344+0000][1][safepoint    ] Safepoint "Cleanup", Time since last: 1001812125 ns, Reaching safepoint: 3442500 ns, At safepoint: 91459 ns, Total: 3533959 ns
[2022-09-04T02:26:53.354+0000][1][safepoint    ] Safepoint "Cleanup", Time since last: 1009003917 ns, Reaching safepoint: 1408666 ns, At safepoint: 37125 ns, Total: 1445791 ns
[2022-09-04T02:26:54.359+0000][1][safepoint    ] Safepoint "Cleanup", Time since last: 1002265334 ns, Reaching safepoint: 2191542 ns, At safepoint: 61042 ns, Total: 2252584 ns
[2022-09-04T02:26:55.372+0000][1][safepoint    ] Safepoint "Cleanup", Time since last: 1009923458 ns, Reaching safepoint: 3183542 ns, At safepoint: 150458 ns, Total: 3334000 ns
[2022-09-04T02:26:56.378+0000][1][safepoint    ] Safepoint "Cleanup", Time since last: 1005148459 ns, Reaching safepoint: 715584 ns, At safepoint: 53166 ns, Total: 768750 ns
[2022-09-04T02:26:57.381+0000][1][safepoint    ] Safepoint "Cleanup", Time since last: 1001900251 ns, Reaching safepoint: 789250 ns, At safepoint: 43583 ns, Total: 832833 ns
[2022-09-04T02:26:58.388+0000][1][safepoint    ] Safepoint "Cleanup", Time since last: 1006780167 ns, Reaching safepoint: 827875 ns, At safepoint: 23167 ns, Total: 851042 ns
[2022-09-04T02:26:59.393+0000][1][safepoint    ] Safepoint "Cleanup", Time since last: 1001655542 ns, Reaching safepoint: 2399625 ns, At safepoint: 63750 ns, Total: 2463375 ns
[2022-09-04T02:27:00.397+0000][1][safepoint    ] Safepoint "Cleanup", Time since last: 1003174334 ns, Reaching safepoint: 996541 ns, At safepoint: 21292 ns, Total: 1017833 ns
[2022-09-04T02:27:01.400+0000][1][safepoint    ] Safepoint "Cleanup", Time since last: 1002052834 ns, Reaching safepoint: 748875 ns, At safepoint: 20792 ns, Total: 769667 ns
[2022-09-04T02:27:02.403+0000][1][safepoint    ] Safepoint "Cleanup", Time since last: 1002167375 ns, Reaching safepoint: 1141958 ns, At safepoint: 30917 ns, Total: 1172875 ns
[2022-09-04T02:27:03.410+0000][1][safepoint    ] Safepoint "Cleanup", Time since last: 1005254459 ns, Reaching safepoint: 1477083 ns, At safepoint: 50750 ns, Total: 1527833 ns
[2022-09-04T02:27:04.415+0000][1][safepoint    ] Safepoint "Cleanup", Time since last: 1004511292 ns, Reaching safepoint: 969875 ns, At safepoint: 27167 ns, Total: 997042 ns
[2022-09-04T02:27:05.423+0000][1][safepoint    ] Safepoint "Cleanup", Time since last: 1005813500 ns, Reaching safepoint: 2513458 ns, At safepoint: 64667 ns, Total: 2578125 ns
[2022-09-04T02:27:06.429+0000][1][safepoint    ] Safepoint "Cleanup", Time since last: 1004419375 ns, Reaching safepoint: 739917 ns, At safepoint: 20292 ns, Total: 760209 ns
[2022-09-04T02:27:07.432+0000][1][safepoint    ] Safepoint "Cleanup", Time since last: 1001857834 ns, Reaching safepoint: 1361541 ns, At safepoint: 32542 ns, Total: 1394083 ns
[2022-09-04T02:27:08.436+0000][1][safepoint    ] Safepoint "Cleanup", Time since last: 1003500084 ns, Reaching safepoint: 819666 ns, At safepoint: 20334 ns, Total: 840000 ns
[2022-09-04T02:27:09.440+0000][1][safepoint    ] Safepoint "Cleanup", Time since last: 1001587000 ns, Reaching safepoint: 2530458 ns, At safepoint: 133959 ns, Total: 2664417 ns
[2022-09-04T02:27:10.448+0000][1][safepoint    ] Safepoint "Cleanup", Time since last: 1005819750 ns, Reaching safepoint: 1491584 ns, At safepoint: 69625 ns, Total: 1561209 ns
[2022-09-04T02:27:11.452+0000][1][safepoint    ] Safepoint "Cleanup", Time since last: 1003564417 ns, Reaching safepoint: 858416 ns, At safepoint: 27875 ns, Total: 886291 ns
[2022-09-04T02:27:12.455+0000][1][safepoint    ] Safepoint "Cleanup", Time since last: 1002120418 ns, Reaching safepoint: 837666 ns, At safepoint: 22084 ns, Total: 859750 ns
[2022-09-04T02:27:13.458+0000][1][safepoint    ] Safepoint "Cleanup", Time since last: 1001673750 ns, Reaching safepoint: 1370708 ns, At safepoint: 40625 ns, Total: 1411333 ns
[2022-09-04T02:27:14.463+0000][1][safepoint    ] Safepoint "Cleanup", Time since last: 1002882001 ns, Reaching safepoint: 1307958 ns, At safepoint: 33875 ns, Total: 1341833 ns
[2022-09-04T02:27:15.469+0000][1][safepoint    ] Safepoint "Cleanup", Time since last: 1004693709 ns, Reaching safepoint: 1727375 ns, At safepoint: 45625 ns, Total: 1773000 ns
[2022-09-04T02:27:16.472+0000][1][safepoint    ] Safepoint "Cleanup", Time since last: 1002811834 ns, Reaching safepoint: 489167 ns, At safepoint: 64625 ns, Total: 553792 ns
[2022-09-04T02:27:17.480+0000][1][safepoint    ] Safepoint "Cleanup", Time since last: 1006724292 ns, Reaching safepoint: 1048750 ns, At safepoint: 27250 ns, Total: 1076000 ns
[2022-09-04T02:27:18.484+0000][1][safepoint    ] Safepoint "Cleanup", Time since last: 1003057708 ns, Reaching safepoint: 831584 ns, At safepoint: 22833 ns, Total: 854417 ns
[2022-09-04T02:27:19.488+0000][1][safepoint    ] Safepoint "Cleanup", Time since last: 1002098876 ns, Reaching safepoint: 1452666 ns, At safepoint: 41834 ns, Total: 1494500 ns
[2022-09-04T02:27:20.492+0000][1][safepoint    ] Safepoint "Cleanup", Time since last: 1002508500 ns, Reaching safepoint: 1282625 ns, At safepoint: 34250 ns, Total: 1316875 ns
[2022-09-04T02:27:21.495+0000][1][safepoint    ] Safepoint "Cleanup", Time since last: 1002807292 ns, Reaching safepoint: 827084 ns, At safepoint: 21083 ns, Total: 848167 ns
[2022-09-04T02:27:22.501+0000][1][safepoint    ] Safepoint "Cleanup", Time since last: 1003674084 ns, Reaching safepoint: 1612541 ns, At safepoint: 51042 ns, Total: 1663583 ns
[2022-09-04T02:27:23.506+0000][1][safepoint    ] Safepoint "Cleanup", Time since last: 1003673751 ns, Reaching safepoint: 1819166 ns, At safepoint: 50167 ns, Total: 1869333 ns
[2022-09-04T02:27:24.515+0000][1][safepoint    ] Safepoint "Cleanup", Time since last: 1006445417 ns, Reaching safepoint: 2213000 ns, At safepoint: 77833 ns, Total: 2290833 ns
[2022-09-04T02:27:25.521+0000][1][safepoint    ] Safepoint "Cleanup", Time since last: 1002691626 ns, Reaching safepoint: 3766583 ns, At safepoint: 75500 ns, Total: 3842083 ns
[2022-09-04T02:27:26.527+0000][1][safepoint    ] Safepoint "Cleanup", Time since last: 1004502584 ns, Reaching safepoint: 886708 ns, At safepoint: 25209 ns, Total: 911917 ns
[2022-09-04T02:27:27.533+0000][1][safepoint    ] Safepoint "Cleanup", Time since last: 1004510292 ns, Reaching safepoint: 1680625 ns, At safepoint: 45041 ns, Total: 1725666 ns
[2022-09-04T02:27:28.537+0000][1][safepoint    ] Safepoint "Cleanup", Time since last: 1003413084 ns, Reaching safepoint: 782917 ns, At safepoint: 20792 ns, Total: 803709 ns
[2022-09-04T02:27:29.542+0000][1][safepoint    ] Safepoint "Cleanup", Time since last: 1001636375 ns, Reaching safepoint: 2915292 ns, At safepoint: 70916 ns, Total: 2986208 ns
[2022-09-04T02:27:30.549+0000][1][safepoint    ] Safepoint "Cleanup", Time since last: 1005838584 ns, Reaching safepoint: 964792 ns, At safepoint: 26500 ns, Total: 991292 ns
[2022-09-04T02:27:31.552+0000][1][safepoint    ] Safepoint "Cleanup", Time since last: 1001982167 ns, Reaching safepoint: 977792 ns, At safepoint: 27291 ns, Total: 1005083 ns
[2022-09-04T02:27:32.556+0000][1][safepoint    ] Safepoint "Cleanup", Time since last: 1002047834 ns, Reaching safepoint: 2512584 ns, At safepoint: 56666 ns, Total: 2569250 ns
[2022-09-04T02:27:33.563+0000][1][safepoint    ] Safepoint "Cleanup", Time since last: 1004300042 ns, Reaching safepoint: 1903459 ns, At safepoint: 48583 ns, Total: 1952042 ns
[2022-09-04T02:27:34.570+0000][1][safepoint    ] Safepoint "Cleanup", Time since last: 1004302500 ns, Reaching safepoint: 3035875 ns, At safepoint: 136542 ns, Total: 3172417 ns
[2022-09-04T02:27:35.577+0000][1][safepoint    ] Safepoint "Cleanup", Time since last: 1005687459 ns, Reaching safepoint: 1257583 ns, At safepoint: 31833 ns, Total: 1289416 ns
[2022-09-04T02:27:36.580+0000][1][safepoint    ] Safepoint "Cleanup", Time since last: 1002310126 ns, Reaching safepoint: 941416 ns, At safepoint: 24459 ns, Total: 965875 ns
[2022-09-04T02:27:37.584+0000][1][safepoint    ] Safepoint "Cleanup", Time since last: 1002938834 ns, Reaching safepoint: 1446416 ns, At safepoint: 44292 ns, Total: 1490708 ns
[2022-09-04T02:27:38.588+0000][1][safepoint    ] Safepoint "Cleanup", Time since last: 1002654959 ns, Reaching safepoint: 1019000 ns, At safepoint: 39750 ns, Total: 1058750 ns
[2022-09-04T02:27:39.592+0000][1][safepoint    ] Safepoint "Cleanup", Time since last: 1002159709 ns, Reaching safepoint: 2121791 ns, At safepoint: 72417 ns, Total: 2194208 ns
[2022-09-04T02:27:40.597+0000][1][safepoint    ] Safepoint "Cleanup", Time since last: 1003056459 ns, Reaching safepoint: 1609916 ns, At safepoint: 40917 ns, Total: 1650833 ns
[2022-09-04T02:27:41.602+0000][1][safepoint    ] Safepoint "Cleanup", Time since last: 1003257334 ns, Reaching safepoint: 1537042 ns, At safepoint: 38041 ns, Total: 1575083 ns
[2022-09-04T02:27:42.607+0000][1][safepoint    ] Safepoint "Cleanup", Time since last: 1003658667 ns, Reaching safepoint: 1279209 ns, At safepoint: 36791 ns, Total: 1316000 ns
[2022-09-04T02:27:43.613+0000][1][safepoint    ] Safepoint "Cleanup", Time since last: 1004644542 ns, Reaching safepoint: 1188084 ns, At safepoint: 30666 ns, Total: 1218750 ns
[2022-09-04T02:27:44.620+0000][1][safepoint    ] Safepoint "Cleanup", Time since last: 1006139959 ns, Reaching safepoint: 1185250 ns, At safepoint: 25334 ns, Total: 1210584 ns
[2022-09-04T02:27:45.624+0000][1][safepoint    ] Safepoint "Cleanup", Time since last: 1002029375 ns, Reaching safepoint: 1570125 ns, At safepoint: 37625 ns, Total: 1607750 ns
[2022-09-04T02:27:46.629+0000][1][safepoint    ] Safepoint "Cleanup", Time since last: 1004429542 ns, Reaching safepoint: 942250 ns, At safepoint: 23625 ns, Total: 965875 ns
[2022-09-04T02:27:48.546+0000][1][safepoint    ] Safepoint "Cleanup", Time since last: 1916527501 ns, Reaching safepoint: 707875 ns, At safepoint: 21542 ns, Total: 729417 ns
[2022-09-04T02:27:49.553+0000][1][safepoint    ] Safepoint "Cleanup", Time since last: 1004388917 ns, Reaching safepoint: 2437458 ns, At safepoint: 84250 ns, Total: 2521708 ns
[2022-09-04T02:27:50.562+0000][1][safepoint    ] Safepoint "Cleanup", Time since last: 1005537334 ns, Reaching safepoint: 3054208 ns, At safepoint: 118292 ns, Total: 3172500 ns
[2022-09-04T02:27:51.574+0000][1][safepoint    ] Safepoint "Cleanup", Time since last: 1010768917 ns, Reaching safepoint: 1006917 ns, At safepoint: 27833 ns, Total: 1034750 ns
[2022-09-04T02:27:52.579+0000][1][safepoint    ] Safepoint "Cleanup", Time since last: 1002660501 ns, Reaching safepoint: 2802041 ns, At safepoint: 100917 ns, Total: 2902958 ns
[2022-09-04T02:27:53.585+0000][1][safepoint    ] Safepoint "Cleanup", Time since last: 1004600834 ns, Reaching safepoint: 1093458 ns, At safepoint: 47584 ns, Total: 1141042 ns
[2022-09-04T02:27:54.589+0000][1][safepoint    ] Safepoint "Cleanup", Time since last: 1002464000 ns, Reaching safepoint: 1512333 ns, At safepoint: 47625 ns, Total: 1559958 ns
[2022-09-04T02:27:55.593+0000][1][safepoint    ] Safepoint "Cleanup", Time since last: 1002401918 ns, Reaching safepoint: 923416 ns, At safepoint: 24417 ns, Total: 947833 ns
[2022-09-04T02:27:56.597+0000][1][safepoint    ] Safepoint "Cleanup", Time since last: 1003469167 ns, Reaching safepoint: 830708 ns, At safepoint: 20834 ns, Total: 851542 ns
[2022-09-04T02:27:57.600+0000][1][safepoint    ] Safepoint "Cleanup", Time since last: 1002373750 ns, Reaching safepoint: 1100792 ns, At safepoint: 27666 ns, Total: 1128458 ns
[2022-09-04T02:27:58.603+0000][1][safepoint    ] Safepoint "Cleanup", Time since last: 1002001626 ns, Reaching safepoint: 738458 ns, At safepoint: 20292 ns, Total: 758750 ns
[2022-09-04T02:27:59.608+0000][1][safepoint    ] Safepoint "Cleanup", Time since last: 1003862125 ns, Reaching safepoint: 833542 ns, At safepoint: 21292 ns, Total: 854834 ns
[2022-09-04T02:28:00.611+0000][1][safepoint    ] Safepoint "Cleanup", Time since last: 1001832042 ns, Reaching safepoint: 1046333 ns, At safepoint: 31209 ns, Total: 1077542 ns
[2022-09-04T02:28:01.615+0000][1][safepoint    ] Safepoint "Cleanup", Time since last: 1002844708 ns, Reaching safepoint: 916417 ns, At safepoint: 26750 ns, Total: 943167 ns
[2022-09-04T02:28:02.620+0000][1][safepoint    ] Safepoint "Cleanup", Time since last: 1004054501 ns, Reaching safepoint: 1316666 ns, At safepoint: 33500 ns, Total: 1350166 ns
[2022-09-04T02:28:03.623+0000][1][safepoint    ] Safepoint "Cleanup", Time since last: 1002519126 ns, Reaching safepoint: 924916 ns, At safepoint: 26417 ns, Total: 951333 ns
[2022-09-04T02:28:04.628+0000][1][safepoint    ] Safepoint "Cleanup", Time since last: 1002975417 ns, Reaching safepoint: 1145875 ns, At safepoint: 67625 ns, Total: 1213500 ns
[2022-09-04T02:28:05.632+0000][1][safepoint    ] Safepoint "Cleanup", Time since last: 1003028416 ns, Reaching safepoint: 1308000 ns, At safepoint: 29000 ns, Total: 1337000 ns
[2022-09-04T02:28:06.636+0000][1][safepoint    ] Safepoint "Cleanup", Time since last: 1002898584 ns, Reaching safepoint: 945833 ns, At safepoint: 23459 ns, Total: 969292 ns
[2022-09-04T02:28:07.640+0000][1][safepoint    ] Safepoint "Cleanup", Time since last: 1003070209 ns, Reaching safepoint: 1230958 ns, At safepoint: 30458 ns, Total: 1261416 ns
[2022-09-04T02:28:08.751+0000][1][safepoint    ] Safepoint "Cleanup", Time since last: 1109751709 ns, Reaching safepoint: 1240750 ns, At safepoint: 36958 ns, Total: 1277708 ns
[2022-09-04T02:28:09.775+0000][1][safepoint    ] Safepoint "Cleanup", Time since last: 1003150501 ns, Reaching safepoint: 9995958 ns, At safepoint: 1318167 ns, Total: 11314125 ns
[2022-09-04T02:28:10.800+0000][1][safepoint    ] Safepoint "Cleanup", Time since last: 1033405125 ns, Reaching safepoint: 1269000 ns, At safepoint: 35292 ns, Total: 1304292 ns
[2022-09-04T02:28:11.806+0000][1][safepoint    ] Safepoint "Cleanup", Time since last: 1004648959 ns, Reaching safepoint: 727333 ns, At safepoint: 21084 ns, Total: 748417 ns
[2022-09-04T02:28:12.809+0000][1][safepoint    ] Safepoint "Cleanup", Time since last: 1001838792 ns, Reaching safepoint: 1534875 ns, At safepoint: 60250 ns, Total: 1595125 ns
[2022-09-04T02:28:13.817+0000][1][safepoint    ] Safepoint "Cleanup", Time since last: 1005218375 ns, Reaching safepoint: 2414167 ns, At safepoint: 74542 ns, Total: 2488709 ns
[2022-09-04T02:28:14.824+0000][1][safepoint    ] Safepoint "Cleanup", Time since last: 1005179625 ns, Reaching safepoint: 1994083 ns, At safepoint: 93917 ns, Total: 2088000 ns
[2022-09-04T02:28:15.834+0000][1][safepoint    ] Safepoint "Cleanup", Time since last: 1005161376 ns, Reaching safepoint: 4401583 ns, At safepoint: 119667 ns, Total: 4521250 ns
[2022-09-04T02:28:16.839+0000][1][safepoint    ] Safepoint "Cleanup", Time since last: 1004433375 ns, Reaching safepoint: 877208 ns, At safepoint: 21084 ns, Total: 898292 ns
[2022-09-04T02:28:17.842+0000][1][safepoint    ] Safepoint "Cleanup", Time since last: 1001968167 ns, Reaching safepoint: 948750 ns, At safepoint: 62166 ns, Total: 1010916 ns
[2022-09-04T02:28:18.849+0000][1][safepoint    ] Safepoint "Cleanup", Time since last: 1004175251 ns, Reaching safepoint: 3115875 ns, At safepoint: 82542 ns, Total: 3198417 ns
[2022-09-04T02:28:19.860+0000][1][safepoint    ] Safepoint "Cleanup", Time since last: 1005312042 ns, Reaching safepoint: 5073583 ns, At safepoint: 131458 ns, Total: 5205041 ns
[2022-09-04T02:28:20.870+0000][1][safepoint    ] Safepoint "Cleanup", Time since last: 1006033876 ns, Reaching safepoint: 3673167 ns, At safepoint: 130958 ns, Total: 3804125 ns
[2022-09-04T02:28:21.882+0000][1][safepoint    ] Safepoint "Cleanup", Time since last: 1006903667 ns, Reaching safepoint: 4943208 ns, At safepoint: 123875 ns, Total: 5067083 ns
[2022-09-04T02:28:22.887+0000][1][safepoint    ] Safepoint "Cleanup", Time since last: 1004425084 ns, Reaching safepoint: 1249084 ns, At safepoint: 68708 ns, Total: 1317792 ns
[2022-09-04T02:28:23.893+0000][1][safepoint    ] Safepoint "Cleanup", Time since last: 1004666250 ns, Reaching safepoint: 1338250 ns, At safepoint: 49917 ns, Total: 1388167 ns
[2022-09-04T02:28:24.901+0000][1][safepoint    ] Safepoint "Cleanup", Time since last: 1005755292 ns, Reaching safepoint: 1324584 ns, At safepoint: 52750 ns, Total: 1377334 ns
[2022-09-04T02:28:25.909+0000][1][safepoint    ] Safepoint "Cleanup", Time since last: 1006885958 ns, Reaching safepoint: 1493417 ns, At safepoint: 57417 ns, Total: 1550834 ns
[2022-09-04T02:28:26.915+0000][1][safepoint    ] Safepoint "Cleanup", Time since last: 1004182417 ns, Reaching safepoint: 1909208 ns, At safepoint: 44458 ns, Total: 1953666 ns
[2022-09-04T02:28:27.922+0000][1][safepoint    ] Safepoint "Cleanup", Time since last: 1002533501 ns, Reaching safepoint: 3532875 ns, At safepoint: 439208 ns, Total: 3972083 ns
[2022-09-04T02:28:28.933+0000][1][safepoint    ] Safepoint "Cleanup", Time since last: 1008617126 ns, Reaching safepoint: 3020750 ns, At safepoint: 203875 ns, Total: 3224625 ns
[2022-09-04T02:28:29.939+0000][1][safepoint    ] Safepoint "Cleanup", Time since last: 1003449500 ns, Reaching safepoint: 2473917 ns, At safepoint: 48500 ns, Total: 2522417 ns
[2022-09-04T02:28:30.947+0000][1][safepoint    ] Safepoint "Cleanup", Time since last: 1004356959 ns, Reaching safepoint: 3201208 ns, At safepoint: 106542 ns, Total: 3307750 ns
[2022-09-04T02:28:31.956+0000][1][safepoint    ] Safepoint "Cleanup", Time since last: 1006587292 ns, Reaching safepoint: 2343583 ns, At safepoint: 56209 ns, Total: 2399792 ns
[2022-09-04T02:28:32.963+0000][1][safepoint    ] Safepoint "Cleanup", Time since last: 1002966833 ns, Reaching safepoint: 3162500 ns, At safepoint: 294250 ns, Total: 3456750 ns
[2022-09-04T02:28:33.970+0000][1][safepoint    ] Safepoint "Cleanup", Time since last: 1005119584 ns, Reaching safepoint: 2275750 ns, At safepoint: 69959 ns, Total: 2345709 ns
[2022-09-04T02:28:34.975+0000][1][safepoint    ] Safepoint "Cleanup", Time since last: 1003722708 ns, Reaching safepoint: 833959 ns, At safepoint: 38166 ns, Total: 872125 ns
[2022-09-04T02:28:35.976+0000][1][safepoint    ] Safepoint "Cleanup", Time since last: 1001236042 ns, Reaching safepoint: 982875 ns, At safepoint: 29333 ns, Total: 1012208 ns
[2022-09-04T02:28:36.983+0000][1][safepoint    ] Safepoint "Cleanup", Time since last: 1005831084 ns, Reaching safepoint: 723042 ns, At safepoint: 20166 ns, Total: 743208 ns
[2022-09-04T02:28:37.988+0000][1][safepoint    ] Safepoint "Cleanup", Time since last: 1001648834 ns, Reaching safepoint: 3422042 ns, At safepoint: 132833 ns, Total: 3554875 ns
[2022-09-04T02:28:39.000+0000][1][safepoint    ] Safepoint "Cleanup", Time since last: 1007636876 ns, Reaching safepoint: 3839083 ns, At safepoint: 116333 ns, Total: 3955416 ns
[2022-09-04T02:28:40.006+0000][1][safepoint    ] Safepoint "Cleanup", Time since last: 1004438209 ns, Reaching safepoint: 1876542 ns, At safepoint: 101041 ns, Total: 1977583 ns
[2022-09-04T02:28:41.024+0000][1][safepoint    ] Safepoint "Cleanup", Time since last: 1014998459 ns, Reaching safepoint: 2791959 ns, At safepoint: 78083 ns, Total: 2870042 ns
[2022-09-04T02:28:42.035+0000][1][safepoint    ] Safepoint "Cleanup", Time since last: 1010223042 ns, Reaching safepoint: 820250 ns, At safepoint: 58667 ns, Total: 878917 ns
[2022-09-04T02:28:43.040+0000][1][safepoint    ] Safepoint "Cleanup", Time since last: 1003165125 ns, Reaching safepoint: 1204084 ns, At safepoint: 45000 ns, Total: 1249084 ns
[2022-09-04T02:28:44.047+0000][1][safepoint    ] Safepoint "Cleanup", Time since last: 1004510375 ns, Reaching safepoint: 2390000 ns, At safepoint: 77667 ns, Total: 2467667 ns
[2022-09-04T02:28:45.055+0000][1][safepoint    ] Safepoint "Cleanup", Time since last: 1007918875 ns, Reaching safepoint: 710292 ns, At safepoint: 25250 ns, Total: 735542 ns
[2022-09-04T02:28:46.061+0000][1][safepoint    ] Safepoint "Cleanup", Time since last: 1003223709 ns, Reaching safepoint: 2697541 ns, At safepoint: 137625 ns, Total: 2835166 ns
[2022-09-04T02:28:47.067+0000][1][safepoint    ] Safepoint "Cleanup", Time since last: 1005126626 ns, Reaching safepoint: 722791 ns, At safepoint: 20542 ns, Total: 743333 ns
[2022-09-04T02:28:48.069+0000][1][safepoint    ] Safepoint "Cleanup", Time since last: 1001486417 ns, Reaching safepoint: 750292 ns, At safepoint: 21708 ns, Total: 772000 ns
[2022-09-04T02:28:49.072+0000][1][safepoint    ] Safepoint "Cleanup", Time since last: 1001579959 ns, Reaching safepoint: 716500 ns, At safepoint: 20292 ns, Total: 736792 ns
[2022-09-04T02:28:50.075+0000][1][safepoint    ] Safepoint "Cleanup", Time since last: 1001794709 ns, Reaching safepoint: 1224041 ns, At safepoint: 37459 ns, Total: 1261500 ns
[2022-09-04T02:28:51.079+0000][1][safepoint    ] Safepoint "Cleanup", Time since last: 1003243417 ns, Reaching safepoint: 1154458 ns, At safepoint: 27000 ns, Total: 1181458 ns
[2022-09-04T02:28:52.083+0000][1][safepoint    ] Safepoint "Cleanup", Time since last: 1002967376 ns, Reaching safepoint: 1049166 ns, At safepoint: 28500 ns, Total: 1077666 ns
[2022-09-04T02:28:53.090+0000][1][safepoint    ] Safepoint "Cleanup", Time since last: 1005487292 ns, Reaching safepoint: 1325417 ns, At safepoint: 29708 ns, Total: 1355125 ns
[2022-09-04T02:28:54.095+0000][1][safepoint    ] Safepoint "Cleanup", Time since last: 1002771251 ns, Reaching safepoint: 1756416 ns, At safepoint: 41167 ns, Total: 1797583 ns
[2022-09-04T02:28:55.100+0000][1][safepoint    ] Safepoint "Cleanup", Time since last: 1003894126 ns, Reaching safepoint: 906166 ns, At safepoint: 27250 ns, Total: 933416 ns
[2022-09-04T02:28:56.103+0000][1][safepoint    ] Safepoint "Cleanup", Time since last: 1001653542 ns, Reaching safepoint: 1490792 ns, At safepoint: 36292 ns, Total: 1527084 ns
[2022-09-04T02:28:57.108+0000][1][safepoint    ] Safepoint "Cleanup", Time since last: 1004042334 ns, Reaching safepoint: 971583 ns, At safepoint: 24958 ns, Total: 996541 ns
[2022-09-04T02:28:58.112+0000][1][safepoint    ] Safepoint "Cleanup", Time since last: 1002345542 ns, Reaching safepoint: 1452250 ns, At safepoint: 36250 ns, Total: 1488500 ns
[2022-09-04T02:28:59.115+0000][1][safepoint    ] Safepoint "Cleanup", Time since last: 1002445709 ns, Reaching safepoint: 807209 ns, At safepoint: 25458 ns, Total: 832667 ns
[2022-09-04T02:29:00.119+0000][1][safepoint    ] Safepoint "Cleanup", Time since last: 1003399334 ns, Reaching safepoint: 1040000 ns, At safepoint: 25541 ns, Total: 1065541 ns
[2022-09-04T02:29:01.122+0000][1][safepoint    ] Safepoint "Cleanup", Time since last: 1002005626 ns, Reaching safepoint: 724208 ns, At safepoint: 17750 ns, Total: 741958 ns
[2022-09-04T02:29:02.128+0000][1][safepoint    ] Safepoint "Cleanup", Time since last: 1004980376 ns, Reaching safepoint: 1008875 ns, At safepoint: 27333 ns, Total: 1036208 ns
[2022-09-04T02:29:03.132+0000][1][safepoint    ] Safepoint "Cleanup", Time since last: 1003088375 ns, Reaching safepoint: 1010459 ns, At safepoint: 25500 ns, Total: 1035959 ns
[2022-09-04T02:29:04.137+0000][1][safepoint    ] Safepoint "Cleanup", Time since last: 1002777584 ns, Reaching safepoint: 2262208 ns, At safepoint: 60458 ns, Total: 2322666 ns
[2022-09-04T02:29:05.142+0000][1][safepoint    ] Safepoint "Cleanup", Time since last: 1003209542 ns, Reaching safepoint: 1086167 ns, At safepoint: 23000 ns, Total: 1109167 ns
[2022-09-04T02:29:06.147+0000][1][safepoint    ] Safepoint "Cleanup", Time since last: 1002500417 ns, Reaching safepoint: 3075458 ns, At safepoint: 139833 ns, Total: 3215291 ns
[2022-09-04T02:29:07.154+0000][1][safepoint    ] Safepoint "Cleanup", Time since last: 1005789459 ns, Reaching safepoint: 865583 ns, At safepoint: 22584 ns, Total: 888167 ns
[2022-09-04T02:29:08.159+0000][1][safepoint    ] Safepoint "Cleanup", Time since last: 1002176667 ns, Reaching safepoint: 3383958 ns, At safepoint: 76917 ns, Total: 3460875 ns
[2022-09-04T02:29:09.171+0000][1][safepoint    ] Safepoint "Cleanup", Time since last: 1009241334 ns, Reaching safepoint: 1822291 ns, At safepoint: 50834 ns, Total: 1873125 ns
[2022-09-04T02:29:10.175+0000][1][safepoint    ] Safepoint "Cleanup", Time since last: 1003381292 ns, Reaching safepoint: 1118666 ns, At safepoint: 25875 ns, Total: 1144541 ns
[2022-09-04T02:29:11.180+0000][1][safepoint    ] Safepoint "Cleanup", Time since last: 1002203168 ns, Reaching safepoint: 2225333 ns, At safepoint: 60500 ns, Total: 2285833 ns
[2022-09-04T02:29:12.186+0000][1][safepoint    ] Safepoint "Cleanup", Time since last: 1005400834 ns, Reaching safepoint: 912500 ns, At safepoint: 27958 ns, Total: 940458 ns
[2022-09-04T02:29:13.195+0000][1][safepoint    ] Safepoint "Cleanup", Time since last: 1006565584 ns, Reaching safepoint: 2639458 ns, At safepoint: 82667 ns, Total: 2722125 ns
[2022-09-04T02:29:14.201+0000][1][safepoint    ] Safepoint "Cleanup", Time since last: 1005088459 ns, Reaching safepoint: 1071833 ns, At safepoint: 25042 ns, Total: 1096875 ns
[2022-09-04T02:29:16.163+0000][1][safepoint    ] Safepoint "Cleanup", Time since last: 1960354042 ns, Reaching safepoint: 1064167 ns, At safepoint: 21833 ns, Total: 1086000 ns
[2022-09-04T02:29:17.165+0000][1][safepoint    ] Safepoint "Cleanup", Time since last: 1001643167 ns, Reaching safepoint: 685334 ns, At safepoint: 19083 ns, Total: 704417 ns
[2022-09-04T02:29:18.168+0000][1][safepoint    ] Safepoint "Cleanup", Time since last: 1001851709 ns, Reaching safepoint: 1473083 ns, At safepoint: 33750 ns, Total: 1506833 ns
[2022-09-04T02:29:19.173+0000][1][safepoint    ] Safepoint "Cleanup", Time since last: 1003299084 ns, Reaching safepoint: 823292 ns, At safepoint: 20833 ns, Total: 844125 ns
[2022-09-04T02:29:20.176+0000][1][safepoint    ] Safepoint "Cleanup", Time since last: 1001971626 ns, Reaching safepoint: 1225250 ns, At safepoint: 32000 ns, Total: 1257250 ns
[2022-09-04T02:29:21.181+0000][1][safepoint    ] Safepoint "Cleanup", Time since last: 1002291000 ns, Reaching safepoint: 2893333 ns, At safepoint: 381667 ns, Total: 3275000 ns
[2022-09-04T02:29:22.185+0000][1][safepoint    ] Safepoint "Cleanup", Time since last: 1003021417 ns, Reaching safepoint: 966417 ns, At safepoint: 40792 ns, Total: 1007209 ns
[2022-09-04T02:29:23.192+0000][1][safepoint    ] Safepoint "Cleanup", Time since last: 1003383417 ns, Reaching safepoint: 2979250 ns, At safepoint: 83916 ns, Total: 3063166 ns
[2022-09-04T02:29:24.199+0000][1][safepoint    ] Safepoint "Cleanup", Time since last: 1004458293 ns, Reaching safepoint: 2572708 ns, At safepoint: 74833 ns, Total: 2647541 ns
[2022-09-04T02:29:25.204+0000][1][safepoint    ] Safepoint "Cleanup", Time since last: 1004029376 ns, Reaching safepoint: 1409875 ns, At safepoint: 37833 ns, Total: 1447708 ns
[2022-09-04T02:29:26.213+0000][1][safepoint    ] Safepoint "Cleanup", Time since last: 1007720459 ns, Reaching safepoint: 919875 ns, At safepoint: 23416 ns, Total: 943291 ns
[2022-09-04T02:29:27.217+0000][1][safepoint    ] Safepoint "Cleanup", Time since last: 1003214959 ns, Reaching safepoint: 1017042 ns, At safepoint: 29417 ns, Total: 1046459 ns
[2022-09-04T02:29:28.223+0000][1][safepoint    ] Safepoint "Cleanup", Time since last: 1003065417 ns, Reaching safepoint: 2711166 ns, At safepoint: 88084 ns, Total: 2799250 ns
[2022-09-04T02:29:29.231+0000][1][safepoint    ] Safepoint "Cleanup", Time since last: 1004983375 ns, Reaching safepoint: 2321000 ns, At safepoint: 65750 ns, Total: 2386750 ns
[2022-09-04T02:29:30.238+0000][1][safepoint    ] Safepoint "Cleanup", Time since last: 1004145751 ns, Reaching safepoint: 2686750 ns, At safepoint: 87125 ns, Total: 2773875 ns
[2022-09-04T02:29:31.245+0000][1][safepoint    ] Safepoint "Cleanup", Time since last: 1006470792 ns, Reaching safepoint: 1165375 ns, At safepoint: 29333 ns, Total: 1194708 ns
[2022-09-04T02:29:32.249+0000][1][safepoint    ] Safepoint "Cleanup", Time since last: 1002402751 ns, Reaching safepoint: 1069958 ns, At safepoint: 27542 ns, Total: 1097500 ns
[2022-09-04T02:29:33.254+0000][1][safepoint    ] Safepoint "Cleanup", Time since last: 1003100208 ns, Reaching safepoint: 2276125 ns, At safepoint: 56042 ns, Total: 2332167 ns
[2022-09-04T02:29:34.261+0000][1][safepoint    ] Safepoint "Cleanup", Time since last: 1003408376 ns, Reaching safepoint: 3329208 ns, At safepoint: 92542 ns, Total: 3421750 ns
[2022-09-04T02:29:35.268+0000][1][safepoint    ] Safepoint "Cleanup", Time since last: 1005755167 ns, Reaching safepoint: 1344833 ns, At safepoint: 26833 ns, Total: 1371666 ns
[2022-09-04T02:29:36.272+0000][1][safepoint    ] Safepoint "Cleanup", Time since last: 1003196459 ns, Reaching safepoint: 1411667 ns, At safepoint: 133958 ns, Total: 1545625 ns
[2022-09-04T02:29:37.290+0000][1][safepoint    ] Safepoint "Cleanup", Time since last: 1016243667 ns, Reaching safepoint: 1702458 ns, At safepoint: 44792 ns, Total: 1747250 ns
[2022-09-04T02:29:38.295+0000][1][safepoint    ] Safepoint "Cleanup", Time since last: 1003792626 ns, Reaching safepoint: 1254291 ns, At safepoint: 37792 ns, Total: 1292083 ns
[2022-09-04T02:29:39.302+0000][1][safepoint    ] Safepoint "Cleanup", Time since last: 1003169417 ns, Reaching safepoint: 2880375 ns, At safepoint: 96958 ns, Total: 2977333 ns
[2022-09-04T02:29:40.309+0000][1][safepoint    ] Safepoint "Cleanup", Time since last: 1005555793 ns, Reaching safepoint: 1579708 ns, At safepoint: 37667 ns, Total: 1617375 ns
[2022-09-04T02:29:41.313+0000][1][safepoint    ] Safepoint "Cleanup", Time since last: 1003056375 ns, Reaching safepoint: 829792 ns, At safepoint: 31500 ns, Total: 861292 ns
[2022-09-04T02:29:42.457+0000][1][safepoint    ] Safepoint "Cleanup", Time since last: 1143084500 ns, Reaching safepoint: 842750 ns, At safepoint: 33084 ns, Total: 875834 ns
[2022-09-04T02:29:43.462+0000][1][safepoint    ] Safepoint "Cleanup", Time since last: 1001870500 ns, Reaching safepoint: 2949458 ns, At safepoint: 372625 ns, Total: 3322083 ns
[2022-09-04T02:29:44.466+0000][1][safepoint    ] Safepoint "Cleanup", Time since last: 1003532959 ns, Reaching safepoint: 877917 ns, At safepoint: 39875 ns, Total: 917792 ns
[2022-09-04T02:29:45.470+0000][1][safepoint    ] Safepoint "Cleanup", Time since last: 1002520500 ns, Reaching safepoint: 1158292 ns, At safepoint: 34250 ns, Total: 1192542 ns
[2022-09-04T02:29:46.474+0000][1][safepoint    ] Safepoint "Cleanup", Time since last: 1003623084 ns, Reaching safepoint: 739583 ns, At safepoint: 19458 ns, Total: 759041 ns
[2022-09-04T02:29:47.478+0000][1][safepoint    ] Safepoint "Cleanup", Time since last: 1001769543 ns, Reaching safepoint: 1279250 ns, At safepoint: 51583 ns, Total: 1330833 ns
[2022-09-04T02:29:47.549+0000][1][gc,start     ] GC(24) Pause Young (Allocation Failure)
[2022-09-04T02:29:47.554+0000][1][gc,task      ] GC(24) Using 4 workers of 4 for evacuation
[2022-09-04T02:29:47.608+0000][1][gc,age       ] GC(24) Desired survivor size 8945664 bytes, new threshold 6 (max threshold 6)
[2022-09-04T02:29:47.610+0000][1][gc,age       ] GC(24) Age table with threshold 6 (max threshold 6)
[2022-09-04T02:29:47.611+0000][1][gc,age       ] GC(24) - age   1:      34624 bytes,      34624 total
[2022-09-04T02:29:47.612+0000][1][gc,age       ] GC(24) - age   2:      22472 bytes,      57096 total
[2022-09-04T02:29:47.613+0000][1][gc,age       ] GC(24) - age   3:     258832 bytes,     315928 total
[2022-09-04T02:29:47.615+0000][1][gc,age       ] GC(24) - age   4:     287112 bytes,     603040 total
[2022-09-04T02:29:47.616+0000][1][gc,age       ] GC(24) - age   5:       7152 bytes,     610192 total
[2022-09-04T02:29:47.617+0000][1][gc,age       ] GC(24) - age   6:      73528 bytes,     683720 total
[2022-09-04T02:29:47.620+0000][1][gc,heap      ] GC(24) ParNew: 141185K->1354K(157248K)
[2022-09-04T02:29:47.621+0000][1][gc,heap      ] GC(24) CMS: 66284K->66366K(349568K)
[2022-09-04T02:29:47.622+0000][1][gc,metaspace ] GC(24) Metaspace: 83337K->83337K(1126400K)
[2022-09-04T02:29:47.624+0000][1][gc           ] GC(24) Pause Young (Allocation Failure) 202M->66M(494M) 75.444ms
[2022-09-04T02:29:47.625+0000][1][gc,cpu       ] GC(24) User=0.10s Sys=0.05s Real=0.08s
[2022-09-04T02:29:47.627+0000][1][safepoint    ] Safepoint "GenCollectForAllocation", Time since last: 69656917 ns, Reaching safepoint: 1099041 ns, At safepoint: 78508542 ns, Total: 79607583 ns
[2022-09-04T02:29:48.629+0000][1][safepoint    ] Safepoint "Cleanup", Time since last: 1001066292 ns, Reaching safepoint: 870042 ns, At safepoint: 25792 ns, Total: 895834 ns
[2022-09-04T02:29:49.632+0000][1][safepoint    ] Safepoint "Cleanup", Time since last: 1001963083 ns, Reaching safepoint: 1416792 ns, At safepoint: 38083 ns, Total: 1454875 ns
[2022-09-04T02:29:50.638+0000][1][safepoint    ] Safepoint "Cleanup", Time since last: 1004384667 ns, Reaching safepoint: 1001500 ns, At safepoint: 29500 ns, Total: 1031000 ns
[2022-09-04T02:29:51.641+0000][1][safepoint    ] Safepoint "Cleanup", Time since last: 1002874959 ns, Reaching safepoint: 822792 ns, At safepoint: 23833 ns, Total: 846625 ns
[2022-09-04T02:29:52.645+0000][1][safepoint    ] Safepoint "Cleanup", Time since last: 1002662626 ns, Reaching safepoint: 985708 ns, At safepoint: 22750 ns, Total: 1008458 ns
[2022-09-04T02:29:53.648+0000][1][safepoint    ] Safepoint "Cleanup", Time since last: 1001958959 ns, Reaching safepoint: 1440583 ns, At safepoint: 38500 ns, Total: 1479083 ns
[2022-09-04T02:29:54.652+0000][1][safepoint    ] Safepoint "Cleanup", Time since last: 1002535917 ns, Reaching safepoint: 1507750 ns, At safepoint: 54250 ns, Total: 1562000 ns
[2022-09-04T02:29:55.656+0000][1][safepoint    ] Safepoint "Cleanup", Time since last: 1002352751 ns, Reaching safepoint: 1516125 ns, At safepoint: 37167 ns, Total: 1553292 ns
[2022-09-04T02:29:56.662+0000][1][safepoint    ] Safepoint "Cleanup", Time since last: 1004980333 ns, Reaching safepoint: 952167 ns, At safepoint: 23833 ns, Total: 976000 ns
[2022-09-04T02:29:57.668+0000][1][safepoint    ] Safepoint "Cleanup", Time since last: 1003540001 ns, Reaching safepoint: 1637791 ns, At safepoint: 42500 ns, Total: 1680291 ns
[2022-09-04T02:29:58.676+0000][1][safepoint    ] Safepoint "Cleanup", Time since last: 1006092543 ns, Reaching safepoint: 1853583 ns, At safepoint: 64250 ns, Total: 1917833 ns
[2022-09-04T02:29:59.684+0000][1][safepoint    ] Safepoint "Cleanup", Time since last: 1005015667 ns, Reaching safepoint: 3126542 ns, At safepoint: 82291 ns, Total: 3208833 ns
[2022-09-04T02:30:00.691+0000][1][safepoint    ] Safepoint "Cleanup", Time since last: 1005986251 ns, Reaching safepoint: 908125 ns, At safepoint: 19667 ns, Total: 927792 ns
[2022-09-04T02:30:01.693+0000][1][safepoint    ] Safepoint "Cleanup", Time since last: 1001514625 ns, Reaching safepoint: 757458 ns, At safepoint: 24000 ns, Total: 781458 ns
[2022-09-04T02:30:02.697+0000][1][safepoint    ] Safepoint "Cleanup", Time since last: 1003600751 ns, Reaching safepoint: 841250 ns, At safepoint: 28292 ns, Total: 869542 ns
[2022-09-04T02:30:03.703+0000][1][safepoint    ] Safepoint "Cleanup", Time since last: 1003287250 ns, Reaching safepoint: 2222833 ns, At safepoint: 60167 ns, Total: 2283000 ns
[2022-09-04T02:30:04.709+0000][1][safepoint    ] Safepoint "Cleanup", Time since last: 1005105917 ns, Reaching safepoint: 870209 ns, At safepoint: 21916 ns, Total: 892125 ns
[2022-09-04T02:30:05.715+0000][1][safepoint    ] Safepoint "Cleanup", Time since last: 1003933125 ns, Reaching safepoint: 1834375 ns, At safepoint: 44875 ns, Total: 1879250 ns
[2022-09-04T02:30:06.720+0000][1][safepoint    ] Safepoint "Cleanup", Time since last: 1004713626 ns, Reaching safepoint: 979500 ns, At safepoint: 26750 ns, Total: 1006250 ns
[2022-09-04T02:30:07.724+0000][1][safepoint    ] Safepoint "Cleanup", Time since last: 1002052083 ns, Reaching safepoint: 1411542 ns, At safepoint: 31708 ns, Total: 1443250 ns
[2022-09-04T02:30:08.727+0000][1][safepoint    ] Safepoint "Cleanup", Time since last: 1002349667 ns, Reaching safepoint: 748709 ns, At safepoint: 76083 ns, Total: 824792 ns
[2022-09-04T02:30:09.733+0000][1][safepoint    ] Safepoint "Cleanup", Time since last: 1002860334 ns, Reaching safepoint: 2517250 ns, At safepoint: 54458 ns, Total: 2571708 ns
[2022-09-04T02:30:10.737+0000][1][safepoint    ] Safepoint "Cleanup", Time since last: 1003482959 ns, Reaching safepoint: 1186125 ns, At safepoint: 28458 ns, Total: 1214583 ns
[2022-09-04T02:30:12.499+0000][1][safepoint    ] Safepoint "Cleanup", Time since last: 1761289710 ns, Reaching safepoint: 739458 ns, At safepoint: 19208 ns, Total: 758666 ns
[2022-09-04T02:30:13.502+0000][1][safepoint    ] Safepoint "Cleanup", Time since last: 1002018167 ns, Reaching safepoint: 977709 ns, At safepoint: 27500 ns, Total: 1005209 ns
[2022-09-04T02:30:14.506+0000][1][safepoint    ] Safepoint "Cleanup", Time since last: 1003071667 ns, Reaching safepoint: 1011333 ns, At safepoint: 30917 ns, Total: 1042250 ns
[2022-09-04T02:30:15.512+0000][1][safepoint    ] Safepoint "Cleanup", Time since last: 1004742250 ns, Reaching safepoint: 1093417 ns, At safepoint: 27000 ns, Total: 1120417 ns
[2022-09-04T02:30:16.515+0000][1][safepoint    ] Safepoint "Cleanup", Time since last: 1002439501 ns, Reaching safepoint: 761833 ns, At safepoint: 19583 ns, Total: 781416 ns
[2022-09-04T02:30:17.519+0000][1][safepoint    ] Safepoint "Cleanup", Time since last: 1002429917 ns, Reaching safepoint: 761500 ns, At safepoint: 19417 ns, Total: 780917 ns
[2022-09-04T02:30:18.523+0000][1][safepoint    ] Safepoint "Cleanup", Time since last: 1002778000 ns, Reaching safepoint: 1439709 ns, At safepoint: 47625 ns, Total: 1487334 ns
[2022-09-04T02:30:19.527+0000][1][safepoint    ] Safepoint "Cleanup", Time since last: 1002424459 ns, Reaching safepoint: 1369500 ns, At safepoint: 39000 ns, Total: 1408500 ns
[2022-09-04T02:30:20.531+0000][1][safepoint    ] Safepoint "Cleanup", Time since last: 1002608500 ns, Reaching safepoint: 1273125 ns, At safepoint: 33000 ns, Total: 1306125 ns
[2022-09-04T02:30:21.536+0000][1][safepoint    ] Safepoint "Cleanup", Time since last: 1004357917 ns, Reaching safepoint: 727917 ns, At safepoint: 22917 ns, Total: 750834 ns
[2022-09-04T02:30:22.538+0000][1][safepoint    ] Safepoint "Cleanup", Time since last: 1001662083 ns, Reaching safepoint: 851667 ns, At safepoint: 24458 ns, Total: 876125 ns
[2022-09-04T02:30:23.542+0000][1][safepoint    ] Safepoint "Cleanup", Time since last: 1002717876 ns, Reaching safepoint: 1228250 ns, At safepoint: 30292 ns, Total: 1258542 ns
[2022-09-04T02:30:24.545+0000][1][safepoint    ] Safepoint "Cleanup", Time since last: 1002114625 ns, Reaching safepoint: 717458 ns, At safepoint: 19292 ns, Total: 736750 ns
[2022-09-04T02:30:25.548+0000][1][safepoint    ] Safepoint "Cleanup", Time since last: 1001409750 ns, Reaching safepoint: 895167 ns, At safepoint: 24167 ns, Total: 919334 ns
[2022-09-04T02:30:26.550+0000][1][safepoint    ] Safepoint "Cleanup", Time since last: 1001914459 ns, Reaching safepoint: 820791 ns, At safepoint: 19250 ns, Total: 840041 ns
[2022-09-04T02:30:27.553+0000][1][safepoint    ] Safepoint "Cleanup", Time since last: 1001464376 ns, Reaching safepoint: 916041 ns, At safepoint: 33500 ns, Total: 949541 ns
[2022-09-04T02:30:28.558+0000][1][safepoint    ] Safepoint "Cleanup", Time since last: 1003842376 ns, Reaching safepoint: 1736500 ns, At safepoint: 32792 ns, Total: 1769292 ns
[2022-09-04T02:30:29.566+0000][1][safepoint    ] Safepoint "Cleanup", Time since last: 1003323875 ns, Reaching safepoint: 3698167 ns, At safepoint: 133791 ns, Total: 3831958 ns
[2022-09-04T02:30:30.572+0000][1][safepoint    ] Safepoint "Cleanup", Time since last: 1005972418 ns, Reaching safepoint: 881833 ns, At safepoint: 21292 ns, Total: 903125 ns
[2022-09-04T02:30:31.575+0000][1][safepoint    ] Safepoint "Cleanup", Time since last: 1001367500 ns, Reaching safepoint: 825042 ns, At safepoint: 22041 ns, Total: 847083 ns
[2022-09-04T02:30:32.577+0000][1][safepoint    ] Safepoint "Cleanup", Time since last: 1002074876 ns, Reaching safepoint: 746375 ns, At safepoint: 23917 ns, Total: 770292 ns
[2022-09-04T02:30:33.582+0000][1][safepoint    ] Safepoint "Cleanup", Time since last: 1001934292 ns, Reaching safepoint: 2496916 ns, At safepoint: 62042 ns, Total: 2558958 ns
[2022-09-04T02:30:34.586+0000][1][safepoint    ] Safepoint "Cleanup", Time since last: 1002545834 ns, Reaching safepoint: 1763833 ns, At safepoint: 45792 ns, Total: 1809625 ns
[2022-09-04T02:30:35.591+0000][1][safepoint    ] Safepoint "Cleanup", Time since last: 1002872042 ns, Reaching safepoint: 2150458 ns, At safepoint: 55208 ns, Total: 2205666 ns
[2022-09-04T02:30:36.597+0000][1][safepoint    ] Safepoint "Cleanup", Time since last: 1004484001 ns, Reaching safepoint: 841375 ns, At safepoint: 30041 ns, Total: 871416 ns
[2022-09-04T02:30:37.601+0000][1][safepoint    ] Safepoint "Cleanup", Time since last: 1003233584 ns, Reaching safepoint: 762167 ns, At safepoint: 21417 ns, Total: 783584 ns
[2022-09-04T02:30:38.603+0000][1][safepoint    ] Safepoint "Cleanup", Time since last: 1001468500 ns, Reaching safepoint: 966292 ns, At safepoint: 30500 ns, Total: 996792 ns
[2022-09-04T02:30:39.608+0000][1][safepoint    ] Safepoint "Cleanup", Time since last: 1003477000 ns, Reaching safepoint: 1497959 ns, At safepoint: 24625 ns, Total: 1522584 ns
[2022-09-04T02:30:40.611+0000][1][safepoint    ] Safepoint "Cleanup", Time since last: 1002270792 ns, Reaching safepoint: 1001708 ns, At safepoint: 23833 ns, Total: 1025541 ns
[2022-09-04T02:30:41.615+0000][1][safepoint    ] Safepoint "Cleanup", Time since last: 1003225418 ns, Reaching safepoint: 745375 ns, At safepoint: 17916 ns, Total: 763291 ns
[2022-09-04T02:30:42.617+0000][1][safepoint    ] Safepoint "Cleanup", Time since last: 1001329209 ns, Reaching safepoint: 724833 ns, At safepoint: 18542 ns, Total: 743375 ns
[2022-09-04T02:30:43.622+0000][1][safepoint    ] Safepoint "Cleanup", Time since last: 1003720292 ns, Reaching safepoint: 767792 ns, At safepoint: 22375 ns, Total: 790167 ns
[2022-09-04T02:30:44.624+0000][1][safepoint    ] Safepoint "Cleanup", Time since last: 1001387917 ns, Reaching safepoint: 996708 ns, At safepoint: 21334 ns, Total: 1018042 ns
[2022-09-04T02:30:45.627+0000][1][safepoint    ] Safepoint "Cleanup", Time since last: 1001504167 ns, Reaching safepoint: 760125 ns, At safepoint: 21416 ns, Total: 781541 ns
[2022-09-04T02:30:46.630+0000][1][safepoint    ] Safepoint "Cleanup", Time since last: 1002541293 ns, Reaching safepoint: 892708 ns, At safepoint: 22833 ns, Total: 915541 ns
[2022-09-04T02:30:47.633+0000][1][safepoint    ] Safepoint "Cleanup", Time since last: 1002412917 ns, Reaching safepoint: 890625 ns, At safepoint: 51334 ns, Total: 941959 ns
[2022-09-04T02:30:48.637+0000][1][safepoint    ] Safepoint "Cleanup", Time since last: 1002956292 ns, Reaching safepoint: 751833 ns, At safepoint: 21042 ns, Total: 772875 ns
[2022-09-04T02:30:49.642+0000][1][safepoint    ] Safepoint "Cleanup", Time since last: 1002217875 ns, Reaching safepoint: 2052459 ns, At safepoint: 187916 ns, Total: 2240375 ns
[2022-09-04T02:30:50.648+0000][1][safepoint    ] Safepoint "Cleanup", Time since last: 1005370001 ns, Reaching safepoint: 1076875 ns, At safepoint: 28750 ns, Total: 1105625 ns
[2022-09-04T02:30:51.670+0000][1][safepoint    ] Safepoint "Cleanup", Time since last: 1021477834 ns, Reaching safepoint: 849833 ns, At safepoint: 24375 ns, Total: 874208 ns
[2022-09-04T02:30:52.674+0000][1][safepoint    ] Safepoint "Cleanup", Time since last: 1002318875 ns, Reaching safepoint: 779834 ns, At safepoint: 21375 ns, Total: 801209 ns
[2022-09-04T02:30:53.680+0000][1][safepoint    ] Safepoint "Cleanup", Time since last: 1002649292 ns, Reaching safepoint: 3222458 ns, At safepoint: 119042 ns, Total: 3341500 ns
[2022-09-04T02:30:54.685+0000][1][safepoint    ] Safepoint "Cleanup", Time since last: 1004398792 ns, Reaching safepoint: 874792 ns, At safepoint: 22041 ns, Total: 896833 ns
[2022-09-04T02:30:55.689+0000][1][safepoint    ] Safepoint "Cleanup", Time since last: 1002753084 ns, Reaching safepoint: 1279584 ns, At safepoint: 34958 ns, Total: 1314542 ns
[2022-09-04T02:30:56.695+0000][1][safepoint    ] Safepoint "Cleanup", Time since last: 1005291459 ns, Reaching safepoint: 818333 ns, At safepoint: 42292 ns, Total: 860625 ns
[2022-09-04T02:30:57.699+0000][1][safepoint    ] Safepoint "Cleanup", Time since last: 1002586084 ns, Reaching safepoint: 1335333 ns, At safepoint: 35208 ns, Total: 1370541 ns
[2022-09-04T02:30:58.703+0000][1][safepoint    ] Safepoint "Cleanup", Time since last: 1002966626 ns, Reaching safepoint: 1044583 ns, At safepoint: 28333 ns, Total: 1072916 ns
[2022-09-04T02:30:59.708+0000][1][safepoint    ] Safepoint "Cleanup", Time since last: 1002823876 ns, Reaching safepoint: 1624791 ns, At safepoint: 44709 ns, Total: 1669500 ns
[2022-09-04T02:31:00.713+0000][1][safepoint    ] Safepoint "Cleanup", Time since last: 1004687959 ns, Reaching safepoint: 1012083 ns, At safepoint: 20708 ns, Total: 1032791 ns
[2022-09-04T02:31:01.716+0000][1][safepoint    ] Safepoint "Cleanup", Time since last: 1001886376 ns, Reaching safepoint: 993916 ns, At safepoint: 35000 ns, Total: 1028916 ns
[2022-09-04T02:31:02.723+0000][1][safepoint    ] Safepoint "Cleanup", Time since last: 1005340376 ns, Reaching safepoint: 1069833 ns, At safepoint: 30625 ns, Total: 1100458 ns
[2022-09-04T02:31:03.729+0000][1][safepoint    ] Safepoint "Cleanup", Time since last: 1002580876 ns, Reaching safepoint: 3279708 ns, At safepoint: 66958 ns, Total: 3346666 ns
[2022-09-04T02:31:04.735+0000][1][safepoint    ] Safepoint "Cleanup", Time since last: 1004800418 ns, Reaching safepoint: 1070833 ns, At safepoint: 30917 ns, Total: 1101750 ns
[2022-09-04T02:31:05.734+0000][1][safepoint    ] Safepoint "Cleanup", Time since last: 1001834707 ns, Reaching safepoint: 759500 ns, At safepoint: 24750 ns, Total: 784250 ns
[2022-09-04T02:31:06.737+0000][1][safepoint    ] Safepoint "Cleanup", Time since last: 1001656959 ns, Reaching safepoint: 872875 ns, At safepoint: 23209 ns, Total: 896084 ns
[2022-09-04T02:31:07.740+0000][1][safepoint    ] Safepoint "Cleanup", Time since last: 1001990875 ns, Reaching safepoint: 1148083 ns, At safepoint: 31042 ns, Total: 1179125 ns
[2022-09-04T02:31:08.743+0000][1][safepoint    ] Safepoint "Cleanup", Time since last: 1002330167 ns, Reaching safepoint: 1041333 ns, At safepoint: 28750 ns, Total: 1070083 ns
[2022-09-04T02:31:09.750+0000][1][safepoint    ] Safepoint "Cleanup", Time since last: 1003810001 ns, Reaching safepoint: 2657542 ns, At safepoint: 74875 ns, Total: 2732417 ns
[2022-09-04T02:31:10.757+0000][1][safepoint    ] Safepoint "Cleanup", Time since last: 1005429167 ns, Reaching safepoint: 1353000 ns, At safepoint: 33583 ns, Total: 1386583 ns
[2022-09-04T02:31:12.563+0000][1][safepoint    ] Safepoint "Cleanup", Time since last: 1805024459 ns, Reaching safepoint: 840209 ns, At safepoint: 31291 ns, Total: 871500 ns
[2022-09-04T02:31:13.568+0000][1][safepoint    ] Safepoint "Cleanup", Time since last: 1001852209 ns, Reaching safepoint: 2993750 ns, At safepoint: 79958 ns, Total: 3073708 ns
[2022-09-04T02:31:14.573+0000][1][safepoint    ] Safepoint "Cleanup", Time since last: 1004279043 ns, Reaching safepoint: 954750 ns, At safepoint: 23916 ns, Total: 978666 ns
[2022-09-04T02:31:15.576+0000][1][safepoint    ] Safepoint "Cleanup", Time since last: 1001996251 ns, Reaching safepoint: 847083 ns, At safepoint: 23625 ns, Total: 870708 ns
[2022-09-04T02:31:16.580+0000][1][safepoint    ] Safepoint "Cleanup", Time since last: 1003459209 ns, Reaching safepoint: 778625 ns, At safepoint: 22708 ns, Total: 801333 ns
[2022-09-04T02:31:17.584+0000][1][safepoint    ] Safepoint "Cleanup", Time since last: 1002245751 ns, Reaching safepoint: 1354500 ns, At safepoint: 33083 ns, Total: 1387583 ns
[2022-09-04T02:31:18.589+0000][1][safepoint    ] Safepoint "Cleanup", Time since last: 1002698709 ns, Reaching safepoint: 2799917 ns, At safepoint: 130000 ns, Total: 2929917 ns
[2022-09-04T02:31:19.595+0000][1][safepoint    ] Safepoint "Cleanup", Time since last: 1003777792 ns, Reaching safepoint: 1852083 ns, At safepoint: 46083 ns, Total: 1898166 ns
[2022-09-04T02:31:20.599+0000][1][safepoint    ] Safepoint "Cleanup", Time since last: 1002833251 ns, Reaching safepoint: 930625 ns, At safepoint: 27541 ns, Total: 958166 ns
[2022-09-04T02:31:21.603+0000][1][safepoint    ] Safepoint "Cleanup", Time since last: 1003564543 ns, Reaching safepoint: 814583 ns, At safepoint: 28208 ns, Total: 842791 ns
[2022-09-04T02:31:22.606+0000][1][safepoint    ] Safepoint "Cleanup", Time since last: 1001988167 ns, Reaching safepoint: 835125 ns, At safepoint: 19292 ns, Total: 854417 ns
[2022-09-04T02:31:23.609+0000][1][safepoint    ] Safepoint "Cleanup", Time since last: 1001496459 ns, Reaching safepoint: 1889750 ns, At safepoint: 24708 ns, Total: 1914458 ns
[2022-09-04T02:31:24.612+0000][1][safepoint    ] Safepoint "Cleanup", Time since last: 1001488542 ns, Reaching safepoint: 967625 ns, At safepoint: 27584 ns, Total: 995209 ns
[2022-09-04T02:31:25.615+0000][1][safepoint    ] Safepoint "Cleanup", Time since last: 1002702625 ns, Reaching safepoint: 912334 ns, At safepoint: 22875 ns, Total: 935209 ns
[2022-09-04T02:31:26.618+0000][1][safepoint    ] Safepoint "Cleanup", Time since last: 1001956083 ns, Reaching safepoint: 810459 ns, At safepoint: 26166 ns, Total: 836625 ns
[2022-09-04T02:31:27.621+0000][1][safepoint    ] Safepoint "Cleanup", Time since last: 1001871834 ns, Reaching safepoint: 971750 ns, At safepoint: 43458 ns, Total: 1015208 ns
[2022-09-04T02:31:28.624+0000][1][safepoint    ] Safepoint "Cleanup", Time since last: 1002243334 ns, Reaching safepoint: 1109667 ns, At safepoint: 27875 ns, Total: 1137542 ns
[2022-09-04T02:31:29.628+0000][1][safepoint    ] Safepoint "Cleanup", Time since last: 1002085792 ns, Reaching safepoint: 1573542 ns, At safepoint: 37291 ns, Total: 1610833 ns
[2022-09-04T02:31:30.633+0000][1][safepoint    ] Safepoint "Cleanup", Time since last: 1003966293 ns, Reaching safepoint: 1137416 ns, At safepoint: 26250 ns, Total: 1163666 ns
[2022-09-04T02:31:31.639+0000][1][safepoint    ] Safepoint "Cleanup", Time since last: 1004528334 ns, Reaching safepoint: 1208625 ns, At safepoint: 59208 ns, Total: 1267833 ns
[2022-09-04T02:31:32.644+0000][1][safepoint    ] Safepoint "Cleanup", Time since last: 1003366793 ns, Reaching safepoint: 1786250 ns, At safepoint: 47208 ns, Total: 1833458 ns
[2022-09-04T02:31:33.650+0000][1][safepoint    ] Safepoint "Cleanup", Time since last: 1003339042 ns, Reaching safepoint: 1933125 ns, At safepoint: 45500 ns, Total: 1978625 ns
[2022-09-04T02:31:34.653+0000][1][safepoint    ] Safepoint "Cleanup", Time since last: 1002771625 ns, Reaching safepoint: 936334 ns, At safepoint: 21500 ns, Total: 957834 ns
[2022-09-04T02:31:35.653+0000][1][safepoint    ] Safepoint "Cleanup", Time since last: 1003189708 ns, Reaching safepoint: 1134333 ns, At safepoint: 46417 ns, Total: 1180750 ns
[2022-09-04T02:31:36.659+0000][1][safepoint    ] Safepoint "Cleanup", Time since last: 1004895500 ns, Reaching safepoint: 952167 ns, At safepoint: 23792 ns, Total: 975959 ns
[2022-09-04T02:31:37.663+0000][1][safepoint    ] Safepoint "Cleanup", Time since last: 1003863334 ns, Reaching safepoint: 932208 ns, At safepoint: 41542 ns, Total: 973750 ns
[2022-09-04T02:31:38.666+0000][1][safepoint    ] Safepoint "Cleanup", Time since last: 1001627000 ns, Reaching safepoint: 756125 ns, At safepoint: 24208 ns, Total: 780333 ns
[2022-09-04T02:31:39.669+0000][1][safepoint    ] Safepoint "Cleanup", Time since last: 1002652834 ns, Reaching safepoint: 779459 ns, At safepoint: 19166 ns, Total: 798625 ns
[2022-09-04T02:31:40.672+0000][1][safepoint    ] Safepoint "Cleanup", Time since last: 1001447584 ns, Reaching safepoint: 1235000 ns, At safepoint: 49292 ns, Total: 1284292 ns
[2022-09-04T02:31:41.679+0000][1][safepoint    ] Safepoint "Cleanup", Time since last: 1006435417 ns, Reaching safepoint: 755250 ns, At safepoint: 17917 ns, Total: 773167 ns
[2022-09-04T02:31:42.684+0000][1][safepoint    ] Safepoint "Cleanup", Time since last: 1003543875 ns, Reaching safepoint: 1252250 ns, At safepoint: 35875 ns, Total: 1288125 ns
[2022-09-04T02:31:43.690+0000][1][safepoint    ] Safepoint "Cleanup", Time since last: 1002898750 ns, Reaching safepoint: 2567542 ns, At safepoint: 58750 ns, Total: 2626292 ns
[2022-09-04T02:31:44.695+0000][1][safepoint    ] Safepoint "Cleanup", Time since last: 1004171251 ns, Reaching safepoint: 953833 ns, At safepoint: 21042 ns, Total: 974875 ns
[2022-09-04T02:31:45.699+0000][1][safepoint    ] Safepoint "Cleanup", Time since last: 1003053708 ns, Reaching safepoint: 1087500 ns, At safepoint: 24792 ns, Total: 1112292 ns
[2022-09-04T02:31:46.702+0000][1][safepoint    ] Safepoint "Cleanup", Time since last: 1002518626 ns, Reaching safepoint: 916708 ns, At safepoint: 19875 ns, Total: 936583 ns
[2022-09-04T02:31:47.707+0000][1][safepoint    ] Safepoint "Cleanup", Time since last: 1002973542 ns, Reaching safepoint: 1383417 ns, At safepoint: 38791 ns, Total: 1422208 ns
[2022-09-04T02:31:48.715+0000][1][safepoint    ] Safepoint "Cleanup", Time since last: 1007402668 ns, Reaching safepoint: 1184375 ns, At safepoint: 30083 ns, Total: 1214458 ns
[2022-09-04T02:31:49.719+0000][1][safepoint    ] Safepoint "Cleanup", Time since last: 1002595667 ns, Reaching safepoint: 819083 ns, At safepoint: 20792 ns, Total: 839875 ns
[2022-09-04T02:31:50.328+0000][1][safepoint    ] Safepoint "RevokeBias", Time since last: 606158292 ns, Reaching safepoint: 982833 ns, At safepoint: 1645000 ns, Total: 2627833 ns
[2022-09-04T02:31:50.338+0000][1][safepoint    ] Safepoint "RevokeBias", Time since last: 9344084 ns, Reaching safepoint: 558333 ns, At safepoint: 111125 ns, Total: 669458 ns
[2022-09-04T02:31:50.388+0000][1][safepoint    ] Safepoint "RevokeBias", Time since last: 48425917 ns, Reaching safepoint: 1757750 ns, At safepoint: 239166 ns, Total: 1996916 ns
[2022-09-04T02:31:50.408+0000][1][safepoint    ] Safepoint "RevokeBias", Time since last: 19066834 ns, Reaching safepoint: 859208 ns, At safepoint: 105333 ns, Total: 964541 ns
[2022-09-04T02:31:50.441+0000][1][safepoint    ] Safepoint "RevokeBias", Time since last: 31557000 ns, Reaching safepoint: 770959 ns, At safepoint: 111041 ns, Total: 882000 ns
[2022-09-04T02:31:51.443+0000][1][safepoint    ] Safepoint "Cleanup", Time since last: 1001356876 ns, Reaching safepoint: 1108958 ns, At safepoint: 30042 ns, Total: 1139000 ns
[2022-09-04T02:31:52.448+0000][1][safepoint    ] Safepoint "Cleanup", Time since last: 1004049625 ns, Reaching safepoint: 920584 ns, At safepoint: 29541 ns, Total: 950125 ns
[2022-09-04T02:31:53.453+0000][1][safepoint    ] Safepoint "Cleanup", Time since last: 1002512459 ns, Reaching safepoint: 2073750 ns, At safepoint: 45333 ns, Total: 2119083 ns
[2022-09-04T02:31:54.460+0000][1][safepoint    ] Safepoint "Cleanup", Time since last: 1006823793 ns, Reaching safepoint: 767166 ns, At safepoint: 22834 ns, Total: 790000 ns
[2022-09-04T02:31:55.465+0000][1][safepoint    ] Safepoint "Cleanup", Time since last: 1003211958 ns, Reaching safepoint: 1682167 ns, At safepoint: 39125 ns, Total: 1721292 ns
[2022-09-04T02:31:56.469+0000][1][safepoint    ] Safepoint "Cleanup", Time since last: 1003283251 ns, Reaching safepoint: 769750 ns, At safepoint: 20541 ns, Total: 790291 ns
[2022-09-04T02:31:57.472+0000][1][safepoint    ] Safepoint "Cleanup", Time since last: 1001673126 ns, Reaching safepoint: 1453125 ns, At safepoint: 37166 ns, Total: 1490291 ns
[2022-09-04T02:31:58.478+0000][1][safepoint    ] Safepoint "Cleanup", Time since last: 1004843834 ns, Reaching safepoint: 970834 ns, At safepoint: 19333 ns, Total: 990167 ns
[2022-09-04T02:31:59.483+0000][1][safepoint    ] Safepoint "Cleanup", Time since last: 1001633250 ns, Reaching safepoint: 2409459 ns, At safepoint: 84833 ns, Total: 2494292 ns
[2022-09-04T02:32:00.494+0000][1][safepoint    ] Safepoint "Cleanup", Time since last: 1009115084 ns, Reaching safepoint: 2109958 ns, At safepoint: 71667 ns, Total: 2181625 ns
[2022-09-04T02:32:01.511+0000][1][safepoint    ] Safepoint "Cleanup", Time since last: 1016339459 ns, Reaching safepoint: 796083 ns, At safepoint: 21292 ns, Total: 817375 ns
[2022-09-04T02:32:02.514+0000][1][safepoint    ] Safepoint "Cleanup", Time since last: 1001918083 ns, Reaching safepoint: 1203292 ns, At safepoint: 27458 ns, Total: 1230750 ns
[2022-09-04T02:32:03.520+0000][1][safepoint    ] Safepoint "Cleanup", Time since last: 1003225251 ns, Reaching safepoint: 2444542 ns, At safepoint: 98416 ns, Total: 2542958 ns
[2022-09-04T02:32:04.526+0000][1][safepoint    ] Safepoint "Cleanup", Time since last: 1003897251 ns, Reaching safepoint: 2327250 ns, At safepoint: 95750 ns, Total: 2423000 ns
[2022-09-04T02:32:05.533+0000][1][safepoint    ] Safepoint "Cleanup", Time since last: 1004627791 ns, Reaching safepoint: 2865792 ns, At safepoint: 78875 ns, Total: 2944667 ns
[2022-09-04T02:32:06.538+0000][1][safepoint    ] Safepoint "Cleanup", Time since last: 1004630125 ns, Reaching safepoint: 868167 ns, At safepoint: 24500 ns, Total: 892667 ns
[2022-09-04T02:32:07.543+0000][1][safepoint    ] Safepoint "Cleanup", Time since last: 1002829709 ns, Reaching safepoint: 2415083 ns, At safepoint: 49917 ns, Total: 2465000 ns
[2022-09-04T02:32:08.550+0000][1][safepoint    ] Safepoint "Cleanup", Time since last: 1004792750 ns, Reaching safepoint: 1718542 ns, At safepoint: 34375 ns, Total: 1752917 ns
[2022-09-04T02:32:09.556+0000][1][safepoint    ] Safepoint "Cleanup", Time since last: 1002705459 ns, Reaching safepoint: 3652000 ns, At safepoint: 85166 ns, Total: 3737166 ns
[2022-09-04T02:32:10.564+0000][1][safepoint    ] Safepoint "Cleanup", Time since last: 1006535501 ns, Reaching safepoint: 1295250 ns, At safepoint: 32333 ns, Total: 1327583 ns
[2022-09-04T02:32:11.569+0000][1][safepoint    ] Safepoint "Cleanup", Time since last: 1003133542 ns, Reaching safepoint: 1242458 ns, At safepoint: 35250 ns, Total: 1277708 ns
[2022-09-04T02:32:12.574+0000][1][safepoint    ] Safepoint "Cleanup", Time since last: 1003570626 ns, Reaching safepoint: 1770167 ns, At safepoint: 251333 ns, Total: 2021500 ns
[2022-09-04T02:32:13.580+0000][1][safepoint    ] Safepoint "Cleanup", Time since last: 1003144500 ns, Reaching safepoint: 2768584 ns, At safepoint: 66458 ns, Total: 2835042 ns
[2022-09-04T02:32:14.586+0000][1][safepoint    ] Safepoint "Cleanup", Time since last: 1004494792 ns, Reaching safepoint: 854625 ns, At safepoint: 19917 ns, Total: 874542 ns
[2022-09-04T02:32:15.594+0000][1][safepoint    ] Safepoint "Cleanup", Time since last: 1007786875 ns, Reaching safepoint: 813167 ns, At safepoint: 20958 ns, Total: 834125 ns
[2022-09-04T02:32:16.598+0000][1][safepoint    ] Safepoint "Cleanup", Time since last: 1002374376 ns, Reaching safepoint: 984292 ns, At safepoint: 24666 ns, Total: 1008958 ns
[2022-09-04T02:32:17.602+0000][1][safepoint    ] Safepoint "Cleanup", Time since last: 1002989001 ns, Reaching safepoint: 1024333 ns, At safepoint: 25042 ns, Total: 1049375 ns
[2022-09-04T02:32:18.606+0000][1][safepoint    ] Safepoint "Cleanup", Time since last: 1002698875 ns, Reaching safepoint: 1510042 ns, At safepoint: 36875 ns, Total: 1546917 ns
[2022-09-04T02:32:19.612+0000][1][safepoint    ] Safepoint "Cleanup", Time since last: 1004343375 ns, Reaching safepoint: 1377625 ns, At safepoint: 37459 ns, Total: 1415084 ns
[2022-09-04T02:32:20.616+0000][1][safepoint    ] Safepoint "Cleanup", Time since last: 1002856875 ns, Reaching safepoint: 1245500 ns, At safepoint: 30000 ns, Total: 1275500 ns
[2022-09-04T02:32:21.619+0000][1][safepoint    ] Safepoint "Cleanup", Time since last: 1002854584 ns, Reaching safepoint: 777542 ns, At safepoint: 20458 ns, Total: 798000 ns
[2022-09-04T02:32:22.626+0000][1][safepoint    ] Safepoint "Cleanup", Time since last: 1003169584 ns, Reaching safepoint: 2920166 ns, At safepoint: 77250 ns, Total: 2997416 ns
[2022-09-04T02:32:23.633+0000][1][safepoint    ] Safepoint "Cleanup", Time since last: 1005654709 ns, Reaching safepoint: 1830000 ns, At safepoint: 47750 ns, Total: 1877750 ns
[2022-09-04T02:32:24.639+0000][1][safepoint    ] Safepoint "Cleanup", Time since last: 1003412042 ns, Reaching safepoint: 2117209 ns, At safepoint: 50375 ns, Total: 2167584 ns
[2022-09-04T02:32:25.646+0000][1][safepoint    ] Safepoint "Cleanup", Time since last: 1003986584 ns, Reaching safepoint: 2691666 ns, At safepoint: 116167 ns, Total: 2807833 ns
[2022-09-04T02:32:26.653+0000][1][safepoint    ] Safepoint "Cleanup", Time since last: 1007052584 ns, Reaching safepoint: 906458 ns, At safepoint: 20792 ns, Total: 927250 ns
[2022-09-04T02:32:27.660+0000][1][safepoint    ] Safepoint "Cleanup", Time since last: 1005121583 ns, Reaching safepoint: 955667 ns, At safepoint: 22750 ns, Total: 978417 ns
[2022-09-04T02:32:28.664+0000][1][safepoint    ] Safepoint "Cleanup", Time since last: 1002882042 ns, Reaching safepoint: 1118459 ns, At safepoint: 60041 ns, Total: 1178500 ns
[2022-09-04T02:32:29.667+0000][1][safepoint    ] Safepoint "Cleanup", Time since last: 1002415334 ns, Reaching safepoint: 1352958 ns, At safepoint: 29500 ns, Total: 1382458 ns
[2022-09-04T02:32:30.672+0000][1][safepoint    ] Safepoint "Cleanup", Time since last: 1003316001 ns, Reaching safepoint: 1236500 ns, At safepoint: 63708 ns, Total: 1300208 ns
[2022-09-04T02:32:31.676+0000][1][safepoint    ] Safepoint "Cleanup", Time since last: 1002315001 ns, Reaching safepoint: 1265958 ns, At safepoint: 36917 ns, Total: 1302875 ns
[2022-09-04T02:32:32.681+0000][1][safepoint    ] Safepoint "Cleanup", Time since last: 1002784000 ns, Reaching safepoint: 2468334 ns, At safepoint: 62166 ns, Total: 2530500 ns
[2022-09-04T02:32:33.687+0000][1][safepoint    ] Safepoint "Cleanup", Time since last: 1003242251 ns, Reaching safepoint: 2469333 ns, At safepoint: 58875 ns, Total: 2528208 ns
[2022-09-04T02:32:34.692+0000][1][safepoint    ] Safepoint "Cleanup", Time since last: 1003425626 ns, Reaching safepoint: 2186833 ns, At safepoint: 61375 ns, Total: 2248208 ns
[2022-09-04T02:32:36.674+0000][1][safepoint    ] Safepoint "Cleanup", Time since last: 1981276625 ns, Reaching safepoint: 811917 ns, At safepoint: 20833 ns, Total: 832750 ns
[2022-09-04T02:32:37.678+0000][1][safepoint    ] Safepoint "Cleanup", Time since last: 1001849459 ns, Reaching safepoint: 2216750 ns, At safepoint: 74042 ns, Total: 2290792 ns
[2022-09-04T02:32:38.684+0000][1][safepoint    ] Safepoint "Cleanup", Time since last: 1004360417 ns, Reaching safepoint: 903666 ns, At safepoint: 20959 ns, Total: 924625 ns
[2022-09-04T02:32:39.688+0000][1][safepoint    ] Safepoint "Cleanup", Time since last: 1003757209 ns, Reaching safepoint: 917291 ns, At safepoint: 24042 ns, Total: 941333 ns
[2022-09-04T02:32:40.691+0000][1][safepoint    ] Safepoint "Cleanup", Time since last: 1001890834 ns, Reaching safepoint: 870125 ns, At safepoint: 27166 ns, Total: 897291 ns
[2022-09-04T02:32:41.695+0000][1][safepoint    ] Safepoint "Cleanup", Time since last: 1001971834 ns, Reaching safepoint: 1339125 ns, At safepoint: 38125 ns, Total: 1377250 ns
[2022-09-04T02:32:42.698+0000][1][safepoint    ] Safepoint "Cleanup", Time since last: 1001572167 ns, Reaching safepoint: 1437084 ns, At safepoint: 51333 ns, Total: 1488417 ns
[2022-09-04T02:32:43.702+0000][1][safepoint    ] Safepoint "Cleanup", Time since last: 1003550959 ns, Reaching safepoint: 1162125 ns, At safepoint: 33292 ns, Total: 1195417 ns
[2022-09-04T02:32:44.709+0000][1][safepoint    ] Safepoint "Cleanup", Time since last: 1005455625 ns, Reaching safepoint: 835083 ns, At safepoint: 20209 ns, Total: 855292 ns
[2022-09-04T02:32:45.714+0000][1][safepoint    ] Safepoint "Cleanup", Time since last: 1004656750 ns, Reaching safepoint: 814083 ns, At safepoint: 22917 ns, Total: 837000 ns
[2022-09-04T02:32:46.719+0000][1][safepoint    ] Safepoint "Cleanup", Time since last: 1003030751 ns, Reaching safepoint: 1265500 ns, At safepoint: 33666 ns, Total: 1299166 ns
[2022-09-04T02:32:47.722+0000][1][safepoint    ] Safepoint "Cleanup", Time since last: 1002677501 ns, Reaching safepoint: 821416 ns, At safepoint: 20750 ns, Total: 842166 ns
[2022-09-04T02:32:48.726+0000][1][safepoint    ] Safepoint "Cleanup", Time since last: 1001901126 ns, Reaching safepoint: 1592500 ns, At safepoint: 39125 ns, Total: 1631625 ns
[2022-09-04T02:32:49.730+0000][1][safepoint    ] Safepoint "Cleanup", Time since last: 1003285042 ns, Reaching safepoint: 878833 ns, At safepoint: 26125 ns, Total: 904958 ns
[2022-09-04T02:32:50.733+0000][1][safepoint    ] Safepoint "Cleanup", Time since last: 1002042001 ns, Reaching safepoint: 1195083 ns, At safepoint: 27709 ns, Total: 1222792 ns
[2022-09-04T02:32:51.736+0000][1][safepoint    ] Safepoint "Cleanup", Time since last: 1001611458 ns, Reaching safepoint: 1138709 ns, At safepoint: 50041 ns, Total: 1188750 ns
[2022-09-04T02:32:52.741+0000][1][safepoint    ] Safepoint "Cleanup", Time since last: 1004536792 ns, Reaching safepoint: 792334 ns, At safepoint: 20708 ns, Total: 813042 ns
[2022-09-04T02:32:53.746+0000][1][safepoint    ] Safepoint "Cleanup", Time since last: 1001498251 ns, Reaching safepoint: 3444375 ns, At safepoint: 96375 ns, Total: 3540750 ns
[2022-09-04T02:32:54.758+0000][1][safepoint    ] Safepoint "Cleanup", Time since last: 1010307958 ns, Reaching safepoint: 1705917 ns, At safepoint: 43167 ns, Total: 1749084 ns
[2022-09-04T02:32:55.763+0000][1][safepoint    ] Safepoint "Cleanup", Time since last: 1002215334 ns, Reaching safepoint: 2532041 ns, At safepoint: 68125 ns, Total: 2600166 ns
[2022-09-04T02:32:56.770+0000][1][safepoint    ] Safepoint "Cleanup", Time since last: 1005904459 ns, Reaching safepoint: 1267708 ns, At safepoint: 35542 ns, Total: 1303250 ns
[2022-09-04T02:32:57.777+0000][1][safepoint    ] Safepoint "Cleanup", Time since last: 1003566876 ns, Reaching safepoint: 3373333 ns, At safepoint: 101750 ns, Total: 3475083 ns
[2022-09-04T02:32:58.786+0000][1][safepoint    ] Safepoint "Cleanup", Time since last: 1007248584 ns, Reaching safepoint: 1831708 ns, At safepoint: 49292 ns, Total: 1881000 ns
[2022-09-04T02:32:59.799+0000][1][safepoint    ] Safepoint "Cleanup", Time since last: 1008630334 ns, Reaching safepoint: 3629708 ns, At safepoint: 204542 ns, Total: 3834250 ns
[2022-09-04T02:33:00.812+0000][1][safepoint    ] Safepoint "Cleanup", Time since last: 1009188208 ns, Reaching safepoint: 3283875 ns, At safepoint: 109667 ns, Total: 3393542 ns
[2022-09-04T02:33:01.819+0000][1][safepoint    ] Safepoint "Cleanup", Time since last: 1005265792 ns, Reaching safepoint: 1721208 ns, At safepoint: 84000 ns, Total: 1805208 ns
[2022-09-04T02:33:02.823+0000][1][safepoint    ] Safepoint "Cleanup", Time since last: 1003267668 ns, Reaching safepoint: 827666 ns, At safepoint: 27167 ns, Total: 854833 ns
[2022-09-04T02:33:03.826+0000][1][safepoint    ] Safepoint "Cleanup", Time since last: 1002407167 ns, Reaching safepoint: 1322875 ns, At safepoint: 32208 ns, Total: 1355083 ns
[2022-09-04T02:33:04.831+0000][1][safepoint    ] Safepoint "Cleanup", Time since last: 1003544459 ns, Reaching safepoint: 802417 ns, At safepoint: 20667 ns, Total: 823084 ns
[2022-09-04T02:33:05.835+0000][1][safepoint    ] Safepoint "Cleanup", Time since last: 1003024041 ns, Reaching safepoint: 1285042 ns, At safepoint: 35042 ns, Total: 1320084 ns
[2022-09-04T02:33:06.845+0000][1][safepoint    ] Safepoint "Cleanup", Time since last: 1006586334 ns, Reaching safepoint: 3485416 ns, At safepoint: 105334 ns, Total: 3590750 ns
[2022-09-04T02:33:07.853+0000][1][safepoint    ] Safepoint "Cleanup", Time since last: 1005544708 ns, Reaching safepoint: 2316084 ns, At safepoint: 64416 ns, Total: 2380500 ns
[2022-09-04T02:33:08.859+0000][1][safepoint    ] Safepoint "Cleanup", Time since last: 1004181709 ns, Reaching safepoint: 1932500 ns, At safepoint: 61792 ns, Total: 1994292 ns
[2022-09-04T02:33:09.369+0000][1][safepoint    ] Safepoint "RevokeBias", Time since last: 508210625 ns, Reaching safepoint: 1538000 ns, At safepoint: 135583 ns, Total: 1673583 ns
[2022-09-04T02:33:09.378+0000][1][safepoint    ] Safepoint "RevokeBias", Time since last: 8678709 ns, Reaching safepoint: 512500 ns, At safepoint: 140125 ns, Total: 652625 ns
[2022-09-04T02:33:09.416+0000][1][safepoint    ] Safepoint "RevokeBias", Time since last: 35982291 ns, Reaching safepoint: 1293250 ns, At safepoint: 243834 ns, Total: 1537084 ns
[2022-09-04T02:33:09.955+0000][1][safepoint    ] Safepoint "RevokeBias", Time since last: 537338625 ns, Reaching safepoint: 1357583 ns, At safepoint: 130667 ns, Total: 1488250 ns
[2022-09-04T02:33:09.959+0000][1][safepoint    ] Safepoint "RevokeBias", Time since last: 3274292 ns, Reaching safepoint: 736541 ns, At safepoint: 27375 ns, Total: 763916 ns
[2022-09-04T02:33:09.973+0000][1][safepoint    ] Safepoint "RevokeBias", Time since last: 13445459 ns, Reaching safepoint: 649250 ns, At safepoint: 105791 ns, Total: 755041 ns
[2022-09-04T02:33:09.981+0000][1][safepoint    ] Safepoint "RevokeBias", Time since last: 7278750 ns, Reaching safepoint: 685000 ns, At safepoint: 105667 ns, Total: 790667 ns
[2022-09-04T02:33:09.987+0000][1][safepoint    ] Safepoint "RevokeBias", Time since last: 5393708 ns, Reaching safepoint: 710417 ns, At safepoint: 294125 ns, Total: 1004542 ns
[2022-09-04T02:33:10.335+0000][1][safepoint    ] Safepoint "RevokeBias", Time since last: 345437375 ns, Reaching safepoint: 1573500 ns, At safepoint: 369625 ns, Total: 1943125 ns
[2022-09-04T02:33:10.391+0000][1][safepoint    ] Safepoint "RevokeBias", Time since last: 55022250 ns, Reaching safepoint: 1010459 ns, At safepoint: 128750 ns, Total: 1139209 ns
[2022-09-04T02:33:10.399+0000][1][safepoint    ] Safepoint "RevokeBias", Time since last: 6780166 ns, Reaching safepoint: 1205125 ns, At safepoint: 142625 ns, Total: 1347750 ns
[2022-09-04T02:33:10.636+0000][1][safepoint    ] Safepoint "RevokeBias", Time since last: 234839167 ns, Reaching safepoint: 1733458 ns, At safepoint: 252834 ns, Total: 1986292 ns
[2022-09-04T02:33:10.849+0000][1][safepoint    ] Safepoint "RevokeBias", Time since last: 212036250 ns, Reaching safepoint: 990875 ns, At safepoint: 86791 ns, Total: 1077666 ns
[2022-09-04T02:33:11.054+0000][1][safepoint    ] Safepoint "RevokeBias", Time since last: 204594251 ns, Reaching safepoint: 796166 ns, At safepoint: 143542 ns, Total: 939708 ns
[2022-09-04T02:33:11.173+0000][1][safepoint    ] Safepoint "RevokeBias", Time since last: 117128083 ns, Reaching safepoint: 1074459 ns, At safepoint: 113625 ns, Total: 1188084 ns
[2022-09-04T02:33:11.266+0000][1][safepoint    ] Safepoint "RevokeBias", Time since last: 91888666 ns, Reaching safepoint: 1119459 ns, At safepoint: 114625 ns, Total: 1234084 ns
[2022-09-04T02:33:11.281+0000][1][safepoint    ] Safepoint "RevokeBias", Time since last: 14184583 ns, Reaching safepoint: 829833 ns, At safepoint: 117084 ns, Total: 946917 ns
[2022-09-04T02:33:11.293+0000][1][safepoint    ] Safepoint "RevokeBias", Time since last: 11516833 ns, Reaching safepoint: 616500 ns, At safepoint: 105625 ns, Total: 722125 ns
[2022-09-04T02:33:11.317+0000][1][safepoint    ] Safepoint "RevokeBias", Time since last: 23051708 ns, Reaching safepoint: 547334 ns, At safepoint: 93708 ns, Total: 641042 ns
[2022-09-04T02:33:11.320+0000][1][safepoint    ] Safepoint "RevokeBias", Time since last: 2717750 ns, Reaching safepoint: 361042 ns, At safepoint: 73250 ns, Total: 434292 ns
[2022-09-04T02:33:11.333+0000][1][safepoint    ] Safepoint "RevokeBias", Time since last: 11916041 ns, Reaching safepoint: 823750 ns, At safepoint: 110709 ns, Total: 934459 ns
[2022-09-04T02:33:11.342+0000][1][safepoint    ] Safepoint "RevokeBias", Time since last: 7772375 ns, Reaching safepoint: 847875 ns, At safepoint: 98708 ns, Total: 946583 ns
[2022-09-04T02:33:11.348+0000][1][safepoint    ] Safepoint "RevokeBias", Time since last: 4557833 ns, Reaching safepoint: 1188750 ns, At safepoint: 414709 ns, Total: 1603459 ns
[2022-09-04T02:33:11.351+0000][1][safepoint    ] Safepoint "RevokeBias", Time since last: 1884958 ns, Reaching safepoint: 695500 ns, At safepoint: 395792 ns, Total: 1091292 ns
[2022-09-04T02:33:11.362+0000][1][safepoint    ] Safepoint "RevokeBias", Time since last: 10806541 ns, Reaching safepoint: 710875 ns, At safepoint: 136875 ns, Total: 847750 ns
[2022-09-04T02:33:11.381+0000][1][safepoint    ] Safepoint "RevokeBias", Time since last: 17047292 ns, Reaching safepoint: 1028792 ns, At safepoint: 95875 ns, Total: 1124667 ns
[2022-09-04T02:33:11.390+0000][1][safepoint    ] Safepoint "RevokeBias", Time since last: 8216500 ns, Reaching safepoint: 748666 ns, At safepoint: 150792 ns, Total: 899458 ns
[2022-09-04T02:33:11.394+0000][1][safepoint    ] Safepoint "RevokeBias", Time since last: 3066375 ns, Reaching safepoint: 657458 ns, At safepoint: 105875 ns, Total: 763333 ns
[2022-09-04T02:33:11.406+0000][1][safepoint    ] Safepoint "RevokeBias", Time since last: 11206000 ns, Reaching safepoint: 692750 ns, At safepoint: 125084 ns, Total: 817834 ns
[2022-09-04T02:33:11.460+0000][1][safepoint    ] Safepoint "RevokeBias", Time since last: 53293166 ns, Reaching safepoint: 911000 ns, At safepoint: 122959 ns, Total: 1033959 ns
[2022-09-04T02:33:11.474+0000][1][safepoint    ] Safepoint "RevokeBias", Time since last: 13100750 ns, Reaching safepoint: 594250 ns, At safepoint: 99833 ns, Total: 694083 ns
[2022-09-04T02:33:11.481+0000][1][safepoint    ] Safepoint "RevokeBias", Time since last: 5925792 ns, Reaching safepoint: 798791 ns, At safepoint: 94250 ns, Total: 893041 ns
[2022-09-04T02:33:11.486+0000][1][safepoint    ] Safepoint "RevokeBias", Time since last: 4157834 ns, Reaching safepoint: 752541 ns, At safepoint: 105000 ns, Total: 857541 ns
[2022-09-04T02:33:11.652+0000][1][safepoint    ] Safepoint "RevokeBias", Time since last: 165329626 ns, Reaching safepoint: 764666 ns, At safepoint: 105542 ns, Total: 870208 ns
[2022-09-04T02:33:11.654+0000][1][safepoint    ] Safepoint "RevokeBias", Time since last: 1578000 ns, Reaching safepoint: 510083 ns, At safepoint: 101750 ns, Total: 611833 ns
[2022-09-04T02:33:11.656+0000][1][safepoint    ] Safepoint "RevokeBias", Time since last: 1246917 ns, Reaching safepoint: 789208 ns, At safepoint: 84125 ns, Total: 873333 ns
[2022-09-04T02:33:11.699+0000][1][safepoint    ] Safepoint "RevokeBias", Time since last: 41594375 ns, Reaching safepoint: 1087875 ns, At safepoint: 115500 ns, Total: 1203375 ns
[2022-09-04T02:33:11.700+0000][1][safepoint    ] Safepoint "RevokeBias", Time since last: 989000 ns, Reaching safepoint: 455084 ns, At safepoint: 147708 ns, Total: 602792 ns
[2022-09-04T02:33:11.736+0000][1][safepoint    ] Safepoint "RevokeBias", Time since last: 34883583 ns, Reaching safepoint: 876417 ns, At safepoint: 116667 ns, Total: 993084 ns
[2022-09-04T02:33:11.746+0000][1][safepoint    ] Safepoint "RevokeBias", Time since last: 7796333 ns, Reaching safepoint: 1833458 ns, At safepoint: 117750 ns, Total: 1951208 ns
[2022-09-04T02:33:11.758+0000][1][safepoint    ] Safepoint "RevokeBias", Time since last: 11228459 ns, Reaching safepoint: 931041 ns, At safepoint: 95917 ns, Total: 1026958 ns
[2022-09-04T02:33:11.881+0000][1][safepoint    ] Safepoint "RevokeBias", Time since last: 122164667 ns, Reaching safepoint: 941291 ns, At safepoint: 35042 ns, Total: 976333 ns
[2022-09-04T02:33:11.884+0000][1][safepoint    ] Safepoint "RevokeBias", Time since last: 1765125 ns, Reaching safepoint: 705917 ns, At safepoint: 27333 ns, Total: 733250 ns
[2022-09-04T02:33:11.891+0000][1][safepoint    ] Safepoint "RevokeBias", Time since last: 6112208 ns, Reaching safepoint: 676709 ns, At safepoint: 335250 ns, Total: 1011959 ns
[2022-09-04T02:33:11.893+0000][1][safepoint    ] Safepoint "RevokeBias", Time since last: 1155000 ns, Reaching safepoint: 427750 ns, At safepoint: 74958 ns, Total: 502708 ns
[2022-09-04T02:33:11.895+0000][1][safepoint    ] Safepoint "RevokeBias", Time since last: 1349708 ns, Reaching safepoint: 503584 ns, At safepoint: 72375 ns, Total: 575959 ns
[2022-09-04T02:33:11.897+0000][1][safepoint    ] Safepoint "RevokeBias", Time since last: 1740750 ns, Reaching safepoint: 448250 ns, At safepoint: 67875 ns, Total: 516125 ns
[2022-09-04T02:33:11.902+0000][1][safepoint    ] Safepoint "RevokeBias", Time since last: 4166708 ns, Reaching safepoint: 923083 ns, At safepoint: 149750 ns, Total: 1072833 ns
[2022-09-04T02:33:12.021+0000][1][safepoint    ] Safepoint "RevokeBias", Time since last: 116865959 ns, Reaching safepoint: 1368625 ns, At safepoint: 120541 ns, Total: 1489166 ns
[2022-09-04T02:33:12.034+0000][1][safepoint    ] Safepoint "RevokeBias", Time since last: 12738459 ns, Reaching safepoint: 609625 ns, At safepoint: 104541 ns, Total: 714166 ns
[2022-09-04T02:33:12.038+0000][1][safepoint    ] Safepoint "RevokeBias", Time since last: 3583750 ns, Reaching safepoint: 526250 ns, At safepoint: 116167 ns, Total: 642417 ns
[2022-09-04T02:33:12.172+0000][1][safepoint    ] Safepoint "RevokeBias", Time since last: 132740833 ns, Reaching safepoint: 940667 ns, At safepoint: 133208 ns, Total: 1073875 ns
[2022-09-04T02:33:12.397+0000][1][safepoint    ] Safepoint "BulkRevokeBias", Time since last: 221016292 ns, Reaching safepoint: 1355209 ns, At safepoint: 2828000 ns, Total: 4183209 ns
[2022-09-04T02:33:12.426+0000][1][safepoint    ] Safepoint "BulkRevokeBias", Time since last: 25737166 ns, Reaching safepoint: 570792 ns, At safepoint: 2092833 ns, Total: 2663625 ns
[2022-09-04T02:33:12.433+0000][1][safepoint    ] Safepoint "RevokeBias", Time since last: 6022334 ns, Reaching safepoint: 1276833 ns, At safepoint: 92458 ns, Total: 1369291 ns
[2022-09-04T02:33:12.637+0000][1][safepoint    ] Safepoint "RevokeBias", Time since last: 203096959 ns, Reaching safepoint: 997541 ns, At safepoint: 200459 ns, Total: 1198000 ns
[2022-09-04T02:33:12.706+0000][1][safepoint    ] Safepoint "RevokeBias", Time since last: 66887708 ns, Reaching safepoint: 1980208 ns, At safepoint: 146584 ns, Total: 2126792 ns
[2022-09-04T02:33:12.761+0000][1][safepoint    ] Safepoint "RevokeBias", Time since last: 53885958 ns, Reaching safepoint: 934500 ns, At safepoint: 94875 ns, Total: 1029375 ns
[2022-09-04T02:33:12.800+0000][1][safepoint    ] Safepoint "RevokeBias", Time since last: 37188500 ns, Reaching safepoint: 1161000 ns, At safepoint: 517250 ns, Total: 1678250 ns
[2022-09-04T02:33:12.806+0000][1][safepoint    ] Safepoint "RevokeBias", Time since last: 4711083 ns, Reaching safepoint: 717917 ns, At safepoint: 103875 ns, Total: 821792 ns
[2022-09-04T02:33:12.816+0000][1][safepoint    ] Safepoint "RevokeBias", Time since last: 9242833 ns, Reaching safepoint: 625500 ns, At safepoint: 104459 ns, Total: 729959 ns
[2022-09-04T02:33:12.829+0000][1][safepoint    ] Safepoint "RevokeBias", Time since last: 12413041 ns, Reaching safepoint: 660667 ns, At safepoint: 119250 ns, Total: 779917 ns
[2022-09-04T02:33:12.832+0000][1][safepoint    ] Safepoint "RevokeBias", Time since last: 2525958 ns, Reaching safepoint: 516167 ns, At safepoint: 100750 ns, Total: 616917 ns
[2022-09-04T02:33:12.852+0000][1][safepoint    ] Safepoint "RevokeBias", Time since last: 19191792 ns, Reaching safepoint: 915208 ns, At safepoint: 144542 ns, Total: 1059750 ns
[2022-09-04T02:33:12.863+0000][1][safepoint    ] Safepoint "RevokeBias", Time since last: 9853625 ns, Reaching safepoint: 1085625 ns, At safepoint: 128291 ns, Total: 1213916 ns
[2022-09-04T02:33:12.875+0000][1][safepoint    ] Safepoint "RevokeBias", Time since last: 9552042 ns, Reaching safepoint: 1349708 ns, At safepoint: 551542 ns, Total: 1901250 ns
[2022-09-04T02:33:13.031+0000][1][safepoint    ] Safepoint "RevokeBias", Time since last: 110152542 ns, Reaching safepoint: 25544333 ns, At safepoint: 13445500 ns, Total: 38989833 ns
[2022-09-04T02:33:13.222+0000][1][safepoint    ] Safepoint "RevokeBias", Time since last: 187809375 ns, Reaching safepoint: 10239334 ns, At safepoint: 266125 ns, Total: 10505459 ns
[2022-09-04T02:33:13.275+0000][1][safepoint    ] Safepoint "RevokeBias", Time since last: 41463333 ns, Reaching safepoint: 10973625 ns, At safepoint: 179458 ns, Total: 11153083 ns
[2022-09-04T02:33:13.559+0000][1][safepoint    ] Safepoint "RevokeBias", Time since last: 277840667 ns, Reaching safepoint: 6022333 ns, At safepoint: 129375 ns, Total: 6151708 ns
[2022-09-04T02:33:13.586+0000][1][safepoint    ] Safepoint "RevokeBias", Time since last: 23913584 ns, Reaching safepoint: 2869250 ns, At safepoint: 108166 ns, Total: 2977416 ns
[2022-09-04T02:33:13.634+0000][1][safepoint    ] Safepoint "RevokeBias", Time since last: 37056542 ns, Reaching safepoint: 11238708 ns, At safepoint: 139500 ns, Total: 11378208 ns
[2022-09-04T02:33:13.715+0000][1][safepoint    ] Safepoint "RevokeBias", Time since last: 78472251 ns, Reaching safepoint: 1882875 ns, At safepoint: 127541 ns, Total: 2010416 ns
[2022-09-04T02:33:13.801+0000][1][safepoint    ] Safepoint "RevokeBias", Time since last: 85275167 ns, Reaching safepoint: 1203917 ns, At safepoint: 117583 ns, Total: 1321500 ns
[2022-09-04T02:33:13.809+0000][1][safepoint    ] Safepoint "RevokeBias", Time since last: 6762750 ns, Reaching safepoint: 506625 ns, At safepoint: 96292 ns, Total: 602917 ns
[2022-09-04T02:33:13.824+0000][1][safepoint    ] Safepoint "BulkRevokeBias", Time since last: 8376708 ns, Reaching safepoint: 1282667 ns, At safepoint: 5369791 ns, Total: 6652458 ns
[2022-09-04T02:33:14.066+0000][1][safepoint    ] Safepoint "RevokeBias", Time since last: 241529834 ns, Reaching safepoint: 690875 ns, At safepoint: 101333 ns, Total: 792208 ns
[2022-09-04T02:33:14.070+0000][1][safepoint    ] Safepoint "RevokeBias", Time since last: 3123750 ns, Reaching safepoint: 472125 ns, At safepoint: 96125 ns, Total: 568250 ns
[2022-09-04T02:33:14.115+0000][1][safepoint    ] Safepoint "RevokeBias", Time since last: 44590292 ns, Reaching safepoint: 621958 ns, At safepoint: 110083 ns, Total: 732041 ns
[2022-09-04T02:33:14.143+0000][1][safepoint    ] Safepoint "RevokeBias", Time since last: 27150334 ns, Reaching safepoint: 589083 ns, At safepoint: 98833 ns, Total: 687916 ns
[2022-09-04T02:33:14.149+0000][1][safepoint    ] Safepoint "RevokeBias", Time since last: 6119209 ns, Reaching safepoint: 441791 ns, At safepoint: 105792 ns, Total: 547583 ns
[2022-09-04T02:33:14.154+0000][1][safepoint    ] Safepoint "RevokeBias", Time since last: 3161458 ns, Reaching safepoint: 829667 ns, At safepoint: 102750 ns, Total: 932417 ns
[2022-09-04T02:33:14.165+0000][1][safepoint    ] Safepoint "RevokeBias", Time since last: 10561750 ns, Reaching safepoint: 898583 ns, At safepoint: 190042 ns, Total: 1088625 ns
[2022-09-04T02:33:15.168+0000][1][safepoint    ] Safepoint "Cleanup", Time since last: 1001645417 ns, Reaching safepoint: 1194000 ns, At safepoint: 50292 ns, Total: 1244292 ns
[2022-09-04T02:33:16.174+0000][1][safepoint    ] Safepoint "Cleanup", Time since last: 1003656500 ns, Reaching safepoint: 1631417 ns, At safepoint: 187583 ns, Total: 1819000 ns
[2022-09-04T02:33:16.607+0000][1][safepoint    ] Safepoint "BulkRevokeBias", Time since last: 428358167 ns, Reaching safepoint: 1972959 ns, At safepoint: 2943750 ns, Total: 4916709 ns
[2022-09-04T02:33:16.634+0000][1][safepoint    ] Safepoint "RevokeBias", Time since last: 24664875 ns, Reaching safepoint: 2300958 ns, At safepoint: 323875 ns, Total: 2624833 ns
[2022-09-04T02:33:16.646+0000][1][safepoint    ] Safepoint "RevokeBias", Time since last: 10003792 ns, Reaching safepoint: 1817125 ns, At safepoint: 148250 ns, Total: 1965375 ns
[2022-09-04T02:33:16.659+0000][1][safepoint    ] Safepoint "RevokeBias", Time since last: 12082458 ns, Reaching safepoint: 1170167 ns, At safepoint: 145000 ns, Total: 1315167 ns
[2022-09-04T02:33:17.664+0000][1][safepoint    ] Safepoint "Cleanup", Time since last: 1003190750 ns, Reaching safepoint: 977125 ns, At safepoint: 26708 ns, Total: 1003833 ns
[2022-09-04T02:33:18.667+0000][1][safepoint    ] Safepoint "Cleanup", Time since last: 1002019043 ns, Reaching safepoint: 925791 ns, At safepoint: 32125 ns, Total: 957916 ns
[2022-09-04T02:33:19.671+0000][1][safepoint    ] Safepoint "Cleanup", Time since last: 1002588667 ns, Reaching safepoint: 1507834 ns, At safepoint: 44375 ns, Total: 1552209 ns
[2022-09-04T02:33:20.675+0000][1][safepoint    ] Safepoint "Cleanup", Time since last: 1003031542 ns, Reaching safepoint: 881583 ns, At safepoint: 24875 ns, Total: 906458 ns
[2022-09-04T02:33:21.679+0000][1][safepoint    ] Safepoint "Cleanup", Time since last: 1003671751 ns, Reaching safepoint: 901791 ns, At safepoint: 25334 ns, Total: 927125 ns
[2022-09-04T02:33:22.683+0000][1][safepoint    ] Safepoint "Cleanup", Time since last: 1002065583 ns, Reaching safepoint: 1480250 ns, At safepoint: 53542 ns, Total: 1533792 ns
[2022-09-04T02:33:23.689+0000][1][safepoint    ] Safepoint "Cleanup", Time since last: 1002961459 ns, Reaching safepoint: 2644875 ns, At safepoint: 73208 ns, Total: 2718083 ns
[2022-09-04T02:33:24.694+0000][1][safepoint    ] Safepoint "Cleanup", Time since last: 1004598334 ns, Reaching safepoint: 818500 ns, At safepoint: 22583 ns, Total: 841083 ns
[2022-09-04T02:33:25.698+0000][1][safepoint    ] Safepoint "Cleanup", Time since last: 1002869376 ns, Reaching safepoint: 738417 ns, At safepoint: 23916 ns, Total: 762333 ns
[2022-09-04T02:33:26.700+0000][1][safepoint    ] Safepoint "Cleanup", Time since last: 1001397834 ns, Reaching safepoint: 938458 ns, At safepoint: 26084 ns, Total: 964542 ns
[2022-09-04T02:33:27.704+0000][1][safepoint    ] Safepoint "Cleanup", Time since last: 1002962750 ns, Reaching safepoint: 920292 ns, At safepoint: 24667 ns, Total: 944959 ns
[2022-09-04T02:33:28.707+0000][1][safepoint    ] Safepoint "Cleanup", Time since last: 1001846125 ns, Reaching safepoint: 788708 ns, At safepoint: 24084 ns, Total: 812792 ns
[2022-09-04T02:33:29.710+0000][1][safepoint    ] Safepoint "Cleanup", Time since last: 1002593292 ns, Reaching safepoint: 1231541 ns, At safepoint: 35500 ns, Total: 1267041 ns
[2022-09-04T02:33:30.715+0000][1][safepoint    ] Safepoint "Cleanup", Time since last: 1002497043 ns, Reaching safepoint: 1906750 ns, At safepoint: 46041 ns, Total: 1952791 ns
[2022-09-04T02:33:31.722+0000][1][safepoint    ] Safepoint "Cleanup", Time since last: 1006243001 ns, Reaching safepoint: 1106458 ns, At safepoint: 34417 ns, Total: 1140875 ns
[2022-09-04T02:33:32.727+0000][1][safepoint    ] Safepoint "Cleanup", Time since last: 1002194959 ns, Reaching safepoint: 2434458 ns, At safepoint: 84375 ns, Total: 2518833 ns
[2022-09-04T02:33:33.734+0000][1][safepoint    ] Safepoint "Cleanup", Time since last: 1005754167 ns, Reaching safepoint: 1034458 ns, At safepoint: 31750 ns, Total: 1066208 ns
[2022-09-04T02:33:34.739+0000][1][safepoint    ] Safepoint "Cleanup", Time since last: 1004053709 ns, Reaching safepoint: 826375 ns, At safepoint: 21667 ns, Total: 848042 ns
[2022-09-04T02:33:35.748+0000][1][safepoint    ] Safepoint "Cleanup", Time since last: 1008430625 ns, Reaching safepoint: 1342166 ns, At safepoint: 34334 ns, Total: 1376500 ns
[2022-09-04T02:33:36.758+0000][1][safepoint    ] Safepoint "Cleanup", Time since last: 1007341709 ns, Reaching safepoint: 2314916 ns, At safepoint: 83125 ns, Total: 2398041 ns
[2022-09-04T02:33:37.765+0000][1][safepoint    ] Safepoint "Cleanup", Time since last: 1005848834 ns, Reaching safepoint: 1220792 ns, At safepoint: 57500 ns, Total: 1278292 ns
[2022-09-04T02:33:38.769+0000][1][safepoint    ] Safepoint "Cleanup", Time since last: 1002935208 ns, Reaching safepoint: 778584 ns, At safepoint: 23916 ns, Total: 802500 ns
[2022-09-04T02:33:39.774+0000][1][safepoint    ] Safepoint "Cleanup", Time since last: 1004585709 ns, Reaching safepoint: 770875 ns, At safepoint: 27209 ns, Total: 798084 ns
[2022-09-04T02:33:40.657+0000][1][safepoint    ] Safepoint "RevokeBias", Time since last: 881607833 ns, Reaching safepoint: 843917 ns, At safepoint: 181125 ns, Total: 1025042 ns
[2022-09-04T02:33:41.721+0000][1][safepoint    ] Safepoint "Cleanup", Time since last: 1063212834 ns, Reaching safepoint: 803500 ns, At safepoint: 24917 ns, Total: 828417 ns
[2022-09-04T02:33:42.188+0000][1][safepoint    ] Safepoint "RevokeBias", Time since last: 466505083 ns, Reaching safepoint: 886583 ns, At safepoint: 242292 ns, Total: 1128875 ns
[2022-09-04T02:33:43.193+0000][1][safepoint    ] Safepoint "Cleanup", Time since last: 1002639876 ns, Reaching safepoint: 1830625 ns, At safepoint: 100833 ns, Total: 1931458 ns
[2022-09-04T02:33:44.201+0000][1][safepoint    ] Safepoint "Cleanup", Time since last: 1006123625 ns, Reaching safepoint: 1964792 ns, At safepoint: 72458 ns, Total: 2037250 ns
[2022-09-04T02:33:45.207+0000][1][safepoint    ] Safepoint "Cleanup", Time since last: 1004623376 ns, Reaching safepoint: 1531792 ns, At safepoint: 49791 ns, Total: 1581583 ns
[2022-09-04T02:33:46.212+0000][1][safepoint    ] Safepoint "Cleanup", Time since last: 1003038917 ns, Reaching safepoint: 1148042 ns, At safepoint: 36750 ns, Total: 1184792 ns
[2022-09-04T02:33:47.219+0000][1][safepoint    ] Safepoint "Cleanup", Time since last: 1002626126 ns, Reaching safepoint: 4588375 ns, At safepoint: 107333 ns, Total: 4695708 ns
[2022-09-04T02:33:48.227+0000][1][safepoint    ] Safepoint "Cleanup", Time since last: 1005861875 ns, Reaching safepoint: 1793125 ns, At safepoint: 41375 ns, Total: 1834500 ns
[2022-09-04T02:33:49.231+0000][1][safepoint    ] Safepoint "Cleanup", Time since last: 1002916667 ns, Reaching safepoint: 1120125 ns, At safepoint: 32500 ns, Total: 1152625 ns
[2022-09-04T02:33:50.236+0000][1][safepoint    ] Safepoint "Cleanup", Time since last: 1002542418 ns, Reaching safepoint: 2398708 ns, At safepoint: 101292 ns, Total: 2500000 ns
[2022-09-04T02:33:51.243+0000][1][safepoint    ] Safepoint "Cleanup", Time since last: 1004349000 ns, Reaching safepoint: 2417000 ns, At safepoint: 69042 ns, Total: 2486042 ns
[2022-09-04T02:33:52.253+0000][1][safepoint    ] Safepoint "Cleanup", Time since last: 1006863250 ns, Reaching safepoint: 3438042 ns, At safepoint: 180125 ns, Total: 3618167 ns
[2022-09-04T02:33:53.267+0000][1][safepoint    ] Safepoint "Cleanup", Time since last: 1010519542 ns, Reaching safepoint: 3541042 ns, At safepoint: 93083 ns, Total: 3634125 ns
[2022-09-04T02:33:54.278+0000][1][safepoint    ] Safepoint "Cleanup", Time since last: 1006726042 ns, Reaching safepoint: 3497917 ns, At safepoint: 93583 ns, Total: 3591500 ns
[2022-09-04T02:33:55.286+0000][1][safepoint    ] Safepoint "Cleanup", Time since last: 1005805751 ns, Reaching safepoint: 2536541 ns, At safepoint: 88792 ns, Total: 2625333 ns
[2022-09-04T02:33:56.294+0000][1][safepoint    ] Safepoint "Cleanup", Time since last: 1007063251 ns, Reaching safepoint: 915625 ns, At safepoint: 29166 ns, Total: 944791 ns
[2022-09-04T02:33:57.305+0000][1][safepoint    ] Safepoint "Cleanup", Time since last: 1007798542 ns, Reaching safepoint: 3464084 ns, At safepoint: 116375 ns, Total: 3580459 ns
[2022-09-04T02:33:58.311+0000][1][safepoint    ] Safepoint "Cleanup", Time since last: 1003878917 ns, Reaching safepoint: 1524041 ns, At safepoint: 43334 ns, Total: 1567375 ns
[2022-09-04T02:33:59.317+0000][1][safepoint    ] Safepoint "Cleanup", Time since last: 1002962667 ns, Reaching safepoint: 2928958 ns, At safepoint: 63875 ns, Total: 2992833 ns
[2022-09-04T02:34:00.325+0000][1][safepoint    ] Safepoint "Cleanup", Time since last: 1005654334 ns, Reaching safepoint: 2728042 ns, At safepoint: 86208 ns, Total: 2814250 ns
[2022-09-04T02:34:01.333+0000][1][safepoint    ] Safepoint "Cleanup", Time since last: 1006827334 ns, Reaching safepoint: 778167 ns, At safepoint: 24375 ns, Total: 802542 ns
[2022-09-04T02:34:02.338+0000][1][safepoint    ] Safepoint "Cleanup", Time since last: 1002503292 ns, Reaching safepoint: 2861833 ns, At safepoint: 86417 ns, Total: 2948250 ns
[2022-09-04T02:34:03.348+0000][1][safepoint    ] Safepoint "Cleanup", Time since last: 1005670292 ns, Reaching safepoint: 3505375 ns, At safepoint: 138667 ns, Total: 3644042 ns
[2022-09-04T02:34:04.355+0000][1][safepoint    ] Safepoint "Cleanup", Time since last: 1004866375 ns, Reaching safepoint: 2348333 ns, At safepoint: 597750 ns, Total: 2946083 ns
[2022-09-04T02:34:05.362+0000][1][safepoint    ] Safepoint "Cleanup", Time since last: 1004176626 ns, Reaching safepoint: 2192916 ns, At safepoint: 68125 ns, Total: 2261041 ns
[2022-09-04T02:34:06.367+0000][1][safepoint    ] Safepoint "Cleanup", Time since last: 1004189501 ns, Reaching safepoint: 821083 ns, At safepoint: 72000 ns, Total: 893083 ns
[2022-09-04T02:34:07.372+0000][1][safepoint    ] Safepoint "Cleanup", Time since last: 1001678625 ns, Reaching safepoint: 3333459 ns, At safepoint: 163125 ns, Total: 3496584 ns
[2022-09-04T02:34:08.384+0000][1][safepoint    ] Safepoint "Cleanup", Time since last: 1011727417 ns, Reaching safepoint: 793167 ns, At safepoint: 22375 ns, Total: 815542 ns
[2022-09-04T02:34:09.388+0000][1][safepoint    ] Safepoint "Cleanup", Time since last: 1001488125 ns, Reaching safepoint: 1648875 ns, At safepoint: 80792 ns, Total: 1729667 ns
[2022-09-04T02:34:10.393+0000][1][safepoint    ] Safepoint "Cleanup", Time since last: 1004118375 ns, Reaching safepoint: 1290334 ns, At safepoint: 44791 ns, Total: 1335125 ns
[2022-09-04T02:34:11.397+0000][1][safepoint    ] Safepoint "Cleanup", Time since last: 1003354417 ns, Reaching safepoint: 832125 ns, At safepoint: 22417 ns, Total: 854542 ns
[2022-09-04T02:34:12.400+0000][1][safepoint    ] Safepoint "Cleanup", Time since last: 1001782292 ns, Reaching safepoint: 1118334 ns, At safepoint: 31083 ns, Total: 1149417 ns
[2022-09-04T02:34:13.407+0000][1][safepoint    ] Safepoint "Cleanup", Time since last: 1002954917 ns, Reaching safepoint: 3247958 ns, At safepoint: 101500 ns, Total: 3349458 ns
[2022-09-04T02:34:14.414+0000][1][safepoint    ] Safepoint "Cleanup", Time since last: 1006086126 ns, Reaching safepoint: 974542 ns, At safepoint: 28916 ns, Total: 1003458 ns
[2022-09-04T02:34:15.419+0000][1][safepoint    ] Safepoint "Cleanup", Time since last: 1002061251 ns, Reaching safepoint: 3459083 ns, At safepoint: 101958 ns, Total: 3561041 ns
[2022-09-04T02:34:16.427+0000][1][safepoint    ] Safepoint "Cleanup", Time since last: 1006604292 ns, Reaching safepoint: 793250 ns, At safepoint: 21500 ns, Total: 814750 ns
[2022-09-04T02:34:17.431+0000][1][safepoint    ] Safepoint "Cleanup", Time since last: 1002930793 ns, Reaching safepoint: 1403541 ns, At safepoint: 45959 ns, Total: 1449500 ns
[2022-09-04T02:34:18.435+0000][1][safepoint    ] Safepoint "Cleanup", Time since last: 1002626375 ns, Reaching safepoint: 958083 ns, At safepoint: 48334 ns, Total: 1006417 ns
[2022-09-04T02:34:19.438+0000][1][safepoint    ] Safepoint "Cleanup", Time since last: 1001725792 ns, Reaching safepoint: 1571875 ns, At safepoint: 66667 ns, Total: 1638542 ns
[2022-09-04T02:34:20.442+0000][1][safepoint    ] Safepoint "Cleanup", Time since last: 1002522958 ns, Reaching safepoint: 1461584 ns, At safepoint: 61125 ns, Total: 1522709 ns
[2022-09-04T02:34:21.445+0000][1][safepoint    ] Safepoint "Cleanup", Time since last: 1002555334 ns, Reaching safepoint: 780916 ns, At safepoint: 22750 ns, Total: 803666 ns
[2022-09-04T02:34:22.448+0000][1][safepoint    ] Safepoint "Cleanup", Time since last: 1001627417 ns, Reaching safepoint: 765542 ns, At safepoint: 21583 ns, Total: 787125 ns
[2022-09-04T02:34:23.452+0000][1][safepoint    ] Safepoint "Cleanup", Time since last: 1001945542 ns, Reaching safepoint: 2287042 ns, At safepoint: 63625 ns, Total: 2350667 ns
[2022-09-04T02:34:24.458+0000][1][safepoint    ] Safepoint "Cleanup", Time since last: 1005333376 ns, Reaching safepoint: 953541 ns, At safepoint: 30834 ns, Total: 984375 ns
[2022-09-04T02:34:25.464+0000][1][safepoint    ] Safepoint "Cleanup", Time since last: 1003295167 ns, Reaching safepoint: 1670875 ns, At safepoint: 46291 ns, Total: 1717166 ns
[2022-09-04T02:34:26.469+0000][1][safepoint    ] Safepoint "Cleanup", Time since last: 1005129334 ns, Reaching safepoint: 838875 ns, At safepoint: 24125 ns, Total: 863000 ns
[2022-09-04T02:34:27.473+0000][1][safepoint    ] Safepoint "Cleanup", Time since last: 1001995584 ns, Reaching safepoint: 1217583 ns, At safepoint: 93709 ns, Total: 1311292 ns
[2022-09-04T02:34:28.477+0000][1][safepoint    ] Safepoint "Cleanup", Time since last: 1003024084 ns, Reaching safepoint: 813083 ns, At safepoint: 21667 ns, Total: 834750 ns
[2022-09-04T02:34:29.480+0000][1][safepoint    ] Safepoint "Cleanup", Time since last: 1001896333 ns, Reaching safepoint: 1165875 ns, At safepoint: 58000 ns, Total: 1223875 ns
[2022-09-04T02:34:30.486+0000][1][safepoint    ] Safepoint "Cleanup", Time since last: 1005553834 ns, Reaching safepoint: 999625 ns, At safepoint: 29000 ns, Total: 1028625 ns
[2022-09-04T02:34:31.494+0000][1][safepoint    ] Safepoint "Cleanup", Time since last: 1006912209 ns, Reaching safepoint: 851917 ns, At safepoint: 25208 ns, Total: 877125 ns
[2022-09-04T02:34:32.499+0000][1][safepoint    ] Safepoint "Cleanup", Time since last: 1003969959 ns, Reaching safepoint: 1241958 ns, At safepoint: 36083 ns, Total: 1278041 ns
[2022-09-04T02:34:33.504+0000][1][safepoint    ] Safepoint "Cleanup", Time since last: 1003408376 ns, Reaching safepoint: 1543458 ns, At safepoint: 44375 ns, Total: 1587833 ns
[2022-09-04T02:34:33.748+0000][1][gc,start     ] GC(25) Pause Young (Allocation Failure)
[2022-09-04T02:34:33.758+0000][1][gc,task      ] GC(25) Using 4 workers of 4 for evacuation
[2022-09-04T02:34:33.818+0000][1][gc,age       ] GC(25) Desired survivor size 8945664 bytes, new threshold 6 (max threshold 6)
[2022-09-04T02:34:33.820+0000][1][gc,age       ] GC(25) Age table with threshold 6 (max threshold 6)
[2022-09-04T02:34:33.821+0000][1][gc,age       ] GC(25) - age   1:     591120 bytes,     591120 total
[2022-09-04T02:34:33.823+0000][1][gc,age       ] GC(25) - age   2:      29136 bytes,     620256 total
[2022-09-04T02:34:33.824+0000][1][gc,age       ] GC(25) - age   3:       2592 bytes,     622848 total
[2022-09-04T02:34:33.825+0000][1][gc,age       ] GC(25) - age   4:      21072 bytes,     643920 total
[2022-09-04T02:34:33.826+0000][1][gc,age       ] GC(25) - age   5:      86064 bytes,     729984 total
[2022-09-04T02:34:33.828+0000][1][gc,age       ] GC(25) - age   6:       7096 bytes,     737080 total
[2022-09-04T02:34:33.831+0000][1][gc,heap      ] GC(25) ParNew: 141130K->911K(157248K)
[2022-09-04T02:34:33.832+0000][1][gc,heap      ] GC(25) CMS: 66366K->66438K(349568K)
[2022-09-04T02:34:33.833+0000][1][gc,metaspace ] GC(25) Metaspace: 83553K->83553K(1126400K)
[2022-09-04T02:34:33.835+0000][1][gc           ] GC(25) Pause Young (Allocation Failure) 202M->65M(494M) 87.792ms
[2022-09-04T02:34:33.836+0000][1][gc,cpu       ] GC(25) User=0.12s Sys=0.05s Real=0.09s
[2022-09-04T02:34:33.838+0000][1][safepoint    ] Safepoint "GenCollectForAllocation", Time since last: 238030792 ns, Reaching safepoint: 3280167 ns, At safepoint: 91983166 ns, Total: 95263333 ns
[2022-09-04T02:34:34.841+0000][1][safepoint    ] Safepoint "Cleanup", Time since last: 1001318168 ns, Reaching safepoint: 1498666 ns, At safepoint: 69792 ns, Total: 1568458 ns
[2022-09-04T02:34:35.847+0000][1][safepoint    ] Safepoint "Cleanup", Time since last: 1005323124 ns, Reaching safepoint: 1276042 ns, At safepoint: 40000 ns, Total: 1316042 ns
[2022-09-04T02:34:36.853+0000][1][safepoint    ] Safepoint "Cleanup", Time since last: 1002877209 ns, Reaching safepoint: 3304250 ns, At safepoint: 143708 ns, Total: 3447958 ns
[2022-09-04T02:34:37.861+0000][1][safepoint    ] Safepoint "Cleanup", Time since last: 1004272542 ns, Reaching safepoint: 3400125 ns, At safepoint: 95875 ns, Total: 3496000 ns
[2022-09-04T02:34:38.870+0000][1][safepoint    ] Safepoint "Cleanup", Time since last: 1005596918 ns, Reaching safepoint: 3372791 ns, At safepoint: 109709 ns, Total: 3482500 ns
[2022-09-04T02:34:40.127+0000][1][safepoint    ] Safepoint "Cleanup", Time since last: 1255690917 ns, Reaching safepoint: 854916 ns, At safepoint: 25542 ns, Total: 880458 ns
[2022-09-04T02:34:41.129+0000][1][safepoint    ] Safepoint "Cleanup", Time since last: 1001267084 ns, Reaching safepoint: 815583 ns, At safepoint: 22625 ns, Total: 838208 ns
[2022-09-04T02:34:42.131+0000][1][safepoint    ] Safepoint "Cleanup", Time since last: 1001837292 ns, Reaching safepoint: 748417 ns, At safepoint: 26500 ns, Total: 774917 ns
[2022-09-04T02:34:43.135+0000][1][safepoint    ] Safepoint "Cleanup", Time since last: 1002379167 ns, Reaching safepoint: 958042 ns, At safepoint: 26542 ns, Total: 984584 ns
[2022-09-04T02:34:44.141+0000][1][safepoint    ] Safepoint "Cleanup", Time since last: 1005259083 ns, Reaching safepoint: 881625 ns, At safepoint: 24250 ns, Total: 905875 ns
[2022-09-04T02:34:45.144+0000][1][safepoint    ] Safepoint "Cleanup", Time since last: 1001569459 ns, Reaching safepoint: 1022459 ns, At safepoint: 28666 ns, Total: 1051125 ns
[2022-09-04T02:34:46.148+0000][1][safepoint    ] Safepoint "Cleanup", Time since last: 1003441334 ns, Reaching safepoint: 1041833 ns, At safepoint: 30084 ns, Total: 1071917 ns
[2022-09-04T02:34:47.153+0000][1][safepoint    ] Safepoint "Cleanup", Time since last: 1002072375 ns, Reaching safepoint: 2295042 ns, At safepoint: 120041 ns, Total: 2415083 ns
[2022-09-04T02:34:48.160+0000][1][safepoint    ] Safepoint "Cleanup", Time since last: 1006334043 ns, Reaching safepoint: 987291 ns, At safepoint: 26542 ns, Total: 1013833 ns
[2022-09-04T02:34:49.163+0000][1][safepoint    ] Safepoint "Cleanup", Time since last: 1002111542 ns, Reaching safepoint: 965375 ns, At safepoint: 29667 ns, Total: 995042 ns
[2022-09-04T02:34:50.166+0000][1][safepoint    ] Safepoint "Cleanup", Time since last: 1001874792 ns, Reaching safepoint: 1143958 ns, At safepoint: 30625 ns, Total: 1174583 ns
[2022-09-04T02:34:51.170+0000][1][safepoint    ] Safepoint "Cleanup", Time since last: 1001904251 ns, Reaching safepoint: 2208958 ns, At safepoint: 86917 ns, Total: 2295875 ns
[2022-09-04T02:34:52.175+0000][1][safepoint    ] Safepoint "Cleanup", Time since last: 1003607542 ns, Reaching safepoint: 808083 ns, At safepoint: 25334 ns, Total: 833417 ns
[2022-09-04T02:34:53.180+0000][1][safepoint    ] Safepoint "Cleanup", Time since last: 1002531167 ns, Reaching safepoint: 2679041 ns, At safepoint: 79167 ns, Total: 2758208 ns
[2022-09-04T02:34:54.189+0000][1][safepoint    ] Safepoint "Cleanup", Time since last: 1007334709 ns, Reaching safepoint: 1808208 ns, At safepoint: 59958 ns, Total: 1868166 ns
[2022-09-04T02:34:55.196+0000][1][safepoint    ] Safepoint "Cleanup", Time since last: 1004541293 ns, Reaching safepoint: 2535333 ns, At safepoint: 68167 ns, Total: 2603500 ns
[2022-09-04T02:34:56.205+0000][1][safepoint    ] Safepoint "Cleanup", Time since last: 1005808292 ns, Reaching safepoint: 2668541 ns, At safepoint: 83334 ns, Total: 2751875 ns
[2022-09-04T02:34:57.213+0000][1][safepoint    ] Safepoint "Cleanup", Time since last: 1004460667 ns, Reaching safepoint: 2992667 ns, At safepoint: 82666 ns, Total: 3075333 ns
[2022-09-04T02:34:58.220+0000][1][safepoint    ] Safepoint "Cleanup", Time since last: 1005859459 ns, Reaching safepoint: 1226250 ns, At safepoint: 34333 ns, Total: 1260583 ns
[2022-09-04T02:34:59.225+0000][1][safepoint    ] Safepoint "Cleanup", Time since last: 1002706959 ns, Reaching safepoint: 2536625 ns, At safepoint: 73250 ns, Total: 2609875 ns
[2022-09-04T02:35:00.230+0000][1][safepoint    ] Safepoint "Cleanup", Time since last: 1003838417 ns, Reaching safepoint: 1412167 ns, At safepoint: 51708 ns, Total: 1463875 ns
[2022-09-04T02:35:01.235+0000][1][safepoint    ] Safepoint "Cleanup", Time since last: 1004122126 ns, Reaching safepoint: 833042 ns, At safepoint: 26916 ns, Total: 859958 ns
[2022-09-04T02:35:02.241+0000][1][safepoint    ] Safepoint "Cleanup", Time since last: 1002487542 ns, Reaching safepoint: 2788500 ns, At safepoint: 124084 ns, Total: 2912584 ns
[2022-09-04T02:35:03.248+0000][1][safepoint    ] Safepoint "Cleanup", Time since last: 1005408125 ns, Reaching safepoint: 1487625 ns, At safepoint: 71917 ns, Total: 1559542 ns
[2022-09-04T02:35:04.253+0000][1][safepoint    ] Safepoint "Cleanup", Time since last: 1004073125 ns, Reaching safepoint: 1365750 ns, At safepoint: 40542 ns, Total: 1406292 ns
[2022-09-04T02:35:05.259+0000][1][safepoint    ] Safepoint "Cleanup", Time since last: 1004163834 ns, Reaching safepoint: 1895000 ns, At safepoint: 51583 ns, Total: 1946583 ns
[2022-09-04T02:35:06.263+0000][1][safepoint    ] Safepoint "Cleanup", Time since last: 1003782292 ns, Reaching safepoint: 1159166 ns, At safepoint: 32500 ns, Total: 1191666 ns
[2022-09-04T02:35:07.273+0000][1][safepoint    ] Safepoint "Cleanup", Time since last: 1007668792 ns, Reaching safepoint: 2374459 ns, At safepoint: 63958 ns, Total: 2438417 ns
[2022-09-04T02:35:08.278+0000][1][safepoint    ] Safepoint "Cleanup", Time since last: 1003815001 ns, Reaching safepoint: 843708 ns, At safepoint: 24542 ns, Total: 868250 ns
[2022-09-04T02:35:09.285+0000][1][safepoint    ] Safepoint "Cleanup", Time since last: 1003008833 ns, Reaching safepoint: 3328875 ns, At safepoint: 91167 ns, Total: 3420042 ns
[2022-09-04T02:35:10.296+0000][1][safepoint    ] Safepoint "Cleanup", Time since last: 1008804292 ns, Reaching safepoint: 2905250 ns, At safepoint: 89709 ns, Total: 2994959 ns
[2022-09-04T02:35:11.302+0000][1][safepoint    ] Safepoint "Cleanup", Time since last: 1004879875 ns, Reaching safepoint: 812292 ns, At safepoint: 24500 ns, Total: 836792 ns
[2022-09-04T02:35:13.233+0000][1][safepoint    ] Safepoint "Cleanup", Time since last: 1929256792 ns, Reaching safepoint: 1192542 ns, At safepoint: 41458 ns, Total: 1234000 ns
[2022-09-04T02:35:14.239+0000][1][safepoint    ] Safepoint "Cleanup", Time since last: 1004656667 ns, Reaching safepoint: 1454459 ns, At safepoint: 97250 ns, Total: 1551709 ns
[2022-09-04T02:35:15.249+0000][1][safepoint    ] Safepoint "Cleanup", Time since last: 1008549667 ns, Reaching safepoint: 1578167 ns, At safepoint: 46708 ns, Total: 1624875 ns
[2022-09-04T02:35:16.257+0000][1][safepoint    ] Safepoint "Cleanup", Time since last: 1006876834 ns, Reaching safepoint: 784375 ns, At safepoint: 31125 ns, Total: 815500 ns
[2022-09-04T02:35:17.263+0000][1][safepoint    ] Safepoint "Cleanup", Time since last: 1002692167 ns, Reaching safepoint: 3576875 ns, At safepoint: 115375 ns, Total: 3692250 ns
[2022-09-04T02:35:18.271+0000][1][safepoint    ] Safepoint "Cleanup", Time since last: 1007685500 ns, Reaching safepoint: 817917 ns, At safepoint: 22583 ns, Total: 840500 ns
[2022-09-04T02:35:19.275+0000][1][safepoint    ] Safepoint "Cleanup", Time since last: 1002420501 ns, Reaching safepoint: 951625 ns, At safepoint: 29208 ns, Total: 980833 ns
[2022-09-04T02:35:20.281+0000][1][safepoint    ] Safepoint "Cleanup", Time since last: 1003967876 ns, Reaching safepoint: 2287250 ns, At safepoint: 79666 ns, Total: 2366916 ns
[2022-09-04T02:35:21.288+0000][1][safepoint    ] Safepoint "Cleanup", Time since last: 1005501751 ns, Reaching safepoint: 1354875 ns, At safepoint: 48958 ns, Total: 1403833 ns
[2022-09-04T02:35:22.308+0000][1][safepoint    ] Safepoint "Cleanup", Time since last: 1017972542 ns, Reaching safepoint: 1829792 ns, At safepoint: 52833 ns, Total: 1882625 ns
[2022-09-04T02:35:23.314+0000][1][safepoint    ] Safepoint "Cleanup", Time since last: 1003231542 ns, Reaching safepoint: 2367000 ns, At safepoint: 70250 ns, Total: 2437250 ns
[2022-09-04T02:35:24.321+0000][1][safepoint    ] Safepoint "Cleanup", Time since last: 1005443334 ns, Reaching safepoint: 1458042 ns, At safepoint: 39833 ns, Total: 1497875 ns
[2022-09-04T02:35:25.326+0000][1][safepoint    ] Safepoint "Cleanup", Time since last: 1003438792 ns, Reaching safepoint: 2274709 ns, At safepoint: 66000 ns, Total: 2340709 ns
[2022-09-04T02:35:26.331+0000][1][safepoint    ] Safepoint "Cleanup", Time since last: 1003972042 ns, Reaching safepoint: 834750 ns, At safepoint: 39542 ns, Total: 874292 ns
[2022-09-04T02:35:27.338+0000][1][safepoint    ] Safepoint "Cleanup", Time since last: 1003179083 ns, Reaching safepoint: 3865250 ns, At safepoint: 105584 ns, Total: 3970834 ns
[2022-09-04T02:35:28.344+0000][1][safepoint    ] Safepoint "Cleanup", Time since last: 1005048375 ns, Reaching safepoint: 799958 ns, At safepoint: 24000 ns, Total: 823958 ns
[2022-09-04T02:35:29.349+0000][1][safepoint    ] Safepoint "Cleanup", Time since last: 1002368959 ns, Reaching safepoint: 2361667 ns, At safepoint: 66583 ns, Total: 2428250 ns
[2022-09-04T02:35:30.355+0000][1][safepoint    ] Safepoint "Cleanup", Time since last: 1004848876 ns, Reaching safepoint: 942958 ns, At safepoint: 29375 ns, Total: 972333 ns
[2022-09-04T02:35:31.359+0000][1][safepoint    ] Safepoint "Cleanup", Time since last: 1003826292 ns, Reaching safepoint: 782167 ns, At safepoint: 23625 ns, Total: 805792 ns
[2022-09-04T02:35:32.363+0000][1][safepoint    ] Safepoint "Cleanup", Time since last: 1001901500 ns, Reaching safepoint: 1530375 ns, At safepoint: 44292 ns, Total: 1574667 ns
[2022-09-04T02:35:33.368+0000][1][safepoint    ] Safepoint "Cleanup", Time since last: 1002600501 ns, Reaching safepoint: 2602291 ns, At safepoint: 84042 ns, Total: 2686333 ns
[2022-09-04T02:35:34.377+0000][1][safepoint    ] Safepoint "Cleanup", Time since last: 1007195542 ns, Reaching safepoint: 1396042 ns, At safepoint: 37166 ns, Total: 1433208 ns
[2022-09-04T02:35:35.382+0000][1][safepoint    ] Safepoint "Cleanup", Time since last: 1003658917 ns, Reaching safepoint: 1486000 ns, At safepoint: 60791 ns, Total: 1546791 ns
[2022-09-04T02:35:36.386+0000][1][safepoint    ] Safepoint "Cleanup", Time since last: 1003154376 ns, Reaching safepoint: 759916 ns, At safepoint: 22917 ns, Total: 782833 ns
[2022-09-04T02:35:37.392+0000][1][safepoint    ] Safepoint "Cleanup", Time since last: 1002600792 ns, Reaching safepoint: 3232708 ns, At safepoint: 108959 ns, Total: 3341667 ns
[2022-09-04T02:35:38.397+0000][1][safepoint    ] Safepoint "Cleanup", Time since last: 1004673042 ns, Reaching safepoint: 806667 ns, At safepoint: 23041 ns, Total: 829708 ns
[2022-09-04T02:35:39.402+0000][1][safepoint    ] Safepoint "Cleanup", Time since last: 1001582251 ns, Reaching safepoint: 3154125 ns, At safepoint: 122375 ns, Total: 3276500 ns
[2022-09-04T02:35:40.410+0000][1][safepoint    ] Safepoint "Cleanup", Time since last: 1005430625 ns, Reaching safepoint: 2385709 ns, At safepoint: 172666 ns, Total: 2558375 ns
[2022-09-04T02:35:41.751+0000][1][safepoint    ] Safepoint "Cleanup", Time since last: 1339050626 ns, Reaching safepoint: 1172583 ns, At safepoint: 33334 ns, Total: 1205917 ns
[2022-09-04T02:35:42.758+0000][1][safepoint    ] Safepoint "Cleanup", Time since last: 1005379125 ns, Reaching safepoint: 2071167 ns, At safepoint: 54958 ns, Total: 2126125 ns
[2022-09-04T02:35:43.765+0000][1][safepoint    ] Safepoint "Cleanup", Time since last: 1003342417 ns, Reaching safepoint: 3440792 ns, At safepoint: 92083 ns, Total: 3532875 ns
[2022-09-04T02:35:44.774+0000][1][safepoint    ] Safepoint "Cleanup", Time since last: 1008000334 ns, Reaching safepoint: 810708 ns, At safepoint: 23959 ns, Total: 834667 ns
[2022-09-04T02:35:45.779+0000][1][safepoint    ] Safepoint "Cleanup", Time since last: 1002278792 ns, Reaching safepoint: 2762916 ns, At safepoint: 107667 ns, Total: 2870583 ns
[2022-09-04T02:35:46.784+0000][1][safepoint    ] Safepoint "Cleanup", Time since last: 1003877876 ns, Reaching safepoint: 1253208 ns, At safepoint: 37708 ns, Total: 1290916 ns
[2022-09-04T02:35:47.791+0000][1][safepoint    ] Safepoint "Cleanup", Time since last: 1003139376 ns, Reaching safepoint: 3499125 ns, At safepoint: 101875 ns, Total: 3601000 ns
[2022-09-04T02:35:48.798+0000][1][safepoint    ] Safepoint "Cleanup", Time since last: 1006586959 ns, Reaching safepoint: 822000 ns, At safepoint: 29166 ns, Total: 851166 ns
[2022-09-04T02:35:49.802+0000][1][safepoint    ] Safepoint "Cleanup", Time since last: 1001570209 ns, Reaching safepoint: 1727458 ns, At safepoint: 125334 ns, Total: 1852792 ns
[2022-09-04T02:35:50.808+0000][1][safepoint    ] Safepoint "Cleanup", Time since last: 1005000417 ns, Reaching safepoint: 1387500 ns, At safepoint: 38125 ns, Total: 1425625 ns
[2022-09-04T02:35:51.813+0000][1][safepoint    ] Safepoint "Cleanup", Time since last: 1003426875 ns, Reaching safepoint: 1473959 ns, At safepoint: 37208 ns, Total: 1511167 ns
[2022-09-04T02:35:52.821+0000][1][safepoint    ] Safepoint "Cleanup", Time since last: 1002449376 ns, Reaching safepoint: 4865291 ns, At safepoint: 201084 ns, Total: 5066375 ns
[2022-09-04T02:35:53.826+0000][1][safepoint    ] Safepoint "Cleanup", Time since last: 1003570375 ns, Reaching safepoint: 1743958 ns, At safepoint: 48084 ns, Total: 1792042 ns
[2022-09-04T02:35:54.829+0000][1][safepoint    ] Safepoint "Cleanup", Time since last: 1002306000 ns, Reaching safepoint: 913125 ns, At safepoint: 28792 ns, Total: 941917 ns
[2022-09-04T02:35:55.836+0000][1][safepoint    ] Safepoint "Cleanup", Time since last: 1004605334 ns, Reaching safepoint: 1718333 ns, At safepoint: 55625 ns, Total: 1773958 ns
[2022-09-04T02:35:56.843+0000][1][safepoint    ] Safepoint "Cleanup", Time since last: 1006208542 ns, Reaching safepoint: 1340417 ns, At safepoint: 38041 ns, Total: 1378458 ns
[2022-09-04T02:35:57.850+0000][1][safepoint    ] Safepoint "Cleanup", Time since last: 1005218084 ns, Reaching safepoint: 1673584 ns, At safepoint: 50083 ns, Total: 1723667 ns
[2022-09-04T02:35:58.858+0000][1][safepoint    ] Safepoint "Cleanup", Time since last: 1006698542 ns, Reaching safepoint: 1403250 ns, At safepoint: 43833 ns, Total: 1447083 ns
[2022-09-04T02:35:59.864+0000][1][safepoint    ] Safepoint "Cleanup", Time since last: 1005135501 ns, Reaching safepoint: 944917 ns, At safepoint: 27708 ns, Total: 972625 ns
[2022-09-04T02:36:00.869+0000][1][safepoint    ] Safepoint "Cleanup", Time since last: 1002392834 ns, Reaching safepoint: 1696166 ns, At safepoint: 50542 ns, Total: 1746708 ns
[2022-09-04T02:36:01.875+0000][1][safepoint    ] Safepoint "Cleanup", Time since last: 1003422167 ns, Reaching safepoint: 3340667 ns, At safepoint: 107625 ns, Total: 3448292 ns
[2022-09-04T02:36:02.883+0000][1][safepoint    ] Safepoint "Cleanup", Time since last: 1004656167 ns, Reaching safepoint: 2777667 ns, At safepoint: 74083 ns, Total: 2851750 ns
[2022-09-04T02:36:03.890+0000][1][safepoint    ] Safepoint "Cleanup", Time since last: 1004670292 ns, Reaching safepoint: 1928625 ns, At safepoint: 52250 ns, Total: 1980875 ns
[2022-09-04T02:36:04.895+0000][1][safepoint    ] Safepoint "Cleanup", Time since last: 1004465459 ns, Reaching safepoint: 1358958 ns, At safepoint: 32209 ns, Total: 1391167 ns
[2022-09-04T02:36:05.900+0000][1][safepoint    ] Safepoint "Cleanup", Time since last: 1002949291 ns, Reaching safepoint: 2290583 ns, At safepoint: 105125 ns, Total: 2395708 ns
[2022-09-04T02:36:06.906+0000][1][safepoint    ] Safepoint "Cleanup", Time since last: 1003455251 ns, Reaching safepoint: 2641208 ns, At safepoint: 60792 ns, Total: 2702000 ns
[2022-09-04T02:36:07.914+0000][1][safepoint    ] Safepoint "Cleanup", Time since last: 1004497167 ns, Reaching safepoint: 3052083 ns, At safepoint: 75125 ns, Total: 3127208 ns
[2022-09-04T02:36:08.921+0000][1][safepoint    ] Safepoint "Cleanup", Time since last: 1004077418 ns, Reaching safepoint: 2848625 ns, At safepoint: 81666 ns, Total: 2930291 ns
[2022-09-04T02:36:09.929+0000][1][safepoint    ] Safepoint "Cleanup", Time since last: 1004685542 ns, Reaching safepoint: 3203375 ns, At safepoint: 127209 ns, Total: 3330584 ns
[2022-09-04T02:36:11.772+0000][1][safepoint    ] Safepoint "Cleanup", Time since last: 1840402792 ns, Reaching safepoint: 2183292 ns, At safepoint: 65583 ns, Total: 2248875 ns
[2022-09-04T02:36:12.783+0000][1][safepoint    ] Safepoint "Cleanup", Time since last: 1008628459 ns, Reaching safepoint: 2233333 ns, At safepoint: 66167 ns, Total: 2299500 ns
[2022-09-04T02:36:13.790+0000][1][safepoint    ] Safepoint "Cleanup", Time since last: 1005260084 ns, Reaching safepoint: 1913417 ns, At safepoint: 58166 ns, Total: 1971583 ns
[2022-09-04T02:36:14.794+0000][1][safepoint    ] Safepoint "Cleanup", Time since last: 1002972751 ns, Reaching safepoint: 800291 ns, At safepoint: 25792 ns, Total: 826083 ns
[2022-09-04T02:36:15.802+0000][1][safepoint    ] Safepoint "Cleanup", Time since last: 1004372334 ns, Reaching safepoint: 3530541 ns, At safepoint: 113042 ns, Total: 3643583 ns
[2022-09-04T02:36:16.809+0000][1][safepoint    ] Safepoint "Cleanup", Time since last: 1006239292 ns, Reaching safepoint: 992625 ns, At safepoint: 27125 ns, Total: 1019750 ns
[2022-09-04T02:36:17.815+0000][1][safepoint    ] Safepoint "Cleanup", Time since last: 1003386626 ns, Reaching safepoint: 2466916 ns, At safepoint: 69459 ns, Total: 2536375 ns
[2022-09-04T02:36:18.820+0000][1][safepoint    ] Safepoint "Cleanup", Time since last: 1004127792 ns, Reaching safepoint: 820167 ns, At safepoint: 24250 ns, Total: 844417 ns
[2022-09-04T02:36:19.822+0000][1][safepoint    ] Safepoint "Cleanup", Time since last: 1001640833 ns, Reaching safepoint: 895709 ns, At safepoint: 27041 ns, Total: 922750 ns
[2022-09-04T02:36:20.827+0000][1][safepoint    ] Safepoint "Cleanup", Time since last: 1003139876 ns, Reaching safepoint: 1287708 ns, At safepoint: 38625 ns, Total: 1326333 ns
[2022-09-04T02:36:21.836+0000][1][safepoint    ] Safepoint "Cleanup", Time since last: 1007503417 ns, Reaching safepoint: 1476000 ns, At safepoint: 43375 ns, Total: 1519375 ns
[2022-09-04T02:36:22.844+0000][1][safepoint    ] Safepoint "Cleanup", Time since last: 1004179834 ns, Reaching safepoint: 3585167 ns, At safepoint: 116500 ns, Total: 3701667 ns
[2022-09-04T02:36:23.852+0000][1][safepoint    ] Safepoint "Cleanup", Time since last: 1005477334 ns, Reaching safepoint: 2435791 ns, At safepoint: 76500 ns, Total: 2512291 ns
[2022-09-04T02:36:24.862+0000][1][safepoint    ] Safepoint "Cleanup", Time since last: 1008891917 ns, Reaching safepoint: 1221459 ns, At safepoint: 34125 ns, Total: 1255584 ns
[2022-09-04T02:36:25.867+0000][1][safepoint    ] Safepoint "Cleanup", Time since last: 1003008084 ns, Reaching safepoint: 2174708 ns, At safepoint: 67083 ns, Total: 2241791 ns
[2022-09-04T02:36:26.873+0000][1][safepoint    ] Safepoint "Cleanup", Time since last: 1004773292 ns, Reaching safepoint: 1196709 ns, At safepoint: 33375 ns, Total: 1230084 ns
[2022-09-04T02:36:27.877+0000][1][safepoint    ] Safepoint "Cleanup", Time since last: 1002518667 ns, Reaching safepoint: 1248583 ns, At safepoint: 46334 ns, Total: 1294917 ns
[2022-09-04T02:36:28.881+0000][1][safepoint    ] Safepoint "Cleanup", Time since last: 1002966417 ns, Reaching safepoint: 840291 ns, At safepoint: 23792 ns, Total: 864083 ns
[2022-09-04T02:36:29.886+0000][1][safepoint    ] Safepoint "Cleanup", Time since last: 1003959876 ns, Reaching safepoint: 869708 ns, At safepoint: 22292 ns, Total: 892000 ns
[2022-09-04T02:36:30.889+0000][1][safepoint    ] Safepoint "Cleanup", Time since last: 1002722542 ns, Reaching safepoint: 1134833 ns, At safepoint: 32042 ns, Total: 1166875 ns
[2022-09-04T02:36:31.893+0000][1][safepoint    ] Safepoint "Cleanup", Time since last: 1002526625 ns, Reaching safepoint: 964458 ns, At safepoint: 25375 ns, Total: 989833 ns
[2022-09-04T02:36:32.900+0000][1][safepoint    ] Safepoint "Cleanup", Time since last: 1003349168 ns, Reaching safepoint: 3625916 ns, At safepoint: 102500 ns, Total: 3728416 ns
[2022-09-04T02:36:33.911+0000][1][safepoint    ] Safepoint "Cleanup", Time since last: 1007751209 ns, Reaching safepoint: 3500792 ns, At safepoint: 92791 ns, Total: 3593583 ns
[2022-09-04T02:36:34.918+0000][1][safepoint    ] Safepoint "Cleanup", Time since last: 1005623793 ns, Reaching safepoint: 1150166 ns, At safepoint: 31084 ns, Total: 1181250 ns
[2022-09-04T02:36:35.922+0000][1][safepoint    ] Safepoint "Cleanup", Time since last: 1002334041 ns, Reaching safepoint: 1815625 ns, At safepoint: 52334 ns, Total: 1867959 ns
[2022-09-04T02:36:36.931+0000][1][safepoint    ] Safepoint "Cleanup", Time since last: 1005559125 ns, Reaching safepoint: 2528750 ns, At safepoint: 75459 ns, Total: 2604209 ns
[2022-09-04T02:36:37.939+0000][1][safepoint    ] Safepoint "Cleanup", Time since last: 1003929833 ns, Reaching safepoint: 3915875 ns, At safepoint: 99167 ns, Total: 4015042 ns
[2022-09-04T02:36:38.945+0000][1][safepoint    ] Safepoint "Cleanup", Time since last: 1005653917 ns, Reaching safepoint: 821875 ns, At safepoint: 26875 ns, Total: 848750 ns
[2022-09-04T02:36:39.948+0000][1][safepoint    ] Safepoint "Cleanup", Time since last: 1001844917 ns, Reaching safepoint: 1614625 ns, At safepoint: 38500 ns, Total: 1653125 ns
[2022-09-04T02:36:40.953+0000][1][safepoint    ] Safepoint "Cleanup", Time since last: 1003047793 ns, Reaching safepoint: 1256250 ns, At safepoint: 49208 ns, Total: 1305458 ns
[2022-09-04T02:36:41.958+0000][1][safepoint    ] Safepoint "Cleanup", Time since last: 1003969250 ns, Reaching safepoint: 1018542 ns, At safepoint: 27917 ns, Total: 1046459 ns
[2022-09-04T02:36:43.151+0000][1][safepoint    ] Safepoint "Cleanup", Time since last: 1192305709 ns, Reaching safepoint: 1034833 ns, At safepoint: 39292 ns, Total: 1074125 ns
[2022-09-04T02:36:44.155+0000][1][safepoint    ] Safepoint "Cleanup", Time since last: 1003187917 ns, Reaching safepoint: 790708 ns, At safepoint: 22708 ns, Total: 813416 ns
[2022-09-04T02:36:45.159+0000][1][safepoint    ] Safepoint "Cleanup", Time since last: 1003271834 ns, Reaching safepoint: 755959 ns, At safepoint: 31500 ns, Total: 787459 ns
[2022-09-04T02:36:46.161+0000][1][safepoint    ] Safepoint "Cleanup", Time since last: 1001431083 ns, Reaching safepoint: 748875 ns, At safepoint: 25084 ns, Total: 773959 ns
[2022-09-04T02:36:47.165+0000][1][safepoint    ] Safepoint "Cleanup", Time since last: 1002310958 ns, Reaching safepoint: 1445209 ns, At safepoint: 40416 ns, Total: 1485625 ns
[2022-09-04T02:36:48.171+0000][1][safepoint    ] Safepoint "Cleanup", Time since last: 1003444959 ns, Reaching safepoint: 2360875 ns, At safepoint: 71292 ns, Total: 2432167 ns
[2022-09-04T02:36:49.177+0000][1][safepoint    ] Safepoint "Cleanup", Time since last: 1004976875 ns, Reaching safepoint: 871334 ns, At safepoint: 24416 ns, Total: 895750 ns
[2022-09-04T02:36:50.184+0000][1][safepoint    ] Safepoint "Cleanup", Time since last: 1003903876 ns, Reaching safepoint: 3096708 ns, At safepoint: 191417 ns, Total: 3288125 ns
[2022-09-04T02:36:51.190+0000][1][safepoint    ] Safepoint "Cleanup", Time since last: 1004455459 ns, Reaching safepoint: 842666 ns, At safepoint: 22042 ns, Total: 864708 ns
[2022-09-04T02:36:52.195+0000][1][safepoint    ] Safepoint "Cleanup", Time since last: 1002829626 ns, Reaching safepoint: 2381875 ns, At safepoint: 71291 ns, Total: 2453166 ns
[2022-09-04T02:36:53.201+0000][1][safepoint    ] Safepoint "Cleanup", Time since last: 1004845126 ns, Reaching safepoint: 1096541 ns, At safepoint: 30084 ns, Total: 1126625 ns
[2022-09-04T02:36:54.205+0000][1][safepoint    ] Safepoint "Cleanup", Time since last: 1003393958 ns, Reaching safepoint: 945750 ns, At safepoint: 26792 ns, Total: 972542 ns
[2022-09-04T02:36:55.208+0000][1][safepoint    ] Safepoint "Cleanup", Time since last: 1002064001 ns, Reaching safepoint: 962875 ns, At safepoint: 24583 ns, Total: 987458 ns
[2022-09-04T02:36:56.211+0000][1][safepoint    ] Safepoint "Cleanup", Time since last: 1001612042 ns, Reaching safepoint: 941792 ns, At safepoint: 23000 ns, Total: 964792 ns
[2022-09-04T02:36:57.215+0000][1][safepoint    ] Safepoint "Cleanup", Time since last: 1001737417 ns, Reaching safepoint: 2755667 ns, At safepoint: 91041 ns, Total: 2846708 ns
[2022-09-04T02:36:58.224+0000][1][safepoint    ] Safepoint "Cleanup", Time since last: 1004951001 ns, Reaching safepoint: 3767291 ns, At safepoint: 99875 ns, Total: 3867166 ns
[2022-09-04T02:36:59.230+0000][1][safepoint    ] Safepoint "Cleanup", Time since last: 1004534584 ns, Reaching safepoint: 958709 ns, At safepoint: 25208 ns, Total: 983917 ns
[2022-09-04T02:37:00.233+0000][1][safepoint    ] Safepoint "Cleanup", Time since last: 1002085250 ns, Reaching safepoint: 1380042 ns, At safepoint: 62458 ns, Total: 1442500 ns
[2022-09-04T02:37:01.238+0000][1][safepoint    ] Safepoint "Cleanup", Time since last: 1003242293 ns, Reaching safepoint: 1148625 ns, At safepoint: 34458 ns, Total: 1183083 ns
[2022-09-04T02:37:02.244+0000][1][safepoint    ] Safepoint "Cleanup", Time since last: 1003621000 ns, Reaching safepoint: 2189500 ns, At safepoint: 66084 ns, Total: 2255584 ns
[2022-09-04T02:37:03.251+0000][1][safepoint    ] Safepoint "Cleanup", Time since last: 1005817500 ns, Reaching safepoint: 1598000 ns, At safepoint: 45667 ns, Total: 1643667 ns
[2022-09-04T02:37:04.257+0000][1][safepoint    ] Safepoint "Cleanup", Time since last: 1003797584 ns, Reaching safepoint: 2572375 ns, At safepoint: 75000 ns, Total: 2647375 ns
[2022-09-04T02:37:05.265+0000][1][safepoint    ] Safepoint "Cleanup", Time since last: 1005794708 ns, Reaching safepoint: 1624209 ns, At safepoint: 43750 ns, Total: 1667959 ns
[2022-09-04T02:37:06.272+0000][1][safepoint    ] Safepoint "Cleanup", Time since last: 1006689125 ns, Reaching safepoint: 916625 ns, At safepoint: 36041 ns, Total: 952666 ns
[2022-09-04T02:37:07.276+0000][1][safepoint    ] Safepoint "Cleanup", Time since last: 1002969376 ns, Reaching safepoint: 755041 ns, At safepoint: 23084 ns, Total: 778125 ns
[2022-09-04T02:37:08.278+0000][1][safepoint    ] Safepoint "Cleanup", Time since last: 1001767292 ns, Reaching safepoint: 740458 ns, At safepoint: 24000 ns, Total: 764458 ns
[2022-09-04T02:37:09.282+0000][1][safepoint    ] Safepoint "Cleanup", Time since last: 1002839626 ns, Reaching safepoint: 990416 ns, At safepoint: 30250 ns, Total: 1020666 ns
[2022-09-04T02:37:10.287+0000][1][safepoint    ] Safepoint "Cleanup", Time since last: 1002244168 ns, Reaching safepoint: 2553833 ns, At safepoint: 79125 ns, Total: 2632958 ns
[2022-09-04T02:37:11.821+0000][1][safepoint    ] Safepoint "Cleanup", Time since last: 1532753126 ns, Reaching safepoint: 1335625 ns, At safepoint: 39541 ns, Total: 1375166 ns
[2022-09-04T02:37:12.826+0000][1][safepoint    ] Safepoint "Cleanup", Time since last: 1003751584 ns, Reaching safepoint: 1321625 ns, At safepoint: 38333 ns, Total: 1359958 ns
[2022-09-04T02:37:13.833+0000][1][safepoint    ] Safepoint "Cleanup", Time since last: 1003918459 ns, Reaching safepoint: 3104750 ns, At safepoint: 109125 ns, Total: 3213875 ns
[2022-09-04T02:37:14.839+0000][1][safepoint    ] Safepoint "Cleanup", Time since last: 1004361959 ns, Reaching safepoint: 885500 ns, At safepoint: 28958 ns, Total: 914458 ns
[2022-09-04T02:37:15.844+0000][1][safepoint    ] Safepoint "Cleanup", Time since last: 1001931834 ns, Reaching safepoint: 3154459 ns, At safepoint: 91166 ns, Total: 3245625 ns
[2022-09-04T02:37:16.851+0000][1][safepoint    ] Safepoint "Cleanup", Time since last: 1005184251 ns, Reaching safepoint: 2181791 ns, At safepoint: 62584 ns, Total: 2244375 ns
[2022-09-04T02:37:17.858+0000][1][safepoint    ] Safepoint "Cleanup", Time since last: 1004382458 ns, Reaching safepoint: 1723209 ns, At safepoint: 58166 ns, Total: 1781375 ns
[2022-09-04T02:37:18.864+0000][1][safepoint    ] Safepoint "Cleanup", Time since last: 1003364709 ns, Reaching safepoint: 3343875 ns, At safepoint: 109125 ns, Total: 3453000 ns
[2022-09-04T02:37:19.871+0000][1][safepoint    ] Safepoint "Cleanup", Time since last: 1004991626 ns, Reaching safepoint: 1612625 ns, At safepoint: 42958 ns, Total: 1655583 ns
[2022-09-04T02:37:20.877+0000][1][safepoint    ] Safepoint "Cleanup", Time since last: 1002656959 ns, Reaching safepoint: 2761208 ns, At safepoint: 78959 ns, Total: 2840167 ns
[2022-09-04T02:37:21.885+0000][1][safepoint    ] Safepoint "Cleanup", Time since last: 1004445833 ns, Reaching safepoint: 3494250 ns, At safepoint: 76209 ns, Total: 3570459 ns
[2022-09-04T02:37:22.893+0000][1][safepoint    ] Safepoint "Cleanup", Time since last: 1004670125 ns, Reaching safepoint: 3647417 ns, At safepoint: 94667 ns, Total: 3742084 ns
[2022-09-04T02:37:23.901+0000][1][safepoint    ] Safepoint "Cleanup", Time since last: 1005170000 ns, Reaching safepoint: 3187000 ns, At safepoint: 99667 ns, Total: 3286667 ns
[2022-09-04T02:37:24.906+0000][1][safepoint    ] Safepoint "Cleanup", Time since last: 1003825208 ns, Reaching safepoint: 1103625 ns, At safepoint: 47250 ns, Total: 1150875 ns
[2022-09-04T02:37:25.913+0000][1][safepoint    ] Safepoint "Cleanup", Time since last: 1002523918 ns, Reaching safepoint: 4040125 ns, At safepoint: 111958 ns, Total: 4152083 ns
[2022-09-04T02:37:26.923+0000][1][safepoint    ] Safepoint "Cleanup", Time since last: 1005525959 ns, Reaching safepoint: 4009916 ns, At safepoint: 151542 ns, Total: 4161458 ns
[2022-09-04T02:37:27.931+0000][1][safepoint    ] Safepoint "Cleanup", Time since last: 1005066376 ns, Reaching safepoint: 2648500 ns, At safepoint: 104125 ns, Total: 2752625 ns
[2022-09-04T02:37:28.939+0000][1][safepoint    ] Safepoint "Cleanup", Time since last: 1004752708 ns, Reaching safepoint: 3890334 ns, At safepoint: 99625 ns, Total: 3989959 ns
[2022-09-04T02:37:29.946+0000][1][safepoint    ] Safepoint "Cleanup", Time since last: 1006365209 ns, Reaching safepoint: 728041 ns, At safepoint: 25250 ns, Total: 753291 ns
[2022-09-04T02:37:30.951+0000][1][safepoint    ] Safepoint "Cleanup", Time since last: 1001894042 ns, Reaching safepoint: 2497417 ns, At safepoint: 72417 ns, Total: 2569834 ns
[2022-09-04T02:37:31.957+0000][1][safepoint    ] Safepoint "Cleanup", Time since last: 1004113459 ns, Reaching safepoint: 1817625 ns, At safepoint: 153833 ns, Total: 1971458 ns
[2022-09-04T02:37:32.966+0000][1][safepoint    ] Safepoint "Cleanup", Time since last: 1006081334 ns, Reaching safepoint: 2931791 ns, At safepoint: 90875 ns, Total: 3022666 ns
[2022-09-04T02:37:33.975+0000][1][safepoint    ] Safepoint "Cleanup", Time since last: 1005752792 ns, Reaching safepoint: 3165334 ns, At safepoint: 100583 ns, Total: 3265917 ns
[2022-09-04T02:37:34.983+0000][1][safepoint    ] Safepoint "Cleanup", Time since last: 1007135376 ns, Reaching safepoint: 1107958 ns, At safepoint: 35958 ns, Total: 1143916 ns
[2022-09-04T02:37:35.989+0000][1][safepoint    ] Safepoint "Cleanup", Time since last: 1002431167 ns, Reaching safepoint: 3358583 ns, At safepoint: 108292 ns, Total: 3466875 ns
[2022-09-04T02:37:36.999+0000][1][safepoint    ] Safepoint "Cleanup", Time since last: 1007889292 ns, Reaching safepoint: 1710500 ns, At safepoint: 70292 ns, Total: 1780792 ns
[2022-09-04T02:37:38.021+0000][1][safepoint    ] Safepoint "Cleanup", Time since last: 1019875000 ns, Reaching safepoint: 2266000 ns, At safepoint: 122833 ns, Total: 2388833 ns
[2022-09-04T02:37:39.027+0000][1][safepoint    ] Safepoint "Cleanup", Time since last: 1003428084 ns, Reaching safepoint: 2506459 ns, At safepoint: 66708 ns, Total: 2573167 ns
[2022-09-04T02:37:40.031+0000][1][safepoint    ] Safepoint "Cleanup", Time since last: 1003633667 ns, Reaching safepoint: 721583 ns, At safepoint: 22334 ns, Total: 743917 ns
[2022-09-04T02:37:41.035+0000][1][safepoint    ] Safepoint "Cleanup", Time since last: 1001979959 ns, Reaching safepoint: 1438583 ns, At safepoint: 59208 ns, Total: 1497791 ns
[2022-09-04T02:37:42.039+0000][1][safepoint    ] Safepoint "Cleanup", Time since last: 1002462959 ns, Reaching safepoint: 1342667 ns, At safepoint: 38791 ns, Total: 1381458 ns
[2022-09-04T02:37:43.044+0000][1][safepoint    ] Safepoint "Cleanup", Time since last: 1003574793 ns, Reaching safepoint: 1427583 ns, At safepoint: 42250 ns, Total: 1469833 ns
[2022-09-04T02:37:44.055+0000][1][safepoint    ] Safepoint "Cleanup", Time since last: 1009818375 ns, Reaching safepoint: 1482750 ns, At safepoint: 44292 ns, Total: 1527042 ns
[2022-09-04T02:37:45.058+0000][1][safepoint    ] Safepoint "Cleanup", Time since last: 1002013875 ns, Reaching safepoint: 1258167 ns, At safepoint: 35500 ns, Total: 1293667 ns
[2022-09-04T02:37:46.062+0000][1][safepoint    ] Safepoint "Cleanup", Time since last: 1002621209 ns, Reaching safepoint: 1368833 ns, At safepoint: 77334 ns, Total: 1446167 ns
[2022-09-04T02:37:47.068+0000][1][safepoint    ] Safepoint "Cleanup", Time since last: 1002846083 ns, Reaching safepoint: 3182125 ns, At safepoint: 126250 ns, Total: 3308375 ns
[2022-09-04T02:37:48.074+0000][1][safepoint    ] Safepoint "Cleanup", Time since last: 1004136709 ns, Reaching safepoint: 1572500 ns, At safepoint: 49000 ns, Total: 1621500 ns
[2022-09-04T02:37:49.079+0000][1][safepoint    ] Safepoint "Cleanup", Time since last: 1003558709 ns, Reaching safepoint: 1159875 ns, At safepoint: 28042 ns, Total: 1187917 ns
[2022-09-04T02:37:50.082+0000][1][safepoint    ] Safepoint "Cleanup", Time since last: 1002572792 ns, Reaching safepoint: 754000 ns, At safepoint: 22833 ns, Total: 776833 ns
[2022-09-04T02:37:51.086+0000][1][safepoint    ] Safepoint "Cleanup", Time since last: 1002224959 ns, Reaching safepoint: 991542 ns, At safepoint: 30541 ns, Total: 1022083 ns
[2022-09-04T02:37:52.088+0000][1][safepoint    ] Safepoint "Cleanup", Time since last: 1001570334 ns, Reaching safepoint: 1056333 ns, At safepoint: 33875 ns, Total: 1090208 ns
[2022-09-04T02:37:53.094+0000][1][safepoint    ] Safepoint "Cleanup", Time since last: 1004161918 ns, Reaching safepoint: 1207500 ns, At safepoint: 35083 ns, Total: 1242583 ns
[2022-09-04T02:37:54.097+0000][1][safepoint    ] Safepoint "Cleanup", Time since last: 1002312625 ns, Reaching safepoint: 1266667 ns, At safepoint: 66833 ns, Total: 1333500 ns
[2022-09-04T02:37:55.101+0000][1][safepoint    ] Safepoint "Cleanup", Time since last: 1003224543 ns, Reaching safepoint: 847333 ns, At safepoint: 24125 ns, Total: 871458 ns
[2022-09-04T02:37:56.107+0000][1][safepoint    ] Safepoint "Cleanup", Time since last: 1004385625 ns, Reaching safepoint: 846959 ns, At safepoint: 22666 ns, Total: 869625 ns
[2022-09-04T02:37:57.109+0000][1][safepoint    ] Safepoint "Cleanup", Time since last: 1001580668 ns, Reaching safepoint: 787375 ns, At safepoint: 23125 ns, Total: 810500 ns
[2022-09-04T02:37:58.113+0000][1][safepoint    ] Safepoint "Cleanup", Time since last: 1001923500 ns, Reaching safepoint: 1541833 ns, At safepoint: 42542 ns, Total: 1584375 ns
[2022-09-04T02:37:59.118+0000][1][safepoint    ] Safepoint "Cleanup", Time since last: 1003541459 ns, Reaching safepoint: 1847917 ns, At safepoint: 54000 ns, Total: 1901917 ns
[2022-09-04T02:38:00.123+0000][1][safepoint    ] Safepoint "Cleanup", Time since last: 1003835375 ns, Reaching safepoint: 814417 ns, At safepoint: 27000 ns, Total: 841417 ns
[2022-09-04T02:38:01.127+0000][1][safepoint    ] Safepoint "Cleanup", Time since last: 1002575583 ns, Reaching safepoint: 1294250 ns, At safepoint: 38959 ns, Total: 1333209 ns
[2022-09-04T02:38:02.132+0000][1][safepoint    ] Safepoint "Cleanup", Time since last: 1004161417 ns, Reaching safepoint: 1135083 ns, At safepoint: 32792 ns, Total: 1167875 ns
[2022-09-04T02:38:03.139+0000][1][safepoint    ] Safepoint "Cleanup", Time since last: 1005013667 ns, Reaching safepoint: 2333750 ns, At safepoint: 93417 ns, Total: 2427167 ns
[2022-09-04T02:38:04.150+0000][1][safepoint    ] Safepoint "Cleanup", Time since last: 1008598167 ns, Reaching safepoint: 1843083 ns, At safepoint: 51667 ns, Total: 1894750 ns
[2022-09-04T02:38:05.159+0000][1][safepoint    ] Safepoint "Cleanup", Time since last: 1008006292 ns, Reaching safepoint: 809667 ns, At safepoint: 27125 ns, Total: 836792 ns
[2022-09-04T02:38:06.165+0000][1][safepoint    ] Safepoint "Cleanup", Time since last: 1004027291 ns, Reaching safepoint: 2686042 ns, At safepoint: 71875 ns, Total: 2757917 ns
[2022-09-04T02:38:07.171+0000][1][safepoint    ] Safepoint "Cleanup", Time since last: 1004989334 ns, Reaching safepoint: 834708 ns, At safepoint: 22208 ns, Total: 856916 ns
[2022-09-04T02:38:08.174+0000][1][safepoint    ] Safepoint "Cleanup", Time since last: 1002382834 ns, Reaching safepoint: 799334 ns, At safepoint: 21708 ns, Total: 821042 ns
[2022-09-04T02:38:09.178+0000][1][safepoint    ] Safepoint "Cleanup", Time since last: 1003265542 ns, Reaching safepoint: 774458 ns, At safepoint: 21750 ns, Total: 796208 ns
[2022-09-04T02:38:10.185+0000][1][safepoint    ] Safepoint "Cleanup", Time since last: 1005414292 ns, Reaching safepoint: 1217917 ns, At safepoint: 34417 ns, Total: 1252334 ns
[2022-09-04T02:38:11.189+0000][1][safepoint    ] Safepoint "Cleanup", Time since last: 1002630459 ns, Reaching safepoint: 1255458 ns, At safepoint: 37708 ns, Total: 1293166 ns
[2022-09-04T02:38:12.192+0000][1][safepoint    ] Safepoint "Cleanup", Time since last: 1002392001 ns, Reaching safepoint: 767500 ns, At safepoint: 25041 ns, Total: 792541 ns
[2022-09-04T02:38:13.278+0000][1][safepoint    ] Safepoint "Cleanup", Time since last: 1085264043 ns, Reaching safepoint: 1091958 ns, At safepoint: 31750 ns, Total: 1123708 ns
[2022-09-04T02:38:14.284+0000][1][safepoint    ] Safepoint "Cleanup", Time since last: 1002242792 ns, Reaching safepoint: 3484208 ns, At safepoint: 94167 ns, Total: 3578375 ns
[2022-09-04T02:38:15.103+0000][1][safepoint    ] Safepoint "RevokeBias", Time since last: 817744667 ns, Reaching safepoint: 1285792 ns, At safepoint: 125666 ns, Total: 1411458 ns
[2022-09-04T02:38:15.180+0000][1][safepoint    ] Safepoint "RevokeBias", Time since last: 76084584 ns, Reaching safepoint: 579208 ns, At safepoint: 165625 ns, Total: 744833 ns
[2022-09-04T02:38:15.183+0000][1][safepoint    ] Safepoint "RevokeBias", Time since last: 1827042 ns, Reaching safepoint: 480917 ns, At safepoint: 102625 ns, Total: 583542 ns
[2022-09-04T02:38:15.184+0000][1][safepoint    ] Safepoint "RevokeBias", Time since last: 831000 ns, Reaching safepoint: 546916 ns, At safepoint: 90209 ns, Total: 637125 ns
[2022-09-04T02:38:15.227+0000][1][safepoint    ] Safepoint "RevokeBias", Time since last: 40793208 ns, Reaching safepoint: 1281542 ns, At safepoint: 934083 ns, Total: 2215625 ns
[2022-09-04T02:38:15.232+0000][1][safepoint    ] Safepoint "RevokeBias", Time since last: 2343792 ns, Reaching safepoint: 865916 ns, At safepoint: 1986125 ns, Total: 2852041 ns
[2022-09-04T02:38:15.249+0000][1][safepoint    ] Safepoint "RevokeBias", Time since last: 16252000 ns, Reaching safepoint: 627000 ns, At safepoint: 174292 ns, Total: 801292 ns
[2022-09-04T02:38:15.299+0000][1][safepoint    ] Safepoint "RevokeBias", Time since last: 48744917 ns, Reaching safepoint: 563375 ns, At safepoint: 144041 ns, Total: 707416 ns
[2022-09-04T02:38:15.304+0000][1][safepoint    ] Safepoint "RevokeBias", Time since last: 3791834 ns, Reaching safepoint: 813125 ns, At safepoint: 111750 ns, Total: 924875 ns
[2022-09-04T02:38:15.305+0000][1][safepoint    ] Safepoint "RevokeBias", Time since last: 1193250 ns, Reaching safepoint: 638250 ns, At safepoint: 75291 ns, Total: 713541 ns
[2022-09-04T02:38:15.352+0000][1][safepoint    ] Safepoint "RevokeBias", Time since last: 45136667 ns, Reaching safepoint: 1227667 ns, At safepoint: 127833 ns, Total: 1355500 ns
[2022-09-04T02:38:15.359+0000][1][safepoint    ] Safepoint "RevokeBias", Time since last: 3800458 ns, Reaching safepoint: 2755000 ns, At safepoint: 142125 ns, Total: 2897125 ns
[2022-09-04T02:38:15.361+0000][1][safepoint    ] Safepoint "RevokeBias", Time since last: 1159500 ns, Reaching safepoint: 618584 ns, At safepoint: 116416 ns, Total: 735000 ns
[2022-09-04T02:38:15.367+0000][1][safepoint    ] Safepoint "RevokeBias", Time since last: 5127125 ns, Reaching safepoint: 1175167 ns, At safepoint: 105250 ns, Total: 1280417 ns
[2022-09-04T02:38:16.106+0000][1][safepoint    ] Safepoint "RevokeBias", Time since last: 737086250 ns, Reaching safepoint: 1355375 ns, At safepoint: 172209 ns, Total: 1527584 ns
[2022-09-04T02:38:16.109+0000][1][safepoint    ] Safepoint "RevokeBias", Time since last: 2372875 ns, Reaching safepoint: 584458 ns, At safepoint: 116083 ns, Total: 700541 ns
[2022-09-04T02:38:16.114+0000][1][safepoint    ] Safepoint "RevokeBias", Time since last: 4114042 ns, Reaching safepoint: 764958 ns, At safepoint: 236125 ns, Total: 1001083 ns
[2022-09-04T02:38:16.116+0000][1][safepoint    ] Safepoint "RevokeBias", Time since last: 1519084 ns, Reaching safepoint: 1008458 ns, At safepoint: 128792 ns, Total: 1137250 ns
[2022-09-04T02:38:16.125+0000][1][safepoint    ] Safepoint "RevokeBias", Time since last: 7882666 ns, Reaching safepoint: 774000 ns, At safepoint: 216125 ns, Total: 990125 ns
[2022-09-04T02:38:17.128+0000][1][safepoint    ] Safepoint "Cleanup", Time since last: 1001262209 ns, Reaching safepoint: 1104417 ns, At safepoint: 65750 ns, Total: 1170167 ns
[2022-09-04T02:38:18.131+0000][1][safepoint    ] Safepoint "Cleanup", Time since last: 1001969750 ns, Reaching safepoint: 1214334 ns, At safepoint: 113583 ns, Total: 1327917 ns
[2022-09-04T02:38:19.134+0000][1][safepoint    ] Safepoint "Cleanup", Time since last: 1001931542 ns, Reaching safepoint: 1243167 ns, At safepoint: 44375 ns, Total: 1287542 ns
[2022-09-04T02:38:20.137+0000][1][safepoint    ] Safepoint "Cleanup", Time since last: 1002014625 ns, Reaching safepoint: 782792 ns, At safepoint: 37167 ns, Total: 819959 ns
[2022-09-04T02:38:21.141+0000][1][safepoint    ] Safepoint "Cleanup", Time since last: 1002784875 ns, Reaching safepoint: 848583 ns, At safepoint: 26709 ns, Total: 875292 ns
[2022-09-04T02:38:22.146+0000][1][safepoint    ] Safepoint "Cleanup", Time since last: 1002928792 ns, Reaching safepoint: 2267333 ns, At safepoint: 134625 ns, Total: 2401958 ns
[2022-09-04T02:38:23.153+0000][1][safepoint    ] Safepoint "Cleanup", Time since last: 1005434376 ns, Reaching safepoint: 1315166 ns, At safepoint: 37917 ns, Total: 1353083 ns
[2022-09-04T02:38:24.157+0000][1][safepoint    ] Safepoint "Cleanup", Time since last: 1002662500 ns, Reaching safepoint: 1789834 ns, At safepoint: 56833 ns, Total: 1846667 ns
[2022-09-04T02:38:25.164+0000][1][safepoint    ] Safepoint "Cleanup", Time since last: 1005692792 ns, Reaching safepoint: 1161000 ns, At safepoint: 35500 ns, Total: 1196500 ns
[2022-09-04T02:38:26.171+0000][1][safepoint    ] Safepoint "Cleanup", Time since last: 1005022459 ns, Reaching safepoint: 1361083 ns, At safepoint: 37667 ns, Total: 1398750 ns
[2022-09-04T02:38:27.176+0000][1][safepoint    ] Safepoint "Cleanup", Time since last: 1002932751 ns, Reaching safepoint: 2518958 ns, At safepoint: 83875 ns, Total: 2602833 ns
[2022-09-04T02:38:28.185+0000][1][safepoint    ] Safepoint "Cleanup", Time since last: 1005950500 ns, Reaching safepoint: 2414125 ns, At safepoint: 97375 ns, Total: 2511500 ns
[2022-09-04T02:38:29.192+0000][1][safepoint    ] Safepoint "Cleanup", Time since last: 1004670793 ns, Reaching safepoint: 2428750 ns, At safepoint: 68250 ns, Total: 2497000 ns
[2022-09-04T02:38:30.197+0000][1][safepoint    ] Safepoint "Cleanup", Time since last: 1004700958 ns, Reaching safepoint: 824417 ns, At safepoint: 24125 ns, Total: 848542 ns
[2022-09-04T02:38:31.201+0000][1][safepoint    ] Safepoint "Cleanup", Time since last: 1002518750 ns, Reaching safepoint: 1305500 ns, At safepoint: 39084 ns, Total: 1344584 ns
[2022-09-04T02:38:32.209+0000][1][safepoint    ] Safepoint "Cleanup", Time since last: 1004646459 ns, Reaching safepoint: 2904125 ns, At safepoint: 67916 ns, Total: 2972041 ns
[2022-09-04T02:38:33.215+0000][1][safepoint    ] Safepoint "Cleanup", Time since last: 1005245209 ns, Reaching safepoint: 1216958 ns, At safepoint: 37375 ns, Total: 1254333 ns
[2022-09-04T02:38:34.221+0000][1][safepoint    ] Safepoint "Cleanup", Time since last: 1002884918 ns, Reaching safepoint: 2581041 ns, At safepoint: 88709 ns, Total: 2669750 ns
[2022-09-04T02:38:35.228+0000][1][safepoint    ] Safepoint "Cleanup", Time since last: 1006215833 ns, Reaching safepoint: 1061375 ns, At safepoint: 28292 ns, Total: 1089667 ns
[2022-09-04T02:38:36.235+0000][1][safepoint    ] Safepoint "Cleanup", Time since last: 1006610083 ns, Reaching safepoint: 1073375 ns, At safepoint: 34417 ns, Total: 1107792 ns
[2022-09-04T02:38:37.246+0000][1][safepoint    ] Safepoint "Cleanup", Time since last: 1007632917 ns, Reaching safepoint: 2957125 ns, At safepoint: 189541 ns, Total: 3146666 ns
[2022-09-04T02:38:38.257+0000][1][safepoint    ] Safepoint "Cleanup", Time since last: 1007927043 ns, Reaching safepoint: 2578500 ns, At safepoint: 78458 ns, Total: 2656958 ns
[2022-09-04T02:38:39.266+0000][1][safepoint    ] Safepoint "Cleanup", Time since last: 1005772959 ns, Reaching safepoint: 3024791 ns, At safepoint: 99625 ns, Total: 3124416 ns
[2022-09-04T02:38:40.275+0000][1][safepoint    ] Safepoint "Cleanup", Time since last: 1008924418 ns, Reaching safepoint: 895833 ns, At safepoint: 23167 ns, Total: 919000 ns
[2022-09-04T02:38:41.280+0000][1][safepoint    ] Safepoint "Cleanup", Time since last: 1003795750 ns, Reaching safepoint: 1004167 ns, At safepoint: 39125 ns, Total: 1043292 ns
[2022-09-04T02:38:42.286+0000][1][safepoint    ] Safepoint "Cleanup", Time since last: 1003775125 ns, Reaching safepoint: 1934625 ns, At safepoint: 148167 ns, Total: 2082792 ns
[2022-09-04T02:38:43.296+0000][1][safepoint    ] Safepoint "Cleanup", Time since last: 1007742334 ns, Reaching safepoint: 1842500 ns, At safepoint: 52041 ns, Total: 1894541 ns
[2022-09-04T02:38:44.301+0000][1][safepoint    ] Safepoint "Cleanup", Time since last: 1002565084 ns, Reaching safepoint: 2706333 ns, At safepoint: 92334 ns, Total: 2798667 ns
[2022-09-04T02:38:45.306+0000][1][safepoint    ] Safepoint "Cleanup", Time since last: 1004363959 ns, Reaching safepoint: 951000 ns, At safepoint: 29375 ns, Total: 980375 ns
[2022-09-04T02:38:46.310+0000][1][safepoint    ] Safepoint "Cleanup", Time since last: 1002844042 ns, Reaching safepoint: 834208 ns, At safepoint: 26417 ns, Total: 860625 ns
[2022-09-04T02:38:47.317+0000][1][safepoint    ] Safepoint "Cleanup", Time since last: 1002788209 ns, Reaching safepoint: 3532666 ns, At safepoint: 91542 ns, Total: 3624208 ns
[2022-09-04T02:38:48.323+0000][1][safepoint    ] Safepoint "Cleanup", Time since last: 1005059042 ns, Reaching safepoint: 1282917 ns, At safepoint: 60583 ns, Total: 1343500 ns
[2022-09-04T02:38:49.329+0000][1][safepoint    ] Safepoint "Cleanup", Time since last: 1003163417 ns, Reaching safepoint: 2380208 ns, At safepoint: 72625 ns, Total: 2452833 ns
[2022-09-04T02:38:50.333+0000][1][safepoint    ] Safepoint "Cleanup", Time since last: 1003668501 ns, Reaching safepoint: 1152417 ns, At safepoint: 24333 ns, Total: 1176750 ns
[2022-09-04T02:38:51.336+0000][1][safepoint    ] Safepoint "Cleanup", Time since last: 1001977959 ns, Reaching safepoint: 737291 ns, At safepoint: 32542 ns, Total: 769833 ns
[2022-09-04T02:38:52.341+0000][1][safepoint    ] Safepoint "Cleanup", Time since last: 1001650834 ns, Reaching safepoint: 2437208 ns, At safepoint: 279167 ns, Total: 2716375 ns
[2022-09-04T02:38:53.350+0000][1][safepoint    ] Safepoint "Cleanup", Time since last: 1005979375 ns, Reaching safepoint: 3385834 ns, At safepoint: 90666 ns, Total: 3476500 ns
[2022-09-04T02:38:54.357+0000][1][safepoint    ] Safepoint "Cleanup", Time since last: 1005455709 ns, Reaching safepoint: 1534750 ns, At safepoint: 55750 ns, Total: 1590500 ns
[2022-09-04T02:38:55.361+0000][1][safepoint    ] Safepoint "Cleanup", Time since last: 1003119001 ns, Reaching safepoint: 908916 ns, At safepoint: 30334 ns, Total: 939250 ns
[2022-09-04T02:38:56.364+0000][1][safepoint    ] Safepoint "Cleanup", Time since last: 1002596875 ns, Reaching safepoint: 771459 ns, At safepoint: 21125 ns, Total: 792584 ns
[2022-09-04T02:38:57.370+0000][1][safepoint    ] Safepoint "Cleanup", Time since last: 1001589625 ns, Reaching safepoint: 3501375 ns, At safepoint: 117875 ns, Total: 3619250 ns
[2022-09-04T02:38:58.376+0000][1][safepoint    ] Safepoint "Cleanup", Time since last: 1005406417 ns, Reaching safepoint: 785667 ns, At safepoint: 23291 ns, Total: 808958 ns
[2022-09-04T02:39:00.219+0000][1][safepoint    ] Safepoint "Cleanup", Time since last: 1842388543 ns, Reaching safepoint: 1065792 ns, At safepoint: 55041 ns, Total: 1120833 ns
[2022-09-04T02:39:01.224+0000][1][safepoint    ] Safepoint "Cleanup", Time since last: 1003174043 ns, Reaching safepoint: 947291 ns, At safepoint: 30375 ns, Total: 977666 ns
[2022-09-04T02:39:02.227+0000][1][safepoint    ] Safepoint "Cleanup", Time since last: 1002525167 ns, Reaching safepoint: 860667 ns, At safepoint: 24125 ns, Total: 884792 ns
[2022-09-04T02:39:03.231+0000][1][safepoint    ] Safepoint "Cleanup", Time since last: 1002284917 ns, Reaching safepoint: 1427833 ns, At safepoint: 39542 ns, Total: 1467375 ns
[2022-09-04T02:39:04.235+0000][1][safepoint    ] Safepoint "Cleanup", Time since last: 1003576209 ns, Reaching safepoint: 971375 ns, At safepoint: 24792 ns, Total: 996167 ns
[2022-09-04T02:39:05.238+0000][1][safepoint    ] Safepoint "Cleanup", Time since last: 1001624000 ns, Reaching safepoint: 751125 ns, At safepoint: 23542 ns, Total: 774667 ns
[2022-09-04T02:39:06.243+0000][1][safepoint    ] Safepoint "Cleanup", Time since last: 1004218458 ns, Reaching safepoint: 830166 ns, At safepoint: 30042 ns, Total: 860208 ns
[2022-09-04T02:39:07.247+0000][1][safepoint    ] Safepoint "Cleanup", Time since last: 1002124792 ns, Reaching safepoint: 2137875 ns, At safepoint: 74375 ns, Total: 2212250 ns
[2022-09-04T02:39:08.253+0000][1][safepoint    ] Safepoint "Cleanup", Time since last: 1004696376 ns, Reaching safepoint: 1166291 ns, At safepoint: 48667 ns, Total: 1214958 ns
[2022-09-04T02:39:09.256+0000][1][safepoint    ] Safepoint "Cleanup", Time since last: 1002113084 ns, Reaching safepoint: 844083 ns, At safepoint: 24292 ns, Total: 868375 ns
[2022-09-04T02:39:10.258+0000][1][safepoint    ] Safepoint "Cleanup", Time since last: 1001611209 ns, Reaching safepoint: 928000 ns, At safepoint: 26041 ns, Total: 954041 ns
[2022-09-04T02:39:11.261+0000][1][safepoint    ] Safepoint "Cleanup", Time since last: 1001912501 ns, Reaching safepoint: 878958 ns, At safepoint: 19042 ns, Total: 898000 ns
[2022-09-04T02:39:12.281+0000][1][safepoint    ] Safepoint "Cleanup", Time since last: 1019136125 ns, Reaching safepoint: 1044917 ns, At safepoint: 30625 ns, Total: 1075542 ns
[2022-09-04T02:39:13.285+0000][1][safepoint    ] Safepoint "Cleanup", Time since last: 1002232834 ns, Reaching safepoint: 1292000 ns, At safepoint: 69083 ns, Total: 1361083 ns
[2022-09-04T02:39:14.294+0000][1][safepoint    ] Safepoint "Cleanup", Time since last: 1005065667 ns, Reaching safepoint: 3622375 ns, At safepoint: 88083 ns, Total: 3710458 ns
[2022-09-04T02:39:15.299+0000][1][safepoint    ] Safepoint "Cleanup", Time since last: 1003876209 ns, Reaching safepoint: 1238167 ns, At safepoint: 43833 ns, Total: 1282000 ns
[2022-09-04T02:39:16.304+0000][1][safepoint    ] Safepoint "Cleanup", Time since last: 1003824626 ns, Reaching safepoint: 785333 ns, At safepoint: 24583 ns, Total: 809916 ns
[2022-09-04T02:39:17.309+0000][1][safepoint    ] Safepoint "Cleanup", Time since last: 1001680793 ns, Reaching safepoint: 3377416 ns, At safepoint: 152459 ns, Total: 3529875 ns
[2022-09-04T02:39:18.318+0000][1][safepoint    ] Safepoint "Cleanup", Time since last: 1004873042 ns, Reaching safepoint: 3840166 ns, At safepoint: 93542 ns, Total: 3933708 ns
[2022-09-04T02:39:19.333+0000][1][safepoint    ] Safepoint "Cleanup", Time since last: 1014417542 ns, Reaching safepoint: 1186792 ns, At safepoint: 33375 ns, Total: 1220167 ns
[2022-09-04T02:39:20.336+0000][1][safepoint    ] Safepoint "Cleanup", Time since last: 1002180292 ns, Reaching safepoint: 707458 ns, At safepoint: 152125 ns, Total: 859583 ns
[2022-09-04T02:39:21.340+0000][1][safepoint    ] Safepoint "Cleanup", Time since last: 1003133042 ns, Reaching safepoint: 824375 ns, At safepoint: 22584 ns, Total: 846959 ns
[2022-09-04T02:39:22.343+0000][1][safepoint    ] Safepoint "Cleanup", Time since last: 1001781584 ns, Reaching safepoint: 808833 ns, At safepoint: 27708 ns, Total: 836541 ns
[2022-09-04T02:39:23.350+0000][1][safepoint    ] Safepoint "Cleanup", Time since last: 1004089001 ns, Reaching safepoint: 2556166 ns, At safepoint: 67917 ns, Total: 2624083 ns
[2022-09-04T02:39:24.355+0000][1][safepoint    ] Safepoint "Cleanup", Time since last: 1004195709 ns, Reaching safepoint: 1558833 ns, At safepoint: 41667 ns, Total: 1600500 ns
[2022-09-04T02:39:25.359+0000][1][safepoint    ] Safepoint "Cleanup", Time since last: 1002811709 ns, Reaching safepoint: 902625 ns, At safepoint: 24291 ns, Total: 926916 ns
[2022-09-04T02:39:26.364+0000][1][safepoint    ] Safepoint "Cleanup", Time since last: 1003489418 ns, Reaching safepoint: 895791 ns, At safepoint: 24750 ns, Total: 920541 ns
[2022-09-04T02:39:27.369+0000][1][safepoint    ] Safepoint "Cleanup", Time since last: 1001745126 ns, Reaching safepoint: 3309125 ns, At safepoint: 98458 ns, Total: 3407583 ns
[2022-09-04T02:39:28.378+0000][1][safepoint    ] Safepoint "Cleanup", Time since last: 1008294459 ns, Reaching safepoint: 929458 ns, At safepoint: 54042 ns, Total: 983500 ns
[2022-09-04T02:39:29.386+0000][1][safepoint    ] Safepoint "Cleanup", Time since last: 1005116292 ns, Reaching safepoint: 3242042 ns, At safepoint: 105333 ns, Total: 3347375 ns
[2022-09-04T02:39:30.393+0000][1][safepoint    ] Safepoint "Cleanup", Time since last: 1005358792 ns, Reaching safepoint: 741458 ns, At safepoint: 23042 ns, Total: 764500 ns
[2022-09-04T02:39:31.397+0000][1][safepoint    ] Safepoint "Cleanup", Time since last: 1003580667 ns, Reaching safepoint: 814584 ns, At safepoint: 23666 ns, Total: 838250 ns
[2022-09-04T02:39:32.401+0000][1][safepoint    ] Safepoint "Cleanup", Time since last: 1002701001 ns, Reaching safepoint: 869875 ns, At safepoint: 22916 ns, Total: 892791 ns
[2022-09-04T02:39:33.404+0000][1][safepoint    ] Safepoint "Cleanup", Time since last: 1002776209 ns, Reaching safepoint: 920625 ns, At safepoint: 26292 ns, Total: 946917 ns
[2022-09-04T02:39:34.407+0000][1][safepoint    ] Safepoint "Cleanup", Time since last: 1001759125 ns, Reaching safepoint: 883167 ns, At safepoint: 26042 ns, Total: 909209 ns
[2022-09-04T02:39:35.410+0000][1][safepoint    ] Safepoint "Cleanup", Time since last: 1001672667 ns, Reaching safepoint: 1140958 ns, At safepoint: 36292 ns, Total: 1177250 ns
[2022-09-04T02:39:36.413+0000][1][safepoint    ] Safepoint "Cleanup", Time since last: 1002629500 ns, Reaching safepoint: 826792 ns, At safepoint: 23875 ns, Total: 850667 ns
[2022-09-04T02:39:37.419+0000][1][safepoint    ] Safepoint "Cleanup", Time since last: 1002786708 ns, Reaching safepoint: 2603959 ns, At safepoint: 70500 ns, Total: 2674459 ns
[2022-09-04T02:39:38.426+0000][1][safepoint    ] Safepoint "Cleanup", Time since last: 1006509292 ns, Reaching safepoint: 909958 ns, At safepoint: 26917 ns, Total: 936875 ns
[2022-09-04T02:39:39.433+0000][1][safepoint    ] Safepoint "Cleanup", Time since last: 1002720459 ns, Reaching safepoint: 4010583 ns, At safepoint: 68750 ns, Total: 4079333 ns
[2022-09-04T02:39:40.440+0000][1][safepoint    ] Safepoint "Cleanup", Time since last: 1006037792 ns, Reaching safepoint: 855459 ns, At safepoint: 25375 ns, Total: 880834 ns
[2022-09-04T02:39:41.877+0000][1][safepoint    ] Safepoint "Cleanup", Time since last: 1419456250 ns, Reaching safepoint: 13334792 ns, At safepoint: 484542 ns, Total: 13819334 ns
[2022-09-04T02:39:42.888+0000][1][safepoint    ] Safepoint "Cleanup", Time since last: 1014151458 ns, Reaching safepoint: 984042 ns, At safepoint: 24625 ns, Total: 1008667 ns
[2022-09-04T02:39:43.893+0000][1][safepoint    ] Safepoint "Cleanup", Time since last: 1001658751 ns, Reaching safepoint: 3473666 ns, At safepoint: 82500 ns, Total: 3556166 ns
[2022-09-04T02:39:44.901+0000][1][safepoint    ] Safepoint "Cleanup", Time since last: 1005749334 ns, Reaching safepoint: 1469083 ns, At safepoint: 38584 ns, Total: 1507667 ns
[2022-09-04T02:39:45.910+0000][1][safepoint    ] Safepoint "Cleanup", Time since last: 1005067750 ns, Reaching safepoint: 3997250 ns, At safepoint: 96875 ns, Total: 4094125 ns
[2022-09-04T02:39:46.918+0000][1][safepoint    ] Safepoint "Cleanup", Time since last: 1006261917 ns, Reaching safepoint: 1482584 ns, At safepoint: 47041 ns, Total: 1529625 ns
[2022-09-04T02:39:47.923+0000][1][safepoint    ] Safepoint "Cleanup", Time since last: 1002826251 ns, Reaching safepoint: 2710958 ns, At safepoint: 72500 ns, Total: 2783458 ns
[2022-09-04T02:39:48.928+0000][1][safepoint    ] Safepoint "Cleanup", Time since last: 1003310084 ns, Reaching safepoint: 1243667 ns, At safepoint: 34041 ns, Total: 1277708 ns
[2022-09-04T02:39:49.934+0000][1][safepoint    ] Safepoint "Cleanup", Time since last: 1002624126 ns, Reaching safepoint: 3377791 ns, At safepoint: 83209 ns, Total: 3461000 ns
[2022-09-04T02:39:50.943+0000][1][safepoint    ] Safepoint "Cleanup", Time since last: 1005335792 ns, Reaching safepoint: 3362083 ns, At safepoint: 77459 ns, Total: 3439542 ns
[2022-09-04T02:39:51.952+0000][1][safepoint    ] Safepoint "Cleanup", Time since last: 1006076000 ns, Reaching safepoint: 2851917 ns, At safepoint: 62125 ns, Total: 2914042 ns
[2022-09-04T02:39:52.959+0000][1][safepoint    ] Safepoint "Cleanup", Time since last: 1005713167 ns, Reaching safepoint: 1584167 ns, At safepoint: 80083 ns, Total: 1664250 ns
[2022-09-04T02:39:53.965+0000][1][safepoint    ] Safepoint "Cleanup", Time since last: 1004246834 ns, Reaching safepoint: 2100291 ns, At safepoint: 56000 ns, Total: 2156291 ns
[2022-09-04T02:39:54.973+0000][1][safepoint    ] Safepoint "Cleanup", Time since last: 1003427418 ns, Reaching safepoint: 3753500 ns, At safepoint: 114625 ns, Total: 3868125 ns
[2022-09-04T02:39:55.982+0000][1][safepoint    ] Safepoint "Cleanup", Time since last: 1005833250 ns, Reaching safepoint: 3543167 ns, At safepoint: 87666 ns, Total: 3630833 ns
[2022-09-04T02:39:56.992+0000][1][safepoint    ] Safepoint "Cleanup", Time since last: 1007148876 ns, Reaching safepoint: 2686875 ns, At safepoint: 64625 ns, Total: 2751500 ns
[2022-09-04T02:39:58.002+0000][1][safepoint    ] Safepoint "Cleanup", Time since last: 1006014750 ns, Reaching safepoint: 3339500 ns, At safepoint: 82500 ns, Total: 3422000 ns
[2022-09-04T02:39:59.008+0000][1][safepoint    ] Safepoint "Cleanup", Time since last: 1005161334 ns, Reaching safepoint: 1663417 ns, At safepoint: 41583 ns, Total: 1705000 ns
[2022-09-04T02:40:00.014+0000][1][safepoint    ] Safepoint "Cleanup", Time since last: 1003051376 ns, Reaching safepoint: 2887083 ns, At safepoint: 70125 ns, Total: 2957208 ns
[2022-09-04T02:40:01.023+0000][1][safepoint    ] Safepoint "Cleanup", Time since last: 1006806250 ns, Reaching safepoint: 1712292 ns, At safepoint: 99167 ns, Total: 1811459 ns
[2022-09-04T02:40:02.029+0000][1][safepoint    ] Safepoint "Cleanup", Time since last: 1004526375 ns, Reaching safepoint: 1795334 ns, At safepoint: 47833 ns, Total: 1843167 ns
[2022-09-04T02:40:03.035+0000][1][safepoint    ] Safepoint "Cleanup", Time since last: 1003505209 ns, Reaching safepoint: 1733291 ns, At safepoint: 43084 ns, Total: 1776375 ns
[2022-09-04T02:40:04.042+0000][1][safepoint    ] Safepoint "Cleanup", Time since last: 1005481834 ns, Reaching safepoint: 2216125 ns, At safepoint: 61916 ns, Total: 2278041 ns
[2022-09-04T02:40:05.051+0000][1][safepoint    ] Safepoint "Cleanup", Time since last: 1006033917 ns, Reaching safepoint: 2653667 ns, At safepoint: 76625 ns, Total: 2730292 ns
[2022-09-04T02:40:06.059+0000][1][safepoint    ] Safepoint "Cleanup", Time since last: 1005248083 ns, Reaching safepoint: 2859417 ns, At safepoint: 80750 ns, Total: 2940167 ns
[2022-09-04T02:40:07.066+0000][1][safepoint    ] Safepoint "Cleanup", Time since last: 1005136667 ns, Reaching safepoint: 1637833 ns, At safepoint: 50084 ns, Total: 1687917 ns
[2022-09-04T02:40:08.070+0000][1][safepoint    ] Safepoint "Cleanup", Time since last: 1002815458 ns, Reaching safepoint: 1609834 ns, At safepoint: 54416 ns, Total: 1664250 ns
[2022-09-04T02:40:09.075+0000][1][safepoint    ] Safepoint "Cleanup", Time since last: 1003750168 ns, Reaching safepoint: 815041 ns, At safepoint: 19625 ns, Total: 834666 ns
[2022-09-04T02:40:10.079+0000][1][safepoint    ] Safepoint "Cleanup", Time since last: 1003727126 ns, Reaching safepoint: 799416 ns, At safepoint: 21417 ns, Total: 820833 ns
[2022-09-04T02:40:11.082+0000][1][safepoint    ] Safepoint "Cleanup", Time since last: 1001556126 ns, Reaching safepoint: 797250 ns, At safepoint: 23375 ns, Total: 820625 ns
[2022-09-04T02:40:12.084+0000][1][safepoint    ] Safepoint "Cleanup", Time since last: 1001677208 ns, Reaching safepoint: 935917 ns, At safepoint: 22958 ns, Total: 958875 ns
[2022-09-04T02:40:13.087+0000][1][safepoint    ] Safepoint "Cleanup", Time since last: 1001962251 ns, Reaching safepoint: 950000 ns, At safepoint: 22500 ns, Total: 972500 ns
[2022-09-04T02:40:14.092+0000][1][safepoint    ] Safepoint "Cleanup", Time since last: 1002617542 ns, Reaching safepoint: 1537083 ns, At safepoint: 35875 ns, Total: 1572958 ns
[2022-09-04T02:40:15.095+0000][1][safepoint    ] Safepoint "Cleanup", Time since last: 1002718626 ns, Reaching safepoint: 1004666 ns, At safepoint: 23792 ns, Total: 1028458 ns
[2022-09-04T02:40:16.099+0000][1][safepoint    ] Safepoint "Cleanup", Time since last: 1002696501 ns, Reaching safepoint: 1372083 ns, At safepoint: 34042 ns, Total: 1406125 ns
[2022-09-04T02:40:17.104+0000][1][safepoint    ] Safepoint "Cleanup", Time since last: 1003735167 ns, Reaching safepoint: 978375 ns, At safepoint: 22291 ns, Total: 1000666 ns
[2022-09-04T02:40:18.107+0000][1][safepoint    ] Safepoint "Cleanup", Time since last: 1001900084 ns, Reaching safepoint: 923334 ns, At safepoint: 22666 ns, Total: 946000 ns
[2022-09-04T02:40:19.110+0000][1][safepoint    ] Safepoint "Cleanup", Time since last: 1002032209 ns, Reaching safepoint: 801167 ns, At safepoint: 25958 ns, Total: 827125 ns
[2022-09-04T02:40:20.113+0000][1][safepoint    ] Safepoint "Cleanup", Time since last: 1001949834 ns, Reaching safepoint: 1121292 ns, At safepoint: 31291 ns, Total: 1152583 ns
[2022-09-04T02:40:21.116+0000][1][safepoint    ] Safepoint "Cleanup", Time since last: 1002185376 ns, Reaching safepoint: 825000 ns, At safepoint: 21166 ns, Total: 846166 ns
[2022-09-04T02:40:22.118+0000][1][safepoint    ] Safepoint "Cleanup", Time since last: 1001492834 ns, Reaching safepoint: 751625 ns, At safepoint: 38667 ns, Total: 790292 ns
[2022-09-04T02:40:23.122+0000][1][safepoint    ] Safepoint "Cleanup", Time since last: 1002911417 ns, Reaching safepoint: 813833 ns, At safepoint: 24000 ns, Total: 837833 ns
[2022-09-04T02:40:24.125+0000][1][safepoint    ] Safepoint "Cleanup", Time since last: 1002116584 ns, Reaching safepoint: 1017167 ns, At safepoint: 26875 ns, Total: 1044042 ns
[2022-09-04T02:40:25.130+0000][1][safepoint    ] Safepoint "Cleanup", Time since last: 1003739000 ns, Reaching safepoint: 1144750 ns, At safepoint: 25125 ns, Total: 1169875 ns
[2022-09-04T02:40:26.137+0000][1][safepoint    ] Safepoint "Cleanup", Time since last: 1003732334 ns, Reaching safepoint: 2992750 ns, At safepoint: 128708 ns, Total: 3121458 ns
[2022-09-04T02:40:27.146+0000][1][safepoint    ] Safepoint "Cleanup", Time since last: 1007758876 ns, Reaching safepoint: 1700500 ns, At safepoint: 53917 ns, Total: 1754417 ns
[2022-09-04T02:40:28.153+0000][1][safepoint    ] Safepoint "Cleanup", Time since last: 1003776583 ns, Reaching safepoint: 2538792 ns, At safepoint: 79708 ns, Total: 2618500 ns
[2022-09-04T02:40:29.585+0000][1][safepoint    ] Safepoint "Cleanup", Time since last: 1431401918 ns, Reaching safepoint: 854458 ns, At safepoint: 25917 ns, Total: 880375 ns
[2022-09-04T02:40:30.588+0000][1][safepoint    ] Safepoint "Cleanup", Time since last: 1001906375 ns, Reaching safepoint: 667667 ns, At safepoint: 20292 ns, Total: 687959 ns
[2022-09-04T02:40:31.591+0000][1][safepoint    ] Safepoint "Cleanup", Time since last: 1002480375 ns, Reaching safepoint: 795875 ns, At safepoint: 18500 ns, Total: 814375 ns
[2022-09-04T02:40:32.594+0000][1][safepoint    ] Safepoint "Cleanup", Time since last: 1001833625 ns, Reaching safepoint: 1100542 ns, At safepoint: 27417 ns, Total: 1127959 ns
[2022-09-04T02:40:33.598+0000][1][safepoint    ] Safepoint "Cleanup", Time since last: 1002276125 ns, Reaching safepoint: 1293167 ns, At safepoint: 59292 ns, Total: 1352459 ns
[2022-09-04T02:40:34.600+0000][1][safepoint    ] Safepoint "Cleanup", Time since last: 1002024958 ns, Reaching safepoint: 645709 ns, At safepoint: 39708 ns, Total: 685417 ns
[2022-09-04T02:40:35.604+0000][1][safepoint    ] Safepoint "Cleanup", Time since last: 1003162833 ns, Reaching safepoint: 667125 ns, At safepoint: 20625 ns, Total: 687750 ns
[2022-09-04T02:40:36.606+0000][1][safepoint    ] Safepoint "Cleanup", Time since last: 1001713375 ns, Reaching safepoint: 866167 ns, At safepoint: 22500 ns, Total: 888667 ns
[2022-09-04T02:40:37.609+0000][1][safepoint    ] Safepoint "Cleanup", Time since last: 1002202084 ns, Reaching safepoint: 896333 ns, At safepoint: 28834 ns, Total: 925167 ns
[2022-09-04T02:40:38.614+0000][1][safepoint    ] Safepoint "Cleanup", Time since last: 1003755000 ns, Reaching safepoint: 1028333 ns, At safepoint: 29292 ns, Total: 1057625 ns
[2022-09-04T02:40:39.619+0000][1][safepoint    ] Safepoint "Cleanup", Time since last: 1002426209 ns, Reaching safepoint: 2499625 ns, At safepoint: 57917 ns, Total: 2557542 ns
[2022-09-04T02:40:40.623+0000][1][safepoint    ] Safepoint "Cleanup", Time since last: 1003215000 ns, Reaching safepoint: 747708 ns, At safepoint: 22125 ns, Total: 769833 ns
[2022-09-04T02:40:41.627+0000][1][safepoint    ] Safepoint "Cleanup", Time since last: 1003031292 ns, Reaching safepoint: 996334 ns, At safepoint: 22833 ns, Total: 1019167 ns
[2022-09-04T02:40:42.635+0000][1][safepoint    ] Safepoint "Cleanup", Time since last: 1006421751 ns, Reaching safepoint: 780250 ns, At safepoint: 19208 ns, Total: 799458 ns
[2022-09-04T02:40:43.639+0000][1][safepoint    ] Safepoint "Cleanup", Time since last: 1002368417 ns, Reaching safepoint: 2129250 ns, At safepoint: 59125 ns, Total: 2188375 ns
[2022-09-04T02:40:44.644+0000][1][safepoint    ] Safepoint "Cleanup", Time since last: 1003633917 ns, Reaching safepoint: 914375 ns, At safepoint: 21750 ns, Total: 936125 ns
[2022-09-04T02:40:45.646+0000][1][safepoint    ] Safepoint "Cleanup", Time since last: 1001732542 ns, Reaching safepoint: 684875 ns, At safepoint: 18542 ns, Total: 703417 ns
[2022-09-04T02:40:46.650+0000][1][safepoint    ] Safepoint "Cleanup", Time since last: 1002952251 ns, Reaching safepoint: 796041 ns, At safepoint: 19042 ns, Total: 815083 ns
[2022-09-04T02:40:47.652+0000][1][safepoint    ] Safepoint "Cleanup", Time since last: 1001312000 ns, Reaching safepoint: 862625 ns, At safepoint: 21584 ns, Total: 884209 ns
[2022-09-04T02:40:48.660+0000][1][safepoint    ] Safepoint "Cleanup", Time since last: 1005987375 ns, Reaching safepoint: 2043750 ns, At safepoint: 111417 ns, Total: 2155167 ns
[2022-09-04T02:40:49.669+0000][1][safepoint    ] Safepoint "Cleanup", Time since last: 1005249834 ns, Reaching safepoint: 3420000 ns, At safepoint: 89666 ns, Total: 3509666 ns
[2022-09-04T02:40:50.675+0000][1][safepoint    ] Safepoint "Cleanup", Time since last: 1005230542 ns, Reaching safepoint: 784792 ns, At safepoint: 22292 ns, Total: 807084 ns
[2022-09-04T02:40:51.682+0000][1][safepoint    ] Safepoint "Cleanup", Time since last: 1006115625 ns, Reaching safepoint: 912584 ns, At safepoint: 25875 ns, Total: 938459 ns
[2022-09-04T02:40:52.686+0000][1][safepoint    ] Safepoint "Cleanup", Time since last: 1002036167 ns, Reaching safepoint: 1461916 ns, At safepoint: 48125 ns, Total: 1510041 ns
[2022-09-04T02:40:53.689+0000][1][safepoint    ] Safepoint "Cleanup", Time since last: 1002921043 ns, Reaching safepoint: 733291 ns, At safepoint: 24542 ns, Total: 757833 ns
[2022-09-04T02:40:54.692+0000][1][safepoint    ] Safepoint "Cleanup", Time since last: 1001700417 ns, Reaching safepoint: 891000 ns, At safepoint: 24917 ns, Total: 915917 ns
[2022-09-04T02:40:55.694+0000][1][safepoint    ] Safepoint "Cleanup", Time since last: 1001708542 ns, Reaching safepoint: 830333 ns, At safepoint: 24084 ns, Total: 854417 ns
[2022-09-04T02:40:56.699+0000][1][safepoint    ] Safepoint "Cleanup", Time since last: 1003625083 ns, Reaching safepoint: 931292 ns, At safepoint: 23042 ns, Total: 954334 ns
[2022-09-04T02:40:57.703+0000][1][safepoint    ] Safepoint "Cleanup", Time since last: 1002729833 ns, Reaching safepoint: 742917 ns, At safepoint: 23375 ns, Total: 766292 ns
[2022-09-04T02:40:58.705+0000][1][safepoint    ] Safepoint "Cleanup", Time since last: 1001544709 ns, Reaching safepoint: 735667 ns, At safepoint: 20125 ns, Total: 755792 ns
[2022-09-04T02:40:59.708+0000][1][safepoint    ] Safepoint "Cleanup", Time since last: 1002346958 ns, Reaching safepoint: 780709 ns, At safepoint: 22791 ns, Total: 803500 ns
[2022-09-04T02:41:00.710+0000][1][safepoint    ] Safepoint "Cleanup", Time since last: 1001568793 ns, Reaching safepoint: 845166 ns, At safepoint: 21834 ns, Total: 867000 ns
[2022-09-04T02:41:01.715+0000][1][safepoint    ] Safepoint "Cleanup", Time since last: 1003750125 ns, Reaching safepoint: 875458 ns, At safepoint: 32792 ns, Total: 908250 ns
[2022-09-04T02:41:02.720+0000][1][safepoint    ] Safepoint "Cleanup", Time since last: 1002529376 ns, Reaching safepoint: 2304708 ns, At safepoint: 77958 ns, Total: 2382666 ns
[2022-09-04T02:41:03.729+0000][1][safepoint    ] Safepoint "Cleanup", Time since last: 1005706459 ns, Reaching safepoint: 3405417 ns, At safepoint: 180500 ns, Total: 3585917 ns
[2022-09-04T02:41:04.736+0000][1][safepoint    ] Safepoint "Cleanup", Time since last: 1005309167 ns, Reaching safepoint: 957500 ns, At safepoint: 24333 ns, Total: 981833 ns
[2022-09-04T02:41:05.616+0000][1][gc,start     ] GC(26) Pause Young (Allocation Failure)
[2022-09-04T02:41:05.620+0000][1][gc,task      ] GC(26) Using 4 workers of 4 for evacuation
[2022-09-04T02:41:05.663+0000][1][gc,age       ] GC(26) Desired survivor size 8945664 bytes, new threshold 6 (max threshold 6)
[2022-09-04T02:41:05.664+0000][1][gc,age       ] GC(26) Age table with threshold 6 (max threshold 6)
[2022-09-04T02:41:05.665+0000][1][gc,age       ] GC(26) - age   1:      57024 bytes,      57024 total
[2022-09-04T02:41:05.666+0000][1][gc,age       ] GC(26) - age   2:     551120 bytes,     608144 total
[2022-09-04T02:41:05.667+0000][1][gc,age       ] GC(26) - age   3:      28944 bytes,     637088 total
[2022-09-04T02:41:05.668+0000][1][gc,age       ] GC(26) - age   4:       1928 bytes,     639016 total
[2022-09-04T02:41:05.669+0000][1][gc,age       ] GC(26) - age   5:      21008 bytes,     660024 total
[2022-09-04T02:41:05.670+0000][1][gc,age       ] GC(26) - age   6:      85960 bytes,     745984 total
[2022-09-04T02:41:05.673+0000][1][gc,heap      ] GC(26) ParNew: 140687K->1149K(157248K)
[2022-09-04T02:41:05.675+0000][1][gc,heap      ] GC(26) CMS: 66438K->66445K(349568K)
[2022-09-04T02:41:05.676+0000][1][gc,metaspace ] GC(26) Metaspace: 83606K->83606K(1126400K)
[2022-09-04T02:41:05.679+0000][1][gc           ] GC(26) Pause Young (Allocation Failure) 202M->66M(494M) 63.009ms
[2022-09-04T02:41:05.680+0000][1][gc,cpu       ] GC(26) User=0.09s Sys=0.03s Real=0.07s
[2022-09-04T02:41:05.681+0000][1][safepoint    ] Safepoint "GenCollectForAllocation", Time since last: 878359542 ns, Reaching safepoint: 1130916 ns, At safepoint: 66412000 ns, Total: 67542916 ns
[2022-09-04T02:41:06.684+0000][1][safepoint    ] Safepoint "Cleanup", Time since last: 1001147459 ns, Reaching safepoint: 929542 ns, At safepoint: 26708 ns, Total: 956250 ns
[2022-09-04T02:41:07.688+0000][1][safepoint    ] Safepoint "Cleanup", Time since last: 1002663459 ns, Reaching safepoint: 1819042 ns, At safepoint: 74958 ns, Total: 1894000 ns
[2022-09-04T02:41:08.713+0000][1][safepoint    ] Safepoint "Cleanup", Time since last: 1019635375 ns, Reaching safepoint: 4940125 ns, At safepoint: 59834 ns, Total: 4999959 ns
[2022-09-04T02:41:09.717+0000][1][safepoint    ] Safepoint "Cleanup", Time since last: 1002810417 ns, Reaching safepoint: 948875 ns, At safepoint: 26333 ns, Total: 975208 ns
[2022-09-04T02:41:10.719+0000][1][safepoint    ] Safepoint "Cleanup", Time since last: 1001704876 ns, Reaching safepoint: 995875 ns, At safepoint: 26000 ns, Total: 1021875 ns
[2022-09-04T02:41:11.722+0000][1][safepoint    ] Safepoint "Cleanup", Time since last: 1002255292 ns, Reaching safepoint: 850500 ns, At safepoint: 20917 ns, Total: 871417 ns
[2022-09-04T02:41:12.725+0000][1][safepoint    ] Safepoint "Cleanup", Time since last: 1001774250 ns, Reaching safepoint: 676958 ns, At safepoint: 19042 ns, Total: 696000 ns
[2022-09-04T02:41:13.732+0000][1][safepoint    ] Safepoint "Cleanup", Time since last: 1003905334 ns, Reaching safepoint: 2857666 ns, At safepoint: 67209 ns, Total: 2924875 ns
[2022-09-04T02:41:14.737+0000][1][safepoint    ] Safepoint "Cleanup", Time since last: 1004194375 ns, Reaching safepoint: 1135834 ns, At safepoint: 34208 ns, Total: 1170042 ns
[2022-09-04T02:41:15.742+0000][1][safepoint    ] Safepoint "Cleanup", Time since last: 1004348834 ns, Reaching safepoint: 920708 ns, At safepoint: 33833 ns, Total: 954541 ns
[2022-09-04T02:41:16.747+0000][1][safepoint    ] Safepoint "Cleanup", Time since last: 1003302751 ns, Reaching safepoint: 856417 ns, At safepoint: 20791 ns, Total: 877208 ns
[2022-09-04T02:41:17.751+0000][1][safepoint    ] Safepoint "Cleanup", Time since last: 1002949792 ns, Reaching safepoint: 1094792 ns, At safepoint: 28708 ns, Total: 1123500 ns
[2022-09-04T02:41:18.754+0000][1][safepoint    ] Safepoint "Cleanup", Time since last: 1002493751 ns, Reaching safepoint: 770125 ns, At safepoint: 23125 ns, Total: 793250 ns
[2022-09-04T02:41:19.758+0000][1][safepoint    ] Safepoint "Cleanup", Time since last: 1002543709 ns, Reaching safepoint: 1383458 ns, At safepoint: 48542 ns, Total: 1432000 ns
[2022-09-04T02:41:20.761+0000][1][safepoint    ] Safepoint "Cleanup", Time since last: 1002769709 ns, Reaching safepoint: 744125 ns, At safepoint: 35291 ns, Total: 779416 ns
[2022-09-04T02:41:21.764+0000][1][safepoint    ] Safepoint "Cleanup", Time since last: 1001683876 ns, Reaching safepoint: 867083 ns, At safepoint: 33167 ns, Total: 900250 ns
[2022-09-04T02:41:22.769+0000][1][safepoint    ] Safepoint "Cleanup", Time since last: 1001932083 ns, Reaching safepoint: 2783042 ns, At safepoint: 154792 ns, Total: 2937834 ns
[2022-09-04T02:41:23.775+0000][1][safepoint    ] Safepoint "Cleanup", Time since last: 1004906834 ns, Reaching safepoint: 1590291 ns, At safepoint: 43709 ns, Total: 1634000 ns
[2022-09-04T02:41:24.781+0000][1][safepoint    ] Safepoint "Cleanup", Time since last: 1002863167 ns, Reaching safepoint: 2145000 ns, At safepoint: 61833 ns, Total: 2206833 ns
[2022-09-04T02:41:25.786+0000][1][safepoint    ] Safepoint "Cleanup", Time since last: 1004598834 ns, Reaching safepoint: 1072208 ns, At safepoint: 27917 ns, Total: 1100125 ns
[2022-09-04T02:41:26.791+0000][1][safepoint    ] Safepoint "Cleanup", Time since last: 1004168500 ns, Reaching safepoint: 1051584 ns, At safepoint: 27875 ns, Total: 1079459 ns
[2022-09-04T02:41:27.796+0000][1][safepoint    ] Safepoint "Cleanup", Time since last: 1003292084 ns, Reaching safepoint: 1563375 ns, At safepoint: 38041 ns, Total: 1601416 ns
[2022-09-04T02:41:28.802+0000][1][safepoint    ] Safepoint "Cleanup", Time since last: 1002522584 ns, Reaching safepoint: 2880917 ns, At safepoint: 71458 ns, Total: 2952375 ns
[2022-09-04T02:41:29.812+0000][1][safepoint    ] Safepoint "Cleanup", Time since last: 1004497125 ns, Reaching safepoint: 5424834 ns, At safepoint: 173166 ns, Total: 5598000 ns
[2022-09-04T02:41:30.817+0000][1][safepoint    ] Safepoint "Cleanup", Time since last: 1003639584 ns, Reaching safepoint: 1038167 ns, At safepoint: 56500 ns, Total: 1094667 ns
[2022-09-04T02:41:31.822+0000][1][safepoint    ] Safepoint "Cleanup", Time since last: 1004228750 ns, Reaching safepoint: 1328042 ns, At safepoint: 47125 ns, Total: 1375167 ns
[2022-09-04T02:41:32.829+0000][1][safepoint    ] Safepoint "Cleanup", Time since last: 1003449292 ns, Reaching safepoint: 3336125 ns, At safepoint: 288125 ns, Total: 3624250 ns
[2022-09-04T02:41:33.841+0000][1][safepoint    ] Safepoint "Cleanup", Time since last: 1006155751 ns, Reaching safepoint: 5200625 ns, At safepoint: 107000 ns, Total: 5307625 ns
[2022-09-04T02:41:34.850+0000][1][safepoint    ] Safepoint "Cleanup", Time since last: 1004832459 ns, Reaching safepoint: 3672583 ns, At safepoint: 189792 ns, Total: 3862375 ns
[2022-09-04T02:41:35.857+0000][1][safepoint    ] Safepoint "Cleanup", Time since last: 1006821291 ns, Reaching safepoint: 1489375 ns, At safepoint: 38041 ns, Total: 1527416 ns
[2022-09-04T02:41:36.863+0000][1][safepoint    ] Safepoint "Cleanup", Time since last: 1003908376 ns, Reaching safepoint: 1529458 ns, At safepoint: 53209 ns, Total: 1582667 ns
[2022-09-04T02:41:37.869+0000][1][safepoint    ] Safepoint "Cleanup", Time since last: 1003302583 ns, Reaching safepoint: 2922292 ns, At safepoint: 85708 ns, Total: 3008000 ns
[2022-09-04T02:41:38.880+0000][1][safepoint    ] Safepoint "Cleanup", Time since last: 1007800751 ns, Reaching safepoint: 3156333 ns, At safepoint: 82250 ns, Total: 3238583 ns
[2022-09-04T02:41:39.888+0000][1][safepoint    ] Safepoint "Cleanup", Time since last: 1004860084 ns, Reaching safepoint: 2668042 ns, At safepoint: 56000 ns, Total: 2724042 ns
[2022-09-04T02:41:40.897+0000][1][safepoint    ] Safepoint "Cleanup", Time since last: 1006977542 ns, Reaching safepoint: 1840500 ns, At safepoint: 41416 ns, Total: 1881916 ns
[2022-09-04T02:41:41.904+0000][1][safepoint    ] Safepoint "Cleanup", Time since last: 1004150626 ns, Reaching safepoint: 3237208 ns, At safepoint: 67334 ns, Total: 3304542 ns
[2022-09-04T02:41:42.913+0000][1][safepoint    ] Safepoint "Cleanup", Time since last: 1005653417 ns, Reaching safepoint: 3322625 ns, At safepoint: 80125 ns, Total: 3402750 ns
[2022-09-04T02:41:43.922+0000][1][safepoint    ] Safepoint "Cleanup", Time since last: 1005818625 ns, Reaching safepoint: 2657959 ns, At safepoint: 96916 ns, Total: 2754875 ns
[2022-09-04T02:41:44.931+0000][1][safepoint    ] Safepoint "Cleanup", Time since last: 1005778417 ns, Reaching safepoint: 3239709 ns, At safepoint: 72666 ns, Total: 3312375 ns
[2022-09-04T02:41:45.938+0000][1][safepoint    ] Safepoint "Cleanup", Time since last: 1006256043 ns, Reaching safepoint: 1297416 ns, At safepoint: 36209 ns, Total: 1333625 ns
[2022-09-04T02:41:46.944+0000][1][safepoint    ] Safepoint "Cleanup", Time since last: 1004095292 ns, Reaching safepoint: 1048958 ns, At safepoint: 27750 ns, Total: 1076708 ns
[2022-09-04T02:41:47.947+0000][1][safepoint    ] Safepoint "Cleanup", Time since last: 1002014334 ns, Reaching safepoint: 1528041 ns, At safepoint: 34959 ns, Total: 1563000 ns
[2022-09-04T02:41:48.951+0000][1][safepoint    ] Safepoint "Cleanup", Time since last: 1002603792 ns, Reaching safepoint: 1141792 ns, At safepoint: 31750 ns, Total: 1173542 ns
[2022-09-04T02:41:49.957+0000][1][safepoint    ] Safepoint "Cleanup", Time since last: 1004340917 ns, Reaching safepoint: 1838833 ns, At safepoint: 49250 ns, Total: 1888083 ns
[2022-09-04T02:41:50.969+0000][1][safepoint    ] Safepoint "Cleanup", Time since last: 1010493626 ns, Reaching safepoint: 1158250 ns, At safepoint: 36125 ns, Total: 1194375 ns
[2022-09-04T02:41:51.977+0000][1][safepoint    ] Safepoint "Cleanup", Time since last: 1005158292 ns, Reaching safepoint: 2924666 ns, At safepoint: 67625 ns, Total: 2992291 ns
[2022-09-04T02:41:52.985+0000][1][safepoint    ] Safepoint "Cleanup", Time since last: 1005108293 ns, Reaching safepoint: 2859166 ns, At safepoint: 92584 ns, Total: 2951750 ns
[2022-09-04T02:41:53.996+0000][1][safepoint    ] Safepoint "Cleanup", Time since last: 1006883667 ns, Reaching safepoint: 3404375 ns, At safepoint: 79541 ns, Total: 3483916 ns
[2022-09-04T02:41:55.003+0000][1][safepoint    ] Safepoint "Cleanup", Time since last: 1004751709 ns, Reaching safepoint: 2384417 ns, At safepoint: 305958 ns, Total: 2690375 ns
[2022-09-04T02:41:56.007+0000][1][safepoint    ] Safepoint "Cleanup", Time since last: 1003335917 ns, Reaching safepoint: 1181084 ns, At safepoint: 33875 ns, Total: 1214959 ns
[2022-09-04T02:41:57.014+0000][1][safepoint    ] Safepoint "Cleanup", Time since last: 1003774458 ns, Reaching safepoint: 2779084 ns, At safepoint: 63583 ns, Total: 2842667 ns
[2022-09-04T02:41:58.019+0000][1][safepoint    ] Safepoint "Cleanup", Time since last: 1004201334 ns, Reaching safepoint: 1124500 ns, At safepoint: 32875 ns, Total: 1157375 ns
[2022-09-04T02:41:59.024+0000][1][safepoint    ] Safepoint "Cleanup", Time since last: 1002252209 ns, Reaching safepoint: 2374875 ns, At safepoint: 75208 ns, Total: 2450083 ns
[2022-09-04T02:42:00.029+0000][1][safepoint    ] Safepoint "Cleanup", Time since last: 1003522876 ns, Reaching safepoint: 1736875 ns, At safepoint: 47083 ns, Total: 1783958 ns
[2022-09-04T02:42:01.035+0000][1][safepoint    ] Safepoint "Cleanup", Time since last: 1003938584 ns, Reaching safepoint: 1109708 ns, At safepoint: 31833 ns, Total: 1141541 ns
[2022-09-04T02:42:02.040+0000][1][safepoint    ] Safepoint "Cleanup", Time since last: 1003821668 ns, Reaching safepoint: 1790833 ns, At safepoint: 58083 ns, Total: 1848916 ns
[2022-09-04T02:42:03.047+0000][1][safepoint    ] Safepoint "Cleanup", Time since last: 1004587917 ns, Reaching safepoint: 2328709 ns, At safepoint: 66083 ns, Total: 2394792 ns
[2022-09-04T02:42:04.054+0000][1][safepoint    ] Safepoint "Cleanup", Time since last: 1004280626 ns, Reaching safepoint: 2721083 ns, At safepoint: 79083 ns, Total: 2800166 ns
[2022-09-04T02:42:05.063+0000][1][safepoint    ] Safepoint "Cleanup", Time since last: 1005679626 ns, Reaching safepoint: 2662625 ns, At safepoint: 61583 ns, Total: 2724208 ns
[2022-09-04T02:42:06.067+0000][1][safepoint    ] Safepoint "Cleanup", Time since last: 1003707999 ns, Reaching safepoint: 946500 ns, At safepoint: 23459 ns, Total: 969959 ns
[2022-09-04T02:42:07.070+0000][1][safepoint    ] Safepoint "Cleanup", Time since last: 1002108334 ns, Reaching safepoint: 1400125 ns, At safepoint: 29541 ns, Total: 1429666 ns
[2022-09-04T02:42:08.075+0000][1][safepoint    ] Safepoint "Cleanup", Time since last: 1003257292 ns, Reaching safepoint: 1348417 ns, At safepoint: 51458 ns, Total: 1399875 ns
[2022-09-04T02:42:09.079+0000][1][safepoint    ] Safepoint "Cleanup", Time since last: 1002623168 ns, Reaching safepoint: 1060708 ns, At safepoint: 28750 ns, Total: 1089458 ns
[2022-09-04T02:42:10.084+0000][1][safepoint    ] Safepoint "Cleanup", Time since last: 1004923709 ns, Reaching safepoint: 996666 ns, At safepoint: 27125 ns, Total: 1023791 ns
[2022-09-04T02:42:11.089+0000][1][safepoint    ] Safepoint "Cleanup", Time since last: 1003104459 ns, Reaching safepoint: 935750 ns, At safepoint: 25334 ns, Total: 961084 ns
[2022-09-04T02:42:12.093+0000][1][safepoint    ] Safepoint "Cleanup", Time since last: 1003328875 ns, Reaching safepoint: 866375 ns, At safepoint: 25500 ns, Total: 891875 ns
[2022-09-04T02:42:13.096+0000][1][safepoint    ] Safepoint "Cleanup", Time since last: 1002528876 ns, Reaching safepoint: 733000 ns, At safepoint: 19875 ns, Total: 752875 ns
[2022-09-04T02:42:14.103+0000][1][safepoint    ] Safepoint "Cleanup", Time since last: 1004853583 ns, Reaching safepoint: 1982084 ns, At safepoint: 72750 ns, Total: 2054834 ns
[2022-09-04T02:42:15.107+0000][1][safepoint    ] Safepoint "Cleanup", Time since last: 1003231083 ns, Reaching safepoint: 1063625 ns, At safepoint: 29042 ns, Total: 1092667 ns
[2022-09-04T02:42:16.110+0000][1][safepoint    ] Safepoint "Cleanup", Time since last: 1002123584 ns, Reaching safepoint: 904042 ns, At safepoint: 25083 ns, Total: 929125 ns
[2022-09-04T02:42:17.114+0000][1][safepoint    ] Safepoint "Cleanup", Time since last: 1002556959 ns, Reaching safepoint: 846291 ns, At safepoint: 44292 ns, Total: 890583 ns
[2022-09-04T02:42:18.118+0000][1][safepoint    ] Safepoint "Cleanup", Time since last: 1003165376 ns, Reaching safepoint: 1269416 ns, At safepoint: 45250 ns, Total: 1314666 ns
[2022-09-04T02:42:19.122+0000][1][safepoint    ] Safepoint "Cleanup", Time since last: 1003026251 ns, Reaching safepoint: 1025375 ns, At safepoint: 27041 ns, Total: 1052416 ns
[2022-09-04T02:42:20.128+0000][1][safepoint    ] Safepoint "Cleanup", Time since last: 1004484959 ns, Reaching safepoint: 1365875 ns, At safepoint: 36667 ns, Total: 1402542 ns
[2022-09-04T02:42:21.134+0000][1][safepoint    ] Safepoint "Cleanup", Time since last: 1004663542 ns, Reaching safepoint: 800458 ns, At safepoint: 21667 ns, Total: 822125 ns
[2022-09-04T02:42:22.142+0000][1][safepoint    ] Safepoint "Cleanup", Time since last: 1005149042 ns, Reaching safepoint: 2808875 ns, At safepoint: 98000 ns, Total: 2906875 ns
[2022-09-04T02:42:23.148+0000][1][safepoint    ] Safepoint "Cleanup", Time since last: 1005979709 ns, Reaching safepoint: 743375 ns, At safepoint: 19750 ns, Total: 763125 ns
[2022-09-04T02:42:24.155+0000][1][safepoint    ] Safepoint "Cleanup", Time since last: 1005911917 ns, Reaching safepoint: 942333 ns, At safepoint: 27709 ns, Total: 970042 ns
[2022-09-04T02:42:25.159+0000][1][safepoint    ] Safepoint "Cleanup", Time since last: 1002214667 ns, Reaching safepoint: 901792 ns, At safepoint: 53500 ns, Total: 955292 ns
[2022-09-04T02:42:26.162+0000][1][safepoint    ] Safepoint "Cleanup", Time since last: 1002606000 ns, Reaching safepoint: 695083 ns, At safepoint: 20750 ns, Total: 715833 ns
[2022-09-04T02:42:27.167+0000][1][safepoint    ] Safepoint "Cleanup", Time since last: 1001912501 ns, Reaching safepoint: 3632125 ns, At safepoint: 76750 ns, Total: 3708875 ns
[2022-09-04T02:42:28.177+0000][1][safepoint    ] Safepoint "Cleanup", Time since last: 1006242334 ns, Reaching safepoint: 3195291 ns, At safepoint: 135084 ns, Total: 3330375 ns
[2022-09-04T02:42:29.188+0000][1][safepoint    ] Safepoint "Cleanup", Time since last: 1006905667 ns, Reaching safepoint: 3423458 ns, At safepoint: 76625 ns, Total: 3500083 ns
[2022-09-04T02:42:30.199+0000][1][safepoint    ] Safepoint "Cleanup", Time since last: 1008478834 ns, Reaching safepoint: 2624000 ns, At safepoint: 88667 ns, Total: 2712667 ns
[2022-09-04T02:42:31.210+0000][1][safepoint    ] Safepoint "Cleanup", Time since last: 1009842167 ns, Reaching safepoint: 1143500 ns, At safepoint: 63208 ns, Total: 1206708 ns
[2022-09-04T02:42:32.217+0000][1][safepoint    ] Safepoint "Cleanup", Time since last: 1003775167 ns, Reaching safepoint: 3043584 ns, At safepoint: 90083 ns, Total: 3133667 ns
[2022-09-04T02:42:33.226+0000][1][safepoint    ] Safepoint "Cleanup", Time since last: 1006235834 ns, Reaching safepoint: 2870791 ns, At safepoint: 121917 ns, Total: 2992708 ns
[2022-09-04T02:42:34.233+0000][1][safepoint    ] Safepoint "Cleanup", Time since last: 1004210667 ns, Reaching safepoint: 2594084 ns, At safepoint: 89583 ns, Total: 2683667 ns
[2022-09-04T02:42:35.244+0000][1][safepoint    ] Safepoint "Cleanup", Time since last: 1010472417 ns, Reaching safepoint: 973333 ns, At safepoint: 22542 ns, Total: 995875 ns
[2022-09-04T02:42:36.249+0000][1][safepoint    ] Safepoint "Cleanup", Time since last: 1004302500 ns, Reaching safepoint: 824041 ns, At safepoint: 25209 ns, Total: 849250 ns
[2022-09-04T02:42:37.275+0000][1][safepoint    ] Safepoint "Cleanup", Time since last: 1023828792 ns, Reaching safepoint: 1264375 ns, At safepoint: 30833 ns, Total: 1295208 ns
[2022-09-04T02:42:38.285+0000][1][safepoint    ] Safepoint "Cleanup", Time since last: 1006723084 ns, Reaching safepoint: 3446750 ns, At safepoint: 119542 ns, Total: 3566292 ns
[2022-09-04T02:42:39.292+0000][1][safepoint    ] Safepoint "Cleanup", Time since last: 1004310292 ns, Reaching safepoint: 2813291 ns, At safepoint: 188542 ns, Total: 3001833 ns
[2022-09-04T02:42:40.300+0000][1][safepoint    ] Safepoint "Cleanup", Time since last: 1004237292 ns, Reaching safepoint: 3191375 ns, At safepoint: 103292 ns, Total: 3294667 ns
[2022-09-04T02:42:41.306+0000][1][safepoint    ] Safepoint "Cleanup", Time since last: 1005714542 ns, Reaching safepoint: 885375 ns, At safepoint: 24583 ns, Total: 909958 ns
[2022-09-04T02:42:42.311+0000][1][safepoint    ] Safepoint "Cleanup", Time since last: 1001925376 ns, Reaching safepoint: 2888041 ns, At safepoint: 119917 ns, Total: 3007958 ns
[2022-09-04T02:42:43.326+0000][1][safepoint    ] Safepoint "Cleanup", Time since last: 1010665667 ns, Reaching safepoint: 3573167 ns, At safepoint: 77208 ns, Total: 3650375 ns
[2022-09-04T02:42:44.333+0000][1][safepoint    ] Safepoint "Cleanup", Time since last: 1004876751 ns, Reaching safepoint: 2149125 ns, At safepoint: 56208 ns, Total: 2205333 ns
[2022-09-04T02:42:45.345+0000][1][safepoint    ] Safepoint "Cleanup", Time since last: 1008712501 ns, Reaching safepoint: 3251250 ns, At safepoint: 94750 ns, Total: 3346000 ns
[2022-09-04T02:42:46.357+0000][1][safepoint    ] Safepoint "Cleanup", Time since last: 1011280042 ns, Reaching safepoint: 855041 ns, At safepoint: 21334 ns, Total: 876375 ns
[2022-09-04T02:42:47.360+0000][1][safepoint    ] Safepoint "Cleanup", Time since last: 1001956375 ns, Reaching safepoint: 1201334 ns, At safepoint: 57916 ns, Total: 1259250 ns
[2022-09-04T02:42:48.363+0000][1][safepoint    ] Safepoint "Cleanup", Time since last: 1002418167 ns, Reaching safepoint: 813334 ns, At safepoint: 34833 ns, Total: 848167 ns
[2022-09-04T02:42:49.368+0000][1][safepoint    ] Safepoint "Cleanup", Time since last: 1003217959 ns, Reaching safepoint: 1013041 ns, At safepoint: 26042 ns, Total: 1039083 ns
[2022-09-04T02:42:50.371+0000][1][safepoint    ] Safepoint "Cleanup", Time since last: 1001798251 ns, Reaching safepoint: 1571708 ns, At safepoint: 33542 ns, Total: 1605250 ns
[2022-09-04T02:42:51.376+0000][1][safepoint    ] Safepoint "Cleanup", Time since last: 1003840250 ns, Reaching safepoint: 794542 ns, At safepoint: 22500 ns, Total: 817042 ns
[2022-09-04T02:42:52.379+0000][1][safepoint    ] Safepoint "Cleanup", Time since last: 1001904584 ns, Reaching safepoint: 1007666 ns, At safepoint: 30417 ns, Total: 1038083 ns
[2022-09-04T02:42:53.384+0000][1][safepoint    ] Safepoint "Cleanup", Time since last: 1003693792 ns, Reaching safepoint: 1375375 ns, At safepoint: 36500 ns, Total: 1411875 ns
[2022-09-04T02:42:54.389+0000][1][safepoint    ] Safepoint "Cleanup", Time since last: 1003899376 ns, Reaching safepoint: 1660250 ns, At safepoint: 43583 ns, Total: 1703833 ns
[2022-09-04T02:42:55.397+0000][1][safepoint    ] Safepoint "Cleanup", Time since last: 1004052209 ns, Reaching safepoint: 3493541 ns, At safepoint: 72000 ns, Total: 3565541 ns
[2022-09-04T02:42:56.407+0000][1][safepoint    ] Safepoint "Cleanup", Time since last: 1008983668 ns, Reaching safepoint: 864333 ns, At safepoint: 23250 ns, Total: 887583 ns
[2022-09-04T02:42:57.413+0000][1][safepoint    ] Safepoint "Cleanup", Time since last: 1001984084 ns, Reaching safepoint: 4007416 ns, At safepoint: 134667 ns, Total: 4142083 ns
[2022-09-04T02:42:58.420+0000][1][safepoint    ] Safepoint "Cleanup", Time since last: 1006144875 ns, Reaching safepoint: 1167334 ns, At safepoint: 26291 ns, Total: 1193625 ns
[2022-09-04T02:42:59.423+0000][1][safepoint    ] Safepoint "Cleanup", Time since last: 1001853876 ns, Reaching safepoint: 913042 ns, At safepoint: 123583 ns, Total: 1036625 ns
[2022-09-04T02:43:00.426+0000][1][safepoint    ] Safepoint "Cleanup", Time since last: 1001819167 ns, Reaching safepoint: 1497167 ns, At safepoint: 39083 ns, Total: 1536250 ns
[2022-09-04T02:43:01.433+0000][1][safepoint    ] Safepoint "Cleanup", Time since last: 1005287126 ns, Reaching safepoint: 817875 ns, At safepoint: 21291 ns, Total: 839166 ns
[2022-09-04T02:43:02.436+0000][1][safepoint    ] Safepoint "Cleanup", Time since last: 1002091751 ns, Reaching safepoint: 1017833 ns, At safepoint: 26375 ns, Total: 1044208 ns
[2022-09-04T02:43:03.440+0000][1][safepoint    ] Safepoint "Cleanup", Time since last: 1002024667 ns, Reaching safepoint: 2070667 ns, At safepoint: 111792 ns, Total: 2182459 ns
[2022-09-04T02:43:04.445+0000][1][safepoint    ] Safepoint "Cleanup", Time since last: 1004191875 ns, Reaching safepoint: 1267750 ns, At safepoint: 42250 ns, Total: 1310000 ns
[2022-09-04T02:43:05.455+0000][1][safepoint    ] Safepoint "Cleanup", Time since last: 1007422625 ns, Reaching safepoint: 2243459 ns, At safepoint: 49500 ns, Total: 2292959 ns
[2022-09-04T02:43:06.462+0000][1][safepoint    ] Safepoint "Cleanup", Time since last: 1006882458 ns, Reaching safepoint: 762709 ns, At safepoint: 26208 ns, Total: 788917 ns
[2022-09-04T02:43:07.465+0000][1][safepoint    ] Safepoint "Cleanup", Time since last: 1001884292 ns, Reaching safepoint: 858042 ns, At safepoint: 24500 ns, Total: 882542 ns
[2022-09-04T02:43:08.468+0000][1][safepoint    ] Safepoint "Cleanup", Time since last: 1001885000 ns, Reaching safepoint: 977792 ns, At safepoint: 25792 ns, Total: 1003584 ns
[2022-09-04T02:43:09.471+0000][1][safepoint    ] Safepoint "Cleanup", Time since last: 1001717500 ns, Reaching safepoint: 1467292 ns, At safepoint: 38875 ns, Total: 1506167 ns
[2022-09-04T02:43:10.476+0000][1][safepoint    ] Safepoint "Cleanup", Time since last: 1002826000 ns, Reaching safepoint: 1809292 ns, At safepoint: 40042 ns, Total: 1849334 ns
[2022-09-04T02:43:10.655+0000][1][safepoint    ] Safepoint "RevokeBias", Time since last: 175851041 ns, Reaching safepoint: 1125584 ns, At safepoint: 1740625 ns, Total: 2866209 ns
[2022-09-04T02:43:11.660+0000][1][safepoint    ] Safepoint "Cleanup", Time since last: 1004378792 ns, Reaching safepoint: 850500 ns, At safepoint: 22250 ns, Total: 872750 ns
[2022-09-04T02:43:12.182+0000][1][safepoint    ] Safepoint "RevokeBias", Time since last: 521303500 ns, Reaching safepoint: 780458 ns, At safepoint: 105625 ns, Total: 886083 ns
[2022-09-04T02:43:13.187+0000][1][safepoint    ] Safepoint "Cleanup", Time since last: 1002921043 ns, Reaching safepoint: 1447666 ns, At safepoint: 39834 ns, Total: 1487500 ns
[2022-09-04T02:43:14.193+0000][1][safepoint    ] Safepoint "Cleanup", Time since last: 1005268500 ns, Reaching safepoint: 1279042 ns, At safepoint: 30833 ns, Total: 1309875 ns
[2022-09-04T02:43:15.196+0000][1][safepoint    ] Safepoint "Cleanup", Time since last: 1002254126 ns, Reaching safepoint: 1100583 ns, At safepoint: 27792 ns, Total: 1128375 ns
[2022-09-04T02:43:16.205+0000][1][safepoint    ] Safepoint "Cleanup", Time since last: 1007350167 ns, Reaching safepoint: 947708 ns, At safepoint: 20958 ns, Total: 968666 ns
[2022-09-04T02:43:17.208+0000][1][safepoint    ] Safepoint "Cleanup", Time since last: 1002726626 ns, Reaching safepoint: 799041 ns, At safepoint: 19667 ns, Total: 818708 ns
[2022-09-04T02:43:18.212+0000][1][safepoint    ] Safepoint "Cleanup", Time since last: 1003201751 ns, Reaching safepoint: 741083 ns, At safepoint: 21083 ns, Total: 762166 ns
[2022-09-04T02:43:19.215+0000][1][safepoint    ] Safepoint "Cleanup", Time since last: 1001681459 ns, Reaching safepoint: 1440417 ns, At safepoint: 37833 ns, Total: 1478250 ns
[2022-09-04T02:43:20.222+0000][1][safepoint    ] Safepoint "Cleanup", Time since last: 1005450709 ns, Reaching safepoint: 1350417 ns, At safepoint: 32458 ns, Total: 1382875 ns
[2022-09-04T02:43:21.226+0000][1][safepoint    ] Safepoint "Cleanup", Time since last: 1002988709 ns, Reaching safepoint: 920416 ns, At safepoint: 21000 ns, Total: 941416 ns
[2022-09-04T02:43:22.229+0000][1][safepoint    ] Safepoint "Cleanup", Time since last: 1001718293 ns, Reaching safepoint: 787333 ns, At safepoint: 29750 ns, Total: 817083 ns
[2022-09-04T02:43:23.240+0000][1][safepoint    ] Safepoint "Cleanup", Time since last: 1008939542 ns, Reaching safepoint: 2427458 ns, At safepoint: 68084 ns, Total: 2495542 ns
[2022-09-04T02:43:24.248+0000][1][safepoint    ] Safepoint "Cleanup", Time since last: 1006352042 ns, Reaching safepoint: 1112500 ns, At safepoint: 29833 ns, Total: 1142333 ns
[2022-09-04T02:43:25.251+0000][1][safepoint    ] Safepoint "Cleanup", Time since last: 1001990084 ns, Reaching safepoint: 1408792 ns, At safepoint: 35041 ns, Total: 1443833 ns
[2022-09-04T02:43:26.255+0000][1][safepoint    ] Safepoint "Cleanup", Time since last: 1002984709 ns, Reaching safepoint: 1196292 ns, At safepoint: 92916 ns, Total: 1289208 ns
[2022-09-04T02:43:27.264+0000][1][safepoint    ] Safepoint "Cleanup", Time since last: 1005691668 ns, Reaching safepoint: 2682000 ns, At safepoint: 117041 ns, Total: 2799041 ns
[2022-09-04T02:43:28.282+0000][1][safepoint    ] Safepoint "Cleanup", Time since last: 1014326959 ns, Reaching safepoint: 3150750 ns, At safepoint: 145667 ns, Total: 3296417 ns
[2022-09-04T02:43:29.292+0000][1][safepoint    ] Safepoint "Cleanup", Time since last: 1008229917 ns, Reaching safepoint: 1809792 ns, At safepoint: 81750 ns, Total: 1891542 ns
[2022-09-04T02:43:30.300+0000][1][safepoint    ] Safepoint "Cleanup", Time since last: 1004461667 ns, Reaching safepoint: 3208875 ns, At safepoint: 113750 ns, Total: 3322625 ns
[2022-09-04T02:43:31.481+0000][1][safepoint    ] Safepoint "Cleanup", Time since last: 1181054959 ns, Reaching safepoint: 700541 ns, At safepoint: 21500 ns, Total: 722041 ns
[2022-09-04T02:43:32.484+0000][1][safepoint    ] Safepoint "Cleanup", Time since last: 1001860709 ns, Reaching safepoint: 708208 ns, At safepoint: 18959 ns, Total: 727167 ns
[2022-09-04T02:43:33.489+0000][1][safepoint    ] Safepoint "Cleanup", Time since last: 1002995459 ns, Reaching safepoint: 1845875 ns, At safepoint: 42875 ns, Total: 1888750 ns
[2022-09-04T02:43:34.495+0000][1][safepoint    ] Safepoint "Cleanup", Time since last: 1004647000 ns, Reaching safepoint: 1161292 ns, At safepoint: 30625 ns, Total: 1191917 ns
[2022-09-04T02:43:35.502+0000][1][safepoint    ] Safepoint "Cleanup", Time since last: 1006372292 ns, Reaching safepoint: 1544000 ns, At safepoint: 42250 ns, Total: 1586250 ns
[2022-09-04T02:43:36.506+0000][1][safepoint    ] Safepoint "Cleanup", Time since last: 1003136292 ns, Reaching safepoint: 792708 ns, At safepoint: 18125 ns, Total: 810833 ns
[2022-09-04T02:43:37.509+0000][1][safepoint    ] Safepoint "Cleanup", Time since last: 1001839167 ns, Reaching safepoint: 884125 ns, At safepoint: 24709 ns, Total: 908834 ns
[2022-09-04T02:43:38.512+0000][1][safepoint    ] Safepoint "Cleanup", Time since last: 1002161000 ns, Reaching safepoint: 1201375 ns, At safepoint: 35167 ns, Total: 1236542 ns
[2022-09-04T02:43:39.516+0000][1][safepoint    ] Safepoint "Cleanup", Time since last: 1002529125 ns, Reaching safepoint: 772500 ns, At safepoint: 21000 ns, Total: 793500 ns
[2022-09-04T02:43:40.521+0000][1][safepoint    ] Safepoint "Cleanup", Time since last: 1003911876 ns, Reaching safepoint: 1180750 ns, At safepoint: 33500 ns, Total: 1214250 ns
[2022-09-04T02:43:41.527+0000][1][safepoint    ] Safepoint "Cleanup", Time since last: 1004940958 ns, Reaching safepoint: 733917 ns, At safepoint: 18375 ns, Total: 752292 ns
[2022-09-04T02:43:42.531+0000][1][safepoint    ] Safepoint "Cleanup", Time since last: 1003779501 ns, Reaching safepoint: 982041 ns, At safepoint: 22125 ns, Total: 1004166 ns
[2022-09-04T02:43:43.535+0000][1][safepoint    ] Safepoint "Cleanup", Time since last: 1001842626 ns, Reaching safepoint: 1690166 ns, At safepoint: 43834 ns, Total: 1734000 ns
[2022-09-04T02:43:44.541+0000][1][safepoint    ] Safepoint "Cleanup", Time since last: 1004889417 ns, Reaching safepoint: 985917 ns, At safepoint: 25916 ns, Total: 1011833 ns
[2022-09-04T02:43:45.544+0000][1][safepoint    ] Safepoint "Cleanup", Time since last: 1002177001 ns, Reaching safepoint: 1304208 ns, At safepoint: 28125 ns, Total: 1332333 ns
[2022-09-04T02:43:46.548+0000][1][safepoint    ] Safepoint "Cleanup", Time since last: 1003132750 ns, Reaching safepoint: 714542 ns, At safepoint: 22792 ns, Total: 737334 ns
[2022-09-04T02:43:47.551+0000][1][safepoint    ] Safepoint "Cleanup", Time since last: 1001827917 ns, Reaching safepoint: 744292 ns, At safepoint: 20208 ns, Total: 764500 ns
[2022-09-04T02:43:48.553+0000][1][safepoint    ] Safepoint "Cleanup", Time since last: 1001532917 ns, Reaching safepoint: 959833 ns, At safepoint: 66459 ns, Total: 1026292 ns
[2022-09-04T02:43:49.558+0000][1][safepoint    ] Safepoint "Cleanup", Time since last: 1001994250 ns, Reaching safepoint: 1959584 ns, At safepoint: 108250 ns, Total: 2067834 ns
[2022-09-04T02:43:50.562+0000][1][safepoint    ] Safepoint "Cleanup", Time since last: 1004047375 ns, Reaching safepoint: 857792 ns, At safepoint: 20750 ns, Total: 878542 ns
[2022-09-04T02:43:51.565+0000][1][safepoint    ] Safepoint "Cleanup", Time since last: 1002321209 ns, Reaching safepoint: 682958 ns, At safepoint: 18375 ns, Total: 701333 ns
[2022-09-04T02:43:52.570+0000][1][safepoint    ] Safepoint "Cleanup", Time since last: 1002961375 ns, Reaching safepoint: 1256417 ns, At safepoint: 28167 ns, Total: 1284584 ns
[2022-09-04T02:43:53.575+0000][1][safepoint    ] Safepoint "Cleanup", Time since last: 1002787709 ns, Reaching safepoint: 2351000 ns, At safepoint: 65958 ns, Total: 2416958 ns
[2022-09-04T02:43:54.580+0000][1][safepoint    ] Safepoint "Cleanup", Time since last: 1004140834 ns, Reaching safepoint: 1438291 ns, At safepoint: 89625 ns, Total: 1527916 ns
[2022-09-04T02:43:56.550+0000][1][safepoint    ] Safepoint "Cleanup", Time since last: 1969360585 ns, Reaching safepoint: 649083 ns, At safepoint: 21458 ns, Total: 670541 ns
[2022-09-04T02:43:57.554+0000][1][safepoint    ] Safepoint "Cleanup", Time since last: 1002112959 ns, Reaching safepoint: 1142750 ns, At safepoint: 25625 ns, Total: 1168375 ns
[2022-09-04T02:43:58.557+0000][1][safepoint    ] Safepoint "Cleanup", Time since last: 1002259792 ns, Reaching safepoint: 1191834 ns, At safepoint: 36416 ns, Total: 1228250 ns
[2022-09-04T02:43:59.562+0000][1][safepoint    ] Safepoint "Cleanup", Time since last: 1002454709 ns, Reaching safepoint: 2547750 ns, At safepoint: 76333 ns, Total: 2624083 ns
[2022-09-04T02:44:00.568+0000][1][safepoint    ] Safepoint "Cleanup", Time since last: 1004623959 ns, Reaching safepoint: 772584 ns, At safepoint: 18458 ns, Total: 791042 ns
[2022-09-04T02:44:01.570+0000][1][safepoint    ] Safepoint "Cleanup", Time since last: 1001873084 ns, Reaching safepoint: 717208 ns, At safepoint: 26000 ns, Total: 743208 ns
[2022-09-04T02:44:02.573+0000][1][safepoint    ] Safepoint "Cleanup", Time since last: 1002052250 ns, Reaching safepoint: 718375 ns, At safepoint: 21875 ns, Total: 740250 ns
[2022-09-04T02:44:03.579+0000][1][safepoint    ] Safepoint "Cleanup", Time since last: 1003829584 ns, Reaching safepoint: 1924625 ns, At safepoint: 40500 ns, Total: 1965125 ns
[2022-09-04T02:44:04.583+0000][1][safepoint    ] Safepoint "Cleanup", Time since last: 1003047126 ns, Reaching safepoint: 1189625 ns, At safepoint: 35000 ns, Total: 1224625 ns
[2022-09-04T02:44:05.586+0000][1][safepoint    ] Safepoint "Cleanup", Time since last: 1002494750 ns, Reaching safepoint: 1035166 ns, At safepoint: 28209 ns, Total: 1063375 ns
[2022-09-04T02:44:06.590+0000][1][safepoint    ] Safepoint "Cleanup", Time since last: 1002495625 ns, Reaching safepoint: 734583 ns, At safepoint: 33709 ns, Total: 768292 ns
[2022-09-04T02:44:07.593+0000][1][safepoint    ] Safepoint "Cleanup", Time since last: 1001847917 ns, Reaching safepoint: 922333 ns, At safepoint: 27250 ns, Total: 949583 ns
[2022-09-04T02:44:08.596+0000][1][safepoint    ] Safepoint "Cleanup", Time since last: 1002046792 ns, Reaching safepoint: 1013500 ns, At safepoint: 42417 ns, Total: 1055917 ns
[2022-09-04T02:44:09.601+0000][1][safepoint    ] Safepoint "Cleanup", Time since last: 1004051209 ns, Reaching safepoint: 1544208 ns, At safepoint: 34334 ns, Total: 1578542 ns
[2022-09-04T02:44:10.606+0000][1][safepoint    ] Safepoint "Cleanup", Time since last: 1004129583 ns, Reaching safepoint: 855542 ns, At safepoint: 21750 ns, Total: 877292 ns
[2022-09-04T02:44:11.613+0000][1][safepoint    ] Safepoint "Cleanup", Time since last: 1006334584 ns, Reaching safepoint: 818958 ns, At safepoint: 19500 ns, Total: 838458 ns
[2022-09-04T02:44:12.616+0000][1][safepoint    ] Safepoint "Cleanup", Time since last: 1001413667 ns, Reaching safepoint: 748209 ns, At safepoint: 18750 ns, Total: 766959 ns
[2022-09-04T02:44:13.618+0000][1][safepoint    ] Safepoint "Cleanup", Time since last: 1001500083 ns, Reaching safepoint: 809875 ns, At safepoint: 24000 ns, Total: 833875 ns
[2022-09-04T02:44:14.620+0000][1][safepoint    ] Safepoint "Cleanup", Time since last: 1001343251 ns, Reaching safepoint: 1050500 ns, At safepoint: 26083 ns, Total: 1076583 ns
[2022-09-04T02:44:15.628+0000][1][safepoint    ] Safepoint "Cleanup", Time since last: 1006313751 ns, Reaching safepoint: 1063416 ns, At safepoint: 27209 ns, Total: 1090625 ns
[2022-09-04T02:44:16.637+0000][1][safepoint    ] Safepoint "Cleanup", Time since last: 1008067209 ns, Reaching safepoint: 806333 ns, At safepoint: 19250 ns, Total: 825583 ns
[2022-09-04T02:44:17.645+0000][1][safepoint    ] Safepoint "Cleanup", Time since last: 1006637875 ns, Reaching safepoint: 1219834 ns, At safepoint: 27833 ns, Total: 1247667 ns
[2022-09-04T02:44:18.651+0000][1][safepoint    ] Safepoint "Cleanup", Time since last: 1005947792 ns, Reaching safepoint: 803667 ns, At safepoint: 22416 ns, Total: 826083 ns
[2022-09-04T02:44:19.654+0000][1][safepoint    ] Safepoint "Cleanup", Time since last: 1001828959 ns, Reaching safepoint: 1068500 ns, At safepoint: 29292 ns, Total: 1097792 ns
[2022-09-04T02:44:20.666+0000][1][safepoint    ] Safepoint "Cleanup", Time since last: 1009997042 ns, Reaching safepoint: 1380750 ns, At safepoint: 110708 ns, Total: 1491458 ns
[2022-09-04T02:44:21.671+0000][1][safepoint    ] Safepoint "Cleanup", Time since last: 1004216459 ns, Reaching safepoint: 938000 ns, At safepoint: 27334 ns, Total: 965334 ns
[2022-09-04T02:44:22.676+0000][1][safepoint    ] Safepoint "Cleanup", Time since last: 1003772542 ns, Reaching safepoint: 936625 ns, At safepoint: 25250 ns, Total: 961875 ns
[2022-09-04T02:44:23.682+0000][1][safepoint    ] Safepoint "Cleanup", Time since last: 1003363125 ns, Reaching safepoint: 2423209 ns, At safepoint: 64208 ns, Total: 2487417 ns
[2022-09-04T02:44:24.686+0000][1][safepoint    ] Safepoint "Cleanup", Time since last: 1003506792 ns, Reaching safepoint: 839958 ns, At safepoint: 23750 ns, Total: 863708 ns
[2022-09-04T02:44:25.692+0000][1][safepoint    ] Safepoint "Cleanup", Time since last: 1002960209 ns, Reaching safepoint: 2938084 ns, At safepoint: 63125 ns, Total: 3001209 ns
[2022-09-04T02:44:26.711+0000][1][safepoint    ] Safepoint "Cleanup", Time since last: 1018544458 ns, Reaching safepoint: 894292 ns, At safepoint: 26250 ns, Total: 920542 ns
[2022-09-04T02:44:27.715+0000][1][safepoint    ] Safepoint "Cleanup", Time since last: 1002426250 ns, Reaching safepoint: 985292 ns, At safepoint: 21417 ns, Total: 1006709 ns
[2022-09-04T02:44:29.613+0000][1][safepoint    ] Safepoint "Cleanup", Time since last: 1896804417 ns, Reaching safepoint: 1153209 ns, At safepoint: 37875 ns, Total: 1191084 ns
[2022-09-04T02:44:30.620+0000][1][safepoint    ] Safepoint "Cleanup", Time since last: 1006093750 ns, Reaching safepoint: 927584 ns, At safepoint: 20750 ns, Total: 948334 ns
[2022-09-04T02:44:31.623+0000][1][safepoint    ] Safepoint "Cleanup", Time since last: 1002053667 ns, Reaching safepoint: 1032291 ns, At safepoint: 31250 ns, Total: 1063541 ns
[2022-09-04T02:44:32.627+0000][1][safepoint    ] Safepoint "Cleanup", Time since last: 1003085292 ns, Reaching safepoint: 839167 ns, At safepoint: 29958 ns, Total: 869125 ns
[2022-09-04T02:44:33.635+0000][1][safepoint    ] Safepoint "Cleanup", Time since last: 1004352043 ns, Reaching safepoint: 3515666 ns, At safepoint: 107750 ns, Total: 3623416 ns
[2022-09-04T02:44:34.640+0000][1][safepoint    ] Safepoint "Cleanup", Time since last: 1003959334 ns, Reaching safepoint: 968583 ns, At safepoint: 27750 ns, Total: 996333 ns
[2022-09-04T03:00:20.352+0000][1][safepoint    ] Safepoint "Cleanup", Time since last: 1003272751 ns, Reaching safepoint: 2195666 ns, At safepoint: 82167 ns, Total: 2277833 ns
[2022-09-04T03:00:21.363+0000][1][safepoint    ] Safepoint "Cleanup", Time since last: 1010617209 ns, Reaching safepoint: 841916 ns, At safepoint: 25750 ns, Total: 867666 ns
[2022-09-04T03:00:22.368+0000][1][safepoint    ] Safepoint "Cleanup", Time since last: 1002031376 ns, Reaching safepoint: 2837375 ns, At safepoint: 76875 ns, Total: 2914250 ns
[2022-09-04T03:00:23.372+0000][1][safepoint    ] Safepoint "Cleanup", Time since last: 1002930417 ns, Reaching safepoint: 1001792 ns, At safepoint: 53875 ns, Total: 1055667 ns
[2022-09-04T03:00:24.375+0000][1][safepoint    ] Safepoint "Cleanup", Time since last: 1001870500 ns, Reaching safepoint: 1223000 ns, At safepoint: 30792 ns, Total: 1253792 ns
[2022-09-04T03:00:25.381+0000][1][safepoint    ] Safepoint "Cleanup", Time since last: 1003180500 ns, Reaching safepoint: 1885667 ns, At safepoint: 82250 ns, Total: 1967917 ns
[2022-09-04T03:00:26.388+0000][1][safepoint    ] Safepoint "Cleanup", Time since last: 1006184542 ns, Reaching safepoint: 749708 ns, At safepoint: 20625 ns, Total: 770333 ns
[2022-09-04T03:00:27.390+0000][1][safepoint    ] Safepoint "Cleanup", Time since last: 1001702918 ns, Reaching safepoint: 792166 ns, At safepoint: 20000 ns, Total: 812166 ns
[2022-09-04T03:00:28.395+0000][1][safepoint    ] Safepoint "Cleanup", Time since last: 1001707667 ns, Reaching safepoint: 2655334 ns, At safepoint: 59500 ns, Total: 2714834 ns
[2022-09-04T03:00:29.400+0000][1][safepoint    ] Safepoint "Cleanup", Time since last: 1004117792 ns, Reaching safepoint: 1157208 ns, At safepoint: 27292 ns, Total: 1184500 ns
[2022-09-04T03:00:30.405+0000][1][safepoint    ] Safepoint "Cleanup", Time since last: 1003233000 ns, Reaching safepoint: 2198334 ns, At safepoint: 56208 ns, Total: 2254542 ns
[2022-09-04T03:00:31.411+0000][1][safepoint    ] Safepoint "Cleanup", Time since last: 1005014501 ns, Reaching safepoint: 797500 ns, At safepoint: 21833 ns, Total: 819333 ns
[2022-09-04T03:00:32.414+0000][1][safepoint    ] Safepoint "Cleanup", Time since last: 1001972625 ns, Reaching safepoint: 969959 ns, At safepoint: 23500 ns, Total: 993459 ns
[2022-09-04T03:00:33.418+0000][1][safepoint    ] Safepoint "Cleanup", Time since last: 1002530084 ns, Reaching safepoint: 1677250 ns, At safepoint: 47083 ns, Total: 1724333 ns
[2022-09-04T03:00:34.449+0000][1][safepoint    ] Safepoint "Cleanup", Time since last: 1027872417 ns, Reaching safepoint: 2402042 ns, At safepoint: 147250 ns, Total: 2549292 ns
[2022-09-04T03:00:35.454+0000][1][safepoint    ] Safepoint "Cleanup", Time since last: 1003983333 ns, Reaching safepoint: 1568334 ns, At safepoint: 43875 ns, Total: 1612209 ns
[2022-09-04T03:00:36.651+0000][1][safepoint    ] Safepoint "Cleanup", Time since last: 1194013875 ns, Reaching safepoint: 2443709 ns, At safepoint: 31625 ns, Total: 2475334 ns
[2022-09-04T03:00:37.659+0000][1][safepoint    ] Safepoint "Cleanup", Time since last: 1006856750 ns, Reaching safepoint: 850375 ns, At safepoint: 42709 ns, Total: 893084 ns
[2022-09-04T03:00:38.664+0000][1][safepoint    ] Safepoint "Cleanup", Time since last: 1003950917 ns, Reaching safepoint: 1634000 ns, At safepoint: 57541 ns, Total: 1691541 ns
[2022-09-04T03:00:39.672+0000][1][safepoint    ] Safepoint "Cleanup", Time since last: 1005796626 ns, Reaching safepoint: 2020541 ns, At safepoint: 48875 ns, Total: 2069416 ns
[2022-09-04T03:00:40.678+0000][1][safepoint    ] Safepoint "Cleanup", Time since last: 1002762834 ns, Reaching safepoint: 3488042 ns, At safepoint: 84042 ns, Total: 3572084 ns
[2022-09-04T03:00:41.690+0000][1][safepoint    ] Safepoint "Cleanup", Time since last: 1010303917 ns, Reaching safepoint: 1184666 ns, At safepoint: 32250 ns, Total: 1216916 ns
[2022-09-04T03:00:42.696+0000][1][safepoint    ] Safepoint "Cleanup", Time since last: 1003778168 ns, Reaching safepoint: 2376500 ns, At safepoint: 64291 ns, Total: 2440791 ns
[2022-09-04T03:00:43.703+0000][1][safepoint    ] Safepoint "Cleanup", Time since last: 1003796042 ns, Reaching safepoint: 2790667 ns, At safepoint: 68500 ns, Total: 2859167 ns
[2022-09-04T03:00:44.719+0000][1][safepoint    ] Safepoint "Cleanup", Time since last: 1013336501 ns, Reaching safepoint: 2293166 ns, At safepoint: 61709 ns, Total: 2354875 ns
[2022-09-04T03:00:45.724+0000][1][safepoint    ] Safepoint "Cleanup", Time since last: 1003799250 ns, Reaching safepoint: 2027958 ns, At safepoint: 54167 ns, Total: 2082125 ns
[2022-09-04T03:00:46.732+0000][1][safepoint    ] Safepoint "Cleanup", Time since last: 1005773917 ns, Reaching safepoint: 1665125 ns, At safepoint: 44500 ns, Total: 1709625 ns
[2022-09-04T03:00:47.741+0000][1][safepoint    ] Safepoint "Cleanup", Time since last: 1007861959 ns, Reaching safepoint: 1219083 ns, At safepoint: 35167 ns, Total: 1254250 ns
[2022-09-04T03:00:48.751+0000][1][safepoint    ] Safepoint "Cleanup", Time since last: 1006144750 ns, Reaching safepoint: 3260167 ns, At safepoint: 97917 ns, Total: 3358084 ns
[2022-09-04T03:00:49.770+0000][1][safepoint    ] Safepoint "Cleanup", Time since last: 1017549542 ns, Reaching safepoint: 2260208 ns, At safepoint: 46875 ns, Total: 2307083 ns
[2022-09-04T03:21:01.376+0000][1][safepoint    ] Safepoint "Cleanup", Time since last: 1005134042 ns, Reaching safepoint: 2453500 ns, At safepoint: 82083 ns, Total: 2535583 ns
[2022-09-04T03:21:02.565+0000][1][safepoint    ] Safepoint "Cleanup", Time since last: 1187518084 ns, Reaching safepoint: 1054792 ns, At safepoint: 24500 ns, Total: 1079292 ns
[2022-09-04T03:21:03.582+0000][1][safepoint    ] Safepoint "Cleanup", Time since last: 1012283001 ns, Reaching safepoint: 5170833 ns, At safepoint: 85792 ns, Total: 5256625 ns
[2022-09-04T03:21:04.592+0000][1][safepoint    ] Safepoint "Cleanup", Time since last: 1006785708 ns, Reaching safepoint: 2354334 ns, At safepoint: 83583 ns, Total: 2437917 ns
[2022-09-04T03:21:05.599+0000][1][safepoint    ] Safepoint "Cleanup", Time since last: 1004529917 ns, Reaching safepoint: 2649417 ns, At safepoint: 69541 ns, Total: 2718958 ns
[2022-09-04T03:21:06.605+0000][1][safepoint    ] Safepoint "Cleanup", Time since last: 1005050668 ns, Reaching safepoint: 761958 ns, At safepoint: 21667 ns, Total: 783625 ns
[2022-09-04T03:21:07.610+0000][1][safepoint    ] Safepoint "Cleanup", Time since last: 1003763125 ns, Reaching safepoint: 1056667 ns, At safepoint: 29250 ns, Total: 1085917 ns
[2022-09-04T03:21:08.627+0000][1][safepoint    ] Safepoint "Cleanup", Time since last: 1016680834 ns, Reaching safepoint: 947708 ns, At safepoint: 42625 ns, Total: 990333 ns
[2022-09-04T03:21:09.632+0000][1][safepoint    ] Safepoint "Cleanup", Time since last: 1001843084 ns, Reaching safepoint: 3314541 ns, At safepoint: 92959 ns, Total: 3407500 ns
[2022-09-04T03:21:10.641+0000][1][safepoint    ] Safepoint "Cleanup", Time since last: 1006153792 ns, Reaching safepoint: 1840458 ns, At safepoint: 54167 ns, Total: 1894625 ns
[2022-09-04T03:21:11.647+0000][1][safepoint    ] Safepoint "Cleanup", Time since last: 1005256709 ns, Reaching safepoint: 774583 ns, At safepoint: 20583 ns, Total: 795166 ns
[2022-09-04T03:21:12.651+0000][1][safepoint    ] Safepoint "Cleanup", Time since last: 1002965584 ns, Reaching safepoint: 1121000 ns, At safepoint: 26209 ns, Total: 1147209 ns
[2022-09-04T03:21:13.655+0000][1][safepoint    ] Safepoint "Cleanup", Time since last: 1002063708 ns, Reaching safepoint: 1796250 ns, At safepoint: 73792 ns, Total: 1870042 ns
[2022-09-04T03:21:14.662+0000][1][safepoint    ] Safepoint "Cleanup", Time since last: 1003376459 ns, Reaching safepoint: 3623666 ns, At safepoint: 84042 ns, Total: 3707708 ns
[2022-09-04T03:21:15.670+0000][1][safepoint    ] Safepoint "Cleanup", Time since last: 1007535209 ns, Reaching safepoint: 1123958 ns, At safepoint: 29792 ns, Total: 1153750 ns
[2022-09-04T03:21:16.676+0000][1][safepoint    ] Safepoint "Cleanup", Time since last: 1004934792 ns, Reaching safepoint: 791333 ns, At safepoint: 21084 ns, Total: 812417 ns
[2022-09-04T03:21:17.679+0000][1][safepoint    ] Safepoint "Cleanup", Time since last: 1001780250 ns, Reaching safepoint: 1005334 ns, At safepoint: 30666 ns, Total: 1036000 ns
[2022-09-04T03:21:18.687+0000][1][safepoint    ] Safepoint "Cleanup", Time since last: 1006425584 ns, Reaching safepoint: 1799542 ns, At safepoint: 60916 ns, Total: 1860458 ns
[2022-09-04T03:21:19.691+0000][1][safepoint    ] Safepoint "Cleanup", Time since last: 1002933459 ns, Reaching safepoint: 991792 ns, At safepoint: 21500 ns, Total: 1013292 ns
[2022-09-04T03:21:20.698+0000][1][safepoint    ] Safepoint "Cleanup", Time since last: 1003231042 ns, Reaching safepoint: 3553375 ns, At safepoint: 107250 ns, Total: 3660625 ns
[2022-09-04T03:21:21.706+0000][1][safepoint    ] Safepoint "Cleanup", Time since last: 1006871042 ns, Reaching safepoint: 831959 ns, At safepoint: 20958 ns, Total: 852917 ns
[2022-09-04T03:21:22.712+0000][1][safepoint    ] Safepoint "Cleanup", Time since last: 1002477959 ns, Reaching safepoint: 3551000 ns, At safepoint: 175625 ns, Total: 3726625 ns
[2022-09-04T03:21:23.726+0000][1][safepoint    ] Safepoint "Cleanup", Time since last: 1012830792 ns, Reaching safepoint: 1041208 ns, At safepoint: 49000 ns, Total: 1090208 ns
[2022-09-04T03:21:24.732+0000][1][safepoint    ] Safepoint "Cleanup", Time since last: 1002146292 ns, Reaching safepoint: 4142834 ns, At safepoint: 97208 ns, Total: 4240042 ns
[2022-09-04T03:21:25.738+0000][1][safepoint    ] Safepoint "Cleanup", Time since last: 1004772459 ns, Reaching safepoint: 1406416 ns, At safepoint: 32917 ns, Total: 1439333 ns
[2022-09-04T03:21:26.742+0000][1][safepoint    ] Safepoint "Cleanup", Time since last: 1003091834 ns, Reaching safepoint: 764333 ns, At safepoint: 21959 ns, Total: 786292 ns
[2022-09-04T03:21:27.745+0000][1][safepoint    ] Safepoint "Cleanup", Time since last: 1001892875 ns, Reaching safepoint: 862042 ns, At safepoint: 20333 ns, Total: 882375 ns
[2022-09-04T03:21:28.750+0000][1][safepoint    ] Safepoint "Cleanup", Time since last: 1001856459 ns, Reaching safepoint: 2963250 ns, At safepoint: 75917 ns, Total: 3039167 ns
[2022-09-04T03:21:29.755+0000][1][safepoint    ] Safepoint "Cleanup", Time since last: 1003675625 ns, Reaching safepoint: 1288958 ns, At safepoint: 28667 ns, Total: 1317625 ns
[2022-09-04T03:36:28.421+0000][1][safepoint    ] Safepoint "Cleanup", Time since last: 1002157417 ns, Reaching safepoint: 1471666 ns, At safepoint: 40417 ns, Total: 1512083 ns
[2022-09-04T03:36:29.425+0000][1][safepoint    ] Safepoint "Cleanup", Time since last: 1003375125 ns, Reaching safepoint: 838250 ns, At safepoint: 19792 ns, Total: 858042 ns
[2022-09-04T03:36:30.429+0000][1][safepoint    ] Safepoint "Cleanup", Time since last: 1002371917 ns, Reaching safepoint: 1080417 ns, At safepoint: 26041 ns, Total: 1106458 ns
[2022-09-04T03:36:31.431+0000][1][safepoint    ] Safepoint "Cleanup", Time since last: 1001686543 ns, Reaching safepoint: 932875 ns, At safepoint: 24041 ns, Total: 956916 ns
[2022-09-04T03:36:32.438+0000][1][safepoint    ] Safepoint "Cleanup", Time since last: 1004107876 ns, Reaching safepoint: 2343375 ns, At safepoint: 82250 ns, Total: 2425625 ns
[2022-09-04T03:36:33.445+0000][1][safepoint    ] Safepoint "Cleanup", Time since last: 1005816750 ns, Reaching safepoint: 1394709 ns, At safepoint: 37958 ns, Total: 1432667 ns
[2022-09-04T03:36:34.451+0000][1][safepoint    ] Safepoint "Cleanup", Time since last: 1004728167 ns, Reaching safepoint: 866042 ns, At safepoint: 22083 ns, Total: 888125 ns
[2022-09-04T03:36:35.455+0000][1][safepoint    ] Safepoint "Cleanup", Time since last: 1002595584 ns, Reaching safepoint: 1399292 ns, At safepoint: 34583 ns, Total: 1433875 ns
[2022-09-04T03:36:36.937+0000][1][safepoint    ] Safepoint "Cleanup", Time since last: 1479456751 ns, Reaching safepoint: 2780000 ns, At safepoint: 90583 ns, Total: 2870583 ns
[2022-09-04T03:36:37.945+0000][1][safepoint    ] Safepoint "Cleanup", Time since last: 1004798417 ns, Reaching safepoint: 3550042 ns, At safepoint: 119875 ns, Total: 3669917 ns
[2022-09-04T03:36:38.955+0000][1][safepoint    ] Safepoint "Cleanup", Time since last: 1005942167 ns, Reaching safepoint: 3561833 ns, At safepoint: 160834 ns, Total: 3722667 ns
[2022-09-04T03:36:39.967+0000][1][safepoint    ] Safepoint "Cleanup", Time since last: 1010567083 ns, Reaching safepoint: 1265667 ns, At safepoint: 180500 ns, Total: 1446167 ns
[2022-09-04T03:36:40.973+0000][1][safepoint    ] Safepoint "Cleanup", Time since last: 1002742417 ns, Reaching safepoint: 2620875 ns, At safepoint: 54917 ns, Total: 2675792 ns
[2022-09-04T03:36:41.977+0000][1][safepoint    ] Safepoint "Cleanup", Time since last: 1004035834 ns, Reaching safepoint: 902458 ns, At safepoint: 24417 ns, Total: 926875 ns
[2022-09-04T03:36:42.981+0000][1][safepoint    ] Safepoint "Cleanup", Time since last: 1002253042 ns, Reaching safepoint: 978625 ns, At safepoint: 28333 ns, Total: 1006958 ns
[2022-09-04T03:36:43.985+0000][1][safepoint    ] Safepoint "Cleanup", Time since last: 1002297626 ns, Reaching safepoint: 2078125 ns, At safepoint: 78416 ns, Total: 2156541 ns
[2022-09-04T03:36:44.991+0000][1][safepoint    ] Safepoint "Cleanup", Time since last: 1004742001 ns, Reaching safepoint: 917125 ns, At safepoint: 31333 ns, Total: 948458 ns
[2022-09-04T03:36:45.995+0000][1][safepoint    ] Safepoint "Cleanup", Time since last: 1003430501 ns, Reaching safepoint: 852583 ns, At safepoint: 29333 ns, Total: 881916 ns
[2022-09-04T03:36:47.013+0000][1][safepoint    ] Safepoint "Cleanup", Time since last: 1013128126 ns, Reaching safepoint: 4122625 ns, At safepoint: 155791 ns, Total: 4278416 ns
[2022-09-04T03:36:48.020+0000][1][safepoint    ] Safepoint "Cleanup", Time since last: 1005246084 ns, Reaching safepoint: 2054875 ns, At safepoint: 56500 ns, Total: 2111375 ns
[2022-09-04T03:36:49.026+0000][1][safepoint    ] Safepoint "Cleanup", Time since last: 1003630292 ns, Reaching safepoint: 1811750 ns, At safepoint: 84167 ns, Total: 1895917 ns
[2022-09-04T03:36:50.035+0000][1][safepoint    ] Safepoint "Cleanup", Time since last: 1008185709 ns, Reaching safepoint: 919250 ns, At safepoint: 21958 ns, Total: 941208 ns
[2022-09-04T03:36:51.039+0000][1][safepoint    ] Safepoint "Cleanup", Time since last: 1002358042 ns, Reaching safepoint: 1661292 ns, At safepoint: 36917 ns, Total: 1698209 ns
[2022-09-04T03:36:52.044+0000][1][safepoint    ] Safepoint "Cleanup", Time since last: 1003384667 ns, Reaching safepoint: 1559583 ns, At safepoint: 38583 ns, Total: 1598166 ns
[2022-09-04T03:36:53.048+0000][1][safepoint    ] Safepoint "Cleanup", Time since last: 1002958959 ns, Reaching safepoint: 1099584 ns, At safepoint: 36208 ns, Total: 1135792 ns
[2022-09-04T03:36:54.052+0000][1][safepoint    ] Safepoint "Cleanup", Time since last: 1003176542 ns, Reaching safepoint: 1202583 ns, At safepoint: 28167 ns, Total: 1230750 ns
[2022-09-04T03:36:55.059+0000][1][safepoint    ] Safepoint "Cleanup", Time since last: 1006326834 ns, Reaching safepoint: 906958 ns, At safepoint: 34709 ns, Total: 941667 ns
[2022-09-04T03:36:56.062+0000][1][safepoint    ] Safepoint "Cleanup", Time since last: 1002135625 ns, Reaching safepoint: 789417 ns, At safepoint: 19541 ns, Total: 808958 ns
[2022-09-04T03:36:57.070+0000][1][safepoint    ] Safepoint "Cleanup", Time since last: 1005357043 ns, Reaching safepoint: 1899833 ns, At safepoint: 90167 ns, Total: 1990000 ns
[2022-09-04T03:36:58.074+0000][1][safepoint    ] Safepoint "Cleanup", Time since last: 1003043833 ns, Reaching safepoint: 1008625 ns, At safepoint: 27167 ns, Total: 1035792 ns
[2022-09-04T03:36:59.083+0000][1][safepoint    ] Safepoint "Cleanup", Time since last: 1001914124 ns, Reaching safepoint: 1133209 ns, At safepoint: 41416 ns, Total: 1174625 ns
[2022-09-04T03:37:00.088+0000][1][safepoint    ] Safepoint "Cleanup", Time since last: 1003697668 ns, Reaching safepoint: 905208 ns, At safepoint: 31708 ns, Total: 936916 ns
[2022-09-04T03:37:01.092+0000][1][safepoint    ] Safepoint "Cleanup", Time since last: 1002461751 ns, Reaching safepoint: 1179625 ns, At safepoint: 28041 ns, Total: 1207666 ns
[2022-09-04T03:37:02.096+0000][1][safepoint    ] Safepoint "Cleanup", Time since last: 1001896959 ns, Reaching safepoint: 2041000 ns, At safepoint: 58167 ns, Total: 2099167 ns
[2022-09-04T03:37:03.104+0000][1][safepoint    ] Safepoint "Cleanup", Time since last: 1006359209 ns, Reaching safepoint: 1546416 ns, At safepoint: 55459 ns, Total: 1601875 ns
[2022-09-04T03:37:04.110+0000][1][safepoint    ] Safepoint "Cleanup", Time since last: 1005348209 ns, Reaching safepoint: 751625 ns, At safepoint: 18958 ns, Total: 770583 ns
[2022-09-04T03:37:05.116+0000][1][safepoint    ] Safepoint "Cleanup", Time since last: 1005214167 ns, Reaching safepoint: 749458 ns, At safepoint: 20084 ns, Total: 769542 ns
[2022-09-04T03:37:06.986+0000][1][safepoint    ] Safepoint "Cleanup", Time since last: 1865713376 ns, Reaching safepoint: 3897791 ns, At safepoint: 102334 ns, Total: 4000125 ns
[2022-09-04T03:37:07.994+0000][1][safepoint    ] Safepoint "Cleanup", Time since last: 1006219708 ns, Reaching safepoint: 2401625 ns, At safepoint: 49917 ns, Total: 2451542 ns
[2022-09-04T03:37:09.001+0000][1][safepoint    ] Safepoint "Cleanup", Time since last: 1003845834 ns, Reaching safepoint: 2464208 ns, At safepoint: 213834 ns, Total: 2678042 ns
[2022-09-04T03:37:10.008+0000][1][safepoint    ] Safepoint "Cleanup", Time since last: 1006915042 ns, Reaching safepoint: 689041 ns, At safepoint: 20042 ns, Total: 709083 ns
[2022-09-04T03:37:11.016+0000][1][safepoint    ] Safepoint "Cleanup", Time since last: 1004973876 ns, Reaching safepoint: 2313083 ns, At safepoint: 65917 ns, Total: 2379000 ns
[2022-09-04T03:37:12.023+0000][1][safepoint    ] Safepoint "Cleanup", Time since last: 1006567042 ns, Reaching safepoint: 772208 ns, At safepoint: 20375 ns, Total: 792583 ns
[2022-09-04T03:37:13.027+0000][1][safepoint    ] Safepoint "Cleanup", Time since last: 1001459542 ns, Reaching safepoint: 2292500 ns, At safepoint: 50167 ns, Total: 2342667 ns
[2022-09-04T03:37:14.033+0000][1][safepoint    ] Safepoint "Cleanup", Time since last: 1003365417 ns, Reaching safepoint: 2688750 ns, At safepoint: 66458 ns, Total: 2755208 ns
[2022-09-04T03:37:15.039+0000][1][safepoint    ] Safepoint "Cleanup", Time since last: 1005061709 ns, Reaching safepoint: 821667 ns, At safepoint: 21875 ns, Total: 843542 ns
[2022-09-04T03:37:16.043+0000][1][safepoint    ] Safepoint "Cleanup", Time since last: 1002104250 ns, Reaching safepoint: 2302167 ns, At safepoint: 87375 ns, Total: 2389542 ns
[2022-09-04T03:37:17.049+0000][1][safepoint    ] Safepoint "Cleanup", Time since last: 1003977375 ns, Reaching safepoint: 2058875 ns, At safepoint: 57875 ns, Total: 2116750 ns
[2022-09-04T03:37:18.054+0000][1][safepoint    ] Safepoint "Cleanup", Time since last: 1002911709 ns, Reaching safepoint: 1299834 ns, At safepoint: 45125 ns, Total: 1344959 ns
[2022-09-04T03:37:19.057+0000][1][safepoint    ] Safepoint "Cleanup", Time since last: 1002184042 ns, Reaching safepoint: 1170583 ns, At safepoint: 32667 ns, Total: 1203250 ns
[2022-09-04T03:37:20.060+0000][1][safepoint    ] Safepoint "Cleanup", Time since last: 1001972125 ns, Reaching safepoint: 1069292 ns, At safepoint: 24250 ns, Total: 1093542 ns
[2022-09-04T03:37:21.063+0000][1][safepoint    ] Safepoint "Cleanup", Time since last: 1001798625 ns, Reaching safepoint: 995000 ns, At safepoint: 22625 ns, Total: 1017625 ns
[2022-09-04T03:37:22.066+0000][1][safepoint    ] Safepoint "Cleanup", Time since last: 1001609042 ns, Reaching safepoint: 1381875 ns, At safepoint: 40625 ns, Total: 1422500 ns
[2022-09-04T03:37:23.069+0000][1][safepoint    ] Safepoint "Cleanup", Time since last: 1002165918 ns, Reaching safepoint: 1082625 ns, At safepoint: 26250 ns, Total: 1108875 ns
[2022-09-04T03:37:24.073+0000][1][safepoint    ] Safepoint "Cleanup", Time since last: 1002083708 ns, Reaching safepoint: 1248750 ns, At safepoint: 29084 ns, Total: 1277834 ns
[2022-09-04T03:37:25.077+0000][1][safepoint    ] Safepoint "Cleanup", Time since last: 1003520500 ns, Reaching safepoint: 917250 ns, At safepoint: 22417 ns, Total: 939667 ns
[2022-09-04T03:37:26.082+0000][1][safepoint    ] Safepoint "Cleanup", Time since last: 1002844459 ns, Reaching safepoint: 2041333 ns, At safepoint: 48292 ns, Total: 2089625 ns
[2022-09-04T03:37:27.087+0000][1][safepoint    ] Safepoint "Cleanup", Time since last: 1003612250 ns, Reaching safepoint: 1446917 ns, At safepoint: 37667 ns, Total: 1484584 ns
[2022-09-04T03:37:28.094+0000][1][safepoint    ] Safepoint "Cleanup", Time since last: 1005959958 ns, Reaching safepoint: 1311750 ns, At safepoint: 35125 ns, Total: 1346875 ns
[2022-09-04T03:37:29.102+0000][1][safepoint    ] Safepoint "Cleanup", Time since last: 1004866292 ns, Reaching safepoint: 2187042 ns, At safepoint: 113125 ns, Total: 2300167 ns
[2022-09-04T03:37:31.048+0000][1][safepoint    ] Safepoint "Cleanup", Time since last: 1944948834 ns, Reaching safepoint: 1248667 ns, At safepoint: 27625 ns, Total: 1276292 ns
[2022-09-04T03:37:32.052+0000][1][safepoint    ] Safepoint "Cleanup", Time since last: 1002528709 ns, Reaching safepoint: 926583 ns, At safepoint: 20500 ns, Total: 947083 ns
[2022-09-04T03:37:33.055+0000][1][safepoint    ] Safepoint "Cleanup", Time since last: 1001801334 ns, Reaching safepoint: 839583 ns, At safepoint: 21083 ns, Total: 860666 ns
[2022-09-04T03:37:34.058+0000][1][safepoint    ] Safepoint "Cleanup", Time since last: 1002196084 ns, Reaching safepoint: 895167 ns, At safepoint: 68792 ns, Total: 963959 ns
[2022-09-04T03:37:35.062+0000][1][safepoint    ] Safepoint "Cleanup", Time since last: 1003647292 ns, Reaching safepoint: 678625 ns, At safepoint: 23125 ns, Total: 701750 ns
[2022-09-04T03:37:36.065+0000][1][safepoint    ] Safepoint "Cleanup", Time since last: 1001814458 ns, Reaching safepoint: 1520334 ns, At safepoint: 43625 ns, Total: 1563959 ns
[2022-09-04T03:37:37.068+0000][1][safepoint    ] Safepoint "Cleanup", Time since last: 1001402292 ns, Reaching safepoint: 1400625 ns, At safepoint: 31750 ns, Total: 1432375 ns
[2022-09-04T03:37:38.071+0000][1][safepoint    ] Safepoint "Cleanup", Time since last: 1001992042 ns, Reaching safepoint: 1163708 ns, At safepoint: 25375 ns, Total: 1189083 ns
[2022-09-04T03:37:39.075+0000][1][safepoint    ] Safepoint "Cleanup", Time since last: 1001744918 ns, Reaching safepoint: 1304958 ns, At safepoint: 38333 ns, Total: 1343291 ns
[2022-09-04T03:37:40.078+0000][1][safepoint    ] Safepoint "Cleanup", Time since last: 1002647584 ns, Reaching safepoint: 836667 ns, At safepoint: 22750 ns, Total: 859417 ns
[2022-09-04T03:37:41.081+0000][1][safepoint    ] Safepoint "Cleanup", Time since last: 1001880959 ns, Reaching safepoint: 1007000 ns, At safepoint: 29375 ns, Total: 1036375 ns
[2022-09-04T03:37:42.085+0000][1][safepoint    ] Safepoint "Cleanup", Time since last: 1002826375 ns, Reaching safepoint: 1349833 ns, At safepoint: 50125 ns, Total: 1399958 ns
[2022-09-04T03:37:43.089+0000][1][safepoint    ] Safepoint "Cleanup", Time since last: 1002478792 ns, Reaching safepoint: 986834 ns, At safepoint: 26542 ns, Total: 1013376 ns
[2022-09-04T03:37:44.092+0000][1][safepoint    ] Safepoint "Cleanup", Time since last: 1002520583 ns, Reaching safepoint: 766542 ns, At safepoint: 24208 ns, Total: 790750 ns
[2022-09-04T03:37:45.097+0000][1][safepoint    ] Safepoint "Cleanup", Time since last: 1004454167 ns, Reaching safepoint: 813917 ns, At safepoint: 22458 ns, Total: 836375 ns
[2022-09-04T03:37:46.100+0000][1][safepoint    ] Safepoint "Cleanup", Time since last: 1001779168 ns, Reaching safepoint: 796416 ns, At safepoint: 24000 ns, Total: 820416 ns
[2022-09-04T03:37:47.107+0000][1][safepoint    ] Safepoint "Cleanup", Time since last: 1005306626 ns, Reaching safepoint: 1405250 ns, At safepoint: 35000 ns, Total: 1440250 ns
[2022-09-04T03:37:48.111+0000][1][safepoint    ] Safepoint "Cleanup", Time since last: 1002585875 ns, Reaching safepoint: 2144750 ns, At safepoint: 61250 ns, Total: 2206000 ns
[2022-09-04T03:37:49.117+0000][1][safepoint    ] Safepoint "Cleanup", Time since last: 1002871584 ns, Reaching safepoint: 2075500 ns, At safepoint: 82333 ns, Total: 2157833 ns
[2022-09-04T03:37:50.121+0000][1][safepoint    ] Safepoint "Cleanup", Time since last: 1003858251 ns, Reaching safepoint: 740083 ns, At safepoint: 20042 ns, Total: 760125 ns
[2022-09-04T03:37:51.126+0000][1][safepoint    ] Safepoint "Cleanup", Time since last: 1002650334 ns, Reaching safepoint: 1762291 ns, At safepoint: 72584 ns, Total: 1834875 ns
[2022-09-04T03:37:52.132+0000][1][safepoint    ] Safepoint "Cleanup", Time since last: 1004634750 ns, Reaching safepoint: 2103083 ns, At safepoint: 55167 ns, Total: 2158250 ns
[2022-09-04T03:37:53.138+0000][1][safepoint    ] Safepoint "Cleanup", Time since last: 1003113334 ns, Reaching safepoint: 2366083 ns, At safepoint: 57000 ns, Total: 2423083 ns
[2022-09-04T03:37:54.143+0000][1][safepoint    ] Safepoint "Cleanup", Time since last: 1002966792 ns, Reaching safepoint: 2393709 ns, At safepoint: 78125 ns, Total: 2471834 ns
[2022-09-04T03:37:55.149+0000][1][safepoint    ] Safepoint "Cleanup", Time since last: 1004771125 ns, Reaching safepoint: 989750 ns, At safepoint: 55500 ns, Total: 1045250 ns
[2022-09-04T03:37:56.153+0000][1][safepoint    ] Safepoint "Cleanup", Time since last: 1003238917 ns, Reaching safepoint: 873917 ns, At safepoint: 27958 ns, Total: 901875 ns
[2022-09-04T03:37:57.156+0000][1][safepoint    ] Safepoint "Cleanup", Time since last: 1001932501 ns, Reaching safepoint: 816792 ns, At safepoint: 23125 ns, Total: 839917 ns
[2022-09-04T03:37:58.160+0000][1][safepoint    ] Safepoint "Cleanup", Time since last: 1002121542 ns, Reaching safepoint: 1343666 ns, At safepoint: 27042 ns, Total: 1370708 ns
[2022-09-04T03:37:59.164+0000][1][safepoint    ] Safepoint "Cleanup", Time since last: 1003248583 ns, Reaching safepoint: 794584 ns, At safepoint: 20333 ns, Total: 814917 ns
[2022-09-04T03:38:00.167+0000][1][safepoint    ] Safepoint "Cleanup", Time since last: 1002263500 ns, Reaching safepoint: 785334 ns, At safepoint: 24625 ns, Total: 809959 ns
[2022-09-04T03:38:01.170+0000][1][safepoint    ] Safepoint "Cleanup", Time since last: 1002059125 ns, Reaching safepoint: 846625 ns, At safepoint: 23333 ns, Total: 869958 ns
[2022-09-04T03:38:02.172+0000][1][safepoint    ] Safepoint "Cleanup", Time since last: 1001755168 ns, Reaching safepoint: 1146250 ns, At safepoint: 24291 ns, Total: 1170541 ns
[2022-09-04T03:38:03.179+0000][1][safepoint    ] Safepoint "Cleanup", Time since last: 1002174792 ns, Reaching safepoint: 4005459 ns, At safepoint: 384541 ns, Total: 4390000 ns
[2022-09-04T03:38:04.186+0000][1][safepoint    ] Safepoint "Cleanup", Time since last: 1004514584 ns, Reaching safepoint: 2770709 ns, At safepoint: 82833 ns, Total: 2853542 ns
[2022-09-04T03:38:05.192+0000][1][safepoint    ] Safepoint "Cleanup", Time since last: 1005264417 ns, Reaching safepoint: 726708 ns, At safepoint: 19792 ns, Total: 746500 ns
[2022-09-04T03:38:07.120+0000][1][safepoint    ] Safepoint "Cleanup", Time since last: 1925314959 ns, Reaching safepoint: 1848625 ns, At safepoint: 53292 ns, Total: 1901917 ns
[2022-09-04T03:38:08.125+0000][1][safepoint    ] Safepoint "Cleanup", Time since last: 1004637500 ns, Reaching safepoint: 1034375 ns, At safepoint: 22459 ns, Total: 1056834 ns
[2022-09-04T03:38:09.130+0000][1][safepoint    ] Safepoint "Cleanup", Time since last: 1002798125 ns, Reaching safepoint: 1376500 ns, At safepoint: 45084 ns, Total: 1421584 ns
[2022-09-04T03:38:10.135+0000][1][safepoint    ] Safepoint "Cleanup", Time since last: 1003726083 ns, Reaching safepoint: 1423167 ns, At safepoint: 34542 ns, Total: 1457709 ns
[2022-09-04T03:38:11.142+0000][1][safepoint    ] Safepoint "Cleanup", Time since last: 1004542209 ns, Reaching safepoint: 2288375 ns, At safepoint: 79416 ns, Total: 2367791 ns
[2022-09-04T03:38:12.148+0000][1][safepoint    ] Safepoint "Cleanup", Time since last: 1005377001 ns, Reaching safepoint: 923958 ns, At safepoint: 24417 ns, Total: 948375 ns
[2022-09-04T03:38:13.153+0000][1][safepoint    ] Safepoint "Cleanup", Time since last: 1003190750 ns, Reaching safepoint: 2169125 ns, At safepoint: 64792 ns, Total: 2233917 ns
[2022-09-04T03:38:14.158+0000][1][safepoint    ] Safepoint "Cleanup", Time since last: 1002977167 ns, Reaching safepoint: 1527125 ns, At safepoint: 41750 ns, Total: 1568875 ns
[2022-09-04T03:38:15.163+0000][1][safepoint    ] Safepoint "Cleanup", Time since last: 1004226042 ns, Reaching safepoint: 821250 ns, At safepoint: 21333 ns, Total: 842583 ns
[2022-09-04T03:38:16.166+0000][1][safepoint    ] Safepoint "Cleanup", Time since last: 1001580376 ns, Reaching safepoint: 1017208 ns, At safepoint: 28750 ns, Total: 1045958 ns
[2022-09-04T03:38:17.171+0000][1][safepoint    ] Safepoint "Cleanup", Time since last: 1004815334 ns, Reaching safepoint: 981042 ns, At safepoint: 25750 ns, Total: 1006792 ns
[2022-09-04T03:38:18.176+0000][1][safepoint    ] Safepoint "Cleanup", Time since last: 1002148625 ns, Reaching safepoint: 2278334 ns, At safepoint: 99375 ns, Total: 2377709 ns
[2022-09-04T03:38:19.186+0000][1][safepoint    ] Safepoint "Cleanup", Time since last: 1007660625 ns, Reaching safepoint: 2392792 ns, At safepoint: 104250 ns, Total: 2497042 ns
[2022-09-04T03:38:20.192+0000][1][safepoint    ] Safepoint "Cleanup", Time since last: 1004146625 ns, Reaching safepoint: 2112875 ns, At safepoint: 55625 ns, Total: 2168500 ns
[2022-09-04T03:38:21.198+0000][1][safepoint    ] Safepoint "Cleanup", Time since last: 1004640209 ns, Reaching safepoint: 1213292 ns, At safepoint: 32041 ns, Total: 1245333 ns
[2022-09-04T03:38:22.205+0000][1][safepoint    ] Safepoint "Cleanup", Time since last: 1005835584 ns, Reaching safepoint: 1246750 ns, At safepoint: 23292 ns, Total: 1270042 ns
[2022-09-04T03:38:23.211+0000][1][safepoint    ] Safepoint "Cleanup", Time since last: 1002417042 ns, Reaching safepoint: 2557250 ns, At safepoint: 99042 ns, Total: 2656292 ns
[2022-09-04T03:38:24.219+0000][1][safepoint    ] Safepoint "Cleanup", Time since last: 1004874083 ns, Reaching safepoint: 3305667 ns, At safepoint: 105917 ns, Total: 3411584 ns
[2022-09-04T03:38:25.226+0000][1][safepoint    ] Safepoint "Cleanup", Time since last: 1006170334 ns, Reaching safepoint: 1126333 ns, At safepoint: 43542 ns, Total: 1169875 ns
[2022-09-04T03:38:26.230+0000][1][safepoint    ] Safepoint "Cleanup", Time since last: 1002981250 ns, Reaching safepoint: 998917 ns, At safepoint: 22000 ns, Total: 1020917 ns
[2022-09-04T03:38:27.233+0000][1][safepoint    ] Safepoint "Cleanup", Time since last: 1001709042 ns, Reaching safepoint: 1137167 ns, At safepoint: 23083 ns, Total: 1160250 ns
[2022-09-04T03:38:28.236+0000][1][safepoint    ] Safepoint "Cleanup", Time since last: 1002647459 ns, Reaching safepoint: 817333 ns, At safepoint: 24750 ns, Total: 842083 ns
[2022-09-04T03:38:29.244+0000][1][safepoint    ] Safepoint "Cleanup", Time since last: 1006775250 ns, Reaching safepoint: 827708 ns, At safepoint: 26875 ns, Total: 854583 ns
[2022-09-04T03:38:30.247+0000][1][safepoint    ] Safepoint "Cleanup", Time since last: 1002184876 ns, Reaching safepoint: 1196458 ns, At safepoint: 38667 ns, Total: 1235125 ns
[2022-09-04T03:38:31.254+0000][1][safepoint    ] Safepoint "Cleanup", Time since last: 1005624959 ns, Reaching safepoint: 783333 ns, At safepoint: 22667 ns, Total: 806000 ns
[2022-09-04T03:38:32.261+0000][1][safepoint    ] Safepoint "Cleanup", Time since last: 1005440417 ns, Reaching safepoint: 1488541 ns, At safepoint: 36959 ns, Total: 1525500 ns
[2022-09-04T03:38:33.269+0000][1][safepoint    ] Safepoint "Cleanup", Time since last: 1005226625 ns, Reaching safepoint: 2732833 ns, At safepoint: 69000 ns, Total: 2801833 ns
[2022-09-04T03:38:34.277+0000][1][safepoint    ] Safepoint "Cleanup", Time since last: 1007378126 ns, Reaching safepoint: 807208 ns, At safepoint: 21334 ns, Total: 828542 ns
[2022-09-04T03:38:35.281+0000][1][safepoint    ] Safepoint "Cleanup", Time since last: 1003212708 ns, Reaching safepoint: 907667 ns, At safepoint: 23917 ns, Total: 931584 ns
[2022-09-04T03:38:36.303+0000][1][safepoint    ] Safepoint "Cleanup", Time since last: 1003484667 ns, Reaching safepoint: 9563375 ns, At safepoint: 825375 ns, Total: 10388750 ns
[2022-09-04T03:38:37.526+0000][1][safepoint    ] Safepoint "Cleanup", Time since last: 1230872751 ns, Reaching safepoint: 734208 ns, At safepoint: 53958 ns, Total: 788166 ns
[2022-09-04T03:38:38.530+0000][1][safepoint    ] Safepoint "Cleanup", Time since last: 1002100042 ns, Reaching safepoint: 1702500 ns, At safepoint: 48375 ns, Total: 1750875 ns
[2022-09-04T03:38:39.534+0000][1][safepoint    ] Safepoint "Cleanup", Time since last: 1003164417 ns, Reaching safepoint: 742875 ns, At safepoint: 22375 ns, Total: 765250 ns
[2022-09-04T03:38:40.539+0000][1][safepoint    ] Safepoint "Cleanup", Time since last: 1003951043 ns, Reaching safepoint: 764416 ns, At safepoint: 19084 ns, Total: 783500 ns
[2022-09-04T03:38:41.543+0000][1][safepoint    ] Safepoint "Cleanup", Time since last: 1002860917 ns, Reaching safepoint: 943625 ns, At safepoint: 28166 ns, Total: 971791 ns
[2022-09-04T03:38:42.548+0000][1][safepoint    ] Safepoint "Cleanup", Time since last: 1003223043 ns, Reaching safepoint: 2237375 ns, At safepoint: 58833 ns, Total: 2296208 ns
[2022-09-04T03:38:43.553+0000][1][safepoint    ] Safepoint "Cleanup", Time since last: 1002792959 ns, Reaching safepoint: 1387583 ns, At safepoint: 38292 ns, Total: 1425875 ns
[2022-09-04T03:38:44.556+0000][1][safepoint    ] Safepoint "Cleanup", Time since last: 1002937500 ns, Reaching safepoint: 771792 ns, At safepoint: 22667 ns, Total: 794459 ns
[2022-09-04T03:38:45.559+0000][1][safepoint    ] Safepoint "Cleanup", Time since last: 1001830750 ns, Reaching safepoint: 779667 ns, At safepoint: 20541 ns, Total: 800208 ns
[2022-09-04T03:38:46.562+0000][1][safepoint    ] Safepoint "Cleanup", Time since last: 1002346376 ns, Reaching safepoint: 782708 ns, At safepoint: 21167 ns, Total: 803875 ns
[2022-09-04T03:38:47.567+0000][1][safepoint    ] Safepoint "Cleanup", Time since last: 1003574459 ns, Reaching safepoint: 898708 ns, At safepoint: 21542 ns, Total: 920250 ns
[2022-09-04T03:38:48.569+0000][1][safepoint    ] Safepoint "Cleanup", Time since last: 1001786333 ns, Reaching safepoint: 944834 ns, At safepoint: 25333 ns, Total: 970167 ns
[2022-09-04T03:38:49.573+0000][1][safepoint    ] Safepoint "Cleanup", Time since last: 1002817834 ns, Reaching safepoint: 756333 ns, At safepoint: 22334 ns, Total: 778667 ns
[2022-09-04T03:38:50.336+0000][1][gc,start     ] GC(27) Pause Young (Allocation Failure)
[2022-09-04T03:38:50.344+0000][1][gc,task      ] GC(27) Using 4 workers of 4 for evacuation
[2022-09-04T03:38:50.394+0000][1][gc,age       ] GC(27) Desired survivor size 8945664 bytes, new threshold 6 (max threshold 6)
[2022-09-04T03:38:50.396+0000][1][gc,age       ] GC(27) Age table with threshold 6 (max threshold 6)
[2022-09-04T03:38:50.397+0000][1][gc,age       ] GC(27) - age   1:      16064 bytes,      16064 total
[2022-09-04T03:38:50.398+0000][1][gc,age       ] GC(27) - age   2:      48768 bytes,      64832 total
[2022-09-04T03:38:50.399+0000][1][gc,age       ] GC(27) - age   3:     419960 bytes,     484792 total
[2022-09-04T03:38:50.400+0000][1][gc,age       ] GC(27) - age   4:      28944 bytes,     513736 total
[2022-09-04T03:38:50.401+0000][1][gc,age       ] GC(27) - age   5:       1928 bytes,     515664 total
[2022-09-04T03:38:50.402+0000][1][gc,age       ] GC(27) - age   6:      15328 bytes,     530992 total
[2022-09-04T03:38:50.406+0000][1][gc,heap      ] GC(27) ParNew: 140925K->842K(157248K)
[2022-09-04T03:38:50.407+0000][1][gc,heap      ] GC(27) CMS: 66445K->66529K(349568K)
[2022-09-04T03:38:50.408+0000][1][gc,metaspace ] GC(27) Metaspace: 83636K->83636K(1126400K)
[2022-09-04T03:38:50.411+0000][1][gc           ] GC(27) Pause Young (Allocation Failure) 202M->65M(494M) 75.691ms
[2022-09-04T03:38:50.412+0000][1][gc,cpu       ] GC(27) User=0.10s Sys=0.03s Real=0.08s
[2022-09-04T03:38:50.414+0000][1][safepoint    ] Safepoint "GenCollectForAllocation", Time since last: 759330375 ns, Reaching safepoint: 1729458 ns, At safepoint: 79586625 ns, Total: 81316083 ns
[2022-09-04T03:38:51.416+0000][1][safepoint    ] Safepoint "Cleanup", Time since last: 1001596876 ns, Reaching safepoint: 829250 ns, At safepoint: 21375 ns, Total: 850625 ns
[2022-09-04T03:38:52.419+0000][1][safepoint    ] Safepoint "Cleanup", Time since last: 1002567959 ns, Reaching safepoint: 791958 ns, At safepoint: 22750 ns, Total: 814708 ns
[2022-09-04T03:38:53.422+0000][1][safepoint    ] Safepoint "Cleanup", Time since last: 1001560417 ns, Reaching safepoint: 989292 ns, At safepoint: 28500 ns, Total: 1017792 ns
[2022-09-04T03:38:54.425+0000][1][safepoint    ] Safepoint "Cleanup", Time since last: 1002119042 ns, Reaching safepoint: 760708 ns, At safepoint: 22750 ns, Total: 783458 ns
[2022-09-04T03:38:55.433+0000][1][safepoint    ] Safepoint "Cleanup", Time since last: 1006308584 ns, Reaching safepoint: 1281458 ns, At safepoint: 48292 ns, Total: 1329750 ns
[2022-09-04T03:38:56.437+0000][1][safepoint    ] Safepoint "Cleanup", Time since last: 1003004292 ns, Reaching safepoint: 1251292 ns, At safepoint: 29625 ns, Total: 1280917 ns
[2022-09-04T03:38:57.440+0000][1][safepoint    ] Safepoint "Cleanup", Time since last: 1002338959 ns, Reaching safepoint: 792375 ns, At safepoint: 20500 ns, Total: 812875 ns
[2022-09-04T03:38:58.443+0000][1][safepoint    ] Safepoint "Cleanup", Time since last: 1002169708 ns, Reaching safepoint: 1012084 ns, At safepoint: 29125 ns, Total: 1041209 ns
[2022-09-04T03:38:59.447+0000][1][safepoint    ] Safepoint "Cleanup", Time since last: 1002824375 ns, Reaching safepoint: 847042 ns, At safepoint: 27708 ns, Total: 874750 ns
[2022-09-04T03:39:00.449+0000][1][safepoint    ] Safepoint "Cleanup", Time since last: 1001650125 ns, Reaching safepoint: 938875 ns, At safepoint: 23584 ns, Total: 962459 ns
[2022-09-04T03:39:01.550+0000][1][safepoint    ] Safepoint "Cleanup", Time since last: 1099583042 ns, Reaching safepoint: 813917 ns, At safepoint: 20458 ns, Total: 834375 ns
[2022-09-04T03:39:02.552+0000][1][safepoint    ] Safepoint "Cleanup", Time since last: 1001674625 ns, Reaching safepoint: 940084 ns, At safepoint: 28666 ns, Total: 968750 ns
[2022-09-04T03:39:03.555+0000][1][safepoint    ] Safepoint "Cleanup", Time since last: 1001775543 ns, Reaching safepoint: 880583 ns, At safepoint: 23333 ns, Total: 903916 ns
[2022-09-04T03:39:04.558+0000][1][safepoint    ] Safepoint "Cleanup", Time since last: 1002250417 ns, Reaching safepoint: 758167 ns, At safepoint: 22083 ns, Total: 780250 ns
[2022-09-04T03:39:05.561+0000][1][safepoint    ] Safepoint "Cleanup", Time since last: 1001927126 ns, Reaching safepoint: 774500 ns, At safepoint: 22042 ns, Total: 796542 ns
[2022-09-04T03:39:06.564+0000][1][safepoint    ] Safepoint "Cleanup", Time since last: 1002320292 ns, Reaching safepoint: 963666 ns, At safepoint: 37375 ns, Total: 1001041 ns
[2022-09-04T03:39:07.567+0000][1][safepoint    ] Safepoint "Cleanup", Time since last: 1001992501 ns, Reaching safepoint: 822250 ns, At safepoint: 20167 ns, Total: 842417 ns
[2022-09-04T03:39:08.570+0000][1][safepoint    ] Safepoint "Cleanup", Time since last: 1001478083 ns, Reaching safepoint: 1071709 ns, At safepoint: 27500 ns, Total: 1099209 ns
[2022-09-04T03:39:09.574+0000][1][safepoint    ] Safepoint "Cleanup", Time since last: 1003895042 ns, Reaching safepoint: 791583 ns, At safepoint: 20583 ns, Total: 812166 ns
[2022-09-04T03:39:10.577+0000][1][safepoint    ] Safepoint "Cleanup", Time since last: 1001798626 ns, Reaching safepoint: 788833 ns, At safepoint: 21375 ns, Total: 810208 ns
[2022-09-04T03:39:11.580+0000][1][safepoint    ] Safepoint "Cleanup", Time since last: 1002267084 ns, Reaching safepoint: 778250 ns, At safepoint: 20417 ns, Total: 798667 ns
[2022-09-04T03:39:12.583+0000][1][safepoint    ] Safepoint "Cleanup", Time since last: 1001533834 ns, Reaching safepoint: 1008833 ns, At safepoint: 56042 ns, Total: 1064875 ns
[2022-09-04T03:39:13.586+0000][1][safepoint    ] Safepoint "Cleanup", Time since last: 1002524083 ns, Reaching safepoint: 1194750 ns, At safepoint: 41917 ns, Total: 1236667 ns
[2022-09-04T03:39:14.591+0000][1][safepoint    ] Safepoint "Cleanup", Time since last: 1003714251 ns, Reaching safepoint: 773541 ns, At safepoint: 23250 ns, Total: 796791 ns
[2022-09-04T03:39:15.595+0000][1][safepoint    ] Safepoint "Cleanup", Time since last: 1003019042 ns, Reaching safepoint: 727584 ns, At safepoint: 21875 ns, Total: 749459 ns
[2022-09-04T03:39:16.601+0000][1][safepoint    ] Safepoint "Cleanup", Time since last: 1004850292 ns, Reaching safepoint: 1202708 ns, At safepoint: 31542 ns, Total: 1234250 ns
[2022-09-04T03:39:17.604+0000][1][safepoint    ] Safepoint "Cleanup", Time since last: 1002199584 ns, Reaching safepoint: 918750 ns, At safepoint: 36833 ns, Total: 955583 ns
[2022-09-04T03:39:18.614+0000][1][safepoint    ] Safepoint "Cleanup", Time since last: 1008152792 ns, Reaching safepoint: 2088458 ns, At safepoint: 75459 ns, Total: 2163917 ns
[2022-09-04T03:39:19.623+0000][1][safepoint    ] Safepoint "Cleanup", Time since last: 1007957959 ns, Reaching safepoint: 737791 ns, At safepoint: 20375 ns, Total: 758166 ns
[2022-09-04T03:39:20.627+0000][1][safepoint    ] Safepoint "Cleanup", Time since last: 1003133542 ns, Reaching safepoint: 1241750 ns, At safepoint: 34459 ns, Total: 1276209 ns
[2022-09-04T03:39:21.631+0000][1][safepoint    ] Safepoint "Cleanup", Time since last: 1002823500 ns, Reaching safepoint: 816584 ns, At safepoint: 20666 ns, Total: 837250 ns
[2022-09-04T03:39:22.634+0000][1][safepoint    ] Safepoint "Cleanup", Time since last: 1002118251 ns, Reaching safepoint: 1006333 ns, At safepoint: 23167 ns, Total: 1029500 ns
[2022-09-04T03:39:23.637+0000][1][safepoint    ] Safepoint "Cleanup", Time since last: 1002332209 ns, Reaching safepoint: 817541 ns, At safepoint: 26292 ns, Total: 843833 ns
[2022-09-04T03:39:24.640+0000][1][safepoint    ] Safepoint "Cleanup", Time since last: 1002314375 ns, Reaching safepoint: 724584 ns, At safepoint: 20875 ns, Total: 745459 ns
[2022-09-04T03:39:25.646+0000][1][safepoint    ] Safepoint "Cleanup", Time since last: 1004441917 ns, Reaching safepoint: 1072958 ns, At safepoint: 32250 ns, Total: 1105208 ns
[2022-09-04T03:39:26.650+0000][1][safepoint    ] Safepoint "Cleanup", Time since last: 1003036084 ns, Reaching safepoint: 1240875 ns, At safepoint: 30833 ns, Total: 1271708 ns
[2022-09-04T03:39:27.655+0000][1][safepoint    ] Safepoint "Cleanup", Time since last: 1004094792 ns, Reaching safepoint: 811625 ns, At safepoint: 24000 ns, Total: 835625 ns
[2022-09-04T03:39:28.658+0000][1][safepoint    ] Safepoint "Cleanup", Time since last: 1001709584 ns, Reaching safepoint: 1001541 ns, At safepoint: 22459 ns, Total: 1024000 ns
[2022-09-04T03:39:29.660+0000][1][safepoint    ] Safepoint "Cleanup", Time since last: 1001810333 ns, Reaching safepoint: 757584 ns, At safepoint: 22250 ns, Total: 779834 ns
[2022-09-04T03:39:30.663+0000][1][safepoint    ] Safepoint "Cleanup", Time since last: 1001867375 ns, Reaching safepoint: 1012500 ns, At safepoint: 24792 ns, Total: 1037292 ns
[2022-09-04T03:39:31.668+0000][1][safepoint    ] Safepoint "Cleanup", Time since last: 1004218417 ns, Reaching safepoint: 1135208 ns, At safepoint: 29792 ns, Total: 1165000 ns
[2022-09-04T03:39:32.675+0000][1][safepoint    ] Safepoint "Cleanup", Time since last: 1003995417 ns, Reaching safepoint: 2955167 ns, At safepoint: 93083 ns, Total: 3048250 ns
[2022-09-04T03:39:33.681+0000][1][safepoint    ] Safepoint "Cleanup", Time since last: 1004512251 ns, Reaching safepoint: 858500 ns, At safepoint: 25625 ns, Total: 884125 ns
[2022-09-04T03:39:35.149+0000][1][safepoint    ] Safepoint "Cleanup", Time since last: 1465600375 ns, Reaching safepoint: 2391125 ns, At safepoint: 72250 ns, Total: 2463375 ns
[2022-09-04T03:39:36.155+0000][1][safepoint    ] Safepoint "Cleanup", Time since last: 1004046293 ns, Reaching safepoint: 1708041 ns, At safepoint: 47250 ns, Total: 1755291 ns
[2022-09-04T03:39:37.161+0000][1][safepoint    ] Safepoint "Cleanup", Time since last: 1002820376 ns, Reaching safepoint: 3059375 ns, At safepoint: 99666 ns, Total: 3159041 ns
[2022-09-04T03:39:38.167+0000][1][safepoint    ] Safepoint "Cleanup", Time since last: 1004136542 ns, Reaching safepoint: 1845834 ns, At safepoint: 41375 ns, Total: 1887209 ns
[2022-09-04T03:39:39.173+0000][1][safepoint    ] Safepoint "Cleanup", Time since last: 1003460334 ns, Reaching safepoint: 2539166 ns, At safepoint: 228917 ns, Total: 2768083 ns
[2022-09-04T03:39:40.181+0000][1][safepoint    ] Safepoint "Cleanup", Time since last: 1006107084 ns, Reaching safepoint: 2091166 ns, At safepoint: 146625 ns, Total: 2237791 ns
[2022-09-04T03:39:41.187+0000][1][safepoint    ] Safepoint "Cleanup", Time since last: 1004359293 ns, Reaching safepoint: 1230000 ns, At safepoint: 32583 ns, Total: 1262583 ns
[2022-09-04T03:39:42.190+0000][1][safepoint    ] Safepoint "Cleanup", Time since last: 1002337500 ns, Reaching safepoint: 876084 ns, At safepoint: 32166 ns, Total: 908250 ns
[2022-09-04T03:39:43.198+0000][1][safepoint    ] Safepoint "Cleanup", Time since last: 1005524626 ns, Reaching safepoint: 2234625 ns, At safepoint: 55000 ns, Total: 2289625 ns
[2022-09-04T03:39:44.207+0000][1][safepoint    ] Safepoint "Cleanup", Time since last: 1005430959 ns, Reaching safepoint: 3116666 ns, At safepoint: 99542 ns, Total: 3216208 ns
[2022-09-04T03:39:45.216+0000][1][safepoint    ] Safepoint "Cleanup", Time since last: 1006983542 ns, Reaching safepoint: 2020042 ns, At safepoint: 49125 ns, Total: 2069167 ns
[2022-09-04T03:39:46.220+0000][1][safepoint    ] Safepoint "Cleanup", Time since last: 1003125750 ns, Reaching safepoint: 1512250 ns, At safepoint: 36334 ns, Total: 1548584 ns
[2022-09-04T03:39:47.226+0000][1][safepoint    ] Safepoint "Cleanup", Time since last: 1002833875 ns, Reaching safepoint: 2320042 ns, At safepoint: 91083 ns, Total: 2411125 ns
[2022-09-04T03:39:48.233+0000][1][safepoint    ] Safepoint "Cleanup", Time since last: 1004789584 ns, Reaching safepoint: 2425083 ns, At safepoint: 68834 ns, Total: 2493917 ns
[2022-09-04T03:39:49.239+0000][1][safepoint    ] Safepoint "Cleanup", Time since last: 1004765875 ns, Reaching safepoint: 1079792 ns, At safepoint: 32000 ns, Total: 1111792 ns
[2022-09-04T03:39:50.246+0000][1][safepoint    ] Safepoint "Cleanup", Time since last: 1005671334 ns, Reaching safepoint: 1376666 ns, At safepoint: 35625 ns, Total: 1412291 ns
[2022-09-04T03:39:51.252+0000][1][safepoint    ] Safepoint "Cleanup", Time since last: 1003109042 ns, Reaching safepoint: 2543750 ns, At safepoint: 78959 ns, Total: 2622709 ns
[2022-09-04T03:39:52.259+0000][1][safepoint    ] Safepoint "Cleanup", Time since last: 1003859959 ns, Reaching safepoint: 3500625 ns, At safepoint: 86125 ns, Total: 3586750 ns
[2022-09-04T03:39:53.268+0000][1][safepoint    ] Safepoint "Cleanup", Time since last: 1004963000 ns, Reaching safepoint: 3399042 ns, At safepoint: 89458 ns, Total: 3488500 ns
[2022-09-04T03:39:54.275+0000][1][safepoint    ] Safepoint "Cleanup", Time since last: 1006514375 ns, Reaching safepoint: 808542 ns, At safepoint: 23750 ns, Total: 832292 ns
[2022-09-04T03:39:55.280+0000][1][safepoint    ] Safepoint "Cleanup", Time since last: 1001959876 ns, Reaching safepoint: 2830458 ns, At safepoint: 78458 ns, Total: 2908916 ns
[2022-09-04T03:39:56.287+0000][1][safepoint    ] Safepoint "Cleanup", Time since last: 1005060501 ns, Reaching safepoint: 2050416 ns, At safepoint: 82292 ns, Total: 2132708 ns
[2022-09-04T03:39:57.294+0000][1][safepoint    ] Safepoint "Cleanup", Time since last: 1003996042 ns, Reaching safepoint: 2884084 ns, At safepoint: 87208 ns, Total: 2971292 ns
[2022-09-04T03:39:58.302+0000][1][safepoint    ] Safepoint "Cleanup", Time since last: 1006740667 ns, Reaching safepoint: 1142167 ns, At safepoint: 25875 ns, Total: 1168042 ns
[2022-09-04T03:39:59.305+0000][1][safepoint    ] Safepoint "Cleanup", Time since last: 1002402249 ns, Reaching safepoint: 810417 ns, At safepoint: 22792 ns, Total: 833209 ns
[2022-09-04T03:40:00.309+0000][1][safepoint    ] Safepoint "Cleanup", Time since last: 1003410500 ns, Reaching safepoint: 952917 ns, At safepoint: 24083 ns, Total: 977000 ns
[2022-09-04T03:40:01.313+0000][1][safepoint    ] Safepoint "Cleanup", Time since last: 1001659334 ns, Reaching safepoint: 2445917 ns, At safepoint: 66875 ns, Total: 2512792 ns
[2022-09-04T03:40:02.324+0000][1][safepoint    ] Safepoint "Cleanup", Time since last: 1006814917 ns, Reaching safepoint: 3406583 ns, At safepoint: 105833 ns, Total: 3512416 ns
[2022-09-04T03:40:03.329+0000][1][safepoint    ] Safepoint "Cleanup", Time since last: 1003227084 ns, Reaching safepoint: 1575917 ns, At safepoint: 55708 ns, Total: 1631625 ns
[2022-09-04T03:40:04.332+0000][1][safepoint    ] Safepoint "Cleanup", Time since last: 1002818792 ns, Reaching safepoint: 831209 ns, At safepoint: 60375 ns, Total: 891584 ns
[2022-09-04T03:40:05.336+0000][1][safepoint    ] Safepoint "Cleanup", Time since last: 1003205375 ns, Reaching safepoint: 958708 ns, At safepoint: 23209 ns, Total: 981917 ns
[2022-09-04T03:40:06.431+0000][1][safepoint    ] Safepoint "Cleanup", Time since last: 1093123709 ns, Reaching safepoint: 1095833 ns, At safepoint: 26167 ns, Total: 1122000 ns
[2022-09-04T03:40:07.434+0000][1][safepoint    ] Safepoint "Cleanup", Time since last: 1001961292 ns, Reaching safepoint: 1050458 ns, At safepoint: 30167 ns, Total: 1080625 ns
[2022-09-04T03:40:08.438+0000][1][safepoint    ] Safepoint "Cleanup", Time since last: 1002959542 ns, Reaching safepoint: 1312875 ns, At safepoint: 102708 ns, Total: 1415583 ns
[2022-09-04T03:40:09.444+0000][1][safepoint    ] Safepoint "Cleanup", Time since last: 1005330709 ns, Reaching safepoint: 753958 ns, At safepoint: 20209 ns, Total: 774167 ns
[2022-09-04T03:40:10.448+0000][1][safepoint    ] Safepoint "Cleanup", Time since last: 1003317459 ns, Reaching safepoint: 801500 ns, At safepoint: 21416 ns, Total: 822916 ns
[2022-09-04T03:40:11.451+0000][1][safepoint    ] Safepoint "Cleanup", Time since last: 1002020126 ns, Reaching safepoint: 860958 ns, At safepoint: 21833 ns, Total: 882791 ns
[2022-09-04T03:40:12.457+0000][1][safepoint    ] Safepoint "Cleanup", Time since last: 1003895501 ns, Reaching safepoint: 1503833 ns, At safepoint: 40792 ns, Total: 1544625 ns
[2022-09-04T03:40:13.464+0000][1][safepoint    ] Safepoint "Cleanup", Time since last: 1006132375 ns, Reaching safepoint: 1122375 ns, At safepoint: 33750 ns, Total: 1156125 ns
[2022-09-04T03:40:14.469+0000][1][safepoint    ] Safepoint "Cleanup", Time since last: 1003080084 ns, Reaching safepoint: 1457583 ns, At safepoint: 32500 ns, Total: 1490083 ns
[2022-09-04T03:40:15.477+0000][1][safepoint    ] Safepoint "Cleanup", Time since last: 1006240918 ns, Reaching safepoint: 2009791 ns, At safepoint: 86792 ns, Total: 2096583 ns
[2022-09-04T03:40:16.482+0000][1][safepoint    ] Safepoint "Cleanup", Time since last: 1002477250 ns, Reaching safepoint: 2389500 ns, At safepoint: 101334 ns, Total: 2490834 ns
[2022-09-04T03:40:17.488+0000][1][safepoint    ] Safepoint "Cleanup", Time since last: 1003681334 ns, Reaching safepoint: 1996958 ns, At safepoint: 132750 ns, Total: 2129708 ns
[2022-09-04T03:40:18.494+0000][1][safepoint    ] Safepoint "Cleanup", Time since last: 1003491000 ns, Reaching safepoint: 2620917 ns, At safepoint: 110250 ns, Total: 2731167 ns
[2022-09-04T03:40:19.502+0000][1][safepoint    ] Safepoint "Cleanup", Time since last: 1006738126 ns, Reaching safepoint: 1012000 ns, At safepoint: 23833 ns, Total: 1035833 ns
[2022-09-04T03:40:20.506+0000][1][safepoint    ] Safepoint "Cleanup", Time since last: 1002484042 ns, Reaching safepoint: 1810333 ns, At safepoint: 49792 ns, Total: 1860125 ns
[2022-09-04T03:40:21.510+0000][1][safepoint    ] Safepoint "Cleanup", Time since last: 1001991001 ns, Reaching safepoint: 2066166 ns, At safepoint: 36542 ns, Total: 2102708 ns
[2022-09-04T03:40:22.517+0000][1][safepoint    ] Safepoint "Cleanup", Time since last: 1004862000 ns, Reaching safepoint: 1706542 ns, At safepoint: 34708 ns, Total: 1741250 ns
[2022-09-04T03:40:23.524+0000][1][safepoint    ] Safepoint "Cleanup", Time since last: 1004950626 ns, Reaching safepoint: 1966041 ns, At safepoint: 100042 ns, Total: 2066083 ns
[2022-09-04T03:40:24.529+0000][1][safepoint    ] Safepoint "Cleanup", Time since last: 1004226084 ns, Reaching safepoint: 847042 ns, At safepoint: 21583 ns, Total: 868625 ns
[2022-09-04T03:40:25.534+0000][1][safepoint    ] Safepoint "Cleanup", Time since last: 1003085709 ns, Reaching safepoint: 2319833 ns, At safepoint: 88958 ns, Total: 2408791 ns
[2022-09-04T03:40:26.539+0000][1][safepoint    ] Safepoint "Cleanup", Time since last: 1003303459 ns, Reaching safepoint: 1286750 ns, At safepoint: 43917 ns, Total: 1330667 ns
[2022-09-04T03:40:27.543+0000][1][safepoint    ] Safepoint "Cleanup", Time since last: 1003153125 ns, Reaching safepoint: 1133125 ns, At safepoint: 41459 ns, Total: 1174584 ns
[2022-09-04T03:40:28.546+0000][1][safepoint    ] Safepoint "Cleanup", Time since last: 1002166792 ns, Reaching safepoint: 943791 ns, At safepoint: 28459 ns, Total: 972250 ns
[2022-09-04T03:40:29.551+0000][1][safepoint    ] Safepoint "Cleanup", Time since last: 1003585750 ns, Reaching safepoint: 1047792 ns, At safepoint: 22416 ns, Total: 1070208 ns
[2022-09-04T03:40:30.554+0000][1][safepoint    ] Safepoint "Cleanup", Time since last: 1002028168 ns, Reaching safepoint: 748375 ns, At safepoint: 22166 ns, Total: 770541 ns
[2022-09-04T03:40:31.559+0000][1][safepoint    ] Safepoint "Cleanup", Time since last: 1004200167 ns, Reaching safepoint: 1236709 ns, At safepoint: 34666 ns, Total: 1271375 ns
[2022-09-04T03:40:32.565+0000][1][safepoint    ] Safepoint "Cleanup", Time since last: 1003292626 ns, Reaching safepoint: 2824458 ns, At safepoint: 58833 ns, Total: 2883291 ns
[2022-09-04T03:40:33.570+0000][1][safepoint    ] Safepoint "Cleanup", Time since last: 1004147043 ns, Reaching safepoint: 749208 ns, At safepoint: 20792 ns, Total: 770000 ns
[2022-09-04T03:40:35.174+0000][1][safepoint    ] Safepoint "Cleanup", Time since last: 1602710167 ns, Reaching safepoint: 855125 ns, At safepoint: 64250 ns, Total: 919375 ns
[2022-09-04T03:40:36.178+0000][1][safepoint    ] Safepoint "Cleanup", Time since last: 1002828876 ns, Reaching safepoint: 963208 ns, At safepoint: 21250 ns, Total: 984458 ns
[2022-09-04T03:40:37.184+0000][1][safepoint    ] Safepoint "Cleanup", Time since last: 1004810167 ns, Reaching safepoint: 1265208 ns, At safepoint: 40167 ns, Total: 1305375 ns
[2022-09-04T03:40:38.187+0000][1][safepoint    ] Safepoint "Cleanup", Time since last: 1002609292 ns, Reaching safepoint: 882917 ns, At safepoint: 21208 ns, Total: 904125 ns
[2022-09-04T03:40:39.191+0000][1][safepoint    ] Safepoint "Cleanup", Time since last: 1002043126 ns, Reaching safepoint: 1646625 ns, At safepoint: 51250 ns, Total: 1697875 ns
[2022-09-04T03:40:40.196+0000][1][safepoint    ] Safepoint "Cleanup", Time since last: 1004258458 ns, Reaching safepoint: 1049125 ns, At safepoint: 27584 ns, Total: 1076709 ns
[2022-09-04T03:40:41.200+0000][1][safepoint    ] Safepoint "Cleanup", Time since last: 1002233334 ns, Reaching safepoint: 1003333 ns, At safepoint: 26333 ns, Total: 1029666 ns
[2022-09-04T03:40:42.204+0000][1][safepoint    ] Safepoint "Cleanup", Time since last: 1002762084 ns, Reaching safepoint: 1394208 ns, At safepoint: 110834 ns, Total: 1505042 ns
[2022-09-04T03:40:43.209+0000][1][safepoint    ] Safepoint "Cleanup", Time since last: 1002687167 ns, Reaching safepoint: 2534208 ns, At safepoint: 66084 ns, Total: 2600292 ns
[2022-09-04T03:40:44.218+0000][1][safepoint    ] Safepoint "Cleanup", Time since last: 1006313417 ns, Reaching safepoint: 2540833 ns, At safepoint: 73958 ns, Total: 2614791 ns
[2022-09-04T03:40:45.226+0000][1][safepoint    ] Safepoint "Cleanup", Time since last: 1006757959 ns, Reaching safepoint: 776125 ns, At safepoint: 21375 ns, Total: 797500 ns
[2022-09-04T03:40:46.231+0000][1][safepoint    ] Safepoint "Cleanup", Time since last: 1002705042 ns, Reaching safepoint: 2289709 ns, At safepoint: 64458 ns, Total: 2354167 ns
[2022-09-04T03:40:47.238+0000][1][safepoint    ] Safepoint "Cleanup", Time since last: 1004826584 ns, Reaching safepoint: 2235583 ns, At safepoint: 101458 ns, Total: 2337041 ns
[2022-09-04T03:40:48.243+0000][1][safepoint    ] Safepoint "Cleanup", Time since last: 1004023209 ns, Reaching safepoint: 923042 ns, At safepoint: 27750 ns, Total: 950792 ns
[2022-09-04T03:40:49.246+0000][1][safepoint    ] Safepoint "Cleanup", Time since last: 1002596375 ns, Reaching safepoint: 810334 ns, At safepoint: 22750 ns, Total: 833084 ns
[2022-09-04T03:40:50.265+0000][1][safepoint    ] Safepoint "Cleanup", Time since last: 1017577250 ns, Reaching safepoint: 1181292 ns, At safepoint: 39292 ns, Total: 1220584 ns
[2022-09-04T03:40:51.270+0000][1][safepoint    ] Safepoint "Cleanup", Time since last: 1002380125 ns, Reaching safepoint: 2832167 ns, At safepoint: 72125 ns, Total: 2904292 ns
[2022-09-04T03:40:52.277+0000][1][safepoint    ] Safepoint "Cleanup", Time since last: 1004959584 ns, Reaching safepoint: 1838666 ns, At safepoint: 47959 ns, Total: 1886625 ns
[2022-09-04T03:40:53.284+0000][1][safepoint    ] Safepoint "Cleanup", Time since last: 1003053042 ns, Reaching safepoint: 3169041 ns, At safepoint: 86500 ns, Total: 3255541 ns
[2022-09-04T03:40:54.298+0000][1][safepoint    ] Safepoint "Cleanup", Time since last: 1013709626 ns, Reaching safepoint: 807833 ns, At safepoint: 22417 ns, Total: 830250 ns
[2022-09-04T03:40:55.303+0000][1][safepoint    ] Safepoint "Cleanup", Time since last: 1002028750 ns, Reaching safepoint: 3195417 ns, At safepoint: 141042 ns, Total: 3336459 ns
[2022-09-04T03:40:56.313+0000][1][safepoint    ] Safepoint "Cleanup", Time since last: 1005887208 ns, Reaching safepoint: 3623584 ns, At safepoint: 96666 ns, Total: 3720250 ns
[2022-09-04T03:40:57.320+0000][1][safepoint    ] Safepoint "Cleanup", Time since last: 1004367334 ns, Reaching safepoint: 2197209 ns, At safepoint: 67791 ns, Total: 2265000 ns
[2022-09-04T03:40:58.326+0000][1][safepoint    ] Safepoint "Cleanup", Time since last: 1005536459 ns, Reaching safepoint: 1130042 ns, At safepoint: 30833 ns, Total: 1160875 ns
[2022-09-04T03:40:59.329+0000][1][safepoint    ] Safepoint "Cleanup", Time since last: 1002358167 ns, Reaching safepoint: 755167 ns, At safepoint: 21000 ns, Total: 776167 ns
[2022-09-04T03:41:00.336+0000][1][safepoint    ] Safepoint "Cleanup", Time since last: 1002589875 ns, Reaching safepoint: 3518292 ns, At safepoint: 100083 ns, Total: 3618375 ns
[2022-09-04T03:41:01.342+0000][1][safepoint    ] Safepoint "Cleanup", Time since last: 1005869417 ns, Reaching safepoint: 945292 ns, At safepoint: 24458 ns, Total: 969750 ns
[2022-09-04T03:41:02.348+0000][1][safepoint    ] Safepoint "Cleanup", Time since last: 1002410084 ns, Reaching safepoint: 3408958 ns, At safepoint: 98292 ns, Total: 3507250 ns
[2022-09-04T03:41:03.360+0000][1][safepoint    ] Safepoint "Cleanup", Time since last: 1009839584 ns, Reaching safepoint: 1480417 ns, At safepoint: 64708 ns, Total: 1545125 ns
[2022-09-04T03:41:04.364+0000][1][safepoint    ] Safepoint "Cleanup", Time since last: 1003524209 ns, Reaching safepoint: 903041 ns, At safepoint: 22167 ns, Total: 925208 ns
[2022-09-04T03:41:05.369+0000][1][safepoint    ] Safepoint "Cleanup", Time since last: 1004260084 ns, Reaching safepoint: 988500 ns, At safepoint: 29916 ns, Total: 1018416 ns
[2022-09-04T03:41:06.454+0000][1][safepoint    ] Safepoint "Cleanup", Time since last: 1082551501 ns, Reaching safepoint: 1596583 ns, At safepoint: 37959 ns, Total: 1634542 ns
[2022-09-04T03:41:07.458+0000][1][safepoint    ] Safepoint "Cleanup", Time since last: 1004004000 ns, Reaching safepoint: 832500 ns, At safepoint: 21750 ns, Total: 854250 ns
[2022-09-04T03:41:08.461+0000][1][safepoint    ] Safepoint "Cleanup", Time since last: 1001552667 ns, Reaching safepoint: 1164375 ns, At safepoint: 32542 ns, Total: 1196917 ns
[2022-09-04T03:41:09.466+0000][1][safepoint    ] Safepoint "Cleanup", Time since last: 1003672500 ns, Reaching safepoint: 859625 ns, At safepoint: 22459 ns, Total: 882084 ns
[2022-09-04T03:41:10.471+0000][1][safepoint    ] Safepoint "Cleanup", Time since last: 1003840709 ns, Reaching safepoint: 917166 ns, At safepoint: 27500 ns, Total: 944666 ns
[2022-09-04T03:41:11.474+0000][1][safepoint    ] Safepoint "Cleanup", Time since last: 1002350126 ns, Reaching safepoint: 891750 ns, At safepoint: 25208 ns, Total: 916958 ns
[2022-09-04T03:41:12.479+0000][1][safepoint    ] Safepoint "Cleanup", Time since last: 1002096001 ns, Reaching safepoint: 2721041 ns, At safepoint: 103000 ns, Total: 2824041 ns
[2022-09-04T03:41:13.484+0000][1][safepoint    ] Safepoint "Cleanup", Time since last: 1003771876 ns, Reaching safepoint: 1631583 ns, At safepoint: 41292 ns, Total: 1672875 ns
[2022-09-04T03:41:14.488+0000][1][safepoint    ] Safepoint "Cleanup", Time since last: 1002796375 ns, Reaching safepoint: 812375 ns, At safepoint: 28792 ns, Total: 841167 ns
[2022-09-04T03:41:15.491+0000][1][safepoint    ] Safepoint "Cleanup", Time since last: 1002346167 ns, Reaching safepoint: 1141333 ns, At safepoint: 37500 ns, Total: 1178833 ns
[2022-09-04T03:41:16.496+0000][1][safepoint    ] Safepoint "Cleanup", Time since last: 1003075834 ns, Reaching safepoint: 1484458 ns, At safepoint: 44542 ns, Total: 1529000 ns
[2022-09-04T03:41:17.502+0000][1][safepoint    ] Safepoint "Cleanup", Time since last: 1004327667 ns, Reaching safepoint: 1356292 ns, At safepoint: 83917 ns, Total: 1440209 ns
[2022-09-04T03:41:18.507+0000][1][safepoint    ] Safepoint "Cleanup", Time since last: 1002762625 ns, Reaching safepoint: 2316708 ns, At safepoint: 63959 ns, Total: 2380667 ns
[2022-09-04T03:41:19.511+0000][1][safepoint    ] Safepoint "Cleanup", Time since last: 1003466125 ns, Reaching safepoint: 889875 ns, At safepoint: 27250 ns, Total: 917125 ns
[2022-09-04T03:41:20.514+0000][1][safepoint    ] Safepoint "Cleanup", Time since last: 1002462126 ns, Reaching safepoint: 778500 ns, At safepoint: 21416 ns, Total: 799916 ns
[2022-09-04T03:41:21.520+0000][1][safepoint    ] Safepoint "Cleanup", Time since last: 1003324293 ns, Reaching safepoint: 2323500 ns, At safepoint: 91375 ns, Total: 2414875 ns
[2022-09-04T03:41:22.527+0000][1][safepoint    ] Safepoint "Cleanup", Time since last: 1003187375 ns, Reaching safepoint: 3828625 ns, At safepoint: 105375 ns, Total: 3934000 ns
[2022-09-04T03:41:23.534+0000][1][safepoint    ] Safepoint "Cleanup", Time since last: 1005635625 ns, Reaching safepoint: 926000 ns, At safepoint: 23292 ns, Total: 949292 ns
[2022-09-04T03:41:24.538+0000][1][safepoint    ] Safepoint "Cleanup", Time since last: 1002414167 ns, Reaching safepoint: 1357542 ns, At safepoint: 37500 ns, Total: 1395042 ns
[2022-09-04T03:41:25.544+0000][1][safepoint    ] Safepoint "Cleanup", Time since last: 1004581584 ns, Reaching safepoint: 1156500 ns, At safepoint: 28583 ns, Total: 1185083 ns
[2022-09-04T03:41:26.548+0000][1][safepoint    ] Safepoint "Cleanup", Time since last: 1002410292 ns, Reaching safepoint: 1570292 ns, At safepoint: 36792 ns, Total: 1607084 ns
[2022-09-04T03:41:27.552+0000][1][safepoint    ] Safepoint "Cleanup", Time since last: 1002995458 ns, Reaching safepoint: 1385667 ns, At safepoint: 34375 ns, Total: 1420042 ns
[2022-09-04T03:41:28.557+0000][1][safepoint    ] Safepoint "Cleanup", Time since last: 1004023250 ns, Reaching safepoint: 877916 ns, At safepoint: 25667 ns, Total: 903583 ns
[2022-09-04T03:41:30.164+0000][1][safepoint    ] Safepoint "Cleanup", Time since last: 1606698084 ns, Reaching safepoint: 815875 ns, At safepoint: 23375 ns, Total: 839250 ns
[2022-09-04T03:41:31.168+0000][1][safepoint    ] Safepoint "Cleanup", Time since last: 1003183459 ns, Reaching safepoint: 855750 ns, At safepoint: 27041 ns, Total: 882791 ns
[2022-09-04T03:41:32.172+0000][1][safepoint    ] Safepoint "Cleanup", Time since last: 1001934084 ns, Reaching safepoint: 1575125 ns, At safepoint: 65042 ns, Total: 1640167 ns
[2022-09-04T03:41:33.180+0000][1][safepoint    ] Safepoint "Cleanup", Time since last: 1005803250 ns, Reaching safepoint: 1923625 ns, At safepoint: 48125 ns, Total: 1971750 ns
[2022-09-04T03:41:34.186+0000][1][safepoint    ] Safepoint "Cleanup", Time since last: 1004014501 ns, Reaching safepoint: 2155667 ns, At safepoint: 52166 ns, Total: 2207833 ns
[2022-09-04T03:41:35.190+0000][1][safepoint    ] Safepoint "Cleanup", Time since last: 1003192876 ns, Reaching safepoint: 973291 ns, At safepoint: 47875 ns, Total: 1021166 ns
[2022-09-04T03:41:36.194+0000][1][safepoint    ] Safepoint "Cleanup", Time since last: 1002806668 ns, Reaching safepoint: 800458 ns, At safepoint: 21458 ns, Total: 821916 ns
[2022-09-04T03:41:37.199+0000][1][safepoint    ] Safepoint "Cleanup", Time since last: 1004153459 ns, Reaching safepoint: 887125 ns, At safepoint: 21292 ns, Total: 908417 ns
[2022-09-04T03:41:38.202+0000][1][safepoint    ] Safepoint "Cleanup", Time since last: 1001758625 ns, Reaching safepoint: 1275083 ns, At safepoint: 31417 ns, Total: 1306500 ns
[2022-09-04T03:41:39.207+0000][1][safepoint    ] Safepoint "Cleanup", Time since last: 1002488417 ns, Reaching safepoint: 2243709 ns, At safepoint: 61833 ns, Total: 2305542 ns
[2022-09-04T03:41:40.213+0000][1][safepoint    ] Safepoint "Cleanup", Time since last: 1004837750 ns, Reaching safepoint: 1213542 ns, At safepoint: 28167 ns, Total: 1241709 ns
[2022-09-04T03:41:41.220+0000][1][safepoint    ] Safepoint "Cleanup", Time since last: 1006120167 ns, Reaching safepoint: 830542 ns, At safepoint: 21458 ns, Total: 852000 ns
[2022-09-04T03:41:42.227+0000][1][safepoint    ] Safepoint "Cleanup", Time since last: 1006703084 ns, Reaching safepoint: 911916 ns, At safepoint: 23667 ns, Total: 935583 ns
[2022-09-04T03:41:43.231+0000][1][safepoint    ] Safepoint "Cleanup", Time since last: 1001631501 ns, Reaching safepoint: 2056208 ns, At safepoint: 50208 ns, Total: 2106416 ns
[2022-09-04T03:41:44.235+0000][1][safepoint    ] Safepoint "Cleanup", Time since last: 1003331251 ns, Reaching safepoint: 906625 ns, At safepoint: 30958 ns, Total: 937583 ns
[2022-09-04T03:41:45.252+0000][1][safepoint    ] Safepoint "Cleanup", Time since last: 1015848126 ns, Reaching safepoint: 862916 ns, At safepoint: 24625 ns, Total: 887541 ns
[2022-09-04T03:41:46.256+0000][1][safepoint    ] Safepoint "Cleanup", Time since last: 1002040584 ns, Reaching safepoint: 1756083 ns, At safepoint: 35667 ns, Total: 1791750 ns
[2022-09-04T03:41:47.263+0000][1][safepoint    ] Safepoint "Cleanup", Time since last: 1003226459 ns, Reaching safepoint: 3617583 ns, At safepoint: 89917 ns, Total: 3707500 ns
[2022-09-04T03:41:48.271+0000][1][safepoint    ] Safepoint "Cleanup", Time since last: 1004607125 ns, Reaching safepoint: 3214334 ns, At safepoint: 104208 ns, Total: 3318542 ns
[2022-09-04T03:41:49.278+0000][1][safepoint    ] Safepoint "Cleanup", Time since last: 1006303250 ns, Reaching safepoint: 894667 ns, At safepoint: 27667 ns, Total: 922334 ns
[2022-09-04T03:41:50.281+0000][1][safepoint    ] Safepoint "Cleanup", Time since last: 1001954584 ns, Reaching safepoint: 867375 ns, At safepoint: 22541 ns, Total: 889916 ns
[2022-09-04T03:41:51.285+0000][1][safepoint    ] Safepoint "Cleanup", Time since last: 1002286042 ns, Reaching safepoint: 1862042 ns, At safepoint: 156750 ns, Total: 2018792 ns
[2022-09-04T03:41:52.293+0000][1][safepoint    ] Safepoint "Cleanup", Time since last: 1005447209 ns, Reaching safepoint: 2483250 ns, At safepoint: 82833 ns, Total: 2566083 ns
[2022-09-04T03:41:53.297+0000][1][safepoint    ] Safepoint "Cleanup", Time since last: 1003097376 ns, Reaching safepoint: 1158916 ns, At safepoint: 31000 ns, Total: 1189916 ns
[2022-09-04T03:41:54.301+0000][1][safepoint    ] Safepoint "Cleanup", Time since last: 1002855709 ns, Reaching safepoint: 872917 ns, At safepoint: 25250 ns, Total: 898167 ns
[2022-09-04T03:41:55.304+0000][1][safepoint    ] Safepoint "Cleanup", Time since last: 1001749167 ns, Reaching safepoint: 953500 ns, At safepoint: 23583 ns, Total: 977083 ns
[2022-09-04T03:41:56.310+0000][1][safepoint    ] Safepoint "Cleanup", Time since last: 1005610959 ns, Reaching safepoint: 921000 ns, At safepoint: 46500 ns, Total: 967500 ns
[2022-09-04T03:41:57.314+0000][1][safepoint    ] Safepoint "Cleanup", Time since last: 1001510751 ns, Reaching safepoint: 1909000 ns, At safepoint: 55125 ns, Total: 1964125 ns
[2022-09-04T03:41:58.319+0000][1][safepoint    ] Safepoint "Cleanup", Time since last: 1003106083 ns, Reaching safepoint: 1758334 ns, At safepoint: 33708 ns, Total: 1792042 ns
[2022-09-04T03:41:59.322+0000][1][safepoint    ] Safepoint "Cleanup", Time since last: 1002680500 ns, Reaching safepoint: 984750 ns, At safepoint: 26458 ns, Total: 1011208 ns
[2022-09-04T03:42:00.326+0000][1][safepoint    ] Safepoint "Cleanup", Time since last: 1002071709 ns, Reaching safepoint: 1300125 ns, At safepoint: 35125 ns, Total: 1335250 ns
[2022-09-04T03:42:01.332+0000][1][safepoint    ] Safepoint "Cleanup", Time since last: 1005680792 ns, Reaching safepoint: 853375 ns, At safepoint: 21875 ns, Total: 875250 ns
[2022-09-04T03:42:02.338+0000][1][safepoint    ] Safepoint "Cleanup", Time since last: 1001996876 ns, Reaching safepoint: 3871666 ns, At safepoint: 266250 ns, Total: 4137916 ns
[2022-09-04T03:42:03.348+0000][1][safepoint    ] Safepoint "Cleanup", Time since last: 1008094168 ns, Reaching safepoint: 1308000 ns, At safepoint: 30041 ns, Total: 1338041 ns
[2022-09-04T03:42:04.353+0000][1][safepoint    ] Safepoint "Cleanup", Time since last: 1004392126 ns, Reaching safepoint: 915708 ns, At safepoint: 24958 ns, Total: 940666 ns
[2022-09-04T03:42:05.357+0000][1][safepoint    ] Safepoint "Cleanup", Time since last: 1003088126 ns, Reaching safepoint: 830916 ns, At safepoint: 21084 ns, Total: 852000 ns
[2022-09-04T03:42:06.364+0000][1][safepoint    ] Safepoint "Cleanup", Time since last: 1005767084 ns, Reaching safepoint: 1303875 ns, At safepoint: 56166 ns, Total: 1360041 ns
[2022-09-04T03:42:07.373+0000][1][safepoint    ] Safepoint "Cleanup", Time since last: 1006936626 ns, Reaching safepoint: 1635458 ns, At safepoint: 42208 ns, Total: 1677666 ns
[2022-09-04T03:42:08.380+0000][1][safepoint    ] Safepoint "Cleanup", Time since last: 1004667251 ns, Reaching safepoint: 2456167 ns, At safepoint: 73916 ns, Total: 2530083 ns
[2022-09-04T03:42:09.386+0000][1][safepoint    ] Safepoint "Cleanup", Time since last: 1004925417 ns, Reaching safepoint: 815334 ns, At safepoint: 20958 ns, Total: 836292 ns
[2022-09-04T03:42:10.390+0000][1][safepoint    ] Safepoint "Cleanup", Time since last: 1002772167 ns, Reaching safepoint: 1409875 ns, At safepoint: 33667 ns, Total: 1443542 ns
[2022-09-04T03:42:11.394+0000][1][safepoint    ] Safepoint "Cleanup", Time since last: 1002951250 ns, Reaching safepoint: 799334 ns, At safepoint: 19375 ns, Total: 818709 ns
[2022-09-04T03:42:12.398+0000][1][safepoint    ] Safepoint "Cleanup", Time since last: 1002447083 ns, Reaching safepoint: 1479834 ns, At safepoint: 33916 ns, Total: 1513750 ns
[2022-09-04T03:42:13.402+0000][1][safepoint    ] Safepoint "Cleanup", Time since last: 1002261793 ns, Reaching safepoint: 1943166 ns, At safepoint: 46959 ns, Total: 1990125 ns
[2022-09-04T03:42:14.406+0000][1][safepoint    ] Safepoint "Cleanup", Time since last: 1003341333 ns, Reaching safepoint: 989667 ns, At safepoint: 28375 ns, Total: 1018042 ns
[2022-09-04T03:42:15.410+0000][1][safepoint    ] Safepoint "Cleanup", Time since last: 1002813376 ns, Reaching safepoint: 1225500 ns, At safepoint: 28250 ns, Total: 1253750 ns
[2022-09-04T03:42:16.414+0000][1][safepoint    ] Safepoint "Cleanup", Time since last: 1002300625 ns, Reaching safepoint: 1077250 ns, At safepoint: 32500 ns, Total: 1109750 ns
[2022-09-04T03:42:17.417+0000][1][safepoint    ] Safepoint "Cleanup", Time since last: 1002218876 ns, Reaching safepoint: 1119708 ns, At safepoint: 47750 ns, Total: 1167458 ns
[2022-09-04T03:42:18.422+0000][1][safepoint    ] Safepoint "Cleanup", Time since last: 1002529959 ns, Reaching safepoint: 1787916 ns, At safepoint: 63167 ns, Total: 1851083 ns
[2022-09-04T03:42:19.427+0000][1][safepoint    ] Safepoint "Cleanup", Time since last: 1004280542 ns, Reaching safepoint: 871459 ns, At safepoint: 24708 ns, Total: 896167 ns
[2022-09-04T03:42:20.430+0000][1][safepoint    ] Safepoint "Cleanup", Time since last: 1001858584 ns, Reaching safepoint: 1393333 ns, At safepoint: 29875 ns, Total: 1423208 ns
[2022-09-04T03:42:21.435+0000][1][safepoint    ] Safepoint "Cleanup", Time since last: 1003730459 ns, Reaching safepoint: 841833 ns, At safepoint: 24375 ns, Total: 866208 ns
[2022-09-04T03:42:22.438+0000][1][safepoint    ] Safepoint "Cleanup", Time since last: 1001764584 ns, Reaching safepoint: 1578958 ns, At safepoint: 46750 ns, Total: 1625708 ns
[2022-09-04T03:42:24.433+0000][1][safepoint    ] Safepoint "Cleanup", Time since last: 1994174168 ns, Reaching safepoint: 792625 ns, At safepoint: 20333 ns, Total: 812958 ns
[2022-09-04T03:42:25.437+0000][1][safepoint    ] Safepoint "Cleanup", Time since last: 1002762709 ns, Reaching safepoint: 907542 ns, At safepoint: 22208 ns, Total: 929750 ns
[2022-09-04T03:42:26.440+0000][1][safepoint    ] Safepoint "Cleanup", Time since last: 1002409626 ns, Reaching safepoint: 805791 ns, At safepoint: 20459 ns, Total: 826250 ns
[2022-09-04T03:42:27.444+0000][1][safepoint    ] Safepoint "Cleanup", Time since last: 1003106667 ns, Reaching safepoint: 983791 ns, At safepoint: 24709 ns, Total: 1008500 ns
[2022-09-04T03:42:28.447+0000][1][safepoint    ] Safepoint "Cleanup", Time since last: 1001811958 ns, Reaching safepoint: 1465500 ns, At safepoint: 34750 ns, Total: 1500250 ns
[2022-09-04T03:42:29.452+0000][1][safepoint    ] Safepoint "Cleanup", Time since last: 1004475542 ns, Reaching safepoint: 784833 ns, At safepoint: 31125 ns, Total: 815958 ns
[2022-09-04T03:42:30.455+0000][1][safepoint    ] Safepoint "Cleanup", Time since last: 1001545209 ns, Reaching safepoint: 1002042 ns, At safepoint: 24125 ns, Total: 1026167 ns
[2022-09-04T03:42:31.459+0000][1][safepoint    ] Safepoint "Cleanup", Time since last: 1002713417 ns, Reaching safepoint: 771792 ns, At safepoint: 23708 ns, Total: 795500 ns
[2022-09-04T03:42:32.463+0000][1][safepoint    ] Safepoint "Cleanup", Time since last: 1002875584 ns, Reaching safepoint: 1705583 ns, At safepoint: 37250 ns, Total: 1742833 ns
[2022-09-04T03:42:33.467+0000][1][safepoint    ] Safepoint "Cleanup", Time since last: 1002402542 ns, Reaching safepoint: 1629792 ns, At safepoint: 41083 ns, Total: 1670875 ns
[2022-09-04T03:42:34.475+0000][1][safepoint    ] Safepoint "Cleanup", Time since last: 1007198709 ns, Reaching safepoint: 913875 ns, At safepoint: 20667 ns, Total: 934542 ns
[2022-09-04T03:42:35.478+0000][1][safepoint    ] Safepoint "Cleanup", Time since last: 1001775250 ns, Reaching safepoint: 938709 ns, At safepoint: 19583 ns, Total: 958292 ns
[2022-09-04T03:42:36.482+0000][1][safepoint    ] Safepoint "Cleanup", Time since last: 1002002792 ns, Reaching safepoint: 1833500 ns, At safepoint: 80542 ns, Total: 1914042 ns
[2022-09-04T03:42:37.486+0000][1][safepoint    ] Safepoint "Cleanup", Time since last: 1002530583 ns, Reaching safepoint: 1256667 ns, At safepoint: 29708 ns, Total: 1286375 ns
[2022-09-04T03:42:38.490+0000][1][safepoint    ] Safepoint "Cleanup", Time since last: 1003057209 ns, Reaching safepoint: 1446750 ns, At safepoint: 34709 ns, Total: 1481459 ns
[2022-09-04T03:42:39.495+0000][1][safepoint    ] Safepoint "Cleanup", Time since last: 1003932833 ns, Reaching safepoint: 941875 ns, At safepoint: 22500 ns, Total: 964375 ns
[2022-09-04T03:42:40.499+0000][1][safepoint    ] Safepoint "Cleanup", Time since last: 1002606334 ns, Reaching safepoint: 842584 ns, At safepoint: 21208 ns, Total: 863792 ns
[2022-09-04T03:42:41.501+0000][1][safepoint    ] Safepoint "Cleanup", Time since last: 1001507292 ns, Reaching safepoint: 821417 ns, At safepoint: 20666 ns, Total: 842083 ns
[2022-09-04T03:42:42.505+0000][1][safepoint    ] Safepoint "Cleanup", Time since last: 1001706834 ns, Reaching safepoint: 2158000 ns, At safepoint: 88750 ns, Total: 2246750 ns
[2022-09-04T03:42:43.513+0000][1][safepoint    ] Safepoint "Cleanup", Time since last: 1005422334 ns, Reaching safepoint: 2404875 ns, At safepoint: 59625 ns, Total: 2464500 ns
[2022-09-04T03:42:44.532+0000][1][safepoint    ] Safepoint "Cleanup", Time since last: 1018001959 ns, Reaching safepoint: 1083208 ns, At safepoint: 26875 ns, Total: 1110083 ns
[2022-09-04T03:42:45.535+0000][1][safepoint    ] Safepoint "Cleanup", Time since last: 1002429376 ns, Reaching safepoint: 844041 ns, At safepoint: 21125 ns, Total: 865166 ns
[2022-09-04T03:42:46.538+0000][1][safepoint    ] Safepoint "Cleanup", Time since last: 1001754834 ns, Reaching safepoint: 859708 ns, At safepoint: 70750 ns, Total: 930458 ns
[2022-09-04T03:42:47.541+0000][1][safepoint    ] Safepoint "Cleanup", Time since last: 1001807584 ns, Reaching safepoint: 1101375 ns, At safepoint: 24959 ns, Total: 1126334 ns
[2022-09-04T03:42:48.544+0000][1][safepoint    ] Safepoint "Cleanup", Time since last: 1001878875 ns, Reaching safepoint: 994958 ns, At safepoint: 24000 ns, Total: 1018958 ns
[2022-09-04T03:42:49.549+0000][1][safepoint    ] Safepoint "Cleanup", Time since last: 1004226126 ns, Reaching safepoint: 938958 ns, At safepoint: 19625 ns, Total: 958583 ns
[2022-09-04T03:42:50.552+0000][1][safepoint    ] Safepoint "Cleanup", Time since last: 1001662501 ns, Reaching safepoint: 812791 ns, At safepoint: 21334 ns, Total: 834125 ns
[2022-09-04T03:42:51.554+0000][1][safepoint    ] Safepoint "Cleanup", Time since last: 1001829042 ns, Reaching safepoint: 1018792 ns, At safepoint: 26125 ns, Total: 1044917 ns
[2022-09-04T03:42:52.560+0000][1][safepoint    ] Safepoint "Cleanup", Time since last: 1003746833 ns, Reaching safepoint: 1520875 ns, At safepoint: 45125 ns, Total: 1566000 ns
[2022-09-04T03:42:53.565+0000][1][safepoint    ] Safepoint "Cleanup", Time since last: 1003795001 ns, Reaching safepoint: 1101375 ns, At safepoint: 27875 ns, Total: 1129250 ns
[2022-09-04T03:42:54.568+0000][1][safepoint    ] Safepoint "Cleanup", Time since last: 1002139417 ns, Reaching safepoint: 779167 ns, At safepoint: 20000 ns, Total: 799167 ns
[2022-09-04T03:42:55.570+0000][1][safepoint    ] Safepoint "Cleanup", Time since last: 1001890958 ns, Reaching safepoint: 812417 ns, At safepoint: 24375 ns, Total: 836792 ns
[2022-09-04T03:42:56.573+0000][1][safepoint    ] Safepoint "Cleanup", Time since last: 1001491667 ns, Reaching safepoint: 974459 ns, At safepoint: 24166 ns, Total: 998625 ns
[2022-09-04T03:42:57.576+0000][1][safepoint    ] Safepoint "Cleanup", Time since last: 1001963876 ns, Reaching safepoint: 1279916 ns, At safepoint: 29417 ns, Total: 1309333 ns
[2022-09-04T03:42:58.579+0000][1][safepoint    ] Safepoint "Cleanup", Time since last: 1002212458 ns, Reaching safepoint: 872917 ns, At safepoint: 39625 ns, Total: 912542 ns
[2022-09-04T03:42:59.582+0000][1][safepoint    ] Safepoint "Cleanup", Time since last: 1002223209 ns, Reaching safepoint: 786916 ns, At safepoint: 21042 ns, Total: 807958 ns
[2022-09-04T03:43:00.585+0000][1][safepoint    ] Safepoint "Cleanup", Time since last: 1001840584 ns, Reaching safepoint: 792667 ns, At safepoint: 21416 ns, Total: 814083 ns
[2022-09-04T03:43:01.588+0000][1][safepoint    ] Safepoint "Cleanup", Time since last: 1002004251 ns, Reaching safepoint: 1440750 ns, At safepoint: 61208 ns, Total: 1501958 ns
[2022-09-04T03:43:02.591+0000][1][safepoint    ] Safepoint "Cleanup", Time since last: 1001564667 ns, Reaching safepoint: 824958 ns, At safepoint: 21459 ns, Total: 846417 ns
[2022-09-04T03:43:03.593+0000][1][safepoint    ] Safepoint "Cleanup", Time since last: 1001575167 ns, Reaching safepoint: 819542 ns, At safepoint: 20833 ns, Total: 840375 ns
[2022-09-04T03:43:04.597+0000][1][safepoint    ] Safepoint "Cleanup", Time since last: 1002996500 ns, Reaching safepoint: 859375 ns, At safepoint: 21125 ns, Total: 880500 ns
[2022-09-04T03:43:05.604+0000][1][safepoint    ] Safepoint "Cleanup", Time since last: 1004674418 ns, Reaching safepoint: 2730125 ns, At safepoint: 62583 ns, Total: 2792708 ns
[2022-09-04T03:43:06.618+0000][1][safepoint    ] Safepoint "Cleanup", Time since last: 1013140792 ns, Reaching safepoint: 835792 ns, At safepoint: 20708 ns, Total: 856500 ns
[2022-09-04T03:43:07.624+0000][1][safepoint    ] Safepoint "Cleanup", Time since last: 1003621917 ns, Reaching safepoint: 1847209 ns, At safepoint: 56458 ns, Total: 1903667 ns
[2022-09-04T03:43:08.629+0000][1][safepoint    ] Safepoint "Cleanup", Time since last: 1003479334 ns, Reaching safepoint: 1210416 ns, At safepoint: 31250 ns, Total: 1241666 ns
[2022-09-04T03:43:09.647+0000][1][safepoint    ] Safepoint "Cleanup", Time since last: 1017372626 ns, Reaching safepoint: 909417 ns, At safepoint: 23833 ns, Total: 933250 ns
[2022-09-04T03:43:10.650+0000][1][safepoint    ] Safepoint "Cleanup", Time since last: 1002223500 ns, Reaching safepoint: 956459 ns, At safepoint: 22291 ns, Total: 978750 ns
[2022-09-04T03:43:11.653+0000][1][safepoint    ] Safepoint "Cleanup", Time since last: 1001688417 ns, Reaching safepoint: 856292 ns, At safepoint: 23583 ns, Total: 879875 ns
[2022-09-04T03:43:12.655+0000][1][safepoint    ] Safepoint "Cleanup", Time since last: 1001629501 ns, Reaching safepoint: 818583 ns, At safepoint: 25667 ns, Total: 844250 ns
[2022-09-04T03:43:13.658+0000][1][safepoint    ] Safepoint "Cleanup", Time since last: 1001820375 ns, Reaching safepoint: 768292 ns, At safepoint: 92125 ns, Total: 860417 ns
[2022-09-04T03:43:14.660+0000][1][safepoint    ] Safepoint "Cleanup", Time since last: 1001603334 ns, Reaching safepoint: 1029667 ns, At safepoint: 25750 ns, Total: 1055417 ns
[2022-09-04T03:43:15.667+0000][1][safepoint    ] Safepoint "Cleanup", Time since last: 1004466458 ns, Reaching safepoint: 1977209 ns, At safepoint: 44250 ns, Total: 2021459 ns
[2022-09-04T03:43:16.675+0000][1][safepoint    ] Safepoint "Cleanup", Time since last: 1006553167 ns, Reaching safepoint: 1268375 ns, At safepoint: 33167 ns, Total: 1301542 ns
[2022-09-04T03:43:17.703+0000][1][safepoint    ] Safepoint "Cleanup", Time since last: 1025766083 ns, Reaching safepoint: 2376292 ns, At safepoint: 69250 ns, Total: 2445542 ns
[2022-09-04T03:43:18.710+0000][1][safepoint    ] Safepoint "Cleanup", Time since last: 1005280667 ns, Reaching safepoint: 1554542 ns, At safepoint: 39458 ns, Total: 1594000 ns
[2022-09-04T03:43:19.717+0000][1][safepoint    ] Safepoint "Cleanup", Time since last: 1006476126 ns, Reaching safepoint: 1011000 ns, At safepoint: 22833 ns, Total: 1033833 ns
[2022-09-04T03:43:20.723+0000][1][safepoint    ] Safepoint "Cleanup", Time since last: 1003582709 ns, Reaching safepoint: 2138958 ns, At safepoint: 75125 ns, Total: 2214083 ns
[2022-09-04T03:43:21.730+0000][1][safepoint    ] Safepoint "Cleanup", Time since last: 1006134584 ns, Reaching safepoint: 1096417 ns, At safepoint: 28666 ns, Total: 1125083 ns
[2022-09-04T03:43:22.738+0000][1][safepoint    ] Safepoint "Cleanup", Time since last: 1005161292 ns, Reaching safepoint: 2300334 ns, At safepoint: 86125 ns, Total: 2386459 ns
[2022-09-04T03:43:23.744+0000][1][safepoint    ] Safepoint "Cleanup", Time since last: 1002804334 ns, Reaching safepoint: 2778125 ns, At safepoint: 93791 ns, Total: 2871916 ns
[2022-09-04T03:43:24.755+0000][1][safepoint    ] Safepoint "Cleanup", Time since last: 1005874584 ns, Reaching safepoint: 5599208 ns, At safepoint: 83667 ns, Total: 5682875 ns
[2022-09-04T03:43:25.765+0000][1][safepoint    ] Safepoint "Cleanup", Time since last: 1006830376 ns, Reaching safepoint: 2511458 ns, At safepoint: 65792 ns, Total: 2577250 ns
[2022-09-04T03:43:26.771+0000][1][safepoint    ] Safepoint "Cleanup", Time since last: 1003223917 ns, Reaching safepoint: 2828708 ns, At safepoint: 358542 ns, Total: 3187250 ns
[2022-09-04T03:43:27.775+0000][1][safepoint    ] Safepoint "Cleanup", Time since last: 1002956208 ns, Reaching safepoint: 1133750 ns, At safepoint: 29917 ns, Total: 1163667 ns
[2022-09-04T03:43:28.782+0000][1][safepoint    ] Safepoint "Cleanup", Time since last: 1003487125 ns, Reaching safepoint: 3031708 ns, At safepoint: 192417 ns, Total: 3224125 ns
[2022-09-04T03:43:29.789+0000][1][safepoint    ] Safepoint "Cleanup", Time since last: 1005995125 ns, Reaching safepoint: 1339125 ns, At safepoint: 36417 ns, Total: 1375542 ns
[2022-09-04T03:43:30.796+0000][1][safepoint    ] Safepoint "Cleanup", Time since last: 1004213417 ns, Reaching safepoint: 2374292 ns, At safepoint: 77541 ns, Total: 2451833 ns
[2022-09-04T03:43:31.801+0000][1][safepoint    ] Safepoint "Cleanup", Time since last: 1003395542 ns, Reaching safepoint: 1652834 ns, At safepoint: 36208 ns, Total: 1689042 ns
[2022-09-04T03:43:32.806+0000][1][safepoint    ] Safepoint "Cleanup", Time since last: 1002401251 ns, Reaching safepoint: 2303875 ns, At safepoint: 96541 ns, Total: 2400416 ns
[2022-09-04T03:43:33.811+0000][1][safepoint    ] Safepoint "Cleanup", Time since last: 1003763001 ns, Reaching safepoint: 1819750 ns, At safepoint: 69666 ns, Total: 1889416 ns
[2022-09-04T03:43:34.820+0000][1][safepoint    ] Safepoint "Cleanup", Time since last: 1004841959 ns, Reaching safepoint: 3681459 ns, At safepoint: 103666 ns, Total: 3785125 ns
[2022-09-04T03:43:36.554+0000][1][safepoint    ] Safepoint "Cleanup", Time since last: 1733140209 ns, Reaching safepoint: 1383292 ns, At safepoint: 29125 ns, Total: 1412417 ns
[2022-09-04T03:43:37.559+0000][1][safepoint    ] Safepoint "Cleanup", Time since last: 1003709084 ns, Reaching safepoint: 1041625 ns, At safepoint: 23250 ns, Total: 1064875 ns
[2022-09-04T03:43:38.562+0000][1][safepoint    ] Safepoint "Cleanup", Time since last: 1001676709 ns, Reaching safepoint: 1016583 ns, At safepoint: 21625 ns, Total: 1038208 ns
[2022-09-04T03:43:39.565+0000][1][safepoint    ] Safepoint "Cleanup", Time since last: 1001835584 ns, Reaching safepoint: 1057541 ns, At safepoint: 21042 ns, Total: 1078583 ns
[2022-09-04T03:43:40.569+0000][1][safepoint    ] Safepoint "Cleanup", Time since last: 1003258292 ns, Reaching safepoint: 895875 ns, At safepoint: 22250 ns, Total: 918125 ns
[2022-09-04T03:43:41.572+0000][1][safepoint    ] Safepoint "Cleanup", Time since last: 1001784209 ns, Reaching safepoint: 1114667 ns, At safepoint: 23375 ns, Total: 1138042 ns
[2022-09-04T03:43:42.578+0000][1][safepoint    ] Safepoint "Cleanup", Time since last: 1004073584 ns, Reaching safepoint: 1495500 ns, At safepoint: 118291 ns, Total: 1613791 ns
[2022-09-04T03:43:43.581+0000][1][safepoint    ] Safepoint "Cleanup", Time since last: 1002078667 ns, Reaching safepoint: 1541125 ns, At safepoint: 35875 ns, Total: 1577000 ns
[2022-09-04T03:43:44.587+0000][1][safepoint    ] Safepoint "Cleanup", Time since last: 1004746876 ns, Reaching safepoint: 995250 ns, At safepoint: 20917 ns, Total: 1016167 ns
[2022-09-04T03:43:45.591+0000][1][safepoint    ] Safepoint "Cleanup", Time since last: 1002958292 ns, Reaching safepoint: 1111750 ns, At safepoint: 26041 ns, Total: 1137791 ns
[2022-09-04T03:43:46.596+0000][1][safepoint    ] Safepoint "Cleanup", Time since last: 1003257001 ns, Reaching safepoint: 1858875 ns, At safepoint: 44958 ns, Total: 1903833 ns
[2022-09-04T03:43:47.601+0000][1][safepoint    ] Safepoint "Cleanup", Time since last: 1003573584 ns, Reaching safepoint: 1253542 ns, At safepoint: 31833 ns, Total: 1285375 ns
[2022-09-04T03:43:48.606+0000][1][safepoint    ] Safepoint "Cleanup", Time since last: 1004165917 ns, Reaching safepoint: 1086083 ns, At safepoint: 26500 ns, Total: 1112583 ns
[2022-09-04T03:43:49.609+0000][1][safepoint    ] Safepoint "Cleanup", Time since last: 1001867876 ns, Reaching safepoint: 1011875 ns, At safepoint: 22000 ns, Total: 1033875 ns
[2022-09-04T03:43:50.613+0000][1][safepoint    ] Safepoint "Cleanup", Time since last: 1002821875 ns, Reaching safepoint: 967209 ns, At safepoint: 22875 ns, Total: 990084 ns
[2022-09-04T03:43:51.617+0000][1][safepoint    ] Safepoint "Cleanup", Time since last: 1002602000 ns, Reaching safepoint: 1000792 ns, At safepoint: 23042 ns, Total: 1023834 ns
[2022-09-04T03:43:52.624+0000][1][safepoint    ] Safepoint "Cleanup", Time since last: 1003705208 ns, Reaching safepoint: 3079667 ns, At safepoint: 86292 ns, Total: 3165959 ns
[2022-09-04T03:43:53.630+0000][1][safepoint    ] Safepoint "Cleanup", Time since last: 1004534000 ns, Reaching safepoint: 1540417 ns, At safepoint: 34958 ns, Total: 1575375 ns
[2022-09-04T03:43:54.635+0000][1][safepoint    ] Safepoint "Cleanup", Time since last: 1003677001 ns, Reaching safepoint: 1364500 ns, At safepoint: 33000 ns, Total: 1397500 ns
[2022-09-04T03:43:55.638+0000][1][safepoint    ] Safepoint "Cleanup", Time since last: 1002061542 ns, Reaching safepoint: 1224833 ns, At safepoint: 29833 ns, Total: 1254666 ns
[2022-09-04T03:43:56.642+0000][1][safepoint    ] Safepoint "Cleanup", Time since last: 1001929918 ns, Reaching safepoint: 1967333 ns, At safepoint: 79667 ns, Total: 2047000 ns
[2022-09-04T03:43:57.647+0000][1][safepoint    ] Safepoint "Cleanup", Time since last: 1003696083 ns, Reaching safepoint: 1510417 ns, At safepoint: 32042 ns, Total: 1542459 ns
[2022-09-04T03:43:58.652+0000][1][safepoint    ] Safepoint "Cleanup", Time since last: 1003080000 ns, Reaching safepoint: 1436250 ns, At safepoint: 31625 ns, Total: 1467875 ns
[2022-09-04T03:43:59.655+0000][1][safepoint    ] Safepoint "Cleanup", Time since last: 1001994875 ns, Reaching safepoint: 1193792 ns, At safepoint: 29416 ns, Total: 1223208 ns
[2022-09-04T03:44:00.658+0000][1][safepoint    ] Safepoint "Cleanup", Time since last: 1002028834 ns, Reaching safepoint: 992667 ns, At safepoint: 30167 ns, Total: 1022834 ns
[2022-09-04T03:44:01.661+0000][1][safepoint    ] Safepoint "Cleanup", Time since last: 1001930917 ns, Reaching safepoint: 915166 ns, At safepoint: 23125 ns, Total: 938291 ns
[2022-09-04T03:44:03.051+0000][1][safepoint    ] Safepoint "Cleanup", Time since last: 1388773626 ns, Reaching safepoint: 1575542 ns, At safepoint: 55083 ns, Total: 1630625 ns
[2022-09-04T03:44:04.058+0000][1][safepoint    ] Safepoint "Cleanup", Time since last: 1005961209 ns, Reaching safepoint: 973917 ns, At safepoint: 24625 ns, Total: 998542 ns
[2022-09-04T03:44:05.061+0000][1][safepoint    ] Safepoint "Cleanup", Time since last: 1001856000 ns, Reaching safepoint: 1102917 ns, At safepoint: 93583 ns, Total: 1196500 ns
[2022-09-04T03:44:06.066+0000][1][safepoint    ] Safepoint "Cleanup", Time since last: 1003180375 ns, Reaching safepoint: 1240959 ns, At safepoint: 30000 ns, Total: 1270959 ns
[2022-09-04T03:44:07.070+0000][1][safepoint    ] Safepoint "Cleanup", Time since last: 1002576084 ns, Reaching safepoint: 1792166 ns, At safepoint: 73584 ns, Total: 1865750 ns
[2022-09-04T03:44:08.075+0000][1][safepoint    ] Safepoint "Cleanup", Time since last: 1003205542 ns, Reaching safepoint: 1536000 ns, At safepoint: 38208 ns, Total: 1574208 ns
[2022-09-04T03:44:09.080+0000][1][safepoint    ] Safepoint "Cleanup", Time since last: 1002868001 ns, Reaching safepoint: 2631041 ns, At safepoint: 69000 ns, Total: 2700041 ns
[2022-09-04T03:44:10.086+0000][1][safepoint    ] Safepoint "Cleanup", Time since last: 1004281709 ns, Reaching safepoint: 1734083 ns, At safepoint: 41084 ns, Total: 1775167 ns
[2022-09-04T03:44:11.090+0000][1][safepoint    ] Safepoint "Cleanup", Time since last: 1002892125 ns, Reaching safepoint: 799834 ns, At safepoint: 22541 ns, Total: 822375 ns
[2022-09-04T03:44:12.093+0000][1][safepoint    ] Safepoint "Cleanup", Time since last: 1001872542 ns, Reaching safepoint: 856125 ns, At safepoint: 22209 ns, Total: 878334 ns
[2022-09-04T03:44:13.097+0000][1][safepoint    ] Safepoint "Cleanup", Time since last: 1002635375 ns, Reaching safepoint: 985542 ns, At safepoint: 25250 ns, Total: 1010792 ns
[2022-09-04T03:44:14.101+0000][1][safepoint    ] Safepoint "Cleanup", Time since last: 1003145334 ns, Reaching safepoint: 1402875 ns, At safepoint: 38958 ns, Total: 1441833 ns
[2022-09-04T03:44:15.111+0000][1][safepoint    ] Safepoint "Cleanup", Time since last: 1007543917 ns, Reaching safepoint: 1947458 ns, At safepoint: 48667 ns, Total: 1996125 ns
[2022-09-04T03:44:16.117+0000][1][safepoint    ] Safepoint "Cleanup", Time since last: 1005262417 ns, Reaching safepoint: 1117500 ns, At safepoint: 24334 ns, Total: 1141834 ns
[2022-09-04T03:44:17.122+0000][1][safepoint    ] Safepoint "Cleanup", Time since last: 1002622667 ns, Reaching safepoint: 2454750 ns, At safepoint: 122041 ns, Total: 2576791 ns
[2022-09-04T03:44:18.131+0000][1][safepoint    ] Safepoint "Cleanup", Time since last: 1004541459 ns, Reaching safepoint: 3783917 ns, At safepoint: 89875 ns, Total: 3873792 ns
[2022-09-04T03:44:19.140+0000][1][safepoint    ] Safepoint "Cleanup", Time since last: 1006470084 ns, Reaching safepoint: 2473666 ns, At safepoint: 69292 ns, Total: 2542958 ns
[2022-09-04T03:44:20.148+0000][1][safepoint    ] Safepoint "Cleanup", Time since last: 1005140292 ns, Reaching safepoint: 2711250 ns, At safepoint: 74625 ns, Total: 2785875 ns
[2022-09-04T03:44:21.154+0000][1][safepoint    ] Safepoint "Cleanup", Time since last: 1004453626 ns, Reaching safepoint: 1886916 ns, At safepoint: 50917 ns, Total: 1937833 ns
[2022-09-04T03:44:22.159+0000][1][safepoint    ] Safepoint "Cleanup", Time since last: 1002018334 ns, Reaching safepoint: 2783291 ns, At safepoint: 127875 ns, Total: 2911166 ns
[2022-09-04T03:44:23.168+0000][1][safepoint    ] Safepoint "Cleanup", Time since last: 1006164293 ns, Reaching safepoint: 2527375 ns, At safepoint: 63916 ns, Total: 2591291 ns
[2022-09-04T03:44:24.177+0000][1][safepoint    ] Safepoint "Cleanup", Time since last: 1005797584 ns, Reaching safepoint: 3670167 ns, At safepoint: 162291 ns, Total: 3832458 ns
[2022-09-04T03:44:25.188+0000][1][safepoint    ] Safepoint "Cleanup", Time since last: 1006156043 ns, Reaching safepoint: 4345708 ns, At safepoint: 127167 ns, Total: 4472875 ns
[2022-09-04T03:44:26.193+0000][1][safepoint    ] Safepoint "Cleanup", Time since last: 1003926000 ns, Reaching safepoint: 906125 ns, At safepoint: 26792 ns, Total: 932917 ns
[2022-09-04T03:44:27.196+0000][1][safepoint    ] Safepoint "Cleanup", Time since last: 1001728542 ns, Reaching safepoint: 1245333 ns, At safepoint: 43042 ns, Total: 1288375 ns
[2022-09-04T03:44:28.202+0000][1][safepoint    ] Safepoint "Cleanup", Time since last: 1005311375 ns, Reaching safepoint: 1158667 ns, At safepoint: 27333 ns, Total: 1186000 ns
[2022-09-04T03:44:29.209+0000][1][safepoint    ] Safepoint "Cleanup", Time since last: 1004921875 ns, Reaching safepoint: 1570125 ns, At safepoint: 55542 ns, Total: 1625667 ns
[2022-09-04T03:44:30.218+0000][1][safepoint    ] Safepoint "Cleanup", Time since last: 1005738667 ns, Reaching safepoint: 3651125 ns, At safepoint: 108083 ns, Total: 3759208 ns
[2022-09-04T03:44:31.227+0000][1][safepoint    ] Safepoint "Cleanup", Time since last: 1005591667 ns, Reaching safepoint: 3020167 ns, At safepoint: 101333 ns, Total: 3121500 ns
[2022-09-04T03:44:32.236+0000][1][safepoint    ] Safepoint "Cleanup", Time since last: 1003861084 ns, Reaching safepoint: 4521625 ns, At safepoint: 103584 ns, Total: 4625209 ns
[2022-09-04T03:44:33.242+0000][1][safepoint    ] Safepoint "Cleanup", Time since last: 1003705500 ns, Reaching safepoint: 2569125 ns, At safepoint: 70333 ns, Total: 2639458 ns
[2022-09-04T03:44:34.249+0000][1][safepoint    ] Safepoint "Cleanup", Time since last: 1005566334 ns, Reaching safepoint: 1045000 ns, At safepoint: 28042 ns, Total: 1073042 ns
[2022-09-04T03:44:35.270+0000][1][safepoint    ] Safepoint "Cleanup", Time since last: 1016993417 ns, Reaching safepoint: 4065250 ns, At safepoint: 98875 ns, Total: 4164125 ns
[2022-09-04T03:44:36.280+0000][1][safepoint    ] Safepoint "Cleanup", Time since last: 1007956084 ns, Reaching safepoint: 1925667 ns, At safepoint: 49541 ns, Total: 1975208 ns
[2022-09-04T03:44:38.169+0000][1][safepoint    ] Safepoint "Cleanup", Time since last: 1888304251 ns, Reaching safepoint: 1056667 ns, At safepoint: 24083 ns, Total: 1080750 ns
[2022-09-04T03:44:39.176+0000][1][safepoint    ] Safepoint "Cleanup", Time since last: 1005546834 ns, Reaching safepoint: 1293833 ns, At safepoint: 35542 ns, Total: 1329375 ns
[2022-09-04T03:44:40.179+0000][1][safepoint    ] Safepoint "Cleanup", Time since last: 1002253834 ns, Reaching safepoint: 1088125 ns, At safepoint: 24541 ns, Total: 1112666 ns
[2022-09-04T03:44:41.183+0000][1][safepoint    ] Safepoint "Cleanup", Time since last: 1002550959 ns, Reaching safepoint: 951959 ns, At safepoint: 24541 ns, Total: 976500 ns
[2022-09-04T03:44:42.186+0000][1][safepoint    ] Safepoint "Cleanup", Time since last: 1002333292 ns, Reaching safepoint: 1119375 ns, At safepoint: 24584 ns, Total: 1143959 ns
[2022-09-04T03:44:43.190+0000][1][safepoint    ] Safepoint "Cleanup", Time since last: 1001771334 ns, Reaching safepoint: 1528541 ns, At safepoint: 39292 ns, Total: 1567833 ns
[2022-09-04T03:44:44.199+0000][1][safepoint    ] Safepoint "Cleanup", Time since last: 1006094042 ns, Reaching safepoint: 2788625 ns, At safepoint: 70417 ns, Total: 2859042 ns
[2022-09-04T03:44:45.208+0000][1][safepoint    ] Safepoint "Cleanup", Time since last: 1005354750 ns, Reaching safepoint: 3485667 ns, At safepoint: 174500 ns, Total: 3660167 ns
[2022-09-04T03:44:46.216+0000][1][safepoint    ] Safepoint "Cleanup", Time since last: 1006211292 ns, Reaching safepoint: 2559333 ns, At safepoint: 71334 ns, Total: 2630667 ns
[2022-09-04T03:44:47.223+0000][1][safepoint    ] Safepoint "Cleanup", Time since last: 1003880792 ns, Reaching safepoint: 2770083 ns, At safepoint: 91750 ns, Total: 2861833 ns
[2022-09-04T03:44:48.231+0000][1][safepoint    ] Safepoint "Cleanup", Time since last: 1006577959 ns, Reaching safepoint: 1476583 ns, At safepoint: 34709 ns, Total: 1511292 ns
[2022-09-04T03:44:49.239+0000][1][safepoint    ] Safepoint "Cleanup", Time since last: 1007049875 ns, Reaching safepoint: 1090042 ns, At safepoint: 37250 ns, Total: 1127292 ns
[2022-09-04T03:44:50.251+0000][1][safepoint    ] Safepoint "Cleanup", Time since last: 1010770834 ns, Reaching safepoint: 1049000 ns, At safepoint: 25250 ns, Total: 1074250 ns
[2022-09-04T03:44:51.258+0000][1][safepoint    ] Safepoint "Cleanup", Time since last: 1005673333 ns, Reaching safepoint: 1052292 ns, At safepoint: 24542 ns, Total: 1076834 ns
[2022-09-04T03:44:52.268+0000][1][safepoint    ] Safepoint "Cleanup", Time since last: 1008379875 ns, Reaching safepoint: 1151875 ns, At safepoint: 31834 ns, Total: 1183709 ns
[2022-09-04T03:44:53.273+0000][1][safepoint    ] Safepoint "Cleanup", Time since last: 1002123750 ns, Reaching safepoint: 2655125 ns, At safepoint: 75000 ns, Total: 2730125 ns
[2022-09-04T03:44:54.279+0000][1][safepoint    ] Safepoint "Cleanup", Time since last: 1004692542 ns, Reaching safepoint: 1533333 ns, At safepoint: 32584 ns, Total: 1565917 ns
[2022-09-04T03:44:55.283+0000][1][safepoint    ] Safepoint "Cleanup", Time since last: 1002136750 ns, Reaching safepoint: 2067542 ns, At safepoint: 52458 ns, Total: 2120000 ns
[2022-09-04T03:44:56.299+0000][1][safepoint    ] Safepoint "Cleanup", Time since last: 1004905709 ns, Reaching safepoint: 7681458 ns, At safepoint: 537042 ns, Total: 8218500 ns
[2022-09-04T03:44:57.313+0000][1][safepoint    ] Safepoint "Cleanup", Time since last: 1014460959 ns, Reaching safepoint: 2436167 ns, At safepoint: 63125 ns, Total: 2499292 ns
[2022-09-04T03:44:58.323+0000][1][safepoint    ] Safepoint "Cleanup", Time since last: 1004818625 ns, Reaching safepoint: 4715917 ns, At safepoint: 101750 ns, Total: 4817667 ns
[2022-09-04T03:44:59.332+0000][1][safepoint    ] Safepoint "Cleanup", Time since last: 1008893625 ns, Reaching safepoint: 853875 ns, At safepoint: 20333 ns, Total: 874208 ns
[2022-09-04T03:45:00.337+0000][1][safepoint    ] Safepoint "Cleanup", Time since last: 1002382126 ns, Reaching safepoint: 2754750 ns, At safepoint: 72666 ns, Total: 2827416 ns
[2022-09-04T03:45:01.342+0000][1][safepoint    ] Safepoint "Cleanup", Time since last: 1003797626 ns, Reaching safepoint: 851083 ns, At safepoint: 22209 ns, Total: 873292 ns
[2022-09-04T03:45:02.345+0000][1][safepoint    ] Safepoint "Cleanup", Time since last: 1002295000 ns, Reaching safepoint: 827500 ns, At safepoint: 18250 ns, Total: 845750 ns
[2022-09-04T03:45:03.350+0000][1][safepoint    ] Safepoint "Cleanup", Time since last: 1004209251 ns, Reaching safepoint: 935833 ns, At safepoint: 22042 ns, Total: 957875 ns
[2022-09-04T03:45:04.354+0000][1][safepoint    ] Safepoint "Cleanup", Time since last: 1002251000 ns, Reaching safepoint: 1557667 ns, At safepoint: 102416 ns, Total: 1660083 ns
[2022-09-04T03:45:05.416+0000][1][safepoint    ] Safepoint "Cleanup", Time since last: 1060750792 ns, Reaching safepoint: 838750 ns, At safepoint: 23084 ns, Total: 861834 ns
[2022-09-04T03:45:06.420+0000][1][safepoint    ] Safepoint "Cleanup", Time since last: 1002358542 ns, Reaching safepoint: 1362625 ns, At safepoint: 33625 ns, Total: 1396250 ns
[2022-09-04T03:45:07.424+0000][1][safepoint    ] Safepoint "Cleanup", Time since last: 1003137542 ns, Reaching safepoint: 807375 ns, At safepoint: 18292 ns, Total: 825667 ns
[2022-09-04T03:45:08.429+0000][1][safepoint    ] Safepoint "Cleanup", Time since last: 1003611334 ns, Reaching safepoint: 1469208 ns, At safepoint: 34583 ns, Total: 1503791 ns
[2022-09-04T03:45:09.433+0000][1][safepoint    ] Safepoint "Cleanup", Time since last: 1003894542 ns, Reaching safepoint: 845292 ns, At safepoint: 22083 ns, Total: 867375 ns
[2022-09-04T03:45:10.436+0000][1][safepoint    ] Safepoint "Cleanup", Time since last: 1001467001 ns, Reaching safepoint: 812500 ns, At safepoint: 21250 ns, Total: 833750 ns
[2022-09-04T03:45:11.438+0000][1][safepoint    ] Safepoint "Cleanup", Time since last: 1001678292 ns, Reaching safepoint: 853958 ns, At safepoint: 21084 ns, Total: 875042 ns
[2022-09-04T03:45:12.443+0000][1][safepoint    ] Safepoint "Cleanup", Time since last: 1003085792 ns, Reaching safepoint: 1549292 ns, At safepoint: 33708 ns, Total: 1583000 ns
[2022-09-04T03:45:13.448+0000][1][safepoint    ] Safepoint "Cleanup", Time since last: 1004286250 ns, Reaching safepoint: 871959 ns, At safepoint: 20875 ns, Total: 892834 ns
[2022-09-04T03:45:14.451+0000][1][safepoint    ] Safepoint "Cleanup", Time since last: 1001650125 ns, Reaching safepoint: 966375 ns, At safepoint: 26125 ns, Total: 992500 ns
[2022-09-04T03:45:15.455+0000][1][safepoint    ] Safepoint "Cleanup", Time since last: 1003632001 ns, Reaching safepoint: 925375 ns, At safepoint: 25125 ns, Total: 950500 ns
[2022-09-04T03:45:16.460+0000][1][safepoint    ] Safepoint "Cleanup", Time since last: 1002463333 ns, Reaching safepoint: 2333584 ns, At safepoint: 79083 ns, Total: 2412667 ns
[2022-09-04T03:45:17.467+0000][1][safepoint    ] Safepoint "Cleanup", Time since last: 1005152501 ns, Reaching safepoint: 1583083 ns, At safepoint: 34583 ns, Total: 1617666 ns
[2022-09-04T03:45:18.471+0000][1][safepoint    ] Safepoint "Cleanup", Time since last: 1002628959 ns, Reaching safepoint: 1623708 ns, At safepoint: 37334 ns, Total: 1661042 ns
[2022-09-04T03:45:19.478+0000][1][safepoint    ] Safepoint "Cleanup", Time since last: 1006107209 ns, Reaching safepoint: 893833 ns, At safepoint: 23542 ns, Total: 917375 ns
[2022-09-04T03:45:20.482+0000][1][safepoint    ] Safepoint "Cleanup", Time since last: 1002280250 ns, Reaching safepoint: 882542 ns, At safepoint: 22000 ns, Total: 904542 ns
[2022-09-04T03:45:21.485+0000][1][safepoint    ] Safepoint "Cleanup", Time since last: 1002042167 ns, Reaching safepoint: 1194125 ns, At safepoint: 34041 ns, Total: 1228166 ns
[2022-09-04T03:45:22.491+0000][1][safepoint    ] Safepoint "Cleanup", Time since last: 1004198043 ns, Reaching safepoint: 2307166 ns, At safepoint: 74959 ns, Total: 2382125 ns
[2022-09-04T03:45:23.497+0000][1][safepoint    ] Safepoint "Cleanup", Time since last: 1004212208 ns, Reaching safepoint: 1274042 ns, At safepoint: 73417 ns, Total: 1347459 ns
[2022-09-04T03:45:24.501+0000][1][safepoint    ] Safepoint "Cleanup", Time since last: 1003346167 ns, Reaching safepoint: 948917 ns, At safepoint: 21333 ns, Total: 970250 ns
[2022-09-04T03:45:25.504+0000][1][safepoint    ] Safepoint "Cleanup", Time since last: 1001837125 ns, Reaching safepoint: 847250 ns, At safepoint: 19375 ns, Total: 866625 ns
[2022-09-04T03:45:26.509+0000][1][safepoint    ] Safepoint "Cleanup", Time since last: 1001695251 ns, Reaching safepoint: 3019375 ns, At safepoint: 123167 ns, Total: 3142542 ns
[2022-09-04T03:45:27.517+0000][1][safepoint    ] Safepoint "Cleanup", Time since last: 1004250125 ns, Reaching safepoint: 3430542 ns, At safepoint: 85666 ns, Total: 3516208 ns
[2022-09-04T03:45:28.524+0000][1][safepoint    ] Safepoint "Cleanup", Time since last: 1005534875 ns, Reaching safepoint: 1705584 ns, At safepoint: 169666 ns, Total: 1875250 ns
[2022-09-04T03:45:29.528+0000][1][safepoint    ] Safepoint "Cleanup", Time since last: 1003314751 ns, Reaching safepoint: 1096291 ns, At safepoint: 23125 ns, Total: 1119416 ns
[2022-09-04T03:45:30.532+0000][1][safepoint    ] Safepoint "Cleanup", Time since last: 1002129459 ns, Reaching safepoint: 950333 ns, At safepoint: 91917 ns, Total: 1042250 ns
[2022-09-04T03:45:31.536+0000][1][safepoint    ] Safepoint "Cleanup", Time since last: 1002019126 ns, Reaching safepoint: 1627375 ns, At safepoint: 506125 ns, Total: 2133500 ns
[2022-09-04T03:45:32.540+0000][1][safepoint    ] Safepoint "Cleanup", Time since last: 1002239208 ns, Reaching safepoint: 2268625 ns, At safepoint: 145917 ns, Total: 2414542 ns
[2022-09-04T03:45:33.546+0000][1][safepoint    ] Safepoint "Cleanup", Time since last: 1003651709 ns, Reaching safepoint: 2167042 ns, At safepoint: 47500 ns, Total: 2214542 ns
[2022-09-04T03:45:34.550+0000][1][safepoint    ] Safepoint "Cleanup", Time since last: 1003140125 ns, Reaching safepoint: 958458 ns, At safepoint: 39125 ns, Total: 997583 ns
[2022-09-04T03:45:35.553+0000][1][safepoint    ] Safepoint "Cleanup", Time since last: 1001875793 ns, Reaching safepoint: 775958 ns, At safepoint: 20333 ns, Total: 796291 ns
[2022-09-04T03:45:36.557+0000][1][safepoint    ] Safepoint "Cleanup", Time since last: 1002721834 ns, Reaching safepoint: 1301125 ns, At safepoint: 27792 ns, Total: 1328917 ns
[2022-09-04T03:45:38.383+0000][1][safepoint    ] Safepoint "Cleanup", Time since last: 1821857251 ns, Reaching safepoint: 3773583 ns, At safepoint: 108708 ns, Total: 3882291 ns
[2022-09-04T03:45:39.391+0000][1][safepoint    ] Safepoint "Cleanup", Time since last: 1007143667 ns, Reaching safepoint: 933459 ns, At safepoint: 18083 ns, Total: 951542 ns
[2022-09-04T03:45:39.597+0000][1][gc,start     ] GC(28) Pause Young (Allocation Failure)
[2022-09-04T03:45:39.601+0000][1][gc,task      ] GC(28) Using 4 workers of 4 for evacuation
[2022-09-04T03:45:39.647+0000][1][gc,age       ] GC(28) Desired survivor size 8945664 bytes, new threshold 6 (max threshold 6)
[2022-09-04T03:45:39.648+0000][1][gc,age       ] GC(28) Age table with threshold 6 (max threshold 6)
[2022-09-04T03:45:39.650+0000][1][gc,age       ] GC(28) - age   1:       6720 bytes,       6720 total
[2022-09-04T03:45:39.651+0000][1][gc,age       ] GC(28) - age   2:      10264 bytes,      16984 total
[2022-09-04T03:45:39.652+0000][1][gc,age       ] GC(28) - age   3:      48544 bytes,      65528 total
[2022-09-04T03:45:39.653+0000][1][gc,age       ] GC(28) - age   4:     419792 bytes,     485320 total
[2022-09-04T03:45:39.654+0000][1][gc,age       ] GC(28) - age   5:      28944 bytes,     514264 total
[2022-09-04T03:45:39.655+0000][1][gc,age       ] GC(28) - age   6:       1928 bytes,     516192 total
[2022-09-04T03:45:39.659+0000][1][gc,heap      ] GC(28) ParNew: 140618K->836K(157248K)
[2022-09-04T03:45:39.660+0000][1][gc,heap      ] GC(28) CMS: 66529K->66544K(349568K)
[2022-09-04T03:45:39.661+0000][1][gc,metaspace ] GC(28) Metaspace: 83674K->83674K(1126400K)
[2022-09-04T03:45:39.663+0000][1][gc           ] GC(28) Pause Young (Allocation Failure) 202M->65M(494M) 66.001ms
[2022-09-04T03:45:39.664+0000][1][gc,cpu       ] GC(28) User=0.09s Sys=0.03s Real=0.06s
[2022-09-04T03:45:39.665+0000][1][safepoint    ] Safepoint "GenCollectForAllocation", Time since last: 204576042 ns, Reaching safepoint: 750125 ns, At safepoint: 69104708 ns, Total: 69854833 ns
[2022-09-04T03:45:40.670+0000][1][safepoint    ] Safepoint "Cleanup", Time since last: 1003381001 ns, Reaching safepoint: 856250 ns, At safepoint: 41791 ns, Total: 898041 ns
[2022-09-04T03:45:41.673+0000][1][safepoint    ] Safepoint "Cleanup", Time since last: 1002530334 ns, Reaching safepoint: 880667 ns, At safepoint: 38458 ns, Total: 919125 ns
[2022-09-04T03:45:42.679+0000][1][safepoint    ] Safepoint "Cleanup", Time since last: 1002837959 ns, Reaching safepoint: 3324292 ns, At safepoint: 51333 ns, Total: 3375625 ns
[2022-09-04T03:45:43.682+0000][1][safepoint    ] Safepoint "Cleanup", Time since last: 1001831917 ns, Reaching safepoint: 1059708 ns, At safepoint: 30834 ns, Total: 1090542 ns
[2022-09-04T03:45:44.685+0000][1][safepoint    ] Safepoint "Cleanup", Time since last: 1002137584 ns, Reaching safepoint: 815333 ns, At safepoint: 27042 ns, Total: 842375 ns
[2022-09-04T03:45:45.689+0000][1][safepoint    ] Safepoint "Cleanup", Time since last: 1002943458 ns, Reaching safepoint: 838959 ns, At safepoint: 17541 ns, Total: 856500 ns
[2022-09-04T03:45:46.693+0000][1][safepoint    ] Safepoint "Cleanup", Time since last: 1002166168 ns, Reaching safepoint: 1563958 ns, At safepoint: 39917 ns, Total: 1603875 ns
[2022-09-04T03:45:47.697+0000][1][safepoint    ] Safepoint "Cleanup", Time since last: 1003027417 ns, Reaching safepoint: 1384416 ns, At safepoint: 34959 ns, Total: 1419375 ns
[2022-09-04T03:45:48.708+0000][1][safepoint    ] Safepoint "Cleanup", Time since last: 1006317333 ns, Reaching safepoint: 3810292 ns, At safepoint: 376333 ns, Total: 4186625 ns
[2022-09-04T03:45:49.716+0000][1][safepoint    ] Safepoint "Cleanup", Time since last: 1007235834 ns, Reaching safepoint: 1499125 ns, At safepoint: 44125 ns, Total: 1543250 ns
[2022-09-04T03:45:50.722+0000][1][safepoint    ] Safepoint "Cleanup", Time since last: 1004098876 ns, Reaching safepoint: 1035750 ns, At safepoint: 40708 ns, Total: 1076458 ns
[2022-09-04T03:45:51.726+0000][1][safepoint    ] Safepoint "Cleanup", Time since last: 1001849042 ns, Reaching safepoint: 2689625 ns, At safepoint: 122334 ns, Total: 2811959 ns
[2022-09-04T03:45:52.733+0000][1][safepoint    ] Safepoint "Cleanup", Time since last: 1005593000 ns, Reaching safepoint: 1216500 ns, At safepoint: 31375 ns, Total: 1247875 ns
[2022-09-04T03:45:53.741+0000][1][safepoint    ] Safepoint "Cleanup", Time since last: 1004363209 ns, Reaching safepoint: 3650833 ns, At safepoint: 103042 ns, Total: 3753875 ns
[2022-09-04T03:45:54.747+0000][1][safepoint    ] Safepoint "Cleanup", Time since last: 1004678625 ns, Reaching safepoint: 1112167 ns, At safepoint: 44083 ns, Total: 1156250 ns
[2022-09-04T03:45:55.753+0000][1][safepoint    ] Safepoint "Cleanup", Time since last: 1002682043 ns, Reaching safepoint: 2784375 ns, At safepoint: 66125 ns, Total: 2850500 ns
[2022-09-04T03:45:56.759+0000][1][safepoint    ] Safepoint "Cleanup", Time since last: 1002612500 ns, Reaching safepoint: 3704750 ns, At safepoint: 87250 ns, Total: 3792000 ns
[2022-09-04T03:45:57.765+0000][1][safepoint    ] Safepoint "Cleanup", Time since last: 1004726375 ns, Reaching safepoint: 923375 ns, At safepoint: 21417 ns, Total: 944792 ns
[2022-09-04T03:45:58.770+0000][1][safepoint    ] Safepoint "Cleanup", Time since last: 1002942666 ns, Reaching safepoint: 2336750 ns, At safepoint: 49125 ns, Total: 2385875 ns
[2022-09-04T03:45:59.778+0000][1][safepoint    ] Safepoint "Cleanup", Time since last: 1006891001 ns, Reaching safepoint: 1406458 ns, At safepoint: 91417 ns, Total: 1497875 ns
[2022-09-04T03:46:00.782+0000][1][safepoint    ] Safepoint "Cleanup", Time since last: 1002732167 ns, Reaching safepoint: 1418792 ns, At safepoint: 70125 ns, Total: 1488917 ns
[2022-09-04T03:46:01.787+0000][1][safepoint    ] Safepoint "Cleanup", Time since last: 1002242625 ns, Reaching safepoint: 2502875 ns, At safepoint: 77208 ns, Total: 2580083 ns
[2022-09-04T03:46:02.794+0000][1][safepoint    ] Safepoint "Cleanup", Time since last: 1004264626 ns, Reaching safepoint: 1947000 ns, At safepoint: 68708 ns, Total: 2015708 ns
[2022-09-04T03:46:03.801+0000][1][safepoint    ] Safepoint "Cleanup", Time since last: 1003770417 ns, Reaching safepoint: 3673792 ns, At safepoint: 91125 ns, Total: 3764917 ns
[2022-09-04T03:46:05.350+0000][1][safepoint    ] Safepoint "Cleanup", Time since last: 1548038417 ns, Reaching safepoint: 866459 ns, At safepoint: 20583 ns, Total: 887042 ns
[2022-09-04T03:46:06.355+0000][1][safepoint    ] Safepoint "Cleanup", Time since last: 1002282167 ns, Reaching safepoint: 2538750 ns, At safepoint: 72959 ns, Total: 2611709 ns
[2022-09-04T03:46:07.362+0000][1][safepoint    ] Safepoint "Cleanup", Time since last: 1005517625 ns, Reaching safepoint: 1645208 ns, At safepoint: 50167 ns, Total: 1695375 ns
[2022-09-04T03:46:08.366+0000][1][safepoint    ] Safepoint "Cleanup", Time since last: 1002743334 ns, Reaching safepoint: 1567417 ns, At safepoint: 37291 ns, Total: 1604708 ns
[2022-09-04T03:46:09.374+0000][1][safepoint    ] Safepoint "Cleanup", Time since last: 1006649251 ns, Reaching safepoint: 878583 ns, At safepoint: 23125 ns, Total: 901708 ns
[2022-09-04T03:46:10.377+0000][1][safepoint    ] Safepoint "Cleanup", Time since last: 1002100834 ns, Reaching safepoint: 1054000 ns, At safepoint: 23125 ns, Total: 1077125 ns
[2022-09-04T03:46:11.380+0000][1][safepoint    ] Safepoint "Cleanup", Time since last: 1001732417 ns, Reaching safepoint: 1014958 ns, At safepoint: 42750 ns, Total: 1057708 ns
[2022-09-04T03:46:12.386+0000][1][safepoint    ] Safepoint "Cleanup", Time since last: 1005065709 ns, Reaching safepoint: 976042 ns, At safepoint: 21708 ns, Total: 997750 ns
[2022-09-04T03:46:13.391+0000][1][safepoint    ] Safepoint "Cleanup", Time since last: 1002656542 ns, Reaching safepoint: 1850042 ns, At safepoint: 44750 ns, Total: 1894792 ns
[2022-09-04T03:46:14.395+0000][1][safepoint    ] Safepoint "Cleanup", Time since last: 1003633792 ns, Reaching safepoint: 1132417 ns, At safepoint: 26625 ns, Total: 1159042 ns
[2022-09-04T03:46:15.398+0000][1][safepoint    ] Safepoint "Cleanup", Time since last: 1001818209 ns, Reaching safepoint: 914833 ns, At safepoint: 38792 ns, Total: 953625 ns
[2022-09-04T03:46:16.402+0000][1][safepoint    ] Safepoint "Cleanup", Time since last: 1002577625 ns, Reaching safepoint: 993542 ns, At safepoint: 28458 ns, Total: 1022000 ns
[2022-09-04T03:46:17.405+0000][1][safepoint    ] Safepoint "Cleanup", Time since last: 1002090584 ns, Reaching safepoint: 955000 ns, At safepoint: 39083 ns, Total: 994083 ns
[2022-09-04T03:46:18.409+0000][1][safepoint    ] Safepoint "Cleanup", Time since last: 1002931209 ns, Reaching safepoint: 1202625 ns, At safepoint: 25125 ns, Total: 1227750 ns
[2022-09-04T03:46:19.413+0000][1][safepoint    ] Safepoint "Cleanup", Time since last: 1002844834 ns, Reaching safepoint: 852666 ns, At safepoint: 22084 ns, Total: 874750 ns
[2022-09-04T03:46:20.416+0000][1][safepoint    ] Safepoint "Cleanup", Time since last: 1002512917 ns, Reaching safepoint: 892333 ns, At safepoint: 20709 ns, Total: 913042 ns
[2022-09-04T03:46:21.420+0000][1][safepoint    ] Safepoint "Cleanup", Time since last: 1002633750 ns, Reaching safepoint: 1072542 ns, At safepoint: 23541 ns, Total: 1096083 ns
[2022-09-04T03:46:22.425+0000][1][safepoint    ] Safepoint "Cleanup", Time since last: 1004088668 ns, Reaching safepoint: 1329541 ns, At safepoint: 35167 ns, Total: 1364708 ns
[2022-09-04T03:46:23.430+0000][1][safepoint    ] Safepoint "Cleanup", Time since last: 1003141167 ns, Reaching safepoint: 1047792 ns, At safepoint: 24416 ns, Total: 1072208 ns
[2022-09-04T03:46:24.433+0000][1][safepoint    ] Safepoint "Cleanup", Time since last: 1002638334 ns, Reaching safepoint: 874042 ns, At safepoint: 20458 ns, Total: 894500 ns
[2022-09-04T03:46:25.436+0000][1][safepoint    ] Safepoint "Cleanup", Time since last: 1001846001 ns, Reaching safepoint: 1218250 ns, At safepoint: 29500 ns, Total: 1247750 ns
[2022-09-04T03:46:26.444+0000][1][safepoint    ] Safepoint "Cleanup", Time since last: 1006639750 ns, Reaching safepoint: 931209 ns, At safepoint: 20750 ns, Total: 951959 ns
[2022-09-04T03:46:27.446+0000][1][safepoint    ] Safepoint "Cleanup", Time since last: 1001668583 ns, Reaching safepoint: 878584 ns, At safepoint: 21041 ns, Total: 899625 ns
[2022-09-04T03:46:28.451+0000][1][safepoint    ] Safepoint "Cleanup", Time since last: 1002746501 ns, Reaching safepoint: 1384250 ns, At safepoint: 39125 ns, Total: 1423375 ns
[2022-09-04T03:46:29.454+0000][1][safepoint    ] Safepoint "Cleanup", Time since last: 1003149458 ns, Reaching safepoint: 809708 ns, At safepoint: 20667 ns, Total: 830375 ns
[2022-09-04T03:46:30.456+0000][1][safepoint    ] Safepoint "Cleanup", Time since last: 1001568708 ns, Reaching safepoint: 900792 ns, At safepoint: 20292 ns, Total: 921084 ns
[2022-09-04T03:46:31.461+0000][1][safepoint    ] Safepoint "Cleanup", Time since last: 1003106917 ns, Reaching safepoint: 1078833 ns, At safepoint: 26375 ns, Total: 1105208 ns
[2022-09-04T03:46:32.465+0000][1][safepoint    ] Safepoint "Cleanup", Time since last: 1003152167 ns, Reaching safepoint: 1249334 ns, At safepoint: 85000 ns, Total: 1334334 ns
[2022-09-04T03:46:33.470+0000][1][safepoint    ] Safepoint "Cleanup", Time since last: 1003167209 ns, Reaching safepoint: 1344083 ns, At safepoint: 28167 ns, Total: 1372250 ns
[2022-09-04T03:46:34.474+0000][1][safepoint    ] Safepoint "Cleanup", Time since last: 1003198667 ns, Reaching safepoint: 971166 ns, At safepoint: 19750 ns, Total: 990916 ns
[2022-09-04T03:46:35.478+0000][1][safepoint    ] Safepoint "Cleanup", Time since last: 1001715584 ns, Reaching safepoint: 2629167 ns, At safepoint: 66583 ns, Total: 2695750 ns
[2022-09-04T03:46:36.482+0000][1][safepoint    ] Safepoint "Cleanup", Time since last: 1003033917 ns, Reaching safepoint: 979500 ns, At safepoint: 71625 ns, Total: 1051125 ns
[2022-09-04T03:46:37.156+0000][1][safepoint    ] Safepoint "RevokeBias", Time since last: 672433709 ns, Reaching safepoint: 1177458 ns, At safepoint: 543334 ns, Total: 1720792 ns
[2022-09-04T03:46:37.166+0000][1][safepoint    ] Safepoint "RevokeBias", Time since last: 8921458 ns, Reaching safepoint: 604708 ns, At safepoint: 92000 ns, Total: 696708 ns
[2022-09-04T03:46:37.177+0000][1][safepoint    ] Safepoint "RevokeBias", Time since last: 8646250 ns, Reaching safepoint: 1940750 ns, At safepoint: 100959 ns, Total: 2041709 ns
[2022-09-04T03:46:37.194+0000][1][safepoint    ] Safepoint "RevokeBias", Time since last: 16031750 ns, Reaching safepoint: 1415625 ns, At safepoint: 101583 ns, Total: 1517208 ns
[2022-09-04T03:46:37.211+0000][1][safepoint    ] Safepoint "RevokeBias", Time since last: 14366083 ns, Reaching safepoint: 1965834 ns, At safepoint: 44583 ns, Total: 2010417 ns
[2022-09-04T03:46:37.254+0000][1][safepoint    ] Safepoint "RevokeBias", Time since last: 42391250 ns, Reaching safepoint: 572667 ns, At safepoint: 50708 ns, Total: 623375 ns
[2022-09-04T03:46:37.257+0000][1][safepoint    ] Safepoint "RevokeBias", Time since last: 3000375 ns, Reaching safepoint: 425542 ns, At safepoint: 37375 ns, Total: 462917 ns
[2022-09-04T03:46:37.344+0000][1][safepoint    ] Safepoint "RevokeBias", Time since last: 85597750 ns, Reaching safepoint: 720083 ns, At safepoint: 61833 ns, Total: 781916 ns
[2022-09-04T03:46:37.410+0000][1][safepoint    ] Safepoint "RevokeBias", Time since last: 63464334 ns, Reaching safepoint: 2979416 ns, At safepoint: 443084 ns, Total: 3422500 ns
[2022-09-04T03:46:37.443+0000][1][safepoint    ] Safepoint "RevokeBias", Time since last: 30631291 ns, Reaching safepoint: 1637250 ns, At safepoint: 165917 ns, Total: 1803167 ns
[2022-09-04T03:46:37.448+0000][1][safepoint    ] Safepoint "RevokeBias", Time since last: 2426292 ns, Reaching safepoint: 2716250 ns, At safepoint: 174916 ns, Total: 2891166 ns
[2022-09-04T03:46:37.453+0000][1][safepoint    ] Safepoint "RevokeBias", Time since last: 1114125 ns, Reaching safepoint: 3329792 ns, At safepoint: 95083 ns, Total: 3424875 ns
[2022-09-04T03:46:37.703+0000][1][safepoint    ] Safepoint "RevokeBias", Time since last: 241002001 ns, Reaching safepoint: 9184166 ns, At safepoint: 75334 ns, Total: 9259500 ns
[2022-09-04T03:46:37.714+0000][1][safepoint    ] Safepoint "RevokeBias", Time since last: 5387875 ns, Reaching safepoint: 4923208 ns, At safepoint: 149708 ns, Total: 5072916 ns
[2022-09-04T03:46:37.726+0000][1][safepoint    ] Safepoint "RevokeBias", Time since last: 4404667 ns, Reaching safepoint: 8322708 ns, At safepoint: 236000 ns, Total: 8558708 ns
[2022-09-04T03:46:37.744+0000][1][safepoint    ] Safepoint "RevokeBias", Time since last: 12045125 ns, Reaching safepoint: 5570834 ns, At safepoint: 388041 ns, Total: 5958875 ns
[2022-09-04T03:46:37.751+0000][1][safepoint    ] Safepoint "RevokeBias", Time since last: 1907250 ns, Reaching safepoint: 3656375 ns, At safepoint: 547334 ns, Total: 4203709 ns
[2022-09-04T03:46:37.760+0000][1][safepoint    ] Safepoint "RevokeBias", Time since last: 7432583 ns, Reaching safepoint: 2113667 ns, At safepoint: 111041 ns, Total: 2224708 ns
[2022-09-04T03:46:37.768+0000][1][safepoint    ] Safepoint "RevokeBias", Time since last: 5210250 ns, Reaching safepoint: 1770834 ns, At safepoint: 488166 ns, Total: 2259000 ns
[2022-09-04T03:46:37.904+0000][1][safepoint    ] Safepoint "RevokeBias", Time since last: 135084584 ns, Reaching safepoint: 952041 ns, At safepoint: 51417 ns, Total: 1003458 ns
[2022-09-04T03:46:38.327+0000][1][safepoint    ] Safepoint "RevokeBias", Time since last: 421546125 ns, Reaching safepoint: 1840959 ns, At safepoint: 75291 ns, Total: 1916250 ns
[2022-09-04T03:46:38.352+0000][1][safepoint    ] Safepoint "RevokeBias", Time since last: 21319584 ns, Reaching safepoint: 2940875 ns, At safepoint: 382333 ns, Total: 3323208 ns
[2022-09-04T03:46:38.358+0000][1][safepoint    ] Safepoint "RevokeBias", Time since last: 4675333 ns, Reaching safepoint: 996875 ns, At safepoint: 43792 ns, Total: 1040667 ns
[2022-09-04T03:46:38.362+0000][1][safepoint    ] Safepoint "RevokeBias", Time since last: 2596750 ns, Reaching safepoint: 1277292 ns, At safepoint: 50500 ns, Total: 1327792 ns
[2022-09-04T03:46:38.364+0000][1][safepoint    ] Safepoint "RevokeBias", Time since last: 1740416 ns, Reaching safepoint: 642875 ns, At safepoint: 44500 ns, Total: 687375 ns
[2022-09-04T03:46:38.380+0000][1][safepoint    ] Safepoint "RevokeBias", Time since last: 14853625 ns, Reaching safepoint: 729834 ns, At safepoint: 54583 ns, Total: 784417 ns
[2022-09-04T03:46:38.382+0000][1][safepoint    ] Safepoint "RevokeBias", Time since last: 1515542 ns, Reaching safepoint: 679000 ns, At safepoint: 36916 ns, Total: 715916 ns
[2022-09-04T03:46:38.411+0000][1][safepoint    ] Safepoint "RevokeBias", Time since last: 28651667 ns, Reaching safepoint: 445125 ns, At safepoint: 34167 ns, Total: 479292 ns
[2022-09-04T03:46:38.414+0000][1][safepoint    ] Safepoint "RevokeBias", Time since last: 2574833 ns, Reaching safepoint: 385583 ns, At safepoint: 30875 ns, Total: 416458 ns
[2022-09-04T03:46:38.416+0000][1][safepoint    ] Safepoint "RevokeBias", Time since last: 1908584 ns, Reaching safepoint: 342666 ns, At safepoint: 27542 ns, Total: 370208 ns
[2022-09-04T03:46:38.419+0000][1][safepoint    ] Safepoint "RevokeBias", Time since last: 2202500 ns, Reaching safepoint: 329792 ns, At safepoint: 32750 ns, Total: 362542 ns
[2022-09-04T03:46:38.421+0000][1][safepoint    ] Safepoint "RevokeBias", Time since last: 2076666 ns, Reaching safepoint: 324042 ns, At safepoint: 25542 ns, Total: 349584 ns
[2022-09-04T03:46:38.423+0000][1][safepoint    ] Safepoint "RevokeBias", Time since last: 1175791 ns, Reaching safepoint: 377792 ns, At safepoint: 38708 ns, Total: 416500 ns
[2022-09-04T03:46:38.429+0000][1][safepoint    ] Safepoint "RevokeBias", Time since last: 6103292 ns, Reaching safepoint: 436917 ns, At safepoint: 28375 ns, Total: 465292 ns
[2022-09-04T03:46:38.434+0000][1][safepoint    ] Safepoint "RevokeBias", Time since last: 3971458 ns, Reaching safepoint: 435708 ns, At safepoint: 29959 ns, Total: 465667 ns
[2022-09-04T03:46:38.444+0000][1][safepoint    ] Safepoint "RevokeBias", Time since last: 9234375 ns, Reaching safepoint: 601208 ns, At safepoint: 41750 ns, Total: 642958 ns
[2022-09-04T03:46:38.452+0000][1][safepoint    ] Safepoint "RevokeBias", Time since last: 6875042 ns, Reaching safepoint: 855250 ns, At safepoint: 129833 ns, Total: 985083 ns
[2022-09-04T03:46:38.461+0000][1][safepoint    ] Safepoint "RevokeBias", Time since last: 8198625 ns, Reaching safepoint: 1691417 ns, At safepoint: 73833 ns, Total: 1765250 ns
[2022-09-04T03:46:38.466+0000][1][safepoint    ] Safepoint "RevokeBias", Time since last: 3197292 ns, Reaching safepoint: 1043166 ns, At safepoint: 104834 ns, Total: 1148000 ns
[2022-09-04T03:46:38.468+0000][1][safepoint    ] Safepoint "RevokeBias", Time since last: 1096333 ns, Reaching safepoint: 1230875 ns, At safepoint: 60458 ns, Total: 1291333 ns
[2022-09-04T03:46:38.471+0000][1][safepoint    ] Safepoint "RevokeBias", Time since last: 1268917 ns, Reaching safepoint: 1182333 ns, At safepoint: 211834 ns, Total: 1394167 ns
[2022-09-04T03:46:38.476+0000][1][safepoint    ] Safepoint "BulkRevokeBias", Time since last: 1022500 ns, Reaching safepoint: 1214541 ns, At safepoint: 2792000 ns, Total: 4006541 ns
[2022-09-04T03:46:38.481+0000][1][safepoint    ] Safepoint "RevokeBias", Time since last: 4047209 ns, Reaching safepoint: 1240125 ns, At safepoint: 89333 ns, Total: 1329458 ns
[2022-09-04T03:46:38.484+0000][1][safepoint    ] Safepoint "RevokeBias", Time since last: 1977417 ns, Reaching safepoint: 928083 ns, At safepoint: 83583 ns, Total: 1011666 ns
[2022-09-04T03:46:38.486+0000][1][safepoint    ] Safepoint "RevokeBias", Time since last: 1150750 ns, Reaching safepoint: 469084 ns, At safepoint: 46708 ns, Total: 515792 ns
[2022-09-04T03:46:38.490+0000][1][safepoint    ] Safepoint "RevokeBias", Time since last: 2350917 ns, Reaching safepoint: 1591583 ns, At safepoint: 550958 ns, Total: 2142541 ns
[2022-09-04T03:46:38.503+0000][1][safepoint    ] Safepoint "BulkRevokeBias", Time since last: 10341000 ns, Reaching safepoint: 500209 ns, At safepoint: 1441791 ns, Total: 1942000 ns
[2022-09-04T03:46:38.537+0000][1][safepoint    ] Safepoint "RevokeBias", Time since last: 33517750 ns, Reaching safepoint: 416375 ns, At safepoint: 49167 ns, Total: 465542 ns
[2022-09-04T03:46:38.547+0000][1][safepoint    ] Safepoint "RevokeBias", Time since last: 9842458 ns, Reaching safepoint: 574834 ns, At safepoint: 50250 ns, Total: 625084 ns
[2022-09-04T03:46:38.549+0000][1][safepoint    ] Safepoint "RevokeBias", Time since last: 1151083 ns, Reaching safepoint: 530708 ns, At safepoint: 38417 ns, Total: 569125 ns
[2022-09-04T03:46:38.551+0000][1][safepoint    ] Safepoint "RevokeBias", Time since last: 1130958 ns, Reaching safepoint: 376459 ns, At safepoint: 183166 ns, Total: 559625 ns
[2022-09-04T03:46:38.562+0000][1][safepoint    ] Safepoint "RevokeBias", Time since last: 10714584 ns, Reaching safepoint: 803333 ns, At safepoint: 119750 ns, Total: 923083 ns
[2022-09-04T03:46:38.578+0000][1][safepoint    ] Safepoint "RevokeBias", Time since last: 14722458 ns, Reaching safepoint: 686875 ns, At safepoint: 116209 ns, Total: 803084 ns
[2022-09-04T03:46:38.580+0000][1][safepoint    ] Safepoint "RevokeBias", Time since last: 1996125 ns, Reaching safepoint: 473791 ns, At safepoint: 102584 ns, Total: 576375 ns
[2022-09-04T03:46:38.611+0000][1][safepoint    ] Safepoint "RevokeBias", Time since last: 29706250 ns, Reaching safepoint: 962541 ns, At safepoint: 202667 ns, Total: 1165208 ns
[2022-09-04T03:46:38.613+0000][1][safepoint    ] Safepoint "RevokeBias", Time since last: 1058958 ns, Reaching safepoint: 295375 ns, At safepoint: 78375 ns, Total: 373750 ns
[2022-09-04T03:46:38.617+0000][1][safepoint    ] Safepoint "RevokeBias", Time since last: 3713042 ns, Reaching safepoint: 397417 ns, At safepoint: 104916 ns, Total: 502333 ns
[2022-09-04T03:46:38.619+0000][1][safepoint    ] Safepoint "RevokeBias", Time since last: 1851917 ns, Reaching safepoint: 496125 ns, At safepoint: 116083 ns, Total: 612208 ns
[2022-09-04T03:46:38.627+0000][1][safepoint    ] Safepoint "RevokeBias", Time since last: 6922542 ns, Reaching safepoint: 693958 ns, At safepoint: 120625 ns, Total: 814583 ns
[2022-09-04T03:46:38.644+0000][1][safepoint    ] Safepoint "RevokeBias", Time since last: 15608375 ns, Reaching safepoint: 797167 ns, At safepoint: 207542 ns, Total: 1004709 ns
[2022-09-04T03:46:38.649+0000][1][safepoint    ] Safepoint "RevokeBias", Time since last: 4528333 ns, Reaching safepoint: 847000 ns, At safepoint: 362250 ns, Total: 1209250 ns
[2022-09-04T03:46:38.689+0000][1][safepoint    ] Safepoint "RevokeBias", Time since last: 38488667 ns, Reaching safepoint: 601708 ns, At safepoint: 48458 ns, Total: 650166 ns
[2022-09-04T03:46:38.696+0000][1][safepoint    ] Safepoint "RevokeBias", Time since last: 6785000 ns, Reaching safepoint: 477959 ns, At safepoint: 44041 ns, Total: 522000 ns
[2022-09-04T03:46:38.739+0000][1][safepoint    ] Safepoint "RevokeBias", Time since last: 41887500 ns, Reaching safepoint: 894667 ns, At safepoint: 64958 ns, Total: 959625 ns
[2022-09-04T03:46:38.759+0000][1][safepoint    ] Safepoint "RevokeBias", Time since last: 19024459 ns, Reaching safepoint: 1401416 ns, At safepoint: 90167 ns, Total: 1491583 ns
[2022-09-04T03:46:38.766+0000][1][safepoint    ] Safepoint "RevokeBias", Time since last: 4399750 ns, Reaching safepoint: 2555875 ns, At safepoint: 53917 ns, Total: 2609792 ns
[2022-09-04T03:46:38.782+0000][1][safepoint    ] Safepoint "RevokeBias", Time since last: 14574333 ns, Reaching safepoint: 590417 ns, At safepoint: 129458 ns, Total: 719875 ns
[2022-09-04T03:46:38.831+0000][1][safepoint    ] Safepoint "RevokeBias", Time since last: 49100083 ns, Reaching safepoint: 428750 ns, At safepoint: 262625 ns, Total: 691375 ns
[2022-09-04T03:46:38.838+0000][1][gc,heap,exit ] Heap
[2022-09-04T03:46:38.839+0000][1][gc,heap,exit ]  par new generation   total 157248K, used 35000K [0x00000000e0000000, 0x00000000eaaa0000, 0x00000000eaaa0000)
[2022-09-04T03:46:38.840+0000][1][gc,heap,exit ]   eden space 139776K,  24% used [0x00000000e0000000, 0x00000000e215d048, 0x00000000e8880000)
[2022-09-04T03:46:38.841+0000][1][gc,heap,exit ]   from space 17472K,   4% used [0x00000000e8880000, 0x00000000e89510a0, 0x00000000e9990000)
[2022-09-04T03:46:38.843+0000][1][gc,heap,exit ]   to   space 17472K,   0% used [0x00000000e9990000, 0x00000000e9990000, 0x00000000eaaa0000)
[2022-09-04T03:46:38.844+0000][1][gc,heap,exit ]  concurrent mark-sweep generation total 349568K, used 66544K [0x00000000eaaa0000, 0x0000000100000000, 0x0000000100000000)
[2022-09-04T03:46:38.845+0000][1][gc,heap,exit ]  Metaspace       used 83833K, capacity 90197K, committed 90216K, reserved 1126400K
[2022-09-04T03:46:38.846+0000][1][gc,heap,exit ]   class space    used 11125K, capacity 13786K, committed 13804K, reserved 1048576K
