[2022-09-04T03:46:53.665+0000][106][gc] Using Concurrent Mark Sweep
[2022-09-04T03:46:53.668+0000][106][gc,heap,coops] Heap address: 0x00000000e0000000, size: 512 MB, Compressed Oops mode: 32-bit
[2022-09-04T03:46:54.322+0000][106][safepoint    ] Safepoint "EnableBiasedLocking", Time since last: 443176166 ns, Reaching safepoint: 7268792 ns, At safepoint: 1149500 ns, Total: 8418292 ns
[2022-09-04T03:46:54.349+0000][106][gc,heap,exit ] Heap
[2022-09-04T03:46:54.351+0000][106][gc,heap,exit ]  par new generation   total 157248K, used 5591K [0x00000000e0000000, 0x00000000eaaa0000, 0x00000000eaaa0000)
[2022-09-04T03:46:54.353+0000][106][gc,heap,exit ]   eden space 139776K,   4% used [0x00000000e0000000, 0x00000000e0575da0, 0x00000000e8880000)
[2022-09-04T03:46:54.354+0000][106][gc,heap,exit ]   from space 17472K,   0% used [0x00000000e8880000, 0x00000000e8880000, 0x00000000e9990000)
[2022-09-04T03:46:54.355+0000][106][gc,heap,exit ]   to   space 17472K,   0% used [0x00000000e9990000, 0x00000000e9990000, 0x00000000eaaa0000)
[2022-09-04T03:46:54.357+0000][106][gc,heap,exit ]  concurrent mark-sweep generation total 349568K, used 0K [0x00000000eaaa0000, 0x0000000100000000, 0x0000000100000000)
[2022-09-04T03:46:54.358+0000][106][gc,heap,exit ]  Metaspace       used 158K, capacity 4480K, committed 4480K, reserved 1056768K
[2022-09-04T03:46:54.360+0000][106][gc,heap,exit ]   class space    used 7K, capacity 384K, committed 384K, reserved 1048576K
