[2022-09-03T23:47:51.710+0000][1][gc] Using Concurrent Mark Sweep
[2022-09-03T23:47:51.715+0000][1][gc,heap,coops] Heap address: 0x00000000e0000000, size: 512 MB, Compressed Oops mode: 32-bit
[2022-09-03T23:47:52.319+0000][1][safepoint    ] Safepoint "EnableBiasedLocking", Time since last: 425273708 ns, Reaching safepoint: 9645417 ns, At safepoint: 942000 ns, Total: 10587417 ns
[2022-09-03T23:47:52.351+0000][1][safepoint    ] Safepoint "RevokeBias", Time since last: 30003333 ns, Reaching safepoint: 259500 ns, At safepoint: 1618042 ns, Total: 1877542 ns
[2022-09-03T23:47:52.520+0000][1][safepoint    ] Safepoint "Deoptimize", Time since last: 163477750 ns, Reaching safepoint: 2165042 ns, At safepoint: 3433958 ns, Total: 5599000 ns
[2022-09-03T23:47:53.295+0000][1][safepoint    ] Safepoint "Deoptimize", Time since last: 774196917 ns, Reaching safepoint: 467334 ns, At safepoint: 192916 ns, Total: 660250 ns
[2022-09-03T23:47:53.303+0000][1][safepoint    ] Safepoint "Deoptimize", Time since last: 8121125 ns, Reaching safepoint: 57375 ns, At safepoint: 175459 ns, Total: 232834 ns
[2022-09-03T23:47:53.495+0000][1][safepoint    ] Safepoint "Deoptimize", Time since last: 191772916 ns, Reaching safepoint: 215917 ns, At safepoint: 192750 ns, Total: 408667 ns
[2022-09-03T23:47:54.498+0000][1][safepoint    ] Safepoint "Cleanup", Time since last: 1001570542 ns, Reaching safepoint: 1219750 ns, At safepoint: 26917 ns, Total: 1246667 ns
[2022-09-03T23:47:55.503+0000][1][safepoint    ] Safepoint "Cleanup", Time since last: 1003104584 ns, Reaching safepoint: 1384083 ns, At safepoint: 52083 ns, Total: 1436166 ns
[2022-09-03T23:47:55.509+0000][1][safepoint    ] Safepoint "Deoptimize", Time since last: 5798959 ns, Reaching safepoint: 68916 ns, At safepoint: 310750 ns, Total: 379666 ns
[2022-09-03T23:47:55.874+0000][1][safepoint    ] Safepoint "Deoptimize", Time since last: 364167959 ns, Reaching safepoint: 907541 ns, At safepoint: 468750 ns, Total: 1376291 ns
[2022-09-03T23:47:56.877+0000][1][safepoint    ] Safepoint "Cleanup", Time since last: 1001995501 ns, Reaching safepoint: 821500 ns, At safepoint: 12833 ns, Total: 834333 ns
[2022-09-03T23:47:57.347+0000][1][safepoint    ] Safepoint "Deoptimize", Time since last: 468554084 ns, Reaching safepoint: 466166 ns, At safepoint: 409250 ns, Total: 875416 ns
[2022-09-03T23:47:57.737+0000][1][safepoint    ] Safepoint "Deoptimize", Time since last: 389083459 ns, Reaching safepoint: 825250 ns, At safepoint: 441833 ns, Total: 1267083 ns
[2022-09-03T23:47:58.739+0000][1][safepoint    ] Safepoint "Cleanup", Time since last: 1001774667 ns, Reaching safepoint: 602959 ns, At safepoint: 33250 ns, Total: 636209 ns
[2022-09-03T23:47:59.420+0000][1][safepoint    ] Safepoint "RevokeBias", Time since last: 679562500 ns, Reaching safepoint: 668958 ns, At safepoint: 756875 ns, Total: 1425833 ns
[2022-09-03T23:48:00.127+0000][1][safepoint    ] Safepoint "Deoptimize", Time since last: 705333376 ns, Reaching safepoint: 856875 ns, At safepoint: 609625 ns, Total: 1466500 ns
[2022-09-03T23:48:00.859+0000][1][safepoint    ] Safepoint "Deoptimize", Time since last: 730690833 ns, Reaching safepoint: 1068792 ns, At safepoint: 618250 ns, Total: 1687042 ns
[2022-09-03T23:48:00.863+0000][1][safepoint    ] Safepoint "Deoptimize", Time since last: 2382292 ns, Reaching safepoint: 151083 ns, At safepoint: 543833 ns, Total: 694916 ns
[2022-09-03T23:48:01.029+0000][1][safepoint    ] Safepoint "Deoptimize", Time since last: 165287417 ns, Reaching safepoint: 525292 ns, At safepoint: 613250 ns, Total: 1138542 ns
[2022-09-03T23:48:01.046+0000][1][safepoint    ] Safepoint "Deoptimize", Time since last: 16522167 ns, Reaching safepoint: 220625 ns, At safepoint: 528541 ns, Total: 749166 ns
[2022-09-03T23:48:01.128+0000][1][safepoint    ] Safepoint "RevokeBias", Time since last: 80826917 ns, Reaching safepoint: 320917 ns, At safepoint: 153833 ns, Total: 474750 ns
[2022-09-03T23:48:01.134+0000][1][safepoint    ] Safepoint "RevokeBias", Time since last: 4845208 ns, Reaching safepoint: 953084 ns, At safepoint: 179958 ns, Total: 1133042 ns
[2022-09-03T23:48:01.138+0000][1][safepoint    ] Safepoint "RevokeBias", Time since last: 3858208 ns, Reaching safepoint: 177875 ns, At safepoint: 150375 ns, Total: 328250 ns
[2022-09-03T23:48:01.141+0000][1][safepoint    ] Safepoint "RevokeBias", Time since last: 2784375 ns, Reaching safepoint: 314042 ns, At safepoint: 203917 ns, Total: 517959 ns
[2022-09-03T23:48:01.144+0000][1][safepoint    ] Safepoint "RevokeBias", Time since last: 1897583 ns, Reaching safepoint: 478083 ns, At safepoint: 131459 ns, Total: 609542 ns
[2022-09-03T23:48:01.206+0000][1][safepoint    ] Safepoint "Deoptimize", Time since last: 61209750 ns, Reaching safepoint: 577958 ns, At safepoint: 731042 ns, Total: 1309000 ns
[2022-09-03T23:48:01.300+0000][1][safepoint    ] Safepoint "Deoptimize", Time since last: 93361875 ns, Reaching safepoint: 303750 ns, At safepoint: 630625 ns, Total: 934375 ns
[2022-09-03T23:48:02.303+0000][1][safepoint    ] Safepoint "Cleanup", Time since last: 1001301958 ns, Reaching safepoint: 1026625 ns, At safepoint: 24750 ns, Total: 1051375 ns
[2022-09-03T23:48:03.006+0000][1][safepoint    ] Safepoint "Deoptimize", Time since last: 701625834 ns, Reaching safepoint: 518750 ns, At safepoint: 801208 ns, Total: 1319958 ns
[2022-09-03T23:48:03.061+0000][1][safepoint    ] Safepoint "Deoptimize", Time since last: 54210792 ns, Reaching safepoint: 272875 ns, At safepoint: 1317625 ns, Total: 1590500 ns
[2022-09-03T23:48:04.085+0000][1][safepoint    ] Safepoint "Cleanup", Time since last: 1003171876 ns, Reaching safepoint: 17645333 ns, At safepoint: 776708 ns, Total: 18422041 ns
[2022-09-03T23:48:05.115+0000][1][safepoint    ] Safepoint "Cleanup", Time since last: 1029611042 ns, Reaching safepoint: 2691209 ns, At safepoint: 20833 ns, Total: 2712042 ns
[2022-09-03T23:48:05.541+0000][1][safepoint    ] Safepoint "RevokeBias", Time since last: 423792875 ns, Reaching safepoint: 339167 ns, At safepoint: 1996625 ns, Total: 2335792 ns
[2022-09-03T23:48:06.546+0000][1][safepoint    ] Safepoint "Cleanup", Time since last: 1003072667 ns, Reaching safepoint: 936125 ns, At safepoint: 39792 ns, Total: 975917 ns
[2022-09-03T23:48:06.897+0000][1][gc,start     ] GC(0) Pause Young (Allocation Failure)
[2022-09-03T23:48:06.909+0000][1][gc,task      ] GC(0) Using 4 workers of 4 for evacuation
[2022-09-03T23:48:06.982+0000][1][gc,age       ] GC(0) Desired survivor size 8945664 bytes, new threshold 1 (max threshold 6)
[2022-09-03T23:48:06.984+0000][1][gc,age       ] GC(0) Age table with threshold 1 (max threshold 6)
[2022-09-03T23:48:06.985+0000][1][gc,age       ] GC(0) - age   1:   10050008 bytes,   10050008 total
[2022-09-03T23:48:06.988+0000][1][gc,heap      ] GC(0) ParNew: 139776K->9921K(157248K)
[2022-09-03T23:48:06.989+0000][1][gc,heap      ] GC(0) CMS: 0K->0K(349568K)
[2022-09-03T23:48:06.991+0000][1][gc,metaspace ] GC(0) Metaspace: 17140K->17140K(1064960K)
[2022-09-03T23:48:06.993+0000][1][gc           ] GC(0) Pause Young (Allocation Failure) 136M->9M(494M) 96.046ms
[2022-09-03T23:48:06.994+0000][1][gc,cpu       ] GC(0) User=0.19s Sys=0.04s Real=0.10s
[2022-09-03T23:48:06.996+0000][1][safepoint    ] Safepoint "GenCollectForAllocation", Time since last: 349867542 ns, Reaching safepoint: 841541 ns, At safepoint: 99389417 ns, Total: 100230958 ns
[2022-09-03T23:48:07.011+0000][1][safepoint    ] Safepoint "BulkRevokeBias", Time since last: 13542042 ns, Reaching safepoint: 826333 ns, At safepoint: 1067708 ns, Total: 1894041 ns
[2022-09-03T23:48:07.016+0000][1][safepoint    ] Safepoint "RevokeBias", Time since last: 3057917 ns, Reaching safepoint: 1260167 ns, At safepoint: 279333 ns, Total: 1539500 ns
[2022-09-03T23:48:07.019+0000][1][safepoint    ] Safepoint "RevokeBias", Time since last: 2161208 ns, Reaching safepoint: 582459 ns, At safepoint: 183583 ns, Total: 766042 ns
[2022-09-03T23:48:07.020+0000][1][safepoint    ] Safepoint "RevokeBias", Time since last: 1035375 ns, Reaching safepoint: 550583 ns, At safepoint: 227417 ns, Total: 778000 ns
[2022-09-03T23:48:07.024+0000][1][safepoint    ] Safepoint "RevokeBias", Time since last: 2817083 ns, Reaching safepoint: 878042 ns, At safepoint: 213042 ns, Total: 1091084 ns
[2022-09-03T23:48:07.027+0000][1][safepoint    ] Safepoint "RevokeBias", Time since last: 2038791 ns, Reaching safepoint: 410959 ns, At safepoint: 227750 ns, Total: 638709 ns
[2022-09-03T23:48:07.029+0000][1][safepoint    ] Safepoint "RevokeBias", Time since last: 1522208 ns, Reaching safepoint: 440333 ns, At safepoint: 201084 ns, Total: 641417 ns
[2022-09-03T23:48:07.032+0000][1][safepoint    ] Safepoint "RevokeBias", Time since last: 1644583 ns, Reaching safepoint: 508625 ns, At safepoint: 203833 ns, Total: 712458 ns
[2022-09-03T23:48:07.034+0000][1][safepoint    ] Safepoint "RevokeBias", Time since last: 1801209 ns, Reaching safepoint: 361458 ns, At safepoint: 193000 ns, Total: 554458 ns
[2022-09-03T23:48:07.036+0000][1][safepoint    ] Safepoint "RevokeBias", Time since last: 1205917 ns, Reaching safepoint: 478000 ns, At safepoint: 220125 ns, Total: 698125 ns
[2022-09-03T23:48:07.038+0000][1][safepoint    ] Safepoint "RevokeBias", Time since last: 1796666 ns, Reaching safepoint: 231500 ns, At safepoint: 221334 ns, Total: 452834 ns
[2022-09-03T23:48:07.040+0000][1][safepoint    ] Safepoint "RevokeBias", Time since last: 1333625 ns, Reaching safepoint: 237375 ns, At safepoint: 207291 ns, Total: 444666 ns
[2022-09-03T23:48:07.044+0000][1][safepoint    ] Safepoint "RevokeBias", Time since last: 3554584 ns, Reaching safepoint: 366666 ns, At safepoint: 189834 ns, Total: 556500 ns
[2022-09-03T23:48:07.046+0000][1][safepoint    ] Safepoint "RevokeBias", Time since last: 1321625 ns, Reaching safepoint: 650125 ns, At safepoint: 236375 ns, Total: 886500 ns
[2022-09-03T23:48:07.049+0000][1][safepoint    ] Safepoint "RevokeBias", Time since last: 2349250 ns, Reaching safepoint: 297041 ns, At safepoint: 219459 ns, Total: 516500 ns
[2022-09-03T23:48:07.051+0000][1][safepoint    ] Safepoint "RevokeBias", Time since last: 1666333 ns, Reaching safepoint: 244042 ns, At safepoint: 367458 ns, Total: 611500 ns
[2022-09-03T23:48:07.054+0000][1][safepoint    ] Safepoint "RevokeBias", Time since last: 2428542 ns, Reaching safepoint: 225291 ns, At safepoint: 203250 ns, Total: 428541 ns
[2022-09-03T23:48:07.056+0000][1][safepoint    ] Safepoint "RevokeBias", Time since last: 1174417 ns, Reaching safepoint: 383458 ns, At safepoint: 340209 ns, Total: 723667 ns
[2022-09-03T23:48:07.058+0000][1][safepoint    ] Safepoint "RevokeBias", Time since last: 1732500 ns, Reaching safepoint: 294291 ns, At safepoint: 345084 ns, Total: 639375 ns
[2022-09-03T23:48:07.061+0000][1][safepoint    ] Safepoint "RevokeBias", Time since last: 1712750 ns, Reaching safepoint: 291833 ns, At safepoint: 232583 ns, Total: 524416 ns
[2022-09-03T23:48:07.066+0000][1][safepoint    ] Safepoint "RevokeBias", Time since last: 4084959 ns, Reaching safepoint: 654833 ns, At safepoint: 246250 ns, Total: 901083 ns
[2022-09-03T23:48:07.068+0000][1][safepoint    ] Safepoint "RevokeBias", Time since last: 1550375 ns, Reaching safepoint: 305000 ns, At safepoint: 225792 ns, Total: 530792 ns
[2022-09-03T23:48:07.070+0000][1][safepoint    ] Safepoint "RevokeBias", Time since last: 2187833 ns, Reaching safepoint: 344417 ns, At safepoint: 206416 ns, Total: 550833 ns
[2022-09-03T23:48:07.073+0000][1][safepoint    ] Safepoint "RevokeBias", Time since last: 1966084 ns, Reaching safepoint: 370041 ns, At safepoint: 270709 ns, Total: 640750 ns
[2022-09-03T23:48:07.075+0000][1][safepoint    ] Safepoint "RevokeBias", Time since last: 1401041 ns, Reaching safepoint: 211500 ns, At safepoint: 312959 ns, Total: 524459 ns
[2022-09-03T23:48:07.077+0000][1][safepoint    ] Safepoint "RevokeBias", Time since last: 1353958 ns, Reaching safepoint: 381417 ns, At safepoint: 280750 ns, Total: 662167 ns
[2022-09-03T23:48:07.079+0000][1][safepoint    ] Safepoint "RevokeBias", Time since last: 1615333 ns, Reaching safepoint: 229083 ns, At safepoint: 279917 ns, Total: 509000 ns
[2022-09-03T23:48:07.081+0000][1][safepoint    ] Safepoint "RevokeBias", Time since last: 1417875 ns, Reaching safepoint: 373917 ns, At safepoint: 293458 ns, Total: 667375 ns
[2022-09-03T23:48:07.083+0000][1][safepoint    ] Safepoint "RevokeBias", Time since last: 1504917 ns, Reaching safepoint: 341041 ns, At safepoint: 205125 ns, Total: 546166 ns
[2022-09-03T23:48:07.085+0000][1][safepoint    ] Safepoint "RevokeBias", Time since last: 1431542 ns, Reaching safepoint: 422292 ns, At safepoint: 235708 ns, Total: 658000 ns
[2022-09-03T23:48:07.088+0000][1][safepoint    ] Safepoint "RevokeBias", Time since last: 1335875 ns, Reaching safepoint: 1130625 ns, At safepoint: 212542 ns, Total: 1343167 ns
[2022-09-03T23:48:07.090+0000][1][safepoint    ] Safepoint "RevokeBias", Time since last: 1582375 ns, Reaching safepoint: 265833 ns, At safepoint: 210000 ns, Total: 475833 ns
[2022-09-03T23:48:07.095+0000][1][safepoint    ] Safepoint "RevokeBias", Time since last: 3986500 ns, Reaching safepoint: 241417 ns, At safepoint: 220083 ns, Total: 461500 ns
[2022-09-03T23:48:07.097+0000][1][safepoint    ] Safepoint "RevokeBias", Time since last: 1381083 ns, Reaching safepoint: 430792 ns, At safepoint: 270125 ns, Total: 700917 ns
[2022-09-03T23:48:07.099+0000][1][safepoint    ] Safepoint "RevokeBias", Time since last: 1805208 ns, Reaching safepoint: 286084 ns, At safepoint: 222375 ns, Total: 508459 ns
[2022-09-03T23:48:07.101+0000][1][safepoint    ] Safepoint "RevokeBias", Time since last: 1408083 ns, Reaching safepoint: 259750 ns, At safepoint: 218417 ns, Total: 478167 ns
[2022-09-03T23:48:07.103+0000][1][safepoint    ] Safepoint "RevokeBias", Time since last: 1835750 ns, Reaching safepoint: 257208 ns, At safepoint: 269958 ns, Total: 527166 ns
[2022-09-03T23:48:07.105+0000][1][safepoint    ] Safepoint "RevokeBias", Time since last: 1302000 ns, Reaching safepoint: 315625 ns, At safepoint: 232084 ns, Total: 547709 ns
[2022-09-03T23:48:07.107+0000][1][safepoint    ] Safepoint "BulkRevokeBias", Time since last: 1623625 ns, Reaching safepoint: 199583 ns, At safepoint: 452625 ns, Total: 652208 ns
[2022-09-03T23:48:07.109+0000][1][safepoint    ] Safepoint "BulkRevokeBias", Time since last: 1053708 ns, Reaching safepoint: 338250 ns, At safepoint: 335792 ns, Total: 674042 ns
[2022-09-03T23:48:07.153+0000][1][safepoint    ] Safepoint "Deoptimize", Time since last: 42331042 ns, Reaching safepoint: 216041 ns, At safepoint: 1477875 ns, Total: 1693916 ns
[2022-09-03T23:48:07.224+0000][1][safepoint    ] Safepoint "Deoptimize", Time since last: 69244042 ns, Reaching safepoint: 335333 ns, At safepoint: 999875 ns, Total: 1335208 ns
[2022-09-03T23:48:07.229+0000][1][safepoint    ] Safepoint "Deoptimize", Time since last: 4486875 ns, Reaching safepoint: 89667 ns, At safepoint: 714208 ns, Total: 803875 ns
[2022-09-03T23:48:07.840+0000][1][safepoint    ] Safepoint "Deoptimize", Time since last: 608523751 ns, Reaching safepoint: 1106583 ns, At safepoint: 1262292 ns, Total: 2368875 ns
[2022-09-03T23:48:08.842+0000][1][safepoint    ] Safepoint "Cleanup", Time since last: 1001612250 ns, Reaching safepoint: 979584 ns, At safepoint: 45166 ns, Total: 1024750 ns
[2022-09-03T23:48:09.396+0000][1][gc,start     ] GC(1) Pause Young (Allocation Failure)
[2022-09-03T23:48:09.398+0000][1][gc,task      ] GC(1) Using 4 workers of 4 for evacuation
[2022-09-03T23:48:09.576+0000][1][gc,age       ] GC(1) Desired survivor size 8945664 bytes, new threshold 6 (max threshold 6)
[2022-09-03T23:48:09.577+0000][1][gc,age       ] GC(1) Age table with threshold 6 (max threshold 6)
[2022-09-03T23:48:09.578+0000][1][gc,age       ] GC(1) - age   1:    2664608 bytes,    2664608 total
[2022-09-03T23:48:09.580+0000][1][gc,heap      ] GC(1) ParNew: 149697K->5545K(157248K)
[2022-09-03T23:48:09.581+0000][1][gc,heap      ] GC(1) CMS: 0K->10562K(349568K)
[2022-09-03T23:48:09.582+0000][1][gc,metaspace ] GC(1) Metaspace: 19430K->19430K(1067008K)
[2022-09-03T23:48:09.583+0000][1][gc           ] GC(1) Pause Young (Allocation Failure) 146M->15M(494M) 187.456ms
[2022-09-03T23:48:09.584+0000][1][gc,cpu       ] GC(1) User=0.56s Sys=0.04s Real=0.19s
[2022-09-03T23:48:09.587+0000][1][safepoint    ] Safepoint "GenCollectForAllocation", Time since last: 552589876 ns, Reaching safepoint: 524833 ns, At safepoint: 191494458 ns, Total: 192019291 ns
[2022-09-03T23:48:09.611+0000][1][safepoint    ] Safepoint "RevokeBias", Time since last: 23687125 ns, Reaching safepoint: 400000 ns, At safepoint: 158417 ns, Total: 558417 ns
[2022-09-03T23:48:09.615+0000][1][safepoint    ] Safepoint "RevokeBias", Time since last: 2476750 ns, Reaching safepoint: 972958 ns, At safepoint: 284375 ns, Total: 1257333 ns
[2022-09-03T23:48:09.620+0000][1][safepoint    ] Safepoint "RevokeBias", Time since last: 3400750 ns, Reaching safepoint: 812584 ns, At safepoint: 230166 ns, Total: 1042750 ns
[2022-09-03T23:48:09.622+0000][1][safepoint    ] Safepoint "RevokeBias", Time since last: 1827542 ns, Reaching safepoint: 966083 ns, At safepoint: 204500 ns, Total: 1170583 ns
[2022-09-03T23:48:09.626+0000][1][safepoint    ] Safepoint "RevokeBias", Time since last: 2563875 ns, Reaching safepoint: 660042 ns, At safepoint: 150875 ns, Total: 810917 ns
[2022-09-03T23:48:09.628+0000][1][safepoint    ] Safepoint "RevokeBias", Time since last: 1469708 ns, Reaching safepoint: 460167 ns, At safepoint: 139125 ns, Total: 599292 ns
[2022-09-03T23:48:09.631+0000][1][safepoint    ] Safepoint "RevokeBias", Time since last: 2351000 ns, Reaching safepoint: 406792 ns, At safepoint: 128583 ns, Total: 535375 ns
[2022-09-03T23:48:09.633+0000][1][safepoint    ] Safepoint "RevokeBias", Time since last: 1308167 ns, Reaching safepoint: 507125 ns, At safepoint: 168875 ns, Total: 676000 ns
[2022-09-03T23:48:09.636+0000][1][safepoint    ] Safepoint "RevokeBias", Time since last: 2345625 ns, Reaching safepoint: 691750 ns, At safepoint: 225333 ns, Total: 917083 ns
[2022-09-03T23:48:09.639+0000][1][safepoint    ] Safepoint "RevokeBias", Time since last: 1474208 ns, Reaching safepoint: 1156584 ns, At safepoint: 373500 ns, Total: 1530084 ns
[2022-09-03T23:48:09.643+0000][1][safepoint    ] Safepoint "RevokeBias", Time since last: 2623833 ns, Reaching safepoint: 698292 ns, At safepoint: 218791 ns, Total: 917083 ns
[2022-09-03T23:48:09.646+0000][1][safepoint    ] Safepoint "RevokeBias", Time since last: 1178792 ns, Reaching safepoint: 1348250 ns, At safepoint: 640833 ns, Total: 1989083 ns
[2022-09-03T23:48:09.651+0000][1][safepoint    ] Safepoint "RevokeBias", Time since last: 4308834 ns, Reaching safepoint: 655041 ns, At safepoint: 347125 ns, Total: 1002166 ns
[2022-09-03T23:48:09.661+0000][1][safepoint    ] Safepoint "RevokeBias", Time since last: 9441750 ns, Reaching safepoint: 380709 ns, At safepoint: 220625 ns, Total: 601334 ns
[2022-09-03T23:48:09.666+0000][1][safepoint    ] Safepoint "RevokeBias", Time since last: 4405375 ns, Reaching safepoint: 489458 ns, At safepoint: 207792 ns, Total: 697250 ns
[2022-09-03T23:48:09.671+0000][1][safepoint    ] Safepoint "RevokeBias", Time since last: 3591333 ns, Reaching safepoint: 609083 ns, At safepoint: 166542 ns, Total: 775625 ns
[2022-09-03T23:48:10.412+0000][1][safepoint    ] Safepoint "RevokeBias", Time since last: 740304959 ns, Reaching safepoint: 958375 ns, At safepoint: 206125 ns, Total: 1164500 ns
[2022-09-03T23:48:10.576+0000][1][safepoint    ] Safepoint "RevokeBias", Time since last: 163511291 ns, Reaching safepoint: 606459 ns, At safepoint: 78416 ns, Total: 684875 ns
[2022-09-03T23:48:11.579+0000][1][safepoint    ] Safepoint "Cleanup", Time since last: 1001928459 ns, Reaching safepoint: 987709 ns, At safepoint: 33833 ns, Total: 1021542 ns
[2022-09-03T23:48:11.655+0000][1][safepoint    ] Safepoint "CollectForMetadataAllocation", Time since last: 74250833 ns, Reaching safepoint: 999667 ns, At safepoint: 802375 ns, Total: 1802042 ns
[2022-09-03T23:48:11.688+0000][1][safepoint    ] Safepoint "Deoptimize", Time since last: 30958333 ns, Reaching safepoint: 426959 ns, At safepoint: 1236500 ns, Total: 1663459 ns
[2022-09-03T23:48:11.993+0000][1][safepoint    ] Safepoint "Deoptimize", Time since last: 303689541 ns, Reaching safepoint: 503584 ns, At safepoint: 974875 ns, Total: 1478459 ns
[2022-09-03T23:48:12.099+0000][1][gc,start     ] GC(2) Pause Young (Allocation Failure)
[2022-09-03T23:48:12.102+0000][1][gc,task      ] GC(2) Using 4 workers of 4 for evacuation
[2022-09-03T23:48:12.125+0000][1][gc,age       ] GC(2) Desired survivor size 8945664 bytes, new threshold 6 (max threshold 6)
[2022-09-03T23:48:12.127+0000][1][gc,age       ] GC(2) Age table with threshold 6 (max threshold 6)
[2022-09-03T23:48:12.128+0000][1][gc,age       ] GC(2) - age   1:    3185064 bytes,    3185064 total
[2022-09-03T23:48:12.129+0000][1][gc,age       ] GC(2) - age   2:    1576240 bytes,    4761304 total
[2022-09-03T23:48:12.130+0000][1][gc,heap      ] GC(2) ParNew: 145321K->6067K(157248K)
[2022-09-03T23:48:12.131+0000][1][gc,heap      ] GC(2) CMS: 10562K->10562K(349568K)
[2022-09-03T23:48:12.132+0000][1][gc,metaspace ] GC(2) Metaspace: 20495K->20495K(1069056K)
[2022-09-03T23:48:12.134+0000][1][gc           ] GC(2) Pause Young (Allocation Failure) 152M->16M(494M) 34.434ms
[2022-09-03T23:48:12.134+0000][1][gc,cpu       ] GC(2) User=0.09s Sys=0.00s Real=0.04s
[2022-09-03T23:48:12.135+0000][1][safepoint    ] Safepoint "GenCollectForAllocation", Time since last: 105311125 ns, Reaching safepoint: 769458 ns, At safepoint: 36220708 ns, Total: 36990166 ns
[2022-09-03T23:48:12.140+0000][1][safepoint    ] Safepoint "RevokeBias", Time since last: 3316250 ns, Reaching safepoint: 1142792 ns, At safepoint: 375292 ns, Total: 1518084 ns
[2022-09-03T23:48:12.143+0000][1][gc,start     ] GC(3) Pause Initial Mark
[2022-09-03T23:48:12.157+0000][1][gc           ] GC(3) Pause Initial Mark 18M->18M(494M) 13.866ms
[2022-09-03T23:48:12.159+0000][1][gc,cpu       ] GC(3) User=0.04s Sys=0.01s Real=0.01s
[2022-09-03T23:48:12.161+0000][1][safepoint    ] Safepoint "BulkRevokeBias", Time since last: 1914500 ns, Reaching safepoint: 464166 ns, At safepoint: 18110334 ns, Total: 18574500 ns
[2022-09-03T23:48:12.163+0000][1][gc           ] GC(3) Concurrent Mark
[2022-09-03T23:48:12.171+0000][1][safepoint    ] Safepoint "RevokeBias", Time since last: 9660625 ns, Reaching safepoint: 737375 ns, At safepoint: 134833 ns, Total: 872208 ns
[2022-09-03T23:48:12.174+0000][1][safepoint    ] Safepoint "RevokeBias", Time since last: 1574000 ns, Reaching safepoint: 892959 ns, At safepoint: 178666 ns, Total: 1071625 ns
[2022-09-03T23:48:12.177+0000][1][safepoint    ] Safepoint "RevokeBias", Time since last: 2410417 ns, Reaching safepoint: 290625 ns, At safepoint: 165792 ns, Total: 456417 ns
[2022-09-03T23:48:12.179+0000][1][safepoint    ] Safepoint "RevokeBias", Time since last: 1536250 ns, Reaching safepoint: 396458 ns, At safepoint: 195917 ns, Total: 592375 ns
[2022-09-03T23:48:12.185+0000][1][safepoint    ] Safepoint "RevokeBias", Time since last: 3866333 ns, Reaching safepoint: 2087042 ns, At safepoint: 247041 ns, Total: 2334083 ns
[2022-09-03T23:48:12.188+0000][1][safepoint    ] Safepoint "RevokeBias", Time since last: 1469834 ns, Reaching safepoint: 1032416 ns, At safepoint: 271959 ns, Total: 1304375 ns
[2022-09-03T23:48:12.191+0000][1][safepoint    ] Safepoint "RevokeBias", Time since last: 1861250 ns, Reaching safepoint: 617958 ns, At safepoint: 224750 ns, Total: 842708 ns
[2022-09-03T23:48:12.192+0000][1][safepoint    ] Safepoint "RevokeBias", Time since last: 1484375 ns, Reaching safepoint: 220708 ns, At safepoint: 231584 ns, Total: 452292 ns
[2022-09-03T23:48:12.195+0000][1][safepoint    ] Safepoint "RevokeBias", Time since last: 2064333 ns, Reaching safepoint: 384750 ns, At safepoint: 261167 ns, Total: 645917 ns
[2022-09-03T23:48:12.198+0000][1][safepoint    ] Safepoint "RevokeBias", Time since last: 1952875 ns, Reaching safepoint: 715250 ns, At safepoint: 330500 ns, Total: 1045750 ns
[2022-09-03T23:48:12.202+0000][1][safepoint    ] Safepoint "RevokeBias", Time since last: 3209625 ns, Reaching safepoint: 483958 ns, At safepoint: 274500 ns, Total: 758458 ns
[2022-09-03T23:48:12.205+0000][1][safepoint    ] Safepoint "RevokeBias", Time since last: 2572625 ns, Reaching safepoint: 437250 ns, At safepoint: 220500 ns, Total: 657750 ns
[2022-09-03T23:48:12.209+0000][1][safepoint    ] Safepoint "RevokeBias", Time since last: 2750125 ns, Reaching safepoint: 422292 ns, At safepoint: 193125 ns, Total: 615417 ns
[2022-09-03T23:48:12.220+0000][1][safepoint    ] Safepoint "RevokeBias", Time since last: 9028750 ns, Reaching safepoint: 1672833 ns, At safepoint: 199458 ns, Total: 1872291 ns
[2022-09-03T23:48:12.235+0000][1][safepoint    ] Safepoint "RevokeBias", Time since last: 14785709 ns, Reaching safepoint: 759458 ns, At safepoint: 261792 ns, Total: 1021250 ns
[2022-09-03T23:48:12.285+0000][1][gc           ] GC(3) Concurrent Mark 122.248ms
[2022-09-03T23:48:12.287+0000][1][gc,cpu       ] GC(3) User=0.40s Sys=0.03s Real=0.13s
[2022-09-03T23:48:12.289+0000][1][gc           ] GC(3) Concurrent Preclean
[2022-09-03T23:48:12.308+0000][1][gc           ] GC(3) Concurrent Preclean 19.434ms
[2022-09-03T23:48:12.310+0000][1][gc,cpu       ] GC(3) User=0.07s Sys=0.01s Real=0.02s
[2022-09-03T23:48:12.312+0000][1][gc           ] GC(3) Concurrent Abortable Preclean
[2022-09-03T23:48:13.010+0000][1][safepoint    ] Safepoint "CollectForMetadataAllocation", Time since last: 773125292 ns, Reaching safepoint: 992625 ns, At safepoint: 182416 ns, Total: 1175041 ns
[2022-09-03T23:48:13.229+0000][1][gc           ] GC(3) Concurrent Abortable Preclean 916.553ms
[2022-09-03T23:48:13.230+0000][1][gc,cpu       ] GC(3) User=2.44s Sys=0.05s Real=0.92s
[2022-09-03T23:48:13.233+0000][1][gc,start     ] GC(3) Pause Remark
[2022-09-03T23:48:13.439+0000][1][gc           ] GC(3) Pause Remark 115M->115M(494M) 206.558ms
[2022-09-03T23:48:13.441+0000][1][gc,cpu       ] GC(3) User=0.54s Sys=0.01s Real=0.21s
[2022-09-03T23:48:13.443+0000][1][safepoint    ] Safepoint "CMS_Final_Remark", Time since last: 222107459 ns, Reaching safepoint: 738875 ns, At safepoint: 210689208 ns, Total: 211428083 ns
[2022-09-03T23:48:13.447+0000][1][gc           ] GC(3) Concurrent Sweep
[2022-09-03T23:48:13.490+0000][1][gc           ] GC(3) Concurrent Sweep 43.075ms
[2022-09-03T23:48:13.492+0000][1][gc,cpu       ] GC(3) User=0.09s Sys=0.01s Real=0.04s
[2022-09-03T23:48:13.498+0000][1][gc           ] GC(3) Concurrent Reset
[2022-09-03T23:48:13.503+0000][1][gc           ] GC(3) Concurrent Reset 5.195ms
[2022-09-03T23:48:13.505+0000][1][gc,cpu       ] GC(3) User=0.02s Sys=0.00s Real=0.01s
[2022-09-03T23:48:13.508+0000][1][gc,heap      ] GC(3) Old: 10562K->10555K(349568K)
[2022-09-03T23:48:14.473+0000][1][safepoint    ] Safepoint "Cleanup", Time since last: 1006535417 ns, Reaching safepoint: 20857250 ns, At safepoint: 722625 ns, Total: 21579875 ns
[2022-09-03T23:48:14.787+0000][1][gc,start     ] GC(4) Pause Young (Allocation Failure)
[2022-09-03T23:48:14.795+0000][1][gc,task      ] GC(4) Using 4 workers of 4 for evacuation
[2022-09-03T23:48:14.859+0000][1][gc,age       ] GC(4) Desired survivor size 8945664 bytes, new threshold 6 (max threshold 6)
[2022-09-03T23:48:14.861+0000][1][gc,age       ] GC(4) Age table with threshold 6 (max threshold 6)
[2022-09-03T23:48:14.862+0000][1][gc,age       ] GC(4) - age   1:    1391352 bytes,    1391352 total
[2022-09-03T23:48:14.864+0000][1][gc,age       ] GC(4) - age   2:    3145512 bytes,    4536864 total
[2022-09-03T23:48:14.865+0000][1][gc,age       ] GC(4) - age   3:    1576000 bytes,    6112864 total
[2022-09-03T23:48:14.868+0000][1][gc,heap      ] GC(4) ParNew: 145843K->8062K(157248K)
[2022-09-03T23:48:14.870+0000][1][gc,heap      ] GC(4) CMS: 10555K->10555K(349568K)
[2022-09-03T23:48:14.871+0000][1][gc,metaspace ] GC(4) Metaspace: 20746K->20746K(1069056K)
[2022-09-03T23:48:14.873+0000][1][gc           ] GC(4) Pause Young (Allocation Failure) 152M->18M(494M) 87.081ms
[2022-09-03T23:48:14.874+0000][1][gc,cpu       ] GC(4) User=0.22s Sys=0.05s Real=0.09s
[2022-09-03T23:48:14.876+0000][1][safepoint    ] Safepoint "GenCollectForAllocation", Time since last: 309151834 ns, Reaching safepoint: 1723166 ns, At safepoint: 93380459 ns, Total: 95103625 ns
[2022-09-03T23:48:14.888+0000][1][safepoint    ] Safepoint "RevokeBias", Time since last: 10550333 ns, Reaching safepoint: 714833 ns, At safepoint: 962334 ns, Total: 1677167 ns
[2022-09-03T23:48:14.891+0000][1][safepoint    ] Safepoint "RevokeBias", Time since last: 1807625 ns, Reaching safepoint: 542541 ns, At safepoint: 410042 ns, Total: 952583 ns
[2022-09-03T23:48:14.899+0000][1][safepoint    ] Safepoint "RevokeBias", Time since last: 6051833 ns, Reaching safepoint: 1437375 ns, At safepoint: 888792 ns, Total: 2326167 ns
[2022-09-03T23:48:14.902+0000][1][safepoint    ] Safepoint "RevokeBias", Time since last: 2151583 ns, Reaching safepoint: 877459 ns, At safepoint: 153750 ns, Total: 1031209 ns
[2022-09-03T23:48:14.905+0000][1][safepoint    ] Safepoint "RevokeBias", Time since last: 1390166 ns, Reaching safepoint: 1095917 ns, At safepoint: 152458 ns, Total: 1248375 ns
[2022-09-03T23:48:14.907+0000][1][safepoint    ] Safepoint "RevokeBias", Time since last: 1745167 ns, Reaching safepoint: 443917 ns, At safepoint: 114541 ns, Total: 558458 ns
[2022-09-03T23:48:14.909+0000][1][safepoint    ] Safepoint "RevokeBias", Time since last: 1909834 ns, Reaching safepoint: 273541 ns, At safepoint: 151167 ns, Total: 424708 ns
[2022-09-03T23:48:14.912+0000][1][safepoint    ] Safepoint "RevokeBias", Time since last: 1752292 ns, Reaching safepoint: 408833 ns, At safepoint: 129083 ns, Total: 537916 ns
[2022-09-03T23:48:15.914+0000][1][safepoint    ] Safepoint "Cleanup", Time since last: 1000982709 ns, Reaching safepoint: 876084 ns, At safepoint: 25666 ns, Total: 901750 ns
[2022-09-03T23:48:16.452+0000][1][gc,start     ] GC(5) Pause Young (Allocation Failure)
[2022-09-03T23:48:16.454+0000][1][gc,task      ] GC(5) Using 4 workers of 4 for evacuation
[2022-09-03T23:48:16.477+0000][1][gc,age       ] GC(5) Desired survivor size 8945664 bytes, new threshold 6 (max threshold 6)
[2022-09-03T23:48:16.479+0000][1][gc,age       ] GC(5) Age table with threshold 6 (max threshold 6)
[2022-09-03T23:48:16.480+0000][1][gc,age       ] GC(5) - age   1:    1212696 bytes,    1212696 total
[2022-09-03T23:48:16.481+0000][1][gc,age       ] GC(5) - age   2:     951336 bytes,    2164032 total
[2022-09-03T23:48:16.482+0000][1][gc,age       ] GC(5) - age   3:    3144328 bytes,    5308360 total
[2022-09-03T23:48:16.483+0000][1][gc,age       ] GC(5) - age   4:    1576048 bytes,    6884408 total
[2022-09-03T23:48:16.484+0000][1][gc,heap      ] GC(5) ParNew: 147838K->9509K(157248K)
[2022-09-03T23:48:16.486+0000][1][gc,heap      ] GC(5) CMS: 10555K->10555K(349568K)
[2022-09-03T23:48:16.487+0000][1][gc,metaspace ] GC(5) Metaspace: 21834K->21834K(1069056K)
[2022-09-03T23:48:16.488+0000][1][gc           ] GC(5) Pause Young (Allocation Failure) 154M->19M(494M) 36.380ms
[2022-09-03T23:48:16.489+0000][1][gc,cpu       ] GC(5) User=0.08s Sys=0.00s Real=0.04s
[2022-09-03T23:48:16.490+0000][1][safepoint    ] Safepoint "GenCollectForAllocation", Time since last: 537688792 ns, Reaching safepoint: 401667 ns, At safepoint: 38505917 ns, Total: 38907584 ns
[2022-09-03T23:48:16.495+0000][1][safepoint    ] Safepoint "RevokeBias", Time since last: 3808041 ns, Reaching safepoint: 411167 ns, At safepoint: 196000 ns, Total: 607167 ns
[2022-09-03T23:48:16.497+0000][1][safepoint    ] Safepoint "RevokeBias", Time since last: 1655458 ns, Reaching safepoint: 761834 ns, At safepoint: 236166 ns, Total: 998000 ns
[2022-09-03T23:48:16.500+0000][1][safepoint    ] Safepoint "RevokeBias", Time since last: 2406250 ns, Reaching safepoint: 336084 ns, At safepoint: 162333 ns, Total: 498417 ns
[2022-09-03T23:48:16.502+0000][1][safepoint    ] Safepoint "RevokeBias", Time since last: 1191458 ns, Reaching safepoint: 384375 ns, At safepoint: 176375 ns, Total: 560750 ns
[2022-09-03T23:48:16.505+0000][1][safepoint    ] Safepoint "BulkRevokeBias", Time since last: 2131084 ns, Reaching safepoint: 249875 ns, At safepoint: 835250 ns, Total: 1085125 ns
[2022-09-03T23:48:16.507+0000][1][safepoint    ] Safepoint "BulkRevokeBias", Time since last: 1168125 ns, Reaching safepoint: 428833 ns, At safepoint: 324958 ns, Total: 753791 ns
[2022-09-03T23:48:17.448+0000][1][gc,start     ] GC(6) Pause Young (Allocation Failure)
[2022-09-03T23:48:17.450+0000][1][gc,task      ] GC(6) Using 4 workers of 4 for evacuation
[2022-09-03T23:48:17.479+0000][1][gc,age       ] GC(6) Desired survivor size 8945664 bytes, new threshold 6 (max threshold 6)
[2022-09-03T23:48:17.480+0000][1][gc,age       ] GC(6) Age table with threshold 6 (max threshold 6)
[2022-09-03T23:48:17.483+0000][1][gc,age       ] GC(6) - age   1:    1611400 bytes,    1611400 total
[2022-09-03T23:48:17.484+0000][1][gc,age       ] GC(6) - age   2:    1006248 bytes,    2617648 total
[2022-09-03T23:48:17.486+0000][1][gc,age       ] GC(6) - age   3:     951048 bytes,    3568696 total
[2022-09-03T23:48:17.487+0000][1][gc,age       ] GC(6) - age   4:    3144328 bytes,    6713024 total
[2022-09-03T23:48:17.488+0000][1][gc,age       ] GC(6) - age   5:    1575688 bytes,    8288712 total
[2022-09-03T23:48:17.489+0000][1][gc,heap      ] GC(6) ParNew: 149285K->9376K(157248K)
[2022-09-03T23:48:17.490+0000][1][gc,heap      ] GC(6) CMS: 10555K->10555K(349568K)
[2022-09-03T23:48:17.491+0000][1][gc,metaspace ] GC(6) Metaspace: 21873K->21873K(1069056K)
[2022-09-03T23:48:17.492+0000][1][gc           ] GC(6) Pause Young (Allocation Failure) 156M->19M(494M) 44.469ms
[2022-09-03T23:48:17.493+0000][1][gc,cpu       ] GC(6) User=0.10s Sys=0.00s Real=0.05s
[2022-09-03T23:48:17.494+0000][1][safepoint    ] Safepoint "GenCollectForAllocation", Time since last: 940049459 ns, Reaching safepoint: 700333 ns, At safepoint: 46506042 ns, Total: 47206375 ns
[2022-09-03T23:48:17.814+0000][1][safepoint    ] Safepoint "RevokeBias", Time since last: 318826542 ns, Reaching safepoint: 727583 ns, At safepoint: 248334 ns, Total: 975917 ns
[2022-09-03T23:48:17.820+0000][1][safepoint    ] Safepoint "RevokeBias", Time since last: 5137291 ns, Reaching safepoint: 408209 ns, At safepoint: 175916 ns, Total: 584125 ns
[2022-09-03T23:48:17.824+0000][1][safepoint    ] Safepoint "RevokeBias", Time since last: 3403292 ns, Reaching safepoint: 256542 ns, At safepoint: 87958 ns, Total: 344500 ns
[2022-09-03T23:48:18.811+0000][1][gc,start     ] GC(7) Pause Young (Allocation Failure)
[2022-09-03T23:48:18.813+0000][1][gc,task      ] GC(7) Using 4 workers of 4 for evacuation
[2022-09-03T23:48:18.848+0000][1][gc,age       ] GC(7) Desired survivor size 8945664 bytes, new threshold 6 (max threshold 6)
[2022-09-03T23:48:18.849+0000][1][gc,age       ] GC(7) Age table with threshold 6 (max threshold 6)
[2022-09-03T23:48:18.850+0000][1][gc,age       ] GC(7) - age   1:    1219720 bytes,    1219720 total
[2022-09-03T23:48:18.852+0000][1][gc,age       ] GC(7) - age   2:     276688 bytes,    1496408 total
[2022-09-03T23:48:18.853+0000][1][gc,age       ] GC(7) - age   3:    1006248 bytes,    2502656 total
[2022-09-03T23:48:18.854+0000][1][gc,age       ] GC(7) - age   4:     950768 bytes,    3453424 total
[2022-09-03T23:48:18.855+0000][1][gc,age       ] GC(7) - age   5:    3144304 bytes,    6597728 total
[2022-09-03T23:48:18.857+0000][1][gc,age       ] GC(7) - age   6:    1575664 bytes,    8173392 total
[2022-09-03T23:48:18.858+0000][1][gc,heap      ] GC(7) ParNew: 149152K->13358K(157248K)
[2022-09-03T23:48:18.859+0000][1][gc,heap      ] GC(7) CMS: 10555K->10555K(349568K)
[2022-09-03T23:48:18.860+0000][1][gc,metaspace ] GC(7) Metaspace: 22088K->22088K(1069056K)
[2022-09-03T23:48:18.862+0000][1][gc           ] GC(7) Pause Young (Allocation Failure) 155M->23M(494M) 50.983ms
[2022-09-03T23:48:18.863+0000][1][gc,cpu       ] GC(7) User=0.15s Sys=0.00s Real=0.05s
[2022-09-03T23:48:18.864+0000][1][safepoint    ] Safepoint "GenCollectForAllocation", Time since last: 986707750 ns, Reaching safepoint: 346209 ns, At safepoint: 53628583 ns, Total: 53974792 ns
[2022-09-03T23:48:19.867+0000][1][safepoint    ] Safepoint "Cleanup", Time since last: 1001113417 ns, Reaching safepoint: 1301834 ns, At safepoint: 41291 ns, Total: 1343125 ns
[2022-09-03T23:48:20.870+0000][1][safepoint    ] Safepoint "Cleanup", Time since last: 1001745126 ns, Reaching safepoint: 1614041 ns, At safepoint: 61625 ns, Total: 1675666 ns
[2022-09-03T23:48:21.133+0000][1][safepoint    ] Safepoint "RevokeBias", Time since last: 262160792 ns, Reaching safepoint: 460375 ns, At safepoint: 75292 ns, Total: 535667 ns
[2022-09-03T23:48:21.135+0000][1][safepoint    ] Safepoint "RevokeBias", Time since last: 1678166 ns, Reaching safepoint: 93042 ns, At safepoint: 70000 ns, Total: 163042 ns
[2022-09-03T23:48:21.137+0000][1][safepoint    ] Safepoint "RevokeBias", Time since last: 2493208 ns, Reaching safepoint: 89167 ns, At safepoint: 52917 ns, Total: 142084 ns
[2022-09-03T23:48:21.139+0000][1][safepoint    ] Safepoint "RevokeBias", Time since last: 1513458 ns, Reaching safepoint: 128833 ns, At safepoint: 54209 ns, Total: 183042 ns
[2022-09-03T23:48:21.800+0000][1][gc,start     ] GC(8) Pause Young (Allocation Failure)
[2022-09-03T23:48:21.802+0000][1][gc,task      ] GC(8) Using 4 workers of 4 for evacuation
[2022-09-03T23:48:21.848+0000][1][gc,age       ] GC(8) Desired survivor size 8945664 bytes, new threshold 6 (max threshold 6)
[2022-09-03T23:48:21.849+0000][1][gc,age       ] GC(8) Age table with threshold 6 (max threshold 6)
[2022-09-03T23:48:21.851+0000][1][gc,age       ] GC(8) - age   1:    1949568 bytes,    1949568 total
[2022-09-03T23:48:21.852+0000][1][gc,age       ] GC(8) - age   2:     429272 bytes,    2378840 total
[2022-09-03T23:48:21.853+0000][1][gc,age       ] GC(8) - age   3:     276400 bytes,    2655240 total
[2022-09-03T23:48:21.854+0000][1][gc,age       ] GC(8) - age   4:    1003136 bytes,    3658376 total
[2022-09-03T23:48:21.855+0000][1][gc,age       ] GC(8) - age   5:     947680 bytes,    4606056 total
[2022-09-03T23:48:21.856+0000][1][gc,age       ] GC(8) - age   6:    3130312 bytes,    7736368 total
[2022-09-03T23:48:21.857+0000][1][gc,heap      ] GC(8) ParNew: 153134K->9803K(157248K)
[2022-09-03T23:48:21.858+0000][1][gc,heap      ] GC(8) CMS: 10555K->12113K(349568K)
[2022-09-03T23:48:21.859+0000][1][gc,metaspace ] GC(8) Metaspace: 27090K->27090K(1075200K)
[2022-09-03T23:48:21.861+0000][1][gc           ] GC(8) Pause Young (Allocation Failure) 159M->21M(494M) 60.182ms
[2022-09-03T23:48:21.861+0000][1][gc,cpu       ] GC(8) User=0.13s Sys=0.00s Real=0.06s
[2022-09-03T23:48:21.863+0000][1][safepoint    ] Safepoint "GenCollectForAllocation", Time since last: 661085208 ns, Reaching safepoint: 536125 ns, At safepoint: 62224291 ns, Total: 62760416 ns
[2022-09-03T23:48:22.021+0000][1][safepoint    ] Safepoint "Deoptimize", Time since last: 156571751 ns, Reaching safepoint: 359208 ns, At safepoint: 1582250 ns, Total: 1941458 ns
[2022-09-03T23:48:23.025+0000][1][safepoint    ] Safepoint "Cleanup", Time since last: 1002605084 ns, Reaching safepoint: 1256250 ns, At safepoint: 30500 ns, Total: 1286750 ns
[2022-09-03T23:48:24.027+0000][1][safepoint    ] Safepoint "Cleanup", Time since last: 1001395417 ns, Reaching safepoint: 686917 ns, At safepoint: 35625 ns, Total: 722542 ns
[2022-09-03T23:48:25.030+0000][1][safepoint    ] Safepoint "Cleanup", Time since last: 1001675125 ns, Reaching safepoint: 1039958 ns, At safepoint: 32584 ns, Total: 1072542 ns
[2022-09-03T23:48:26.032+0000][1][safepoint    ] Safepoint "Cleanup", Time since last: 1001731917 ns, Reaching safepoint: 705958 ns, At safepoint: 34458 ns, Total: 740416 ns
[2022-09-03T23:48:26.784+0000][1][safepoint    ] Safepoint "Deoptimize", Time since last: 750091709 ns, Reaching safepoint: 403292 ns, At safepoint: 1243000 ns, Total: 1646292 ns
[2022-09-03T23:48:27.787+0000][1][safepoint    ] Safepoint "Cleanup", Time since last: 1001851959 ns, Reaching safepoint: 871375 ns, At safepoint: 29125 ns, Total: 900500 ns
[2022-09-03T23:48:28.789+0000][1][safepoint    ] Safepoint "Cleanup", Time since last: 1001503375 ns, Reaching safepoint: 473458 ns, At safepoint: 28084 ns, Total: 501542 ns
[2022-09-03T23:48:29.488+0000][1][gc,start     ] GC(9) Pause Young (Allocation Failure)
[2022-09-03T23:48:29.490+0000][1][gc,task      ] GC(9) Using 4 workers of 4 for evacuation
[2022-09-03T23:48:29.669+0000][1][gc,age       ] GC(9) Desired survivor size 8945664 bytes, new threshold 1 (max threshold 6)
[2022-09-03T23:48:29.671+0000][1][gc,age       ] GC(9) Age table with threshold 1 (max threshold 6)
[2022-09-03T23:48:29.672+0000][1][gc,age       ] GC(9) - age   1:   13358288 bytes,   13358288 total
[2022-09-03T23:48:29.673+0000][1][gc,age       ] GC(9) - age   2:    1879744 bytes,   15238032 total
[2022-09-03T23:48:29.674+0000][1][gc,age       ] GC(9) - age   3:     426864 bytes,   15664896 total
[2022-09-03T23:48:29.677+0000][1][gc,age       ] GC(9) - age   4:     276400 bytes,   15941296 total
[2022-09-03T23:48:29.678+0000][1][gc,age       ] GC(9) - age   5:    1002304 bytes,   16943600 total
[2022-09-03T23:48:29.679+0000][1][gc,age       ] GC(9) - age   6:     947216 bytes,   17890816 total
[2022-09-03T23:48:29.681+0000][1][gc,heap      ] GC(9) ParNew: 149579K->17472K(157248K)
[2022-09-03T23:48:29.682+0000][1][gc,heap      ] GC(9) CMS: 12113K->21707K(349568K)
[2022-09-03T23:48:29.683+0000][1][gc,metaspace ] GC(9) Metaspace: 29076K->29076K(1077248K)
[2022-09-03T23:48:29.684+0000][1][gc           ] GC(9) Pause Young (Allocation Failure) 157M->38M(494M) 196.437ms
[2022-09-03T23:48:29.686+0000][1][gc,cpu       ] GC(9) User=0.60s Sys=0.01s Real=0.20s
[2022-09-03T23:48:29.688+0000][1][safepoint    ] Safepoint "GenCollectForAllocation", Time since last: 698686958 ns, Reaching safepoint: 343959 ns, At safepoint: 199959292 ns, Total: 200303251 ns
[2022-09-03T23:48:30.250+0000][1][safepoint    ] Safepoint "RevokeBias", Time since last: 561021875 ns, Reaching safepoint: 428250 ns, At safepoint: 546166 ns, Total: 974416 ns
[2022-09-03T23:48:31.252+0000][1][safepoint    ] Safepoint "Cleanup", Time since last: 1001762126 ns, Reaching safepoint: 578708 ns, At safepoint: 52584 ns, Total: 631292 ns
[2022-09-03T23:48:32.255+0000][1][safepoint    ] Safepoint "Cleanup", Time since last: 1001886667 ns, Reaching safepoint: 1255208 ns, At safepoint: 39250 ns, Total: 1294458 ns
[2022-09-03T23:48:33.259+0000][1][safepoint    ] Safepoint "Cleanup", Time since last: 1002813126 ns, Reaching safepoint: 868041 ns, At safepoint: 28959 ns, Total: 897000 ns
[2022-09-03T23:48:33.382+0000][1][safepoint    ] Safepoint "CollectForMetadataAllocation", Time since last: 122444833 ns, Reaching safepoint: 421542 ns, At safepoint: 371166 ns, Total: 792708 ns
[2022-09-03T23:48:33.701+0000][1][gc,start     ] GC(10) Pause Initial Mark
[2022-09-03T23:48:33.886+0000][1][gc           ] GC(10) Pause Initial Mark 122M->122M(494M) 184.150ms
[2022-09-03T23:48:33.887+0000][1][gc,cpu       ] GC(10) User=0.65s Sys=0.02s Real=0.19s
[2022-09-03T23:48:33.891+0000][1][safepoint    ] Safepoint "CMS_Initial_Mark", Time since last: 313095750 ns, Reaching safepoint: 5131250 ns, At safepoint: 189026376 ns, Total: 194157626 ns
[2022-09-03T23:48:33.893+0000][1][gc           ] GC(10) Concurrent Mark
[2022-09-03T23:48:34.041+0000][1][gc           ] GC(10) Concurrent Mark 147.809ms
[2022-09-03T23:48:34.042+0000][1][gc,cpu       ] GC(10) User=0.43s Sys=0.05s Real=0.14s
[2022-09-03T23:48:34.045+0000][1][gc           ] GC(10) Concurrent Preclean
[2022-09-03T23:48:34.062+0000][1][safepoint    ] Safepoint "CollectForMetadataAllocation", Time since last: 169610541 ns, Reaching safepoint: 1299000 ns, At safepoint: 1164042 ns, Total: 2463042 ns
[2022-09-03T23:48:34.082+0000][1][gc           ] GC(10) Concurrent Preclean 36.845ms
[2022-09-03T23:48:34.085+0000][1][gc,cpu       ] GC(10) User=0.08s Sys=0.04s Real=0.04s
[2022-09-03T23:48:34.086+0000][1][gc           ] GC(10) Concurrent Abortable Preclean
[2022-09-03T23:48:34.337+0000][1][safepoint    ] Safepoint "CollectForMetadataAllocation", Time since last: 270327958 ns, Reaching safepoint: 4509167 ns, At safepoint: 254292 ns, Total: 4763459 ns
[2022-09-03T23:48:34.660+0000][1][safepoint    ] Safepoint "CollectForMetadataAllocation", Time since last: 322681375 ns, Reaching safepoint: 458208 ns, At safepoint: 159834 ns, Total: 618042 ns
[2022-09-03T23:48:35.418+0000][1][gc,start     ] GC(11) Pause Young (Allocation Failure)
[2022-09-03T23:48:35.422+0000][1][gc,task      ] GC(11) Using 4 workers of 4 for evacuation
[2022-09-03T23:48:35.653+0000][1][gc,age       ] GC(11) Desired survivor size 8945664 bytes, new threshold 6 (max threshold 6)
[2022-09-03T23:48:35.654+0000][1][gc,age       ] GC(11) Age table with threshold 6 (max threshold 6)
[2022-09-03T23:48:35.656+0000][1][gc,age       ] GC(11) - age   1:    8397384 bytes,    8397384 total
[2022-09-03T23:48:35.659+0000][1][gc,heap      ] GC(11) ParNew: 157248K->17472K(157248K)
[2022-09-03T23:48:35.661+0000][1][gc,heap      ] GC(11) CMS: 21707K->40281K(349568K)
[2022-09-03T23:48:35.663+0000][1][gc,metaspace ] GC(11) Metaspace: 34764K->34764K(1081344K)
[2022-09-03T23:48:35.665+0000][1][gc           ] GC(11) Pause Young (Allocation Failure) 174M->56M(494M) 247.439ms
[2022-09-03T23:48:35.666+0000][1][gc,cpu       ] GC(11) User=0.83s Sys=0.03s Real=0.25s
[2022-09-03T23:48:35.668+0000][1][safepoint    ] Safepoint "GenCollectForAllocation", Time since last: 756812833 ns, Reaching safepoint: 592792 ns, At safepoint: 250459083 ns, Total: 251051875 ns
[2022-09-03T23:48:36.085+0000][1][safepoint    ] Safepoint "CollectForMetadataAllocation", Time since last: 416114376 ns, Reaching safepoint: 545583 ns, At safepoint: 206875 ns, Total: 752458 ns
[2022-09-03T23:48:37.088+0000][1][safepoint    ] Safepoint "Cleanup", Time since last: 1001591792 ns, Reaching safepoint: 1163750 ns, At safepoint: 17125 ns, Total: 1180875 ns
[2022-09-03T23:48:37.522+0000][1][safepoint    ] Safepoint "CollectForMetadataAllocation", Time since last: 433188750 ns, Reaching safepoint: 651792 ns, At safepoint: 294667 ns, Total: 946459 ns
[2022-09-03T23:48:37.847+0000][1][safepoint    ] Safepoint "CollectForMetadataAllocation", Time since last: 321036375 ns, Reaching safepoint: 1579958 ns, At safepoint: 3178250 ns, Total: 4758208 ns
[2022-09-03T23:48:38.041+0000][1][safepoint    ] Safepoint "CollectForMetadataAllocation", Time since last: 190957875 ns, Reaching safepoint: 1777459 ns, At safepoint: 458333 ns, Total: 2235792 ns
[2022-09-03T23:48:38.410+0000][1][safepoint    ] Safepoint "CollectForMetadataAllocation", Time since last: 368166542 ns, Reaching safepoint: 618125 ns, At safepoint: 215166 ns, Total: 833291 ns
[2022-09-03T23:48:38.510+0000][1][safepoint    ] Safepoint "CollectForMetadataAllocation", Time since last: 100117625 ns, Reaching safepoint: 478459 ns, At safepoint: 180458 ns, Total: 658917 ns
[2022-09-03T23:48:38.604+0000][1][safepoint    ] Safepoint "CollectForMetadataAllocation", Time since last: 92608500 ns, Reaching safepoint: 368125 ns, At safepoint: 247042 ns, Total: 615167 ns
[2022-09-03T23:48:38.733+0000][1][safepoint    ] Safepoint "CollectForMetadataAllocation", Time since last: 128435125 ns, Reaching safepoint: 467083 ns, At safepoint: 247792 ns, Total: 714875 ns
[2022-09-03T23:48:38.862+0000][1][safepoint    ] Safepoint "CollectForMetadataAllocation", Time since last: 129066583 ns, Reaching safepoint: 419459 ns, At safepoint: 177833 ns, Total: 597292 ns
[2022-09-03T23:48:38.868+0000][1][gc           ] GC(10) Concurrent Abortable Preclean 4782.116ms
[2022-09-03T23:48:38.869+0000][1][gc,cpu       ] GC(10) User=16.31s Sys=0.52s Real=4.78s
[2022-09-03T23:48:38.872+0000][1][gc,start     ] GC(10) Pause Remark
[2022-09-03T23:48:39.095+0000][1][gc           ] GC(10) Pause Remark 127M->127M(494M) 222.818ms
[2022-09-03T23:48:39.096+0000][1][gc,cpu       ] GC(10) User=0.74s Sys=0.01s Real=0.23s
[2022-09-03T23:48:39.098+0000][1][safepoint    ] Safepoint "CMS_Final_Remark", Time since last: 8842958 ns, Reaching safepoint: 645667 ns, At safepoint: 226134625 ns, Total: 226780292 ns
[2022-09-03T23:48:39.099+0000][1][gc           ] GC(10) Concurrent Sweep
[2022-09-03T23:48:39.214+0000][1][gc           ] GC(10) Concurrent Sweep 114.100ms
[2022-09-03T23:48:39.215+0000][1][gc,cpu       ] GC(10) User=0.33s Sys=0.01s Real=0.12s
[2022-09-03T23:48:39.218+0000][1][gc           ] GC(10) Concurrent Reset
[2022-09-03T23:48:39.220+0000][1][gc           ] GC(10) Concurrent Reset 2.576ms
[2022-09-03T23:48:39.221+0000][1][gc,cpu       ] GC(10) User=0.00s Sys=0.00s Real=0.00s
[2022-09-03T23:48:39.223+0000][1][gc,heap      ] GC(10) Old: 21707K->40180K(349568K)
[2022-09-03T23:48:39.600+0000][1][safepoint    ] Safepoint "RevokeBias", Time since last: 498530167 ns, Reaching safepoint: 2156875 ns, At safepoint: 1458667 ns, Total: 3615542 ns
[2022-09-03T23:48:39.612+0000][1][safepoint    ] Safepoint "Deoptimize", Time since last: 9599916 ns, Reaching safepoint: 186750 ns, At safepoint: 1998625 ns, Total: 2185375 ns
[2022-09-03T23:48:40.733+0000][1][safepoint    ] Safepoint "Cleanup", Time since last: 1120205167 ns, Reaching safepoint: 1142334 ns, At safepoint: 31583 ns, Total: 1173917 ns
[2022-09-03T23:48:41.736+0000][1][safepoint    ] Safepoint "Cleanup", Time since last: 1002279876 ns, Reaching safepoint: 619666 ns, At safepoint: 21792 ns, Total: 641458 ns
[2022-09-03T23:48:42.188+0000][1][safepoint    ] Safepoint "RevokeBias", Time since last: 450930750 ns, Reaching safepoint: 723792 ns, At safepoint: 446958 ns, Total: 1170750 ns
[2022-09-03T23:48:43.191+0000][1][safepoint    ] Safepoint "Cleanup", Time since last: 1001895292 ns, Reaching safepoint: 766542 ns, At safepoint: 34625 ns, Total: 801167 ns
[2022-09-03T23:48:46.194+0000][1][safepoint    ] Safepoint "Cleanup", Time since last: 3002358668 ns, Reaching safepoint: 472375 ns, At safepoint: 37792 ns, Total: 510167 ns
[2022-09-03T23:48:47.039+0000][1][gc,start     ] GC(12) Pause Young (Allocation Failure)
[2022-09-03T23:48:47.041+0000][1][gc,task      ] GC(12) Using 4 workers of 4 for evacuation
[2022-09-03T23:48:47.113+0000][1][gc,age       ] GC(12) Desired survivor size 8945664 bytes, new threshold 2 (max threshold 6)
[2022-09-03T23:48:47.115+0000][1][gc,age       ] GC(12) Age table with threshold 2 (max threshold 6)
[2022-09-03T23:48:47.116+0000][1][gc,age       ] GC(12) - age   1:    4449224 bytes,    4449224 total
[2022-09-03T23:48:47.117+0000][1][gc,age       ] GC(12) - age   2:    8313088 bytes,   12762312 total
[2022-09-03T23:48:47.119+0000][1][gc,heap      ] GC(12) ParNew: 157248K->15259K(157248K)
[2022-09-03T23:48:47.120+0000][1][gc,heap      ] GC(12) CMS: 40180K->40180K(349568K)
[2022-09-03T23:48:47.122+0000][1][gc,metaspace ] GC(12) Metaspace: 45288K->45288K(1091584K)
[2022-09-03T23:48:47.123+0000][1][gc           ] GC(12) Pause Young (Allocation Failure) 192M->54M(494M) 84.541ms
[2022-09-03T23:48:47.125+0000][1][gc,cpu       ] GC(12) User=0.26s Sys=0.00s Real=0.09s
[2022-09-03T23:48:47.126+0000][1][safepoint    ] Safepoint "GenCollectForAllocation", Time since last: 844394083 ns, Reaching safepoint: 497375 ns, At safepoint: 86976167 ns, Total: 87473542 ns
[2022-09-03T23:48:47.201+0000][1][safepoint    ] Safepoint "RevokeBias", Time since last: 73520750 ns, Reaching safepoint: 732625 ns, At safepoint: 424042 ns, Total: 1156667 ns
[2022-09-03T23:48:47.206+0000][1][safepoint    ] Safepoint "BulkRevokeBias", Time since last: 3998500 ns, Reaching safepoint: 546417 ns, At safepoint: 1039291 ns, Total: 1585708 ns
[2022-09-03T23:48:47.214+0000][1][safepoint    ] Safepoint "RevokeBias", Time since last: 5312834 ns, Reaching safepoint: 2459583 ns, At safepoint: 392750 ns, Total: 2852333 ns
[2022-09-03T23:48:47.218+0000][1][safepoint    ] Safepoint "RevokeBias", Time since last: 3144333 ns, Reaching safepoint: 388250 ns, At safepoint: 172209 ns, Total: 560459 ns
[2022-09-03T23:48:47.221+0000][1][safepoint    ] Safepoint "RevokeBias", Time since last: 1956541 ns, Reaching safepoint: 387167 ns, At safepoint: 211333 ns, Total: 598500 ns
[2022-09-03T23:48:47.223+0000][1][safepoint    ] Safepoint "RevokeBias", Time since last: 1309709 ns, Reaching safepoint: 490000 ns, At safepoint: 274291 ns, Total: 764291 ns
[2022-09-03T23:48:47.225+0000][1][safepoint    ] Safepoint "RevokeBias", Time since last: 1384500 ns, Reaching safepoint: 1113500 ns, At safepoint: 204500 ns, Total: 1318000 ns
[2022-09-03T23:48:47.228+0000][1][safepoint    ] Safepoint "RevokeBias", Time since last: 2042542 ns, Reaching safepoint: 400500 ns, At safepoint: 230875 ns, Total: 631375 ns
[2022-09-03T23:48:47.231+0000][1][safepoint    ] Safepoint "RevokeBias", Time since last: 1860000 ns, Reaching safepoint: 406500 ns, At safepoint: 268708 ns, Total: 675208 ns
[2022-09-03T23:48:47.232+0000][1][safepoint    ] Safepoint "RevokeBias", Time since last: 1090709 ns, Reaching safepoint: 458458 ns, At safepoint: 198333 ns, Total: 656791 ns
[2022-09-03T23:48:47.235+0000][1][safepoint    ] Safepoint "RevokeBias", Time since last: 2164750 ns, Reaching safepoint: 363542 ns, At safepoint: 218708 ns, Total: 582250 ns
[2022-09-03T23:48:47.238+0000][1][safepoint    ] Safepoint "RevokeBias", Time since last: 2171792 ns, Reaching safepoint: 606208 ns, At safepoint: 222209 ns, Total: 828417 ns
[2022-09-03T23:48:47.240+0000][1][safepoint    ] Safepoint "RevokeBias", Time since last: 1456125 ns, Reaching safepoint: 319541 ns, At safepoint: 193167 ns, Total: 512708 ns
[2022-09-03T23:48:47.242+0000][1][safepoint    ] Safepoint "RevokeBias", Time since last: 1475167 ns, Reaching safepoint: 693875 ns, At safepoint: 140666 ns, Total: 834541 ns
[2022-09-03T23:48:47.244+0000][1][safepoint    ] Safepoint "RevokeBias", Time since last: 1731334 ns, Reaching safepoint: 292625 ns, At safepoint: 171916 ns, Total: 464541 ns
[2022-09-03T23:48:47.248+0000][1][safepoint    ] Safepoint "RevokeBias", Time since last: 3370709 ns, Reaching safepoint: 319666 ns, At safepoint: 247209 ns, Total: 566875 ns
[2022-09-03T23:48:47.250+0000][1][safepoint    ] Safepoint "RevokeBias", Time since last: 1017208 ns, Reaching safepoint: 629792 ns, At safepoint: 203125 ns, Total: 832917 ns
[2022-09-03T23:48:47.253+0000][1][safepoint    ] Safepoint "RevokeBias", Time since last: 2169708 ns, Reaching safepoint: 328000 ns, At safepoint: 200917 ns, Total: 528917 ns
[2022-09-03T23:48:47.255+0000][1][safepoint    ] Safepoint "RevokeBias", Time since last: 1045333 ns, Reaching safepoint: 540917 ns, At safepoint: 228291 ns, Total: 769208 ns
[2022-09-03T23:48:47.257+0000][1][safepoint    ] Safepoint "RevokeBias", Time since last: 1398667 ns, Reaching safepoint: 481542 ns, At safepoint: 218000 ns, Total: 699542 ns
[2022-09-03T23:48:47.259+0000][1][safepoint    ] Safepoint "RevokeBias", Time since last: 1370625 ns, Reaching safepoint: 416375 ns, At safepoint: 191333 ns, Total: 607708 ns
[2022-09-03T23:48:47.260+0000][1][safepoint    ] Safepoint "RevokeBias", Time since last: 1048917 ns, Reaching safepoint: 207250 ns, At safepoint: 156000 ns, Total: 363250 ns
[2022-09-03T23:48:47.262+0000][1][safepoint    ] Safepoint "BulkRevokeBias", Time since last: 1142375 ns, Reaching safepoint: 269041 ns, At safepoint: 413875 ns, Total: 682916 ns
[2022-09-03T23:48:47.266+0000][1][safepoint    ] Safepoint "RevokeBias", Time since last: 3405042 ns, Reaching safepoint: 356542 ns, At safepoint: 296625 ns, Total: 653167 ns
[2022-09-03T23:48:47.268+0000][1][safepoint    ] Safepoint "RevokeBias", Time since last: 1067625 ns, Reaching safepoint: 140208 ns, At safepoint: 258375 ns, Total: 398583 ns
[2022-09-03T23:48:47.269+0000][1][safepoint    ] Safepoint "RevokeBias", Time since last: 660125 ns, Reaching safepoint: 480167 ns, At safepoint: 155208 ns, Total: 635375 ns
[2022-09-03T23:48:47.271+0000][1][safepoint    ] Safepoint "RevokeBias", Time since last: 985083 ns, Reaching safepoint: 342000 ns, At safepoint: 438875 ns, Total: 780875 ns
[2022-09-03T23:48:47.272+0000][1][safepoint    ] Safepoint "RevokeBias", Time since last: 1141000 ns, Reaching safepoint: 283959 ns, At safepoint: 161458 ns, Total: 445417 ns
[2022-09-03T23:48:47.275+0000][1][safepoint    ] Safepoint "RevokeBias", Time since last: 2174500 ns, Reaching safepoint: 526167 ns, At safepoint: 95041 ns, Total: 621208 ns
[2022-09-03T23:48:47.278+0000][1][safepoint    ] Safepoint "RevokeBias", Time since last: 1950500 ns, Reaching safepoint: 402750 ns, At safepoint: 237125 ns, Total: 639875 ns
[2022-09-03T23:48:47.280+0000][1][safepoint    ] Safepoint "RevokeBias", Time since last: 1637459 ns, Reaching safepoint: 369708 ns, At safepoint: 132417 ns, Total: 502125 ns
[2022-09-03T23:48:47.282+0000][1][safepoint    ] Safepoint "RevokeBias", Time since last: 1647833 ns, Reaching safepoint: 341958 ns, At safepoint: 153334 ns, Total: 495292 ns
[2022-09-03T23:48:47.284+0000][1][safepoint    ] Safepoint "RevokeBias", Time since last: 1495208 ns, Reaching safepoint: 380417 ns, At safepoint: 165375 ns, Total: 545792 ns
[2022-09-03T23:48:47.286+0000][1][safepoint    ] Safepoint "RevokeBias", Time since last: 1377666 ns, Reaching safepoint: 317542 ns, At safepoint: 165917 ns, Total: 483459 ns
[2022-09-03T23:48:47.289+0000][1][safepoint    ] Safepoint "RevokeBias", Time since last: 3068833 ns, Reaching safepoint: 391417 ns, At safepoint: 174625 ns, Total: 566042 ns
[2022-09-03T23:48:47.292+0000][1][safepoint    ] Safepoint "RevokeBias", Time since last: 2743125 ns, Reaching safepoint: 154041 ns, At safepoint: 92375 ns, Total: 246416 ns
[2022-09-03T23:48:48.364+0000][1][safepoint    ] Safepoint "Cleanup", Time since last: 1070813542 ns, Reaching safepoint: 1023292 ns, At safepoint: 24583 ns, Total: 1047875 ns
[2022-09-03T23:48:49.151+0000][1][safepoint    ] Safepoint "ICBufferFull", Time since last: 785170376 ns, Reaching safepoint: 1741750 ns, At safepoint: 42333 ns, Total: 1784083 ns
[2022-09-03T23:48:49.439+0000][1][safepoint    ] Safepoint "RevokeBias", Time since last: 286985167 ns, Reaching safepoint: 636083 ns, At safepoint: 278542 ns, Total: 914625 ns
[2022-09-03T23:48:49.466+0000][1][safepoint    ] Safepoint "RevokeBias", Time since last: 26162958 ns, Reaching safepoint: 183709 ns, At safepoint: 251708 ns, Total: 435417 ns
[2022-09-03T23:48:50.434+0000][1][safepoint    ] Safepoint "RevokeBias", Time since last: 965710084 ns, Reaching safepoint: 1963791 ns, At safepoint: 238000 ns, Total: 2201791 ns
[2022-09-03T23:48:50.438+0000][1][safepoint    ] Safepoint "RevokeBias", Time since last: 3313375 ns, Reaching safepoint: 395584 ns, At safepoint: 205041 ns, Total: 600625 ns
[2022-09-03T23:48:50.442+0000][1][safepoint    ] Safepoint "RevokeBias", Time since last: 3416959 ns, Reaching safepoint: 378708 ns, At safepoint: 280042 ns, Total: 658750 ns
[2022-09-03T23:48:51.230+0000][1][safepoint    ] Safepoint "RevokeBias", Time since last: 779272875 ns, Reaching safepoint: 6713166 ns, At safepoint: 2293417 ns, Total: 9006583 ns
[2022-09-03T23:48:51.246+0000][1][safepoint    ] Safepoint "RevokeBias", Time since last: 15500458 ns, Reaching safepoint: 291375 ns, At safepoint: 212125 ns, Total: 503500 ns
[2022-09-03T23:48:51.255+0000][1][safepoint    ] Safepoint "RevokeBias", Time since last: 8730209 ns, Reaching safepoint: 625833 ns, At safepoint: 237000 ns, Total: 862833 ns
[2022-09-03T23:48:51.279+0000][1][safepoint    ] Safepoint "RevokeBias", Time since last: 22572000 ns, Reaching safepoint: 1340083 ns, At safepoint: 319542 ns, Total: 1659625 ns
[2022-09-03T23:48:51.295+0000][1][safepoint    ] Safepoint "RevokeBias", Time since last: 13113958 ns, Reaching safepoint: 1768084 ns, At safepoint: 571458 ns, Total: 2339542 ns
[2022-09-03T23:48:51.328+0000][1][safepoint    ] Safepoint "RevokeBias", Time since last: 31713958 ns, Reaching safepoint: 1108584 ns, At safepoint: 201291 ns, Total: 1309875 ns
[2022-09-03T23:48:51.332+0000][1][safepoint    ] Safepoint "RevokeBias", Time since last: 2838042 ns, Reaching safepoint: 1276125 ns, At safepoint: 253042 ns, Total: 1529167 ns
[2022-09-03T23:48:51.348+0000][1][safepoint    ] Safepoint "RevokeBias", Time since last: 13097541 ns, Reaching safepoint: 2714375 ns, At safepoint: 384167 ns, Total: 3098542 ns
[2022-09-03T23:48:51.355+0000][1][safepoint    ] Safepoint "RevokeBias", Time since last: 4367583 ns, Reaching safepoint: 1568417 ns, At safepoint: 501000 ns, Total: 2069417 ns
[2022-09-03T23:48:51.411+0000][1][safepoint    ] Safepoint "RevokeBias", Time since last: 55551125 ns, Reaching safepoint: 515292 ns, At safepoint: 210791 ns, Total: 726083 ns
[2022-09-03T23:48:51.415+0000][1][safepoint    ] Safepoint "RevokeBias", Time since last: 3541750 ns, Reaching safepoint: 461084 ns, At safepoint: 224875 ns, Total: 685959 ns
[2022-09-03T23:48:51.418+0000][1][safepoint    ] Safepoint "RevokeBias", Time since last: 1648083 ns, Reaching safepoint: 366375 ns, At safepoint: 156667 ns, Total: 523042 ns
[2022-09-03T23:48:51.420+0000][1][safepoint    ] Safepoint "RevokeBias", Time since last: 1516541 ns, Reaching safepoint: 340334 ns, At safepoint: 144583 ns, Total: 484917 ns
[2022-09-03T23:48:51.421+0000][1][safepoint    ] Safepoint "RevokeBias", Time since last: 1435208 ns, Reaching safepoint: 286042 ns, At safepoint: 136792 ns, Total: 422834 ns
[2022-09-03T23:48:51.423+0000][1][safepoint    ] Safepoint "RevokeBias", Time since last: 1385708 ns, Reaching safepoint: 159750 ns, At safepoint: 136125 ns, Total: 295875 ns
[2022-09-03T23:48:51.425+0000][1][safepoint    ] Safepoint "RevokeBias", Time since last: 1694333 ns, Reaching safepoint: 152875 ns, At safepoint: 177667 ns, Total: 330542 ns
[2022-09-03T23:48:51.427+0000][1][safepoint    ] Safepoint "RevokeBias", Time since last: 1401042 ns, Reaching safepoint: 139500 ns, At safepoint: 133250 ns, Total: 272750 ns
[2022-09-03T23:48:51.431+0000][1][safepoint    ] Safepoint "BulkRevokeBias", Time since last: 1165750 ns, Reaching safepoint: 243250 ns, At safepoint: 2945750 ns, Total: 3189000 ns
[2022-09-03T23:48:51.437+0000][1][safepoint    ] Safepoint "RevokeBias", Time since last: 4954541 ns, Reaching safepoint: 279667 ns, At safepoint: 157000 ns, Total: 436667 ns
[2022-09-03T23:48:51.442+0000][1][safepoint    ] Safepoint "RevokeBias", Time since last: 4187958 ns, Reaching safepoint: 1259667 ns, At safepoint: 171167 ns, Total: 1430834 ns
[2022-09-03T23:48:51.448+0000][1][safepoint    ] Safepoint "RevokeBias", Time since last: 3846750 ns, Reaching safepoint: 1263125 ns, At safepoint: 542958 ns, Total: 1806083 ns
[2022-09-03T23:48:51.451+0000][1][safepoint    ] Safepoint "RevokeBias", Time since last: 1894792 ns, Reaching safepoint: 888000 ns, At safepoint: 280666 ns, Total: 1168666 ns
[2022-09-03T23:48:51.459+0000][1][safepoint    ] Safepoint "RevokeBias", Time since last: 6810625 ns, Reaching safepoint: 630375 ns, At safepoint: 210459 ns, Total: 840834 ns
[2022-09-03T23:48:51.472+0000][1][safepoint    ] Safepoint "RevokeBias", Time since last: 11520416 ns, Reaching safepoint: 1388875 ns, At safepoint: 205750 ns, Total: 1594625 ns
[2022-09-03T23:48:51.475+0000][1][safepoint    ] Safepoint "RevokeBias", Time since last: 2638959 ns, Reaching safepoint: 609916 ns, At safepoint: 193750 ns, Total: 803666 ns
[2022-09-03T23:48:51.480+0000][1][safepoint    ] Safepoint "RevokeBias", Time since last: 4531584 ns, Reaching safepoint: 481041 ns, At safepoint: 386250 ns, Total: 867291 ns
[2022-09-03T23:48:51.486+0000][1][safepoint    ] Safepoint "RevokeBias", Time since last: 4815917 ns, Reaching safepoint: 504875 ns, At safepoint: 195500 ns, Total: 700375 ns
[2022-09-03T23:48:51.488+0000][1][safepoint    ] Safepoint "RevokeBias", Time since last: 1092292 ns, Reaching safepoint: 1213375 ns, At safepoint: 167458 ns, Total: 1380833 ns
[2022-09-03T23:48:51.491+0000][1][safepoint    ] Safepoint "RevokeBias", Time since last: 1950417 ns, Reaching safepoint: 243000 ns, At safepoint: 169958 ns, Total: 412958 ns
[2022-09-03T23:48:51.495+0000][1][safepoint    ] Safepoint "RevokeBias", Time since last: 2898167 ns, Reaching safepoint: 657541 ns, At safepoint: 121417 ns, Total: 778958 ns
[2022-09-03T23:48:51.509+0000][1][safepoint    ] Safepoint "RevokeBias", Time since last: 13195917 ns, Reaching safepoint: 710333 ns, At safepoint: 266042 ns, Total: 976375 ns
[2022-09-03T23:48:51.530+0000][1][safepoint    ] Safepoint "RevokeBias", Time since last: 18806750 ns, Reaching safepoint: 2193500 ns, At safepoint: 207291 ns, Total: 2400791 ns
[2022-09-03T23:48:51.540+0000][1][safepoint    ] Safepoint "RevokeBias", Time since last: 9398750 ns, Reaching safepoint: 942417 ns, At safepoint: 171500 ns, Total: 1113917 ns
[2022-09-03T23:48:51.546+0000][1][safepoint    ] Safepoint "RevokeBias", Time since last: 4727542 ns, Reaching safepoint: 1204916 ns, At safepoint: 121167 ns, Total: 1326083 ns
[2022-09-03T23:48:51.559+0000][1][safepoint    ] Safepoint "RevokeBias", Time since last: 11552417 ns, Reaching safepoint: 940541 ns, At safepoint: 199917 ns, Total: 1140458 ns
[2022-09-03T23:48:51.688+0000][1][safepoint    ] Safepoint "RevokeBias", Time since last: 127623292 ns, Reaching safepoint: 774166 ns, At safepoint: 219917 ns, Total: 994083 ns
[2022-09-03T23:48:51.691+0000][1][safepoint    ] Safepoint "RevokeBias", Time since last: 2157375 ns, Reaching safepoint: 798500 ns, At safepoint: 179667 ns, Total: 978167 ns
[2022-09-03T23:48:51.714+0000][1][safepoint    ] Safepoint "RevokeBias", Time since last: 22173166 ns, Reaching safepoint: 834959 ns, At safepoint: 169791 ns, Total: 1004750 ns
[2022-09-03T23:48:52.491+0000][1][safepoint    ] Safepoint "RevokeBias", Time since last: 776406417 ns, Reaching safepoint: 648417 ns, At safepoint: 112083 ns, Total: 760500 ns
[2022-09-03T23:48:52.495+0000][1][safepoint    ] Safepoint "RevokeBias", Time since last: 3277917 ns, Reaching safepoint: 165833 ns, At safepoint: 61042 ns, Total: 226875 ns
[2022-09-03T23:48:52.498+0000][1][safepoint    ] Safepoint "RevokeBias", Time since last: 2539333 ns, Reaching safepoint: 145417 ns, At safepoint: 76750 ns, Total: 222167 ns
[2022-09-03T23:48:53.500+0000][1][safepoint    ] Safepoint "Cleanup", Time since last: 1001048959 ns, Reaching safepoint: 1648542 ns, At safepoint: 46666 ns, Total: 1695208 ns
[2022-09-03T23:48:54.476+0000][1][gc,start     ] GC(13) Pause Young (Allocation Failure)
[2022-09-03T23:48:54.480+0000][1][gc,task      ] GC(13) Using 4 workers of 4 for evacuation
[2022-09-03T23:48:54.616+0000][1][gc,age       ] GC(13) Desired survivor size 8945664 bytes, new threshold 6 (max threshold 6)
[2022-09-03T23:48:54.618+0000][1][gc,age       ] GC(13) Age table with threshold 6 (max threshold 6)
[2022-09-03T23:48:54.619+0000][1][gc,age       ] GC(13) - age   1:    3880432 bytes,    3880432 total
[2022-09-03T23:48:54.620+0000][1][gc,age       ] GC(13) - age   2:    4277720 bytes,    8158152 total
[2022-09-03T23:48:54.623+0000][1][gc,heap      ] GC(13) ParNew: 155035K->13803K(157248K)
[2022-09-03T23:48:54.624+0000][1][gc,heap      ] GC(13) CMS: 40180K->48305K(349568K)
[2022-09-03T23:48:54.626+0000][1][gc,metaspace ] GC(13) Metaspace: 55531K->55531K(1099776K)
[2022-09-03T23:48:54.628+0000][1][gc           ] GC(13) Pause Young (Allocation Failure) 190M->60M(494M) 151.765ms
[2022-09-03T23:48:54.629+0000][1][gc,cpu       ] GC(13) User=0.46s Sys=0.02s Real=0.15s
[2022-09-03T23:48:54.631+0000][1][safepoint    ] Safepoint "GenCollectForAllocation", Time since last: 974698376 ns, Reaching safepoint: 565666 ns, At safepoint: 154980459 ns, Total: 155546125 ns
[2022-09-03T23:48:54.643+0000][1][safepoint    ] Safepoint "RevokeBias", Time since last: 12040000 ns, Reaching safepoint: 276708 ns, At safepoint: 86833 ns, Total: 363541 ns
[2022-09-03T23:48:55.647+0000][1][safepoint    ] Safepoint "Cleanup", Time since last: 1001456209 ns, Reaching safepoint: 2330459 ns, At safepoint: 24541 ns, Total: 2355000 ns
[2022-09-03T23:48:56.655+0000][1][safepoint    ] Safepoint "Cleanup", Time since last: 1002061917 ns, Reaching safepoint: 5845625 ns, At safepoint: 70250 ns, Total: 5915875 ns
[2022-09-03T23:48:57.122+0000][1][safepoint    ] Safepoint "RevokeBias", Time since last: 465819959 ns, Reaching safepoint: 738958 ns, At safepoint: 762042 ns, Total: 1501000 ns
[2022-09-03T23:48:57.126+0000][1][safepoint    ] Safepoint "RevokeBias", Time since last: 3302875 ns, Reaching safepoint: 759583 ns, At safepoint: 390584 ns, Total: 1150167 ns
[2022-09-03T23:48:57.133+0000][1][safepoint    ] Safepoint "RevokeBias", Time since last: 6049625 ns, Reaching safepoint: 223416 ns, At safepoint: 197292 ns, Total: 420708 ns
[2022-09-03T23:48:57.165+0000][1][safepoint    ] Safepoint "RevokeBias", Time since last: 29161875 ns, Reaching safepoint: 1307083 ns, At safepoint: 1207125 ns, Total: 2514208 ns
[2022-09-03T23:48:58.168+0000][1][safepoint    ] Safepoint "Cleanup", Time since last: 1001320459 ns, Reaching safepoint: 1698500 ns, At safepoint: 20458 ns, Total: 1718958 ns
[2022-09-03T23:48:58.896+0000][1][safepoint    ] Safepoint "RevokeBias", Time since last: 725906001 ns, Reaching safepoint: 1847583 ns, At safepoint: 256500 ns, Total: 2104083 ns
[2022-09-03T23:48:59.486+0000][1][safepoint    ] Safepoint "Deoptimize", Time since last: 587065334 ns, Reaching safepoint: 645458 ns, At safepoint: 2631042 ns, Total: 3276500 ns
[2022-09-03T23:48:59.794+0000][1][safepoint    ] Safepoint "RevokeBias", Time since last: 306457375 ns, Reaching safepoint: 592000 ns, At safepoint: 460417 ns, Total: 1052417 ns
[2022-09-03T23:48:59.798+0000][1][safepoint    ] Safepoint "RevokeBias", Time since last: 3151333 ns, Reaching safepoint: 1253708 ns, At safepoint: 232750 ns, Total: 1486458 ns
[2022-09-03T23:48:59.803+0000][1][safepoint    ] Safepoint "RevokeBias", Time since last: 3249959 ns, Reaching safepoint: 1020833 ns, At safepoint: 247542 ns, Total: 1268375 ns
[2022-09-03T23:48:59.811+0000][1][safepoint    ] Safepoint "RevokeBias", Time since last: 5024583 ns, Reaching safepoint: 1210417 ns, At safepoint: 983750 ns, Total: 2194167 ns
[2022-09-03T23:48:59.816+0000][1][safepoint    ] Safepoint "RevokeBias", Time since last: 5118083 ns, Reaching safepoint: 839333 ns, At safepoint: 464167 ns, Total: 1303500 ns
[2022-09-03T23:49:00.050+0000][1][safepoint    ] Safepoint "CollectForMetadataAllocation", Time since last: 230101625 ns, Reaching safepoint: 2259542 ns, At safepoint: 1740500 ns, Total: 4000042 ns
[2022-09-03T23:49:00.322+0000][1][safepoint    ] Safepoint "CollectForMetadataAllocation", Time since last: 270322750 ns, Reaching safepoint: 608583 ns, At safepoint: 329459 ns, Total: 938042 ns
[2022-09-03T23:49:00.543+0000][1][safepoint    ] Safepoint "RevokeBias", Time since last: 220253250 ns, Reaching safepoint: 1035916 ns, At safepoint: 275625 ns, Total: 1311541 ns
[2022-09-03T23:49:00.546+0000][1][safepoint    ] Safepoint "RevokeBias", Time since last: 2349459 ns, Reaching safepoint: 268625 ns, At safepoint: 102208 ns, Total: 370833 ns
[2022-09-03T23:49:00.549+0000][1][safepoint    ] Safepoint "RevokeBias", Time since last: 2609875 ns, Reaching safepoint: 423458 ns, At safepoint: 70125 ns, Total: 493583 ns
[2022-09-03T23:49:00.556+0000][1][safepoint    ] Safepoint "RevokeBias", Time since last: 5557875 ns, Reaching safepoint: 714709 ns, At safepoint: 633166 ns, Total: 1347875 ns
[2022-09-03T23:49:00.560+0000][1][safepoint    ] Safepoint "RevokeBias", Time since last: 3645584 ns, Reaching safepoint: 397375 ns, At safepoint: 253791 ns, Total: 651166 ns
[2022-09-03T23:49:00.564+0000][1][safepoint    ] Safepoint "RevokeBias", Time since last: 3278917 ns, Reaching safepoint: 201583 ns, At safepoint: 81125 ns, Total: 282708 ns
[2022-09-03T23:49:00.568+0000][1][safepoint    ] Safepoint "RevokeBias", Time since last: 3234625 ns, Reaching safepoint: 571792 ns, At safepoint: 112833 ns, Total: 684625 ns
[2022-09-03T23:49:00.634+0000][1][gc,start     ] GC(14) Pause Initial Mark
[2022-09-03T23:49:00.854+0000][1][gc           ] GC(14) Pause Initial Mark 135M->135M(494M) 220.203ms
[2022-09-03T23:49:00.857+0000][1][gc,cpu       ] GC(14) User=0.60s Sys=0.04s Real=0.22s
[2022-09-03T23:49:00.859+0000][1][safepoint    ] Safepoint "CMS_Initial_Mark", Time since last: 64235000 ns, Reaching safepoint: 1407500 ns, At safepoint: 225607917 ns, Total: 227015417 ns
[2022-09-03T23:49:00.863+0000][1][gc           ] GC(14) Concurrent Mark
[2022-09-03T23:49:01.160+0000][1][safepoint    ] Safepoint "RevokeBias", Time since last: 298034917 ns, Reaching safepoint: 2752542 ns, At safepoint: 661750 ns, Total: 3414292 ns
[2022-09-03T23:49:01.734+0000][1][safepoint    ] Safepoint "CollectForMetadataAllocation", Time since last: 570951208 ns, Reaching safepoint: 1902209 ns, At safepoint: 314041 ns, Total: 2216250 ns
[2022-09-03T23:49:02.442+0000][1][gc           ] GC(14) Concurrent Mark 1578.399ms
[2022-09-03T23:49:02.452+0000][1][gc,cpu       ] GC(14) User=3.78s Sys=0.39s Real=1.58s
[2022-09-03T23:49:02.453+0000][1][gc           ] GC(14) Concurrent Preclean
[2022-09-03T23:49:02.487+0000][1][gc           ] GC(14) Concurrent Preclean 33.429ms
[2022-09-03T23:49:02.489+0000][1][gc,cpu       ] GC(14) User=0.09s Sys=0.01s Real=0.03s
[2022-09-03T23:49:02.490+0000][1][gc           ] GC(14) Concurrent Abortable Preclean
[2022-09-03T23:49:02.497+0000][1][safepoint    ] Safepoint "CollectForMetadataAllocation", Time since last: 760113584 ns, Reaching safepoint: 1902458 ns, At safepoint: 924167 ns, Total: 2826625 ns
[2022-09-03T23:49:03.500+0000][1][safepoint    ] Safepoint "Cleanup", Time since last: 1001238334 ns, Reaching safepoint: 2590666 ns, At safepoint: 20000 ns, Total: 2610666 ns
[2022-09-03T23:49:04.375+0000][1][safepoint    ] Safepoint "CollectForMetadataAllocation", Time since last: 873374584 ns, Reaching safepoint: 624167 ns, At safepoint: 134166 ns, Total: 758333 ns
[2022-09-03T23:49:04.613+0000][1][safepoint    ] Safepoint "CollectForMetadataAllocation", Time since last: 238045501 ns, Reaching safepoint: 443500 ns, At safepoint: 312958 ns, Total: 756458 ns
[2022-09-03T23:49:05.025+0000][1][safepoint    ] Safepoint "CollectForMetadataAllocation", Time since last: 410264000 ns, Reaching safepoint: 489208 ns, At safepoint: 647167 ns, Total: 1136375 ns
[2022-09-03T23:49:05.684+0000][1][safepoint    ] Safepoint "CollectForMetadataAllocation", Time since last: 658257709 ns, Reaching safepoint: 722833 ns, At safepoint: 152875 ns, Total: 875708 ns
[2022-09-03T23:49:05.925+0000][1][safepoint    ] Safepoint "CollectForMetadataAllocation", Time since last: 239963584 ns, Reaching safepoint: 605083 ns, At safepoint: 153708 ns, Total: 758791 ns
[2022-09-03T23:49:06.108+0000][1][safepoint    ] Safepoint "CollectForMetadataAllocation", Time since last: 181874834 ns, Reaching safepoint: 1491208 ns, At safepoint: 365292 ns, Total: 1856500 ns
[2022-09-03T23:49:06.676+0000][1][safepoint    ] Safepoint "CollectForMetadataAllocation", Time since last: 567088625 ns, Reaching safepoint: 605958 ns, At safepoint: 254375 ns, Total: 860333 ns
[2022-09-03T23:49:06.862+0000][1][safepoint    ] Safepoint "RevokeBias", Time since last: 185155584 ns, Reaching safepoint: 431041 ns, At safepoint: 68000 ns, Total: 499041 ns
[2022-09-03T23:49:06.974+0000][1][safepoint    ] Safepoint "CollectForMetadataAllocation", Time since last: 111494959 ns, Reaching safepoint: 293250 ns, At safepoint: 141458 ns, Total: 434708 ns
[2022-09-03T23:49:07.207+0000][1][safepoint    ] Safepoint "CollectForMetadataAllocation", Time since last: 232020000 ns, Reaching safepoint: 616125 ns, At safepoint: 185458 ns, Total: 801583 ns
[2022-09-03T23:49:07.473+0000][1][safepoint    ] Safepoint "CollectForMetadataAllocation", Time since last: 264937834 ns, Reaching safepoint: 858542 ns, At safepoint: 161875 ns, Total: 1020417 ns
[2022-09-03T23:49:07.491+0000][1][safepoint    ] Safepoint "BulkRevokeBias", Time since last: 15314458 ns, Reaching safepoint: 1672167 ns, At safepoint: 1005458 ns, Total: 2677625 ns
[2022-09-03T23:49:07.702+0000][1][safepoint    ] Safepoint "CollectForMetadataAllocation", Time since last: 211145917 ns, Reaching safepoint: 315291 ns, At safepoint: 269125 ns, Total: 584416 ns
[2022-09-03T23:49:07.791+0000][1][safepoint    ] Safepoint "CollectForMetadataAllocation", Time since last: 86633250 ns, Reaching safepoint: 1092834 ns, At safepoint: 397333 ns, Total: 1490167 ns
[2022-09-03T23:49:07.864+0000][1][safepoint    ] Safepoint "CollectForMetadataAllocation", Time since last: 72380000 ns, Reaching safepoint: 422917 ns, At safepoint: 264708 ns, Total: 687625 ns
[2022-09-03T23:49:07.878+0000][1][safepoint    ] Safepoint "Deoptimize", Time since last: 12161083 ns, Reaching safepoint: 736875 ns, At safepoint: 1813292 ns, Total: 2550167 ns
[2022-09-03T23:49:07.902+0000][1][gc           ] GC(14) Concurrent Abortable Preclean 5412.472ms
[2022-09-03T23:49:07.904+0000][1][gc,cpu       ] GC(14) User=12.71s Sys=1.31s Real=5.42s
[2022-09-03T23:49:07.908+0000][1][gc,start     ] GC(14) Pause Remark
[2022-09-03T23:49:08.273+0000][1][gc           ] GC(14) Pause Remark 179M->179M(494M) 365.279ms
[2022-09-03T23:49:08.275+0000][1][gc,cpu       ] GC(14) User=0.82s Sys=0.08s Real=0.37s
[2022-09-03T23:49:08.277+0000][1][safepoint    ] Safepoint "CMS_Final_Remark", Time since last: 27496125 ns, Reaching safepoint: 1523875 ns, At safepoint: 369615000 ns, Total: 371138875 ns
[2022-09-03T23:49:08.282+0000][1][gc           ] GC(14) Concurrent Sweep
[2022-09-03T23:49:08.381+0000][1][safepoint    ] Safepoint "RevokeBias", Time since last: 99680334 ns, Reaching safepoint: 4354916 ns, At safepoint: 155625 ns, Total: 4510541 ns
[2022-09-03T23:49:08.384+0000][1][safepoint    ] Safepoint "RevokeBias", Time since last: 2421459 ns, Reaching safepoint: 573416 ns, At safepoint: 276959 ns, Total: 850375 ns
[2022-09-03T23:49:08.389+0000][1][safepoint    ] Safepoint "RevokeBias", Time since last: 1607166 ns, Reaching safepoint: 2622917 ns, At safepoint: 460708 ns, Total: 3083625 ns
[2022-09-03T23:49:08.395+0000][1][safepoint    ] Safepoint "RevokeBias", Time since last: 3498334 ns, Reaching safepoint: 1520458 ns, At safepoint: 539667 ns, Total: 2060125 ns
[2022-09-03T23:49:08.399+0000][1][safepoint    ] Safepoint "RevokeBias", Time since last: 2426791 ns, Reaching safepoint: 1774625 ns, At safepoint: 509125 ns, Total: 2283750 ns
[2022-09-03T23:49:08.403+0000][1][safepoint    ] Safepoint "RevokeBias", Time since last: 1783542 ns, Reaching safepoint: 1656083 ns, At safepoint: 201625 ns, Total: 1857708 ns
[2022-09-03T23:49:08.419+0000][1][safepoint    ] Safepoint "RevokeBias", Time since last: 9304459 ns, Reaching safepoint: 6473833 ns, At safepoint: 137000 ns, Total: 6610833 ns
[2022-09-03T23:49:08.424+0000][1][safepoint    ] Safepoint "RevokeBias", Time since last: 1847542 ns, Reaching safepoint: 2866208 ns, At safepoint: 296417 ns, Total: 3162625 ns
[2022-09-03T23:49:08.456+0000][1][safepoint    ] Safepoint "BulkRevokeBias", Time since last: 30114416 ns, Reaching safepoint: 1326917 ns, At safepoint: 769250 ns, Total: 2096167 ns
[2022-09-03T23:49:08.550+0000][1][gc           ] GC(14) Concurrent Sweep 267.881ms
[2022-09-03T23:49:08.556+0000][1][gc,cpu       ] GC(14) User=0.64s Sys=0.05s Real=0.28s
[2022-09-03T23:49:08.560+0000][1][gc           ] GC(14) Concurrent Reset
[2022-09-03T23:49:08.563+0000][1][gc           ] GC(14) Concurrent Reset 3.069ms
[2022-09-03T23:49:08.565+0000][1][gc,cpu       ] GC(14) User=0.01s Sys=0.00s Real=0.01s
[2022-09-03T23:49:08.569+0000][1][gc,heap      ] GC(14) Old: 48305K->47985K(349568K)
[2022-09-03T23:49:09.269+0000][1][safepoint    ] Safepoint "RevokeBias", Time since last: 812011584 ns, Reaching safepoint: 822458 ns, At safepoint: 203833 ns, Total: 1026291 ns
[2022-09-03T23:49:09.280+0000][1][safepoint    ] Safepoint "RevokeBias", Time since last: 10371417 ns, Reaching safepoint: 375875 ns, At safepoint: 205792 ns, Total: 581667 ns
[2022-09-03T23:49:09.299+0000][1][safepoint    ] Safepoint "RevokeBias", Time since last: 18022333 ns, Reaching safepoint: 375333 ns, At safepoint: 204042 ns, Total: 579375 ns
[2022-09-03T23:49:09.316+0000][1][safepoint    ] Safepoint "RevokeBias", Time since last: 15753542 ns, Reaching safepoint: 1558750 ns, At safepoint: 405541 ns, Total: 1964291 ns
[2022-09-03T23:49:09.320+0000][1][safepoint    ] Safepoint "RevokeBias", Time since last: 2395125 ns, Reaching safepoint: 586459 ns, At safepoint: 334666 ns, Total: 921125 ns
[2022-09-03T23:49:09.325+0000][1][safepoint    ] Safepoint "RevokeBias", Time since last: 4256542 ns, Reaching safepoint: 184292 ns, At safepoint: 267416 ns, Total: 451708 ns
[2022-09-03T23:49:09.329+0000][1][safepoint    ] Safepoint "RevokeBias", Time since last: 4403792 ns, Reaching safepoint: 297583 ns, At safepoint: 272917 ns, Total: 570500 ns
[2022-09-03T23:49:09.333+0000][1][safepoint    ] Safepoint "RevokeBias", Time since last: 2548292 ns, Reaching safepoint: 580000 ns, At safepoint: 235166 ns, Total: 815166 ns
[2022-09-03T23:49:09.342+0000][1][safepoint    ] Safepoint "RevokeBias", Time since last: 8639084 ns, Reaching safepoint: 197750 ns, At safepoint: 166083 ns, Total: 363833 ns
[2022-09-03T23:49:09.352+0000][1][safepoint    ] Safepoint "RevokeBias", Time since last: 9313667 ns, Reaching safepoint: 567125 ns, At safepoint: 194833 ns, Total: 761958 ns
[2022-09-03T23:49:09.357+0000][1][safepoint    ] Safepoint "RevokeBias", Time since last: 3944542 ns, Reaching safepoint: 313625 ns, At safepoint: 403500 ns, Total: 717125 ns
[2022-09-03T23:49:09.414+0000][1][safepoint    ] Safepoint "Deoptimize", Time since last: 51636417 ns, Reaching safepoint: 3642250 ns, At safepoint: 2237625 ns, Total: 5879875 ns
[2022-09-03T23:49:10.420+0000][1][safepoint    ] Safepoint "Cleanup", Time since last: 1002457250 ns, Reaching safepoint: 3434375 ns, At safepoint: 22583 ns, Total: 3456958 ns
[2022-09-03T23:49:11.147+0000][1][safepoint    ] Safepoint "Deoptimize", Time since last: 724962167 ns, Reaching safepoint: 702084 ns, At safepoint: 1479333 ns, Total: 2181417 ns
[2022-09-03T23:49:11.588+0000][1][gc,start     ] GC(15) Pause Young (Allocation Failure)
[2022-09-03T23:49:11.590+0000][1][gc,task      ] GC(15) Using 4 workers of 4 for evacuation
[2022-09-03T23:49:11.698+0000][1][gc,age       ] GC(15) Desired survivor size 8945664 bytes, new threshold 2 (max threshold 6)
[2022-09-03T23:49:11.700+0000][1][gc,age       ] GC(15) Age table with threshold 2 (max threshold 6)
[2022-09-03T23:49:11.701+0000][1][gc,age       ] GC(15) - age   1:    5614776 bytes,    5614776 total
[2022-09-03T23:49:11.702+0000][1][gc,age       ] GC(15) - age   2:    3751880 bytes,    9366656 total
[2022-09-03T23:49:11.703+0000][1][gc,age       ] GC(15) - age   3:    4221040 bytes,   13587696 total
[2022-09-03T23:49:11.704+0000][1][gc,heap      ] GC(15) ParNew: 153579K->15807K(157248K)
[2022-09-03T23:49:11.705+0000][1][gc,heap      ] GC(15) CMS: 47985K->47985K(349568K)
[2022-09-03T23:49:11.706+0000][1][gc,metaspace ] GC(15) Metaspace: 69675K->69675K(1114112K)
[2022-09-03T23:49:11.708+0000][1][gc           ] GC(15) Pause Young (Allocation Failure) 196M->62M(494M) 119.894ms
[2022-09-03T23:49:11.709+0000][1][gc,cpu       ] GC(15) User=0.39s Sys=0.01s Real=0.12s
[2022-09-03T23:49:11.710+0000][1][safepoint    ] Safepoint "GenCollectForAllocation", Time since last: 439816042 ns, Reaching safepoint: 808458 ns, At safepoint: 122129167 ns, Total: 122937625 ns
[2022-09-03T23:49:11.872+0000][1][safepoint    ] Safepoint "RevokeBias", Time since last: 161673000 ns, Reaching safepoint: 571500 ns, At safepoint: 273792 ns, Total: 845292 ns
[2022-09-03T23:49:11.881+0000][1][safepoint    ] Safepoint "RevokeBias", Time since last: 8067500 ns, Reaching safepoint: 521750 ns, At safepoint: 74666 ns, Total: 596416 ns
[2022-09-03T23:49:11.887+0000][1][safepoint    ] Safepoint "RevokeBias", Time since last: 5581709 ns, Reaching safepoint: 414666 ns, At safepoint: 257709 ns, Total: 672375 ns
[2022-09-03T23:49:11.890+0000][1][safepoint    ] Safepoint "RevokeBias", Time since last: 2245875 ns, Reaching safepoint: 631125 ns, At safepoint: 303750 ns, Total: 934875 ns
[2022-09-03T23:49:11.903+0000][1][safepoint    ] Safepoint "RevokeBias", Time since last: 11677250 ns, Reaching safepoint: 661416 ns, At safepoint: 148250 ns, Total: 809666 ns
[2022-09-03T23:49:11.906+0000][1][safepoint    ] Safepoint "RevokeBias", Time since last: 2612875 ns, Reaching safepoint: 355167 ns, At safepoint: 157875 ns, Total: 513042 ns
[2022-09-03T23:49:11.908+0000][1][safepoint    ] Safepoint "RevokeBias", Time since last: 1141333 ns, Reaching safepoint: 847875 ns, At safepoint: 203792 ns, Total: 1051667 ns
[2022-09-03T23:49:11.915+0000][1][safepoint    ] Safepoint "RevokeBias", Time since last: 6613458 ns, Reaching safepoint: 356167 ns, At safepoint: 113000 ns, Total: 469167 ns
[2022-09-03T23:49:11.918+0000][1][safepoint    ] Safepoint "RevokeBias", Time since last: 1930875 ns, Reaching safepoint: 517792 ns, At safepoint: 99791 ns, Total: 617583 ns
[2022-09-03T23:49:11.920+0000][1][safepoint    ] Safepoint "RevokeBias", Time since last: 1792334 ns, Reaching safepoint: 518583 ns, At safepoint: 91250 ns, Total: 609833 ns
[2022-09-03T23:49:11.928+0000][1][safepoint    ] Safepoint "RevokeBias", Time since last: 7460667 ns, Reaching safepoint: 324833 ns, At safepoint: 195708 ns, Total: 520541 ns
[2022-09-03T23:49:11.933+0000][1][safepoint    ] Safepoint "RevokeBias", Time since last: 4671625 ns, Reaching safepoint: 299750 ns, At safepoint: 89250 ns, Total: 389000 ns
[2022-09-03T23:49:11.936+0000][1][safepoint    ] Safepoint "RevokeBias", Time since last: 1726375 ns, Reaching safepoint: 371292 ns, At safepoint: 81708 ns, Total: 453000 ns
[2022-09-03T23:49:12.063+0000][1][safepoint    ] Safepoint "RevokeBias", Time since last: 127184042 ns, Reaching safepoint: 398708 ns, At safepoint: 132084 ns, Total: 530792 ns
[2022-09-03T23:49:12.081+0000][1][safepoint    ] Safepoint "RevokeBias", Time since last: 17765041 ns, Reaching safepoint: 348459 ns, At safepoint: 94166 ns, Total: 442625 ns
[2022-09-03T23:49:12.113+0000][1][safepoint    ] Safepoint "RevokeBias", Time since last: 30721375 ns, Reaching safepoint: 401959 ns, At safepoint: 70208 ns, Total: 472167 ns
[2022-09-03T23:49:12.126+0000][1][safepoint    ] Safepoint "RevokeBias", Time since last: 12413250 ns, Reaching safepoint: 393667 ns, At safepoint: 76791 ns, Total: 470458 ns
[2022-09-03T23:49:12.139+0000][1][safepoint    ] Safepoint "RevokeBias", Time since last: 13399417 ns, Reaching safepoint: 242125 ns, At safepoint: 128375 ns, Total: 370500 ns
[2022-09-03T23:49:12.142+0000][1][safepoint    ] Safepoint "RevokeBias", Time since last: 2855875 ns, Reaching safepoint: 193125 ns, At safepoint: 88625 ns, Total: 281750 ns
[2022-09-03T23:49:12.144+0000][1][safepoint    ] Safepoint "RevokeBias", Time since last: 1208833 ns, Reaching safepoint: 108334 ns, At safepoint: 76625 ns, Total: 184959 ns
[2022-09-03T23:49:12.145+0000][1][safepoint    ] Safepoint "RevokeBias", Time since last: 1043500 ns, Reaching safepoint: 171500 ns, At safepoint: 245458 ns, Total: 416958 ns
[2022-09-03T23:49:12.214+0000][1][safepoint    ] Safepoint "RevokeBias", Time since last: 67616792 ns, Reaching safepoint: 621500 ns, At safepoint: 245458 ns, Total: 866958 ns
[2022-09-03T23:49:12.217+0000][1][safepoint    ] Safepoint "RevokeBias", Time since last: 2628250 ns, Reaching safepoint: 362250 ns, At safepoint: 170542 ns, Total: 532792 ns
[2022-09-03T23:49:12.253+0000][1][safepoint    ] Safepoint "RevokeBias", Time since last: 35813125 ns, Reaching safepoint: 404917 ns, At safepoint: 132750 ns, Total: 537667 ns
[2022-09-03T23:49:12.280+0000][1][safepoint    ] Safepoint "RevokeBias", Time since last: 26010750 ns, Reaching safepoint: 374583 ns, At safepoint: 94833 ns, Total: 469416 ns
[2022-09-03T23:49:12.331+0000][1][safepoint    ] Safepoint "RevokeBias", Time since last: 50597000 ns, Reaching safepoint: 312417 ns, At safepoint: 93292 ns, Total: 405709 ns
[2022-09-03T23:49:12.335+0000][1][safepoint    ] Safepoint "RevokeBias", Time since last: 4181041 ns, Reaching safepoint: 163875 ns, At safepoint: 209042 ns, Total: 372917 ns
[2022-09-03T23:49:12.337+0000][1][safepoint    ] Safepoint "RevokeBias", Time since last: 1587792 ns, Reaching safepoint: 200875 ns, At safepoint: 159791 ns, Total: 360666 ns
[2022-09-03T23:49:12.362+0000][1][safepoint    ] Safepoint "RevokeBias", Time since last: 24553417 ns, Reaching safepoint: 444167 ns, At safepoint: 101791 ns, Total: 545958 ns
[2022-09-03T23:49:12.365+0000][1][safepoint    ] Safepoint "RevokeBias", Time since last: 2419584 ns, Reaching safepoint: 300458 ns, At safepoint: 83125 ns, Total: 383583 ns
[2022-09-03T23:49:12.407+0000][1][safepoint    ] Safepoint "RevokeBias", Time since last: 41571042 ns, Reaching safepoint: 425416 ns, At safepoint: 226167 ns, Total: 651583 ns
[2022-09-03T23:49:12.410+0000][1][safepoint    ] Safepoint "RevokeBias", Time since last: 2228042 ns, Reaching safepoint: 658666 ns, At safepoint: 92917 ns, Total: 751583 ns
[2022-09-03T23:49:12.449+0000][1][safepoint    ] Safepoint "RevokeBias", Time since last: 37787958 ns, Reaching safepoint: 400250 ns, At safepoint: 117000 ns, Total: 517250 ns
[2022-09-03T23:49:12.522+0000][1][safepoint    ] Safepoint "RevokeBias", Time since last: 72089625 ns, Reaching safepoint: 661834 ns, At safepoint: 110125 ns, Total: 771959 ns
[2022-09-03T23:49:12.594+0000][1][safepoint    ] Safepoint "RevokeBias", Time since last: 71441458 ns, Reaching safepoint: 875750 ns, At safepoint: 116750 ns, Total: 992500 ns
[2022-09-03T23:49:12.922+0000][1][safepoint    ] Safepoint "RevokeBias", Time since last: 327152292 ns, Reaching safepoint: 895500 ns, At safepoint: 143792 ns, Total: 1039292 ns
[2022-09-03T23:49:12.948+0000][1][safepoint    ] Safepoint "RevokeBias", Time since last: 24783541 ns, Reaching safepoint: 645042 ns, At safepoint: 134875 ns, Total: 779917 ns
[2022-09-03T23:49:12.960+0000][1][safepoint    ] Safepoint "RevokeBias", Time since last: 11128958 ns, Reaching safepoint: 596584 ns, At safepoint: 121250 ns, Total: 717834 ns
[2022-09-03T23:49:13.489+0000][1][safepoint    ] Safepoint "RevokeBias", Time since last: 505582041 ns, Reaching safepoint: 17158375 ns, At safepoint: 6071250 ns, Total: 23229625 ns
[2022-09-03T23:49:13.742+0000][1][safepoint    ] Safepoint "RevokeBias", Time since last: 252056001 ns, Reaching safepoint: 1055833 ns, At safepoint: 98000 ns, Total: 1153833 ns
[2022-09-03T23:49:13.745+0000][1][safepoint    ] Safepoint "RevokeBias", Time since last: 3192292 ns, Reaching safepoint: 261375 ns, At safepoint: 85333 ns, Total: 346708 ns
[2022-09-03T23:49:13.749+0000][1][safepoint    ] Safepoint "RevokeBias", Time since last: 3640000 ns, Reaching safepoint: 225708 ns, At safepoint: 58167 ns, Total: 283875 ns
[2022-09-03T23:49:13.807+0000][1][safepoint    ] Safepoint "RevokeBias", Time since last: 57871583 ns, Reaching safepoint: 440459 ns, At safepoint: 76583 ns, Total: 517042 ns
[2022-09-03T23:49:13.837+0000][1][safepoint    ] Safepoint "RevokeBias", Time since last: 28829583 ns, Reaching safepoint: 666834 ns, At safepoint: 108958 ns, Total: 775792 ns
[2022-09-03T23:49:13.841+0000][1][safepoint    ] Safepoint "RevokeBias", Time since last: 3905250 ns, Reaching safepoint: 324792 ns, At safepoint: 96916 ns, Total: 421708 ns
[2022-09-03T23:49:13.845+0000][1][safepoint    ] Safepoint "RevokeBias", Time since last: 3107292 ns, Reaching safepoint: 252875 ns, At safepoint: 86750 ns, Total: 339625 ns
[2022-09-03T23:49:13.918+0000][1][safepoint    ] Safepoint "RevokeBias", Time since last: 72905000 ns, Reaching safepoint: 560833 ns, At safepoint: 113250 ns, Total: 674083 ns
[2022-09-03T23:49:13.926+0000][1][safepoint    ] Safepoint "RevokeBias", Time since last: 7522792 ns, Reaching safepoint: 332125 ns, At safepoint: 134042 ns, Total: 466167 ns
[2022-09-03T23:49:13.929+0000][1][safepoint    ] Safepoint "RevokeBias", Time since last: 2409125 ns, Reaching safepoint: 467666 ns, At safepoint: 94917 ns, Total: 562583 ns
[2022-09-03T23:49:14.088+0000][1][safepoint    ] Safepoint "RevokeBias", Time since last: 152724292 ns, Reaching safepoint: 4476333 ns, At safepoint: 1252125 ns, Total: 5728458 ns
[2022-09-03T23:49:14.097+0000][1][safepoint    ] Safepoint "RevokeBias", Time since last: 5795333 ns, Reaching safepoint: 2880375 ns, At safepoint: 217667 ns, Total: 3098042 ns
[2022-09-03T23:49:14.108+0000][1][safepoint    ] Safepoint "RevokeBias", Time since last: 8754292 ns, Reaching safepoint: 1858041 ns, At safepoint: 193250 ns, Total: 2051291 ns
[2022-09-03T23:49:14.115+0000][1][safepoint    ] Safepoint "RevokeBias", Time since last: 4614459 ns, Reaching safepoint: 2917666 ns, At safepoint: 293375 ns, Total: 3211041 ns
[2022-09-03T23:49:14.121+0000][1][safepoint    ] Safepoint "RevokeBias", Time since last: 4200167 ns, Reaching safepoint: 1411000 ns, At safepoint: 437042 ns, Total: 1848042 ns
[2022-09-03T23:49:14.124+0000][1][safepoint    ] Safepoint "RevokeBias", Time since last: 1064541 ns, Reaching safepoint: 1327834 ns, At safepoint: 216833 ns, Total: 1544667 ns
[2022-09-03T23:49:14.141+0000][1][safepoint    ] Safepoint "RevokeBias", Time since last: 14726417 ns, Reaching safepoint: 2061666 ns, At safepoint: 95167 ns, Total: 2156833 ns
[2022-09-03T23:49:14.152+0000][1][safepoint    ] Safepoint "RevokeBias", Time since last: 7876000 ns, Reaching safepoint: 2667708 ns, At safepoint: 148625 ns, Total: 2816333 ns
[2022-09-03T23:49:14.172+0000][1][safepoint    ] Safepoint "RevokeBias", Time since last: 19384750 ns, Reaching safepoint: 1366250 ns, At safepoint: 164917 ns, Total: 1531167 ns
[2022-09-03T23:49:14.189+0000][1][safepoint    ] Safepoint "RevokeBias", Time since last: 15013292 ns, Reaching safepoint: 1402458 ns, At safepoint: 138792 ns, Total: 1541250 ns
[2022-09-03T23:49:14.199+0000][1][safepoint    ] Safepoint "RevokeBias", Time since last: 6235208 ns, Reaching safepoint: 3117000 ns, At safepoint: 245417 ns, Total: 3362417 ns
[2022-09-03T23:49:14.207+0000][1][safepoint    ] Safepoint "RevokeBias", Time since last: 5818083 ns, Reaching safepoint: 1687583 ns, At safepoint: 857084 ns, Total: 2544667 ns
[2022-09-03T23:49:14.228+0000][1][safepoint    ] Safepoint "BulkRevokeBias", Time since last: 16316166 ns, Reaching safepoint: 2023667 ns, At safepoint: 2189000 ns, Total: 4212667 ns
[2022-09-03T23:49:14.763+0000][1][safepoint    ] Safepoint "RevokeBias", Time since last: 532834834 ns, Reaching safepoint: 2308791 ns, At safepoint: 220792 ns, Total: 2529583 ns
[2022-09-03T23:49:15.009+0000][1][safepoint    ] Safepoint "RevokeBias", Time since last: 244644709 ns, Reaching safepoint: 1431666 ns, At safepoint: 496250 ns, Total: 1927916 ns
[2022-09-03T23:49:15.081+0000][1][safepoint    ] Safepoint "RevokeBias", Time since last: 70079792 ns, Reaching safepoint: 1170917 ns, At safepoint: 284958 ns, Total: 1455875 ns
[2022-09-03T23:49:15.351+0000][1][safepoint    ] Safepoint "RevokeBias", Time since last: 267414375 ns, Reaching safepoint: 1740542 ns, At safepoint: 980666 ns, Total: 2721208 ns
[2022-09-03T23:49:15.805+0000][1][safepoint    ] Safepoint "RevokeBias", Time since last: 451890209 ns, Reaching safepoint: 1782250 ns, At safepoint: 44833 ns, Total: 1827083 ns
[2022-09-03T23:49:15.819+0000][1][safepoint    ] Safepoint "RevokeBias", Time since last: 12528000 ns, Reaching safepoint: 1715209 ns, At safepoint: 48000 ns, Total: 1763209 ns
[2022-09-03T23:49:15.942+0000][1][safepoint    ] Safepoint "RevokeBias", Time since last: 121483375 ns, Reaching safepoint: 1693958 ns, At safepoint: 65875 ns, Total: 1759833 ns
[2022-09-03T23:49:16.153+0000][1][safepoint    ] Safepoint "RevokeBias", Time since last: 208419125 ns, Reaching safepoint: 1698583 ns, At safepoint: 43959 ns, Total: 1742542 ns
[2022-09-03T23:49:16.168+0000][1][safepoint    ] Safepoint "RevokeBias", Time since last: 12562875 ns, Reaching safepoint: 2805291 ns, At safepoint: 40125 ns, Total: 2845416 ns
[2022-09-03T23:49:16.178+0000][1][safepoint    ] Safepoint "RevokeBias", Time since last: 2960459 ns, Reaching safepoint: 7364291 ns, At safepoint: 60750 ns, Total: 7425041 ns
[2022-09-03T23:49:16.190+0000][1][safepoint    ] Safepoint "RevokeBias", Time since last: 8304042 ns, Reaching safepoint: 3040542 ns, At safepoint: 39333 ns, Total: 3079875 ns
[2022-09-03T23:49:16.198+0000][1][safepoint    ] Safepoint "RevokeBias", Time since last: 6250333 ns, Reaching safepoint: 1416584 ns, At safepoint: 148875 ns, Total: 1565459 ns
[2022-09-03T23:49:16.246+0000][1][safepoint    ] Safepoint "RevokeBias", Time since last: 47513958 ns, Reaching safepoint: 985625 ns, At safepoint: 39042 ns, Total: 1024667 ns
[2022-09-03T23:49:16.262+0000][1][safepoint    ] Safepoint "RevokeBias", Time since last: 15577250 ns, Reaching safepoint: 302875 ns, At safepoint: 33375 ns, Total: 336250 ns
[2022-09-03T23:49:16.305+0000][1][safepoint    ] Safepoint "RevokeBias", Time since last: 41931583 ns, Reaching safepoint: 780500 ns, At safepoint: 30417 ns, Total: 810917 ns
[2022-09-03T23:49:16.308+0000][1][safepoint    ] Safepoint "RevokeBias", Time since last: 2936666 ns, Reaching safepoint: 439209 ns, At safepoint: 29083 ns, Total: 468292 ns
[2022-09-03T23:49:16.639+0000][1][safepoint    ] Safepoint "Deoptimize", Time since last: 327933042 ns, Reaching safepoint: 665417 ns, At safepoint: 2604125 ns, Total: 3269542 ns
