[2022-09-04T00:55:53.680+0000][106][gc] Using Concurrent Mark Sweep
[2022-09-04T00:55:53.685+0000][106][gc,heap,coops] Heap address: 0x00000000e0000000, size: 512 MB, Compressed Oops mode: 32-bit
[2022-09-04T00:55:54.437+0000][106][safepoint    ] Safepoint "EnableBiasedLocking", Time since last: 535349667 ns, Reaching safepoint: 3784875 ns, At safepoint: 1176042 ns, Total: 4960917 ns
[2022-09-04T00:55:54.468+0000][106][gc,heap,exit ] Heap
[2022-09-04T00:55:54.470+0000][106][gc,heap,exit ]  par new generation   total 157248K, used 5591K [0x00000000e0000000, 0x00000000eaaa0000, 0x00000000eaaa0000)
[2022-09-04T00:55:54.472+0000][106][gc,heap,exit ]   eden space 139776K,   4% used [0x00000000e0000000, 0x00000000e0575da0, 0x00000000e8880000)
[2022-09-04T00:55:54.473+0000][106][gc,heap,exit ]   from space 17472K,   0% used [0x00000000e8880000, 0x00000000e8880000, 0x00000000e9990000)
[2022-09-04T00:55:54.475+0000][106][gc,heap,exit ]   to   space 17472K,   0% used [0x00000000e9990000, 0x00000000e9990000, 0x00000000eaaa0000)
[2022-09-04T00:55:54.476+0000][106][gc,heap,exit ]  concurrent mark-sweep generation total 349568K, used 0K [0x00000000eaaa0000, 0x0000000100000000, 0x0000000100000000)
[2022-09-04T00:55:54.477+0000][106][gc,heap,exit ]  Metaspace       used 160K, capacity 4480K, committed 4480K, reserved 1056768K
[2022-09-04T00:55:54.479+0000][106][gc,heap,exit ]   class space    used 7K, capacity 384K, committed 384K, reserved 1048576K
