[2022-09-04T00:12:07.307+0000][1][gc] Using Concurrent Mark Sweep
[2022-09-04T00:12:07.311+0000][1][gc,heap,coops] Heap address: 0x00000000e0000000, size: 512 MB, Compressed Oops mode: 32-bit
[2022-09-04T00:12:07.950+0000][1][safepoint    ] Safepoint "EnableBiasedLocking", Time since last: 472026833 ns, Reaching safepoint: 2477583 ns, At safepoint: 1019459 ns, Total: 3497042 ns
[2022-09-04T00:12:07.983+0000][1][safepoint    ] Safepoint "RevokeBias", Time since last: 31382250 ns, Reaching safepoint: 979416 ns, At safepoint: 1120042 ns, Total: 2099458 ns
[2022-09-04T00:12:08.154+0000][1][safepoint    ] Safepoint "Deoptimize", Time since last: 164478459 ns, Reaching safepoint: 2332416 ns, At safepoint: 3415250 ns, Total: 5747666 ns
[2022-09-04T00:12:08.899+0000][1][safepoint    ] Safepoint "Deoptimize", Time since last: 744309709 ns, Reaching safepoint: 1338792 ns, At safepoint: 194375 ns, Total: 1533167 ns
[2022-09-04T00:12:08.909+0000][1][safepoint    ] Safepoint "Deoptimize", Time since last: 8948166 ns, Reaching safepoint: 115000 ns, At safepoint: 143209 ns, Total: 258209 ns
[2022-09-04T00:12:09.098+0000][1][safepoint    ] Safepoint "Deoptimize", Time since last: 189286875 ns, Reaching safepoint: 298041 ns, At safepoint: 237209 ns, Total: 535250 ns
[2022-09-04T00:12:10.101+0000][1][safepoint    ] Safepoint "Cleanup", Time since last: 1001746625 ns, Reaching safepoint: 1099250 ns, At safepoint: 33833 ns, Total: 1133083 ns
[2022-09-04T00:12:11.075+0000][1][safepoint    ] Safepoint "Deoptimize", Time since last: 972081168 ns, Reaching safepoint: 759500 ns, At safepoint: 369625 ns, Total: 1129125 ns
[2022-09-04T00:12:11.443+0000][1][safepoint    ] Safepoint "Deoptimize", Time since last: 367307583 ns, Reaching safepoint: 739333 ns, At safepoint: 391375 ns, Total: 1130708 ns
[2022-09-04T00:12:12.446+0000][1][safepoint    ] Safepoint "Cleanup", Time since last: 1001933043 ns, Reaching safepoint: 1003333 ns, At safepoint: 13833 ns, Total: 1017166 ns
[2022-09-04T00:12:12.896+0000][1][safepoint    ] Safepoint "Deoptimize", Time since last: 449649209 ns, Reaching safepoint: 325083 ns, At safepoint: 439000 ns, Total: 764083 ns
[2022-09-04T00:12:13.315+0000][1][safepoint    ] Safepoint "Deoptimize", Time since last: 415993584 ns, Reaching safepoint: 1758791 ns, At safepoint: 1083167 ns, Total: 2841958 ns
[2022-09-04T00:12:14.318+0000][1][safepoint    ] Safepoint "Cleanup", Time since last: 1001855334 ns, Reaching safepoint: 745750 ns, At safepoint: 28083 ns, Total: 773833 ns
[2022-09-04T00:12:15.032+0000][1][safepoint    ] Safepoint "RevokeBias", Time since last: 713047084 ns, Reaching safepoint: 648625 ns, At safepoint: 566416 ns, Total: 1215041 ns
[2022-09-04T00:12:15.741+0000][1][safepoint    ] Safepoint "Deoptimize", Time since last: 707828126 ns, Reaching safepoint: 833666 ns, At safepoint: 550417 ns, Total: 1384083 ns
[2022-09-04T00:12:16.427+0000][1][safepoint    ] Safepoint "Deoptimize", Time since last: 684275875 ns, Reaching safepoint: 1120292 ns, At safepoint: 600625 ns, Total: 1720917 ns
[2022-09-04T00:12:16.430+0000][1][safepoint    ] Safepoint "Deoptimize", Time since last: 2070500 ns, Reaching safepoint: 153625 ns, At safepoint: 468250 ns, Total: 621875 ns
[2022-09-04T00:12:16.591+0000][1][safepoint    ] Safepoint "Deoptimize", Time since last: 160022750 ns, Reaching safepoint: 331875 ns, At safepoint: 631375 ns, Total: 963250 ns
[2022-09-04T00:12:16.607+0000][1][safepoint    ] Safepoint "Deoptimize", Time since last: 15261417 ns, Reaching safepoint: 192042 ns, At safepoint: 512708 ns, Total: 704750 ns
[2022-09-04T00:12:16.681+0000][1][safepoint    ] Safepoint "RevokeBias", Time since last: 73740083 ns, Reaching safepoint: 325250 ns, At safepoint: 151959 ns, Total: 477209 ns
[2022-09-04T00:12:16.684+0000][1][safepoint    ] Safepoint "RevokeBias", Time since last: 1724500 ns, Reaching safepoint: 884125 ns, At safepoint: 139291 ns, Total: 1023416 ns
[2022-09-04T00:12:16.690+0000][1][safepoint    ] Safepoint "RevokeBias", Time since last: 5617375 ns, Reaching safepoint: 88000 ns, At safepoint: 150209 ns, Total: 238209 ns
[2022-09-04T00:12:16.693+0000][1][safepoint    ] Safepoint "RevokeBias", Time since last: 2513583 ns, Reaching safepoint: 71042 ns, At safepoint: 248916 ns, Total: 319958 ns
[2022-09-04T00:12:16.694+0000][1][safepoint    ] Safepoint "RevokeBias", Time since last: 1023875 ns, Reaching safepoint: 185167 ns, At safepoint: 317708 ns, Total: 502875 ns
[2022-09-04T00:12:16.737+0000][1][safepoint    ] Safepoint "Deoptimize", Time since last: 41542125 ns, Reaching safepoint: 325167 ns, At safepoint: 684458 ns, Total: 1009625 ns
[2022-09-04T00:12:16.807+0000][1][safepoint    ] Safepoint "Deoptimize", Time since last: 69557625 ns, Reaching safepoint: 395167 ns, At safepoint: 659042 ns, Total: 1054209 ns
[2022-09-04T00:12:17.810+0000][1][safepoint    ] Safepoint "Cleanup", Time since last: 1001627333 ns, Reaching safepoint: 1017000 ns, At safepoint: 19209 ns, Total: 1036209 ns
[2022-09-04T00:12:18.598+0000][1][safepoint    ] Safepoint "Deoptimize", Time since last: 786245209 ns, Reaching safepoint: 602875 ns, At safepoint: 866000 ns, Total: 1468875 ns
[2022-09-04T00:12:18.654+0000][1][safepoint    ] Safepoint "Deoptimize", Time since last: 54317541 ns, Reaching safepoint: 231000 ns, At safepoint: 1712834 ns, Total: 1943834 ns
[2022-09-04T00:12:19.693+0000][1][safepoint    ] Safepoint "Cleanup", Time since last: 1003060292 ns, Reaching safepoint: 25914750 ns, At safepoint: 3179375 ns, Total: 29094125 ns
[2022-09-04T00:12:20.730+0000][1][safepoint    ] Safepoint "Cleanup", Time since last: 1042504334 ns, Reaching safepoint: 1312125 ns, At safepoint: 28958 ns, Total: 1341083 ns
[2022-09-04T00:12:21.243+0000][1][safepoint    ] Safepoint "RevokeBias", Time since last: 510385458 ns, Reaching safepoint: 322000 ns, At safepoint: 2553084 ns, Total: 2875084 ns
[2022-09-04T00:12:22.246+0000][1][safepoint    ] Safepoint "Cleanup", Time since last: 1001994083 ns, Reaching safepoint: 1046375 ns, At safepoint: 40959 ns, Total: 1087334 ns
[2022-09-04T00:12:22.567+0000][1][gc,start     ] GC(0) Pause Young (Allocation Failure)
[2022-09-04T00:12:22.579+0000][1][gc,task      ] GC(0) Using 4 workers of 4 for evacuation
[2022-09-04T00:12:22.658+0000][1][gc,age       ] GC(0) Desired survivor size 8945664 bytes, new threshold 1 (max threshold 6)
[2022-09-04T00:12:22.659+0000][1][gc,age       ] GC(0) Age table with threshold 1 (max threshold 6)
[2022-09-04T00:12:22.661+0000][1][gc,age       ] GC(0) - age   1:   10063320 bytes,   10063320 total
[2022-09-04T00:12:22.664+0000][1][gc,heap      ] GC(0) ParNew: 139776K->9938K(157248K)
[2022-09-04T00:12:22.665+0000][1][gc,heap      ] GC(0) CMS: 0K->0K(349568K)
[2022-09-04T00:12:22.666+0000][1][gc,metaspace ] GC(0) Metaspace: 17187K->17187K(1064960K)
[2022-09-04T00:12:22.668+0000][1][gc           ] GC(0) Pause Young (Allocation Failure) 136M->9M(494M) 100.865ms
[2022-09-04T00:12:22.670+0000][1][gc,cpu       ] GC(0) User=0.24s Sys=0.04s Real=0.11s
[2022-09-04T00:12:22.671+0000][1][safepoint    ] Safepoint "GenCollectForAllocation", Time since last: 319706583 ns, Reaching safepoint: 717875 ns, At safepoint: 104305583 ns, Total: 105023458 ns
[2022-09-04T00:12:22.688+0000][1][safepoint    ] Safepoint "RevokeBias", Time since last: 15244876 ns, Reaching safepoint: 615208 ns, At safepoint: 1328417 ns, Total: 1943625 ns
[2022-09-04T00:12:22.691+0000][1][safepoint    ] Safepoint "RevokeBias", Time since last: 2491541 ns, Reaching safepoint: 597459 ns, At safepoint: 490041 ns, Total: 1087500 ns
[2022-09-04T00:12:22.699+0000][1][safepoint    ] Safepoint "RevokeBias", Time since last: 6031917 ns, Reaching safepoint: 698792 ns, At safepoint: 292875 ns, Total: 991667 ns
[2022-09-04T00:12:22.701+0000][1][safepoint    ] Safepoint "RevokeBias", Time since last: 2020458 ns, Reaching safepoint: 370500 ns, At safepoint: 321750 ns, Total: 692250 ns
[2022-09-04T00:12:22.703+0000][1][safepoint    ] Safepoint "RevokeBias", Time since last: 1531000 ns, Reaching safepoint: 206417 ns, At safepoint: 226333 ns, Total: 432750 ns
[2022-09-04T00:12:22.705+0000][1][safepoint    ] Safepoint "RevokeBias", Time since last: 1725417 ns, Reaching safepoint: 301875 ns, At safepoint: 217750 ns, Total: 519625 ns
[2022-09-04T00:12:22.708+0000][1][safepoint    ] Safepoint "RevokeBias", Time since last: 1869041 ns, Reaching safepoint: 388917 ns, At safepoint: 203458 ns, Total: 592375 ns
[2022-09-04T00:12:22.710+0000][1][safepoint    ] Safepoint "RevokeBias", Time since last: 1730125 ns, Reaching safepoint: 230709 ns, At safepoint: 207291 ns, Total: 438000 ns
[2022-09-04T00:12:22.712+0000][1][safepoint    ] Safepoint "RevokeBias", Time since last: 1809250 ns, Reaching safepoint: 278000 ns, At safepoint: 225375 ns, Total: 503375 ns
[2022-09-04T00:12:22.714+0000][1][safepoint    ] Safepoint "RevokeBias", Time since last: 1410542 ns, Reaching safepoint: 225917 ns, At safepoint: 209125 ns, Total: 435042 ns
[2022-09-04T00:12:22.716+0000][1][safepoint    ] Safepoint "RevokeBias", Time since last: 1287041 ns, Reaching safepoint: 358625 ns, At safepoint: 208959 ns, Total: 567584 ns
[2022-09-04T00:12:22.719+0000][1][safepoint    ] Safepoint "RevokeBias", Time since last: 2253333 ns, Reaching safepoint: 332583 ns, At safepoint: 145834 ns, Total: 478417 ns
[2022-09-04T00:12:22.721+0000][1][safepoint    ] Safepoint "RevokeBias", Time since last: 1300000 ns, Reaching safepoint: 483041 ns, At safepoint: 209875 ns, Total: 692916 ns
[2022-09-04T00:12:22.723+0000][1][safepoint    ] Safepoint "RevokeBias", Time since last: 1527125 ns, Reaching safepoint: 233875 ns, At safepoint: 236375 ns, Total: 470250 ns
[2022-09-04T00:12:22.725+0000][1][safepoint    ] Safepoint "RevokeBias", Time since last: 1217625 ns, Reaching safepoint: 266459 ns, At safepoint: 229541 ns, Total: 496000 ns
[2022-09-04T00:12:22.730+0000][1][safepoint    ] Safepoint "RevokeBias", Time since last: 4797042 ns, Reaching safepoint: 331167 ns, At safepoint: 217750 ns, Total: 548917 ns
[2022-09-04T00:12:22.731+0000][1][safepoint    ] Safepoint "RevokeBias", Time since last: 1080875 ns, Reaching safepoint: 252666 ns, At safepoint: 196417 ns, Total: 449083 ns
[2022-09-04T00:12:22.734+0000][1][safepoint    ] Safepoint "RevokeBias", Time since last: 2124875 ns, Reaching safepoint: 398000 ns, At safepoint: 243458 ns, Total: 641458 ns
[2022-09-04T00:12:22.736+0000][1][safepoint    ] Safepoint "RevokeBias", Time since last: 1384584 ns, Reaching safepoint: 270708 ns, At safepoint: 222750 ns, Total: 493458 ns
[2022-09-04T00:12:22.739+0000][1][safepoint    ] Safepoint "RevokeBias", Time since last: 2638083 ns, Reaching safepoint: 262084 ns, At safepoint: 227916 ns, Total: 490000 ns
[2022-09-04T00:12:22.741+0000][1][safepoint    ] Safepoint "RevokeBias", Time since last: 1425542 ns, Reaching safepoint: 291083 ns, At safepoint: 234875 ns, Total: 525958 ns
[2022-09-04T00:12:22.743+0000][1][safepoint    ] Safepoint "RevokeBias", Time since last: 1807209 ns, Reaching safepoint: 360541 ns, At safepoint: 209625 ns, Total: 570166 ns
[2022-09-04T00:12:22.746+0000][1][safepoint    ] Safepoint "RevokeBias", Time since last: 1614709 ns, Reaching safepoint: 252958 ns, At safepoint: 207208 ns, Total: 460166 ns
[2022-09-04T00:12:22.748+0000][1][safepoint    ] Safepoint "RevokeBias", Time since last: 1703209 ns, Reaching safepoint: 327333 ns, At safepoint: 151875 ns, Total: 479208 ns
[2022-09-04T00:12:22.749+0000][1][safepoint    ] Safepoint "RevokeBias", Time since last: 1057542 ns, Reaching safepoint: 318833 ns, At safepoint: 282583 ns, Total: 601416 ns
[2022-09-04T00:12:22.752+0000][1][safepoint    ] Safepoint "RevokeBias", Time since last: 2128292 ns, Reaching safepoint: 284833 ns, At safepoint: 210750 ns, Total: 495583 ns
[2022-09-04T00:12:22.754+0000][1][safepoint    ] Safepoint "RevokeBias", Time since last: 1161584 ns, Reaching safepoint: 392250 ns, At safepoint: 202166 ns, Total: 594416 ns
[2022-09-04T00:12:22.756+0000][1][safepoint    ] Safepoint "RevokeBias", Time since last: 2098750 ns, Reaching safepoint: 332750 ns, At safepoint: 173334 ns, Total: 506084 ns
[2022-09-04T00:12:22.758+0000][1][safepoint    ] Safepoint "RevokeBias", Time since last: 1079666 ns, Reaching safepoint: 625834 ns, At safepoint: 240166 ns, Total: 866000 ns
[2022-09-04T00:12:22.760+0000][1][safepoint    ] Safepoint "RevokeBias", Time since last: 1235542 ns, Reaching safepoint: 316250 ns, At safepoint: 212833 ns, Total: 529083 ns
[2022-09-04T00:12:22.763+0000][1][safepoint    ] Safepoint "RevokeBias", Time since last: 1851459 ns, Reaching safepoint: 409541 ns, At safepoint: 204209 ns, Total: 613750 ns
[2022-09-04T00:12:22.766+0000][1][safepoint    ] Safepoint "RevokeBias", Time since last: 2721083 ns, Reaching safepoint: 310167 ns, At safepoint: 219333 ns, Total: 529500 ns
[2022-09-04T00:12:22.769+0000][1][safepoint    ] Safepoint "RevokeBias", Time since last: 2571500 ns, Reaching safepoint: 284750 ns, At safepoint: 209667 ns, Total: 494417 ns
[2022-09-04T00:12:22.771+0000][1][safepoint    ] Safepoint "RevokeBias", Time since last: 1135500 ns, Reaching safepoint: 424166 ns, At safepoint: 192417 ns, Total: 616583 ns
[2022-09-04T00:12:22.773+0000][1][safepoint    ] Safepoint "RevokeBias", Time since last: 1726042 ns, Reaching safepoint: 746333 ns, At safepoint: 234750 ns, Total: 981083 ns
[2022-09-04T00:12:22.775+0000][1][safepoint    ] Safepoint "RevokeBias", Time since last: 1371333 ns, Reaching safepoint: 284417 ns, At safepoint: 200500 ns, Total: 484917 ns
[2022-09-04T00:12:22.777+0000][1][safepoint    ] Safepoint "RevokeBias", Time since last: 1563208 ns, Reaching safepoint: 457625 ns, At safepoint: 197292 ns, Total: 654917 ns
[2022-09-04T00:12:22.780+0000][1][safepoint    ] Safepoint "BulkRevokeBias", Time since last: 2097792 ns, Reaching safepoint: 252458 ns, At safepoint: 489833 ns, Total: 742291 ns
[2022-09-04T00:12:22.782+0000][1][safepoint    ] Safepoint "BulkRevokeBias", Time since last: 1061875 ns, Reaching safepoint: 329209 ns, At safepoint: 334041 ns, Total: 663250 ns
[2022-09-04T00:12:22.800+0000][1][safepoint    ] Safepoint "RevokeBias", Time since last: 17958000 ns, Reaching safepoint: 288084 ns, At safepoint: 98000 ns, Total: 386084 ns
[2022-09-04T00:12:22.809+0000][1][safepoint    ] Safepoint "RevokeBias", Time since last: 8710083 ns, Reaching safepoint: 241042 ns, At safepoint: 57416 ns, Total: 298458 ns
[2022-09-04T00:12:22.819+0000][1][safepoint    ] Safepoint "RevokeBias", Time since last: 9383250 ns, Reaching safepoint: 159167 ns, At safepoint: 68208 ns, Total: 227375 ns
[2022-09-04T00:12:22.839+0000][1][safepoint    ] Safepoint "Deoptimize", Time since last: 18053459 ns, Reaching safepoint: 313416 ns, At safepoint: 1422125 ns, Total: 1735541 ns
[2022-09-04T00:12:22.912+0000][1][safepoint    ] Safepoint "Deoptimize", Time since last: 71896209 ns, Reaching safepoint: 318541 ns, At safepoint: 897667 ns, Total: 1216208 ns
[2022-09-04T00:12:22.917+0000][1][safepoint    ] Safepoint "Deoptimize", Time since last: 4600583 ns, Reaching safepoint: 105417 ns, At safepoint: 907792 ns, Total: 1013209 ns
[2022-09-04T00:12:23.487+0000][1][safepoint    ] Safepoint "Deoptimize", Time since last: 567299792 ns, Reaching safepoint: 830125 ns, At safepoint: 1121666 ns, Total: 1951791 ns
[2022-09-04T00:12:24.490+0000][1][safepoint    ] Safepoint "Cleanup", Time since last: 1001675292 ns, Reaching safepoint: 1086459 ns, At safepoint: 26583 ns, Total: 1113042 ns
[2022-09-04T00:12:24.982+0000][1][gc,start     ] GC(1) Pause Young (Allocation Failure)
[2022-09-04T00:12:24.984+0000][1][gc,task      ] GC(1) Using 4 workers of 4 for evacuation
[2022-09-04T00:12:25.164+0000][1][gc,age       ] GC(1) Desired survivor size 8945664 bytes, new threshold 6 (max threshold 6)
[2022-09-04T00:12:25.167+0000][1][gc,age       ] GC(1) Age table with threshold 6 (max threshold 6)
[2022-09-04T00:12:25.169+0000][1][gc,age       ] GC(1) - age   1:    2636360 bytes,    2636360 total
[2022-09-04T00:12:25.171+0000][1][gc,heap      ] GC(1) ParNew: 149714K->5549K(157248K)
[2022-09-04T00:12:25.172+0000][1][gc,heap      ] GC(1) CMS: 0K->10583K(349568K)
[2022-09-04T00:12:25.173+0000][1][gc,metaspace ] GC(1) Metaspace: 19451K->19451K(1067008K)
[2022-09-04T00:12:25.174+0000][1][gc           ] GC(1) Pause Young (Allocation Failure) 146M->15M(494M) 191.863ms
[2022-09-04T00:12:25.175+0000][1][gc,cpu       ] GC(1) User=0.67s Sys=0.03s Real=0.19s
[2022-09-04T00:12:25.177+0000][1][safepoint    ] Safepoint "GenCollectForAllocation", Time since last: 491832375 ns, Reaching safepoint: 624542 ns, At safepoint: 195286833 ns, Total: 195911375 ns
[2022-09-04T00:12:25.188+0000][1][safepoint    ] Safepoint "RevokeBias", Time since last: 7186667 ns, Reaching safepoint: 2386333 ns, At safepoint: 841375 ns, Total: 3227708 ns
[2022-09-04T00:12:25.191+0000][1][safepoint    ] Safepoint "RevokeBias", Time since last: 2252375 ns, Reaching safepoint: 823292 ns, At safepoint: 176583 ns, Total: 999875 ns
[2022-09-04T00:12:25.196+0000][1][safepoint    ] Safepoint "RevokeBias", Time since last: 4258000 ns, Reaching safepoint: 421625 ns, At safepoint: 122042 ns, Total: 543667 ns
[2022-09-04T00:12:25.199+0000][1][safepoint    ] Safepoint "RevokeBias", Time since last: 1905083 ns, Reaching safepoint: 1003834 ns, At safepoint: 144750 ns, Total: 1148584 ns
[2022-09-04T00:12:25.203+0000][1][safepoint    ] Safepoint "RevokeBias", Time since last: 3540833 ns, Reaching safepoint: 575833 ns, At safepoint: 159750 ns, Total: 735583 ns
[2022-09-04T00:12:25.205+0000][1][safepoint    ] Safepoint "RevokeBias", Time since last: 1552375 ns, Reaching safepoint: 417334 ns, At safepoint: 245625 ns, Total: 662959 ns
[2022-09-04T00:12:25.208+0000][1][safepoint    ] Safepoint "RevokeBias", Time since last: 1952416 ns, Reaching safepoint: 288375 ns, At safepoint: 221792 ns, Total: 510167 ns
[2022-09-04T00:12:25.210+0000][1][safepoint    ] Safepoint "RevokeBias", Time since last: 1337875 ns, Reaching safepoint: 732667 ns, At safepoint: 177958 ns, Total: 910625 ns
[2022-09-04T00:12:25.214+0000][1][safepoint    ] Safepoint "RevokeBias", Time since last: 3110750 ns, Reaching safepoint: 569167 ns, At safepoint: 168500 ns, Total: 737667 ns
[2022-09-04T00:12:25.216+0000][1][safepoint    ] Safepoint "RevokeBias", Time since last: 1303416 ns, Reaching safepoint: 429125 ns, At safepoint: 261000 ns, Total: 690125 ns
[2022-09-04T00:12:25.220+0000][1][safepoint    ] Safepoint "RevokeBias", Time since last: 3217875 ns, Reaching safepoint: 454959 ns, At safepoint: 142000 ns, Total: 596959 ns
[2022-09-04T00:12:25.222+0000][1][safepoint    ] Safepoint "RevokeBias", Time since last: 1082791 ns, Reaching safepoint: 782667 ns, At safepoint: 136333 ns, Total: 919000 ns
[2022-09-04T00:12:25.224+0000][1][safepoint    ] Safepoint "RevokeBias", Time since last: 1372417 ns, Reaching safepoint: 572750 ns, At safepoint: 120833 ns, Total: 693583 ns
[2022-09-04T00:12:25.227+0000][1][safepoint    ] Safepoint "RevokeBias", Time since last: 3097792 ns, Reaching safepoint: 235750 ns, At safepoint: 182958 ns, Total: 418708 ns
[2022-09-04T00:12:26.229+0000][1][safepoint    ] Safepoint "Cleanup", Time since last: 1000988501 ns, Reaching safepoint: 1055208 ns, At safepoint: 20750 ns, Total: 1075958 ns
[2022-09-04T00:12:26.639+0000][1][safepoint    ] Safepoint "CollectForMetadataAllocation", Time since last: 408703625 ns, Reaching safepoint: 563417 ns, At safepoint: 500333 ns, Total: 1063750 ns
[2022-09-04T00:12:26.817+0000][1][safepoint    ] Safepoint "Deoptimize", Time since last: 175841459 ns, Reaching safepoint: 503083 ns, At safepoint: 1130083 ns, Total: 1633166 ns
[2022-09-04T00:12:27.054+0000][1][safepoint    ] Safepoint "Deoptimize", Time since last: 235780334 ns, Reaching safepoint: 416917 ns, At safepoint: 1121250 ns, Total: 1538167 ns
[2022-09-04T00:12:27.169+0000][1][gc,start     ] GC(2) Pause Young (Allocation Failure)
[2022-09-04T00:12:27.179+0000][1][gc,task      ] GC(2) Using 4 workers of 4 for evacuation
[2022-09-04T00:12:27.197+0000][1][gc,age       ] GC(2) Desired survivor size 8945664 bytes, new threshold 6 (max threshold 6)
[2022-09-04T00:12:27.199+0000][1][gc,age       ] GC(2) Age table with threshold 6 (max threshold 6)
[2022-09-04T00:12:27.200+0000][1][gc,age       ] GC(2) - age   1:    3407304 bytes,    3407304 total
[2022-09-04T00:12:27.201+0000][1][gc,age       ] GC(2) - age   2:    1548680 bytes,    4955984 total
[2022-09-04T00:12:27.202+0000][1][gc,heap      ] GC(2) ParNew: 145325K->6044K(157248K)
[2022-09-04T00:12:27.204+0000][1][gc,heap      ] GC(2) CMS: 10583K->10583K(349568K)
[2022-09-04T00:12:27.206+0000][1][gc,metaspace ] GC(2) Metaspace: 20509K->20509K(1069056K)
[2022-09-04T00:12:27.207+0000][1][gc           ] GC(2) Pause Young (Allocation Failure) 152M->16M(494M) 37.573ms
[2022-09-04T00:12:27.208+0000][1][gc,cpu       ] GC(2) User=0.06s Sys=0.01s Real=0.04s
[2022-09-04T00:12:27.209+0000][1][safepoint    ] Safepoint "GenCollectForAllocation", Time since last: 114422458 ns, Reaching safepoint: 1120917 ns, At safepoint: 39544833 ns, Total: 40665750 ns
[2022-09-04T00:12:27.213+0000][1][safepoint    ] Safepoint "RevokeBias", Time since last: 3373458 ns, Reaching safepoint: 542250 ns, At safepoint: 466625 ns, Total: 1008875 ns
[2022-09-04T00:12:27.216+0000][1][gc,start     ] GC(3) Pause Initial Mark
[2022-09-04T00:12:27.228+0000][1][gc           ] GC(3) Pause Initial Mark 18M->18M(494M) 11.458ms
[2022-09-04T00:12:27.229+0000][1][gc,cpu       ] GC(3) User=0.04s Sys=0.00s Real=0.02s
[2022-09-04T00:12:27.231+0000][1][safepoint    ] Safepoint "BulkRevokeBias", Time since last: 1992709 ns, Reaching safepoint: 378000 ns, At safepoint: 14891166 ns, Total: 15269166 ns
[2022-09-04T00:12:27.239+0000][1][gc           ] GC(3) Concurrent Mark
[2022-09-04T00:12:27.242+0000][1][safepoint    ] Safepoint "RevokeBias", Time since last: 8879125 ns, Reaching safepoint: 2058250 ns, At safepoint: 149625 ns, Total: 2207875 ns
[2022-09-04T00:12:27.251+0000][1][safepoint    ] Safepoint "RevokeBias", Time since last: 7707750 ns, Reaching safepoint: 1305334 ns, At safepoint: 125041 ns, Total: 1430375 ns
[2022-09-04T00:12:27.253+0000][1][safepoint    ] Safepoint "RevokeBias", Time since last: 1979959 ns, Reaching safepoint: 251916 ns, At safepoint: 194417 ns, Total: 446333 ns
[2022-09-04T00:12:27.255+0000][1][safepoint    ] Safepoint "RevokeBias", Time since last: 1324208 ns, Reaching safepoint: 221459 ns, At safepoint: 107166 ns, Total: 328625 ns
[2022-09-04T00:12:27.257+0000][1][safepoint    ] Safepoint "RevokeBias", Time since last: 1608959 ns, Reaching safepoint: 295791 ns, At safepoint: 131167 ns, Total: 426958 ns
[2022-09-04T00:12:27.258+0000][1][safepoint    ] Safepoint "RevokeBias", Time since last: 956542 ns, Reaching safepoint: 502625 ns, At safepoint: 136125 ns, Total: 638750 ns
[2022-09-04T00:12:27.260+0000][1][safepoint    ] Safepoint "RevokeBias", Time since last: 1477375 ns, Reaching safepoint: 305125 ns, At safepoint: 141875 ns, Total: 447000 ns
[2022-09-04T00:12:27.262+0000][1][safepoint    ] Safepoint "RevokeBias", Time since last: 1169083 ns, Reaching safepoint: 597333 ns, At safepoint: 137375 ns, Total: 734708 ns
[2022-09-04T00:12:27.265+0000][1][safepoint    ] Safepoint "RevokeBias", Time since last: 1601917 ns, Reaching safepoint: 702500 ns, At safepoint: 191167 ns, Total: 893667 ns
[2022-09-04T00:12:27.267+0000][1][safepoint    ] Safepoint "RevokeBias", Time since last: 1678708 ns, Reaching safepoint: 343167 ns, At safepoint: 131375 ns, Total: 474542 ns
[2022-09-04T00:12:27.269+0000][1][safepoint    ] Safepoint "RevokeBias", Time since last: 1847833 ns, Reaching safepoint: 441792 ns, At safepoint: 126916 ns, Total: 568708 ns
[2022-09-04T00:12:27.272+0000][1][safepoint    ] Safepoint "RevokeBias", Time since last: 1938375 ns, Reaching safepoint: 291334 ns, At safepoint: 117375 ns, Total: 408709 ns
[2022-09-04T00:12:27.275+0000][1][safepoint    ] Safepoint "RevokeBias", Time since last: 2349458 ns, Reaching safepoint: 504417 ns, At safepoint: 167041 ns, Total: 671458 ns
[2022-09-04T00:12:27.279+0000][1][safepoint    ] Safepoint "RevokeBias", Time since last: 3227584 ns, Reaching safepoint: 492125 ns, At safepoint: 170916 ns, Total: 663041 ns
[2022-09-04T00:12:27.283+0000][1][safepoint    ] Safepoint "RevokeBias", Time since last: 3348042 ns, Reaching safepoint: 682500 ns, At safepoint: 187625 ns, Total: 870125 ns
[2022-09-04T00:12:27.309+0000][1][safepoint    ] Safepoint "RevokeBias", Time since last: 16410833 ns, Reaching safepoint: 9247417 ns, At safepoint: 137250 ns, Total: 9384667 ns
[2022-09-04T00:12:27.311+0000][1][safepoint    ] Safepoint "RevokeBias", Time since last: 2070292 ns, Reaching safepoint: 456333 ns, At safepoint: 175125 ns, Total: 631458 ns
[2022-09-04T00:12:27.351+0000][1][gc           ] GC(3) Concurrent Mark 112.108ms
[2022-09-04T00:12:27.352+0000][1][gc,cpu       ] GC(3) User=0.38s Sys=0.03s Real=0.11s
[2022-09-04T00:12:27.354+0000][1][gc           ] GC(3) Concurrent Preclean
[2022-09-04T00:12:27.371+0000][1][gc           ] GC(3) Concurrent Preclean 16.992ms
[2022-09-04T00:12:27.373+0000][1][gc,cpu       ] GC(3) User=0.07s Sys=0.01s Real=0.02s
[2022-09-04T00:12:27.375+0000][1][gc           ] GC(3) Concurrent Abortable Preclean
[2022-09-04T00:12:27.965+0000][1][safepoint    ] Safepoint "CollectForMetadataAllocation", Time since last: 652211042 ns, Reaching safepoint: 805833 ns, At safepoint: 167625 ns, Total: 973458 ns
[2022-09-04T00:12:28.177+0000][1][gc           ] GC(3) Concurrent Abortable Preclean 802.063ms
[2022-09-04T00:12:28.179+0000][1][gc,cpu       ] GC(3) User=2.59s Sys=0.05s Real=0.81s
[2022-09-04T00:12:28.183+0000][1][gc,start     ] GC(3) Pause Remark
[2022-09-04T00:12:28.319+0000][1][gc           ] GC(3) Pause Remark 110M->110M(494M) 136.231ms
[2022-09-04T00:12:28.321+0000][1][gc,cpu       ] GC(3) User=0.43s Sys=0.01s Real=0.14s
[2022-09-04T00:12:28.332+0000][1][safepoint    ] Safepoint "CMS_Final_Remark", Time since last: 217713250 ns, Reaching safepoint: 352042 ns, At safepoint: 149576875 ns, Total: 149928917 ns
[2022-09-04T00:12:28.334+0000][1][gc           ] GC(3) Concurrent Sweep
[2022-09-04T00:12:28.364+0000][1][gc           ] GC(3) Concurrent Sweep 29.835ms
[2022-09-04T00:12:28.365+0000][1][gc,cpu       ] GC(3) User=0.11s Sys=0.01s Real=0.03s
[2022-09-04T00:12:28.369+0000][1][gc           ] GC(3) Concurrent Reset
[2022-09-04T00:12:28.374+0000][1][gc           ] GC(3) Concurrent Reset 4.560ms
[2022-09-04T00:12:28.376+0000][1][gc,cpu       ] GC(3) User=0.02s Sys=0.00s Real=0.00s
[2022-09-04T00:12:28.378+0000][1][gc,heap      ] GC(3) Old: 10583K->10576K(349568K)
[2022-09-04T00:12:28.920+0000][1][gc,start     ] GC(4) Pause Young (Allocation Failure)
[2022-09-04T00:12:28.921+0000][1][gc,task      ] GC(4) Using 4 workers of 4 for evacuation
[2022-09-04T00:12:28.947+0000][1][gc,age       ] GC(4) Desired survivor size 8945664 bytes, new threshold 6 (max threshold 6)
[2022-09-04T00:12:28.948+0000][1][gc,age       ] GC(4) Age table with threshold 6 (max threshold 6)
[2022-09-04T00:12:28.950+0000][1][gc,age       ] GC(4) - age   1:    1452248 bytes,    1452248 total
[2022-09-04T00:12:28.951+0000][1][gc,age       ] GC(4) - age   2:    3145632 bytes,    4597880 total
[2022-09-04T00:12:28.952+0000][1][gc,age       ] GC(4) - age   3:    1548520 bytes,    6146400 total
[2022-09-04T00:12:28.953+0000][1][gc,heap      ] GC(4) ParNew: 145820K->8470K(157248K)
[2022-09-04T00:12:28.954+0000][1][gc,heap      ] GC(4) CMS: 10576K->10576K(349568K)
[2022-09-04T00:12:28.955+0000][1][gc,metaspace ] GC(4) Metaspace: 20766K->20766K(1069056K)
[2022-09-04T00:12:28.956+0000][1][gc           ] GC(4) Pause Young (Allocation Failure) 152M->18M(494M) 36.455ms
[2022-09-04T00:12:28.957+0000][1][gc,cpu       ] GC(4) User=0.07s Sys=0.01s Real=0.04s
[2022-09-04T00:12:28.959+0000][1][safepoint    ] Safepoint "GenCollectForAllocation", Time since last: 584309042 ns, Reaching safepoint: 3240750 ns, At safepoint: 38796917 ns, Total: 42037667 ns
[2022-09-04T00:12:28.963+0000][1][safepoint    ] Safepoint "RevokeBias", Time since last: 2829291 ns, Reaching safepoint: 537542 ns, At safepoint: 772875 ns, Total: 1310417 ns
[2022-09-04T00:12:28.965+0000][1][safepoint    ] Safepoint "RevokeBias", Time since last: 1499750 ns, Reaching safepoint: 272917 ns, At safepoint: 216958 ns, Total: 489875 ns
[2022-09-04T00:12:28.967+0000][1][safepoint    ] Safepoint "RevokeBias", Time since last: 1886125 ns, Reaching safepoint: 238917 ns, At safepoint: 182583 ns, Total: 421500 ns
[2022-09-04T00:12:28.969+0000][1][safepoint    ] Safepoint "RevokeBias", Time since last: 849417 ns, Reaching safepoint: 602375 ns, At safepoint: 175542 ns, Total: 777917 ns
[2022-09-04T00:12:28.971+0000][1][safepoint    ] Safepoint "RevokeBias", Time since last: 2209166 ns, Reaching safepoint: 346709 ns, At safepoint: 149875 ns, Total: 496584 ns
[2022-09-04T00:12:28.974+0000][1][safepoint    ] Safepoint "RevokeBias", Time since last: 1710083 ns, Reaching safepoint: 449708 ns, At safepoint: 146917 ns, Total: 596625 ns
[2022-09-04T00:12:28.976+0000][1][safepoint    ] Safepoint "RevokeBias", Time since last: 1744667 ns, Reaching safepoint: 229083 ns, At safepoint: 119750 ns, Total: 348833 ns
[2022-09-04T00:12:28.977+0000][1][safepoint    ] Safepoint "RevokeBias", Time since last: 1120750 ns, Reaching safepoint: 248625 ns, At safepoint: 174583 ns, Total: 423208 ns
[2022-09-04T00:12:29.462+0000][1][safepoint    ] Safepoint "RevokeBias", Time since last: 484195500 ns, Reaching safepoint: 623209 ns, At safepoint: 155958 ns, Total: 779167 ns
[2022-09-04T00:12:29.470+0000][1][safepoint    ] Safepoint "RevokeBias", Time since last: 7008125 ns, Reaching safepoint: 331875 ns, At safepoint: 82042 ns, Total: 413917 ns
[2022-09-04T00:12:30.493+0000][1][safepoint    ] Safepoint "Cleanup", Time since last: 1002666125 ns, Reaching safepoint: 11221250 ns, At safepoint: 879375 ns, Total: 12100625 ns
[2022-09-04T00:12:30.930+0000][1][gc,start     ] GC(5) Pause Young (Allocation Failure)
[2022-09-04T00:12:30.952+0000][1][gc,task      ] GC(5) Using 4 workers of 4 for evacuation
[2022-09-04T00:12:31.041+0000][1][gc,age       ] GC(5) Desired survivor size 8945664 bytes, new threshold 6 (max threshold 6)
[2022-09-04T00:12:31.042+0000][1][gc,age       ] GC(5) Age table with threshold 6 (max threshold 6)
[2022-09-04T00:12:31.044+0000][1][gc,age       ] GC(5) - age   1:    1528560 bytes,    1528560 total
[2022-09-04T00:12:31.045+0000][1][gc,age       ] GC(5) - age   2:     952136 bytes,    2480696 total
[2022-09-04T00:12:31.046+0000][1][gc,age       ] GC(5) - age   3:    3144384 bytes,    5625080 total
[2022-09-04T00:12:31.048+0000][1][gc,age       ] GC(5) - age   4:    1548440 bytes,    7173520 total
[2022-09-04T00:12:31.051+0000][1][gc,heap      ] GC(5) ParNew: 148246K->9445K(157248K)
[2022-09-04T00:12:31.052+0000][1][gc,heap      ] GC(5) CMS: 10576K->10576K(349568K)
[2022-09-04T00:12:31.053+0000][1][gc,metaspace ] GC(5) Metaspace: 21845K->21845K(1069056K)
[2022-09-04T00:12:31.055+0000][1][gc           ] GC(5) Pause Young (Allocation Failure) 155M->19M(494M) 126.990ms
[2022-09-04T00:12:31.056+0000][1][gc,cpu       ] GC(5) User=0.24s Sys=0.09s Real=0.12s
[2022-09-04T00:12:31.058+0000][1][safepoint    ] Safepoint "GenCollectForAllocation", Time since last: 436188917 ns, Reaching safepoint: 1653625 ns, At safepoint: 135309167 ns, Total: 136962792 ns
[2022-09-04T00:12:31.093+0000][1][safepoint    ] Safepoint "RevokeBias", Time since last: 21842125 ns, Reaching safepoint: 4959000 ns, At safepoint: 9000417 ns, Total: 13959417 ns
[2022-09-04T00:12:31.100+0000][1][safepoint    ] Safepoint "RevokeBias", Time since last: 3946458 ns, Reaching safepoint: 2150000 ns, At safepoint: 159125 ns, Total: 2309125 ns
[2022-09-04T00:12:31.113+0000][1][safepoint    ] Safepoint "BulkRevokeBias", Time since last: 7305292 ns, Reaching safepoint: 1318375 ns, At safepoint: 4492958 ns, Total: 5811333 ns
[2022-09-04T00:12:31.116+0000][1][safepoint    ] Safepoint "BulkRevokeBias", Time since last: 1522875 ns, Reaching safepoint: 1031583 ns, At safepoint: 302542 ns, Total: 1334125 ns
[2022-09-04T00:12:32.117+0000][1][safepoint    ] Safepoint "Cleanup", Time since last: 1001108834 ns, Reaching safepoint: 503166 ns, At safepoint: 57709 ns, Total: 560875 ns
[2022-09-04T00:12:32.256+0000][1][gc,start     ] GC(6) Pause Young (Allocation Failure)
[2022-09-04T00:12:32.258+0000][1][gc,task      ] GC(6) Using 4 workers of 4 for evacuation
[2022-09-04T00:12:32.289+0000][1][gc,age       ] GC(6) Desired survivor size 8945664 bytes, new threshold 6 (max threshold 6)
[2022-09-04T00:12:32.290+0000][1][gc,age       ] GC(6) Age table with threshold 6 (max threshold 6)
[2022-09-04T00:12:32.291+0000][1][gc,age       ] GC(6) - age   1:    2021288 bytes,    2021288 total
[2022-09-04T00:12:32.293+0000][1][gc,age       ] GC(6) - age   2:    1006072 bytes,    3027360 total
[2022-09-04T00:12:32.295+0000][1][gc,age       ] GC(6) - age   3:     951848 bytes,    3979208 total
[2022-09-04T00:12:32.296+0000][1][gc,age       ] GC(6) - age   4:    3144384 bytes,    7123592 total
[2022-09-04T00:12:32.297+0000][1][gc,age       ] GC(6) - age   5:    1548128 bytes,    8671720 total
[2022-09-04T00:12:32.298+0000][1][gc,heap      ] GC(6) ParNew: 149221K->11293K(157248K)
[2022-09-04T00:12:32.299+0000][1][gc,heap      ] GC(6) CMS: 10576K->10576K(349568K)
[2022-09-04T00:12:32.300+0000][1][gc,metaspace ] GC(6) Metaspace: 21886K->21886K(1069056K)
[2022-09-04T00:12:32.301+0000][1][gc           ] GC(6) Pause Young (Allocation Failure) 156M->21M(494M) 45.466ms
[2022-09-04T00:12:32.302+0000][1][gc,cpu       ] GC(6) User=0.11s Sys=0.01s Real=0.05s
[2022-09-04T00:12:32.304+0000][1][safepoint    ] Safepoint "GenCollectForAllocation", Time since last: 138152250 ns, Reaching safepoint: 461125 ns, At safepoint: 48357541 ns, Total: 48818666 ns
[2022-09-04T00:12:32.597+0000][1][safepoint    ] Safepoint "RevokeBias", Time since last: 291805834 ns, Reaching safepoint: 476833 ns, At safepoint: 110167 ns, Total: 587000 ns
[2022-09-04T00:12:32.601+0000][1][safepoint    ] Safepoint "RevokeBias", Time since last: 3617542 ns, Reaching safepoint: 212000 ns, At safepoint: 87583 ns, Total: 299583 ns
[2022-09-04T00:12:32.604+0000][1][safepoint    ] Safepoint "RevokeBias", Time since last: 2777458 ns, Reaching safepoint: 314167 ns, At safepoint: 77667 ns, Total: 391834 ns
[2022-09-04T00:12:33.377+0000][1][gc,start     ] GC(7) Pause Young (Allocation Failure)
[2022-09-04T00:12:33.381+0000][1][gc,task      ] GC(7) Using 4 workers of 4 for evacuation
[2022-09-04T00:12:33.412+0000][1][gc,age       ] GC(7) Desired survivor size 8945664 bytes, new threshold 6 (max threshold 6)
[2022-09-04T00:12:33.413+0000][1][gc,age       ] GC(7) Age table with threshold 6 (max threshold 6)
[2022-09-04T00:12:33.415+0000][1][gc,age       ] GC(7) - age   1:    1407952 bytes,    1407952 total
[2022-09-04T00:12:33.416+0000][1][gc,age       ] GC(7) - age   2:     276792 bytes,    1684744 total
[2022-09-04T00:12:33.417+0000][1][gc,age       ] GC(7) - age   3:    1006072 bytes,    2690816 total
[2022-09-04T00:12:33.418+0000][1][gc,age       ] GC(7) - age   4:     951568 bytes,    3642384 total
[2022-09-04T00:12:33.419+0000][1][gc,age       ] GC(7) - age   5:    3144360 bytes,    6786744 total
[2022-09-04T00:12:33.420+0000][1][gc,age       ] GC(7) - age   6:    1548104 bytes,    8334848 total
[2022-09-04T00:12:33.421+0000][1][gc,heap      ] GC(7) ParNew: 151069K->13938K(157248K)
[2022-09-04T00:12:33.423+0000][1][gc,heap      ] GC(7) CMS: 10576K->10576K(349568K)
[2022-09-04T00:12:33.423+0000][1][gc,metaspace ] GC(7) Metaspace: 22101K->22101K(1069056K)
[2022-09-04T00:12:33.425+0000][1][gc           ] GC(7) Pause Young (Allocation Failure) 157M->23M(494M) 47.749ms
[2022-09-04T00:12:33.426+0000][1][gc,cpu       ] GC(7) User=0.09s Sys=0.01s Real=0.04s
[2022-09-04T00:12:33.427+0000][1][safepoint    ] Safepoint "GenCollectForAllocation", Time since last: 772974583 ns, Reaching safepoint: 459042 ns, At safepoint: 50275375 ns, Total: 50734417 ns
[2022-09-04T00:12:34.430+0000][1][safepoint    ] Safepoint "Cleanup", Time since last: 1001020292 ns, Reaching safepoint: 1034583 ns, At safepoint: 26542 ns, Total: 1061125 ns
[2022-09-04T00:12:35.432+0000][1][safepoint    ] Safepoint "Cleanup", Time since last: 1001801876 ns, Reaching safepoint: 963500 ns, At safepoint: 20208 ns, Total: 983708 ns
[2022-09-04T00:12:36.437+0000][1][safepoint    ] Safepoint "Cleanup", Time since last: 1002975250 ns, Reaching safepoint: 1339375 ns, At safepoint: 40209 ns, Total: 1379584 ns
[2022-09-04T00:12:37.440+0000][1][safepoint    ] Safepoint "Cleanup", Time since last: 1001408500 ns, Reaching safepoint: 1861167 ns, At safepoint: 35333 ns, Total: 1896500 ns
[2022-09-04T00:12:38.006+0000][1][safepoint    ] Safepoint "RevokeBias", Time since last: 560099875 ns, Reaching safepoint: 5370125 ns, At safepoint: 187834 ns, Total: 5557959 ns
[2022-09-04T00:12:38.035+0000][1][safepoint    ] Safepoint "RevokeBias", Time since last: 28297708 ns, Reaching safepoint: 534375 ns, At safepoint: 152083 ns, Total: 686458 ns
[2022-09-04T00:12:38.039+0000][1][safepoint    ] Safepoint "RevokeBias", Time since last: 4040459 ns, Reaching safepoint: 269250 ns, At safepoint: 477166 ns, Total: 746416 ns
[2022-09-04T00:12:39.045+0000][1][safepoint    ] Safepoint "Cleanup", Time since last: 1004099293 ns, Reaching safepoint: 1330625 ns, At safepoint: 75833 ns, Total: 1406458 ns
[2022-09-04T00:12:39.681+0000][1][safepoint    ] Safepoint "Deoptimize", Time since last: 632583000 ns, Reaching safepoint: 442250 ns, At safepoint: 3128250 ns, Total: 3570500 ns
[2022-09-04T00:12:40.687+0000][1][safepoint    ] Safepoint "Cleanup", Time since last: 1004693084 ns, Reaching safepoint: 1628625 ns, At safepoint: 43125 ns, Total: 1671750 ns
[2022-09-04T00:12:40.787+0000][1][gc,start     ] GC(8) Pause Young (Allocation Failure)
[2022-09-04T00:12:40.791+0000][1][gc,task      ] GC(8) Using 4 workers of 4 for evacuation
[2022-09-04T00:12:40.903+0000][1][gc,age       ] GC(8) Desired survivor size 8945664 bytes, new threshold 6 (max threshold 6)
[2022-09-04T00:12:40.905+0000][1][gc,age       ] GC(8) Age table with threshold 6 (max threshold 6)
[2022-09-04T00:12:40.908+0000][1][gc,age       ] GC(8) - age   1:    3189712 bytes,    3189712 total
[2022-09-04T00:12:40.910+0000][1][gc,age       ] GC(8) - age   2:     429512 bytes,    3619224 total
[2022-09-04T00:12:40.912+0000][1][gc,age       ] GC(8) - age   3:     276504 bytes,    3895728 total
[2022-09-04T00:12:40.915+0000][1][gc,age       ] GC(8) - age   4:    1002976 bytes,    4898704 total
[2022-09-04T00:12:40.919+0000][1][gc,age       ] GC(8) - age   5:     948480 bytes,    5847184 total
[2022-09-04T00:12:40.923+0000][1][gc,age       ] GC(8) - age   6:    3130352 bytes,    8977536 total
[2022-09-04T00:12:40.926+0000][1][gc,heap      ] GC(8) ParNew: 153714K->12608K(157248K)
[2022-09-04T00:12:40.927+0000][1][gc,heap      ] GC(8) CMS: 10576K->12107K(349568K)
[2022-09-04T00:12:40.930+0000][1][gc,metaspace ] GC(8) Metaspace: 28117K->28117K(1075200K)
[2022-09-04T00:12:40.933+0000][1][gc           ] GC(8) Pause Young (Allocation Failure) 160M->24M(494M) 145.714ms
[2022-09-04T00:12:40.935+0000][1][gc,cpu       ] GC(8) User=0.39s Sys=0.02s Real=0.15s
[2022-09-04T00:12:40.937+0000][1][safepoint    ] Safepoint "GenCollectForAllocation", Time since last: 99015292 ns, Reaching safepoint: 288916 ns, At safepoint: 150278042 ns, Total: 150566958 ns
[2022-09-04T00:12:42.942+0000][1][safepoint    ] Safepoint "Cleanup", Time since last: 2004106834 ns, Reaching safepoint: 703000 ns, At safepoint: 44334 ns, Total: 747334 ns
[2022-09-04T00:12:43.945+0000][1][safepoint    ] Safepoint "Cleanup", Time since last: 1002704917 ns, Reaching safepoint: 763792 ns, At safepoint: 23666 ns, Total: 787458 ns
[2022-09-04T00:12:44.433+0000][1][safepoint    ] Safepoint "Deoptimize", Time since last: 485621209 ns, Reaching safepoint: 331792 ns, At safepoint: 1369500 ns, Total: 1701292 ns
[2022-09-04T00:12:45.435+0000][1][safepoint    ] Safepoint "Cleanup", Time since last: 1001761792 ns, Reaching safepoint: 775958 ns, At safepoint: 27000 ns, Total: 802958 ns
[2022-09-04T00:12:46.440+0000][1][safepoint    ] Safepoint "Cleanup", Time since last: 1003369959 ns, Reaching safepoint: 1721333 ns, At safepoint: 66000 ns, Total: 1787333 ns
[2022-09-04T00:12:47.443+0000][1][safepoint    ] Safepoint "Cleanup", Time since last: 1001722084 ns, Reaching safepoint: 927250 ns, At safepoint: 41042 ns, Total: 968292 ns
[2022-09-04T00:12:47.988+0000][1][safepoint    ] Safepoint "RevokeBias", Time since last: 544301000 ns, Reaching safepoint: 303875 ns, At safepoint: 591917 ns, Total: 895792 ns
[2022-09-04T00:12:48.991+0000][1][safepoint    ] Safepoint "Cleanup", Time since last: 1001576000 ns, Reaching safepoint: 690500 ns, At safepoint: 28292 ns, Total: 718792 ns
[2022-09-04T00:12:49.994+0000][1][safepoint    ] Safepoint "Cleanup", Time since last: 1001898000 ns, Reaching safepoint: 1442917 ns, At safepoint: 15375 ns, Total: 1458292 ns
[2022-09-04T00:12:50.088+0000][1][gc,start     ] GC(9) Pause Young (Allocation Failure)
[2022-09-04T00:12:50.090+0000][1][gc,task      ] GC(9) Using 4 workers of 4 for evacuation
[2022-09-04T00:12:50.385+0000][1][gc,age       ] GC(9) Desired survivor size 8945664 bytes, new threshold 1 (max threshold 6)
[2022-09-04T00:12:50.386+0000][1][gc,age       ] GC(9) Age table with threshold 1 (max threshold 6)
[2022-09-04T00:12:50.388+0000][1][gc,age       ] GC(9) - age   1:   12338472 bytes,   12338472 total
[2022-09-04T00:12:50.389+0000][1][gc,age       ] GC(9) - age   2:    2898808 bytes,   15237280 total
[2022-09-04T00:12:50.391+0000][1][gc,age       ] GC(9) - age   3:     427088 bytes,   15664368 total
[2022-09-04T00:12:50.392+0000][1][gc,age       ] GC(9) - age   4:     276504 bytes,   15940872 total
[2022-09-04T00:12:50.393+0000][1][gc,age       ] GC(9) - age   5:    1001992 bytes,   16942864 total
[2022-09-04T00:12:50.395+0000][1][gc,age       ] GC(9) - age   6:     947968 bytes,   17890832 total
[2022-09-04T00:12:50.396+0000][1][gc,heap      ] GC(9) ParNew: 152384K->17472K(157248K)
[2022-09-04T00:12:50.397+0000][1][gc,heap      ] GC(9) CMS: 12107K->23243K(349568K)
[2022-09-04T00:12:50.398+0000][1][gc,metaspace ] GC(9) Metaspace: 29151K->29151K(1077248K)
[2022-09-04T00:12:50.400+0000][1][gc           ] GC(9) Pause Young (Allocation Failure) 160M->39M(494M) 311.393ms
[2022-09-04T00:12:50.401+0000][1][gc,cpu       ] GC(9) User=0.84s Sys=0.00s Real=0.31s
[2022-09-04T00:12:50.408+0000][1][safepoint    ] Safepoint "GenCollectForAllocation", Time since last: 94124083 ns, Reaching safepoint: 281375 ns, At safepoint: 319884584 ns, Total: 320165959 ns
[2022-09-04T00:12:51.410+0000][1][safepoint    ] Safepoint "Cleanup", Time since last: 1001198166 ns, Reaching safepoint: 415875 ns, At safepoint: 25625 ns, Total: 441500 ns
[2022-09-04T00:12:52.413+0000][1][safepoint    ] Safepoint "Cleanup", Time since last: 1001975125 ns, Reaching safepoint: 1052792 ns, At safepoint: 22417 ns, Total: 1075209 ns
[2022-09-04T00:12:53.416+0000][1][safepoint    ] Safepoint "Cleanup", Time since last: 1002358125 ns, Reaching safepoint: 1014625 ns, At safepoint: 44667 ns, Total: 1059292 ns
[2022-09-04T00:12:53.584+0000][1][safepoint    ] Safepoint "RevokeBias", Time since last: 167418000 ns, Reaching safepoint: 372292 ns, At safepoint: 265625 ns, Total: 637917 ns
[2022-09-04T00:12:53.684+0000][1][safepoint    ] Safepoint "RevokeBias", Time since last: 99137375 ns, Reaching safepoint: 514125 ns, At safepoint: 196875 ns, Total: 711000 ns
[2022-09-04T00:12:54.520+0000][1][safepoint    ] Safepoint "CollectForMetadataAllocation", Time since last: 835021000 ns, Reaching safepoint: 639042 ns, At safepoint: 518541 ns, Total: 1157583 ns
[2022-09-04T00:12:54.694+0000][1][safepoint    ] Safepoint "RevokeBias", Time since last: 168183542 ns, Reaching safepoint: 5468042 ns, At safepoint: 642583 ns, Total: 6110625 ns
[2022-09-04T00:12:54.735+0000][1][safepoint    ] Safepoint "RevokeBias", Time since last: 39511500 ns, Reaching safepoint: 822458 ns, At safepoint: 523042 ns, Total: 1345500 ns
[2022-09-04T00:12:54.753+0000][1][safepoint    ] Safepoint "RevokeBias", Time since last: 16336583 ns, Reaching safepoint: 646375 ns, At safepoint: 261084 ns, Total: 907459 ns
[2022-09-04T00:12:54.789+0000][1][safepoint    ] Safepoint "CollectForMetadataAllocation", Time since last: 26316250 ns, Reaching safepoint: 9591750 ns, At safepoint: 184667 ns, Total: 9776417 ns
[2022-09-04T00:12:54.820+0000][1][safepoint    ] Safepoint "RevokeBias", Time since last: 20044416 ns, Reaching safepoint: 10730750 ns, At safepoint: 238250 ns, Total: 10969000 ns
[2022-09-04T00:12:54.844+0000][1][safepoint    ] Safepoint "RevokeBias", Time since last: 19436000 ns, Reaching safepoint: 4467167 ns, At safepoint: 597292 ns, Total: 5064459 ns
[2022-09-04T00:12:54.850+0000][1][safepoint    ] Safepoint "RevokeBias", Time since last: 4178500 ns, Reaching safepoint: 1097541 ns, At safepoint: 302375 ns, Total: 1399916 ns
[2022-09-04T00:12:54.856+0000][1][safepoint    ] Safepoint "RevokeBias", Time since last: 1929000 ns, Reaching safepoint: 3687917 ns, At safepoint: 345458 ns, Total: 4033375 ns
[2022-09-04T00:12:54.931+0000][1][safepoint    ] Safepoint "RevokeBias", Time since last: 72535042 ns, Reaching safepoint: 2262417 ns, At safepoint: 363833 ns, Total: 2626250 ns
[2022-09-04T00:12:55.005+0000][1][safepoint    ] Safepoint "RevokeBias", Time since last: 67798875 ns, Reaching safepoint: 5890667 ns, At safepoint: 172208 ns, Total: 6062875 ns
[2022-09-04T00:12:55.011+0000][1][safepoint    ] Safepoint "RevokeBias", Time since last: 3064167 ns, Reaching safepoint: 2521416 ns, At safepoint: 455542 ns, Total: 2976958 ns
[2022-09-04T00:12:55.019+0000][1][safepoint    ] Safepoint "RevokeBias", Time since last: 1891417 ns, Reaching safepoint: 4730583 ns, At safepoint: 1917167 ns, Total: 6647750 ns
[2022-09-04T00:12:55.025+0000][1][safepoint    ] Safepoint "RevokeBias", Time since last: 1330583 ns, Reaching safepoint: 3002708 ns, At safepoint: 902250 ns, Total: 3904958 ns
[2022-09-04T00:12:55.031+0000][1][safepoint    ] Safepoint "RevokeBias", Time since last: 1692000 ns, Reaching safepoint: 4319084 ns, At safepoint: 268625 ns, Total: 4587709 ns
[2022-09-04T00:12:55.041+0000][1][safepoint    ] Safepoint "RevokeBias", Time since last: 4902833 ns, Reaching safepoint: 4079125 ns, At safepoint: 1469625 ns, Total: 5548750 ns
[2022-09-04T00:12:55.045+0000][1][safepoint    ] Safepoint "RevokeBias", Time since last: 2943542 ns, Reaching safepoint: 1013583 ns, At safepoint: 125417 ns, Total: 1139000 ns
[2022-09-04T00:12:55.070+0000][1][safepoint    ] Safepoint "RevokeBias", Time since last: 22487208 ns, Reaching safepoint: 1735833 ns, At safepoint: 564542 ns, Total: 2300375 ns
[2022-09-04T00:12:55.150+0000][1][safepoint    ] Safepoint "RevokeBias", Time since last: 79082042 ns, Reaching safepoint: 941416 ns, At safepoint: 151667 ns, Total: 1093083 ns
[2022-09-04T00:12:55.224+0000][1][gc,heap,exit ] Heap
[2022-09-04T00:12:55.227+0000][1][gc,heap,exit ]  par new generation   total 157248K, used 110946K [0x00000000e0000000, 0x00000000eaaa0000, 0x00000000eaaa0000)
[2022-09-04T00:12:55.228+0000][1][gc,heap,exit ]   eden space 139776K,  66% used [0x00000000e0000000, 0x00000000e5b48a50, 0x00000000e8880000)
[2022-09-04T00:12:55.230+0000][1][gc,heap,exit ]   from space 17472K, 100% used [0x00000000e9990000, 0x00000000eaaa0000, 0x00000000eaaa0000)
[2022-09-04T00:12:55.232+0000][1][gc,heap,exit ]   to   space 17472K,   0% used [0x00000000e8880000, 0x00000000e8880000, 0x00000000e9990000)
[2022-09-04T00:12:55.233+0000][1][gc,heap,exit ]  concurrent mark-sweep generation total 349568K, used 23243K [0x00000000eaaa0000, 0x0000000100000000, 0x0000000100000000)
[2022-09-04T00:12:55.235+0000][1][gc,heap,exit ]  Metaspace       used 33917K, capacity 36482K, committed 36856K, reserved 1081344K
[2022-09-04T00:12:55.237+0000][1][gc,heap,exit ]   class space    used 4345K, capacity 5230K, committed 5368K, reserved 1048576K
